250, 311296, 0, 0, 0
350, 368640, 0, 0, 0
450, 368640, 0, 0, 0
550, 327680, 0, 0, 0
650, 368640, 0, 0, 0
749, 330989, 0, 0, 0
849, 368640, 0, 0, 0
949, 327680, 0, 0, 0
1050, 368640, 0, 0, 0
1150, 368640, 0, 0, 0
1249, 330989, 0, 0, 0
1349, 327680, 0, 0, 0
1449, 327680, 0, 0, 0
1549, 327680, 0, 0, 0
1649, 368640, 0, 0, 0
1750, 368640, 0, 0, 0
1850, 368640, 0, 0, 0
1950, 327680, 0, 0, 0
2050, 327680, 0, 0, 0
2150, 286720, 0, 0, 0
2249, 372363, 0, 0, 0
2349, 327680, 0, 0, 0
2450, 368640, 0, 0, 0
2550, 327680, 0, 0, 0
2650, 286720, 0, 0, 0
2749, 330989, 0, 0, 0
2849, 327680, 0, 0, 0
2949, 368640, 0, 0, 0
3049, 368640, 0, 0, 0
3149, 327680, 0, 0, 0
3250, 368640, 0, 0, 0
3350, 327680, 0, 0, 0
3450, 327680, 0, 0, 0
3550, 368640, 0, 0, 0
3650, 368640, 0, 0, 0
3749, 289616, 0, 0, 0
3850, 368640, 0, 0, 0
3950, 327680, 0, 0, 0
4050, 368640, 0, 0, 0
4150, 368640, 0, 0, 0
4249, 372363, 0, 0, 0
4349, 327680, 0, 0, 0
4449, 368640, 0, 0, 0
4549, 327680, 0, 0, 0
4649, 368640, 0, 0, 0
4750, 327680, 0, 0, 0
4850, 327680, 0, 0, 0
4950, 368640, 0, 0, 0
5050, 327680, 0, 0, 0
5150, 327680, 0, 0, 0
5249, 330989, 0, 0, 0
5349, 327680, 0, 0, 0
5450, 368640, 0, 0, 0
5550, 327680, 0, 0, 0
5650, 368640, 0, 0, 0
5749, 330989, 0, 0, 0
5849, 327680, 0, 0, 0
5949, 368640, 0, 0, 0
6049, 327680, 0, 0, 0
6150, 327680, 0, 0, 0
6249, 372363, 0, 0, 0
6349, 368640, 0, 0, 0
6449, 368640, 0, 0, 0
6549, 327680, 0, 0, 0
6649, 368640, 0, 0, 0
6749, 327680, 0, 0, 0
6850, 368640, 0, 0, 0
6950, 327680, 0, 0, 0
7050, 368640, 0, 0, 0
7150, 368640, 0, 0, 0
7249, 372363, 0, 0, 0
7349, 327680, 0, 0, 0
7449, 368640, 0, 0, 0
7549, 368640, 0, 0, 0
7649, 286720, 0, 0, 0
7750, 368640, 0, 0, 0
7850, 327680, 0, 0, 0
7950, 368640, 0, 0, 0
8050, 368640, 0, 0, 0
8150, 327680, 0, 0, 0
8249, 289616, 0, 0, 0
8349, 327680, 0, 0, 0
8449, 327680, 0, 0, 0
8550, 327680, 0, 0, 0
8650, 368640, 0, 0, 0
8749, 330989, 0, 0, 0
8849, 327680, 0, 0, 0
8949, 327680, 0, 0, 0
9049, 327680, 0, 0, 0
9150, 368640, 0, 0, 0
9249, 330989, 0, 0, 0
9349, 327680, 0, 0, 0
9449, 327680, 0, 0, 0
9549, 327680, 0, 0, 0
9649, 368640, 0, 0, 0
9749, 327680, 0, 0, 0
9849, 368640, 0, 0, 0
9950, 368640, 0, 0, 0
10050, 327680, 0, 0, 0
10150, 368640, 0, 0, 0
10249, 330989, 0, 0, 0
10349, 327680, 0, 0, 0
10449, 368640, 0, 0, 0
10549, 327680, 0, 0, 0
10649, 368640, 0, 0, 0
10750, 327680, 0, 0, 0
10850, 327680, 0, 0, 0
10950, 327680, 0, 0, 0
11050, 368640, 0, 0, 0
11150, 327680, 0, 0, 0
11249, 330989, 0, 0, 0
11349, 327680, 0, 0, 0
11449, 368640, 0, 0, 0
11550, 368640, 0, 0, 0
11650, 327680, 0, 0, 0
11749, 330989, 0, 0, 0
11849, 368640, 0, 0, 0
11949, 368640, 0, 0, 0
12049, 327680, 0, 0, 0
12149, 327680, 0, 0, 0
12250, 368640, 0, 0, 0
12350, 368640, 0, 0, 0
12450, 368640, 0, 0, 0
12550, 368640, 0, 0, 0
12650, 327680, 0, 0, 0
12749, 330989, 0, 0, 0
12849, 368640, 0, 0, 0
12949, 327680, 0, 0, 0
13049, 368640, 0, 0, 0
13150, 327680, 0, 0, 0
13249, 372363, 0, 0, 0
13349, 368640, 0, 0, 0
13449, 368640, 0, 0, 0
13549, 286720, 0, 0, 0
13649, 327680, 0, 0, 0
13749, 368640, 0, 0, 0
13849, 286720, 0, 0, 0
13950, 327680, 0, 0, 0
14050, 327680, 0, 0, 0
14150, 327680, 0, 0, 0
14249, 413737, 0, 0, 0
14349, 327680, 0, 0, 0
14449, 409600, 0, 0, 0
14550, 327680, 0, 0, 0
14650, 368640, 0, 0, 0
14749, 330989, 0, 0, 0
14849, 368640, 0, 0, 0
14949, 327680, 0, 0, 0
15049, 327680, 0, 0, 0
15149, 327680, 0, 0, 0
15250, 327680, 0, 0, 0
15350, 327680, 0, 0, 0
15450, 368640, 0, 0, 0
15550, 327680, 0, 0, 0
15650, 368640, 0, 0, 0
15749, 330989, 0, 0, 0
15849, 327680, 0, 0, 0
15949, 327680, 0, 0, 0
16050, 409600, 0, 0, 0
16150, 368640, 0, 0, 0
16249, 330989, 0, 0, 0
16349, 327680, 0, 0, 0
16449, 286720, 0, 0, 0
16550, 409600, 0, 0, 0
16650, 327680, 0, 0, 0
16749, 289616, 0, 0, 0
16849, 368640, 0, 0, 0
16949, 327680, 0, 0, 0
17049, 368640, 0, 0, 0
17149, 368640, 0, 0, 0
17249, 368640, 0, 0, 0
17349, 368640, 0, 0, 0
17450, 327680, 0, 0, 0
17550, 327680, 0, 0, 0
17650, 368640, 0, 0, 0
17749, 372363, 0, 0, 0
17849, 286720, 0, 0, 0
17950, 327680, 0, 0, 0
18050, 368640, 0, 0, 0
18150, 368640, 0, 0, 0
18249, 372363, 0, 0, 0
18349, 327680, 0, 0, 0
18449, 368640, 0, 0, 0
18550, 286720, 0, 0, 0
18650, 368640, 0, 0, 0
18749, 330989, 0, 0, 0
18849, 368640, 0, 0, 0
18949, 327680, 0, 0, 0
19049, 368640, 0, 0, 0
19149, 368640, 0, 0, 0
19250, 368640, 0, 0, 0
19350, 368640, 0, 0, 0
19450, 286720, 0, 0, 0
19550, 368640, 0, 0, 0
19650, 368640, 0, 0, 0
19749, 372363, 0, 0, 0
19849, 327680, 0, 0, 0
19950, 368640, 0, 0, 0
20050, 286720, 0, 0, 0
20150, 409600, 0, 0, 0
20249, 372363, 0, 0, 0
20349, 327680, 0, 0, 0
20449, 327680, 0, 0, 0
20550, 368640, 0, 0, 0
20650, 286720, 0, 0, 0
20749, 330989, 0, 0, 0
20849, 368640, 0, 0, 0
20949, 368640, 0, 0, 0
21049, 327680, 0, 0, 0
21149, 327680, 0, 0, 0
21250, 368640, 0, 0, 0
21350, 327680, 0, 0, 0
21450, 368640, 0, 0, 0
21550, 368640, 0, 0, 0
21650, 327680, 0, 0, 0
21749, 372363, 0, 0, 0
21849, 368640, 0, 0, 0
21950, 368640, 0, 0, 0
22050, 368640, 0, 0, 0
22150, 368640, 0, 0, 0
22249, 330989, 0, 0, 0
22349, 368640, 0, 0, 0
22449, 368640, 0, 0, 0
22550, 327680, 0, 0, 0
22650, 327680, 0, 0, 0
22749, 372363, 0, 0, 0
22849, 368640, 0, 0, 0
22949, 327680, 0, 0, 0
23049, 327680, 0, 0, 0
23149, 368640, 0, 0, 0
23250, 327680, 0, 0, 0
23350, 327680, 0, 0, 0
23450, 368640, 0, 0, 0
23550, 286720, 0, 0, 0
23650, 368640, 0, 0, 0
23749, 289616, 0, 0, 0
23849, 368640, 0, 0, 0
23949, 368640, 0, 0, 0
24050, 286720, 0, 0, 0
24150, 368640, 0, 0, 0
24249, 330989, 0, 0, 0
24349, 327680, 0, 0, 0
24449, 327680, 0, 0, 0
24549, 368640, 0, 0, 0
24649, 409600, 0, 0, 0
24750, 368640, 0, 0, 0
24850, 368640, 0, 0, 0
24950, 327680, 0, 0, 0
25050, 409600, 0, 0, 0
25150, 286720, 0, 0, 0
25249, 372363, 0, 0, 0
25349, 368640, 0, 0, 0
25449, 327680, 0, 0, 0
25550, 409600, 0, 0, 0
25650, 368640, 0, 0, 0
25749, 372363, 0, 0, 0
25849, 368640, 0, 0, 0
25949, 450560, 0, 0, 0
26049, 327680, 0, 0, 0
26149, 409600, 0, 0, 0
26250, 368640, 0, 0, 0
26350, 368640, 0, 0, 0
26450, 368640, 0, 0, 0
26550, 409600, 0, 0, 0
26650, 327680, 0, 0, 0
26749, 372363, 0, 0, 0
26849, 327680, 0, 0, 0
26950, 409600, 0, 0, 0
27050, 368640, 0, 0, 0
27150, 327680, 0, 0, 0
27249, 413737, 0, 0, 0
27349, 409600, 0, 0, 0
27449, 327680, 0, 0, 0
27549, 409600, 0, 0, 0
27649, 327680, 0, 0, 0
27750, 409600, 0, 0, 0
27850, 368640, 0, 0, 0
27950, 450560, 0, 0, 0
28050, 286720, 0, 0, 0
28150, 368640, 0, 0, 0
28249, 330989, 0, 0, 0
28350, 327680, 0, 0, 0
28450, 368640, 0, 0, 0
28550, 409600, 0, 0, 0
28650, 368640, 0, 0, 0
28749, 413737, 0, 0, 0
28849, 409600, 0, 0, 0
28949, 409600, 0, 0, 0
29050, 368640, 0, 0, 0
29150, 368640, 0, 0, 0
29249, 372363, 0, 0, 0
29349, 368640, 0, 0, 0
29449, 368640, 0, 0, 0
29549, 368640, 0, 0, 0
29649, 368640, 0, 0, 0
29750, 327680, 0, 0, 0
29850, 368640, 0, 0, 0
29950, 327680, 0, 0, 0
30050, 450560, 0, 0, 0
30150, 368640, 0, 0, 0
30249, 413737, 0, 0, 0
30349, 327680, 0, 0, 0
30449, 327680, 0, 0, 0
30549, 368640, 0, 0, 0
30650, 409600, 0, 0, 0
30749, 372363, 0, 0, 0
30849, 368640, 0, 0, 0
30949, 327680, 0, 0, 0
31049, 409600, 0, 0, 0
31149, 327680, 0, 0, 0
31249, 368640, 0, 0, 0
31350, 368640, 0, 0, 0
31450, 368640, 0, 0, 0
31550, 368640, 0, 0, 0
31650, 409600, 0, 0, 0
31749, 372363, 0, 0, 0
31849, 327680, 0, 0, 0
31949, 450560, 0, 0, 0
32049, 409600, 0, 0, 0
32150, 327680, 0, 0, 0
32249, 372363, 0, 0, 0
32349, 409600, 0, 0, 0
32449, 368640, 0, 0, 0
32549, 368640, 0, 0, 0
32649, 368640, 0, 0, 0
32750, 409600, 0, 0, 0
32850, 409600, 0, 0, 0
32950, 368640, 0, 0, 0
33050, 368640, 0, 0, 0
33150, 409600, 0, 0, 0
33249, 330989, 0, 0, 0
33349, 409600, 0, 0, 0
33449, 409600, 0, 0, 0
33550, 327680, 0, 0, 0
33650, 409600, 0, 0, 0
33749, 330989, 0, 0, 0
33849, 368640, 0, 0, 0
33949, 327680, 0, 0, 0
34049, 409600, 0, 0, 0
34149, 368640, 0, 0, 0
34250, 327680, 0, 0, 0
34350, 368640, 0, 0, 0
34450, 327680, 0, 0, 0
34550, 450560, 0, 0, 0
34650, 368640, 0, 0, 0
34749, 413737, 0, 0, 0
34849, 409600, 0, 0, 0
34949, 409600, 0, 0, 0
35050, 327680, 0, 0, 0
35150, 368640, 0, 0, 0
35249, 372363, 0, 0, 0
35349, 327680, 0, 0, 0
35449, 368640, 0, 0, 0
35549, 327680, 0, 0, 0
35649, 409600, 0, 0, 0
35749, 409600, 0, 0, 0
35850, 368640, 0, 0, 0
35950, 368640, 0, 0, 0
36050, 368640, 0, 0, 0
36150, 327680, 0, 0, 0
36249, 372363, 0, 0, 0
36349, 409600, 0, 0, 0
36449, 368640, 0, 0, 0
36550, 368640, 0, 0, 0
36650, 368640, 0, 0, 0
36749, 413737, 0, 0, 0
36849, 368640, 0, 0, 0
36949, 409600, 0, 0, 0
37049, 327680, 0, 0, 0
37149, 368640, 0, 0, 0
37250, 409600, 0, 0, 0
37350, 368640, 0, 0, 0
37450, 409600, 0, 0, 0
37550, 409600, 0, 0, 0
37650, 368640, 0, 0, 0
37749, 330989, 0, 0, 0
37849, 409600, 0, 0, 0
37950, 286720, 0, 0, 0
38050, 368640, 0, 0, 0
38150, 368640, 0, 0, 0
38249, 330989, 0, 0, 0
38349, 368640, 0, 0, 0
38449, 368640, 0, 0, 0
38549, 327680, 0, 0, 0
38649, 368640, 0, 0, 0
38749, 327680, 0, 0, 0
38850, 368640, 0, 0, 0
38950, 368640, 0, 0, 0
39050, 327680, 0, 0, 0
39150, 368640, 0, 0, 0
39249, 413737, 0, 0, 0
39349, 327680, 0, 0, 0
39449, 327680, 0, 0, 0
39550, 327680, 0, 0, 0
39650, 368640, 0, 0, 0
39749, 330989, 0, 0, 0
39849, 409600, 0, 0, 0
39949, 327680, 0, 0, 0
40049, 327680, 0, 0, 0
40149, 327680, 0, 0, 0
40249, 409600, 0, 0, 0
40350, 327680, 0, 0, 0
40450, 327680, 0, 0, 0
40550, 368640, 0, 0, 0
40650, 368640, 0, 0, 0
40749, 330989, 0, 0, 0
40849, 368640, 0, 0, 0
40949, 327680, 0, 0, 0
41049, 327680, 0, 0, 0
41149, 368640, 0, 0, 0
41249, 372363, 0, 0, 0
41349, 327680, 0, 0, 0
41449, 368640, 0, 0, 0
41549, 368640, 0, 0, 0
41649, 368640, 0, 0, 0
41749, 368640, 0, 0, 0
41849, 327680, 0, 0, 0
41949, 368640, 0, 0, 0
42050, 368640, 0, 0, 0
42150, 368640, 0, 0, 0
42249, 372363, 0, 0, 0
42349, 368640, 0, 0, 0
42449, 327680, 0, 0, 0
42549, 409600, 0, 0, 0
42649, 409600, 0, 0, 0
42749, 327680, 0, 0, 0
42850, 368640, 0, 0, 0
42950, 327680, 0, 0, 0
43050, 327680, 0, 0, 0
43150, 368640, 0, 0, 0
43249, 330989, 0, 0, 0
43349, 368640, 0, 0, 0
43449, 409600, 0, 0, 0
43550, 286720, 0, 0, 0
43650, 368640, 0, 0, 0
43749, 330989, 0, 0, 0
43849, 368640, 0, 0, 0
43949, 327680, 0, 0, 0
44049, 368640, 0, 0, 0
44150, 327680, 0, 0, 0
44249, 330989, 0, 0, 0
44349, 327680, 0, 0, 0
44449, 368640, 0, 0, 0
44549, 327680, 0, 0, 0
44649, 368640, 0, 0, 0
44749, 327680, 0, 0, 0
44850, 368640, 0, 0, 0
44950, 327680, 0, 0, 0
45050, 409600, 0, 0, 0
45150, 368640, 0, 0, 0
45249, 372363, 0, 0, 0
45349, 327680, 0, 0, 0
45449, 368640, 0, 0, 0
45549, 327680, 0, 0, 0
45650, 368640, 0, 0, 0
45749, 330989, 0, 0, 0
45849, 368640, 0, 0, 0
45949, 368640, 0, 0, 0
46049, 327680, 0, 0, 0
46149, 368640, 0, 0, 0
46249, 368640, 0, 0, 0
46350, 368640, 0, 0, 0
46450, 409600, 0, 0, 0
46550, 368640, 0, 0, 0
46650, 286720, 0, 0, 0
46749, 372363, 0, 0, 0
46849, 327680, 0, 0, 0
46949, 327680, 0, 0, 0
47050, 368640, 0, 0, 0
47150, 327680, 0, 0, 0
47249, 413737, 0, 0, 0
47349, 368640, 0, 0, 0
47449, 327680, 0, 0, 0
47549, 368640, 0, 0, 0
47649, 327680, 0, 0, 0
47749, 368640, 0, 0, 0
47849, 409600, 0, 0, 0
47949, 286720, 0, 0, 0
48050, 368640, 0, 0, 0
48150, 368640, 0, 0, 0
48249, 372363, 0, 0, 0
48349, 368640, 0, 0, 0
48449, 368640, 0, 0, 0
48549, 368640, 0, 0, 0
48649, 327680, 0, 0, 0
48750, 368640, 0, 0, 0
48850, 368640, 0, 0, 0
48950, 327680, 0, 0, 0
49050, 368640, 0, 0, 0
49150, 368640, 0, 0, 0
49249, 330989, 0, 0, 0
49349, 368640, 0, 0, 0
49449, 327680, 0, 0, 0
49550, 368640, 0, 0, 0
49650, 327680, 0, 0, 0
49749, 372363, 0, 0, 0
49849, 409600, 0, 0, 0
49949, 327680, 0, 0, 0
50049, 409600, 0, 0, 0
50149, 409600, 0, 0, 0
50250, 327680, 0, 0, 0
50350, 368640, 0, 0, 0
50450, 327680, 0, 0, 0
50550, 409600, 0, 0, 0
50650, 368640, 0, 0, 0
50749, 372363, 0, 0, 0
50849, 409600, 0, 0, 0
50949, 368640, 0, 0, 0
51050, 368640, 0, 0, 0
51150, 368640, 0, 0, 0
51249, 330989, 0, 0, 0
51349, 409600, 0, 0, 0
51449, 368640, 0, 0, 0
51549, 368640, 0, 0, 0
51649, 327680, 0, 0, 0
51750, 327680, 0, 0, 0
51850, 327680, 0, 0, 0
51950, 327680, 0, 0, 0
52050, 368640, 0, 0, 0
52150, 368640, 0, 0, 0
52249, 372363, 0, 0, 0
52350, 286720, 0, 0, 0
52450, 368640, 0, 0, 0
52550, 409600, 0, 0, 0
52650, 368640, 0, 0, 0
52749, 330989, 0, 0, 0
52849, 368640, 0, 0, 0
52949, 368640, 0, 0, 0
53049, 368640, 0, 0, 0
53149, 368640, 0, 0, 0
53249, 289616, 0, 0, 0
53349, 409600, 0, 0, 0
53449, 327680, 0, 0, 0
53549, 368640, 0, 0, 0
53649, 286720, 0, 0, 0
53749, 368640, 0, 0, 0
53850, 368640, 0, 0, 0
53950, 327680, 0, 0, 0
54050, 368640, 0, 0, 0
54150, 368640, 0, 0, 0
54249, 372363, 0, 0, 0
54349, 327680, 0, 0, 0
54449, 327680, 0, 0, 0
54549, 368640, 0, 0, 0
54649, 327680, 0, 0, 0
54750, 368640, 0, 0, 0
54850, 368640, 0, 0, 0
54950, 286720, 0, 0, 0
55050, 368640, 0, 0, 0
55150, 368640, 0, 0, 0
55249, 330989, 0, 0, 0
55349, 368640, 0, 0, 0
55449, 409600, 0, 0, 0
55550, 368640, 0, 0, 0
55650, 327680, 0, 0, 0
55749, 372363, 0, 0, 0
55849, 368640, 0, 0, 0
55949, 327680, 0, 0, 0
56049, 327680, 0, 0, 0
56149, 327680, 0, 0, 0
56249, 286720, 0, 0, 0
56350, 327680, 0, 0, 0
56450, 327680, 0, 0, 0
56550, 409600, 0, 0, 0
56650, 327680, 0, 0, 0
56749, 330989, 0, 0, 0
56849, 368640, 0, 0, 0
56949, 327680, 0, 0, 0
57049, 327680, 0, 0, 0
57149, 286720, 0, 0, 0
57250, 409600, 0, 0, 0
57350, 327680, 0, 0, 0
57450, 368640, 0, 0, 0
57550, 368640, 0, 0, 0
57650, 368640, 0, 0, 0
57749, 372363, 0, 0, 0
57849, 327680, 0, 0, 0
57949, 368640, 0, 0, 0
58050, 327680, 0, 0, 0
58150, 368640, 0, 0, 0
58249, 372363, 0, 0, 0
58349, 286720, 0, 0, 0
58449, 368640, 0, 0, 0
58549, 286720, 0, 0, 0
58649, 409600, 0, 0, 0
58749, 327680, 0, 0, 0
58849, 368640, 0, 0, 0
58950, 368640, 0, 0, 0
59050, 327680, 0, 0, 0
59150, 368640, 0, 0, 0
59249, 372363, 0, 0, 0
59349, 368640, 0, 0, 0
59449, 327680, 0, 0, 0
59549, 327680, 0, 0, 0
59650, 327680, 0, 0, 0
59749, 330989, 0, 0, 0
59849, 286720, 0, 0, 0
59949, 327680, 0, 0, 0
60049, 368640, 0, 0, 0
60149, 368640, 0, 0, 0
60250, 368640, 0, 0, 0
60350, 368640, 0, 0, 0
60450, 327680, 0, 0, 0
60550, 327680, 0, 0, 0
60650, 368640, 0, 0, 0
60749, 372363, 0, 0, 0
60849, 368640, 0, 0, 0
60949, 327680, 0, 0, 0
61050, 368640, 0, 0, 0
61150, 368640, 0, 0, 0
61249, 330989, 0, 0, 0
61349, 368640, 0, 0, 0
61449, 327680, 0, 0, 0
61549, 368640, 0, 0, 0
61649, 368640, 0, 0, 0
61749, 368640, 0, 0, 0
61850, 286720, 0, 0, 0
61950, 327680, 0, 0, 0
62050, 368640, 0, 0, 0
62150, 368640, 0, 0, 0
62249, 330989, 0, 0, 0
62349, 327680, 0, 0, 0
62449, 368640, 0, 0, 0
62549, 327680, 0, 0, 0
62649, 368640, 0, 0, 0
62750, 327680, 0, 0, 0
62850, 327680, 0, 0, 0
62950, 327680, 0, 0, 0
63050, 327680, 0, 0, 0
63150, 327680, 0, 0, 0
63249, 413737, 0, 0, 0
63349, 368640, 0, 0, 0
63449, 368640, 0, 0, 0
63550, 368640, 0, 0, 0
63650, 368640, 0, 0, 0
63749, 330989, 0, 0, 0
63849, 368640, 0, 0, 0
63949, 368640, 0, 0, 0
64049, 327680, 0, 0, 0
64149, 368640, 0, 0, 0
64249, 327680, 0, 0, 0
64349, 368640, 0, 0, 0
64450, 327680, 0, 0, 0
64550, 368640, 0, 0, 0
64650, 327680, 0, 0, 0
64749, 330989, 0, 0, 0
64849, 327680, 0, 0, 0
64949, 368640, 0, 0, 0
65050, 327680, 0, 0, 0
65150, 368640, 0, 0, 0
65249, 330989, 0, 0, 0
65349, 409600, 0, 0, 0
65449, 368640, 0, 0, 0
65550, 368640, 0, 0, 0
65650, 368640, 0, 0, 0
65749, 330989, 0, 0, 0
65849, 368640, 0, 0, 0
65949, 368640, 0, 0, 0
66049, 245760, 0, 0, 0
66149, 368640, 0, 0, 0
66250, 327680, 0, 0, 0
66350, 368640, 0, 0, 0
66450, 327680, 0, 0, 0
66550, 368640, 0, 0, 0
66650, 368640, 0, 0, 0
66749, 372363, 0, 0, 0
66849, 327680, 0, 0, 0
66949, 409600, 0, 0, 0
67050, 327680, 0, 0, 0
67150, 368640, 0, 0, 0
67249, 372363, 0, 0, 0
67349, 368640, 0, 0, 0
67449, 327680, 0, 0, 0
67549, 327680, 0, 0, 0
67649, 368640, 0, 0, 0
67750, 368640, 0, 0, 0
67850, 368640, 0, 0, 0
67950, 327680, 0, 0, 0
68050, 368640, 0, 0, 0
68150, 368640, 0, 0, 0
68250, 330989, 0, 0, 0
68350, 327680, 0, 0, 0
68450, 368640, 0, 0, 0
68550, 327680, 0, 0, 0
68650, 327680, 0, 0, 0
68749, 372363, 0, 0, 0
68850, 327680, 0, 0, 0
68950, 327680, 0, 0, 0
69050, 368640, 0, 0, 0
69150, 245760, 0, 0, 0
69249, 372363, 0, 0, 0
69349, 368640, 0, 0, 0
69449, 368640, 0, 0, 0
69550, 327680, 0, 0, 0
69650, 327680, 0, 0, 0
69749, 413737, 0, 0, 0
69849, 368640, 0, 0, 0
69949, 368640, 0, 0, 0
70049, 327680, 0, 0, 0
70149, 368640, 0, 0, 0
70250, 368640, 0, 0, 0
70350, 368640, 0, 0, 0
70450, 368640, 0, 0, 0
70550, 368640, 0, 0, 0
70650, 368640, 0, 0, 0
70749, 372363, 0, 0, 0
70849, 327680, 0, 0, 0
70949, 368640, 0, 0, 0
71049, 368640, 0, 0, 0
71149, 368640, 0, 0, 0
71249, 372363, 0, 0, 0
71349, 327680, 0, 0, 0
71449, 327680, 0, 0, 0
71549, 368640, 0, 0, 0
71649, 368640, 0, 0, 0
71749, 286720, 0, 0, 0
71849, 327680, 0, 0, 0
71949, 368640, 0, 0, 0
72050, 327680, 0, 0, 0
72150, 368640, 0, 0, 0
72249, 330989, 0, 0, 0
72349, 368640, 0, 0, 0
72449, 286720, 0, 0, 0
72549, 368640, 0, 0, 0
72649, 327680, 0, 0, 0
72749, 327680, 0, 0, 0
72849, 368640, 0, 0, 0
72950, 368640, 0, 0, 0
73050, 368640, 0, 0, 0
73150, 327680, 0, 0, 0
73249, 330989, 0, 0, 0
73349, 327680, 0, 0, 0
73449, 327680, 0, 0, 0
73549, 286720, 0, 0, 0
73649, 368640, 0, 0, 0
73750, 368640, 0, 0, 0
73850, 409600, 0, 0, 0
73950, 286720, 0, 0, 0
74050, 327680, 0, 0, 0
74150, 327680, 0, 0, 0
74249, 330989, 0, 0, 0
74349, 368640, 0, 0, 0
74450, 327680, 0, 0, 0
74550, 327680, 0, 0, 0
74650, 368640, 0, 0, 0
74749, 330989, 0, 0, 0
74849, 286720, 0, 0, 0
74949, 327680, 0, 0, 0
75049, 327680, 0, 0, 0
75149, 327680, 0, 0, 0
75249, 368640, 0, 0, 0
75349, 327680, 0, 0, 0
75450, 368640, 0, 0, 0
75550, 368640, 0, 0, 0
75650, 327680, 0, 0, 0
75749, 330989, 0, 0, 0
75849, 327680, 0, 0, 0
75949, 327680, 0, 0, 0
76049, 327680, 0, 0, 0
76149, 368640, 0, 0, 0
76250, 368640, 0, 0, 0
76350, 327680, 0, 0, 0
76450, 286720, 0, 0, 0
76550, 368640, 0, 0, 0
76650, 327680, 0, 0, 0
76749, 330989, 0, 0, 0
76849, 327680, 0, 0, 0
76950, 368640, 0, 0, 0
77050, 286720, 0, 0, 0
77150, 368640, 0, 0, 0
77249, 330989, 0, 0, 0
77349, 327680, 0, 0, 0
77449, 286720, 0, 0, 0
77549, 327680, 0, 0, 0
77649, 327680, 0, 0, 0
77749, 327680, 0, 0, 0
77850, 327680, 0, 0, 0
77950, 327680, 0, 0, 0
78050, 286720, 0, 0, 0
78150, 368640, 0, 0, 0
78249, 330989, 0, 0, 0
78349, 368640, 0, 0, 0
78449, 327680, 0, 0, 0
78550, 368640, 0, 0, 0
78650, 327680, 0, 0, 0
78749, 330989, 0, 0, 0
78849, 368640, 0, 0, 0
78949, 368640, 0, 0, 0
79049, 286720, 0, 0, 0
79149, 327680, 0, 0, 0
79249, 327680, 0, 0, 0
79349, 368640, 0, 0, 0
79449, 286720, 0, 0, 0
79550, 368640, 0, 0, 0
79650, 327680, 0, 0, 0
79749, 330989, 0, 0, 0
79849, 327680, 0, 0, 0
79949, 286720, 0, 0, 0
80049, 286720, 0, 0, 0
80149, 368640, 0, 0, 0
80250, 327680, 0, 0, 0
80350, 327680, 0, 0, 0
80450, 327680, 0, 0, 0
80550, 327680, 0, 0, 0
80650, 327680, 0, 0, 0
80749, 330989, 0, 0, 0
80849, 327680, 0, 0, 0
80949, 327680, 0, 0, 0
81049, 286720, 0, 0, 0
81149, 327680, 0, 0, 0
81250, 368640, 0, 0, 0
81350, 368640, 0, 0, 0
81450, 327680, 0, 0, 0
81550, 368640, 0, 0, 0
81650, 327680, 0, 0, 0
81749, 372363, 0, 0, 0
81849, 327680, 0, 0, 0
81949, 327680, 0, 0, 0
82050, 368640, 0, 0, 0
82150, 327680, 0, 0, 0
82249, 372363, 0, 0, 0
82349, 286720, 0, 0, 0
82449, 409600, 0, 0, 0
82549, 368640, 0, 0, 0
82649, 327680, 0, 0, 0
82749, 327680, 0, 0, 0
82849, 368640, 0, 0, 0
82949, 327680, 0, 0, 0
83050, 368640, 0, 0, 0
83150, 327680, 0, 0, 0
83249, 330989, 0, 0, 0
83349, 368640, 0, 0, 0
83449, 327680, 0, 0, 0
83549, 327680, 0, 0, 0
83649, 368640, 0, 0, 0
83749, 368640, 0, 0, 0
83849, 286720, 0, 0, 0
83949, 286720, 0, 0, 0
84050, 368640, 0, 0, 0
84150, 327680, 0, 0, 0
84249, 330989, 0, 0, 0
84349, 327680, 0, 0, 0
84449, 327680, 0, 0, 0
84549, 368640, 0, 0, 0
84649, 368640, 0, 0, 0
84750, 327680, 0, 0, 0
84850, 368640, 0, 0, 0
84950, 327680, 0, 0, 0
85050, 327680, 0, 0, 0
85150, 368640, 0, 0, 0
85249, 372363, 0, 0, 0
85349, 286720, 0, 0, 0
85449, 368640, 0, 0, 0
85549, 409600, 0, 0, 0
85650, 327680, 0, 0, 0
85749, 372363, 0, 0, 0
85849, 286720, 0, 0, 0
85949, 368640, 0, 0, 0
86049, 368640, 0, 0, 0
86149, 368640, 0, 0, 0
86249, 327680, 0, 0, 0
86349, 368640, 0, 0, 0
86450, 368640, 0, 0, 0
86550, 368640, 0, 0, 0
86650, 409600, 0, 0, 0
86749, 330989, 0, 0, 0
86849, 327680, 0, 0, 0
86949, 327680, 0, 0, 0
87049, 409600, 0, 0, 0
87149, 327680, 0, 0, 0
87250, 368640, 0, 0, 0
87350, 327680, 0, 0, 0
87450, 368640, 0, 0, 0
87550, 368640, 0, 0, 0
87650, 368640, 0, 0, 0
87749, 289616, 0, 0, 0
87849, 409600, 0, 0, 0
87949, 327680, 0, 0, 0
88050, 368640, 0, 0, 0
88150, 327680, 0, 0, 0
88249, 330989, 0, 0, 0
88349, 327680, 0, 0, 0
88449, 368640, 0, 0, 0
88549, 327680, 0, 0, 0
88649, 327680, 0, 0, 0
88749, 330989, 0, 0, 0
88849, 368640, 0, 0, 0
88949, 327680, 0, 0, 0
89049, 368640, 0, 0, 0
89149, 286720, 0, 0, 0
89249, 327680, 0, 0, 0
89349, 327680, 0, 0, 0
89449, 327680, 0, 0, 0
89550, 327680, 0, 0, 0
89650, 368640, 0, 0, 0
89749, 289616, 0, 0, 0
89849, 327680, 0, 0, 0
89949, 368640, 0, 0, 0
