250, 1076736, 0, 0, 0
350, 1025280, 0, 0, 0
450, 1294080, 0, 0, 0
550, 1117440, 0, 0, 0
650, 1224960, 0, 0, 0
749, 783515, 0, 0, 0
849, 1259520, 0, 0, 0
949, 764160, 0, 0, 0
1050, 1274880, 0, 0, 0
1150, 910080, 0, 0, 0
1249, 1128727, 0, 0, 0
1349, 1017600, 0, 0, 0
1449, 902400, 0, 0, 0
1549, 1067520, 0, 0, 0
1649, 1224960, 0, 0, 0
1750, 1144320, 0, 0, 0
1850, 1152000, 0, 0, 0
1950, 1224960, 0, 0, 0
2050, 1259520, 0, 0, 0
2150, 1032960, 0, 0, 0
2249, 1318787, 0, 0, 0
2349, 1374720, 0, 0, 0
2449, 1297920, 0, 0, 0
2550, 1224960, 0, 0, 0
2650, 998400, 0, 0, 0
2750, 1098240, 0, 0, 0
2850, 1013760, 0, 0, 0
2950, 1117440, 0, 0, 0
3050, 1221120, 0, 0, 0
3150, 1098240, 0, 0, 0
3249, 1427393, 0, 0, 0
3349, 1248000, 0, 0, 0
3449, 1098240, 0, 0, 0
3549, 1263360, 0, 0, 0
3649, 1486080, 0, 0, 0
3750, 856320, 0, 0, 0
3850, 1282560, 0, 0, 0
3950, 1163520, 0, 0, 0
4050, 1021440, 0, 0, 0
4150, 1236480, 0, 0, 0
4249, 574060, 0, 0, 0
4349, 810240, 0, 0, 0
4449, 1182720, 0, 0, 0
4549, 1086720, 0, 0, 0
4650, 1113600, 0, 0, 0
4750, 810240, 0, 0, 0
4850, 960000, 0, 0, 0
4950, 791040, 0, 0, 0
5050, 1094400, 0, 0, 0
5150, 1294080, 0, 0, 0
5250, 1198545, 0, 0, 0
5350, 1029120, 0, 0, 0
5450, 1209600, 0, 0, 0
5550, 1182720, 0, 0, 0
5650, 921600, 0, 0, 0
5749, 946424, 0, 0, 0
5849, 1082880, 0, 0, 0
5949, 1255680, 0, 0, 0
6049, 1117440, 0, 0, 0
6150, 1244160, 0, 0, 0
6250, 944640, 0, 0, 0
6350, 1098240, 0, 0, 0
6450, 1006080, 0, 0, 0
6550, 1009920, 0, 0, 0
6650, 1244160, 0, 0, 0
6749, 1280000, 0, 0, 0
6849, 1493760, 0, 0, 0
6949, 1344000, 0, 0, 0
7050, 1240320, 0, 0, 0
7150, 1320960, 0, 0, 0
7249, 996848, 0, 0, 0
7349, 1086720, 0, 0, 0
7449, 1132800, 0, 0, 0
7549, 1440000, 0, 0, 0
7649, 760320, 0, 0, 0
7749, 1125120, 0, 0, 0
7849, 840960, 0, 0, 0
7950, 706560, 0, 0, 0
8050, 998400, 0, 0, 0
8150, 913920, 0, 0, 0
8249, 1132606, 0, 0, 0
8349, 1466880, 0, 0, 0
8449, 1397760, 0, 0, 0
8549, 1182720, 0, 0, 0
8649, 883200, 0, 0, 0
8750, 994560, 0, 0, 0
8850, 1013760, 0, 0, 0
8950, 1079040, 0, 0, 0
9050, 1071360, 0, 0, 0
9150, 1244160, 0, 0, 0
9249, 1237333, 0, 0, 0
9349, 1248000, 0, 0, 0
9449, 1393920, 0, 0, 0
9549, 1132800, 0, 0, 0
9650, 1190400, 0, 0, 0
9750, 549120, 0, 0, 0
9850, 1121280, 0, 0, 0
9950, 994560, 0, 0, 0
10050, 1340160, 0, 0, 0
10150, 1025280, 0, 0, 0
10249, 1070545, 0, 0, 0
10349, 1090560, 0, 0, 0
10449, 1048320, 0, 0, 0
10549, 768000, 0, 0, 0
10649, 756480, 0, 0, 0
10750, 222720, 0, 0, 0
10850, 491520, 0, 0, 0
10950, 864000, 0, 0, 0
11050, 645120, 0, 0, 0
11150, 1478400, 0, 0, 0
11249, 903757, 0, 0, 0
11349, 1128960, 0, 0, 0
11449, 990720, 0, 0, 0
11549, 1152000, 0, 0, 0
11649, 587520, 0, 0, 0
11750, 956160, 0, 0, 0
11850, 925440, 0, 0, 0
11950, 1309440, 0, 0, 0
12050, 775680, 0, 0, 0
12150, 1044480, 0, 0, 0
12249, 934787, 0, 0, 0
12349, 1209600, 0, 0, 0
12449, 1213440, 0, 0, 0
12549, 1140480, 0, 0, 0
12649, 971520, 0, 0, 0
12750, 990720, 0, 0, 0
12850, 986880, 0, 0, 0
12950, 887040, 0, 0, 0
13050, 641280, 0, 0, 0
13150, 695040, 0, 0, 0
13249, 911515, 0, 0, 0
13349, 672000, 0, 0, 0
13449, 1086720, 0, 0, 0
13549, 1025280, 0, 0, 0
13650, 1367040, 0, 0, 0
13750, 936960, 0, 0, 0
13850, 956160, 0, 0, 0
13950, 913920, 0, 0, 0
14050, 1044480, 0, 0, 0
14150, 1086720, 0, 0, 0
14249, 1109333, 0, 0, 0
14349, 1194240, 0, 0, 0
14449, 1094400, 0, 0, 0
14550, 867840, 0, 0, 0
14650, 1209600, 0, 0, 0
14749, 1078303, 0, 0, 0
14849, 956160, 0, 0, 0
14949, 1205760, 0, 0, 0
15049, 1144320, 0, 0, 0
15149, 975360, 0, 0, 0
15249, 1025280, 0, 0, 0
15350, 864000, 0, 0, 0
15450, 917760, 0, 0, 0
15550, 1144320, 0, 0, 0
15650, 1171200, 0, 0, 0
15749, 919272, 0, 0, 0
15849, 756480, 0, 0, 0
15949, 871680, 0, 0, 0
16049, 641280, 0, 0, 0
16149, 1102080, 0, 0, 0
16249, 1048320, 0, 0, 0
16349, 733440, 0, 0, 0
16449, 1059840, 0, 0, 0
16550, 1044480, 0, 0, 0
16650, 906240, 0, 0, 0
16749, 659393, 0, 0, 0
16849, 1167360, 0, 0, 0
16949, 910080, 0, 0, 0
17049, 848640, 0, 0, 0
17149, 648960, 0, 0, 0
17250, 1317120, 0, 0, 0
17350, 829440, 0, 0, 0
17450, 856320, 0, 0, 0
17550, 1025280, 0, 0, 0
17650, 1213440, 0, 0, 0
17749, 1221818, 0, 0, 0
17849, 925440, 0, 0, 0
17949, 971520, 0, 0, 0
18049, 860160, 0, 0, 0
18149, 656640, 0, 0, 0
18250, 1213440, 0, 0, 0
18350, 867840, 0, 0, 0
18450, 1032960, 0, 0, 0
18550, 1340160, 0, 0, 0
18650, 1052160, 0, 0, 0
18749, 1225696, 0, 0, 0
18849, 1140480, 0, 0, 0
18949, 1259520, 0, 0, 0
19049, 595200, 0, 0, 0
19149, 1175040, 0, 0, 0
19250, 994560, 0, 0, 0
19350, 1132800, 0, 0, 0
19450, 744960, 0, 0, 0
19550, 1228800, 0, 0, 0
19650, 687360, 0, 0, 0
19749, 853333, 0, 0, 0
19849, 1309440, 0, 0, 0
19949, 537600, 0, 0, 0
20049, 1505280, 0, 0, 0
20150, 1094400, 0, 0, 0
20250, 779520, 0, 0, 0
20350, 940800, 0, 0, 0
20450, 1086720, 0, 0, 0
20550, 656640, 0, 0, 0
20650, 775680, 0, 0, 0
20749, 981333, 0, 0, 0
20849, 875520, 0, 0, 0
20949, 1178880, 0, 0, 0
21050, 1217280, 0, 0, 0
21150, 1194240, 0, 0, 0
21249, 1175272, 0, 0, 0
21349, 783360, 0, 0, 0
21449, 729600, 0, 0, 0
21549, 1248000, 0, 0, 0
21649, 986880, 0, 0, 0
21749, 1128960, 0, 0, 0
21849, 1271040, 0, 0, 0
21950, 840960, 0, 0, 0
22050, 1497600, 0, 0, 0
22150, 1098240, 0, 0, 0
22249, 1027878, 0, 0, 0
22349, 1063680, 0, 0, 0
22449, 1079040, 0, 0, 0
22549, 902400, 0, 0, 0
22649, 983040, 0, 0, 0
22750, 1109760, 0, 0, 0
22850, 829440, 0, 0, 0
22950, 1367040, 0, 0, 0
23050, 871680, 0, 0, 0
23150, 960000, 0, 0, 0
23249, 1117090, 0, 0, 0
23349, 1221120, 0, 0, 0
23449, 1113600, 0, 0, 0
23549, 1121280, 0, 0, 0
23650, 1194240, 0, 0, 0
23750, 1309440, 0, 0, 0
23850, 1152000, 0, 0, 0
23950, 1044480, 0, 0, 0
24050, 1140480, 0, 0, 0
24150, 1155840, 0, 0, 0
24249, 694303, 0, 0, 0
24349, 1090560, 0, 0, 0
24449, 768000, 0, 0, 0
24549, 1171200, 0, 0, 0
24650, 806400, 0, 0, 0
24750, 1244160, 0, 0, 0
24850, 1105920, 0, 0, 0
24950, 1320960, 0, 0, 0
25050, 1144320, 0, 0, 0
25150, 1094400, 0, 0, 0
25249, 1039515, 0, 0, 0
25349, 691200, 0, 0, 0
25449, 1163520, 0, 0, 0
25550, 1390080, 0, 0, 0
25650, 856320, 0, 0, 0
25749, 1280000, 0, 0, 0
25849, 956160, 0, 0, 0
25949, 1194240, 0, 0, 0
26049, 1075200, 0, 0, 0
26149, 718080, 0, 0, 0
26249, 1509120, 0, 0, 0
26349, 829440, 0, 0, 0
26450, 1021440, 0, 0, 0
26550, 1071360, 0, 0, 0
26650, 526080, 0, 0, 0
26749, 1206303, 0, 0, 0
26849, 1059840, 0, 0, 0
26949, 1094400, 0, 0, 0
27049, 1248000, 0, 0, 0
27149, 648960, 0, 0, 0
27250, 1286400, 0, 0, 0
27350, 748800, 0, 0, 0
27450, 529920, 0, 0, 0
27550, 1044480, 0, 0, 0
27650, 1171200, 0, 0, 0
27749, 965818, 0, 0, 0
27849, 1121280, 0, 0, 0
27949, 1125120, 0, 0, 0
28049, 952320, 0, 0, 0
28150, 963840, 0, 0, 0
28250, 1198080, 0, 0, 0
28350, 879360, 0, 0, 0
28450, 940800, 0, 0, 0
28550, 902400, 0, 0, 0
28650, 1090560, 0, 0, 0
28749, 1078303, 0, 0, 0
28849, 1347840, 0, 0, 0
28949, 1040640, 0, 0, 0
29050, 890880, 0, 0, 0
29150, 952320, 0, 0, 0
29249, 748606, 0, 0, 0
29349, 979200, 0, 0, 0
29449, 1198080, 0, 0, 0
29549, 913920, 0, 0, 0
29649, 1232640, 0, 0, 0
29749, 1317120, 0, 0, 0
29849, 825600, 0, 0, 0
29950, 1036800, 0, 0, 0
30050, 1501440, 0, 0, 0
30150, 1355520, 0, 0, 0
30249, 1140363, 0, 0, 0
30349, 1201920, 0, 0, 0
30449, 610560, 0, 0, 0
30549, 990720, 0, 0, 0
30649, 1082880, 0, 0, 0
30749, 1013760, 0, 0, 0
30849, 971520, 0, 0, 0
30949, 1313280, 0, 0, 0
31050, 1309440, 0, 0, 0
31150, 1478400, 0, 0, 0
31249, 1128727, 0, 0, 0
31349, 979200, 0, 0, 0
31449, 1032960, 0, 0, 0
31549, 1251840, 0, 0, 0
31649, 1056000, 0, 0, 0
31749, 779520, 0, 0, 0
31850, 1059840, 0, 0, 0
31950, 1236480, 0, 0, 0
32050, 1144320, 0, 0, 0
32150, 599040, 0, 0, 0
32249, 1163636, 0, 0, 0
32349, 875520, 0, 0, 0
32449, 1209600, 0, 0, 0
32549, 983040, 0, 0, 0
32649, 1301760, 0, 0, 0
32750, 1194240, 0, 0, 0
32850, 1040640, 0, 0, 0
32950, 960000, 0, 0, 0
33050, 929280, 0, 0, 0
33150, 1685760, 0, 0, 0
33249, 923151, 0, 0, 0
33349, 1512960, 0, 0, 0
33449, 1009920, 0, 0, 0
33549, 1374720, 0, 0, 0
33650, 1067520, 0, 0, 0
33750, 1251840, 0, 0, 0
33850, 798720, 0, 0, 0
33950, 1048320, 0, 0, 0
34050, 1132800, 0, 0, 0
34150, 983040, 0, 0, 0
34249, 1248969, 0, 0, 0
34349, 1232640, 0, 0, 0
34449, 1021440, 0, 0, 0
34550, 1006080, 0, 0, 0
34650, 1117440, 0, 0, 0
34749, 1035636, 0, 0, 0
34849, 1313280, 0, 0, 0
34949, 1271040, 0, 0, 0
35049, 1036800, 0, 0, 0
35149, 852480, 0, 0, 0
35249, 794880, 0, 0, 0
35349, 917760, 0, 0, 0
35450, 1090560, 0, 0, 0
35550, 1117440, 0, 0, 0
35650, 971520, 0, 0, 0
35749, 1136484, 0, 0, 0
35849, 975360, 0, 0, 0
35949, 890880, 0, 0, 0
36049, 610560, 0, 0, 0
36149, 983040, 0, 0, 0
36249, 910080, 0, 0, 0
36349, 1209600, 0, 0, 0
36450, 1428480, 0, 0, 0
36550, 1255680, 0, 0, 0
36650, 829440, 0, 0, 0
36749, 942545, 0, 0, 0
36849, 894720, 0, 0, 0
36949, 1317120, 0, 0, 0
37049, 1351680, 0, 0, 0
37149, 1251840, 0, 0, 0
37250, 810240, 0, 0, 0
37350, 917760, 0, 0, 0
37450, 1248000, 0, 0, 0
37550, 1205760, 0, 0, 0
37650, 864000, 0, 0, 0
37749, 1221818, 0, 0, 0
37849, 1259520, 0, 0, 0
37949, 1021440, 0, 0, 0
38049, 1052160, 0, 0, 0
38149, 1397760, 0, 0, 0
38250, 1317120, 0, 0, 0
38350, 1282560, 0, 0, 0
38450, 714240, 0, 0, 0
38550, 894720, 0, 0, 0
38650, 1125120, 0, 0, 0
38749, 1109333, 0, 0, 0
38849, 1370880, 0, 0, 0
38949, 967680, 0, 0, 0
39050, 1294080, 0, 0, 0
39150, 1109760, 0, 0, 0
39250, 1201920, 0, 0, 0
39350, 1006080, 0, 0, 0
39450, 1117440, 0, 0, 0
39550, 1059840, 0, 0, 0
39650, 990720, 0, 0, 0
39749, 1186909, 0, 0, 0
39849, 887040, 0, 0, 0
39949, 1125120, 0, 0, 0
40050, 1374720, 0, 0, 0
40150, 1082880, 0, 0, 0
40249, 1369212, 0, 0, 0
40349, 1025280, 0, 0, 0
40449, 879360, 0, 0, 0
40549, 1132800, 0, 0, 0
40649, 1271040, 0, 0, 0
40749, 1036800, 0, 0, 0
40849, 1271040, 0, 0, 0
40950, 1152000, 0, 0, 0
41050, 1006080, 0, 0, 0
41150, 844800, 0, 0, 0
41249, 1124848, 0, 0, 0
41349, 1113600, 0, 0, 0
41449, 1155840, 0, 0, 0
41549, 1198080, 0, 0, 0
41649, 1482240, 0, 0, 0
41750, 1102080, 0, 0, 0
41850, 752640, 0, 0, 0
41950, 476160, 0, 0, 0
42050, 1052160, 0, 0, 0
42150, 1109760, 0, 0, 0
42249, 1148121, 0, 0, 0
42349, 1155840, 0, 0, 0
42449, 1374720, 0, 0, 0
42549, 936960, 0, 0, 0
42649, 1336320, 0, 0, 0
42750, 1056000, 0, 0, 0
42850, 1175040, 0, 0, 0
42950, 1163520, 0, 0, 0
43050, 1079040, 0, 0, 0
43150, 648960, 0, 0, 0
43249, 1047272, 0, 0, 0
43349, 867840, 0, 0, 0
43449, 1029120, 0, 0, 0
43550, 1013760, 0, 0, 0
43650, 1409280, 0, 0, 0
43749, 1299393, 0, 0, 0
43849, 1248000, 0, 0, 0
43949, 1309440, 0, 0, 0
44049, 1271040, 0, 0, 0
44149, 1271040, 0, 0, 0
44249, 1397760, 0, 0, 0
44349, 1186560, 0, 0, 0
44450, 1178880, 0, 0, 0
44550, 887040, 0, 0, 0
44650, 798720, 0, 0, 0
44749, 1148121, 0, 0, 0
44849, 944640, 0, 0, 0
44949, 618240, 0, 0, 0
45049, 1025280, 0, 0, 0
45149, 979200, 0, 0, 0
45249, 1075200, 0, 0, 0
45350, 821760, 0, 0, 0
45450, 1036800, 0, 0, 0
45550, 372480, 0, 0, 0
45650, 1309440, 0, 0, 0
45749, 1454545, 0, 0, 0
45849, 902400, 0, 0, 0
45949, 579840, 0, 0, 0
46049, 1117440, 0, 0, 0
46149, 1175040, 0, 0, 0
46250, 990720, 0, 0, 0
46350, 1006080, 0, 0, 0
46450, 936960, 0, 0, 0
46550, 1474560, 0, 0, 0
46650, 875520, 0, 0, 0
46749, 1198545, 0, 0, 0
46849, 1224960, 0, 0, 0
46949, 940800, 0, 0, 0
47050, 1382400, 0, 0, 0
47150, 1121280, 0, 0, 0
47249, 1004606, 0, 0, 0
47349, 1105920, 0, 0, 0
47449, 1025280, 0, 0, 0
47549, 1240320, 0, 0, 0
47649, 1893120, 0, 0, 0
47749, 1493760, 0, 0, 0
47849, 1105920, 0, 0, 0
47950, 1140480, 0, 0, 0
48050, 1374720, 0, 0, 0
48150, 1006080, 0, 0, 0
48249, 1171393, 0, 0, 0
48349, 1117440, 0, 0, 0
48449, 1155840, 0, 0, 0
48549, 1251840, 0, 0, 0
48649, 944640, 0, 0, 0
48749, 990720, 0, 0, 0
48849, 1163520, 0, 0, 0
48949, 1025280, 0, 0, 0
49050, 1117440, 0, 0, 0
49150, 1175040, 0, 0, 0
49249, 1551515, 0, 0, 0
49349, 1228800, 0, 0, 0
49449, 1144320, 0, 0, 0
49549, 1332480, 0, 0, 0
49649, 1155840, 0, 0, 0
49749, 1286400, 0, 0, 0
49850, 902400, 0, 0, 0
49950, 1501440, 0, 0, 0
50050, 814080, 0, 0, 0
50150, 971520, 0, 0, 0
50249, 1012363, 0, 0, 0
50349, 1148160, 0, 0, 0
50449, 1213440, 0, 0, 0
50549, 1255680, 0, 0, 0
50649, 1171200, 0, 0, 0
50749, 1032960, 0, 0, 0
50850, 1301760, 0, 0, 0
50950, 940800, 0, 0, 0
51050, 1144320, 0, 0, 0
51150, 990720, 0, 0, 0
51249, 1175272, 0, 0, 0
51349, 1221120, 0, 0, 0
51449, 1086720, 0, 0, 0
51549, 1282560, 0, 0, 0
51649, 1006080, 0, 0, 0
51750, 1029120, 0, 0, 0
51850, 1248000, 0, 0, 0
51950, 1040640, 0, 0, 0
52050, 1178880, 0, 0, 0
52150, 814080, 0, 0, 0
52249, 845575, 0, 0, 0
52349, 1290240, 0, 0, 0
52449, 1240320, 0, 0, 0
52549, 1693440, 0, 0, 0
52650, 929280, 0, 0, 0
52750, 1044480, 0, 0, 0
52850, 1052160, 0, 0, 0
52950, 986880, 0, 0, 0
53050, 783360, 0, 0, 0
53150, 180480, 0, 0, 0
53249, 306424, 0, 0, 0
53349, 568320, 0, 0, 0
53449, 625920, 0, 0, 0
53550, 952320, 0, 0, 0
53650, 1155840, 0, 0, 0
53750, 721920, 0, 0, 0
53850, 1390080, 0, 0, 0
53950, 1290240, 0, 0, 0
54050, 1140480, 0, 0, 0
54150, 963840, 0, 0, 0
54249, 515878, 0, 0, 0
54349, 1105920, 0, 0, 0
54449, 480000, 0, 0, 0
54550, 599040, 0, 0, 0
54650, 1198080, 0, 0, 0
54749, 1233454, 0, 0, 0
54849, 1382400, 0, 0, 0
54949, 1470720, 0, 0, 0
55049, 1006080, 0, 0, 0
55149, 468480, 0, 0, 0
55249, 1186560, 0, 0, 0
55350, 1098240, 0, 0, 0
55450, 1182720, 0, 0, 0
55550, 1440000, 0, 0, 0
55650, 1048320, 0, 0, 0
55749, 1462303, 0, 0, 0
55849, 1136640, 0, 0, 0
55949, 1370880, 0, 0, 0
56049, 1109760, 0, 0, 0
56149, 1405440, 0, 0, 0
56250, 913920, 0, 0, 0
56350, 1017600, 0, 0, 0
56450, 825600, 0, 0, 0
56550, 983040, 0, 0, 0
56650, 1102080, 0, 0, 0
56749, 104727, 0, 0, 0
56849, 149760, 0, 0, 0
56949, 1021440, 0, 0, 0
57049, 963840, 0, 0, 0
57150, 1367040, 0, 0, 0
57250, 652800, 0, 0, 0
57350, 1217280, 0, 0, 0
57450, 1248000, 0, 0, 0
57550, 1224960, 0, 0, 0
57650, 1363200, 0, 0, 0
57749, 636121, 0, 0, 0
57849, 944640, 0, 0, 0
57949, 837120, 0, 0, 0
58050, 1044480, 0, 0, 0
58150, 1244160, 0, 0, 0
58249, 1214060, 0, 0, 0
58349, 1221120, 0, 0, 0
58449, 1059840, 0, 0, 0
58549, 756480, 0, 0, 0
58649, 948480, 0, 0, 0
58749, 602880, 0, 0, 0
58850, 764160, 0, 0, 0
58950, 245760, 0, 0, 0
59050, 399360, 0, 0, 0
59150, 1159680, 0, 0, 0
59249, 1303272, 0, 0, 0
59349, 549120, 0, 0, 0
59449, 1466880, 0, 0, 0
59549, 1098240, 0, 0, 0
59649, 1178880, 0, 0, 0
59750, 756480, 0, 0, 0
59850, 856320, 0, 0, 0
59950, 1121280, 0, 0, 0
60050, 1382400, 0, 0, 0
60150, 656640, 0, 0, 0
60249, 1136484, 0, 0, 0
60349, 648960, 0, 0, 0
60449, 1493760, 0, 0, 0
60550, 1209600, 0, 0, 0
60650, 1113600, 0, 0, 0
60749, 1501090, 0, 0, 0
60849, 764160, 0, 0, 0
60949, 1171200, 0, 0, 0
61049, 1167360, 0, 0, 0
61149, 1555200, 0, 0, 0
61249, 1612800, 0, 0, 0
61350, 1267200, 0, 0, 0
61450, 948480, 0, 0, 0
61550, 864000, 0, 0, 0
61650, 1071360, 0, 0, 0
61749, 1260606, 0, 0, 0
61849, 1213440, 0, 0, 0
61949, 971520, 0, 0, 0
62049, 1324800, 0, 0, 0
62149, 1167360, 0, 0, 0
62249, 917760, 0, 0, 0
62350, 1171200, 0, 0, 0
62450, 906240, 0, 0, 0
62550, 963840, 0, 0, 0
62650, 933120, 0, 0, 0
62749, 752484, 0, 0, 0
62849, 1255680, 0, 0, 0
62949, 1048320, 0, 0, 0
63049, 1209600, 0, 0, 0
63149, 1182720, 0, 0, 0
63250, 748800, 0, 0, 0
63350, 1021440, 0, 0, 0
63450, 967680, 0, 0, 0
63550, 1244160, 0, 0, 0
63650, 1213440, 0, 0, 0
63749, 779636, 0, 0, 0
63849, 771840, 0, 0, 0
63949, 1029120, 0, 0, 0
64049, 691200, 0, 0, 0
64149, 1021440, 0, 0, 0
64250, 1194240, 0, 0, 0
64350, 602880, 0, 0, 0
64450, 1267200, 0, 0, 0
64550, 856320, 0, 0, 0
64650, 1236480, 0, 0, 0
64749, 927030, 0, 0, 0
64849, 1152000, 0, 0, 0
64949, 1274880, 0, 0, 0
65050, 1436160, 0, 0, 0
65150, 779520, 0, 0, 0
65249, 504242, 0, 0, 0
65349, 433920, 0, 0, 0
65449, 944640, 0, 0, 0
65549, 633600, 0, 0, 0
65649, 791040, 0, 0, 0
65749, 349440, 0, 0, 0
65849, 1259520, 0, 0, 0
65949, 1086720, 0, 0, 0
66050, 768000, 0, 0, 0
66150, 1094400, 0, 0, 0
66249, 1144242, 0, 0, 0
66349, 956160, 0, 0, 0
66449, 1006080, 0, 0, 0
66549, 1217280, 0, 0, 0
66649, 1155840, 0, 0, 0
66749, 1340160, 0, 0, 0
66849, 1205760, 0, 0, 0
66949, 1159680, 0, 0, 0
67050, 1516800, 0, 0, 0
67150, 1355520, 0, 0, 0
67249, 694303, 0, 0, 0
67349, 1248000, 0, 0, 0
67449, 986880, 0, 0, 0
67549, 1263360, 0, 0, 0
67649, 979200, 0, 0, 0
67749, 1159680, 0, 0, 0
67850, 791040, 0, 0, 0
67950, 1228800, 0, 0, 0
68050, 1002240, 0, 0, 0
68150, 1478400, 0, 0, 0
68249, 1004606, 0, 0, 0
68349, 1036800, 0, 0, 0
68449, 748800, 0, 0, 0
68549, 856320, 0, 0, 0
68649, 1194240, 0, 0, 0
68749, 1244160, 0, 0, 0
68849, 960000, 0, 0, 0
68950, 741120, 0, 0, 0
69050, 817920, 0, 0, 0
69150, 1470720, 0, 0, 0
69249, 1113212, 0, 0, 0
69349, 737280, 0, 0, 0
69449, 848640, 0, 0, 0
69549, 768000, 0, 0, 0
69649, 1566720, 0, 0, 0
69749, 1539840, 0, 0, 0
69850, 1344000, 0, 0, 0
69950, 1248000, 0, 0, 0
70050, 1455360, 0, 0, 0
70150, 1155840, 0, 0, 0
70249, 1144242, 0, 0, 0
70349, 1182720, 0, 0, 0
70449, 1536000, 0, 0, 0
70549, 1248000, 0, 0, 0
70649, 979200, 0, 0, 0
70750, 867840, 0, 0, 0
70850, 986880, 0, 0, 0
70950, 775680, 0, 0, 0
71050, 506880, 0, 0, 0
71150, 1847040, 0, 0, 0
71249, 1004606, 0, 0, 0
71349, 967680, 0, 0, 0
71449, 756480, 0, 0, 0
71550, 1075200, 0, 0, 0
71650, 960000, 0, 0, 0
71749, 907636, 0, 0, 0
71849, 437760, 0, 0, 0
71949, 1282560, 0, 0, 0
72049, 1121280, 0, 0, 0
72149, 1059840, 0, 0, 0
72249, 1090560, 0, 0, 0
72350, 1025280, 0, 0, 0
72450, 963840, 0, 0, 0
72550, 1144320, 0, 0, 0
72650, 1290240, 0, 0, 0
72749, 1408000, 0, 0, 0
72849, 1201920, 0, 0, 0
72949, 948480, 0, 0, 0
73049, 1178880, 0, 0, 0
73149, 1182720, 0, 0, 0
73250, 840960, 0, 0, 0
73350, 810240, 0, 0, 0
73450, 579840, 0, 0, 0
73550, 913920, 0, 0, 0
73650, 1478400, 0, 0, 0
73749, 1594181, 0, 0, 0
73849, 1578240, 0, 0, 0
73949, 940800, 0, 0, 0
74049, 817920, 0, 0, 0
74149, 1159680, 0, 0, 0
74250, 1159680, 0, 0, 0
74350, 1201920, 0, 0, 0
74450, 1071360, 0, 0, 0
74550, 1344000, 0, 0, 0
74650, 883200, 0, 0, 0
74749, 946424, 0, 0, 0
74849, 503040, 0, 0, 0
74949, 1040640, 0, 0, 0
75049, 936960, 0, 0, 0
75149, 1175040, 0, 0, 0
75250, 1332480, 0, 0, 0
75350, 1347840, 0, 0, 0
75450, 1086720, 0, 0, 0
75550, 710400, 0, 0, 0
75650, 1086720, 0, 0, 0
75749, 562424, 0, 0, 0
75849, 1082880, 0, 0, 0
75949, 1224960, 0, 0, 0
76050, 829440, 0, 0, 0
76150, 1009920, 0, 0, 0
76249, 1124848, 0, 0, 0
76349, 1079040, 0, 0, 0
76449, 1324800, 0, 0, 0
76549, 1301760, 0, 0, 0
76649, 956160, 0, 0, 0
76749, 1182720, 0, 0, 0
76849, 1009920, 0, 0, 0
76950, 1278720, 0, 0, 0
77050, 1221120, 0, 0, 0
77150, 1056000, 0, 0, 0
77249, 1155878, 0, 0, 0
77349, 633600, 0, 0, 0
77449, 1032960, 0, 0, 0
77549, 1255680, 0, 0, 0
77649, 986880, 0, 0, 0
77749, 894720, 0, 0, 0
77850, 940800, 0, 0, 0
77950, 1271040, 0, 0, 0
78050, 1443840, 0, 0, 0
78150, 1344000, 0, 0, 0
78249, 1202424, 0, 0, 0
78349, 1155840, 0, 0, 0
78449, 887040, 0, 0, 0
78549, 1297920, 0, 0, 0
78650, 1290240, 0, 0, 0
78750, 1209600, 0, 0, 0
78850, 921600, 0, 0, 0
78950, 1198080, 0, 0, 0
79050, 1082880, 0, 0, 0
79150, 852480, 0, 0, 0
79249, 1291636, 0, 0, 0
79349, 791040, 0, 0, 0
79449, 1086720, 0, 0, 0
79550, 1290240, 0, 0, 0
79650, 1021440, 0, 0, 0
79749, 915393, 0, 0, 0
79849, 1021440, 0, 0, 0
79949, 887040, 0, 0, 0
80049, 1059840, 0, 0, 0
80149, 1163520, 0, 0, 0
80249, 1052160, 0, 0, 0
80350, 1125120, 0, 0, 0
80450, 1140480, 0, 0, 0
80550, 890880, 0, 0, 0
80650, 1370880, 0, 0, 0
80749, 1039515, 0, 0, 0
80849, 983040, 0, 0, 0
80949, 1125120, 0, 0, 0
81049, 1497600, 0, 0, 0
81149, 1244160, 0, 0, 0
81249, 998400, 0, 0, 0
81350, 967680, 0, 0, 0
81450, 1213440, 0, 0, 0
81550, 1175040, 0, 0, 0
81650, 956160, 0, 0, 0
81749, 989090, 0, 0, 0
81849, 840960, 0, 0, 0
81949, 1186560, 0, 0, 0
82049, 1182720, 0, 0, 0
82149, 1056000, 0, 0, 0
82250, 1109760, 0, 0, 0
82350, 1159680, 0, 0, 0
82450, 1140480, 0, 0, 0
82550, 1236480, 0, 0, 0
82650, 1056000, 0, 0, 0
82749, 833939, 0, 0, 0
82849, 1105920, 0, 0, 0
82949, 879360, 0, 0, 0
83049, 1013760, 0, 0, 0
83149, 1562880, 0, 0, 0
83250, 1017600, 0, 0, 0
83350, 1489920, 0, 0, 0
83450, 1363200, 0, 0, 0
83550, 1163520, 0, 0, 0
83650, 1413120, 0, 0, 0
83749, 1105454, 0, 0, 0
83849, 1063680, 0, 0, 0
83949, 1209600, 0, 0, 0
84049, 921600, 0, 0, 0
84149, 1697280, 0, 0, 0
84250, 844800, 0, 0, 0
84350, 890880, 0, 0, 0
84450, 1259520, 0, 0, 0
84550, 1136640, 0, 0, 0
84650, 1175040, 0, 0, 0
84749, 1148121, 0, 0, 0
84849, 1267200, 0, 0, 0
84949, 1263360, 0, 0, 0
85050, 1036800, 0, 0, 0
85150, 1079040, 0, 0, 0
85249, 1280000, 0, 0, 0
85349, 1432320, 0, 0, 0
85449, 1006080, 0, 0, 0
85549, 1040640, 0, 0, 0
85649, 986880, 0, 0, 0
85749, 902400, 0, 0, 0
85849, 549120, 0, 0, 0
85950, 491520, 0, 0, 0
86050, 1282560, 0, 0, 0
86150, 1267200, 0, 0, 0
86249, 1159757, 0, 0, 0
86349, 986880, 0, 0, 0
86449, 798720, 0, 0, 0
86549, 1409280, 0, 0, 0
86649, 998400, 0, 0, 0
86749, 910080, 0, 0, 0
86850, 672000, 0, 0, 0
86950, 944640, 0, 0, 0
87050, 1148160, 0, 0, 0
87150, 1255680, 0, 0, 0
87249, 1206303, 0, 0, 0
87349, 1178880, 0, 0, 0
87449, 1221120, 0, 0, 0
87549, 1144320, 0, 0, 0
87649, 1029120, 0, 0, 0
87750, 1443840, 0, 0, 0
87850, 1071360, 0, 0, 0
87950, 1244160, 0, 0, 0
88050, 1582080, 0, 0, 0
88150, 1171200, 0, 0, 0
88249, 740848, 0, 0, 0
88349, 714240, 0, 0, 0
88449, 1025280, 0, 0, 0
88549, 1324800, 0, 0, 0
88650, 1409280, 0, 0, 0
88750, 960000, 0, 0, 0
88850, 1067520, 0, 0, 0
88950, 1190400, 0, 0, 0
89050, 1317120, 0, 0, 0
89150, 1163520, 0, 0, 0
89249, 1027878, 0, 0, 0
89349, 986880, 0, 0, 0
89449, 1678080, 0, 0, 0
89550, 1255680, 0, 0, 0
89650, 902400, 0, 0, 0
89749, 678787, 0, 0, 0
89849, 291840, 0, 0, 0
89949, 1297920, 0, 0, 0
90049, 610560, 0, 0, 0
