100, 13772830, 0, 0, 0
200, 13426035, 0, 0, 0
300, 14736464, 0, 0, 0
400, 15652655, 0, 0, 0
500, 13914439, 0, 0, 0
600, 13382244, 0, 0, 0
700, 11144743, 0, 0, 0
800, 12497797, 0, 0, 0
900, 13145179, 0, 0, 0
1001, 13108928, 0, 0, 0
1100, 11904492, 0, 0, 0
1201, 12359352, 0, 0, 0
1300, 11426846, 0, 0, 0
1401, 12497699, 0, 0, 0
1500, 12493310, 0, 0, 0
1600, 13252708, 0, 0, 0
1700, 13171338, 0, 0, 0
1800, 13844293, 0, 0, 0
1901, 15537677, 0, 0, 0
2000, 14831983, 0, 0, 0
2100, 12419438, 0, 0, 0
2200, 12172676, 0, 0, 0
2301, 12799382, 0, 0, 0
2400, 14655275, 0, 0, 0
2500, 12157286, 0, 0, 0
2601, 12617244, 0, 0, 0
2701, 13574215, 0, 0, 0
2800, 13414499, 0, 0, 0
2900, 13188958, 0, 0, 0
3000, 12042686, 0, 0, 0
3100, 13622354, 0, 0, 0
3203, 15828525, 0, 0, 0
3301, 12663384, 0, 0, 0
3400, 13474257, 0, 0, 0
3501, 14312813, 0, 0, 0
3600, 12991211, 0, 0, 0
3700, 12414573, 0, 0, 0
3800, 12364622, 0, 0, 0
3900, 13159719, 0, 0, 0
4000, 11761262, 0, 0, 0
4101, 13310913, 0, 0, 0
4200, 12009326, 0, 0, 0
4300, 12699631, 0, 0, 0
4400, 13703030, 0, 0, 0
4501, 13163491, 0, 0, 0
4600, 14181034, 0, 0, 0
4700, 13074236, 0, 0, 0
4800, 12773878, 0, 0, 0
4900, 13120769, 0, 0, 0
5001, 13006611, 0, 0, 0
5100, 12571171, 0, 0, 0
5200, 13468173, 0, 0, 0
5300, 12773008, 0, 0, 0
5400, 12228352, 0, 0, 0
5501, 12172462, 0, 0, 0
5600, 13087286, 0, 0, 0
5700, 13492571, 0, 0, 0
5800, 13799046, 0, 0, 0
5900, 14340955, 0, 0, 0
6000, 11962809, 0, 0, 0
6100, 13850918, 0, 0, 0
6200, 12033059, 0, 0, 0
6300, 12571403, 0, 0, 0
6400, 13426060, 0, 0, 0
6500, 12960359, 0, 0, 0
6600, 13503823, 0, 0, 0
6700, 13618638, 0, 0, 0
6800, 14539594, 0, 0, 0
6900, 13485456, 0, 0, 0
7001, 13782847, 0, 0, 0
7100, 14455272, 0, 0, 0
7200, 14822013, 0, 0, 0
7300, 12620954, 0, 0, 0
7402, 12342988, 0, 0, 0
7500, 14382646, 0, 0, 0
7600, 14243992, 0, 0, 0
7700, 16128465, 0, 0, 0
7800, 14053251, 0, 0, 0
7900, 14504266, 0, 0, 0
8000, 13627221, 0, 0, 0
8100, 12574674, 0, 0, 0
8200, 12531933, 0, 0, 0
8300, 13670936, 0, 0, 0
8400, 12899079, 0, 0, 0
8500, 12054460, 0, 0, 0
8600, 12904846, 0, 0, 0
8700, 13702204, 0, 0, 0
8800, 13140530, 0, 0, 0
8901, 13717981, 0, 0, 0
9001, 12808838, 0, 0, 0
9100, 12820003, 0, 0, 0
9200, 13825986, 0, 0, 0
9300, 13645621, 0, 0, 0
9400, 12935337, 0, 0, 0
9502, 12675332, 0, 0, 0
9601, 13172652, 0, 0, 0
9700, 13309047, 0, 0, 0
9800, 12726630, 0, 0, 0
9900, 14247939, 0, 0, 0
10000, 13057442, 0, 0, 0
10100, 13594589, 0, 0, 0
10200, 14986318, 0, 0, 0
10300, 13994324, 0, 0, 0
10401, 13354123, 0, 0, 0
10500, 14762290, 0, 0, 0
10600, 14144852, 0, 0, 0
10700, 13501029, 0, 0, 0
10800, 15112405, 0, 0, 0
10900, 14050322, 0, 0, 0
11000, 14741134, 0, 0, 0
11100, 14139240, 0, 0, 0
11200, 13224086, 0, 0, 0
11300, 14359605, 0, 0, 0
11400, 13015545, 0, 0, 0
11500, 13445247, 0, 0, 0
11600, 14583934, 0, 0, 0
11700, 11799294, 0, 0, 0
11800, 13487428, 0, 0, 0
11901, 13364366, 0, 0, 0
12000, 12718628, 0, 0, 0
12102, 13470814, 0, 0, 0
12200, 14263557, 0, 0, 0
12300, 13103495, 0, 0, 0
12400, 13155103, 0, 0, 0
12500, 13292145, 0, 0, 0
12600, 13380124, 0, 0, 0
12700, 14063479, 0, 0, 0
12800, 12896775, 0, 0, 0
12900, 15106304, 0, 0, 0
13001, 15370210, 0, 0, 0
13102, 14297356, 0, 0, 0
13200, 12563594, 0, 0, 0
13300, 13474992, 0, 0, 0
13400, 12780273, 0, 0, 0
13500, 11697252, 0, 0, 0
13600, 10961752, 0, 0, 0
13702, 11518665, 0, 0, 0
13802, 12319690, 0, 0, 0
13900, 12147657, 0, 0, 0
14000, 13473093, 0, 0, 0
14100, 13123025, 0, 0, 0
14202, 12995439, 0, 0, 0
14300, 13420379, 0, 0, 0
14400, 14858777, 0, 0, 0
14501, 13619493, 0, 0, 0
14600, 13554862, 0, 0, 0
14700, 12559467, 0, 0, 0
14801, 12998661, 0, 0, 0
14900, 14719314, 0, 0, 0
15000, 13876916, 0, 0, 0
15100, 12520383, 0, 0, 0
15200, 11643180, 0, 0, 0
15300, 12317852, 0, 0, 0
15400, 12226485, 0, 0, 0
15501, 15766246, 0, 0, 0
15600, 12930261, 0, 0, 0
15700, 11645224, 0, 0, 0
15800, 13535328, 0, 0, 0
15901, 12431124, 0, 0, 0
16000, 12928660, 0, 0, 0
16100, 12854952, 0, 0, 0
16201, 13813485, 0, 0, 0
16300, 12756383, 0, 0, 0
16400, 13438953, 0, 0, 0
16500, 13635744, 0, 0, 0
16600, 12763118, 0, 0, 0
16700, 14864896, 0, 0, 0
16800, 13950630, 0, 0, 0
16900, 14063224, 0, 0, 0
17000, 14207153, 0, 0, 0
17100, 13777720, 0, 0, 0
17200, 12865026, 0, 0, 0
17300, 13337011, 0, 0, 0
17400, 13646194, 0, 0, 0
17500, 11883272, 0, 0, 0
17600, 12101486, 0, 0, 0
17700, 12068582, 0, 0, 0
17800, 11636691, 0, 0, 0
17900, 12643493, 0, 0, 0
18000, 11332423, 0, 0, 0
18100, 14983452, 0, 0, 0
18200, 13232267, 0, 0, 0
18300, 13170247, 0, 0, 0
18400, 12756171, 0, 0, 0
18500, 13875717, 0, 0, 0
18600, 13130186, 0, 0, 0
18700, 13805685, 0, 0, 0
18800, 13912956, 0, 0, 0
18900, 12276094, 0, 0, 0
19000, 13965516, 0, 0, 0
19100, 12360651, 0, 0, 0
19200, 12665620, 0, 0, 0
19300, 12995342, 0, 0, 0
19400, 13228560, 0, 0, 0
19500, 14169749, 0, 0, 0
19601, 13181409, 0, 0, 0
19700, 12334959, 0, 0, 0
19801, 11902059, 0, 0, 0
19900, 12742931, 0, 0, 0
20000, 12426524, 0, 0, 0
20101, 12984814, 0, 0, 0
20200, 12719810, 0, 0, 0
20300, 12561312, 0, 0, 0
20400, 12506249, 0, 0, 0
20500, 12020657, 0, 0, 0
20600, 12022023, 0, 0, 0
20700, 13604447, 0, 0, 0
20800, 13118384, 0, 0, 0
20900, 11549478, 0, 0, 0
21000, 11465753, 0, 0, 0
21100, 12969464, 0, 0, 0
21200, 13183611, 0, 0, 0
21300, 13029324, 0, 0, 0
21400, 12192792, 0, 0, 0
21500, 15073625, 0, 0, 0
21600, 11932235, 0, 0, 0
21702, 12983798, 0, 0, 0
21800, 11559444, 0, 0, 0
21900, 14017126, 0, 0, 0
22000, 10753872, 0, 0, 0
22100, 14156099, 0, 0, 0
22201, 12904593, 0, 0, 0
22301, 14348301, 0, 0, 0
22401, 12528470, 0, 0, 0
22500, 13707552, 0, 0, 0
22600, 11320153, 0, 0, 0
22700, 12058989, 0, 0, 0
22800, 13041249, 0, 0, 0
22900, 12343344, 0, 0, 0
23000, 12141908, 0, 0, 0
23100, 12500009, 0, 0, 0
23201, 12596042, 0, 0, 0
23301, 13077872, 0, 0, 0
23401, 13754715, 0, 0, 0
23500, 13002958, 0, 0, 0
23600, 12151259, 0, 0, 0
23700, 13018341, 0, 0, 0
23800, 10815927, 0, 0, 0
23900, 13088443, 0, 0, 0
24000, 15170932, 0, 0, 0
24100, 14066620, 0, 0, 0
24201, 12871674, 0, 0, 0
24300, 13381668, 0, 0, 0
24400, 12091199, 0, 0, 0
24500, 11806116, 0, 0, 0
24600, 11606346, 0, 0, 0
24700, 11498914, 0, 0, 0
24800, 12221117, 0, 0, 0
24904, 11788609, 0, 0, 0
25000, 14665560, 0, 0, 0
25100, 14608628, 0, 0, 0
25200, 13314392, 0, 0, 0
25300, 13413826, 0, 0, 0
25400, 11999008, 0, 0, 0
25500, 12829108, 0, 0, 0
25600, 13768388, 0, 0, 0
25700, 11271729, 0, 0, 0
25800, 11528531, 0, 0, 0
25904, 12551764, 0, 0, 0
26000, 13933226, 0, 0, 0
26100, 14513977, 0, 0, 0
26200, 12570206, 0, 0, 0
26300, 12245135, 0, 0, 0
26401, 12434670, 0, 0, 0
26500, 13023101, 0, 0, 0
26600, 11269434, 0, 0, 0
26700, 11863113, 0, 0, 0
26800, 12766950, 0, 0, 0
26900, 14196659, 0, 0, 0
27000, 11462613, 0, 0, 0
27100, 10531505, 0, 0, 0
27200, 12068156, 0, 0, 0
27301, 13537614, 0, 0, 0
27401, 11583707, 0, 0, 0
27500, 11830262, 0, 0, 0
27601, 12442627, 0, 0, 0
27700, 12087568, 0, 0, 0
27800, 11316695, 0, 0, 0
27901, 14132981, 0, 0, 0
28000, 13342785, 0, 0, 0
28100, 11663021, 0, 0, 0
28200, 15150232, 0, 0, 0
28300, 10376165, 0, 0, 0
28400, 10859956, 0, 0, 0
28500, 11722765, 0, 0, 0
28600, 14379428, 0, 0, 0
28700, 12298615, 0, 0, 0
28800, 12372870, 0, 0, 0
28901, 11314249, 0, 0, 0
29001, 13488329, 0, 0, 0
29100, 13422838, 0, 0, 0
29200, 13370210, 0, 0, 0
29300, 11523739, 0, 0, 0
29400, 13631808, 0, 0, 0
29500, 15739504, 0, 0, 0
29600, 14316904, 0, 0, 0
29700, 14829643, 0, 0, 0
29800, 12911176, 0, 0, 0
29901, 14260846, 0, 0, 0
30000, 12772900, 0, 0, 0
30100, 11841087, 0, 0, 0
30200, 14162913, 0, 0, 0
30300, 13177222, 0, 0, 0
30401, 12993274, 0, 0, 0
30500, 11950521, 0, 0, 0
30600, 11495074, 0, 0, 0
30701, 12112188, 0, 0, 0
30800, 13590410, 0, 0, 0
30900, 13414064, 0, 0, 0
31003, 11282169, 0, 0, 0
31100, 13539197, 0, 0, 0
31200, 11918039, 0, 0, 0
31300, 12751853, 0, 0, 0
31400, 13254515, 0, 0, 0
31500, 13334702, 0, 0, 0
31600, 12667514, 0, 0, 0
31700, 11771222, 0, 0, 0
31800, 10911782, 0, 0, 0
31900, 11082373, 0, 0, 0
32000, 12331268, 0, 0, 0
32100, 12020705, 0, 0, 0
32201, 11561939, 0, 0, 0
32301, 11819263, 0, 0, 0
32400, 10966314, 0, 0, 0
32500, 10763689, 0, 0, 0
32600, 12137543, 0, 0, 0
32700, 13187266, 0, 0, 0
32800, 13515256, 0, 0, 0
32900, 11683715, 0, 0, 0
33000, 11983060, 0, 0, 0
33100, 10976627, 0, 0, 0
33200, 10968650, 0, 0, 0
33300, 13598648, 0, 0, 0
33400, 12776504, 0, 0, 0
33501, 13064436, 0, 0, 0
33600, 12975992, 0, 0, 0
33701, 13037658, 0, 0, 0
33800, 13292561, 0, 0, 0
33902, 12624319, 0, 0, 0
34000, 12511400, 0, 0, 0
34100, 14038752, 0, 0, 0
34200, 12786354, 0, 0, 0
34301, 12807946, 0, 0, 0
34400, 13194032, 0, 0, 0
34500, 12828133, 0, 0, 0
34601, 14207014, 0, 0, 0
34700, 13834285, 0, 0, 0
34800, 14020577, 0, 0, 0
34900, 13169162, 0, 0, 0
35000, 13344141, 0, 0, 0
35100, 13166875, 0, 0, 0
35200, 12122399, 0, 0, 0
35300, 14501172, 0, 0, 0
35400, 14023946, 0, 0, 0
35500, 13537629, 0, 0, 0
35600, 13847418, 0, 0, 0
35700, 10320827, 0, 0, 0
35800, 9680244, 0, 0, 0
35900, 10715446, 0, 0, 0
36000, 11765482, 0, 0, 0
36100, 13882351, 0, 0, 0
36200, 12292327, 0, 0, 0
36300, 12119434, 0, 0, 0
36400, 11686177, 0, 0, 0
36500, 12285466, 0, 0, 0
36600, 11086313, 0, 0, 0
36700, 12911129, 0, 0, 0
36800, 12926279, 0, 0, 0
36900, 12754200, 0, 0, 0
37000, 12413948, 0, 0, 0
37100, 13054532, 0, 0, 0
37200, 12170445, 0, 0, 0
37302, 11541374, 0, 0, 0
37400, 12383498, 0, 0, 0
37501, 10615855, 0, 0, 0
37600, 11928490, 0, 0, 0
37700, 12383898, 0, 0, 0
37800, 11999197, 0, 0, 0
37900, 13743524, 0, 0, 0
38000, 12158080, 0, 0, 0
38100, 12936554, 0, 0, 0
38200, 13565819, 0, 0, 0
38300, 11374380, 0, 0, 0
38401, 13258386, 0, 0, 0
38500, 11603647, 0, 0, 0
38600, 10706516, 0, 0, 0
38700, 11256421, 0, 0, 0
38800, 11725016, 0, 0, 0
38901, 11979613, 0, 0, 0
39000, 12962894, 0, 0, 0
39100, 12351022, 0, 0, 0
39200, 12981620, 0, 0, 0
39300, 13645127, 0, 0, 0
39401, 12226295, 0, 0, 0
39500, 11926827, 0, 0, 0
39600, 12636495, 0, 0, 0
39700, 13072739, 0, 0, 0
39801, 13331434, 0, 0, 0
39900, 14003690, 0, 0, 0
40000, 13489050, 0, 0, 0
40100, 12811250, 0, 0, 0
40200, 13527339, 0, 0, 0
40300, 13954057, 0, 0, 0
40400, 13143265, 0, 0, 0
40500, 11984788, 0, 0, 0
40600, 11179754, 0, 0, 0
40700, 13906718, 0, 0, 0
40800, 12904269, 0, 0, 0
40900, 12446336, 0, 0, 0
41000, 13330661, 0, 0, 0
41101, 13362719, 0, 0, 0
41200, 13603947, 0, 0, 0
41300, 13042715, 0, 0, 0
41400, 14093568, 0, 0, 0
41500, 12479759, 0, 0, 0
41600, 10577260, 0, 0, 0
41700, 11456446, 0, 0, 0
41800, 13387015, 0, 0, 0
41900, 13158850, 0, 0, 0
42000, 13259445, 0, 0, 0
42100, 14183569, 0, 0, 0
42200, 12057873, 0, 0, 0
42300, 11813956, 0, 0, 0
42400, 14602448, 0, 0, 0
42500, 11771732, 0, 0, 0
42600, 11549745, 0, 0, 0
42700, 12896569, 0, 0, 0
42800, 12084715, 0, 0, 0
42900, 12546276, 0, 0, 0
43000, 12246393, 0, 0, 0
43100, 13326453, 0, 0, 0
43200, 13527130, 0, 0, 0
43300, 11229729, 0, 0, 0
43400, 11772155, 0, 0, 0
43500, 13524781, 0, 0, 0
43600, 10867067, 0, 0, 0
43703, 11982875, 0, 0, 0
43800, 13900307, 0, 0, 0
43900, 12334779, 0, 0, 0
44000, 10501168, 0, 0, 0
44100, 11994719, 0, 0, 0
44200, 11749834, 0, 0, 0
44300, 11660970, 0, 0, 0
44400, 11431071, 0, 0, 0
44500, 11461817, 0, 0, 0
44600, 12998937, 0, 0, 0
44700, 11984215, 0, 0, 0
44800, 13758793, 0, 0, 0
44900, 12699749, 0, 0, 0
45001, 11642507, 0, 0, 0
45100, 11669098, 0, 0, 0
45200, 12125839, 0, 0, 0
45300, 13177523, 0, 0, 0
45400, 12287830, 0, 0, 0
45500, 11339342, 0, 0, 0
45600, 12688664, 0, 0, 0
45701, 13237430, 0, 0, 0
45803, 13451671, 0, 0, 0
45900, 12462587, 0, 0, 0
46000, 12563826, 0, 0, 0
46100, 12309590, 0, 0, 0
46200, 12360435, 0, 0, 0
46300, 13552685, 0, 0, 0
46400, 12589804, 0, 0, 0
46500, 13112514, 0, 0, 0
46600, 12040938, 0, 0, 0
46700, 12568153, 0, 0, 0
46800, 14095133, 0, 0, 0
46900, 12754500, 0, 0, 0
47000, 12724205, 0, 0, 0
47100, 11984933, 0, 0, 0
47200, 12517224, 0, 0, 0
47300, 11650063, 0, 0, 0
47400, 14037091, 0, 0, 0
47500, 14406606, 0, 0, 0
47600, 13112546, 0, 0, 0
47700, 12722048, 0, 0, 0
47801, 14686036, 0, 0, 0
47900, 12562817, 0, 0, 0
48000, 11543814, 0, 0, 0
48103, 12604820, 0, 0, 0
48201, 13263697, 0, 0, 0
48300, 12463649, 0, 0, 0
48400, 14365134, 0, 0, 0
48500, 11941981, 0, 0, 0
48600, 13107686, 0, 0, 0
48701, 10827720, 0, 0, 0
48800, 11384346, 0, 0, 0
48900, 12552819, 0, 0, 0
49000, 10950887, 0, 0, 0
49101, 11916533, 0, 0, 0
49200, 13076196, 0, 0, 0
49300, 12491137, 0, 0, 0
49402, 12226960, 0, 0, 0
49500, 12699955, 0, 0, 0
49600, 11506096, 0, 0, 0
49700, 12400405, 0, 0, 0
49800, 12643649, 0, 0, 0
49900, 11911964, 0, 0, 0
50000, 12334203, 0, 0, 0
50101, 12743363, 0, 0, 0
50200, 13587133, 0, 0, 0
50300, 13327255, 0, 0, 0
50400, 13206389, 0, 0, 0
50500, 12938641, 0, 0, 0
50600, 14436442, 0, 0, 0
50700, 13515719, 0, 0, 0
50800, 13368668, 0, 0, 0
50900, 13026613, 0, 0, 0
51000, 14274266, 0, 0, 0
51100, 12788412, 0, 0, 0
51200, 12507621, 0, 0, 0
51300, 12363136, 0, 0, 0
51400, 12120223, 0, 0, 0
51500, 12339665, 0, 0, 0
51600, 11840501, 0, 0, 0
51700, 11312830, 0, 0, 0
51800, 13470579, 0, 0, 0
51900, 12181888, 0, 0, 0
52000, 12726300, 0, 0, 0
52100, 13063440, 0, 0, 0
52200, 12031001, 0, 0, 0
52300, 10880555, 0, 0, 0
52400, 11681953, 0, 0, 0
52500, 14179951, 0, 0, 0
52600, 14104166, 0, 0, 0
52700, 10673017, 0, 0, 0
52800, 12702885, 0, 0, 0
52900, 11708462, 0, 0, 0
53000, 11873768, 0, 0, 0
53100, 14176782, 0, 0, 0
53200, 13123229, 0, 0, 0
53300, 12312462, 0, 0, 0
53400, 14371926, 0, 0, 0
53500, 13145042, 0, 0, 0
53600, 12174383, 0, 0, 0
53701, 12141694, 0, 0, 0
53800, 11776221, 0, 0, 0
53900, 11748679, 0, 0, 0
54000, 11155498, 0, 0, 0
54100, 11113531, 0, 0, 0
54200, 13184806, 0, 0, 0
54300, 11981400, 0, 0, 0
54400, 13444388, 0, 0, 0
54500, 12602196, 0, 0, 0
54600, 13067165, 0, 0, 0
54700, 12500159, 0, 0, 0
54800, 14026413, 0, 0, 0
54900, 13508959, 0, 0, 0
55000, 11802035, 0, 0, 0
55100, 11459254, 0, 0, 0
55203, 12794954, 0, 0, 0
55300, 13811841, 0, 0, 0
55401, 12420264, 0, 0, 0
55500, 12826786, 0, 0, 0
55600, 11689040, 0, 0, 0
55701, 12483192, 0, 0, 0
55803, 11035491, 0, 0, 0
55900, 10743012, 0, 0, 0
56000, 13972577, 0, 0, 0
56100, 13884045, 0, 0, 0
56200, 13722071, 0, 0, 0
56300, 13494638, 0, 0, 0
56400, 13446966, 0, 0, 0
56500, 12650611, 0, 0, 0
56601, 11294158, 0, 0, 0
56700, 10667347, 0, 0, 0
56800, 11207505, 0, 0, 0
56900, 13813437, 0, 0, 0
57000, 12743118, 0, 0, 0
57100, 10681989, 0, 0, 0
57200, 11122249, 0, 0, 0
57300, 11160035, 0, 0, 0
57400, 12865452, 0, 0, 0
57500, 13697518, 0, 0, 0
57600, 11726567, 0, 0, 0
57700, 12595820, 0, 0, 0
57800, 12318153, 0, 0, 0
57900, 12549128, 0, 0, 0
58000, 13049795, 0, 0, 0
58100, 13456677, 0, 0, 0
58200, 14049136, 0, 0, 0
58300, 13576787, 0, 0, 0
58400, 11910124, 0, 0, 0
58500, 11401942, 0, 0, 0
58600, 11076093, 0, 0, 0
58700, 10966757, 0, 0, 0
58800, 11693473, 0, 0, 0
58900, 13026333, 0, 0, 0
59000, 12233780, 0, 0, 0
59100, 11620874, 0, 0, 0
59202, 10935010, 0, 0, 0
59300, 14316165, 0, 0, 0
59400, 11463111, 0, 0, 0
59500, 11118241, 0, 0, 0
59600, 11797317, 0, 0, 0
59700, 11633003, 0, 0, 0
59800, 11572284, 0, 0, 0
59900, 12786396, 0, 0, 0
60004, 12385206, 0, 0, 0
60100, 12623865, 0, 0, 0
60200, 12545418, 0, 0, 0
60300, 11362731, 0, 0, 0
60402, 10637562, 0, 0, 0
60500, 13792408, 0, 0, 0
60600, 12750960, 0, 0, 0
60700, 12948501, 0, 0, 0
60800, 11179991, 0, 0, 0
60900, 10638861, 0, 0, 0
61000, 9967973, 0, 0, 0
61100, 11182487, 0, 0, 0
61201, 12616549, 0, 0, 0
61300, 15638435, 0, 0, 0
61400, 13258726, 0, 0, 0
61500, 12633207, 0, 0, 0
61600, 11951145, 0, 0, 0
61700, 11661989, 0, 0, 0
61800, 10793170, 0, 0, 0
61900, 11441762, 0, 0, 0
62000, 12460308, 0, 0, 0
62100, 12311253, 0, 0, 0
62200, 12064719, 0, 0, 0
62300, 12715014, 0, 0, 0
62400, 12386000, 0, 0, 0
62501, 13809161, 0, 0, 0
62600, 11627492, 0, 0, 0
62700, 11757624, 0, 0, 0
62800, 12095136, 0, 0, 0
62902, 12078052, 0, 0, 0
63000, 12219650, 0, 0, 0
63100, 12630371, 0, 0, 0
63201, 11961367, 0, 0, 0
63300, 13039105, 0, 0, 0
63400, 12127250, 0, 0, 0
63500, 11547347, 0, 0, 0
63601, 12740635, 0, 0, 0
63700, 11438779, 0, 0, 0
63800, 11598627, 0, 0, 0
63901, 11117927, 0, 0, 0
64000, 11810767, 0, 0, 0
64100, 12535064, 0, 0, 0
64200, 11613793, 0, 0, 0
64300, 12398083, 0, 0, 0
64400, 11292641, 0, 0, 0
64500, 12024536, 0, 0, 0
64600, 12190493, 0, 0, 0
64700, 12256765, 0, 0, 0
64800, 11255502, 0, 0, 0
64900, 11530928, 0, 0, 0
65000, 12645205, 0, 0, 0
65101, 10636964, 0, 0, 0
65200, 12016519, 0, 0, 0
65301, 11300231, 0, 0, 0
65400, 11746324, 0, 0, 0
65500, 11373892, 0, 0, 0
65600, 11188729, 0, 0, 0
65701, 11734123, 0, 0, 0
65800, 11477323, 0, 0, 0
65901, 11263023, 0, 0, 0
66003, 11316715, 0, 0, 0
66100, 12602435, 0, 0, 0
66200, 10564588, 0, 0, 0
66301, 11741817, 0, 0, 0
66400, 10896482, 0, 0, 0
66500, 12071012, 0, 0, 0
66600, 11574694, 0, 0, 0
66700, 10994339, 0, 0, 0
66800, 12698979, 0, 0, 0
66900, 13651288, 0, 0, 0
67000, 12678641, 0, 0, 0
67100, 12170324, 0, 0, 0
67200, 11286095, 0, 0, 0
67300, 11732894, 0, 0, 0
67400, 12107273, 0, 0, 0
67502, 14936604, 0, 0, 0
67600, 13660246, 0, 0, 0
67700, 14526387, 0, 0, 0
67801, 12531714, 0, 0, 0
67901, 11726072, 0, 0, 0
68002, 11677434, 0, 0, 0
68100, 11039103, 0, 0, 0
68201, 13452588, 0, 0, 0
68300, 14356959, 0, 0, 0
68400, 12124612, 0, 0, 0
68501, 12260685, 0, 0, 0
68600, 14204949, 0, 0, 0
68700, 11137079, 0, 0, 0
68800, 12516734, 0, 0, 0
68900, 11087547, 0, 0, 0
69003, 11969656, 0, 0, 0
69100, 10768151, 0, 0, 0
69200, 9612847, 0, 0, 0
69300, 10496769, 0, 0, 0
69400, 12164542, 0, 0, 0
69500, 12339236, 0, 0, 0
69600, 15204160, 0, 0, 0
69700, 12604716, 0, 0, 0
69800, 12452141, 0, 0, 0
69900, 13563290, 0, 0, 0
70000, 13948072, 0, 0, 0
70100, 12681675, 0, 0, 0
70201, 11253763, 0, 0, 0
70300, 13266655, 0, 0, 0
70402, 12651622, 0, 0, 0
70500, 12274495, 0, 0, 0
70600, 11125673, 0, 0, 0
70700, 11073179, 0, 0, 0
70800, 12658632, 0, 0, 0
70900, 11523336, 0, 0, 0
71000, 13352462, 0, 0, 0
71100, 13506101, 0, 0, 0
71200, 12464985, 0, 0, 0
71300, 13824343, 0, 0, 0
71400, 13142483, 0, 0, 0
71500, 11995908, 0, 0, 0
71600, 13412609, 0, 0, 0
71700, 12285509, 0, 0, 0
71800, 13294813, 0, 0, 0
71900, 12713338, 0, 0, 0
72000, 12296550, 0, 0, 0
72100, 12164035, 0, 0, 0
72200, 10847960, 0, 0, 0
72300, 11268752, 0, 0, 0
72400, 10957573, 0, 0, 0
72500, 10775860, 0, 0, 0
72600, 11127886, 0, 0, 0
72700, 11264731, 0, 0, 0
72800, 11345266, 0, 0, 0
72900, 11483608, 0, 0, 0
73000, 11762367, 0, 0, 0
73100, 12457736, 0, 0, 0
73200, 12680359, 0, 0, 0
73300, 12440074, 0, 0, 0
73401, 12202473, 0, 0, 0
73500, 11056369, 0, 0, 0
73600, 12293338, 0, 0, 0
73700, 12158860, 0, 0, 0
73800, 12476844, 0, 0, 0
73900, 13533600, 0, 0, 0
74000, 11435546, 0, 0, 0
74100, 12647544, 0, 0, 0
74200, 11859377, 0, 0, 0
74300, 12960309, 0, 0, 0
74401, 12689650, 0, 0, 0
74500, 13102670, 0, 0, 0
74600, 13041587, 0, 0, 0
74700, 12880008, 0, 0, 0
74800, 12687599, 0, 0, 0
74900, 11856816, 0, 0, 0
75000, 11428514, 0, 0, 0
75100, 11666068, 0, 0, 0
75200, 12555364, 0, 0, 0
75300, 11917882, 0, 0, 0
75400, 13911883, 0, 0, 0
75500, 13533096, 0, 0, 0
75600, 13703776, 0, 0, 0
75700, 13458071, 0, 0, 0
75800, 11975799, 0, 0, 0
75900, 11642599, 0, 0, 0
76000, 11146757, 0, 0, 0
76100, 14258371, 0, 0, 0
76200, 12300081, 0, 0, 0
76300, 10722948, 0, 0, 0
76402, 10691207, 0, 0, 0
76500, 12351350, 0, 0, 0
76600, 12339476, 0, 0, 0
76701, 12656552, 0, 0, 0
76800, 13571318, 0, 0, 0
76901, 12519960, 0, 0, 0
77000, 11621930, 0, 0, 0
77100, 13282447, 0, 0, 0
77200, 13281169, 0, 0, 0
77301, 13106119, 0, 0, 0
77400, 12050654, 0, 0, 0
77500, 11323307, 0, 0, 0
77600, 10936959, 0, 0, 0
77702, 12087106, 0, 0, 0
77800, 11722571, 0, 0, 0
77900, 10835752, 0, 0, 0
78000, 12674382, 0, 0, 0
78100, 12878208, 0, 0, 0
78200, 14261250, 0, 0, 0
78300, 14522556, 0, 0, 0
78401, 11810355, 0, 0, 0
78500, 12774560, 0, 0, 0
78600, 12816396, 0, 0, 0
78700, 14822770, 0, 0, 0
78800, 11642597, 0, 0, 0
78900, 12830293, 0, 0, 0
79001, 11789185, 0, 0, 0
79100, 14030456, 0, 0, 0
79200, 11931225, 0, 0, 0
79300, 11008788, 0, 0, 0
79401, 13256112, 0, 0, 0
79500, 12064303, 0, 0, 0
79600, 13068471, 0, 0, 0
79701, 12232271, 0, 0, 0
79800, 14384491, 0, 0, 0
79900, 12929798, 0, 0, 0
80000, 11971897, 0, 0, 0
80100, 12570717, 0, 0, 0
80200, 11674272, 0, 0, 0
80300, 13364304, 0, 0, 0
80400, 13036400, 0, 0, 0
80500, 13669018, 0, 0, 0
80600, 13190596, 0, 0, 0
80701, 11668479, 0, 0, 0
80800, 12062944, 0, 0, 0
80900, 11843604, 0, 0, 0
81001, 12199767, 0, 0, 0
81100, 12153797, 0, 0, 0
81200, 12592357, 0, 0, 0
81302, 10627277, 0, 0, 0
81400, 12014503, 0, 0, 0
81500, 11394466, 0, 0, 0
81600, 13438066, 0, 0, 0
81700, 12487271, 0, 0, 0
81800, 12661711, 0, 0, 0
81900, 12034914, 0, 0, 0
82000, 12071370, 0, 0, 0
82100, 13508179, 0, 0, 0
82200, 12696610, 0, 0, 0
82302, 11700294, 0, 0, 0
82402, 10961836, 0, 0, 0
82501, 11892411, 0, 0, 0
82600, 12907664, 0, 0, 0
82700, 11998073, 0, 0, 0
82800, 12560214, 0, 0, 0
82900, 12936792, 0, 0, 0
83000, 14031399, 0, 0, 0
83101, 11690880, 0, 0, 0
83200, 12052917, 0, 0, 0
83300, 13799892, 0, 0, 0
83400, 12370446, 0, 0, 0
83500, 11385519, 0, 0, 0
83601, 13208751, 0, 0, 0
83700, 11685265, 0, 0, 0
83800, 12933449, 0, 0, 0
83900, 11803984, 0, 0, 0
84000, 12755561, 0, 0, 0
84100, 11594216, 0, 0, 0
84200, 12398767, 0, 0, 0
84300, 11815057, 0, 0, 0
84400, 10728419, 0, 0, 0
84500, 12261056, 0, 0, 0
84600, 12521663, 0, 0, 0
84700, 11657748, 0, 0, 0
84800, 11882305, 0, 0, 0
84900, 13138217, 0, 0, 0
85000, 13072224, 0, 0, 0
85100, 13860803, 0, 0, 0
85201, 13185151, 0, 0, 0
85300, 12611881, 0, 0, 0
85400, 13163959, 0, 0, 0
85500, 11556937, 0, 0, 0
85600, 13755337, 0, 0, 0
85700, 12209697, 0, 0, 0
85800, 12685473, 0, 0, 0
85900, 11737205, 0, 0, 0
86000, 10764648, 0, 0, 0
86101, 12283666, 0, 0, 0
86200, 13440342, 0, 0, 0
86300, 11956386, 0, 0, 0
86400, 13849874, 0, 0, 0
86500, 11697075, 0, 0, 0
86602, 12537935, 0, 0, 0
86700, 12688665, 0, 0, 0
86800, 12954429, 0, 0, 0
86900, 13027189, 0, 0, 0
87000, 11130760, 0, 0, 0
87100, 11705698, 0, 0, 0
87200, 11411179, 0, 0, 0
87302, 12145011, 0, 0, 0
87400, 12692689, 0, 0, 0
87500, 12530888, 0, 0, 0
87600, 11596726, 0, 0, 0
87700, 14319843, 0, 0, 0
87800, 13061507, 0, 0, 0
87901, 14531794, 0, 0, 0
88003, 12936425, 0, 0, 0
88100, 12156621, 0, 0, 0
88200, 12834803, 0, 0, 0
88300, 11865076, 0, 0, 0
88400, 12301669, 0, 0, 0
88500, 13603228, 0, 0, 0
88600, 13871493, 0, 0, 0
88700, 11407270, 0, 0, 0
88801, 12279345, 0, 0, 0
88900, 13061916, 0, 0, 0
89000, 13213467, 0, 0, 0
89100, 10688640, 0, 0, 0
89200, 10686784, 0, 0, 0
89300, 12994792, 0, 0, 0
89400, 12816295, 0, 0, 0
89500, 11752107, 0, 0, 0
89600, 14033583, 0, 0, 0
89700, 13313774, 0, 0, 0
89801, 13432386, 0, 0, 0
89902, 12270607, 0, 0, 0
90001, 11365527, 0, 0, 0
90005, 9317809, 0, 0, 0
