104, 6912198, 0, 0, 0
206, 7818576, 0, 0, 0
307, 7804435, 0, 0, 0
403, 7995319, 0, 0, 0
504, 7748309, 0, 0, 0
604, 7645530, 0, 0, 0
706, 7832160, 0, 0, 0
800, 7853142, 0, 0, 0
901, 7720390, 0, 0, 0
1002, 8391910, 0, 0, 0
1100, 6983623, 0, 0, 0
1207, 7665871, 0, 0, 0
1304, 7458355, 0, 0, 0
1408, 8615204, 0, 0, 0
1508, 8339373, 0, 0, 0
1608, 8335043, 0, 0, 0
1702, 7804332, 0, 0, 0
1804, 7271894, 0, 0, 0
1903, 8249697, 0, 0, 0
2006, 8509338, 0, 0, 0
2105, 7619082, 0, 0, 0
2204, 8262981, 0, 0, 0
2302, 8159915, 0, 0, 0
2401, 7571868, 0, 0, 0
2507, 7010347, 0, 0, 0
2605, 6996252, 0, 0, 0
2701, 7976930, 0, 0, 0
2803, 7835547, 0, 0, 0
2905, 7845203, 0, 0, 0
3008, 8569142, 0, 0, 0
3106, 8867023, 0, 0, 0
3206, 7727614, 0, 0, 0
3306, 7668314, 0, 0, 0
3404, 7523089, 0, 0, 0
3501, 8056498, 0, 0, 0
3602, 7210509, 0, 0, 0
3704, 7805788, 0, 0, 0
3806, 7856371, 0, 0, 0
3905, 7077726, 0, 0, 0
4001, 7308340, 0, 0, 0
4101, 7666994, 0, 0, 0
4202, 8449046, 0, 0, 0
4303, 9160924, 0, 0, 0
4404, 8358385, 0, 0, 0
4505, 8452590, 0, 0, 0
4602, 8091675, 0, 0, 0
4708, 7531076, 0, 0, 0
4803, 7306463, 0, 0, 0
4905, 7235779, 0, 0, 0
5002, 7479047, 0, 0, 0
5104, 7826950, 0, 0, 0
5202, 8146658, 0, 0, 0
5309, 7592658, 0, 0, 0
5403, 7800437, 0, 0, 0
5505, 7853933, 0, 0, 0
5605, 7684211, 0, 0, 0
5701, 6873933, 0, 0, 0
5806, 7452327, 0, 0, 0
5902, 7357908, 0, 0, 0
6006, 7405542, 0, 0, 0
6105, 7614110, 0, 0, 0
6205, 7680349, 0, 0, 0
6303, 7484294, 0, 0, 0
6406, 7399492, 0, 0, 0
6505, 8181781, 0, 0, 0
6602, 7443777, 0, 0, 0
6700, 8134736, 0, 0, 0
6800, 7715015, 0, 0, 0
6906, 7566698, 0, 0, 0
7000, 7838079, 0, 0, 0
7102, 7771652, 0, 0, 0
7211, 7806234, 0, 0, 0
7300, 7415705, 0, 0, 0
7410, 7822773, 0, 0, 0
7502, 7619160, 0, 0, 0
7601, 8262983, 0, 0, 0
7704, 7874575, 0, 0, 0
7803, 8267066, 0, 0, 0
7903, 7696923, 0, 0, 0
8004, 7715818, 0, 0, 0
8108, 7463325, 0, 0, 0
8200, 6991569, 0, 0, 0
8301, 7758568, 0, 0, 0
8400, 7594223, 0, 0, 0
8504, 7410142, 0, 0, 0
8602, 8168108, 0, 0, 0
8703, 7790753, 0, 0, 0
8803, 8303412, 0, 0, 0
8900, 7444195, 0, 0, 0
9000, 8340351, 0, 0, 0
9101, 7146536, 0, 0, 0
9201, 7117854, 0, 0, 0
9301, 9075642, 0, 0, 0
9401, 7184052, 0, 0, 0
9501, 7672252, 0, 0, 0
9601, 7111567, 0, 0, 0
9700, 8267717, 0, 0, 0
9800, 6603389, 0, 0, 0
9905, 8084500, 0, 0, 0
10006, 7176355, 0, 0, 0
10100, 7239174, 0, 0, 0
10201, 7722492, 0, 0, 0
10302, 7757312, 0, 0, 0
10400, 7563654, 0, 0, 0
10501, 8367962, 0, 0, 0
10601, 7110084, 0, 0, 0
10700, 7624200, 0, 0, 0
10800, 8332639, 0, 0, 0
10906, 8107253, 0, 0, 0
11006, 7162383, 0, 0, 0
11106, 9056338, 0, 0, 0
11205, 8986556, 0, 0, 0
11301, 7973933, 0, 0, 0
11400, 8223004, 0, 0, 0
11504, 8640484, 0, 0, 0
11604, 7167437, 0, 0, 0
11705, 8404738, 0, 0, 0
11808, 8531192, 0, 0, 0
11901, 7740203, 0, 0, 0
12004, 7304785, 0, 0, 0
12105, 7784692, 0, 0, 0
12205, 8293232, 0, 0, 0
12307, 7850449, 0, 0, 0
12402, 7917834, 0, 0, 0
12500, 8170613, 0, 0, 0
12606, 8797340, 0, 0, 0
12706, 9099573, 0, 0, 0
12803, 8757445, 0, 0, 0
12900, 7466300, 0, 0, 0
13003, 7879434, 0, 0, 0
13101, 8208464, 0, 0, 0
13206, 7496528, 0, 0, 0
13305, 8197839, 0, 0, 0
13404, 8206559, 0, 0, 0
13506, 7830550, 0, 0, 0
13605, 7623493, 0, 0, 0
13705, 7124075, 0, 0, 0
13800, 7302483, 0, 0, 0
13906, 8135208, 0, 0, 0
14006, 8314407, 0, 0, 0
14104, 7029252, 0, 0, 0
14200, 7987221, 0, 0, 0
14306, 8106308, 0, 0, 0
14403, 7416269, 0, 0, 0
14502, 7066280, 0, 0, 0
14602, 7694035, 0, 0, 0
14703, 7766908, 0, 0, 0
14803, 7666080, 0, 0, 0
14906, 7900281, 0, 0, 0
15005, 7612352, 0, 0, 0
15100, 8596240, 0, 0, 0
15205, 6969806, 0, 0, 0
15306, 7755051, 0, 0, 0
15408, 7323217, 0, 0, 0
15510, 7795675, 0, 0, 0
15602, 8355437, 0, 0, 0
15700, 7477521, 0, 0, 0
15801, 7806961, 0, 0, 0
15902, 8343034, 0, 0, 0
16008, 7602145, 0, 0, 0
16107, 7045858, 0, 0, 0
16205, 7511437, 0, 0, 0
16301, 7973331, 0, 0, 0
16401, 7688275, 0, 0, 0
16505, 8666845, 0, 0, 0
16608, 7881600, 0, 0, 0
16700, 7636591, 0, 0, 0
16801, 7763271, 0, 0, 0
16907, 7538713, 0, 0, 0
17003, 7412695, 0, 0, 0
17106, 7300497, 0, 0, 0
17203, 8147596, 0, 0, 0
17310, 8858863, 0, 0, 0
17401, 8280892, 0, 0, 0
17503, 7775346, 0, 0, 0
17606, 7912199, 0, 0, 0
17702, 7990566, 0, 0, 0
17805, 8618069, 0, 0, 0
17904, 8247019, 0, 0, 0
18005, 7714321, 0, 0, 0
18103, 7547244, 0, 0, 0
18208, 8085849, 0, 0, 0
18307, 7540993, 0, 0, 0
18402, 7901469, 0, 0, 0
18504, 7295175, 0, 0, 0
18605, 6715767, 0, 0, 0
18702, 7431055, 0, 0, 0
18806, 7443221, 0, 0, 0
18901, 7914835, 0, 0, 0
19009, 8255521, 0, 0, 0
19102, 7764291, 0, 0, 0
19206, 7982729, 0, 0, 0
19303, 8046575, 0, 0, 0
19404, 7782973, 0, 0, 0
19506, 7283861, 0, 0, 0
19602, 7968854, 0, 0, 0
19710, 7686283, 0, 0, 0
19802, 7603774, 0, 0, 0
19903, 7761928, 0, 0, 0
20007, 8675553, 0, 0, 0
20101, 7785448, 0, 0, 0
20206, 7532631, 0, 0, 0
20304, 8128715, 0, 0, 0
20405, 7753756, 0, 0, 0
20506, 8428315, 0, 0, 0
20601, 7910023, 0, 0, 0
20700, 8173097, 0, 0, 0
20802, 7868571, 0, 0, 0
20904, 7803203, 0, 0, 0
21003, 7615551, 0, 0, 0
21100, 7456822, 0, 0, 0
21204, 7425960, 0, 0, 0
21303, 7566218, 0, 0, 0
21406, 7338626, 0, 0, 0
21503, 8855108, 0, 0, 0
21603, 7686747, 0, 0, 0
21702, 8242939, 0, 0, 0
21803, 8370540, 0, 0, 0
21902, 7617054, 0, 0, 0
22005, 7339864, 0, 0, 0
22103, 7514343, 0, 0, 0
22206, 7885212, 0, 0, 0
22304, 6969914, 0, 0, 0
22408, 8029934, 0, 0, 0
22502, 7808982, 0, 0, 0
22606, 7948065, 0, 0, 0
22702, 7394778, 0, 0, 0
22805, 7900675, 0, 0, 0
22905, 8300346, 0, 0, 0
23002, 7510884, 0, 0, 0
23103, 8340412, 0, 0, 0
23206, 7338806, 0, 0, 0
23305, 7652536, 0, 0, 0
23406, 7728027, 0, 0, 0
23500, 7794069, 0, 0, 0
23601, 7801930, 0, 0, 0
23705, 7413667, 0, 0, 0
23806, 7734739, 0, 0, 0
23904, 8128489, 0, 0, 0
24000, 7965759, 0, 0, 0
24103, 7362144, 0, 0, 0
24200, 7422738, 0, 0, 0
24302, 7323714, 0, 0, 0
24401, 8161397, 0, 0, 0
24501, 7159377, 0, 0, 0
24606, 7506383, 0, 0, 0
24702, 8645546, 0, 0, 0
24800, 7043308, 0, 0, 0
24900, 7084510, 0, 0, 0
25003, 7395988, 0, 0, 0
25111, 8231567, 0, 0, 0
25204, 8440362, 0, 0, 0
25300, 7410809, 0, 0, 0
25402, 7228670, 0, 0, 0
25501, 9035629, 0, 0, 0
25602, 7761372, 0, 0, 0
25701, 6568902, 0, 0, 0
25801, 7637698, 0, 0, 0
25903, 7846603, 0, 0, 0
26000, 7479082, 0, 0, 0
26100, 7641110, 0, 0, 0
26202, 7835887, 0, 0, 0
26303, 9169771, 0, 0, 0
26404, 7730189, 0, 0, 0
26503, 7618174, 0, 0, 0
26609, 8136503, 0, 0, 0
26705, 8714430, 0, 0, 0
26806, 7795639, 0, 0, 0
26907, 7705083, 0, 0, 0
27006, 7592692, 0, 0, 0
27108, 8527895, 0, 0, 0
27204, 8010655, 0, 0, 0
27302, 7467626, 0, 0, 0
27405, 7935877, 0, 0, 0
27502, 7429621, 0, 0, 0
27602, 7159293, 0, 0, 0
27706, 7431458, 0, 0, 0
27800, 7185612, 0, 0, 0
27903, 7899454, 0, 0, 0
28009, 8780023, 0, 0, 0
28103, 7226184, 0, 0, 0
28204, 7224895, 0, 0, 0
28312, 8285011, 0, 0, 0
28403, 8214956, 0, 0, 0
28502, 7651078, 0, 0, 0
28609, 8208645, 0, 0, 0
28706, 7452138, 0, 0, 0
28802, 7933001, 0, 0, 0
28907, 7532822, 0, 0, 0
29006, 8216791, 0, 0, 0
29104, 6990707, 0, 0, 0
29200, 7389421, 0, 0, 0
29302, 7767162, 0, 0, 0
29407, 7490816, 0, 0, 0
29500, 7725213, 0, 0, 0
29602, 7276520, 0, 0, 0
29707, 7038801, 0, 0, 0
29808, 7722201, 0, 0, 0
29902, 7784383, 0, 0, 0
30004, 7323101, 0, 0, 0
30109, 7488723, 0, 0, 0
30202, 7746076, 0, 0, 0
30304, 7768966, 0, 0, 0
30405, 7812951, 0, 0, 0
30507, 8441107, 0, 0, 0
30601, 7873956, 0, 0, 0
30705, 7977326, 0, 0, 0
30806, 7767736, 0, 0, 0
30905, 7051056, 0, 0, 0
31000, 7223052, 0, 0, 0
31100, 7150595, 0, 0, 0
31203, 7879819, 0, 0, 0
31301, 7564364, 0, 0, 0
31400, 8264271, 0, 0, 0
31501, 7722325, 0, 0, 0
31607, 8780170, 0, 0, 0
31702, 7947534, 0, 0, 0
31805, 7912890, 0, 0, 0
31902, 8033057, 0, 0, 0
32001, 7645591, 0, 0, 0
32101, 8287407, 0, 0, 0
32202, 7198404, 0, 0, 0
32307, 8040359, 0, 0, 0
32400, 7179219, 0, 0, 0
32500, 8271185, 0, 0, 0
32606, 7545679, 0, 0, 0
32702, 7356072, 0, 0, 0
32800, 8185449, 0, 0, 0
32900, 8351698, 0, 0, 0
33003, 8510542, 0, 0, 0
33104, 7810267, 0, 0, 0
33207, 7314508, 0, 0, 0
33307, 7167053, 0, 0, 0
33406, 7596937, 0, 0, 0
33501, 7881817, 0, 0, 0
33600, 7035906, 0, 0, 0
33705, 8061909, 0, 0, 0
33806, 9139319, 0, 0, 0
33904, 8201216, 0, 0, 0
34000, 7985629, 0, 0, 0
34104, 8653742, 0, 0, 0
34203, 8200122, 0, 0, 0
34305, 7814313, 0, 0, 0
34405, 7186575, 0, 0, 0
34503, 8120646, 0, 0, 0
34605, 7802236, 0, 0, 0
34701, 7420589, 0, 0, 0
34802, 7206152, 0, 0, 0
34904, 7245651, 0, 0, 0
35002, 7497610, 0, 0, 0
35105, 7896857, 0, 0, 0
35202, 8140014, 0, 0, 0
35304, 7249646, 0, 0, 0
35403, 7051022, 0, 0, 0
35501, 8168369, 0, 0, 0
35609, 8285878, 0, 0, 0
35701, 8347272, 0, 0, 0
35805, 7391972, 0, 0, 0
35901, 8007772, 0, 0, 0
36002, 7780634, 0, 0, 0
36100, 7497132, 0, 0, 0
36205, 7459222, 0, 0, 0
36304, 7627988, 0, 0, 0
36404, 7702803, 0, 0, 0
36505, 7163047, 0, 0, 0
36606, 7240658, 0, 0, 0
36701, 7257540, 0, 0, 0
36801, 7660042, 0, 0, 0
36903, 7879866, 0, 0, 0
37001, 8144217, 0, 0, 0
37103, 8437882, 0, 0, 0
37205, 8495343, 0, 0, 0
37304, 7606549, 0, 0, 0
37403, 7621400, 0, 0, 0
37506, 7315281, 0, 0, 0
37602, 7386298, 0, 0, 0
37704, 7253972, 0, 0, 0
37803, 7665847, 0, 0, 0
37902, 8164405, 0, 0, 0
38002, 8317307, 0, 0, 0
38105, 7943509, 0, 0, 0
38202, 8017398, 0, 0, 0
38302, 7728989, 0, 0, 0
38404, 7819425, 0, 0, 0
38505, 7774632, 0, 0, 0
38603, 8103148, 0, 0, 0
38706, 7326313, 0, 0, 0
38804, 7550992, 0, 0, 0
38900, 6850416, 0, 0, 0
39003, 7372836, 0, 0, 0
39107, 7360907, 0, 0, 0
39211, 8040738, 0, 0, 0
39304, 7698507, 0, 0, 0
39403, 7585175, 0, 0, 0
39505, 7814932, 0, 0, 0
39600, 7919693, 0, 0, 0
39704, 7407922, 0, 0, 0
39801, 7441457, 0, 0, 0
39900, 7636427, 0, 0, 0
40005, 7472233, 0, 0, 0
40105, 8279415, 0, 0, 0
40205, 7725733, 0, 0, 0
40301, 6849393, 0, 0, 0
40401, 7625808, 0, 0, 0
40505, 7965517, 0, 0, 0
40607, 9300594, 0, 0, 0
40704, 7408216, 0, 0, 0
40806, 8502113, 0, 0, 0
40905, 8288446, 0, 0, 0
41006, 7703589, 0, 0, 0
41101, 7960394, 0, 0, 0
41203, 9194461, 0, 0, 0
41305, 7816991, 0, 0, 0
41402, 8083371, 0, 0, 0
41506, 7400976, 0, 0, 0
41604, 8155349, 0, 0, 0
41706, 6842662, 0, 0, 0
41807, 7165770, 0, 0, 0
41902, 7931330, 0, 0, 0
42001, 8933478, 0, 0, 0
42100, 7593363, 0, 0, 0
42206, 9629903, 0, 0, 0
42305, 8255046, 0, 0, 0
42400, 7930504, 0, 0, 0
42503, 10280017, 0, 0, 0
42600, 8752000, 0, 0, 0
42705, 8067093, 0, 0, 0
42802, 7435576, 0, 0, 0
42902, 8330967, 0, 0, 0
43007, 7456368, 0, 0, 0
43105, 8145484, 0, 0, 0
43206, 8469374, 0, 0, 0
43308, 8438439, 0, 0, 0
43406, 6967453, 0, 0, 0
43501, 7958918, 0, 0, 0
43605, 8615030, 0, 0, 0
43708, 7939147, 0, 0, 0
43807, 8951444, 0, 0, 0
43905, 8196935, 0, 0, 0
44006, 7752603, 0, 0, 0
44105, 8205759, 0, 0, 0
44203, 7550501, 0, 0, 0
44303, 7112991, 0, 0, 0
44406, 7314152, 0, 0, 0
44508, 7860674, 0, 0, 0
44605, 7398683, 0, 0, 0
44704, 8241686, 0, 0, 0
44802, 7513016, 0, 0, 0
44902, 7131534, 0, 0, 0
45002, 7725380, 0, 0, 0
45108, 8074979, 0, 0, 0
45205, 7502236, 0, 0, 0
45301, 8702346, 0, 0, 0
45400, 8225801, 0, 0, 0
45505, 8095553, 0, 0, 0
45606, 8332683, 0, 0, 0
45707, 7794505, 0, 0, 0
45804, 7462193, 0, 0, 0
45903, 8182622, 0, 0, 0
46007, 7975160, 0, 0, 0
46104, 8105220, 0, 0, 0
46208, 7394536, 0, 0, 0
46306, 7532237, 0, 0, 0
46402, 8712874, 0, 0, 0
46507, 7514307, 0, 0, 0
46601, 7823440, 0, 0, 0
46707, 7526662, 0, 0, 0
46805, 7560039, 0, 0, 0
46902, 8036853, 0, 0, 0
47002, 7645996, 0, 0, 0
47100, 8927392, 0, 0, 0
47205, 7448765, 0, 0, 0
47302, 8117925, 0, 0, 0
47404, 8502105, 0, 0, 0
47503, 8183798, 0, 0, 0
47601, 8145144, 0, 0, 0
47702, 7800050, 0, 0, 0
47802, 8316623, 0, 0, 0
47902, 7087725, 0, 0, 0
48004, 7825016, 0, 0, 0
48100, 7412178, 0, 0, 0
48207, 7136767, 0, 0, 0
48300, 7703562, 0, 0, 0
48405, 7489141, 0, 0, 0
48500, 8596534, 0, 0, 0
48604, 7411368, 0, 0, 0
48701, 7470654, 0, 0, 0
48800, 7575809, 0, 0, 0
48900, 8364573, 0, 0, 0
49000, 8293140, 0, 0, 0
49102, 7854092, 0, 0, 0
49207, 6964370, 0, 0, 0
49300, 7706952, 0, 0, 0
49405, 8059692, 0, 0, 0
49502, 7437386, 0, 0, 0
49604, 7814086, 0, 0, 0
49705, 8467120, 0, 0, 0
49802, 7432331, 0, 0, 0
49901, 7052751, 0, 0, 0
50004, 7904939, 0, 0, 0
50101, 7412251, 0, 0, 0
50202, 7200881, 0, 0, 0
50302, 7697142, 0, 0, 0
50404, 8495252, 0, 0, 0
50503, 7599080, 0, 0, 0
50604, 8392411, 0, 0, 0
50708, 8618692, 0, 0, 0
50801, 7741670, 0, 0, 0
50900, 7647205, 0, 0, 0
51005, 8065169, 0, 0, 0
51106, 7140999, 0, 0, 0
51205, 7618852, 0, 0, 0
51304, 8223948, 0, 0, 0
51403, 7577692, 0, 0, 0
51502, 7597094, 0, 0, 0
51601, 8271341, 0, 0, 0
51701, 7131810, 0, 0, 0
51801, 7697899, 0, 0, 0
51904, 7295890, 0, 0, 0
52004, 8360228, 0, 0, 0
52107, 7884417, 0, 0, 0
52200, 7125806, 0, 0, 0
52306, 8113178, 0, 0, 0
52400, 7820021, 0, 0, 0
52506, 8144981, 0, 0, 0
52602, 8001048, 0, 0, 0
52708, 8117965, 0, 0, 0
52808, 8315000, 0, 0, 0
52901, 7137524, 0, 0, 0
53003, 6811935, 0, 0, 0
53104, 8366167, 0, 0, 0
53203, 7599014, 0, 0, 0
53304, 7734642, 0, 0, 0
53405, 7782037, 0, 0, 0
53512, 7649793, 0, 0, 0
53600, 7974342, 0, 0, 0
53703, 7371849, 0, 0, 0
53801, 7517271, 0, 0, 0
53906, 8017253, 0, 0, 0
54002, 7962624, 0, 0, 0
54101, 7614964, 0, 0, 0
54208, 8212807, 0, 0, 0
54301, 8479873, 0, 0, 0
54404, 7880588, 0, 0, 0
54502, 7557104, 0, 0, 0
54600, 7504798, 0, 0, 0
54705, 8064385, 0, 0, 0
54802, 7420295, 0, 0, 0
54906, 8028931, 0, 0, 0
55003, 7407444, 0, 0, 0
55108, 8091719, 0, 0, 0
55201, 7706770, 0, 0, 0
55301, 8299612, 0, 0, 0
55402, 7784600, 0, 0, 0
55505, 7923590, 0, 0, 0
55604, 7604609, 0, 0, 0
55703, 7581967, 0, 0, 0
55801, 8149561, 0, 0, 0
55910, 8346224, 0, 0, 0
56007, 8109427, 0, 0, 0
56104, 8092286, 0, 0, 0
56201, 7998296, 0, 0, 0
56305, 8052322, 0, 0, 0
56404, 7553998, 0, 0, 0
56506, 7819290, 0, 0, 0
56601, 7899597, 0, 0, 0
56700, 9012691, 0, 0, 0
56800, 8353287, 0, 0, 0
56901, 8390829, 0, 0, 0
57005, 8604956, 0, 0, 0
57101, 8774995, 0, 0, 0
57206, 7459114, 0, 0, 0
57308, 8469592, 0, 0, 0
57401, 7734766, 0, 0, 0
57506, 8759792, 0, 0, 0
57601, 7902695, 0, 0, 0
57702, 7187121, 0, 0, 0
57802, 9059778, 0, 0, 0
57906, 6892200, 0, 0, 0
58002, 8032614, 0, 0, 0
58104, 7852499, 0, 0, 0
58202, 7512788, 0, 0, 0
58303, 7206673, 0, 0, 0
58409, 8767830, 0, 0, 0
58501, 8334133, 0, 0, 0
58606, 8075194, 0, 0, 0
58708, 7281621, 0, 0, 0
58805, 8790468, 0, 0, 0
58905, 7691584, 0, 0, 0
59000, 7313083, 0, 0, 0
59104, 7912242, 0, 0, 0
59207, 7927733, 0, 0, 0
59305, 8165019, 0, 0, 0
59403, 7520414, 0, 0, 0
59501, 6965025, 0, 0, 0
59605, 8630043, 0, 0, 0
59706, 7813262, 0, 0, 0
59805, 8240413, 0, 0, 0
59906, 7680893, 0, 0, 0
60006, 7177816, 0, 0, 0
60104, 8098806, 0, 0, 0
60200, 6873493, 0, 0, 0
60300, 8347367, 0, 0, 0
60405, 7481296, 0, 0, 0
60500, 7903982, 0, 0, 0
60606, 7514169, 0, 0, 0
60700, 6722084, 0, 0, 0
60804, 7396276, 0, 0, 0
60902, 7560203, 0, 0, 0
61005, 7308075, 0, 0, 0
61101, 8003037, 0, 0, 0
61201, 8289078, 0, 0, 0
61302, 7749841, 0, 0, 0
61404, 7837756, 0, 0, 0
61509, 9565717, 0, 0, 0
61602, 8384525, 0, 0, 0
61703, 7758837, 0, 0, 0
61802, 7650149, 0, 0, 0
61908, 7523845, 0, 0, 0
62006, 8884232, 0, 0, 0
62110, 7397153, 0, 0, 0
62203, 7150029, 0, 0, 0
62302, 8219619, 0, 0, 0
62404, 7843140, 0, 0, 0
62505, 7798237, 0, 0, 0
62603, 7531328, 0, 0, 0
62704, 7697365, 0, 0, 0
62801, 7489985, 0, 0, 0
62906, 7459461, 0, 0, 0
63006, 7681549, 0, 0, 0
63104, 8121691, 0, 0, 0
63200, 8729283, 0, 0, 0
63306, 8114827, 0, 0, 0
63402, 8026040, 0, 0, 0
63505, 6844506, 0, 0, 0
63604, 7596230, 0, 0, 0
63705, 7220949, 0, 0, 0
63806, 7757444, 0, 0, 0
63902, 7970114, 0, 0, 0
64004, 8476572, 0, 0, 0
64100, 7393733, 0, 0, 0
64203, 8543964, 0, 0, 0
64302, 7577523, 0, 0, 0
64402, 7679936, 0, 0, 0
64504, 7820159, 0, 0, 0
64605, 7784468, 0, 0, 0
64703, 8177783, 0, 0, 0
64801, 7495725, 0, 0, 0
64906, 7482056, 0, 0, 0
65002, 7366264, 0, 0, 0
65100, 8911758, 0, 0, 0
65204, 8686071, 0, 0, 0
65302, 6932744, 0, 0, 0
65404, 7818480, 0, 0, 0
65503, 7124674, 0, 0, 0
65607, 7970870, 0, 0, 0
65701, 7748775, 0, 0, 0
65803, 7271737, 0, 0, 0
65908, 7544020, 0, 0, 0
66005, 6881716, 0, 0, 0
66102, 7489268, 0, 0, 0
66204, 7812963, 0, 0, 0
66302, 8097847, 0, 0, 0
66406, 8026225, 0, 0, 0
66505, 7037365, 0, 0, 0
66605, 7678757, 0, 0, 0
66703, 7550784, 0, 0, 0
66802, 8201676, 0, 0, 0
66903, 7751634, 0, 0, 0
67008, 8759898, 0, 0, 0
67107, 8203062, 0, 0, 0
67200, 7156438, 0, 0, 0
67300, 7689727, 0, 0, 0
67400, 7106482, 0, 0, 0
67504, 7962337, 0, 0, 0
67605, 7727123, 0, 0, 0
67712, 8223365, 0, 0, 0
67807, 7912363, 0, 0, 0
67908, 7749173, 0, 0, 0
68004, 7363958, 0, 0, 0
68104, 7683648, 0, 0, 0
68206, 7288489, 0, 0, 0
68302, 7994928, 0, 0, 0
68404, 7285981, 0, 0, 0
68505, 7749098, 0, 0, 0
68600, 7845457, 0, 0, 0
68700, 7119798, 0, 0, 0
68802, 7287280, 0, 0, 0
68902, 7651197, 0, 0, 0
69002, 7169278, 0, 0, 0
69102, 7621865, 0, 0, 0
69204, 7287375, 0, 0, 0
69306, 7278708, 0, 0, 0
69404, 8188111, 0, 0, 0
69505, 8376337, 0, 0, 0
69600, 7844332, 0, 0, 0
69701, 7760405, 0, 0, 0
69806, 8079604, 0, 0, 0
69913, 7619419, 0, 0, 0
70006, 8497824, 0, 0, 0
70105, 8913060, 0, 0, 0
70204, 7649740, 0, 0, 0
70307, 7926308, 0, 0, 0
70402, 8587928, 0, 0, 0
70502, 7697078, 0, 0, 0
70605, 6854308, 0, 0, 0
70700, 6718993, 0, 0, 0
70803, 8631460, 0, 0, 0
70902, 8972674, 0, 0, 0
71007, 7474474, 0, 0, 0
71101, 8502630, 0, 0, 0
71201, 7658302, 0, 0, 0
71303, 7833706, 0, 0, 0
71401, 7524046, 0, 0, 0
71506, 7513277, 0, 0, 0
71604, 7001221, 0, 0, 0
71706, 8442769, 0, 0, 0
71800, 7233645, 0, 0, 0
71901, 7194881, 0, 0, 0
72004, 7316477, 0, 0, 0
72101, 7491547, 0, 0, 0
72207, 8134067, 0, 0, 0
72303, 7352248, 0, 0, 0
72406, 8556855, 0, 0, 0
72503, 7487868, 0, 0, 0
72600, 7443890, 0, 0, 0
72701, 7214834, 0, 0, 0
72804, 7310673, 0, 0, 0
72907, 7902850, 0, 0, 0
73006, 8257757, 0, 0, 0
73104, 8857204, 0, 0, 0
73201, 8103100, 0, 0, 0
73305, 7956040, 0, 0, 0
73402, 7470160, 0, 0, 0
73505, 7322405, 0, 0, 0
73602, 7420098, 0, 0, 0
73702, 7704890, 0, 0, 0
73803, 7705709, 0, 0, 0
73901, 8152216, 0, 0, 0
74001, 7160965, 0, 0, 0
74104, 7926798, 0, 0, 0
74200, 7384647, 0, 0, 0
74301, 7735696, 0, 0, 0
74402, 6694309, 0, 0, 0
74502, 7647768, 0, 0, 0
74604, 7326490, 0, 0, 0
74700, 7377589, 0, 0, 0
74804, 8588480, 0, 0, 0
74906, 7836220, 0, 0, 0
75003, 8121281, 0, 0, 0
75106, 7286128, 0, 0, 0
75200, 7224583, 0, 0, 0
75301, 7220995, 0, 0, 0
75404, 7304877, 0, 0, 0
75506, 8559832, 0, 0, 0
75602, 7335169, 0, 0, 0
75700, 7550198, 0, 0, 0
75806, 7042348, 0, 0, 0
75902, 7964507, 0, 0, 0
76004, 7269034, 0, 0, 0
76107, 7904630, 0, 0, 0
76205, 7499691, 0, 0, 0
76304, 7651385, 0, 0, 0
76402, 8841975, 0, 0, 0
76502, 7680857, 0, 0, 0
76603, 7761178, 0, 0, 0
76702, 8968813, 0, 0, 0
76800, 7516357, 0, 0, 0
76905, 8063591, 0, 0, 0
77002, 7482953, 0, 0, 0
77100, 8121974, 0, 0, 0
77205, 8035922, 0, 0, 0
77304, 7664164, 0, 0, 0
77401, 8057923, 0, 0, 0
77503, 7249202, 0, 0, 0
77600, 8054940, 0, 0, 0
77705, 8102078, 0, 0, 0
77804, 8188919, 0, 0, 0
77903, 7077262, 0, 0, 0
78000, 8798131, 0, 0, 0
78101, 9120546, 0, 0, 0
78206, 8054187, 0, 0, 0
78302, 8047331, 0, 0, 0
78405, 7905235, 0, 0, 0
78500, 7269520, 0, 0, 0
78604, 7946555, 0, 0, 0
78702, 8155668, 0, 0, 0
78803, 7233194, 0, 0, 0
78905, 7269252, 0, 0, 0
79006, 7190841, 0, 0, 0
79105, 7632245, 0, 0, 0
79200, 7286437, 0, 0, 0
79308, 8255483, 0, 0, 0
79406, 7561995, 0, 0, 0
79502, 7968211, 0, 0, 0
79600, 8860338, 0, 0, 0
79700, 8324707, 0, 0, 0
79805, 7464039, 0, 0, 0
79902, 7504013, 0, 0, 0
80004, 7827680, 0, 0, 0
80102, 8117656, 0, 0, 0
80203, 8430897, 0, 0, 0
80302, 8204749, 0, 0, 0
80403, 7220654, 0, 0, 0
80502, 7010025, 0, 0, 0
80605, 8560378, 0, 0, 0
80701, 8020179, 0, 0, 0
80800, 7572299, 0, 0, 0
80905, 7493703, 0, 0, 0
81002, 8084265, 0, 0, 0
81100, 7498741, 0, 0, 0
81203, 6845823, 0, 0, 0
81306, 8607413, 0, 0, 0
81402, 7358965, 0, 0, 0
81505, 7902606, 0, 0, 0
81607, 7251758, 0, 0, 0
81700, 7158420, 0, 0, 0
81801, 7209366, 0, 0, 0
81905, 7413032, 0, 0, 0
82003, 7534911, 0, 0, 0
82106, 8507967, 0, 0, 0
82202, 8746520, 0, 0, 0
82305, 7312820, 0, 0, 0
82403, 7557669, 0, 0, 0
82501, 8909999, 0, 0, 0
82602, 7720808, 0, 0, 0
82700, 7016104, 0, 0, 0
82808, 7684849, 0, 0, 0
82907, 8259763, 0, 0, 0
83005, 8119469, 0, 0, 0
83107, 7797537, 0, 0, 0
83202, 7367099, 0, 0, 0
83307, 7477338, 0, 0, 0
83401, 8517978, 0, 0, 0
83501, 7643241, 0, 0, 0
83604, 7928621, 0, 0, 0
83706, 7292336, 0, 0, 0
83804, 7493195, 0, 0, 0
83903, 8260007, 0, 0, 0
84002, 8238163, 0, 0, 0
84105, 7905600, 0, 0, 0
84203, 8131439, 0, 0, 0
84301, 7009645, 0, 0, 0
84400, 7572553, 0, 0, 0
84501, 7759396, 0, 0, 0
84607, 7514201, 0, 0, 0
84700, 7765370, 0, 0, 0
84804, 6893390, 0, 0, 0
84905, 7221161, 0, 0, 0
85005, 7705516, 0, 0, 0
85105, 7641004, 0, 0, 0
85206, 7801198, 0, 0, 0
85301, 7883222, 0, 0, 0
85400, 8187486, 0, 0, 0
85505, 7529496, 0, 0, 0
85603, 6981997, 0, 0, 0
85700, 7452723, 0, 0, 0
85802, 7252921, 0, 0, 0
85900, 8167285, 0, 0, 0
86000, 8267175, 0, 0, 0
86100, 7667460, 0, 0, 0
86205, 8116337, 0, 0, 0
86305, 7665526, 0, 0, 0
86405, 7087626, 0, 0, 0
86503, 8160842, 0, 0, 0
86602, 7631177, 0, 0, 0
86704, 7818903, 0, 0, 0
86807, 8559658, 0, 0, 0
86904, 8031158, 0, 0, 0
87007, 7930899, 0, 0, 0
87105, 8190327, 0, 0, 0
87208, 7875543, 0, 0, 0
87306, 8140957, 0, 0, 0
87405, 7619267, 0, 0, 0
87506, 7747138, 0, 0, 0
87611, 8045598, 0, 0, 0
87701, 7484096, 0, 0, 0
87800, 8268694, 0, 0, 0
87906, 7022022, 0, 0, 0
88004, 8182218, 0, 0, 0
88109, 8006742, 0, 0, 0
88202, 7135756, 0, 0, 0
88305, 6863016, 0, 0, 0
88402, 8108744, 0, 0, 0
88508, 7519804, 0, 0, 0
88601, 7160059, 0, 0, 0
88708, 7633749, 0, 0, 0
88804, 7944455, 0, 0, 0
88903, 7579957, 0, 0, 0
89007, 7989308, 0, 0, 0
89105, 7559321, 0, 0, 0
89202, 7439140, 0, 0, 0
89304, 7785514, 0, 0, 0
89404, 7747099, 0, 0, 0
89510, 8109928, 0, 0, 0
89602, 7612163, 0, 0, 0
89703, 8403292, 0, 0, 0
89801, 8189899, 0, 0, 0
89904, 7868095, 0, 0, 0
90003, 7612544, 0, 0, 0
