100, 742034, 0, 0, 0
200, 708389, 0, 0, 0
300, 772566, 0, 0, 0
400, 728086, 0, 0, 0
500, 739692, 0, 0, 0
600, 736042, 0, 0, 0
700, 754501, 0, 0, 0
800, 716836, 0, 0, 0
900, 732611, 0, 0, 0
1000, 700801, 0, 0, 0
1100, 750176, 0, 0, 0
1200, 700905, 0, 0, 0
1300, 751072, 0, 0, 0
1400, 745209, 0, 0, 0
1500, 731138, 0, 0, 0
1600, 727589, 0, 0, 0
1700, 767463, 0, 0, 0
1800, 773260, 0, 0, 0
1900, 741816, 0, 0, 0
2000, 776327, 0, 0, 0
2100, 746468, 0, 0, 0
2200, 752638, 0, 0, 0
2300, 748930, 0, 0, 0
2400, 732426, 0, 0, 0
2500, 757706, 0, 0, 0
2600, 740171, 0, 0, 0
2700, 745810, 0, 0, 0
2800, 722638, 0, 0, 0
2900, 728774, 0, 0, 0
3000, 738027, 0, 0, 0
3100, 761346, 0, 0, 0
3200, 774558, 0, 0, 0
3300, 777715, 0, 0, 0
3400, 736818, 0, 0, 0
3500, 757051, 0, 0, 0
3600, 715848, 0, 0, 0
3700, 742740, 0, 0, 0
3800, 708386, 0, 0, 0
3900, 760922, 0, 0, 0
4000, 744433, 0, 0, 0
4100, 724702, 0, 0, 0
4200, 713882, 0, 0, 0
4300, 721651, 0, 0, 0
4400, 735252, 0, 0, 0
4500, 710262, 0, 0, 0
4600, 739278, 0, 0, 0
4700, 736069, 0, 0, 0
4800, 760282, 0, 0, 0
4900, 779767, 0, 0, 0
5000, 721240, 0, 0, 0
5100, 752540, 0, 0, 0
5200, 704699, 0, 0, 0
5300, 752397, 0, 0, 0
5400, 714814, 0, 0, 0
5500, 732687, 0, 0, 0
5600, 750425, 0, 0, 0
5700, 761329, 0, 0, 0
5800, 756790, 0, 0, 0
5900, 727544, 0, 0, 0
6000, 731671, 0, 0, 0
6100, 732794, 0, 0, 0
6200, 800689, 0, 0, 0
6300, 723583, 0, 0, 0
6400, 771120, 0, 0, 0
6500, 735660, 0, 0, 0
6600, 752246, 0, 0, 0
6700, 748107, 0, 0, 0
6800, 750563, 0, 0, 0
6900, 723145, 0, 0, 0
7000, 742051, 0, 0, 0
7100, 740143, 0, 0, 0
7200, 743657, 0, 0, 0
7300, 711129, 0, 0, 0
7400, 743935, 0, 0, 0
7500, 725622, 0, 0, 0
7600, 725419, 0, 0, 0
7700, 720193, 0, 0, 0
7800, 750728, 0, 0, 0
7900, 733056, 0, 0, 0
8000, 743425, 0, 0, 0
8100, 751954, 0, 0, 0
8200, 744920, 0, 0, 0
8300, 765361, 0, 0, 0
8400, 735395, 0, 0, 0
8500, 733329, 0, 0, 0
8600, 743354, 0, 0, 0
8700, 765868, 0, 0, 0
8800, 710003, 0, 0, 0
8900, 723631, 0, 0, 0
9000, 786907, 0, 0, 0
9100, 744913, 0, 0, 0
9200, 752714, 0, 0, 0
9300, 738865, 0, 0, 0
9400, 725719, 0, 0, 0
9500, 773306, 0, 0, 0
9600, 711917, 0, 0, 0
9700, 739099, 0, 0, 0
9800, 749524, 0, 0, 0
9900, 721140, 0, 0, 0
10000, 725294, 0, 0, 0
10100, 738164, 0, 0, 0
10200, 793251, 0, 0, 0
10300, 715677, 0, 0, 0
10400, 715942, 0, 0, 0
10500, 792867, 0, 0, 0
10600, 753800, 0, 0, 0
10700, 749354, 0, 0, 0
10800, 740324, 0, 0, 0
10900, 737710, 0, 0, 0
11000, 719272, 0, 0, 0
11100, 755814, 0, 0, 0
11200, 726665, 0, 0, 0
11300, 764305, 0, 0, 0
11400, 755093, 0, 0, 0
11500, 736907, 0, 0, 0
11600, 739777, 0, 0, 0
11700, 732431, 0, 0, 0
11800, 747018, 0, 0, 0
11900, 719765, 0, 0, 0
12000, 738295, 0, 0, 0
12100, 721200, 0, 0, 0
12200, 736384, 0, 0, 0
12300, 729049, 0, 0, 0
12400, 775176, 0, 0, 0
12500, 751165, 0, 0, 0
12600, 799315, 0, 0, 0
12700, 746174, 0, 0, 0
12800, 755912, 0, 0, 0
12900, 794490, 0, 0, 0
13000, 775895, 0, 0, 0
13100, 730507, 0, 0, 0
13200, 766111, 0, 0, 0
13300, 731432, 0, 0, 0
13400, 750725, 0, 0, 0
13500, 750291, 0, 0, 0
13600, 764815, 0, 0, 0
13700, 733034, 0, 0, 0
13800, 760202, 0, 0, 0
13900, 770264, 0, 0, 0
14000, 704223, 0, 0, 0
14100, 762614, 0, 0, 0
14200, 734426, 0, 0, 0
14300, 738347, 0, 0, 0
14400, 734434, 0, 0, 0
14500, 744718, 0, 0, 0
14600, 711286, 0, 0, 0
14700, 762663, 0, 0, 0
14800, 741845, 0, 0, 0
14900, 801642, 0, 0, 0
15000, 752197, 0, 0, 0
15100, 722092, 0, 0, 0
15200, 743471, 0, 0, 0
15300, 712672, 0, 0, 0
15400, 747463, 0, 0, 0
15500, 740187, 0, 0, 0
15600, 746730, 0, 0, 0
15700, 700814, 0, 0, 0
15800, 772103, 0, 0, 0
15900, 744126, 0, 0, 0
16000, 743497, 0, 0, 0
16100, 724888, 0, 0, 0
16200, 757552, 0, 0, 0
16300, 720066, 0, 0, 0
16400, 743348, 0, 0, 0
16500, 735371, 0, 0, 0
16600, 731994, 0, 0, 0
16700, 723324, 0, 0, 0
16800, 718867, 0, 0, 0
16900, 749410, 0, 0, 0
17000, 702764, 0, 0, 0
17100, 741497, 0, 0, 0
17200, 736812, 0, 0, 0
17300, 743696, 0, 0, 0
17400, 742104, 0, 0, 0
17500, 757664, 0, 0, 0
17600, 721854, 0, 0, 0
17700, 759772, 0, 0, 0
17800, 742639, 0, 0, 0
17900, 773262, 0, 0, 0
18000, 743423, 0, 0, 0
18100, 731704, 0, 0, 0
18200, 706180, 0, 0, 0
18300, 729252, 0, 0, 0
18400, 716606, 0, 0, 0
18500, 736266, 0, 0, 0
18600, 728677, 0, 0, 0
18700, 759028, 0, 0, 0
18800, 742224, 0, 0, 0
18900, 751919, 0, 0, 0
19000, 732864, 0, 0, 0
19100, 713064, 0, 0, 0
19200, 727375, 0, 0, 0
19300, 725064, 0, 0, 0
19400, 726037, 0, 0, 0
19500, 727572, 0, 0, 0
19600, 726070, 0, 0, 0
19700, 753662, 0, 0, 0
19800, 698851, 0, 0, 0
19900, 729824, 0, 0, 0
20000, 726874, 0, 0, 0
20100, 793577, 0, 0, 0
20200, 739277, 0, 0, 0
20300, 758806, 0, 0, 0
20400, 732669, 0, 0, 0
20500, 733236, 0, 0, 0
20600, 777114, 0, 0, 0
20700, 746715, 0, 0, 0
20800, 748971, 0, 0, 0
20900, 743848, 0, 0, 0
21000, 722336, 0, 0, 0
21100, 760780, 0, 0, 0
21200, 761558, 0, 0, 0
21300, 727912, 0, 0, 0
21400, 739398, 0, 0, 0
21500, 747514, 0, 0, 0
21600, 726967, 0, 0, 0
21700, 726288, 0, 0, 0
21800, 741793, 0, 0, 0
21900, 749157, 0, 0, 0
22000, 763162, 0, 0, 0
22100, 737832, 0, 0, 0
22200, 748934, 0, 0, 0
22300, 709391, 0, 0, 0
22400, 714984, 0, 0, 0
22500, 725269, 0, 0, 0
22600, 727899, 0, 0, 0
22700, 782245, 0, 0, 0
22800, 731207, 0, 0, 0
22900, 721364, 0, 0, 0
23000, 707767, 0, 0, 0
23100, 753612, 0, 0, 0
23200, 736493, 0, 0, 0
23300, 733658, 0, 0, 0
23400, 728050, 0, 0, 0
23500, 727992, 0, 0, 0
23600, 703482, 0, 0, 0
23700, 745468, 0, 0, 0
23800, 732041, 0, 0, 0
23900, 737334, 0, 0, 0
24000, 740041, 0, 0, 0
24100, 751898, 0, 0, 0
24200, 714455, 0, 0, 0
24300, 723650, 0, 0, 0
24400, 746081, 0, 0, 0
24500, 748494, 0, 0, 0
24600, 713281, 0, 0, 0
24700, 725190, 0, 0, 0
24800, 762854, 0, 0, 0
24900, 748304, 0, 0, 0
25000, 731947, 0, 0, 0
25100, 749226, 0, 0, 0
25200, 758040, 0, 0, 0
25300, 754109, 0, 0, 0
25400, 729907, 0, 0, 0
25500, 767603, 0, 0, 0
25600, 726415, 0, 0, 0
25700, 726206, 0, 0, 0
25800, 777622, 0, 0, 0
25900, 761085, 0, 0, 0
26000, 750277, 0, 0, 0
26100, 791645, 0, 0, 0
26200, 726615, 0, 0, 0
26300, 705260, 0, 0, 0
26400, 730468, 0, 0, 0
26500, 716901, 0, 0, 0
26600, 808697, 0, 0, 0
26700, 726172, 0, 0, 0
26800, 756702, 0, 0, 0
26900, 756060, 0, 0, 0
27000, 748005, 0, 0, 0
27100, 730205, 0, 0, 0
27200, 743104, 0, 0, 0
27300, 740744, 0, 0, 0
27400, 714617, 0, 0, 0
27500, 785629, 0, 0, 0
27600, 730500, 0, 0, 0
27700, 740449, 0, 0, 0
27800, 742706, 0, 0, 0
27900, 735927, 0, 0, 0
28000, 733355, 0, 0, 0
28100, 783028, 0, 0, 0
28200, 765278, 0, 0, 0
28300, 724811, 0, 0, 0
28400, 732188, 0, 0, 0
28500, 744087, 0, 0, 0
28600, 722804, 0, 0, 0
28700, 744982, 0, 0, 0
28800, 738338, 0, 0, 0
28900, 734935, 0, 0, 0
29000, 741871, 0, 0, 0
29100, 729074, 0, 0, 0
29200, 762394, 0, 0, 0
29300, 731161, 0, 0, 0
29400, 758672, 0, 0, 0
29500, 740371, 0, 0, 0
29600, 728024, 0, 0, 0
29700, 750003, 0, 0, 0
29800, 763149, 0, 0, 0
29900, 746748, 0, 0, 0
30000, 795197, 0, 0, 0
30100, 759181, 0, 0, 0
30200, 723927, 0, 0, 0
30300, 752755, 0, 0, 0
30400, 725343, 0, 0, 0
30500, 755878, 0, 0, 0
30600, 708642, 0, 0, 0
30700, 714962, 0, 0, 0
30800, 777460, 0, 0, 0
30900, 733786, 0, 0, 0
31000, 769168, 0, 0, 0
31100, 751895, 0, 0, 0
31200, 728780, 0, 0, 0
31300, 721654, 0, 0, 0
31400, 742758, 0, 0, 0
31500, 717060, 0, 0, 0
31600, 730809, 0, 0, 0
31700, 723451, 0, 0, 0
31800, 715355, 0, 0, 0
31900, 770772, 0, 0, 0
32000, 745628, 0, 0, 0
32100, 733287, 0, 0, 0
32200, 737152, 0, 0, 0
32300, 733498, 0, 0, 0
32400, 731126, 0, 0, 0
32500, 747941, 0, 0, 0
32600, 704791, 0, 0, 0
32700, 725665, 0, 0, 0
32800, 713458, 0, 0, 0
32900, 737685, 0, 0, 0
33000, 778796, 0, 0, 0
33100, 743612, 0, 0, 0
33200, 745760, 0, 0, 0
33300, 708322, 0, 0, 0
33400, 729834, 0, 0, 0
33500, 709402, 0, 0, 0
33600, 746901, 0, 0, 0
33700, 720809, 0, 0, 0
33800, 736984, 0, 0, 0
33900, 748615, 0, 0, 0
34000, 695142, 0, 0, 0
34100, 755911, 0, 0, 0
34200, 729048, 0, 0, 0
34300, 745337, 0, 0, 0
34400, 770805, 0, 0, 0
34500, 743043, 0, 0, 0
34600, 760919, 0, 0, 0
34700, 740080, 0, 0, 0
34800, 779561, 0, 0, 0
34900, 730196, 0, 0, 0
35000, 737646, 0, 0, 0
35100, 730360, 0, 0, 0
35200, 727780, 0, 0, 0
35300, 713058, 0, 0, 0
35400, 725005, 0, 0, 0
35500, 710791, 0, 0, 0
35600, 758446, 0, 0, 0
35700, 745189, 0, 0, 0
35800, 758564, 0, 0, 0
35900, 718461, 0, 0, 0
36000, 708289, 0, 0, 0
36100, 734082, 0, 0, 0
36200, 721036, 0, 0, 0
36300, 733396, 0, 0, 0
36400, 737089, 0, 0, 0
36500, 745299, 0, 0, 0
36600, 738875, 0, 0, 0
36700, 728195, 0, 0, 0
36800, 729746, 0, 0, 0
36900, 727268, 0, 0, 0
37000, 716881, 0, 0, 0
37100, 720603, 0, 0, 0
37200, 719148, 0, 0, 0
37300, 720975, 0, 0, 0
37400, 729889, 0, 0, 0
37500, 753395, 0, 0, 0
37600, 724211, 0, 0, 0
37700, 720612, 0, 0, 0
37800, 740362, 0, 0, 0
37900, 704547, 0, 0, 0
38000, 712424, 0, 0, 0
38100, 752982, 0, 0, 0
38200, 692651, 0, 0, 0
38300, 703460, 0, 0, 0
38400, 676543, 0, 0, 0
38500, 700236, 0, 0, 0
38600, 703416, 0, 0, 0
38700, 729498, 0, 0, 0
38800, 742416, 0, 0, 0
38900, 723713, 0, 0, 0
39000, 764287, 0, 0, 0
39100, 727147, 0, 0, 0
39200, 744305, 0, 0, 0
39300, 765615, 0, 0, 0
39400, 700423, 0, 0, 0
39500, 756897, 0, 0, 0
39600, 718044, 0, 0, 0
39700, 730794, 0, 0, 0
39800, 731722, 0, 0, 0
39900, 767965, 0, 0, 0
40000, 755402, 0, 0, 0
40100, 695438, 0, 0, 0
40200, 701763, 0, 0, 0
40300, 762401, 0, 0, 0
40400, 727543, 0, 0, 0
40500, 724110, 0, 0, 0
40600, 723362, 0, 0, 0
40700, 754768, 0, 0, 0
40800, 708763, 0, 0, 0
40900, 750983, 0, 0, 0
41000, 694808, 0, 0, 0
41100, 719461, 0, 0, 0
41200, 748147, 0, 0, 0
41300, 707855, 0, 0, 0
41400, 755322, 0, 0, 0
41500, 736519, 0, 0, 0
41600, 743784, 0, 0, 0
41700, 689166, 0, 0, 0
41800, 730897, 0, 0, 0
41900, 715725, 0, 0, 0
42000, 725966, 0, 0, 0
42100, 706109, 0, 0, 0
42200, 694222, 0, 0, 0
42300, 724609, 0, 0, 0
42400, 724552, 0, 0, 0
42500, 710472, 0, 0, 0
42600, 720973, 0, 0, 0
42700, 723761, 0, 0, 0
42800, 714682, 0, 0, 0
42900, 733156, 0, 0, 0
43000, 723399, 0, 0, 0
43100, 724311, 0, 0, 0
43200, 759974, 0, 0, 0
43300, 724710, 0, 0, 0
43400, 732342, 0, 0, 0
43500, 710388, 0, 0, 0
43600, 761750, 0, 0, 0
43700, 747210, 0, 0, 0
43800, 750040, 0, 0, 0
43900, 710121, 0, 0, 0
44000, 721247, 0, 0, 0
44100, 733113, 0, 0, 0
44200, 710475, 0, 0, 0
44300, 705406, 0, 0, 0
44400, 742155, 0, 0, 0
44500, 701289, 0, 0, 0
44600, 712420, 0, 0, 0
44700, 721126, 0, 0, 0
44800, 719801, 0, 0, 0
44900, 766256, 0, 0, 0
45000, 728708, 0, 0, 0
45100, 756593, 0, 0, 0
45200, 736928, 0, 0, 0
45300, 743740, 0, 0, 0
45400, 718583, 0, 0, 0
45500, 729671, 0, 0, 0
45600, 740380, 0, 0, 0
45700, 768910, 0, 0, 0
45800, 772459, 0, 0, 0
45900, 714043, 0, 0, 0
46000, 723133, 0, 0, 0
46100, 753417, 0, 0, 0
46200, 740270, 0, 0, 0
46300, 746417, 0, 0, 0
46400, 732573, 0, 0, 0
46500, 724562, 0, 0, 0
46600, 710460, 0, 0, 0
46700, 720791, 0, 0, 0
46800, 762944, 0, 0, 0
46900, 716801, 0, 0, 0
47000, 709284, 0, 0, 0
47100, 707648, 0, 0, 0
47200, 765916, 0, 0, 0
47300, 773513, 0, 0, 0
47400, 712517, 0, 0, 0
47500, 759092, 0, 0, 0
47600, 717696, 0, 0, 0
47700, 762940, 0, 0, 0
47800, 781701, 0, 0, 0
47900, 753272, 0, 0, 0
48000, 725403, 0, 0, 0
48100, 749754, 0, 0, 0
48200, 726300, 0, 0, 0
48300, 725993, 0, 0, 0
48400, 731071, 0, 0, 0
48500, 742619, 0, 0, 0
48600, 730413, 0, 0, 0
48700, 719876, 0, 0, 0
48800, 731083, 0, 0, 0
48900, 710033, 0, 0, 0
49000, 710588, 0, 0, 0
49100, 727898, 0, 0, 0
49200, 748533, 0, 0, 0
49300, 751038, 0, 0, 0
49400, 725075, 0, 0, 0
49500, 730017, 0, 0, 0
49600, 710852, 0, 0, 0
49700, 733535, 0, 0, 0
49800, 733798, 0, 0, 0
49900, 739754, 0, 0, 0
50000, 726973, 0, 0, 0
50100, 725927, 0, 0, 0
50200, 722166, 0, 0, 0
50300, 738431, 0, 0, 0
50400, 720068, 0, 0, 0
50500, 746778, 0, 0, 0
50600, 753628, 0, 0, 0
50700, 706219, 0, 0, 0
50800, 729474, 0, 0, 0
50900, 746941, 0, 0, 0
51000, 764085, 0, 0, 0
51100, 754764, 0, 0, 0
51200, 746629, 0, 0, 0
51300, 750594, 0, 0, 0
51400, 703645, 0, 0, 0
51500, 729435, 0, 0, 0
51600, 732550, 0, 0, 0
51700, 726073, 0, 0, 0
51800, 718390, 0, 0, 0
51900, 706267, 0, 0, 0
52000, 717177, 0, 0, 0
52100, 734568, 0, 0, 0
52200, 737662, 0, 0, 0
52300, 742664, 0, 0, 0
52400, 716485, 0, 0, 0
52500, 721563, 0, 0, 0
52600, 719044, 0, 0, 0
52700, 717548, 0, 0, 0
52800, 724468, 0, 0, 0
52900, 740505, 0, 0, 0
53000, 720788, 0, 0, 0
53100, 735001, 0, 0, 0
53200, 749407, 0, 0, 0
53300, 741234, 0, 0, 0
53400, 742456, 0, 0, 0
53500, 721986, 0, 0, 0
53600, 731893, 0, 0, 0
53700, 731086, 0, 0, 0
53800, 733431, 0, 0, 0
53900, 738205, 0, 0, 0
54000, 750964, 0, 0, 0
54100, 758449, 0, 0, 0
54200, 718518, 0, 0, 0
54300, 742497, 0, 0, 0
54400, 784013, 0, 0, 0
54500, 715543, 0, 0, 0
54600, 732349, 0, 0, 0
54700, 744381, 0, 0, 0
54800, 734574, 0, 0, 0
54900, 729417, 0, 0, 0
55000, 712474, 0, 0, 0
55100, 711726, 0, 0, 0
55200, 704097, 0, 0, 0
55300, 709097, 0, 0, 0
55400, 747051, 0, 0, 0
55500, 704927, 0, 0, 0
55600, 710990, 0, 0, 0
55700, 695003, 0, 0, 0
55800, 721739, 0, 0, 0
55900, 723266, 0, 0, 0
56000, 726497, 0, 0, 0
56100, 713606, 0, 0, 0
56200, 733177, 0, 0, 0
56300, 748370, 0, 0, 0
56400, 714402, 0, 0, 0
56500, 745545, 0, 0, 0
56600, 722017, 0, 0, 0
56700, 713844, 0, 0, 0
56800, 700947, 0, 0, 0
56900, 706246, 0, 0, 0
57000, 701077, 0, 0, 0
57100, 723104, 0, 0, 0
57200, 686425, 0, 0, 0
57300, 719409, 0, 0, 0
57400, 703880, 0, 0, 0
57500, 728800, 0, 0, 0
57600, 713960, 0, 0, 0
57700, 685939, 0, 0, 0
57800, 728714, 0, 0, 0
57900, 718697, 0, 0, 0
58000, 712532, 0, 0, 0
58100, 713434, 0, 0, 0
58200, 722975, 0, 0, 0
58300, 680496, 0, 0, 0
58400, 706792, 0, 0, 0
58500, 690032, 0, 0, 0
58600, 718788, 0, 0, 0
58700, 684910, 0, 0, 0
58800, 714052, 0, 0, 0
58900, 718337, 0, 0, 0
59000, 701986, 0, 0, 0
59100, 749540, 0, 0, 0
59200, 764596, 0, 0, 0
59300, 715987, 0, 0, 0
59400, 741103, 0, 0, 0
59500, 694780, 0, 0, 0
59600, 724917, 0, 0, 0
59700, 729386, 0, 0, 0
59800, 691306, 0, 0, 0
59900, 705086, 0, 0, 0
60000, 675309, 0, 0, 0
60100, 723224, 0, 0, 0
60200, 682397, 0, 0, 0
60300, 695087, 0, 0, 0
60400, 702062, 0, 0, 0
60500, 738359, 0, 0, 0
60600, 714995, 0, 0, 0
60700, 688406, 0, 0, 0
60800, 682799, 0, 0, 0
60900, 699630, 0, 0, 0
61000, 723097, 0, 0, 0
61100, 741868, 0, 0, 0
61200, 702518, 0, 0, 0
61300, 705254, 0, 0, 0
61400, 737160, 0, 0, 0
61500, 688125, 0, 0, 0
61600, 688842, 0, 0, 0
61700, 725404, 0, 0, 0
61800, 684559, 0, 0, 0
61900, 779349, 0, 0, 0
62000, 672349, 0, 0, 0
62100, 698533, 0, 0, 0
62200, 722675, 0, 0, 0
62300, 720005, 0, 0, 0
62400, 727642, 0, 0, 0
62500, 708529, 0, 0, 0
62600, 712143, 0, 0, 0
62700, 714243, 0, 0, 0
62800, 704376, 0, 0, 0
62900, 689589, 0, 0, 0
63000, 709222, 0, 0, 0
63100, 730553, 0, 0, 0
63200, 715957, 0, 0, 0
63300, 688231, 0, 0, 0
63400, 678718, 0, 0, 0
63500, 723679, 0, 0, 0
63600, 692491, 0, 0, 0
63700, 715081, 0, 0, 0
63800, 686923, 0, 0, 0
63900, 741211, 0, 0, 0
64000, 775771, 0, 0, 0
64100, 720086, 0, 0, 0
64200, 736911, 0, 0, 0
64300, 740066, 0, 0, 0
64400, 682221, 0, 0, 0
64500, 694884, 0, 0, 0
64600, 663509, 0, 0, 0
64700, 726009, 0, 0, 0
64800, 709520, 0, 0, 0
64900, 693309, 0, 0, 0
65000, 745231, 0, 0, 0
65100, 720807, 0, 0, 0
65200, 695360, 0, 0, 0
65300, 676737, 0, 0, 0
65400, 707769, 0, 0, 0
65500, 719079, 0, 0, 0
65600, 729254, 0, 0, 0
65700, 715152, 0, 0, 0
65800, 711299, 0, 0, 0
65900, 713999, 0, 0, 0
66000, 718308, 0, 0, 0
66100, 743808, 0, 0, 0
66200, 734604, 0, 0, 0
66300, 701056, 0, 0, 0
66400, 722586, 0, 0, 0
66500, 681034, 0, 0, 0
66600, 692320, 0, 0, 0
66700, 725875, 0, 0, 0
66800, 722629, 0, 0, 0
66900, 696467, 0, 0, 0
67000, 738592, 0, 0, 0
67100, 711806, 0, 0, 0
67200, 738739, 0, 0, 0
67300, 701498, 0, 0, 0
67400, 701532, 0, 0, 0
67500, 710443, 0, 0, 0
67600, 724501, 0, 0, 0
67700, 714151, 0, 0, 0
67800, 713983, 0, 0, 0
67900, 701704, 0, 0, 0
68000, 701100, 0, 0, 0
68100, 711721, 0, 0, 0
68200, 699905, 0, 0, 0
68300, 710954, 0, 0, 0
68400, 719462, 0, 0, 0
68500, 714804, 0, 0, 0
68600, 692227, 0, 0, 0
68700, 690219, 0, 0, 0
68800, 728021, 0, 0, 0
68900, 714370, 0, 0, 0
69000, 722985, 0, 0, 0
69100, 698881, 0, 0, 0
69200, 706496, 0, 0, 0
69300, 695858, 0, 0, 0
69400, 733419, 0, 0, 0
69500, 692207, 0, 0, 0
69600, 687940, 0, 0, 0
69700, 717964, 0, 0, 0
69800, 732434, 0, 0, 0
69900, 701746, 0, 0, 0
70000, 704779, 0, 0, 0
70100, 721686, 0, 0, 0
70200, 697839, 0, 0, 0
70300, 705517, 0, 0, 0
70400, 731849, 0, 0, 0
70500, 682850, 0, 0, 0
70600, 692895, 0, 0, 0
70700, 741805, 0, 0, 0
70800, 754051, 0, 0, 0
70900, 701753, 0, 0, 0
71000, 701571, 0, 0, 0
71100, 699086, 0, 0, 0
71200, 697329, 0, 0, 0
71300, 701678, 0, 0, 0
71400, 736071, 0, 0, 0
71500, 701514, 0, 0, 0
71600, 738713, 0, 0, 0
71700, 702514, 0, 0, 0
71800, 703926, 0, 0, 0
71900, 751270, 0, 0, 0
72000, 706625, 0, 0, 0
72100, 712175, 0, 0, 0
72200, 733942, 0, 0, 0
72300, 699021, 0, 0, 0
72400, 721085, 0, 0, 0
72500, 716392, 0, 0, 0
72600, 691823, 0, 0, 0
72700, 737156, 0, 0, 0
72800, 724085, 0, 0, 0
72900, 721810, 0, 0, 0
73000, 729152, 0, 0, 0
73100, 708578, 0, 0, 0
73200, 669577, 0, 0, 0
73300, 704115, 0, 0, 0
73400, 700301, 0, 0, 0
73500, 733642, 0, 0, 0
73600, 713594, 0, 0, 0
73700, 738166, 0, 0, 0
73800, 699849, 0, 0, 0
73900, 722341, 0, 0, 0
74000, 722610, 0, 0, 0
74100, 707217, 0, 0, 0
74200, 727889, 0, 0, 0
74300, 735673, 0, 0, 0
74400, 713648, 0, 0, 0
74500, 723892, 0, 0, 0
74600, 693889, 0, 0, 0
74700, 703863, 0, 0, 0
74800, 685725, 0, 0, 0
74900, 726377, 0, 0, 0
75000, 714827, 0, 0, 0
75100, 746434, 0, 0, 0
75200, 679634, 0, 0, 0
75300, 711104, 0, 0, 0
75400, 714583, 0, 0, 0
75500, 750271, 0, 0, 0
75600, 697987, 0, 0, 0
75700, 700658, 0, 0, 0
75800, 698451, 0, 0, 0
75900, 682726, 0, 0, 0
76000, 689083, 0, 0, 0
76100, 708450, 0, 0, 0
76200, 707837, 0, 0, 0
76300, 695490, 0, 0, 0
76400, 717270, 0, 0, 0
76500, 719183, 0, 0, 0
76600, 692192, 0, 0, 0
76700, 692342, 0, 0, 0
76800, 687000, 0, 0, 0
76900, 704228, 0, 0, 0
77000, 668588, 0, 0, 0
77100, 711754, 0, 0, 0
77200, 708397, 0, 0, 0
77300, 697395, 0, 0, 0
77400, 663300, 0, 0, 0
77500, 695691, 0, 0, 0
77600, 685866, 0, 0, 0
77700, 699920, 0, 0, 0
77800, 705786, 0, 0, 0
77900, 746799, 0, 0, 0
78000, 705266, 0, 0, 0
78100, 721343, 0, 0, 0
78200, 725969, 0, 0, 0
78300, 711933, 0, 0, 0
78400, 703110, 0, 0, 0
78500, 693554, 0, 0, 0
78600, 723808, 0, 0, 0
78700, 692365, 0, 0, 0
78800, 716272, 0, 0, 0
78900, 732100, 0, 0, 0
79000, 700975, 0, 0, 0
79100, 743052, 0, 0, 0
79200, 677662, 0, 0, 0
79300, 664114, 0, 0, 0
79400, 684573, 0, 0, 0
79500, 691996, 0, 0, 0
79600, 686191, 0, 0, 0
79700, 665657, 0, 0, 0
79800, 717396, 0, 0, 0
79900, 688102, 0, 0, 0
80000, 695143, 0, 0, 0
80100, 716316, 0, 0, 0
80200, 708291, 0, 0, 0
80300, 718559, 0, 0, 0
80400, 715504, 0, 0, 0
80500, 676386, 0, 0, 0
80600, 715029, 0, 0, 0
80700, 696743, 0, 0, 0
80800, 702229, 0, 0, 0
80900, 750440, 0, 0, 0
81000, 688421, 0, 0, 0
81100, 707242, 0, 0, 0
81200, 718754, 0, 0, 0
81300, 706148, 0, 0, 0
81400, 687834, 0, 0, 0
81500, 725012, 0, 0, 0
81600, 715175, 0, 0, 0
81700, 673592, 0, 0, 0
81800, 711679, 0, 0, 0
81900, 716053, 0, 0, 0
82000, 705070, 0, 0, 0
82100, 707735, 0, 0, 0
82200, 720784, 0, 0, 0
82300, 724132, 0, 0, 0
82400, 690178, 0, 0, 0
82500, 704507, 0, 0, 0
82600, 694567, 0, 0, 0
82700, 686191, 0, 0, 0
82800, 726241, 0, 0, 0
82900, 736553, 0, 0, 0
83000, 702742, 0, 0, 0
83100, 706340, 0, 0, 0
83200, 717816, 0, 0, 0
83300, 677188, 0, 0, 0
83400, 716187, 0, 0, 0
83500, 689220, 0, 0, 0
83600, 677356, 0, 0, 0
83700, 680761, 0, 0, 0
83800, 686243, 0, 0, 0
83900, 703671, 0, 0, 0
84000, 715704, 0, 0, 0
84100, 712277, 0, 0, 0
84200, 692122, 0, 0, 0
84300, 702435, 0, 0, 0
84400, 697935, 0, 0, 0
84500, 685913, 0, 0, 0
84600, 735709, 0, 0, 0
84700, 719116, 0, 0, 0
84800, 700430, 0, 0, 0
84900, 723113, 0, 0, 0
85000, 692494, 0, 0, 0
85100, 717070, 0, 0, 0
85200, 689503, 0, 0, 0
85300, 712872, 0, 0, 0
85400, 673530, 0, 0, 0
85500, 657613, 0, 0, 0
85600, 655363, 0, 0, 0
85700, 722065, 0, 0, 0
85800, 709215, 0, 0, 0
85900, 713968, 0, 0, 0
86000, 718662, 0, 0, 0
86100, 742144, 0, 0, 0
86200, 710974, 0, 0, 0
86300, 720681, 0, 0, 0
86400, 705233, 0, 0, 0
86500, 718598, 0, 0, 0
86600, 680854, 0, 0, 0
86700, 688411, 0, 0, 0
86800, 725936, 0, 0, 0
86900, 699610, 0, 0, 0
87000, 720970, 0, 0, 0
87100, 690972, 0, 0, 0
87200, 717189, 0, 0, 0
87300, 708961, 0, 0, 0
87400, 682351, 0, 0, 0
87500, 670555, 0, 0, 0
87600, 726822, 0, 0, 0
87700, 680101, 0, 0, 0
87800, 690580, 0, 0, 0
87900, 691883, 0, 0, 0
88000, 711349, 0, 0, 0
88100, 701038, 0, 0, 0
88200, 709329, 0, 0, 0
88300, 715212, 0, 0, 0
88400, 680200, 0, 0, 0
88500, 713152, 0, 0, 0
88600, 702468, 0, 0, 0
88700, 702029, 0, 0, 0
88800, 680714, 0, 0, 0
88900, 706785, 0, 0, 0
89000, 687045, 0, 0, 0
89100, 725045, 0, 0, 0
89200, 726064, 0, 0, 0
89300, 690941, 0, 0, 0
89400, 698511, 0, 0, 0
89500, 757301, 0, 0, 0
89600, 699688, 0, 0, 0
89700, 672930, 0, 0, 0
89800, 661340, 0, 0, 0
89900, 704542, 0, 0, 0
90000, 663109, 0, 0, 0
90000, 769518, 0, 0, 0
