100, 10384, 0, 0, 0
202, 9216, 0, 0, 0
300, 10875, 0, 0, 0
400, 9024, 0, 0, 0
500, 10091, 0, 0, 0
600, 9495, 0, 0, 0
701, 9851, 0, 0, 0
801, 9781, 0, 0, 0
906, 10815, 0, 0, 0
1001, 11373, 0, 0, 0
1100, 9320, 0, 0, 0
1200, 10205, 0, 0, 0
1302, 11099, 0, 0, 0
1401, 11372, 0, 0, 0
1500, 11480, 0, 0, 0
1600, 10088, 0, 0, 0
1700, 9732, 0, 0, 0
1800, 9244, 0, 0, 0
1900, 9938, 0, 0, 0
2000, 9428, 0, 0, 0
2100, 10241, 0, 0, 0
2200, 10356, 0, 0, 0
2300, 8753, 0, 0, 0
2400, 10046, 0, 0, 0
2500, 9924, 0, 0, 0
2600, 10549, 0, 0, 0
2700, 10524, 0, 0, 0
2800, 9752, 0, 0, 0
2902, 9930, 0, 0, 0
3000, 9133, 0, 0, 0
3101, 9956, 0, 0, 0
3200, 9096, 0, 0, 0
3306, 10406, 0, 0, 0
3400, 10443, 0, 0, 0
3500, 9903, 0, 0, 0
3600, 10740, 0, 0, 0
3700, 9883, 0, 0, 0
3800, 9923, 0, 0, 0
3900, 9102, 0, 0, 0
4000, 9202, 0, 0, 0
4103, 9705, 0, 0, 0
4200, 10110, 0, 0, 0
4300, 9364, 0, 0, 0
4400, 9459, 0, 0, 0
4500, 11158, 0, 0, 0
4600, 12025, 0, 0, 0
4701, 9681, 0, 0, 0
4801, 9755, 0, 0, 0
4900, 11177, 0, 0, 0
5001, 9664, 0, 0, 0
5101, 11255, 0, 0, 0
5201, 9623, 0, 0, 0
5301, 10020, 0, 0, 0
5400, 9662, 0, 0, 0
5500, 9966, 0, 0, 0
5600, 9996, 0, 0, 0
5700, 9636, 0, 0, 0
5800, 10623, 0, 0, 0
5900, 11008, 0, 0, 0
6000, 10245, 0, 0, 0
6102, 10848, 0, 0, 0
6200, 10305, 0, 0, 0
6300, 9466, 0, 0, 0
6401, 9892, 0, 0, 0
6500, 10299, 0, 0, 0
6601, 11796, 0, 0, 0
6700, 9197, 0, 0, 0
6802, 10298, 0, 0, 0
6904, 9996, 0, 0, 0
7000, 10415, 0, 0, 0
7100, 10486, 0, 0, 0
7201, 9955, 0, 0, 0
7300, 9692, 0, 0, 0
7400, 9983, 0, 0, 0
7503, 9786, 0, 0, 0
7600, 10954, 0, 0, 0
7700, 10518, 0, 0, 0
7800, 8673, 0, 0, 0
7900, 10307, 0, 0, 0
8000, 10952, 0, 0, 0
8100, 9280, 0, 0, 0
8200, 10849, 0, 0, 0
8301, 10735, 0, 0, 0
8400, 9556, 0, 0, 0
8500, 10293, 0, 0, 0
8600, 9541, 0, 0, 0
8702, 9322, 0, 0, 0
8800, 9841, 0, 0, 0
8900, 9199, 0, 0, 0
9002, 9362, 0, 0, 0
9100, 10617, 0, 0, 0
9201, 11419, 0, 0, 0
9300, 8574, 0, 0, 0
9400, 10390, 0, 0, 0
9501, 10076, 0, 0, 0
9600, 10702, 0, 0, 0
9700, 10380, 0, 0, 0
9801, 10200, 0, 0, 0
9902, 10543, 0, 0, 0
10001, 8679, 0, 0, 0
10100, 9519, 0, 0, 0
10200, 10045, 0, 0, 0
10300, 10148, 0, 0, 0
10401, 10455, 0, 0, 0
10500, 9450, 0, 0, 0
10604, 9862, 0, 0, 0
10700, 8863, 0, 0, 0
10800, 9320, 0, 0, 0
10900, 9129, 0, 0, 0
11000, 9939, 0, 0, 0
11102, 9870, 0, 0, 0
11200, 10438, 0, 0, 0
11300, 9599, 0, 0, 0
11401, 10448, 0, 0, 0
11500, 9854, 0, 0, 0
11600, 9384, 0, 0, 0
11700, 9361, 0, 0, 0
11804, 9941, 0, 0, 0
11900, 15649, 0, 0, 0
12000, 10965, 0, 0, 0
12103, 9811, 0, 0, 0
12200, 8986, 0, 0, 0
12300, 10165, 0, 0, 0
12401, 10681, 0, 0, 0
12500, 11197, 0, 0, 0
12600, 10784, 0, 0, 0
12700, 9764, 0, 0, 0
12800, 9537, 0, 0, 0
12900, 10031, 0, 0, 0
13000, 8898, 0, 0, 0
13100, 9979, 0, 0, 0
13200, 9627, 0, 0, 0
13300, 9530, 0, 0, 0
13402, 10903, 0, 0, 0
13500, 10214, 0, 0, 0
13600, 10239, 0, 0, 0
13700, 9476, 0, 0, 0
13803, 8890, 0, 0, 0
13900, 9204, 0, 0, 0
14000, 8992, 0, 0, 0
14100, 10016, 0, 0, 0
14200, 9484, 0, 0, 0
14300, 11135, 0, 0, 0
14400, 10008, 0, 0, 0
14500, 9223, 0, 0, 0
14600, 8779, 0, 0, 0
14700, 9453, 0, 0, 0
14800, 10587, 0, 0, 0
14901, 11026, 0, 0, 0
15001, 9423, 0, 0, 0
15100, 9411, 0, 0, 0
15200, 10981, 0, 0, 0
15300, 8809, 0, 0, 0
15400, 10515, 0, 0, 0
15501, 10457, 0, 0, 0
15601, 9020, 0, 0, 0
15701, 9916, 0, 0, 0
15801, 9931, 0, 0, 0
15900, 10404, 0, 0, 0
16002, 10709, 0, 0, 0
16102, 10397, 0, 0, 0
16200, 9080, 0, 0, 0
16300, 10022, 0, 0, 0
16401, 9994, 0, 0, 0
16500, 10826, 0, 0, 0
16602, 9654, 0, 0, 0
16700, 9695, 0, 0, 0
16801, 9988, 0, 0, 0
16900, 9814, 0, 0, 0
17001, 9200, 0, 0, 0
17105, 9887, 0, 0, 0
17200, 10179, 0, 0, 0
17300, 9728, 0, 0, 0
17400, 11472, 0, 0, 0
17500, 10506, 0, 0, 0
17600, 11248, 0, 0, 0
17700, 10009, 0, 0, 0
17800, 9381, 0, 0, 0
17901, 8828, 0, 0, 0
18001, 9067, 0, 0, 0
18100, 10212, 0, 0, 0
18200, 10265, 0, 0, 0
18300, 11046, 0, 0, 0
18400, 9724, 0, 0, 0
18500, 8659, 0, 0, 0
18600, 9590, 0, 0, 0
18701, 10670, 0, 0, 0
18803, 10174, 0, 0, 0
18900, 10469, 0, 0, 0
19003, 9785, 0, 0, 0
19100, 9605, 0, 0, 0
19200, 10263, 0, 0, 0
19300, 9404, 0, 0, 0
19400, 11096, 0, 0, 0
19500, 9703, 0, 0, 0
19601, 10365, 0, 0, 0
19700, 9056, 0, 0, 0
19801, 10001, 0, 0, 0
19900, 10051, 0, 0, 0
20000, 8863, 0, 0, 0
20102, 9297, 0, 0, 0
20201, 9510, 0, 0, 0
20300, 10364, 0, 0, 0
20400, 9879, 0, 0, 0
20500, 8988, 0, 0, 0
20601, 11280, 0, 0, 0
20700, 10210, 0, 0, 0
20800, 10785, 0, 0, 0
20900, 10469, 0, 0, 0
21000, 10380, 0, 0, 0
21101, 9433, 0, 0, 0
21201, 9951, 0, 0, 0
21300, 9589, 0, 0, 0
21400, 10069, 0, 0, 0
21500, 11353, 0, 0, 0
21601, 9366, 0, 0, 0
21701, 9523, 0, 0, 0
21800, 11611, 0, 0, 0
21901, 9962, 0, 0, 0
22000, 9561, 0, 0, 0
22100, 9681, 0, 0, 0
22200, 10364, 0, 0, 0
22300, 10297, 0, 0, 0
22401, 10806, 0, 0, 0
22507, 10735, 0, 0, 0
22601, 10328, 0, 0, 0
22700, 11154, 0, 0, 0
22800, 12171, 0, 0, 0
22900, 10883, 0, 0, 0
23000, 9698, 0, 0, 0
23102, 10754, 0, 0, 0
23200, 9436, 0, 0, 0
23300, 9901, 0, 0, 0
23400, 10961, 0, 0, 0
23500, 10589, 0, 0, 0
23600, 9597, 0, 0, 0
23700, 9355, 0, 0, 0
23801, 10516, 0, 0, 0
23900, 10067, 0, 0, 0
24000, 9840, 0, 0, 0
24100, 9274, 0, 0, 0
24202, 9814, 0, 0, 0
24301, 9401, 0, 0, 0
24400, 9930, 0, 0, 0
24500, 9976, 0, 0, 0
24601, 9604, 0, 0, 0
24700, 9973, 0, 0, 0
24800, 10215, 0, 0, 0
24900, 9810, 0, 0, 0
25001, 11811, 0, 0, 0
25100, 10191, 0, 0, 0
25200, 11339, 0, 0, 0
25300, 10429, 0, 0, 0
25400, 11662, 0, 0, 0
25500, 10015, 0, 0, 0
25600, 10228, 0, 0, 0
25705, 10177, 0, 0, 0
25801, 10001, 0, 0, 0
25900, 11450, 0, 0, 0
26001, 10150, 0, 0, 0
26100, 9610, 0, 0, 0
26200, 11067, 0, 0, 0
26300, 10048, 0, 0, 0
26402, 10240, 0, 0, 0
26500, 11335, 0, 0, 0
26600, 9659, 0, 0, 0
26700, 9796, 0, 0, 0
26800, 9411, 0, 0, 0
26900, 10555, 0, 0, 0
27000, 9940, 0, 0, 0
27100, 10886, 0, 0, 0
27200, 11113, 0, 0, 0
27300, 10899, 0, 0, 0
27402, 9430, 0, 0, 0
27500, 10946, 0, 0, 0
27600, 10613, 0, 0, 0
27701, 10508, 0, 0, 0
27801, 9748, 0, 0, 0
27900, 10838, 0, 0, 0
28004, 11840, 0, 0, 0
28100, 10268, 0, 0, 0
28200, 10401, 0, 0, 0
28302, 11777, 0, 0, 0
28400, 11592, 0, 0, 0
28500, 10429, 0, 0, 0
28600, 10477, 0, 0, 0
28700, 10234, 0, 0, 0
28802, 11787, 0, 0, 0
28900, 9429, 0, 0, 0
29000, 11328, 0, 0, 0
29100, 11944, 0, 0, 0
29200, 9760, 0, 0, 0
29301, 10145, 0, 0, 0
29400, 10840, 0, 0, 0
29500, 10696, 0, 0, 0
29600, 10661, 0, 0, 0
29700, 10818, 0, 0, 0
29800, 11347, 0, 0, 0
29901, 9921, 0, 0, 0
30000, 10554, 0, 0, 0
30102, 11450, 0, 0, 0
30200, 12118, 0, 0, 0
30300, 11011, 0, 0, 0
30400, 10289, 0, 0, 0
30500, 10533, 0, 0, 0
30601, 9588, 0, 0, 0
30700, 9223, 0, 0, 0
30801, 10004, 0, 0, 0
30900, 9426, 0, 0, 0
31002, 10204, 0, 0, 0
31100, 11850, 0, 0, 0
31201, 11963, 0, 0, 0
31301, 11817, 0, 0, 0
31400, 10846, 0, 0, 0
31500, 9420, 0, 0, 0
31600, 9580, 0, 0, 0
31701, 10150, 0, 0, 0
31802, 10042, 0, 0, 0
31900, 10053, 0, 0, 0
32000, 9480, 0, 0, 0
32100, 9156, 0, 0, 0
32200, 10310, 0, 0, 0
32304, 11248, 0, 0, 0
32401, 9805, 0, 0, 0
32500, 12555, 0, 0, 0
32600, 10567, 0, 0, 0
32702, 8877, 0, 0, 0
32800, 10009, 0, 0, 0
32901, 9507, 0, 0, 0
33001, 11478, 0, 0, 0
33100, 9875, 0, 0, 0
33201, 9374, 0, 0, 0
33300, 11325, 0, 0, 0
33402, 10134, 0, 0, 0
33500, 10896, 0, 0, 0
33600, 9427, 0, 0, 0
33700, 10291, 0, 0, 0
33805, 10834, 0, 0, 0
33901, 11101, 0, 0, 0
34000, 11236, 0, 0, 0
34100, 9485, 0, 0, 0
34201, 11059, 0, 0, 0
34301, 9242, 0, 0, 0
34400, 9473, 0, 0, 0
34502, 11643, 0, 0, 0
34600, 11341, 0, 0, 0
34700, 9308, 0, 0, 0
34800, 10828, 0, 0, 0
34900, 10233, 0, 0, 0
35000, 11108, 0, 0, 0
35100, 11078, 0, 0, 0
35200, 9418, 0, 0, 0
35301, 10552, 0, 0, 0
35400, 11093, 0, 0, 0
35500, 10176, 0, 0, 0
35600, 10702, 0, 0, 0
35700, 10246, 0, 0, 0
35800, 9906, 0, 0, 0
35901, 10981, 0, 0, 0
36000, 11673, 0, 0, 0
36101, 9934, 0, 0, 0
36200, 11650, 0, 0, 0
36301, 12415, 0, 0, 0
36407, 13311, 0, 0, 0
36500, 9682, 0, 0, 0
36602, 11544, 0, 0, 0
36701, 10880, 0, 0, 0
36800, 10359, 0, 0, 0
36901, 9858, 0, 0, 0
37000, 10477, 0, 0, 0
37100, 11536, 0, 0, 0
37200, 10538, 0, 0, 0
37300, 9793, 0, 0, 0
37400, 10903, 0, 0, 0
37500, 9786, 0, 0, 0
37600, 9955, 0, 0, 0
37701, 10824, 0, 0, 0
37801, 9579, 0, 0, 0
37900, 10485, 0, 0, 0
38000, 11290, 0, 0, 0
38100, 10465, 0, 0, 0
38200, 9623, 0, 0, 0
38300, 11647, 0, 0, 0
38401, 9639, 0, 0, 0
38501, 10531, 0, 0, 0
38600, 12589, 0, 0, 0
38700, 10782, 0, 0, 0
38800, 10684, 0, 0, 0
38901, 12969, 0, 0, 0
39001, 9560, 0, 0, 0
39100, 11488, 0, 0, 0
39201, 10665, 0, 0, 0
39301, 9724, 0, 0, 0
39400, 10419, 0, 0, 0
39500, 10713, 0, 0, 0
39601, 10217, 0, 0, 0
39700, 10681, 0, 0, 0
39800, 12361, 0, 0, 0
39900, 10848, 0, 0, 0
40001, 10638, 0, 0, 0
40100, 9559, 0, 0, 0
40202, 10962, 0, 0, 0
40304, 9797, 0, 0, 0
40400, 9788, 0, 0, 0
40500, 9426, 0, 0, 0
40601, 9982, 0, 0, 0
40700, 9987, 0, 0, 0
40803, 10043, 0, 0, 0
40901, 10139, 0, 0, 0
41000, 10079, 0, 0, 0
41100, 9992, 0, 0, 0
41200, 9901, 0, 0, 0
41301, 10466, 0, 0, 0
41400, 10274, 0, 0, 0
41501, 12509, 0, 0, 0
41601, 10847, 0, 0, 0
41700, 9440, 0, 0, 0
41800, 9745, 0, 0, 0
41900, 11713, 0, 0, 0
42001, 11504, 0, 0, 0
42100, 10957, 0, 0, 0
42200, 11768, 0, 0, 0
42300, 10786, 0, 0, 0
42400, 13725, 0, 0, 0
42504, 11637, 0, 0, 0
42600, 10344, 0, 0, 0
42700, 9932, 0, 0, 0
42802, 10365, 0, 0, 0
42900, 11585, 0, 0, 0
43000, 9596, 0, 0, 0
43100, 11971, 0, 0, 0
43200, 9762, 0, 0, 0
43303, 11296, 0, 0, 0
43400, 9680, 0, 0, 0
43502, 11221, 0, 0, 0
43602, 12593, 0, 0, 0
43701, 10371, 0, 0, 0
43802, 11175, 0, 0, 0
43901, 9650, 0, 0, 0
44002, 9603, 0, 0, 0
44100, 10658, 0, 0, 0
44200, 9394, 0, 0, 0
44300, 11160, 0, 0, 0
44400, 9641, 0, 0, 0
44500, 10966, 0, 0, 0
44600, 9954, 0, 0, 0
44700, 10537, 0, 0, 0
44800, 9680, 0, 0, 0
44901, 11299, 0, 0, 0
45000, 11252, 0, 0, 0
45100, 10167, 0, 0, 0
45201, 10288, 0, 0, 0
45301, 11069, 0, 0, 0
45401, 9762, 0, 0, 0
45505, 10031, 0, 0, 0
45601, 11205, 0, 0, 0
45702, 10857, 0, 0, 0
45800, 10551, 0, 0, 0
45900, 10045, 0, 0, 0
46004, 10672, 0, 0, 0
46101, 9635, 0, 0, 0
46200, 11298, 0, 0, 0
46301, 10181, 0, 0, 0
46400, 10529, 0, 0, 0
46501, 10319, 0, 0, 0
46602, 11652, 0, 0, 0
46701, 9361, 0, 0, 0
46800, 10634, 0, 0, 0
46900, 11502, 0, 0, 0
47000, 10637, 0, 0, 0
47101, 10601, 0, 0, 0
47200, 9746, 0, 0, 0
47300, 10096, 0, 0, 0
47400, 10624, 0, 0, 0
47500, 10802, 0, 0, 0
47600, 10265, 0, 0, 0
47702, 11098, 0, 0, 0
47800, 9392, 0, 0, 0
47900, 11064, 0, 0, 0
48003, 11087, 0, 0, 0
48100, 10367, 0, 0, 0
48200, 10300, 0, 0, 0
48300, 10583, 0, 0, 0
48401, 10178, 0, 0, 0
48500, 11452, 0, 0, 0
48606, 11256, 0, 0, 0
48701, 9926, 0, 0, 0
48801, 9369, 0, 0, 0
48901, 9000, 0, 0, 0
49000, 10150, 0, 0, 0
49101, 10106, 0, 0, 0
49200, 10721, 0, 0, 0
49305, 9380, 0, 0, 0
49400, 10748, 0, 0, 0
49500, 9532, 0, 0, 0
49600, 9953, 0, 0, 0
49700, 9174, 0, 0, 0
49800, 10403, 0, 0, 0
49903, 10087, 0, 0, 0
50002, 10908, 0, 0, 0
50100, 10386, 0, 0, 0
50200, 10249, 0, 0, 0
50300, 10003, 0, 0, 0
50401, 9521, 0, 0, 0
50500, 9977, 0, 0, 0
50601, 9252, 0, 0, 0
50701, 10032, 0, 0, 0
50805, 9924, 0, 0, 0
50901, 10914, 0, 0, 0
51001, 11216, 0, 0, 0
51100, 11371, 0, 0, 0
51200, 11541, 0, 0, 0
51300, 10188, 0, 0, 0
51401, 10987, 0, 0, 0
51500, 9463, 0, 0, 0
51600, 10471, 0, 0, 0
51700, 9965, 0, 0, 0
51803, 10941, 0, 0, 0
51900, 10145, 0, 0, 0
52000, 10680, 0, 0, 0
52100, 11580, 0, 0, 0
52200, 9828, 0, 0, 0
52302, 9973, 0, 0, 0
52401, 12438, 0, 0, 0
52501, 9243, 0, 0, 0
52600, 10811, 0, 0, 0
52700, 9612, 0, 0, 0
52804, 8881, 0, 0, 0
52900, 10230, 0, 0, 0
53000, 9795, 0, 0, 0
53100, 10469, 0, 0, 0
53200, 10978, 0, 0, 0
53300, 10296, 0, 0, 0
53401, 11740, 0, 0, 0
53507, 11030, 0, 0, 0
53600, 9879, 0, 0, 0
53701, 10901, 0, 0, 0
53800, 11230, 0, 0, 0
53902, 11974, 0, 0, 0
54002, 9744, 0, 0, 0
54100, 12239, 0, 0, 0
54200, 9268, 0, 0, 0
54300, 10409, 0, 0, 0
54400, 12122, 0, 0, 0
54508, 10262, 0, 0, 0
54600, 11247, 0, 0, 0
54704, 10018, 0, 0, 0
54800, 11831, 0, 0, 0
54901, 10945, 0, 0, 0
55000, 9166, 0, 0, 0
55100, 10092, 0, 0, 0
55200, 10173, 0, 0, 0
55300, 9391, 0, 0, 0
55402, 11507, 0, 0, 0
55500, 9774, 0, 0, 0
55601, 12418, 0, 0, 0
55700, 10201, 0, 0, 0
55800, 8697, 0, 0, 0
55900, 11037, 0, 0, 0
56001, 10271, 0, 0, 0
56102, 11321, 0, 0, 0
56200, 12411, 0, 0, 0
56300, 11353, 0, 0, 0
56402, 10691, 0, 0, 0
56500, 10396, 0, 0, 0
56600, 10115, 0, 0, 0
56701, 9526, 0, 0, 0
56801, 9225, 0, 0, 0
56900, 11240, 0, 0, 0
57000, 10436, 0, 0, 0
57100, 10098, 0, 0, 0
57200, 10249, 0, 0, 0
57300, 13392, 0, 0, 0
57400, 10847, 0, 0, 0
57500, 11065, 0, 0, 0
57600, 9783, 0, 0, 0
57700, 9442, 0, 0, 0
57800, 10378, 0, 0, 0
57901, 9865, 0, 0, 0
58001, 11053, 0, 0, 0
58100, 10399, 0, 0, 0
58202, 9563, 0, 0, 0
58300, 8953, 0, 0, 0
58401, 9761, 0, 0, 0
58500, 10328, 0, 0, 0
58600, 9990, 0, 0, 0
58700, 10820, 0, 0, 0
58801, 10943, 0, 0, 0
58900, 10382, 0, 0, 0
59000, 9686, 0, 0, 0
59101, 9218, 0, 0, 0
59200, 10445, 0, 0, 0
59301, 9920, 0, 0, 0
59400, 9781, 0, 0, 0
59500, 10716, 0, 0, 0
59602, 11037, 0, 0, 0
59700, 9113, 0, 0, 0
59800, 9347, 0, 0, 0
59901, 10633, 0, 0, 0
60003, 9706, 0, 0, 0
60100, 11087, 0, 0, 0
60201, 11387, 0, 0, 0
60300, 9903, 0, 0, 0
60400, 10282, 0, 0, 0
60500, 9630, 0, 0, 0
60600, 11375, 0, 0, 0
60700, 10808, 0, 0, 0
60802, 10446, 0, 0, 0
60900, 10790, 0, 0, 0
61000, 9820, 0, 0, 0
61100, 10044, 0, 0, 0
61200, 9912, 0, 0, 0
61300, 10470, 0, 0, 0
61402, 10258, 0, 0, 0
61500, 10820, 0, 0, 0
61600, 9948, 0, 0, 0
61700, 10467, 0, 0, 0
61800, 10927, 0, 0, 0
61903, 9588, 0, 0, 0
62002, 10885, 0, 0, 0
62100, 10598, 0, 0, 0
62200, 10579, 0, 0, 0
62300, 9870, 0, 0, 0
62405, 10561, 0, 0, 0
62501, 10965, 0, 0, 0
62600, 9130, 0, 0, 0
62700, 9480, 0, 0, 0
62800, 10500, 0, 0, 0
62900, 8706, 0, 0, 0
63000, 9465, 0, 0, 0
63100, 12006, 0, 0, 0
63202, 10239, 0, 0, 0
63301, 8971, 0, 0, 0
63402, 10755, 0, 0, 0
63501, 11837, 0, 0, 0
63600, 10846, 0, 0, 0
63700, 9033, 0, 0, 0
63800, 12491, 0, 0, 0
63901, 10350, 0, 0, 0
64002, 11531, 0, 0, 0
64100, 10630, 0, 0, 0
64200, 11708, 0, 0, 0
64301, 10479, 0, 0, 0
64400, 11624, 0, 0, 0
64501, 10127, 0, 0, 0
64601, 10887, 0, 0, 0
64700, 9296, 0, 0, 0
64800, 10333, 0, 0, 0
64900, 10207, 0, 0, 0
65001, 9914, 0, 0, 0
65101, 11341, 0, 0, 0
65203, 10300, 0, 0, 0
65300, 9256, 0, 0, 0
65401, 12013, 0, 0, 0
65500, 10490, 0, 0, 0
65600, 10866, 0, 0, 0
65700, 10246, 0, 0, 0
65800, 10740, 0, 0, 0
65900, 9587, 0, 0, 0
66000, 10168, 0, 0, 0
66100, 10263, 0, 0, 0
66200, 10266, 0, 0, 0
66300, 9975, 0, 0, 0
66400, 10359, 0, 0, 0
66500, 12691, 0, 0, 0
66600, 9855, 0, 0, 0
66700, 10281, 0, 0, 0
66800, 10431, 0, 0, 0
66900, 10680, 0, 0, 0
67000, 10477, 0, 0, 0
67100, 9704, 0, 0, 0
67200, 10058, 0, 0, 0
67300, 10913, 0, 0, 0
67400, 11040, 0, 0, 0
67502, 9850, 0, 0, 0
67600, 10357, 0, 0, 0
67705, 9790, 0, 0, 0
67801, 10456, 0, 0, 0
67902, 10884, 0, 0, 0
68000, 11946, 0, 0, 0
68100, 9208, 0, 0, 0
68204, 11282, 0, 0, 0
68300, 11071, 0, 0, 0
68400, 11136, 0, 0, 0
68500, 11470, 0, 0, 0
68601, 10405, 0, 0, 0
68700, 10794, 0, 0, 0
68800, 10910, 0, 0, 0
68901, 9989, 0, 0, 0
69000, 10214, 0, 0, 0
69100, 10090, 0, 0, 0
69200, 10201, 0, 0, 0
69300, 12530, 0, 0, 0
69400, 9791, 0, 0, 0
69500, 11166, 0, 0, 0
69600, 10044, 0, 0, 0
69701, 11071, 0, 0, 0
69802, 9036, 0, 0, 0
69900, 9404, 0, 0, 0
70000, 9576, 0, 0, 0
70100, 9443, 0, 0, 0
70202, 10390, 0, 0, 0
70301, 9971, 0, 0, 0
70400, 10246, 0, 0, 0
70500, 11331, 0, 0, 0
70600, 10350, 0, 0, 0
70700, 10792, 0, 0, 0
70800, 9027, 0, 0, 0
70902, 10057, 0, 0, 0
71000, 10016, 0, 0, 0
71100, 11122, 0, 0, 0
71203, 10233, 0, 0, 0
71300, 10002, 0, 0, 0
71401, 11052, 0, 0, 0
71500, 9422, 0, 0, 0
71601, 11128, 0, 0, 0
71700, 9596, 0, 0, 0
71800, 9358, 0, 0, 0
71900, 9408, 0, 0, 0
72001, 10634, 0, 0, 0
72101, 11703, 0, 0, 0
72202, 10703, 0, 0, 0
72301, 10848, 0, 0, 0
72400, 9179, 0, 0, 0
72502, 10732, 0, 0, 0
72600, 9394, 0, 0, 0
72701, 9711, 0, 0, 0
72802, 10690, 0, 0, 0
72901, 9931, 0, 0, 0
73000, 9860, 0, 0, 0
73100, 10056, 0, 0, 0
73200, 10251, 0, 0, 0
73302, 13273, 0, 0, 0
73404, 11044, 0, 0, 0
73500, 9791, 0, 0, 0
73601, 9754, 0, 0, 0
73702, 10571, 0, 0, 0
73800, 8862, 0, 0, 0
73900, 11164, 0, 0, 0
74000, 11937, 0, 0, 0
74100, 10056, 0, 0, 0
74200, 11007, 0, 0, 0
74300, 10088, 0, 0, 0
74406, 11302, 0, 0, 0
74500, 9109, 0, 0, 0
74600, 9813, 0, 0, 0
74700, 10362, 0, 0, 0
74801, 10480, 0, 0, 0
74901, 8634, 0, 0, 0
75000, 9978, 0, 0, 0
75100, 10501, 0, 0, 0
75200, 9607, 0, 0, 0
75300, 8597, 0, 0, 0
75404, 10390, 0, 0, 0
75501, 10188, 0, 0, 0
75605, 11517, 0, 0, 0
75701, 10590, 0, 0, 0
75801, 9950, 0, 0, 0
75900, 9422, 0, 0, 0
76000, 9964, 0, 0, 0
76103, 8972, 0, 0, 0
76200, 11826, 0, 0, 0
76300, 9705, 0, 0, 0
76400, 10800, 0, 0, 0
76500, 11661, 0, 0, 0
76600, 9446, 0, 0, 0
76701, 10658, 0, 0, 0
76802, 9523, 0, 0, 0
76900, 10009, 0, 0, 0
77001, 10112, 0, 0, 0
77100, 10910, 0, 0, 0
77203, 8976, 0, 0, 0
77300, 10443, 0, 0, 0
77402, 10188, 0, 0, 0
77501, 10109, 0, 0, 0
77600, 10153, 0, 0, 0
77700, 9765, 0, 0, 0
77800, 9268, 0, 0, 0
77900, 10166, 0, 0, 0
78001, 8744, 0, 0, 0
78101, 10344, 0, 0, 0
78200, 10262, 0, 0, 0
78303, 10171, 0, 0, 0
78400, 9158, 0, 0, 0
78501, 10361, 0, 0, 0
78600, 10774, 0, 0, 0
78702, 8928, 0, 0, 0
78801, 9934, 0, 0, 0
78902, 10850, 0, 0, 0
79000, 10234, 0, 0, 0
79100, 11796, 0, 0, 0
79200, 9640, 0, 0, 0
79300, 13092, 0, 0, 0
79401, 11404, 0, 0, 0
79500, 10457, 0, 0, 0
79600, 9356, 0, 0, 0
79700, 9280, 0, 0, 0
79800, 9674, 0, 0, 0
79901, 11626, 0, 0, 0
80000, 9390, 0, 0, 0
80100, 9988, 0, 0, 0
80200, 11061, 0, 0, 0
80300, 11475, 0, 0, 0
80400, 10811, 0, 0, 0
80500, 10511, 0, 0, 0
80600, 9214, 0, 0, 0
80706, 10971, 0, 0, 0
80802, 10429, 0, 0, 0
80901, 10842, 0, 0, 0
81005, 9506, 0, 0, 0
81100, 10870, 0, 0, 0
81201, 9884, 0, 0, 0
81300, 9712, 0, 0, 0
81405, 11285, 0, 0, 0
81500, 9949, 0, 0, 0
81601, 10552, 0, 0, 0
81700, 10167, 0, 0, 0
81800, 9858, 0, 0, 0
81903, 10038, 0, 0, 0
82002, 11315, 0, 0, 0
82100, 10528, 0, 0, 0
82200, 10932, 0, 0, 0
82300, 10316, 0, 0, 0
82400, 9772, 0, 0, 0
82500, 10505, 0, 0, 0
82601, 10339, 0, 0, 0
82700, 10101, 0, 0, 0
82801, 9632, 0, 0, 0
82900, 10082, 0, 0, 0
83000, 9713, 0, 0, 0
83101, 10179, 0, 0, 0
83203, 9566, 0, 0, 0
83300, 11850, 0, 0, 0
83400, 10665, 0, 0, 0
83501, 10450, 0, 0, 0
83600, 9922, 0, 0, 0
83700, 10648, 0, 0, 0
83800, 8979, 0, 0, 0
83900, 9834, 0, 0, 0
84000, 10007, 0, 0, 0
84101, 9482, 0, 0, 0
84200, 10345, 0, 0, 0
84300, 10675, 0, 0, 0
84402, 10244, 0, 0, 0
84500, 10673, 0, 0, 0
84602, 12890, 0, 0, 0
84703, 11867, 0, 0, 0
84800, 10200, 0, 0, 0
84900, 9712, 0, 0, 0
85002, 11384, 0, 0, 0
85100, 12887, 0, 0, 0
85200, 11753, 0, 0, 0
85301, 9430, 0, 0, 0
85400, 9742, 0, 0, 0
85500, 10383, 0, 0, 0
85600, 10183, 0, 0, 0
85700, 9356, 0, 0, 0
85800, 11530, 0, 0, 0
85900, 9004, 0, 0, 0
86000, 9964, 0, 0, 0
86100, 11162, 0, 0, 0
86202, 10923, 0, 0, 0
86300, 9699, 0, 0, 0
86400, 9920, 0, 0, 0
86500, 9353, 0, 0, 0
86600, 10508, 0, 0, 0
86700, 10777, 0, 0, 0
86800, 9796, 0, 0, 0
86901, 11280, 0, 0, 0
87000, 12042, 0, 0, 0
87100, 10680, 0, 0, 0
87200, 9935, 0, 0, 0
87301, 10545, 0, 0, 0
87400, 12127, 0, 0, 0
87500, 10753, 0, 0, 0
87603, 10727, 0, 0, 0
87700, 10183, 0, 0, 0
87801, 11616, 0, 0, 0
87901, 10984, 0, 0, 0
88000, 11233, 0, 0, 0
88100, 10258, 0, 0, 0
88200, 9898, 0, 0, 0
88300, 9646, 0, 0, 0
88400, 10226, 0, 0, 0
88500, 9752, 0, 0, 0
88600, 10657, 0, 0, 0
88702, 11241, 0, 0, 0
88802, 10754, 0, 0, 0
88900, 9668, 0, 0, 0
89002, 10729, 0, 0, 0
89100, 10017, 0, 0, 0
89200, 9922, 0, 0, 0
89300, 10082, 0, 0, 0
89403, 10068, 0, 0, 0
89500, 9404, 0, 0, 0
89602, 10095, 0, 0, 0
89700, 11309, 0, 0, 0
89800, 10817, 0, 0, 0
89900, 9949, 0, 0, 0
90012, 9925, 0, 0, 0
