250, 832, 0, 0, 0
350, 800, 0, 0, 0
450, 820, 0, 0, 0
550, 840, 0, 0, 0
650, 820, 0, 0, 0
749, 858, 0, 0, 0
849, 840, 0, 0, 0
949, 820, 0, 0, 0
1049, 830, 0, 0, 0
1149, 860, 0, 0, 0
1250, 840, 0, 0, 0
1350, 840, 0, 0, 0
1450, 890, 0, 0, 0
1550, 850, 0, 0, 0
1650, 830, 0, 0, 0
1749, 838, 0, 0, 0
1849, 870, 0, 0, 0
1949, 840, 0, 0, 0
2050, 860, 0, 0, 0
2150, 850, 0, 0, 0
2249, 818, 0, 0, 0
2349, 810, 0, 0, 0
2449, 850, 0, 0, 0
2549, 830, 0, 0, 0
2649, 830, 0, 0, 0
2749, 860, 0, 0, 0
2849, 840, 0, 0, 0
2949, 850, 0, 0, 0
3049, 840, 0, 0, 0
3149, 860, 0, 0, 0
3249, 850, 0, 0, 0
3350, 840, 0, 0, 0
3450, 840, 0, 0, 0
3550, 850, 0, 0, 0
3650, 840, 0, 0, 0
3749, 838, 0, 0, 0
3849, 840, 0, 0, 0
3949, 830, 0, 0, 0
4049, 820, 0, 0, 0
4149, 830, 0, 0, 0
4249, 840, 0, 0, 0
4349, 850, 0, 0, 0
4449, 850, 0, 0, 0
4549, 820, 0, 0, 0
4650, 850, 0, 0, 0
4749, 838, 0, 0, 0
4849, 820, 0, 0, 0
4949, 840, 0, 0, 0
5049, 850, 0, 0, 0
5149, 860, 0, 0, 0
5249, 830, 0, 0, 0
5349, 850, 0, 0, 0
5449, 860, 0, 0, 0
5549, 820, 0, 0, 0
5649, 830, 0, 0, 0
5750, 810, 0, 0, 0
5850, 850, 0, 0, 0
5950, 860, 0, 0, 0
6050, 860, 0, 0, 0
6150, 840, 0, 0, 0
6249, 848, 0, 0, 0
6349, 830, 0, 0, 0
6449, 830, 0, 0, 0
6549, 820, 0, 0, 0
6649, 840, 0, 0, 0
6749, 840, 0, 0, 0
6849, 800, 0, 0, 0
6949, 830, 0, 0, 0
7050, 860, 0, 0, 0
7150, 860, 0, 0, 0
7249, 848, 0, 0, 0
7349, 850, 0, 0, 0
7449, 850, 0, 0, 0
7549, 840, 0, 0, 0
7649, 840, 0, 0, 0
7749, 860, 0, 0, 0
7849, 800, 0, 0, 0
7949, 830, 0, 0, 0
8050, 820, 0, 0, 0
8150, 820, 0, 0, 0
8249, 848, 0, 0, 0
8349, 840, 0, 0, 0
8449, 840, 0, 0, 0
8549, 820, 0, 0, 0
8649, 840, 0, 0, 0
8749, 850, 0, 0, 0
8849, 850, 0, 0, 0
8949, 820, 0, 0, 0
9049, 860, 0, 0, 0
9149, 860, 0, 0, 0
9250, 840, 0, 0, 0
9350, 850, 0, 0, 0
9450, 840, 0, 0, 0
9550, 850, 0, 0, 0
9650, 840, 0, 0, 0
9749, 818, 0, 0, 0
9849, 840, 0, 0, 0
9949, 840, 0, 0, 0
10049, 840, 0, 0, 0
10149, 820, 0, 0, 0
10249, 820, 0, 0, 0
10349, 840, 0, 0, 0
10449, 830, 0, 0, 0
10550, 860, 0, 0, 0
10650, 840, 0, 0, 0
10749, 858, 0, 0, 0
10849, 870, 0, 0, 0
10949, 840, 0, 0, 0
11049, 820, 0, 0, 0
11149, 840, 0, 0, 0
11249, 820, 0, 0, 0
11349, 840, 0, 0, 0
11449, 840, 0, 0, 0
11549, 830, 0, 0, 0
11650, 820, 0, 0, 0
11749, 848, 0, 0, 0
11849, 840, 0, 0, 0
11949, 810, 0, 0, 0
12049, 860, 0, 0, 0
12149, 860, 0, 0, 0
12249, 850, 0, 0, 0
12349, 830, 0, 0, 0
12449, 840, 0, 0, 0
12549, 840, 0, 0, 0
12649, 840, 0, 0, 0
12750, 860, 0, 0, 0
12850, 850, 0, 0, 0
12950, 850, 0, 0, 0
13050, 850, 0, 0, 0
13150, 840, 0, 0, 0
13249, 838, 0, 0, 0
13349, 840, 0, 0, 0
13449, 840, 0, 0, 0
13549, 850, 0, 0, 0
13649, 850, 0, 0, 0
13749, 850, 0, 0, 0
13849, 840, 0, 0, 0
13949, 820, 0, 0, 0
14050, 860, 0, 0, 0
14150, 850, 0, 0, 0
14249, 868, 0, 0, 0
14349, 840, 0, 0, 0
14449, 810, 0, 0, 0
14549, 840, 0, 0, 0
14649, 860, 0, 0, 0
14749, 870, 0, 0, 0
14849, 830, 0, 0, 0
14949, 840, 0, 0, 0
15050, 820, 0, 0, 0
15150, 830, 0, 0, 0
15249, 818, 0, 0, 0
15349, 820, 0, 0, 0
15449, 840, 0, 0, 0
15549, 820, 0, 0, 0
15649, 850, 0, 0, 0
15749, 840, 0, 0, 0
15849, 820, 0, 0, 0
15949, 850, 0, 0, 0
16049, 850, 0, 0, 0
16149, 850, 0, 0, 0
16250, 820, 0, 0, 0
16350, 820, 0, 0, 0
16450, 840, 0, 0, 0
16550, 850, 0, 0, 0
16650, 830, 0, 0, 0
16749, 838, 0, 0, 0
16849, 840, 0, 0, 0
16949, 850, 0, 0, 0
17049, 840, 0, 0, 0
17149, 850, 0, 0, 0
17249, 860, 0, 0, 0
17350, 840, 0, 0, 0
17450, 830, 0, 0, 0
17550, 860, 0, 0, 0
17650, 830, 0, 0, 0
17749, 858, 0, 0, 0
17849, 870, 0, 0, 0
17949, 850, 0, 0, 0
18049, 840, 0, 0, 0
18149, 830, 0, 0, 0
18249, 840, 0, 0, 0
18349, 830, 0, 0, 0
18449, 830, 0, 0, 0
18550, 830, 0, 0, 0
18650, 850, 0, 0, 0
18749, 838, 0, 0, 0
18849, 860, 0, 0, 0
18949, 830, 0, 0, 0
19049, 830, 0, 0, 0
19149, 840, 0, 0, 0
19249, 850, 0, 0, 0
19349, 840, 0, 0, 0
19449, 860, 0, 0, 0
19549, 830, 0, 0, 0
19649, 820, 0, 0, 0
19750, 840, 0, 0, 0
19850, 830, 0, 0, 0
19950, 840, 0, 0, 0
20050, 840, 0, 0, 0
20150, 830, 0, 0, 0
20249, 848, 0, 0, 0
20349, 820, 0, 0, 0
20449, 860, 0, 0, 0
20549, 810, 0, 0, 0
20649, 820, 0, 0, 0
20749, 840, 0, 0, 0
20850, 840, 0, 0, 0
20950, 830, 0, 0, 0
21050, 860, 0, 0, 0
21150, 860, 0, 0, 0
21249, 878, 0, 0, 0
21349, 860, 0, 0, 0
21449, 830, 0, 0, 0
21549, 850, 0, 0, 0
21649, 820, 0, 0, 0
21749, 840, 0, 0, 0
21849, 840, 0, 0, 0
21949, 870, 0, 0, 0
22050, 860, 0, 0, 0
22150, 850, 0, 0, 0
22249, 858, 0, 0, 0
22349, 870, 0, 0, 0
22449, 860, 0, 0, 0
22549, 840, 0, 0, 0
22649, 870, 0, 0, 0
22749, 830, 0, 0, 0
22849, 820, 0, 0, 0
22949, 850, 0, 0, 0
23049, 850, 0, 0, 0
23149, 820, 0, 0, 0
23250, 840, 0, 0, 0
23350, 830, 0, 0, 0
23450, 850, 0, 0, 0
23550, 850, 0, 0, 0
23650, 850, 0, 0, 0
23749, 838, 0, 0, 0
23849, 840, 0, 0, 0
23949, 830, 0, 0, 0
24049, 850, 0, 0, 0
24149, 850, 0, 0, 0
24250, 850, 0, 0, 0
24350, 840, 0, 0, 0
24450, 820, 0, 0, 0
24550, 840, 0, 0, 0
24650, 850, 0, 0, 0
24749, 838, 0, 0, 0
24849, 840, 0, 0, 0
24949, 840, 0, 0, 0
25049, 860, 0, 0, 0
25149, 850, 0, 0, 0
25249, 860, 0, 0, 0
25349, 840, 0, 0, 0
25449, 880, 0, 0, 0
25550, 860, 0, 0, 0
25650, 830, 0, 0, 0
25749, 838, 0, 0, 0
25849, 830, 0, 0, 0
25949, 830, 0, 0, 0
26049, 840, 0, 0, 0
26149, 840, 0, 0, 0
26249, 850, 0, 0, 0
26349, 850, 0, 0, 0
26449, 860, 0, 0, 0
26549, 850, 0, 0, 0
26649, 820, 0, 0, 0
26750, 830, 0, 0, 0
26850, 840, 0, 0, 0
26950, 820, 0, 0, 0
27050, 810, 0, 0, 0
27150, 830, 0, 0, 0
27249, 828, 0, 0, 0
27349, 860, 0, 0, 0
27449, 840, 0, 0, 0
27549, 820, 0, 0, 0
27649, 850, 0, 0, 0
27749, 850, 0, 0, 0
27850, 850, 0, 0, 0
27950, 840, 0, 0, 0
28050, 840, 0, 0, 0
28150, 850, 0, 0, 0
28249, 828, 0, 0, 0
28349, 830, 0, 0, 0
28449, 810, 0, 0, 0
28549, 860, 0, 0, 0
28649, 860, 0, 0, 0
28749, 850, 0, 0, 0
28849, 820, 0, 0, 0
28949, 820, 0, 0, 0
29050, 830, 0, 0, 0
29150, 850, 0, 0, 0
29249, 808, 0, 0, 0
29349, 830, 0, 0, 0
29449, 850, 0, 0, 0
29549, 830, 0, 0, 0
29649, 850, 0, 0, 0
29749, 850, 0, 0, 0
29849, 830, 0, 0, 0
29949, 830, 0, 0, 0
30049, 830, 0, 0, 0
30149, 850, 0, 0, 0
30250, 840, 0, 0, 0
30350, 850, 0, 0, 0
30450, 840, 0, 0, 0
30550, 850, 0, 0, 0
30650, 850, 0, 0, 0
30749, 848, 0, 0, 0
30849, 820, 0, 0, 0
30949, 830, 0, 0, 0
31049, 840, 0, 0, 0
31149, 870, 0, 0, 0
31249, 830, 0, 0, 0
31350, 880, 0, 0, 0
31450, 840, 0, 0, 0
31550, 840, 0, 0, 0
31650, 860, 0, 0, 0
31749, 838, 0, 0, 0
31849, 840, 0, 0, 0
31949, 850, 0, 0, 0
32049, 830, 0, 0, 0
32149, 820, 0, 0, 0
32249, 860, 0, 0, 0
32349, 850, 0, 0, 0
32449, 850, 0, 0, 0
32550, 850, 0, 0, 0
32650, 820, 0, 0, 0
32749, 848, 0, 0, 0
32849, 850, 0, 0, 0
32949, 840, 0, 0, 0
33049, 840, 0, 0, 0
33149, 820, 0, 0, 0
33249, 860, 0, 0, 0
33349, 820, 0, 0, 0
33449, 860, 0, 0, 0
33549, 850, 0, 0, 0
33649, 820, 0, 0, 0
33750, 850, 0, 0, 0
33850, 850, 0, 0, 0
33950, 850, 0, 0, 0
34050, 840, 0, 0, 0
34150, 800, 0, 0, 0
34249, 848, 0, 0, 0
34349, 840, 0, 0, 0
34449, 840, 0, 0, 0
34549, 850, 0, 0, 0
34649, 840, 0, 0, 0
34749, 850, 0, 0, 0
34849, 840, 0, 0, 0
34950, 840, 0, 0, 0
35050, 860, 0, 0, 0
35150, 880, 0, 0, 0
35249, 848, 0, 0, 0
35349, 840, 0, 0, 0
35449, 850, 0, 0, 0
35549, 820, 0, 0, 0
35649, 850, 0, 0, 0
35749, 830, 0, 0, 0
35849, 800, 0, 0, 0
35949, 860, 0, 0, 0
36050, 860, 0, 0, 0
36150, 840, 0, 0, 0
36249, 848, 0, 0, 0
36349, 810, 0, 0, 0
36449, 830, 0, 0, 0
36549, 870, 0, 0, 0
36649, 830, 0, 0, 0
36749, 860, 0, 0, 0
36849, 870, 0, 0, 0
36949, 850, 0, 0, 0
37049, 840, 0, 0, 0
37149, 830, 0, 0, 0
37250, 850, 0, 0, 0
37350, 850, 0, 0, 0
37450, 830, 0, 0, 0
37550, 830, 0, 0, 0
37650, 860, 0, 0, 0
37749, 838, 0, 0, 0
37849, 830, 0, 0, 0
37949, 850, 0, 0, 0
38049, 830, 0, 0, 0
38149, 850, 0, 0, 0
38249, 860, 0, 0, 0
38349, 850, 0, 0, 0
38450, 830, 0, 0, 0
38550, 840, 0, 0, 0
38650, 810, 0, 0, 0
38749, 838, 0, 0, 0
38849, 810, 0, 0, 0
38949, 820, 0, 0, 0
39049, 830, 0, 0, 0
39149, 840, 0, 0, 0
39249, 820, 0, 0, 0
39349, 850, 0, 0, 0
39449, 860, 0, 0, 0
39550, 840, 0, 0, 0
39650, 850, 0, 0, 0
39749, 858, 0, 0, 0
39849, 820, 0, 0, 0
39949, 870, 0, 0, 0
40049, 820, 0, 0, 0
40149, 840, 0, 0, 0
40249, 820, 0, 0, 0
40349, 840, 0, 0, 0
40449, 830, 0, 0, 0
40549, 870, 0, 0, 0
40649, 840, 0, 0, 0
40750, 860, 0, 0, 0
40850, 820, 0, 0, 0
40950, 850, 0, 0, 0
41050, 830, 0, 0, 0
41150, 820, 0, 0, 0
41249, 838, 0, 0, 0
41349, 860, 0, 0, 0
41449, 820, 0, 0, 0
41549, 830, 0, 0, 0
41649, 810, 0, 0, 0
41749, 830, 0, 0, 0
41850, 840, 0, 0, 0
41950, 820, 0, 0, 0
42050, 820, 0, 0, 0
42150, 850, 0, 0, 0
42249, 868, 0, 0, 0
42349, 830, 0, 0, 0
42449, 840, 0, 0, 0
42549, 840, 0, 0, 0
42649, 840, 0, 0, 0
42749, 850, 0, 0, 0
42849, 850, 0, 0, 0
42949, 850, 0, 0, 0
43050, 830, 0, 0, 0
43150, 860, 0, 0, 0
43249, 888, 0, 0, 0
43349, 860, 0, 0, 0
43449, 860, 0, 0, 0
43549, 850, 0, 0, 0
43649, 830, 0, 0, 0
43749, 810, 0, 0, 0
43849, 830, 0, 0, 0
43949, 830, 0, 0, 0
44049, 870, 0, 0, 0
44149, 840, 0, 0, 0
44250, 850, 0, 0, 0
44350, 830, 0, 0, 0
44450, 830, 0, 0, 0
44550, 870, 0, 0, 0
44650, 860, 0, 0, 0
44749, 848, 0, 0, 0
44849, 840, 0, 0, 0
44949, 830, 0, 0, 0
45049, 820, 0, 0, 0
45149, 850, 0, 0, 0
45249, 840, 0, 0, 0
45350, 840, 0, 0, 0
45450, 830, 0, 0, 0
45550, 830, 0, 0, 0
45650, 820, 0, 0, 0
45749, 848, 0, 0, 0
45849, 860, 0, 0, 0
45949, 830, 0, 0, 0
46049, 820, 0, 0, 0
46149, 840, 0, 0, 0
46249, 860, 0, 0, 0
46349, 830, 0, 0, 0
46449, 810, 0, 0, 0
46550, 820, 0, 0, 0
46650, 840, 0, 0, 0
46749, 838, 0, 0, 0
46849, 820, 0, 0, 0
46949, 860, 0, 0, 0
47049, 850, 0, 0, 0
47149, 850, 0, 0, 0
47249, 820, 0, 0, 0
47349, 860, 0, 0, 0
47449, 830, 0, 0, 0
47549, 840, 0, 0, 0
47649, 820, 0, 0, 0
47750, 830, 0, 0, 0
47850, 840, 0, 0, 0
47950, 810, 0, 0, 0
48050, 860, 0, 0, 0
48150, 830, 0, 0, 0
48249, 808, 0, 0, 0
48349, 800, 0, 0, 0
48449, 840, 0, 0, 0
48549, 840, 0, 0, 0
48649, 830, 0, 0, 0
48750, 850, 0, 0, 0
48850, 840, 0, 0, 0
48950, 850, 0, 0, 0
49050, 850, 0, 0, 0
49150, 830, 0, 0, 0
49249, 848, 0, 0, 0
49349, 830, 0, 0, 0
49449, 820, 0, 0, 0
49549, 830, 0, 0, 0
49649, 820, 0, 0, 0
49749, 850, 0, 0, 0
49849, 830, 0, 0, 0
49949, 860, 0, 0, 0
50050, 820, 0, 0, 0
50150, 840, 0, 0, 0
50249, 838, 0, 0, 0
50349, 840, 0, 0, 0
50449, 830, 0, 0, 0
50549, 820, 0, 0, 0
50649, 830, 0, 0, 0
50749, 840, 0, 0, 0
50849, 860, 0, 0, 0
50949, 840, 0, 0, 0
51050, 820, 0, 0, 0
51150, 840, 0, 0, 0
51249, 838, 0, 0, 0
51349, 840, 0, 0, 0
51449, 840, 0, 0, 0
51549, 850, 0, 0, 0
51649, 850, 0, 0, 0
51749, 860, 0, 0, 0
51849, 850, 0, 0, 0
51949, 840, 0, 0, 0
52049, 800, 0, 0, 0
52149, 800, 0, 0, 0
52250, 810, 0, 0, 0
52350, 820, 0, 0, 0
52450, 860, 0, 0, 0
52550, 860, 0, 0, 0
52650, 850, 0, 0, 0
52749, 828, 0, 0, 0
52849, 870, 0, 0, 0
52949, 840, 0, 0, 0
53049, 850, 0, 0, 0
53149, 840, 0, 0, 0
53249, 810, 0, 0, 0
53349, 850, 0, 0, 0
53450, 830, 0, 0, 0
53550, 820, 0, 0, 0
53650, 840, 0, 0, 0
53749, 838, 0, 0, 0
53849, 840, 0, 0, 0
53949, 870, 0, 0, 0
54049, 830, 0, 0, 0
54149, 840, 0, 0, 0
54249, 840, 0, 0, 0
54349, 840, 0, 0, 0
54449, 840, 0, 0, 0
54550, 810, 0, 0, 0
54650, 830, 0, 0, 0
54749, 818, 0, 0, 0
54849, 830, 0, 0, 0
54949, 830, 0, 0, 0
55049, 870, 0, 0, 0
55149, 830, 0, 0, 0
55249, 880, 0, 0, 0
55349, 840, 0, 0, 0
55449, 830, 0, 0, 0
55549, 830, 0, 0, 0
55649, 830, 0, 0, 0
55750, 830, 0, 0, 0
55850, 820, 0, 0, 0
55950, 810, 0, 0, 0
56050, 820, 0, 0, 0
56150, 820, 0, 0, 0
56249, 858, 0, 0, 0
56349, 840, 0, 0, 0
56449, 840, 0, 0, 0
56549, 830, 0, 0, 0
56649, 840, 0, 0, 0
56749, 830, 0, 0, 0
56850, 860, 0, 0, 0
56950, 860, 0, 0, 0
57050, 820, 0, 0, 0
57150, 850, 0, 0, 0
57249, 848, 0, 0, 0
57349, 850, 0, 0, 0
57449, 840, 0, 0, 0
57549, 820, 0, 0, 0
57649, 820, 0, 0, 0
57749, 830, 0, 0, 0
57849, 840, 0, 0, 0
57949, 850, 0, 0, 0
58050, 830, 0, 0, 0
58150, 820, 0, 0, 0
58249, 848, 0, 0, 0
58349, 820, 0, 0, 0
58449, 840, 0, 0, 0
58549, 840, 0, 0, 0
58649, 850, 0, 0, 0
58749, 830, 0, 0, 0
58849, 850, 0, 0, 0
58949, 820, 0, 0, 0
59049, 840, 0, 0, 0
59149, 830, 0, 0, 0
59250, 820, 0, 0, 0
59350, 840, 0, 0, 0
59450, 830, 0, 0, 0
59550, 800, 0, 0, 0
59650, 840, 0, 0, 0
59749, 828, 0, 0, 0
59849, 830, 0, 0, 0
59949, 830, 0, 0, 0
60049, 820, 0, 0, 0
60149, 840, 0, 0, 0
60249, 840, 0, 0, 0
60350, 840, 0, 0, 0
60450, 850, 0, 0, 0
60550, 820, 0, 0, 0
60650, 820, 0, 0, 0
60749, 848, 0, 0, 0
60849, 850, 0, 0, 0
60949, 830, 0, 0, 0
61049, 830, 0, 0, 0
61149, 840, 0, 0, 0
61249, 800, 0, 0, 0
61349, 840, 0, 0, 0
61449, 850, 0, 0, 0
61550, 830, 0, 0, 0
61650, 850, 0, 0, 0
61749, 878, 0, 0, 0
61849, 830, 0, 0, 0
61949, 850, 0, 0, 0
62049, 850, 0, 0, 0
62149, 840, 0, 0, 0
62249, 850, 0, 0, 0
62349, 850, 0, 0, 0
62449, 840, 0, 0, 0
62549, 820, 0, 0, 0
62649, 840, 0, 0, 0
62750, 810, 0, 0, 0
62850, 850, 0, 0, 0
62950, 850, 0, 0, 0
63050, 830, 0, 0, 0
63150, 820, 0, 0, 0
63249, 848, 0, 0, 0
63349, 820, 0, 0, 0
63449, 820, 0, 0, 0
63549, 840, 0, 0, 0
63649, 830, 0, 0, 0
63750, 820, 0, 0, 0
63850, 820, 0, 0, 0
63950, 850, 0, 0, 0
64050, 860, 0, 0, 0
64150, 820, 0, 0, 0
64249, 848, 0, 0, 0
64349, 800, 0, 0, 0
64449, 850, 0, 0, 0
64549, 810, 0, 0, 0
64649, 820, 0, 0, 0
64749, 830, 0, 0, 0
64849, 820, 0, 0, 0
64949, 800, 0, 0, 0
65050, 850, 0, 0, 0
65150, 830, 0, 0, 0
65249, 848, 0, 0, 0
65349, 830, 0, 0, 0
65449, 830, 0, 0, 0
65549, 850, 0, 0, 0
65649, 840, 0, 0, 0
65749, 830, 0, 0, 0
65849, 860, 0, 0, 0
65949, 830, 0, 0, 0
66049, 860, 0, 0, 0
66149, 820, 0, 0, 0
66250, 830, 0, 0, 0
66350, 860, 0, 0, 0
66450, 850, 0, 0, 0
66550, 850, 0, 0, 0
66650, 840, 0, 0, 0
66749, 808, 0, 0, 0
66849, 830, 0, 0, 0
66949, 840, 0, 0, 0
67049, 830, 0, 0, 0
67149, 830, 0, 0, 0
67250, 860, 0, 0, 0
67350, 820, 0, 0, 0
67450, 830, 0, 0, 0
67550, 840, 0, 0, 0
67650, 830, 0, 0, 0
67749, 848, 0, 0, 0
67849, 820, 0, 0, 0
67949, 830, 0, 0, 0
68049, 820, 0, 0, 0
68149, 830, 0, 0, 0
68249, 850, 0, 0, 0
68349, 840, 0, 0, 0
68449, 850, 0, 0, 0
68550, 840, 0, 0, 0
68650, 840, 0, 0, 0
68749, 797, 0, 0, 0
68849, 820, 0, 0, 0
68949, 840, 0, 0, 0
69049, 830, 0, 0, 0
69149, 860, 0, 0, 0
69249, 850, 0, 0, 0
69349, 810, 0, 0, 0
69449, 870, 0, 0, 0
69549, 830, 0, 0, 0
69649, 840, 0, 0, 0
69750, 830, 0, 0, 0
69850, 830, 0, 0, 0
69950, 810, 0, 0, 0
70050, 840, 0, 0, 0
70150, 850, 0, 0, 0
70249, 858, 0, 0, 0
70349, 860, 0, 0, 0
70449, 830, 0, 0, 0
70549, 830, 0, 0, 0
70649, 830, 0, 0, 0
70750, 880, 0, 0, 0
70850, 840, 0, 0, 0
70950, 830, 0, 0, 0
71050, 830, 0, 0, 0
71150, 850, 0, 0, 0
71249, 848, 0, 0, 0
71349, 840, 0, 0, 0
71449, 820, 0, 0, 0
71549, 850, 0, 0, 0
71649, 830, 0, 0, 0
71749, 830, 0, 0, 0
71849, 860, 0, 0, 0
71949, 820, 0, 0, 0
72050, 830, 0, 0, 0
72150, 850, 0, 0, 0
72249, 858, 0, 0, 0
72349, 840, 0, 0, 0
72449, 840, 0, 0, 0
72549, 830, 0, 0, 0
72649, 820, 0, 0, 0
72749, 840, 0, 0, 0
72849, 860, 0, 0, 0
72949, 860, 0, 0, 0
73049, 830, 0, 0, 0
73149, 840, 0, 0, 0
73250, 850, 0, 0, 0
73350, 860, 0, 0, 0
73450, 840, 0, 0, 0
73550, 840, 0, 0, 0
73650, 840, 0, 0, 0
73749, 828, 0, 0, 0
73849, 820, 0, 0, 0
73949, 830, 0, 0, 0
74049, 830, 0, 0, 0
74149, 840, 0, 0, 0
74250, 820, 0, 0, 0
74350, 840, 0, 0, 0
74450, 840, 0, 0, 0
74550, 860, 0, 0, 0
74650, 820, 0, 0, 0
74749, 828, 0, 0, 0
74849, 840, 0, 0, 0
74949, 830, 0, 0, 0
75049, 850, 0, 0, 0
75149, 820, 0, 0, 0
75249, 850, 0, 0, 0
75349, 850, 0, 0, 0
75449, 850, 0, 0, 0
75550, 850, 0, 0, 0
75650, 840, 0, 0, 0
75749, 848, 0, 0, 0
75849, 830, 0, 0, 0
75949, 830, 0, 0, 0
76049, 850, 0, 0, 0
76149, 850, 0, 0, 0
76249, 860, 0, 0, 0
76349, 810, 0, 0, 0
76449, 840, 0, 0, 0
76549, 850, 0, 0, 0
76650, 820, 0, 0, 0
76750, 860, 0, 0, 0
76850, 850, 0, 0, 0
76950, 860, 0, 0, 0
77050, 830, 0, 0, 0
77150, 830, 0, 0, 0
77249, 838, 0, 0, 0
77349, 860, 0, 0, 0
77449, 860, 0, 0, 0
77549, 830, 0, 0, 0
77649, 860, 0, 0, 0
77749, 840, 0, 0, 0
77850, 820, 0, 0, 0
77950, 840, 0, 0, 0
78050, 820, 0, 0, 0
78150, 860, 0, 0, 0
78249, 858, 0, 0, 0
78349, 850, 0, 0, 0
78449, 870, 0, 0, 0
78549, 870, 0, 0, 0
78649, 850, 0, 0, 0
78749, 820, 0, 0, 0
78849, 870, 0, 0, 0
78949, 830, 0, 0, 0
79050, 850, 0, 0, 0
79150, 850, 0, 0, 0
79249, 858, 0, 0, 0
79349, 860, 0, 0, 0
79449, 850, 0, 0, 0
79549, 850, 0, 0, 0
79649, 850, 0, 0, 0
79749, 840, 0, 0, 0
79849, 830, 0, 0, 0
79949, 830, 0, 0, 0
80049, 830, 0, 0, 0
80149, 840, 0, 0, 0
80250, 830, 0, 0, 0
80350, 840, 0, 0, 0
80450, 830, 0, 0, 0
80550, 850, 0, 0, 0
80650, 850, 0, 0, 0
80749, 828, 0, 0, 0
80849, 830, 0, 0, 0
80949, 820, 0, 0, 0
81049, 850, 0, 0, 0
81149, 830, 0, 0, 0
81249, 830, 0, 0, 0
81350, 830, 0, 0, 0
81450, 840, 0, 0, 0
81550, 850, 0, 0, 0
81650, 870, 0, 0, 0
81749, 878, 0, 0, 0
81849, 850, 0, 0, 0
81949, 810, 0, 0, 0
82049, 830, 0, 0, 0
82149, 820, 0, 0, 0
82249, 850, 0, 0, 0
82349, 870, 0, 0, 0
82449, 820, 0, 0, 0
82550, 830, 0, 0, 0
82650, 820, 0, 0, 0
82749, 838, 0, 0, 0
82849, 820, 0, 0, 0
82949, 800, 0, 0, 0
83049, 840, 0, 0, 0
83149, 830, 0, 0, 0
83249, 870, 0, 0, 0
83349, 880, 0, 0, 0
83449, 850, 0, 0, 0
83549, 810, 0, 0, 0
83649, 830, 0, 0, 0
83750, 830, 0, 0, 0
83850, 840, 0, 0, 0
83950, 820, 0, 0, 0
84050, 840, 0, 0, 0
84150, 850, 0, 0, 0
84249, 818, 0, 0, 0
84349, 840, 0, 0, 0
84449, 840, 0, 0, 0
84549, 830, 0, 0, 0
84649, 840, 0, 0, 0
84749, 830, 0, 0, 0
84849, 830, 0, 0, 0
84950, 840, 0, 0, 0
85050, 850, 0, 0, 0
85150, 830, 0, 0, 0
85249, 868, 0, 0, 0
85349, 850, 0, 0, 0
85449, 830, 0, 0, 0
85549, 860, 0, 0, 0
85649, 860, 0, 0, 0
85749, 820, 0, 0, 0
85849, 820, 0, 0, 0
85949, 840, 0, 0, 0
86050, 850, 0, 0, 0
86150, 850, 0, 0, 0
86249, 848, 0, 0, 0
86349, 840, 0, 0, 0
86449, 830, 0, 0, 0
86549, 850, 0, 0, 0
86649, 840, 0, 0, 0
86749, 860, 0, 0, 0
86849, 860, 0, 0, 0
86949, 820, 0, 0, 0
87049, 830, 0, 0, 0
87149, 830, 0, 0, 0
87250, 870, 0, 0, 0
87350, 860, 0, 0, 0
87450, 830, 0, 0, 0
87550, 850, 0, 0, 0
87650, 830, 0, 0, 0
87749, 838, 0, 0, 0
87849, 800, 0, 0, 0
87949, 830, 0, 0, 0
88049, 860, 0, 0, 0
88149, 840, 0, 0, 0
88249, 830, 0, 0, 0
88349, 850, 0, 0, 0
88449, 850, 0, 0, 0
88550, 860, 0, 0, 0
88650, 830, 0, 0, 0
88749, 848, 0, 0, 0
88849, 850, 0, 0, 0
88949, 840, 0, 0, 0
89049, 820, 0, 0, 0
89149, 840, 0, 0, 0
89249, 870, 0, 0, 0
89349, 850, 0, 0, 0
89449, 840, 0, 0, 0
89550, 860, 0, 0, 0
89650, 830, 0, 0, 0
89749, 838, 0, 0, 0
89849, 840, 0, 0, 0
89949, 860, 0, 0, 0
