102, 5349100, 0, 0, 0
201, 5878788, 0, 0, 0
300, 5508238, 0, 0, 0
400, 4968977, 0, 0, 0
501, 5654277, 0, 0, 0
601, 5463606, 0, 0, 0
703, 4997769, 0, 0, 0
800, 5753284, 0, 0, 0
901, 5691105, 0, 0, 0
1001, 5195834, 0, 0, 0
1101, 5072428, 0, 0, 0
1201, 5340629, 0, 0, 0
1301, 5390750, 0, 0, 0
1400, 5542248, 0, 0, 0
1501, 5264213, 0, 0, 0
1600, 5475701, 0, 0, 0
1702, 5225949, 0, 0, 0
1800, 5447350, 0, 0, 0
1900, 5237137, 0, 0, 0
2002, 5231914, 0, 0, 0
2100, 5068381, 0, 0, 0
2201, 5251581, 0, 0, 0
2300, 5451506, 0, 0, 0
2400, 5398944, 0, 0, 0
2500, 5769285, 0, 0, 0
2602, 5669303, 0, 0, 0
2702, 5528437, 0, 0, 0
2800, 5265326, 0, 0, 0
2900, 5625151, 0, 0, 0
3000, 5286475, 0, 0, 0
3102, 5516044, 0, 0, 0
3201, 5228662, 0, 0, 0
3300, 5323945, 0, 0, 0
3402, 5469214, 0, 0, 0
3501, 5526567, 0, 0, 0
3603, 5472579, 0, 0, 0
3700, 5488636, 0, 0, 0
3803, 5444112, 0, 0, 0
3900, 5329549, 0, 0, 0
4003, 5222194, 0, 0, 0
4101, 5355731, 0, 0, 0
4200, 5262917, 0, 0, 0
4302, 5244328, 0, 0, 0
4400, 5377363, 0, 0, 0
4503, 5360767, 0, 0, 0
4602, 5848621, 0, 0, 0
4703, 5400460, 0, 0, 0
4801, 5185096, 0, 0, 0
4902, 5190952, 0, 0, 0
5002, 5558874, 0, 0, 0
5101, 5181500, 0, 0, 0
5201, 5591989, 0, 0, 0
5300, 5878932, 0, 0, 0
5401, 5280782, 0, 0, 0
5500, 5477780, 0, 0, 0
5601, 5772395, 0, 0, 0
5700, 5502267, 0, 0, 0
5802, 5169909, 0, 0, 0
5900, 5427027, 0, 0, 0
6000, 5389520, 0, 0, 0
6103, 5177109, 0, 0, 0
6200, 5205480, 0, 0, 0
6301, 5883869, 0, 0, 0
6400, 5930935, 0, 0, 0
6502, 5779379, 0, 0, 0
6602, 5465894, 0, 0, 0
6702, 5842145, 0, 0, 0
6802, 5892347, 0, 0, 0
6900, 5637399, 0, 0, 0
7000, 5573632, 0, 0, 0
7101, 6296879, 0, 0, 0
7201, 5540076, 0, 0, 0
7301, 5651150, 0, 0, 0
7401, 5588072, 0, 0, 0
7502, 5597889, 0, 0, 0
7603, 5795950, 0, 0, 0
7700, 5258654, 0, 0, 0
7802, 5577901, 0, 0, 0
7902, 5256077, 0, 0, 0
8003, 5484739, 0, 0, 0
8100, 5477476, 0, 0, 0
8203, 5510779, 0, 0, 0
8304, 5543762, 0, 0, 0
8400, 5593547, 0, 0, 0
8500, 5562922, 0, 0, 0
8601, 5452059, 0, 0, 0
8703, 5275467, 0, 0, 0
8803, 5522554, 0, 0, 0
8902, 5587304, 0, 0, 0
9000, 5308304, 0, 0, 0
9105, 5571645, 0, 0, 0
9202, 5477788, 0, 0, 0
9300, 5280400, 0, 0, 0
9401, 5342027, 0, 0, 0
9503, 5449558, 0, 0, 0
9603, 5570700, 0, 0, 0
9702, 5106764, 0, 0, 0
9803, 5363370, 0, 0, 0
9900, 5450931, 0, 0, 0
10002, 5194941, 0, 0, 0
10101, 5001409, 0, 0, 0
10200, 5503346, 0, 0, 0
10302, 5071510, 0, 0, 0
10401, 5379756, 0, 0, 0
10501, 5462215, 0, 0, 0
10602, 5182886, 0, 0, 0
10700, 5845999, 0, 0, 0
10800, 5706910, 0, 0, 0
10900, 5142534, 0, 0, 0
11001, 5148138, 0, 0, 0
11101, 4975445, 0, 0, 0
11202, 5302317, 0, 0, 0
11301, 5297052, 0, 0, 0
11402, 4963157, 0, 0, 0
11502, 5267393, 0, 0, 0
11600, 5364528, 0, 0, 0
11702, 5400061, 0, 0, 0
11800, 5454652, 0, 0, 0
11903, 5288598, 0, 0, 0
12003, 5714261, 0, 0, 0
12102, 5200063, 0, 0, 0
12202, 5020447, 0, 0, 0
12300, 5121953, 0, 0, 0
12404, 5333014, 0, 0, 0
12500, 5248604, 0, 0, 0
12603, 5514255, 0, 0, 0
12702, 5645994, 0, 0, 0
12803, 5351130, 0, 0, 0
12903, 5217672, 0, 0, 0
13000, 5398210, 0, 0, 0
13103, 5463289, 0, 0, 0
13200, 5688880, 0, 0, 0
13302, 5606827, 0, 0, 0
13400, 5364114, 0, 0, 0
13502, 5405380, 0, 0, 0
13601, 5226685, 0, 0, 0
13703, 5147783, 0, 0, 0
13801, 5177566, 0, 0, 0
13904, 5648570, 0, 0, 0
14000, 5624950, 0, 0, 0
14100, 5765120, 0, 0, 0
14200, 5783496, 0, 0, 0
14300, 5548626, 0, 0, 0
14400, 5343257, 0, 0, 0
14502, 5234951, 0, 0, 0
14602, 5490585, 0, 0, 0
14701, 5556924, 0, 0, 0
14802, 5336945, 0, 0, 0
14902, 5681788, 0, 0, 0
15001, 5246537, 0, 0, 0
15102, 5898672, 0, 0, 0
15203, 5419382, 0, 0, 0
15300, 5274195, 0, 0, 0
15402, 5237904, 0, 0, 0
15503, 5292659, 0, 0, 0
15600, 5643634, 0, 0, 0
15702, 5417091, 0, 0, 0
15801, 5095331, 0, 0, 0
15901, 5268819, 0, 0, 0
16003, 5218063, 0, 0, 0
16101, 5148485, 0, 0, 0
16205, 5376236, 0, 0, 0
16303, 5405907, 0, 0, 0
16400, 5203850, 0, 0, 0
16501, 4988952, 0, 0, 0
16600, 5015392, 0, 0, 0
16701, 5098855, 0, 0, 0
16801, 5085441, 0, 0, 0
16900, 5257063, 0, 0, 0
17000, 5064509, 0, 0, 0
17101, 5072889, 0, 0, 0
17202, 5051648, 0, 0, 0
17303, 4982102, 0, 0, 0
17401, 5177198, 0, 0, 0
17500, 5092280, 0, 0, 0
17602, 4991002, 0, 0, 0
17702, 4961984, 0, 0, 0
17800, 5152681, 0, 0, 0
17903, 5182802, 0, 0, 0
18002, 5466063, 0, 0, 0
18102, 4980497, 0, 0, 0
18200, 5082454, 0, 0, 0
18300, 5118567, 0, 0, 0
18402, 5217054, 0, 0, 0
18504, 5194209, 0, 0, 0
18600, 5008830, 0, 0, 0
18703, 5343365, 0, 0, 0
18803, 5122377, 0, 0, 0
18901, 5510082, 0, 0, 0
19002, 5557510, 0, 0, 0
19100, 5202751, 0, 0, 0
19201, 5532281, 0, 0, 0
19302, 5076217, 0, 0, 0
19404, 5609702, 0, 0, 0
19502, 5498936, 0, 0, 0
19600, 5399665, 0, 0, 0
19701, 5533130, 0, 0, 0
19802, 5705814, 0, 0, 0
19902, 5741917, 0, 0, 0
20000, 5481937, 0, 0, 0
20100, 5471293, 0, 0, 0
20200, 5511702, 0, 0, 0
20302, 5223502, 0, 0, 0
20400, 5362403, 0, 0, 0
20503, 4993858, 0, 0, 0
20601, 5195643, 0, 0, 0
20700, 5693022, 0, 0, 0
20800, 5345324, 0, 0, 0
20902, 5645661, 0, 0, 0
21000, 5420379, 0, 0, 0
21100, 4999373, 0, 0, 0
21200, 5108885, 0, 0, 0
21301, 5389061, 0, 0, 0
21401, 5043101, 0, 0, 0
21502, 5342469, 0, 0, 0
21601, 4876335, 0, 0, 0
21700, 5035289, 0, 0, 0
21801, 5180470, 0, 0, 0
21902, 5235580, 0, 0, 0
22004, 5240582, 0, 0, 0
22101, 5021108, 0, 0, 0
22203, 5271866, 0, 0, 0
22301, 4899101, 0, 0, 0
22400, 5417099, 0, 0, 0
22502, 5171844, 0, 0, 0
22602, 5285960, 0, 0, 0
22700, 5057909, 0, 0, 0
22801, 5079582, 0, 0, 0
22901, 5612424, 0, 0, 0
23000, 5257092, 0, 0, 0
23100, 4997506, 0, 0, 0
23203, 5459108, 0, 0, 0
23302, 5136134, 0, 0, 0
23401, 5593793, 0, 0, 0
23502, 5219189, 0, 0, 0
23602, 5095850, 0, 0, 0
23701, 5555165, 0, 0, 0
23800, 5384012, 0, 0, 0
23901, 5414126, 0, 0, 0
24000, 5211604, 0, 0, 0
24101, 5616837, 0, 0, 0
24200, 5498024, 0, 0, 0
24301, 5214826, 0, 0, 0
24403, 5475850, 0, 0, 0
24500, 5510120, 0, 0, 0
24602, 5304666, 0, 0, 0
24701, 5389236, 0, 0, 0
24800, 5396848, 0, 0, 0
24900, 5265303, 0, 0, 0
25000, 5277215, 0, 0, 0
25100, 5575176, 0, 0, 0
25202, 5231811, 0, 0, 0
25301, 5446444, 0, 0, 0
25400, 5234787, 0, 0, 0
25500, 5171310, 0, 0, 0
25601, 5349808, 0, 0, 0
25700, 5537117, 0, 0, 0
25802, 5427818, 0, 0, 0
25903, 5233913, 0, 0, 0
26001, 5543460, 0, 0, 0
26101, 5365709, 0, 0, 0
26200, 5168471, 0, 0, 0
26301, 5542919, 0, 0, 0
26401, 5563495, 0, 0, 0
26500, 5420760, 0, 0, 0
26602, 5285434, 0, 0, 0
26702, 5516092, 0, 0, 0
26800, 5193211, 0, 0, 0
26902, 5201177, 0, 0, 0
27000, 5359289, 0, 0, 0
27100, 5334757, 0, 0, 0
27200, 5481625, 0, 0, 0
27301, 5308338, 0, 0, 0
27402, 5399513, 0, 0, 0
27501, 5271577, 0, 0, 0
27600, 5057013, 0, 0, 0
27700, 5425531, 0, 0, 0
27801, 5347184, 0, 0, 0
27902, 5533941, 0, 0, 0
28001, 5513721, 0, 0, 0
28100, 5166736, 0, 0, 0
28200, 5084278, 0, 0, 0
28304, 5204131, 0, 0, 0
28401, 5267302, 0, 0, 0
28502, 5434673, 0, 0, 0
28602, 5402440, 0, 0, 0
28700, 5443516, 0, 0, 0
28804, 5759049, 0, 0, 0
28900, 5442811, 0, 0, 0
29003, 5226218, 0, 0, 0
29101, 5024178, 0, 0, 0
29200, 5136876, 0, 0, 0
29304, 5226429, 0, 0, 0
29402, 5336381, 0, 0, 0
29501, 5517335, 0, 0, 0
29600, 5550689, 0, 0, 0
29700, 5252477, 0, 0, 0
29802, 5449804, 0, 0, 0
29902, 5344952, 0, 0, 0
30001, 5301937, 0, 0, 0
30101, 5337637, 0, 0, 0
30201, 5165486, 0, 0, 0
30301, 5120593, 0, 0, 0
30401, 5038505, 0, 0, 0
30501, 5226759, 0, 0, 0
30600, 5124447, 0, 0, 0
30703, 5455829, 0, 0, 0
30800, 5331799, 0, 0, 0
30901, 5443709, 0, 0, 0
31004, 5480146, 0, 0, 0
31100, 5447433, 0, 0, 0
31200, 4973767, 0, 0, 0
31303, 4936570, 0, 0, 0
31400, 5296524, 0, 0, 0
31500, 4964772, 0, 0, 0
31601, 5063692, 0, 0, 0
31700, 5246485, 0, 0, 0
31800, 5274433, 0, 0, 0
31901, 5373191, 0, 0, 0
32002, 5222376, 0, 0, 0
32101, 4919044, 0, 0, 0
32203, 5278275, 0, 0, 0
32301, 5083902, 0, 0, 0
32400, 5464710, 0, 0, 0
32502, 5046039, 0, 0, 0
32601, 5048595, 0, 0, 0
32701, 5133984, 0, 0, 0
32800, 5241543, 0, 0, 0
32901, 5107233, 0, 0, 0
33000, 5199087, 0, 0, 0
33102, 5568295, 0, 0, 0
33203, 5417525, 0, 0, 0
33302, 5200637, 0, 0, 0
33401, 5491092, 0, 0, 0
33500, 5210692, 0, 0, 0
33604, 5162763, 0, 0, 0
33701, 5641588, 0, 0, 0
33801, 5250420, 0, 0, 0
33901, 5110211, 0, 0, 0
34001, 5112321, 0, 0, 0
34100, 5337838, 0, 0, 0
34201, 5492337, 0, 0, 0
34300, 5246724, 0, 0, 0
34400, 5228284, 0, 0, 0
34500, 5499888, 0, 0, 0
34603, 5258887, 0, 0, 0
34703, 5433414, 0, 0, 0
34803, 5444385, 0, 0, 0
34901, 5473522, 0, 0, 0
35001, 5381500, 0, 0, 0
35100, 5716893, 0, 0, 0
35200, 5163847, 0, 0, 0
35301, 5396856, 0, 0, 0
35400, 5708552, 0, 0, 0
35500, 5457355, 0, 0, 0
35602, 5483140, 0, 0, 0
35702, 5575414, 0, 0, 0
35802, 5404424, 0, 0, 0
35903, 4878163, 0, 0, 0
36004, 5019217, 0, 0, 0
36103, 5514818, 0, 0, 0
36201, 5207414, 0, 0, 0
36301, 5534754, 0, 0, 0
36402, 5427209, 0, 0, 0
36500, 5508988, 0, 0, 0
36600, 5327336, 0, 0, 0
36701, 5282785, 0, 0, 0
36800, 5513244, 0, 0, 0
36900, 5497531, 0, 0, 0
37001, 5374110, 0, 0, 0
37100, 5470906, 0, 0, 0
37201, 5568090, 0, 0, 0
37302, 5572928, 0, 0, 0
37403, 5416588, 0, 0, 0
37500, 6103901, 0, 0, 0
37600, 5525954, 0, 0, 0
37702, 5681895, 0, 0, 0
37801, 5120428, 0, 0, 0
37902, 5264539, 0, 0, 0
38001, 5338107, 0, 0, 0
38100, 5533604, 0, 0, 0
38200, 5738806, 0, 0, 0
38300, 5270626, 0, 0, 0
38401, 5542026, 0, 0, 0
38501, 5318573, 0, 0, 0
38600, 5449342, 0, 0, 0
38703, 5683583, 0, 0, 0
38802, 5666143, 0, 0, 0
38903, 5584077, 0, 0, 0
39003, 5893271, 0, 0, 0
39103, 5898839, 0, 0, 0
39200, 5631713, 0, 0, 0
39301, 5700238, 0, 0, 0
39402, 5452092, 0, 0, 0
39502, 5502263, 0, 0, 0
39600, 5614372, 0, 0, 0
39700, 5607930, 0, 0, 0
39800, 6167153, 0, 0, 0
39901, 5559157, 0, 0, 0
40001, 5578445, 0, 0, 0
40100, 5809337, 0, 0, 0
40202, 5987417, 0, 0, 0
40304, 5877281, 0, 0, 0
40400, 5892089, 0, 0, 0
40503, 5826518, 0, 0, 0
40603, 5511372, 0, 0, 0
40701, 5661015, 0, 0, 0
40800, 5765962, 0, 0, 0
40900, 5633637, 0, 0, 0
41000, 6017178, 0, 0, 0
41100, 5125339, 0, 0, 0
41200, 5256259, 0, 0, 0
41302, 5075104, 0, 0, 0
41402, 5252744, 0, 0, 0
41501, 5234688, 0, 0, 0
41601, 5315492, 0, 0, 0
41702, 5242455, 0, 0, 0
41801, 5413985, 0, 0, 0
41900, 5376591, 0, 0, 0
42001, 5224271, 0, 0, 0
42101, 5178619, 0, 0, 0
42202, 5101111, 0, 0, 0
42301, 5321563, 0, 0, 0
42402, 5260703, 0, 0, 0
42500, 5310921, 0, 0, 0
42600, 4820420, 0, 0, 0
42700, 5252659, 0, 0, 0
42803, 5107533, 0, 0, 0
42901, 5548505, 0, 0, 0
43000, 5455382, 0, 0, 0
43103, 5172640, 0, 0, 0
43204, 4980591, 0, 0, 0
43301, 5218726, 0, 0, 0
43400, 5141824, 0, 0, 0
43503, 5051346, 0, 0, 0
43601, 5534200, 0, 0, 0
43702, 5194207, 0, 0, 0
43800, 5493996, 0, 0, 0
43902, 5187635, 0, 0, 0
44003, 5315163, 0, 0, 0
44100, 5335103, 0, 0, 0
44200, 5305186, 0, 0, 0
44302, 5127499, 0, 0, 0
44402, 5435357, 0, 0, 0
44502, 5227201, 0, 0, 0
44603, 5278242, 0, 0, 0
44700, 5156300, 0, 0, 0
44804, 5375218, 0, 0, 0
44902, 5160004, 0, 0, 0
45000, 5223135, 0, 0, 0
45103, 5644703, 0, 0, 0
45200, 5763768, 0, 0, 0
45300, 5613649, 0, 0, 0
45401, 5289892, 0, 0, 0
45500, 5295456, 0, 0, 0
45602, 5400736, 0, 0, 0
45701, 5360434, 0, 0, 0
45800, 5271242, 0, 0, 0
45901, 5520987, 0, 0, 0
46001, 5423328, 0, 0, 0
46103, 5508569, 0, 0, 0
46201, 5818240, 0, 0, 0
46302, 5449602, 0, 0, 0
46403, 5780788, 0, 0, 0
46500, 5403940, 0, 0, 0
46600, 5569322, 0, 0, 0
46700, 5279757, 0, 0, 0
46800, 5447944, 0, 0, 0
46900, 5064874, 0, 0, 0
47000, 5452836, 0, 0, 0
47101, 5384921, 0, 0, 0
47203, 5503025, 0, 0, 0
47303, 5421304, 0, 0, 0
47402, 5510163, 0, 0, 0
47501, 5256433, 0, 0, 0
47600, 5573337, 0, 0, 0
47701, 5806089, 0, 0, 0
47801, 5781352, 0, 0, 0
47900, 5458151, 0, 0, 0
48002, 5473485, 0, 0, 0
48101, 5503920, 0, 0, 0
48200, 5477765, 0, 0, 0
48302, 5691634, 0, 0, 0
48402, 5218699, 0, 0, 0
48502, 5612622, 0, 0, 0
48600, 5344615, 0, 0, 0
48700, 5652738, 0, 0, 0
48801, 5640735, 0, 0, 0
48902, 5581573, 0, 0, 0
49003, 5884600, 0, 0, 0
49101, 5607500, 0, 0, 0
49202, 5608031, 0, 0, 0
49300, 6195200, 0, 0, 0
49400, 5853236, 0, 0, 0
49500, 5450479, 0, 0, 0
49604, 5517869, 0, 0, 0
49702, 5474659, 0, 0, 0
49802, 5534405, 0, 0, 0
49903, 5769429, 0, 0, 0
50001, 5154398, 0, 0, 0
50100, 5607732, 0, 0, 0
50200, 6021469, 0, 0, 0
50302, 5298955, 0, 0, 0
50401, 5624272, 0, 0, 0
50501, 5552795, 0, 0, 0
50601, 5974387, 0, 0, 0
50700, 5724770, 0, 0, 0
50805, 5492231, 0, 0, 0
50903, 5762369, 0, 0, 0
51002, 5527623, 0, 0, 0
51102, 5617606, 0, 0, 0
51200, 5697538, 0, 0, 0
51300, 5399619, 0, 0, 0
51406, 5677140, 0, 0, 0
51500, 5468354, 0, 0, 0
51602, 5511013, 0, 0, 0
51700, 5606838, 0, 0, 0
51803, 5469537, 0, 0, 0
51901, 5507939, 0, 0, 0
52003, 5769931, 0, 0, 0
52101, 5897305, 0, 0, 0
52203, 5692855, 0, 0, 0
52300, 5379025, 0, 0, 0
52402, 5868012, 0, 0, 0
52500, 5667732, 0, 0, 0
52601, 5294130, 0, 0, 0
52704, 5664561, 0, 0, 0
52800, 5732713, 0, 0, 0
52901, 5583100, 0, 0, 0
53000, 5707953, 0, 0, 0
53100, 5783381, 0, 0, 0
53201, 5763004, 0, 0, 0
53302, 6168053, 0, 0, 0
53402, 5655673, 0, 0, 0
53501, 5554090, 0, 0, 0
53600, 5806940, 0, 0, 0
53700, 5432694, 0, 0, 0
53801, 5404765, 0, 0, 0
53900, 5727125, 0, 0, 0
54001, 5550743, 0, 0, 0
54101, 5374517, 0, 0, 0
54200, 5525811, 0, 0, 0
54301, 5410880, 0, 0, 0
54400, 5409728, 0, 0, 0
54501, 5789132, 0, 0, 0
54602, 5986551, 0, 0, 0
54701, 5962006, 0, 0, 0
54802, 5756838, 0, 0, 0
54900, 5478811, 0, 0, 0
55002, 5309180, 0, 0, 0
55100, 5592855, 0, 0, 0
55200, 5780324, 0, 0, 0
55300, 5512100, 0, 0, 0
55402, 5644450, 0, 0, 0
55503, 5294613, 0, 0, 0
55601, 5410262, 0, 0, 0
55700, 5385196, 0, 0, 0
55801, 5827570, 0, 0, 0
55901, 5647452, 0, 0, 0
56000, 5858706, 0, 0, 0
56102, 5587943, 0, 0, 0
56204, 5367540, 0, 0, 0
56304, 5373143, 0, 0, 0
56401, 5806236, 0, 0, 0
56500, 5688962, 0, 0, 0
56602, 5485884, 0, 0, 0
56700, 5313305, 0, 0, 0
56802, 5312018, 0, 0, 0
56903, 5292573, 0, 0, 0
57001, 5789757, 0, 0, 0
57101, 5534188, 0, 0, 0
57200, 5837176, 0, 0, 0
57300, 5794669, 0, 0, 0
57402, 5432081, 0, 0, 0
57503, 5746859, 0, 0, 0
57600, 5568486, 0, 0, 0
57700, 5330928, 0, 0, 0
57802, 5560533, 0, 0, 0
57900, 5329273, 0, 0, 0
58001, 5560116, 0, 0, 0
58101, 5589588, 0, 0, 0
58200, 5878730, 0, 0, 0
58304, 5608975, 0, 0, 0
58403, 5738631, 0, 0, 0
58500, 5588717, 0, 0, 0
58600, 5857804, 0, 0, 0
58700, 5681793, 0, 0, 0
58804, 5761773, 0, 0, 0
58901, 5746400, 0, 0, 0
59002, 5445463, 0, 0, 0
59104, 5803820, 0, 0, 0
59201, 6143819, 0, 0, 0
59304, 5931426, 0, 0, 0
59400, 6060249, 0, 0, 0
59505, 6291106, 0, 0, 0
59600, 5913203, 0, 0, 0
59701, 6182632, 0, 0, 0
59800, 5830118, 0, 0, 0
59905, 5782689, 0, 0, 0
60005, 6450217, 0, 0, 0
60100, 6107611, 0, 0, 0
60203, 5948324, 0, 0, 0
60301, 6350824, 0, 0, 0
60401, 6260833, 0, 0, 0
60500, 5799284, 0, 0, 0
60601, 5951169, 0, 0, 0
60700, 5775849, 0, 0, 0
60803, 6054749, 0, 0, 0
60901, 6052483, 0, 0, 0
61002, 6036880, 0, 0, 0
61102, 5894861, 0, 0, 0
61201, 6130919, 0, 0, 0
61300, 6428606, 0, 0, 0
61403, 6330502, 0, 0, 0
61500, 6024127, 0, 0, 0
61601, 5571911, 0, 0, 0
61704, 5978304, 0, 0, 0
61801, 5511906, 0, 0, 0
61902, 5795919, 0, 0, 0
62003, 5763539, 0, 0, 0
62102, 6418788, 0, 0, 0
62203, 5890234, 0, 0, 0
62300, 5963324, 0, 0, 0
62400, 5667816, 0, 0, 0
62500, 5608718, 0, 0, 0
62602, 5465911, 0, 0, 0
62700, 5589079, 0, 0, 0
62800, 5870192, 0, 0, 0
62902, 5397264, 0, 0, 0
63002, 5891975, 0, 0, 0
63101, 5228455, 0, 0, 0
63200, 5610517, 0, 0, 0
63301, 5757154, 0, 0, 0
63402, 5937247, 0, 0, 0
63501, 5385872, 0, 0, 0
63600, 5525258, 0, 0, 0
63700, 5347926, 0, 0, 0
63802, 5416102, 0, 0, 0
63900, 5623834, 0, 0, 0
64002, 5769425, 0, 0, 0
64102, 5579487, 0, 0, 0
64203, 5572762, 0, 0, 0
64304, 5735262, 0, 0, 0
64404, 5541548, 0, 0, 0
64502, 5781544, 0, 0, 0
64600, 5258955, 0, 0, 0
64700, 5466804, 0, 0, 0
64801, 5444343, 0, 0, 0
64902, 5302505, 0, 0, 0
65005, 5368617, 0, 0, 0
65100, 5543615, 0, 0, 0
65201, 5639074, 0, 0, 0
65303, 5583804, 0, 0, 0
65401, 5752809, 0, 0, 0
65504, 5559088, 0, 0, 0
65600, 5367088, 0, 0, 0
65700, 5383363, 0, 0, 0
65800, 5503467, 0, 0, 0
65902, 5279353, 0, 0, 0
66005, 5626674, 0, 0, 0
66102, 5462918, 0, 0, 0
66202, 5569582, 0, 0, 0
66301, 6005560, 0, 0, 0
66403, 6132992, 0, 0, 0
66503, 5919793, 0, 0, 0
66602, 5616424, 0, 0, 0
66701, 6022535, 0, 0, 0
66803, 5674702, 0, 0, 0
66904, 5542674, 0, 0, 0
67000, 5856319, 0, 0, 0
67103, 5911939, 0, 0, 0
67201, 5581095, 0, 0, 0
67300, 5661700, 0, 0, 0
67403, 5691077, 0, 0, 0
67501, 5816358, 0, 0, 0
67601, 5849581, 0, 0, 0
67702, 5996412, 0, 0, 0
67800, 5278381, 0, 0, 0
67901, 5770433, 0, 0, 0
68001, 5587053, 0, 0, 0
68101, 5884399, 0, 0, 0
68200, 6112150, 0, 0, 0
68300, 5575686, 0, 0, 0
68403, 6185851, 0, 0, 0
68500, 5473233, 0, 0, 0
68604, 5539645, 0, 0, 0
68700, 5716168, 0, 0, 0
68801, 5764690, 0, 0, 0
68901, 5667317, 0, 0, 0
69003, 5661017, 0, 0, 0
69100, 6134649, 0, 0, 0
69202, 5776377, 0, 0, 0
69300, 5589499, 0, 0, 0
69402, 5681794, 0, 0, 0
69500, 5991435, 0, 0, 0
69604, 5835543, 0, 0, 0
69702, 5717205, 0, 0, 0
69801, 5945414, 0, 0, 0
69902, 5836406, 0, 0, 0
70003, 5818341, 0, 0, 0
70104, 5728877, 0, 0, 0
70202, 5609636, 0, 0, 0
70303, 5755308, 0, 0, 0
70402, 6167085, 0, 0, 0
70500, 5717496, 0, 0, 0
70602, 5718660, 0, 0, 0
70701, 5850908, 0, 0, 0
70801, 5617399, 0, 0, 0
70900, 6055569, 0, 0, 0
71002, 5741087, 0, 0, 0
71100, 6063148, 0, 0, 0
71205, 6120891, 0, 0, 0
71304, 5867524, 0, 0, 0
71404, 5894511, 0, 0, 0
71503, 6115219, 0, 0, 0
71602, 5928659, 0, 0, 0
71701, 6144377, 0, 0, 0
71801, 5755809, 0, 0, 0
71900, 5841469, 0, 0, 0
72000, 5657511, 0, 0, 0
72101, 5620717, 0, 0, 0
72203, 5665263, 0, 0, 0
72302, 5641960, 0, 0, 0
72401, 5681686, 0, 0, 0
72501, 5569307, 0, 0, 0
72600, 5935386, 0, 0, 0
72701, 5750784, 0, 0, 0
72800, 5564838, 0, 0, 0
72900, 5593667, 0, 0, 0
73000, 5653296, 0, 0, 0
73102, 5534093, 0, 0, 0
73202, 5693924, 0, 0, 0
73300, 5751616, 0, 0, 0
73401, 5953366, 0, 0, 0
73501, 5640058, 0, 0, 0
73603, 5869370, 0, 0, 0
73700, 5804920, 0, 0, 0
73802, 5746717, 0, 0, 0
73902, 5840921, 0, 0, 0
74001, 5534194, 0, 0, 0
74101, 5746592, 0, 0, 0
74200, 5930505, 0, 0, 0
74300, 5737632, 0, 0, 0
74401, 5756692, 0, 0, 0
74504, 5528970, 0, 0, 0
74600, 5432864, 0, 0, 0
74700, 5908161, 0, 0, 0
74801, 5973765, 0, 0, 0
74900, 5520928, 0, 0, 0
75002, 5675368, 0, 0, 0
75100, 5769403, 0, 0, 0
75204, 5744959, 0, 0, 0
75300, 5601095, 0, 0, 0
75402, 5402858, 0, 0, 0
75502, 5547726, 0, 0, 0
75604, 5674179, 0, 0, 0
75700, 5284255, 0, 0, 0
75801, 5299518, 0, 0, 0
75900, 5228621, 0, 0, 0
76000, 5032126, 0, 0, 0
76101, 5373095, 0, 0, 0
76200, 5701619, 0, 0, 0
76300, 5591686, 0, 0, 0
76404, 5441522, 0, 0, 0
76501, 5711910, 0, 0, 0
76602, 5571339, 0, 0, 0
76703, 5634897, 0, 0, 0
76804, 5603816, 0, 0, 0
76900, 5635471, 0, 0, 0
77004, 5811156, 0, 0, 0
77104, 5566892, 0, 0, 0
77204, 5705498, 0, 0, 0
77302, 5969696, 0, 0, 0
77400, 6110006, 0, 0, 0
77501, 5610571, 0, 0, 0
77600, 5569914, 0, 0, 0
77701, 5471997, 0, 0, 0
77800, 5394174, 0, 0, 0
77900, 5723518, 0, 0, 0
78002, 5508499, 0, 0, 0
78102, 5714356, 0, 0, 0
78201, 5750793, 0, 0, 0
78301, 5801294, 0, 0, 0
78400, 5503397, 0, 0, 0
78503, 5626340, 0, 0, 0
78601, 5646368, 0, 0, 0
78700, 5871010, 0, 0, 0
78804, 5542405, 0, 0, 0
78902, 5503656, 0, 0, 0
79000, 5574664, 0, 0, 0
79103, 5519008, 0, 0, 0
79201, 5366398, 0, 0, 0
79300, 5451055, 0, 0, 0
79401, 5520526, 0, 0, 0
79502, 5657330, 0, 0, 0
79601, 5710489, 0, 0, 0
79701, 5431343, 0, 0, 0
79802, 5612651, 0, 0, 0
79901, 5531012, 0, 0, 0
80002, 5831422, 0, 0, 0
80102, 5618994, 0, 0, 0
80201, 5506866, 0, 0, 0
80300, 5393415, 0, 0, 0
80400, 5525198, 0, 0, 0
80502, 5652328, 0, 0, 0
80603, 5423630, 0, 0, 0
80700, 5521206, 0, 0, 0
80802, 5482572, 0, 0, 0
80902, 5464943, 0, 0, 0
81003, 5382827, 0, 0, 0
81105, 5663245, 0, 0, 0
81200, 5672646, 0, 0, 0
81301, 5600558, 0, 0, 0
81400, 5663865, 0, 0, 0
81502, 5202295, 0, 0, 0
81600, 5749174, 0, 0, 0
81700, 5902505, 0, 0, 0
81800, 5750607, 0, 0, 0
81904, 5851376, 0, 0, 0
82001, 5714092, 0, 0, 0
82100, 5676141, 0, 0, 0
82200, 5616125, 0, 0, 0
82300, 5490401, 0, 0, 0
82401, 5595844, 0, 0, 0
82501, 5514489, 0, 0, 0
82604, 5445667, 0, 0, 0
82702, 5566360, 0, 0, 0
82801, 5214965, 0, 0, 0
82902, 5356751, 0, 0, 0
83000, 5409880, 0, 0, 0
83100, 5281925, 0, 0, 0
83200, 5468311, 0, 0, 0
83301, 7654308, 0, 0, 0
83400, 5668110, 0, 0, 0
83503, 5843524, 0, 0, 0
83601, 5601998, 0, 0, 0
83701, 5626040, 0, 0, 0
83802, 6000995, 0, 0, 0
83900, 5648096, 0, 0, 0
84001, 5771486, 0, 0, 0
84101, 5377709, 0, 0, 0
84201, 5370171, 0, 0, 0
84304, 5593597, 0, 0, 0
84401, 5609680, 0, 0, 0
84502, 5457666, 0, 0, 0
84601, 5305661, 0, 0, 0
84704, 5536824, 0, 0, 0
84800, 5325735, 0, 0, 0
84901, 5253404, 0, 0, 0
85001, 5402000, 0, 0, 0
85102, 5399485, 0, 0, 0
85200, 5721331, 0, 0, 0
85303, 5300081, 0, 0, 0
85401, 5471506, 0, 0, 0
85501, 5487515, 0, 0, 0
85602, 5389268, 0, 0, 0
85702, 5125460, 0, 0, 0
85800, 5601729, 0, 0, 0
85902, 5385512, 0, 0, 0
86000, 5426516, 0, 0, 0
86100, 5202553, 0, 0, 0
86200, 5335111, 0, 0, 0
86300, 5445010, 0, 0, 0
86401, 5566301, 0, 0, 0
86500, 5311188, 0, 0, 0
86600, 5239773, 0, 0, 0
86700, 5340078, 0, 0, 0
86800, 5754159, 0, 0, 0
86901, 5371006, 0, 0, 0
87002, 5495042, 0, 0, 0
87104, 5440121, 0, 0, 0
87200, 5111635, 0, 0, 0
87303, 5647253, 0, 0, 0
87401, 5016253, 0, 0, 0
87502, 5428184, 0, 0, 0
87600, 5699696, 0, 0, 0
87700, 5389692, 0, 0, 0
87803, 5666337, 0, 0, 0
87900, 5446186, 0, 0, 0
88002, 5634827, 0, 0, 0
88103, 5908598, 0, 0, 0
88204, 5571807, 0, 0, 0
88300, 6103305, 0, 0, 0
88400, 5849117, 0, 0, 0
88500, 5805547, 0, 0, 0
88600, 5523546, 0, 0, 0
88702, 5688724, 0, 0, 0
88802, 6133029, 0, 0, 0
88900, 5591217, 0, 0, 0
89002, 5541655, 0, 0, 0
89100, 5529793, 0, 0, 0
89200, 5444088, 0, 0, 0
89300, 5341491, 0, 0, 0
89403, 5224074, 0, 0, 0
89501, 5444727, 0, 0, 0
89602, 5199344, 0, 0, 0
89703, 5704854, 0, 0, 0
89801, 5353417, 0, 0, 0
89900, 5221115, 0, 0, 0
90002, 5164497, 0, 0, 0
90002, 3694739, 0, 0, 0
