250, 355328, 0, 0, 0
350, 360960, 0, 0, 0
450, 358400, 0, 0, 0
550, 360960, 0, 0, 0
650, 358400, 0, 0, 0
749, 343919, 0, 0, 0
849, 399360, 0, 0, 0
949, 386560, 0, 0, 0
1049, 330240, 0, 0, 0
1149, 378880, 0, 0, 0
1250, 353280, 0, 0, 0
1350, 358400, 0, 0, 0
1450, 355840, 0, 0, 0
1550, 371200, 0, 0, 0
1650, 350720, 0, 0, 0
1749, 367191, 0, 0, 0
1849, 404480, 0, 0, 0
1949, 363520, 0, 0, 0
2049, 404480, 0, 0, 0
2150, 363520, 0, 0, 0
2249, 367191, 0, 0, 0
2349, 381440, 0, 0, 0
2449, 373760, 0, 0, 0
2549, 332800, 0, 0, 0
2649, 343040, 0, 0, 0
2749, 337920, 0, 0, 0
2849, 350720, 0, 0, 0
2949, 371200, 0, 0, 0
3049, 345600, 0, 0, 0
3149, 386560, 0, 0, 0
3250, 381440, 0, 0, 0
3350, 358400, 0, 0, 0
3450, 353280, 0, 0, 0
3550, 371200, 0, 0, 0
3650, 371200, 0, 0, 0
3749, 367191, 0, 0, 0
3849, 391680, 0, 0, 0
3949, 373760, 0, 0, 0
4049, 353280, 0, 0, 0
4149, 358400, 0, 0, 0
4250, 366080, 0, 0, 0
4350, 340480, 0, 0, 0
4450, 337920, 0, 0, 0
4550, 366080, 0, 0, 0
4650, 363520, 0, 0, 0
4749, 377535, 0, 0, 0
4849, 350720, 0, 0, 0
4949, 348160, 0, 0, 0
5049, 353280, 0, 0, 0
5149, 373760, 0, 0, 0
5249, 386560, 0, 0, 0
5350, 381440, 0, 0, 0
5450, 409600, 0, 0, 0
5550, 399360, 0, 0, 0
5650, 384000, 0, 0, 0
5749, 380121, 0, 0, 0
5849, 363520, 0, 0, 0
5949, 368640, 0, 0, 0
6049, 360960, 0, 0, 0
6149, 353280, 0, 0, 0
6249, 371200, 0, 0, 0
6350, 373760, 0, 0, 0
6450, 389120, 0, 0, 0
6550, 363520, 0, 0, 0
6650, 384000, 0, 0, 0
6749, 372363, 0, 0, 0
6849, 343040, 0, 0, 0
6949, 378880, 0, 0, 0
7049, 376320, 0, 0, 0
7149, 340480, 0, 0, 0
7249, 355840, 0, 0, 0
7349, 360960, 0, 0, 0
7449, 355840, 0, 0, 0
7550, 358400, 0, 0, 0
7650, 348160, 0, 0, 0
7749, 359434, 0, 0, 0
7849, 386560, 0, 0, 0
7949, 384000, 0, 0, 0
8049, 391680, 0, 0, 0
8149, 384000, 0, 0, 0
8249, 368640, 0, 0, 0
8349, 343040, 0, 0, 0
8449, 389120, 0, 0, 0
8550, 368640, 0, 0, 0
8650, 332800, 0, 0, 0
8749, 377535, 0, 0, 0
8849, 366080, 0, 0, 0
8949, 363520, 0, 0, 0
9049, 371200, 0, 0, 0
9149, 353280, 0, 0, 0
9249, 386560, 0, 0, 0
9349, 371200, 0, 0, 0
9449, 373760, 0, 0, 0
9549, 368640, 0, 0, 0
9650, 381440, 0, 0, 0
9749, 372363, 0, 0, 0
9849, 360960, 0, 0, 0
9949, 378880, 0, 0, 0
10049, 363520, 0, 0, 0
10149, 368640, 0, 0, 0
10249, 363520, 0, 0, 0
10349, 373760, 0, 0, 0
10449, 368640, 0, 0, 0
10549, 368640, 0, 0, 0
10649, 376320, 0, 0, 0
10750, 376320, 0, 0, 0
10850, 376320, 0, 0, 0
10950, 360960, 0, 0, 0
11050, 335360, 0, 0, 0
11150, 366080, 0, 0, 0
11249, 387878, 0, 0, 0
11349, 373760, 0, 0, 0
11449, 366080, 0, 0, 0
11549, 363520, 0, 0, 0
11649, 368640, 0, 0, 0
11750, 373760, 0, 0, 0
11850, 386560, 0, 0, 0
11950, 384000, 0, 0, 0
12050, 366080, 0, 0, 0
12150, 376320, 0, 0, 0
12249, 377535, 0, 0, 0
12349, 378880, 0, 0, 0
12449, 386560, 0, 0, 0
12549, 325120, 0, 0, 0
12649, 378880, 0, 0, 0
12749, 358400, 0, 0, 0
12850, 371200, 0, 0, 0
12950, 376320, 0, 0, 0
13050, 394240, 0, 0, 0
13150, 373760, 0, 0, 0
13249, 356848, 0, 0, 0
13349, 360960, 0, 0, 0
13449, 368640, 0, 0, 0
13549, 381440, 0, 0, 0
13649, 348160, 0, 0, 0
13749, 401920, 0, 0, 0
13849, 358400, 0, 0, 0
13950, 386560, 0, 0, 0
14050, 371200, 0, 0, 0
14150, 381440, 0, 0, 0
14249, 367191, 0, 0, 0
14349, 381440, 0, 0, 0
14449, 355840, 0, 0, 0
14549, 368640, 0, 0, 0
14649, 335360, 0, 0, 0
14749, 355840, 0, 0, 0
14849, 360960, 0, 0, 0
14949, 381440, 0, 0, 0
15050, 381440, 0, 0, 0
15150, 391680, 0, 0, 0
15249, 385292, 0, 0, 0
15349, 373760, 0, 0, 0
15449, 384000, 0, 0, 0
15549, 371200, 0, 0, 0
15649, 350720, 0, 0, 0
15749, 373760, 0, 0, 0
15849, 360960, 0, 0, 0
15949, 348160, 0, 0, 0
16050, 360960, 0, 0, 0
16150, 389120, 0, 0, 0
16249, 367191, 0, 0, 0
16349, 360960, 0, 0, 0
16449, 353280, 0, 0, 0
16549, 355840, 0, 0, 0
16649, 373760, 0, 0, 0
16749, 360960, 0, 0, 0
16849, 381440, 0, 0, 0
16949, 384000, 0, 0, 0
17049, 376320, 0, 0, 0
17150, 378880, 0, 0, 0
17249, 403393, 0, 0, 0
17349, 371200, 0, 0, 0
17449, 358400, 0, 0, 0
17549, 384000, 0, 0, 0
17649, 355840, 0, 0, 0
17749, 363520, 0, 0, 0
17849, 322560, 0, 0, 0
17949, 376320, 0, 0, 0
18049, 371200, 0, 0, 0
18150, 391680, 0, 0, 0
18249, 369777, 0, 0, 0
18349, 396800, 0, 0, 0
18449, 371200, 0, 0, 0
18549, 389120, 0, 0, 0
18649, 366080, 0, 0, 0
18749, 373760, 0, 0, 0
18849, 368640, 0, 0, 0
18949, 399360, 0, 0, 0
19049, 363520, 0, 0, 0
19149, 368640, 0, 0, 0
19250, 366080, 0, 0, 0
19350, 353280, 0, 0, 0
19450, 384000, 0, 0, 0
19550, 391680, 0, 0, 0
19650, 350720, 0, 0, 0
19749, 385292, 0, 0, 0
19849, 350720, 0, 0, 0
19949, 376320, 0, 0, 0
20049, 353280, 0, 0, 0
20149, 381440, 0, 0, 0
20250, 381440, 0, 0, 0
20350, 360960, 0, 0, 0
20450, 332800, 0, 0, 0
20550, 368640, 0, 0, 0
20650, 401920, 0, 0, 0
20749, 377535, 0, 0, 0
20849, 363520, 0, 0, 0
20949, 337920, 0, 0, 0
21049, 353280, 0, 0, 0
21149, 381440, 0, 0, 0
21249, 371200, 0, 0, 0
21349, 381440, 0, 0, 0
21450, 373760, 0, 0, 0
21550, 371200, 0, 0, 0
21650, 337920, 0, 0, 0
21749, 385292, 0, 0, 0
21849, 373760, 0, 0, 0
21949, 358400, 0, 0, 0
22049, 360960, 0, 0, 0
22149, 376320, 0, 0, 0
22249, 384000, 0, 0, 0
22349, 368640, 0, 0, 0
22449, 348160, 0, 0, 0
22550, 355840, 0, 0, 0
22650, 371200, 0, 0, 0
22749, 364606, 0, 0, 0
22849, 363520, 0, 0, 0
22949, 368640, 0, 0, 0
23049, 386560, 0, 0, 0
23149, 353280, 0, 0, 0
23249, 358400, 0, 0, 0
23349, 343040, 0, 0, 0
23449, 368640, 0, 0, 0
23550, 353280, 0, 0, 0
23650, 332800, 0, 0, 0
23749, 364606, 0, 0, 0
23849, 363520, 0, 0, 0
23949, 343040, 0, 0, 0
24049, 368640, 0, 0, 0
24149, 363520, 0, 0, 0
24249, 353280, 0, 0, 0
24349, 373760, 0, 0, 0
24449, 376320, 0, 0, 0
24549, 358400, 0, 0, 0
24649, 358400, 0, 0, 0
24750, 360960, 0, 0, 0
24850, 376320, 0, 0, 0
24950, 381440, 0, 0, 0
25050, 376320, 0, 0, 0
25150, 386560, 0, 0, 0
25249, 393050, 0, 0, 0
25349, 358400, 0, 0, 0
25449, 376320, 0, 0, 0
25549, 381440, 0, 0, 0
25649, 358400, 0, 0, 0
25750, 373760, 0, 0, 0
25850, 337920, 0, 0, 0
25950, 368640, 0, 0, 0
26050, 381440, 0, 0, 0
26150, 378880, 0, 0, 0
26249, 359434, 0, 0, 0
26349, 358400, 0, 0, 0
26449, 366080, 0, 0, 0
26549, 363520, 0, 0, 0
26649, 355840, 0, 0, 0
26749, 386560, 0, 0, 0
26849, 358400, 0, 0, 0
26950, 376320, 0, 0, 0
27050, 360960, 0, 0, 0
27150, 371200, 0, 0, 0
27249, 349090, 0, 0, 0
27349, 335360, 0, 0, 0
27449, 376320, 0, 0, 0
27549, 378880, 0, 0, 0
27649, 399360, 0, 0, 0
27749, 378880, 0, 0, 0
27849, 376320, 0, 0, 0
27949, 366080, 0, 0, 0
28050, 366080, 0, 0, 0
28150, 376320, 0, 0, 0
28249, 372363, 0, 0, 0
28349, 353280, 0, 0, 0
28449, 348160, 0, 0, 0
28549, 371200, 0, 0, 0
28649, 366080, 0, 0, 0
28749, 353280, 0, 0, 0
28849, 366080, 0, 0, 0
28949, 363520, 0, 0, 0
29050, 360960, 0, 0, 0
29150, 401920, 0, 0, 0
29249, 382707, 0, 0, 0
29349, 363520, 0, 0, 0
29449, 376320, 0, 0, 0
29549, 363520, 0, 0, 0
29649, 363520, 0, 0, 0
29749, 360960, 0, 0, 0
29849, 363520, 0, 0, 0
29949, 363520, 0, 0, 0
30049, 366080, 0, 0, 0
30149, 386560, 0, 0, 0
30250, 360960, 0, 0, 0
30350, 378880, 0, 0, 0
30450, 386560, 0, 0, 0
30550, 360960, 0, 0, 0
30650, 355840, 0, 0, 0
30749, 346505, 0, 0, 0
30849, 345600, 0, 0, 0
30949, 381440, 0, 0, 0
31049, 363520, 0, 0, 0
31149, 358400, 0, 0, 0
31250, 366080, 0, 0, 0
31350, 355840, 0, 0, 0
31450, 386560, 0, 0, 0
31550, 373760, 0, 0, 0
31650, 386560, 0, 0, 0
31749, 380121, 0, 0, 0
31849, 378880, 0, 0, 0
31949, 360960, 0, 0, 0
32049, 350720, 0, 0, 0
32149, 358400, 0, 0, 0
32250, 353280, 0, 0, 0
32350, 360960, 0, 0, 0
32450, 355840, 0, 0, 0
32550, 368640, 0, 0, 0
32650, 368640, 0, 0, 0
32749, 367191, 0, 0, 0
32849, 381440, 0, 0, 0
32949, 378880, 0, 0, 0
33049, 373760, 0, 0, 0
33149, 345600, 0, 0, 0
33250, 378880, 0, 0, 0
33350, 343040, 0, 0, 0
33450, 386560, 0, 0, 0
33550, 391680, 0, 0, 0
33650, 373760, 0, 0, 0
33749, 385292, 0, 0, 0
33849, 340480, 0, 0, 0
33949, 363520, 0, 0, 0
34049, 371200, 0, 0, 0
34149, 368640, 0, 0, 0
34249, 355840, 0, 0, 0
34350, 373760, 0, 0, 0
34450, 345600, 0, 0, 0
34550, 384000, 0, 0, 0
34650, 376320, 0, 0, 0
34749, 351676, 0, 0, 0
34849, 373760, 0, 0, 0
34949, 371200, 0, 0, 0
35049, 332800, 0, 0, 0
35149, 368640, 0, 0, 0
35249, 348160, 0, 0, 0
35349, 381440, 0, 0, 0
35450, 386560, 0, 0, 0
35550, 376320, 0, 0, 0
35650, 389120, 0, 0, 0
35749, 369777, 0, 0, 0
35849, 358400, 0, 0, 0
35949, 363520, 0, 0, 0
36049, 350720, 0, 0, 0
36149, 371200, 0, 0, 0
36249, 378880, 0, 0, 0
36349, 389120, 0, 0, 0
36449, 373760, 0, 0, 0
36550, 386560, 0, 0, 0
36650, 363520, 0, 0, 0
36749, 336161, 0, 0, 0
36849, 366080, 0, 0, 0
36949, 355840, 0, 0, 0
37049, 368640, 0, 0, 0
37149, 358400, 0, 0, 0
37249, 366080, 0, 0, 0
37349, 363520, 0, 0, 0
37449, 371200, 0, 0, 0
37549, 371200, 0, 0, 0
37649, 363520, 0, 0, 0
37750, 355840, 0, 0, 0
37850, 371200, 0, 0, 0
37950, 355840, 0, 0, 0
38050, 343040, 0, 0, 0
38150, 384000, 0, 0, 0
38249, 338747, 0, 0, 0
38349, 368640, 0, 0, 0
38449, 350720, 0, 0, 0
38549, 371200, 0, 0, 0
38649, 340480, 0, 0, 0
38750, 363520, 0, 0, 0
38850, 348160, 0, 0, 0
38950, 363520, 0, 0, 0
39050, 381440, 0, 0, 0
39150, 360960, 0, 0, 0
39249, 398222, 0, 0, 0
39349, 363520, 0, 0, 0
39449, 350720, 0, 0, 0
39549, 401920, 0, 0, 0
39649, 384000, 0, 0, 0
39750, 358400, 0, 0, 0
39850, 371200, 0, 0, 0
39950, 337920, 0, 0, 0
40050, 332800, 0, 0, 0
40150, 348160, 0, 0, 0
40249, 346505, 0, 0, 0
40349, 366080, 0, 0, 0
40449, 340480, 0, 0, 0
40549, 350720, 0, 0, 0
40649, 360960, 0, 0, 0
40749, 371200, 0, 0, 0
40849, 386560, 0, 0, 0
40950, 376320, 0, 0, 0
41050, 340480, 0, 0, 0
41150, 394240, 0, 0, 0
41249, 369777, 0, 0, 0
41349, 399360, 0, 0, 0
41449, 399360, 0, 0, 0
41549, 343040, 0, 0, 0
41649, 363520, 0, 0, 0
41749, 358400, 0, 0, 0
41849, 368640, 0, 0, 0
41949, 363520, 0, 0, 0
42050, 358400, 0, 0, 0
42150, 376320, 0, 0, 0
42249, 359434, 0, 0, 0
42349, 386560, 0, 0, 0
42449, 376320, 0, 0, 0
42549, 355840, 0, 0, 0
42649, 373760, 0, 0, 0
42749, 371200, 0, 0, 0
42849, 371200, 0, 0, 0
42949, 363520, 0, 0, 0
43049, 332800, 0, 0, 0
43150, 348160, 0, 0, 0
43249, 380121, 0, 0, 0
43349, 373760, 0, 0, 0
43449, 384000, 0, 0, 0
43549, 376320, 0, 0, 0
43649, 381440, 0, 0, 0
43749, 368640, 0, 0, 0
43849, 378880, 0, 0, 0
43949, 363520, 0, 0, 0
44049, 363520, 0, 0, 0
44149, 371200, 0, 0, 0
44250, 363520, 0, 0, 0
44350, 368640, 0, 0, 0
44450, 368640, 0, 0, 0
44550, 368640, 0, 0, 0
44650, 320000, 0, 0, 0
44749, 349090, 0, 0, 0
44849, 366080, 0, 0, 0
44949, 363520, 0, 0, 0
45049, 340480, 0, 0, 0
45149, 355840, 0, 0, 0
45249, 358400, 0, 0, 0
45350, 355840, 0, 0, 0
45450, 353280, 0, 0, 0
45550, 371200, 0, 0, 0
45650, 358400, 0, 0, 0
45749, 372363, 0, 0, 0
45849, 386560, 0, 0, 0
45949, 337920, 0, 0, 0
46049, 350720, 0, 0, 0
46149, 376320, 0, 0, 0
46249, 340480, 0, 0, 0
46349, 366080, 0, 0, 0
46449, 345600, 0, 0, 0
46550, 363520, 0, 0, 0
46650, 358400, 0, 0, 0
46749, 343919, 0, 0, 0
46849, 345600, 0, 0, 0
46949, 337920, 0, 0, 0
47049, 368640, 0, 0, 0
47149, 368640, 0, 0, 0
47249, 371200, 0, 0, 0
47349, 368640, 0, 0, 0
47449, 360960, 0, 0, 0
47550, 355840, 0, 0, 0
47650, 360960, 0, 0, 0
47749, 364606, 0, 0, 0
47849, 355840, 0, 0, 0
47949, 355840, 0, 0, 0
48049, 371200, 0, 0, 0
48149, 378880, 0, 0, 0
48249, 368640, 0, 0, 0
48349, 360960, 0, 0, 0
48449, 350720, 0, 0, 0
48550, 353280, 0, 0, 0
48650, 371200, 0, 0, 0
48749, 374949, 0, 0, 0
48849, 371200, 0, 0, 0
48949, 355840, 0, 0, 0
49049, 355840, 0, 0, 0
49149, 358400, 0, 0, 0
49249, 350720, 0, 0, 0
49349, 327680, 0, 0, 0
49449, 350720, 0, 0, 0
49550, 404480, 0, 0, 0
49650, 384000, 0, 0, 0
49749, 364606, 0, 0, 0
49849, 368640, 0, 0, 0
49949, 384000, 0, 0, 0
50049, 378880, 0, 0, 0
50149, 394240, 0, 0, 0
50249, 384000, 0, 0, 0
50349, 384000, 0, 0, 0
50449, 384000, 0, 0, 0
50550, 394240, 0, 0, 0
50650, 384000, 0, 0, 0
50749, 382707, 0, 0, 0
50849, 384000, 0, 0, 0
50949, 381440, 0, 0, 0
51049, 376320, 0, 0, 0
51149, 384000, 0, 0, 0
51249, 366080, 0, 0, 0
51349, 376320, 0, 0, 0
51449, 353280, 0, 0, 0
51549, 363520, 0, 0, 0
51650, 368640, 0, 0, 0
51749, 362020, 0, 0, 0
51849, 358400, 0, 0, 0
51949, 368640, 0, 0, 0
52049, 340480, 0, 0, 0
52149, 340480, 0, 0, 0
52249, 368640, 0, 0, 0
52349, 358400, 0, 0, 0
52449, 348160, 0, 0, 0
52549, 371200, 0, 0, 0
52649, 366080, 0, 0, 0
52750, 368640, 0, 0, 0
52850, 363520, 0, 0, 0
52950, 350720, 0, 0, 0
53050, 350720, 0, 0, 0
53150, 348160, 0, 0, 0
53249, 351676, 0, 0, 0
53349, 348160, 0, 0, 0
53449, 396800, 0, 0, 0
53549, 366080, 0, 0, 0
53649, 381440, 0, 0, 0
53750, 381440, 0, 0, 0
53850, 376320, 0, 0, 0
53950, 391680, 0, 0, 0
54050, 376320, 0, 0, 0
54150, 368640, 0, 0, 0
54249, 349090, 0, 0, 0
54349, 373760, 0, 0, 0
54449, 384000, 0, 0, 0
54549, 366080, 0, 0, 0
54649, 350720, 0, 0, 0
54749, 389120, 0, 0, 0
54850, 394240, 0, 0, 0
54950, 391680, 0, 0, 0
55050, 350720, 0, 0, 0
55150, 355840, 0, 0, 0
55249, 382707, 0, 0, 0
55349, 363520, 0, 0, 0
55449, 381440, 0, 0, 0
55549, 353280, 0, 0, 0
55649, 368640, 0, 0, 0
55749, 373760, 0, 0, 0
55849, 322560, 0, 0, 0
55949, 371200, 0, 0, 0
56050, 371200, 0, 0, 0
56150, 350720, 0, 0, 0
56249, 364606, 0, 0, 0
56349, 363520, 0, 0, 0
56449, 353280, 0, 0, 0
56549, 371200, 0, 0, 0
56649, 360960, 0, 0, 0
56749, 343040, 0, 0, 0
56849, 386560, 0, 0, 0
56949, 384000, 0, 0, 0
57050, 391680, 0, 0, 0
57150, 391680, 0, 0, 0
57249, 359434, 0, 0, 0
57349, 407040, 0, 0, 0
57449, 389120, 0, 0, 0
57549, 363520, 0, 0, 0
57649, 381440, 0, 0, 0
57749, 345600, 0, 0, 0
57849, 360960, 0, 0, 0
57949, 366080, 0, 0, 0
58049, 363520, 0, 0, 0
58149, 376320, 0, 0, 0
58250, 396800, 0, 0, 0
58350, 350720, 0, 0, 0
58450, 363520, 0, 0, 0
58550, 353280, 0, 0, 0
58650, 345600, 0, 0, 0
58749, 364606, 0, 0, 0
58849, 360960, 0, 0, 0
58949, 335360, 0, 0, 0
59049, 368640, 0, 0, 0
59149, 371200, 0, 0, 0
59250, 350720, 0, 0, 0
59350, 363520, 0, 0, 0
59450, 396800, 0, 0, 0
59550, 350720, 0, 0, 0
59650, 384000, 0, 0, 0
59749, 390464, 0, 0, 0
59849, 376320, 0, 0, 0
59949, 368640, 0, 0, 0
60049, 363520, 0, 0, 0
60149, 373760, 0, 0, 0
60250, 368640, 0, 0, 0
60350, 358400, 0, 0, 0
60450, 363520, 0, 0, 0
60550, 378880, 0, 0, 0
60650, 366080, 0, 0, 0
60749, 364606, 0, 0, 0
60849, 386560, 0, 0, 0
60949, 378880, 0, 0, 0
61049, 360960, 0, 0, 0
61149, 348160, 0, 0, 0
61249, 345600, 0, 0, 0
61350, 378880, 0, 0, 0
61450, 386560, 0, 0, 0
61550, 363520, 0, 0, 0
61650, 353280, 0, 0, 0
61749, 359434, 0, 0, 0
61849, 360960, 0, 0, 0
61949, 371200, 0, 0, 0
62049, 371200, 0, 0, 0
62149, 373760, 0, 0, 0
62249, 399360, 0, 0, 0
62350, 384000, 0, 0, 0
62450, 353280, 0, 0, 0
62550, 378880, 0, 0, 0
62650, 353280, 0, 0, 0
62749, 372363, 0, 0, 0
62849, 376320, 0, 0, 0
62949, 358400, 0, 0, 0
63049, 358400, 0, 0, 0
63149, 391680, 0, 0, 0
63249, 358400, 0, 0, 0
63349, 384000, 0, 0, 0
63449, 337920, 0, 0, 0
63550, 384000, 0, 0, 0
63650, 355840, 0, 0, 0
63749, 385292, 0, 0, 0
63849, 368640, 0, 0, 0
63949, 376320, 0, 0, 0
64049, 373760, 0, 0, 0
64149, 355840, 0, 0, 0
64249, 368640, 0, 0, 0
64349, 358400, 0, 0, 0
64449, 378880, 0, 0, 0
64550, 366080, 0, 0, 0
64650, 407040, 0, 0, 0
64749, 385292, 0, 0, 0
64849, 355840, 0, 0, 0
64949, 355840, 0, 0, 0
65049, 368640, 0, 0, 0
65149, 391680, 0, 0, 0
65249, 371200, 0, 0, 0
65349, 363520, 0, 0, 0
65449, 368640, 0, 0, 0
65549, 366080, 0, 0, 0
65650, 366080, 0, 0, 0
65749, 380121, 0, 0, 0
65849, 360960, 0, 0, 0
65949, 353280, 0, 0, 0
66049, 355840, 0, 0, 0
66149, 353280, 0, 0, 0
66249, 378880, 0, 0, 0
66349, 345600, 0, 0, 0
66449, 389120, 0, 0, 0
66549, 360960, 0, 0, 0
66649, 378880, 0, 0, 0
66750, 337920, 0, 0, 0
66850, 363520, 0, 0, 0
66950, 360960, 0, 0, 0
67050, 366080, 0, 0, 0
67150, 353280, 0, 0, 0
67249, 356848, 0, 0, 0
67349, 373760, 0, 0, 0
67449, 368640, 0, 0, 0
67549, 360960, 0, 0, 0
67649, 368640, 0, 0, 0
67750, 317440, 0, 0, 0
67850, 345600, 0, 0, 0
67950, 327680, 0, 0, 0
68050, 373760, 0, 0, 0
68150, 327680, 0, 0, 0
68249, 372363, 0, 0, 0
68349, 345600, 0, 0, 0
68449, 360960, 0, 0, 0
68549, 363520, 0, 0, 0
68649, 378880, 0, 0, 0
68750, 358400, 0, 0, 0
68850, 368640, 0, 0, 0
68950, 384000, 0, 0, 0
69050, 350720, 0, 0, 0
69150, 360960, 0, 0, 0
69249, 354262, 0, 0, 0
69349, 366080, 0, 0, 0
69449, 332800, 0, 0, 0
69549, 348160, 0, 0, 0
69649, 358400, 0, 0, 0
69750, 363520, 0, 0, 0
69850, 373760, 0, 0, 0
69950, 345600, 0, 0, 0
70050, 358400, 0, 0, 0
70150, 340480, 0, 0, 0
70249, 372363, 0, 0, 0
70349, 371200, 0, 0, 0
70449, 358400, 0, 0, 0
70549, 368640, 0, 0, 0
70649, 353280, 0, 0, 0
70749, 366080, 0, 0, 0
70850, 343040, 0, 0, 0
70950, 327680, 0, 0, 0
71050, 350720, 0, 0, 0
71150, 343040, 0, 0, 0
71249, 351676, 0, 0, 0
71349, 358400, 0, 0, 0
71449, 360960, 0, 0, 0
71549, 340480, 0, 0, 0
71649, 378880, 0, 0, 0
71749, 355840, 0, 0, 0
71849, 337920, 0, 0, 0
71949, 378880, 0, 0, 0
72050, 358400, 0, 0, 0
72150, 363520, 0, 0, 0
72249, 362020, 0, 0, 0
72349, 343040, 0, 0, 0
72449, 345600, 0, 0, 0
72549, 371200, 0, 0, 0
72649, 353280, 0, 0, 0
72749, 335360, 0, 0, 0
72849, 366080, 0, 0, 0
72949, 343040, 0, 0, 0
73050, 348160, 0, 0, 0
73150, 348160, 0, 0, 0
73249, 364606, 0, 0, 0
73349, 340480, 0, 0, 0
73449, 378880, 0, 0, 0
73549, 358400, 0, 0, 0
73649, 327680, 0, 0, 0
73749, 360960, 0, 0, 0
73849, 345600, 0, 0, 0
73949, 378880, 0, 0, 0
74050, 332800, 0, 0, 0
74150, 366080, 0, 0, 0
74249, 362020, 0, 0, 0
74349, 350720, 0, 0, 0
74449, 358400, 0, 0, 0
74549, 348160, 0, 0, 0
74649, 371200, 0, 0, 0
74749, 350720, 0, 0, 0
74849, 348160, 0, 0, 0
74949, 355840, 0, 0, 0
75049, 327680, 0, 0, 0
75150, 360960, 0, 0, 0
75249, 374949, 0, 0, 0
75349, 376320, 0, 0, 0
75449, 345600, 0, 0, 0
75549, 320000, 0, 0, 0
75649, 373760, 0, 0, 0
75749, 368640, 0, 0, 0
75849, 327680, 0, 0, 0
75949, 343040, 0, 0, 0
76049, 358400, 0, 0, 0
76150, 353280, 0, 0, 0
76249, 362020, 0, 0, 0
76349, 348160, 0, 0, 0
76449, 363520, 0, 0, 0
76549, 358400, 0, 0, 0
76649, 353280, 0, 0, 0
76749, 337920, 0, 0, 0
76849, 358400, 0, 0, 0
76949, 358400, 0, 0, 0
77049, 363520, 0, 0, 0
77149, 353280, 0, 0, 0
77250, 345600, 0, 0, 0
77350, 355840, 0, 0, 0
77450, 353280, 0, 0, 0
77550, 389120, 0, 0, 0
77650, 348160, 0, 0, 0
77749, 359434, 0, 0, 0
77849, 345600, 0, 0, 0
77949, 337920, 0, 0, 0
78049, 353280, 0, 0, 0
78149, 384000, 0, 0, 0
78250, 360960, 0, 0, 0
78350, 343040, 0, 0, 0
78450, 337920, 0, 0, 0
78550, 381440, 0, 0, 0
78650, 373760, 0, 0, 0
78749, 336161, 0, 0, 0
78849, 325120, 0, 0, 0
78949, 309760, 0, 0, 0
79049, 368640, 0, 0, 0
79149, 355840, 0, 0, 0
79250, 376320, 0, 0, 0
79350, 353280, 0, 0, 0
79450, 358400, 0, 0, 0
79550, 353280, 0, 0, 0
79650, 376320, 0, 0, 0
79749, 367191, 0, 0, 0
79849, 343040, 0, 0, 0
79949, 368640, 0, 0, 0
80049, 335360, 0, 0, 0
80149, 389120, 0, 0, 0
80249, 317440, 0, 0, 0
80349, 363520, 0, 0, 0
80450, 368640, 0, 0, 0
80550, 363520, 0, 0, 0
80650, 340480, 0, 0, 0
80749, 349090, 0, 0, 0
80849, 350720, 0, 0, 0
80949, 350720, 0, 0, 0
81049, 335360, 0, 0, 0
81149, 366080, 0, 0, 0
81249, 373760, 0, 0, 0
81349, 363520, 0, 0, 0
81449, 358400, 0, 0, 0
81550, 348160, 0, 0, 0
81650, 368640, 0, 0, 0
81749, 377535, 0, 0, 0
81849, 389120, 0, 0, 0
81949, 360960, 0, 0, 0
82049, 371200, 0, 0, 0
82149, 373760, 0, 0, 0
82249, 358400, 0, 0, 0
82349, 345600, 0, 0, 0
82449, 373760, 0, 0, 0
82550, 337920, 0, 0, 0
82650, 345600, 0, 0, 0
82749, 364606, 0, 0, 0
82849, 360960, 0, 0, 0
82949, 348160, 0, 0, 0
83049, 366080, 0, 0, 0
83149, 368640, 0, 0, 0
83249, 371200, 0, 0, 0
83349, 363520, 0, 0, 0
83449, 358400, 0, 0, 0
83549, 384000, 0, 0, 0
83649, 381440, 0, 0, 0
83750, 376320, 0, 0, 0
83850, 368640, 0, 0, 0
83950, 360960, 0, 0, 0
84050, 322560, 0, 0, 0
84150, 371200, 0, 0, 0
84249, 346505, 0, 0, 0
84349, 358400, 0, 0, 0
84449, 363520, 0, 0, 0
84549, 345600, 0, 0, 0
84649, 348160, 0, 0, 0
84750, 366080, 0, 0, 0
84850, 363520, 0, 0, 0
84950, 345600, 0, 0, 0
85050, 366080, 0, 0, 0
85150, 332800, 0, 0, 0
85249, 367191, 0, 0, 0
85349, 350720, 0, 0, 0
85449, 348160, 0, 0, 0
85549, 363520, 0, 0, 0
85649, 350720, 0, 0, 0
85749, 348160, 0, 0, 0
85849, 343040, 0, 0, 0
85950, 368640, 0, 0, 0
86050, 358400, 0, 0, 0
86150, 366080, 0, 0, 0
86249, 333575, 0, 0, 0
86349, 343040, 0, 0, 0
86449, 360960, 0, 0, 0
86549, 337920, 0, 0, 0
86649, 350720, 0, 0, 0
86749, 332800, 0, 0, 0
86849, 353280, 0, 0, 0
86950, 337920, 0, 0, 0
87050, 381440, 0, 0, 0
87150, 337920, 0, 0, 0
87249, 359434, 0, 0, 0
87349, 353280, 0, 0, 0
87449, 325120, 0, 0, 0
87549, 353280, 0, 0, 0
87649, 350720, 0, 0, 0
87749, 348160, 0, 0, 0
87849, 325120, 0, 0, 0
87949, 360960, 0, 0, 0
88050, 368640, 0, 0, 0
88150, 343040, 0, 0, 0
88249, 349090, 0, 0, 0
88349, 366080, 0, 0, 0
88449, 348160, 0, 0, 0
88549, 348160, 0, 0, 0
88649, 366080, 0, 0, 0
88749, 371200, 0, 0, 0
88849, 373760, 0, 0, 0
88949, 320000, 0, 0, 0
89050, 376320, 0, 0, 0
89150, 358400, 0, 0, 0
89249, 362020, 0, 0, 0
89349, 327680, 0, 0, 0
89449, 368640, 0, 0, 0
89549, 345600, 0, 0, 0
89649, 360960, 0, 0, 0
89749, 366080, 0, 0, 0
89849, 381440, 0, 0, 0
89949, 335360, 0, 0, 0
