250, 360448, 0, 0, 0
350, 348160, 0, 0, 0
450, 348160, 0, 0, 0
550, 327680, 0, 0, 0
650, 368640, 0, 0, 0
749, 372363, 0, 0, 0
850, 327680, 0, 0, 0
950, 348160, 0, 0, 0
1050, 348160, 0, 0, 0
1150, 327680, 0, 0, 0
1249, 330989, 0, 0, 0
1349, 348160, 0, 0, 0
1449, 368640, 0, 0, 0
1549, 327680, 0, 0, 0
1649, 348160, 0, 0, 0
1750, 368640, 0, 0, 0
1850, 348160, 0, 0, 0
1950, 327680, 0, 0, 0
2050, 327680, 0, 0, 0
2150, 348160, 0, 0, 0
2249, 330989, 0, 0, 0
2349, 348160, 0, 0, 0
2449, 327680, 0, 0, 0
2550, 368640, 0, 0, 0
2650, 307200, 0, 0, 0
2749, 351676, 0, 0, 0
2849, 368640, 0, 0, 0
2949, 368640, 0, 0, 0
3049, 368640, 0, 0, 0
3149, 327680, 0, 0, 0
3249, 368640, 0, 0, 0
3349, 327680, 0, 0, 0
3449, 368640, 0, 0, 0
3550, 327680, 0, 0, 0
3650, 348160, 0, 0, 0
3749, 351676, 0, 0, 0
3849, 389120, 0, 0, 0
3949, 327680, 0, 0, 0
4049, 368640, 0, 0, 0
4149, 368640, 0, 0, 0
4249, 327680, 0, 0, 0
4349, 348160, 0, 0, 0
4449, 348160, 0, 0, 0
4550, 368640, 0, 0, 0
4650, 348160, 0, 0, 0
4749, 351676, 0, 0, 0
4849, 368640, 0, 0, 0
4949, 368640, 0, 0, 0
5049, 348160, 0, 0, 0
5149, 368640, 0, 0, 0
5249, 348160, 0, 0, 0
5349, 348160, 0, 0, 0
5449, 327680, 0, 0, 0
5550, 368640, 0, 0, 0
5650, 348160, 0, 0, 0
5749, 372363, 0, 0, 0
5849, 389120, 0, 0, 0
5949, 368640, 0, 0, 0
6049, 368640, 0, 0, 0
6149, 348160, 0, 0, 0
6249, 368640, 0, 0, 0
6349, 389120, 0, 0, 0
6449, 389120, 0, 0, 0
6550, 389120, 0, 0, 0
6650, 389120, 0, 0, 0
6749, 372363, 0, 0, 0
6849, 368640, 0, 0, 0
6949, 327680, 0, 0, 0
7049, 368640, 0, 0, 0
7149, 368640, 0, 0, 0
7250, 327680, 0, 0, 0
7350, 389120, 0, 0, 0
7450, 348160, 0, 0, 0
7550, 368640, 0, 0, 0
7650, 348160, 0, 0, 0
7749, 351676, 0, 0, 0
7849, 348160, 0, 0, 0
7949, 348160, 0, 0, 0
8049, 389120, 0, 0, 0
8149, 368640, 0, 0, 0
8250, 327680, 0, 0, 0
8350, 348160, 0, 0, 0
8450, 368640, 0, 0, 0
8550, 348160, 0, 0, 0
8650, 368640, 0, 0, 0
8749, 351676, 0, 0, 0
8849, 327680, 0, 0, 0
8949, 368640, 0, 0, 0
9049, 389120, 0, 0, 0
9149, 389120, 0, 0, 0
9249, 372363, 0, 0, 0
9349, 348160, 0, 0, 0
9449, 348160, 0, 0, 0
9549, 368640, 0, 0, 0
9649, 327680, 0, 0, 0
9749, 330989, 0, 0, 0
9849, 327680, 0, 0, 0
9949, 327680, 0, 0, 0
10049, 307200, 0, 0, 0
10149, 327680, 0, 0, 0
10250, 327680, 0, 0, 0
10350, 327680, 0, 0, 0
10450, 348160, 0, 0, 0
10550, 327680, 0, 0, 0
10650, 348160, 0, 0, 0
10749, 310303, 0, 0, 0
10849, 348160, 0, 0, 0
10949, 348160, 0, 0, 0
11049, 348160, 0, 0, 0
11150, 327680, 0, 0, 0
11249, 330989, 0, 0, 0
11349, 327680, 0, 0, 0
11449, 307200, 0, 0, 0
11549, 327680, 0, 0, 0
11649, 348160, 0, 0, 0
11749, 307200, 0, 0, 0
11849, 348160, 0, 0, 0
11949, 327680, 0, 0, 0
12050, 327680, 0, 0, 0
12150, 368640, 0, 0, 0
12249, 372363, 0, 0, 0
12349, 327680, 0, 0, 0
12449, 348160, 0, 0, 0
12549, 327680, 0, 0, 0
12649, 348160, 0, 0, 0
12749, 327680, 0, 0, 0
12849, 327680, 0, 0, 0
12950, 327680, 0, 0, 0
13050, 327680, 0, 0, 0
13150, 368640, 0, 0, 0
13249, 330989, 0, 0, 0
13349, 389120, 0, 0, 0
13449, 389120, 0, 0, 0
13549, 368640, 0, 0, 0
13649, 348160, 0, 0, 0
13749, 368640, 0, 0, 0
13850, 368640, 0, 0, 0
13950, 348160, 0, 0, 0
14050, 327680, 0, 0, 0
14150, 368640, 0, 0, 0
14249, 393050, 0, 0, 0
14349, 327680, 0, 0, 0
14449, 368640, 0, 0, 0
14549, 348160, 0, 0, 0
14649, 368640, 0, 0, 0
14750, 348160, 0, 0, 0
14850, 327680, 0, 0, 0
14950, 348160, 0, 0, 0
15050, 327680, 0, 0, 0
15150, 368640, 0, 0, 0
15249, 330989, 0, 0, 0
15349, 348160, 0, 0, 0
15449, 389120, 0, 0, 0
15549, 348160, 0, 0, 0
15650, 348160, 0, 0, 0
15749, 351676, 0, 0, 0
15849, 327680, 0, 0, 0
15949, 368640, 0, 0, 0
16049, 368640, 0, 0, 0
16149, 327680, 0, 0, 0
16249, 389120, 0, 0, 0
16349, 348160, 0, 0, 0
16449, 348160, 0, 0, 0
16549, 327680, 0, 0, 0
16650, 368640, 0, 0, 0
16749, 330989, 0, 0, 0
16849, 327680, 0, 0, 0
16949, 327680, 0, 0, 0
17049, 327680, 0, 0, 0
17149, 348160, 0, 0, 0
17249, 389120, 0, 0, 0
17349, 348160, 0, 0, 0
17449, 368640, 0, 0, 0
17550, 327680, 0, 0, 0
17650, 307200, 0, 0, 0
17749, 330989, 0, 0, 0
17849, 327680, 0, 0, 0
17949, 307200, 0, 0, 0
18049, 348160, 0, 0, 0
18149, 348160, 0, 0, 0
18249, 307200, 0, 0, 0
18350, 368640, 0, 0, 0
18450, 327680, 0, 0, 0
18550, 327680, 0, 0, 0
18650, 348160, 0, 0, 0
18749, 330989, 0, 0, 0
18849, 327680, 0, 0, 0
18949, 368640, 0, 0, 0
19049, 348160, 0, 0, 0
19149, 348160, 0, 0, 0
19250, 348160, 0, 0, 0
19350, 348160, 0, 0, 0
19450, 348160, 0, 0, 0
19550, 327680, 0, 0, 0
19650, 327680, 0, 0, 0
19749, 372363, 0, 0, 0
19849, 327680, 0, 0, 0
19949, 348160, 0, 0, 0
20049, 348160, 0, 0, 0
20149, 368640, 0, 0, 0
20250, 368640, 0, 0, 0
20350, 327680, 0, 0, 0
20450, 327680, 0, 0, 0
20550, 348160, 0, 0, 0
20650, 368640, 0, 0, 0
20749, 393050, 0, 0, 0
20849, 368640, 0, 0, 0
20949, 368640, 0, 0, 0
21050, 389120, 0, 0, 0
21150, 389120, 0, 0, 0
21249, 372363, 0, 0, 0
21349, 348160, 0, 0, 0
21449, 348160, 0, 0, 0
21549, 368640, 0, 0, 0
21649, 389120, 0, 0, 0
21749, 368640, 0, 0, 0
21850, 348160, 0, 0, 0
21950, 368640, 0, 0, 0
22050, 348160, 0, 0, 0
22150, 389120, 0, 0, 0
22249, 330989, 0, 0, 0
22349, 368640, 0, 0, 0
22449, 348160, 0, 0, 0
22549, 368640, 0, 0, 0
22649, 348160, 0, 0, 0
22750, 368640, 0, 0, 0
22850, 348160, 0, 0, 0
22950, 348160, 0, 0, 0
23050, 286720, 0, 0, 0
23150, 327680, 0, 0, 0
23249, 372363, 0, 0, 0
23349, 389120, 0, 0, 0
23449, 348160, 0, 0, 0
23549, 348160, 0, 0, 0
23649, 327680, 0, 0, 0
23750, 327680, 0, 0, 0
23850, 327680, 0, 0, 0
23950, 327680, 0, 0, 0
24050, 327680, 0, 0, 0
24150, 327680, 0, 0, 0
24249, 330989, 0, 0, 0
24349, 307200, 0, 0, 0
24449, 389120, 0, 0, 0
24549, 368640, 0, 0, 0
24650, 368640, 0, 0, 0
24749, 351676, 0, 0, 0
24849, 368640, 0, 0, 0
24949, 348160, 0, 0, 0
25049, 389120, 0, 0, 0
25149, 327680, 0, 0, 0
25249, 348160, 0, 0, 0
25349, 368640, 0, 0, 0
25449, 327680, 0, 0, 0
25549, 348160, 0, 0, 0
25649, 348160, 0, 0, 0
25750, 389120, 0, 0, 0
25850, 348160, 0, 0, 0
25950, 368640, 0, 0, 0
26050, 348160, 0, 0, 0
26150, 348160, 0, 0, 0
26249, 393050, 0, 0, 0
26349, 348160, 0, 0, 0
26449, 348160, 0, 0, 0
26550, 389120, 0, 0, 0
26650, 389120, 0, 0, 0
26749, 351676, 0, 0, 0
26849, 368640, 0, 0, 0
26949, 327680, 0, 0, 0
27049, 368640, 0, 0, 0
27149, 348160, 0, 0, 0
27249, 348160, 0, 0, 0
27349, 348160, 0, 0, 0
27449, 348160, 0, 0, 0
27550, 286720, 0, 0, 0
27650, 327680, 0, 0, 0
27749, 351676, 0, 0, 0
27849, 348160, 0, 0, 0
27949, 327680, 0, 0, 0
28049, 348160, 0, 0, 0
28149, 307200, 0, 0, 0
28249, 348160, 0, 0, 0
28349, 348160, 0, 0, 0
28449, 307200, 0, 0, 0
28550, 348160, 0, 0, 0
28650, 327680, 0, 0, 0
28749, 330989, 0, 0, 0
28849, 368640, 0, 0, 0
28949, 348160, 0, 0, 0
29049, 368640, 0, 0, 0
29149, 348160, 0, 0, 0
29249, 368640, 0, 0, 0
29349, 368640, 0, 0, 0
29450, 368640, 0, 0, 0
29550, 327680, 0, 0, 0
29650, 327680, 0, 0, 0
29749, 351676, 0, 0, 0
29849, 286720, 0, 0, 0
29949, 348160, 0, 0, 0
30049, 348160, 0, 0, 0
30149, 327680, 0, 0, 0
30250, 307200, 0, 0, 0
30350, 348160, 0, 0, 0
30450, 348160, 0, 0, 0
30550, 348160, 0, 0, 0
30650, 327680, 0, 0, 0
30749, 351676, 0, 0, 0
30849, 307200, 0, 0, 0
30949, 389120, 0, 0, 0
31049, 327680, 0, 0, 0
31149, 348160, 0, 0, 0
31250, 327680, 0, 0, 0
31350, 348160, 0, 0, 0
31450, 409600, 0, 0, 0
31550, 327680, 0, 0, 0
31650, 348160, 0, 0, 0
31749, 330989, 0, 0, 0
31849, 307200, 0, 0, 0
31949, 368640, 0, 0, 0
32049, 327680, 0, 0, 0
32150, 368640, 0, 0, 0
32249, 372363, 0, 0, 0
32349, 327680, 0, 0, 0
32449, 389120, 0, 0, 0
32549, 348160, 0, 0, 0
32649, 307200, 0, 0, 0
32749, 348160, 0, 0, 0
32849, 348160, 0, 0, 0
32949, 327680, 0, 0, 0
33050, 348160, 0, 0, 0
33150, 368640, 0, 0, 0
33249, 351676, 0, 0, 0
33349, 368640, 0, 0, 0
33449, 389120, 0, 0, 0
33549, 389120, 0, 0, 0
33649, 368640, 0, 0, 0
33749, 389120, 0, 0, 0
33849, 368640, 0, 0, 0
33949, 348160, 0, 0, 0
34050, 368640, 0, 0, 0
34150, 368640, 0, 0, 0
34249, 351676, 0, 0, 0
34349, 389120, 0, 0, 0
34449, 348160, 0, 0, 0
34549, 389120, 0, 0, 0
34649, 368640, 0, 0, 0
34749, 368640, 0, 0, 0
34850, 389120, 0, 0, 0
34950, 348160, 0, 0, 0
35050, 368640, 0, 0, 0
35150, 368640, 0, 0, 0
35249, 310303, 0, 0, 0
35349, 368640, 0, 0, 0
35449, 389120, 0, 0, 0
35549, 368640, 0, 0, 0
35649, 368640, 0, 0, 0
35750, 348160, 0, 0, 0
35850, 327680, 0, 0, 0
35950, 368640, 0, 0, 0
36050, 368640, 0, 0, 0
36150, 348160, 0, 0, 0
36249, 351676, 0, 0, 0
36349, 389120, 0, 0, 0
36449, 327680, 0, 0, 0
36549, 348160, 0, 0, 0
36650, 409600, 0, 0, 0
36749, 372363, 0, 0, 0
36849, 389120, 0, 0, 0
36949, 348160, 0, 0, 0
37049, 348160, 0, 0, 0
37149, 348160, 0, 0, 0
37249, 327680, 0, 0, 0
37349, 327680, 0, 0, 0
37449, 348160, 0, 0, 0
37550, 348160, 0, 0, 0
37650, 327680, 0, 0, 0
37749, 372363, 0, 0, 0
37849, 368640, 0, 0, 0
37949, 389120, 0, 0, 0
38049, 368640, 0, 0, 0
38149, 368640, 0, 0, 0
38249, 368640, 0, 0, 0
38349, 348160, 0, 0, 0
38449, 348160, 0, 0, 0
38550, 368640, 0, 0, 0
38650, 327680, 0, 0, 0
38749, 372363, 0, 0, 0
38849, 348160, 0, 0, 0
38949, 368640, 0, 0, 0
39049, 348160, 0, 0, 0
39149, 327680, 0, 0, 0
39249, 348160, 0, 0, 0
39349, 327680, 0, 0, 0
39449, 327680, 0, 0, 0
39550, 348160, 0, 0, 0
39650, 348160, 0, 0, 0
39749, 330989, 0, 0, 0
39849, 348160, 0, 0, 0
39949, 327680, 0, 0, 0
40049, 348160, 0, 0, 0
40149, 348160, 0, 0, 0
40249, 368640, 0, 0, 0
40349, 327680, 0, 0, 0
40449, 327680, 0, 0, 0
40550, 327680, 0, 0, 0
40650, 368640, 0, 0, 0
40749, 330989, 0, 0, 0
40849, 348160, 0, 0, 0
40949, 348160, 0, 0, 0
41049, 348160, 0, 0, 0
41149, 368640, 0, 0, 0
41249, 327680, 0, 0, 0
41349, 327680, 0, 0, 0
41450, 348160, 0, 0, 0
41550, 368640, 0, 0, 0
41650, 327680, 0, 0, 0
41749, 351676, 0, 0, 0
41849, 327680, 0, 0, 0
41949, 348160, 0, 0, 0
42049, 327680, 0, 0, 0
42149, 327680, 0, 0, 0
42249, 327680, 0, 0, 0
42349, 348160, 0, 0, 0
42450, 327680, 0, 0, 0
42550, 348160, 0, 0, 0
42650, 348160, 0, 0, 0
42749, 330989, 0, 0, 0
42849, 368640, 0, 0, 0
42949, 348160, 0, 0, 0
43049, 348160, 0, 0, 0
43149, 327680, 0, 0, 0
43250, 327680, 0, 0, 0
43350, 327680, 0, 0, 0
43450, 348160, 0, 0, 0
43550, 327680, 0, 0, 0
43650, 368640, 0, 0, 0
43749, 351676, 0, 0, 0
43849, 368640, 0, 0, 0
43949, 348160, 0, 0, 0
44049, 348160, 0, 0, 0
44149, 327680, 0, 0, 0
44249, 372363, 0, 0, 0
44349, 368640, 0, 0, 0
44449, 327680, 0, 0, 0
44549, 307200, 0, 0, 0
44649, 368640, 0, 0, 0
44749, 307200, 0, 0, 0
44849, 348160, 0, 0, 0
44949, 327680, 0, 0, 0
45049, 348160, 0, 0, 0
45149, 348160, 0, 0, 0
45250, 327680, 0, 0, 0
45350, 348160, 0, 0, 0
45450, 348160, 0, 0, 0
45550, 327680, 0, 0, 0
45650, 348160, 0, 0, 0
45749, 330989, 0, 0, 0
45849, 327680, 0, 0, 0
45949, 327680, 0, 0, 0
46050, 368640, 0, 0, 0
46150, 348160, 0, 0, 0
46249, 310303, 0, 0, 0
46349, 348160, 0, 0, 0
46449, 327680, 0, 0, 0
46549, 368640, 0, 0, 0
46649, 327680, 0, 0, 0
46749, 368640, 0, 0, 0
46849, 327680, 0, 0, 0
46949, 368640, 0, 0, 0
47050, 327680, 0, 0, 0
47150, 348160, 0, 0, 0
47249, 351676, 0, 0, 0
47349, 327680, 0, 0, 0
47449, 348160, 0, 0, 0
47549, 348160, 0, 0, 0
47649, 307200, 0, 0, 0
47749, 327680, 0, 0, 0
47850, 348160, 0, 0, 0
47950, 327680, 0, 0, 0
48050, 327680, 0, 0, 0
48150, 348160, 0, 0, 0
48249, 351676, 0, 0, 0
48349, 327680, 0, 0, 0
48449, 348160, 0, 0, 0
48549, 348160, 0, 0, 0
48649, 348160, 0, 0, 0
48750, 348160, 0, 0, 0
48850, 348160, 0, 0, 0
48950, 327680, 0, 0, 0
49050, 348160, 0, 0, 0
49150, 348160, 0, 0, 0
49249, 330989, 0, 0, 0
49349, 348160, 0, 0, 0
49449, 327680, 0, 0, 0
49549, 307200, 0, 0, 0
49649, 327680, 0, 0, 0
49750, 348160, 0, 0, 0
49850, 348160, 0, 0, 0
49950, 368640, 0, 0, 0
50050, 348160, 0, 0, 0
50150, 368640, 0, 0, 0
50249, 372363, 0, 0, 0
50349, 348160, 0, 0, 0
50449, 368640, 0, 0, 0
50550, 348160, 0, 0, 0
50650, 327680, 0, 0, 0
50749, 330989, 0, 0, 0
50849, 327680, 0, 0, 0
50949, 327680, 0, 0, 0
51049, 348160, 0, 0, 0
51149, 327680, 0, 0, 0
51249, 327680, 0, 0, 0
51350, 368640, 0, 0, 0
51450, 348160, 0, 0, 0
51550, 348160, 0, 0, 0
51650, 327680, 0, 0, 0
51749, 351676, 0, 0, 0
51849, 348160, 0, 0, 0
51949, 327680, 0, 0, 0
52049, 348160, 0, 0, 0
52149, 327680, 0, 0, 0
52250, 307200, 0, 0, 0
52350, 368640, 0, 0, 0
52450, 327680, 0, 0, 0
52550, 348160, 0, 0, 0
52650, 348160, 0, 0, 0
52749, 351676, 0, 0, 0
52849, 327680, 0, 0, 0
52949, 307200, 0, 0, 0
53049, 348160, 0, 0, 0
53149, 348160, 0, 0, 0
53250, 348160, 0, 0, 0
53350, 368640, 0, 0, 0
53450, 307200, 0, 0, 0
53550, 348160, 0, 0, 0
53650, 368640, 0, 0, 0
53749, 310303, 0, 0, 0
53849, 368640, 0, 0, 0
53949, 348160, 0, 0, 0
54049, 327680, 0, 0, 0
54150, 348160, 0, 0, 0
54249, 372363, 0, 0, 0
54349, 348160, 0, 0, 0
54449, 327680, 0, 0, 0
54549, 348160, 0, 0, 0
54649, 348160, 0, 0, 0
54749, 348160, 0, 0, 0
54849, 327680, 0, 0, 0
54949, 327680, 0, 0, 0
55050, 348160, 0, 0, 0
55150, 368640, 0, 0, 0
55249, 351676, 0, 0, 0
55349, 327680, 0, 0, 0
55449, 348160, 0, 0, 0
55549, 368640, 0, 0, 0
55649, 348160, 0, 0, 0
55749, 327680, 0, 0, 0
55849, 327680, 0, 0, 0
55950, 368640, 0, 0, 0
56050, 348160, 0, 0, 0
56150, 348160, 0, 0, 0
56249, 351676, 0, 0, 0
56349, 368640, 0, 0, 0
56449, 348160, 0, 0, 0
56549, 389120, 0, 0, 0
56649, 368640, 0, 0, 0
56750, 348160, 0, 0, 0
56850, 327680, 0, 0, 0
56950, 389120, 0, 0, 0
57050, 327680, 0, 0, 0
57150, 368640, 0, 0, 0
57249, 330989, 0, 0, 0
57349, 327680, 0, 0, 0
57449, 389120, 0, 0, 0
57549, 389120, 0, 0, 0
57649, 348160, 0, 0, 0
57750, 348160, 0, 0, 0
57850, 368640, 0, 0, 0
57950, 389120, 0, 0, 0
58050, 368640, 0, 0, 0
58150, 368640, 0, 0, 0
58249, 351676, 0, 0, 0
58349, 368640, 0, 0, 0
58449, 327680, 0, 0, 0
58550, 368640, 0, 0, 0
58650, 327680, 0, 0, 0
58749, 372363, 0, 0, 0
58849, 368640, 0, 0, 0
58949, 368640, 0, 0, 0
59049, 368640, 0, 0, 0
59149, 389120, 0, 0, 0
59249, 348160, 0, 0, 0
59349, 348160, 0, 0, 0
59449, 348160, 0, 0, 0
59550, 348160, 0, 0, 0
59650, 348160, 0, 0, 0
59749, 330989, 0, 0, 0
59849, 327680, 0, 0, 0
59949, 348160, 0, 0, 0
60049, 348160, 0, 0, 0
60149, 307200, 0, 0, 0
60249, 348160, 0, 0, 0
60349, 389120, 0, 0, 0
60449, 348160, 0, 0, 0
60550, 348160, 0, 0, 0
60650, 368640, 0, 0, 0
60749, 351676, 0, 0, 0
60849, 327680, 0, 0, 0
60949, 327680, 0, 0, 0
61049, 348160, 0, 0, 0
61149, 348160, 0, 0, 0
61249, 327680, 0, 0, 0
61349, 327680, 0, 0, 0
61449, 327680, 0, 0, 0
61550, 348160, 0, 0, 0
61650, 327680, 0, 0, 0
61749, 393050, 0, 0, 0
61849, 327680, 0, 0, 0
61949, 348160, 0, 0, 0
62049, 368640, 0, 0, 0
62149, 368640, 0, 0, 0
62249, 368640, 0, 0, 0
62350, 348160, 0, 0, 0
62450, 348160, 0, 0, 0
62550, 348160, 0, 0, 0
62650, 327680, 0, 0, 0
62749, 330989, 0, 0, 0
62849, 327680, 0, 0, 0
62949, 307200, 0, 0, 0
63050, 327680, 0, 0, 0
63150, 348160, 0, 0, 0
63249, 372363, 0, 0, 0
63349, 327680, 0, 0, 0
63449, 348160, 0, 0, 0
63549, 348160, 0, 0, 0
63649, 348160, 0, 0, 0
63749, 368640, 0, 0, 0
63849, 368640, 0, 0, 0
63949, 368640, 0, 0, 0
64050, 348160, 0, 0, 0
64150, 348160, 0, 0, 0
64249, 351676, 0, 0, 0
64349, 348160, 0, 0, 0
64449, 327680, 0, 0, 0
64549, 327680, 0, 0, 0
64649, 327680, 0, 0, 0
64749, 327680, 0, 0, 0
64849, 327680, 0, 0, 0
64949, 327680, 0, 0, 0
65050, 348160, 0, 0, 0
65150, 348160, 0, 0, 0
65249, 330989, 0, 0, 0
65349, 368640, 0, 0, 0
65449, 307200, 0, 0, 0
65549, 348160, 0, 0, 0
65649, 348160, 0, 0, 0
65749, 266240, 0, 0, 0
65849, 348160, 0, 0, 0
65949, 389120, 0, 0, 0
66050, 327680, 0, 0, 0
66150, 389120, 0, 0, 0
66249, 393050, 0, 0, 0
66349, 368640, 0, 0, 0
66449, 348160, 0, 0, 0
66549, 348160, 0, 0, 0
66649, 348160, 0, 0, 0
66749, 348160, 0, 0, 0
66849, 307200, 0, 0, 0
66949, 348160, 0, 0, 0
67050, 348160, 0, 0, 0
67150, 327680, 0, 0, 0
67249, 330989, 0, 0, 0
67349, 348160, 0, 0, 0
67449, 348160, 0, 0, 0
67549, 327680, 0, 0, 0
67649, 348160, 0, 0, 0
67749, 327680, 0, 0, 0
67849, 327680, 0, 0, 0
67949, 348160, 0, 0, 0
68050, 286720, 0, 0, 0
68150, 389120, 0, 0, 0
68249, 351676, 0, 0, 0
68349, 368640, 0, 0, 0
68449, 368640, 0, 0, 0
68549, 327680, 0, 0, 0
68649, 389120, 0, 0, 0
68749, 389120, 0, 0, 0
68849, 368640, 0, 0, 0
68950, 327680, 0, 0, 0
69050, 348160, 0, 0, 0
69150, 348160, 0, 0, 0
69249, 330989, 0, 0, 0
69349, 368640, 0, 0, 0
69449, 348160, 0, 0, 0
69549, 327680, 0, 0, 0
69649, 368640, 0, 0, 0
69750, 368640, 0, 0, 0
69850, 327680, 0, 0, 0
69950, 348160, 0, 0, 0
70050, 368640, 0, 0, 0
70150, 327680, 0, 0, 0
70249, 372363, 0, 0, 0
70349, 368640, 0, 0, 0
70449, 327680, 0, 0, 0
70549, 368640, 0, 0, 0
70650, 327680, 0, 0, 0
70749, 351676, 0, 0, 0
70849, 327680, 0, 0, 0
70949, 368640, 0, 0, 0
71049, 307200, 0, 0, 0
71149, 368640, 0, 0, 0
71249, 327680, 0, 0, 0
71349, 368640, 0, 0, 0
71449, 348160, 0, 0, 0
71550, 327680, 0, 0, 0
71650, 348160, 0, 0, 0
71749, 330989, 0, 0, 0
71849, 368640, 0, 0, 0
71949, 348160, 0, 0, 0
72049, 368640, 0, 0, 0
72149, 348160, 0, 0, 0
72249, 368640, 0, 0, 0
72349, 389120, 0, 0, 0
72449, 368640, 0, 0, 0
72550, 368640, 0, 0, 0
72650, 389120, 0, 0, 0
72749, 351676, 0, 0, 0
72849, 368640, 0, 0, 0
72949, 389120, 0, 0, 0
73049, 327680, 0, 0, 0
73149, 368640, 0, 0, 0
73249, 389120, 0, 0, 0
73349, 368640, 0, 0, 0
73450, 327680, 0, 0, 0
73550, 348160, 0, 0, 0
73650, 348160, 0, 0, 0
73749, 351676, 0, 0, 0
73849, 368640, 0, 0, 0
73949, 368640, 0, 0, 0
74049, 368640, 0, 0, 0
74149, 348160, 0, 0, 0
74250, 348160, 0, 0, 0
74350, 348160, 0, 0, 0
74450, 327680, 0, 0, 0
74550, 368640, 0, 0, 0
74650, 348160, 0, 0, 0
74749, 372363, 0, 0, 0
74849, 348160, 0, 0, 0
74949, 327680, 0, 0, 0
75049, 348160, 0, 0, 0
75149, 368640, 0, 0, 0
75250, 327680, 0, 0, 0
75350, 348160, 0, 0, 0
75450, 348160, 0, 0, 0
75550, 348160, 0, 0, 0
75650, 348160, 0, 0, 0
75749, 372363, 0, 0, 0
75849, 368640, 0, 0, 0
75949, 348160, 0, 0, 0
76049, 327680, 0, 0, 0
76149, 348160, 0, 0, 0
76250, 348160, 0, 0, 0
76350, 348160, 0, 0, 0
76450, 368640, 0, 0, 0
76550, 368640, 0, 0, 0
76650, 348160, 0, 0, 0
76749, 351676, 0, 0, 0
76849, 348160, 0, 0, 0
76949, 348160, 0, 0, 0
77049, 389120, 0, 0, 0
77149, 348160, 0, 0, 0
77250, 368640, 0, 0, 0
77350, 368640, 0, 0, 0
77450, 348160, 0, 0, 0
77550, 348160, 0, 0, 0
77650, 348160, 0, 0, 0
77749, 372363, 0, 0, 0
77849, 348160, 0, 0, 0
77949, 368640, 0, 0, 0
78049, 389120, 0, 0, 0
78149, 368640, 0, 0, 0
78249, 393050, 0, 0, 0
78349, 368640, 0, 0, 0
78449, 368640, 0, 0, 0
78549, 389120, 0, 0, 0
78649, 348160, 0, 0, 0
78749, 348160, 0, 0, 0
78849, 368640, 0, 0, 0
78949, 348160, 0, 0, 0
79049, 307200, 0, 0, 0
79150, 389120, 0, 0, 0
79249, 372363, 0, 0, 0
79349, 327680, 0, 0, 0
79449, 368640, 0, 0, 0
79549, 327680, 0, 0, 0
79649, 348160, 0, 0, 0
79749, 327680, 0, 0, 0
79849, 348160, 0, 0, 0
79949, 327680, 0, 0, 0
80049, 348160, 0, 0, 0
80149, 327680, 0, 0, 0
80250, 348160, 0, 0, 0
80350, 368640, 0, 0, 0
80450, 348160, 0, 0, 0
80550, 327680, 0, 0, 0
80650, 348160, 0, 0, 0
80749, 351676, 0, 0, 0
80849, 368640, 0, 0, 0
80949, 327680, 0, 0, 0
81050, 368640, 0, 0, 0
81150, 348160, 0, 0, 0
81249, 330989, 0, 0, 0
81349, 348160, 0, 0, 0
81449, 348160, 0, 0, 0
81549, 307200, 0, 0, 0
81649, 389120, 0, 0, 0
81750, 389120, 0, 0, 0
81850, 327680, 0, 0, 0
81950, 368640, 0, 0, 0
82050, 348160, 0, 0, 0
82150, 327680, 0, 0, 0
82249, 351676, 0, 0, 0
82349, 327680, 0, 0, 0
82449, 327680, 0, 0, 0
82549, 368640, 0, 0, 0
82649, 327680, 0, 0, 0
82750, 327680, 0, 0, 0
82850, 348160, 0, 0, 0
82950, 368640, 0, 0, 0
83050, 307200, 0, 0, 0
83150, 368640, 0, 0, 0
83249, 310303, 0, 0, 0
83349, 348160, 0, 0, 0
83449, 368640, 0, 0, 0
83549, 368640, 0, 0, 0
83649, 348160, 0, 0, 0
83750, 389120, 0, 0, 0
83850, 348160, 0, 0, 0
83950, 307200, 0, 0, 0
84050, 327680, 0, 0, 0
84150, 348160, 0, 0, 0
84249, 351676, 0, 0, 0
84349, 348160, 0, 0, 0
84449, 348160, 0, 0, 0
84549, 348160, 0, 0, 0
84650, 368640, 0, 0, 0
84749, 330989, 0, 0, 0
84849, 348160, 0, 0, 0
84949, 348160, 0, 0, 0
85049, 368640, 0, 0, 0
85149, 368640, 0, 0, 0
85249, 348160, 0, 0, 0
85349, 327680, 0, 0, 0
85449, 348160, 0, 0, 0
85549, 368640, 0, 0, 0
85649, 368640, 0, 0, 0
85750, 348160, 0, 0, 0
85850, 286720, 0, 0, 0
85950, 307200, 0, 0, 0
86050, 327680, 0, 0, 0
86150, 348160, 0, 0, 0
86249, 351676, 0, 0, 0
86349, 348160, 0, 0, 0
86449, 348160, 0, 0, 0
86550, 389120, 0, 0, 0
86650, 327680, 0, 0, 0
86749, 351676, 0, 0, 0
86849, 327680, 0, 0, 0
86949, 348160, 0, 0, 0
87049, 348160, 0, 0, 0
87149, 327680, 0, 0, 0
87249, 348160, 0, 0, 0
87349, 368640, 0, 0, 0
87450, 389120, 0, 0, 0
87550, 327680, 0, 0, 0
87650, 327680, 0, 0, 0
87749, 351676, 0, 0, 0
87849, 348160, 0, 0, 0
87949, 368640, 0, 0, 0
88049, 368640, 0, 0, 0
88149, 327680, 0, 0, 0
88249, 348160, 0, 0, 0
88350, 368640, 0, 0, 0
88450, 348160, 0, 0, 0
88550, 348160, 0, 0, 0
88650, 327680, 0, 0, 0
88749, 372363, 0, 0, 0
88849, 307200, 0, 0, 0
88949, 327680, 0, 0, 0
89049, 368640, 0, 0, 0
89149, 348160, 0, 0, 0
89249, 348160, 0, 0, 0
89350, 307200, 0, 0, 0
89450, 368640, 0, 0, 0
89550, 348160, 0, 0, 0
89650, 348160, 0, 0, 0
89749, 351676, 0, 0, 0
89849, 327680, 0, 0, 0
89949, 368640, 0, 0, 0
