100, 729532, 0, 0, 0
200, 714903, 0, 0, 0
300, 741452, 0, 0, 0
400, 731062, 0, 0, 0
500, 726036, 0, 0, 0
600, 721260, 0, 0, 0
700, 739558, 0, 0, 0
800, 718841, 0, 0, 0
900, 722376, 0, 0, 0
1000, 706913, 0, 0, 0
1100, 705268, 0, 0, 0
1200, 697746, 0, 0, 0
1300, 719596, 0, 0, 0
1400, 717885, 0, 0, 0
1500, 721638, 0, 0, 0
1600, 713592, 0, 0, 0
1700, 721237, 0, 0, 0
1800, 732135, 0, 0, 0
1900, 737258, 0, 0, 0
2000, 726712, 0, 0, 0
2100, 725004, 0, 0, 0
2200, 732680, 0, 0, 0
2300, 713546, 0, 0, 0
2400, 710509, 0, 0, 0
2500, 694835, 0, 0, 0
2600, 672991, 0, 0, 0
2700, 677665, 0, 0, 0
2800, 690020, 0, 0, 0
2900, 682054, 0, 0, 0
3000, 688871, 0, 0, 0
3100, 667212, 0, 0, 0
3200, 643752, 0, 0, 0
3300, 638207, 0, 0, 0
3400, 679058, 0, 0, 0
3500, 680434, 0, 0, 0
3600, 676200, 0, 0, 0
3700, 680462, 0, 0, 0
3800, 704175, 0, 0, 0
3900, 719406, 0, 0, 0
4000, 719720, 0, 0, 0
4100, 703808, 0, 0, 0
4200, 712552, 0, 0, 0
4300, 704743, 0, 0, 0
4400, 698783, 0, 0, 0
4500, 692684, 0, 0, 0
4600, 700190, 0, 0, 0
4700, 708510, 0, 0, 0
4800, 733618, 0, 0, 0
4900, 726394, 0, 0, 0
5000, 729286, 0, 0, 0
5100, 700775, 0, 0, 0
5200, 724277, 0, 0, 0
5300, 731613, 0, 0, 0
5400, 710940, 0, 0, 0
5500, 704742, 0, 0, 0
5600, 687863, 0, 0, 0
5700, 701501, 0, 0, 0
5800, 709970, 0, 0, 0
5900, 727727, 0, 0, 0
6000, 710815, 0, 0, 0
6100, 689049, 0, 0, 0
6200, 717820, 0, 0, 0
6300, 698954, 0, 0, 0
6400, 690673, 0, 0, 0
6500, 662306, 0, 0, 0
6600, 712042, 0, 0, 0
6700, 722246, 0, 0, 0
6800, 729425, 0, 0, 0
6900, 746466, 0, 0, 0
7000, 726012, 0, 0, 0
7100, 745461, 0, 0, 0
7200, 724765, 0, 0, 0
7300, 723364, 0, 0, 0
7400, 737903, 0, 0, 0
7500, 718528, 0, 0, 0
7600, 673245, 0, 0, 0
7700, 703652, 0, 0, 0
7800, 661940, 0, 0, 0
7900, 644835, 0, 0, 0
8000, 638845, 0, 0, 0
8100, 640761, 0, 0, 0
8200, 635813, 0, 0, 0
8300, 639085, 0, 0, 0
8400, 630203, 0, 0, 0
8500, 652236, 0, 0, 0
8600, 650733, 0, 0, 0
8700, 648111, 0, 0, 0
8800, 641012, 0, 0, 0
8900, 650235, 0, 0, 0
9000, 655035, 0, 0, 0
9100, 656926, 0, 0, 0
9200, 690980, 0, 0, 0
9300, 697956, 0, 0, 0
9400, 686790, 0, 0, 0
9500, 707105, 0, 0, 0
9600, 706323, 0, 0, 0
9700, 709195, 0, 0, 0
9800, 720627, 0, 0, 0
9900, 710589, 0, 0, 0
10000, 727692, 0, 0, 0
10100, 743444, 0, 0, 0
10200, 737043, 0, 0, 0
10300, 725837, 0, 0, 0
10400, 736894, 0, 0, 0
10500, 746274, 0, 0, 0
10600, 738369, 0, 0, 0
10700, 730991, 0, 0, 0
10800, 729280, 0, 0, 0
10900, 713975, 0, 0, 0
11000, 728216, 0, 0, 0
11100, 726445, 0, 0, 0
11200, 716916, 0, 0, 0
11300, 723935, 0, 0, 0
11400, 730814, 0, 0, 0
11500, 715570, 0, 0, 0
11600, 728416, 0, 0, 0
11700, 743675, 0, 0, 0
11800, 724522, 0, 0, 0
11900, 717323, 0, 0, 0
12000, 726683, 0, 0, 0
12100, 727724, 0, 0, 0
12200, 712281, 0, 0, 0
12300, 706112, 0, 0, 0
12400, 709599, 0, 0, 0
12500, 740416, 0, 0, 0
12600, 732133, 0, 0, 0
12700, 721288, 0, 0, 0
12800, 705987, 0, 0, 0
12900, 708086, 0, 0, 0
13000, 682256, 0, 0, 0
13100, 679131, 0, 0, 0
13200, 701218, 0, 0, 0
13300, 703427, 0, 0, 0
13400, 659897, 0, 0, 0
13500, 650953, 0, 0, 0
13600, 660948, 0, 0, 0
13700, 639660, 0, 0, 0
13800, 645473, 0, 0, 0
13900, 644559, 0, 0, 0
14000, 696950, 0, 0, 0
14100, 693733, 0, 0, 0
14200, 694294, 0, 0, 0
14300, 680790, 0, 0, 0
14400, 726051, 0, 0, 0
14500, 727627, 0, 0, 0
14600, 725092, 0, 0, 0
14700, 741579, 0, 0, 0
14800, 732297, 0, 0, 0
14900, 728299, 0, 0, 0
15000, 719365, 0, 0, 0
15100, 726638, 0, 0, 0
15200, 735711, 0, 0, 0
15300, 731504, 0, 0, 0
15400, 741052, 0, 0, 0
15500, 726115, 0, 0, 0
15600, 724133, 0, 0, 0
15700, 728810, 0, 0, 0
15800, 709181, 0, 0, 0
15900, 696611, 0, 0, 0
16000, 684647, 0, 0, 0
16100, 698222, 0, 0, 0
16200, 707849, 0, 0, 0
16300, 710558, 0, 0, 0
16400, 719778, 0, 0, 0
16500, 729580, 0, 0, 0
16600, 729990, 0, 0, 0
16700, 716216, 0, 0, 0
16800, 739048, 0, 0, 0
16900, 723120, 0, 0, 0
17000, 721409, 0, 0, 0
17100, 709508, 0, 0, 0
17200, 707121, 0, 0, 0
17300, 718340, 0, 0, 0
17400, 710571, 0, 0, 0
17500, 706414, 0, 0, 0
17600, 702992, 0, 0, 0
17700, 728003, 0, 0, 0
17800, 729272, 0, 0, 0
17900, 739870, 0, 0, 0
18000, 741064, 0, 0, 0
18100, 733709, 0, 0, 0
18200, 737392, 0, 0, 0
18300, 746514, 0, 0, 0
18400, 729637, 0, 0, 0
18500, 720976, 0, 0, 0
18600, 729895, 0, 0, 0
18700, 704188, 0, 0, 0
18800, 711581, 0, 0, 0
18900, 694144, 0, 0, 0
19000, 686229, 0, 0, 0
19100, 686771, 0, 0, 0
19200, 697062, 0, 0, 0
19300, 725120, 0, 0, 0
19400, 724050, 0, 0, 0
19500, 728056, 0, 0, 0
19600, 720033, 0, 0, 0
19700, 736214, 0, 0, 0
19800, 717308, 0, 0, 0
19900, 703194, 0, 0, 0
20000, 714612, 0, 0, 0
20100, 733579, 0, 0, 0
20200, 706863, 0, 0, 0
20300, 746425, 0, 0, 0
20400, 730543, 0, 0, 0
20500, 730642, 0, 0, 0
20600, 722583, 0, 0, 0
20700, 706495, 0, 0, 0
20800, 706341, 0, 0, 0
20900, 706565, 0, 0, 0
21000, 696669, 0, 0, 0
21100, 705386, 0, 0, 0
21200, 727066, 0, 0, 0
21300, 721692, 0, 0, 0
21400, 723652, 0, 0, 0
21500, 721874, 0, 0, 0
21600, 724305, 0, 0, 0
21700, 732958, 0, 0, 0
21800, 723714, 0, 0, 0
21900, 716300, 0, 0, 0
22000, 720078, 0, 0, 0
22100, 730554, 0, 0, 0
22200, 734072, 0, 0, 0
22300, 707462, 0, 0, 0
22400, 708321, 0, 0, 0
22500, 715472, 0, 0, 0
22600, 724423, 0, 0, 0
22700, 712443, 0, 0, 0
22800, 707708, 0, 0, 0
22900, 728938, 0, 0, 0
23000, 711176, 0, 0, 0
23100, 719927, 0, 0, 0
23200, 736641, 0, 0, 0
23300, 736300, 0, 0, 0
23400, 741660, 0, 0, 0
23500, 737894, 0, 0, 0
23600, 723255, 0, 0, 0
23700, 727486, 0, 0, 0
23800, 736515, 0, 0, 0
23900, 730096, 0, 0, 0
24000, 687997, 0, 0, 0
24100, 662332, 0, 0, 0
24200, 659364, 0, 0, 0
24300, 650870, 0, 0, 0
24400, 669762, 0, 0, 0
24500, 704886, 0, 0, 0
24600, 711148, 0, 0, 0
24700, 701030, 0, 0, 0
24800, 706418, 0, 0, 0
24900, 715774, 0, 0, 0
25000, 713297, 0, 0, 0
25100, 708970, 0, 0, 0
25200, 721271, 0, 0, 0
25300, 721479, 0, 0, 0
25400, 718061, 0, 0, 0
25500, 724389, 0, 0, 0
25600, 717734, 0, 0, 0
25700, 715372, 0, 0, 0
25800, 708460, 0, 0, 0
25900, 714490, 0, 0, 0
26000, 724040, 0, 0, 0
26100, 732202, 0, 0, 0
26200, 725761, 0, 0, 0
26300, 736612, 0, 0, 0
26400, 761940, 0, 0, 0
26500, 710141, 0, 0, 0
26600, 713393, 0, 0, 0
26700, 718330, 0, 0, 0
26800, 715524, 0, 0, 0
26900, 728710, 0, 0, 0
27000, 749072, 0, 0, 0
27100, 722117, 0, 0, 0
27200, 692010, 0, 0, 0
27300, 702048, 0, 0, 0
27400, 685747, 0, 0, 0
27500, 692128, 0, 0, 0
27600, 708000, 0, 0, 0
27700, 708495, 0, 0, 0
27800, 700567, 0, 0, 0
27900, 716962, 0, 0, 0
28000, 719008, 0, 0, 0
28100, 717046, 0, 0, 0
28200, 732457, 0, 0, 0
28300, 722905, 0, 0, 0
28400, 722566, 0, 0, 0
28500, 722478, 0, 0, 0
28600, 723575, 0, 0, 0
28700, 718470, 0, 0, 0
28800, 715370, 0, 0, 0
28900, 711771, 0, 0, 0
29000, 708795, 0, 0, 0
29100, 723624, 0, 0, 0
29200, 709374, 0, 0, 0
29300, 704894, 0, 0, 0
29400, 696026, 0, 0, 0
29500, 691250, 0, 0, 0
29600, 698124, 0, 0, 0
29700, 701180, 0, 0, 0
29800, 715907, 0, 0, 0
29900, 720540, 0, 0, 0
30000, 731268, 0, 0, 0
30100, 719296, 0, 0, 0
30200, 721138, 0, 0, 0
30300, 716186, 0, 0, 0
30400, 716241, 0, 0, 0
30500, 715489, 0, 0, 0
30600, 730668, 0, 0, 0
30700, 712541, 0, 0, 0
30800, 703397, 0, 0, 0
30900, 689055, 0, 0, 0
31000, 684239, 0, 0, 0
31100, 683168, 0, 0, 0
31200, 689474, 0, 0, 0
31300, 726644, 0, 0, 0
31400, 727488, 0, 0, 0
31500, 686491, 0, 0, 0
31600, 725176, 0, 0, 0
31700, 678109, 0, 0, 0
31800, 705577, 0, 0, 0
31900, 715246, 0, 0, 0
32000, 714169, 0, 0, 0
32100, 725235, 0, 0, 0
32200, 717260, 0, 0, 0
32300, 717148, 0, 0, 0
32400, 726296, 0, 0, 0
32500, 701887, 0, 0, 0
32600, 717196, 0, 0, 0
32700, 719678, 0, 0, 0
32800, 706864, 0, 0, 0
32900, 706596, 0, 0, 0
33000, 719789, 0, 0, 0
33100, 719914, 0, 0, 0
33200, 710074, 0, 0, 0
33300, 722834, 0, 0, 0
33400, 725739, 0, 0, 0
33500, 727735, 0, 0, 0
33600, 728512, 0, 0, 0
33700, 736134, 0, 0, 0
33800, 728468, 0, 0, 0
33900, 731401, 0, 0, 0
34000, 705453, 0, 0, 0
34100, 727882, 0, 0, 0
34200, 734476, 0, 0, 0
34300, 724868, 0, 0, 0
34400, 724447, 0, 0, 0
34500, 716622, 0, 0, 0
34600, 723371, 0, 0, 0
34700, 733027, 0, 0, 0
34800, 723144, 0, 0, 0
34900, 729929, 0, 0, 0
35000, 719019, 0, 0, 0
35100, 736177, 0, 0, 0
35200, 737098, 0, 0, 0
35300, 702993, 0, 0, 0
35400, 736142, 0, 0, 0
35500, 733653, 0, 0, 0
35600, 719550, 0, 0, 0
35700, 718195, 0, 0, 0
35800, 705669, 0, 0, 0
35900, 722654, 0, 0, 0
36000, 721317, 0, 0, 0
36100, 730507, 0, 0, 0
36200, 748455, 0, 0, 0
36300, 691569, 0, 0, 0
36400, 664078, 0, 0, 0
36500, 683021, 0, 0, 0
36600, 673560, 0, 0, 0
36700, 675533, 0, 0, 0
36800, 668192, 0, 0, 0
36900, 689258, 0, 0, 0
37000, 677701, 0, 0, 0
37100, 709972, 0, 0, 0
37200, 725664, 0, 0, 0
37300, 742496, 0, 0, 0
37400, 711819, 0, 0, 0
37500, 713922, 0, 0, 0
37600, 726166, 0, 0, 0
37700, 730048, 0, 0, 0
37800, 735063, 0, 0, 0
37900, 736757, 0, 0, 0
38000, 723401, 0, 0, 0
38100, 716293, 0, 0, 0
38200, 718847, 0, 0, 0
38300, 746167, 0, 0, 0
38400, 733133, 0, 0, 0
38500, 732279, 0, 0, 0
38600, 719128, 0, 0, 0
38700, 694928, 0, 0, 0
38800, 726389, 0, 0, 0
38900, 717290, 0, 0, 0
39000, 730543, 0, 0, 0
39100, 724621, 0, 0, 0
39200, 674854, 0, 0, 0
39300, 680767, 0, 0, 0
39400, 691780, 0, 0, 0
39500, 697504, 0, 0, 0
39600, 687162, 0, 0, 0
39700, 685108, 0, 0, 0
39800, 679738, 0, 0, 0
39900, 691742, 0, 0, 0
40000, 692763, 0, 0, 0
40100, 705412, 0, 0, 0
40200, 705358, 0, 0, 0
40300, 697202, 0, 0, 0
40400, 680144, 0, 0, 0
40500, 650408, 0, 0, 0
40600, 689303, 0, 0, 0
40700, 709473, 0, 0, 0
40800, 701393, 0, 0, 0
40900, 729445, 0, 0, 0
41000, 721782, 0, 0, 0
41100, 730174, 0, 0, 0
41200, 731247, 0, 0, 0
41300, 722785, 0, 0, 0
41400, 733911, 0, 0, 0
41500, 733975, 0, 0, 0
41600, 729972, 0, 0, 0
41700, 729341, 0, 0, 0
41800, 733504, 0, 0, 0
41900, 716215, 0, 0, 0
42000, 708003, 0, 0, 0
42100, 705792, 0, 0, 0
42200, 716938, 0, 0, 0
42300, 686014, 0, 0, 0
42400, 695004, 0, 0, 0
42500, 695201, 0, 0, 0
42600, 689673, 0, 0, 0
42700, 703207, 0, 0, 0
42800, 682067, 0, 0, 0
42900, 677754, 0, 0, 0
43000, 672440, 0, 0, 0
43100, 673106, 0, 0, 0
43200, 680509, 0, 0, 0
43300, 684922, 0, 0, 0
43400, 665394, 0, 0, 0
43500, 681984, 0, 0, 0
43600, 694604, 0, 0, 0
43700, 712520, 0, 0, 0
43800, 713776, 0, 0, 0
43900, 685009, 0, 0, 0
44000, 701060, 0, 0, 0
44100, 697029, 0, 0, 0
44200, 702722, 0, 0, 0
44300, 689766, 0, 0, 0
44400, 700319, 0, 0, 0
44500, 725499, 0, 0, 0
44600, 703731, 0, 0, 0
44700, 690911, 0, 0, 0
44800, 710277, 0, 0, 0
44900, 716091, 0, 0, 0
45000, 722817, 0, 0, 0
45100, 699855, 0, 0, 0
45200, 681091, 0, 0, 0
45300, 672794, 0, 0, 0
45400, 691212, 0, 0, 0
45500, 704618, 0, 0, 0
45600, 722673, 0, 0, 0
45700, 677318, 0, 0, 0
45800, 685203, 0, 0, 0
45900, 723482, 0, 0, 0
46000, 726056, 0, 0, 0
46100, 725749, 0, 0, 0
46200, 729685, 0, 0, 0
46300, 713329, 0, 0, 0
46400, 723822, 0, 0, 0
46500, 746036, 0, 0, 0
46600, 744583, 0, 0, 0
46700, 723125, 0, 0, 0
46800, 690394, 0, 0, 0
46900, 681574, 0, 0, 0
47000, 696452, 0, 0, 0
47100, 708604, 0, 0, 0
47200, 709089, 0, 0, 0
47300, 725409, 0, 0, 0
47400, 699305, 0, 0, 0
47500, 746277, 0, 0, 0
47600, 723145, 0, 0, 0
47700, 715243, 0, 0, 0
47800, 733269, 0, 0, 0
47900, 706176, 0, 0, 0
48000, 732958, 0, 0, 0
48100, 744103, 0, 0, 0
48200, 721926, 0, 0, 0
48300, 728224, 0, 0, 0
48400, 726857, 0, 0, 0
48500, 738620, 0, 0, 0
48600, 733180, 0, 0, 0
48700, 748554, 0, 0, 0
48800, 734449, 0, 0, 0
48900, 748701, 0, 0, 0
49000, 714606, 0, 0, 0
49100, 732439, 0, 0, 0
49200, 735069, 0, 0, 0
49300, 723072, 0, 0, 0
49400, 719336, 0, 0, 0
49500, 724599, 0, 0, 0
49600, 733586, 0, 0, 0
49700, 727179, 0, 0, 0
49800, 727052, 0, 0, 0
49900, 741176, 0, 0, 0
50000, 732484, 0, 0, 0
50100, 722030, 0, 0, 0
50200, 733621, 0, 0, 0
50300, 724655, 0, 0, 0
50400, 725843, 0, 0, 0
50500, 745255, 0, 0, 0
50600, 756605, 0, 0, 0
50700, 732272, 0, 0, 0
50800, 719761, 0, 0, 0
50900, 723041, 0, 0, 0
51000, 720044, 0, 0, 0
51100, 713659, 0, 0, 0
51200, 707614, 0, 0, 0
51300, 725489, 0, 0, 0
51400, 714080, 0, 0, 0
51500, 735572, 0, 0, 0
51600, 738694, 0, 0, 0
51700, 731785, 0, 0, 0
51800, 730247, 0, 0, 0
51900, 699754, 0, 0, 0
52000, 700771, 0, 0, 0
52100, 688099, 0, 0, 0
52200, 708648, 0, 0, 0
52300, 719761, 0, 0, 0
52400, 725048, 0, 0, 0
52500, 733712, 0, 0, 0
52600, 717192, 0, 0, 0
52700, 738384, 0, 0, 0
52800, 728890, 0, 0, 0
52900, 727478, 0, 0, 0
53000, 709961, 0, 0, 0
53100, 721166, 0, 0, 0
53200, 724488, 0, 0, 0
53300, 722115, 0, 0, 0
53400, 717609, 0, 0, 0
53500, 735711, 0, 0, 0
53600, 726121, 0, 0, 0
53700, 719525, 0, 0, 0
53800, 710431, 0, 0, 0
53900, 711680, 0, 0, 0
54000, 730210, 0, 0, 0
54100, 721009, 0, 0, 0
54200, 729464, 0, 0, 0
54300, 717571, 0, 0, 0
54400, 725489, 0, 0, 0
54500, 743310, 0, 0, 0
54600, 741220, 0, 0, 0
54700, 738154, 0, 0, 0
54800, 704899, 0, 0, 0
54900, 724566, 0, 0, 0
55000, 736578, 0, 0, 0
55100, 734800, 0, 0, 0
55200, 738972, 0, 0, 0
55300, 717356, 0, 0, 0
55400, 711413, 0, 0, 0
55500, 715005, 0, 0, 0
55600, 711661, 0, 0, 0
55700, 738038, 0, 0, 0
55800, 739445, 0, 0, 0
55900, 730515, 0, 0, 0
56000, 706347, 0, 0, 0
56100, 725212, 0, 0, 0
56200, 745735, 0, 0, 0
56300, 744920, 0, 0, 0
56400, 720725, 0, 0, 0
56500, 709116, 0, 0, 0
56600, 725630, 0, 0, 0
56700, 702152, 0, 0, 0
56800, 727600, 0, 0, 0
56900, 732086, 0, 0, 0
57000, 724445, 0, 0, 0
57100, 728787, 0, 0, 0
57200, 722344, 0, 0, 0
57300, 716364, 0, 0, 0
57400, 728208, 0, 0, 0
57500, 722411, 0, 0, 0
57600, 728885, 0, 0, 0
57700, 672254, 0, 0, 0
57800, 696647, 0, 0, 0
57900, 735465, 0, 0, 0
58000, 694144, 0, 0, 0
58100, 678527, 0, 0, 0
58200, 682145, 0, 0, 0
58300, 692454, 0, 0, 0
58400, 690627, 0, 0, 0
58500, 699287, 0, 0, 0
58600, 695266, 0, 0, 0
58700, 686758, 0, 0, 0
58800, 684016, 0, 0, 0
58900, 701194, 0, 0, 0
59000, 696826, 0, 0, 0
59100, 676390, 0, 0, 0
59200, 680926, 0, 0, 0
59300, 671463, 0, 0, 0
59400, 712305, 0, 0, 0
59500, 719236, 0, 0, 0
59600, 716371, 0, 0, 0
59700, 706042, 0, 0, 0
59800, 715297, 0, 0, 0
59900, 715350, 0, 0, 0
60000, 726781, 0, 0, 0
60100, 727504, 0, 0, 0
60200, 733895, 0, 0, 0
60300, 726355, 0, 0, 0
60400, 736537, 0, 0, 0
60500, 729700, 0, 0, 0
60600, 727710, 0, 0, 0
60700, 736373, 0, 0, 0
60800, 731372, 0, 0, 0
60900, 737645, 0, 0, 0
61000, 711534, 0, 0, 0
61100, 708884, 0, 0, 0
61200, 728049, 0, 0, 0
61300, 716022, 0, 0, 0
61400, 728312, 0, 0, 0
61500, 735935, 0, 0, 0
61600, 727504, 0, 0, 0
61700, 712415, 0, 0, 0
61800, 638910, 0, 0, 0
61900, 652847, 0, 0, 0
62000, 633444, 0, 0, 0
62100, 657525, 0, 0, 0
62200, 636131, 0, 0, 0
62300, 631990, 0, 0, 0
62400, 639622, 0, 0, 0
62500, 644636, 0, 0, 0
62600, 670337, 0, 0, 0
62700, 700530, 0, 0, 0
62800, 723665, 0, 0, 0
62900, 713544, 0, 0, 0
63000, 727886, 0, 0, 0
63100, 712305, 0, 0, 0
63200, 684267, 0, 0, 0
63300, 705939, 0, 0, 0
63400, 697587, 0, 0, 0
63500, 697986, 0, 0, 0
63600, 682025, 0, 0, 0
63700, 689299, 0, 0, 0
63800, 714523, 0, 0, 0
63900, 713785, 0, 0, 0
64000, 680857, 0, 0, 0
64100, 699801, 0, 0, 0
64200, 737957, 0, 0, 0
64300, 733716, 0, 0, 0
64400, 721126, 0, 0, 0
64500, 711796, 0, 0, 0
64600, 713403, 0, 0, 0
64700, 722769, 0, 0, 0
64800, 715233, 0, 0, 0
64900, 713878, 0, 0, 0
65000, 712378, 0, 0, 0
65100, 708196, 0, 0, 0
65200, 714636, 0, 0, 0
65300, 716344, 0, 0, 0
65400, 713851, 0, 0, 0
65500, 717630, 0, 0, 0
65600, 710746, 0, 0, 0
65700, 713942, 0, 0, 0
65800, 708103, 0, 0, 0
65900, 749480, 0, 0, 0
66000, 725810, 0, 0, 0
66100, 643923, 0, 0, 0
66200, 643036, 0, 0, 0
66300, 649716, 0, 0, 0
66400, 640156, 0, 0, 0
66500, 637037, 0, 0, 0
66600, 643414, 0, 0, 0
66700, 632389, 0, 0, 0
66800, 638165, 0, 0, 0
66900, 664952, 0, 0, 0
67000, 679137, 0, 0, 0
67100, 703628, 0, 0, 0
67200, 682594, 0, 0, 0
67300, 672644, 0, 0, 0
67400, 688588, 0, 0, 0
67500, 679290, 0, 0, 0
67600, 695423, 0, 0, 0
67700, 686921, 0, 0, 0
67800, 712796, 0, 0, 0
67900, 705800, 0, 0, 0
68000, 704111, 0, 0, 0
68100, 734015, 0, 0, 0
68200, 741085, 0, 0, 0
68300, 714165, 0, 0, 0
68400, 732287, 0, 0, 0
68500, 734972, 0, 0, 0
68600, 745116, 0, 0, 0
68700, 724532, 0, 0, 0
68800, 751531, 0, 0, 0
68900, 756767, 0, 0, 0
69000, 705332, 0, 0, 0
69100, 654905, 0, 0, 0
69200, 649551, 0, 0, 0
69300, 644129, 0, 0, 0
69400, 630661, 0, 0, 0
69500, 635574, 0, 0, 0
69600, 631607, 0, 0, 0
69700, 649952, 0, 0, 0
69800, 648385, 0, 0, 0
69900, 684398, 0, 0, 0
70000, 683689, 0, 0, 0
70100, 681626, 0, 0, 0
70200, 700218, 0, 0, 0
70300, 708101, 0, 0, 0
70400, 746950, 0, 0, 0
70500, 753671, 0, 0, 0
70600, 735468, 0, 0, 0
70700, 743469, 0, 0, 0
70800, 731702, 0, 0, 0
70900, 766842, 0, 0, 0
71000, 724539, 0, 0, 0
71100, 758455, 0, 0, 0
71200, 717981, 0, 0, 0
71300, 724748, 0, 0, 0
71400, 710779, 0, 0, 0
71500, 721587, 0, 0, 0
71600, 737262, 0, 0, 0
71700, 728325, 0, 0, 0
71800, 733175, 0, 0, 0
71900, 732439, 0, 0, 0
72000, 736337, 0, 0, 0
72100, 740776, 0, 0, 0
72200, 724193, 0, 0, 0
72300, 735804, 0, 0, 0
72400, 743539, 0, 0, 0
72500, 734882, 0, 0, 0
72600, 733761, 0, 0, 0
72700, 726615, 0, 0, 0
72800, 735651, 0, 0, 0
72900, 742968, 0, 0, 0
73000, 713290, 0, 0, 0
73100, 728464, 0, 0, 0
73200, 735245, 0, 0, 0
73300, 723120, 0, 0, 0
73400, 740697, 0, 0, 0
73500, 723461, 0, 0, 0
73600, 727498, 0, 0, 0
73700, 719658, 0, 0, 0
73800, 715848, 0, 0, 0
73900, 713666, 0, 0, 0
74000, 734675, 0, 0, 0
74100, 721613, 0, 0, 0
74200, 735952, 0, 0, 0
74300, 739729, 0, 0, 0
74400, 741707, 0, 0, 0
74500, 728667, 0, 0, 0
74600, 734149, 0, 0, 0
74700, 743517, 0, 0, 0
74800, 736973, 0, 0, 0
74900, 699686, 0, 0, 0
75000, 683598, 0, 0, 0
75100, 657061, 0, 0, 0
75200, 648620, 0, 0, 0
75300, 681871, 0, 0, 0
75400, 673699, 0, 0, 0
75500, 687277, 0, 0, 0
75600, 659022, 0, 0, 0
75700, 646768, 0, 0, 0
75800, 645343, 0, 0, 0
75900, 642200, 0, 0, 0
76000, 682734, 0, 0, 0
76100, 708202, 0, 0, 0
76200, 714630, 0, 0, 0
76300, 701918, 0, 0, 0
76400, 691724, 0, 0, 0
76500, 684063, 0, 0, 0
76600, 678785, 0, 0, 0
76700, 677599, 0, 0, 0
76800, 682576, 0, 0, 0
76900, 665150, 0, 0, 0
77000, 689883, 0, 0, 0
77100, 688781, 0, 0, 0
77200, 677102, 0, 0, 0
77300, 672763, 0, 0, 0
77400, 704550, 0, 0, 0
77500, 714633, 0, 0, 0
77600, 708856, 0, 0, 0
77700, 726343, 0, 0, 0
77800, 718404, 0, 0, 0
77900, 726147, 0, 0, 0
78000, 747281, 0, 0, 0
78100, 733948, 0, 0, 0
78200, 736238, 0, 0, 0
78300, 722184, 0, 0, 0
78400, 703228, 0, 0, 0
78500, 690697, 0, 0, 0
78600, 671674, 0, 0, 0
78700, 691270, 0, 0, 0
78800, 676026, 0, 0, 0
78900, 685603, 0, 0, 0
79000, 688440, 0, 0, 0
79100, 703926, 0, 0, 0
79200, 691631, 0, 0, 0
79300, 716245, 0, 0, 0
79400, 721688, 0, 0, 0
79500, 720684, 0, 0, 0
79600, 717587, 0, 0, 0
79700, 710595, 0, 0, 0
79800, 710336, 0, 0, 0
79900, 728060, 0, 0, 0
80000, 722918, 0, 0, 0
80100, 729157, 0, 0, 0
80200, 727406, 0, 0, 0
80300, 718939, 0, 0, 0
80400, 741258, 0, 0, 0
80500, 745156, 0, 0, 0
80600, 738666, 0, 0, 0
80700, 720320, 0, 0, 0
80800, 727505, 0, 0, 0
80900, 727525, 0, 0, 0
81000, 718489, 0, 0, 0
81100, 723932, 0, 0, 0
81200, 746219, 0, 0, 0
81300, 735322, 0, 0, 0
81400, 740428, 0, 0, 0
81500, 745209, 0, 0, 0
81600, 751933, 0, 0, 0
81700, 723614, 0, 0, 0
81800, 709867, 0, 0, 0
81900, 725545, 0, 0, 0
82000, 700585, 0, 0, 0
82100, 683535, 0, 0, 0
82200, 677160, 0, 0, 0
82300, 734349, 0, 0, 0
82400, 733827, 0, 0, 0
82500, 763194, 0, 0, 0
82600, 728886, 0, 0, 0
82700, 728472, 0, 0, 0
82800, 730697, 0, 0, 0
82900, 727993, 0, 0, 0
83000, 717150, 0, 0, 0
83100, 726764, 0, 0, 0
83200, 729863, 0, 0, 0
83300, 725461, 0, 0, 0
83400, 717844, 0, 0, 0
83500, 731430, 0, 0, 0
83600, 714997, 0, 0, 0
83700, 719655, 0, 0, 0
83800, 709955, 0, 0, 0
83900, 706771, 0, 0, 0
84000, 740375, 0, 0, 0
84100, 744996, 0, 0, 0
84200, 754126, 0, 0, 0
84300, 743204, 0, 0, 0
84400, 737443, 0, 0, 0
84500, 735438, 0, 0, 0
84600, 751945, 0, 0, 0
84700, 752622, 0, 0, 0
84800, 773704, 0, 0, 0
84900, 765102, 0, 0, 0
85000, 732239, 0, 0, 0
85100, 727888, 0, 0, 0
85200, 732140, 0, 0, 0
85300, 717734, 0, 0, 0
85400, 726898, 0, 0, 0
85500, 722267, 0, 0, 0
85600, 700228, 0, 0, 0
85700, 682919, 0, 0, 0
85800, 667421, 0, 0, 0
85900, 692423, 0, 0, 0
86000, 703820, 0, 0, 0
86100, 696975, 0, 0, 0
86200, 691305, 0, 0, 0
86300, 692055, 0, 0, 0
86400, 694187, 0, 0, 0
86500, 699080, 0, 0, 0
86600, 686510, 0, 0, 0
86700, 692014, 0, 0, 0
86800, 728587, 0, 0, 0
86900, 724918, 0, 0, 0
87000, 731331, 0, 0, 0
87100, 742027, 0, 0, 0
87200, 742131, 0, 0, 0
87300, 721929, 0, 0, 0
87400, 732989, 0, 0, 0
87500, 720481, 0, 0, 0
87600, 730731, 0, 0, 0
87700, 721619, 0, 0, 0
87800, 680458, 0, 0, 0
87900, 671882, 0, 0, 0
88000, 688617, 0, 0, 0
88100, 716175, 0, 0, 0
88200, 693266, 0, 0, 0
88300, 699598, 0, 0, 0
88400, 694169, 0, 0, 0
88500, 678003, 0, 0, 0
88600, 689506, 0, 0, 0
88700, 710886, 0, 0, 0
88800, 682782, 0, 0, 0
88900, 712259, 0, 0, 0
89000, 714168, 0, 0, 0
89100, 721216, 0, 0, 0
89200, 732493, 0, 0, 0
89300, 723239, 0, 0, 0
89400, 711961, 0, 0, 0
89500, 713833, 0, 0, 0
89600, 713820, 0, 0, 0
89700, 721266, 0, 0, 0
89800, 741476, 0, 0, 0
89900, 700209, 0, 0, 0
90000, 735177, 0, 0, 0
