100, 6340, 0, 0, 0
200, 6263, 0, 0, 0
300, 6311, 0, 0, 0
400, 6502, 0, 0, 0
500, 6136, 0, 0, 0
600, 5969, 0, 0, 0
700, 6228, 0, 0, 0
800, 6477, 0, 0, 0
900, 6444, 0, 0, 0
1000, 6192, 0, 0, 0
1100, 6538, 0, 0, 0
1200, 6322, 0, 0, 0
1300, 6141, 0, 0, 0
1400, 6275, 0, 0, 0
1500, 6634, 0, 0, 0
1600, 5982, 0, 0, 0
1700, 5884, 0, 0, 0
1800, 6247, 0, 0, 0
1900, 6076, 0, 0, 0
2000, 6667, 0, 0, 0
2100, 6249, 0, 0, 0
2200, 6066, 0, 0, 0
2300, 6226, 0, 0, 0
2400, 6177, 0, 0, 0
2500, 6222, 0, 0, 0
2600, 6569, 0, 0, 0
2700, 6522, 0, 0, 0
2800, 6437, 0, 0, 0
2900, 5980, 0, 0, 0
3000, 6501, 0, 0, 0
3100, 6060, 0, 0, 0
3200, 6178, 0, 0, 0
3300, 6484, 0, 0, 0
3400, 6176, 0, 0, 0
3500, 6196, 0, 0, 0
3600, 6266, 0, 0, 0
3700, 6034, 0, 0, 0
3800, 6160, 0, 0, 0
3900, 6130, 0, 0, 0
4000, 6628, 0, 0, 0
4100, 6206, 0, 0, 0
4200, 6378, 0, 0, 0
4300, 6679, 0, 0, 0
4400, 6377, 0, 0, 0
4500, 6516, 0, 0, 0
4600, 6432, 0, 0, 0
4700, 6269, 0, 0, 0
4800, 6439, 0, 0, 0
4900, 6198, 0, 0, 0
5000, 6159, 0, 0, 0
5100, 6132, 0, 0, 0
5200, 6164, 0, 0, 0
5300, 6285, 0, 0, 0
5400, 6307, 0, 0, 0
5500, 6298, 0, 0, 0
5600, 6192, 0, 0, 0
5700, 5941, 0, 0, 0
5800, 6215, 0, 0, 0
5900, 6255, 0, 0, 0
6000, 6016, 0, 0, 0
6100, 6300, 0, 0, 0
6200, 5975, 0, 0, 0
6300, 6421, 0, 0, 0
6400, 6426, 0, 0, 0
6500, 6217, 0, 0, 0
6600, 6173, 0, 0, 0
6700, 6359, 0, 0, 0
6800, 5747, 0, 0, 0
6900, 6743, 0, 0, 0
7000, 6198, 0, 0, 0
7100, 6617, 0, 0, 0
7200, 6294, 0, 0, 0
7300, 6496, 0, 0, 0
7400, 6301, 0, 0, 0
7500, 6160, 0, 0, 0
7600, 6299, 0, 0, 0
7700, 6328, 0, 0, 0
7800, 6592, 0, 0, 0
7900, 6165, 0, 0, 0
8000, 6140, 0, 0, 0
8100, 6332, 0, 0, 0
8200, 6055, 0, 0, 0
8300, 6057, 0, 0, 0
8400, 6127, 0, 0, 0
8500, 6355, 0, 0, 0
8600, 6185, 0, 0, 0
8700, 6203, 0, 0, 0
8800, 6158, 0, 0, 0
8900, 6195, 0, 0, 0
9000, 6308, 0, 0, 0
9100, 6297, 0, 0, 0
9200, 5829, 0, 0, 0
9300, 6191, 0, 0, 0
9400, 6343, 0, 0, 0
9500, 6143, 0, 0, 0
9600, 6279, 0, 0, 0
9700, 6331, 0, 0, 0
9800, 6167, 0, 0, 0
9900, 6350, 0, 0, 0
10000, 6422, 0, 0, 0
10100, 6404, 0, 0, 0
10200, 6203, 0, 0, 0
10300, 6254, 0, 0, 0
10400, 6594, 0, 0, 0
10500, 6274, 0, 0, 0
10600, 5825, 0, 0, 0
10700, 6160, 0, 0, 0
10800, 6504, 0, 0, 0
10900, 6185, 0, 0, 0
11000, 6234, 0, 0, 0
11100, 6128, 0, 0, 0
11200, 6293, 0, 0, 0
11300, 6374, 0, 0, 0
11400, 6140, 0, 0, 0
11500, 6168, 0, 0, 0
11600, 6225, 0, 0, 0
11700, 5916, 0, 0, 0
11800, 6470, 0, 0, 0
11900, 6371, 0, 0, 0
12000, 6098, 0, 0, 0
12100, 6266, 0, 0, 0
12200, 6292, 0, 0, 0
12300, 6275, 0, 0, 0
12400, 6639, 0, 0, 0
12500, 6428, 0, 0, 0
12600, 6395, 0, 0, 0
12700, 6347, 0, 0, 0
12800, 6517, 0, 0, 0
12900, 6304, 0, 0, 0
13000, 5899, 0, 0, 0
13100, 6095, 0, 0, 0
13200, 6213, 0, 0, 0
13300, 6261, 0, 0, 0
13400, 6424, 0, 0, 0
13500, 6502, 0, 0, 0
13600, 6032, 0, 0, 0
13700, 6102, 0, 0, 0
13800, 6205, 0, 0, 0
13900, 6680, 0, 0, 0
14000, 6096, 0, 0, 0
14100, 6512, 0, 0, 0
14200, 6212, 0, 0, 0
14300, 6256, 0, 0, 0
14400, 6366, 0, 0, 0
14500, 6430, 0, 0, 0
14600, 6286, 0, 0, 0
14700, 6785, 0, 0, 0
14800, 6494, 0, 0, 0
14900, 6187, 0, 0, 0
15000, 6019, 0, 0, 0
15100, 6062, 0, 0, 0
15200, 6422, 0, 0, 0
15300, 6280, 0, 0, 0
15400, 6472, 0, 0, 0
15500, 5969, 0, 0, 0
15600, 6568, 0, 0, 0
15700, 5909, 0, 0, 0
15800, 6094, 0, 0, 0
15900, 6363, 0, 0, 0
16000, 6177, 0, 0, 0
16100, 6186, 0, 0, 0
16200, 6243, 0, 0, 0
16300, 6121, 0, 0, 0
16400, 6191, 0, 0, 0
16500, 6277, 0, 0, 0
16600, 6359, 0, 0, 0
16700, 6249, 0, 0, 0
16800, 6390, 0, 0, 0
16900, 6124, 0, 0, 0
17000, 6256, 0, 0, 0
17100, 5925, 0, 0, 0
17200, 6331, 0, 0, 0
17300, 6165, 0, 0, 0
17400, 6797, 0, 0, 0
17500, 6237, 0, 0, 0
17600, 6574, 0, 0, 0
17700, 6133, 0, 0, 0
17800, 6408, 0, 0, 0
17900, 6066, 0, 0, 0
18000, 6575, 0, 0, 0
18100, 6310, 0, 0, 0
18200, 6259, 0, 0, 0
18300, 6265, 0, 0, 0
18400, 6085, 0, 0, 0
18500, 6239, 0, 0, 0
18600, 6291, 0, 0, 0
18700, 6685, 0, 0, 0
18800, 6244, 0, 0, 0
18900, 6436, 0, 0, 0
19000, 6374, 0, 0, 0
19100, 6461, 0, 0, 0
19200, 6348, 0, 0, 0
19300, 6394, 0, 0, 0
19400, 6337, 0, 0, 0
19500, 6382, 0, 0, 0
19600, 6399, 0, 0, 0
19700, 6307, 0, 0, 0
19800, 6394, 0, 0, 0
19900, 6562, 0, 0, 0
20000, 6074, 0, 0, 0
20100, 6534, 0, 0, 0
20200, 5960, 0, 0, 0
20300, 6188, 0, 0, 0
20400, 6207, 0, 0, 0
20500, 6282, 0, 0, 0
20600, 6068, 0, 0, 0
20700, 6199, 0, 0, 0
20800, 6134, 0, 0, 0
20900, 6215, 0, 0, 0
21000, 6312, 0, 0, 0
21100, 6692, 0, 0, 0
21200, 6358, 0, 0, 0
21300, 5994, 0, 0, 0
21400, 6092, 0, 0, 0
21500, 6345, 0, 0, 0
21600, 6804, 0, 0, 0
21700, 6438, 0, 0, 0
21800, 6306, 0, 0, 0
21900, 6335, 0, 0, 0
22000, 6311, 0, 0, 0
22100, 6318, 0, 0, 0
22200, 6157, 0, 0, 0
22300, 6368, 0, 0, 0
22400, 5952, 0, 0, 0
22500, 5968, 0, 0, 0
22600, 6270, 0, 0, 0
22700, 6269, 0, 0, 0
22800, 6641, 0, 0, 0
22900, 6424, 0, 0, 0
23000, 6315, 0, 0, 0
23100, 6169, 0, 0, 0
23200, 6414, 0, 0, 0
23300, 5941, 0, 0, 0
23400, 6124, 0, 0, 0
23500, 6336, 0, 0, 0
23600, 6241, 0, 0, 0
23700, 6344, 0, 0, 0
23800, 6253, 0, 0, 0
23900, 6305, 0, 0, 0
24000, 6503, 0, 0, 0
24100, 6381, 0, 0, 0
24200, 6470, 0, 0, 0
24300, 6500, 0, 0, 0
24400, 6324, 0, 0, 0
24500, 6719, 0, 0, 0
24600, 6657, 0, 0, 0
24700, 6330, 0, 0, 0
24800, 6168, 0, 0, 0
24900, 6120, 0, 0, 0
25000, 6436, 0, 0, 0
25100, 6436, 0, 0, 0
25200, 6242, 0, 0, 0
25300, 6246, 0, 0, 0
25400, 6410, 0, 0, 0
25500, 6015, 0, 0, 0
25600, 6470, 0, 0, 0
25700, 6989, 0, 0, 0
25800, 6285, 0, 0, 0
25900, 6138, 0, 0, 0
26000, 6467, 0, 0, 0
26100, 6378, 0, 0, 0
26200, 6458, 0, 0, 0
26300, 6484, 0, 0, 0
26400, 6070, 0, 0, 0
26500, 6151, 0, 0, 0
26600, 6347, 0, 0, 0
26700, 6287, 0, 0, 0
26800, 6237, 0, 0, 0
26900, 6182, 0, 0, 0
27000, 6476, 0, 0, 0
27100, 6607, 0, 0, 0
27200, 6120, 0, 0, 0
27300, 6068, 0, 0, 0
27400, 6236, 0, 0, 0
27500, 6377, 0, 0, 0
27600, 6397, 0, 0, 0
27700, 6213, 0, 0, 0
27800, 6336, 0, 0, 0
27900, 5950, 0, 0, 0
28000, 6387, 0, 0, 0
28100, 6640, 0, 0, 0
28201, 6542, 0, 0, 0
28300, 6289, 0, 0, 0
28400, 6357, 0, 0, 0
28500, 6386, 0, 0, 0
28600, 6503, 0, 0, 0
28700, 6144, 0, 0, 0
28800, 6351, 0, 0, 0
28900, 6265, 0, 0, 0
29000, 6457, 0, 0, 0
29100, 6061, 0, 0, 0
29200, 5901, 0, 0, 0
29300, 6322, 0, 0, 0
29400, 6355, 0, 0, 0
29500, 6090, 0, 0, 0
29600, 6316, 0, 0, 0
29700, 6269, 0, 0, 0
29800, 6372, 0, 0, 0
29900, 6575, 0, 0, 0
30000, 5859, 0, 0, 0
30100, 6278, 0, 0, 0
30200, 6002, 0, 0, 0
30300, 6389, 0, 0, 0
30400, 6513, 0, 0, 0
30500, 6074, 0, 0, 0
30600, 6321, 0, 0, 0
30700, 6419, 0, 0, 0
30800, 6413, 0, 0, 0
30900, 6531, 0, 0, 0
31000, 6437, 0, 0, 0
31100, 6404, 0, 0, 0
31200, 5859, 0, 0, 0
31300, 6341, 0, 0, 0
31400, 6392, 0, 0, 0
31500, 6295, 0, 0, 0
31600, 5953, 0, 0, 0
31700, 6041, 0, 0, 0
31800, 6314, 0, 0, 0
31900, 6257, 0, 0, 0
32000, 6498, 0, 0, 0
32100, 6304, 0, 0, 0
32200, 6156, 0, 0, 0
32300, 6341, 0, 0, 0
32400, 6221, 0, 0, 0
32500, 6401, 0, 0, 0
32600, 6138, 0, 0, 0
32700, 6352, 0, 0, 0
32800, 6134, 0, 0, 0
32900, 6113, 0, 0, 0
33000, 6136, 0, 0, 0
33100, 6332, 0, 0, 0
33200, 6412, 0, 0, 0
33300, 6147, 0, 0, 0
33400, 6072, 0, 0, 0
33500, 6367, 0, 0, 0
33600, 6277, 0, 0, 0
33700, 6274, 0, 0, 0
33800, 6294, 0, 0, 0
33900, 6334, 0, 0, 0
34000, 6333, 0, 0, 0
34100, 6649, 0, 0, 0
34200, 6179, 0, 0, 0
34300, 6291, 0, 0, 0
34400, 6067, 0, 0, 0
34500, 6318, 0, 0, 0
34600, 6395, 0, 0, 0
34700, 6103, 0, 0, 0
34800, 6120, 0, 0, 0
34900, 6326, 0, 0, 0
35000, 6677, 0, 0, 0
35100, 6422, 0, 0, 0
35200, 6240, 0, 0, 0
35300, 6264, 0, 0, 0
35400, 6267, 0, 0, 0
35500, 6451, 0, 0, 0
35600, 6566, 0, 0, 0
35700, 6313, 0, 0, 0
35800, 6312, 0, 0, 0
35900, 6244, 0, 0, 0
36000, 6217, 0, 0, 0
36100, 6126, 0, 0, 0
36200, 5935, 0, 0, 0
36300, 6377, 0, 0, 0
36400, 6389, 0, 0, 0
36500, 6106, 0, 0, 0
36600, 6266, 0, 0, 0
36700, 6325, 0, 0, 0
36800, 6435, 0, 0, 0
36900, 6273, 0, 0, 0
37000, 5942, 0, 0, 0
37100, 6317, 0, 0, 0
37200, 6157, 0, 0, 0
37300, 6089, 0, 0, 0
37400, 6368, 0, 0, 0
37500, 6369, 0, 0, 0
37600, 6430, 0, 0, 0
37700, 5983, 0, 0, 0
37800, 6093, 0, 0, 0
37900, 6550, 0, 0, 0
38000, 6339, 0, 0, 0
38100, 6373, 0, 0, 0
38200, 6507, 0, 0, 0
38300, 6448, 0, 0, 0
38400, 6379, 0, 0, 0
38500, 6493, 0, 0, 0
38600, 6522, 0, 0, 0
38700, 6171, 0, 0, 0
38800, 6435, 0, 0, 0
38900, 6295, 0, 0, 0
39000, 6253, 0, 0, 0
39100, 6613, 0, 0, 0
39200, 6397, 0, 0, 0
39300, 6230, 0, 0, 0
39400, 6267, 0, 0, 0
39500, 6270, 0, 0, 0
39600, 6245, 0, 0, 0
39700, 6604, 0, 0, 0
39800, 6707, 0, 0, 0
39900, 6382, 0, 0, 0
40000, 6473, 0, 0, 0
40100, 6100, 0, 0, 0
40200, 5928, 0, 0, 0
40300, 6538, 0, 0, 0
40400, 6162, 0, 0, 0
40500, 6362, 0, 0, 0
40600, 6614, 0, 0, 0
40700, 5955, 0, 0, 0
40800, 6195, 0, 0, 0
40900, 6330, 0, 0, 0
41000, 6393, 0, 0, 0
41100, 6286, 0, 0, 0
41200, 6100, 0, 0, 0
41300, 6265, 0, 0, 0
41400, 6332, 0, 0, 0
41500, 6794, 0, 0, 0
41600, 6303, 0, 0, 0
41700, 5857, 0, 0, 0
41800, 5762, 0, 0, 0
41900, 6534, 0, 0, 0
42000, 6539, 0, 0, 0
42100, 6394, 0, 0, 0
42200, 6176, 0, 0, 0
42300, 5957, 0, 0, 0
42400, 5940, 0, 0, 0
42500, 6155, 0, 0, 0
42600, 6414, 0, 0, 0
42700, 6306, 0, 0, 0
42800, 6208, 0, 0, 0
42900, 6455, 0, 0, 0
43000, 6177, 0, 0, 0
43100, 6508, 0, 0, 0
43200, 6330, 0, 0, 0
43300, 6308, 0, 0, 0
43400, 6501, 0, 0, 0
43500, 6049, 0, 0, 0
43600, 6133, 0, 0, 0
43700, 5922, 0, 0, 0
43800, 6046, 0, 0, 0
43900, 6207, 0, 0, 0
44000, 6213, 0, 0, 0
44100, 6438, 0, 0, 0
44200, 6017, 0, 0, 0
44300, 6279, 0, 0, 0
44400, 6362, 0, 0, 0
44500, 6207, 0, 0, 0
44600, 6133, 0, 0, 0
44700, 6860, 0, 0, 0
44800, 6293, 0, 0, 0
44900, 5937, 0, 0, 0
45000, 6542, 0, 0, 0
45100, 6392, 0, 0, 0
45200, 6175, 0, 0, 0
45300, 6168, 0, 0, 0
45400, 6131, 0, 0, 0
45500, 6641, 0, 0, 0
45600, 6303, 0, 0, 0
45700, 6017, 0, 0, 0
45800, 5998, 0, 0, 0
45900, 6258, 0, 0, 0
46000, 6195, 0, 0, 0
46100, 6262, 0, 0, 0
46200, 6007, 0, 0, 0
46300, 6403, 0, 0, 0
46400, 6216, 0, 0, 0
46500, 6008, 0, 0, 0
46600, 6239, 0, 0, 0
46700, 6456, 0, 0, 0
46800, 6417, 0, 0, 0
46900, 6280, 0, 0, 0
47000, 6042, 0, 0, 0
47100, 5996, 0, 0, 0
47200, 6107, 0, 0, 0
47300, 6050, 0, 0, 0
47400, 5963, 0, 0, 0
47500, 6291, 0, 0, 0
47600, 6256, 0, 0, 0
47700, 6202, 0, 0, 0
47800, 6146, 0, 0, 0
47900, 6274, 0, 0, 0
48000, 6141, 0, 0, 0
48100, 6170, 0, 0, 0
48200, 6003, 0, 0, 0
48300, 6331, 0, 0, 0
48400, 6460, 0, 0, 0
48500, 6092, 0, 0, 0
48600, 6074, 0, 0, 0
48700, 6268, 0, 0, 0
48800, 6100, 0, 0, 0
48900, 6168, 0, 0, 0
49000, 6189, 0, 0, 0
49100, 6314, 0, 0, 0
49200, 6158, 0, 0, 0
49300, 6397, 0, 0, 0
49400, 6618, 0, 0, 0
49500, 6224, 0, 0, 0
49600, 6188, 0, 0, 0
49700, 6491, 0, 0, 0
49800, 6221, 0, 0, 0
49900, 5902, 0, 0, 0
50000, 6460, 0, 0, 0
50100, 6571, 0, 0, 0
50200, 6003, 0, 0, 0
50300, 6242, 0, 0, 0
50400, 5913, 0, 0, 0
50500, 6070, 0, 0, 0
50600, 6415, 0, 0, 0
50700, 6271, 0, 0, 0
50800, 6276, 0, 0, 0
50900, 5951, 0, 0, 0
51000, 6181, 0, 0, 0
51100, 6194, 0, 0, 0
51200, 6037, 0, 0, 0
51300, 6228, 0, 0, 0
51400, 6251, 0, 0, 0
51500, 6037, 0, 0, 0
51600, 6356, 0, 0, 0
51700, 6316, 0, 0, 0
51800, 6180, 0, 0, 0
51900, 6242, 0, 0, 0
52000, 5797, 0, 0, 0
52100, 6198, 0, 0, 0
52200, 6374, 0, 0, 0
52300, 6127, 0, 0, 0
52400, 6106, 0, 0, 0
52500, 6439, 0, 0, 0
52600, 6085, 0, 0, 0
52700, 6332, 0, 0, 0
52800, 5954, 0, 0, 0
52900, 6104, 0, 0, 0
53000, 5925, 0, 0, 0
53100, 6119, 0, 0, 0
53200, 6157, 0, 0, 0
53300, 6536, 0, 0, 0
53400, 6277, 0, 0, 0
53500, 6113, 0, 0, 0
53600, 6410, 0, 0, 0
53700, 6044, 0, 0, 0
53800, 6197, 0, 0, 0
53900, 6454, 0, 0, 0
54000, 5844, 0, 0, 0
54100, 6270, 0, 0, 0
54200, 6369, 0, 0, 0
54300, 6375, 0, 0, 0
54400, 5961, 0, 0, 0
54500, 6152, 0, 0, 0
54600, 6498, 0, 0, 0
54700, 6364, 0, 0, 0
54800, 6295, 0, 0, 0
54900, 6076, 0, 0, 0
55000, 6304, 0, 0, 0
55100, 6433, 0, 0, 0
55200, 6310, 0, 0, 0
55300, 6262, 0, 0, 0
55400, 6554, 0, 0, 0
55500, 6406, 0, 0, 0
55600, 6408, 0, 0, 0
55700, 6321, 0, 0, 0
55800, 6588, 0, 0, 0
55900, 6187, 0, 0, 0
56000, 6934, 0, 0, 0
56100, 6346, 0, 0, 0
56200, 6144, 0, 0, 0
56300, 6092, 0, 0, 0
56400, 6320, 0, 0, 0
56500, 6461, 0, 0, 0
56600, 6199, 0, 0, 0
56700, 6068, 0, 0, 0
56800, 5862, 0, 0, 0
56900, 6130, 0, 0, 0
57000, 6474, 0, 0, 0
57100, 6167, 0, 0, 0
57200, 6383, 0, 0, 0
57300, 6251, 0, 0, 0
57400, 6084, 0, 0, 0
57500, 6620, 0, 0, 0
57600, 6158, 0, 0, 0
57700, 6242, 0, 0, 0
57800, 6105, 0, 0, 0
57900, 6512, 0, 0, 0
58000, 6073, 0, 0, 0
58100, 6199, 0, 0, 0
58200, 6637, 0, 0, 0
58300, 6269, 0, 0, 0
58400, 5917, 0, 0, 0
58500, 6159, 0, 0, 0
58600, 6671, 0, 0, 0
58700, 6355, 0, 0, 0
58800, 6456, 0, 0, 0
58900, 6440, 0, 0, 0
59000, 6515, 0, 0, 0
59100, 6399, 0, 0, 0
59200, 6726, 0, 0, 0
59300, 6498, 0, 0, 0
59400, 6388, 0, 0, 0
59500, 6064, 0, 0, 0
59600, 6274, 0, 0, 0
59700, 6266, 0, 0, 0
59800, 6371, 0, 0, 0
59900, 6100, 0, 0, 0
60000, 6387, 0, 0, 0
60100, 6147, 0, 0, 0
60200, 6194, 0, 0, 0
60300, 6137, 0, 0, 0
60400, 6255, 0, 0, 0
60500, 6269, 0, 0, 0
60600, 6477, 0, 0, 0
60700, 6340, 0, 0, 0
60800, 6371, 0, 0, 0
60900, 6409, 0, 0, 0
61000, 6518, 0, 0, 0
61100, 6240, 0, 0, 0
61200, 6088, 0, 0, 0
61300, 6247, 0, 0, 0
61400, 6287, 0, 0, 0
61500, 6268, 0, 0, 0
61600, 6394, 0, 0, 0
61702, 5860, 0, 0, 0
61800, 6874, 0, 0, 0
61900, 6387, 0, 0, 0
62000, 6429, 0, 0, 0
62100, 6316, 0, 0, 0
62200, 6427, 0, 0, 0
62300, 6270, 0, 0, 0
62400, 6720, 0, 0, 0
62500, 6326, 0, 0, 0
62600, 6229, 0, 0, 0
62700, 6241, 0, 0, 0
62800, 6118, 0, 0, 0
62900, 6437, 0, 0, 0
63000, 6584, 0, 0, 0
63100, 5770, 0, 0, 0
63200, 6418, 0, 0, 0
63300, 6113, 0, 0, 0
63400, 6599, 0, 0, 0
63500, 6216, 0, 0, 0
63600, 6240, 0, 0, 0
63700, 5874, 0, 0, 0
63800, 6609, 0, 0, 0
63900, 6170, 0, 0, 0
64000, 6636, 0, 0, 0
64100, 6222, 0, 0, 0
64200, 6130, 0, 0, 0
64300, 6449, 0, 0, 0
64400, 6277, 0, 0, 0
64500, 6391, 0, 0, 0
64600, 6321, 0, 0, 0
64700, 6429, 0, 0, 0
64800, 5934, 0, 0, 0
64900, 6067, 0, 0, 0
65000, 6381, 0, 0, 0
65100, 6458, 0, 0, 0
65200, 6536, 0, 0, 0
65300, 6212, 0, 0, 0
65400, 6205, 0, 0, 0
65500, 6319, 0, 0, 0
65600, 6133, 0, 0, 0
65700, 6543, 0, 0, 0
65800, 5758, 0, 0, 0
65900, 6103, 0, 0, 0
66000, 6178, 0, 0, 0
66100, 6425, 0, 0, 0
66200, 6572, 0, 0, 0
66300, 6286, 0, 0, 0
66400, 6175, 0, 0, 0
66500, 6290, 0, 0, 0
66600, 6242, 0, 0, 0
66700, 6520, 0, 0, 0
66800, 6579, 0, 0, 0
66900, 6326, 0, 0, 0
67000, 6174, 0, 0, 0
67100, 6002, 0, 0, 0
67200, 6368, 0, 0, 0
67300, 6434, 0, 0, 0
67400, 6218, 0, 0, 0
67500, 6363, 0, 0, 0
67600, 6286, 0, 0, 0
67700, 6060, 0, 0, 0
67800, 6385, 0, 0, 0
67900, 6261, 0, 0, 0
68000, 6418, 0, 0, 0
68100, 6286, 0, 0, 0
68200, 6327, 0, 0, 0
68300, 6345, 0, 0, 0
68400, 6033, 0, 0, 0
68500, 6357, 0, 0, 0
68600, 6471, 0, 0, 0
68700, 6477, 0, 0, 0
68800, 6002, 0, 0, 0
68900, 6454, 0, 0, 0
69001, 5890, 0, 0, 0
69100, 6039, 0, 0, 0
69200, 6329, 0, 0, 0
69300, 6716, 0, 0, 0
69400, 6724, 0, 0, 0
69500, 6382, 0, 0, 0
69600, 6228, 0, 0, 0
69700, 6502, 0, 0, 0
69800, 6494, 0, 0, 0
69900, 6286, 0, 0, 0
70000, 6327, 0, 0, 0
70100, 6677, 0, 0, 0
70200, 6327, 0, 0, 0
70300, 6573, 0, 0, 0
70400, 6245, 0, 0, 0
70500, 6063, 0, 0, 0
70600, 6112, 0, 0, 0
70700, 5982, 0, 0, 0
70800, 5819, 0, 0, 0
70900, 6102, 0, 0, 0
71000, 6297, 0, 0, 0
71100, 5997, 0, 0, 0
71200, 6054, 0, 0, 0
71300, 6374, 0, 0, 0
71400, 6202, 0, 0, 0
71500, 6135, 0, 0, 0
71600, 6190, 0, 0, 0
71700, 6105, 0, 0, 0
71800, 6421, 0, 0, 0
71900, 6024, 0, 0, 0
72000, 6142, 0, 0, 0
72100, 6092, 0, 0, 0
72200, 6628, 0, 0, 0
72300, 6330, 0, 0, 0
72400, 6040, 0, 0, 0
72500, 5997, 0, 0, 0
72600, 6230, 0, 0, 0
72700, 5938, 0, 0, 0
72800, 6653, 0, 0, 0
72900, 5825, 0, 0, 0
73001, 6649, 0, 0, 0
73101, 6402, 0, 0, 0
73200, 6419, 0, 0, 0
73300, 6136, 0, 0, 0
73400, 6419, 0, 0, 0
73500, 6125, 0, 0, 0
73600, 6209, 0, 0, 0
73700, 5975, 0, 0, 0
73800, 6298, 0, 0, 0
73900, 6273, 0, 0, 0
74000, 6277, 0, 0, 0
74100, 6403, 0, 0, 0
74200, 6189, 0, 0, 0
74300, 6078, 0, 0, 0
74400, 6281, 0, 0, 0
74500, 6305, 0, 0, 0
74600, 6305, 0, 0, 0
74700, 6103, 0, 0, 0
74800, 6052, 0, 0, 0
74900, 6261, 0, 0, 0
75000, 6155, 0, 0, 0
75100, 6873, 0, 0, 0
75200, 6024, 0, 0, 0
75300, 5808, 0, 0, 0
75400, 6375, 0, 0, 0
75500, 6353, 0, 0, 0
75600, 6344, 0, 0, 0
75700, 6073, 0, 0, 0
75800, 6226, 0, 0, 0
75900, 6474, 0, 0, 0
76000, 6210, 0, 0, 0
76100, 6544, 0, 0, 0
76200, 6322, 0, 0, 0
76300, 6352, 0, 0, 0
76400, 6372, 0, 0, 0
76500, 6115, 0, 0, 0
76600, 6299, 0, 0, 0
76700, 6630, 0, 0, 0
76800, 5994, 0, 0, 0
76900, 6312, 0, 0, 0
77000, 6020, 0, 0, 0
77100, 6142, 0, 0, 0
77200, 6015, 0, 0, 0
77300, 6513, 0, 0, 0
77400, 5936, 0, 0, 0
77500, 6275, 0, 0, 0
77600, 6200, 0, 0, 0
77700, 5989, 0, 0, 0
77800, 6140, 0, 0, 0
77900, 6192, 0, 0, 0
78000, 6290, 0, 0, 0
78100, 6046, 0, 0, 0
78200, 6536, 0, 0, 0
78300, 6297, 0, 0, 0
78400, 6406, 0, 0, 0
78500, 6287, 0, 0, 0
78600, 6093, 0, 0, 0
78700, 6435, 0, 0, 0
78800, 6296, 0, 0, 0
78900, 6182, 0, 0, 0
79000, 6075, 0, 0, 0
79100, 6586, 0, 0, 0
79200, 6145, 0, 0, 0
79300, 6490, 0, 0, 0
79400, 6207, 0, 0, 0
79500, 6279, 0, 0, 0
79600, 6516, 0, 0, 0
79700, 6073, 0, 0, 0
79800, 6456, 0, 0, 0
79900, 6381, 0, 0, 0
80000, 6552, 0, 0, 0
80100, 6350, 0, 0, 0
80200, 6611, 0, 0, 0
80300, 6313, 0, 0, 0
80400, 6216, 0, 0, 0
80500, 6427, 0, 0, 0
80600, 6318, 0, 0, 0
80700, 5893, 0, 0, 0
80800, 6141, 0, 0, 0
80900, 6106, 0, 0, 0
81000, 6354, 0, 0, 0
81100, 5964, 0, 0, 0
81200, 6266, 0, 0, 0
81300, 6219, 0, 0, 0
81400, 6345, 0, 0, 0
81500, 6297, 0, 0, 0
81600, 6149, 0, 0, 0
81700, 6321, 0, 0, 0
81800, 6498, 0, 0, 0
81900, 6095, 0, 0, 0
82000, 5989, 0, 0, 0
82100, 6423, 0, 0, 0
82200, 6213, 0, 0, 0
82300, 6367, 0, 0, 0
82400, 6383, 0, 0, 0
82500, 6426, 0, 0, 0
82600, 6353, 0, 0, 0
82700, 6194, 0, 0, 0
82800, 6322, 0, 0, 0
82900, 6121, 0, 0, 0
83000, 6185, 0, 0, 0
83100, 6451, 0, 0, 0
83200, 6058, 0, 0, 0
83300, 6005, 0, 0, 0
83400, 6255, 0, 0, 0
83500, 6457, 0, 0, 0
83600, 6110, 0, 0, 0
83700, 6428, 0, 0, 0
83800, 6420, 0, 0, 0
83900, 6049, 0, 0, 0
84000, 6379, 0, 0, 0
84100, 6149, 0, 0, 0
84200, 6006, 0, 0, 0
84300, 6368, 0, 0, 0
84400, 6325, 0, 0, 0
84500, 6212, 0, 0, 0
84600, 6184, 0, 0, 0
84700, 6088, 0, 0, 0
84800, 6056, 0, 0, 0
84900, 6415, 0, 0, 0
85000, 6584, 0, 0, 0
85100, 6204, 0, 0, 0
85200, 6258, 0, 0, 0
85300, 6134, 0, 0, 0
85400, 6782, 0, 0, 0
85500, 6083, 0, 0, 0
85600, 6004, 0, 0, 0
85700, 6150, 0, 0, 0
85800, 6416, 0, 0, 0
85900, 6083, 0, 0, 0
86000, 6563, 0, 0, 0
86100, 5981, 0, 0, 0
86200, 6549, 0, 0, 0
86300, 6132, 0, 0, 0
86400, 6323, 0, 0, 0
86500, 6191, 0, 0, 0
86600, 6447, 0, 0, 0
86700, 6423, 0, 0, 0
86800, 6083, 0, 0, 0
86900, 6799, 0, 0, 0
87000, 5710, 0, 0, 0
87100, 6194, 0, 0, 0
87200, 6559, 0, 0, 0
87300, 6514, 0, 0, 0
87400, 6067, 0, 0, 0
87500, 6367, 0, 0, 0
87600, 6261, 0, 0, 0
87700, 6383, 0, 0, 0
87800, 6408, 0, 0, 0
87900, 6207, 0, 0, 0
88000, 6128, 0, 0, 0
88100, 6431, 0, 0, 0
88200, 6480, 0, 0, 0
88300, 5918, 0, 0, 0
88400, 6101, 0, 0, 0
88500, 5890, 0, 0, 0
88600, 6522, 0, 0, 0
88700, 6342, 0, 0, 0
88800, 5995, 0, 0, 0
88900, 6132, 0, 0, 0
89000, 5710, 0, 0, 0
89100, 6102, 0, 0, 0
89200, 6180, 0, 0, 0
89300, 5985, 0, 0, 0
89400, 6399, 0, 0, 0
89500, 6567, 0, 0, 0
89600, 5863, 0, 0, 0
89700, 6379, 0, 0, 0
89800, 6156, 0, 0, 0
89900, 6468, 0, 0, 0
90001, 6309, 0, 0, 0
