250, 104, 0, 0, 0
350, 100, 0, 0, 0
450, 110, 0, 0, 0
550, 110, 0, 0, 0
650, 90, 0, 0, 0
749, 101, 0, 0, 0
849, 100, 0, 0, 0
949, 110, 0, 0, 0
1050, 100, 0, 0, 0
1150, 100, 0, 0, 0
1249, 121, 0, 0, 0
1349, 100, 0, 0, 0
1449, 110, 0, 0, 0
1549, 120, 0, 0, 0
1649, 120, 0, 0, 0
1749, 110, 0, 0, 0
1849, 100, 0, 0, 0
1950, 120, 0, 0, 0
2050, 130, 0, 0, 0
2150, 120, 0, 0, 0
2249, 111, 0, 0, 0
2349, 100, 0, 0, 0
2449, 120, 0, 0, 0
2549, 110, 0, 0, 0
2649, 110, 0, 0, 0
2750, 120, 0, 0, 0
2850, 120, 0, 0, 0
2950, 110, 0, 0, 0
3050, 110, 0, 0, 0
3150, 110, 0, 0, 0
3249, 111, 0, 0, 0
3349, 120, 0, 0, 0
3449, 120, 0, 0, 0
3550, 110, 0, 0, 0
3650, 110, 0, 0, 0
3749, 111, 0, 0, 0
3849, 110, 0, 0, 0
3949, 110, 0, 0, 0
4049, 110, 0, 0, 0
4149, 100, 0, 0, 0
4249, 100, 0, 0, 0
4350, 110, 0, 0, 0
4450, 110, 0, 0, 0
4550, 120, 0, 0, 0
4650, 110, 0, 0, 0
4749, 101, 0, 0, 0
4849, 110, 0, 0, 0
4949, 110, 0, 0, 0
5050, 120, 0, 0, 0
5150, 110, 0, 0, 0
5249, 121, 0, 0, 0
5349, 110, 0, 0, 0
5449, 110, 0, 0, 0
5549, 100, 0, 0, 0
5649, 110, 0, 0, 0
5750, 90, 0, 0, 0
5850, 100, 0, 0, 0
5950, 100, 0, 0, 0
6050, 100, 0, 0, 0
6150, 90, 0, 0, 0
6249, 101, 0, 0, 0
6349, 110, 0, 0, 0
6449, 110, 0, 0, 0
6550, 120, 0, 0, 0
6650, 110, 0, 0, 0
6749, 90, 0, 0, 0
6849, 100, 0, 0, 0
6949, 110, 0, 0, 0
7049, 100, 0, 0, 0
7149, 110, 0, 0, 0
7249, 90, 0, 0, 0
7349, 110, 0, 0, 0
7449, 110, 0, 0, 0
7550, 110, 0, 0, 0
7650, 110, 0, 0, 0
7749, 111, 0, 0, 0
7849, 110, 0, 0, 0
7949, 110, 0, 0, 0
8049, 130, 0, 0, 0
8150, 90, 0, 0, 0
8249, 101, 0, 0, 0
8349, 110, 0, 0, 0
8449, 110, 0, 0, 0
8549, 90, 0, 0, 0
8649, 100, 0, 0, 0
8749, 100, 0, 0, 0
8850, 110, 0, 0, 0
8950, 110, 0, 0, 0
9050, 100, 0, 0, 0
9150, 110, 0, 0, 0
9249, 111, 0, 0, 0
9349, 110, 0, 0, 0
9449, 120, 0, 0, 0
9550, 110, 0, 0, 0
9650, 110, 0, 0, 0
9749, 121, 0, 0, 0
9849, 110, 0, 0, 0
9949, 110, 0, 0, 0
10049, 110, 0, 0, 0
10149, 110, 0, 0, 0
10250, 120, 0, 0, 0
10350, 120, 0, 0, 0
10450, 110, 0, 0, 0
10550, 110, 0, 0, 0
10650, 110, 0, 0, 0
10749, 111, 0, 0, 0
10849, 100, 0, 0, 0
10949, 100, 0, 0, 0
11050, 120, 0, 0, 0
11150, 90, 0, 0, 0
11249, 121, 0, 0, 0
11349, 110, 0, 0, 0
11449, 100, 0, 0, 0
11549, 110, 0, 0, 0
11649, 120, 0, 0, 0
11750, 100, 0, 0, 0
11850, 100, 0, 0, 0
11950, 100, 0, 0, 0
12050, 110, 0, 0, 0
12150, 100, 0, 0, 0
12249, 111, 0, 0, 0
12349, 100, 0, 0, 0
12449, 110, 0, 0, 0
12550, 100, 0, 0, 0
12650, 100, 0, 0, 0
12749, 101, 0, 0, 0
12849, 110, 0, 0, 0
12949, 110, 0, 0, 0
13049, 100, 0, 0, 0
13149, 110, 0, 0, 0
13250, 100, 0, 0, 0
13350, 100, 0, 0, 0
13450, 100, 0, 0, 0
13550, 110, 0, 0, 0
13650, 100, 0, 0, 0
13749, 111, 0, 0, 0
13849, 100, 0, 0, 0
13949, 90, 0, 0, 0
14050, 100, 0, 0, 0
14150, 100, 0, 0, 0
14249, 111, 0, 0, 0
14349, 100, 0, 0, 0
14449, 100, 0, 0, 0
14549, 90, 0, 0, 0
14649, 100, 0, 0, 0
14750, 90, 0, 0, 0
14850, 110, 0, 0, 0
14950, 110, 0, 0, 0
15050, 110, 0, 0, 0
15150, 110, 0, 0, 0
15249, 111, 0, 0, 0
15349, 100, 0, 0, 0
15449, 100, 0, 0, 0
15549, 110, 0, 0, 0
15650, 90, 0, 0, 0
15749, 111, 0, 0, 0
15849, 110, 0, 0, 0
15949, 90, 0, 0, 0
16049, 110, 0, 0, 0
16149, 110, 0, 0, 0
16249, 100, 0, 0, 0
16349, 110, 0, 0, 0
16450, 100, 0, 0, 0
16550, 110, 0, 0, 0
16650, 100, 0, 0, 0
16749, 101, 0, 0, 0
16849, 100, 0, 0, 0
16949, 110, 0, 0, 0
17049, 90, 0, 0, 0
17150, 100, 0, 0, 0
17249, 111, 0, 0, 0
17349, 100, 0, 0, 0
17449, 110, 0, 0, 0
17549, 100, 0, 0, 0
17649, 110, 0, 0, 0
17749, 100, 0, 0, 0
17849, 110, 0, 0, 0
17950, 100, 0, 0, 0
18050, 120, 0, 0, 0
18150, 120, 0, 0, 0
18249, 131, 0, 0, 0
18349, 110, 0, 0, 0
18449, 110, 0, 0, 0
18549, 110, 0, 0, 0
18650, 100, 0, 0, 0
18749, 111, 0, 0, 0
18849, 110, 0, 0, 0
18949, 120, 0, 0, 0
19049, 100, 0, 0, 0
19149, 110, 0, 0, 0
19250, 100, 0, 0, 0
19350, 120, 0, 0, 0
19450, 80, 0, 0, 0
19550, 110, 0, 0, 0
19650, 100, 0, 0, 0
19749, 101, 0, 0, 0
19849, 100, 0, 0, 0
19949, 110, 0, 0, 0
20050, 100, 0, 0, 0
20150, 100, 0, 0, 0
20249, 101, 0, 0, 0
20349, 110, 0, 0, 0
20449, 110, 0, 0, 0
20549, 100, 0, 0, 0
20649, 110, 0, 0, 0
20749, 110, 0, 0, 0
20849, 110, 0, 0, 0
20949, 110, 0, 0, 0
21050, 100, 0, 0, 0
21150, 110, 0, 0, 0
21249, 90, 0, 0, 0
21349, 100, 0, 0, 0
21449, 100, 0, 0, 0
21549, 100, 0, 0, 0
21649, 110, 0, 0, 0
21750, 110, 0, 0, 0
21850, 110, 0, 0, 0
21950, 110, 0, 0, 0
22050, 110, 0, 0, 0
22150, 90, 0, 0, 0
22249, 111, 0, 0, 0
22349, 110, 0, 0, 0
22450, 100, 0, 0, 0
22550, 100, 0, 0, 0
22650, 110, 0, 0, 0
22749, 90, 0, 0, 0
22849, 110, 0, 0, 0
22949, 100, 0, 0, 0
23049, 100, 0, 0, 0
23149, 100, 0, 0, 0
23250, 100, 0, 0, 0
23350, 100, 0, 0, 0
23450, 110, 0, 0, 0
23550, 110, 0, 0, 0
23650, 100, 0, 0, 0
23749, 101, 0, 0, 0
23849, 100, 0, 0, 0
23949, 110, 0, 0, 0
24050, 110, 0, 0, 0
24150, 100, 0, 0, 0
24249, 111, 0, 0, 0
24349, 110, 0, 0, 0
24449, 110, 0, 0, 0
24549, 100, 0, 0, 0
24649, 110, 0, 0, 0
24750, 110, 0, 0, 0
24850, 100, 0, 0, 0
24950, 100, 0, 0, 0
25050, 110, 0, 0, 0
25150, 110, 0, 0, 0
25249, 101, 0, 0, 0
25349, 110, 0, 0, 0
25449, 110, 0, 0, 0
25549, 100, 0, 0, 0
25650, 110, 0, 0, 0
25749, 111, 0, 0, 0
25849, 110, 0, 0, 0
25949, 110, 0, 0, 0
26049, 110, 0, 0, 0
26149, 100, 0, 0, 0
26249, 100, 0, 0, 0
26349, 110, 0, 0, 0
26450, 100, 0, 0, 0
26550, 100, 0, 0, 0
26650, 100, 0, 0, 0
26749, 101, 0, 0, 0
26849, 110, 0, 0, 0
26949, 120, 0, 0, 0
27049, 110, 0, 0, 0
27150, 90, 0, 0, 0
27249, 111, 0, 0, 0
27349, 100, 0, 0, 0
27449, 110, 0, 0, 0
27549, 110, 0, 0, 0
27649, 110, 0, 0, 0
27749, 100, 0, 0, 0
27849, 100, 0, 0, 0
27949, 90, 0, 0, 0
28050, 100, 0, 0, 0
28150, 100, 0, 0, 0
28249, 111, 0, 0, 0
28349, 110, 0, 0, 0
28449, 90, 0, 0, 0
28549, 110, 0, 0, 0
28649, 110, 0, 0, 0
28750, 120, 0, 0, 0
28850, 120, 0, 0, 0
28950, 100, 0, 0, 0
29050, 100, 0, 0, 0
29150, 120, 0, 0, 0
29249, 101, 0, 0, 0
29349, 100, 0, 0, 0
29449, 100, 0, 0, 0
29550, 110, 0, 0, 0
29650, 110, 0, 0, 0
29749, 101, 0, 0, 0
29849, 100, 0, 0, 0
29949, 120, 0, 0, 0
30049, 100, 0, 0, 0
30149, 100, 0, 0, 0
30250, 100, 0, 0, 0
30350, 110, 0, 0, 0
30450, 80, 0, 0, 0
30550, 110, 0, 0, 0
30650, 110, 0, 0, 0
30749, 111, 0, 0, 0
30849, 110, 0, 0, 0
30949, 100, 0, 0, 0
31050, 110, 0, 0, 0
31150, 110, 0, 0, 0
31249, 101, 0, 0, 0
31349, 100, 0, 0, 0
31449, 110, 0, 0, 0
31549, 110, 0, 0, 0
31649, 110, 0, 0, 0
31750, 100, 0, 0, 0
31850, 120, 0, 0, 0
31950, 100, 0, 0, 0
32050, 110, 0, 0, 0
32150, 110, 0, 0, 0
32249, 111, 0, 0, 0
32349, 120, 0, 0, 0
32449, 110, 0, 0, 0
32549, 110, 0, 0, 0
32650, 90, 0, 0, 0
32749, 101, 0, 0, 0
32849, 100, 0, 0, 0
32949, 120, 0, 0, 0
33049, 110, 0, 0, 0
33149, 110, 0, 0, 0
33249, 100, 0, 0, 0
33349, 90, 0, 0, 0
33449, 100, 0, 0, 0
33550, 100, 0, 0, 0
33650, 100, 0, 0, 0
33749, 101, 0, 0, 0
33849, 100, 0, 0, 0
33949, 110, 0, 0, 0
34049, 110, 0, 0, 0
34149, 120, 0, 0, 0
34249, 110, 0, 0, 0
34350, 110, 0, 0, 0
34450, 110, 0, 0, 0
34550, 110, 0, 0, 0
34650, 110, 0, 0, 0
34749, 121, 0, 0, 0
34849, 100, 0, 0, 0
34949, 120, 0, 0, 0
35049, 100, 0, 0, 0
35149, 110, 0, 0, 0
35250, 110, 0, 0, 0
35350, 100, 0, 0, 0
35450, 120, 0, 0, 0
35550, 110, 0, 0, 0
35650, 120, 0, 0, 0
35749, 121, 0, 0, 0
35849, 120, 0, 0, 0
35950, 100, 0, 0, 0
36050, 110, 0, 0, 0
36150, 110, 0, 0, 0
36249, 111, 0, 0, 0
36349, 100, 0, 0, 0
36449, 110, 0, 0, 0
36549, 100, 0, 0, 0
36649, 110, 0, 0, 0
36750, 100, 0, 0, 0
36850, 120, 0, 0, 0
36950, 100, 0, 0, 0
37050, 110, 0, 0, 0
37150, 100, 0, 0, 0
37249, 111, 0, 0, 0
37349, 110, 0, 0, 0
37449, 120, 0, 0, 0
37550, 110, 0, 0, 0
37650, 110, 0, 0, 0
37749, 111, 0, 0, 0
37849, 110, 0, 0, 0
37949, 110, 0, 0, 0
38049, 100, 0, 0, 0
38149, 120, 0, 0, 0
38250, 100, 0, 0, 0
38350, 120, 0, 0, 0
38450, 100, 0, 0, 0
38550, 110, 0, 0, 0
38650, 110, 0, 0, 0
38749, 101, 0, 0, 0
38849, 110, 0, 0, 0
38949, 110, 0, 0, 0
39050, 120, 0, 0, 0
39150, 100, 0, 0, 0
39249, 121, 0, 0, 0
39349, 110, 0, 0, 0
39449, 110, 0, 0, 0
39549, 120, 0, 0, 0
39649, 100, 0, 0, 0
39749, 110, 0, 0, 0
39850, 110, 0, 0, 0
39950, 130, 0, 0, 0
40050, 120, 0, 0, 0
40150, 110, 0, 0, 0
40249, 111, 0, 0, 0
40349, 100, 0, 0, 0
40449, 100, 0, 0, 0
40549, 120, 0, 0, 0
40650, 100, 0, 0, 0
40749, 111, 0, 0, 0
40849, 120, 0, 0, 0
40949, 110, 0, 0, 0
41049, 120, 0, 0, 0
41149, 100, 0, 0, 0
41250, 120, 0, 0, 0
41350, 110, 0, 0, 0
41450, 110, 0, 0, 0
41550, 120, 0, 0, 0
41650, 110, 0, 0, 0
41749, 111, 0, 0, 0
41849, 120, 0, 0, 0
41949, 110, 0, 0, 0
42050, 110, 0, 0, 0
42150, 110, 0, 0, 0
42249, 111, 0, 0, 0
42349, 110, 0, 0, 0
42449, 120, 0, 0, 0
42549, 110, 0, 0, 0
42649, 130, 0, 0, 0
42750, 130, 0, 0, 0
42850, 110, 0, 0, 0
42950, 110, 0, 0, 0
43050, 120, 0, 0, 0
43150, 120, 0, 0, 0
43249, 121, 0, 0, 0
43349, 100, 0, 0, 0
43449, 100, 0, 0, 0
43549, 100, 0, 0, 0
43650, 100, 0, 0, 0
43749, 101, 0, 0, 0
43849, 100, 0, 0, 0
43949, 110, 0, 0, 0
44049, 100, 0, 0, 0
44149, 100, 0, 0, 0
44249, 100, 0, 0, 0
44349, 100, 0, 0, 0
44449, 100, 0, 0, 0
44550, 100, 0, 0, 0
44650, 110, 0, 0, 0
44749, 101, 0, 0, 0
44849, 110, 0, 0, 0
44949, 110, 0, 0, 0
45049, 110, 0, 0, 0
45149, 100, 0, 0, 0
45249, 101, 0, 0, 0
45349, 100, 0, 0, 0
45449, 100, 0, 0, 0
45549, 110, 0, 0, 0
45649, 100, 0, 0, 0
45749, 90, 0, 0, 0
45849, 100, 0, 0, 0
45949, 100, 0, 0, 0
46050, 110, 0, 0, 0
46150, 100, 0, 0, 0
46249, 111, 0, 0, 0
46349, 100, 0, 0, 0
46449, 110, 0, 0, 0
46549, 100, 0, 0, 0
46649, 110, 0, 0, 0
46749, 110, 0, 0, 0
46850, 120, 0, 0, 0
46950, 120, 0, 0, 0
47050, 110, 0, 0, 0
47150, 110, 0, 0, 0
47249, 121, 0, 0, 0
47349, 120, 0, 0, 0
47449, 120, 0, 0, 0
47549, 120, 0, 0, 0
47650, 120, 0, 0, 0
47749, 121, 0, 0, 0
47849, 110, 0, 0, 0
47949, 100, 0, 0, 0
48049, 120, 0, 0, 0
48149, 110, 0, 0, 0
48249, 120, 0, 0, 0
48349, 110, 0, 0, 0
48449, 120, 0, 0, 0
48550, 120, 0, 0, 0
48650, 110, 0, 0, 0
48749, 111, 0, 0, 0
48849, 110, 0, 0, 0
48949, 120, 0, 0, 0
49049, 100, 0, 0, 0
49149, 120, 0, 0, 0
49250, 100, 0, 0, 0
49350, 100, 0, 0, 0
49450, 110, 0, 0, 0
49550, 100, 0, 0, 0
49650, 110, 0, 0, 0
49749, 90, 0, 0, 0
49850, 100, 0, 0, 0
49950, 100, 0, 0, 0
50050, 110, 0, 0, 0
50150, 100, 0, 0, 0
50249, 111, 0, 0, 0
50349, 120, 0, 0, 0
50449, 110, 0, 0, 0
50549, 120, 0, 0, 0
50650, 120, 0, 0, 0
50749, 101, 0, 0, 0
50849, 120, 0, 0, 0
50949, 110, 0, 0, 0
51049, 100, 0, 0, 0
51149, 100, 0, 0, 0
51249, 100, 0, 0, 0
51350, 110, 0, 0, 0
51450, 100, 0, 0, 0
51550, 120, 0, 0, 0
51650, 100, 0, 0, 0
51749, 111, 0, 0, 0
51849, 100, 0, 0, 0
51949, 110, 0, 0, 0
52049, 100, 0, 0, 0
52150, 110, 0, 0, 0
52249, 101, 0, 0, 0
52349, 90, 0, 0, 0
52449, 90, 0, 0, 0
52549, 90, 0, 0, 0
52649, 100, 0, 0, 0
52749, 110, 0, 0, 0
52849, 100, 0, 0, 0
52949, 100, 0, 0, 0
53049, 100, 0, 0, 0
53150, 110, 0, 0, 0
53249, 101, 0, 0, 0
53349, 110, 0, 0, 0
53449, 100, 0, 0, 0
53549, 100, 0, 0, 0
53649, 100, 0, 0, 0
53750, 110, 0, 0, 0
53850, 110, 0, 0, 0
53950, 100, 0, 0, 0
54050, 110, 0, 0, 0
54150, 90, 0, 0, 0
54249, 111, 0, 0, 0
54349, 100, 0, 0, 0
54449, 100, 0, 0, 0
54549, 120, 0, 0, 0
54650, 110, 0, 0, 0
54749, 121, 0, 0, 0
54849, 120, 0, 0, 0
54949, 110, 0, 0, 0
55049, 110, 0, 0, 0
55149, 90, 0, 0, 0
55249, 100, 0, 0, 0
55349, 110, 0, 0, 0
55450, 100, 0, 0, 0
55550, 100, 0, 0, 0
55650, 100, 0, 0, 0
55749, 101, 0, 0, 0
55849, 100, 0, 0, 0
55949, 90, 0, 0, 0
56049, 110, 0, 0, 0
56149, 110, 0, 0, 0
56250, 100, 0, 0, 0
56350, 100, 0, 0, 0
56450, 90, 0, 0, 0
56550, 100, 0, 0, 0
56650, 110, 0, 0, 0
56749, 111, 0, 0, 0
56849, 100, 0, 0, 0
56949, 90, 0, 0, 0
57050, 100, 0, 0, 0
57150, 100, 0, 0, 0
57249, 101, 0, 0, 0
57349, 110, 0, 0, 0
57449, 110, 0, 0, 0
57549, 100, 0, 0, 0
57649, 100, 0, 0, 0
57749, 110, 0, 0, 0
57849, 90, 0, 0, 0
57950, 100, 0, 0, 0
58050, 100, 0, 0, 0
58150, 100, 0, 0, 0
58249, 101, 0, 0, 0
58349, 110, 0, 0, 0
58449, 100, 0, 0, 0
58549, 110, 0, 0, 0
58649, 90, 0, 0, 0
58750, 120, 0, 0, 0
58850, 100, 0, 0, 0
58950, 130, 0, 0, 0
59050, 110, 0, 0, 0
59150, 120, 0, 0, 0
59249, 111, 0, 0, 0
59349, 100, 0, 0, 0
59449, 120, 0, 0, 0
59550, 120, 0, 0, 0
59650, 100, 0, 0, 0
59749, 111, 0, 0, 0
59849, 120, 0, 0, 0
59949, 110, 0, 0, 0
60049, 110, 0, 0, 0
60149, 120, 0, 0, 0
60249, 130, 0, 0, 0
60350, 110, 0, 0, 0
60450, 130, 0, 0, 0
60550, 110, 0, 0, 0
60650, 100, 0, 0, 0
60749, 111, 0, 0, 0
60849, 110, 0, 0, 0
60949, 110, 0, 0, 0
61050, 110, 0, 0, 0
61150, 110, 0, 0, 0
61249, 111, 0, 0, 0
61349, 120, 0, 0, 0
61449, 120, 0, 0, 0
61549, 120, 0, 0, 0
61649, 110, 0, 0, 0
61749, 110, 0, 0, 0
61849, 120, 0, 0, 0
61950, 110, 0, 0, 0
62050, 120, 0, 0, 0
62150, 110, 0, 0, 0
62249, 121, 0, 0, 0
62349, 130, 0, 0, 0
62449, 100, 0, 0, 0
62549, 120, 0, 0, 0
62649, 120, 0, 0, 0
62749, 111, 0, 0, 0
62849, 110, 0, 0, 0
62949, 110, 0, 0, 0
63049, 120, 0, 0, 0
63149, 100, 0, 0, 0
63250, 120, 0, 0, 0
63350, 100, 0, 0, 0
63450, 110, 0, 0, 0
63550, 100, 0, 0, 0
63650, 110, 0, 0, 0
63749, 111, 0, 0, 0
63849, 100, 0, 0, 0
63949, 100, 0, 0, 0
64049, 110, 0, 0, 0
64150, 130, 0, 0, 0
64249, 101, 0, 0, 0
64349, 110, 0, 0, 0
64449, 110, 0, 0, 0
64549, 110, 0, 0, 0
64649, 120, 0, 0, 0
64749, 110, 0, 0, 0
64849, 110, 0, 0, 0
64949, 110, 0, 0, 0
65050, 110, 0, 0, 0
65150, 100, 0, 0, 0
65249, 101, 0, 0, 0
65349, 100, 0, 0, 0
65449, 100, 0, 0, 0
65549, 90, 0, 0, 0
65649, 100, 0, 0, 0
65750, 100, 0, 0, 0
65850, 100, 0, 0, 0
65950, 110, 0, 0, 0
66050, 100, 0, 0, 0
66150, 110, 0, 0, 0
66249, 111, 0, 0, 0
66349, 100, 0, 0, 0
66449, 110, 0, 0, 0
66549, 90, 0, 0, 0
66650, 120, 0, 0, 0
66749, 101, 0, 0, 0
66849, 100, 0, 0, 0
66949, 100, 0, 0, 0
67049, 100, 0, 0, 0
67149, 100, 0, 0, 0
67250, 110, 0, 0, 0
67350, 100, 0, 0, 0
67450, 110, 0, 0, 0
67550, 90, 0, 0, 0
67650, 120, 0, 0, 0
67749, 101, 0, 0, 0
67849, 100, 0, 0, 0
67949, 110, 0, 0, 0
68050, 100, 0, 0, 0
68150, 100, 0, 0, 0
68249, 101, 0, 0, 0
68349, 110, 0, 0, 0
68449, 110, 0, 0, 0
68549, 110, 0, 0, 0
68649, 90, 0, 0, 0
68750, 100, 0, 0, 0
68850, 110, 0, 0, 0
68950, 110, 0, 0, 0
69050, 100, 0, 0, 0
69150, 90, 0, 0, 0
69249, 101, 0, 0, 0
69349, 100, 0, 0, 0
69450, 110, 0, 0, 0
69550, 100, 0, 0, 0
69650, 110, 0, 0, 0
69749, 111, 0, 0, 0
69849, 120, 0, 0, 0
69949, 110, 0, 0, 0
70049, 110, 0, 0, 0
70149, 110, 0, 0, 0
70249, 101, 0, 0, 0
70349, 110, 0, 0, 0
70449, 110, 0, 0, 0
70549, 110, 0, 0, 0
70649, 100, 0, 0, 0
70750, 110, 0, 0, 0
70850, 100, 0, 0, 0
70950, 110, 0, 0, 0
71050, 120, 0, 0, 0
71150, 100, 0, 0, 0
71249, 111, 0, 0, 0
71349, 110, 0, 0, 0
71449, 110, 0, 0, 0
71549, 100, 0, 0, 0
71650, 110, 0, 0, 0
71749, 101, 0, 0, 0
71849, 110, 0, 0, 0
71949, 110, 0, 0, 0
72049, 100, 0, 0, 0
72149, 110, 0, 0, 0
72250, 100, 0, 0, 0
72350, 130, 0, 0, 0
72450, 120, 0, 0, 0
72550, 110, 0, 0, 0
72650, 120, 0, 0, 0
72749, 101, 0, 0, 0
72849, 120, 0, 0, 0
72949, 120, 0, 0, 0
73050, 110, 0, 0, 0
73150, 110, 0, 0, 0
73249, 121, 0, 0, 0
73349, 120, 0, 0, 0
73449, 110, 0, 0, 0
73549, 100, 0, 0, 0
73649, 120, 0, 0, 0
73749, 100, 0, 0, 0
73850, 100, 0, 0, 0
73950, 110, 0, 0, 0
74050, 120, 0, 0, 0
74150, 100, 0, 0, 0
74249, 121, 0, 0, 0
74349, 110, 0, 0, 0
74449, 110, 0, 0, 0
74550, 110, 0, 0, 0
74650, 110, 0, 0, 0
74749, 111, 0, 0, 0
74849, 120, 0, 0, 0
74949, 110, 0, 0, 0
75049, 100, 0, 0, 0
75149, 100, 0, 0, 0
75250, 100, 0, 0, 0
75350, 100, 0, 0, 0
75450, 110, 0, 0, 0
75550, 80, 0, 0, 0
75650, 110, 0, 0, 0
75749, 101, 0, 0, 0
75849, 120, 0, 0, 0
75949, 110, 0, 0, 0
76050, 120, 0, 0, 0
76150, 100, 0, 0, 0
76249, 111, 0, 0, 0
76349, 110, 0, 0, 0
76449, 120, 0, 0, 0
76549, 110, 0, 0, 0
76649, 110, 0, 0, 0
76750, 120, 0, 0, 0
76850, 110, 0, 0, 0
76950, 120, 0, 0, 0
77050, 110, 0, 0, 0
77150, 110, 0, 0, 0
77249, 101, 0, 0, 0
77349, 120, 0, 0, 0
77449, 120, 0, 0, 0
77550, 130, 0, 0, 0
77650, 120, 0, 0, 0
77749, 121, 0, 0, 0
77849, 120, 0, 0, 0
77949, 110, 0, 0, 0
78049, 120, 0, 0, 0
78149, 110, 0, 0, 0
78250, 120, 0, 0, 0
78350, 120, 0, 0, 0
78450, 120, 0, 0, 0
78550, 110, 0, 0, 0
78650, 120, 0, 0, 0
78749, 111, 0, 0, 0
78849, 110, 0, 0, 0
78949, 120, 0, 0, 0
79049, 120, 0, 0, 0
79150, 110, 0, 0, 0
79249, 111, 0, 0, 0
79349, 100, 0, 0, 0
79449, 120, 0, 0, 0
79549, 110, 0, 0, 0
79649, 100, 0, 0, 0
79749, 120, 0, 0, 0
79849, 110, 0, 0, 0
79950, 120, 0, 0, 0
80050, 100, 0, 0, 0
80150, 100, 0, 0, 0
80249, 101, 0, 0, 0
80349, 100, 0, 0, 0
80449, 100, 0, 0, 0
80549, 110, 0, 0, 0
80650, 120, 0, 0, 0
80749, 111, 0, 0, 0
80849, 100, 0, 0, 0
80949, 110, 0, 0, 0
81049, 110, 0, 0, 0
81149, 110, 0, 0, 0
81249, 120, 0, 0, 0
81350, 110, 0, 0, 0
81450, 110, 0, 0, 0
81550, 120, 0, 0, 0
81650, 110, 0, 0, 0
81749, 101, 0, 0, 0
81849, 100, 0, 0, 0
81949, 110, 0, 0, 0
82050, 110, 0, 0, 0
82150, 100, 0, 0, 0
82249, 101, 0, 0, 0
82349, 100, 0, 0, 0
82449, 100, 0, 0, 0
82549, 100, 0, 0, 0
82649, 110, 0, 0, 0
82749, 110, 0, 0, 0
82850, 100, 0, 0, 0
82950, 100, 0, 0, 0
83050, 100, 0, 0, 0
83150, 110, 0, 0, 0
83249, 111, 0, 0, 0
83349, 110, 0, 0, 0
83449, 110, 0, 0, 0
83550, 110, 0, 0, 0
83650, 100, 0, 0, 0
83749, 111, 0, 0, 0
83849, 120, 0, 0, 0
83949, 100, 0, 0, 0
84049, 120, 0, 0, 0
84149, 110, 0, 0, 0
84249, 110, 0, 0, 0
84350, 110, 0, 0, 0
84450, 110, 0, 0, 0
84550, 130, 0, 0, 0
84650, 120, 0, 0, 0
84749, 121, 0, 0, 0
84849, 110, 0, 0, 0
84949, 120, 0, 0, 0
85049, 110, 0, 0, 0
85149, 110, 0, 0, 0
85250, 110, 0, 0, 0
85350, 100, 0, 0, 0
85450, 110, 0, 0, 0
85550, 100, 0, 0, 0
85650, 90, 0, 0, 0
85749, 90, 0, 0, 0
85849, 100, 0, 0, 0
85949, 100, 0, 0, 0
86050, 110, 0, 0, 0
86150, 90, 0, 0, 0
86249, 121, 0, 0, 0
86349, 110, 0, 0, 0
86449, 100, 0, 0, 0
86549, 110, 0, 0, 0
86649, 90, 0, 0, 0
86749, 110, 0, 0, 0
86850, 110, 0, 0, 0
86950, 100, 0, 0, 0
87050, 90, 0, 0, 0
87150, 110, 0, 0, 0
87249, 111, 0, 0, 0
87349, 120, 0, 0, 0
87449, 100, 0, 0, 0
87549, 110, 0, 0, 0
87649, 100, 0, 0, 0
87749, 101, 0, 0, 0
87849, 100, 0, 0, 0
87949, 100, 0, 0, 0
88049, 100, 0, 0, 0
88149, 100, 0, 0, 0
88249, 100, 0, 0, 0
88349, 110, 0, 0, 0
88449, 110, 0, 0, 0
88550, 110, 0, 0, 0
88650, 100, 0, 0, 0
88749, 111, 0, 0, 0
88849, 110, 0, 0, 0
88949, 110, 0, 0, 0
89049, 110, 0, 0, 0
89149, 100, 0, 0, 0
89249, 110, 0, 0, 0
89349, 100, 0, 0, 0
89450, 110, 0, 0, 0
89550, 110, 0, 0, 0
89650, 120, 0, 0, 0
89749, 111, 0, 0, 0
89849, 100, 0, 0, 0
89949, 120, 0, 0, 0
