100, 680960, 0, 0, 0
200, 655360, 0, 0, 0
300, 634880, 0, 0, 0
400, 680960, 0, 0, 0
499, 615434, 0, 0, 0
599, 711680, 0, 0, 0
699, 634880, 0, 0, 0
799, 675840, 0, 0, 0
900, 721920, 0, 0, 0
1000, 645120, 0, 0, 0
1100, 634880, 0, 0, 0
1200, 675840, 0, 0, 0
1300, 604160, 0, 0, 0
1400, 686080, 0, 0, 0
1499, 589575, 0, 0, 0
1599, 619520, 0, 0, 0
1699, 665600, 0, 0, 0
1800, 645120, 0, 0, 0
1900, 680960, 0, 0, 0
1999, 630949, 0, 0, 0
2099, 655360, 0, 0, 0
2199, 542720, 0, 0, 0
2299, 665600, 0, 0, 0
2399, 609280, 0, 0, 0
2499, 655360, 0, 0, 0
2599, 732160, 0, 0, 0
2700, 634880, 0, 0, 0
2800, 629760, 0, 0, 0
2900, 655360, 0, 0, 0
2999, 651636, 0, 0, 0
3099, 691200, 0, 0, 0
3199, 665600, 0, 0, 0
3299, 629760, 0, 0, 0
3399, 701440, 0, 0, 0
3500, 721920, 0, 0, 0
3600, 675840, 0, 0, 0
3700, 604160, 0, 0, 0
3800, 686080, 0, 0, 0
3900, 655360, 0, 0, 0
3999, 724040, 0, 0, 0
4099, 665600, 0, 0, 0
4199, 675840, 0, 0, 0
4300, 686080, 0, 0, 0
4400, 665600, 0, 0, 0
4499, 708525, 0, 0, 0
4599, 665600, 0, 0, 0
4699, 624640, 0, 0, 0
4799, 675840, 0, 0, 0
4899, 624640, 0, 0, 0
4999, 624640, 0, 0, 0
5100, 737280, 0, 0, 0
5200, 599040, 0, 0, 0
5300, 675840, 0, 0, 0
5400, 768000, 0, 0, 0
5499, 641292, 0, 0, 0
5599, 573440, 0, 0, 0
5699, 701440, 0, 0, 0
5799, 716800, 0, 0, 0
5899, 665600, 0, 0, 0
6000, 680960, 0, 0, 0
6100, 691200, 0, 0, 0
6200, 609280, 0, 0, 0
6300, 558080, 0, 0, 0
6400, 706560, 0, 0, 0
6499, 641292, 0, 0, 0
6599, 619520, 0, 0, 0
6699, 680960, 0, 0, 0
6799, 655360, 0, 0, 0
6899, 588800, 0, 0, 0
7000, 660480, 0, 0, 0
7100, 640000, 0, 0, 0
7200, 609280, 0, 0, 0
7300, 701440, 0, 0, 0
7400, 655360, 0, 0, 0
7499, 589575, 0, 0, 0
7599, 629760, 0, 0, 0
7699, 691200, 0, 0, 0
7800, 624640, 0, 0, 0
7900, 609280, 0, 0, 0
7999, 594747, 0, 0, 0
8099, 701440, 0, 0, 0
8199, 711680, 0, 0, 0
8299, 599040, 0, 0, 0
8399, 686080, 0, 0, 0
8499, 624640, 0, 0, 0
8599, 665600, 0, 0, 0
8699, 645120, 0, 0, 0
8800, 650240, 0, 0, 0
8900, 634880, 0, 0, 0
8999, 687838, 0, 0, 0
9099, 517120, 0, 0, 0
9199, 680960, 0, 0, 0
9299, 732160, 0, 0, 0
9399, 686080, 0, 0, 0
9500, 593920, 0, 0, 0
9600, 645120, 0, 0, 0
9700, 578560, 0, 0, 0
9800, 732160, 0, 0, 0
9900, 655360, 0, 0, 0
9999, 667151, 0, 0, 0
10099, 680960, 0, 0, 0
10199, 675840, 0, 0, 0
10300, 614400, 0, 0, 0
10400, 588800, 0, 0, 0
10499, 693010, 0, 0, 0
10599, 645120, 0, 0, 0
10699, 701440, 0, 0, 0
10799, 706560, 0, 0, 0
10899, 680960, 0, 0, 0
11000, 634880, 0, 0, 0
11100, 604160, 0, 0, 0
11200, 665600, 0, 0, 0
11300, 624640, 0, 0, 0
11400, 624640, 0, 0, 0
11499, 646464, 0, 0, 0
11599, 778240, 0, 0, 0
11699, 701440, 0, 0, 0
11799, 629760, 0, 0, 0
11899, 650240, 0, 0, 0
12000, 609280, 0, 0, 0
12100, 542720, 0, 0, 0
12200, 721920, 0, 0, 0
12300, 655360, 0, 0, 0
12400, 665600, 0, 0, 0
12499, 693010, 0, 0, 0
12599, 665600, 0, 0, 0
12699, 675840, 0, 0, 0
12800, 732160, 0, 0, 0
12900, 706560, 0, 0, 0
12999, 548202, 0, 0, 0
13099, 593920, 0, 0, 0
13199, 711680, 0, 0, 0
13299, 701440, 0, 0, 0
13399, 645120, 0, 0, 0
13499, 706560, 0, 0, 0
13599, 650240, 0, 0, 0
13700, 711680, 0, 0, 0
13800, 680960, 0, 0, 0
13900, 696320, 0, 0, 0
13999, 599919, 0, 0, 0
14099, 670720, 0, 0, 0
14199, 655360, 0, 0, 0
14299, 640000, 0, 0, 0
14399, 542720, 0, 0, 0
14500, 675840, 0, 0, 0
14600, 645120, 0, 0, 0
14700, 706560, 0, 0, 0
14800, 629760, 0, 0, 0
14900, 650240, 0, 0, 0
14999, 693010, 0, 0, 0
15099, 650240, 0, 0, 0
15199, 640000, 0, 0, 0
15300, 762880, 0, 0, 0
15400, 706560, 0, 0, 0
15499, 636121, 0, 0, 0
15599, 619520, 0, 0, 0
15699, 732160, 0, 0, 0
15799, 634880, 0, 0, 0
15899, 640000, 0, 0, 0
16000, 655360, 0, 0, 0
16100, 573440, 0, 0, 0
16200, 645120, 0, 0, 0
16300, 563200, 0, 0, 0
16400, 686080, 0, 0, 0
16500, 687838, 0, 0, 0
16600, 686080, 0, 0, 0
16700, 665600, 0, 0, 0
16800, 691200, 0, 0, 0
16900, 660480, 0, 0, 0
16999, 661979, 0, 0, 0
17099, 670720, 0, 0, 0
17199, 696320, 0, 0, 0
17299, 604160, 0, 0, 0
17400, 680960, 0, 0, 0
17500, 593920, 0, 0, 0
17600, 634880, 0, 0, 0
17700, 675840, 0, 0, 0
17800, 640000, 0, 0, 0
17900, 721920, 0, 0, 0
17999, 687838, 0, 0, 0
18099, 593920, 0, 0, 0
18199, 645120, 0, 0, 0
18300, 588800, 0, 0, 0
18400, 670720, 0, 0, 0
18499, 718868, 0, 0, 0
18599, 716800, 0, 0, 0
18699, 614400, 0, 0, 0
18799, 629760, 0, 0, 0
18899, 619520, 0, 0, 0
19000, 686080, 0, 0, 0
19100, 711680, 0, 0, 0
19200, 634880, 0, 0, 0
19300, 655360, 0, 0, 0
19400, 691200, 0, 0, 0
19499, 801616, 0, 0, 0
19599, 640000, 0, 0, 0
19699, 660480, 0, 0, 0
19799, 696320, 0, 0, 0
19899, 599040, 0, 0, 0
20000, 624640, 0, 0, 0
20100, 670720, 0, 0, 0
20200, 670720, 0, 0, 0
20300, 665600, 0, 0, 0
20400, 727040, 0, 0, 0
20499, 734383, 0, 0, 0
20599, 645120, 0, 0, 0
20699, 691200, 0, 0, 0
20800, 701440, 0, 0, 0
20900, 655360, 0, 0, 0
21000, 640000, 0, 0, 0
21100, 655360, 0, 0, 0
21200, 660480, 0, 0, 0
21300, 650240, 0, 0, 0
21400, 660480, 0, 0, 0
21499, 615434, 0, 0, 0
21599, 650240, 0, 0, 0
21699, 634880, 0, 0, 0
21800, 640000, 0, 0, 0
21900, 686080, 0, 0, 0
21999, 755070, 0, 0, 0
22099, 716800, 0, 0, 0
22199, 619520, 0, 0, 0
22299, 706560, 0, 0, 0
22399, 624640, 0, 0, 0
22499, 670720, 0, 0, 0
22600, 650240, 0, 0, 0
22700, 573440, 0, 0, 0
22800, 609280, 0, 0, 0
22900, 640000, 0, 0, 0
22999, 687838, 0, 0, 0
23099, 686080, 0, 0, 0
23199, 619520, 0, 0, 0
23299, 624640, 0, 0, 0
23399, 629760, 0, 0, 0
23500, 629760, 0, 0, 0
23600, 680960, 0, 0, 0
23700, 645120, 0, 0, 0
23800, 670720, 0, 0, 0
23900, 640000, 0, 0, 0
23999, 636121, 0, 0, 0
24099, 680960, 0, 0, 0
24199, 716800, 0, 0, 0
24300, 650240, 0, 0, 0
24400, 629760, 0, 0, 0
24499, 760242, 0, 0, 0
24599, 640000, 0, 0, 0
24699, 578560, 0, 0, 0
24799, 686080, 0, 0, 0
24899, 696320, 0, 0, 0
24999, 727040, 0, 0, 0
25100, 645120, 0, 0, 0
25200, 752640, 0, 0, 0
25300, 686080, 0, 0, 0
25400, 619520, 0, 0, 0
25499, 677494, 0, 0, 0
25599, 578560, 0, 0, 0
25699, 680960, 0, 0, 0
25799, 640000, 0, 0, 0
25899, 670720, 0, 0, 0
26000, 660480, 0, 0, 0
26100, 660480, 0, 0, 0
26200, 578560, 0, 0, 0
26300, 660480, 0, 0, 0
26400, 650240, 0, 0, 0
26499, 620606, 0, 0, 0
26599, 660480, 0, 0, 0
26699, 619520, 0, 0, 0
26800, 619520, 0, 0, 0
26900, 624640, 0, 0, 0
26999, 682666, 0, 0, 0
27099, 660480, 0, 0, 0
27199, 650240, 0, 0, 0
27299, 665600, 0, 0, 0
27399, 568320, 0, 0, 0
27499, 686080, 0, 0, 0
27599, 609280, 0, 0, 0
27700, 721920, 0, 0, 0
27800, 645120, 0, 0, 0
27900, 670720, 0, 0, 0
27999, 677494, 0, 0, 0
28099, 604160, 0, 0, 0
28199, 599040, 0, 0, 0
28299, 716800, 0, 0, 0
28399, 640000, 0, 0, 0
28500, 721920, 0, 0, 0
28600, 645120, 0, 0, 0
28700, 778240, 0, 0, 0
28800, 680960, 0, 0, 0
28900, 629760, 0, 0, 0
28999, 677494, 0, 0, 0
29099, 716800, 0, 0, 0
29199, 660480, 0, 0, 0
29299, 732160, 0, 0, 0
29400, 640000, 0, 0, 0
29500, 721920, 0, 0, 0
29600, 732160, 0, 0, 0
29700, 650240, 0, 0, 0
29800, 706560, 0, 0, 0
29900, 650240, 0, 0, 0
29999, 672323, 0, 0, 0
30099, 645120, 0, 0, 0
30199, 727040, 0, 0, 0
30300, 727040, 0, 0, 0
30400, 686080, 0, 0, 0
30499, 718868, 0, 0, 0
30599, 650240, 0, 0, 0
30699, 665600, 0, 0, 0
30799, 665600, 0, 0, 0
30899, 660480, 0, 0, 0
30999, 629760, 0, 0, 0
31100, 701440, 0, 0, 0
31200, 721920, 0, 0, 0
31300, 655360, 0, 0, 0
31400, 701440, 0, 0, 0
31499, 563717, 0, 0, 0
31599, 578560, 0, 0, 0
31699, 762880, 0, 0, 0
31799, 599040, 0, 0, 0
31899, 680960, 0, 0, 0
32000, 680960, 0, 0, 0
32100, 609280, 0, 0, 0
32200, 645120, 0, 0, 0
32300, 619520, 0, 0, 0
32400, 675840, 0, 0, 0
32499, 625777, 0, 0, 0
32599, 737280, 0, 0, 0
32699, 588800, 0, 0, 0
32800, 640000, 0, 0, 0
32900, 675840, 0, 0, 0
32999, 677494, 0, 0, 0
33099, 634880, 0, 0, 0
33199, 645120, 0, 0, 0
33299, 670720, 0, 0, 0
33399, 645120, 0, 0, 0
33499, 768000, 0, 0, 0
33600, 721920, 0, 0, 0
33700, 696320, 0, 0, 0
33800, 660480, 0, 0, 0
33900, 634880, 0, 0, 0
33999, 661979, 0, 0, 0
34099, 604160, 0, 0, 0
34199, 660480, 0, 0, 0
34299, 599040, 0, 0, 0
34399, 645120, 0, 0, 0
34500, 706560, 0, 0, 0
34600, 634880, 0, 0, 0
34700, 670720, 0, 0, 0
34800, 680960, 0, 0, 0
34900, 737280, 0, 0, 0
34999, 677494, 0, 0, 0
35099, 686080, 0, 0, 0
35199, 634880, 0, 0, 0
35299, 660480, 0, 0, 0
35400, 655360, 0, 0, 0
35500, 655360, 0, 0, 0
35600, 624640, 0, 0, 0
35700, 686080, 0, 0, 0
35800, 640000, 0, 0, 0
35900, 619520, 0, 0, 0
35999, 625777, 0, 0, 0
36099, 665600, 0, 0, 0
36199, 655360, 0, 0, 0
36300, 655360, 0, 0, 0
36400, 655360, 0, 0, 0
36499, 667151, 0, 0, 0
36599, 634880, 0, 0, 0
36699, 660480, 0, 0, 0
36799, 665600, 0, 0, 0
36899, 680960, 0, 0, 0
36999, 583680, 0, 0, 0
37099, 588800, 0, 0, 0
37200, 604160, 0, 0, 0
37300, 737280, 0, 0, 0
37400, 670720, 0, 0, 0
37499, 579232, 0, 0, 0
37599, 583680, 0, 0, 0
37699, 665600, 0, 0, 0
37799, 634880, 0, 0, 0
37899, 640000, 0, 0, 0
38000, 696320, 0, 0, 0
38100, 701440, 0, 0, 0
38200, 614400, 0, 0, 0
38300, 629760, 0, 0, 0
38400, 675840, 0, 0, 0
38499, 589575, 0, 0, 0
38599, 686080, 0, 0, 0
38699, 706560, 0, 0, 0
38799, 696320, 0, 0, 0
38900, 619520, 0, 0, 0
39000, 675840, 0, 0, 0
39100, 732160, 0, 0, 0
39200, 675840, 0, 0, 0
39300, 645120, 0, 0, 0
39400, 609280, 0, 0, 0
39499, 713696, 0, 0, 0
39599, 655360, 0, 0, 0
39699, 711680, 0, 0, 0
39800, 588800, 0, 0, 0
39900, 614400, 0, 0, 0
39999, 661979, 0, 0, 0
40099, 650240, 0, 0, 0
40199, 711680, 0, 0, 0
40299, 675840, 0, 0, 0
40399, 609280, 0, 0, 0
40499, 742400, 0, 0, 0
40599, 701440, 0, 0, 0
40699, 619520, 0, 0, 0
40800, 568320, 0, 0, 0
40900, 680960, 0, 0, 0
40999, 667151, 0, 0, 0
41099, 640000, 0, 0, 0
41199, 660480, 0, 0, 0
41299, 716800, 0, 0, 0
41399, 609280, 0, 0, 0
41500, 645120, 0, 0, 0
41600, 604160, 0, 0, 0
41700, 588800, 0, 0, 0
41800, 599040, 0, 0, 0
41900, 645120, 0, 0, 0
41999, 636121, 0, 0, 0
42099, 588800, 0, 0, 0
42199, 558080, 0, 0, 0
42299, 762880, 0, 0, 0
42399, 691200, 0, 0, 0
42500, 665600, 0, 0, 0
42600, 645120, 0, 0, 0
42700, 670720, 0, 0, 0
42800, 604160, 0, 0, 0
42900, 701440, 0, 0, 0
42999, 677494, 0, 0, 0
43099, 660480, 0, 0, 0
43199, 691200, 0, 0, 0
43299, 604160, 0, 0, 0
43400, 727040, 0, 0, 0
43500, 645120, 0, 0, 0
43600, 629760, 0, 0, 0
43700, 696320, 0, 0, 0
43800, 640000, 0, 0, 0
43900, 650240, 0, 0, 0
43999, 672323, 0, 0, 0
44099, 573440, 0, 0, 0
44199, 604160, 0, 0, 0
44300, 737280, 0, 0, 0
44400, 624640, 0, 0, 0
44499, 682666, 0, 0, 0
44599, 696320, 0, 0, 0
44699, 660480, 0, 0, 0
44799, 742400, 0, 0, 0
44899, 680960, 0, 0, 0
44999, 675840, 0, 0, 0
45099, 691200, 0, 0, 0
45199, 496640, 0, 0, 0
45300, 655360, 0, 0, 0
45400, 619520, 0, 0, 0
45499, 579232, 0, 0, 0
45599, 727040, 0, 0, 0
45699, 665600, 0, 0, 0
45799, 665600, 0, 0, 0
45899, 686080, 0, 0, 0
46000, 629760, 0, 0, 0
46100, 645120, 0, 0, 0
46200, 599040, 0, 0, 0
46300, 645120, 0, 0, 0
46400, 660480, 0, 0, 0
46499, 625777, 0, 0, 0
46599, 691200, 0, 0, 0
46699, 614400, 0, 0, 0
46799, 634880, 0, 0, 0
46899, 675840, 0, 0, 0
47000, 614400, 0, 0, 0
47100, 757760, 0, 0, 0
47200, 650240, 0, 0, 0
47300, 650240, 0, 0, 0
47400, 604160, 0, 0, 0
47499, 646464, 0, 0, 0
47599, 675840, 0, 0, 0
47699, 680960, 0, 0, 0
47800, 675840, 0, 0, 0
47900, 650240, 0, 0, 0
47999, 703353, 0, 0, 0
48099, 609280, 0, 0, 0
48199, 573440, 0, 0, 0
48299, 675840, 0, 0, 0
48399, 624640, 0, 0, 0
48499, 578560, 0, 0, 0
48599, 532480, 0, 0, 0
48700, 670720, 0, 0, 0
48800, 711680, 0, 0, 0
48900, 706560, 0, 0, 0
48999, 579232, 0, 0, 0
49099, 604160, 0, 0, 0
49199, 711680, 0, 0, 0
49299, 701440, 0, 0, 0
49399, 680960, 0, 0, 0
49500, 716800, 0, 0, 0
49600, 660480, 0, 0, 0
49700, 609280, 0, 0, 0
49800, 624640, 0, 0, 0
49900, 691200, 0, 0, 0
49999, 584404, 0, 0, 0
50099, 609280, 0, 0, 0
50199, 680960, 0, 0, 0
50299, 634880, 0, 0, 0
50400, 670720, 0, 0, 0
50500, 680960, 0, 0, 0
50600, 583680, 0, 0, 0
50700, 588800, 0, 0, 0
50800, 599040, 0, 0, 0
50900, 665600, 0, 0, 0
50999, 672323, 0, 0, 0
51099, 665600, 0, 0, 0
51199, 624640, 0, 0, 0
51300, 660480, 0, 0, 0
51400, 680960, 0, 0, 0
51499, 661979, 0, 0, 0
51599, 655360, 0, 0, 0
51699, 660480, 0, 0, 0
51799, 604160, 0, 0, 0
51899, 686080, 0, 0, 0
51999, 640000, 0, 0, 0
52099, 737280, 0, 0, 0
52199, 680960, 0, 0, 0
52300, 665600, 0, 0, 0
52400, 604160, 0, 0, 0
52499, 615434, 0, 0, 0
52599, 680960, 0, 0, 0
52699, 665600, 0, 0, 0
52799, 619520, 0, 0, 0
52899, 558080, 0, 0, 0
53000, 629760, 0, 0, 0
53100, 665600, 0, 0, 0
53200, 604160, 0, 0, 0
53300, 655360, 0, 0, 0
53400, 619520, 0, 0, 0
53499, 651636, 0, 0, 0
53599, 634880, 0, 0, 0
53699, 711680, 0, 0, 0
53799, 675840, 0, 0, 0
53900, 604160, 0, 0, 0
53999, 651636, 0, 0, 0
54099, 593920, 0, 0, 0
54199, 629760, 0, 0, 0
54299, 573440, 0, 0, 0
54399, 706560, 0, 0, 0
54499, 675840, 0, 0, 0
54599, 655360, 0, 0, 0
54700, 660480, 0, 0, 0
54800, 619520, 0, 0, 0
54900, 624640, 0, 0, 0
54999, 661979, 0, 0, 0
55099, 665600, 0, 0, 0
55199, 614400, 0, 0, 0
55299, 614400, 0, 0, 0
55399, 527360, 0, 0, 0
55500, 578560, 0, 0, 0
55600, 599040, 0, 0, 0
55700, 645120, 0, 0, 0
55800, 640000, 0, 0, 0
55900, 757760, 0, 0, 0
55999, 579232, 0, 0, 0
56099, 599040, 0, 0, 0
56199, 599040, 0, 0, 0
56299, 655360, 0, 0, 0
56400, 634880, 0, 0, 0
56500, 773120, 0, 0, 0
56600, 593920, 0, 0, 0
56700, 742400, 0, 0, 0
56800, 675840, 0, 0, 0
56900, 721920, 0, 0, 0
56999, 620606, 0, 0, 0
57099, 609280, 0, 0, 0
57199, 660480, 0, 0, 0
57300, 588800, 0, 0, 0
57400, 680960, 0, 0, 0
57499, 630949, 0, 0, 0
57599, 588800, 0, 0, 0
57699, 650240, 0, 0, 0
57799, 619520, 0, 0, 0
57899, 640000, 0, 0, 0
57999, 634880, 0, 0, 0
58099, 660480, 0, 0, 0
58200, 624640, 0, 0, 0
58300, 619520, 0, 0, 0
58400, 640000, 0, 0, 0
58499, 630949, 0, 0, 0
58599, 650240, 0, 0, 0
58699, 624640, 0, 0, 0
58799, 686080, 0, 0, 0
58900, 614400, 0, 0, 0
59000, 593920, 0, 0, 0
59100, 624640, 0, 0, 0
59200, 686080, 0, 0, 0
59300, 619520, 0, 0, 0
59400, 645120, 0, 0, 0
59499, 687838, 0, 0, 0
59599, 593920, 0, 0, 0
59699, 563200, 0, 0, 0
59799, 675840, 0, 0, 0
59900, 563200, 0, 0, 0
60000, 573440, 0, 0, 0
60100, 634880, 0, 0, 0
60200, 578560, 0, 0, 0
60300, 599040, 0, 0, 0
60400, 665600, 0, 0, 0
60499, 656808, 0, 0, 0
60599, 552960, 0, 0, 0
60699, 645120, 0, 0, 0
60800, 696320, 0, 0, 0
60900, 706560, 0, 0, 0
60999, 646464, 0, 0, 0
61099, 634880, 0, 0, 0
61199, 547840, 0, 0, 0
61299, 665600, 0, 0, 0
61399, 568320, 0, 0, 0
61500, 655360, 0, 0, 0
61600, 665600, 0, 0, 0
61700, 619520, 0, 0, 0
61800, 665600, 0, 0, 0
61900, 655360, 0, 0, 0
61999, 563717, 0, 0, 0
62099, 619520, 0, 0, 0
62199, 645120, 0, 0, 0
62299, 650240, 0, 0, 0
62399, 624640, 0, 0, 0
62500, 619520, 0, 0, 0
62600, 665600, 0, 0, 0
62700, 650240, 0, 0, 0
62800, 619520, 0, 0, 0
62900, 665600, 0, 0, 0
62999, 749898, 0, 0, 0
63099, 747520, 0, 0, 0
63199, 645120, 0, 0, 0
63300, 558080, 0, 0, 0
63400, 727040, 0, 0, 0
63500, 645120, 0, 0, 0
63600, 629760, 0, 0, 0
63700, 675840, 0, 0, 0
63800, 711680, 0, 0, 0
63900, 655360, 0, 0, 0
63999, 693010, 0, 0, 0
64099, 650240, 0, 0, 0
64199, 624640, 0, 0, 0
64300, 711680, 0, 0, 0
64400, 609280, 0, 0, 0
64499, 553373, 0, 0, 0
64599, 599040, 0, 0, 0
64699, 696320, 0, 0, 0
64799, 706560, 0, 0, 0
64899, 634880, 0, 0, 0
64999, 660480, 0, 0, 0
65099, 640000, 0, 0, 0
65200, 680960, 0, 0, 0
65300, 599040, 0, 0, 0
65400, 655360, 0, 0, 0
65499, 636121, 0, 0, 0
65599, 619520, 0, 0, 0
65699, 614400, 0, 0, 0
65799, 624640, 0, 0, 0
65899, 619520, 0, 0, 0
66000, 655360, 0, 0, 0
66100, 609280, 0, 0, 0
66200, 747520, 0, 0, 0
66300, 599040, 0, 0, 0
66400, 655360, 0, 0, 0
66499, 677494, 0, 0, 0
66599, 604160, 0, 0, 0
66699, 650240, 0, 0, 0
66799, 660480, 0, 0, 0
66899, 629760, 0, 0, 0
67000, 650240, 0, 0, 0
67100, 573440, 0, 0, 0
67200, 583680, 0, 0, 0
67300, 614400, 0, 0, 0
67400, 629760, 0, 0, 0
67499, 615434, 0, 0, 0
67599, 547840, 0, 0, 0
67699, 604160, 0, 0, 0
67799, 650240, 0, 0, 0
67899, 670720, 0, 0, 0
68000, 629760, 0, 0, 0
68100, 537600, 0, 0, 0
68200, 675840, 0, 0, 0
68300, 609280, 0, 0, 0
68400, 721920, 0, 0, 0
68499, 656808, 0, 0, 0
68599, 476160, 0, 0, 0
68699, 593920, 0, 0, 0
68800, 491520, 0, 0, 0
68900, 629760, 0, 0, 0
68999, 548202, 0, 0, 0
69099, 670720, 0, 0, 0
69199, 619520, 0, 0, 0
69299, 614400, 0, 0, 0
69399, 706560, 0, 0, 0
69499, 665600, 0, 0, 0
69600, 593920, 0, 0, 0
69700, 604160, 0, 0, 0
69800, 640000, 0, 0, 0
69900, 604160, 0, 0, 0
69999, 641292, 0, 0, 0
70099, 721920, 0, 0, 0
70199, 609280, 0, 0, 0
70299, 634880, 0, 0, 0
70399, 614400, 0, 0, 0
70500, 650240, 0, 0, 0
70600, 640000, 0, 0, 0
70700, 696320, 0, 0, 0
70800, 624640, 0, 0, 0
70900, 680960, 0, 0, 0
70999, 672323, 0, 0, 0
71099, 665600, 0, 0, 0
71199, 583680, 0, 0, 0
71300, 609280, 0, 0, 0
71400, 640000, 0, 0, 0
71499, 563717, 0, 0, 0
71599, 645120, 0, 0, 0
71699, 619520, 0, 0, 0
71799, 660480, 0, 0, 0
71899, 670720, 0, 0, 0
72000, 599040, 0, 0, 0
72100, 645120, 0, 0, 0
72200, 573440, 0, 0, 0
72300, 696320, 0, 0, 0
72400, 696320, 0, 0, 0
72499, 667151, 0, 0, 0
72599, 624640, 0, 0, 0
72699, 645120, 0, 0, 0
72800, 578560, 0, 0, 0
72900, 645120, 0, 0, 0
73000, 624640, 0, 0, 0
73100, 593920, 0, 0, 0
73200, 727040, 0, 0, 0
73300, 727040, 0, 0, 0
73400, 773120, 0, 0, 0
73499, 599919, 0, 0, 0
73599, 634880, 0, 0, 0
73699, 578560, 0, 0, 0
73800, 486400, 0, 0, 0
73900, 670720, 0, 0, 0
73999, 584404, 0, 0, 0
74099, 675840, 0, 0, 0
74199, 614400, 0, 0, 0
74299, 542720, 0, 0, 0
74399, 527360, 0, 0, 0
74499, 640000, 0, 0, 0
74600, 640000, 0, 0, 0
74700, 578560, 0, 0, 0
74800, 624640, 0, 0, 0
74900, 640000, 0, 0, 0
74999, 589575, 0, 0, 0
75099, 670720, 0, 0, 0
75199, 660480, 0, 0, 0
75299, 660480, 0, 0, 0
75399, 619520, 0, 0, 0
75500, 624640, 0, 0, 0
75600, 629760, 0, 0, 0
75700, 604160, 0, 0, 0
75800, 619520, 0, 0, 0
75900, 645120, 0, 0, 0
75999, 693010, 0, 0, 0
76099, 640000, 0, 0, 0
76199, 655360, 0, 0, 0
76300, 629760, 0, 0, 0
76400, 629760, 0, 0, 0
76499, 568888, 0, 0, 0
76599, 593920, 0, 0, 0
76699, 619520, 0, 0, 0
76799, 599040, 0, 0, 0
76899, 660480, 0, 0, 0
76999, 552960, 0, 0, 0
77100, 640000, 0, 0, 0
77200, 619520, 0, 0, 0
77300, 640000, 0, 0, 0
77400, 486400, 0, 0, 0
77499, 584404, 0, 0, 0
77599, 563200, 0, 0, 0
77699, 573440, 0, 0, 0
77799, 547840, 0, 0, 0
77899, 655360, 0, 0, 0
78000, 588800, 0, 0, 0
78100, 547840, 0, 0, 0
78200, 675840, 0, 0, 0
78300, 609280, 0, 0, 0
78400, 629760, 0, 0, 0
78499, 698181, 0, 0, 0
78599, 573440, 0, 0, 0
78699, 686080, 0, 0, 0
78800, 563200, 0, 0, 0
78900, 645120, 0, 0, 0
79000, 686080, 0, 0, 0
79100, 665600, 0, 0, 0
79200, 665600, 0, 0, 0
79300, 655360, 0, 0, 0
79400, 593920, 0, 0, 0
79499, 698181, 0, 0, 0
79599, 563200, 0, 0, 0
79699, 634880, 0, 0, 0
79800, 634880, 0, 0, 0
79900, 609280, 0, 0, 0
79999, 744727, 0, 0, 0
80099, 624640, 0, 0, 0
80199, 706560, 0, 0, 0
80299, 660480, 0, 0, 0
80399, 609280, 0, 0, 0
80500, 593920, 0, 0, 0
80600, 624640, 0, 0, 0
80700, 599040, 0, 0, 0
80800, 660480, 0, 0, 0
80900, 645120, 0, 0, 0
80999, 672323, 0, 0, 0
81099, 619520, 0, 0, 0
81199, 629760, 0, 0, 0
81299, 640000, 0, 0, 0
81399, 645120, 0, 0, 0
81500, 619520, 0, 0, 0
81600, 547840, 0, 0, 0
81700, 645120, 0, 0, 0
81800, 701440, 0, 0, 0
81900, 634880, 0, 0, 0
81999, 605090, 0, 0, 0
82099, 593920, 0, 0, 0
82199, 675840, 0, 0, 0
82300, 721920, 0, 0, 0
82400, 675840, 0, 0, 0
82500, 675840, 0, 0, 0
82600, 624640, 0, 0, 0
82700, 711680, 0, 0, 0
82800, 691200, 0, 0, 0
82900, 527360, 0, 0, 0
82999, 651636, 0, 0, 0
83099, 578560, 0, 0, 0
83199, 593920, 0, 0, 0
83300, 573440, 0, 0, 0
83400, 609280, 0, 0, 0
83499, 641292, 0, 0, 0
83599, 624640, 0, 0, 0
83699, 650240, 0, 0, 0
83799, 619520, 0, 0, 0
83899, 573440, 0, 0, 0
83999, 583680, 0, 0, 0
84100, 686080, 0, 0, 0
84200, 614400, 0, 0, 0
84300, 573440, 0, 0, 0
84400, 696320, 0, 0, 0
84499, 615434, 0, 0, 0
84599, 568320, 0, 0, 0
84699, 624640, 0, 0, 0
84799, 650240, 0, 0, 0
84900, 640000, 0, 0, 0
85000, 563200, 0, 0, 0
85100, 578560, 0, 0, 0
85200, 614400, 0, 0, 0
85300, 629760, 0, 0, 0
85400, 640000, 0, 0, 0
85499, 589575, 0, 0, 0
85599, 721920, 0, 0, 0
85700, 660480, 0, 0, 0
85800, 619520, 0, 0, 0
85900, 680960, 0, 0, 0
85999, 724040, 0, 0, 0
86099, 670720, 0, 0, 0
86199, 680960, 0, 0, 0
86299, 583680, 0, 0, 0
86399, 645120, 0, 0, 0
86500, 706560, 0, 0, 0
86600, 629760, 0, 0, 0
86700, 588800, 0, 0, 0
86800, 583680, 0, 0, 0
86900, 609280, 0, 0, 0
86999, 651636, 0, 0, 0
87099, 619520, 0, 0, 0
87199, 670720, 0, 0, 0
87300, 665600, 0, 0, 0
87400, 604160, 0, 0, 0
87499, 646464, 0, 0, 0
87599, 675840, 0, 0, 0
87699, 629760, 0, 0, 0
87799, 665600, 0, 0, 0
87899, 665600, 0, 0, 0
87999, 645120, 0, 0, 0
88100, 573440, 0, 0, 0
88200, 583680, 0, 0, 0
88300, 655360, 0, 0, 0
88400, 675840, 0, 0, 0
88499, 615434, 0, 0, 0
88599, 634880, 0, 0, 0
88699, 599040, 0, 0, 0
88799, 583680, 0, 0, 0
88899, 583680, 0, 0, 0
89000, 588800, 0, 0, 0
89100, 732160, 0, 0, 0
89200, 670720, 0, 0, 0
89300, 599040, 0, 0, 0
89400, 552960, 0, 0, 0
89499, 672323, 0, 0, 0
89599, 599040, 0, 0, 0
89699, 634880, 0, 0, 0
89800, 604160, 0, 0, 0
89900, 599040, 0, 0, 0
89999, 630949, 0, 0, 0
