100, 3096356, 0, 0, 0
200, 3245308, 0, 0, 0
300, 3197421, 0, 0, 0
400, 2956660, 0, 0, 0
500, 3089289, 0, 0, 0
600, 2921110, 0, 0, 0
700, 2874686, 0, 0, 0
800, 2954616, 0, 0, 0
900, 3003896, 0, 0, 0
1000, 2951059, 0, 0, 0
1100, 2983036, 0, 0, 0
1200, 2894204, 0, 0, 0
1300, 3046467, 0, 0, 0
1403, 3095640, 0, 0, 0
1500, 3724278, 0, 0, 0
1600, 3265969, 0, 0, 0
1700, 3403926, 0, 0, 0
1800, 3161511, 0, 0, 0
1900, 3215739, 0, 0, 0
2000, 3034002, 0, 0, 0
2100, 2805499, 0, 0, 0
2200, 3194854, 0, 0, 0
2300, 3288678, 0, 0, 0
2400, 3098974, 0, 0, 0
2500, 3094395, 0, 0, 0
2600, 2950521, 0, 0, 0
2700, 3013339, 0, 0, 0
2800, 3149546, 0, 0, 0
2900, 3013341, 0, 0, 0
3000, 3045231, 0, 0, 0
3100, 2773094, 0, 0, 0
3200, 2735632, 0, 0, 0
3300, 3032150, 0, 0, 0
3400, 2961540, 0, 0, 0
3500, 2910555, 0, 0, 0
3600, 2869151, 0, 0, 0
3700, 2869714, 0, 0, 0
3800, 2825903, 0, 0, 0
3900, 3122518, 0, 0, 0
4000, 3025162, 0, 0, 0
4100, 3155819, 0, 0, 0
4201, 3007466, 0, 0, 0
4300, 2897433, 0, 0, 0
4400, 2987129, 0, 0, 0
4500, 3061680, 0, 0, 0
4601, 3033439, 0, 0, 0
4700, 3100312, 0, 0, 0
4800, 3073415, 0, 0, 0
4900, 3061392, 0, 0, 0
5000, 3156258, 0, 0, 0
5100, 2960927, 0, 0, 0
5200, 3282307, 0, 0, 0
5300, 3106911, 0, 0, 0
5400, 2895600, 0, 0, 0
5501, 3117153, 0, 0, 0
5600, 3034524, 0, 0, 0
5700, 2925575, 0, 0, 0
5800, 3091073, 0, 0, 0
5900, 3036334, 0, 0, 0
6000, 2773376, 0, 0, 0
6100, 2746757, 0, 0, 0
6200, 3059760, 0, 0, 0
6300, 3238349, 0, 0, 0
6400, 2898589, 0, 0, 0
6500, 3006912, 0, 0, 0
6600, 3035054, 0, 0, 0
6700, 3161954, 0, 0, 0
6800, 2931374, 0, 0, 0
6900, 3051538, 0, 0, 0
7000, 3229168, 0, 0, 0
7100, 3450127, 0, 0, 0
7201, 3736962, 0, 0, 0
7300, 3784822, 0, 0, 0
7400, 2818473, 0, 0, 0
7500, 3164082, 0, 0, 0
7600, 3326309, 0, 0, 0
7700, 3416811, 0, 0, 0
7800, 3016313, 0, 0, 0
7900, 2912752, 0, 0, 0
8000, 3047945, 0, 0, 0
8100, 2832928, 0, 0, 0
8200, 3140457, 0, 0, 0
8300, 3063261, 0, 0, 0
8400, 3296477, 0, 0, 0
8500, 3136559, 0, 0, 0
8600, 2965657, 0, 0, 0
8700, 2950664, 0, 0, 0
8800, 3637842, 0, 0, 0
8900, 3177207, 0, 0, 0
9000, 3111627, 0, 0, 0
9100, 3023228, 0, 0, 0
9200, 2965068, 0, 0, 0
9300, 2816018, 0, 0, 0
9400, 3246863, 0, 0, 0
9501, 3352758, 0, 0, 0
9600, 3469101, 0, 0, 0
9700, 3552068, 0, 0, 0
9800, 3062145, 0, 0, 0
9900, 3077194, 0, 0, 0
10000, 2720357, 0, 0, 0
10100, 3654612, 0, 0, 0
10200, 3125460, 0, 0, 0
10300, 3028828, 0, 0, 0
10400, 2869401, 0, 0, 0
10500, 3004791, 0, 0, 0
10600, 3049861, 0, 0, 0
10700, 3204794, 0, 0, 0
10800, 3063256, 0, 0, 0
10900, 3012220, 0, 0, 0
11000, 3108258, 0, 0, 0
11100, 3112274, 0, 0, 0
11200, 3029384, 0, 0, 0
11300, 3024645, 0, 0, 0
11400, 3436351, 0, 0, 0
11500, 3339432, 0, 0, 0
11600, 3293168, 0, 0, 0
11700, 3360868, 0, 0, 0
11800, 3337512, 0, 0, 0
11900, 3196335, 0, 0, 0
12000, 3003476, 0, 0, 0
12100, 2975404, 0, 0, 0
12200, 3050672, 0, 0, 0
12300, 3205354, 0, 0, 0
12400, 2964707, 0, 0, 0
12500, 3207133, 0, 0, 0
12600, 3002614, 0, 0, 0
12700, 3030625, 0, 0, 0
12800, 3312267, 0, 0, 0
12900, 3064016, 0, 0, 0
13000, 3018512, 0, 0, 0
13100, 3019539, 0, 0, 0
13200, 3082325, 0, 0, 0
13300, 2948654, 0, 0, 0
13400, 2814704, 0, 0, 0
13500, 3039645, 0, 0, 0
13600, 3105139, 0, 0, 0
13700, 3087441, 0, 0, 0
13800, 2969431, 0, 0, 0
13900, 2848891, 0, 0, 0
14000, 2965576, 0, 0, 0
14100, 3041403, 0, 0, 0
14200, 2922156, 0, 0, 0
14300, 3205168, 0, 0, 0
14400, 3345283, 0, 0, 0
14501, 3038745, 0, 0, 0
14600, 3082549, 0, 0, 0
14701, 2892497, 0, 0, 0
14800, 3016784, 0, 0, 0
14900, 3000242, 0, 0, 0
15000, 3112433, 0, 0, 0
15100, 3059828, 0, 0, 0
15201, 3271827, 0, 0, 0
15300, 3061389, 0, 0, 0
15400, 3056510, 0, 0, 0
15501, 2990924, 0, 0, 0
15600, 2824659, 0, 0, 0
15700, 3009108, 0, 0, 0
15800, 2920015, 0, 0, 0
15901, 2913461, 0, 0, 0
16000, 2966212, 0, 0, 0
16100, 3160411, 0, 0, 0
16201, 2933183, 0, 0, 0
16300, 2997609, 0, 0, 0
16400, 2881625, 0, 0, 0
16500, 3027497, 0, 0, 0
16600, 2937687, 0, 0, 0
16700, 3082052, 0, 0, 0
16800, 3111890, 0, 0, 0
16900, 2830809, 0, 0, 0
17000, 3044262, 0, 0, 0
17100, 2991077, 0, 0, 0
17200, 3104219, 0, 0, 0
17300, 3231324, 0, 0, 0
17400, 3383127, 0, 0, 0
17500, 3059412, 0, 0, 0
17600, 3378430, 0, 0, 0
17700, 3202293, 0, 0, 0
17800, 3074896, 0, 0, 0
17900, 2926577, 0, 0, 0
18000, 2993723, 0, 0, 0
18100, 3136020, 0, 0, 0
18200, 2958996, 0, 0, 0
18300, 3174703, 0, 0, 0
18400, 2930046, 0, 0, 0
18500, 3373696, 0, 0, 0
18600, 3220810, 0, 0, 0
18700, 3327612, 0, 0, 0
18800, 3188403, 0, 0, 0
18900, 2854674, 0, 0, 0
19000, 2950123, 0, 0, 0
19100, 3255607, 0, 0, 0
19200, 2972079, 0, 0, 0
19300, 2861345, 0, 0, 0
19400, 3268106, 0, 0, 0
19500, 3408740, 0, 0, 0
19600, 3498516, 0, 0, 0
19700, 2993085, 0, 0, 0
19800, 2699995, 0, 0, 0
19900, 2967881, 0, 0, 0
20000, 2915787, 0, 0, 0
20100, 2943784, 0, 0, 0
20200, 2781553, 0, 0, 0
20300, 2902412, 0, 0, 0
20400, 3024645, 0, 0, 0
20500, 3024956, 0, 0, 0
20600, 3031577, 0, 0, 0
20700, 2915746, 0, 0, 0
20800, 3040641, 0, 0, 0
20900, 3010834, 0, 0, 0
21000, 3049189, 0, 0, 0
21100, 3536845, 0, 0, 0
21200, 3261172, 0, 0, 0
21300, 3044374, 0, 0, 0
21400, 3021117, 0, 0, 0
21500, 3117918, 0, 0, 0
21600, 3167414, 0, 0, 0
21700, 3006419, 0, 0, 0
21800, 3307738, 0, 0, 0
21900, 2998387, 0, 0, 0
22000, 3084288, 0, 0, 0
22100, 3052007, 0, 0, 0
22200, 3076693, 0, 0, 0
22300, 3357547, 0, 0, 0
22400, 3090973, 0, 0, 0
22500, 3128355, 0, 0, 0
22600, 3554185, 0, 0, 0
22700, 3142862, 0, 0, 0
22800, 3387232, 0, 0, 0
22900, 3157834, 0, 0, 0
23000, 2974699, 0, 0, 0
23100, 3127497, 0, 0, 0
23200, 2936847, 0, 0, 0
23300, 3116302, 0, 0, 0
23400, 2834417, 0, 0, 0
23500, 2945686, 0, 0, 0
23600, 3194901, 0, 0, 0
23700, 2940448, 0, 0, 0
23800, 2799110, 0, 0, 0
23900, 2836594, 0, 0, 0
24000, 2969779, 0, 0, 0
24100, 3270464, 0, 0, 0
24200, 2975136, 0, 0, 0
24300, 3199900, 0, 0, 0
24400, 2955858, 0, 0, 0
24500, 2863402, 0, 0, 0
24600, 3045752, 0, 0, 0
24700, 3212178, 0, 0, 0
24800, 3224350, 0, 0, 0
24900, 2903174, 0, 0, 0
25000, 2968854, 0, 0, 0
25100, 2981873, 0, 0, 0
25200, 2974747, 0, 0, 0
25300, 3350811, 0, 0, 0
25400, 3193142, 0, 0, 0
25500, 2835900, 0, 0, 0
25600, 3347988, 0, 0, 0
25701, 3180445, 0, 0, 0
25800, 2976560, 0, 0, 0
25900, 2788153, 0, 0, 0
26000, 2779913, 0, 0, 0
26101, 2867506, 0, 0, 0
26200, 3145958, 0, 0, 0
26300, 3092718, 0, 0, 0
26401, 3026264, 0, 0, 0
26500, 3239636, 0, 0, 0
26601, 3416803, 0, 0, 0
26700, 3209208, 0, 0, 0
26800, 2918580, 0, 0, 0
26900, 3053561, 0, 0, 0
27000, 2871690, 0, 0, 0
27100, 3151630, 0, 0, 0
27200, 2779949, 0, 0, 0
27300, 3129859, 0, 0, 0
27400, 2841731, 0, 0, 0
27500, 2715422, 0, 0, 0
27600, 3251313, 0, 0, 0
27700, 2958010, 0, 0, 0
27800, 3120406, 0, 0, 0
27900, 2959465, 0, 0, 0
28000, 3021792, 0, 0, 0
28101, 2787757, 0, 0, 0
28200, 3138567, 0, 0, 0
28300, 2802792, 0, 0, 0
28400, 3142277, 0, 0, 0
28500, 2924612, 0, 0, 0
28600, 3094320, 0, 0, 0
28700, 2952531, 0, 0, 0
28800, 3118869, 0, 0, 0
28900, 3030055, 0, 0, 0
29000, 3014951, 0, 0, 0
29100, 3070284, 0, 0, 0
29200, 2866812, 0, 0, 0
29300, 3082377, 0, 0, 0
29400, 3332523, 0, 0, 0
29500, 3365552, 0, 0, 0
29600, 3789122, 0, 0, 0
29700, 3173262, 0, 0, 0
29800, 3103610, 0, 0, 0
29900, 3217842, 0, 0, 0
30000, 2874331, 0, 0, 0
30100, 3080389, 0, 0, 0
30200, 3062634, 0, 0, 0
30300, 2989690, 0, 0, 0
30400, 2960256, 0, 0, 0
30500, 2815841, 0, 0, 0
30600, 2908410, 0, 0, 0
30700, 2913159, 0, 0, 0
30800, 2967165, 0, 0, 0
30900, 3065992, 0, 0, 0
31000, 2853778, 0, 0, 0
31100, 3025672, 0, 0, 0
31200, 3013156, 0, 0, 0
31300, 3020584, 0, 0, 0
31400, 2760823, 0, 0, 0
31500, 2952728, 0, 0, 0
31600, 2993755, 0, 0, 0
31700, 3008388, 0, 0, 0
31800, 2886954, 0, 0, 0
31900, 2774067, 0, 0, 0
32000, 3389341, 0, 0, 0
32100, 2882598, 0, 0, 0
32200, 2889552, 0, 0, 0
32300, 3051974, 0, 0, 0
32400, 3257301, 0, 0, 0
32500, 2897385, 0, 0, 0
32600, 3212373, 0, 0, 0
32700, 3274266, 0, 0, 0
32801, 3274833, 0, 0, 0
32900, 3056924, 0, 0, 0
33000, 3238392, 0, 0, 0
33100, 2964342, 0, 0, 0
33200, 2954224, 0, 0, 0
33300, 3010897, 0, 0, 0
33400, 3153817, 0, 0, 0
33500, 3058221, 0, 0, 0
33600, 3030395, 0, 0, 0
33700, 3379476, 0, 0, 0
33800, 3350220, 0, 0, 0
33900, 3075394, 0, 0, 0
34000, 3121928, 0, 0, 0
34100, 2815822, 0, 0, 0
34200, 3374868, 0, 0, 0
34300, 2910871, 0, 0, 0
34400, 2923270, 0, 0, 0
34500, 3038307, 0, 0, 0
34600, 2926462, 0, 0, 0
34700, 3231074, 0, 0, 0
34800, 2976766, 0, 0, 0
34900, 2914679, 0, 0, 0
35000, 3012240, 0, 0, 0
35100, 3425582, 0, 0, 0
35200, 2945092, 0, 0, 0
35300, 3067895, 0, 0, 0
35400, 3090828, 0, 0, 0
35500, 2904175, 0, 0, 0
35600, 3051134, 0, 0, 0
35700, 2916535, 0, 0, 0
35800, 2937184, 0, 0, 0
35900, 2914475, 0, 0, 0
36000, 2942692, 0, 0, 0
36100, 2864051, 0, 0, 0
36200, 3468332, 0, 0, 0
36300, 3251433, 0, 0, 0
36400, 2964442, 0, 0, 0
36500, 2893905, 0, 0, 0
36600, 3151770, 0, 0, 0
36700, 3192165, 0, 0, 0
36801, 2968921, 0, 0, 0
36900, 3480161, 0, 0, 0
37000, 3419976, 0, 0, 0
37101, 3779564, 0, 0, 0
37200, 3559382, 0, 0, 0
37300, 3257917, 0, 0, 0
37400, 3221529, 0, 0, 0
37500, 3435485, 0, 0, 0
37600, 3004790, 0, 0, 0
37700, 3567784, 0, 0, 0
37800, 3055092, 0, 0, 0
37902, 2901489, 0, 0, 0
38000, 2870860, 0, 0, 0
38100, 2921127, 0, 0, 0
38200, 3057574, 0, 0, 0
38300, 3028700, 0, 0, 0
38400, 3059883, 0, 0, 0
38500, 2988536, 0, 0, 0
38600, 3190767, 0, 0, 0
38700, 3197953, 0, 0, 0
38800, 3006469, 0, 0, 0
38900, 2920203, 0, 0, 0
39000, 3006077, 0, 0, 0
39100, 2982529, 0, 0, 0
39200, 3351062, 0, 0, 0
39301, 3300034, 0, 0, 0
39400, 3113367, 0, 0, 0
39500, 2924795, 0, 0, 0
39600, 3090965, 0, 0, 0
39700, 3363947, 0, 0, 0
39800, 3215341, 0, 0, 0
39900, 3242955, 0, 0, 0
40000, 3083387, 0, 0, 0
40100, 3044998, 0, 0, 0
40200, 3172433, 0, 0, 0
40300, 3115138, 0, 0, 0
40400, 3231687, 0, 0, 0
40500, 3041486, 0, 0, 0
40600, 2921607, 0, 0, 0
40700, 3157589, 0, 0, 0
40800, 3172353, 0, 0, 0
40900, 3174504, 0, 0, 0
41000, 2951189, 0, 0, 0
41101, 3083959, 0, 0, 0
41200, 3157676, 0, 0, 0
41300, 3098675, 0, 0, 0
41400, 3073894, 0, 0, 0
41500, 2992926, 0, 0, 0
41601, 3047807, 0, 0, 0
41700, 3350583, 0, 0, 0
41800, 3173553, 0, 0, 0
41900, 3151583, 0, 0, 0
42000, 3571826, 0, 0, 0
42100, 3192357, 0, 0, 0
42200, 2867210, 0, 0, 0
42300, 3023621, 0, 0, 0
42400, 2841259, 0, 0, 0
42500, 3084700, 0, 0, 0
42600, 3009582, 0, 0, 0
42700, 2888754, 0, 0, 0
42800, 2993117, 0, 0, 0
42900, 3321755, 0, 0, 0
43000, 3223981, 0, 0, 0
43100, 3111902, 0, 0, 0
43200, 3052680, 0, 0, 0
43300, 3022511, 0, 0, 0
43400, 3065244, 0, 0, 0
43500, 2932582, 0, 0, 0
43600, 2881397, 0, 0, 0
43700, 3080472, 0, 0, 0
43800, 3077127, 0, 0, 0
43900, 3067439, 0, 0, 0
44000, 3285588, 0, 0, 0
44100, 3054364, 0, 0, 0
44200, 2904761, 0, 0, 0
44300, 3126302, 0, 0, 0
44400, 2991724, 0, 0, 0
44500, 2996737, 0, 0, 0
44601, 2878054, 0, 0, 0
44700, 3269044, 0, 0, 0
44800, 3165048, 0, 0, 0
44900, 2810227, 0, 0, 0
45000, 2967882, 0, 0, 0
45100, 3808916, 0, 0, 0
45200, 3511388, 0, 0, 0
45300, 3251543, 0, 0, 0
45400, 3400899, 0, 0, 0
45500, 3120887, 0, 0, 0
45600, 2986532, 0, 0, 0
45700, 3128705, 0, 0, 0
45800, 3159064, 0, 0, 0
45900, 2915978, 0, 0, 0
46000, 3097086, 0, 0, 0
46100, 3040495, 0, 0, 0
46200, 3058804, 0, 0, 0
46300, 3128041, 0, 0, 0
46400, 3318471, 0, 0, 0
46500, 3060691, 0, 0, 0
46600, 3406044, 0, 0, 0
46701, 3061903, 0, 0, 0
46800, 3400122, 0, 0, 0
46900, 3041166, 0, 0, 0
47000, 3547212, 0, 0, 0
47100, 3018615, 0, 0, 0
47200, 2897421, 0, 0, 0
47300, 3092176, 0, 0, 0
47400, 2973777, 0, 0, 0
47500, 2978998, 0, 0, 0
47601, 3071180, 0, 0, 0
47700, 3034961, 0, 0, 0
47800, 3426048, 0, 0, 0
47900, 2996389, 0, 0, 0
48000, 2948975, 0, 0, 0
48101, 3169112, 0, 0, 0
48200, 2979298, 0, 0, 0
48300, 3086945, 0, 0, 0
48400, 2925347, 0, 0, 0
48500, 2889858, 0, 0, 0
48600, 3002404, 0, 0, 0
48700, 3109873, 0, 0, 0
48800, 2863442, 0, 0, 0
48900, 2953499, 0, 0, 0
49000, 3139013, 0, 0, 0
49100, 3005974, 0, 0, 0
49200, 3029381, 0, 0, 0
49300, 2971981, 0, 0, 0
49400, 3367630, 0, 0, 0
49500, 3768001, 0, 0, 0
49600, 3708753, 0, 0, 0
49700, 3120863, 0, 0, 0
49800, 3466213, 0, 0, 0
49900, 3135934, 0, 0, 0
50000, 2946228, 0, 0, 0
50100, 2980635, 0, 0, 0
50200, 2937365, 0, 0, 0
50300, 2912473, 0, 0, 0
50400, 2893526, 0, 0, 0
50500, 3001374, 0, 0, 0
50600, 3178994, 0, 0, 0
50700, 3135994, 0, 0, 0
50800, 3077758, 0, 0, 0
50900, 3085759, 0, 0, 0
51000, 2837524, 0, 0, 0
51100, 3219555, 0, 0, 0
51200, 2756383, 0, 0, 0
51300, 2940147, 0, 0, 0
51400, 3051915, 0, 0, 0
51500, 2911402, 0, 0, 0
51601, 2821590, 0, 0, 0
51701, 3129783, 0, 0, 0
51800, 3246411, 0, 0, 0
51901, 3153765, 0, 0, 0
52000, 3206159, 0, 0, 0
52100, 3434693, 0, 0, 0
52200, 3173439, 0, 0, 0
52300, 3005249, 0, 0, 0
52400, 2979419, 0, 0, 0
52500, 2917764, 0, 0, 0
52600, 2826320, 0, 0, 0
52700, 3067606, 0, 0, 0
52800, 3299567, 0, 0, 0
52900, 2988023, 0, 0, 0
53000, 2941901, 0, 0, 0
53100, 2829409, 0, 0, 0
53200, 3111403, 0, 0, 0
53300, 2981206, 0, 0, 0
53400, 2895328, 0, 0, 0
53500, 3248353, 0, 0, 0
53600, 3082282, 0, 0, 0
53700, 2919364, 0, 0, 0
53800, 3231732, 0, 0, 0
53900, 2992988, 0, 0, 0
54000, 2941646, 0, 0, 0
54101, 3430614, 0, 0, 0
54200, 3048482, 0, 0, 0
54300, 2983891, 0, 0, 0
54400, 2816624, 0, 0, 0
54500, 2872151, 0, 0, 0
54600, 3168180, 0, 0, 0
54700, 2939904, 0, 0, 0
54800, 3278578, 0, 0, 0
54900, 3238618, 0, 0, 0
55000, 3068676, 0, 0, 0
55100, 3227261, 0, 0, 0
55200, 3072684, 0, 0, 0
55300, 3035575, 0, 0, 0
55400, 2961650, 0, 0, 0
55500, 2895406, 0, 0, 0
55600, 3015079, 0, 0, 0
55700, 3192921, 0, 0, 0
55800, 3204433, 0, 0, 0
55900, 2748756, 0, 0, 0
56001, 2858543, 0, 0, 0
56100, 2869029, 0, 0, 0
56200, 2990751, 0, 0, 0
56300, 2928077, 0, 0, 0
56400, 2944069, 0, 0, 0
56500, 3033067, 0, 0, 0
56600, 3024210, 0, 0, 0
56700, 2924514, 0, 0, 0
56800, 2993367, 0, 0, 0
56900, 2924134, 0, 0, 0
57000, 3164647, 0, 0, 0
57100, 2903197, 0, 0, 0
57200, 2983450, 0, 0, 0
57300, 3083024, 0, 0, 0
57400, 2911701, 0, 0, 0
57500, 2853181, 0, 0, 0
57600, 3062298, 0, 0, 0
57700, 2821428, 0, 0, 0
57800, 3174088, 0, 0, 0
57900, 2806414, 0, 0, 0
58000, 2858147, 0, 0, 0
58100, 2980930, 0, 0, 0
58200, 2836810, 0, 0, 0
58300, 3226196, 0, 0, 0
58401, 3506260, 0, 0, 0
58500, 3354402, 0, 0, 0
58600, 3217025, 0, 0, 0
58700, 2957892, 0, 0, 0
58800, 3140522, 0, 0, 0
58900, 3160239, 0, 0, 0
59000, 3079107, 0, 0, 0
59100, 3033629, 0, 0, 0
59201, 2995092, 0, 0, 0
59300, 2953132, 0, 0, 0
59400, 3081554, 0, 0, 0
59500, 2839582, 0, 0, 0
59600, 3007897, 0, 0, 0
59700, 3068157, 0, 0, 0
59800, 3058171, 0, 0, 0
59900, 3054773, 0, 0, 0
60000, 3013389, 0, 0, 0
60101, 2945090, 0, 0, 0
60200, 2995691, 0, 0, 0
60300, 3586183, 0, 0, 0
60401, 3463672, 0, 0, 0
60500, 3053232, 0, 0, 0
60600, 2899726, 0, 0, 0
60700, 3189406, 0, 0, 0
60800, 3786783, 0, 0, 0
60900, 3522299, 0, 0, 0
61000, 2982401, 0, 0, 0
61100, 3102084, 0, 0, 0
61200, 3354855, 0, 0, 0
61300, 3098112, 0, 0, 0
61400, 3133597, 0, 0, 0
61500, 3107637, 0, 0, 0
61600, 3103720, 0, 0, 0
61700, 3052647, 0, 0, 0
61800, 3021748, 0, 0, 0
61900, 2874361, 0, 0, 0
62000, 3074453, 0, 0, 0
62100, 2968191, 0, 0, 0
62200, 3033398, 0, 0, 0
62300, 3010741, 0, 0, 0
62400, 2868037, 0, 0, 0
62500, 3027104, 0, 0, 0
62600, 2915955, 0, 0, 0
62700, 3121135, 0, 0, 0
62800, 3174414, 0, 0, 0
62900, 2997314, 0, 0, 0
63000, 3212325, 0, 0, 0
63100, 3110951, 0, 0, 0
63200, 3082051, 0, 0, 0
63300, 2985254, 0, 0, 0
63400, 3328555, 0, 0, 0
63500, 2971468, 0, 0, 0
63600, 3062909, 0, 0, 0
63701, 3058545, 0, 0, 0
63800, 3107759, 0, 0, 0
63900, 2980428, 0, 0, 0
64000, 2775731, 0, 0, 0
64100, 2805736, 0, 0, 0
64200, 3052977, 0, 0, 0
64300, 2943610, 0, 0, 0
64401, 3330020, 0, 0, 0
64500, 3086263, 0, 0, 0
64600, 3278937, 0, 0, 0
64700, 3170275, 0, 0, 0
64800, 3115453, 0, 0, 0
64900, 3044714, 0, 0, 0
65000, 2818772, 0, 0, 0
65100, 2936678, 0, 0, 0
65200, 3095270, 0, 0, 0
65300, 3131323, 0, 0, 0
65400, 3049233, 0, 0, 0
65500, 2974891, 0, 0, 0
65600, 3101787, 0, 0, 0
65700, 3039152, 0, 0, 0
65800, 3009540, 0, 0, 0
65900, 2873232, 0, 0, 0
66000, 3036264, 0, 0, 0
66100, 2981254, 0, 0, 0
66200, 3155313, 0, 0, 0
66300, 3038181, 0, 0, 0
66400, 2922383, 0, 0, 0
66500, 3255073, 0, 0, 0
66601, 3214871, 0, 0, 0
66700, 3006358, 0, 0, 0
66800, 2941276, 0, 0, 0
66900, 3062987, 0, 0, 0
67000, 3035478, 0, 0, 0
67100, 3069018, 0, 0, 0
67200, 2939799, 0, 0, 0
67300, 3058627, 0, 0, 0
67400, 3239357, 0, 0, 0
67500, 2936157, 0, 0, 0
67600, 3104346, 0, 0, 0
67700, 3202472, 0, 0, 0
67800, 3246084, 0, 0, 0
67900, 3189661, 0, 0, 0
68000, 3422516, 0, 0, 0
68100, 3005818, 0, 0, 0
68201, 2954722, 0, 0, 0
68300, 3029456, 0, 0, 0
68400, 2950759, 0, 0, 0
68500, 3046124, 0, 0, 0
68600, 3338181, 0, 0, 0
68700, 2919569, 0, 0, 0
68801, 3184743, 0, 0, 0
68901, 3139381, 0, 0, 0
69000, 3094403, 0, 0, 0
69100, 2976138, 0, 0, 0
69200, 2841250, 0, 0, 0
69300, 2964479, 0, 0, 0
69400, 3079558, 0, 0, 0
69500, 3007966, 0, 0, 0
69600, 2996636, 0, 0, 0
69700, 2912947, 0, 0, 0
69800, 2999892, 0, 0, 0
69900, 2903720, 0, 0, 0
70000, 3053619, 0, 0, 0
70100, 2965608, 0, 0, 0
70200, 3007172, 0, 0, 0
70300, 2809048, 0, 0, 0
70400, 3015857, 0, 0, 0
70500, 2978956, 0, 0, 0
70600, 3197455, 0, 0, 0
70700, 3178557, 0, 0, 0
70800, 3031448, 0, 0, 0
70901, 3043993, 0, 0, 0
71000, 3127476, 0, 0, 0
71100, 3174105, 0, 0, 0
71200, 3188815, 0, 0, 0
71300, 3576720, 0, 0, 0
71400, 2967870, 0, 0, 0
71500, 3188900, 0, 0, 0
71600, 3060900, 0, 0, 0
71700, 3319271, 0, 0, 0
71801, 3639915, 0, 0, 0
71900, 3502009, 0, 0, 0
72000, 3045220, 0, 0, 0
72100, 3059130, 0, 0, 0
72201, 3289675, 0, 0, 0
72300, 3321183, 0, 0, 0
72400, 2902352, 0, 0, 0
72500, 3049969, 0, 0, 0
72600, 3102363, 0, 0, 0
72700, 2925524, 0, 0, 0
72800, 2945632, 0, 0, 0
72900, 3190795, 0, 0, 0
73000, 3352783, 0, 0, 0
73100, 3204531, 0, 0, 0
73200, 3288880, 0, 0, 0
73300, 3283324, 0, 0, 0
73400, 3177691, 0, 0, 0
73500, 3040978, 0, 0, 0
73600, 3067346, 0, 0, 0
73700, 3002066, 0, 0, 0
73800, 3063563, 0, 0, 0
73900, 3054654, 0, 0, 0
74000, 3123289, 0, 0, 0
74100, 3308466, 0, 0, 0
74200, 3109720, 0, 0, 0
74300, 3234731, 0, 0, 0
74401, 3160778, 0, 0, 0
74500, 3173377, 0, 0, 0
74600, 2825235, 0, 0, 0
74700, 3054312, 0, 0, 0
74800, 3093500, 0, 0, 0
74901, 3220252, 0, 0, 0
75000, 2814552, 0, 0, 0
75101, 2852842, 0, 0, 0
75200, 2980037, 0, 0, 0
75300, 3128650, 0, 0, 0
75400, 2993794, 0, 0, 0
75500, 3114398, 0, 0, 0
75600, 3286526, 0, 0, 0
75700, 2978188, 0, 0, 0
75800, 3135369, 0, 0, 0
75900, 3498770, 0, 0, 0
76000, 3118283, 0, 0, 0
76100, 3122264, 0, 0, 0
76200, 3108933, 0, 0, 0
76300, 2935501, 0, 0, 0
76400, 3228501, 0, 0, 0
76500, 2863635, 0, 0, 0
76600, 3165480, 0, 0, 0
76701, 3521184, 0, 0, 0
76800, 3050551, 0, 0, 0
76900, 3062653, 0, 0, 0
77000, 3229688, 0, 0, 0
77100, 3134181, 0, 0, 0
77200, 3177623, 0, 0, 0
77300, 3499092, 0, 0, 0
77400, 3051477, 0, 0, 0
77500, 2950392, 0, 0, 0
77600, 2887404, 0, 0, 0
77700, 3373562, 0, 0, 0
77800, 2725630, 0, 0, 0
77900, 3030530, 0, 0, 0
78000, 3391087, 0, 0, 0
78100, 2982914, 0, 0, 0
78200, 3054667, 0, 0, 0
78300, 3029171, 0, 0, 0
78400, 3251695, 0, 0, 0
78500, 3003075, 0, 0, 0
78600, 3201750, 0, 0, 0
78700, 3227323, 0, 0, 0
78800, 2855306, 0, 0, 0
78900, 2935935, 0, 0, 0
79000, 3098872, 0, 0, 0
79100, 2939309, 0, 0, 0
79200, 3246453, 0, 0, 0
79300, 2862674, 0, 0, 0
79400, 2922458, 0, 0, 0
79500, 3230893, 0, 0, 0
79600, 3066367, 0, 0, 0
79700, 2995731, 0, 0, 0
79800, 3247352, 0, 0, 0
79900, 3435699, 0, 0, 0
80000, 2873354, 0, 0, 0
80100, 3035730, 0, 0, 0
80201, 3105944, 0, 0, 0
80300, 3016040, 0, 0, 0
80400, 2840088, 0, 0, 0
80500, 3032510, 0, 0, 0
80600, 3129901, 0, 0, 0
80701, 2885055, 0, 0, 0
80800, 2985371, 0, 0, 0
80900, 3178524, 0, 0, 0
81000, 3080827, 0, 0, 0
81100, 3186320, 0, 0, 0
81200, 2918311, 0, 0, 0
81300, 3157775, 0, 0, 0
81401, 2951342, 0, 0, 0
81500, 2786118, 0, 0, 0
81600, 2995479, 0, 0, 0
81700, 2968727, 0, 0, 0
81800, 3073099, 0, 0, 0
81900, 3354168, 0, 0, 0
82000, 3040339, 0, 0, 0
82100, 2881016, 0, 0, 0
82200, 2896824, 0, 0, 0
82300, 3190448, 0, 0, 0
82400, 2984086, 0, 0, 0
82500, 2960733, 0, 0, 0
82600, 2969572, 0, 0, 0
82701, 3503341, 0, 0, 0
82800, 3160428, 0, 0, 0
82900, 3184946, 0, 0, 0
83000, 2989756, 0, 0, 0
83100, 3189086, 0, 0, 0
83200, 3043812, 0, 0, 0
83300, 2990617, 0, 0, 0
83400, 3114739, 0, 0, 0
83500, 2927682, 0, 0, 0
83600, 2976242, 0, 0, 0
83700, 3014185, 0, 0, 0
83800, 3031276, 0, 0, 0
83900, 3105994, 0, 0, 0
84000, 2998209, 0, 0, 0
84100, 3079671, 0, 0, 0
84200, 3305556, 0, 0, 0
84300, 3050314, 0, 0, 0
84400, 2991734, 0, 0, 0
84500, 2790462, 0, 0, 0
84600, 3181401, 0, 0, 0
84701, 2923428, 0, 0, 0
84800, 3105837, 0, 0, 0
84900, 3145735, 0, 0, 0
85000, 3137596, 0, 0, 0
85100, 3056966, 0, 0, 0
85200, 2953306, 0, 0, 0
85300, 2984354, 0, 0, 0
85400, 2997106, 0, 0, 0
85500, 2985198, 0, 0, 0
85600, 2862804, 0, 0, 0
85700, 3147041, 0, 0, 0
85800, 3050517, 0, 0, 0
85900, 3113371, 0, 0, 0
86000, 3077200, 0, 0, 0
86100, 2937025, 0, 0, 0
86200, 2868088, 0, 0, 0
86300, 2884093, 0, 0, 0
86400, 2903901, 0, 0, 0
86500, 2723794, 0, 0, 0
86600, 2987804, 0, 0, 0
86700, 2840706, 0, 0, 0
86801, 2866378, 0, 0, 0
86900, 2987098, 0, 0, 0
87000, 3088531, 0, 0, 0
87100, 2949758, 0, 0, 0
87200, 2887698, 0, 0, 0
87300, 3339269, 0, 0, 0
87400, 3033572, 0, 0, 0
87500, 2997156, 0, 0, 0
87600, 2950501, 0, 0, 0
87700, 2847732, 0, 0, 0
87801, 3176165, 0, 0, 0
87900, 3152990, 0, 0, 0
88000, 3237304, 0, 0, 0
88101, 3009850, 0, 0, 0
88200, 3086658, 0, 0, 0
88300, 2909023, 0, 0, 0
88400, 2956814, 0, 0, 0
88500, 3081776, 0, 0, 0
88600, 2777514, 0, 0, 0
88700, 2944356, 0, 0, 0
88800, 3460961, 0, 0, 0
88900, 2984813, 0, 0, 0
89000, 3090880, 0, 0, 0
89100, 2951057, 0, 0, 0
89200, 2973562, 0, 0, 0
89300, 3411188, 0, 0, 0
89401, 2870074, 0, 0, 0
89500, 2912385, 0, 0, 0
89600, 3130052, 0, 0, 0
89700, 3109108, 0, 0, 0
89800, 3050196, 0, 0, 0
89900, 3032347, 0, 0, 0
90000, 3051537, 0, 0, 0
90003, 4915818, 0, 0, 0
