100, 4770, 0, 0, 0
200, 4126, 0, 0, 0
301, 6387, 0, 0, 0
401, 5117, 0, 0, 0
500, 7940, 0, 0, 0
600, 6894, 0, 0, 0
700, 5251, 0, 0, 0
800, 5704, 0, 0, 0
900, 5411, 0, 0, 0
1000, 7118, 0, 0, 0
1100, 6625, 0, 0, 0
1200, 5208, 0, 0, 0
1301, 6648, 0, 0, 0
1400, 8812, 0, 0, 0
1500, 6943, 0, 0, 0
1600, 7568, 0, 0, 0
1700, 9310, 0, 0, 0
1801, 6623, 0, 0, 0
1900, 4867, 0, 0, 0
2000, 5269, 0, 0, 0
2101, 6641, 0, 0, 0
2200, 6707, 0, 0, 0
2300, 5564, 0, 0, 0
2401, 8172, 0, 0, 0
2500, 8516, 0, 0, 0
2601, 8426, 0, 0, 0
2700, 10558, 0, 0, 0
2801, 8563, 0, 0, 0
2901, 7797, 0, 0, 0
3000, 7723, 0, 0, 0
3101, 8933, 0, 0, 0
3200, 8148, 0, 0, 0
3300, 9570, 0, 0, 0
3400, 8492, 0, 0, 0
3500, 8524, 0, 0, 0
3600, 8249, 0, 0, 0
3701, 9346, 0, 0, 0
3801, 11013, 0, 0, 0
3900, 6959, 0, 0, 0
4001, 6511, 0, 0, 0
4100, 9864, 0, 0, 0
4200, 9585, 0, 0, 0
4300, 7279, 0, 0, 0
4400, 6554, 0, 0, 0
4501, 6603, 0, 0, 0
4600, 6543, 0, 0, 0
4701, 7525, 0, 0, 0
4800, 4783, 0, 0, 0
4901, 5839, 0, 0, 0
5000, 7489, 0, 0, 0
5101, 5716, 0, 0, 0
5200, 6809, 0, 0, 0
5300, 6027, 0, 0, 0
5400, 6872, 0, 0, 0
5501, 8084, 0, 0, 0
5600, 7895, 0, 0, 0
5700, 10031, 0, 0, 0
5800, 8907, 0, 0, 0
5900, 8427, 0, 0, 0
6000, 8765, 0, 0, 0
6100, 6999, 0, 0, 0
6200, 8470, 0, 0, 0
6301, 8787, 0, 0, 0
6401, 7932, 0, 0, 0
6500, 8788, 0, 0, 0
6600, 8308, 0, 0, 0
6700, 6830, 0, 0, 0
6801, 7101, 0, 0, 0
6901, 7921, 0, 0, 0
7000, 7644, 0, 0, 0
7101, 8653, 0, 0, 0
7201, 7917, 0, 0, 0
7301, 9067, 0, 0, 0
7400, 7642, 0, 0, 0
7501, 7897, 0, 0, 0
7600, 5025, 0, 0, 0
7701, 6141, 0, 0, 0
7800, 7207, 0, 0, 0
7900, 7713, 0, 0, 0
8000, 5769, 0, 0, 0
8100, 7611, 0, 0, 0
8201, 8427, 0, 0, 0
8300, 6411, 0, 0, 0
8400, 8020, 0, 0, 0
8500, 8375, 0, 0, 0
8600, 8800, 0, 0, 0
8701, 7981, 0, 0, 0
8801, 7552, 0, 0, 0
8902, 7695, 0, 0, 0
9000, 6951, 0, 0, 0
9100, 7819, 0, 0, 0
9200, 8312, 0, 0, 0
9300, 9774, 0, 0, 0
9400, 6657, 0, 0, 0
9500, 7609, 0, 0, 0
9600, 9933, 0, 0, 0
9700, 7732, 0, 0, 0
9801, 8801, 0, 0, 0
9900, 5872, 0, 0, 0
10000, 6098, 0, 0, 0
10101, 7898, 0, 0, 0
10201, 7135, 0, 0, 0
10300, 7158, 0, 0, 0
10400, 7682, 0, 0, 0
10500, 5819, 0, 0, 0
10600, 7680, 0, 0, 0
10700, 8082, 0, 0, 0
10800, 7135, 0, 0, 0
10900, 7349, 0, 0, 0
11001, 6715, 0, 0, 0
11100, 9504, 0, 0, 0
11200, 7783, 0, 0, 0
11301, 6319, 0, 0, 0
11400, 7219, 0, 0, 0
11500, 6342, 0, 0, 0
11600, 8109, 0, 0, 0
11700, 8815, 0, 0, 0
11800, 9018, 0, 0, 0
11900, 7172, 0, 0, 0
12000, 5842, 0, 0, 0
12101, 8925, 0, 0, 0
12200, 7856, 0, 0, 0
12302, 8493, 0, 0, 0
12400, 7910, 0, 0, 0
12500, 7558, 0, 0, 0
12601, 9421, 0, 0, 0
12700, 7164, 0, 0, 0
12800, 8182, 0, 0, 0
12900, 8324, 0, 0, 0
13000, 8052, 0, 0, 0
13100, 10063, 0, 0, 0
13200, 7971, 0, 0, 0
13300, 8446, 0, 0, 0
13400, 7511, 0, 0, 0
13500, 7347, 0, 0, 0
13600, 6438, 0, 0, 0
13700, 5651, 0, 0, 0
13800, 5350, 0, 0, 0
13901, 9087, 0, 0, 0
14000, 6556, 0, 0, 0
14101, 6762, 0, 0, 0
14200, 7249, 0, 0, 0
14301, 8119, 0, 0, 0
14400, 7300, 0, 0, 0
14500, 6584, 0, 0, 0
14600, 6697, 0, 0, 0
14700, 6700, 0, 0, 0
14800, 5742, 0, 0, 0
14900, 8578, 0, 0, 0
15001, 7278, 0, 0, 0
15100, 5283, 0, 0, 0
15200, 7853, 0, 0, 0
15300, 7234, 0, 0, 0
15400, 7820, 0, 0, 0
15500, 8863, 0, 0, 0
15600, 6836, 0, 0, 0
15701, 6901, 0, 0, 0
15800, 8683, 0, 0, 0
15901, 7855, 0, 0, 0
16000, 10243, 0, 0, 0
16100, 8078, 0, 0, 0
16200, 8852, 0, 0, 0
16300, 8597, 0, 0, 0
16400, 8414, 0, 0, 0
16500, 8399, 0, 0, 0
16601, 10364, 0, 0, 0
16700, 10150, 0, 0, 0
16800, 6855, 0, 0, 0
16901, 6627, 0, 0, 0
17000, 8494, 0, 0, 0
17100, 6090, 0, 0, 0
17200, 6654, 0, 0, 0
17300, 8071, 0, 0, 0
17400, 6710, 0, 0, 0
17500, 5006, 0, 0, 0
17600, 4547, 0, 0, 0
17700, 6141, 0, 0, 0
17800, 5360, 0, 0, 0
17900, 7008, 0, 0, 0
18000, 5552, 0, 0, 0
18100, 7920, 0, 0, 0
18200, 7906, 0, 0, 0
18300, 7042, 0, 0, 0
18400, 8304, 0, 0, 0
18500, 7088, 0, 0, 0
18600, 8442, 0, 0, 0
18700, 7829, 0, 0, 0
18800, 6763, 0, 0, 0
18901, 7760, 0, 0, 0
19000, 8206, 0, 0, 0
19100, 6634, 0, 0, 0
19200, 8210, 0, 0, 0
19300, 5700, 0, 0, 0
19401, 7470, 0, 0, 0
19500, 7346, 0, 0, 0
19600, 7968, 0, 0, 0
19700, 6553, 0, 0, 0
19801, 6135, 0, 0, 0
19900, 6222, 0, 0, 0
20000, 6852, 0, 0, 0
20100, 6950, 0, 0, 0
20200, 4711, 0, 0, 0
20300, 5470, 0, 0, 0
20401, 5112, 0, 0, 0
20500, 6346, 0, 0, 0
20600, 5473, 0, 0, 0
20700, 4716, 0, 0, 0
20800, 5115, 0, 0, 0
20900, 6222, 0, 0, 0
21000, 4992, 0, 0, 0
21100, 7059, 0, 0, 0
21200, 6088, 0, 0, 0
21300, 7379, 0, 0, 0
21400, 6742, 0, 0, 0
21500, 5934, 0, 0, 0
21601, 6601, 0, 0, 0
21701, 7422, 0, 0, 0
21801, 7002, 0, 0, 0
21900, 7566, 0, 0, 0
22000, 5998, 0, 0, 0
22100, 7119, 0, 0, 0
22200, 6324, 0, 0, 0
22301, 5539, 0, 0, 0
22400, 6543, 0, 0, 0
22500, 6929, 0, 0, 0
22600, 6264, 0, 0, 0
22700, 8132, 0, 0, 0
22800, 6930, 0, 0, 0
22900, 4781, 0, 0, 0
23000, 7309, 0, 0, 0
23100, 8058, 0, 0, 0
23201, 10404, 0, 0, 0
23300, 7923, 0, 0, 0
23400, 7224, 0, 0, 0
23500, 6138, 0, 0, 0
23601, 7954, 0, 0, 0
23700, 7482, 0, 0, 0
23800, 6441, 0, 0, 0
23900, 7091, 0, 0, 0
24000, 7143, 0, 0, 0
24100, 8508, 0, 0, 0
24200, 5831, 0, 0, 0
24300, 5357, 0, 0, 0
24400, 6725, 0, 0, 0
24501, 6274, 0, 0, 0
24600, 6223, 0, 0, 0
24700, 5696, 0, 0, 0
24800, 5418, 0, 0, 0
24900, 5798, 0, 0, 0
25000, 4179, 0, 0, 0
25100, 4736, 0, 0, 0
25200, 5156, 0, 0, 0
25301, 4057, 0, 0, 0
25400, 5917, 0, 0, 0
25500, 4924, 0, 0, 0
25601, 5280, 0, 0, 0
25700, 5351, 0, 0, 0
25800, 4656, 0, 0, 0
25900, 4534, 0, 0, 0
26001, 7580, 0, 0, 0
26100, 8647, 0, 0, 0
26200, 8150, 0, 0, 0
26300, 8556, 0, 0, 0
26400, 9548, 0, 0, 0
26500, 8273, 0, 0, 0
26600, 8853, 0, 0, 0
26701, 9426, 0, 0, 0
26801, 6444, 0, 0, 0
26900, 9359, 0, 0, 0
27000, 8867, 0, 0, 0
27100, 7318, 0, 0, 0
27201, 8036, 0, 0, 0
27300, 8799, 0, 0, 0
27400, 8438, 0, 0, 0
27500, 5760, 0, 0, 0
27600, 6441, 0, 0, 0
27700, 9064, 0, 0, 0
27800, 7822, 0, 0, 0
27900, 8579, 0, 0, 0
28000, 8519, 0, 0, 0
28100, 10278, 0, 0, 0
28200, 8839, 0, 0, 0
28300, 10344, 0, 0, 0
28400, 10884, 0, 0, 0
28501, 9037, 0, 0, 0
28600, 9758, 0, 0, 0
28702, 9418, 0, 0, 0
28800, 7922, 0, 0, 0
28900, 8290, 0, 0, 0
29000, 9113, 0, 0, 0
29100, 9747, 0, 0, 0
29200, 9226, 0, 0, 0
29300, 10658, 0, 0, 0
29400, 8802, 0, 0, 0
29501, 9947, 0, 0, 0
29600, 10238, 0, 0, 0
29700, 10165, 0, 0, 0
29800, 9431, 0, 0, 0
29900, 9272, 0, 0, 0
30000, 6938, 0, 0, 0
30100, 8090, 0, 0, 0
30200, 7233, 0, 0, 0
30300, 5942, 0, 0, 0
30400, 5101, 0, 0, 0
30500, 5734, 0, 0, 0
30600, 9368, 0, 0, 0
30700, 10906, 0, 0, 0
30800, 11220, 0, 0, 0
30901, 9585, 0, 0, 0
31000, 10009, 0, 0, 0
31100, 8304, 0, 0, 0
31200, 10158, 0, 0, 0
31300, 10409, 0, 0, 0
31401, 9779, 0, 0, 0
31500, 8443, 0, 0, 0
31601, 8158, 0, 0, 0
31700, 9186, 0, 0, 0
31800, 7983, 0, 0, 0
31900, 9696, 0, 0, 0
32000, 9434, 0, 0, 0
32100, 10343, 0, 0, 0
32200, 7690, 0, 0, 0
32300, 8759, 0, 0, 0
32400, 8570, 0, 0, 0
32500, 7361, 0, 0, 0
32600, 7396, 0, 0, 0
32700, 9180, 0, 0, 0
32800, 9081, 0, 0, 0
32901, 8255, 0, 0, 0
33001, 7805, 0, 0, 0
33100, 7975, 0, 0, 0
33201, 7354, 0, 0, 0
33300, 8414, 0, 0, 0
33400, 8040, 0, 0, 0
33500, 7488, 0, 0, 0
33600, 8460, 0, 0, 0
33701, 7413, 0, 0, 0
33800, 7147, 0, 0, 0
33900, 9939, 0, 0, 0
34000, 8989, 0, 0, 0
34100, 6664, 0, 0, 0
34201, 4478, 0, 0, 0
34300, 6572, 0, 0, 0
34400, 7161, 0, 0, 0
34500, 7479, 0, 0, 0
34601, 5536, 0, 0, 0
34700, 6098, 0, 0, 0
34800, 11881, 0, 0, 0
34900, 10163, 0, 0, 0
35000, 9673, 0, 0, 0
35100, 6811, 0, 0, 0
35200, 6227, 0, 0, 0
35300, 8890, 0, 0, 0
35400, 7903, 0, 0, 0
35500, 6890, 0, 0, 0
35600, 4797, 0, 0, 0
35700, 6752, 0, 0, 0
35800, 7470, 0, 0, 0
35901, 7470, 0, 0, 0
36000, 8128, 0, 0, 0
36101, 7883, 0, 0, 0
36200, 7495, 0, 0, 0
36300, 7448, 0, 0, 0
36400, 8389, 0, 0, 0
36500, 8681, 0, 0, 0
36600, 8206, 0, 0, 0
36701, 9461, 0, 0, 0
36800, 6765, 0, 0, 0
36901, 8347, 0, 0, 0
37000, 8886, 0, 0, 0
37100, 8418, 0, 0, 0
37200, 10240, 0, 0, 0
37300, 10326, 0, 0, 0
37400, 8817, 0, 0, 0
37501, 7303, 0, 0, 0
37601, 8037, 0, 0, 0
37701, 7427, 0, 0, 0
37800, 7622, 0, 0, 0
37900, 9880, 0, 0, 0
38000, 8464, 0, 0, 0
38100, 8271, 0, 0, 0
38200, 8125, 0, 0, 0
38301, 8872, 0, 0, 0
38400, 9790, 0, 0, 0
38500, 8188, 0, 0, 0
38601, 9904, 0, 0, 0
38700, 8715, 0, 0, 0
38800, 9011, 0, 0, 0
38900, 8585, 0, 0, 0
39000, 8198, 0, 0, 0
39101, 8545, 0, 0, 0
39201, 9352, 0, 0, 0
39300, 7341, 0, 0, 0
39400, 10024, 0, 0, 0
39500, 8123, 0, 0, 0
39600, 7334, 0, 0, 0
39700, 8877, 0, 0, 0
39800, 8079, 0, 0, 0
39900, 7014, 0, 0, 0
40001, 8723, 0, 0, 0
40101, 7247, 0, 0, 0
40200, 7555, 0, 0, 0
40301, 5406, 0, 0, 0
40400, 9323, 0, 0, 0
40500, 7046, 0, 0, 0
40600, 5962, 0, 0, 0
40700, 3974, 0, 0, 0
40801, 9052, 0, 0, 0
40900, 9587, 0, 0, 0
41000, 7429, 0, 0, 0
41100, 8209, 0, 0, 0
41200, 8496, 0, 0, 0
41300, 8153, 0, 0, 0
41401, 7891, 0, 0, 0
41500, 8643, 0, 0, 0
41600, 7759, 0, 0, 0
41700, 7513, 0, 0, 0
41800, 8072, 0, 0, 0
41900, 6673, 0, 0, 0
42000, 7995, 0, 0, 0
42100, 7251, 0, 0, 0
42200, 6610, 0, 0, 0
42300, 9158, 0, 0, 0
42400, 7705, 0, 0, 0
42501, 10768, 0, 0, 0
42600, 7625, 0, 0, 0
42700, 8163, 0, 0, 0
42800, 7953, 0, 0, 0
42900, 7599, 0, 0, 0
43001, 8980, 0, 0, 0
43100, 6839, 0, 0, 0
43200, 7517, 0, 0, 0
43301, 7686, 0, 0, 0
43400, 6607, 0, 0, 0
43500, 6997, 0, 0, 0
43600, 8283, 0, 0, 0
43700, 7534, 0, 0, 0
43800, 7208, 0, 0, 0
43900, 9128, 0, 0, 0
44000, 8562, 0, 0, 0
44100, 7312, 0, 0, 0
44200, 9376, 0, 0, 0
44301, 7677, 0, 0, 0
44401, 7483, 0, 0, 0
44500, 8687, 0, 0, 0
44600, 7096, 0, 0, 0
44701, 8042, 0, 0, 0
44801, 7450, 0, 0, 0
44900, 7018, 0, 0, 0
45001, 7675, 0, 0, 0
45100, 8360, 0, 0, 0
45200, 6381, 0, 0, 0
45300, 8722, 0, 0, 0
45400, 6648, 0, 0, 0
45500, 7278, 0, 0, 0
45600, 7164, 0, 0, 0
45700, 7351, 0, 0, 0
45801, 4909, 0, 0, 0
45900, 5556, 0, 0, 0
46000, 11477, 0, 0, 0
46101, 9845, 0, 0, 0
46201, 11328, 0, 0, 0
46301, 9619, 0, 0, 0
46400, 8161, 0, 0, 0
46500, 8413, 0, 0, 0
46600, 8402, 0, 0, 0
46700, 7218, 0, 0, 0
46800, 6947, 0, 0, 0
46900, 8187, 0, 0, 0
47001, 8808, 0, 0, 0
47100, 7592, 0, 0, 0
47201, 9657, 0, 0, 0
47300, 9665, 0, 0, 0
47400, 8248, 0, 0, 0
47500, 7987, 0, 0, 0
47601, 9228, 0, 0, 0
47700, 9298, 0, 0, 0
47800, 7263, 0, 0, 0
47900, 10908, 0, 0, 0
48000, 10304, 0, 0, 0
48100, 9795, 0, 0, 0
48201, 8920, 0, 0, 0
48300, 6354, 0, 0, 0
48400, 6764, 0, 0, 0
48501, 6592, 0, 0, 0
48601, 6982, 0, 0, 0
48700, 6771, 0, 0, 0
48800, 7961, 0, 0, 0
48901, 9178, 0, 0, 0
49001, 8251, 0, 0, 0
49101, 8376, 0, 0, 0
49200, 10268, 0, 0, 0
49300, 6798, 0, 0, 0
49401, 7411, 0, 0, 0
49501, 7072, 0, 0, 0
49600, 9542, 0, 0, 0
49700, 7577, 0, 0, 0
49800, 6052, 0, 0, 0
49901, 9140, 0, 0, 0
50001, 7925, 0, 0, 0
50100, 9233, 0, 0, 0
50201, 11389, 0, 0, 0
50300, 11966, 0, 0, 0
50401, 10590, 0, 0, 0
50501, 10546, 0, 0, 0
50600, 10155, 0, 0, 0
50700, 12521, 0, 0, 0
50801, 12291, 0, 0, 0
50900, 6864, 0, 0, 0
51000, 8427, 0, 0, 0
51100, 11316, 0, 0, 0
51200, 12053, 0, 0, 0
51300, 10332, 0, 0, 0
51400, 9879, 0, 0, 0
51500, 11148, 0, 0, 0
51600, 10290, 0, 0, 0
51700, 12462, 0, 0, 0
51801, 10216, 0, 0, 0
51900, 9592, 0, 0, 0
52000, 11661, 0, 0, 0
52100, 11071, 0, 0, 0
52200, 9544, 0, 0, 0
52300, 13147, 0, 0, 0
52401, 10788, 0, 0, 0
52501, 8837, 0, 0, 0
52600, 7640, 0, 0, 0
52701, 8387, 0, 0, 0
52801, 9024, 0, 0, 0
52900, 9770, 0, 0, 0
53001, 8377, 0, 0, 0
53100, 8056, 0, 0, 0
53201, 9435, 0, 0, 0
53300, 9923, 0, 0, 0
53401, 7921, 0, 0, 0
53500, 8003, 0, 0, 0
53600, 7990, 0, 0, 0
53700, 8094, 0, 0, 0
53801, 7814, 0, 0, 0
53900, 8600, 0, 0, 0
54000, 8134, 0, 0, 0
54101, 6842, 0, 0, 0
54200, 6839, 0, 0, 0
54300, 5569, 0, 0, 0
54400, 8765, 0, 0, 0
54500, 7798, 0, 0, 0
54600, 6474, 0, 0, 0
54700, 8815, 0, 0, 0
54800, 8479, 0, 0, 0
54901, 8040, 0, 0, 0
55000, 8800, 0, 0, 0
55102, 7154, 0, 0, 0
55200, 8899, 0, 0, 0
55300, 8155, 0, 0, 0
55401, 9337, 0, 0, 0
55500, 9858, 0, 0, 0
55601, 9119, 0, 0, 0
55701, 9051, 0, 0, 0
55800, 8062, 0, 0, 0
55901, 8620, 0, 0, 0
56000, 8716, 0, 0, 0
56100, 5848, 0, 0, 0
56200, 8956, 0, 0, 0
56300, 6265, 0, 0, 0
56401, 8644, 0, 0, 0
56500, 8286, 0, 0, 0
56601, 9278, 0, 0, 0
56700, 9063, 0, 0, 0
56800, 8540, 0, 0, 0
56900, 8489, 0, 0, 0
57001, 9439, 0, 0, 0
57100, 8093, 0, 0, 0
57200, 10653, 0, 0, 0
57300, 10061, 0, 0, 0
57400, 8053, 0, 0, 0
57500, 6773, 0, 0, 0
57600, 7791, 0, 0, 0
57700, 8688, 0, 0, 0
57800, 8439, 0, 0, 0
57900, 9000, 0, 0, 0
58000, 8353, 0, 0, 0
58100, 8241, 0, 0, 0
58200, 8697, 0, 0, 0
58300, 7075, 0, 0, 0
58400, 6876, 0, 0, 0
58501, 8585, 0, 0, 0
58600, 8245, 0, 0, 0
58700, 7215, 0, 0, 0
58800, 9627, 0, 0, 0
58900, 8452, 0, 0, 0
59001, 7829, 0, 0, 0
59100, 7525, 0, 0, 0
59202, 7262, 0, 0, 0
59300, 7089, 0, 0, 0
59402, 10206, 0, 0, 0
59500, 8629, 0, 0, 0
59600, 9777, 0, 0, 0
59700, 7847, 0, 0, 0
59800, 8916, 0, 0, 0
59900, 6937, 0, 0, 0
60000, 9510, 0, 0, 0
60100, 7894, 0, 0, 0
60200, 9736, 0, 0, 0
60300, 11209, 0, 0, 0
60401, 12095, 0, 0, 0
60500, 12075, 0, 0, 0
60600, 10184, 0, 0, 0
60700, 10009, 0, 0, 0
60801, 9510, 0, 0, 0
60900, 8807, 0, 0, 0
61000, 7802, 0, 0, 0
61101, 7290, 0, 0, 0
61200, 5091, 0, 0, 0
61300, 7017, 0, 0, 0
61401, 9322, 0, 0, 0
61500, 8974, 0, 0, 0
61601, 10440, 0, 0, 0
61700, 8617, 0, 0, 0
61800, 6161, 0, 0, 0
61900, 8116, 0, 0, 0
62000, 7627, 0, 0, 0
62100, 9963, 0, 0, 0
62200, 12138, 0, 0, 0
62300, 13543, 0, 0, 0
62400, 10084, 0, 0, 0
62500, 8242, 0, 0, 0
62601, 8816, 0, 0, 0
62700, 9423, 0, 0, 0
62800, 8063, 0, 0, 0
62900, 8674, 0, 0, 0
63000, 7758, 0, 0, 0
63100, 7031, 0, 0, 0
63200, 8331, 0, 0, 0
63300, 7269, 0, 0, 0
63402, 7582, 0, 0, 0
63500, 7799, 0, 0, 0
63600, 6779, 0, 0, 0
63700, 8034, 0, 0, 0
63801, 7258, 0, 0, 0
63901, 9009, 0, 0, 0
64000, 7056, 0, 0, 0
64100, 5535, 0, 0, 0
64200, 5767, 0, 0, 0
64300, 7169, 0, 0, 0
64400, 6505, 0, 0, 0
64500, 8665, 0, 0, 0
64601, 7142, 0, 0, 0
64700, 7439, 0, 0, 0
64800, 7610, 0, 0, 0
64900, 7664, 0, 0, 0
65000, 11715, 0, 0, 0
65100, 9221, 0, 0, 0
65200, 8871, 0, 0, 0
65300, 9818, 0, 0, 0
65400, 8323, 0, 0, 0
65500, 6599, 0, 0, 0
65601, 8624, 0, 0, 0
65700, 7733, 0, 0, 0
65801, 8475, 0, 0, 0
65900, 6399, 0, 0, 0
66000, 7912, 0, 0, 0
66100, 7117, 0, 0, 0
66200, 8425, 0, 0, 0
66300, 4101, 0, 0, 0
66400, 7922, 0, 0, 0
66500, 7428, 0, 0, 0
66600, 8776, 0, 0, 0
66701, 8541, 0, 0, 0
66801, 7521, 0, 0, 0
66900, 6244, 0, 0, 0
67000, 9519, 0, 0, 0
67101, 8477, 0, 0, 0
67201, 8375, 0, 0, 0
67300, 10922, 0, 0, 0
67400, 7686, 0, 0, 0
67501, 8050, 0, 0, 0
67600, 7145, 0, 0, 0
67700, 7474, 0, 0, 0
67800, 6635, 0, 0, 0
67900, 5984, 0, 0, 0
68001, 7453, 0, 0, 0
68100, 8141, 0, 0, 0
68201, 7892, 0, 0, 0
68300, 8315, 0, 0, 0
68400, 8477, 0, 0, 0
68500, 7276, 0, 0, 0
68600, 8236, 0, 0, 0
68701, 5607, 0, 0, 0
68800, 6478, 0, 0, 0
68900, 7029, 0, 0, 0
69001, 10301, 0, 0, 0
69100, 9101, 0, 0, 0
69200, 11213, 0, 0, 0
69300, 10862, 0, 0, 0
69400, 10382, 0, 0, 0
69500, 7816, 0, 0, 0
69600, 8655, 0, 0, 0
69700, 6860, 0, 0, 0
69801, 7641, 0, 0, 0
69900, 8356, 0, 0, 0
70000, 8896, 0, 0, 0
70100, 8479, 0, 0, 0
70201, 11827, 0, 0, 0
70300, 10258, 0, 0, 0
70400, 11327, 0, 0, 0
70500, 8784, 0, 0, 0
70600, 9888, 0, 0, 0
70702, 11109, 0, 0, 0
70800, 10992, 0, 0, 0
70901, 9864, 0, 0, 0
71000, 6470, 0, 0, 0
71100, 9078, 0, 0, 0
71200, 6761, 0, 0, 0
71300, 6989, 0, 0, 0
71400, 5793, 0, 0, 0
71500, 5971, 0, 0, 0
71600, 8027, 0, 0, 0
71700, 6646, 0, 0, 0
71801, 7010, 0, 0, 0
71900, 9395, 0, 0, 0
72001, 7575, 0, 0, 0
72100, 6879, 0, 0, 0
72200, 9278, 0, 0, 0
72300, 7681, 0, 0, 0
72400, 8461, 0, 0, 0
72500, 7433, 0, 0, 0
72600, 7811, 0, 0, 0
72700, 6587, 0, 0, 0
72800, 6541, 0, 0, 0
72901, 7616, 0, 0, 0
73001, 8334, 0, 0, 0
73101, 7706, 0, 0, 0
73200, 7937, 0, 0, 0
73301, 9274, 0, 0, 0
73401, 7889, 0, 0, 0
73500, 8624, 0, 0, 0
73600, 10103, 0, 0, 0
73700, 6516, 0, 0, 0
73800, 6394, 0, 0, 0
73900, 5909, 0, 0, 0
74001, 7304, 0, 0, 0
74101, 7057, 0, 0, 0
74200, 8113, 0, 0, 0
74300, 9252, 0, 0, 0
74402, 10159, 0, 0, 0
74500, 8977, 0, 0, 0
74600, 6900, 0, 0, 0
74700, 8920, 0, 0, 0
74801, 8160, 0, 0, 0
74900, 7463, 0, 0, 0
75000, 8915, 0, 0, 0
75100, 8274, 0, 0, 0
75200, 6854, 0, 0, 0
75300, 7073, 0, 0, 0
75400, 8889, 0, 0, 0
75501, 8759, 0, 0, 0
75600, 6511, 0, 0, 0
75700, 6132, 0, 0, 0
75801, 6170, 0, 0, 0
75900, 5895, 0, 0, 0
76000, 5717, 0, 0, 0
76100, 6557, 0, 0, 0
76200, 5867, 0, 0, 0
76300, 6737, 0, 0, 0
76401, 7488, 0, 0, 0
76500, 5377, 0, 0, 0
76600, 5691, 0, 0, 0
76700, 10318, 0, 0, 0
76800, 7415, 0, 0, 0
76901, 9467, 0, 0, 0
77000, 7215, 0, 0, 0
77100, 7097, 0, 0, 0
77200, 6921, 0, 0, 0
77300, 6827, 0, 0, 0
77400, 6777, 0, 0, 0
77500, 6774, 0, 0, 0
77600, 5627, 0, 0, 0
77700, 7772, 0, 0, 0
77801, 8906, 0, 0, 0
77900, 7192, 0, 0, 0
78000, 7533, 0, 0, 0
78100, 7868, 0, 0, 0
78200, 7560, 0, 0, 0
78300, 9374, 0, 0, 0
78400, 7944, 0, 0, 0
78500, 6510, 0, 0, 0
78600, 6786, 0, 0, 0
78701, 9431, 0, 0, 0
78800, 7583, 0, 0, 0
78900, 9493, 0, 0, 0
79000, 8846, 0, 0, 0
79100, 6570, 0, 0, 0
79200, 7080, 0, 0, 0
79300, 6924, 0, 0, 0
79401, 7084, 0, 0, 0
79500, 8236, 0, 0, 0
79600, 6751, 0, 0, 0
79700, 11184, 0, 0, 0
79801, 9581, 0, 0, 0
79900, 8025, 0, 0, 0
80000, 11025, 0, 0, 0
80100, 10367, 0, 0, 0
80200, 9238, 0, 0, 0
80300, 6861, 0, 0, 0
80400, 7018, 0, 0, 0
80500, 9634, 0, 0, 0
80600, 6723, 0, 0, 0
80701, 10785, 0, 0, 0
80800, 7156, 0, 0, 0
80900, 8006, 0, 0, 0
81000, 7415, 0, 0, 0
81100, 8603, 0, 0, 0
81201, 8651, 0, 0, 0
81301, 8278, 0, 0, 0
81400, 9004, 0, 0, 0
81500, 9068, 0, 0, 0
81600, 5622, 0, 0, 0
81700, 5262, 0, 0, 0
81801, 8002, 0, 0, 0
81900, 8856, 0, 0, 0
82000, 8964, 0, 0, 0
82101, 9313, 0, 0, 0
82200, 8432, 0, 0, 0
82301, 7510, 0, 0, 0
82400, 6913, 0, 0, 0
82501, 8674, 0, 0, 0
82600, 6908, 0, 0, 0
82700, 9559, 0, 0, 0
82800, 9297, 0, 0, 0
82900, 7260, 0, 0, 0
83000, 8289, 0, 0, 0
83100, 10081, 0, 0, 0
83200, 8822, 0, 0, 0
83300, 9367, 0, 0, 0
83400, 8544, 0, 0, 0
83500, 7662, 0, 0, 0
83601, 6955, 0, 0, 0
83700, 7082, 0, 0, 0
83800, 6173, 0, 0, 0
83901, 8397, 0, 0, 0
84000, 8584, 0, 0, 0
84100, 7649, 0, 0, 0
84200, 7433, 0, 0, 0
84300, 9207, 0, 0, 0
84400, 10717, 0, 0, 0
84500, 7670, 0, 0, 0
84600, 6769, 0, 0, 0
84700, 11131, 0, 0, 0
84800, 9264, 0, 0, 0
84900, 7561, 0, 0, 0
85000, 10669, 0, 0, 0
85100, 7997, 0, 0, 0
85200, 5878, 0, 0, 0
85300, 6009, 0, 0, 0
85400, 8595, 0, 0, 0
85500, 6828, 0, 0, 0
85600, 7368, 0, 0, 0
85700, 8966, 0, 0, 0
85800, 8168, 0, 0, 0
85900, 7264, 0, 0, 0
86000, 6483, 0, 0, 0
86100, 5417, 0, 0, 0
86201, 5812, 0, 0, 0
86301, 5428, 0, 0, 0
86400, 6152, 0, 0, 0
86500, 3946, 0, 0, 0
86600, 4353, 0, 0, 0
86700, 3651, 0, 0, 0
86801, 3134, 0, 0, 0
86900, 4163, 0, 0, 0
87000, 7661, 0, 0, 0
87100, 6860, 0, 0, 0
87201, 7806, 0, 0, 0
87300, 6435, 0, 0, 0
87400, 5225, 0, 0, 0
87500, 6382, 0, 0, 0
87600, 6716, 0, 0, 0
87700, 6899, 0, 0, 0
87800, 7980, 0, 0, 0
87900, 6474, 0, 0, 0
88000, 8773, 0, 0, 0
88100, 7886, 0, 0, 0
88200, 7207, 0, 0, 0
88300, 6649, 0, 0, 0
88400, 6636, 0, 0, 0
88500, 5696, 0, 0, 0
88600, 6209, 0, 0, 0
88700, 7373, 0, 0, 0
88802, 8770, 0, 0, 0
88900, 8959, 0, 0, 0
89000, 9766, 0, 0, 0
89101, 10376, 0, 0, 0
89200, 9375, 0, 0, 0
89300, 9021, 0, 0, 0
89401, 8451, 0, 0, 0
89500, 7734, 0, 0, 0
89601, 7256, 0, 0, 0
89701, 6808, 0, 0, 0
89800, 6993, 0, 0, 0
89901, 7905, 0, 0, 0
90001, 6997, 0, 0, 0
