100, 3094912, 1, 0, 0
100, 1265097, 0, 0, 0
200, 3341385, 1, 0, 0
200, 1386247, 0, 0, 0
300, 1214489, 0, 0, 0
300, 3209014, 1, 0, 0
400, 1309960, 0, 0, 0
400, 3114458, 1, 0, 0
500, 3076178, 1, 0, 0
500, 1355033, 0, 0, 0
600, 1331668, 0, 0, 0
601, 3101142, 1, 0, 0
700, 1284122, 0, 0, 0
701, 3346864, 1, 0, 0
800, 3096760, 1, 0, 0
800, 1253166, 0, 0, 0
900, 1242498, 0, 0, 0
903, 3036171, 1, 0, 0
1000, 1284573, 0, 0, 0
1000, 3095677, 1, 0, 0
1100, 1230444, 0, 0, 0
1102, 2870081, 1, 0, 0
1200, 1429784, 0, 0, 0
1200, 3143487, 1, 0, 0
1300, 1303735, 0, 0, 0
1300, 3089561, 1, 0, 0
1400, 1209625, 0, 0, 0
1401, 3164734, 1, 0, 0
1500, 1263342, 0, 0, 0
1500, 3067388, 1, 0, 0
1600, 1344487, 0, 0, 0
1600, 3405988, 1, 0, 0
1700, 3085930, 1, 0, 0
1702, 1237731, 0, 0, 0
1800, 1232792, 0, 0, 0
1801, 2947374, 1, 0, 0
1900, 1391891, 0, 0, 0
1900, 3004609, 1, 0, 0
2000, 1182363, 0, 0, 0
2001, 2952611, 1, 0, 0
2100, 1359552, 0, 0, 0
2102, 3104347, 1, 0, 0
2200, 3158374, 1, 0, 0
2201, 1335981, 0, 0, 0
2300, 1222695, 0, 0, 0
2300, 3047998, 1, 0, 0
2400, 1242482, 0, 0, 0
2404, 3047067, 1, 0, 0
2500, 1433436, 0, 0, 0
2502, 3199303, 1, 0, 0
2600, 1286661, 0, 0, 0
2602, 3225663, 1, 0, 0
2701, 3086610, 1, 0, 0
2701, 1359762, 0, 0, 0
2800, 2890787, 1, 0, 0
2801, 1379152, 0, 0, 0
2901, 2972228, 1, 0, 0
2901, 1253718, 0, 0, 0
3000, 3004806, 1, 0, 0
3000, 1325479, 0, 0, 0
3100, 1271178, 0, 0, 0
3101, 2774171, 1, 0, 0
3200, 1264223, 0, 0, 0
3200, 2848469, 1, 0, 0
3300, 2908156, 1, 0, 0
3301, 1340370, 0, 0, 0
3400, 3007496, 1, 0, 0
3400, 1251770, 0, 0, 0
3500, 1267194, 0, 0, 0
3501, 3188653, 1, 0, 0
3600, 1265561, 0, 0, 0
3600, 3116398, 1, 0, 0
3700, 1233203, 0, 0, 0
3700, 3220199, 1, 0, 0
3800, 2951022, 1, 0, 0
3800, 1309865, 0, 0, 0
3900, 1248396, 0, 0, 0
3903, 3157679, 1, 0, 0
4000, 2682885, 1, 0, 0
4000, 1236092, 0, 0, 0
4100, 1287053, 0, 0, 0
4100, 2981479, 1, 0, 0
4200, 1229740, 0, 0, 0
4205, 3227062, 1, 0, 0
4300, 1341458, 0, 0, 0
4300, 2973250, 1, 0, 0
4400, 3092287, 1, 0, 0
4400, 1273365, 0, 0, 0
4500, 1264676, 0, 0, 0
4501, 2856208, 1, 0, 0
4600, 1299366, 0, 0, 0
4600, 3037400, 1, 0, 0
4700, 1305320, 0, 0, 0
4702, 2940544, 1, 0, 0
4800, 1286808, 0, 0, 0
4801, 3093408, 1, 0, 0
4900, 2839255, 1, 0, 0
4900, 1302068, 0, 0, 0
5000, 1308725, 0, 0, 0
5001, 3047064, 1, 0, 0
5100, 3156295, 1, 0, 0
5100, 1310157, 0, 0, 0
5200, 3104250, 1, 0, 0
5201, 1278024, 0, 0, 0
5300, 1367216, 0, 0, 0
5301, 2831084, 1, 0, 0
5400, 2992194, 1, 0, 0
5400, 1401818, 0, 0, 0
5500, 1374208, 0, 0, 0
5501, 3170994, 1, 0, 0
5600, 1434879, 0, 0, 0
5600, 3049663, 1, 0, 0
5700, 1320360, 0, 0, 0
5701, 3003117, 1, 0, 0
5800, 1355114, 0, 0, 0
5801, 2981936, 1, 0, 0
5900, 1267106, 0, 0, 0
5901, 2963053, 1, 0, 0
6000, 1254144, 0, 0, 0
6001, 3141929, 1, 0, 0
6100, 1271505, 0, 0, 0
6101, 2949609, 1, 0, 0
6200, 3138134, 1, 0, 0
6200, 1257394, 0, 0, 0
6300, 1400452, 0, 0, 0
6300, 2906667, 1, 0, 0
6400, 1306669, 0, 0, 0
6400, 3072369, 1, 0, 0
6500, 1287186, 0, 0, 0
6502, 2993808, 1, 0, 0
6601, 1260573, 0, 0, 0
6601, 3069971, 1, 0, 0
6700, 1253092, 0, 0, 0
6705, 3117810, 1, 0, 0
6800, 1361085, 0, 0, 0
6801, 3165267, 1, 0, 0
6900, 3149825, 1, 0, 0
6902, 1255001, 0, 0, 0
7000, 1327784, 0, 0, 0
7001, 3032064, 1, 0, 0
7100, 1277233, 0, 0, 0
7101, 3036054, 1, 0, 0
7200, 1260552, 0, 0, 0
7201, 3068909, 1, 0, 0
7300, 1255764, 0, 0, 0
7302, 3266192, 1, 0, 0
7400, 1310740, 0, 0, 0
7400, 3003370, 1, 0, 0
7500, 1354567, 0, 0, 0
7501, 2839375, 1, 0, 0
7600, 3000306, 1, 0, 0
7600, 1207749, 0, 0, 0
7700, 2947136, 1, 0, 0
7700, 1241343, 0, 0, 0
7800, 1256536, 0, 0, 0
7800, 2990899, 1, 0, 0
7900, 3032298, 1, 0, 0
7901, 1316387, 0, 0, 0
8000, 1257922, 0, 0, 0
8001, 3144850, 1, 0, 0
8100, 1226280, 0, 0, 0
8103, 3003158, 1, 0, 0
8200, 1250640, 0, 0, 0
8200, 2962339, 1, 0, 0
8300, 1236154, 0, 0, 0
8300, 2927892, 1, 0, 0
8400, 3030825, 1, 0, 0
8400, 1244084, 0, 0, 0
8500, 1354544, 0, 0, 0
8501, 3059267, 1, 0, 0
8600, 3300655, 1, 0, 0
8600, 1355944, 0, 0, 0
8701, 2966337, 1, 0, 0
8701, 1406522, 0, 0, 0
8800, 1317565, 0, 0, 0
8801, 2976189, 1, 0, 0
8900, 1347660, 0, 0, 0
8901, 3098864, 1, 0, 0
9000, 1305889, 0, 0, 0
9000, 2942497, 1, 0, 0
9100, 1251970, 0, 0, 0
9101, 3022922, 1, 0, 0
9200, 1300450, 0, 0, 0
9201, 3144980, 1, 0, 0
9300, 1297424, 0, 0, 0
9303, 3228990, 1, 0, 0
9400, 2859598, 1, 0, 0
9400, 1332363, 0, 0, 0
9500, 1353882, 0, 0, 0
9500, 2986433, 1, 0, 0
9600, 1435360, 0, 0, 0
9601, 3234283, 1, 0, 0
9700, 1385239, 0, 0, 0
9701, 2986204, 1, 0, 0
9800, 2822970, 1, 0, 0
9801, 1260156, 0, 0, 0
9900, 3041711, 1, 0, 0
9900, 1300315, 0, 0, 0
10000, 1218424, 0, 0, 0
10001, 3054942, 1, 0, 0
10100, 1201280, 0, 0, 0
10101, 2887622, 1, 0, 0
10200, 2924101, 1, 0, 0
10200, 1297609, 0, 0, 0
10300, 3020171, 1, 0, 0
10300, 1285557, 0, 0, 0
10400, 2984219, 1, 0, 0
10400, 1228162, 0, 0, 0
10500, 1328585, 0, 0, 0
10500, 3158257, 1, 0, 0
10600, 3385626, 1, 0, 0
10602, 1254239, 0, 0, 0
10701, 1259426, 0, 0, 0
10701, 3476537, 1, 0, 0
10800, 3046801, 1, 0, 0
10800, 1373646, 0, 0, 0
10900, 1299348, 0, 0, 0
10903, 3142923, 1, 0, 0
11000, 1280361, 0, 0, 0
11001, 3218963, 1, 0, 0
11100, 1333662, 0, 0, 0
11102, 2996822, 1, 0, 0
11200, 3182412, 1, 0, 0
11200, 1232631, 0, 0, 0
11300, 1280430, 0, 0, 0
11301, 2911859, 1, 0, 0
11400, 1262248, 0, 0, 0
11402, 3072688, 1, 0, 0
11500, 3264148, 1, 0, 0
11502, 1362722, 0, 0, 0
11600, 1350794, 0, 0, 0
11601, 3096102, 1, 0, 0
11700, 3245551, 1, 0, 0
11701, 1324806, 0, 0, 0
11801, 2962456, 1, 0, 0
11802, 1366164, 0, 0, 0
11900, 1312845, 0, 0, 0
11901, 3148140, 1, 0, 0
12000, 1233747, 0, 0, 0
12004, 3059261, 1, 0, 0
12100, 1280220, 0, 0, 0
12101, 2854764, 1, 0, 0
12200, 1286571, 0, 0, 0
12201, 2886255, 1, 0, 0
12300, 1285478, 0, 0, 0
12302, 2930318, 1, 0, 0
12400, 3128295, 1, 0, 0
12401, 1285778, 0, 0, 0
12500, 1277463, 0, 0, 0
12501, 3080846, 1, 0, 0
12601, 1249852, 0, 0, 0
12601, 2905107, 1, 0, 0
12700, 1294937, 0, 0, 0
12703, 2965949, 1, 0, 0
12800, 1186838, 0, 0, 0
12800, 3112016, 1, 0, 0
12901, 3114675, 1, 0, 0
12903, 1245587, 0, 0, 0
13000, 3233382, 1, 0, 0
13000, 1310592, 0, 0, 0
13100, 1246815, 0, 0, 0
13104, 3046333, 1, 0, 0
13200, 3062478, 1, 0, 0
13200, 1370710, 0, 0, 0
13300, 1295271, 0, 0, 0
13302, 3398823, 1, 0, 0
13400, 1320548, 0, 0, 0
13400, 3008278, 1, 0, 0
13500, 1346992, 0, 0, 0
13502, 3023745, 1, 0, 0
13600, 1316781, 0, 0, 0
13600, 3294100, 1, 0, 0
13700, 3060098, 1, 0, 0
13700, 1318210, 0, 0, 0
13800, 3286327, 1, 0, 0
13800, 1219862, 0, 0, 0
13900, 3085664, 1, 0, 0
13900, 1338740, 0, 0, 0
14000, 1339160, 0, 0, 0
14001, 3095502, 1, 0, 0
14100, 1254596, 0, 0, 0
14101, 2881009, 1, 0, 0
14200, 1210496, 0, 0, 0
14200, 2967132, 1, 0, 0
14300, 1318550, 0, 0, 0
14301, 2908345, 1, 0, 0
14400, 1319135, 0, 0, 0
14401, 2938359, 1, 0, 0
14500, 2985727, 1, 0, 0
14500, 1307388, 0, 0, 0
14600, 1287079, 0, 0, 0
14602, 2914139, 1, 0, 0
14700, 1307703, 0, 0, 0
14700, 3110120, 1, 0, 0
14800, 2880878, 1, 0, 0
14801, 1235547, 0, 0, 0
14900, 1312520, 0, 0, 0
14901, 2983108, 1, 0, 0
15000, 2990767, 1, 0, 0
15000, 1299432, 0, 0, 0
15100, 1271306, 0, 0, 0
15101, 2946242, 1, 0, 0
15200, 1239570, 0, 0, 0
15201, 2924150, 1, 0, 0
15300, 1236612, 0, 0, 0
15301, 3041082, 1, 0, 0
15400, 1283215, 0, 0, 0
15400, 3098174, 1, 0, 0
15500, 3096877, 1, 0, 0
15501, 1506059, 0, 0, 0
15600, 1408011, 0, 0, 0
15600, 3135163, 1, 0, 0
15700, 3157802, 1, 0, 0
15700, 1330238, 0, 0, 0
15800, 1250167, 0, 0, 0
15803, 3073638, 1, 0, 0
15900, 1257900, 0, 0, 0
15902, 2857754, 1, 0, 0
16000, 1243273, 0, 0, 0
16002, 3111324, 1, 0, 0
16100, 3244231, 1, 0, 0
16102, 1371655, 0, 0, 0
16200, 1298687, 0, 0, 0
16200, 2991807, 1, 0, 0
16300, 1292482, 0, 0, 0
16300, 3027295, 1, 0, 0
16400, 1353505, 0, 0, 0
16401, 3075530, 1, 0, 0
16500, 1313898, 0, 0, 0
16502, 3107638, 1, 0, 0
16600, 1276131, 0, 0, 0
16600, 3148313, 1, 0, 0
16700, 2892849, 1, 0, 0
16701, 1386619, 0, 0, 0
16801, 1360076, 0, 0, 0
16801, 2971673, 1, 0, 0
16900, 2989156, 1, 0, 0
16901, 1309086, 0, 0, 0
17000, 1313263, 0, 0, 0
17000, 3049744, 1, 0, 0
17100, 1384887, 0, 0, 0
17101, 3015641, 1, 0, 0
17200, 1314418, 0, 0, 0
17202, 3031185, 1, 0, 0
17300, 1241452, 0, 0, 0
17301, 2962826, 1, 0, 0
17400, 2899625, 1, 0, 0
17401, 1238521, 0, 0, 0
17500, 1242889, 0, 0, 0
17502, 2950920, 1, 0, 0
17600, 3107713, 1, 0, 0
17601, 1273427, 0, 0, 0
17700, 3283974, 1, 0, 0
17700, 1345493, 0, 0, 0
17800, 1353119, 0, 0, 0
17801, 3090149, 1, 0, 0
17900, 1337971, 0, 0, 0
17902, 2932107, 1, 0, 0
18000, 1235217, 0, 0, 0
18000, 3129108, 1, 0, 0
18101, 1253478, 0, 0, 0
18101, 3189994, 1, 0, 0
18200, 1293180, 0, 0, 0
18200, 2895260, 1, 0, 0
18300, 3093019, 1, 0, 0
18300, 1348886, 0, 0, 0
18400, 1192299, 0, 0, 0
18402, 3065318, 1, 0, 0
18500, 1280435, 0, 0, 0
18501, 3057424, 1, 0, 0
18600, 1236601, 0, 0, 0
18601, 3151140, 1, 0, 0
18700, 1242537, 0, 0, 0
18700, 2995268, 1, 0, 0
18800, 1285517, 0, 0, 0
18801, 3165079, 1, 0, 0
18900, 3239089, 1, 0, 0
18900, 1302724, 0, 0, 0
19000, 1446016, 0, 0, 0
19002, 3134599, 1, 0, 0
19100, 1230978, 0, 0, 0
19100, 2874203, 1, 0, 0
19200, 1245757, 0, 0, 0
19200, 2918333, 1, 0, 0
19300, 1256071, 0, 0, 0
19300, 3077214, 1, 0, 0
19400, 1226136, 0, 0, 0
19402, 2868866, 1, 0, 0
19500, 3052407, 1, 0, 0
19501, 1355157, 0, 0, 0
19600, 3091972, 1, 0, 0
19600, 1275306, 0, 0, 0
19700, 3084616, 1, 0, 0
19700, 1188588, 0, 0, 0
19800, 1251240, 0, 0, 0
19800, 2936042, 1, 0, 0
19900, 3136690, 1, 0, 0
19901, 1276296, 0, 0, 0
20000, 1296328, 0, 0, 0
20002, 3160445, 1, 0, 0
20100, 3247420, 1, 0, 0
20100, 1436181, 0, 0, 0
20201, 3040944, 1, 0, 0
20204, 1320996, 0, 0, 0
20300, 1298829, 0, 0, 0
20300, 3032652, 1, 0, 0
20400, 1284556, 0, 0, 0
20404, 3069858, 1, 0, 0
20500, 2948592, 1, 0, 0
20501, 1403709, 0, 0, 0
20600, 1227367, 0, 0, 0
20601, 3030596, 1, 0, 0
20700, 1329897, 0, 0, 0
20700, 3003787, 1, 0, 0
20800, 1159978, 0, 0, 0
20801, 2996630, 1, 0, 0
20900, 1228173, 0, 0, 0
20900, 3235185, 1, 0, 0
21000, 1358471, 0, 0, 0
21003, 2972989, 1, 0, 0
21100, 1304034, 0, 0, 0
21103, 3024117, 1, 0, 0
21200, 1341557, 0, 0, 0
21201, 3121726, 1, 0, 0
21300, 2975572, 1, 0, 0
21301, 1357055, 0, 0, 0
21400, 2915934, 1, 0, 0
21400, 1365470, 0, 0, 0
21500, 1253642, 0, 0, 0
21500, 3055583, 1, 0, 0
21601, 2988245, 1, 0, 0
21601, 1301344, 0, 0, 0
21700, 3182457, 1, 0, 0
21701, 1275409, 0, 0, 0
21800, 1246943, 0, 0, 0
21802, 2980103, 1, 0, 0
21900, 1313119, 0, 0, 0
21901, 3098585, 1, 0, 0
22001, 2908847, 1, 0, 0
22001, 1313239, 0, 0, 0
22100, 2877200, 1, 0, 0
22100, 1260340, 0, 0, 0
22200, 1301064, 0, 0, 0
22202, 3024304, 1, 0, 0
22300, 3172169, 1, 0, 0
22300, 1361018, 0, 0, 0
22400, 3016416, 1, 0, 0
22402, 1368732, 0, 0, 0
22500, 1311480, 0, 0, 0
22501, 3048044, 1, 0, 0
22600, 1213760, 0, 0, 0
22601, 3040708, 1, 0, 0
22700, 1319150, 0, 0, 0
22702, 2941589, 1, 0, 0
22800, 3129731, 1, 0, 0
22800, 1240474, 0, 0, 0
22900, 1361546, 0, 0, 0
22902, 3056344, 1, 0, 0
23000, 1353907, 0, 0, 0
23001, 3044618, 1, 0, 0
23100, 2778628, 1, 0, 0
23100, 1269457, 0, 0, 0
23200, 2950875, 1, 0, 0
23200, 1297823, 0, 0, 0
23300, 1191677, 0, 0, 0
23300, 3083296, 1, 0, 0
23401, 1368701, 0, 0, 0
23402, 2918595, 1, 0, 0
23500, 1300918, 0, 0, 0
23502, 3041182, 1, 0, 0
23600, 1288955, 0, 0, 0
23602, 2897188, 1, 0, 0
23700, 3109995, 1, 0, 0
23701, 1283911, 0, 0, 0
23800, 3146037, 1, 0, 0
23801, 1361599, 0, 0, 0
23900, 1380412, 0, 0, 0
23900, 3006680, 1, 0, 0
24000, 3053981, 1, 0, 0
24001, 1348035, 0, 0, 0
24100, 2970694, 1, 0, 0
24101, 1258375, 0, 0, 0
24200, 2943106, 1, 0, 0
24200, 1308567, 0, 0, 0
24300, 1346912, 0, 0, 0
24301, 2913043, 1, 0, 0
24400, 1294001, 0, 0, 0
24402, 2895281, 1, 0, 0
24500, 3094470, 1, 0, 0
24501, 1192859, 0, 0, 0
24600, 2967930, 1, 0, 0
24600, 1300965, 0, 0, 0
24700, 1279710, 0, 0, 0
24701, 3083242, 1, 0, 0
24800, 1201032, 0, 0, 0
24800, 3176356, 1, 0, 0
24900, 3102604, 1, 0, 0
24900, 1319126, 0, 0, 0
25000, 1274793, 0, 0, 0
25000, 3017302, 1, 0, 0
25100, 1224977, 0, 0, 0
25101, 2945711, 1, 0, 0
25200, 1316876, 0, 0, 0
25201, 2858807, 1, 0, 0
25300, 1316887, 0, 0, 0
25301, 3112868, 1, 0, 0
25400, 1298458, 0, 0, 0
25400, 3143513, 1, 0, 0
25500, 2900991, 1, 0, 0
25500, 1323437, 0, 0, 0
25600, 2981683, 1, 0, 0
25600, 1357562, 0, 0, 0
25700, 3034859, 1, 0, 0
25700, 1362290, 0, 0, 0
25800, 1314414, 0, 0, 0
25803, 3090045, 1, 0, 0
25900, 1292040, 0, 0, 0
25902, 2967297, 1, 0, 0
26000, 3043572, 1, 0, 0
26001, 1249112, 0, 0, 0
26100, 2831375, 1, 0, 0
26100, 1322864, 0, 0, 0
26200, 1254426, 0, 0, 0
26203, 3073376, 1, 0, 0
26300, 3097954, 1, 0, 0
26300, 1263496, 0, 0, 0
26400, 1305465, 0, 0, 0
26403, 2826967, 1, 0, 0
26500, 1277057, 0, 0, 0
26502, 2945413, 1, 0, 0
26600, 1336486, 0, 0, 0
26603, 3181140, 1, 0, 0
26700, 1233819, 0, 0, 0
26702, 3155045, 1, 0, 0
26800, 1264698, 0, 0, 0
26800, 3062032, 1, 0, 0
26900, 1275679, 0, 0, 0
26901, 3101410, 1, 0, 0
27000, 1237313, 0, 0, 0
27002, 2921070, 1, 0, 0
27100, 1293119, 0, 0, 0
27100, 2821865, 1, 0, 0
27200, 1238655, 0, 0, 0
27205, 3187695, 1, 0, 0
27300, 1393625, 0, 0, 0
27301, 3165644, 1, 0, 0
27400, 2882272, 1, 0, 0
27401, 1310252, 0, 0, 0
27500, 1357935, 0, 0, 0
27500, 3157252, 1, 0, 0
27600, 1315139, 0, 0, 0
27601, 3065642, 1, 0, 0
27700, 1241114, 0, 0, 0
27701, 3206832, 1, 0, 0
27800, 1235528, 0, 0, 0
27801, 2942944, 1, 0, 0
27900, 3053263, 1, 0, 0
27900, 1322962, 0, 0, 0
28000, 1331705, 0, 0, 0
28003, 2803787, 1, 0, 0
28100, 1264888, 0, 0, 0
28103, 3001710, 1, 0, 0
28200, 1310346, 0, 0, 0
28201, 3022620, 1, 0, 0
28300, 1289772, 0, 0, 0
28302, 3183497, 1, 0, 0
28400, 1300662, 0, 0, 0
28400, 3206319, 1, 0, 0
28500, 2910737, 1, 0, 0
28502, 1292741, 0, 0, 0
28600, 1312829, 0, 0, 0
28601, 2962855, 1, 0, 0
28700, 1314778, 0, 0, 0
28701, 2893241, 1, 0, 0
28800, 1368055, 0, 0, 0
28803, 3074770, 1, 0, 0
28900, 1280370, 0, 0, 0
28902, 3231564, 1, 0, 0
29000, 1265579, 0, 0, 0
29000, 2804442, 1, 0, 0
29100, 1297766, 0, 0, 0
29101, 2905469, 1, 0, 0
29200, 1295855, 0, 0, 0
29206, 2933118, 1, 0, 0
29300, 1299522, 0, 0, 0
29301, 2988661, 1, 0, 0
29400, 1287483, 0, 0, 0
29402, 2997182, 1, 0, 0
29500, 1295630, 0, 0, 0
29501, 2917425, 1, 0, 0
29600, 1344217, 0, 0, 0
29600, 3066936, 1, 0, 0
29700, 2915907, 1, 0, 0
29701, 1335932, 0, 0, 0
29800, 1300754, 0, 0, 0
29801, 3110407, 1, 0, 0
29900, 1257645, 0, 0, 0
29901, 3024738, 1, 0, 0
30000, 3090237, 1, 0, 0
30001, 1333530, 0, 0, 0
30100, 3148951, 1, 0, 0
30100, 1306655, 0, 0, 0
30200, 1300657, 0, 0, 0
30201, 3004146, 1, 0, 0
30300, 2985303, 1, 0, 0
30300, 1304124, 0, 0, 0
30400, 3043445, 1, 0, 0
30400, 1261360, 0, 0, 0
30500, 1324761, 0, 0, 0
30501, 3011050, 1, 0, 0
30600, 1290157, 0, 0, 0
30602, 2941327, 1, 0, 0
30700, 2890107, 1, 0, 0
30701, 1309917, 0, 0, 0
30800, 1356466, 0, 0, 0
30800, 3212485, 1, 0, 0
30900, 2993340, 1, 0, 0
30900, 1283435, 0, 0, 0
31000, 1289044, 0, 0, 0
31000, 2895055, 1, 0, 0
31100, 1224272, 0, 0, 0
31102, 2874271, 1, 0, 0
31200, 1259364, 0, 0, 0
31201, 3197225, 1, 0, 0
31300, 1326486, 0, 0, 0
31302, 2999762, 1, 0, 0
31400, 3020255, 1, 0, 0
31403, 1286211, 0, 0, 0
31500, 1308371, 0, 0, 0
31504, 3024742, 1, 0, 0
31600, 3119434, 1, 0, 0
31600, 1395012, 0, 0, 0
31700, 1137571, 0, 0, 0
31705, 3109104, 1, 0, 0
31800, 3078485, 1, 0, 0
31800, 1310673, 0, 0, 0
31900, 1319579, 0, 0, 0
31900, 3135095, 1, 0, 0
32000, 1310807, 0, 0, 0
32001, 3171907, 1, 0, 0
32100, 1304430, 0, 0, 0
32101, 3137793, 1, 0, 0
32200, 1261856, 0, 0, 0
32201, 3073005, 1, 0, 0
32300, 1275744, 0, 0, 0
32302, 2966331, 1, 0, 0
32400, 1295090, 0, 0, 0
32403, 2989246, 1, 0, 0
32500, 1324856, 0, 0, 0
32501, 3381198, 1, 0, 0
32600, 1313671, 0, 0, 0
32602, 3180920, 1, 0, 0
32700, 1310122, 0, 0, 0
32700, 3256471, 1, 0, 0
32800, 1376091, 0, 0, 0
32802, 3112772, 1, 0, 0
32900, 3007524, 1, 0, 0
32901, 1353651, 0, 0, 0
33000, 3089860, 1, 0, 0
33000, 1248860, 0, 0, 0
33100, 3122542, 1, 0, 0
33100, 1269551, 0, 0, 0
33200, 1329534, 0, 0, 0
33201, 2903928, 1, 0, 0
33300, 2883100, 1, 0, 0
33301, 1261338, 0, 0, 0
33400, 1339278, 0, 0, 0
33401, 3029168, 1, 0, 0
33500, 1244780, 0, 0, 0
33500, 2875483, 1, 0, 0
33600, 1243017, 0, 0, 0
33601, 3003871, 1, 0, 0
33700, 1263442, 0, 0, 0
33700, 2842537, 1, 0, 0
33800, 1255186, 0, 0, 0
33801, 2974767, 1, 0, 0
33900, 1364812, 0, 0, 0
33904, 3130650, 1, 0, 0
34000, 3040498, 1, 0, 0
34000, 1239830, 0, 0, 0
34100, 1340736, 0, 0, 0
34103, 2856951, 1, 0, 0
34200, 1261825, 0, 0, 0
34201, 3099433, 1, 0, 0
34300, 1239869, 0, 0, 0
34302, 2670318, 1, 0, 0
34400, 2807418, 1, 0, 0
34400, 1260678, 0, 0, 0
34500, 1296687, 0, 0, 0
34500, 2963564, 1, 0, 0
34600, 1256729, 0, 0, 0
34602, 3064712, 1, 0, 0
34700, 1244056, 0, 0, 0
34700, 2999571, 1, 0, 0
34800, 1303907, 0, 0, 0
34802, 3077627, 1, 0, 0
34900, 2909148, 1, 0, 0
34901, 1288297, 0, 0, 0
35000, 3026592, 1, 0, 0
35000, 1372125, 0, 0, 0
35100, 1263367, 0, 0, 0
35100, 3042139, 1, 0, 0
35200, 1315398, 0, 0, 0
35201, 2948213, 1, 0, 0
35300, 1340412, 0, 0, 0
35301, 2986801, 1, 0, 0
35400, 2887816, 1, 0, 0
35401, 1318819, 0, 0, 0
35500, 1253123, 0, 0, 0
35501, 3039620, 1, 0, 0
35600, 1358407, 0, 0, 0
35601, 2977845, 1, 0, 0
35700, 1366591, 0, 0, 0
35701, 3044972, 1, 0, 0
35800, 1415641, 0, 0, 0
35801, 3021342, 1, 0, 0
35900, 1324474, 0, 0, 0
35900, 2973546, 1, 0, 0
36000, 1305197, 0, 0, 0
36001, 2963768, 1, 0, 0
36100, 1268898, 0, 0, 0
36101, 3081889, 1, 0, 0
36200, 1361239, 0, 0, 0
36202, 2933691, 1, 0, 0
36300, 2950235, 1, 0, 0
36300, 1383304, 0, 0, 0
36400, 1325133, 0, 0, 0
36400, 3095463, 1, 0, 0
36500, 1379964, 0, 0, 0
36501, 3072443, 1, 0, 0
36601, 1343523, 0, 0, 0
36601, 2990937, 1, 0, 0
36700, 1421484, 0, 0, 0
36700, 3161511, 1, 0, 0
36800, 1359212, 0, 0, 0
36800, 3149829, 1, 0, 0
36900, 3135761, 1, 0, 0
36900, 1316129, 0, 0, 0
37000, 1361766, 0, 0, 0
37002, 3064793, 1, 0, 0
37100, 1330973, 0, 0, 0
37101, 2970012, 1, 0, 0
37202, 3217941, 1, 0, 0
37203, 1376373, 0, 0, 0
37300, 1309990, 0, 0, 0
37301, 3120410, 1, 0, 0
37400, 1339313, 0, 0, 0
37400, 3191787, 1, 0, 0
37500, 1281045, 0, 0, 0
37500, 3097969, 1, 0, 0
37600, 1322132, 0, 0, 0
37601, 3355177, 1, 0, 0
37700, 3061203, 1, 0, 0
37701, 1371160, 0, 0, 0
37800, 1300732, 0, 0, 0
37800, 3107697, 1, 0, 0
37900, 3163510, 1, 0, 0
37900, 1343640, 0, 0, 0
38000, 1386314, 0, 0, 0
38003, 3314080, 1, 0, 0
38100, 1334307, 0, 0, 0
38101, 3112351, 1, 0, 0
38200, 1474141, 0, 0, 0
38201, 3230015, 1, 0, 0
38300, 1314258, 0, 0, 0
38300, 3219106, 1, 0, 0
38400, 1342348, 0, 0, 0
38400, 2987019, 1, 0, 0
38500, 1398391, 0, 0, 0
38502, 3098793, 1, 0, 0
38600, 3260936, 1, 0, 0
38601, 1417526, 0, 0, 0
38700, 1315122, 0, 0, 0
38701, 3065697, 1, 0, 0
38800, 3114402, 1, 0, 0
38800, 1337384, 0, 0, 0
38900, 1291252, 0, 0, 0
38902, 2990800, 1, 0, 0
39000, 1343130, 0, 0, 0
39000, 3315144, 1, 0, 0
39100, 1326278, 0, 0, 0
39103, 3352629, 1, 0, 0
39200, 3063482, 1, 0, 0
39200, 1316396, 0, 0, 0
39300, 1382270, 0, 0, 0
39301, 3102740, 1, 0, 0
39400, 3058032, 1, 0, 0
39401, 1270068, 0, 0, 0
39500, 1310685, 0, 0, 0
39500, 3151440, 1, 0, 0
39600, 1342082, 0, 0, 0
39602, 3012185, 1, 0, 0
39700, 1357613, 0, 0, 0
39700, 3068051, 1, 0, 0
39800, 1395756, 0, 0, 0
39800, 3244891, 1, 0, 0
39900, 1357234, 0, 0, 0
39900, 3339549, 1, 0, 0
40000, 1301957, 0, 0, 0
40001, 2962347, 1, 0, 0
40100, 1293123, 0, 0, 0
40103, 3150812, 1, 0, 0
40200, 1362749, 0, 0, 0
40200, 3159674, 1, 0, 0
40300, 3209295, 1, 0, 0
40300, 1285621, 0, 0, 0
40400, 1312293, 0, 0, 0
40400, 2886779, 1, 0, 0
40500, 2998602, 1, 0, 0
40500, 1304853, 0, 0, 0
40600, 1281948, 0, 0, 0
40600, 3027592, 1, 0, 0
40701, 1355555, 0, 0, 0
40703, 3019845, 1, 0, 0
40800, 1406202, 0, 0, 0
40800, 3174205, 1, 0, 0
40900, 1308849, 0, 0, 0
40900, 3133436, 1, 0, 0
41000, 1375813, 0, 0, 0
41001, 2973148, 1, 0, 0
41100, 1383240, 0, 0, 0
41103, 3092097, 1, 0, 0
41200, 1280486, 0, 0, 0
41200, 3198234, 1, 0, 0
41300, 3120758, 1, 0, 0
41300, 1319821, 0, 0, 0
41400, 1374379, 0, 0, 0
41401, 3117357, 1, 0, 0
41500, 1351041, 0, 0, 0
41502, 2916798, 1, 0, 0
41600, 1322316, 0, 0, 0
41603, 3195217, 1, 0, 0
41701, 2911325, 1, 0, 0
41702, 1364112, 0, 0, 0
41800, 1252164, 0, 0, 0
41800, 3101363, 1, 0, 0
41900, 3022912, 1, 0, 0
41900, 1238902, 0, 0, 0
42000, 2856398, 1, 0, 0
42001, 1242019, 0, 0, 0
42100, 3106526, 1, 0, 0
42101, 1262325, 0, 0, 0
42200, 1308900, 0, 0, 0
42202, 3098152, 1, 0, 0
42300, 3327151, 1, 0, 0
42301, 1318302, 0, 0, 0
42401, 1328139, 0, 0, 0
42401, 3129806, 1, 0, 0
42500, 2923580, 1, 0, 0
42500, 1379453, 0, 0, 0
42600, 3120358, 1, 0, 0
42601, 1265624, 0, 0, 0
42700, 1367866, 0, 0, 0
42701, 3149136, 1, 0, 0
42800, 1345510, 0, 0, 0
42800, 3123812, 1, 0, 0
42900, 3265014, 1, 0, 0
42900, 1376336, 0, 0, 0
43000, 1273752, 0, 0, 0
43000, 3100155, 1, 0, 0
43100, 1351223, 0, 0, 0
43101, 3194383, 1, 0, 0
43200, 3310544, 1, 0, 0
43200, 1355540, 0, 0, 0
43300, 1302668, 0, 0, 0
43302, 3063125, 1, 0, 0
43400, 1418425, 0, 0, 0
43402, 3081898, 1, 0, 0
43500, 1306394, 0, 0, 0
43503, 3108942, 1, 0, 0
43600, 1264794, 0, 0, 0
43602, 2940409, 1, 0, 0
43700, 2903151, 1, 0, 0
43700, 1368441, 0, 0, 0
43800, 3176584, 1, 0, 0
43801, 1328484, 0, 0, 0
43900, 1271384, 0, 0, 0
43900, 2940947, 1, 0, 0
44000, 1301008, 0, 0, 0
44000, 3107598, 1, 0, 0
44100, 1333930, 0, 0, 0
44100, 3076401, 1, 0, 0
44200, 1301579, 0, 0, 0
44200, 3238143, 1, 0, 0
44300, 3180236, 1, 0, 0
44300, 1266411, 0, 0, 0
44400, 1348348, 0, 0, 0
44400, 3162232, 1, 0, 0
44500, 3158077, 1, 0, 0
44500, 1278224, 0, 0, 0
44600, 1299978, 0, 0, 0
44601, 2988645, 1, 0, 0
44700, 1318983, 0, 0, 0
44700, 3152752, 1, 0, 0
44800, 1375518, 0, 0, 0
44801, 3012248, 1, 0, 0
44900, 1323687, 0, 0, 0
44904, 3005009, 1, 0, 0
45000, 1371144, 0, 0, 0
45001, 3061218, 1, 0, 0
45100, 1265622, 0, 0, 0
45102, 3104007, 1, 0, 0
45200, 3245953, 1, 0, 0
45200, 1278596, 0, 0, 0
45300, 1289210, 0, 0, 0
45301, 2881866, 1, 0, 0
45400, 1330684, 0, 0, 0
45401, 2930926, 1, 0, 0
45500, 1323935, 0, 0, 0
45500, 2864344, 1, 0, 0
45600, 1393747, 0, 0, 0
45600, 3127041, 1, 0, 0
45700, 1336650, 0, 0, 0
45701, 3111824, 1, 0, 0
45800, 3030394, 1, 0, 0
45801, 1261552, 0, 0, 0
45900, 3195628, 1, 0, 0
45902, 1402916, 0, 0, 0
46000, 1385763, 0, 0, 0
46005, 3191959, 1, 0, 0
46100, 1427361, 0, 0, 0
46102, 3231892, 1, 0, 0
46200, 1322297, 0, 0, 0
46201, 3160533, 1, 0, 0
46300, 1414863, 0, 0, 0
46300, 3110524, 1, 0, 0
46400, 1280299, 0, 0, 0
46403, 3302602, 1, 0, 0
46501, 1256217, 0, 0, 0
46501, 3110592, 1, 0, 0
46600, 1445696, 0, 0, 0
46600, 2998417, 1, 0, 0
46700, 1234716, 0, 0, 0
46700, 3057720, 1, 0, 0
46800, 1415011, 0, 0, 0
46800, 3315344, 1, 0, 0
46900, 1386629, 0, 0, 0
46900, 3242102, 1, 0, 0
47000, 1364635, 0, 0, 0
47000, 3126065, 1, 0, 0
47100, 1331105, 0, 0, 0
47100, 3205033, 1, 0, 0
47200, 2965375, 1, 0, 0
47203, 1281997, 0, 0, 0
47300, 1300031, 0, 0, 0
47301, 3164377, 1, 0, 0
47400, 3004398, 1, 0, 0
47400, 1222522, 0, 0, 0
47500, 1239490, 0, 0, 0
47500, 3095938, 1, 0, 0
47600, 1239628, 0, 0, 0
47600, 3093080, 1, 0, 0
47700, 1301960, 0, 0, 0
47702, 3031997, 1, 0, 0
47800, 1329096, 0, 0, 0
47800, 3278288, 1, 0, 0
47900, 2980834, 1, 0, 0
47900, 1383800, 0, 0, 0
48000, 1226064, 0, 0, 0
48000, 3146437, 1, 0, 0
48100, 3127178, 1, 0, 0
48100, 1207413, 0, 0, 0
48200, 1263416, 0, 0, 0
48200, 3028421, 1, 0, 0
48301, 3313292, 1, 0, 0
48302, 1285896, 0, 0, 0
48400, 3039997, 1, 0, 0
48400, 1346142, 0, 0, 0
48500, 3049509, 1, 0, 0
48502, 1441557, 0, 0, 0
48600, 1367265, 0, 0, 0
48602, 3369998, 1, 0, 0
48700, 1340885, 0, 0, 0
48701, 3052143, 1, 0, 0
48800, 1334748, 0, 0, 0
48800, 3146643, 1, 0, 0
48900, 1309070, 0, 0, 0
48903, 3125951, 1, 0, 0
49000, 1322503, 0, 0, 0
49001, 3059528, 1, 0, 0
49100, 1341444, 0, 0, 0
49100, 3179801, 1, 0, 0
49200, 1422662, 0, 0, 0
49201, 2957139, 1, 0, 0
49300, 1260864, 0, 0, 0
49300, 3164246, 1, 0, 0
49400, 3262497, 1, 0, 0
49401, 1274393, 0, 0, 0
49500, 3071042, 1, 0, 0
49502, 1397571, 0, 0, 0
49600, 1317229, 0, 0, 0
49600, 3051825, 1, 0, 0
49700, 1291644, 0, 0, 0
49702, 3113763, 1, 0, 0
49800, 1271663, 0, 0, 0
49800, 3154505, 1, 0, 0
49900, 1331155, 0, 0, 0
49901, 3112331, 1, 0, 0
50000, 1267496, 0, 0, 0
50002, 3225584, 1, 0, 0
50100, 1334900, 0, 0, 0
50102, 3057869, 1, 0, 0
50201, 1242630, 0, 0, 0
50201, 3011375, 1, 0, 0
50300, 1338797, 0, 0, 0
50301, 3230211, 1, 0, 0
50400, 3190480, 1, 0, 0
50400, 1369584, 0, 0, 0
50500, 3173682, 1, 0, 0
50501, 1379552, 0, 0, 0
50600, 1287379, 0, 0, 0
50602, 3269799, 1, 0, 0
50700, 3098950, 1, 0, 0
50701, 1350942, 0, 0, 0
50800, 1325498, 0, 0, 0
50803, 3033338, 1, 0, 0
50900, 1300843, 0, 0, 0
50900, 2950430, 1, 0, 0
51000, 3091873, 1, 0, 0
51001, 1360050, 0, 0, 0
51100, 1384237, 0, 0, 0
51100, 3029514, 1, 0, 0
51200, 1321887, 0, 0, 0
51202, 3022563, 1, 0, 0
51300, 3145526, 1, 0, 0
51300, 1311193, 0, 0, 0
51401, 3127458, 1, 0, 0
51402, 1287589, 0, 0, 0
51500, 1376173, 0, 0, 0
51502, 3061854, 1, 0, 0
51600, 1294894, 0, 0, 0
51601, 2966660, 1, 0, 0
51700, 1370298, 0, 0, 0
51702, 3118013, 1, 0, 0
51800, 1379423, 0, 0, 0
51801, 3146388, 1, 0, 0
51900, 1296914, 0, 0, 0
51901, 2962536, 1, 0, 0
52000, 1283545, 0, 0, 0
52005, 3156872, 1, 0, 0
52100, 1301803, 0, 0, 0
52100, 3093739, 1, 0, 0
52200, 1338108, 0, 0, 0
52200, 3146680, 1, 0, 0
52300, 1286518, 0, 0, 0
52301, 2902820, 1, 0, 0
52400, 3029415, 1, 0, 0
52401, 1286393, 0, 0, 0
52500, 1400525, 0, 0, 0
52500, 2872810, 1, 0, 0
52600, 1289511, 0, 0, 0
52602, 3127503, 1, 0, 0
52700, 1260195, 0, 0, 0
52700, 3301772, 1, 0, 0
52800, 1236677, 0, 0, 0
52801, 3147354, 1, 0, 0
52900, 1270122, 0, 0, 0
52900, 2982186, 1, 0, 0
53000, 3065813, 1, 0, 0
53000, 1325070, 0, 0, 0
53100, 1257205, 0, 0, 0
53100, 2942974, 1, 0, 0
53200, 1318800, 0, 0, 0
53201, 3171786, 1, 0, 0
53300, 1340749, 0, 0, 0
53301, 3025835, 1, 0, 0
53400, 1300004, 0, 0, 0
53400, 3098975, 1, 0, 0
53500, 1304395, 0, 0, 0
53502, 3031428, 1, 0, 0
53600, 1356446, 0, 0, 0
53601, 2967106, 1, 0, 0
53700, 1227833, 0, 0, 0
53701, 2917001, 1, 0, 0
53800, 1247736, 0, 0, 0
53801, 3025323, 1, 0, 0
53900, 3174704, 1, 0, 0
53900, 1268968, 0, 0, 0
54001, 1307106, 0, 0, 0
54002, 2914933, 1, 0, 0
54100, 1266311, 0, 0, 0
54102, 3081705, 1, 0, 0
54200, 1316854, 0, 0, 0
54200, 3191048, 1, 0, 0
54300, 1273344, 0, 0, 0
54300, 3063345, 1, 0, 0
54400, 1294294, 0, 0, 0
54400, 3309698, 1, 0, 0
54500, 3364235, 1, 0, 0
54500, 1265694, 0, 0, 0
54600, 1312395, 0, 0, 0
54601, 3003231, 1, 0, 0
54700, 2911004, 1, 0, 0
54700, 1326596, 0, 0, 0
54800, 2831462, 1, 0, 0
54800, 1367990, 0, 0, 0
54900, 3184906, 1, 0, 0
54901, 1360181, 0, 0, 0
55000, 1217633, 0, 0, 0
55000, 2727037, 1, 0, 0
55101, 2986181, 1, 0, 0
55102, 1325986, 0, 0, 0
55200, 2789527, 1, 0, 0
55201, 1311907, 0, 0, 0
55300, 1325813, 0, 0, 0
55301, 3084177, 1, 0, 0
55400, 1308274, 0, 0, 0
55403, 2925410, 1, 0, 0
55500, 3002186, 1, 0, 0
55501, 1398564, 0, 0, 0
55600, 1361145, 0, 0, 0
55600, 3063698, 1, 0, 0
55700, 3056329, 1, 0, 0
55700, 1374298, 0, 0, 0
55800, 1415203, 0, 0, 0
55800, 3038081, 1, 0, 0
55900, 1334901, 0, 0, 0
55902, 3019993, 1, 0, 0
56000, 1254511, 0, 0, 0
56001, 3125748, 1, 0, 0
56100, 1278050, 0, 0, 0
56101, 2985527, 1, 0, 0
56200, 1340122, 0, 0, 0
56201, 3129804, 1, 0, 0
56301, 3393272, 1, 0, 0
56302, 1368243, 0, 0, 0
56401, 3163561, 1, 0, 0
56402, 1370834, 0, 0, 0
56501, 3123422, 1, 0, 0
56502, 1256817, 0, 0, 0
56600, 1293079, 0, 0, 0
56601, 3032503, 1, 0, 0
56700, 1306499, 0, 0, 0
56700, 3043925, 1, 0, 0
56800, 1354544, 0, 0, 0
56800, 2960081, 1, 0, 0
56900, 1329513, 0, 0, 0
56901, 3260892, 1, 0, 0
57000, 1264627, 0, 0, 0
57000, 3289192, 1, 0, 0
57100, 3051236, 1, 0, 0
57101, 1354708, 0, 0, 0
57200, 1257639, 0, 0, 0
57201, 3079614, 1, 0, 0
57301, 3358039, 1, 0, 0
57303, 1371189, 0, 0, 0
57400, 1356127, 0, 0, 0
57401, 3190990, 1, 0, 0
57500, 1353004, 0, 0, 0
57501, 3416813, 1, 0, 0
57600, 1356067, 0, 0, 0
57600, 3053876, 1, 0, 0
57700, 1305961, 0, 0, 0
57700, 3194399, 1, 0, 0
57800, 1307728, 0, 0, 0
57800, 3165483, 1, 0, 0
57901, 3225153, 1, 0, 0
57901, 1322507, 0, 0, 0
58000, 1341237, 0, 0, 0
58003, 3167228, 1, 0, 0
58100, 1384250, 0, 0, 0
58100, 3244904, 1, 0, 0
58200, 1277909, 0, 0, 0
58203, 3326861, 1, 0, 0
58300, 1326494, 0, 0, 0
58301, 3138379, 1, 0, 0
58400, 1213013, 0, 0, 0
58403, 3210159, 1, 0, 0
58500, 1230390, 0, 0, 0
58505, 3236095, 1, 0, 0
58600, 1302049, 0, 0, 0
58601, 3225246, 1, 0, 0
58700, 1296383, 0, 0, 0
58701, 3044317, 1, 0, 0
58800, 1376594, 0, 0, 0
58800, 3159214, 1, 0, 0
58900, 1297263, 0, 0, 0
58900, 2867652, 1, 0, 0
59000, 3042598, 1, 0, 0
59003, 1257731, 0, 0, 0
59100, 1335377, 0, 0, 0
59100, 3110977, 1, 0, 0
59200, 3053855, 1, 0, 0
59200, 1337229, 0, 0, 0
59300, 1271317, 0, 0, 0
59301, 3192791, 1, 0, 0
59400, 1291533, 0, 0, 0
59401, 3090321, 1, 0, 0
59500, 1358965, 0, 0, 0
59501, 3016753, 1, 0, 0
59600, 1306431, 0, 0, 0
59602, 3073257, 1, 0, 0
59700, 1303269, 0, 0, 0
59701, 3267472, 1, 0, 0
59800, 3038663, 1, 0, 0
59800, 1337350, 0, 0, 0
59900, 1357113, 0, 0, 0
59901, 3243259, 1, 0, 0
60000, 3091272, 1, 0, 0
60000, 1323799, 0, 0, 0
60100, 1455989, 0, 0, 0
60102, 3043600, 1, 0, 0
60200, 3093752, 1, 0, 0
60200, 1290286, 0, 0, 0
60300, 1301704, 0, 0, 0
60300, 2969745, 1, 0, 0
60400, 1370967, 0, 0, 0
60401, 2976928, 1, 0, 0
60500, 1341106, 0, 0, 0
60500, 3089865, 1, 0, 0
60600, 3281539, 1, 0, 0
60601, 1361142, 0, 0, 0
60701, 3478699, 1, 0, 0
60702, 1246879, 0, 0, 0
60800, 1312138, 0, 0, 0
60802, 3314331, 1, 0, 0
60900, 1364580, 0, 0, 0
60901, 3256367, 1, 0, 0
61000, 1374010, 0, 0, 0
61001, 3100676, 1, 0, 0
61100, 1426179, 0, 0, 0
61100, 3303264, 1, 0, 0
61200, 1318993, 0, 0, 0
61202, 3045412, 1, 0, 0
61300, 1346560, 0, 0, 0
61301, 3230698, 1, 0, 0
61400, 3267149, 1, 0, 0
61401, 1292052, 0, 0, 0
61500, 2994179, 1, 0, 0
61500, 1318926, 0, 0, 0
61600, 1401481, 0, 0, 0
61601, 2944083, 1, 0, 0
61700, 1434742, 0, 0, 0
61700, 3100412, 1, 0, 0
61800, 1399230, 0, 0, 0
61801, 3075350, 1, 0, 0
61900, 1417284, 0, 0, 0
61902, 3273084, 1, 0, 0
62000, 3148841, 1, 0, 0
62000, 1298786, 0, 0, 0
62100, 1252958, 0, 0, 0
62102, 3231111, 1, 0, 0
62200, 1298192, 0, 0, 0
62205, 3184323, 1, 0, 0
62300, 3240924, 1, 0, 0
62300, 1378706, 0, 0, 0
62400, 1255490, 0, 0, 0
62401, 3131238, 1, 0, 0
62500, 2969479, 1, 0, 0
62500, 1405057, 0, 0, 0
62600, 1472527, 0, 0, 0
62601, 3436904, 1, 0, 0
62700, 1381356, 0, 0, 0
62700, 3087912, 1, 0, 0
62800, 1287348, 0, 0, 0
62802, 3128348, 1, 0, 0
62900, 1427441, 0, 0, 0
62901, 3413161, 1, 0, 0
63000, 1320188, 0, 0, 0
63002, 3165715, 1, 0, 0
63100, 1337902, 0, 0, 0
63105, 3032227, 1, 0, 0
63200, 1358611, 0, 0, 0
63203, 3122582, 1, 0, 0
63300, 1369672, 0, 0, 0
63301, 2852865, 1, 0, 0
63400, 1394550, 0, 0, 0
63400, 3316608, 1, 0, 0
63500, 3114015, 1, 0, 0
63502, 1362076, 0, 0, 0
63600, 3028557, 1, 0, 0
63601, 1291717, 0, 0, 0
63700, 1355715, 0, 0, 0
63701, 3145407, 1, 0, 0
63800, 3203966, 1, 0, 0
63801, 1336864, 0, 0, 0
63900, 1296004, 0, 0, 0
63901, 3110766, 1, 0, 0
64000, 1375995, 0, 0, 0
64001, 3001447, 1, 0, 0
64100, 1394934, 0, 0, 0
64100, 3110295, 1, 0, 0
64200, 1281532, 0, 0, 0
64200, 3164833, 1, 0, 0
64300, 1212980, 0, 0, 0
64300, 3048454, 1, 0, 0
64400, 1282301, 0, 0, 0
64404, 3057011, 1, 0, 0
64500, 1390109, 0, 0, 0
64501, 3018519, 1, 0, 0
64600, 1295317, 0, 0, 0
64600, 2969557, 1, 0, 0
64700, 1208394, 0, 0, 0
64700, 3054551, 1, 0, 0
64800, 3049656, 1, 0, 0
64801, 1315782, 0, 0, 0
64900, 3017913, 1, 0, 0
64900, 1331594, 0, 0, 0
65000, 2935197, 1, 0, 0
65000, 1304728, 0, 0, 0
65100, 1258009, 0, 0, 0
65101, 2988643, 1, 0, 0
65200, 1306363, 0, 0, 0
65201, 3017252, 1, 0, 0
65300, 3238261, 1, 0, 0
65300, 1408878, 0, 0, 0
65400, 1378783, 0, 0, 0
65400, 3230848, 1, 0, 0
65500, 1353031, 0, 0, 0
65501, 3114040, 1, 0, 0
65600, 3034389, 1, 0, 0
65600, 1359486, 0, 0, 0
65700, 1320868, 0, 0, 0
65700, 2948589, 1, 0, 0
65800, 1292414, 0, 0, 0
65800, 2912652, 1, 0, 0
65900, 1303631, 0, 0, 0
65902, 3071063, 1, 0, 0
66000, 1272259, 0, 0, 0
66003, 3044904, 1, 0, 0
66100, 1363279, 0, 0, 0
66100, 3102786, 1, 0, 0
66200, 1293555, 0, 0, 0
66201, 3102513, 1, 0, 0
66300, 1414006, 0, 0, 0
66301, 3228978, 1, 0, 0
66400, 1322196, 0, 0, 0
66401, 2857009, 1, 0, 0
66500, 1305714, 0, 0, 0
66500, 3026448, 1, 0, 0
66600, 1305790, 0, 0, 0
66602, 3428511, 1, 0, 0
66700, 3294319, 1, 0, 0
66700, 1378981, 0, 0, 0
66800, 1350038, 0, 0, 0
66802, 3159548, 1, 0, 0
66900, 3116158, 1, 0, 0
66900, 1369145, 0, 0, 0
67000, 1254170, 0, 0, 0
67000, 3301024, 1, 0, 0
67100, 1258278, 0, 0, 0
67100, 3123835, 1, 0, 0
67200, 1399330, 0, 0, 0
67201, 3088999, 1, 0, 0
67300, 1344241, 0, 0, 0
67303, 2904008, 1, 0, 0
67400, 1320326, 0, 0, 0
67401, 2993092, 1, 0, 0
67500, 3143536, 1, 0, 0
67500, 1312996, 0, 0, 0
67600, 3057620, 1, 0, 0
67600, 1419226, 0, 0, 0
67700, 3247133, 1, 0, 0
67700, 1321758, 0, 0, 0
67800, 2976256, 1, 0, 0
67801, 1286958, 0, 0, 0
67900, 1438019, 0, 0, 0
67900, 3117374, 1, 0, 0
68000, 1394689, 0, 0, 0
68001, 3406941, 1, 0, 0
68100, 3251817, 1, 0, 0
68101, 1342502, 0, 0, 0
68200, 1366812, 0, 0, 0
68200, 3208900, 1, 0, 0
68300, 3171854, 1, 0, 0
68300, 1300629, 0, 0, 0
68400, 3175814, 1, 0, 0
68400, 1342801, 0, 0, 0
68500, 2908578, 1, 0, 0
68500, 1268256, 0, 0, 0
68600, 1286036, 0, 0, 0
68601, 3053914, 1, 0, 0
68700, 1391022, 0, 0, 0
68701, 3029452, 1, 0, 0
68800, 1320346, 0, 0, 0
68800, 2968512, 1, 0, 0
68900, 3322231, 1, 0, 0
68900, 1367006, 0, 0, 0
69000, 1265702, 0, 0, 0
69001, 3175836, 1, 0, 0
69100, 2985406, 1, 0, 0
69100, 1336008, 0, 0, 0
69200, 1331595, 0, 0, 0
69201, 3115937, 1, 0, 0
69300, 3029923, 1, 0, 0
69300, 1295216, 0, 0, 0
69400, 1291961, 0, 0, 0
69403, 3387609, 1, 0, 0
69500, 1297482, 0, 0, 0
69500, 3182241, 1, 0, 0
69600, 1260513, 0, 0, 0
69601, 2920472, 1, 0, 0
69700, 1369637, 0, 0, 0
69700, 3108767, 1, 0, 0
69800, 1403134, 0, 0, 0
69803, 3384871, 1, 0, 0
69900, 3124279, 1, 0, 0
69901, 1393401, 0, 0, 0
70000, 1294432, 0, 0, 0
70000, 3410039, 1, 0, 0
70100, 1503497, 0, 0, 0
70102, 3324782, 1, 0, 0
70200, 1247686, 0, 0, 0
70200, 3157239, 1, 0, 0
70300, 1353562, 0, 0, 0
70300, 3240885, 1, 0, 0
70400, 2998874, 1, 0, 0
70400, 1334021, 0, 0, 0
70500, 1315492, 0, 0, 0
70500, 3192418, 1, 0, 0
70600, 1262114, 0, 0, 0
70602, 2923717, 1, 0, 0
70700, 1376832, 0, 0, 0
70703, 2968955, 1, 0, 0
70800, 1422117, 0, 0, 0
70805, 3350688, 1, 0, 0
70900, 1389492, 0, 0, 0
70901, 2970367, 1, 0, 0
71000, 3005183, 1, 0, 0
71000, 1456455, 0, 0, 0
71100, 1349309, 0, 0, 0
71100, 3038084, 1, 0, 0
71200, 1308272, 0, 0, 0
71201, 3099219, 1, 0, 0
71300, 3208820, 1, 0, 0
71300, 1256166, 0, 0, 0
71400, 1371250, 0, 0, 0
71400, 3163691, 1, 0, 0
71500, 1339032, 0, 0, 0
71500, 3185187, 1, 0, 0
71600, 1407685, 0, 0, 0
71603, 3030750, 1, 0, 0
71701, 3153839, 1, 0, 0
71702, 1400702, 0, 0, 0
71800, 3221870, 1, 0, 0
71801, 1318118, 0, 0, 0
71900, 1342422, 0, 0, 0
71900, 3105110, 1, 0, 0
72000, 3019445, 1, 0, 0
72000, 1301829, 0, 0, 0
72100, 1264136, 0, 0, 0
72100, 3085853, 1, 0, 0
72200, 3263550, 1, 0, 0
72200, 1390317, 0, 0, 0
72300, 3125141, 1, 0, 0
72300, 1350800, 0, 0, 0
72400, 1289693, 0, 0, 0
72400, 3123720, 1, 0, 0
72500, 3208566, 1, 0, 0
72500, 1254259, 0, 0, 0
72600, 1310991, 0, 0, 0
72604, 3142616, 1, 0, 0
72700, 1339427, 0, 0, 0
72703, 3134370, 1, 0, 0
72800, 1264536, 0, 0, 0
72800, 3480049, 1, 0, 0
72900, 1359910, 0, 0, 0
72902, 3016368, 1, 0, 0
73000, 3277208, 1, 0, 0
73000, 1387580, 0, 0, 0
73100, 1394202, 0, 0, 0
73101, 3181224, 1, 0, 0
73200, 1344677, 0, 0, 0
73200, 3126593, 1, 0, 0
73300, 3053261, 1, 0, 0
73300, 1303123, 0, 0, 0
73400, 2969032, 1, 0, 0
73400, 1352531, 0, 0, 0
73500, 1320778, 0, 0, 0
73501, 3022388, 1, 0, 0
73600, 1365305, 0, 0, 0
73600, 3188939, 1, 0, 0
73700, 3019082, 1, 0, 0
73700, 1311272, 0, 0, 0
73800, 1257538, 0, 0, 0
73801, 2910842, 1, 0, 0
73900, 3088469, 1, 0, 0
73901, 1327810, 0, 0, 0
74000, 1362978, 0, 0, 0
74000, 3153445, 1, 0, 0
74100, 1362184, 0, 0, 0
74102, 3161563, 1, 0, 0
74200, 3042869, 1, 0, 0
74200, 1289232, 0, 0, 0
74300, 3088143, 1, 0, 0
74301, 1368842, 0, 0, 0
74400, 1371233, 0, 0, 0
74400, 3494982, 1, 0, 0
74500, 1343093, 0, 0, 0
74500, 3002833, 1, 0, 0
74600, 1289571, 0, 0, 0
74600, 3209271, 1, 0, 0
74700, 1377542, 0, 0, 0
74702, 3053721, 1, 0, 0
74800, 1435780, 0, 0, 0
74800, 2996340, 1, 0, 0
74900, 3060343, 1, 0, 0
74900, 1243692, 0, 0, 0
75000, 1345183, 0, 0, 0
75000, 3120643, 1, 0, 0
75100, 1365800, 0, 0, 0
75101, 2907076, 1, 0, 0
75200, 3123324, 1, 0, 0
75200, 1258843, 0, 0, 0
75300, 1321436, 0, 0, 0
75300, 3210044, 1, 0, 0
75400, 1310017, 0, 0, 0
75400, 3148854, 1, 0, 0
75500, 1300047, 0, 0, 0
75501, 3162233, 1, 0, 0
75600, 3145969, 1, 0, 0
75600, 1410374, 0, 0, 0
75700, 1324596, 0, 0, 0
75703, 3188326, 1, 0, 0
75800, 1292984, 0, 0, 0
75802, 3089690, 1, 0, 0
75900, 2949468, 1, 0, 0
75901, 1422897, 0, 0, 0
76000, 1341447, 0, 0, 0
76001, 3097570, 1, 0, 0
76100, 1359480, 0, 0, 0
76102, 3134451, 1, 0, 0
76200, 1327889, 0, 0, 0
76202, 3187303, 1, 0, 0
76300, 1304009, 0, 0, 0
76303, 3176111, 1, 0, 0
76400, 1296730, 0, 0, 0
76400, 3028993, 1, 0, 0
76500, 1245579, 0, 0, 0
76501, 3019502, 1, 0, 0
76600, 1362474, 0, 0, 0
76600, 3113095, 1, 0, 0
76700, 3073241, 1, 0, 0
76700, 1251762, 0, 0, 0
76801, 1278283, 0, 0, 0
76801, 3133189, 1, 0, 0
76901, 1304464, 0, 0, 0
76901, 3265020, 1, 0, 0
77000, 3019159, 1, 0, 0
77000, 1303679, 0, 0, 0
77100, 1434665, 0, 0, 0
77103, 3231921, 1, 0, 0
77200, 1445567, 0, 0, 0
77201, 2825905, 1, 0, 0
77300, 3112392, 1, 0, 0
77300, 1263494, 0, 0, 0
77401, 1410043, 0, 0, 0
77402, 3006715, 1, 0, 0
77500, 1425576, 0, 0, 0
77501, 3021602, 1, 0, 0
77600, 3222307, 1, 0, 0
77600, 1355959, 0, 0, 0
77700, 3265221, 1, 0, 0
77701, 1290692, 0, 0, 0
77800, 1303525, 0, 0, 0
77800, 3282416, 1, 0, 0
77900, 1262006, 0, 0, 0
77901, 3253413, 1, 0, 0
78000, 1244939, 0, 0, 0
78001, 3074575, 1, 0, 0
78100, 1291721, 0, 0, 0
78103, 3217675, 1, 0, 0
78200, 1476209, 0, 0, 0
78202, 3152755, 1, 0, 0
78300, 2944617, 1, 0, 0
78302, 1389525, 0, 0, 0
78401, 3141223, 1, 0, 0
78401, 1345579, 0, 0, 0
78500, 1364719, 0, 0, 0
78500, 3380672, 1, 0, 0
78600, 1327410, 0, 0, 0
78601, 2999671, 1, 0, 0
78700, 1356221, 0, 0, 0
78700, 3059865, 1, 0, 0
78800, 1381810, 0, 0, 0
78801, 3259348, 1, 0, 0
78900, 1373969, 0, 0, 0
78903, 3129167, 1, 0, 0
79000, 1353065, 0, 0, 0
79001, 3061226, 1, 0, 0
79100, 2916465, 1, 0, 0
79100, 1332942, 0, 0, 0
79200, 1357724, 0, 0, 0
79200, 3137512, 1, 0, 0
79300, 1290983, 0, 0, 0
79303, 2967349, 1, 0, 0
79400, 1354332, 0, 0, 0
79402, 3361069, 1, 0, 0
79500, 1415576, 0, 0, 0
79500, 3166276, 1, 0, 0
79600, 1372524, 0, 0, 0
79600, 3101029, 1, 0, 0
79700, 1310409, 0, 0, 0
79701, 2970295, 1, 0, 0
79800, 1340067, 0, 0, 0
79800, 2894942, 1, 0, 0
79900, 1447416, 0, 0, 0
79901, 3144756, 1, 0, 0
80000, 3019174, 1, 0, 0
80000, 1290531, 0, 0, 0
80100, 3202895, 1, 0, 0
80100, 1365663, 0, 0, 0
80200, 1352777, 0, 0, 0
80202, 3044683, 1, 0, 0
80300, 1311544, 0, 0, 0
80301, 3157965, 1, 0, 0
80400, 3179346, 1, 0, 0
80400, 1308536, 0, 0, 0
80500, 3285128, 1, 0, 0
80501, 1284706, 0, 0, 0
80600, 3078305, 1, 0, 0
80600, 1302571, 0, 0, 0
80700, 1367539, 0, 0, 0
80702, 3128861, 1, 0, 0
80800, 3025908, 1, 0, 0
80800, 1266993, 0, 0, 0
80900, 1311586, 0, 0, 0
80900, 3224418, 1, 0, 0
81000, 3022310, 1, 0, 0
81001, 1321284, 0, 0, 0
81100, 1333018, 0, 0, 0
81102, 3098952, 1, 0, 0
81200, 1341934, 0, 0, 0
81201, 3361093, 1, 0, 0
81300, 1305758, 0, 0, 0
81302, 3077679, 1, 0, 0
81400, 1354136, 0, 0, 0
81401, 2997116, 1, 0, 0
81500, 3092783, 1, 0, 0
81500, 1353078, 0, 0, 0
81600, 1342401, 0, 0, 0
81600, 3233856, 1, 0, 0
81700, 1450388, 0, 0, 0
81700, 3305711, 1, 0, 0
81800, 1445913, 0, 0, 0
81804, 3198332, 1, 0, 0
81900, 1513672, 0, 0, 0
81900, 3144120, 1, 0, 0
82000, 1405463, 0, 0, 0
82000, 3084589, 1, 0, 0
82100, 1413585, 0, 0, 0
82103, 3109533, 1, 0, 0
82200, 1369386, 0, 0, 0
82202, 3069304, 1, 0, 0
82300, 1380344, 0, 0, 0
82302, 3050066, 1, 0, 0
82400, 1319536, 0, 0, 0
82401, 3143800, 1, 0, 0
82500, 1309627, 0, 0, 0
82501, 3043428, 1, 0, 0
82600, 3135861, 1, 0, 0
82600, 1380877, 0, 0, 0
82700, 3278099, 1, 0, 0
82700, 1420904, 0, 0, 0
82800, 1271501, 0, 0, 0
82802, 3251803, 1, 0, 0
82900, 2985535, 1, 0, 0
82900, 1301849, 0, 0, 0
83000, 1282880, 0, 0, 0
83001, 2855922, 1, 0, 0
83100, 1298124, 0, 0, 0
83101, 3106042, 1, 0, 0
83200, 3088320, 1, 0, 0
83201, 1324525, 0, 0, 0
83300, 3016239, 1, 0, 0
83301, 1299635, 0, 0, 0
83400, 1376936, 0, 0, 0
83401, 2988777, 1, 0, 0
83500, 3033587, 1, 0, 0
83500, 1326881, 0, 0, 0
83600, 2965529, 1, 0, 0
83600, 1270212, 0, 0, 0
83700, 3169136, 1, 0, 0
83701, 1282492, 0, 0, 0
83801, 1289370, 0, 0, 0
83802, 3005406, 1, 0, 0
83900, 3334109, 1, 0, 0
83900, 1385855, 0, 0, 0
84000, 1341803, 0, 0, 0
84001, 3021930, 1, 0, 0
84100, 1330081, 0, 0, 0
84101, 2988467, 1, 0, 0
84200, 1258958, 0, 0, 0
84200, 3197257, 1, 0, 0
84300, 1399981, 0, 0, 0
84301, 2916203, 1, 0, 0
84400, 1324414, 0, 0, 0
84403, 3305475, 1, 0, 0
84500, 1391519, 0, 0, 0
84501, 3080682, 1, 0, 0
84600, 1484052, 0, 0, 0
84601, 3100932, 1, 0, 0
84701, 1323251, 0, 0, 0
84701, 3224023, 1, 0, 0
84800, 1341782, 0, 0, 0
84801, 3032794, 1, 0, 0
84900, 1294612, 0, 0, 0
84900, 2966034, 1, 0, 0
85001, 3096371, 1, 0, 0
85001, 1337307, 0, 0, 0
85100, 1369221, 0, 0, 0
85102, 3097452, 1, 0, 0
85200, 1375932, 0, 0, 0
85200, 2953454, 1, 0, 0
85300, 1330304, 0, 0, 0
85300, 3207746, 1, 0, 0
85400, 3225872, 1, 0, 0
85401, 1435727, 0, 0, 0
85500, 1371816, 0, 0, 0
85503, 3069058, 1, 0, 0
85600, 1299126, 0, 0, 0
85600, 3130791, 1, 0, 0
85700, 1320987, 0, 0, 0
85700, 2964846, 1, 0, 0
85800, 3120250, 1, 0, 0
85801, 1399810, 0, 0, 0
85900, 1277497, 0, 0, 0
85901, 2856952, 1, 0, 0
86000, 1305249, 0, 0, 0
86000, 3007348, 1, 0, 0
86100, 1264689, 0, 0, 0
86101, 3150794, 1, 0, 0
86200, 1353259, 0, 0, 0
86201, 3060912, 1, 0, 0
86300, 1311537, 0, 0, 0
86300, 2958734, 1, 0, 0
86400, 3490756, 1, 0, 0
86400, 1414411, 0, 0, 0
86500, 1461623, 0, 0, 0
86501, 3160221, 1, 0, 0
86600, 1284373, 0, 0, 0
86602, 3028315, 1, 0, 0
86700, 1312259, 0, 0, 0
86701, 3176726, 1, 0, 0
86800, 2919021, 1, 0, 0
86800, 1269175, 0, 0, 0
86900, 1199386, 0, 0, 0
86903, 3027136, 1, 0, 0
87000, 1388985, 0, 0, 0
87001, 3085690, 1, 0, 0
87100, 1235219, 0, 0, 0
87102, 2983425, 1, 0, 0
87200, 1181019, 0, 0, 0
87202, 2924961, 1, 0, 0
87300, 1248260, 0, 0, 0
87301, 2906383, 1, 0, 0
87400, 1312407, 0, 0, 0
87401, 3103445, 1, 0, 0
87500, 1367124, 0, 0, 0
87501, 3265548, 1, 0, 0
87600, 1310436, 0, 0, 0
87602, 3045146, 1, 0, 0
87700, 1434976, 0, 0, 0
87703, 3164332, 1, 0, 0
87800, 3051986, 1, 0, 0
87801, 1355831, 0, 0, 0
87900, 1343985, 0, 0, 0
87900, 3299043, 1, 0, 0
88000, 1390955, 0, 0, 0
88001, 3201097, 1, 0, 0
88100, 3256323, 1, 0, 0
88100, 1412414, 0, 0, 0
88200, 1305098, 0, 0, 0
88200, 3277462, 1, 0, 0
88300, 1338032, 0, 0, 0
88300, 3007268, 1, 0, 0
88400, 1337519, 0, 0, 0
88400, 3324051, 1, 0, 0
88500, 1330552, 0, 0, 0
88501, 3205973, 1, 0, 0
88600, 1352775, 0, 0, 0
88600, 3074978, 1, 0, 0
88700, 1357546, 0, 0, 0
88700, 3034868, 1, 0, 0
88800, 3168389, 1, 0, 0
88800, 1361571, 0, 0, 0
88900, 1287351, 0, 0, 0
88903, 3184543, 1, 0, 0
89000, 1351859, 0, 0, 0
89003, 3069562, 1, 0, 0
89100, 3088976, 1, 0, 0
89101, 1347182, 0, 0, 0
89200, 1325173, 0, 0, 0
89200, 3029019, 1, 0, 0
89300, 1286726, 0, 0, 0
89301, 2947796, 1, 0, 0
89400, 1257219, 0, 0, 0
89401, 3080574, 1, 0, 0
89500, 3127676, 1, 0, 0
89500, 1432178, 0, 0, 0
89600, 1446825, 0, 0, 0
89601, 3076963, 1, 0, 0
89701, 2996824, 1, 0, 0
89702, 1347506, 0, 0, 0
89800, 1281893, 0, 0, 0
89802, 3133707, 1, 0, 0
89900, 1408589, 0, 0, 0
89901, 3132415, 1, 0, 0
90000, 1251715, 0, 0, 0
90001, 2972377, 1, 0, 0
90001, 1680458, 0, 0, 0
