100, 834358, 0, 0, 0
200, 889960, 0, 0, 0
300, 785329, 0, 0, 0
400, 835618, 0, 0, 0
500, 980651, 0, 0, 0
600, 983982, 0, 0, 0
700, 867506, 0, 0, 0
800, 853828, 0, 0, 0
900, 733404, 0, 0, 0
1000, 945125, 0, 0, 0
1100, 815632, 0, 0, 0
1200, 879900, 0, 0, 0
1300, 892151, 0, 0, 0
1400, 858253, 0, 0, 0
1500, 1053002, 0, 0, 0
1600, 858830, 0, 0, 0
1700, 1276062, 0, 0, 0
1800, 885047, 0, 0, 0
1900, 1260137, 0, 0, 0
2000, 821952, 0, 0, 0
2100, 887302, 0, 0, 0
2200, 815135, 0, 0, 0
2300, 898083, 0, 0, 0
2400, 972986, 0, 0, 0
2500, 1052902, 0, 0, 0
2600, 924253, 0, 0, 0
2700, 882132, 0, 0, 0
2800, 923833, 0, 0, 0
2900, 1006384, 0, 0, 0
3000, 930208, 0, 0, 0
3100, 944453, 0, 0, 0
3200, 805883, 0, 0, 0
3300, 891722, 0, 0, 0
3400, 872630, 0, 0, 0
3500, 763340, 0, 0, 0
3600, 898739, 0, 0, 0
3700, 873101, 0, 0, 0
3800, 913086, 0, 0, 0
3900, 1098558, 0, 0, 0
4000, 966918, 0, 0, 0
4100, 825925, 0, 0, 0
4200, 848268, 0, 0, 0
4300, 990461, 0, 0, 0
4400, 951375, 0, 0, 0
4500, 970693, 0, 0, 0
4600, 784170, 0, 0, 0
4700, 1072848, 0, 0, 0
4800, 819206, 0, 0, 0
4900, 697257, 0, 0, 0
5000, 820822, 0, 0, 0
5100, 801267, 0, 0, 0
5200, 1070288, 0, 0, 0
5300, 867103, 0, 0, 0
5400, 910278, 0, 0, 0
5500, 1204495, 0, 0, 0
5600, 898954, 0, 0, 0
5700, 1080674, 0, 0, 0
5800, 949087, 0, 0, 0
5900, 1080860, 0, 0, 0
6000, 793731, 0, 0, 0
6100, 914357, 0, 0, 0
6200, 915429, 0, 0, 0
6300, 852232, 0, 0, 0
6400, 873679, 0, 0, 0
6500, 824420, 0, 0, 0
6600, 984169, 0, 0, 0
6700, 999716, 0, 0, 0
6800, 799962, 0, 0, 0
6900, 877628, 0, 0, 0
7000, 985451, 0, 0, 0
7100, 919901, 0, 0, 0
7200, 729525, 0, 0, 0
7300, 959220, 0, 0, 0
7400, 857977, 0, 0, 0
7500, 787604, 0, 0, 0
7600, 865373, 0, 0, 0
7700, 873392, 0, 0, 0
7800, 967612, 0, 0, 0
7900, 903367, 0, 0, 0
8000, 811520, 0, 0, 0
8100, 718138, 0, 0, 0
8200, 850751, 0, 0, 0
8300, 975450, 0, 0, 0
8400, 1018388, 0, 0, 0
8500, 876980, 0, 0, 0
8600, 766178, 0, 0, 0
8700, 1024074, 0, 0, 0
8800, 891950, 0, 0, 0
8900, 979523, 0, 0, 0
9000, 847346, 0, 0, 0
9100, 913767, 0, 0, 0
9200, 1018392, 0, 0, 0
9300, 766119, 0, 0, 0
9400, 962440, 0, 0, 0
9500, 1042951, 0, 0, 0
9600, 740805, 0, 0, 0
9700, 885943, 0, 0, 0
9800, 948934, 0, 0, 0
9900, 850253, 0, 0, 0
10000, 869788, 0, 0, 0
10100, 873282, 0, 0, 0
10200, 834675, 0, 0, 0
10300, 888008, 0, 0, 0
10400, 821980, 0, 0, 0
10500, 836725, 0, 0, 0
10600, 957355, 0, 0, 0
10700, 838496, 0, 0, 0
10800, 898080, 0, 0, 0
10900, 894036, 0, 0, 0
11000, 900531, 0, 0, 0
11100, 853847, 0, 0, 0
11200, 886829, 0, 0, 0
11300, 912079, 0, 0, 0
11400, 865017, 0, 0, 0
11500, 982269, 0, 0, 0
11600, 1006880, 0, 0, 0
11700, 809474, 0, 0, 0
11800, 948959, 0, 0, 0
11900, 904322, 0, 0, 0
12000, 826836, 0, 0, 0
12100, 832525, 0, 0, 0
12200, 907119, 0, 0, 0
12300, 968123, 0, 0, 0
12400, 936711, 0, 0, 0
12500, 952429, 0, 0, 0
12600, 880314, 0, 0, 0
12700, 929256, 0, 0, 0
12800, 774197, 0, 0, 0
12900, 876786, 0, 0, 0
13000, 921551, 0, 0, 0
13100, 812762, 0, 0, 0
13200, 1072285, 0, 0, 0
13300, 901621, 0, 0, 0
13400, 1010421, 0, 0, 0
13500, 813191, 0, 0, 0
13600, 821182, 0, 0, 0
13700, 897197, 0, 0, 0
13800, 802741, 0, 0, 0
13900, 1057308, 0, 0, 0
14000, 1041224, 0, 0, 0
14100, 885082, 0, 0, 0
14200, 907376, 0, 0, 0
14300, 934878, 0, 0, 0
14400, 1056288, 0, 0, 0
14500, 870541, 0, 0, 0
14600, 762876, 0, 0, 0
14700, 797630, 0, 0, 0
14800, 883277, 0, 0, 0
14900, 957769, 0, 0, 0
15000, 844302, 0, 0, 0
15100, 703784, 0, 0, 0
15200, 904000, 0, 0, 0
15300, 1160292, 0, 0, 0
15400, 892685, 0, 0, 0
15500, 942359, 0, 0, 0
15600, 1099058, 0, 0, 0
15700, 756522, 0, 0, 0
15800, 894274, 0, 0, 0
15900, 899264, 0, 0, 0
16000, 839291, 0, 0, 0
16100, 904062, 0, 0, 0
16200, 765148, 0, 0, 0
16300, 819450, 0, 0, 0
16400, 942447, 0, 0, 0
16500, 872107, 0, 0, 0
16600, 857147, 0, 0, 0
16700, 949129, 0, 0, 0
16800, 997518, 0, 0, 0
16900, 883785, 0, 0, 0
17000, 996694, 0, 0, 0
17100, 958193, 0, 0, 0
17200, 804690, 0, 0, 0
17300, 747446, 0, 0, 0
17400, 1055709, 0, 0, 0
17500, 826298, 0, 0, 0
17600, 884085, 0, 0, 0
17700, 837846, 0, 0, 0
17800, 890327, 0, 0, 0
17900, 833037, 0, 0, 0
18000, 838690, 0, 0, 0
18100, 950134, 0, 0, 0
18200, 912647, 0, 0, 0
18300, 895569, 0, 0, 0
18400, 804345, 0, 0, 0
18500, 853243, 0, 0, 0
18600, 1021999, 0, 0, 0
18700, 941303, 0, 0, 0
18800, 869901, 0, 0, 0
18900, 976064, 0, 0, 0
19000, 771683, 0, 0, 0
19100, 836222, 0, 0, 0
19200, 1000370, 0, 0, 0
19300, 761083, 0, 0, 0
19400, 940136, 0, 0, 0
19500, 1100148, 0, 0, 0
19600, 957746, 0, 0, 0
19700, 803563, 0, 0, 0
19800, 850794, 0, 0, 0
19900, 859119, 0, 0, 0
20000, 781100, 0, 0, 0
20100, 927897, 0, 0, 0
20200, 962510, 0, 0, 0
20300, 903519, 0, 0, 0
20400, 786100, 0, 0, 0
20500, 1011066, 0, 0, 0
20600, 829457, 0, 0, 0
20700, 898265, 0, 0, 0
20800, 809963, 0, 0, 0
20900, 932915, 0, 0, 0
21000, 779307, 0, 0, 0
21100, 748119, 0, 0, 0
21200, 963065, 0, 0, 0
21300, 931775, 0, 0, 0
21400, 1019546, 0, 0, 0
21500, 954376, 0, 0, 0
21600, 812665, 0, 0, 0
21700, 844083, 0, 0, 0
21800, 844310, 0, 0, 0
21900, 755233, 0, 0, 0
22000, 893866, 0, 0, 0
22100, 790013, 0, 0, 0
22200, 857162, 0, 0, 0
22300, 880062, 0, 0, 0
22400, 876048, 0, 0, 0
22500, 816997, 0, 0, 0
22601, 1112385, 0, 0, 0
22700, 913886, 0, 0, 0
22800, 963737, 0, 0, 0
22900, 838534, 0, 0, 0
23000, 806946, 0, 0, 0
23100, 793179, 0, 0, 0
23200, 809362, 0, 0, 0
23300, 970319, 0, 0, 0
23400, 924858, 0, 0, 0
23500, 971530, 0, 0, 0
23600, 929437, 0, 0, 0
23700, 839103, 0, 0, 0
23800, 751799, 0, 0, 0
23900, 834544, 0, 0, 0
24000, 909988, 0, 0, 0
24100, 765926, 0, 0, 0
24200, 898856, 0, 0, 0
24300, 1038290, 0, 0, 0
24400, 1064147, 0, 0, 0
24500, 1001878, 0, 0, 0
24600, 1163433, 0, 0, 0
24700, 891922, 0, 0, 0
24800, 1020654, 0, 0, 0
24900, 904263, 0, 0, 0
25000, 753208, 0, 0, 0
25100, 1418249, 0, 0, 0
25200, 1035503, 0, 0, 0
25300, 884962, 0, 0, 0
25400, 1103916, 0, 0, 0
25500, 830633, 0, 0, 0
25600, 858323, 0, 0, 0
25700, 1033943, 0, 0, 0
25800, 923267, 0, 0, 0
25900, 932240, 0, 0, 0
26000, 895142, 0, 0, 0
26100, 911339, 0, 0, 0
26200, 886762, 0, 0, 0
26300, 860605, 0, 0, 0
26400, 976466, 0, 0, 0
26500, 850976, 0, 0, 0
26600, 780097, 0, 0, 0
26700, 1055017, 0, 0, 0
26800, 1147993, 0, 0, 0
26900, 758041, 0, 0, 0
27000, 915982, 0, 0, 0
27100, 975482, 0, 0, 0
27200, 933172, 0, 0, 0
27300, 850345, 0, 0, 0
27400, 1014744, 0, 0, 0
27500, 883883, 0, 0, 0
27600, 935931, 0, 0, 0
27700, 909380, 0, 0, 0
27800, 848006, 0, 0, 0
27900, 881787, 0, 0, 0
28000, 792172, 0, 0, 0
28100, 790158, 0, 0, 0
28200, 1032947, 0, 0, 0
28300, 855614, 0, 0, 0
28400, 908402, 0, 0, 0
28500, 911596, 0, 0, 0
28600, 933241, 0, 0, 0
28700, 1006770, 0, 0, 0
28800, 926270, 0, 0, 0
28900, 1006704, 0, 0, 0
29000, 921468, 0, 0, 0
29100, 788468, 0, 0, 0
29200, 826025, 0, 0, 0
29300, 1083153, 0, 0, 0
29400, 835049, 0, 0, 0
29500, 876041, 0, 0, 0
29600, 879432, 0, 0, 0
29700, 971527, 0, 0, 0
29800, 975061, 0, 0, 0
29900, 1018015, 0, 0, 0
30000, 815689, 0, 0, 0
30100, 789740, 0, 0, 0
30200, 815237, 0, 0, 0
30300, 1081074, 0, 0, 0
30400, 924543, 0, 0, 0
30500, 811873, 0, 0, 0
30600, 874327, 0, 0, 0
30700, 839095, 0, 0, 0
30800, 736173, 0, 0, 0
30900, 880444, 0, 0, 0
31000, 859367, 0, 0, 0
31100, 899911, 0, 0, 0
31200, 813010, 0, 0, 0
31300, 813109, 0, 0, 0
31400, 988565, 0, 0, 0
31500, 913470, 0, 0, 0
31601, 867284, 0, 0, 0
31700, 1174119, 0, 0, 0
31800, 843595, 0, 0, 0
31900, 942534, 0, 0, 0
32000, 788590, 0, 0, 0
32100, 829003, 0, 0, 0
32200, 851791, 0, 0, 0
32300, 845961, 0, 0, 0
32400, 956202, 0, 0, 0
32500, 817556, 0, 0, 0
32600, 928950, 0, 0, 0
32700, 942624, 0, 0, 0
32800, 861455, 0, 0, 0
32900, 884824, 0, 0, 0
33000, 869858, 0, 0, 0
33100, 854304, 0, 0, 0
33200, 835515, 0, 0, 0
33300, 907580, 0, 0, 0
33400, 889845, 0, 0, 0
33500, 918425, 0, 0, 0
33600, 932074, 0, 0, 0
33700, 797235, 0, 0, 0
33800, 1130659, 0, 0, 0
33900, 880985, 0, 0, 0
34000, 981077, 0, 0, 0
34100, 1006760, 0, 0, 0
34200, 1131687, 0, 0, 0
34300, 894814, 0, 0, 0
34400, 933351, 0, 0, 0
34500, 860613, 0, 0, 0
34600, 943904, 0, 0, 0
34700, 798583, 0, 0, 0
34800, 804663, 0, 0, 0
34900, 724737, 0, 0, 0
35000, 803680, 0, 0, 0
35100, 1132390, 0, 0, 0
35200, 946119, 0, 0, 0
35300, 806520, 0, 0, 0
35400, 959918, 0, 0, 0
35500, 904330, 0, 0, 0
35600, 808150, 0, 0, 0
35700, 795027, 0, 0, 0
35800, 909088, 0, 0, 0
35900, 1100966, 0, 0, 0
36000, 881374, 0, 0, 0
36100, 875240, 0, 0, 0
36200, 873659, 0, 0, 0
36300, 858950, 0, 0, 0
36400, 1294773, 0, 0, 0
36500, 960865, 0, 0, 0
36600, 978546, 0, 0, 0
36700, 864844, 0, 0, 0
36800, 865058, 0, 0, 0
36900, 876641, 0, 0, 0
37000, 912458, 0, 0, 0
37100, 807003, 0, 0, 0
37200, 993697, 0, 0, 0
37300, 1000035, 0, 0, 0
37400, 933874, 0, 0, 0
37500, 888636, 0, 0, 0
37600, 804840, 0, 0, 0
37700, 936294, 0, 0, 0
37800, 1000367, 0, 0, 0
37900, 779557, 0, 0, 0
38000, 855162, 0, 0, 0
38100, 811097, 0, 0, 0
38200, 1016130, 0, 0, 0
38300, 1002375, 0, 0, 0
38400, 851838, 0, 0, 0
38500, 805164, 0, 0, 0
38600, 950708, 0, 0, 0
38700, 802367, 0, 0, 0
38800, 946735, 0, 0, 0
38900, 873385, 0, 0, 0
39000, 983616, 0, 0, 0
39100, 1022487, 0, 0, 0
39200, 803920, 0, 0, 0
39300, 1104180, 0, 0, 0
39400, 1139759, 0, 0, 0
39500, 912154, 0, 0, 0
39600, 1183442, 0, 0, 0
39700, 912069, 0, 0, 0
39800, 899620, 0, 0, 0
39900, 837172, 0, 0, 0
40000, 999348, 0, 0, 0
40100, 842680, 0, 0, 0
40200, 967288, 0, 0, 0
40300, 884622, 0, 0, 0
40400, 956455, 0, 0, 0
40500, 912765, 0, 0, 0
40600, 913376, 0, 0, 0
40700, 728976, 0, 0, 0
40800, 877123, 0, 0, 0
40900, 774621, 0, 0, 0
41000, 926721, 0, 0, 0
41100, 949966, 0, 0, 0
41200, 923677, 0, 0, 0
41300, 1033674, 0, 0, 0
41400, 745807, 0, 0, 0
41500, 903967, 0, 0, 0
41600, 989032, 0, 0, 0
41700, 818660, 0, 0, 0
41800, 927502, 0, 0, 0
41900, 883120, 0, 0, 0
42000, 799078, 0, 0, 0
42100, 739545, 0, 0, 0
42200, 790733, 0, 0, 0
42300, 1004099, 0, 0, 0
42400, 1059179, 0, 0, 0
42500, 802082, 0, 0, 0
42600, 1009811, 0, 0, 0
42700, 1049696, 0, 0, 0
42800, 905742, 0, 0, 0
42900, 850367, 0, 0, 0
43000, 802432, 0, 0, 0
43100, 840927, 0, 0, 0
43200, 1031905, 0, 0, 0
43300, 1009949, 0, 0, 0
43400, 854177, 0, 0, 0
43500, 1044756, 0, 0, 0
43600, 958959, 0, 0, 0
43700, 1087618, 0, 0, 0
43800, 748050, 0, 0, 0
43900, 795955, 0, 0, 0
44000, 951657, 0, 0, 0
44100, 1228826, 0, 0, 0
44200, 973693, 0, 0, 0
44300, 787324, 0, 0, 0
44400, 764774, 0, 0, 0
44500, 872360, 0, 0, 0
44600, 876171, 0, 0, 0
44700, 833239, 0, 0, 0
44800, 979864, 0, 0, 0
44900, 758009, 0, 0, 0
45000, 947112, 0, 0, 0
45100, 825206, 0, 0, 0
45200, 875777, 0, 0, 0
45300, 898468, 0, 0, 0
45400, 795269, 0, 0, 0
45500, 1044678, 0, 0, 0
45600, 862576, 0, 0, 0
45700, 888271, 0, 0, 0
45800, 972310, 0, 0, 0
45900, 894252, 0, 0, 0
46000, 753990, 0, 0, 0
46100, 900331, 0, 0, 0
46200, 735455, 0, 0, 0
46300, 835542, 0, 0, 0
46400, 920220, 0, 0, 0
46500, 1059325, 0, 0, 0
46600, 897465, 0, 0, 0
46700, 871814, 0, 0, 0
46800, 937613, 0, 0, 0
46900, 849212, 0, 0, 0
47000, 823013, 0, 0, 0
47100, 867351, 0, 0, 0
47200, 899995, 0, 0, 0
47300, 978254, 0, 0, 0
47400, 833738, 0, 0, 0
47500, 826815, 0, 0, 0
47600, 823895, 0, 0, 0
47700, 1082356, 0, 0, 0
47800, 884556, 0, 0, 0
47900, 758165, 0, 0, 0
48000, 1147973, 0, 0, 0
48100, 824894, 0, 0, 0
48200, 873507, 0, 0, 0
48300, 780556, 0, 0, 0
48400, 848471, 0, 0, 0
48500, 795083, 0, 0, 0
48600, 1108457, 0, 0, 0
48700, 875922, 0, 0, 0
48800, 955172, 0, 0, 0
48900, 947086, 0, 0, 0
49000, 1055927, 0, 0, 0
49100, 884047, 0, 0, 0
49200, 963340, 0, 0, 0
49300, 1000906, 0, 0, 0
49400, 988163, 0, 0, 0
49500, 884552, 0, 0, 0
49600, 856332, 0, 0, 0
49700, 764789, 0, 0, 0
49800, 987303, 0, 0, 0
49900, 821154, 0, 0, 0
50000, 905105, 0, 0, 0
50100, 818467, 0, 0, 0
50200, 835218, 0, 0, 0
50300, 736291, 0, 0, 0
50400, 814344, 0, 0, 0
50500, 955568, 0, 0, 0
50600, 1035182, 0, 0, 0
50700, 822118, 0, 0, 0
50800, 971348, 0, 0, 0
50900, 807668, 0, 0, 0
51000, 1028175, 0, 0, 0
51100, 936461, 0, 0, 0
51200, 783486, 0, 0, 0
51300, 971663, 0, 0, 0
51400, 770826, 0, 0, 0
51500, 891449, 0, 0, 0
51600, 932551, 0, 0, 0
51700, 1210166, 0, 0, 0
51800, 850517, 0, 0, 0
51900, 982218, 0, 0, 0
52000, 847554, 0, 0, 0
52100, 907547, 0, 0, 0
52200, 784887, 0, 0, 0
52300, 826967, 0, 0, 0
52400, 830521, 0, 0, 0
52500, 1057996, 0, 0, 0
52600, 931951, 0, 0, 0
52700, 967387, 0, 0, 0
52800, 787415, 0, 0, 0
52900, 768113, 0, 0, 0
53000, 887835, 0, 0, 0
53100, 964204, 0, 0, 0
53200, 828789, 0, 0, 0
53300, 865492, 0, 0, 0
53400, 898386, 0, 0, 0
53500, 837999, 0, 0, 0
53600, 814282, 0, 0, 0
53700, 998182, 0, 0, 0
53800, 864884, 0, 0, 0
53900, 843138, 0, 0, 0
54000, 897866, 0, 0, 0
54100, 892872, 0, 0, 0
54200, 868025, 0, 0, 0
54300, 869049, 0, 0, 0
54400, 876398, 0, 0, 0
54500, 1060735, 0, 0, 0
54600, 900196, 0, 0, 0
54700, 873490, 0, 0, 0
54800, 885177, 0, 0, 0
54900, 1099902, 0, 0, 0
55000, 1055882, 0, 0, 0
55100, 949983, 0, 0, 0
55200, 924387, 0, 0, 0
55300, 1107124, 0, 0, 0
55400, 908082, 0, 0, 0
55500, 869165, 0, 0, 0
55600, 783265, 0, 0, 0
55700, 992293, 0, 0, 0
55800, 997972, 0, 0, 0
55900, 766364, 0, 0, 0
56000, 776410, 0, 0, 0
56100, 879674, 0, 0, 0
56200, 845286, 0, 0, 0
56300, 1000405, 0, 0, 0
56400, 912427, 0, 0, 0
56500, 1127582, 0, 0, 0
56600, 835133, 0, 0, 0
56700, 880916, 0, 0, 0
56800, 920070, 0, 0, 0
56900, 1030706, 0, 0, 0
57000, 970586, 0, 0, 0
57100, 810872, 0, 0, 0
57200, 814438, 0, 0, 0
57300, 844066, 0, 0, 0
57400, 826851, 0, 0, 0
57500, 807967, 0, 0, 0
57600, 788076, 0, 0, 0
57700, 867443, 0, 0, 0
57800, 817706, 0, 0, 0
57900, 883783, 0, 0, 0
58000, 1051594, 0, 0, 0
58100, 816709, 0, 0, 0
58200, 868253, 0, 0, 0
58300, 1178697, 0, 0, 0
58400, 765753, 0, 0, 0
58500, 902866, 0, 0, 0
58600, 750293, 0, 0, 0
58700, 856350, 0, 0, 0
58800, 962907, 0, 0, 0
58900, 1014720, 0, 0, 0
59000, 1148870, 0, 0, 0
59100, 838581, 0, 0, 0
59200, 1008187, 0, 0, 0
59300, 719493, 0, 0, 0
59400, 911977, 0, 0, 0
59500, 888107, 0, 0, 0
59600, 973563, 0, 0, 0
59700, 916128, 0, 0, 0
59800, 878451, 0, 0, 0
59900, 765929, 0, 0, 0
60000, 793551, 0, 0, 0
60100, 1292555, 0, 0, 0
60200, 853339, 0, 0, 0
60300, 895490, 0, 0, 0
60400, 954935, 0, 0, 0
60500, 825011, 0, 0, 0
60600, 1078614, 0, 0, 0
60700, 881321, 0, 0, 0
60800, 913027, 0, 0, 0
60900, 927446, 0, 0, 0
61000, 823484, 0, 0, 0
61100, 1009597, 0, 0, 0
61200, 846796, 0, 0, 0
61300, 817748, 0, 0, 0
61400, 810049, 0, 0, 0
61500, 865623, 0, 0, 0
61600, 959663, 0, 0, 0
61700, 778255, 0, 0, 0
61800, 847304, 0, 0, 0
61900, 815763, 0, 0, 0
62000, 866211, 0, 0, 0
62100, 929713, 0, 0, 0
62200, 939355, 0, 0, 0
62300, 1006478, 0, 0, 0
62400, 815710, 0, 0, 0
62500, 994109, 0, 0, 0
62600, 1008217, 0, 0, 0
62700, 794989, 0, 0, 0
62800, 820559, 0, 0, 0
62900, 822241, 0, 0, 0
63000, 930236, 0, 0, 0
63100, 1082679, 0, 0, 0
63200, 949020, 0, 0, 0
63300, 848211, 0, 0, 0
63401, 1083050, 0, 0, 0
63500, 949030, 0, 0, 0
63600, 1034190, 0, 0, 0
63700, 984452, 0, 0, 0
63800, 860482, 0, 0, 0
63900, 780605, 0, 0, 0
64000, 819944, 0, 0, 0
64100, 918564, 0, 0, 0
64200, 976098, 0, 0, 0
64300, 929013, 0, 0, 0
64400, 830352, 0, 0, 0
64500, 1013836, 0, 0, 0
64600, 780724, 0, 0, 0
64700, 771230, 0, 0, 0
64800, 989354, 0, 0, 0
64900, 995642, 0, 0, 0
65000, 987765, 0, 0, 0
65100, 819400, 0, 0, 0
65200, 718739, 0, 0, 0
65300, 878611, 0, 0, 0
65400, 812630, 0, 0, 0
65500, 949742, 0, 0, 0
65600, 766787, 0, 0, 0
65700, 810131, 0, 0, 0
65800, 955738, 0, 0, 0
65900, 803804, 0, 0, 0
66000, 968537, 0, 0, 0
66100, 976246, 0, 0, 0
66200, 818750, 0, 0, 0
66300, 876215, 0, 0, 0
66400, 1070022, 0, 0, 0
66500, 883701, 0, 0, 0
66600, 1025149, 0, 0, 0
66700, 905505, 0, 0, 0
66800, 1102703, 0, 0, 0
66900, 1178661, 0, 0, 0
67000, 974539, 0, 0, 0
67100, 842016, 0, 0, 0
67200, 962227, 0, 0, 0
67300, 839620, 0, 0, 0
67400, 791298, 0, 0, 0
67500, 864811, 0, 0, 0
67600, 952030, 0, 0, 0
67700, 763182, 0, 0, 0
67800, 875080, 0, 0, 0
67900, 869082, 0, 0, 0
68000, 827032, 0, 0, 0
68100, 1094311, 0, 0, 0
68200, 851716, 0, 0, 0
68300, 773181, 0, 0, 0
68400, 806281, 0, 0, 0
68500, 866854, 0, 0, 0
68600, 874762, 0, 0, 0
68700, 998590, 0, 0, 0
68800, 938976, 0, 0, 0
68900, 885678, 0, 0, 0
69000, 906286, 0, 0, 0
69100, 964478, 0, 0, 0
69200, 820760, 0, 0, 0
69300, 905240, 0, 0, 0
69400, 1260045, 0, 0, 0
69500, 871182, 0, 0, 0
69600, 964227, 0, 0, 0
69700, 1027184, 0, 0, 0
69800, 1000351, 0, 0, 0
69900, 796237, 0, 0, 0
70000, 906541, 0, 0, 0
70100, 865354, 0, 0, 0
70200, 880919, 0, 0, 0
70300, 845887, 0, 0, 0
70400, 1097096, 0, 0, 0
70500, 1224230, 0, 0, 0
70600, 1073401, 0, 0, 0
70700, 921256, 0, 0, 0
70800, 861805, 0, 0, 0
70900, 814028, 0, 0, 0
71000, 1004044, 0, 0, 0
71100, 966983, 0, 0, 0
71200, 854918, 0, 0, 0
71300, 812215, 0, 0, 0
71400, 1020336, 0, 0, 0
71500, 873922, 0, 0, 0
71600, 912036, 0, 0, 0
71700, 796766, 0, 0, 0
71800, 844480, 0, 0, 0
71900, 762495, 0, 0, 0
72000, 853838, 0, 0, 0
72100, 855056, 0, 0, 0
72200, 927205, 0, 0, 0
72300, 892953, 0, 0, 0
72400, 811973, 0, 0, 0
72500, 894149, 0, 0, 0
72600, 920943, 0, 0, 0
72700, 1064639, 0, 0, 0
72800, 1140074, 0, 0, 0
72900, 1043300, 0, 0, 0
73000, 946992, 0, 0, 0
73100, 1300830, 0, 0, 0
73200, 902663, 0, 0, 0
73300, 1072466, 0, 0, 0
73400, 972890, 0, 0, 0
73500, 1078713, 0, 0, 0
73600, 1396919, 0, 0, 0
73700, 1082082, 0, 0, 0
73800, 1012174, 0, 0, 0
73900, 1043793, 0, 0, 0
74000, 902124, 0, 0, 0
74100, 935772, 0, 0, 0
74200, 973354, 0, 0, 0
74300, 940485, 0, 0, 0
74400, 896735, 0, 0, 0
74500, 795837, 0, 0, 0
74600, 1104327, 0, 0, 0
74700, 1038478, 0, 0, 0
74800, 835800, 0, 0, 0
74900, 904800, 0, 0, 0
75000, 981843, 0, 0, 0
75100, 890293, 0, 0, 0
75200, 941549, 0, 0, 0
75300, 954501, 0, 0, 0
75400, 1084189, 0, 0, 0
75500, 948539, 0, 0, 0
75600, 914286, 0, 0, 0
75700, 980495, 0, 0, 0
75800, 1026774, 0, 0, 0
75900, 849905, 0, 0, 0
76000, 890677, 0, 0, 0
76100, 1055677, 0, 0, 0
76200, 952881, 0, 0, 0
76300, 1020420, 0, 0, 0
76400, 875631, 0, 0, 0
76500, 944671, 0, 0, 0
76600, 962981, 0, 0, 0
76700, 838470, 0, 0, 0
76800, 811788, 0, 0, 0
76900, 1044240, 0, 0, 0
77000, 1009407, 0, 0, 0
77100, 891604, 0, 0, 0
77200, 860288, 0, 0, 0
77300, 945608, 0, 0, 0
77400, 1004478, 0, 0, 0
77500, 805862, 0, 0, 0
77600, 1046302, 0, 0, 0
77700, 918870, 0, 0, 0
77800, 956861, 0, 0, 0
77900, 907587, 0, 0, 0
78000, 906318, 0, 0, 0
78100, 954139, 0, 0, 0
78200, 925354, 0, 0, 0
78300, 881255, 0, 0, 0
78400, 965663, 0, 0, 0
78500, 837179, 0, 0, 0
78600, 1075527, 0, 0, 0
78700, 1097195, 0, 0, 0
78800, 1081063, 0, 0, 0
78900, 1106472, 0, 0, 0
79000, 988073, 0, 0, 0
79100, 992875, 0, 0, 0
79200, 926729, 0, 0, 0
79300, 1170414, 0, 0, 0
79400, 915220, 0, 0, 0
79500, 1064377, 0, 0, 0
79600, 1079950, 0, 0, 0
79700, 851216, 0, 0, 0
79800, 1031815, 0, 0, 0
79900, 883717, 0, 0, 0
80000, 1063720, 0, 0, 0
80100, 927300, 0, 0, 0
80200, 1204685, 0, 0, 0
80300, 955801, 0, 0, 0
80400, 973417, 0, 0, 0
80500, 1102220, 0, 0, 0
80600, 903530, 0, 0, 0
80700, 902870, 0, 0, 0
80800, 906215, 0, 0, 0
80900, 966814, 0, 0, 0
81000, 871912, 0, 0, 0
81100, 978041, 0, 0, 0
81200, 1204103, 0, 0, 0
81300, 1001755, 0, 0, 0
81400, 1078978, 0, 0, 0
81500, 945963, 0, 0, 0
81600, 846136, 0, 0, 0
81700, 1195388, 0, 0, 0
81800, 933971, 0, 0, 0
81900, 996032, 0, 0, 0
82000, 1029133, 0, 0, 0
82100, 1020049, 0, 0, 0
82200, 1000126, 0, 0, 0
82300, 837154, 0, 0, 0
82400, 878553, 0, 0, 0
82500, 1149833, 0, 0, 0
82600, 992041, 0, 0, 0
82700, 940135, 0, 0, 0
82800, 797710, 0, 0, 0
82900, 897557, 0, 0, 0
83000, 788536, 0, 0, 0
83100, 1017597, 0, 0, 0
83200, 1197227, 0, 0, 0
83300, 827001, 0, 0, 0
83400, 1137683, 0, 0, 0
83500, 790929, 0, 0, 0
83600, 897709, 0, 0, 0
83700, 937440, 0, 0, 0
83800, 868824, 0, 0, 0
83900, 1034143, 0, 0, 0
84000, 979659, 0, 0, 0
84100, 963060, 0, 0, 0
84200, 939478, 0, 0, 0
84300, 992751, 0, 0, 0
84400, 1115501, 0, 0, 0
84500, 1048140, 0, 0, 0
84600, 964143, 0, 0, 0
84700, 1069224, 0, 0, 0
84800, 833931, 0, 0, 0
84900, 964836, 0, 0, 0
85000, 948471, 0, 0, 0
85100, 1171428, 0, 0, 0
85200, 1037956, 0, 0, 0
85300, 1123737, 0, 0, 0
85400, 970967, 0, 0, 0
85500, 904098, 0, 0, 0
85600, 848563, 0, 0, 0
85700, 994254, 0, 0, 0
85800, 1381475, 0, 0, 0
85900, 863400, 0, 0, 0
86000, 942697, 0, 0, 0
86100, 992200, 0, 0, 0
86200, 953125, 0, 0, 0
86300, 1062432, 0, 0, 0
86400, 934706, 0, 0, 0
86500, 938995, 0, 0, 0
86600, 1005263, 0, 0, 0
86700, 1028675, 0, 0, 0
86800, 1174145, 0, 0, 0
86900, 869469, 0, 0, 0
87000, 914662, 0, 0, 0
87100, 1282972, 0, 0, 0
87200, 1075289, 0, 0, 0
87300, 912889, 0, 0, 0
87400, 935940, 0, 0, 0
87500, 876243, 0, 0, 0
87600, 1009858, 0, 0, 0
87700, 942250, 0, 0, 0
87800, 990883, 0, 0, 0
87900, 809247, 0, 0, 0
88000, 1008292, 0, 0, 0
88100, 963475, 0, 0, 0
88200, 911290, 0, 0, 0
88300, 990041, 0, 0, 0
88400, 914565, 0, 0, 0
88500, 1045111, 0, 0, 0
88600, 820621, 0, 0, 0
88700, 1066442, 0, 0, 0
88800, 830814, 0, 0, 0
88900, 1245218, 0, 0, 0
89000, 851401, 0, 0, 0
89100, 771604, 0, 0, 0
89200, 1019264, 0, 0, 0
89300, 768522, 0, 0, 0
89400, 803923, 0, 0, 0
89500, 960513, 0, 0, 0
89600, 999176, 0, 0, 0
89700, 1066170, 0, 0, 0
89800, 945815, 0, 0, 0
89900, 901100, 0, 0, 0
90000, 848990, 0, 0, 0
90000, 873392, 0, 0, 0
