122, 17303, 0, 0, 0
202, 14017, 0, 0, 0
312, 18218, 0, 0, 0
411, 13188, 0, 0, 0
510, 13234, 0, 0, 0
612, 12688, 0, 0, 0
709, 14492, 0, 0, 0
807, 13516, 0, 0, 0
900, 13977, 0, 0, 0
1010, 13891, 0, 0, 0
1101, 16442, 0, 0, 0
1221, 17542, 0, 0, 0
1307, 18628, 0, 0, 0
1401, 18796, 0, 0, 0
1507, 13779, 0, 0, 0
1602, 16826, 0, 0, 0
1718, 18772, 0, 0, 0
1802, 18701, 0, 0, 0
1918, 16440, 0, 0, 0
2010, 16897, 0, 0, 0
2100, 11794, 0, 0, 0
2221, 12977, 0, 0, 0
2321, 14088, 0, 0, 0
2408, 19279, 0, 0, 0
2513, 15433, 0, 0, 0
2600, 19355, 0, 0, 0
2703, 13341, 0, 0, 0
2802, 18905, 0, 0, 0
2900, 18967, 0, 0, 0
3004, 19472, 0, 0, 0
3113, 15698, 0, 0, 0
3209, 13886, 0, 0, 0
3309, 16851, 0, 0, 0
3413, 18862, 0, 0, 0
3501, 18165, 0, 0, 0
3604, 19832, 0, 0, 0
3708, 20926, 0, 0, 0
3807, 19333, 0, 0, 0
3906, 16042, 0, 0, 0
4020, 15773, 0, 0, 0
4118, 23015, 0, 0, 0
4210, 16580, 0, 0, 0
4307, 11590, 0, 0, 0
4428, 24230, 0, 0, 0
4504, 18034, 0, 0, 0
4612, 18342, 0, 0, 0
4730, 23539, 0, 0, 0
4813, 18591, 0, 0, 0
4931, 26593, 0, 0, 0
5016, 24311, 0, 0, 0
5109, 26526, 0, 0, 0
5217, 24056, 0, 0, 0
5302, 22187, 0, 0, 0
5421, 18275, 0, 0, 0
5502, 12435, 0, 0, 0
5601, 15363, 0, 0, 0
5701, 13677, 0, 0, 0
5802, 12718, 0, 0, 0
5905, 18317, 0, 0, 0
6027, 12504, 0, 0, 0
6101, 10956, 0, 0, 0
6215, 11681, 0, 0, 0
6309, 13298, 0, 0, 0
6420, 11380, 0, 0, 0
6501, 12563, 0, 0, 0
6616, 14409, 0, 0, 0
6709, 14493, 0, 0, 0
6801, 17697, 0, 0, 0
6908, 14835, 0, 0, 0
7002, 19423, 0, 0, 0
7101, 17278, 0, 0, 0
7219, 13024, 0, 0, 0
7309, 17331, 0, 0, 0
7400, 15652, 0, 0, 0
7504, 13809, 0, 0, 0
7610, 13306, 0, 0, 0
7704, 10683, 0, 0, 0
7819, 10159, 0, 0, 0
7917, 13141, 0, 0, 0
8026, 12527, 0, 0, 0
8158, 16021, 0, 0, 0
8211, 11678, 0, 0, 0
8314, 12267, 0, 0, 0
8400, 11249, 0, 0, 0
8514, 15336, 0, 0, 0
8601, 18074, 0, 0, 0
8720, 13696, 0, 0, 0
8805, 10955, 0, 0, 0
8904, 13862, 0, 0, 0
9005, 11582, 0, 0, 0
9119, 13778, 0, 0, 0
9219, 14430, 0, 0, 0
9302, 14751, 0, 0, 0
9400, 12167, 0, 0, 0
9505, 12990, 0, 0, 0
9601, 14219, 0, 0, 0
9704, 20469, 0, 0, 0
9802, 18076, 0, 0, 0
9911, 14238, 0, 0, 0
10004, 17401, 0, 0, 0
10114, 22569, 0, 0, 0
10210, 14726, 0, 0, 0
10321, 13316, 0, 0, 0
10414, 14968, 0, 0, 0
10507, 14928, 0, 0, 0
10608, 16405, 0, 0, 0
10729, 17468, 0, 0, 0
10802, 18271, 0, 0, 0
10900, 19626, 0, 0, 0
11007, 15597, 0, 0, 0
11103, 14308, 0, 0, 0
11205, 13536, 0, 0, 0
11300, 13494, 0, 0, 0
11401, 17387, 0, 0, 0
11503, 14591, 0, 0, 0
11602, 12959, 0, 0, 0
11727, 12742, 0, 0, 0
11805, 15122, 0, 0, 0
11908, 17077, 0, 0, 0
12000, 15434, 0, 0, 0
12104, 15856, 0, 0, 0
12212, 15402, 0, 0, 0
12304, 12287, 0, 0, 0
12404, 16106, 0, 0, 0
12510, 15287, 0, 0, 0
12614, 15576, 0, 0, 0
12714, 16083, 0, 0, 0
12862, 13803, 0, 0, 0
12931, 16519, 0, 0, 0
13002, 16528, 0, 0, 0
13109, 17474, 0, 0, 0
13200, 11506, 0, 0, 0
13316, 10889, 0, 0, 0
13403, 14695, 0, 0, 0
13509, 17481, 0, 0, 0
13608, 12982, 0, 0, 0
13714, 14791, 0, 0, 0
13803, 13673, 0, 0, 0
13902, 20089, 0, 0, 0
14012, 20363, 0, 0, 0
14116, 16121, 0, 0, 0
14200, 18443, 0, 0, 0
14305, 17408, 0, 0, 0
14424, 21288, 0, 0, 0
14517, 15229, 0, 0, 0
14623, 18214, 0, 0, 0
14724, 17303, 0, 0, 0
14800, 16132, 0, 0, 0
14906, 16842, 0, 0, 0
15002, 16926, 0, 0, 0
15100, 16251, 0, 0, 0
15202, 13628, 0, 0, 0
15310, 25129, 0, 0, 0
15405, 15876, 0, 0, 0
15501, 13051, 0, 0, 0
15601, 15127, 0, 0, 0
15703, 14949, 0, 0, 0
15802, 17167, 0, 0, 0
15901, 11312, 0, 0, 0
16010, 15885, 0, 0, 0
16112, 9270, 0, 0, 0
16225, 11911, 0, 0, 0
16320, 12103, 0, 0, 0
16402, 10949, 0, 0, 0
16500, 16094, 0, 0, 0
16603, 14258, 0, 0, 0
16716, 17826, 0, 0, 0
16807, 12390, 0, 0, 0
16952, 13083, 0, 0, 0
17004, 11454, 0, 0, 0
17109, 17148, 0, 0, 0
17204, 18911, 0, 0, 0
17308, 15660, 0, 0, 0
17416, 15038, 0, 0, 0
17523, 13174, 0, 0, 0
17601, 16879, 0, 0, 0
17709, 16484, 0, 0, 0
17807, 12656, 0, 0, 0
17901, 18165, 0, 0, 0
18001, 12675, 0, 0, 0
18106, 16029, 0, 0, 0
18203, 26733, 0, 0, 0
18301, 20100, 0, 0, 0
18406, 21369, 0, 0, 0
18512, 22533, 0, 0, 0
18606, 12358, 0, 0, 0
18726, 11765, 0, 0, 0
18805, 10962, 0, 0, 0
18901, 12366, 0, 0, 0
19008, 15101, 0, 0, 0
19115, 10521, 0, 0, 0
19204, 16753, 0, 0, 0
19304, 17196, 0, 0, 0
19403, 14306, 0, 0, 0
19519, 16650, 0, 0, 0
19606, 14158, 0, 0, 0
19700, 16174, 0, 0, 0
19801, 18244, 0, 0, 0
19903, 15830, 0, 0, 0
20025, 15842, 0, 0, 0
20106, 15713, 0, 0, 0
20208, 16939, 0, 0, 0
20320, 17722, 0, 0, 0
20443, 19495, 0, 0, 0
20514, 17939, 0, 0, 0
20602, 17778, 0, 0, 0
20704, 18793, 0, 0, 0
20804, 16936, 0, 0, 0
20915, 17929, 0, 0, 0
21010, 17721, 0, 0, 0
21131, 16952, 0, 0, 0
21200, 18349, 0, 0, 0
21304, 16954, 0, 0, 0
21405, 17252, 0, 0, 0
21502, 12836, 0, 0, 0
21611, 12959, 0, 0, 0
21701, 16814, 0, 0, 0
21822, 15296, 0, 0, 0
21900, 15717, 0, 0, 0
22006, 16547, 0, 0, 0
22108, 14724, 0, 0, 0
22226, 11982, 0, 0, 0
22326, 18907, 0, 0, 0
22401, 15645, 0, 0, 0
22500, 14582, 0, 0, 0
22612, 15958, 0, 0, 0
22719, 15423, 0, 0, 0
22811, 12045, 0, 0, 0
22913, 14439, 0, 0, 0
23015, 13964, 0, 0, 0
23104, 14619, 0, 0, 0
23200, 14069, 0, 0, 0
23313, 20008, 0, 0, 0
23406, 13127, 0, 0, 0
23519, 19083, 0, 0, 0
23625, 21790, 0, 0, 0
23703, 14466, 0, 0, 0
23825, 16087, 0, 0, 0
23924, 13174, 0, 0, 0
24005, 13006, 0, 0, 0
24100, 13004, 0, 0, 0
24217, 15331, 0, 0, 0
24305, 14079, 0, 0, 0
24410, 15849, 0, 0, 0
24532, 15275, 0, 0, 0
24626, 13170, 0, 0, 0
24705, 16356, 0, 0, 0
24811, 12556, 0, 0, 0
24939, 18252, 0, 0, 0
25002, 11229, 0, 0, 0
25112, 17947, 0, 0, 0
25219, 12297, 0, 0, 0
25312, 15228, 0, 0, 0
25419, 17590, 0, 0, 0
25513, 23865, 0, 0, 0
25631, 16428, 0, 0, 0
25740, 23071, 0, 0, 0
25808, 17631, 0, 0, 0
25904, 19209, 0, 0, 0
26023, 12396, 0, 0, 0
26116, 14485, 0, 0, 0
26201, 16204, 0, 0, 0
26313, 14733, 0, 0, 0
26402, 22388, 0, 0, 0
26507, 14505, 0, 0, 0
26602, 11229, 0, 0, 0
26705, 13855, 0, 0, 0
26820, 11913, 0, 0, 0
26927, 10133, 0, 0, 0
27002, 15167, 0, 0, 0
27109, 14093, 0, 0, 0
27210, 16662, 0, 0, 0
27322, 12394, 0, 0, 0
27400, 14970, 0, 0, 0
27502, 14069, 0, 0, 0
27613, 21575, 0, 0, 0
27714, 17836, 0, 0, 0
27820, 15053, 0, 0, 0
27900, 18888, 0, 0, 0
28026, 15837, 0, 0, 0
28107, 15843, 0, 0, 0
28214, 15198, 0, 0, 0
28304, 16429, 0, 0, 0
28406, 14246, 0, 0, 0
28501, 15668, 0, 0, 0
28606, 15115, 0, 0, 0
28728, 16037, 0, 0, 0
28804, 20714, 0, 0, 0
28920, 14976, 0, 0, 0
29002, 14935, 0, 0, 0
29109, 14620, 0, 0, 0
29210, 15758, 0, 0, 0
29316, 16592, 0, 0, 0
29404, 17097, 0, 0, 0
29522, 18582, 0, 0, 0
29609, 13730, 0, 0, 0
29714, 14976, 0, 0, 0
29800, 20116, 0, 0, 0
29913, 11817, 0, 0, 0
30018, 11557, 0, 0, 0
30106, 13492, 0, 0, 0
30202, 15791, 0, 0, 0
30302, 14200, 0, 0, 0
30402, 17012, 0, 0, 0
30500, 13098, 0, 0, 0
30605, 12255, 0, 0, 0
30701, 13985, 0, 0, 0
30808, 16500, 0, 0, 0
30917, 17808, 0, 0, 0
31008, 16101, 0, 0, 0
31124, 18354, 0, 0, 0
31203, 19548, 0, 0, 0
31300, 14598, 0, 0, 0
31400, 16412, 0, 0, 0
31515, 16766, 0, 0, 0
31605, 22727, 0, 0, 0
31712, 18509, 0, 0, 0
31808, 13586, 0, 0, 0
31907, 17559, 0, 0, 0
32002, 15308, 0, 0, 0
32105, 14292, 0, 0, 0
32236, 26450, 0, 0, 0
32300, 13516, 0, 0, 0
32411, 15026, 0, 0, 0
32506, 15610, 0, 0, 0
32612, 16543, 0, 0, 0
32708, 17516, 0, 0, 0
32802, 18060, 0, 0, 0
32902, 18031, 0, 0, 0
33002, 15564, 0, 0, 0
33105, 17072, 0, 0, 0
33209, 22467, 0, 0, 0
33346, 19001, 0, 0, 0
33402, 14909, 0, 0, 0
33509, 17673, 0, 0, 0
33643, 17498, 0, 0, 0
33717, 12174, 0, 0, 0
33828, 15160, 0, 0, 0
33906, 11849, 0, 0, 0
34004, 14635, 0, 0, 0
34100, 20161, 0, 0, 0
34200, 19686, 0, 0, 0
34319, 16420, 0, 0, 0
34402, 14510, 0, 0, 0
34522, 17653, 0, 0, 0
34614, 15826, 0, 0, 0
34718, 14423, 0, 0, 0
34800, 18699, 0, 0, 0
34909, 15197, 0, 0, 0
35000, 14911, 0, 0, 0
35125, 14489, 0, 0, 0
35201, 13023, 0, 0, 0
35301, 16085, 0, 0, 0
35433, 11817, 0, 0, 0
35507, 22138, 0, 0, 0
35612, 16028, 0, 0, 0
35739, 17941, 0, 0, 0
35810, 21405, 0, 0, 0
35914, 24104, 0, 0, 0
36000, 20520, 0, 0, 0
36112, 17648, 0, 0, 0
36205, 23713, 0, 0, 0
36316, 15990, 0, 0, 0
36402, 18726, 0, 0, 0
36506, 26449, 0, 0, 0
36624, 17882, 0, 0, 0
36701, 17623, 0, 0, 0
36801, 16643, 0, 0, 0
36904, 20522, 0, 0, 0
37004, 25166, 0, 0, 0
37104, 24788, 0, 0, 0
37208, 16092, 0, 0, 0
37338, 22303, 0, 0, 0
37405, 15148, 0, 0, 0
37512, 17664, 0, 0, 0
37601, 16101, 0, 0, 0
37711, 17494, 0, 0, 0
37805, 16851, 0, 0, 0
37901, 18088, 0, 0, 0
38004, 17330, 0, 0, 0
38137, 11499, 0, 0, 0
38211, 15517, 0, 0, 0
38300, 15709, 0, 0, 0
38401, 14632, 0, 0, 0
38500, 14221, 0, 0, 0
38601, 14659, 0, 0, 0
38703, 15756, 0, 0, 0
38801, 20983, 0, 0, 0
38914, 15786, 0, 0, 0
39000, 17436, 0, 0, 0
39103, 16104, 0, 0, 0
39206, 15890, 0, 0, 0
39306, 26827, 0, 0, 0
39415, 21444, 0, 0, 0
39508, 21946, 0, 0, 0
39601, 23301, 0, 0, 0
39701, 20872, 0, 0, 0
39807, 21768, 0, 0, 0
39903, 17174, 0, 0, 0
40033, 12813, 0, 0, 0
40102, 12849, 0, 0, 0
40212, 14567, 0, 0, 0
40324, 18737, 0, 0, 0
40403, 20140, 0, 0, 0
40529, 17211, 0, 0, 0
40600, 15065, 0, 0, 0
40711, 19506, 0, 0, 0
40803, 20563, 0, 0, 0
40917, 22105, 0, 0, 0
41009, 18818, 0, 0, 0
41125, 18021, 0, 0, 0
41211, 20110, 0, 0, 0
41308, 17819, 0, 0, 0
41402, 15483, 0, 0, 0
41500, 17321, 0, 0, 0
41609, 18162, 0, 0, 0
41705, 12964, 0, 0, 0
41815, 18039, 0, 0, 0
41906, 21341, 0, 0, 0
42014, 20028, 0, 0, 0
42102, 22106, 0, 0, 0
42208, 16991, 0, 0, 0
42310, 18190, 0, 0, 0
42402, 10637, 0, 0, 0
42503, 15368, 0, 0, 0
42609, 13659, 0, 0, 0
42705, 16246, 0, 0, 0
42805, 16281, 0, 0, 0
42938, 12785, 0, 0, 0
43001, 14744, 0, 0, 0
43100, 14839, 0, 0, 0
43203, 14525, 0, 0, 0
43313, 11137, 0, 0, 0
43400, 14452, 0, 0, 0
43547, 12827, 0, 0, 0
43602, 10311, 0, 0, 0
43708, 13467, 0, 0, 0
43806, 11286, 0, 0, 0
43918, 11790, 0, 0, 0
44008, 16629, 0, 0, 0
44105, 11587, 0, 0, 0
44205, 12566, 0, 0, 0
44308, 15565, 0, 0, 0
44404, 14211, 0, 0, 0
44500, 12853, 0, 0, 0
44605, 17922, 0, 0, 0
44705, 13507, 0, 0, 0
44807, 13747, 0, 0, 0
44908, 13631, 0, 0, 0
45002, 15788, 0, 0, 0
45108, 12911, 0, 0, 0
45203, 14049, 0, 0, 0
45313, 14263, 0, 0, 0
45401, 11549, 0, 0, 0
45502, 11729, 0, 0, 0
45607, 12332, 0, 0, 0
45711, 12651, 0, 0, 0
45809, 16644, 0, 0, 0
45906, 13181, 0, 0, 0
46000, 11160, 0, 0, 0
46102, 12573, 0, 0, 0
46201, 12120, 0, 0, 0
46310, 11955, 0, 0, 0
46403, 15764, 0, 0, 0
46500, 16488, 0, 0, 0
46609, 11555, 0, 0, 0
46703, 13198, 0, 0, 0
46804, 15405, 0, 0, 0
46904, 13349, 0, 0, 0
47002, 10844, 0, 0, 0
47116, 11542, 0, 0, 0
47200, 26137, 0, 0, 0
47304, 16045, 0, 0, 0
47405, 14838, 0, 0, 0
47502, 14567, 0, 0, 0
47625, 15774, 0, 0, 0
47702, 13614, 0, 0, 0
47803, 16629, 0, 0, 0
47901, 14767, 0, 0, 0
48007, 20811, 0, 0, 0
48102, 14484, 0, 0, 0
48212, 14416, 0, 0, 0
48301, 14721, 0, 0, 0
48425, 9854, 0, 0, 0
48504, 13798, 0, 0, 0
48604, 19038, 0, 0, 0
48701, 13601, 0, 0, 0
48807, 15795, 0, 0, 0
48903, 11015, 0, 0, 0
49000, 14469, 0, 0, 0
49113, 13511, 0, 0, 0
49208, 18810, 0, 0, 0
49300, 18231, 0, 0, 0
49401, 15084, 0, 0, 0
49503, 15813, 0, 0, 0
49600, 12849, 0, 0, 0
49700, 17178, 0, 0, 0
49800, 17401, 0, 0, 0
49905, 16005, 0, 0, 0
50008, 17673, 0, 0, 0
50110, 15623, 0, 0, 0
50209, 15954, 0, 0, 0
50330, 15849, 0, 0, 0
50404, 14910, 0, 0, 0
50500, 16826, 0, 0, 0
50600, 17147, 0, 0, 0
50700, 13430, 0, 0, 0
50801, 17383, 0, 0, 0
50915, 17129, 0, 0, 0
51002, 16725, 0, 0, 0
51109, 13965, 0, 0, 0
51206, 16983, 0, 0, 0
51301, 11942, 0, 0, 0
51402, 13850, 0, 0, 0
51500, 13466, 0, 0, 0
51652, 14006, 0, 0, 0
51708, 8832, 0, 0, 0
51804, 16104, 0, 0, 0
51900, 17489, 0, 0, 0
52003, 14156, 0, 0, 0
52104, 16119, 0, 0, 0
52213, 12298, 0, 0, 0
52315, 15026, 0, 0, 0
52402, 13219, 0, 0, 0
52501, 14832, 0, 0, 0
52600, 18203, 0, 0, 0
52702, 20997, 0, 0, 0
52805, 17999, 0, 0, 0
52903, 18087, 0, 0, 0
53020, 11987, 0, 0, 0
53107, 13176, 0, 0, 0
53200, 15705, 0, 0, 0
53304, 17734, 0, 0, 0
53406, 16352, 0, 0, 0
53516, 12371, 0, 0, 0
53606, 13720, 0, 0, 0
53710, 12113, 0, 0, 0
53835, 14826, 0, 0, 0
53914, 18276, 0, 0, 0
54000, 14191, 0, 0, 0
54103, 15981, 0, 0, 0
54203, 13877, 0, 0, 0
54325, 16636, 0, 0, 0
54403, 14187, 0, 0, 0
54507, 13646, 0, 0, 0
54609, 11657, 0, 0, 0
54704, 17976, 0, 0, 0
54807, 13002, 0, 0, 0
54907, 13162, 0, 0, 0
55001, 13364, 0, 0, 0
55103, 13252, 0, 0, 0
55202, 10663, 0, 0, 0
55309, 16292, 0, 0, 0
55414, 12969, 0, 0, 0
55504, 12889, 0, 0, 0
55607, 13982, 0, 0, 0
55709, 12102, 0, 0, 0
55840, 10857, 0, 0, 0
55907, 12443, 0, 0, 0
56014, 15756, 0, 0, 0
56122, 15892, 0, 0, 0
56204, 15726, 0, 0, 0
56309, 21085, 0, 0, 0
56409, 15594, 0, 0, 0
56513, 13798, 0, 0, 0
56611, 14780, 0, 0, 0
56702, 16825, 0, 0, 0
56806, 22774, 0, 0, 0
56903, 20248, 0, 0, 0
57000, 17816, 0, 0, 0
57112, 15898, 0, 0, 0
57200, 18945, 0, 0, 0
57310, 14674, 0, 0, 0
57420, 17127, 0, 0, 0
57503, 13306, 0, 0, 0
57601, 15420, 0, 0, 0
57701, 14524, 0, 0, 0
57831, 12984, 0, 0, 0
57901, 10919, 0, 0, 0
58007, 11274, 0, 0, 0
58100, 11590, 0, 0, 0
58215, 11425, 0, 0, 0
58318, 13023, 0, 0, 0
58403, 12300, 0, 0, 0
58522, 16086, 0, 0, 0
58601, 18136, 0, 0, 0
58702, 14801, 0, 0, 0
58808, 13313, 0, 0, 0
58903, 16813, 0, 0, 0
59002, 18445, 0, 0, 0
59115, 14167, 0, 0, 0
59203, 11102, 0, 0, 0
59305, 13992, 0, 0, 0
59418, 13842, 0, 0, 0
59507, 19228, 0, 0, 0
59600, 17554, 0, 0, 0
59706, 12439, 0, 0, 0
59807, 35010, 0, 0, 0
59935, 17172, 0, 0, 0
60001, 19683, 0, 0, 0
60106, 17913, 0, 0, 0
60202, 16081, 0, 0, 0
60322, 20476, 0, 0, 0
60421, 20020, 0, 0, 0
60509, 18014, 0, 0, 0
60601, 18898, 0, 0, 0
60718, 19761, 0, 0, 0
60813, 15197, 0, 0, 0
60903, 20218, 0, 0, 0
61017, 13524, 0, 0, 0
61104, 20279, 0, 0, 0
61206, 17385, 0, 0, 0
61300, 23849, 0, 0, 0
61412, 20611, 0, 0, 0
61527, 24099, 0, 0, 0
61604, 15187, 0, 0, 0
61700, 26936, 0, 0, 0
61812, 19776, 0, 0, 0
61905, 20112, 0, 0, 0
62006, 19404, 0, 0, 0
62112, 18823, 0, 0, 0
62237, 19611, 0, 0, 0
62300, 18077, 0, 0, 0
62402, 21820, 0, 0, 0
62501, 16991, 0, 0, 0
62628, 20301, 0, 0, 0
62740, 18795, 0, 0, 0
62811, 16777, 0, 0, 0
62904, 24170, 0, 0, 0
63010, 15374, 0, 0, 0
63106, 15261, 0, 0, 0
63204, 18098, 0, 0, 0
63303, 18114, 0, 0, 0
63402, 25523, 0, 0, 0
63518, 24085, 0, 0, 0
63600, 16137, 0, 0, 0
63700, 14432, 0, 0, 0
63809, 25780, 0, 0, 0
63912, 21425, 0, 0, 0
64000, 19053, 0, 0, 0
64102, 25148, 0, 0, 0
64202, 25249, 0, 0, 0
64301, 18252, 0, 0, 0
64400, 17249, 0, 0, 0
64506, 21655, 0, 0, 0
64603, 17811, 0, 0, 0
64722, 18447, 0, 0, 0
64800, 18068, 0, 0, 0
64918, 25023, 0, 0, 0
65021, 16178, 0, 0, 0
65105, 20027, 0, 0, 0
65216, 23399, 0, 0, 0
65300, 23262, 0, 0, 0
65411, 22072, 0, 0, 0
65526, 19862, 0, 0, 0
65607, 18390, 0, 0, 0
65718, 12342, 0, 0, 0
65811, 18987, 0, 0, 0
65911, 17875, 0, 0, 0
66008, 15229, 0, 0, 0
66114, 18865, 0, 0, 0
66204, 24669, 0, 0, 0
66317, 19826, 0, 0, 0
66406, 18509, 0, 0, 0
66511, 16262, 0, 0, 0
66600, 13600, 0, 0, 0
66705, 10586, 0, 0, 0
66808, 17299, 0, 0, 0
66911, 15721, 0, 0, 0
67005, 21232, 0, 0, 0
67102, 18698, 0, 0, 0
67201, 14953, 0, 0, 0
67317, 18829, 0, 0, 0
67407, 17379, 0, 0, 0
67512, 20191, 0, 0, 0
67608, 16047, 0, 0, 0
67700, 18660, 0, 0, 0
67823, 17457, 0, 0, 0
67903, 19339, 0, 0, 0
68000, 23136, 0, 0, 0
68105, 18359, 0, 0, 0
68207, 19027, 0, 0, 0
68309, 23542, 0, 0, 0
68401, 20002, 0, 0, 0
68516, 19944, 0, 0, 0
68600, 19217, 0, 0, 0
68708, 20482, 0, 0, 0
68820, 15702, 0, 0, 0
68910, 16078, 0, 0, 0
69007, 19199, 0, 0, 0
69100, 18648, 0, 0, 0
69200, 22096, 0, 0, 0
69326, 20400, 0, 0, 0
69421, 22111, 0, 0, 0
69504, 16851, 0, 0, 0
69618, 15222, 0, 0, 0
69702, 13187, 0, 0, 0
69802, 18330, 0, 0, 0
69903, 20162, 0, 0, 0
70001, 15597, 0, 0, 0
70110, 18361, 0, 0, 0
70209, 16505, 0, 0, 0
70322, 14483, 0, 0, 0
70410, 17265, 0, 0, 0
70526, 15577, 0, 0, 0
70609, 19186, 0, 0, 0
70708, 17511, 0, 0, 0
70813, 18498, 0, 0, 0
70900, 24030, 0, 0, 0
71002, 24504, 0, 0, 0
71123, 15604, 0, 0, 0
71203, 19627, 0, 0, 0
71316, 20848, 0, 0, 0
71401, 20050, 0, 0, 0
71508, 20049, 0, 0, 0
71607, 22963, 0, 0, 0
71719, 19879, 0, 0, 0
71801, 19490, 0, 0, 0
71900, 21794, 0, 0, 0
72005, 18680, 0, 0, 0
72122, 24334, 0, 0, 0
72201, 18896, 0, 0, 0
72301, 16256, 0, 0, 0
72436, 20145, 0, 0, 0
72516, 18511, 0, 0, 0
72601, 11946, 0, 0, 0
72702, 15499, 0, 0, 0
72801, 26211, 0, 0, 0
72911, 20829, 0, 0, 0
73000, 22506, 0, 0, 0
73114, 12474, 0, 0, 0
73232, 17628, 0, 0, 0
73306, 16627, 0, 0, 0
73406, 17878, 0, 0, 0
73504, 12624, 0, 0, 0
73601, 17680, 0, 0, 0
73732, 15327, 0, 0, 0
73802, 13088, 0, 0, 0
73920, 16520, 0, 0, 0
74000, 18810, 0, 0, 0
74102, 21669, 0, 0, 0
74200, 17008, 0, 0, 0
74312, 16216, 0, 0, 0
74404, 13387, 0, 0, 0
74512, 15483, 0, 0, 0
74603, 14856, 0, 0, 0
74712, 19813, 0, 0, 0
74801, 12386, 0, 0, 0
74910, 18153, 0, 0, 0
75003, 16739, 0, 0, 0
75103, 22789, 0, 0, 0
75203, 17637, 0, 0, 0
75303, 17202, 0, 0, 0
75404, 16949, 0, 0, 0
75502, 15505, 0, 0, 0
75608, 18014, 0, 0, 0
75707, 16187, 0, 0, 0
75801, 18705, 0, 0, 0
75901, 19730, 0, 0, 0
76004, 16660, 0, 0, 0
76115, 14846, 0, 0, 0
76202, 14903, 0, 0, 0
76304, 16864, 0, 0, 0
76403, 17084, 0, 0, 0
76501, 19661, 0, 0, 0
76601, 17728, 0, 0, 0
76700, 16314, 0, 0, 0
76812, 17237, 0, 0, 0
76900, 18456, 0, 0, 0
77015, 18492, 0, 0, 0
77103, 17733, 0, 0, 0
77202, 16878, 0, 0, 0
77306, 18970, 0, 0, 0
77411, 19097, 0, 0, 0
77502, 20945, 0, 0, 0
77608, 15997, 0, 0, 0
77707, 15095, 0, 0, 0
77802, 17968, 0, 0, 0
77927, 19572, 0, 0, 0
78000, 19376, 0, 0, 0
78103, 20515, 0, 0, 0
78212, 14235, 0, 0, 0
78303, 17114, 0, 0, 0
78400, 15441, 0, 0, 0
78507, 18747, 0, 0, 0
78600, 14176, 0, 0, 0
78704, 13736, 0, 0, 0
78803, 19183, 0, 0, 0
78934, 13005, 0, 0, 0
79002, 12630, 0, 0, 0
79122, 14616, 0, 0, 0
79201, 14053, 0, 0, 0
79308, 13909, 0, 0, 0
79407, 13282, 0, 0, 0
79500, 10304, 0, 0, 0
79601, 11327, 0, 0, 0
79702, 15629, 0, 0, 0
79820, 13838, 0, 0, 0
79919, 14794, 0, 0, 0
80003, 13793, 0, 0, 0
80105, 16564, 0, 0, 0
80206, 12944, 0, 0, 0
80310, 16512, 0, 0, 0
80403, 14796, 0, 0, 0
80500, 17298, 0, 0, 0
80608, 15690, 0, 0, 0
80736, 18285, 0, 0, 0
80800, 18471, 0, 0, 0
80905, 20798, 0, 0, 0
81003, 18286, 0, 0, 0
81104, 15516, 0, 0, 0
81216, 19132, 0, 0, 0
81305, 15281, 0, 0, 0
81401, 14864, 0, 0, 0
81518, 13810, 0, 0, 0
81605, 13192, 0, 0, 0
81701, 13290, 0, 0, 0
81801, 18963, 0, 0, 0
81900, 14073, 0, 0, 0
82003, 17490, 0, 0, 0
82100, 16525, 0, 0, 0
82200, 12599, 0, 0, 0
82308, 16750, 0, 0, 0
82402, 18576, 0, 0, 0
82522, 14134, 0, 0, 0
82623, 12312, 0, 0, 0
82725, 11239, 0, 0, 0
82834, 12882, 0, 0, 0
82903, 14570, 0, 0, 0
83018, 16617, 0, 0, 0
83102, 16041, 0, 0, 0
83201, 21699, 0, 0, 0
83334, 14723, 0, 0, 0
83404, 15555, 0, 0, 0
83500, 13757, 0, 0, 0
83607, 16445, 0, 0, 0
83712, 19032, 0, 0, 0
83802, 16756, 0, 0, 0
83921, 16798, 0, 0, 0
84000, 13001, 0, 0, 0
84109, 13822, 0, 0, 0
84203, 22133, 0, 0, 0
84300, 20335, 0, 0, 0
84436, 21171, 0, 0, 0
84537, 19178, 0, 0, 0
84603, 14916, 0, 0, 0
84701, 13901, 0, 0, 0
84801, 13326, 0, 0, 0
84904, 16072, 0, 0, 0
85003, 14874, 0, 0, 0
85103, 15973, 0, 0, 0
85224, 17081, 0, 0, 0
85328, 15704, 0, 0, 0
85412, 14095, 0, 0, 0
85512, 13473, 0, 0, 0
85627, 12859, 0, 0, 0
85706, 14232, 0, 0, 0
85801, 12584, 0, 0, 0
85904, 13551, 0, 0, 0
86025, 12649, 0, 0, 0
86100, 14212, 0, 0, 0
86206, 17528, 0, 0, 0
86306, 13100, 0, 0, 0
86400, 15819, 0, 0, 0
86501, 14574, 0, 0, 0
86600, 14754, 0, 0, 0
86718, 14024, 0, 0, 0
86804, 20185, 0, 0, 0
86902, 14993, 0, 0, 0
87002, 14472, 0, 0, 0
87129, 19181, 0, 0, 0
87200, 12178, 0, 0, 0
87309, 12391, 0, 0, 0
87408, 13479, 0, 0, 0
87500, 15584, 0, 0, 0
87600, 11107, 0, 0, 0
87700, 13140, 0, 0, 0
87802, 15529, 0, 0, 0
87922, 12533, 0, 0, 0
88013, 13323, 0, 0, 0
88103, 12393, 0, 0, 0
88217, 17742, 0, 0, 0
88306, 10541, 0, 0, 0
88407, 13176, 0, 0, 0
88517, 10424, 0, 0, 0
88616, 9634, 0, 0, 0
88705, 14567, 0, 0, 0
88800, 12796, 0, 0, 0
88900, 16400, 0, 0, 0
89004, 18227, 0, 0, 0
89102, 20560, 0, 0, 0
89226, 12851, 0, 0, 0
89308, 18171, 0, 0, 0
89401, 13569, 0, 0, 0
89516, 16472, 0, 0, 0
89624, 16045, 0, 0, 0
89705, 17318, 0, 0, 0
89825, 18582, 0, 0, 0
89900, 15400, 0, 0, 0
90060, 17615, 0, 0, 0
