250, 5860, 0, 0, 0
350, 5560, 0, 0, 0
450, 5870, 0, 0, 0
550, 4830, 0, 0, 0
650, 6030, 0, 0, 0
749, 5777, 0, 0, 0
849, 5200, 0, 0, 0
949, 5240, 0, 0, 0
1049, 7550, 0, 0, 0
1150, 7310, 0, 0, 0
1250, 7270, 0, 0, 0
1350, 6160, 0, 0, 0
1450, 5910, 0, 0, 0
1550, 7230, 0, 0, 0
1650, 6500, 0, 0, 0
1749, 7242, 0, 0, 0
1849, 7320, 0, 0, 0
1949, 5480, 0, 0, 0
2049, 5830, 0, 0, 0
2149, 6070, 0, 0, 0
2250, 5540, 0, 0, 0
2350, 6720, 0, 0, 0
2450, 5820, 0, 0, 0
2550, 5710, 0, 0, 0
2650, 7010, 0, 0, 0
2749, 5282, 0, 0, 0
2849, 6590, 0, 0, 0
2949, 5800, 0, 0, 0
3049, 5630, 0, 0, 0
3149, 7620, 0, 0, 0
3250, 6190, 0, 0, 0
3350, 6360, 0, 0, 0
3450, 6270, 0, 0, 0
3550, 6500, 0, 0, 0
3650, 5730, 0, 0, 0
3749, 5616, 0, 0, 0
3849, 6330, 0, 0, 0
3949, 5390, 0, 0, 0
4049, 5400, 0, 0, 0
4149, 6310, 0, 0, 0
4249, 6480, 0, 0, 0
4349, 5650, 0, 0, 0
4450, 4840, 0, 0, 0
4550, 4820, 0, 0, 0
4650, 4440, 0, 0, 0
4749, 4595, 0, 0, 0
4849, 5800, 0, 0, 0
4949, 5010, 0, 0, 0
5049, 5860, 0, 0, 0
5149, 6200, 0, 0, 0
5249, 5530, 0, 0, 0
5349, 7140, 0, 0, 0
5449, 6100, 0, 0, 0
5550, 6340, 0, 0, 0
5650, 5710, 0, 0, 0
5749, 6676, 0, 0, 0
5849, 4220, 0, 0, 0
5949, 6110, 0, 0, 0
6049, 4620, 0, 0, 0
6149, 4880, 0, 0, 0
6249, 5870, 0, 0, 0
6349, 5440, 0, 0, 0
6449, 6290, 0, 0, 0
6550, 6770, 0, 0, 0
6650, 5950, 0, 0, 0
6749, 6909, 0, 0, 0
6849, 6570, 0, 0, 0
6949, 5860, 0, 0, 0
7049, 5100, 0, 0, 0
7149, 6060, 0, 0, 0
7249, 5760, 0, 0, 0
7349, 6200, 0, 0, 0
7449, 5580, 0, 0, 0
7549, 7330, 0, 0, 0
7650, 7420, 0, 0, 0
7749, 6373, 0, 0, 0
7849, 6010, 0, 0, 0
7949, 6730, 0, 0, 0
8049, 5690, 0, 0, 0
8149, 6830, 0, 0, 0
8249, 5500, 0, 0, 0
8349, 6650, 0, 0, 0
8449, 6080, 0, 0, 0
8549, 6010, 0, 0, 0
8650, 6250, 0, 0, 0
8749, 7101, 0, 0, 0
8849, 5700, 0, 0, 0
8949, 5350, 0, 0, 0
9049, 5140, 0, 0, 0
9149, 6990, 0, 0, 0
9249, 5520, 0, 0, 0
9349, 4600, 0, 0, 0
9449, 6750, 0, 0, 0
9549, 6880, 0, 0, 0
9649, 6020, 0, 0, 0
9750, 6150, 0, 0, 0
9850, 5330, 0, 0, 0
9950, 5870, 0, 0, 0
10050, 5470, 0, 0, 0
10150, 6860, 0, 0, 0
10249, 7909, 0, 0, 0
10349, 7070, 0, 0, 0
10449, 6130, 0, 0, 0
10549, 4720, 0, 0, 0
10649, 5410, 0, 0, 0
10750, 5330, 0, 0, 0
10850, 5150, 0, 0, 0
10950, 4350, 0, 0, 0
11050, 5430, 0, 0, 0
11150, 5380, 0, 0, 0
11249, 5929, 0, 0, 0
11349, 7210, 0, 0, 0
11449, 6600, 0, 0, 0
11549, 7680, 0, 0, 0
11649, 6590, 0, 0, 0
11749, 4960, 0, 0, 0
11849, 6480, 0, 0, 0
11950, 5760, 0, 0, 0
12050, 5990, 0, 0, 0
12150, 4300, 0, 0, 0
12249, 5767, 0, 0, 0
12349, 4940, 0, 0, 0
12449, 6640, 0, 0, 0
12549, 5490, 0, 0, 0
12649, 5570, 0, 0, 0
12749, 6000, 0, 0, 0
12849, 4920, 0, 0, 0
12949, 6770, 0, 0, 0
13050, 6020, 0, 0, 0
13150, 7090, 0, 0, 0
13249, 5040, 0, 0, 0
13349, 4960, 0, 0, 0
13449, 6440, 0, 0, 0
13549, 6810, 0, 0, 0
13649, 6820, 0, 0, 0
13749, 5220, 0, 0, 0
13849, 7320, 0, 0, 0
13949, 5880, 0, 0, 0
14050, 5730, 0, 0, 0
14150, 8260, 0, 0, 0
14249, 5848, 0, 0, 0
14349, 5800, 0, 0, 0
14449, 5310, 0, 0, 0
14549, 5510, 0, 0, 0
14649, 5420, 0, 0, 0
14749, 5960, 0, 0, 0
14849, 7120, 0, 0, 0
14949, 5700, 0, 0, 0
15049, 6450, 0, 0, 0
15149, 6750, 0, 0, 0
15250, 4750, 0, 0, 0
15350, 6500, 0, 0, 0
15450, 6430, 0, 0, 0
15550, 6670, 0, 0, 0
15650, 6420, 0, 0, 0
15749, 5252, 0, 0, 0
15849, 5790, 0, 0, 0
15949, 4870, 0, 0, 0
16049, 5910, 0, 0, 0
16149, 5400, 0, 0, 0
16249, 4420, 0, 0, 0
16349, 4410, 0, 0, 0
16450, 5260, 0, 0, 0
16550, 5730, 0, 0, 0
16650, 7020, 0, 0, 0
16749, 6555, 0, 0, 0
16849, 4190, 0, 0, 0
16949, 4770, 0, 0, 0
17049, 5720, 0, 0, 0
17149, 8110, 0, 0, 0
17249, 7600, 0, 0, 0
17349, 5570, 0, 0, 0
17449, 5020, 0, 0, 0
17550, 5050, 0, 0, 0
17650, 5750, 0, 0, 0
17749, 6282, 0, 0, 0
17849, 5170, 0, 0, 0
17949, 5100, 0, 0, 0
18049, 6040, 0, 0, 0
18149, 4710, 0, 0, 0
18249, 6120, 0, 0, 0
18349, 5960, 0, 0, 0
18449, 6390, 0, 0, 0
18549, 5450, 0, 0, 0
18650, 4670, 0, 0, 0
18749, 5585, 0, 0, 0
18849, 4890, 0, 0, 0
18949, 5500, 0, 0, 0
19049, 5260, 0, 0, 0
19149, 5530, 0, 0, 0
19249, 5480, 0, 0, 0
19349, 5070, 0, 0, 0
19449, 4910, 0, 0, 0
19549, 5290, 0, 0, 0
19649, 5870, 0, 0, 0
19750, 5260, 0, 0, 0
19850, 5800, 0, 0, 0
19950, 5650, 0, 0, 0
20050, 4490, 0, 0, 0
20150, 4820, 0, 0, 0
20249, 3959, 0, 0, 0
20349, 4960, 0, 0, 0
20449, 6050, 0, 0, 0
20549, 5620, 0, 0, 0
20649, 6000, 0, 0, 0
20750, 5490, 0, 0, 0
20850, 6340, 0, 0, 0
20950, 5950, 0, 0, 0
21050, 4520, 0, 0, 0
21150, 4880, 0, 0, 0
21249, 4707, 0, 0, 0
21349, 6060, 0, 0, 0
21449, 5840, 0, 0, 0
21549, 8010, 0, 0, 0
21649, 5070, 0, 0, 0
21749, 5000, 0, 0, 0
21849, 6310, 0, 0, 0
21950, 5030, 0, 0, 0
22050, 5740, 0, 0, 0
22150, 5190, 0, 0, 0
22249, 5323, 0, 0, 0
22349, 6170, 0, 0, 0
22449, 6440, 0, 0, 0
22549, 6200, 0, 0, 0
22649, 6900, 0, 0, 0
22749, 5270, 0, 0, 0
22849, 6270, 0, 0, 0
22949, 5110, 0, 0, 0
23050, 5040, 0, 0, 0
23150, 5620, 0, 0, 0
23249, 4878, 0, 0, 0
23349, 4990, 0, 0, 0
23449, 5440, 0, 0, 0
23549, 3850, 0, 0, 0
23649, 6810, 0, 0, 0
23749, 6350, 0, 0, 0
23849, 6150, 0, 0, 0
23949, 5940, 0, 0, 0
24050, 7610, 0, 0, 0
24150, 6080, 0, 0, 0
24249, 5060, 0, 0, 0
24349, 6850, 0, 0, 0
24449, 5730, 0, 0, 0
24549, 5040, 0, 0, 0
24649, 5000, 0, 0, 0
24749, 5870, 0, 0, 0
24849, 8170, 0, 0, 0
24949, 6210, 0, 0, 0
25049, 6540, 0, 0, 0
25150, 6050, 0, 0, 0
25249, 5767, 0, 0, 0
25349, 6690, 0, 0, 0
25449, 5920, 0, 0, 0
25549, 4880, 0, 0, 0
25649, 6220, 0, 0, 0
25749, 5320, 0, 0, 0
25849, 5980, 0, 0, 0
25949, 5170, 0, 0, 0
26049, 5870, 0, 0, 0
26149, 4650, 0, 0, 0
26250, 5890, 0, 0, 0
26350, 6220, 0, 0, 0
26450, 6080, 0, 0, 0
26550, 5200, 0, 0, 0
26650, 4870, 0, 0, 0
26749, 5757, 0, 0, 0
26849, 6410, 0, 0, 0
26949, 5850, 0, 0, 0
27049, 6690, 0, 0, 0
27149, 5740, 0, 0, 0
27250, 5760, 0, 0, 0
27350, 4560, 0, 0, 0
27450, 4780, 0, 0, 0
27550, 6150, 0, 0, 0
27650, 6770, 0, 0, 0
27749, 5686, 0, 0, 0
27849, 5760, 0, 0, 0
27949, 6050, 0, 0, 0
28049, 5840, 0, 0, 0
28149, 6270, 0, 0, 0
28249, 5110, 0, 0, 0
28349, 5620, 0, 0, 0
28450, 6680, 0, 0, 0
28550, 5860, 0, 0, 0
28650, 6090, 0, 0, 0
28749, 5414, 0, 0, 0
28849, 7150, 0, 0, 0
28949, 6250, 0, 0, 0
29049, 4960, 0, 0, 0
29149, 6070, 0, 0, 0
29249, 5960, 0, 0, 0
29349, 6140, 0, 0, 0
29449, 4890, 0, 0, 0
29550, 5130, 0, 0, 0
29650, 4010, 0, 0, 0
29749, 4919, 0, 0, 0
29849, 5210, 0, 0, 0
29949, 7830, 0, 0, 0
30049, 5800, 0, 0, 0
30149, 5570, 0, 0, 0
30249, 5870, 0, 0, 0
30349, 4140, 0, 0, 0
30449, 5020, 0, 0, 0
30550, 5840, 0, 0, 0
30650, 4290, 0, 0, 0
30749, 5959, 0, 0, 0
30849, 6020, 0, 0, 0
30949, 6640, 0, 0, 0
31049, 5340, 0, 0, 0
31149, 5200, 0, 0, 0
31249, 5860, 0, 0, 0
31349, 5670, 0, 0, 0
31449, 7480, 0, 0, 0
31549, 5630, 0, 0, 0
31650, 6440, 0, 0, 0
31749, 5838, 0, 0, 0
31849, 5110, 0, 0, 0
31949, 5970, 0, 0, 0
32049, 4470, 0, 0, 0
32149, 4720, 0, 0, 0
32249, 6090, 0, 0, 0
32349, 6420, 0, 0, 0
32449, 7280, 0, 0, 0
32550, 4840, 0, 0, 0
32650, 6130, 0, 0, 0
32749, 5737, 0, 0, 0
32849, 5500, 0, 0, 0
32949, 6290, 0, 0, 0
33049, 6370, 0, 0, 0
33149, 5550, 0, 0, 0
33249, 5840, 0, 0, 0
33349, 4560, 0, 0, 0
33449, 6380, 0, 0, 0
33550, 5430, 0, 0, 0
33650, 6150, 0, 0, 0
33749, 7545, 0, 0, 0
33849, 6860, 0, 0, 0
33949, 6560, 0, 0, 0
34049, 5050, 0, 0, 0
34149, 4890, 0, 0, 0
34249, 4650, 0, 0, 0
34349, 6300, 0, 0, 0
34449, 6470, 0, 0, 0
34549, 6650, 0, 0, 0
34649, 7470, 0, 0, 0
34750, 6810, 0, 0, 0
34850, 5810, 0, 0, 0
34950, 5850, 0, 0, 0
35050, 6240, 0, 0, 0
35150, 5020, 0, 0, 0
35249, 5585, 0, 0, 0
35349, 5540, 0, 0, 0
35449, 4520, 0, 0, 0
35549, 5540, 0, 0, 0
35649, 4770, 0, 0, 0
35750, 5390, 0, 0, 0
35850, 6930, 0, 0, 0
35950, 5790, 0, 0, 0
36050, 6110, 0, 0, 0
36150, 5410, 0, 0, 0
36249, 6343, 0, 0, 0
36349, 6030, 0, 0, 0
36449, 4800, 0, 0, 0
36549, 4890, 0, 0, 0
36649, 5760, 0, 0, 0
36749, 5440, 0, 0, 0
36849, 6350, 0, 0, 0
36950, 4420, 0, 0, 0
37050, 6330, 0, 0, 0
37150, 4600, 0, 0, 0
37249, 4434, 0, 0, 0
37349, 6170, 0, 0, 0
37449, 6990, 0, 0, 0
37549, 6330, 0, 0, 0
37649, 6180, 0, 0, 0
37749, 6600, 0, 0, 0
37849, 4930, 0, 0, 0
37949, 4410, 0, 0, 0
38050, 5340, 0, 0, 0
38150, 5950, 0, 0, 0
38249, 6070, 0, 0, 0
38349, 5760, 0, 0, 0
38449, 6980, 0, 0, 0
38549, 4670, 0, 0, 0
38649, 5910, 0, 0, 0
38749, 5960, 0, 0, 0
38849, 5580, 0, 0, 0
38949, 7280, 0, 0, 0
39049, 6210, 0, 0, 0
39149, 5820, 0, 0, 0
39250, 4900, 0, 0, 0
39350, 5040, 0, 0, 0
39450, 6620, 0, 0, 0
39550, 5730, 0, 0, 0
39650, 5340, 0, 0, 0
39749, 6808, 0, 0, 0
39849, 5820, 0, 0, 0
39949, 6950, 0, 0, 0
40049, 5990, 0, 0, 0
40149, 5160, 0, 0, 0
40250, 5150, 0, 0, 0
40350, 6900, 0, 0, 0
40450, 6500, 0, 0, 0
40550, 5260, 0, 0, 0
40650, 6610, 0, 0, 0
40749, 5767, 0, 0, 0
40849, 4750, 0, 0, 0
40949, 5650, 0, 0, 0
41049, 6400, 0, 0, 0
41149, 6150, 0, 0, 0
41249, 4960, 0, 0, 0
41349, 4850, 0, 0, 0
41449, 4630, 0, 0, 0
41550, 4900, 0, 0, 0
41650, 4950, 0, 0, 0
41749, 4646, 0, 0, 0
41849, 7090, 0, 0, 0
41949, 5860, 0, 0, 0
42049, 6060, 0, 0, 0
42149, 5990, 0, 0, 0
42249, 4920, 0, 0, 0
42349, 7130, 0, 0, 0
42449, 6560, 0, 0, 0
42549, 5780, 0, 0, 0
42649, 5990, 0, 0, 0
42749, 6424, 0, 0, 0
42849, 5800, 0, 0, 0
42949, 5130, 0, 0, 0
43049, 4540, 0, 0, 0
43149, 5590, 0, 0, 0
43249, 6200, 0, 0, 0
43349, 5600, 0, 0, 0
43449, 5630, 0, 0, 0
43549, 5780, 0, 0, 0
43649, 3870, 0, 0, 0
43749, 5920, 0, 0, 0
43850, 4890, 0, 0, 0
43950, 6500, 0, 0, 0
44050, 4470, 0, 0, 0
44150, 6300, 0, 0, 0
44249, 5818, 0, 0, 0
44349, 5770, 0, 0, 0
44449, 5040, 0, 0, 0
44549, 5390, 0, 0, 0
44649, 5410, 0, 0, 0
44749, 4060, 0, 0, 0
44849, 6430, 0, 0, 0
44949, 5720, 0, 0, 0
45050, 5800, 0, 0, 0
45150, 6330, 0, 0, 0
45249, 5979, 0, 0, 0
45349, 5820, 0, 0, 0
45449, 3900, 0, 0, 0
45549, 5360, 0, 0, 0
45649, 4770, 0, 0, 0
45749, 5350, 0, 0, 0
45849, 5760, 0, 0, 0
45949, 5240, 0, 0, 0
46050, 5270, 0, 0, 0
46150, 5880, 0, 0, 0
46249, 6929, 0, 0, 0
46349, 6210, 0, 0, 0
46449, 5500, 0, 0, 0
46549, 5170, 0, 0, 0
46649, 6500, 0, 0, 0
46749, 6340, 0, 0, 0
46849, 4890, 0, 0, 0
46949, 6220, 0, 0, 0
47050, 5400, 0, 0, 0
47150, 5690, 0, 0, 0
47249, 6424, 0, 0, 0
47349, 5390, 0, 0, 0
47449, 4820, 0, 0, 0
47549, 6180, 0, 0, 0
47649, 6130, 0, 0, 0
47749, 5790, 0, 0, 0
47849, 6300, 0, 0, 0
47949, 5900, 0, 0, 0
48049, 5360, 0, 0, 0
48149, 7450, 0, 0, 0
48249, 5484, 0, 0, 0
48349, 5210, 0, 0, 0
48449, 4750, 0, 0, 0
48549, 6430, 0, 0, 0
48649, 5450, 0, 0, 0
48749, 3950, 0, 0, 0
48849, 5290, 0, 0, 0
48949, 5090, 0, 0, 0
49049, 6680, 0, 0, 0
49149, 5940, 0, 0, 0
49250, 6150, 0, 0, 0
49350, 6140, 0, 0, 0
49450, 5620, 0, 0, 0
49550, 6220, 0, 0, 0
49650, 4820, 0, 0, 0
49749, 4505, 0, 0, 0
49849, 5400, 0, 0, 0
49949, 6320, 0, 0, 0
50049, 5720, 0, 0, 0
50149, 5820, 0, 0, 0
50250, 6800, 0, 0, 0
50350, 5690, 0, 0, 0
50450, 5550, 0, 0, 0
50550, 5090, 0, 0, 0
50650, 6360, 0, 0, 0
50749, 5707, 0, 0, 0
50849, 5680, 0, 0, 0
50949, 6430, 0, 0, 0
51049, 4720, 0, 0, 0
51149, 4890, 0, 0, 0
51250, 5110, 0, 0, 0
51350, 4870, 0, 0, 0
51450, 5560, 0, 0, 0
51550, 5780, 0, 0, 0
51650, 6060, 0, 0, 0
51749, 7181, 0, 0, 0
51849, 7510, 0, 0, 0
51949, 6160, 0, 0, 0
52049, 7010, 0, 0, 0
52149, 7420, 0, 0, 0
52250, 5980, 0, 0, 0
52350, 6750, 0, 0, 0
52450, 5160, 0, 0, 0
52550, 6020, 0, 0, 0
52650, 6390, 0, 0, 0
52749, 6040, 0, 0, 0
52849, 6340, 0, 0, 0
52949, 5440, 0, 0, 0
53049, 5800, 0, 0, 0
53149, 7220, 0, 0, 0
53249, 5970, 0, 0, 0
53349, 7380, 0, 0, 0
53449, 6040, 0, 0, 0
53550, 5650, 0, 0, 0
53650, 5540, 0, 0, 0
53749, 5181, 0, 0, 0
53849, 5460, 0, 0, 0
53949, 6150, 0, 0, 0
54049, 6200, 0, 0, 0
54149, 6530, 0, 0, 0
54249, 6620, 0, 0, 0
54349, 6020, 0, 0, 0
54449, 6220, 0, 0, 0
54550, 6740, 0, 0, 0
54650, 6290, 0, 0, 0
54749, 7111, 0, 0, 0
54849, 7390, 0, 0, 0
54949, 5480, 0, 0, 0
55049, 5680, 0, 0, 0
55149, 6670, 0, 0, 0
55249, 4630, 0, 0, 0
55349, 6460, 0, 0, 0
55449, 6130, 0, 0, 0
55549, 5670, 0, 0, 0
55649, 6130, 0, 0, 0
55749, 6111, 0, 0, 0
55849, 5220, 0, 0, 0
55949, 6600, 0, 0, 0
56049, 6540, 0, 0, 0
56149, 6070, 0, 0, 0
56249, 5530, 0, 0, 0
56349, 7580, 0, 0, 0
56449, 6300, 0, 0, 0
56549, 6150, 0, 0, 0
56649, 5130, 0, 0, 0
56749, 5390, 0, 0, 0
56849, 4540, 0, 0, 0
56949, 7010, 0, 0, 0
57050, 4100, 0, 0, 0
57150, 5850, 0, 0, 0
57249, 5838, 0, 0, 0
57349, 5140, 0, 0, 0
57449, 6390, 0, 0, 0
57549, 7730, 0, 0, 0
57649, 6120, 0, 0, 0
57749, 4090, 0, 0, 0
57849, 4680, 0, 0, 0
57949, 4920, 0, 0, 0
58050, 5770, 0, 0, 0
58150, 6390, 0, 0, 0
58249, 5383, 0, 0, 0
58349, 5380, 0, 0, 0
58449, 5570, 0, 0, 0
58549, 5230, 0, 0, 0
58649, 6170, 0, 0, 0
58749, 5820, 0, 0, 0
58849, 6330, 0, 0, 0
58949, 3990, 0, 0, 0
59049, 4240, 0, 0, 0
59150, 5810, 0, 0, 0
59249, 4939, 0, 0, 0
59349, 6270, 0, 0, 0
59449, 5350, 0, 0, 0
59549, 7020, 0, 0, 0
59649, 5110, 0, 0, 0
59749, 5360, 0, 0, 0
59849, 4880, 0, 0, 0
59949, 5230, 0, 0, 0
60049, 7310, 0, 0, 0
60149, 4710, 0, 0, 0
60249, 5666, 0, 0, 0
60349, 5320, 0, 0, 0
60449, 6720, 0, 0, 0
60549, 6720, 0, 0, 0
60649, 7790, 0, 0, 0
60749, 4630, 0, 0, 0
60849, 5410, 0, 0, 0
60949, 4160, 0, 0, 0
61049, 6030, 0, 0, 0
61149, 5140, 0, 0, 0
61250, 5620, 0, 0, 0
61350, 5050, 0, 0, 0
61450, 5570, 0, 0, 0
61550, 5890, 0, 0, 0
61650, 5240, 0, 0, 0
61749, 5515, 0, 0, 0
61849, 4570, 0, 0, 0
61949, 4260, 0, 0, 0
62049, 5790, 0, 0, 0
62149, 6350, 0, 0, 0
62250, 6520, 0, 0, 0
62350, 7500, 0, 0, 0
62450, 6350, 0, 0, 0
62550, 5090, 0, 0, 0
62650, 4910, 0, 0, 0
62749, 5333, 0, 0, 0
62849, 4160, 0, 0, 0
62949, 5200, 0, 0, 0
63049, 6270, 0, 0, 0
63149, 5760, 0, 0, 0
63250, 6130, 0, 0, 0
63350, 5900, 0, 0, 0
63450, 5420, 0, 0, 0
63550, 6670, 0, 0, 0
63650, 6550, 0, 0, 0
63749, 7141, 0, 0, 0
63849, 6220, 0, 0, 0
63949, 6360, 0, 0, 0
64049, 5640, 0, 0, 0
64149, 5370, 0, 0, 0
64249, 6060, 0, 0, 0
64349, 6480, 0, 0, 0
64450, 7010, 0, 0, 0
64550, 6140, 0, 0, 0
64650, 6320, 0, 0, 0
64749, 6212, 0, 0, 0
64849, 5500, 0, 0, 0
64949, 6050, 0, 0, 0
65049, 5750, 0, 0, 0
65149, 6490, 0, 0, 0
65249, 4560, 0, 0, 0
65349, 6270, 0, 0, 0
65449, 6990, 0, 0, 0
65550, 5600, 0, 0, 0
65650, 6930, 0, 0, 0
65749, 5060, 0, 0, 0
65849, 5460, 0, 0, 0
65949, 6040, 0, 0, 0
66049, 6160, 0, 0, 0
66149, 7050, 0, 0, 0
66249, 7990, 0, 0, 0
66349, 5520, 0, 0, 0
66450, 4370, 0, 0, 0
66550, 6840, 0, 0, 0
66650, 5570, 0, 0, 0
66749, 5525, 0, 0, 0
66849, 6070, 0, 0, 0
66949, 6960, 0, 0, 0
67049, 6170, 0, 0, 0
67149, 6290, 0, 0, 0
67249, 4270, 0, 0, 0
67349, 4780, 0, 0, 0
67449, 7190, 0, 0, 0
67550, 5610, 0, 0, 0
67650, 6530, 0, 0, 0
67749, 5373, 0, 0, 0
67849, 6450, 0, 0, 0
67949, 5680, 0, 0, 0
68049, 5750, 0, 0, 0
68149, 8000, 0, 0, 0
68249, 6640, 0, 0, 0
68349, 6750, 0, 0, 0
68449, 5520, 0, 0, 0
68550, 5990, 0, 0, 0
68650, 4620, 0, 0, 0
68749, 5505, 0, 0, 0
68849, 6680, 0, 0, 0
68949, 7070, 0, 0, 0
69049, 6440, 0, 0, 0
69149, 5260, 0, 0, 0
69249, 6610, 0, 0, 0
69349, 5100, 0, 0, 0
69449, 4950, 0, 0, 0
69550, 4750, 0, 0, 0
69650, 5390, 0, 0, 0
69749, 5383, 0, 0, 0
69849, 6050, 0, 0, 0
69949, 5900, 0, 0, 0
70049, 7150, 0, 0, 0
70149, 6420, 0, 0, 0
70249, 7690, 0, 0, 0
70349, 5520, 0, 0, 0
70449, 5680, 0, 0, 0
70550, 5870, 0, 0, 0
70650, 6050, 0, 0, 0
70749, 5292, 0, 0, 0
70849, 5900, 0, 0, 0
70949, 5660, 0, 0, 0
71049, 5190, 0, 0, 0
71149, 5300, 0, 0, 0
71249, 5030, 0, 0, 0
71349, 6890, 0, 0, 0
71449, 6370, 0, 0, 0
71549, 7520, 0, 0, 0
71649, 4690, 0, 0, 0
71750, 5180, 0, 0, 0
71850, 5210, 0, 0, 0
71950, 6000, 0, 0, 0
72050, 5230, 0, 0, 0
72150, 5130, 0, 0, 0
72249, 6000, 0, 0, 0
72349, 5630, 0, 0, 0
72449, 5460, 0, 0, 0
72549, 4940, 0, 0, 0
72649, 6730, 0, 0, 0
72749, 5540, 0, 0, 0
72850, 7090, 0, 0, 0
72950, 6740, 0, 0, 0
73050, 6530, 0, 0, 0
73150, 6330, 0, 0, 0
73249, 5191, 0, 0, 0
73349, 5660, 0, 0, 0
73449, 6250, 0, 0, 0
73549, 5680, 0, 0, 0
73649, 6190, 0, 0, 0
73749, 4620, 0, 0, 0
73849, 5960, 0, 0, 0
73949, 5260, 0, 0, 0
74050, 4480, 0, 0, 0
74150, 5690, 0, 0, 0
74249, 5939, 0, 0, 0
74349, 6230, 0, 0, 0
74449, 6230, 0, 0, 0
74549, 5430, 0, 0, 0
74649, 5510, 0, 0, 0
74749, 5750, 0, 0, 0
74849, 4740, 0, 0, 0
74949, 7530, 0, 0, 0
75049, 6960, 0, 0, 0
75149, 6860, 0, 0, 0
75250, 6950, 0, 0, 0
75350, 4870, 0, 0, 0
75450, 5110, 0, 0, 0
75550, 5200, 0, 0, 0
75650, 4740, 0, 0, 0
75749, 5616, 0, 0, 0
75849, 6220, 0, 0, 0
75949, 6060, 0, 0, 0
76049, 5440, 0, 0, 0
76149, 5980, 0, 0, 0
76249, 6280, 0, 0, 0
76350, 7230, 0, 0, 0
76450, 7540, 0, 0, 0
76550, 6440, 0, 0, 0
76650, 6170, 0, 0, 0
76749, 7474, 0, 0, 0
76849, 5930, 0, 0, 0
76949, 6350, 0, 0, 0
77049, 5680, 0, 0, 0
77149, 4280, 0, 0, 0
77249, 6990, 0, 0, 0
77349, 5910, 0, 0, 0
77449, 6170, 0, 0, 0
77550, 6510, 0, 0, 0
77650, 6770, 0, 0, 0
77749, 5949, 0, 0, 0
77849, 5030, 0, 0, 0
77949, 5300, 0, 0, 0
78049, 4860, 0, 0, 0
78149, 7730, 0, 0, 0
78249, 5540, 0, 0, 0
78349, 5570, 0, 0, 0
78449, 5930, 0, 0, 0
78549, 7560, 0, 0, 0
78649, 7050, 0, 0, 0
78749, 6484, 0, 0, 0
78849, 4610, 0, 0, 0
78949, 5340, 0, 0, 0
79049, 6650, 0, 0, 0
79149, 5090, 0, 0, 0
79249, 5950, 0, 0, 0
79349, 8030, 0, 0, 0
79449, 4940, 0, 0, 0
79549, 6510, 0, 0, 0
79649, 7030, 0, 0, 0
79749, 6414, 0, 0, 0
79849, 7900, 0, 0, 0
79949, 5020, 0, 0, 0
80049, 7230, 0, 0, 0
80149, 8060, 0, 0, 0
80249, 5270, 0, 0, 0
80349, 4950, 0, 0, 0
80449, 5450, 0, 0, 0
80549, 5090, 0, 0, 0
80649, 6110, 0, 0, 0
80749, 6242, 0, 0, 0
80849, 6210, 0, 0, 0
80949, 6100, 0, 0, 0
81049, 6380, 0, 0, 0
81149, 6960, 0, 0, 0
81249, 4870, 0, 0, 0
81349, 5020, 0, 0, 0
81449, 4860, 0, 0, 0
81549, 6070, 0, 0, 0
81649, 5890, 0, 0, 0
81749, 4828, 0, 0, 0
81849, 4840, 0, 0, 0
81949, 6030, 0, 0, 0
82049, 5750, 0, 0, 0
82149, 5280, 0, 0, 0
82249, 4850, 0, 0, 0
82349, 5910, 0, 0, 0
82449, 6920, 0, 0, 0
82549, 5240, 0, 0, 0
82649, 5570, 0, 0, 0
82750, 6550, 0, 0, 0
82850, 6330, 0, 0, 0
82950, 5550, 0, 0, 0
83050, 5890, 0, 0, 0
83150, 5860, 0, 0, 0
83249, 5656, 0, 0, 0
83349, 6630, 0, 0, 0
83449, 6400, 0, 0, 0
83549, 5240, 0, 0, 0
83649, 5360, 0, 0, 0
83750, 5620, 0, 0, 0
83850, 6130, 0, 0, 0
83950, 6200, 0, 0, 0
84050, 5690, 0, 0, 0
84150, 6060, 0, 0, 0
84249, 5444, 0, 0, 0
84349, 7940, 0, 0, 0
84449, 6290, 0, 0, 0
84549, 7220, 0, 0, 0
84649, 6560, 0, 0, 0
84750, 5500, 0, 0, 0
84850, 7510, 0, 0, 0
84950, 5150, 0, 0, 0
85050, 5700, 0, 0, 0
85150, 5220, 0, 0, 0
85249, 6111, 0, 0, 0
85349, 6870, 0, 0, 0
85449, 6110, 0, 0, 0
85549, 6330, 0, 0, 0
85649, 4590, 0, 0, 0
85750, 5720, 0, 0, 0
85850, 5820, 0, 0, 0
85950, 6250, 0, 0, 0
86050, 6060, 0, 0, 0
86150, 5610, 0, 0, 0
86249, 6080, 0, 0, 0
86349, 5990, 0, 0, 0
86449, 5010, 0, 0, 0
86549, 5250, 0, 0, 0
86649, 4880, 0, 0, 0
86749, 5400, 0, 0, 0
86849, 4890, 0, 0, 0
86949, 6200, 0, 0, 0
87050, 5060, 0, 0, 0
87150, 6460, 0, 0, 0
87249, 5515, 0, 0, 0
87349, 5930, 0, 0, 0
87449, 6230, 0, 0, 0
87549, 4560, 0, 0, 0
87649, 6560, 0, 0, 0
87749, 6730, 0, 0, 0
87849, 5360, 0, 0, 0
87949, 6560, 0, 0, 0
88050, 5720, 0, 0, 0
88150, 5560, 0, 0, 0
88249, 4717, 0, 0, 0
88349, 4930, 0, 0, 0
88449, 4760, 0, 0, 0
88549, 5380, 0, 0, 0
88649, 5010, 0, 0, 0
88749, 5070, 0, 0, 0
88849, 6500, 0, 0, 0
88949, 6480, 0, 0, 0
89049, 6310, 0, 0, 0
89149, 4920, 0, 0, 0
89249, 5323, 0, 0, 0
89349, 5600, 0, 0, 0
89449, 5300, 0, 0, 0
89549, 5120, 0, 0, 0
89649, 4950, 0, 0, 0
89749, 4560, 0, 0, 0
89849, 6190, 0, 0, 0
89949, 6410, 0, 0, 0
