250, 622592, 0, 0, 0
350, 696320, 0, 0, 0
450, 696320, 0, 0, 0
550, 655360, 0, 0, 0
650, 655360, 0, 0, 0
749, 579232, 0, 0, 0
849, 655360, 0, 0, 0
949, 655360, 0, 0, 0
1050, 655360, 0, 0, 0
1150, 614400, 0, 0, 0
1249, 620606, 0, 0, 0
1349, 655360, 0, 0, 0
1449, 696320, 0, 0, 0
1550, 573440, 0, 0, 0
1650, 532480, 0, 0, 0
1749, 579232, 0, 0, 0
1849, 573440, 0, 0, 0
1949, 655360, 0, 0, 0
2049, 655360, 0, 0, 0
2149, 614400, 0, 0, 0
2249, 614400, 0, 0, 0
2350, 655360, 0, 0, 0
2450, 573440, 0, 0, 0
2550, 573440, 0, 0, 0
2650, 614400, 0, 0, 0
2749, 620606, 0, 0, 0
2849, 655360, 0, 0, 0
2950, 696320, 0, 0, 0
3050, 614400, 0, 0, 0
3150, 655360, 0, 0, 0
3249, 620606, 0, 0, 0
3349, 655360, 0, 0, 0
3449, 655360, 0, 0, 0
3550, 655360, 0, 0, 0
3650, 614400, 0, 0, 0
3749, 661979, 0, 0, 0
3849, 614400, 0, 0, 0
3949, 696320, 0, 0, 0
4049, 696320, 0, 0, 0
4149, 655360, 0, 0, 0
4250, 778240, 0, 0, 0
4350, 737280, 0, 0, 0
4450, 778240, 0, 0, 0
4550, 696320, 0, 0, 0
4650, 737280, 0, 0, 0
4749, 703353, 0, 0, 0
4849, 737280, 0, 0, 0
4949, 696320, 0, 0, 0
5049, 614400, 0, 0, 0
5150, 737280, 0, 0, 0
5250, 737280, 0, 0, 0
5350, 655360, 0, 0, 0
5450, 737280, 0, 0, 0
5550, 696320, 0, 0, 0
5650, 696320, 0, 0, 0
5749, 703353, 0, 0, 0
5849, 737280, 0, 0, 0
5950, 614400, 0, 0, 0
6050, 696320, 0, 0, 0
6150, 696320, 0, 0, 0
6249, 661979, 0, 0, 0
6349, 696320, 0, 0, 0
6449, 614400, 0, 0, 0
6549, 614400, 0, 0, 0
6650, 614400, 0, 0, 0
6749, 620606, 0, 0, 0
6849, 655360, 0, 0, 0
6949, 737280, 0, 0, 0
7049, 614400, 0, 0, 0
7149, 696320, 0, 0, 0
7250, 655360, 0, 0, 0
7350, 778240, 0, 0, 0
7450, 655360, 0, 0, 0
7550, 655360, 0, 0, 0
7650, 614400, 0, 0, 0
7749, 703353, 0, 0, 0
7849, 614400, 0, 0, 0
7949, 696320, 0, 0, 0
8050, 614400, 0, 0, 0
8150, 614400, 0, 0, 0
8249, 661979, 0, 0, 0
8349, 737280, 0, 0, 0
8449, 614400, 0, 0, 0
8550, 655360, 0, 0, 0
8650, 573440, 0, 0, 0
8749, 620606, 0, 0, 0
8849, 614400, 0, 0, 0
8949, 614400, 0, 0, 0
9049, 655360, 0, 0, 0
9149, 655360, 0, 0, 0
9249, 661979, 0, 0, 0
9349, 573440, 0, 0, 0
9449, 737280, 0, 0, 0
9549, 614400, 0, 0, 0
9649, 614400, 0, 0, 0
9750, 655360, 0, 0, 0
9850, 696320, 0, 0, 0
9950, 655360, 0, 0, 0
10050, 655360, 0, 0, 0
10150, 778240, 0, 0, 0
10250, 661979, 0, 0, 0
10350, 737280, 0, 0, 0
10450, 614400, 0, 0, 0
10550, 614400, 0, 0, 0
10650, 614400, 0, 0, 0
10749, 620606, 0, 0, 0
10849, 696320, 0, 0, 0
10950, 696320, 0, 0, 0
11050, 696320, 0, 0, 0
11150, 614400, 0, 0, 0
11249, 703353, 0, 0, 0
11349, 655360, 0, 0, 0
11449, 696320, 0, 0, 0
11549, 573440, 0, 0, 0
11649, 696320, 0, 0, 0
11750, 655360, 0, 0, 0
11850, 655360, 0, 0, 0
11950, 655360, 0, 0, 0
12050, 614400, 0, 0, 0
12150, 655360, 0, 0, 0
12250, 620606, 0, 0, 0
12350, 614400, 0, 0, 0
12450, 655360, 0, 0, 0
12550, 614400, 0, 0, 0
12650, 655360, 0, 0, 0
12749, 579232, 0, 0, 0
12849, 614400, 0, 0, 0
12949, 573440, 0, 0, 0
13050, 655360, 0, 0, 0
13150, 655360, 0, 0, 0
13249, 620606, 0, 0, 0
13349, 614400, 0, 0, 0
13449, 655360, 0, 0, 0
13549, 655360, 0, 0, 0
13649, 573440, 0, 0, 0
13750, 614400, 0, 0, 0
13850, 614400, 0, 0, 0
13950, 655360, 0, 0, 0
14050, 696320, 0, 0, 0
14150, 696320, 0, 0, 0
14250, 661979, 0, 0, 0
14350, 655360, 0, 0, 0
14450, 655360, 0, 0, 0
14550, 778240, 0, 0, 0
14650, 655360, 0, 0, 0
14750, 744727, 0, 0, 0
14850, 696320, 0, 0, 0
14950, 696320, 0, 0, 0
15050, 655360, 0, 0, 0
15150, 696320, 0, 0, 0
15249, 661979, 0, 0, 0
15349, 655360, 0, 0, 0
15449, 614400, 0, 0, 0
15550, 614400, 0, 0, 0
15650, 655360, 0, 0, 0
15749, 620606, 0, 0, 0
15849, 655360, 0, 0, 0
15949, 737280, 0, 0, 0
16050, 655360, 0, 0, 0
16150, 696320, 0, 0, 0
16249, 703353, 0, 0, 0
16349, 655360, 0, 0, 0
16449, 696320, 0, 0, 0
16549, 696320, 0, 0, 0
16649, 696320, 0, 0, 0
16750, 655360, 0, 0, 0
16850, 737280, 0, 0, 0
16950, 655360, 0, 0, 0
17050, 655360, 0, 0, 0
17150, 737280, 0, 0, 0
17249, 703353, 0, 0, 0
17349, 737280, 0, 0, 0
17449, 573440, 0, 0, 0
17550, 737280, 0, 0, 0
17650, 696320, 0, 0, 0
17749, 703353, 0, 0, 0
17849, 655360, 0, 0, 0
17949, 696320, 0, 0, 0
18049, 737280, 0, 0, 0
18149, 655360, 0, 0, 0
18250, 778240, 0, 0, 0
18350, 737280, 0, 0, 0
18450, 655360, 0, 0, 0
18550, 737280, 0, 0, 0
18650, 614400, 0, 0, 0
18749, 703353, 0, 0, 0
18849, 614400, 0, 0, 0
18949, 696320, 0, 0, 0
19050, 696320, 0, 0, 0
19150, 655360, 0, 0, 0
19249, 744727, 0, 0, 0
19349, 655360, 0, 0, 0
19449, 614400, 0, 0, 0
19549, 614400, 0, 0, 0
19649, 655360, 0, 0, 0
19750, 573440, 0, 0, 0
19850, 614400, 0, 0, 0
19950, 573440, 0, 0, 0
20050, 655360, 0, 0, 0
20150, 696320, 0, 0, 0
20249, 579232, 0, 0, 0
20349, 614400, 0, 0, 0
20449, 573440, 0, 0, 0
20550, 655360, 0, 0, 0
20650, 655360, 0, 0, 0
20749, 620606, 0, 0, 0
20849, 614400, 0, 0, 0
20949, 614400, 0, 0, 0
21049, 614400, 0, 0, 0
21150, 696320, 0, 0, 0
21250, 655360, 0, 0, 0
21350, 573440, 0, 0, 0
21450, 614400, 0, 0, 0
21550, 573440, 0, 0, 0
21650, 655360, 0, 0, 0
21749, 661979, 0, 0, 0
21849, 614400, 0, 0, 0
21950, 696320, 0, 0, 0
22050, 614400, 0, 0, 0
22150, 655360, 0, 0, 0
22249, 579232, 0, 0, 0
22349, 696320, 0, 0, 0
22450, 696320, 0, 0, 0
22550, 655360, 0, 0, 0
22650, 655360, 0, 0, 0
22749, 661979, 0, 0, 0
22849, 737280, 0, 0, 0
22949, 696320, 0, 0, 0
23050, 655360, 0, 0, 0
23150, 532480, 0, 0, 0
23249, 703353, 0, 0, 0
23349, 614400, 0, 0, 0
23449, 655360, 0, 0, 0
23549, 614400, 0, 0, 0
23649, 614400, 0, 0, 0
23750, 614400, 0, 0, 0
23850, 655360, 0, 0, 0
23950, 655360, 0, 0, 0
24050, 696320, 0, 0, 0
24150, 655360, 0, 0, 0
24249, 579232, 0, 0, 0
24349, 614400, 0, 0, 0
24449, 614400, 0, 0, 0
24550, 696320, 0, 0, 0
24650, 655360, 0, 0, 0
24749, 703353, 0, 0, 0
24849, 614400, 0, 0, 0
24949, 614400, 0, 0, 0
25049, 696320, 0, 0, 0
25150, 696320, 0, 0, 0
25249, 579232, 0, 0, 0
25349, 655360, 0, 0, 0
25449, 655360, 0, 0, 0
25549, 655360, 0, 0, 0
25649, 614400, 0, 0, 0
25749, 655360, 0, 0, 0
25850, 573440, 0, 0, 0
25950, 655360, 0, 0, 0
26050, 737280, 0, 0, 0
26150, 696320, 0, 0, 0
26249, 703353, 0, 0, 0
26349, 696320, 0, 0, 0
26449, 655360, 0, 0, 0
26550, 696320, 0, 0, 0
26650, 737280, 0, 0, 0
26749, 703353, 0, 0, 0
26849, 696320, 0, 0, 0
26949, 737280, 0, 0, 0
27049, 614400, 0, 0, 0
27149, 696320, 0, 0, 0
27250, 737280, 0, 0, 0
27350, 655360, 0, 0, 0
27450, 696320, 0, 0, 0
27550, 573440, 0, 0, 0
27650, 696320, 0, 0, 0
27750, 620606, 0, 0, 0
27850, 614400, 0, 0, 0
27950, 655360, 0, 0, 0
28050, 655360, 0, 0, 0
28150, 655360, 0, 0, 0
28249, 703353, 0, 0, 0
28350, 614400, 0, 0, 0
28450, 696320, 0, 0, 0
28550, 696320, 0, 0, 0
28650, 696320, 0, 0, 0
28749, 744727, 0, 0, 0
28849, 655360, 0, 0, 0
28949, 696320, 0, 0, 0
29049, 696320, 0, 0, 0
29150, 614400, 0, 0, 0
29249, 661979, 0, 0, 0
29349, 614400, 0, 0, 0
29449, 737280, 0, 0, 0
29549, 737280, 0, 0, 0
29649, 573440, 0, 0, 0
29750, 696320, 0, 0, 0
29850, 819200, 0, 0, 0
29950, 696320, 0, 0, 0
30050, 778240, 0, 0, 0
30150, 737280, 0, 0, 0
30249, 703353, 0, 0, 0
30349, 737280, 0, 0, 0
30450, 696320, 0, 0, 0
30550, 696320, 0, 0, 0
30650, 737280, 0, 0, 0
30749, 661979, 0, 0, 0
30849, 614400, 0, 0, 0
30949, 778240, 0, 0, 0
31049, 655360, 0, 0, 0
31150, 655360, 0, 0, 0
31250, 696320, 0, 0, 0
31350, 696320, 0, 0, 0
31450, 614400, 0, 0, 0
31550, 655360, 0, 0, 0
31650, 614400, 0, 0, 0
31750, 703353, 0, 0, 0
31850, 573440, 0, 0, 0
31950, 696320, 0, 0, 0
32050, 655360, 0, 0, 0
32150, 614400, 0, 0, 0
32249, 703353, 0, 0, 0
32349, 655360, 0, 0, 0
32449, 696320, 0, 0, 0
32550, 696320, 0, 0, 0
32650, 614400, 0, 0, 0
32749, 661979, 0, 0, 0
32849, 655360, 0, 0, 0
32949, 737280, 0, 0, 0
33049, 696320, 0, 0, 0
33149, 696320, 0, 0, 0
33250, 614400, 0, 0, 0
33350, 696320, 0, 0, 0
33450, 614400, 0, 0, 0
33550, 696320, 0, 0, 0
33650, 696320, 0, 0, 0
33749, 620606, 0, 0, 0
33849, 737280, 0, 0, 0
33949, 696320, 0, 0, 0
34050, 696320, 0, 0, 0
34150, 655360, 0, 0, 0
34249, 744727, 0, 0, 0
34349, 655360, 0, 0, 0
34449, 819200, 0, 0, 0
34549, 737280, 0, 0, 0
34650, 655360, 0, 0, 0
34749, 703353, 0, 0, 0
34849, 696320, 0, 0, 0
34949, 696320, 0, 0, 0
35049, 696320, 0, 0, 0
35149, 696320, 0, 0, 0
35249, 696320, 0, 0, 0
35350, 778240, 0, 0, 0
35450, 696320, 0, 0, 0
35550, 696320, 0, 0, 0
35650, 778240, 0, 0, 0
35749, 620606, 0, 0, 0
35849, 737280, 0, 0, 0
35950, 778240, 0, 0, 0
36050, 696320, 0, 0, 0
36150, 655360, 0, 0, 0
36249, 620606, 0, 0, 0
36349, 737280, 0, 0, 0
36449, 778240, 0, 0, 0
36550, 696320, 0, 0, 0
36650, 737280, 0, 0, 0
36749, 744727, 0, 0, 0
36849, 737280, 0, 0, 0
36949, 655360, 0, 0, 0
37050, 778240, 0, 0, 0
37150, 737280, 0, 0, 0
37249, 661979, 0, 0, 0
37349, 778240, 0, 0, 0
37449, 614400, 0, 0, 0
37550, 696320, 0, 0, 0
37650, 778240, 0, 0, 0
37749, 786101, 0, 0, 0
37849, 737280, 0, 0, 0
37949, 614400, 0, 0, 0
38049, 737280, 0, 0, 0
38150, 737280, 0, 0, 0
38249, 661979, 0, 0, 0
38349, 737280, 0, 0, 0
38449, 737280, 0, 0, 0
38549, 696320, 0, 0, 0
38649, 696320, 0, 0, 0
38749, 778240, 0, 0, 0
38849, 737280, 0, 0, 0
38950, 737280, 0, 0, 0
39050, 778240, 0, 0, 0
39150, 696320, 0, 0, 0
39249, 703353, 0, 0, 0
39349, 696320, 0, 0, 0
39449, 696320, 0, 0, 0
39550, 737280, 0, 0, 0
39650, 614400, 0, 0, 0
39749, 744727, 0, 0, 0
39849, 778240, 0, 0, 0
39949, 737280, 0, 0, 0
40049, 655360, 0, 0, 0
40149, 778240, 0, 0, 0
40250, 573440, 0, 0, 0
40350, 778240, 0, 0, 0
40450, 696320, 0, 0, 0
40550, 696320, 0, 0, 0
40650, 696320, 0, 0, 0
40749, 744727, 0, 0, 0
40849, 819200, 0, 0, 0
40949, 737280, 0, 0, 0
41050, 819200, 0, 0, 0
41150, 778240, 0, 0, 0
41249, 744727, 0, 0, 0
41349, 737280, 0, 0, 0
41449, 778240, 0, 0, 0
41549, 655360, 0, 0, 0
41649, 737280, 0, 0, 0
41749, 778240, 0, 0, 0
41850, 696320, 0, 0, 0
41950, 778240, 0, 0, 0
42050, 819200, 0, 0, 0
42150, 819200, 0, 0, 0
42249, 827474, 0, 0, 0
42349, 778240, 0, 0, 0
42449, 778240, 0, 0, 0
42549, 778240, 0, 0, 0
42650, 696320, 0, 0, 0
42749, 744727, 0, 0, 0
42849, 655360, 0, 0, 0
42949, 737280, 0, 0, 0
43049, 655360, 0, 0, 0
43149, 778240, 0, 0, 0
43249, 696320, 0, 0, 0
43350, 696320, 0, 0, 0
43450, 655360, 0, 0, 0
43550, 696320, 0, 0, 0
43650, 696320, 0, 0, 0
43749, 703353, 0, 0, 0
43850, 696320, 0, 0, 0
43950, 655360, 0, 0, 0
44050, 737280, 0, 0, 0
44150, 737280, 0, 0, 0
44249, 703353, 0, 0, 0
44349, 696320, 0, 0, 0
44450, 737280, 0, 0, 0
44550, 696320, 0, 0, 0
44650, 696320, 0, 0, 0
44749, 703353, 0, 0, 0
44849, 737280, 0, 0, 0
44949, 737280, 0, 0, 0
45050, 696320, 0, 0, 0
45150, 696320, 0, 0, 0
45249, 744727, 0, 0, 0
45349, 696320, 0, 0, 0
45449, 819200, 0, 0, 0
45549, 696320, 0, 0, 0
45650, 778240, 0, 0, 0
45749, 744727, 0, 0, 0
45849, 737280, 0, 0, 0
45949, 696320, 0, 0, 0
46049, 737280, 0, 0, 0
46149, 696320, 0, 0, 0
46249, 696320, 0, 0, 0
46349, 614400, 0, 0, 0
46449, 655360, 0, 0, 0
46550, 655360, 0, 0, 0
46650, 614400, 0, 0, 0
46749, 620606, 0, 0, 0
46849, 696320, 0, 0, 0
46949, 614400, 0, 0, 0
47049, 696320, 0, 0, 0
47150, 614400, 0, 0, 0
47249, 661979, 0, 0, 0
47349, 696320, 0, 0, 0
47449, 655360, 0, 0, 0
47549, 655360, 0, 0, 0
47649, 655360, 0, 0, 0
47750, 614400, 0, 0, 0
47850, 614400, 0, 0, 0
47950, 696320, 0, 0, 0
48050, 696320, 0, 0, 0
48150, 696320, 0, 0, 0
48249, 579232, 0, 0, 0
48349, 655360, 0, 0, 0
48449, 655360, 0, 0, 0
48550, 737280, 0, 0, 0
48650, 573440, 0, 0, 0
48749, 661979, 0, 0, 0
48849, 655360, 0, 0, 0
48949, 696320, 0, 0, 0
49049, 655360, 0, 0, 0
49149, 655360, 0, 0, 0
49249, 661979, 0, 0, 0
49349, 655360, 0, 0, 0
49449, 655360, 0, 0, 0
49549, 696320, 0, 0, 0
49649, 655360, 0, 0, 0
49750, 696320, 0, 0, 0
49850, 614400, 0, 0, 0
49950, 573440, 0, 0, 0
50050, 614400, 0, 0, 0
50150, 696320, 0, 0, 0
50250, 661979, 0, 0, 0
50350, 737280, 0, 0, 0
50450, 655360, 0, 0, 0
50550, 614400, 0, 0, 0
50650, 696320, 0, 0, 0
50749, 661979, 0, 0, 0
50849, 655360, 0, 0, 0
50949, 655360, 0, 0, 0
51050, 737280, 0, 0, 0
51150, 655360, 0, 0, 0
51249, 620606, 0, 0, 0
51349, 655360, 0, 0, 0
51449, 614400, 0, 0, 0
51549, 696320, 0, 0, 0
51649, 614400, 0, 0, 0
51749, 614400, 0, 0, 0
51849, 573440, 0, 0, 0
51950, 614400, 0, 0, 0
52050, 696320, 0, 0, 0
52150, 655360, 0, 0, 0
52249, 661979, 0, 0, 0
52349, 655360, 0, 0, 0
52449, 614400, 0, 0, 0
52549, 696320, 0, 0, 0
52649, 696320, 0, 0, 0
52750, 778240, 0, 0, 0
52850, 696320, 0, 0, 0
52950, 737280, 0, 0, 0
53050, 696320, 0, 0, 0
53150, 778240, 0, 0, 0
53249, 620606, 0, 0, 0
53349, 737280, 0, 0, 0
53449, 655360, 0, 0, 0
53549, 655360, 0, 0, 0
53650, 614400, 0, 0, 0
53749, 744727, 0, 0, 0
53849, 737280, 0, 0, 0
53949, 655360, 0, 0, 0
54049, 696320, 0, 0, 0
54149, 655360, 0, 0, 0
54250, 655360, 0, 0, 0
54350, 696320, 0, 0, 0
54450, 614400, 0, 0, 0
54550, 696320, 0, 0, 0
54650, 696320, 0, 0, 0
54749, 620606, 0, 0, 0
54849, 655360, 0, 0, 0
54949, 655360, 0, 0, 0
55050, 614400, 0, 0, 0
55150, 737280, 0, 0, 0
55249, 786101, 0, 0, 0
55349, 737280, 0, 0, 0
55449, 655360, 0, 0, 0
55549, 696320, 0, 0, 0
55649, 655360, 0, 0, 0
55750, 778240, 0, 0, 0
55850, 696320, 0, 0, 0
55950, 655360, 0, 0, 0
56050, 696320, 0, 0, 0
56150, 655360, 0, 0, 0
56249, 620606, 0, 0, 0
56349, 614400, 0, 0, 0
56450, 655360, 0, 0, 0
56550, 737280, 0, 0, 0
56650, 655360, 0, 0, 0
56749, 703353, 0, 0, 0
56849, 737280, 0, 0, 0
56949, 696320, 0, 0, 0
57049, 696320, 0, 0, 0
57149, 696320, 0, 0, 0
57250, 655360, 0, 0, 0
57350, 614400, 0, 0, 0
57450, 696320, 0, 0, 0
57550, 737280, 0, 0, 0
57650, 696320, 0, 0, 0
57749, 744727, 0, 0, 0
57850, 655360, 0, 0, 0
57950, 655360, 0, 0, 0
58050, 655360, 0, 0, 0
58150, 655360, 0, 0, 0
58249, 703353, 0, 0, 0
58349, 737280, 0, 0, 0
58449, 655360, 0, 0, 0
58550, 655360, 0, 0, 0
58650, 737280, 0, 0, 0
58749, 661979, 0, 0, 0
58849, 737280, 0, 0, 0
58949, 737280, 0, 0, 0
59049, 655360, 0, 0, 0
59150, 655360, 0, 0, 0
59249, 744727, 0, 0, 0
59349, 655360, 0, 0, 0
59449, 655360, 0, 0, 0
59549, 696320, 0, 0, 0
59649, 737280, 0, 0, 0
59749, 696320, 0, 0, 0
59850, 737280, 0, 0, 0
59950, 696320, 0, 0, 0
60050, 655360, 0, 0, 0
60150, 737280, 0, 0, 0
60249, 620606, 0, 0, 0
60350, 655360, 0, 0, 0
60450, 737280, 0, 0, 0
60550, 573440, 0, 0, 0
60650, 737280, 0, 0, 0
60749, 703353, 0, 0, 0
60849, 655360, 0, 0, 0
60949, 655360, 0, 0, 0
61050, 655360, 0, 0, 0
61150, 737280, 0, 0, 0
61249, 579232, 0, 0, 0
61349, 655360, 0, 0, 0
61449, 655360, 0, 0, 0
61549, 696320, 0, 0, 0
61650, 614400, 0, 0, 0
61749, 744727, 0, 0, 0
61849, 696320, 0, 0, 0
61949, 696320, 0, 0, 0
62049, 737280, 0, 0, 0
62149, 655360, 0, 0, 0
62250, 655360, 0, 0, 0
62350, 696320, 0, 0, 0
62450, 655360, 0, 0, 0
62550, 655360, 0, 0, 0
62650, 696320, 0, 0, 0
62749, 661979, 0, 0, 0
62849, 696320, 0, 0, 0
62950, 614400, 0, 0, 0
63050, 614400, 0, 0, 0
63150, 737280, 0, 0, 0
63249, 661979, 0, 0, 0
63349, 778240, 0, 0, 0
63449, 737280, 0, 0, 0
63549, 737280, 0, 0, 0
63649, 573440, 0, 0, 0
63750, 696320, 0, 0, 0
63850, 655360, 0, 0, 0
63950, 696320, 0, 0, 0
64050, 614400, 0, 0, 0
64150, 655360, 0, 0, 0
64249, 703353, 0, 0, 0
64350, 614400, 0, 0, 0
64450, 737280, 0, 0, 0
64550, 655360, 0, 0, 0
64650, 696320, 0, 0, 0
64750, 579232, 0, 0, 0
64850, 614400, 0, 0, 0
64950, 655360, 0, 0, 0
65050, 696320, 0, 0, 0
65150, 614400, 0, 0, 0
65249, 579232, 0, 0, 0
65349, 655360, 0, 0, 0
65450, 614400, 0, 0, 0
65550, 696320, 0, 0, 0
65650, 573440, 0, 0, 0
65749, 620606, 0, 0, 0
65849, 696320, 0, 0, 0
65950, 737280, 0, 0, 0
66050, 778240, 0, 0, 0
66150, 737280, 0, 0, 0
66249, 661979, 0, 0, 0
66349, 655360, 0, 0, 0
66449, 655360, 0, 0, 0
66549, 614400, 0, 0, 0
66649, 655360, 0, 0, 0
66749, 614400, 0, 0, 0
66849, 655360, 0, 0, 0
66950, 696320, 0, 0, 0
67050, 696320, 0, 0, 0
67150, 696320, 0, 0, 0
67249, 661979, 0, 0, 0
67349, 655360, 0, 0, 0
67449, 655360, 0, 0, 0
67550, 655360, 0, 0, 0
67650, 614400, 0, 0, 0
67749, 703353, 0, 0, 0
67849, 655360, 0, 0, 0
67949, 655360, 0, 0, 0
68049, 737280, 0, 0, 0
68149, 655360, 0, 0, 0
68250, 573440, 0, 0, 0
68350, 655360, 0, 0, 0
68450, 655360, 0, 0, 0
68550, 614400, 0, 0, 0
68650, 655360, 0, 0, 0
68749, 661979, 0, 0, 0
68849, 614400, 0, 0, 0
68949, 614400, 0, 0, 0
69049, 655360, 0, 0, 0
69150, 655360, 0, 0, 0
69249, 661979, 0, 0, 0
69349, 737280, 0, 0, 0
69449, 696320, 0, 0, 0
69549, 737280, 0, 0, 0
69650, 655360, 0, 0, 0
69750, 696320, 0, 0, 0
69850, 614400, 0, 0, 0
69950, 655360, 0, 0, 0
70050, 573440, 0, 0, 0
70150, 737280, 0, 0, 0
70249, 744727, 0, 0, 0
70349, 696320, 0, 0, 0
70449, 614400, 0, 0, 0
70549, 655360, 0, 0, 0
70650, 655360, 0, 0, 0
70749, 620606, 0, 0, 0
70849, 696320, 0, 0, 0
70949, 737280, 0, 0, 0
71049, 655360, 0, 0, 0
71149, 655360, 0, 0, 0
71250, 655360, 0, 0, 0
71350, 655360, 0, 0, 0
71450, 737280, 0, 0, 0
71550, 655360, 0, 0, 0
71650, 655360, 0, 0, 0
71750, 620606, 0, 0, 0
71850, 614400, 0, 0, 0
71950, 737280, 0, 0, 0
72050, 737280, 0, 0, 0
72150, 778240, 0, 0, 0
72250, 703353, 0, 0, 0
72350, 614400, 0, 0, 0
72450, 655360, 0, 0, 0
72550, 655360, 0, 0, 0
72650, 655360, 0, 0, 0
72749, 661979, 0, 0, 0
72849, 655360, 0, 0, 0
72949, 655360, 0, 0, 0
73050, 655360, 0, 0, 0
73150, 655360, 0, 0, 0
73249, 703353, 0, 0, 0
73349, 737280, 0, 0, 0
73449, 737280, 0, 0, 0
73549, 696320, 0, 0, 0
73650, 696320, 0, 0, 0
73749, 703353, 0, 0, 0
73849, 737280, 0, 0, 0
73949, 778240, 0, 0, 0
74049, 819200, 0, 0, 0
74149, 696320, 0, 0, 0
74250, 696320, 0, 0, 0
74350, 819200, 0, 0, 0
74450, 696320, 0, 0, 0
74550, 737280, 0, 0, 0
74650, 819200, 0, 0, 0
74749, 620606, 0, 0, 0
74849, 696320, 0, 0, 0
74949, 737280, 0, 0, 0
75050, 655360, 0, 0, 0
75150, 696320, 0, 0, 0
75249, 744727, 0, 0, 0
75349, 696320, 0, 0, 0
75449, 614400, 0, 0, 0
75549, 778240, 0, 0, 0
75649, 655360, 0, 0, 0
75750, 655360, 0, 0, 0
75850, 696320, 0, 0, 0
75950, 655360, 0, 0, 0
76050, 655360, 0, 0, 0
76150, 696320, 0, 0, 0
76249, 703353, 0, 0, 0
76350, 737280, 0, 0, 0
76450, 655360, 0, 0, 0
76550, 655360, 0, 0, 0
76650, 737280, 0, 0, 0
76749, 661979, 0, 0, 0
76849, 655360, 0, 0, 0
76949, 655360, 0, 0, 0
77050, 696320, 0, 0, 0
77150, 696320, 0, 0, 0
77249, 620606, 0, 0, 0
77349, 614400, 0, 0, 0
77449, 655360, 0, 0, 0
77549, 655360, 0, 0, 0
77649, 614400, 0, 0, 0
77749, 655360, 0, 0, 0
77849, 696320, 0, 0, 0
77949, 737280, 0, 0, 0
78050, 655360, 0, 0, 0
78150, 655360, 0, 0, 0
78249, 744727, 0, 0, 0
78349, 573440, 0, 0, 0
78449, 737280, 0, 0, 0
78550, 696320, 0, 0, 0
78650, 696320, 0, 0, 0
78749, 661979, 0, 0, 0
78850, 655360, 0, 0, 0
78950, 696320, 0, 0, 0
79050, 696320, 0, 0, 0
79150, 696320, 0, 0, 0
79249, 703353, 0, 0, 0
79349, 655360, 0, 0, 0
79449, 737280, 0, 0, 0
79550, 614400, 0, 0, 0
79650, 655360, 0, 0, 0
79749, 620606, 0, 0, 0
79849, 614400, 0, 0, 0
79949, 655360, 0, 0, 0
80049, 696320, 0, 0, 0
80149, 614400, 0, 0, 0
80250, 778240, 0, 0, 0
80350, 696320, 0, 0, 0
80450, 696320, 0, 0, 0
80550, 655360, 0, 0, 0
80650, 696320, 0, 0, 0
80749, 744727, 0, 0, 0
80849, 696320, 0, 0, 0
80949, 696320, 0, 0, 0
81050, 696320, 0, 0, 0
81150, 696320, 0, 0, 0
81249, 744727, 0, 0, 0
81349, 696320, 0, 0, 0
81449, 737280, 0, 0, 0
81549, 696320, 0, 0, 0
81650, 778240, 0, 0, 0
81749, 786101, 0, 0, 0
81849, 819200, 0, 0, 0
81949, 778240, 0, 0, 0
82049, 819200, 0, 0, 0
82149, 696320, 0, 0, 0
82249, 819200, 0, 0, 0
82350, 778240, 0, 0, 0
82450, 778240, 0, 0, 0
82550, 737280, 0, 0, 0
82650, 778240, 0, 0, 0
82749, 744727, 0, 0, 0
82849, 696320, 0, 0, 0
82949, 655360, 0, 0, 0
83049, 696320, 0, 0, 0
83150, 573440, 0, 0, 0
83249, 703353, 0, 0, 0
83349, 655360, 0, 0, 0
83449, 696320, 0, 0, 0
83549, 655360, 0, 0, 0
83649, 696320, 0, 0, 0
83749, 696320, 0, 0, 0
83850, 696320, 0, 0, 0
83950, 655360, 0, 0, 0
84050, 614400, 0, 0, 0
84150, 696320, 0, 0, 0
84249, 620606, 0, 0, 0
84350, 696320, 0, 0, 0
84450, 696320, 0, 0, 0
84550, 696320, 0, 0, 0
84650, 778240, 0, 0, 0
84749, 703353, 0, 0, 0
84849, 737280, 0, 0, 0
84949, 696320, 0, 0, 0
85049, 778240, 0, 0, 0
85150, 614400, 0, 0, 0
85249, 661979, 0, 0, 0
85349, 696320, 0, 0, 0
85449, 778240, 0, 0, 0
85549, 696320, 0, 0, 0
85649, 696320, 0, 0, 0
85749, 655360, 0, 0, 0
85849, 655360, 0, 0, 0
85949, 696320, 0, 0, 0
86050, 696320, 0, 0, 0
86150, 737280, 0, 0, 0
86249, 579232, 0, 0, 0
86349, 655360, 0, 0, 0
86449, 696320, 0, 0, 0
86549, 655360, 0, 0, 0
86649, 778240, 0, 0, 0
86750, 655360, 0, 0, 0
86850, 696320, 0, 0, 0
86950, 819200, 0, 0, 0
87050, 737280, 0, 0, 0
87150, 696320, 0, 0, 0
87249, 703353, 0, 0, 0
87349, 614400, 0, 0, 0
87450, 655360, 0, 0, 0
87550, 737280, 0, 0, 0
87650, 655360, 0, 0, 0
87749, 744727, 0, 0, 0
87849, 696320, 0, 0, 0
87949, 696320, 0, 0, 0
88049, 655360, 0, 0, 0
88149, 737280, 0, 0, 0
88250, 696320, 0, 0, 0
88350, 655360, 0, 0, 0
88450, 696320, 0, 0, 0
88550, 737280, 0, 0, 0
88650, 655360, 0, 0, 0
88750, 661979, 0, 0, 0
88850, 696320, 0, 0, 0
88950, 655360, 0, 0, 0
89050, 655360, 0, 0, 0
89150, 655360, 0, 0, 0
89249, 703353, 0, 0, 0
89349, 696320, 0, 0, 0
89449, 737280, 0, 0, 0
89550, 655360, 0, 0, 0
89650, 655360, 0, 0, 0
89749, 620606, 0, 0, 0
89849, 655360, 0, 0, 0
89949, 655360, 0, 0, 0
