101, 8280170, 0, 0, 0
200, 7996795, 0, 0, 0
304, 8549480, 0, 0, 0
402, 8346984, 0, 0, 0
503, 8431096, 0, 0, 0
604, 8149155, 0, 0, 0
706, 8392617, 0, 0, 0
800, 8189128, 0, 0, 0
904, 8904819, 0, 0, 0
1002, 8331412, 0, 0, 0
1100, 9059042, 0, 0, 0
1200, 7986219, 0, 0, 0
1303, 8816497, 0, 0, 0
1402, 8041540, 0, 0, 0
1502, 7744191, 0, 0, 0
1603, 8347037, 0, 0, 0
1707, 7896004, 0, 0, 0
1804, 8494301, 0, 0, 0
1903, 8693533, 0, 0, 0
2001, 8310387, 0, 0, 0
2103, 7998717, 0, 0, 0
2201, 8204195, 0, 0, 0
2301, 7799931, 0, 0, 0
2405, 8141211, 0, 0, 0
2500, 8890050, 0, 0, 0
2604, 8608346, 0, 0, 0
2700, 9300056, 0, 0, 0
2805, 9713684, 0, 0, 0
2905, 8687654, 0, 0, 0
3000, 8142892, 0, 0, 0
3101, 9269118, 0, 0, 0
3203, 8517707, 0, 0, 0
3301, 7454124, 0, 0, 0
3401, 7817090, 0, 0, 0
3500, 8541119, 0, 0, 0
3603, 9027864, 0, 0, 0
3700, 8297107, 0, 0, 0
3805, 8474419, 0, 0, 0
3901, 7789649, 0, 0, 0
4003, 8662661, 0, 0, 0
4103, 9320491, 0, 0, 0
4206, 8670089, 0, 0, 0
4300, 8271366, 0, 0, 0
4405, 7950229, 0, 0, 0
4501, 8612763, 0, 0, 0
4606, 8913357, 0, 0, 0
4700, 8794278, 0, 0, 0
4801, 9320993, 0, 0, 0
4900, 8925393, 0, 0, 0
5004, 8001692, 0, 0, 0
5100, 8825736, 0, 0, 0
5200, 8369945, 0, 0, 0
5305, 8268347, 0, 0, 0
5401, 7754020, 0, 0, 0
5506, 7710980, 0, 0, 0
5602, 7921401, 0, 0, 0
5700, 8782579, 0, 0, 0
5804, 8073717, 0, 0, 0
5900, 8052953, 0, 0, 0
6010, 9316102, 0, 0, 0
6100, 8516974, 0, 0, 0
6205, 8910289, 0, 0, 0
6301, 8200275, 0, 0, 0
6400, 8503875, 0, 0, 0
6502, 8644395, 0, 0, 0
6602, 9258073, 0, 0, 0
6702, 8338293, 0, 0, 0
6803, 7920086, 0, 0, 0
6902, 8075406, 0, 0, 0
7002, 8073338, 0, 0, 0
7102, 7928052, 0, 0, 0
7204, 7656121, 0, 0, 0
7301, 8970437, 0, 0, 0
7404, 7859142, 0, 0, 0
7504, 8741026, 0, 0, 0
7600, 8496871, 0, 0, 0
7702, 7954628, 0, 0, 0
7801, 8308072, 0, 0, 0
7904, 8820513, 0, 0, 0
8000, 8556238, 0, 0, 0
8101, 8885539, 0, 0, 0
8200, 8268554, 0, 0, 0
8303, 8215819, 0, 0, 0
8405, 8894184, 0, 0, 0
8501, 8832966, 0, 0, 0
8602, 8463380, 0, 0, 0
8706, 8100496, 0, 0, 0
8800, 8575538, 0, 0, 0
8905, 8637706, 0, 0, 0
9003, 8213287, 0, 0, 0
9102, 8978340, 0, 0, 0
9204, 8619912, 0, 0, 0
9304, 8943650, 0, 0, 0
9404, 9155814, 0, 0, 0
9501, 8176758, 0, 0, 0
9600, 8317964, 0, 0, 0
9702, 8709351, 0, 0, 0
9801, 8321459, 0, 0, 0
9900, 7862651, 0, 0, 0
10001, 8105241, 0, 0, 0
10104, 8014558, 0, 0, 0
10200, 8256102, 0, 0, 0
10300, 8037521, 0, 0, 0
10400, 9144409, 0, 0, 0
10504, 9388915, 0, 0, 0
10605, 8751921, 0, 0, 0
10701, 10171639, 0, 0, 0
10800, 8090183, 0, 0, 0
10900, 8359086, 0, 0, 0
11005, 8423587, 0, 0, 0
11101, 8761444, 0, 0, 0
11202, 8823358, 0, 0, 0
11301, 8248590, 0, 0, 0
11405, 9305503, 0, 0, 0
11502, 8661549, 0, 0, 0
11606, 8436875, 0, 0, 0
11701, 8635530, 0, 0, 0
11801, 8733571, 0, 0, 0
11904, 7944696, 0, 0, 0
12000, 9255975, 0, 0, 0
12104, 8374579, 0, 0, 0
12205, 8295376, 0, 0, 0
12303, 9061294, 0, 0, 0
12405, 8079515, 0, 0, 0
12500, 9043618, 0, 0, 0
12604, 9023126, 0, 0, 0
12704, 8120543, 0, 0, 0
12801, 8422388, 0, 0, 0
12901, 8306552, 0, 0, 0
13001, 8633931, 0, 0, 0
13103, 8227576, 0, 0, 0
13205, 9462667, 0, 0, 0
13300, 9629418, 0, 0, 0
13406, 7729084, 0, 0, 0
13504, 8660645, 0, 0, 0
13602, 9371094, 0, 0, 0
13707, 8933213, 0, 0, 0
13801, 8604896, 0, 0, 0
13903, 8943279, 0, 0, 0
14001, 8628620, 0, 0, 0
14103, 8547970, 0, 0, 0
14204, 8824393, 0, 0, 0
14301, 8813206, 0, 0, 0
14405, 8705435, 0, 0, 0
14500, 9886027, 0, 0, 0
14601, 8667827, 0, 0, 0
14701, 9266872, 0, 0, 0
14803, 8176050, 0, 0, 0
14902, 8880023, 0, 0, 0
15001, 7678950, 0, 0, 0
15100, 8581663, 0, 0, 0
15204, 7729762, 0, 0, 0
15300, 7973027, 0, 0, 0
15402, 8185923, 0, 0, 0
15506, 8061987, 0, 0, 0
15604, 8000513, 0, 0, 0
15705, 7753994, 0, 0, 0
15807, 9133666, 0, 0, 0
15904, 8459720, 0, 0, 0
16001, 8678783, 0, 0, 0
16102, 7860410, 0, 0, 0
16202, 7749608, 0, 0, 0
16305, 7469722, 0, 0, 0
16406, 8467028, 0, 0, 0
16501, 8128539, 0, 0, 0
16602, 8508062, 0, 0, 0
16705, 7968538, 0, 0, 0
16800, 8674843, 0, 0, 0
16900, 8795003, 0, 0, 0
17001, 8687696, 0, 0, 0
17103, 9063114, 0, 0, 0
17204, 8303819, 0, 0, 0
17302, 8620162, 0, 0, 0
17404, 8868609, 0, 0, 0
17504, 8318521, 0, 0, 0
17601, 7966630, 0, 0, 0
17705, 8489547, 0, 0, 0
17806, 8270933, 0, 0, 0
17900, 9478518, 0, 0, 0
18006, 9617418, 0, 0, 0
18100, 7956451, 0, 0, 0
18200, 8825292, 0, 0, 0
18307, 9329410, 0, 0, 0
18404, 8896337, 0, 0, 0
18506, 9123590, 0, 0, 0
18603, 8597939, 0, 0, 0
18702, 8706629, 0, 0, 0
18801, 8915915, 0, 0, 0
18904, 8824412, 0, 0, 0
19004, 9095266, 0, 0, 0
19102, 8615882, 0, 0, 0
19203, 8945327, 0, 0, 0
19307, 8619676, 0, 0, 0
19405, 8437924, 0, 0, 0
19501, 8438620, 0, 0, 0
19604, 9386419, 0, 0, 0
19705, 8715319, 0, 0, 0
19804, 9411407, 0, 0, 0
19907, 8818157, 0, 0, 0
20001, 9070162, 0, 0, 0
20102, 8562126, 0, 0, 0
20203, 8799148, 0, 0, 0
20307, 8819095, 0, 0, 0
20401, 9186549, 0, 0, 0
20502, 8339238, 0, 0, 0
20600, 8632331, 0, 0, 0
20701, 8237773, 0, 0, 0
20801, 8357831, 0, 0, 0
20905, 7650024, 0, 0, 0
21001, 8035958, 0, 0, 0
21104, 8453814, 0, 0, 0
21201, 9359235, 0, 0, 0
21301, 8978207, 0, 0, 0
21401, 8543079, 0, 0, 0
21500, 8474798, 0, 0, 0
21605, 8869647, 0, 0, 0
21702, 8689136, 0, 0, 0
21801, 8315236, 0, 0, 0
21903, 9042160, 0, 0, 0
22006, 8512705, 0, 0, 0
22103, 8574645, 0, 0, 0
22200, 9088723, 0, 0, 0
22306, 8080201, 0, 0, 0
22401, 8854518, 0, 0, 0
22500, 8673017, 0, 0, 0
22602, 8295998, 0, 0, 0
22706, 8885016, 0, 0, 0
22805, 8395982, 0, 0, 0
22900, 8975130, 0, 0, 0
23007, 9695921, 0, 0, 0
23104, 8170602, 0, 0, 0
23200, 8529420, 0, 0, 0
23303, 8325607, 0, 0, 0
23404, 8052391, 0, 0, 0
23509, 8572624, 0, 0, 0
23604, 8476847, 0, 0, 0
23702, 8214804, 0, 0, 0
23804, 10169052, 0, 0, 0
23902, 8844770, 0, 0, 0
24005, 8529861, 0, 0, 0
24104, 8812268, 0, 0, 0
24202, 8382327, 0, 0, 0
24305, 8733891, 0, 0, 0
24401, 8543068, 0, 0, 0
24501, 8722846, 0, 0, 0
24606, 8601995, 0, 0, 0
24703, 8138980, 0, 0, 0
24805, 8825826, 0, 0, 0
24901, 8146219, 0, 0, 0
25003, 8349767, 0, 0, 0
25104, 8029130, 0, 0, 0
25206, 8426003, 0, 0, 0
25305, 8299433, 0, 0, 0
25401, 8715197, 0, 0, 0
25505, 8306755, 0, 0, 0
25600, 8013702, 0, 0, 0
25705, 8917219, 0, 0, 0
25803, 8250992, 0, 0, 0
25905, 7821071, 0, 0, 0
26006, 8657897, 0, 0, 0
26101, 8515268, 0, 0, 0
26202, 8152241, 0, 0, 0
26303, 8473693, 0, 0, 0
26407, 8437184, 0, 0, 0
26503, 8306155, 0, 0, 0
26605, 9475308, 0, 0, 0
26702, 8887122, 0, 0, 0
26805, 8807822, 0, 0, 0
26904, 8405987, 0, 0, 0
27005, 7859741, 0, 0, 0
27101, 8423744, 0, 0, 0
27200, 8496825, 0, 0, 0
27302, 10348372, 0, 0, 0
27404, 8289920, 0, 0, 0
27500, 8132391, 0, 0, 0
27603, 10128514, 0, 0, 0
27704, 8008962, 0, 0, 0
27801, 8669808, 0, 0, 0
27903, 9140895, 0, 0, 0
28001, 8041766, 0, 0, 0
28103, 8924156, 0, 0, 0
28201, 8658126, 0, 0, 0
28303, 8665969, 0, 0, 0
28403, 8526484, 0, 0, 0
28501, 7973052, 0, 0, 0
28602, 9498201, 0, 0, 0
28703, 8848859, 0, 0, 0
28802, 8807494, 0, 0, 0
28902, 9193107, 0, 0, 0
29000, 8569562, 0, 0, 0
29102, 9256362, 0, 0, 0
29201, 8338815, 0, 0, 0
29300, 8004086, 0, 0, 0
29404, 8586278, 0, 0, 0
29501, 8982590, 0, 0, 0
29602, 8527857, 0, 0, 0
29700, 9681351, 0, 0, 0
29805, 8675956, 0, 0, 0
29901, 9228219, 0, 0, 0
30000, 9336455, 0, 0, 0
30100, 8581822, 0, 0, 0
30202, 8770114, 0, 0, 0
30307, 8215286, 0, 0, 0
30402, 8084658, 0, 0, 0
30500, 8915162, 0, 0, 0
30601, 8948315, 0, 0, 0
30704, 8211481, 0, 0, 0
30800, 8353477, 0, 0, 0
30905, 9076503, 0, 0, 0
31001, 8851775, 0, 0, 0
31103, 7904193, 0, 0, 0
31203, 8651381, 0, 0, 0
31300, 9159094, 0, 0, 0
31407, 8649610, 0, 0, 0
31500, 8021158, 0, 0, 0
31600, 8230006, 0, 0, 0
31706, 8461066, 0, 0, 0
31801, 8698913, 0, 0, 0
31904, 8177449, 0, 0, 0
32003, 7852782, 0, 0, 0
32101, 8744846, 0, 0, 0
32200, 8097601, 0, 0, 0
32302, 9340587, 0, 0, 0
32402, 8565804, 0, 0, 0
32501, 7955439, 0, 0, 0
32602, 8509483, 0, 0, 0
32704, 9961290, 0, 0, 0
32807, 8813284, 0, 0, 0
32905, 9063394, 0, 0, 0
33000, 9132394, 0, 0, 0
33104, 8980152, 0, 0, 0
33204, 8309789, 0, 0, 0
33302, 8816669, 0, 0, 0
33400, 8341264, 0, 0, 0
33503, 7897848, 0, 0, 0
33602, 8836408, 0, 0, 0
33703, 7757660, 0, 0, 0
33801, 8964735, 0, 0, 0
33904, 8424915, 0, 0, 0
34003, 8129712, 0, 0, 0
34100, 9102061, 0, 0, 0
34200, 8884589, 0, 0, 0
34305, 9397356, 0, 0, 0
34401, 9012167, 0, 0, 0
34505, 8468485, 0, 0, 0
34604, 8392130, 0, 0, 0
34702, 8432003, 0, 0, 0
34800, 8702345, 0, 0, 0
34900, 8684273, 0, 0, 0
35001, 9044993, 0, 0, 0
35108, 9104889, 0, 0, 0
35205, 9272653, 0, 0, 0
35302, 8368138, 0, 0, 0
35404, 8301853, 0, 0, 0
35501, 8085097, 0, 0, 0
35600, 8466919, 0, 0, 0
35707, 8091239, 0, 0, 0
35802, 8574219, 0, 0, 0
35903, 7916971, 0, 0, 0
36000, 8182713, 0, 0, 0
36101, 8862320, 0, 0, 0
36200, 8608971, 0, 0, 0
36302, 8854402, 0, 0, 0
36400, 8432833, 0, 0, 0
36500, 8059797, 0, 0, 0
36607, 7983998, 0, 0, 0
36702, 8101294, 0, 0, 0
36800, 9075177, 0, 0, 0
36903, 8515984, 0, 0, 0
37000, 8545664, 0, 0, 0
37100, 8814572, 0, 0, 0
37203, 9143889, 0, 0, 0
37300, 8012314, 0, 0, 0
37406, 8797211, 0, 0, 0
37501, 8817262, 0, 0, 0
37601, 8916489, 0, 0, 0
37701, 9094073, 0, 0, 0
37800, 8073072, 0, 0, 0
37905, 8898742, 0, 0, 0
38002, 8638354, 0, 0, 0
38105, 8010349, 0, 0, 0
38202, 8850070, 0, 0, 0
38303, 9121202, 0, 0, 0
38402, 7744720, 0, 0, 0
38501, 7920319, 0, 0, 0
38602, 8353911, 0, 0, 0
38704, 8558388, 0, 0, 0
38802, 8042299, 0, 0, 0
38900, 8011037, 0, 0, 0
39000, 8692710, 0, 0, 0
39101, 8754790, 0, 0, 0
39203, 7988724, 0, 0, 0
39302, 8366551, 0, 0, 0
39401, 8243952, 0, 0, 0
39500, 8541832, 0, 0, 0
39601, 8369956, 0, 0, 0
39701, 8074555, 0, 0, 0
39807, 8319182, 0, 0, 0
39901, 8187873, 0, 0, 0
40000, 8107781, 0, 0, 0
40104, 8710304, 0, 0, 0
40201, 7912761, 0, 0, 0
40300, 7958144, 0, 0, 0
40403, 8779035, 0, 0, 0
40500, 8972245, 0, 0, 0
40600, 8784210, 0, 0, 0
40702, 8944302, 0, 0, 0
40800, 8773764, 0, 0, 0
40905, 8184373, 0, 0, 0
41003, 8920081, 0, 0, 0
41100, 7900410, 0, 0, 0
41204, 8784869, 0, 0, 0
41304, 7996093, 0, 0, 0
41403, 8339876, 0, 0, 0
41500, 8167263, 0, 0, 0
41600, 8327367, 0, 0, 0
41701, 8135780, 0, 0, 0
41806, 8781789, 0, 0, 0
41901, 8340589, 0, 0, 0
42003, 8048712, 0, 0, 0
42105, 8865453, 0, 0, 0
42200, 8305578, 0, 0, 0
42301, 8209366, 0, 0, 0
42404, 8095202, 0, 0, 0
42506, 9140984, 0, 0, 0
42604, 8241318, 0, 0, 0
42713, 9869034, 0, 0, 0
42800, 9597768, 0, 0, 0
42916, 8488137, 0, 0, 0
43002, 9574411, 0, 0, 0
43102, 8235559, 0, 0, 0
43201, 8863044, 0, 0, 0
43302, 8320273, 0, 0, 0
43401, 8499073, 0, 0, 0
43503, 8884362, 0, 0, 0
43600, 8600012, 0, 0, 0
43705, 8621226, 0, 0, 0
43806, 8305679, 0, 0, 0
43901, 9108890, 0, 0, 0
44000, 8307016, 0, 0, 0
44100, 8370948, 0, 0, 0
44200, 8177783, 0, 0, 0
44300, 8456624, 0, 0, 0
44402, 8353792, 0, 0, 0
44503, 8517364, 0, 0, 0
44602, 9206704, 0, 0, 0
44702, 9462777, 0, 0, 0
44807, 8601282, 0, 0, 0
44902, 8619659, 0, 0, 0
45000, 8903352, 0, 0, 0
45100, 8497592, 0, 0, 0
45200, 8825514, 0, 0, 0
45301, 8116621, 0, 0, 0
45401, 8856359, 0, 0, 0
45500, 8436648, 0, 0, 0
45603, 8844111, 0, 0, 0
45700, 8535555, 0, 0, 0
45802, 8699636, 0, 0, 0
45901, 9529533, 0, 0, 0
46001, 8014057, 0, 0, 0
46103, 8045958, 0, 0, 0
46201, 7846812, 0, 0, 0
46301, 7991477, 0, 0, 0
46403, 8431830, 0, 0, 0
46500, 8457186, 0, 0, 0
46600, 8674423, 0, 0, 0
46705, 8690800, 0, 0, 0
46800, 8167389, 0, 0, 0
46901, 8743177, 0, 0, 0
47000, 8417937, 0, 0, 0
47101, 8095311, 0, 0, 0
47201, 8275341, 0, 0, 0
47304, 8856032, 0, 0, 0
47401, 8958858, 0, 0, 0
47500, 8478174, 0, 0, 0
47602, 8519014, 0, 0, 0
47704, 8328136, 0, 0, 0
47805, 8109457, 0, 0, 0
47905, 8696128, 0, 0, 0
48000, 8069691, 0, 0, 0
48104, 8575370, 0, 0, 0
48204, 8465589, 0, 0, 0
48301, 8555999, 0, 0, 0
48402, 8067227, 0, 0, 0
48500, 7844416, 0, 0, 0
48600, 8479201, 0, 0, 0
48700, 8616327, 0, 0, 0
48802, 8342444, 0, 0, 0
48905, 7680425, 0, 0, 0
49002, 8203100, 0, 0, 0
49102, 7876252, 0, 0, 0
49201, 8474193, 0, 0, 0
49304, 8552078, 0, 0, 0
49403, 8754597, 0, 0, 0
49501, 8423883, 0, 0, 0
49601, 8390227, 0, 0, 0
49702, 8579209, 0, 0, 0
49802, 8420101, 0, 0, 0
49900, 9312397, 0, 0, 0
50002, 8947498, 0, 0, 0
50101, 8394600, 0, 0, 0
50200, 7380932, 0, 0, 0
50301, 8915104, 0, 0, 0
50400, 8529235, 0, 0, 0
50502, 8210119, 0, 0, 0
50601, 9373260, 0, 0, 0
50703, 8499445, 0, 0, 0
50803, 8440463, 0, 0, 0
50903, 8120091, 0, 0, 0
51000, 8437227, 0, 0, 0
51100, 8077803, 0, 0, 0
51205, 8791227, 0, 0, 0
51304, 9826559, 0, 0, 0
51406, 8300425, 0, 0, 0
51504, 7748738, 0, 0, 0
51602, 8405813, 0, 0, 0
51705, 8797795, 0, 0, 0
51801, 7965884, 0, 0, 0
51901, 7786297, 0, 0, 0
52002, 8092552, 0, 0, 0
52105, 8305183, 0, 0, 0
52201, 8336711, 0, 0, 0
52301, 8592617, 0, 0, 0
52401, 8048353, 0, 0, 0
52501, 8279722, 0, 0, 0
52603, 8742807, 0, 0, 0
52702, 7673509, 0, 0, 0
52800, 7757719, 0, 0, 0
52900, 8014170, 0, 0, 0
53000, 8625098, 0, 0, 0
53102, 7888357, 0, 0, 0
53202, 8054488, 0, 0, 0
53301, 8071507, 0, 0, 0
53404, 8268769, 0, 0, 0
53503, 8226135, 0, 0, 0
53600, 8824905, 0, 0, 0
53700, 8875086, 0, 0, 0
53808, 8516335, 0, 0, 0
53900, 8261618, 0, 0, 0
54001, 9207577, 0, 0, 0
54100, 9101778, 0, 0, 0
54200, 8980114, 0, 0, 0
54302, 8457244, 0, 0, 0
54402, 8760583, 0, 0, 0
54503, 8241892, 0, 0, 0
54604, 8359850, 0, 0, 0
54705, 7807219, 0, 0, 0
54802, 8241758, 0, 0, 0
54901, 8049619, 0, 0, 0
55000, 8780554, 0, 0, 0
55103, 8111862, 0, 0, 0
55204, 8305354, 0, 0, 0
55302, 8501126, 0, 0, 0
55407, 9159263, 0, 0, 0
55500, 8653462, 0, 0, 0
55600, 8572253, 0, 0, 0
55700, 7888497, 0, 0, 0
55804, 8731875, 0, 0, 0
55900, 7765766, 0, 0, 0
56000, 8366653, 0, 0, 0
56105, 8216289, 0, 0, 0
56201, 8398243, 0, 0, 0
56305, 8235377, 0, 0, 0
56405, 8703827, 0, 0, 0
56502, 8176199, 0, 0, 0
56602, 8739997, 0, 0, 0
56702, 8836556, 0, 0, 0
56801, 9018067, 0, 0, 0
56904, 8637883, 0, 0, 0
57003, 8456019, 0, 0, 0
57103, 8746267, 0, 0, 0
57207, 8833520, 0, 0, 0
57305, 8921580, 0, 0, 0
57404, 8347022, 0, 0, 0
57501, 9718059, 0, 0, 0
57600, 8287540, 0, 0, 0
57704, 8199241, 0, 0, 0
57800, 7929349, 0, 0, 0
57900, 7648459, 0, 0, 0
58005, 8225342, 0, 0, 0
58100, 8367819, 0, 0, 0
58202, 8800199, 0, 0, 0
58300, 9082248, 0, 0, 0
58401, 8233504, 0, 0, 0
58504, 8133856, 0, 0, 0
58601, 9468597, 0, 0, 0
58701, 8863266, 0, 0, 0
58803, 8021400, 0, 0, 0
58906, 8267907, 0, 0, 0
59008, 8448263, 0, 0, 0
59102, 8666887, 0, 0, 0
59200, 7522155, 0, 0, 0
59302, 8160986, 0, 0, 0
59404, 7863736, 0, 0, 0
59500, 8460737, 0, 0, 0
59601, 9302449, 0, 0, 0
59706, 8792203, 0, 0, 0
59802, 8634763, 0, 0, 0
59902, 9102229, 0, 0, 0
60002, 9267893, 0, 0, 0
60102, 8053663, 0, 0, 0
60202, 8483151, 0, 0, 0
60302, 7844122, 0, 0, 0
60400, 8176242, 0, 0, 0
60500, 8297553, 0, 0, 0
60603, 8433614, 0, 0, 0
60703, 9061129, 0, 0, 0
60802, 8050966, 0, 0, 0
60905, 8068058, 0, 0, 0
61003, 8623802, 0, 0, 0
61104, 8364383, 0, 0, 0
61202, 7926051, 0, 0, 0
61301, 7506289, 0, 0, 0
61400, 9519834, 0, 0, 0
61500, 8253730, 0, 0, 0
61604, 8565641, 0, 0, 0
61700, 8318048, 0, 0, 0
61801, 9052459, 0, 0, 0
61901, 7903240, 0, 0, 0
62002, 8693590, 0, 0, 0
62101, 8565371, 0, 0, 0
62203, 9124765, 0, 0, 0
62305, 8537157, 0, 0, 0
62401, 7755734, 0, 0, 0
62502, 10008625, 0, 0, 0
62601, 8801320, 0, 0, 0
62705, 8378786, 0, 0, 0
62807, 8753472, 0, 0, 0
62902, 9738403, 0, 0, 0
63002, 7816085, 0, 0, 0
63100, 8565346, 0, 0, 0
63202, 8696634, 0, 0, 0
63301, 8898385, 0, 0, 0
63403, 8552144, 0, 0, 0
63500, 8044674, 0, 0, 0
63602, 8183245, 0, 0, 0
63704, 8487596, 0, 0, 0
63805, 7920906, 0, 0, 0
63901, 8130369, 0, 0, 0
64000, 8052878, 0, 0, 0
64100, 8173711, 0, 0, 0
64204, 8242148, 0, 0, 0
64300, 8871521, 0, 0, 0
64403, 8508332, 0, 0, 0
64503, 8437697, 0, 0, 0
64602, 8071690, 0, 0, 0
64700, 8191704, 0, 0, 0
64802, 8144210, 0, 0, 0
64900, 8991388, 0, 0, 0
65004, 9301064, 0, 0, 0
65102, 9252516, 0, 0, 0
65201, 8107991, 0, 0, 0
65305, 8008507, 0, 0, 0
65404, 8191293, 0, 0, 0
65501, 8679123, 0, 0, 0
65601, 7716127, 0, 0, 0
65700, 8537723, 0, 0, 0
65801, 8283345, 0, 0, 0
65903, 8726897, 0, 0, 0
66003, 9213849, 0, 0, 0
66100, 8580825, 0, 0, 0
66206, 8288300, 0, 0, 0
66301, 8789035, 0, 0, 0
66400, 9060471, 0, 0, 0
66504, 8171675, 0, 0, 0
66604, 7963930, 0, 0, 0
66702, 9417403, 0, 0, 0
66801, 8354507, 0, 0, 0
66903, 8902811, 0, 0, 0
67001, 7911959, 0, 0, 0
67101, 9236207, 0, 0, 0
67202, 8511253, 0, 0, 0
67302, 8174518, 0, 0, 0
67400, 9036177, 0, 0, 0
67500, 7694960, 0, 0, 0
67604, 7729215, 0, 0, 0
67700, 8199154, 0, 0, 0
67804, 8554765, 0, 0, 0
67907, 8330140, 0, 0, 0
68006, 7671481, 0, 0, 0
68100, 9485328, 0, 0, 0
68204, 9060018, 0, 0, 0
68302, 8974417, 0, 0, 0
68402, 8724511, 0, 0, 0
68504, 8111042, 0, 0, 0
68601, 7703658, 0, 0, 0
68700, 7391061, 0, 0, 0
68803, 7738500, 0, 0, 0
68902, 8275728, 0, 0, 0
69000, 8465073, 0, 0, 0
69100, 7672302, 0, 0, 0
69205, 8397028, 0, 0, 0
69301, 7998664, 0, 0, 0
69401, 8019911, 0, 0, 0
69505, 8182598, 0, 0, 0
69603, 8520423, 0, 0, 0
69702, 8295460, 0, 0, 0
69800, 8518606, 0, 0, 0
69908, 8838320, 0, 0, 0
70000, 9032207, 0, 0, 0
70105, 8578837, 0, 0, 0
70201, 8158949, 0, 0, 0
70303, 9576059, 0, 0, 0
70400, 8480860, 0, 0, 0
70503, 8360205, 0, 0, 0
70603, 8833237, 0, 0, 0
70701, 8568905, 0, 0, 0
70802, 8734974, 0, 0, 0
70900, 8943429, 0, 0, 0
71000, 8286872, 0, 0, 0
71104, 8449381, 0, 0, 0
71202, 9023888, 0, 0, 0
71302, 8350803, 0, 0, 0
71401, 7743868, 0, 0, 0
71503, 9804955, 0, 0, 0
71600, 8318106, 0, 0, 0
71705, 8516990, 0, 0, 0
71803, 8114315, 0, 0, 0
71901, 9013829, 0, 0, 0
72003, 8472301, 0, 0, 0
72101, 8338243, 0, 0, 0
72205, 8099641, 0, 0, 0
72300, 8397017, 0, 0, 0
72400, 8711245, 0, 0, 0
72504, 8485112, 0, 0, 0
72600, 8867423, 0, 0, 0
72700, 8024892, 0, 0, 0
72803, 8363387, 0, 0, 0
72903, 9575827, 0, 0, 0
73001, 8915093, 0, 0, 0
73110, 9128622, 0, 0, 0
73200, 10518031, 0, 0, 0
73300, 8885004, 0, 0, 0
73400, 9159962, 0, 0, 0
73501, 8880035, 0, 0, 0
73603, 8950597, 0, 0, 0
73700, 8750645, 0, 0, 0
73800, 8502049, 0, 0, 0
73903, 9403031, 0, 0, 0
74003, 8632820, 0, 0, 0
74105, 9357804, 0, 0, 0
74203, 8872288, 0, 0, 0
74302, 8959830, 0, 0, 0
74402, 8252697, 0, 0, 0
74500, 8336962, 0, 0, 0
74604, 9089744, 0, 0, 0
74700, 8725050, 0, 0, 0
74808, 8968071, 0, 0, 0
74902, 8734144, 0, 0, 0
75001, 9027270, 0, 0, 0
75103, 8833247, 0, 0, 0
75205, 8674316, 0, 0, 0
75300, 9211471, 0, 0, 0
75404, 8866064, 0, 0, 0
75504, 8750306, 0, 0, 0
75600, 8905736, 0, 0, 0
75700, 8921382, 0, 0, 0
75806, 9585741, 0, 0, 0
75901, 9021474, 0, 0, 0
76005, 8688029, 0, 0, 0
76102, 8586482, 0, 0, 0
76201, 9722039, 0, 0, 0
76302, 8699159, 0, 0, 0
76407, 8994062, 0, 0, 0
76505, 9468197, 0, 0, 0
76601, 9723447, 0, 0, 0
76703, 8335126, 0, 0, 0
76804, 9437945, 0, 0, 0
76900, 8876024, 0, 0, 0
77002, 9641422, 0, 0, 0
77100, 9269813, 0, 0, 0
77200, 8449292, 0, 0, 0
77300, 8619621, 0, 0, 0
77401, 8166621, 0, 0, 0
77500, 8652906, 0, 0, 0
77602, 8305169, 0, 0, 0
77700, 8747439, 0, 0, 0
77800, 8352971, 0, 0, 0
77900, 8954968, 0, 0, 0
78005, 8240932, 0, 0, 0
78103, 8401192, 0, 0, 0
78204, 8114627, 0, 0, 0
78307, 8208200, 0, 0, 0
78402, 8911670, 0, 0, 0
78501, 8525414, 0, 0, 0
78602, 8725894, 0, 0, 0
78705, 9195154, 0, 0, 0
78802, 8555553, 0, 0, 0
78903, 9502568, 0, 0, 0
79001, 8719964, 0, 0, 0
79100, 8926122, 0, 0, 0
79200, 8919721, 0, 0, 0
79304, 9115294, 0, 0, 0
79403, 8575172, 0, 0, 0
79500, 9055730, 0, 0, 0
79605, 8467849, 0, 0, 0
79704, 8524736, 0, 0, 0
79802, 8300764, 0, 0, 0
79903, 7974989, 0, 0, 0
80005, 8366328, 0, 0, 0
80103, 9007030, 0, 0, 0
80201, 8242789, 0, 0, 0
80301, 8313721, 0, 0, 0
80400, 8702471, 0, 0, 0
80505, 8170091, 0, 0, 0
80601, 8579828, 0, 0, 0
80703, 9814340, 0, 0, 0
80804, 9152791, 0, 0, 0
80902, 9679423, 0, 0, 0
81001, 8436773, 0, 0, 0
81104, 8915024, 0, 0, 0
81205, 8372613, 0, 0, 0
81306, 9117881, 0, 0, 0
81401, 8076582, 0, 0, 0
81505, 8507431, 0, 0, 0
81603, 8393722, 0, 0, 0
81703, 8350881, 0, 0, 0
81800, 9099161, 0, 0, 0
81904, 8908986, 0, 0, 0
82003, 8545485, 0, 0, 0
82100, 8351597, 0, 0, 0
82200, 8900798, 0, 0, 0
82302, 8541451, 0, 0, 0
82400, 8468364, 0, 0, 0
82502, 8390299, 0, 0, 0
82604, 8725976, 0, 0, 0
82700, 8586632, 0, 0, 0
82802, 8081898, 0, 0, 0
82902, 7914516, 0, 0, 0
83003, 7904797, 0, 0, 0
83103, 8447257, 0, 0, 0
83200, 8491657, 0, 0, 0
83301, 8434741, 0, 0, 0
83403, 8385939, 0, 0, 0
83500, 8293290, 0, 0, 0
83602, 9194764, 0, 0, 0
83701, 8606761, 0, 0, 0
83805, 9238832, 0, 0, 0
83901, 10202049, 0, 0, 0
84002, 8712444, 0, 0, 0
84101, 8613008, 0, 0, 0
84206, 8514392, 0, 0, 0
84300, 8525575, 0, 0, 0
84401, 8703909, 0, 0, 0
84504, 8825957, 0, 0, 0
84604, 9429824, 0, 0, 0
84705, 9141662, 0, 0, 0
84804, 8364869, 0, 0, 0
84901, 8173270, 0, 0, 0
85004, 8335932, 0, 0, 0
85100, 9285028, 0, 0, 0
85201, 8126333, 0, 0, 0
85302, 8008112, 0, 0, 0
85406, 8840920, 0, 0, 0
85508, 8796347, 0, 0, 0
85601, 9954604, 0, 0, 0
85701, 9726052, 0, 0, 0
85801, 9301582, 0, 0, 0
85900, 8077722, 0, 0, 0
86004, 8848897, 0, 0, 0
86104, 8634075, 0, 0, 0
86200, 9008240, 0, 0, 0
86300, 8525549, 0, 0, 0
86400, 8390312, 0, 0, 0
86504, 7881123, 0, 0, 0
86601, 8808953, 0, 0, 0
86702, 9037190, 0, 0, 0
86801, 9199334, 0, 0, 0
86903, 8764876, 0, 0, 0
87001, 8703369, 0, 0, 0
87101, 8164863, 0, 0, 0
87203, 8910052, 0, 0, 0
87301, 8557146, 0, 0, 0
87400, 8362376, 0, 0, 0
87505, 8796705, 0, 0, 0
87601, 8224767, 0, 0, 0
87703, 8771402, 0, 0, 0
87803, 8139511, 0, 0, 0
87903, 8787693, 0, 0, 0
88000, 8576013, 0, 0, 0
88100, 7958903, 0, 0, 0
88200, 8058098, 0, 0, 0
88300, 8877092, 0, 0, 0
88404, 9450580, 0, 0, 0
88502, 8879988, 0, 0, 0
88603, 7757928, 0, 0, 0
88700, 8232867, 0, 0, 0
88800, 7989062, 0, 0, 0
88900, 8901602, 0, 0, 0
89000, 8672260, 0, 0, 0
89105, 9412489, 0, 0, 0
89201, 8150788, 0, 0, 0
89302, 8392872, 0, 0, 0
89400, 8222247, 0, 0, 0
89500, 8563996, 0, 0, 0
89600, 7834417, 0, 0, 0
89700, 8672079, 0, 0, 0
89803, 8613006, 0, 0, 0
89903, 8790849, 0, 0, 0
90005, 8431387, 0, 0, 0
90012, 15136693, 0, 0, 0
