104, 20021375, 0, 0, 0
200, 22334439, 0, 0, 0
302, 19938337, 0, 0, 0
401, 20631276, 0, 0, 0
502, 24308768, 0, 0, 0
600, 21851663, 0, 0, 0
701, 23464725, 0, 0, 0
803, 23089956, 0, 0, 0
901, 22329359, 0, 0, 0
1001, 22247019, 0, 0, 0
1102, 20576053, 0, 0, 0
1200, 24284709, 0, 0, 0
1303, 21170388, 0, 0, 0
1403, 23228580, 0, 0, 0
1500, 21965613, 0, 0, 0
1600, 21624160, 0, 0, 0
1700, 23954959, 0, 0, 0
1800, 21690021, 0, 0, 0
1900, 24802900, 0, 0, 0
2000, 27377836, 0, 0, 0
2101, 18827802, 0, 0, 0
2204, 20966833, 0, 0, 0
2303, 23176136, 0, 0, 0
2403, 24350727, 0, 0, 0
2504, 23809730, 0, 0, 0
2601, 20751583, 0, 0, 0
2700, 23495487, 0, 0, 0
2800, 24471596, 0, 0, 0
2900, 22932902, 0, 0, 0
3001, 20676077, 0, 0, 0
3102, 23887680, 0, 0, 0
3201, 27990250, 0, 0, 0
3301, 25581723, 0, 0, 0
3404, 23640217, 0, 0, 0
3504, 19650132, 0, 0, 0
3600, 26583264, 0, 0, 0
3700, 23079087, 0, 0, 0
3800, 22804120, 0, 0, 0
3903, 22472861, 0, 0, 0
4001, 25686293, 0, 0, 0
4103, 25922389, 0, 0, 0
4202, 22448075, 0, 0, 0
4300, 22870590, 0, 0, 0
4401, 22161069, 0, 0, 0
4509, 23634259, 0, 0, 0
4601, 23515996, 0, 0, 0
4702, 28750744, 0, 0, 0
4801, 21088390, 0, 0, 0
4904, 23716811, 0, 0, 0
5003, 22454418, 0, 0, 0
5100, 23640518, 0, 0, 0
5200, 28401646, 0, 0, 0
5300, 24086553, 0, 0, 0
5400, 19665905, 0, 0, 0
5501, 22269149, 0, 0, 0
5601, 24150707, 0, 0, 0
5701, 25875952, 0, 0, 0
5800, 21169984, 0, 0, 0
5902, 21672897, 0, 0, 0
6000, 19894039, 0, 0, 0
6103, 23063873, 0, 0, 0
6201, 24275591, 0, 0, 0
6301, 25282372, 0, 0, 0
6401, 25387893, 0, 0, 0
6506, 22347595, 0, 0, 0
6602, 22963591, 0, 0, 0
6702, 20669903, 0, 0, 0
6800, 23355331, 0, 0, 0
6901, 21783793, 0, 0, 0
7001, 27827588, 0, 0, 0
7104, 25442551, 0, 0, 0
7203, 21421113, 0, 0, 0
7302, 21331196, 0, 0, 0
7401, 26951390, 0, 0, 0
7501, 25625359, 0, 0, 0
7606, 21404946, 0, 0, 0
7700, 22210857, 0, 0, 0
7802, 22478075, 0, 0, 0
7908, 20361101, 0, 0, 0
8000, 23915008, 0, 0, 0
8102, 23708627, 0, 0, 0
8202, 21801380, 0, 0, 0
8303, 22126260, 0, 0, 0
8400, 21348599, 0, 0, 0
8500, 21071981, 0, 0, 0
8604, 22085893, 0, 0, 0
8700, 23260870, 0, 0, 0
8800, 18172743, 0, 0, 0
8902, 21736247, 0, 0, 0
9002, 23123644, 0, 0, 0
9100, 23760513, 0, 0, 0
9200, 22209848, 0, 0, 0
9300, 20393081, 0, 0, 0
9406, 20860981, 0, 0, 0
9502, 24645358, 0, 0, 0
9600, 26117440, 0, 0, 0
9704, 21716606, 0, 0, 0
9803, 25158325, 0, 0, 0
9904, 24103977, 0, 0, 0
10003, 26274783, 0, 0, 0
10100, 24766573, 0, 0, 0
10202, 22180986, 0, 0, 0
10304, 20083175, 0, 0, 0
10403, 20572620, 0, 0, 0
10502, 25310782, 0, 0, 0
10601, 21877110, 0, 0, 0
10701, 25065131, 0, 0, 0
10801, 22884421, 0, 0, 0
10903, 23498392, 0, 0, 0
11003, 23461774, 0, 0, 0
11104, 21738790, 0, 0, 0
11202, 22293390, 0, 0, 0
11303, 23680736, 0, 0, 0
11402, 20881121, 0, 0, 0
11502, 24544704, 0, 0, 0
11601, 22939412, 0, 0, 0
11700, 21305965, 0, 0, 0
11803, 23986805, 0, 0, 0
11901, 22191569, 0, 0, 0
12001, 23120203, 0, 0, 0
12100, 22347132, 0, 0, 0
12207, 22043167, 0, 0, 0
12300, 25496908, 0, 0, 0
12401, 23217347, 0, 0, 0
12502, 23109555, 0, 0, 0
12602, 23152042, 0, 0, 0
12700, 20615858, 0, 0, 0
12801, 23916079, 0, 0, 0
12900, 21517788, 0, 0, 0
13000, 23054497, 0, 0, 0
13104, 21764955, 0, 0, 0
13204, 21699084, 0, 0, 0
13302, 26952427, 0, 0, 0
13404, 22382216, 0, 0, 0
13503, 23106385, 0, 0, 0
13602, 22591521, 0, 0, 0
13701, 19920240, 0, 0, 0
13802, 20866515, 0, 0, 0
13900, 22736990, 0, 0, 0
14003, 22304542, 0, 0, 0
14102, 22783663, 0, 0, 0
14201, 23627462, 0, 0, 0
14302, 23294730, 0, 0, 0
14403, 24225428, 0, 0, 0
14501, 27064526, 0, 0, 0
14602, 24117498, 0, 0, 0
14700, 24329220, 0, 0, 0
14800, 24274307, 0, 0, 0
14903, 20599961, 0, 0, 0
15002, 20923588, 0, 0, 0
15101, 22451092, 0, 0, 0
15201, 21587245, 0, 0, 0
15304, 20588238, 0, 0, 0
15402, 24379914, 0, 0, 0
15503, 22401935, 0, 0, 0
15600, 22872994, 0, 0, 0
15707, 20592099, 0, 0, 0
15803, 22425933, 0, 0, 0
15902, 22993186, 0, 0, 0
16001, 23077248, 0, 0, 0
16102, 21637583, 0, 0, 0
16200, 24698026, 0, 0, 0
16301, 23203908, 0, 0, 0
16402, 21196620, 0, 0, 0
16500, 23491636, 0, 0, 0
16600, 18666439, 0, 0, 0
16700, 23242618, 0, 0, 0
16803, 28399388, 0, 0, 0
16900, 21362710, 0, 0, 0
17002, 23790993, 0, 0, 0
17105, 23795969, 0, 0, 0
17201, 20610337, 0, 0, 0
17302, 21325656, 0, 0, 0
17401, 24224306, 0, 0, 0
17501, 24418593, 0, 0, 0
17601, 22510137, 0, 0, 0
17700, 20053030, 0, 0, 0
17801, 25635116, 0, 0, 0
17901, 21329015, 0, 0, 0
18000, 25389390, 0, 0, 0
18102, 23258630, 0, 0, 0
18201, 19956073, 0, 0, 0
18301, 19332285, 0, 0, 0
18401, 22013807, 0, 0, 0
18503, 23163592, 0, 0, 0
18602, 26186478, 0, 0, 0
18701, 24387397, 0, 0, 0
18802, 24159286, 0, 0, 0
18901, 20530047, 0, 0, 0
19003, 26586151, 0, 0, 0
19101, 23450124, 0, 0, 0
19202, 21852260, 0, 0, 0
19300, 20135922, 0, 0, 0
19405, 18928870, 0, 0, 0
19503, 21514251, 0, 0, 0
19601, 20765829, 0, 0, 0
19707, 21606465, 0, 0, 0
19801, 22080676, 0, 0, 0
19902, 22533521, 0, 0, 0
20000, 24220090, 0, 0, 0
20101, 23800950, 0, 0, 0
20205, 24649892, 0, 0, 0
20301, 23947876, 0, 0, 0
20405, 18788142, 0, 0, 0
20500, 23178967, 0, 0, 0
20604, 24610673, 0, 0, 0
20700, 24023173, 0, 0, 0
20801, 19858158, 0, 0, 0
20901, 22544170, 0, 0, 0
21000, 22171805, 0, 0, 0
21101, 22761019, 0, 0, 0
21202, 22895774, 0, 0, 0
21300, 22090922, 0, 0, 0
21401, 24124117, 0, 0, 0
21504, 19967766, 0, 0, 0
21600, 22078164, 0, 0, 0
21700, 24898190, 0, 0, 0
21801, 19861706, 0, 0, 0
21901, 21937547, 0, 0, 0
22001, 26626451, 0, 0, 0
22100, 25086184, 0, 0, 0
22200, 25712072, 0, 0, 0
22304, 23012708, 0, 0, 0
22400, 23719246, 0, 0, 0
22500, 23591580, 0, 0, 0
22602, 22641975, 0, 0, 0
22700, 26401732, 0, 0, 0
22800, 23695920, 0, 0, 0
22900, 24035290, 0, 0, 0
23003, 22720916, 0, 0, 0
23102, 22632816, 0, 0, 0
23204, 24762553, 0, 0, 0
23301, 24351728, 0, 0, 0
23400, 22550387, 0, 0, 0
23500, 24465293, 0, 0, 0
23600, 23964383, 0, 0, 0
23700, 24234288, 0, 0, 0
23801, 22871326, 0, 0, 0
23905, 23403950, 0, 0, 0
24000, 23288951, 0, 0, 0
24104, 21690294, 0, 0, 0
24200, 21325933, 0, 0, 0
24301, 24063622, 0, 0, 0
24401, 22587949, 0, 0, 0
24502, 21612232, 0, 0, 0
24603, 20792236, 0, 0, 0
24704, 26406654, 0, 0, 0
24803, 21644247, 0, 0, 0
24901, 20580665, 0, 0, 0
25002, 26837677, 0, 0, 0
25103, 23392888, 0, 0, 0
25200, 22839753, 0, 0, 0
25314, 22761371, 0, 0, 0
25400, 27064474, 0, 0, 0
25502, 22675673, 0, 0, 0
25600, 22475038, 0, 0, 0
25705, 22486540, 0, 0, 0
25801, 21252495, 0, 0, 0
25900, 19085354, 0, 0, 0
26000, 26286293, 0, 0, 0
26101, 21274907, 0, 0, 0
26201, 22684070, 0, 0, 0
26301, 20762509, 0, 0, 0
26401, 22971854, 0, 0, 0
26500, 27458531, 0, 0, 0
26602, 25920144, 0, 0, 0
26703, 22880049, 0, 0, 0
26803, 17366009, 0, 0, 0
26900, 23694006, 0, 0, 0
27002, 22199575, 0, 0, 0
27101, 23228185, 0, 0, 0
27201, 20057772, 0, 0, 0
27302, 23213830, 0, 0, 0
27403, 20846795, 0, 0, 0
27501, 20543802, 0, 0, 0
27600, 23387505, 0, 0, 0
27701, 22885113, 0, 0, 0
27802, 21758995, 0, 0, 0
27900, 24416694, 0, 0, 0
28001, 22697272, 0, 0, 0
28105, 19776191, 0, 0, 0
28201, 23250622, 0, 0, 0
28301, 21353767, 0, 0, 0
28401, 24474678, 0, 0, 0
28501, 24007806, 0, 0, 0
28600, 22635372, 0, 0, 0
28700, 23220389, 0, 0, 0
28803, 24494834, 0, 0, 0
28902, 23789618, 0, 0, 0
29002, 24384786, 0, 0, 0
29101, 21678809, 0, 0, 0
29201, 26618709, 0, 0, 0
29303, 27749805, 0, 0, 0
29407, 21031549, 0, 0, 0
29502, 24231187, 0, 0, 0
29602, 23207276, 0, 0, 0
29705, 23625096, 0, 0, 0
29804, 25025572, 0, 0, 0
29903, 20821788, 0, 0, 0
30003, 22994827, 0, 0, 0
30105, 22946970, 0, 0, 0
30202, 29082299, 0, 0, 0
30302, 26990179, 0, 0, 0
30401, 21872377, 0, 0, 0
30500, 24228631, 0, 0, 0
30601, 20980975, 0, 0, 0
30700, 24367241, 0, 0, 0
30800, 23241343, 0, 0, 0
30901, 22902852, 0, 0, 0
31000, 23714987, 0, 0, 0
31100, 21600749, 0, 0, 0
31200, 21917453, 0, 0, 0
31300, 24466890, 0, 0, 0
31401, 21452383, 0, 0, 0
31500, 21420149, 0, 0, 0
31600, 23281873, 0, 0, 0
31700, 19877489, 0, 0, 0
31801, 23176353, 0, 0, 0
31901, 21367518, 0, 0, 0
32000, 24107365, 0, 0, 0
32103, 20172894, 0, 0, 0
32202, 23926867, 0, 0, 0
32302, 21524138, 0, 0, 0
32401, 22127218, 0, 0, 0
32500, 26678979, 0, 0, 0
32607, 19908506, 0, 0, 0
32706, 22682287, 0, 0, 0
32804, 23521091, 0, 0, 0
32903, 22142903, 0, 0, 0
33000, 23129443, 0, 0, 0
33100, 23778957, 0, 0, 0
33200, 24206387, 0, 0, 0
33300, 20166189, 0, 0, 0
33401, 22225368, 0, 0, 0
33500, 23505094, 0, 0, 0
33604, 20789867, 0, 0, 0
33704, 22683092, 0, 0, 0
33808, 24065489, 0, 0, 0
33900, 24495431, 0, 0, 0
34002, 23904382, 0, 0, 0
34100, 20616391, 0, 0, 0
34201, 20250761, 0, 0, 0
34303, 19136656, 0, 0, 0
34400, 25087756, 0, 0, 0
34500, 27752588, 0, 0, 0
34602, 21474274, 0, 0, 0
34700, 21263871, 0, 0, 0
34801, 21639365, 0, 0, 0
34901, 23192413, 0, 0, 0
35000, 23314667, 0, 0, 0
35100, 21420799, 0, 0, 0
35201, 22216882, 0, 0, 0
35303, 21798463, 0, 0, 0
35406, 23188305, 0, 0, 0
35503, 24573957, 0, 0, 0
35600, 24191306, 0, 0, 0
35704, 25080204, 0, 0, 0
35804, 24744761, 0, 0, 0
35904, 20668047, 0, 0, 0
36000, 25118504, 0, 0, 0
36103, 22664546, 0, 0, 0
36203, 25765795, 0, 0, 0
36301, 26055269, 0, 0, 0
36402, 21562876, 0, 0, 0
36500, 23034457, 0, 0, 0
36600, 20553825, 0, 0, 0
36701, 18868835, 0, 0, 0
36801, 23261628, 0, 0, 0
36900, 22537317, 0, 0, 0
37002, 23152334, 0, 0, 0
37101, 22330262, 0, 0, 0
37201, 20432947, 0, 0, 0
37305, 20927330, 0, 0, 0
37401, 20880927, 0, 0, 0
37500, 22331296, 0, 0, 0
37600, 22916512, 0, 0, 0
37707, 21617601, 0, 0, 0
37800, 18089226, 0, 0, 0
37903, 28262357, 0, 0, 0
38002, 22660141, 0, 0, 0
38102, 23631703, 0, 0, 0
38200, 21013198, 0, 0, 0
38304, 23807570, 0, 0, 0
38400, 25659216, 0, 0, 0
38504, 23699401, 0, 0, 0
38603, 19732902, 0, 0, 0
38700, 24241946, 0, 0, 0
38800, 23021623, 0, 0, 0
38900, 22270544, 0, 0, 0
39000, 19547645, 0, 0, 0
39102, 20583950, 0, 0, 0
39200, 21390380, 0, 0, 0
39302, 24076769, 0, 0, 0
39401, 21187107, 0, 0, 0
39500, 20969063, 0, 0, 0
39605, 24465015, 0, 0, 0
39701, 20832912, 0, 0, 0
39803, 18771947, 0, 0, 0
39906, 21068672, 0, 0, 0
40001, 19635925, 0, 0, 0
40102, 20993170, 0, 0, 0
40205, 20169988, 0, 0, 0
40300, 22998537, 0, 0, 0
40401, 21704560, 0, 0, 0
40501, 23417786, 0, 0, 0
40601, 26619984, 0, 0, 0
40700, 23456627, 0, 0, 0
40800, 24253282, 0, 0, 0
40902, 24786217, 0, 0, 0
41000, 21504544, 0, 0, 0
41101, 21097890, 0, 0, 0
41200, 21524107, 0, 0, 0
41303, 23555437, 0, 0, 0
41406, 22955693, 0, 0, 0
41501, 19132189, 0, 0, 0
41603, 23618961, 0, 0, 0
41706, 21821126, 0, 0, 0
41802, 22270065, 0, 0, 0
41901, 25351842, 0, 0, 0
42003, 20801243, 0, 0, 0
42101, 24882083, 0, 0, 0
42202, 24050519, 0, 0, 0
42301, 23431018, 0, 0, 0
42403, 22895003, 0, 0, 0
42500, 21467130, 0, 0, 0
42600, 23049463, 0, 0, 0
42701, 26675318, 0, 0, 0
42801, 24728892, 0, 0, 0
42900, 22827634, 0, 0, 0
43003, 21934801, 0, 0, 0
43100, 18998621, 0, 0, 0
43200, 22309980, 0, 0, 0
43301, 21569617, 0, 0, 0
43401, 22676962, 0, 0, 0
43502, 21404445, 0, 0, 0
43602, 21959433, 0, 0, 0
43700, 20913047, 0, 0, 0
43800, 26324586, 0, 0, 0
43904, 22334304, 0, 0, 0
44000, 21753362, 0, 0, 0
44107, 24626552, 0, 0, 0
44200, 23662624, 0, 0, 0
44302, 21873300, 0, 0, 0
44401, 25430439, 0, 0, 0
44502, 20942656, 0, 0, 0
44600, 19912571, 0, 0, 0
44700, 19392475, 0, 0, 0
44801, 23863937, 0, 0, 0
44903, 20106105, 0, 0, 0
45000, 23257391, 0, 0, 0
45103, 25044054, 0, 0, 0
45207, 24458019, 0, 0, 0
45301, 25122861, 0, 0, 0
45401, 23659156, 0, 0, 0
45500, 21913200, 0, 0, 0
45602, 18870183, 0, 0, 0
45701, 21865250, 0, 0, 0
45803, 26014090, 0, 0, 0
45903, 19809746, 0, 0, 0
46004, 19961072, 0, 0, 0
46100, 20044734, 0, 0, 0
46205, 21104841, 0, 0, 0
46300, 23237236, 0, 0, 0
46405, 20589449, 0, 0, 0
46504, 19481197, 0, 0, 0
46600, 23360811, 0, 0, 0
46701, 21158573, 0, 0, 0
46801, 22424030, 0, 0, 0
46903, 22028566, 0, 0, 0
47000, 21480633, 0, 0, 0
47101, 21035436, 0, 0, 0
47211, 25438303, 0, 0, 0
47301, 24762094, 0, 0, 0
47402, 23447524, 0, 0, 0
47503, 22685140, 0, 0, 0
47605, 23422807, 0, 0, 0
47702, 20740338, 0, 0, 0
47801, 21323942, 0, 0, 0
47904, 22286452, 0, 0, 0
48002, 21135183, 0, 0, 0
48101, 24424806, 0, 0, 0
48203, 23416206, 0, 0, 0
48300, 21709049, 0, 0, 0
48401, 23513423, 0, 0, 0
48501, 26977768, 0, 0, 0
48602, 22277833, 0, 0, 0
48700, 23987492, 0, 0, 0
48801, 22393349, 0, 0, 0
48904, 21521869, 0, 0, 0
49001, 24127534, 0, 0, 0
49105, 24393712, 0, 0, 0
49202, 24792666, 0, 0, 0
49301, 21289108, 0, 0, 0
49402, 19917031, 0, 0, 0
49502, 22387797, 0, 0, 0
49600, 23958455, 0, 0, 0
49701, 19776160, 0, 0, 0
49807, 23330670, 0, 0, 0
49904, 25097349, 0, 0, 0
50000, 21786296, 0, 0, 0
50101, 23302927, 0, 0, 0
50200, 22313126, 0, 0, 0
50303, 22034814, 0, 0, 0
50400, 23464555, 0, 0, 0
50503, 23697477, 0, 0, 0
50600, 23633541, 0, 0, 0
50701, 21692849, 0, 0, 0
50802, 22602539, 0, 0, 0
50901, 24456094, 0, 0, 0
51000, 20713907, 0, 0, 0
51101, 22569069, 0, 0, 0
51202, 22128691, 0, 0, 0
51303, 21668077, 0, 0, 0
51403, 23726369, 0, 0, 0
51500, 23712692, 0, 0, 0
51602, 24241987, 0, 0, 0
51700, 22870282, 0, 0, 0
51800, 20714507, 0, 0, 0
51902, 22238886, 0, 0, 0
52001, 21418410, 0, 0, 0
52101, 21422560, 0, 0, 0
52203, 22713427, 0, 0, 0
52302, 26580042, 0, 0, 0
52400, 24915146, 0, 0, 0
52504, 23445204, 0, 0, 0
52602, 21478532, 0, 0, 0
52700, 24569125, 0, 0, 0
52801, 22331423, 0, 0, 0
52900, 21477590, 0, 0, 0
53001, 26178852, 0, 0, 0
53106, 22394521, 0, 0, 0
53202, 20489046, 0, 0, 0
53300, 22533833, 0, 0, 0
53402, 20513566, 0, 0, 0
53500, 21300364, 0, 0, 0
53600, 22449972, 0, 0, 0
53703, 22733230, 0, 0, 0
53811, 23583922, 0, 0, 0
53900, 28847023, 0, 0, 0
54000, 24363816, 0, 0, 0
54100, 20675662, 0, 0, 0
54200, 23046462, 0, 0, 0
54300, 22760239, 0, 0, 0
54400, 23929570, 0, 0, 0
54502, 22972000, 0, 0, 0
54603, 22009602, 0, 0, 0
54702, 26428068, 0, 0, 0
54807, 22396890, 0, 0, 0
54904, 23751782, 0, 0, 0
55000, 22800612, 0, 0, 0
55101, 24955922, 0, 0, 0
55201, 23777713, 0, 0, 0
55300, 19236929, 0, 0, 0
55403, 23703477, 0, 0, 0
55503, 22446661, 0, 0, 0
55602, 22459028, 0, 0, 0
55700, 22555170, 0, 0, 0
55800, 22960170, 0, 0, 0
55900, 21926305, 0, 0, 0
56000, 19916951, 0, 0, 0
56100, 24278257, 0, 0, 0
56203, 23258252, 0, 0, 0
56301, 19049528, 0, 0, 0
56400, 21820120, 0, 0, 0
56503, 22522858, 0, 0, 0
56600, 22874571, 0, 0, 0
56704, 22170007, 0, 0, 0
56801, 21985728, 0, 0, 0
56903, 22471615, 0, 0, 0
57001, 21634274, 0, 0, 0
57101, 21374298, 0, 0, 0
57200, 25773928, 0, 0, 0
57304, 22792552, 0, 0, 0
57403, 22621784, 0, 0, 0
57500, 22039781, 0, 0, 0
57602, 21835656, 0, 0, 0
57703, 18922555, 0, 0, 0
57803, 19096989, 0, 0, 0
57900, 22526082, 0, 0, 0
58000, 22015654, 0, 0, 0
58100, 24707029, 0, 0, 0
58203, 23037629, 0, 0, 0
58301, 19796467, 0, 0, 0
58400, 21034009, 0, 0, 0
58500, 22354558, 0, 0, 0
58601, 20455967, 0, 0, 0
58703, 22671813, 0, 0, 0
58800, 25044178, 0, 0, 0
58901, 22910686, 0, 0, 0
59003, 23015860, 0, 0, 0
59102, 20183642, 0, 0, 0
59202, 19531757, 0, 0, 0
59302, 23545578, 0, 0, 0
59401, 23114659, 0, 0, 0
59500, 24106841, 0, 0, 0
59600, 22118896, 0, 0, 0
59700, 22972151, 0, 0, 0
59801, 22758926, 0, 0, 0
59900, 22292675, 0, 0, 0
60002, 20456589, 0, 0, 0
60100, 23569352, 0, 0, 0
60200, 23903455, 0, 0, 0
60302, 24436691, 0, 0, 0
60400, 20056596, 0, 0, 0
60505, 22444920, 0, 0, 0
60600, 21689913, 0, 0, 0
60701, 23628296, 0, 0, 0
60802, 21265228, 0, 0, 0
60901, 22266336, 0, 0, 0
61000, 21605747, 0, 0, 0
61100, 20508902, 0, 0, 0
61202, 24909542, 0, 0, 0
61300, 22719207, 0, 0, 0
61402, 21775125, 0, 0, 0
61501, 21651863, 0, 0, 0
61601, 22837196, 0, 0, 0
61701, 24506935, 0, 0, 0
61801, 24483420, 0, 0, 0
61901, 21839534, 0, 0, 0
62002, 22807617, 0, 0, 0
62100, 22751549, 0, 0, 0
62200, 24667282, 0, 0, 0
62303, 21974960, 0, 0, 0
62400, 24442589, 0, 0, 0
62501, 25252662, 0, 0, 0
62602, 22683369, 0, 0, 0
62701, 24160912, 0, 0, 0
62804, 22024405, 0, 0, 0
62908, 23744960, 0, 0, 0
63007, 26657360, 0, 0, 0
63102, 21077230, 0, 0, 0
63205, 23329410, 0, 0, 0
63303, 25436019, 0, 0, 0
63400, 22058307, 0, 0, 0
63501, 22306535, 0, 0, 0
63607, 22790676, 0, 0, 0
63700, 28043603, 0, 0, 0
63805, 20261620, 0, 0, 0
63900, 21861756, 0, 0, 0
64002, 21957811, 0, 0, 0
64100, 24345874, 0, 0, 0
64201, 23060170, 0, 0, 0
64302, 23104256, 0, 0, 0
64401, 23200024, 0, 0, 0
64501, 26597734, 0, 0, 0
64601, 19518119, 0, 0, 0
64707, 24293093, 0, 0, 0
64802, 24738593, 0, 0, 0
64903, 24188428, 0, 0, 0
65000, 24399697, 0, 0, 0
65100, 22918423, 0, 0, 0
65200, 24936339, 0, 0, 0
65304, 23534254, 0, 0, 0
65400, 21900141, 0, 0, 0
65501, 22117225, 0, 0, 0
65604, 22310963, 0, 0, 0
65700, 22471296, 0, 0, 0
65802, 20811970, 0, 0, 0
65904, 20377913, 0, 0, 0
66006, 22455648, 0, 0, 0
66103, 22249143, 0, 0, 0
66200, 20443621, 0, 0, 0
66301, 24924136, 0, 0, 0
66403, 26511142, 0, 0, 0
66501, 24953206, 0, 0, 0
66601, 21776665, 0, 0, 0
66701, 22618353, 0, 0, 0
66801, 23297758, 0, 0, 0
66902, 23758813, 0, 0, 0
67000, 24827133, 0, 0, 0
67102, 22018991, 0, 0, 0
67200, 22636097, 0, 0, 0
67302, 26107211, 0, 0, 0
67404, 20643588, 0, 0, 0
67501, 20942700, 0, 0, 0
67603, 22028744, 0, 0, 0
67700, 24109002, 0, 0, 0
67803, 24393472, 0, 0, 0
67900, 23072205, 0, 0, 0
68001, 22826233, 0, 0, 0
68102, 23099985, 0, 0, 0
68202, 23392835, 0, 0, 0
68300, 23753854, 0, 0, 0
68402, 23114858, 0, 0, 0
68501, 23573355, 0, 0, 0
68603, 25084371, 0, 0, 0
68706, 21667015, 0, 0, 0
68803, 21964148, 0, 0, 0
68901, 21310306, 0, 0, 0
69000, 18491791, 0, 0, 0
69100, 25700817, 0, 0, 0
69200, 24521777, 0, 0, 0
69302, 21965828, 0, 0, 0
69403, 24121231, 0, 0, 0
69503, 22566386, 0, 0, 0
69600, 23727006, 0, 0, 0
69702, 20055379, 0, 0, 0
69802, 22371898, 0, 0, 0
69900, 23438227, 0, 0, 0
70002, 21277526, 0, 0, 0
70101, 22557836, 0, 0, 0
70200, 22964073, 0, 0, 0
70301, 25667522, 0, 0, 0
70403, 22982073, 0, 0, 0
70502, 23989590, 0, 0, 0
70600, 23132448, 0, 0, 0
70702, 22441701, 0, 0, 0
70804, 19207204, 0, 0, 0
70903, 20646506, 0, 0, 0
71000, 23639243, 0, 0, 0
71101, 21465272, 0, 0, 0
71202, 20257085, 0, 0, 0
71303, 24151298, 0, 0, 0
71402, 21257793, 0, 0, 0
71501, 21241779, 0, 0, 0
71600, 19633523, 0, 0, 0
71703, 20316192, 0, 0, 0
71801, 26923540, 0, 0, 0
71900, 22449150, 0, 0, 0
72001, 17784989, 0, 0, 0
72101, 22004536, 0, 0, 0
72201, 20182529, 0, 0, 0
72301, 23223614, 0, 0, 0
72401, 17447579, 0, 0, 0
72501, 23343959, 0, 0, 0
72600, 21255595, 0, 0, 0
72700, 19743497, 0, 0, 0
72802, 20269689, 0, 0, 0
72902, 22645192, 0, 0, 0
73004, 24117691, 0, 0, 0
73102, 21857739, 0, 0, 0
73202, 20958166, 0, 0, 0
73302, 20426871, 0, 0, 0
73401, 22697395, 0, 0, 0
73503, 23542106, 0, 0, 0
73602, 21723239, 0, 0, 0
73709, 22806383, 0, 0, 0
73802, 22729387, 0, 0, 0
73900, 20818800, 0, 0, 0
74002, 24741330, 0, 0, 0
74101, 21285497, 0, 0, 0
74206, 21656292, 0, 0, 0
74300, 23206922, 0, 0, 0
74403, 23816111, 0, 0, 0
74500, 22265528, 0, 0, 0
74603, 20141333, 0, 0, 0
74700, 22885919, 0, 0, 0
74800, 24268944, 0, 0, 0
74902, 25537056, 0, 0, 0
75002, 23688602, 0, 0, 0
75101, 24017904, 0, 0, 0
75202, 23593177, 0, 0, 0
75304, 25414714, 0, 0, 0
75400, 24874757, 0, 0, 0
75503, 22907985, 0, 0, 0
75600, 25892810, 0, 0, 0
75702, 27713009, 0, 0, 0
75801, 24708909, 0, 0, 0
75902, 25435455, 0, 0, 0
76002, 22335077, 0, 0, 0
76101, 24492745, 0, 0, 0
76200, 21225012, 0, 0, 0
76300, 21874777, 0, 0, 0
76403, 19312329, 0, 0, 0
76503, 26406180, 0, 0, 0
76602, 21611928, 0, 0, 0
76701, 21905845, 0, 0, 0
76806, 21183688, 0, 0, 0
76900, 22481692, 0, 0, 0
77000, 20858549, 0, 0, 0
77100, 21602916, 0, 0, 0
77202, 22754979, 0, 0, 0
77302, 23504407, 0, 0, 0
77401, 23556202, 0, 0, 0
77503, 24240021, 0, 0, 0
77601, 24453109, 0, 0, 0
77700, 24001260, 0, 0, 0
77806, 25565624, 0, 0, 0
77901, 22290418, 0, 0, 0
78000, 22379964, 0, 0, 0
78100, 27383668, 0, 0, 0
78204, 24074919, 0, 0, 0
78300, 21314081, 0, 0, 0
78401, 20146547, 0, 0, 0
78502, 22202213, 0, 0, 0
78601, 24569185, 0, 0, 0
78707, 21210778, 0, 0, 0
78800, 21076794, 0, 0, 0
78901, 24657816, 0, 0, 0
79003, 19628009, 0, 0, 0
79100, 20258421, 0, 0, 0
79205, 22760070, 0, 0, 0
79306, 23043956, 0, 0, 0
79403, 20915122, 0, 0, 0
79500, 23036788, 0, 0, 0
79600, 24133705, 0, 0, 0
79701, 23876385, 0, 0, 0
79800, 24715984, 0, 0, 0
79900, 24734665, 0, 0, 0
80008, 20126062, 0, 0, 0
80104, 18698977, 0, 0, 0
80203, 21282435, 0, 0, 0
80303, 26815926, 0, 0, 0
80402, 26184579, 0, 0, 0
80503, 23628173, 0, 0, 0
80601, 20288496, 0, 0, 0
80702, 25587401, 0, 0, 0
80800, 22284408, 0, 0, 0
80901, 22339600, 0, 0, 0
81000, 21745036, 0, 0, 0
81102, 23237807, 0, 0, 0
81202, 26376896, 0, 0, 0
81301, 23514930, 0, 0, 0
81401, 21600788, 0, 0, 0
81504, 19973991, 0, 0, 0
81602, 20264444, 0, 0, 0
81702, 21667390, 0, 0, 0
81801, 24261842, 0, 0, 0
81901, 22287120, 0, 0, 0
82001, 24246706, 0, 0, 0
82102, 20405363, 0, 0, 0
82200, 21963834, 0, 0, 0
82300, 20898887, 0, 0, 0
82402, 22412782, 0, 0, 0
82500, 22253528, 0, 0, 0
82600, 21885110, 0, 0, 0
82700, 24041928, 0, 0, 0
82800, 21503303, 0, 0, 0
82902, 22795087, 0, 0, 0
83002, 24948831, 0, 0, 0
83101, 21851928, 0, 0, 0
83201, 23075097, 0, 0, 0
83303, 22566897, 0, 0, 0
83402, 23537042, 0, 0, 0
83500, 21294658, 0, 0, 0
83600, 22103341, 0, 0, 0
83705, 22812752, 0, 0, 0
83800, 24472536, 0, 0, 0
83900, 23048792, 0, 0, 0
84001, 24252070, 0, 0, 0
84101, 21572880, 0, 0, 0
84202, 23470883, 0, 0, 0
84300, 23070891, 0, 0, 0
84400, 20013559, 0, 0, 0
84500, 21049428, 0, 0, 0
84602, 22184407, 0, 0, 0
84701, 23074642, 0, 0, 0
84802, 24413452, 0, 0, 0
84900, 22755581, 0, 0, 0
85001, 21776988, 0, 0, 0
85100, 20612497, 0, 0, 0
85207, 20288906, 0, 0, 0
85302, 22219073, 0, 0, 0
85403, 26452487, 0, 0, 0
85500, 23868088, 0, 0, 0
85603, 19760664, 0, 0, 0
85700, 24938758, 0, 0, 0
85800, 20881128, 0, 0, 0
85901, 19182507, 0, 0, 0
86001, 20983805, 0, 0, 0
86101, 21679553, 0, 0, 0
86203, 20819861, 0, 0, 0
86301, 20018089, 0, 0, 0
86401, 21803531, 0, 0, 0
86502, 21145071, 0, 0, 0
86600, 20538727, 0, 0, 0
86701, 22504859, 0, 0, 0
86804, 24089152, 0, 0, 0
86901, 21583355, 0, 0, 0
87004, 27525424, 0, 0, 0
87100, 20944716, 0, 0, 0
87201, 22784973, 0, 0, 0
87303, 21582495, 0, 0, 0
87400, 21882659, 0, 0, 0
87501, 24137576, 0, 0, 0
87600, 22977449, 0, 0, 0
87703, 18417205, 0, 0, 0
87802, 23005325, 0, 0, 0
87904, 23305650, 0, 0, 0
88001, 23312562, 0, 0, 0
88100, 22397272, 0, 0, 0
88206, 24483708, 0, 0, 0
88300, 22677695, 0, 0, 0
88400, 23084291, 0, 0, 0
88501, 23883893, 0, 0, 0
88600, 21619923, 0, 0, 0
88701, 21794084, 0, 0, 0
88803, 22509457, 0, 0, 0
88901, 21830618, 0, 0, 0
89002, 25439005, 0, 0, 0
89101, 23259526, 0, 0, 0
89200, 18412778, 0, 0, 0
89301, 21809871, 0, 0, 0
89400, 20475020, 0, 0, 0
89500, 22257622, 0, 0, 0
89603, 25089771, 0, 0, 0
89700, 21694959, 0, 0, 0
89807, 19083821, 0, 0, 0
89900, 24429333, 0, 0, 0
90001, 18006518, 0, 0, 0
90009, 16570299, 0, 0, 0
