250, 863232, 0, 0, 0
350, 993280, 0, 0, 0
450, 952320, 0, 0, 0
550, 949760, 0, 0, 0
650, 1072640, 0, 0, 0
749, 943838, 0, 0, 0
849, 972800, 0, 0, 0
949, 995840, 0, 0, 0
1050, 931840, 0, 0, 0
1150, 1036800, 0, 0, 0
1249, 917979, 0, 0, 0
1349, 865280, 0, 0, 0
1449, 995840, 0, 0, 0
1549, 1008640, 0, 0, 0
1649, 1016320, 0, 0, 0
1749, 1018880, 0, 0, 0
1849, 939520, 0, 0, 0
1949, 903680, 0, 0, 0
2050, 965120, 0, 0, 0
2150, 1026560, 0, 0, 0
2249, 1018828, 0, 0, 0
2349, 1082880, 0, 0, 0
2449, 911360, 0, 0, 0
2549, 965120, 0, 0, 0
2649, 957440, 0, 0, 0
2749, 1016320, 0, 0, 0
2849, 842240, 0, 0, 0
2949, 962560, 0, 0, 0
3050, 847360, 0, 0, 0
3150, 921600, 0, 0, 0
3249, 964525, 0, 0, 0
3349, 885760, 0, 0, 0
3449, 906240, 0, 0, 0
3549, 1003520, 0, 0, 0
3649, 967680, 0, 0, 0
3749, 936960, 0, 0, 0
3849, 1039360, 0, 0, 0
3949, 867840, 0, 0, 0
4050, 1008640, 0, 0, 0
4150, 1052160, 0, 0, 0
4249, 956767, 0, 0, 0
4349, 1016320, 0, 0, 0
4449, 883200, 0, 0, 0
4549, 1000960, 0, 0, 0
4649, 885760, 0, 0, 0
4749, 901120, 0, 0, 0
4849, 919040, 0, 0, 0
4949, 965120, 0, 0, 0
5050, 913920, 0, 0, 0
5150, 972800, 0, 0, 0
5249, 858505, 0, 0, 0
5349, 975360, 0, 0, 0
5449, 1054720, 0, 0, 0
5549, 983040, 0, 0, 0
5649, 954880, 0, 0, 0
5749, 1016320, 0, 0, 0
5849, 942080, 0, 0, 0
5950, 954880, 0, 0, 0
6050, 888320, 0, 0, 0
6150, 872960, 0, 0, 0
6249, 964525, 0, 0, 0
6349, 1000960, 0, 0, 0
6449, 834560, 0, 0, 0
6549, 972800, 0, 0, 0
6649, 972800, 0, 0, 0
6750, 875520, 0, 0, 0
6850, 995840, 0, 0, 0
6950, 872960, 0, 0, 0
7050, 908800, 0, 0, 0
7150, 988160, 0, 0, 0
7249, 1091232, 0, 0, 0
7349, 911360, 0, 0, 0
7449, 721920, 0, 0, 0
7549, 888320, 0, 0, 0
7649, 985600, 0, 0, 0
7750, 839680, 0, 0, 0
7850, 1000960, 0, 0, 0
7950, 993280, 0, 0, 0
8050, 952320, 0, 0, 0
8150, 883200, 0, 0, 0
8249, 990383, 0, 0, 0
8349, 998400, 0, 0, 0
8449, 929280, 0, 0, 0
8549, 1008640, 0, 0, 0
8649, 1064960, 0, 0, 0
8750, 988160, 0, 0, 0
8850, 867840, 0, 0, 0
8950, 1013760, 0, 0, 0
9050, 878080, 0, 0, 0
9150, 942080, 0, 0, 0
9249, 905050, 0, 0, 0
9349, 901120, 0, 0, 0
9449, 995840, 0, 0, 0
9549, 939520, 0, 0, 0
9649, 977920, 0, 0, 0
9750, 988160, 0, 0, 0
9850, 1024000, 0, 0, 0
9950, 998400, 0, 0, 0
10050, 977920, 0, 0, 0
10150, 929280, 0, 0, 0
10249, 1042101, 0, 0, 0
10349, 893440, 0, 0, 0
10449, 983040, 0, 0, 0
10549, 929280, 0, 0, 0
10650, 995840, 0, 0, 0
10750, 936960, 0, 0, 0
10850, 919040, 0, 0, 0
10950, 972800, 0, 0, 0
11050, 947200, 0, 0, 0
11150, 870400, 0, 0, 0
11249, 982626, 0, 0, 0
11349, 1041920, 0, 0, 0
11449, 947200, 0, 0, 0
11550, 919040, 0, 0, 0
11650, 921600, 0, 0, 0
11749, 886949, 0, 0, 0
11849, 916480, 0, 0, 0
11949, 1018880, 0, 0, 0
12049, 998400, 0, 0, 0
12149, 875520, 0, 0, 0
12249, 1003520, 0, 0, 0
12349, 1008640, 0, 0, 0
12449, 921600, 0, 0, 0
12549, 970240, 0, 0, 0
12650, 954880, 0, 0, 0
12749, 912808, 0, 0, 0
12849, 1024000, 0, 0, 0
12949, 954880, 0, 0, 0
13049, 921600, 0, 0, 0
13149, 1031680, 0, 0, 0
13249, 1008640, 0, 0, 0
13349, 865280, 0, 0, 0
13449, 934400, 0, 0, 0
13550, 1011200, 0, 0, 0
13650, 975360, 0, 0, 0
13749, 892121, 0, 0, 0
13849, 901120, 0, 0, 0
13949, 908800, 0, 0, 0
14049, 883200, 0, 0, 0
14149, 921600, 0, 0, 0
14249, 983040, 0, 0, 0
14349, 872960, 0, 0, 0
14449, 911360, 0, 0, 0
14550, 1031680, 0, 0, 0
14650, 985600, 0, 0, 0
14749, 853333, 0, 0, 0
14849, 972800, 0, 0, 0
14949, 975360, 0, 0, 0
15049, 962560, 0, 0, 0
15149, 883200, 0, 0, 0
15249, 1088000, 0, 0, 0
15349, 1013760, 0, 0, 0
15450, 1018880, 0, 0, 0
15550, 1021440, 0, 0, 0
15650, 819200, 0, 0, 0
15749, 969696, 0, 0, 0
15849, 939520, 0, 0, 0
15949, 1059840, 0, 0, 0
16049, 924160, 0, 0, 0
16149, 965120, 0, 0, 0
16249, 1077760, 0, 0, 0
16350, 947200, 0, 0, 0
16450, 913920, 0, 0, 0
16550, 860160, 0, 0, 0
16650, 816640, 0, 0, 0
16749, 998141, 0, 0, 0
16849, 832000, 0, 0, 0
16949, 977920, 0, 0, 0
17049, 1024000, 0, 0, 0
17149, 883200, 0, 0, 0
17249, 898560, 0, 0, 0
17350, 916480, 0, 0, 0
17450, 875520, 0, 0, 0
17550, 977920, 0, 0, 0
17650, 998400, 0, 0, 0
17749, 998141, 0, 0, 0
17849, 998400, 0, 0, 0
17949, 967680, 0, 0, 0
18049, 1011200, 0, 0, 0
18149, 1031680, 0, 0, 0
18250, 916480, 0, 0, 0
18350, 965120, 0, 0, 0
18450, 965120, 0, 0, 0
18550, 983040, 0, 0, 0
18650, 972800, 0, 0, 0
18749, 959353, 0, 0, 0
18849, 1000960, 0, 0, 0
18949, 1013760, 0, 0, 0
19049, 921600, 0, 0, 0
19149, 952320, 0, 0, 0
19250, 934400, 0, 0, 0
19350, 1000960, 0, 0, 0
19450, 1041920, 0, 0, 0
19550, 1003520, 0, 0, 0
19650, 1013760, 0, 0, 0
19749, 977454, 0, 0, 0
19849, 957440, 0, 0, 0
19949, 947200, 0, 0, 0
20049, 1006080, 0, 0, 0
20150, 977920, 0, 0, 0
20250, 919040, 0, 0, 0
20350, 1085440, 0, 0, 0
20450, 993280, 0, 0, 0
20550, 995840, 0, 0, 0
20650, 926720, 0, 0, 0
20749, 1036929, 0, 0, 0
20849, 1000960, 0, 0, 0
20949, 977920, 0, 0, 0
21049, 983040, 0, 0, 0
21150, 954880, 0, 0, 0
21250, 965120, 0, 0, 0
21350, 1116160, 0, 0, 0
21450, 1000960, 0, 0, 0
21550, 1100800, 0, 0, 0
21650, 883200, 0, 0, 0
21749, 930909, 0, 0, 0
21849, 1029120, 0, 0, 0
21949, 954880, 0, 0, 0
22049, 1011200, 0, 0, 0
22149, 967680, 0, 0, 0
22250, 990720, 0, 0, 0
22350, 934400, 0, 0, 0
22450, 855040, 0, 0, 0
22550, 995840, 0, 0, 0
22650, 972800, 0, 0, 0
22749, 1031757, 0, 0, 0
22849, 1016320, 0, 0, 0
22949, 880640, 0, 0, 0
23049, 972800, 0, 0, 0
23149, 1029120, 0, 0, 0
23250, 975360, 0, 0, 0
23350, 936960, 0, 0, 0
23450, 921600, 0, 0, 0
23550, 1000960, 0, 0, 0
23650, 1041920, 0, 0, 0
23749, 964525, 0, 0, 0
23849, 908800, 0, 0, 0
23949, 942080, 0, 0, 0
24049, 995840, 0, 0, 0
24149, 993280, 0, 0, 0
24250, 983040, 0, 0, 0
24350, 1088000, 0, 0, 0
24450, 1088000, 0, 0, 0
24550, 942080, 0, 0, 0
24650, 1000960, 0, 0, 0
24749, 920565, 0, 0, 0
24849, 1003520, 0, 0, 0
24949, 988160, 0, 0, 0
25049, 919040, 0, 0, 0
25149, 1021440, 0, 0, 0
25250, 1006080, 0, 0, 0
25350, 921600, 0, 0, 0
25450, 988160, 0, 0, 0
25550, 965120, 0, 0, 0
25650, 908800, 0, 0, 0
25749, 848161, 0, 0, 0
25849, 939520, 0, 0, 0
25949, 965120, 0, 0, 0
26050, 1016320, 0, 0, 0
26150, 998400, 0, 0, 0
26249, 907636, 0, 0, 0
26349, 1013760, 0, 0, 0
26449, 1006080, 0, 0, 0
26549, 949760, 0, 0, 0
26649, 965120, 0, 0, 0
26749, 983040, 0, 0, 0
26849, 952320, 0, 0, 0
26949, 1008640, 0, 0, 0
27050, 931840, 0, 0, 0
27150, 972800, 0, 0, 0
27249, 977454, 0, 0, 0
27349, 983040, 0, 0, 0
27449, 924160, 0, 0, 0
27549, 1006080, 0, 0, 0
27649, 888320, 0, 0, 0
27749, 977920, 0, 0, 0
27849, 952320, 0, 0, 0
27949, 1039360, 0, 0, 0
28049, 942080, 0, 0, 0
28149, 1080320, 0, 0, 0
28250, 977920, 0, 0, 0
28350, 949760, 0, 0, 0
28450, 898560, 0, 0, 0
28550, 967680, 0, 0, 0
28650, 903680, 0, 0, 0
28749, 1039515, 0, 0, 0
28849, 911360, 0, 0, 0
28949, 947200, 0, 0, 0
29049, 1054720, 0, 0, 0
29149, 1059840, 0, 0, 0
29250, 1016320, 0, 0, 0
29350, 901120, 0, 0, 0
29450, 1123840, 0, 0, 0
29550, 995840, 0, 0, 0
29650, 924160, 0, 0, 0
29749, 886949, 0, 0, 0
29849, 913920, 0, 0, 0
29949, 1008640, 0, 0, 0
30049, 1003520, 0, 0, 0
30149, 985600, 0, 0, 0
30250, 911360, 0, 0, 0
30350, 929280, 0, 0, 0
30450, 819200, 0, 0, 0
30550, 998400, 0, 0, 0
30650, 924160, 0, 0, 0
30749, 1026585, 0, 0, 0
30849, 890880, 0, 0, 0
30949, 970240, 0, 0, 0
31049, 960000, 0, 0, 0
31150, 995840, 0, 0, 0
31249, 985212, 0, 0, 0
31349, 880640, 0, 0, 0
31449, 1072640, 0, 0, 0
31549, 962560, 0, 0, 0
31649, 842240, 0, 0, 0
31749, 1031680, 0, 0, 0
31849, 1098240, 0, 0, 0
31949, 980480, 0, 0, 0
32050, 972800, 0, 0, 0
32150, 1062400, 0, 0, 0
32249, 982626, 0, 0, 0
32349, 975360, 0, 0, 0
32449, 985600, 0, 0, 0
32549, 1054720, 0, 0, 0
32649, 926720, 0, 0, 0
32749, 916480, 0, 0, 0
32849, 983040, 0, 0, 0
32949, 1031680, 0, 0, 0
33050, 1003520, 0, 0, 0
33150, 1021440, 0, 0, 0
33249, 907636, 0, 0, 0
33349, 965120, 0, 0, 0
33449, 1026560, 0, 0, 0
33549, 913920, 0, 0, 0
33649, 1006080, 0, 0, 0
33749, 947200, 0, 0, 0
33849, 1049600, 0, 0, 0
33949, 939520, 0, 0, 0
34050, 903680, 0, 0, 0
34150, 1036800, 0, 0, 0
34249, 928323, 0, 0, 0
34349, 967680, 0, 0, 0
34449, 855040, 0, 0, 0
34549, 1000960, 0, 0, 0
34649, 954880, 0, 0, 0
34749, 929280, 0, 0, 0
34849, 975360, 0, 0, 0
34949, 1006080, 0, 0, 0
35050, 878080, 0, 0, 0
35150, 806400, 0, 0, 0
35249, 1018828, 0, 0, 0
35349, 960000, 0, 0, 0
35449, 1031680, 0, 0, 0
35549, 983040, 0, 0, 0
35649, 839680, 0, 0, 0
35749, 1052160, 0, 0, 0
35849, 936960, 0, 0, 0
35949, 1031680, 0, 0, 0
36050, 1000960, 0, 0, 0
36150, 942080, 0, 0, 0
36249, 871434, 0, 0, 0
36349, 1080320, 0, 0, 0
36449, 903680, 0, 0, 0
36549, 901120, 0, 0, 0
36649, 960000, 0, 0, 0
36749, 913920, 0, 0, 0
36849, 1000960, 0, 0, 0
36949, 1111040, 0, 0, 0
37050, 977920, 0, 0, 0
37150, 942080, 0, 0, 0
37249, 866262, 0, 0, 0
37349, 1024000, 0, 0, 0
37449, 1000960, 0, 0, 0
37549, 954880, 0, 0, 0
37649, 947200, 0, 0, 0
37749, 985600, 0, 0, 0
37849, 1013760, 0, 0, 0
37949, 1034240, 0, 0, 0
38050, 949760, 0, 0, 0
38150, 1088000, 0, 0, 0
38249, 1060202, 0, 0, 0
38349, 980480, 0, 0, 0
38449, 1049600, 0, 0, 0
38549, 942080, 0, 0, 0
38649, 983040, 0, 0, 0
38749, 1039360, 0, 0, 0
38849, 1085440, 0, 0, 0
38949, 939520, 0, 0, 0
39049, 983040, 0, 0, 0
39150, 998400, 0, 0, 0
39249, 928323, 0, 0, 0
39349, 939520, 0, 0, 0
39449, 952320, 0, 0, 0
39549, 960000, 0, 0, 0
39649, 980480, 0, 0, 0
39749, 890880, 0, 0, 0
39849, 890880, 0, 0, 0
39949, 983040, 0, 0, 0
40050, 990720, 0, 0, 0
40150, 1128960, 0, 0, 0
40249, 967111, 0, 0, 0
40349, 998400, 0, 0, 0
40449, 1070080, 0, 0, 0
40549, 960000, 0, 0, 0
40649, 988160, 0, 0, 0
40749, 796160, 0, 0, 0
40849, 1021440, 0, 0, 0
40949, 1093120, 0, 0, 0
41050, 1029120, 0, 0, 0
41150, 962560, 0, 0, 0
41249, 907636, 0, 0, 0
41349, 983040, 0, 0, 0
41449, 1029120, 0, 0, 0
41549, 957440, 0, 0, 0
41649, 1021440, 0, 0, 0
41749, 960000, 0, 0, 0
41849, 903680, 0, 0, 0
41949, 1026560, 0, 0, 0
42050, 924160, 0, 0, 0
42150, 1049600, 0, 0, 0
42249, 809373, 0, 0, 0
42349, 972800, 0, 0, 0
42449, 965120, 0, 0, 0
42549, 990720, 0, 0, 0
42649, 988160, 0, 0, 0
42749, 954880, 0, 0, 0
42849, 980480, 0, 0, 0
42949, 1016320, 0, 0, 0
43050, 913920, 0, 0, 0
43150, 906240, 0, 0, 0
43249, 946424, 0, 0, 0
43349, 1000960, 0, 0, 0
43449, 919040, 0, 0, 0
43549, 934400, 0, 0, 0
43649, 1011200, 0, 0, 0
43749, 883200, 0, 0, 0
43849, 954880, 0, 0, 0
43949, 888320, 0, 0, 0
44050, 960000, 0, 0, 0
44150, 824320, 0, 0, 0
44249, 928323, 0, 0, 0
44349, 867840, 0, 0, 0
44449, 962560, 0, 0, 0
44549, 872960, 0, 0, 0
44649, 896000, 0, 0, 0
44749, 947200, 0, 0, 0
44849, 990720, 0, 0, 0
44949, 1029120, 0, 0, 0
45050, 1103360, 0, 0, 0
45150, 867840, 0, 0, 0
45249, 1003313, 0, 0, 0
45349, 1098240, 0, 0, 0
45449, 995840, 0, 0, 0
45549, 916480, 0, 0, 0
45649, 1116160, 0, 0, 0
45749, 921600, 0, 0, 0
45849, 990720, 0, 0, 0
45949, 875520, 0, 0, 0
46050, 832000, 0, 0, 0
46150, 903680, 0, 0, 0
46249, 1026585, 0, 0, 0
46349, 936960, 0, 0, 0
46449, 1013760, 0, 0, 0
46549, 934400, 0, 0, 0
46649, 908800, 0, 0, 0
46749, 896000, 0, 0, 0
46849, 947200, 0, 0, 0
46949, 896000, 0, 0, 0
47050, 962560, 0, 0, 0
47150, 1054720, 0, 0, 0
47249, 985212, 0, 0, 0
47349, 865280, 0, 0, 0
47449, 878080, 0, 0, 0
47549, 929280, 0, 0, 0
47649, 1062400, 0, 0, 0
47749, 1139200, 0, 0, 0
47849, 965120, 0, 0, 0
47949, 942080, 0, 0, 0
48050, 1047040, 0, 0, 0
48150, 1024000, 0, 0, 0
48249, 868848, 0, 0, 0
48349, 1006080, 0, 0, 0
48449, 911360, 0, 0, 0
48549, 919040, 0, 0, 0
48649, 983040, 0, 0, 0
48749, 898560, 0, 0, 0
48849, 977920, 0, 0, 0
48950, 970240, 0, 0, 0
49050, 952320, 0, 0, 0
49150, 1072640, 0, 0, 0
49249, 879191, 0, 0, 0
49349, 998400, 0, 0, 0
49449, 947200, 0, 0, 0
49549, 993280, 0, 0, 0
49649, 936960, 0, 0, 0
49749, 931840, 0, 0, 0
49850, 1016320, 0, 0, 0
49950, 977920, 0, 0, 0
50050, 898560, 0, 0, 0
50150, 1000960, 0, 0, 0
50249, 959353, 0, 0, 0
50349, 1108480, 0, 0, 0
50449, 824320, 0, 0, 0
50549, 952320, 0, 0, 0
50649, 872960, 0, 0, 0
50749, 1054720, 0, 0, 0
50849, 1049600, 0, 0, 0
50950, 1006080, 0, 0, 0
51050, 939520, 0, 0, 0
51150, 960000, 0, 0, 0
51249, 998141, 0, 0, 0
51349, 980480, 0, 0, 0
51449, 929280, 0, 0, 0
51549, 921600, 0, 0, 0
51649, 773120, 0, 0, 0
51749, 1026560, 0, 0, 0
51849, 1075200, 0, 0, 0
51949, 926720, 0, 0, 0
52050, 911360, 0, 0, 0
52150, 919040, 0, 0, 0
52249, 949010, 0, 0, 0
52349, 842240, 0, 0, 0
52449, 952320, 0, 0, 0
52549, 990720, 0, 0, 0
52649, 1006080, 0, 0, 0
52749, 855040, 0, 0, 0
52849, 960000, 0, 0, 0
52949, 814080, 0, 0, 0
53050, 1006080, 0, 0, 0
53150, 975360, 0, 0, 0
53249, 884363, 0, 0, 0
53349, 885760, 0, 0, 0
53449, 1018880, 0, 0, 0
53549, 1000960, 0, 0, 0
53649, 1047040, 0, 0, 0
53749, 893440, 0, 0, 0
53849, 1049600, 0, 0, 0
53949, 1008640, 0, 0, 0
54050, 1016320, 0, 0, 0
54150, 995840, 0, 0, 0
54249, 990383, 0, 0, 0
54349, 936960, 0, 0, 0
54449, 883200, 0, 0, 0
54549, 1006080, 0, 0, 0
54649, 867840, 0, 0, 0
54749, 901120, 0, 0, 0
54849, 983040, 0, 0, 0
54949, 832000, 0, 0, 0
55050, 903680, 0, 0, 0
55150, 990720, 0, 0, 0
55249, 866262, 0, 0, 0
55349, 967680, 0, 0, 0
55449, 829440, 0, 0, 0
55549, 1013760, 0, 0, 0
55649, 972800, 0, 0, 0
55749, 880640, 0, 0, 0
55849, 885760, 0, 0, 0
55949, 993280, 0, 0, 0
56049, 965120, 0, 0, 0
56150, 985600, 0, 0, 0
56249, 912808, 0, 0, 0
56349, 977920, 0, 0, 0
56449, 1128960, 0, 0, 0
56549, 1000960, 0, 0, 0
56649, 926720, 0, 0, 0
56749, 808960, 0, 0, 0
56849, 903680, 0, 0, 0
56949, 967680, 0, 0, 0
57050, 880640, 0, 0, 0
57150, 983040, 0, 0, 0
57249, 946424, 0, 0, 0
57349, 936960, 0, 0, 0
57449, 867840, 0, 0, 0
57549, 942080, 0, 0, 0
57649, 944640, 0, 0, 0
57749, 934400, 0, 0, 0
57849, 936960, 0, 0, 0
57949, 1000960, 0, 0, 0
58050, 1062400, 0, 0, 0
58150, 988160, 0, 0, 0
58249, 972282, 0, 0, 0
58349, 806400, 0, 0, 0
58449, 990720, 0, 0, 0
58549, 1003520, 0, 0, 0
58649, 936960, 0, 0, 0
58749, 995840, 0, 0, 0
58849, 929280, 0, 0, 0
58950, 1139200, 0, 0, 0
59050, 1016320, 0, 0, 0
59150, 1072640, 0, 0, 0
59249, 1057616, 0, 0, 0
59349, 954880, 0, 0, 0
59449, 860160, 0, 0, 0
59549, 921600, 0, 0, 0
59649, 1049600, 0, 0, 0
59749, 1006080, 0, 0, 0
59849, 934400, 0, 0, 0
59950, 924160, 0, 0, 0
60050, 1031680, 0, 0, 0
60150, 952320, 0, 0, 0
60249, 923151, 0, 0, 0
60349, 983040, 0, 0, 0
60449, 1041920, 0, 0, 0
60549, 975360, 0, 0, 0
60649, 970240, 0, 0, 0
60750, 947200, 0, 0, 0
60850, 919040, 0, 0, 0
60950, 1067520, 0, 0, 0
61050, 988160, 0, 0, 0
61150, 1067520, 0, 0, 0
61249, 987797, 0, 0, 0
61349, 1021440, 0, 0, 0
61449, 1018880, 0, 0, 0
61549, 906240, 0, 0, 0
61649, 962560, 0, 0, 0
61750, 755200, 0, 0, 0
61850, 865280, 0, 0, 0
61950, 913920, 0, 0, 0
62050, 1006080, 0, 0, 0
62150, 919040, 0, 0, 0
62249, 985212, 0, 0, 0
62349, 1034240, 0, 0, 0
62449, 919040, 0, 0, 0
62549, 970240, 0, 0, 0
62650, 901120, 0, 0, 0
62749, 1034343, 0, 0, 0
62849, 913920, 0, 0, 0
62949, 1034240, 0, 0, 0
63049, 906240, 0, 0, 0
63149, 844800, 0, 0, 0
63249, 880640, 0, 0, 0
63349, 768000, 0, 0, 0
63449, 936960, 0, 0, 0
63550, 1029120, 0, 0, 0
63650, 931840, 0, 0, 0
63749, 985212, 0, 0, 0
63849, 967680, 0, 0, 0
63949, 1026560, 0, 0, 0
64049, 898560, 0, 0, 0
64149, 791040, 0, 0, 0
64249, 1072640, 0, 0, 0
64349, 765440, 0, 0, 0
64449, 1000960, 0, 0, 0
64550, 934400, 0, 0, 0
64650, 972800, 0, 0, 0
64749, 987797, 0, 0, 0
64849, 1072640, 0, 0, 0
64949, 880640, 0, 0, 0
65049, 1075200, 0, 0, 0
65149, 942080, 0, 0, 0
65249, 896000, 0, 0, 0
65349, 993280, 0, 0, 0
65449, 878080, 0, 0, 0
65550, 901120, 0, 0, 0
65650, 993280, 0, 0, 0
65749, 967111, 0, 0, 0
65849, 983040, 0, 0, 0
65949, 934400, 0, 0, 0
66049, 1013760, 0, 0, 0
66149, 990720, 0, 0, 0
66249, 1131520, 0, 0, 0
66349, 883200, 0, 0, 0
66450, 1075200, 0, 0, 0
66550, 888320, 0, 0, 0
66650, 1052160, 0, 0, 0
66749, 1078303, 0, 0, 0
66849, 1064960, 0, 0, 0
66949, 1039360, 0, 0, 0
67049, 1044480, 0, 0, 0
67149, 1026560, 0, 0, 0
67249, 936960, 0, 0, 0
67349, 875520, 0, 0, 0
67450, 942080, 0, 0, 0
67550, 901120, 0, 0, 0
67650, 896000, 0, 0, 0
67749, 974868, 0, 0, 0
67849, 1080320, 0, 0, 0
67949, 919040, 0, 0, 0
68049, 931840, 0, 0, 0
68149, 906240, 0, 0, 0
68249, 942080, 0, 0, 0
68349, 931840, 0, 0, 0
68450, 865280, 0, 0, 0
68550, 896000, 0, 0, 0
68650, 1031680, 0, 0, 0
68749, 930909, 0, 0, 0
68849, 1026560, 0, 0, 0
68949, 942080, 0, 0, 0
69049, 1034240, 0, 0, 0
69149, 998400, 0, 0, 0
69249, 911360, 0, 0, 0
69349, 1018880, 0, 0, 0
69450, 1011200, 0, 0, 0
69550, 1024000, 0, 0, 0
69650, 926720, 0, 0, 0
69749, 959353, 0, 0, 0
69849, 847360, 0, 0, 0
69949, 893440, 0, 0, 0
70049, 936960, 0, 0, 0
70149, 1128960, 0, 0, 0
70249, 957440, 0, 0, 0
70349, 1095680, 0, 0, 0
70449, 977920, 0, 0, 0
70550, 939520, 0, 0, 0
70650, 939520, 0, 0, 0
70749, 982626, 0, 0, 0
70849, 926720, 0, 0, 0
70949, 1000960, 0, 0, 0
71049, 893440, 0, 0, 0
71149, 1029120, 0, 0, 0
71249, 839680, 0, 0, 0
71349, 949760, 0, 0, 0
71449, 988160, 0, 0, 0
71550, 919040, 0, 0, 0
71650, 983040, 0, 0, 0
71749, 990383, 0, 0, 0
71849, 903680, 0, 0, 0
71949, 972800, 0, 0, 0
72049, 929280, 0, 0, 0
72149, 990720, 0, 0, 0
72249, 860160, 0, 0, 0
72350, 995840, 0, 0, 0
72450, 947200, 0, 0, 0
72550, 857600, 0, 0, 0
72650, 1026560, 0, 0, 0
72749, 987797, 0, 0, 0
72849, 947200, 0, 0, 0
72949, 1034240, 0, 0, 0
73049, 883200, 0, 0, 0
73149, 998400, 0, 0, 0
73249, 901120, 0, 0, 0
73349, 913920, 0, 0, 0
73450, 1049600, 0, 0, 0
73550, 842240, 0, 0, 0
73650, 849920, 0, 0, 0
73749, 837818, 0, 0, 0
73849, 934400, 0, 0, 0
73949, 985600, 0, 0, 0
74049, 878080, 0, 0, 0
74149, 988160, 0, 0, 0
74249, 942080, 0, 0, 0
74349, 919040, 0, 0, 0
74450, 1026560, 0, 0, 0
74550, 947200, 0, 0, 0
74650, 939520, 0, 0, 0
74749, 920565, 0, 0, 0
74849, 1049600, 0, 0, 0
74949, 962560, 0, 0, 0
75049, 962560, 0, 0, 0
75149, 1059840, 0, 0, 0
75249, 1016320, 0, 0, 0
75349, 880640, 0, 0, 0
75450, 1000960, 0, 0, 0
75550, 1008640, 0, 0, 0
75650, 1052160, 0, 0, 0
75749, 915393, 0, 0, 0
75849, 954880, 0, 0, 0
75949, 888320, 0, 0, 0
76049, 1026560, 0, 0, 0
76149, 985600, 0, 0, 0
76249, 1011200, 0, 0, 0
76349, 926720, 0, 0, 0
76450, 998400, 0, 0, 0
76550, 908800, 0, 0, 0
76650, 972800, 0, 0, 0
76749, 845575, 0, 0, 0
76849, 1016320, 0, 0, 0
76949, 960000, 0, 0, 0
77049, 921600, 0, 0, 0
77149, 1029120, 0, 0, 0
77249, 967680, 0, 0, 0
77349, 952320, 0, 0, 0
77450, 888320, 0, 0, 0
77550, 1016320, 0, 0, 0
77650, 924160, 0, 0, 0
77749, 902464, 0, 0, 0
77849, 908800, 0, 0, 0
77949, 878080, 0, 0, 0
78049, 993280, 0, 0, 0
78149, 919040, 0, 0, 0
78249, 1039360, 0, 0, 0
78349, 1008640, 0, 0, 0
78449, 962560, 0, 0, 0
78550, 919040, 0, 0, 0
78650, 1052160, 0, 0, 0
78749, 956767, 0, 0, 0
78849, 903680, 0, 0, 0
78949, 949760, 0, 0, 0
79049, 1070080, 0, 0, 0
79149, 1029120, 0, 0, 0
79249, 916480, 0, 0, 0
79349, 878080, 0, 0, 0
79449, 939520, 0, 0, 0
79549, 1008640, 0, 0, 0
79650, 1029120, 0, 0, 0
79750, 962560, 0, 0, 0
79850, 960000, 0, 0, 0
79950, 960000, 0, 0, 0
80050, 988160, 0, 0, 0
80150, 1013760, 0, 0, 0
80249, 868848, 0, 0, 0
80349, 896000, 0, 0, 0
80449, 970240, 0, 0, 0
80549, 954880, 0, 0, 0
80649, 998400, 0, 0, 0
80750, 916480, 0, 0, 0
80850, 1049600, 0, 0, 0
80950, 1082880, 0, 0, 0
81050, 1041920, 0, 0, 0
81150, 1003520, 0, 0, 0
81249, 1011070, 0, 0, 0
81349, 977920, 0, 0, 0
81449, 990720, 0, 0, 0
81549, 988160, 0, 0, 0
81649, 916480, 0, 0, 0
81750, 1031680, 0, 0, 0
81850, 954880, 0, 0, 0
81950, 1090560, 0, 0, 0
82050, 898560, 0, 0, 0
82150, 921600, 0, 0, 0
82249, 1018828, 0, 0, 0
82349, 957440, 0, 0, 0
82449, 1031680, 0, 0, 0
82550, 1006080, 0, 0, 0
82650, 942080, 0, 0, 0
82749, 1005898, 0, 0, 0
82849, 880640, 0, 0, 0
82949, 1052160, 0, 0, 0
83049, 1003520, 0, 0, 0
83149, 832000, 0, 0, 0
83249, 1047040, 0, 0, 0
83349, 1026560, 0, 0, 0
83449, 893440, 0, 0, 0
83550, 980480, 0, 0, 0
83650, 857600, 0, 0, 0
83749, 974868, 0, 0, 0
83849, 990720, 0, 0, 0
83949, 980480, 0, 0, 0
84049, 916480, 0, 0, 0
84149, 947200, 0, 0, 0
84249, 942080, 0, 0, 0
84349, 939520, 0, 0, 0
84449, 908800, 0, 0, 0
84550, 972800, 0, 0, 0
84650, 885760, 0, 0, 0
84749, 1057616, 0, 0, 0
84849, 1064960, 0, 0, 0
84949, 990720, 0, 0, 0
85049, 919040, 0, 0, 0
85149, 1054720, 0, 0, 0
85249, 1016320, 0, 0, 0
85349, 880640, 0, 0, 0
85449, 762880, 0, 0, 0
85550, 1006080, 0, 0, 0
85650, 1011200, 0, 0, 0
85749, 1021414, 0, 0, 0
85849, 926720, 0, 0, 0
85949, 1026560, 0, 0, 0
86049, 970240, 0, 0, 0
86149, 1049600, 0, 0, 0
86249, 977920, 0, 0, 0
86349, 1041920, 0, 0, 0
86449, 1039360, 0, 0, 0
86550, 913920, 0, 0, 0
86650, 1085440, 0, 0, 0
86749, 923151, 0, 0, 0
86849, 960000, 0, 0, 0
86949, 1011200, 0, 0, 0
87049, 957440, 0, 0, 0
87149, 931840, 0, 0, 0
87249, 834560, 0, 0, 0
87349, 1013760, 0, 0, 0
87449, 929280, 0, 0, 0
87550, 783360, 0, 0, 0
87650, 1008640, 0, 0, 0
87749, 835232, 0, 0, 0
87849, 975360, 0, 0, 0
87949, 939520, 0, 0, 0
88049, 929280, 0, 0, 0
88149, 903680, 0, 0, 0
88249, 954880, 0, 0, 0
88349, 960000, 0, 0, 0
88449, 867840, 0, 0, 0
88550, 990720, 0, 0, 0
88650, 947200, 0, 0, 0
88749, 1003313, 0, 0, 0
88849, 1075200, 0, 0, 0
88949, 1047040, 0, 0, 0
89049, 913920, 0, 0, 0
89149, 975360, 0, 0, 0
89249, 1036800, 0, 0, 0
89349, 983040, 0, 0, 0
89449, 875520, 0, 0, 0
89550, 962560, 0, 0, 0
89650, 872960, 0, 0, 0
89749, 1016242, 0, 0, 0
89849, 985600, 0, 0, 0
89949, 919040, 0, 0, 0
