100, 1260972, 0, 0, 0
200, 1252839, 0, 0, 0
300, 1204775, 0, 0, 0
400, 1238812, 0, 0, 0
500, 1243505, 0, 0, 0
600, 1232205, 0, 0, 0
700, 1254804, 0, 0, 0
800, 1209107, 0, 0, 0
900, 1257603, 0, 0, 0
1000, 1289158, 0, 0, 0
1100, 1233231, 0, 0, 0
1200, 1287696, 0, 0, 0
1300, 1217285, 0, 0, 0
1400, 1262123, 0, 0, 0
1500, 1250168, 0, 0, 0
1600, 1294763, 0, 0, 0
1700, 1286856, 0, 0, 0
1800, 1289584, 0, 0, 0
1900, 1260647, 0, 0, 0
2000, 1220102, 0, 0, 0
2100, 1236384, 0, 0, 0
2200, 1253661, 0, 0, 0
2300, 1231451, 0, 0, 0
2400, 1268680, 0, 0, 0
2500, 1247074, 0, 0, 0
2600, 1203951, 0, 0, 0
2700, 1236518, 0, 0, 0
2800, 1269339, 0, 0, 0
2900, 1249643, 0, 0, 0
3000, 1233497, 0, 0, 0
3100, 1302745, 0, 0, 0
3200, 1282677, 0, 0, 0
3300, 1251402, 0, 0, 0
3400, 1213278, 0, 0, 0
3500, 1280382, 0, 0, 0
3600, 1294513, 0, 0, 0
3700, 1252841, 0, 0, 0
3800, 1271180, 0, 0, 0
3900, 1236113, 0, 0, 0
4000, 1250331, 0, 0, 0
4100, 1285988, 0, 0, 0
4200, 1266101, 0, 0, 0
4300, 1228668, 0, 0, 0
4400, 1225204, 0, 0, 0
4500, 1244874, 0, 0, 0
4600, 1220974, 0, 0, 0
4700, 1221995, 0, 0, 0
4800, 1258500, 0, 0, 0
4900, 1242236, 0, 0, 0
5000, 1302568, 0, 0, 0
5100, 1313775, 0, 0, 0
5200, 1221281, 0, 0, 0
5300, 1237619, 0, 0, 0
5400, 1192471, 0, 0, 0
5500, 1301223, 0, 0, 0
5600, 1228589, 0, 0, 0
5700, 1218574, 0, 0, 0
5800, 1227426, 0, 0, 0
5900, 1301135, 0, 0, 0
6000, 1228521, 0, 0, 0
6100, 1281419, 0, 0, 0
6200, 1266850, 0, 0, 0
6300, 1269395, 0, 0, 0
6400, 1303901, 0, 0, 0
6500, 1233037, 0, 0, 0
6600, 1233523, 0, 0, 0
6700, 1266493, 0, 0, 0
6800, 1204168, 0, 0, 0
6900, 1243724, 0, 0, 0
7000, 1280321, 0, 0, 0
7100, 1209273, 0, 0, 0
7200, 1214836, 0, 0, 0
7300, 1240815, 0, 0, 0
7400, 1289252, 0, 0, 0
7500, 1264258, 0, 0, 0
7600, 1227481, 0, 0, 0
7700, 1244727, 0, 0, 0
7800, 1229681, 0, 0, 0
7900, 1255225, 0, 0, 0
8000, 1251616, 0, 0, 0
8100, 1181899, 0, 0, 0
8200, 1199144, 0, 0, 0
8300, 1273343, 0, 0, 0
8400, 1280741, 0, 0, 0
8500, 1287742, 0, 0, 0
8600, 1218398, 0, 0, 0
8700, 1215847, 0, 0, 0
8800, 1218406, 0, 0, 0
8900, 1249556, 0, 0, 0
9000, 1247872, 0, 0, 0
9100, 1269859, 0, 0, 0
9200, 1243870, 0, 0, 0
9300, 1275656, 0, 0, 0
9400, 1254731, 0, 0, 0
9500, 1265243, 0, 0, 0
9600, 1273925, 0, 0, 0
9700, 1244759, 0, 0, 0
9800, 1276691, 0, 0, 0
9900, 1241397, 0, 0, 0
10000, 1243417, 0, 0, 0
10100, 1298191, 0, 0, 0
10200, 1237577, 0, 0, 0
10300, 1243561, 0, 0, 0
10400, 1244413, 0, 0, 0
10500, 1242754, 0, 0, 0
10600, 1192558, 0, 0, 0
10700, 1225925, 0, 0, 0
10800, 1262940, 0, 0, 0
10900, 1214832, 0, 0, 0
11000, 1227553, 0, 0, 0
11100, 1248221, 0, 0, 0
11200, 1234525, 0, 0, 0
11300, 1267450, 0, 0, 0
11400, 1232404, 0, 0, 0
11500, 1281932, 0, 0, 0
11600, 1263077, 0, 0, 0
11700, 1257443, 0, 0, 0
11800, 1289244, 0, 0, 0
11900, 1207087, 0, 0, 0
12000, 1280899, 0, 0, 0
12100, 1270202, 0, 0, 0
12200, 1241909, 0, 0, 0
12300, 1292577, 0, 0, 0
12400, 1278607, 0, 0, 0
12500, 1288511, 0, 0, 0
12600, 1269685, 0, 0, 0
12700, 1292203, 0, 0, 0
12800, 1238702, 0, 0, 0
12900, 1237145, 0, 0, 0
13000, 1250560, 0, 0, 0
13100, 1243101, 0, 0, 0
13200, 1249315, 0, 0, 0
13300, 1233954, 0, 0, 0
13400, 1219933, 0, 0, 0
13500, 1259806, 0, 0, 0
13600, 1258817, 0, 0, 0
13700, 1265748, 0, 0, 0
13800, 1241733, 0, 0, 0
13900, 1354841, 0, 0, 0
14000, 1227901, 0, 0, 0
14100, 1242494, 0, 0, 0
14200, 1277011, 0, 0, 0
14300, 1222893, 0, 0, 0
14400, 1246886, 0, 0, 0
14500, 1256717, 0, 0, 0
14600, 1211471, 0, 0, 0
14700, 1236516, 0, 0, 0
14800, 1244423, 0, 0, 0
14900, 1269001, 0, 0, 0
15000, 1227307, 0, 0, 0
15100, 1243930, 0, 0, 0
15200, 1242679, 0, 0, 0
15300, 1276857, 0, 0, 0
15400, 1284455, 0, 0, 0
15500, 1220850, 0, 0, 0
15600, 1230305, 0, 0, 0
15700, 1264541, 0, 0, 0
15800, 1232938, 0, 0, 0
15900, 1249930, 0, 0, 0
16000, 1245462, 0, 0, 0
16100, 1240566, 0, 0, 0
16200, 1202652, 0, 0, 0
16300, 1247674, 0, 0, 0
16400, 1289670, 0, 0, 0
16500, 1203431, 0, 0, 0
16600, 1242485, 0, 0, 0
16700, 1280072, 0, 0, 0
16800, 1265322, 0, 0, 0
16900, 1238288, 0, 0, 0
17000, 1244896, 0, 0, 0
17100, 1279602, 0, 0, 0
17200, 1264080, 0, 0, 0
17300, 1256755, 0, 0, 0
17400, 1179992, 0, 0, 0
17500, 1217297, 0, 0, 0
17600, 1246375, 0, 0, 0
17700, 1280563, 0, 0, 0
17800, 1263187, 0, 0, 0
17900, 1215299, 0, 0, 0
18000, 1201408, 0, 0, 0
18100, 1277683, 0, 0, 0
18200, 1186973, 0, 0, 0
18300, 1276207, 0, 0, 0
18400, 1284622, 0, 0, 0
18500, 1228046, 0, 0, 0
18600, 1271145, 0, 0, 0
18700, 1228244, 0, 0, 0
18800, 1231745, 0, 0, 0
18900, 1295196, 0, 0, 0
19000, 1224050, 0, 0, 0
19100, 1260284, 0, 0, 0
19200, 1245332, 0, 0, 0
19300, 1239475, 0, 0, 0
19400, 1225302, 0, 0, 0
19500, 1271955, 0, 0, 0
19600, 1199775, 0, 0, 0
19700, 1234243, 0, 0, 0
19800, 1203089, 0, 0, 0
19900, 1294217, 0, 0, 0
20000, 1228711, 0, 0, 0
20100, 1284513, 0, 0, 0
20200, 1238408, 0, 0, 0
20300, 1173324, 0, 0, 0
20400, 1221508, 0, 0, 0
20500, 1265537, 0, 0, 0
20600, 1274459, 0, 0, 0
20700, 1254208, 0, 0, 0
20800, 1246472, 0, 0, 0
20900, 1252418, 0, 0, 0
21000, 1195073, 0, 0, 0
21100, 1244932, 0, 0, 0
21200, 1285379, 0, 0, 0
21300, 1317139, 0, 0, 0
21400, 1279104, 0, 0, 0
21500, 1268554, 0, 0, 0
21600, 1254693, 0, 0, 0
21700, 1276800, 0, 0, 0
21800, 1280061, 0, 0, 0
21900, 1245189, 0, 0, 0
22000, 1244593, 0, 0, 0
22100, 1237827, 0, 0, 0
22200, 1221355, 0, 0, 0
22300, 1224530, 0, 0, 0
22400, 1243969, 0, 0, 0
22500, 1249059, 0, 0, 0
22600, 1272774, 0, 0, 0
22700, 1263138, 0, 0, 0
22800, 1239564, 0, 0, 0
22900, 1206258, 0, 0, 0
23000, 1242607, 0, 0, 0
23100, 1243314, 0, 0, 0
23200, 1286756, 0, 0, 0
23300, 1243070, 0, 0, 0
23400, 1223531, 0, 0, 0
23500, 1193129, 0, 0, 0
23600, 1176991, 0, 0, 0
23700, 1237227, 0, 0, 0
23800, 1264614, 0, 0, 0
23900, 1282153, 0, 0, 0
24000, 1173285, 0, 0, 0
24100, 1303101, 0, 0, 0
24200, 1163336, 0, 0, 0
24300, 1239952, 0, 0, 0
24400, 1218678, 0, 0, 0
24500, 1238157, 0, 0, 0
24600, 1225128, 0, 0, 0
24700, 1281245, 0, 0, 0
24800, 1266828, 0, 0, 0
24900, 1252638, 0, 0, 0
25000, 1257513, 0, 0, 0
25100, 1212643, 0, 0, 0
25200, 1252542, 0, 0, 0
25300, 1271047, 0, 0, 0
25400, 1203299, 0, 0, 0
25500, 1255233, 0, 0, 0
25600, 1245824, 0, 0, 0
25700, 1225461, 0, 0, 0
25800, 1287780, 0, 0, 0
25900, 1274570, 0, 0, 0
26000, 1217979, 0, 0, 0
26100, 1281583, 0, 0, 0
26200, 1256435, 0, 0, 0
26300, 1286876, 0, 0, 0
26400, 1262328, 0, 0, 0
26500, 1193251, 0, 0, 0
26600, 1265470, 0, 0, 0
26700, 1245530, 0, 0, 0
26800, 1248895, 0, 0, 0
26900, 1267134, 0, 0, 0
27000, 1266111, 0, 0, 0
27100, 1227134, 0, 0, 0
27200, 1222969, 0, 0, 0
27300, 1250032, 0, 0, 0
27400, 1204852, 0, 0, 0
27500, 1188966, 0, 0, 0
27600, 1228938, 0, 0, 0
27700, 1217590, 0, 0, 0
27800, 1214246, 0, 0, 0
27900, 1236807, 0, 0, 0
28000, 1211594, 0, 0, 0
28100, 1233258, 0, 0, 0
28200, 1249040, 0, 0, 0
28300, 1247086, 0, 0, 0
28400, 1251493, 0, 0, 0
28500, 1257095, 0, 0, 0
28600, 1260260, 0, 0, 0
28700, 1213857, 0, 0, 0
28800, 1268057, 0, 0, 0
28900, 1280873, 0, 0, 0
29000, 1199877, 0, 0, 0
29100, 1196394, 0, 0, 0
29200, 1221237, 0, 0, 0
29300, 1217202, 0, 0, 0
29400, 1200968, 0, 0, 0
29500, 1198647, 0, 0, 0
29600, 1178142, 0, 0, 0
29700, 1214587, 0, 0, 0
29800, 1205672, 0, 0, 0
29900, 1209236, 0, 0, 0
30000, 1225588, 0, 0, 0
30100, 1249850, 0, 0, 0
30200, 1202860, 0, 0, 0
30300, 1216157, 0, 0, 0
30400, 1257260, 0, 0, 0
30500, 1252461, 0, 0, 0
30600, 1222503, 0, 0, 0
30700, 1175531, 0, 0, 0
30800, 1214258, 0, 0, 0
30900, 1165356, 0, 0, 0
31000, 1223989, 0, 0, 0
31100, 1205954, 0, 0, 0
31200, 1234593, 0, 0, 0
31300, 1224449, 0, 0, 0
31400, 1275171, 0, 0, 0
31500, 1225544, 0, 0, 0
31600, 1165929, 0, 0, 0
31700, 1174704, 0, 0, 0
31800, 1247336, 0, 0, 0
31900, 1229378, 0, 0, 0
32000, 1230177, 0, 0, 0
32100, 1165753, 0, 0, 0
32200, 1227002, 0, 0, 0
32300, 1211922, 0, 0, 0
32400, 1224691, 0, 0, 0
32500, 1197927, 0, 0, 0
32600, 1215524, 0, 0, 0
32700, 1168924, 0, 0, 0
32800, 1223185, 0, 0, 0
32900, 1212951, 0, 0, 0
33000, 1180914, 0, 0, 0
33100, 1194932, 0, 0, 0
33200, 1161642, 0, 0, 0
33300, 1221617, 0, 0, 0
33400, 1220380, 0, 0, 0
33500, 1245410, 0, 0, 0
33600, 1249017, 0, 0, 0
33700, 1190239, 0, 0, 0
33800, 1218099, 0, 0, 0
33900, 1233349, 0, 0, 0
34000, 1260075, 0, 0, 0
34100, 1244978, 0, 0, 0
34200, 1273787, 0, 0, 0
34300, 1240476, 0, 0, 0
34400, 1305761, 0, 0, 0
34500, 1282906, 0, 0, 0
34600, 1296507, 0, 0, 0
34700, 1232717, 0, 0, 0
34800, 1278409, 0, 0, 0
34900, 1267401, 0, 0, 0
35000, 1313070, 0, 0, 0
35100, 1219701, 0, 0, 0
35200, 1288976, 0, 0, 0
35300, 1290609, 0, 0, 0
35400, 1261822, 0, 0, 0
35500, 1229486, 0, 0, 0
35600, 1276561, 0, 0, 0
35700, 1288577, 0, 0, 0
35800, 1246663, 0, 0, 0
35900, 1222200, 0, 0, 0
36000, 1260249, 0, 0, 0
36100, 1251079, 0, 0, 0
36200, 1306650, 0, 0, 0
36300, 1269761, 0, 0, 0
36400, 1252538, 0, 0, 0
36500, 1292890, 0, 0, 0
36600, 1234863, 0, 0, 0
36700, 1314707, 0, 0, 0
36800, 1263442, 0, 0, 0
36900, 1235449, 0, 0, 0
37000, 1234309, 0, 0, 0
37100, 1278654, 0, 0, 0
37200, 1258586, 0, 0, 0
37300, 1185823, 0, 0, 0
37400, 1280600, 0, 0, 0
37500, 1205343, 0, 0, 0
37600, 1259297, 0, 0, 0
37700, 1262321, 0, 0, 0
37800, 1287402, 0, 0, 0
37900, 1271921, 0, 0, 0
38000, 1218996, 0, 0, 0
38100, 1238132, 0, 0, 0
38200, 1258283, 0, 0, 0
38300, 1298054, 0, 0, 0
38400, 1210255, 0, 0, 0
38500, 1246416, 0, 0, 0
38600, 1241506, 0, 0, 0
38700, 1258711, 0, 0, 0
38800, 1261738, 0, 0, 0
38900, 1247815, 0, 0, 0
39000, 1304439, 0, 0, 0
39100, 1235831, 0, 0, 0
39200, 1206534, 0, 0, 0
39300, 1232183, 0, 0, 0
39400, 1264190, 0, 0, 0
39500, 1245899, 0, 0, 0
39600, 1213199, 0, 0, 0
39700, 1193402, 0, 0, 0
39800, 1304463, 0, 0, 0
39900, 1292008, 0, 0, 0
40000, 1252969, 0, 0, 0
40100, 1276965, 0, 0, 0
40200, 1281585, 0, 0, 0
40300, 1300469, 0, 0, 0
40400, 1216410, 0, 0, 0
40500, 1231144, 0, 0, 0
40600, 1266146, 0, 0, 0
40700, 1243551, 0, 0, 0
40800, 1289911, 0, 0, 0
40900, 1227526, 0, 0, 0
41000, 1271617, 0, 0, 0
41100, 1257871, 0, 0, 0
41200, 1201828, 0, 0, 0
41300, 1239370, 0, 0, 0
41400, 1237056, 0, 0, 0
41500, 1320647, 0, 0, 0
41600, 1280375, 0, 0, 0
41700, 1241721, 0, 0, 0
41800, 1202256, 0, 0, 0
41900, 1260899, 0, 0, 0
42000, 1273232, 0, 0, 0
42100, 1253426, 0, 0, 0
42200, 1265845, 0, 0, 0
42300, 1251441, 0, 0, 0
42400, 1243606, 0, 0, 0
42500, 1270018, 0, 0, 0
42600, 1215544, 0, 0, 0
42700, 1249335, 0, 0, 0
42800, 1220248, 0, 0, 0
42900, 1295046, 0, 0, 0
43000, 1237512, 0, 0, 0
43100, 1268270, 0, 0, 0
43200, 1267490, 0, 0, 0
43300, 1239635, 0, 0, 0
43400, 1240290, 0, 0, 0
43500, 1272575, 0, 0, 0
43600, 1278473, 0, 0, 0
43700, 1240316, 0, 0, 0
43800, 1316011, 0, 0, 0
43900, 1296674, 0, 0, 0
44000, 1308016, 0, 0, 0
44100, 1218551, 0, 0, 0
44200, 1281783, 0, 0, 0
44300, 1241000, 0, 0, 0
44400, 1223593, 0, 0, 0
44500, 1266250, 0, 0, 0
44600, 1266170, 0, 0, 0
44700, 1244259, 0, 0, 0
44800, 1286411, 0, 0, 0
44900, 1228010, 0, 0, 0
45000, 1228412, 0, 0, 0
45100, 1269959, 0, 0, 0
45200, 1217599, 0, 0, 0
45300, 1229057, 0, 0, 0
45400, 1258980, 0, 0, 0
45500, 1286710, 0, 0, 0
45600, 1238502, 0, 0, 0
45700, 1224035, 0, 0, 0
45800, 1307579, 0, 0, 0
45900, 1236291, 0, 0, 0
46000, 1217836, 0, 0, 0
46100, 1244991, 0, 0, 0
46200, 1236746, 0, 0, 0
46300, 1262069, 0, 0, 0
46400, 1271633, 0, 0, 0
46500, 1252579, 0, 0, 0
46600, 1228066, 0, 0, 0
46700, 1219438, 0, 0, 0
46800, 1274247, 0, 0, 0
46900, 1227333, 0, 0, 0
47000, 1252961, 0, 0, 0
47101, 1272405, 0, 0, 0
47200, 1287057, 0, 0, 0
47300, 1241124, 0, 0, 0
47400, 1289813, 0, 0, 0
47500, 1240793, 0, 0, 0
47600, 1277166, 0, 0, 0
47700, 1339697, 0, 0, 0
47800, 1284690, 0, 0, 0
47900, 1266529, 0, 0, 0
48000, 1261314, 0, 0, 0
48100, 1257063, 0, 0, 0
48200, 1227186, 0, 0, 0
48300, 1220182, 0, 0, 0
48400, 1260525, 0, 0, 0
48500, 1301079, 0, 0, 0
48600, 1277992, 0, 0, 0
48700, 1274083, 0, 0, 0
48800, 1233068, 0, 0, 0
48900, 1224333, 0, 0, 0
49000, 1225014, 0, 0, 0
49100, 1226865, 0, 0, 0
49200, 1256979, 0, 0, 0
49300, 1270881, 0, 0, 0
49400, 1272738, 0, 0, 0
49500, 1313755, 0, 0, 0
49600, 1301284, 0, 0, 0
49700, 1270421, 0, 0, 0
49800, 1259527, 0, 0, 0
49900, 1236546, 0, 0, 0
50000, 1234808, 0, 0, 0
50100, 1240986, 0, 0, 0
50200, 1236706, 0, 0, 0
50300, 1265381, 0, 0, 0
50400, 1297291, 0, 0, 0
50500, 1249605, 0, 0, 0
50600, 1240321, 0, 0, 0
50700, 1231364, 0, 0, 0
50800, 1357856, 0, 0, 0
50900, 1269611, 0, 0, 0
51000, 1282541, 0, 0, 0
51100, 1236236, 0, 0, 0
51200, 1280575, 0, 0, 0
51300, 1264252, 0, 0, 0
51400, 1229427, 0, 0, 0
51500, 1248570, 0, 0, 0
51600, 1234833, 0, 0, 0
51700, 1265341, 0, 0, 0
51800, 1239419, 0, 0, 0
51900, 1227004, 0, 0, 0
52000, 1241362, 0, 0, 0
52100, 1315957, 0, 0, 0
52200, 1287886, 0, 0, 0
52300, 1268272, 0, 0, 0
52400, 1259416, 0, 0, 0
52500, 1252610, 0, 0, 0
52600, 1259024, 0, 0, 0
52700, 1268771, 0, 0, 0
52800, 1276974, 0, 0, 0
52900, 1286770, 0, 0, 0
53000, 1238144, 0, 0, 0
53100, 1232523, 0, 0, 0
53200, 1250263, 0, 0, 0
53300, 1279854, 0, 0, 0
53400, 1252081, 0, 0, 0
53500, 1271211, 0, 0, 0
53600, 1300072, 0, 0, 0
53700, 1231989, 0, 0, 0
53800, 1286892, 0, 0, 0
53900, 1258258, 0, 0, 0
54000, 1210344, 0, 0, 0
54100, 1261257, 0, 0, 0
54200, 1205034, 0, 0, 0
54300, 1291397, 0, 0, 0
54400, 1308714, 0, 0, 0
54500, 1266988, 0, 0, 0
54600, 1225119, 0, 0, 0
54700, 1272691, 0, 0, 0
54800, 1290014, 0, 0, 0
54900, 1269853, 0, 0, 0
55000, 1226864, 0, 0, 0
55100, 1285472, 0, 0, 0
55200, 1270991, 0, 0, 0
55300, 1267817, 0, 0, 0
55400, 1303194, 0, 0, 0
55500, 1264983, 0, 0, 0
55600, 1239960, 0, 0, 0
55700, 1257726, 0, 0, 0
55800, 1276717, 0, 0, 0
55900, 1304666, 0, 0, 0
56000, 1262687, 0, 0, 0
56100, 1268095, 0, 0, 0
56200, 1251134, 0, 0, 0
56300, 1230099, 0, 0, 0
56400, 1242869, 0, 0, 0
56500, 1279369, 0, 0, 0
56600, 1246493, 0, 0, 0
56700, 1226817, 0, 0, 0
56800, 1250488, 0, 0, 0
56900, 1281597, 0, 0, 0
57000, 1266558, 0, 0, 0
57100, 1233179, 0, 0, 0
57200, 1258636, 0, 0, 0
57300, 1300430, 0, 0, 0
57400, 1243660, 0, 0, 0
57500, 1233125, 0, 0, 0
57600, 1209992, 0, 0, 0
57700, 1244263, 0, 0, 0
57800, 1241024, 0, 0, 0
57900, 1276202, 0, 0, 0
58000, 1255883, 0, 0, 0
58100, 1231862, 0, 0, 0
58200, 1223478, 0, 0, 0
58300, 1229350, 0, 0, 0
58400, 1229373, 0, 0, 0
58500, 1246396, 0, 0, 0
58600, 1229590, 0, 0, 0
58700, 1257599, 0, 0, 0
58800, 1268587, 0, 0, 0
58900, 1235575, 0, 0, 0
59000, 1245082, 0, 0, 0
59100, 1305839, 0, 0, 0
59200, 1220404, 0, 0, 0
59300, 1221886, 0, 0, 0
59400, 1239148, 0, 0, 0
59500, 1291004, 0, 0, 0
59600, 1317417, 0, 0, 0
59700, 1279380, 0, 0, 0
59800, 1226495, 0, 0, 0
59900, 1273196, 0, 0, 0
60000, 1283635, 0, 0, 0
60100, 1256283, 0, 0, 0
60200, 1233572, 0, 0, 0
60300, 1289609, 0, 0, 0
60400, 1268820, 0, 0, 0
60500, 1283465, 0, 0, 0
60600, 1271363, 0, 0, 0
60700, 1244554, 0, 0, 0
60800, 1241370, 0, 0, 0
60900, 1276745, 0, 0, 0
61000, 1246002, 0, 0, 0
61100, 1236219, 0, 0, 0
61200, 1258564, 0, 0, 0
61300, 1301134, 0, 0, 0
61400, 1214434, 0, 0, 0
61500, 1285520, 0, 0, 0
61600, 1232733, 0, 0, 0
61700, 1269420, 0, 0, 0
61800, 1296066, 0, 0, 0
61900, 1187360, 0, 0, 0
62000, 1224303, 0, 0, 0
62100, 1285711, 0, 0, 0
62200, 1210223, 0, 0, 0
62300, 1262639, 0, 0, 0
62400, 1246729, 0, 0, 0
62500, 1178114, 0, 0, 0
62600, 1201364, 0, 0, 0
62700, 1282960, 0, 0, 0
62800, 1217435, 0, 0, 0
62900, 1265749, 0, 0, 0
63000, 1252302, 0, 0, 0
63100, 1278304, 0, 0, 0
63200, 1275383, 0, 0, 0
63300, 1209928, 0, 0, 0
63400, 1296372, 0, 0, 0
63500, 1228342, 0, 0, 0
63600, 1303342, 0, 0, 0
63700, 1249781, 0, 0, 0
63800, 1266752, 0, 0, 0
63900, 1248011, 0, 0, 0
64000, 1259724, 0, 0, 0
64100, 1265463, 0, 0, 0
64200, 1246759, 0, 0, 0
64300, 1225394, 0, 0, 0
64400, 1273044, 0, 0, 0
64500, 1224407, 0, 0, 0
64600, 1322522, 0, 0, 0
64700, 1287144, 0, 0, 0
64800, 1238460, 0, 0, 0
64900, 1288462, 0, 0, 0
65000, 1298453, 0, 0, 0
65100, 1248093, 0, 0, 0
65200, 1271095, 0, 0, 0
65300, 1253057, 0, 0, 0
65400, 1224813, 0, 0, 0
65500, 1248036, 0, 0, 0
65600, 1185061, 0, 0, 0
65700, 1296254, 0, 0, 0
65800, 1250068, 0, 0, 0
65900, 1265722, 0, 0, 0
66000, 1227019, 0, 0, 0
66100, 1302323, 0, 0, 0
66200, 1264486, 0, 0, 0
66300, 1272535, 0, 0, 0
66400, 1250008, 0, 0, 0
66500, 1248373, 0, 0, 0
66600, 1205879, 0, 0, 0
66700, 1269832, 0, 0, 0
66800, 1277672, 0, 0, 0
66900, 1218702, 0, 0, 0
67000, 1271089, 0, 0, 0
67100, 1309011, 0, 0, 0
67200, 1208484, 0, 0, 0
67300, 1306424, 0, 0, 0
67400, 1261656, 0, 0, 0
67500, 1299938, 0, 0, 0
67600, 1203848, 0, 0, 0
67700, 1202285, 0, 0, 0
67800, 1269912, 0, 0, 0
67900, 1219711, 0, 0, 0
68000, 1266206, 0, 0, 0
68100, 1339669, 0, 0, 0
68200, 1218545, 0, 0, 0
68300, 1251850, 0, 0, 0
68400, 1220776, 0, 0, 0
68500, 1225200, 0, 0, 0
68600, 1266968, 0, 0, 0
68700, 1228032, 0, 0, 0
68800, 1280332, 0, 0, 0
68900, 1226050, 0, 0, 0
69000, 1220051, 0, 0, 0
69100, 1302205, 0, 0, 0
69200, 1251193, 0, 0, 0
69300, 1287789, 0, 0, 0
69400, 1256671, 0, 0, 0
69500, 1252520, 0, 0, 0
69600, 1249128, 0, 0, 0
69700, 1270967, 0, 0, 0
69800, 1274291, 0, 0, 0
69900, 1225839, 0, 0, 0
70000, 1265936, 0, 0, 0
70100, 1271740, 0, 0, 0
70200, 1228560, 0, 0, 0
70300, 1264409, 0, 0, 0
70400, 1225810, 0, 0, 0
70500, 1253390, 0, 0, 0
70600, 1280764, 0, 0, 0
70700, 1319872, 0, 0, 0
70800, 1253053, 0, 0, 0
70900, 1237523, 0, 0, 0
71000, 1287732, 0, 0, 0
71100, 1246397, 0, 0, 0
71200, 1232300, 0, 0, 0
71300, 1245722, 0, 0, 0
71400, 1272134, 0, 0, 0
71500, 1239736, 0, 0, 0
71600, 1209901, 0, 0, 0
71700, 1298874, 0, 0, 0
71800, 1241273, 0, 0, 0
71900, 1298034, 0, 0, 0
72000, 1209027, 0, 0, 0
72100, 1279502, 0, 0, 0
72200, 1221951, 0, 0, 0
72300, 1265643, 0, 0, 0
72400, 1238721, 0, 0, 0
72500, 1209294, 0, 0, 0
72600, 1235640, 0, 0, 0
72700, 1245956, 0, 0, 0
72800, 1321712, 0, 0, 0
72900, 1233093, 0, 0, 0
73000, 1284078, 0, 0, 0
73100, 1253195, 0, 0, 0
73200, 1267834, 0, 0, 0
73300, 1310370, 0, 0, 0
73400, 1281017, 0, 0, 0
73500, 1236370, 0, 0, 0
73600, 1248746, 0, 0, 0
73700, 1232465, 0, 0, 0
73800, 1284232, 0, 0, 0
73900, 1228858, 0, 0, 0
74000, 1246350, 0, 0, 0
74100, 1246041, 0, 0, 0
74200, 1298523, 0, 0, 0
74300, 1225187, 0, 0, 0
74400, 1267359, 0, 0, 0
74500, 1232698, 0, 0, 0
74600, 1279178, 0, 0, 0
74700, 1220941, 0, 0, 0
74800, 1253519, 0, 0, 0
74900, 1281624, 0, 0, 0
75000, 1255419, 0, 0, 0
75100, 1289065, 0, 0, 0
75200, 1272985, 0, 0, 0
75300, 1253096, 0, 0, 0
75400, 1207745, 0, 0, 0
75500, 1266446, 0, 0, 0
75600, 1289504, 0, 0, 0
75700, 1269033, 0, 0, 0
75800, 1201888, 0, 0, 0
75900, 1279014, 0, 0, 0
76000, 1257748, 0, 0, 0
76100, 1256379, 0, 0, 0
76200, 1321714, 0, 0, 0
76300, 1266938, 0, 0, 0
76400, 1272870, 0, 0, 0
76500, 1266314, 0, 0, 0
76600, 1203350, 0, 0, 0
76700, 1241208, 0, 0, 0
76800, 1235372, 0, 0, 0
76900, 1240595, 0, 0, 0
77000, 1285653, 0, 0, 0
77100, 1209133, 0, 0, 0
77200, 1247617, 0, 0, 0
77300, 1251456, 0, 0, 0
77400, 1276681, 0, 0, 0
77500, 1314226, 0, 0, 0
77600, 1269656, 0, 0, 0
77700, 1265657, 0, 0, 0
77800, 1323547, 0, 0, 0
77900, 1278623, 0, 0, 0
78000, 1261540, 0, 0, 0
78100, 1244611, 0, 0, 0
78200, 1236041, 0, 0, 0
78300, 1265355, 0, 0, 0
78400, 1282611, 0, 0, 0
78500, 1263698, 0, 0, 0
78600, 1198550, 0, 0, 0
78700, 1231432, 0, 0, 0
78800, 1249074, 0, 0, 0
78900, 1296254, 0, 0, 0
79000, 1269912, 0, 0, 0
79100, 1294151, 0, 0, 0
79200, 1228611, 0, 0, 0
79300, 1262028, 0, 0, 0
79400, 1255360, 0, 0, 0
79500, 1240771, 0, 0, 0
79600, 1247053, 0, 0, 0
79700, 1281285, 0, 0, 0
79800, 1279160, 0, 0, 0
79900, 1281579, 0, 0, 0
80000, 1298151, 0, 0, 0
80100, 1267104, 0, 0, 0
80200, 1218496, 0, 0, 0
80300, 1254285, 0, 0, 0
80400, 1242529, 0, 0, 0
80500, 1248116, 0, 0, 0
80600, 1230055, 0, 0, 0
80700, 1238540, 0, 0, 0
80800, 1255483, 0, 0, 0
80900, 1243677, 0, 0, 0
81000, 1246404, 0, 0, 0
81100, 1278755, 0, 0, 0
81200, 1237249, 0, 0, 0
81300, 1247983, 0, 0, 0
81400, 1258290, 0, 0, 0
81500, 1260113, 0, 0, 0
81600, 1256212, 0, 0, 0
81700, 1266114, 0, 0, 0
81800, 1254706, 0, 0, 0
81900, 1280592, 0, 0, 0
82000, 1196634, 0, 0, 0
82100, 1301604, 0, 0, 0
82200, 1267430, 0, 0, 0
82300, 1249113, 0, 0, 0
82400, 1299661, 0, 0, 0
82500, 1233021, 0, 0, 0
82600, 1247198, 0, 0, 0
82700, 1208965, 0, 0, 0
82800, 1257237, 0, 0, 0
82900, 1278004, 0, 0, 0
83000, 1257988, 0, 0, 0
83100, 1268167, 0, 0, 0
83200, 1202164, 0, 0, 0
83300, 1225521, 0, 0, 0
83400, 1270349, 0, 0, 0
83500, 1200332, 0, 0, 0
83600, 1218379, 0, 0, 0
83700, 1274056, 0, 0, 0
83800, 1213188, 0, 0, 0
83900, 1230152, 0, 0, 0
84000, 1253295, 0, 0, 0
84100, 1236654, 0, 0, 0
84200, 1251128, 0, 0, 0
84300, 1234190, 0, 0, 0
84400, 1267094, 0, 0, 0
84500, 1284309, 0, 0, 0
84600, 1253239, 0, 0, 0
84700, 1212895, 0, 0, 0
84800, 1275947, 0, 0, 0
84900, 1306707, 0, 0, 0
85000, 1245210, 0, 0, 0
85100, 1213303, 0, 0, 0
85200, 1212554, 0, 0, 0
85300, 1180827, 0, 0, 0
85400, 1249779, 0, 0, 0
85500, 1272506, 0, 0, 0
85600, 1194708, 0, 0, 0
85700, 1244745, 0, 0, 0
85800, 1248972, 0, 0, 0
85900, 1256536, 0, 0, 0
86000, 1267216, 0, 0, 0
86100, 1265731, 0, 0, 0
86200, 1303933, 0, 0, 0
86300, 1276666, 0, 0, 0
86400, 1267446, 0, 0, 0
86500, 1334018, 0, 0, 0
86600, 1269354, 0, 0, 0
86700, 1213855, 0, 0, 0
86800, 1271527, 0, 0, 0
86900, 1247147, 0, 0, 0
87000, 1251057, 0, 0, 0
87100, 1301131, 0, 0, 0
87200, 1247484, 0, 0, 0
87300, 1271347, 0, 0, 0
87400, 1234534, 0, 0, 0
87500, 1223663, 0, 0, 0
87600, 1244998, 0, 0, 0
87700, 1263714, 0, 0, 0
87800, 1206781, 0, 0, 0
87900, 1305067, 0, 0, 0
88000, 1223026, 0, 0, 0
88100, 1272573, 0, 0, 0
88200, 1235762, 0, 0, 0
88300, 1263099, 0, 0, 0
88400, 1258318, 0, 0, 0
88500, 1307718, 0, 0, 0
88600, 1270408, 0, 0, 0
88700, 1251472, 0, 0, 0
88800, 1248895, 0, 0, 0
88900, 1250692, 0, 0, 0
89000, 1250351, 0, 0, 0
89100, 1226960, 0, 0, 0
89200, 1238307, 0, 0, 0
89300, 1253205, 0, 0, 0
89400, 1317497, 0, 0, 0
89500, 1262846, 0, 0, 0
89600, 1289491, 0, 0, 0
89700, 1241199, 0, 0, 0
89800, 1232953, 0, 0, 0
89900, 1234947, 0, 0, 0
90000, 1297379, 0, 0, 0
90001, 1595281, 0, 0, 0
