101, 8279318, 1, 0, 0
201, 8950501, 1, 0, 0
302, 9081359, 1, 0, 0
402, 8714148, 1, 0, 0
510, 8169343, 1, 0, 0
607, 9421224, 1, 0, 0
700, 8248691, 1, 0, 0
800, 8209397, 1, 0, 0
900, 9147864, 1, 0, 0
1001, 9234048, 1, 0, 0
1108, 9864275, 1, 0, 0
1204, 9740944, 1, 0, 0
1304, 8793686, 1, 0, 0
1403, 8592587, 1, 0, 0
1505, 8591417, 1, 0, 0
1601, 9535473, 1, 0, 0
1705, 8468747, 1, 0, 0
1803, 9288586, 1, 0, 0
1901, 9600120, 1, 0, 0
2000, 8409695, 1, 0, 0
2101, 9867941, 1, 0, 0
2200, 8438950, 1, 0, 0
2300, 8156071, 1, 0, 0
2400, 8405597, 1, 0, 0
2500, 8572797, 1, 0, 0
2601, 8681284, 1, 0, 0
2703, 9034439, 1, 0, 0
2805, 9050653, 1, 0, 0
2902, 9429333, 1, 0, 0
3001, 8341039, 1, 0, 0
3102, 9002597, 1, 0, 0
3204, 8290287, 1, 0, 0
3300, 8624912, 1, 0, 0
3406, 8085795, 1, 0, 0
3503, 9692614, 1, 0, 0
3602, 8485446, 1, 0, 0
3700, 8517942, 1, 0, 0
3800, 10241788, 1, 0, 0
3902, 8627213, 1, 0, 0
4000, 8663984, 1, 0, 0
4112, 9752305, 1, 0, 0
4201, 10127634, 1, 0, 0
4300, 9374630, 1, 0, 0
4402, 7950795, 1, 0, 0
4501, 8747917, 1, 0, 0
4600, 8445025, 1, 0, 0
4701, 8767802, 1, 0, 0
4804, 8148338, 1, 0, 0
4900, 8576556, 1, 0, 0
5001, 9005977, 1, 0, 0
5101, 9136280, 1, 0, 0
5201, 9532122, 1, 0, 0
5302, 8687856, 1, 0, 0
5402, 8769978, 1, 0, 0
5503, 8525851, 1, 0, 0
5602, 8829126, 1, 0, 0
5705, 8672910, 1, 0, 0
5805, 8761412, 1, 0, 0
5901, 9233313, 1, 0, 0
6000, 8409146, 1, 0, 0
6100, 8533476, 1, 0, 0
6202, 8987322, 1, 0, 0
6302, 8353644, 1, 0, 0
6400, 8967954, 1, 0, 0
6500, 9029490, 1, 0, 0
6601, 9150993, 1, 0, 0
6701, 7952605, 1, 0, 0
6804, 8161163, 1, 0, 0
6902, 9503438, 1, 0, 0
7002, 8393557, 1, 0, 0
7100, 8069560, 1, 0, 0
7200, 8035755, 1, 0, 0
7300, 8537137, 1, 0, 0
7404, 8689952, 1, 0, 0
7501, 8113819, 1, 0, 0
7600, 8969369, 1, 0, 0
7702, 8558220, 1, 0, 0
7803, 8410679, 1, 0, 0
7901, 8724494, 1, 0, 0
8001, 8295609, 1, 0, 0
8101, 8545890, 1, 0, 0
8200, 7986956, 1, 0, 0
8300, 8520872, 1, 0, 0
8400, 9003924, 1, 0, 0
8501, 8707168, 1, 0, 0
8605, 8598617, 1, 0, 0
8703, 8529590, 1, 0, 0
8800, 8893135, 1, 0, 0
8904, 8349100, 1, 0, 0
9000, 8431632, 1, 0, 0
9100, 8788978, 1, 0, 0
9203, 8408945, 1, 0, 0
9303, 8435291, 1, 0, 0
9401, 8641919, 1, 0, 0
9502, 8415736, 1, 0, 0
9600, 8722442, 1, 0, 0
9701, 8435494, 1, 0, 0
9801, 8833285, 1, 0, 0
9900, 8128882, 1, 0, 0
10002, 8735960, 1, 0, 0
10100, 9221243, 1, 0, 0
10201, 8527324, 1, 0, 0
10306, 8911360, 1, 0, 0
10400, 9020442, 1, 0, 0
10503, 8564584, 1, 0, 0
10606, 8729034, 1, 0, 0
10706, 9237987, 1, 0, 0
10800, 9701664, 1, 0, 0
10902, 8444701, 1, 0, 0
11005, 8780027, 1, 0, 0
11100, 8777830, 1, 0, 0
11203, 7871573, 1, 0, 0
11303, 9566626, 1, 0, 0
11401, 8921669, 1, 0, 0
11501, 9279580, 1, 0, 0
11600, 9068850, 1, 0, 0
11700, 8268117, 1, 0, 0
11802, 9176472, 1, 0, 0
11900, 9039709, 1, 0, 0
12000, 8600145, 1, 0, 0
12101, 9222500, 1, 0, 0
12200, 9206408, 1, 0, 0
12302, 8512376, 1, 0, 0
12400, 9308067, 1, 0, 0
12505, 8284588, 1, 0, 0
12600, 9010869, 1, 0, 0
12701, 8202814, 1, 0, 0
12803, 10187122, 1, 0, 0
12900, 8475250, 1, 0, 0
13005, 8575967, 1, 0, 0
13102, 9093067, 1, 0, 0
13207, 8501682, 1, 0, 0
13304, 9568858, 1, 0, 0
13401, 8600806, 1, 0, 0
13501, 8214867, 1, 0, 0
13608, 9190140, 1, 0, 0
13701, 9090052, 1, 0, 0
13800, 9180209, 1, 0, 0
13900, 9264647, 1, 0, 0
14002, 8257874, 1, 0, 0
14100, 9891044, 1, 0, 0
14202, 8469206, 1, 0, 0
14304, 9901543, 1, 0, 0
14406, 8900719, 1, 0, 0
14500, 8484865, 1, 0, 0
14604, 8829714, 1, 0, 0
14701, 8389493, 1, 0, 0
14801, 8741195, 1, 0, 0
14902, 8964554, 1, 0, 0
15001, 9235777, 1, 0, 0
15104, 8423809, 1, 0, 0
15201, 9019092, 1, 0, 0
15301, 8332083, 1, 0, 0
15401, 8447949, 1, 0, 0
15505, 8822032, 1, 0, 0
15604, 9137267, 1, 0, 0
15701, 8828462, 1, 0, 0
15802, 9021917, 1, 0, 0
15904, 7997461, 1, 0, 0
16003, 9418752, 1, 0, 0
16101, 8609470, 1, 0, 0
16203, 7936967, 1, 0, 0
16304, 9301295, 1, 0, 0
16401, 8409742, 1, 0, 0
16500, 8988401, 1, 0, 0
16602, 8389393, 1, 0, 0
16700, 8494807, 1, 0, 0
16801, 8762392, 1, 0, 0
16901, 9058269, 1, 0, 0
17002, 9969503, 1, 0, 0
17104, 8665032, 1, 0, 0
17200, 10224894, 1, 0, 0
17301, 8600975, 1, 0, 0
17402, 9302783, 1, 0, 0
17500, 10252858, 1, 0, 0
17603, 8663551, 1, 0, 0
17704, 9286214, 1, 0, 0
17800, 8256896, 1, 0, 0
17908, 9253695, 1, 0, 0
18003, 8888038, 1, 0, 0
18101, 8975897, 1, 0, 0
18201, 8485334, 1, 0, 0
18300, 7839633, 1, 0, 0
18400, 9584016, 1, 0, 0
18501, 8690493, 1, 0, 0
18600, 8482472, 1, 0, 0
18701, 8554256, 1, 0, 0
18800, 8678928, 1, 0, 0
18902, 8019404, 1, 0, 0
19002, 8790120, 1, 0, 0
19100, 9286283, 1, 0, 0
19200, 8896407, 1, 0, 0
19304, 8470057, 1, 0, 0
19402, 8714978, 1, 0, 0
19500, 8712871, 1, 0, 0
19600, 9614256, 1, 0, 0
19700, 8758715, 1, 0, 0
19805, 8052648, 1, 0, 0
19902, 8259951, 1, 0, 0
20001, 8491901, 1, 0, 0
20102, 8484457, 1, 0, 0
20204, 8052765, 1, 0, 0
20300, 8981722, 1, 0, 0
20403, 8780676, 1, 0, 0
20501, 9006156, 1, 0, 0
20600, 9485731, 1, 0, 0
20703, 8225203, 1, 0, 0
20802, 9562856, 1, 0, 0
20900, 8854519, 1, 0, 0
21001, 9230312, 1, 0, 0
21100, 8586233, 1, 0, 0
21201, 8069409, 1, 0, 0
21300, 8406531, 1, 0, 0
21400, 8913593, 1, 0, 0
21501, 8333070, 1, 0, 0
21604, 8549084, 1, 0, 0
21700, 9006898, 1, 0, 0
21801, 8130836, 1, 0, 0
21900, 8423138, 1, 0, 0
22004, 8742457, 1, 0, 0
22100, 8195742, 1, 0, 0
22201, 8353798, 1, 0, 0
22302, 7490022, 1, 0, 0
22401, 8548476, 1, 0, 0
22500, 8707800, 1, 0, 0
22603, 9143070, 1, 0, 0
22700, 8781047, 1, 0, 0
22804, 8284344, 1, 0, 0
22904, 9911714, 1, 0, 0
23005, 8045237, 1, 0, 0
23102, 8163036, 1, 0, 0
23200, 8723125, 1, 0, 0
23300, 8639409, 1, 0, 0
23401, 8821005, 1, 0, 0
23501, 8486758, 1, 0, 0
23600, 8639489, 1, 0, 0
23705, 7938809, 1, 0, 0
23805, 8551572, 1, 0, 0
23901, 9073699, 1, 0, 0
24000, 7766132, 1, 0, 0
24100, 8193795, 1, 0, 0
24202, 8574811, 1, 0, 0
24302, 8089132, 1, 0, 0
24401, 8522044, 1, 0, 0
24501, 8862805, 1, 0, 0
24601, 8135879, 1, 0, 0
24700, 8632436, 1, 0, 0
24801, 8712229, 1, 0, 0
24902, 8244927, 1, 0, 0
25000, 8730189, 1, 0, 0
25103, 9808759, 1, 0, 0
25200, 8356044, 1, 0, 0
25300, 8651991, 1, 0, 0
25400, 8705180, 1, 0, 0
25504, 8649479, 1, 0, 0
25605, 9034795, 1, 0, 0
25700, 8394966, 1, 0, 0
25804, 8073172, 1, 0, 0
25901, 9189742, 1, 0, 0
26000, 8523792, 1, 0, 0
26102, 8182876, 1, 0, 0
26201, 8869048, 1, 0, 0
26300, 8518528, 1, 0, 0
26402, 8978961, 1, 0, 0
26500, 8429752, 1, 0, 0
26601, 8123756, 1, 0, 0
26701, 8614283, 1, 0, 0
26803, 8244711, 1, 0, 0
26903, 8088358, 1, 0, 0
27000, 9440231, 1, 0, 0
27101, 8155331, 1, 0, 0
27202, 9197960, 1, 0, 0
27300, 8580366, 1, 0, 0
27400, 8423912, 1, 0, 0
27500, 8337532, 1, 0, 0
27604, 8856471, 1, 0, 0
27701, 8263751, 1, 0, 0
27802, 8912923, 1, 0, 0
27900, 8877264, 1, 0, 0
28001, 8711854, 1, 0, 0
28106, 8536474, 1, 0, 0
28201, 9562998, 1, 0, 0
28300, 8651583, 1, 0, 0
28402, 8739207, 1, 0, 0
28503, 7904321, 1, 0, 0
28600, 9182386, 1, 0, 0
28704, 9071152, 1, 0, 0
28800, 8735681, 1, 0, 0
28900, 8739857, 1, 0, 0
29003, 8794772, 1, 0, 0
29103, 8888470, 1, 0, 0
29203, 8966609, 1, 0, 0
29301, 8116933, 1, 0, 0
29402, 7879612, 1, 0, 0
29503, 8188965, 1, 0, 0
29604, 8565326, 1, 0, 0
29700, 8618283, 1, 0, 0
29802, 8386157, 1, 0, 0
29903, 7966807, 1, 0, 0
30001, 8954783, 1, 0, 0
30102, 8726496, 1, 0, 0
30200, 9058063, 1, 0, 0
30303, 7916346, 1, 0, 0
30403, 8196014, 1, 0, 0
30511, 9408704, 1, 0, 0
30600, 8250188, 1, 0, 0
30702, 8791978, 1, 0, 0
30804, 8852314, 1, 0, 0
30901, 8739010, 1, 0, 0
31004, 9027287, 1, 0, 0
31104, 9005372, 1, 0, 0
31202, 8978555, 1, 0, 0
31300, 8728818, 1, 0, 0
31407, 8728565, 1, 0, 0
31500, 8582296, 1, 0, 0
31601, 8502592, 1, 0, 0
31704, 9274565, 1, 0, 0
31804, 9165590, 1, 0, 0
31900, 8814593, 1, 0, 0
32003, 10125451, 1, 0, 0
32101, 9144060, 1, 0, 0
32206, 7819601, 1, 0, 0
32301, 9442856, 1, 0, 0
32400, 9471495, 1, 0, 0
32502, 7947320, 1, 0, 0
32603, 8094339, 1, 0, 0
32700, 8438816, 1, 0, 0
32801, 9109644, 1, 0, 0
32902, 8035907, 1, 0, 0
33002, 8864979, 1, 0, 0
33104, 9241535, 1, 0, 0
33200, 8638005, 1, 0, 0
33302, 9428330, 1, 0, 0
33402, 7965684, 1, 0, 0
33500, 8419969, 1, 0, 0
33603, 8882054, 1, 0, 0
33700, 7973655, 1, 0, 0
33802, 8938238, 1, 0, 0
33902, 8281771, 1, 0, 0
34002, 8553252, 1, 0, 0
34102, 8322439, 1, 0, 0
34204, 10120073, 1, 0, 0
34304, 8552575, 1, 0, 0
34403, 8339477, 1, 0, 0
34500, 8922260, 1, 0, 0
34600, 8494707, 1, 0, 0
34701, 8735958, 1, 0, 0
34803, 8259648, 1, 0, 0
34902, 9158402, 1, 0, 0
35000, 9620694, 1, 0, 0
35102, 8349604, 1, 0, 0
35203, 8802940, 1, 0, 0
35301, 8201837, 1, 0, 0
35401, 8910585, 1, 0, 0
35505, 8162720, 1, 0, 0
35602, 8742680, 1, 0, 0
35705, 8485316, 1, 0, 0
35805, 9049209, 1, 0, 0
35903, 8155708, 1, 0, 0
36000, 9787775, 1, 0, 0
36101, 8267803, 1, 0, 0
36203, 8755371, 1, 0, 0
36303, 8206294, 1, 0, 0
36400, 9099112, 1, 0, 0
36501, 9574938, 1, 0, 0
36603, 8368487, 1, 0, 0
36700, 8394878, 1, 0, 0
36802, 9549637, 1, 0, 0
36901, 8444483, 1, 0, 0
37002, 8522217, 1, 0, 0
37100, 8807469, 1, 0, 0
37201, 7567136, 1, 0, 0
37301, 8207273, 1, 0, 0
37405, 7694402, 1, 0, 0
37501, 8587153, 1, 0, 0
37600, 9602085, 1, 0, 0
37702, 8713193, 1, 0, 0
37800, 8217235, 1, 0, 0
37902, 9296882, 1, 0, 0
38002, 8649875, 1, 0, 0
38106, 9570788, 1, 0, 0
38203, 8567223, 1, 0, 0
38303, 8413092, 1, 0, 0
38401, 8707516, 1, 0, 0
38502, 8274447, 1, 0, 0
38600, 7832635, 1, 0, 0
38702, 8763733, 1, 0, 0
38800, 8727850, 1, 0, 0
38901, 8859013, 1, 0, 0
39000, 8841921, 1, 0, 0
39103, 8402814, 1, 0, 0
39200, 7860351, 1, 0, 0
39302, 9147645, 1, 0, 0
39401, 8741055, 1, 0, 0
39500, 8271547, 1, 0, 0
39601, 8834827, 1, 0, 0
39700, 7957098, 1, 0, 0
39804, 7973645, 1, 0, 0
39900, 8033296, 1, 0, 0
40002, 8859183, 1, 0, 0
40101, 7663555, 1, 0, 0
40204, 8345881, 1, 0, 0
40301, 8884209, 1, 0, 0
40404, 8082178, 1, 0, 0
40501, 9654350, 1, 0, 0
40600, 8226079, 1, 0, 0
40700, 8177073, 1, 0, 0
40802, 9211781, 1, 0, 0
40902, 8668672, 1, 0, 0
41000, 8843790, 1, 0, 0
41104, 7655488, 1, 0, 0
41202, 8382155, 1, 0, 0
41302, 9291713, 1, 0, 0
41403, 8604282, 1, 0, 0
41503, 8687265, 1, 0, 0
41603, 8639217, 1, 0, 0
41702, 8901897, 1, 0, 0
41801, 8160202, 1, 0, 0
41900, 8576583, 1, 0, 0
42001, 8273009, 1, 0, 0
42106, 9156772, 1, 0, 0
42203, 9835605, 1, 0, 0
42307, 10037329, 1, 0, 0
42405, 8479723, 1, 0, 0
42502, 9419293, 1, 0, 0
42600, 8453976, 1, 0, 0
42700, 8693776, 1, 0, 0
42801, 9095686, 1, 0, 0
42901, 8642806, 1, 0, 0
43000, 8714080, 1, 0, 0
43102, 9077642, 1, 0, 0
43201, 9090072, 1, 0, 0
43301, 8140277, 1, 0, 0
43402, 9264805, 1, 0, 0
43500, 8636396, 1, 0, 0
43600, 8830952, 1, 0, 0
43700, 8285951, 1, 0, 0
43800, 8722062, 1, 0, 0
43901, 8394998, 1, 0, 0
44004, 8482406, 1, 0, 0
44100, 8893694, 1, 0, 0
44205, 10303045, 1, 0, 0
44304, 8105340, 1, 0, 0
44402, 8690984, 1, 0, 0
44510, 8635496, 1, 0, 0
44600, 8508969, 1, 0, 0
44701, 8519913, 1, 0, 0
44800, 9119774, 1, 0, 0
44900, 8594694, 1, 0, 0
45004, 9387443, 1, 0, 0
45104, 7900366, 1, 0, 0
45200, 9301450, 1, 0, 0
45301, 9422785, 1, 0, 0
45400, 8864512, 1, 0, 0
45500, 8946887, 1, 0, 0
45601, 9261539, 1, 0, 0
45704, 7935553, 1, 0, 0
45800, 8865160, 1, 0, 0
45901, 8067276, 1, 0, 0
46001, 8424064, 1, 0, 0
46108, 9625949, 1, 0, 0
46200, 8998530, 1, 0, 0
46303, 9638027, 1, 0, 0
46401, 8429621, 1, 0, 0
46503, 8154863, 1, 0, 0
46604, 9168883, 1, 0, 0
46704, 8915185, 1, 0, 0
46802, 8340845, 1, 0, 0
46904, 8161051, 1, 0, 0
47004, 8641201, 1, 0, 0
47100, 8553558, 1, 0, 0
47201, 8058024, 1, 0, 0
47307, 8385270, 1, 0, 0
47401, 8235048, 1, 0, 0
47502, 8736475, 1, 0, 0
47602, 8714790, 1, 0, 0
47701, 9089320, 1, 0, 0
47802, 8393903, 1, 0, 0
47900, 9441926, 1, 0, 0
48001, 8831570, 1, 0, 0
48100, 9039874, 1, 0, 0
48200, 9303940, 1, 0, 0
48300, 8467320, 1, 0, 0
48401, 8682043, 1, 0, 0
48503, 9682675, 1, 0, 0
48603, 9373329, 1, 0, 0
48700, 8524404, 1, 0, 0
48800, 8480576, 1, 0, 0
48903, 9738782, 1, 0, 0
49006, 8356878, 1, 0, 0
49102, 9859127, 1, 0, 0
49201, 9275976, 1, 0, 0
49304, 8809953, 1, 0, 0
49400, 8648538, 1, 0, 0
49503, 9212340, 1, 0, 0
49606, 8669298, 1, 0, 0
49700, 9496630, 1, 0, 0
49805, 8660789, 1, 0, 0
49903, 8329599, 1, 0, 0
50001, 8698577, 1, 0, 0
50100, 8563205, 1, 0, 0
50200, 8149162, 1, 0, 0
50301, 8920746, 1, 0, 0
50403, 8586085, 1, 0, 0
50502, 8879968, 1, 0, 0
50603, 7911452, 1, 0, 0
50700, 8858415, 1, 0, 0
50802, 9025803, 1, 0, 0
50900, 7931560, 1, 0, 0
51004, 7851745, 1, 0, 0
51102, 8706335, 1, 0, 0
51202, 8707026, 1, 0, 0
51303, 8832025, 1, 0, 0
51400, 8943829, 1, 0, 0
51503, 9875088, 1, 0, 0
51602, 8096186, 1, 0, 0
51702, 8085656, 1, 0, 0
51800, 8595109, 1, 0, 0
51904, 8624900, 1, 0, 0
52002, 9816637, 1, 0, 0
52100, 8140482, 1, 0, 0
52203, 8836932, 1, 0, 0
52301, 8339007, 1, 0, 0
52403, 8120853, 1, 0, 0
52503, 8638796, 1, 0, 0
52601, 7852355, 1, 0, 0
52702, 8243477, 1, 0, 0
52802, 7820443, 1, 0, 0
52900, 8819260, 1, 0, 0
53001, 9060791, 1, 0, 0
53100, 8622801, 1, 0, 0
53202, 8760247, 1, 0, 0
53307, 8693374, 1, 0, 0
53401, 9779118, 1, 0, 0
53503, 8311392, 1, 0, 0
53602, 8849562, 1, 0, 0
53702, 9478500, 1, 0, 0
53800, 9419168, 1, 0, 0
53902, 8855740, 1, 0, 0
54000, 8343226, 1, 0, 0
54101, 8697723, 1, 0, 0
54201, 8439229, 1, 0, 0
54303, 8128033, 1, 0, 0
54400, 10190377, 1, 0, 0
54502, 8392783, 1, 0, 0
54604, 8509475, 1, 0, 0
54700, 8516902, 1, 0, 0
54800, 8758576, 1, 0, 0
54902, 8354656, 1, 0, 0
55000, 8150242, 1, 0, 0
55101, 8226814, 1, 0, 0
55202, 8171680, 1, 0, 0
55300, 8143036, 1, 0, 0
55404, 9448258, 1, 0, 0
55502, 8849650, 1, 0, 0
55601, 8635305, 1, 0, 0
55703, 8309788, 1, 0, 0
55806, 7165897, 1, 0, 0
55903, 9365851, 1, 0, 0
56000, 8790608, 1, 0, 0
56102, 8712216, 1, 0, 0
56202, 8919778, 1, 0, 0
56302, 8056486, 1, 0, 0
56402, 7979108, 1, 0, 0
56501, 9754019, 1, 0, 0
56603, 8817004, 1, 0, 0
56706, 9185814, 1, 0, 0
56802, 9391745, 1, 0, 0
56900, 9234918, 1, 0, 0
57001, 8492173, 1, 0, 0
57103, 8628894, 1, 0, 0
57200, 8625211, 1, 0, 0
57302, 9203288, 1, 0, 0
57401, 9160514, 1, 0, 0
57501, 8169794, 1, 0, 0
57600, 8796477, 1, 0, 0
57700, 9134633, 1, 0, 0
57803, 9469429, 1, 0, 0
57900, 9745099, 1, 0, 0
58000, 7771112, 1, 0, 0
58100, 8470531, 1, 0, 0
58201, 7849287, 1, 0, 0
58300, 11055769, 1, 0, 0
58402, 8594129, 1, 0, 0
58500, 8111402, 1, 0, 0
58605, 7960141, 1, 0, 0
58703, 9070159, 1, 0, 0
58801, 8990366, 1, 0, 0
58906, 9001465, 1, 0, 0
59008, 8893966, 1, 0, 0
59101, 9576567, 1, 0, 0
59200, 8662731, 1, 0, 0
59302, 8066242, 1, 0, 0
59401, 9107929, 1, 0, 0
59503, 8092439, 1, 0, 0
59601, 8368544, 1, 0, 0
59704, 8734712, 1, 0, 0
59801, 7945924, 1, 0, 0
59901, 8246168, 1, 0, 0
60000, 8117977, 1, 0, 0
60004, 7501457, 1, 0, 0
