102, 7569445, 0, 0, 0
201, 5991858, 0, 0, 0
305, 5862682, 0, 0, 0
405, 6916432, 0, 0, 0
501, 6095664, 0, 0, 0
604, 6049103, 0, 0, 0
701, 6879457, 0, 0, 0
800, 6293469, 0, 0, 0
904, 7366540, 0, 0, 0
1002, 6976194, 0, 0, 0
1100, 6285565, 0, 0, 0
1206, 6076079, 0, 0, 0
1302, 6170676, 0, 0, 0
1401, 6927894, 0, 0, 0
1501, 7038775, 0, 0, 0
1602, 6539131, 0, 0, 0
1701, 6281594, 0, 0, 0
1801, 7747282, 0, 0, 0
1903, 6647552, 0, 0, 0
2001, 5575980, 0, 0, 0
2100, 5958997, 0, 0, 0
2200, 6144138, 0, 0, 0
2301, 8679436, 0, 0, 0
2400, 7614788, 0, 0, 0
2500, 6934632, 0, 0, 0
2600, 5774641, 0, 0, 0
2702, 6363060, 0, 0, 0
2802, 7198509, 0, 0, 0
2901, 6659371, 0, 0, 0
3000, 6114575, 0, 0, 0
3104, 5984892, 0, 0, 0
3202, 6556626, 0, 0, 0
3300, 6925760, 0, 0, 0
3406, 6853297, 0, 0, 0
3503, 6159145, 0, 0, 0
3605, 6049677, 0, 0, 0
3701, 6794442, 0, 0, 0
3800, 6094115, 0, 0, 0
3902, 6578595, 0, 0, 0
4003, 6097313, 0, 0, 0
4102, 6467017, 0, 0, 0
4201, 6794759, 0, 0, 0
4300, 5888896, 0, 0, 0
4406, 5688451, 0, 0, 0
4501, 6815933, 0, 0, 0
4601, 6308035, 0, 0, 0
4700, 5779463, 0, 0, 0
4800, 7548790, 0, 0, 0
4901, 6242752, 0, 0, 0
5002, 6126962, 0, 0, 0
5100, 6588305, 0, 0, 0
5203, 6406237, 0, 0, 0
5303, 7935024, 0, 0, 0
5401, 6419055, 0, 0, 0
5504, 6033429, 0, 0, 0
5605, 6696618, 0, 0, 0
5711, 8526497, 0, 0, 0
5800, 6705782, 0, 0, 0
5903, 7026706, 0, 0, 0
6000, 7506408, 0, 0, 0
6101, 6536116, 0, 0, 0
6202, 7629386, 0, 0, 0
6301, 6481422, 0, 0, 0
6401, 6421639, 0, 0, 0
6500, 5897016, 0, 0, 0
6600, 6520519, 0, 0, 0
6703, 7017615, 0, 0, 0
6809, 7151217, 0, 0, 0
6901, 6761520, 0, 0, 0
7003, 6762764, 0, 0, 0
7102, 5871670, 0, 0, 0
7202, 6654092, 0, 0, 0
7304, 6084447, 0, 0, 0
7400, 5693746, 0, 0, 0
7503, 7357368, 0, 0, 0
7602, 6098483, 0, 0, 0
7700, 6680723, 0, 0, 0
7803, 6742336, 0, 0, 0
7900, 7010759, 0, 0, 0
8003, 6653528, 0, 0, 0
8104, 6176419, 0, 0, 0
8200, 6097112, 0, 0, 0
8304, 6989219, 0, 0, 0
8400, 6013781, 0, 0, 0
8504, 5578342, 0, 0, 0
8601, 6725510, 0, 0, 0
8701, 6355393, 0, 0, 0
8801, 6359052, 0, 0, 0
8903, 5439908, 0, 0, 0
9008, 7549005, 0, 0, 0
9101, 5791701, 0, 0, 0
9202, 6133057, 0, 0, 0
9303, 5760771, 0, 0, 0
9402, 5699429, 0, 0, 0
9500, 6515569, 0, 0, 0
9600, 6321816, 0, 0, 0
9701, 5699160, 0, 0, 0
9801, 6386131, 0, 0, 0
9901, 6652855, 0, 0, 0
10001, 6874057, 0, 0, 0
10100, 5724068, 0, 0, 0
10204, 6559902, 0, 0, 0
10304, 6443250, 0, 0, 0
10400, 6663445, 0, 0, 0
10502, 6153916, 0, 0, 0
10605, 6900071, 0, 0, 0
10702, 7087088, 0, 0, 0
10801, 7352747, 0, 0, 0
10901, 6505306, 0, 0, 0
11000, 6776119, 0, 0, 0
11100, 5728657, 0, 0, 0
11203, 6457794, 0, 0, 0
11305, 8583626, 0, 0, 0
11401, 6224971, 0, 0, 0
11502, 6989257, 0, 0, 0
11600, 6749543, 0, 0, 0
11700, 6248482, 0, 0, 0
11803, 6529396, 0, 0, 0
11904, 6176122, 0, 0, 0
12002, 6485737, 0, 0, 0
12102, 6633149, 0, 0, 0
12200, 6434491, 0, 0, 0
12301, 6075765, 0, 0, 0
12402, 7459237, 0, 0, 0
12500, 5841088, 0, 0, 0
12600, 7180372, 0, 0, 0
12704, 6712843, 0, 0, 0
12802, 6127804, 0, 0, 0
12902, 5670537, 0, 0, 0
13004, 7030171, 0, 0, 0
13104, 6136031, 0, 0, 0
13207, 6211963, 0, 0, 0
13300, 6598406, 0, 0, 0
13402, 5945070, 0, 0, 0
13502, 6932533, 0, 0, 0
13601, 6104754, 0, 0, 0
13701, 6977886, 0, 0, 0
13801, 5712325, 0, 0, 0
13902, 6617592, 0, 0, 0
14004, 6542843, 0, 0, 0
14100, 6969140, 0, 0, 0
14201, 6598990, 0, 0, 0
14303, 6887908, 0, 0, 0
14400, 5538083, 0, 0, 0
14501, 6972769, 0, 0, 0
14602, 6286883, 0, 0, 0
14705, 6310263, 0, 0, 0
14801, 7751186, 0, 0, 0
14900, 6235466, 0, 0, 0
15000, 5995861, 0, 0, 0
15100, 6084110, 0, 0, 0
15203, 6297252, 0, 0, 0
15302, 5849587, 0, 0, 0
15404, 6606381, 0, 0, 0
15500, 6346070, 0, 0, 0
15601, 5947277, 0, 0, 0
15700, 6107763, 0, 0, 0
15801, 5997088, 0, 0, 0
15901, 6111066, 0, 0, 0
16001, 6162810, 0, 0, 0
16104, 6412200, 0, 0, 0
16202, 6603215, 0, 0, 0
16301, 6385125, 0, 0, 0
16400, 5733175, 0, 0, 0
16503, 5739498, 0, 0, 0
16600, 6314252, 0, 0, 0
16700, 6700139, 0, 0, 0
16800, 6514297, 0, 0, 0
16903, 6270981, 0, 0, 0
17000, 8145782, 0, 0, 0
17101, 6273893, 0, 0, 0
17200, 6480083, 0, 0, 0
17302, 7410130, 0, 0, 0
17400, 6179909, 0, 0, 0
17502, 5779043, 0, 0, 0
17602, 6630157, 0, 0, 0
17702, 6466488, 0, 0, 0
17801, 5740754, 0, 0, 0
17900, 6641827, 0, 0, 0
18003, 6245296, 0, 0, 0
18100, 5852934, 0, 0, 0
18200, 6415690, 0, 0, 0
18300, 5955160, 0, 0, 0
18404, 5850871, 0, 0, 0
18504, 6040466, 0, 0, 0
18603, 7065998, 0, 0, 0
18701, 6122277, 0, 0, 0
18806, 8298161, 0, 0, 0
18901, 6434448, 0, 0, 0
19000, 7143308, 0, 0, 0
19100, 6896973, 0, 0, 0
19203, 5791410, 0, 0, 0
19301, 6861121, 0, 0, 0
19401, 6244594, 0, 0, 0
19500, 6139423, 0, 0, 0
19603, 6580324, 0, 0, 0
19703, 6666888, 0, 0, 0
19802, 6397734, 0, 0, 0
19903, 6629632, 0, 0, 0
20000, 6247006, 0, 0, 0
20101, 5990413, 0, 0, 0
20204, 6505009, 0, 0, 0
20300, 6744886, 0, 0, 0
20404, 6049918, 0, 0, 0
20501, 5639074, 0, 0, 0
20604, 6147161, 0, 0, 0
20702, 6909430, 0, 0, 0
20800, 6840425, 0, 0, 0
20902, 6218689, 0, 0, 0
21002, 6126711, 0, 0, 0
21100, 6300802, 0, 0, 0
21205, 6637240, 0, 0, 0
21300, 6314934, 0, 0, 0
21401, 6917986, 0, 0, 0
21502, 5973050, 0, 0, 0
21605, 6207958, 0, 0, 0
21702, 6905641, 0, 0, 0
21801, 5558280, 0, 0, 0
21902, 5612024, 0, 0, 0
22002, 7197669, 0, 0, 0
22102, 6598574, 0, 0, 0
22200, 6447962, 0, 0, 0
22304, 6275901, 0, 0, 0
22405, 6271798, 0, 0, 0
22506, 6174486, 0, 0, 0
22604, 6940522, 0, 0, 0
22703, 6710471, 0, 0, 0
22800, 6293256, 0, 0, 0
22900, 6264059, 0, 0, 0
23005, 5824610, 0, 0, 0
23107, 7208626, 0, 0, 0
23200, 6839419, 0, 0, 0
23302, 5982116, 0, 0, 0
23401, 5617298, 0, 0, 0
23500, 6107355, 0, 0, 0
23600, 6850432, 0, 0, 0
23700, 6819583, 0, 0, 0
23802, 6265242, 0, 0, 0
23902, 6147095, 0, 0, 0
24004, 6735212, 0, 0, 0
24103, 7083375, 0, 0, 0
24202, 6424878, 0, 0, 0
24302, 6409582, 0, 0, 0
24401, 5845840, 0, 0, 0
24501, 6033701, 0, 0, 0
24605, 5842818, 0, 0, 0
24700, 6349137, 0, 0, 0
24800, 6382651, 0, 0, 0
24906, 7569941, 0, 0, 0
25002, 6787742, 0, 0, 0
25105, 6926280, 0, 0, 0
25202, 6823835, 0, 0, 0
25302, 6222392, 0, 0, 0
25401, 5987607, 0, 0, 0
25500, 6144442, 0, 0, 0
25604, 6462958, 0, 0, 0
25704, 6433843, 0, 0, 0
25800, 6200151, 0, 0, 0
25902, 5889710, 0, 0, 0
26000, 6796912, 0, 0, 0
26104, 6995267, 0, 0, 0
26203, 7094513, 0, 0, 0
26302, 6641014, 0, 0, 0
26403, 6826317, 0, 0, 0
26500, 6114566, 0, 0, 0
26600, 5510939, 0, 0, 0
26703, 6646819, 0, 0, 0
26801, 6767837, 0, 0, 0
26901, 6748528, 0, 0, 0
27006, 6782651, 0, 0, 0
27100, 6423031, 0, 0, 0
27200, 6187065, 0, 0, 0
27304, 6099769, 0, 0, 0
27403, 6570850, 0, 0, 0
27502, 6433503, 0, 0, 0
27602, 6072632, 0, 0, 0
27700, 6214516, 0, 0, 0
27803, 5978535, 0, 0, 0
27901, 6390488, 0, 0, 0
28000, 6403938, 0, 0, 0
28100, 6529422, 0, 0, 0
28202, 6177003, 0, 0, 0
28300, 5815286, 0, 0, 0
28403, 6150554, 0, 0, 0
28507, 5976914, 0, 0, 0
28601, 5471576, 0, 0, 0
28701, 6395986, 0, 0, 0
28803, 6468877, 0, 0, 0
28902, 6978447, 0, 0, 0
29003, 6502685, 0, 0, 0
29100, 7068680, 0, 0, 0
29202, 7214706, 0, 0, 0
29304, 6761143, 0, 0, 0
29404, 6791800, 0, 0, 0
29501, 6654791, 0, 0, 0
29602, 6606355, 0, 0, 0
29701, 5501667, 0, 0, 0
29801, 6289360, 0, 0, 0
29903, 6249307, 0, 0, 0
30002, 6921597, 0, 0, 0
30101, 6807865, 0, 0, 0
30204, 6159516, 0, 0, 0
30304, 7883706, 0, 0, 0
30400, 5735138, 0, 0, 0
30502, 5917323, 0, 0, 0
30601, 5857120, 0, 0, 0
30703, 6755210, 0, 0, 0
30802, 7613687, 0, 0, 0
30900, 5762142, 0, 0, 0
31003, 6381672, 0, 0, 0
31102, 6016635, 0, 0, 0
31200, 6362016, 0, 0, 0
31301, 6715183, 0, 0, 0
31400, 6487283, 0, 0, 0
31501, 6368829, 0, 0, 0
31604, 6678861, 0, 0, 0
31702, 6804782, 0, 0, 0
31800, 6206080, 0, 0, 0
31900, 7202520, 0, 0, 0
32001, 7165608, 0, 0, 0
32100, 7510860, 0, 0, 0
32201, 6422661, 0, 0, 0
32300, 6562370, 0, 0, 0
32400, 6672296, 0, 0, 0
32503, 6652415, 0, 0, 0
32604, 7001765, 0, 0, 0
32701, 6452871, 0, 0, 0
32801, 6529800, 0, 0, 0
32903, 7309886, 0, 0, 0
33003, 6562405, 0, 0, 0
33100, 6134650, 0, 0, 0
33202, 7000983, 0, 0, 0
33301, 6602400, 0, 0, 0
33400, 6257238, 0, 0, 0
33504, 5637977, 0, 0, 0
33600, 6360183, 0, 0, 0
33700, 6699388, 0, 0, 0
33801, 6147473, 0, 0, 0
33900, 5988740, 0, 0, 0
34002, 6415829, 0, 0, 0
34105, 6617024, 0, 0, 0
34203, 5878036, 0, 0, 0
34304, 7117612, 0, 0, 0
34401, 7007039, 0, 0, 0
34516, 6375545, 0, 0, 0
34603, 5935700, 0, 0, 0
34705, 6798560, 0, 0, 0
34800, 6779681, 0, 0, 0
34900, 6330689, 0, 0, 0
35002, 6447649, 0, 0, 0
35100, 6957750, 0, 0, 0
35201, 5709946, 0, 0, 0
35302, 6292737, 0, 0, 0
35401, 5926237, 0, 0, 0
35500, 6470377, 0, 0, 0
35608, 6084202, 0, 0, 0
35702, 5702824, 0, 0, 0
35802, 5920491, 0, 0, 0
35902, 6294642, 0, 0, 0
36006, 7150953, 0, 0, 0
36100, 6203667, 0, 0, 0
36203, 6184210, 0, 0, 0
36300, 7133509, 0, 0, 0
36400, 6755172, 0, 0, 0
36501, 6028239, 0, 0, 0
36601, 6619019, 0, 0, 0
36702, 7231957, 0, 0, 0
36801, 5976224, 0, 0, 0
36902, 6425485, 0, 0, 0
37001, 6320419, 0, 0, 0
37100, 5861954, 0, 0, 0
37200, 5978020, 0, 0, 0
37301, 6737748, 0, 0, 0
37400, 6191151, 0, 0, 0
37501, 5814331, 0, 0, 0
37600, 5761610, 0, 0, 0
37703, 5976723, 0, 0, 0
37801, 5649656, 0, 0, 0
37902, 8603080, 0, 0, 0
38001, 6225895, 0, 0, 0
38100, 6575532, 0, 0, 0
38203, 7332673, 0, 0, 0
38301, 6650505, 0, 0, 0
38401, 5913805, 0, 0, 0
38500, 6288495, 0, 0, 0
38602, 5822436, 0, 0, 0
38703, 7427524, 0, 0, 0
38804, 7170493, 0, 0, 0
38900, 6804370, 0, 0, 0
39001, 6207822, 0, 0, 0
39101, 6221822, 0, 0, 0
39203, 5967862, 0, 0, 0
39305, 6678699, 0, 0, 0
39403, 6643563, 0, 0, 0
39500, 7006870, 0, 0, 0
39604, 6576885, 0, 0, 0
39704, 6050331, 0, 0, 0
39803, 6586371, 0, 0, 0
39903, 6878897, 0, 0, 0
40002, 6455377, 0, 0, 0
40100, 6191156, 0, 0, 0
40201, 6609206, 0, 0, 0
40306, 6360779, 0, 0, 0
40400, 5883831, 0, 0, 0
40500, 6032201, 0, 0, 0
40604, 6231877, 0, 0, 0
40700, 6279869, 0, 0, 0
40800, 6254606, 0, 0, 0
40900, 6694285, 0, 0, 0
41001, 5807460, 0, 0, 0
41105, 6530552, 0, 0, 0
41200, 6145810, 0, 0, 0
41305, 6416884, 0, 0, 0
41405, 6091825, 0, 0, 0
41500, 6768221, 0, 0, 0
41602, 5772350, 0, 0, 0
41702, 6514021, 0, 0, 0
41802, 7158722, 0, 0, 0
41902, 6008452, 0, 0, 0
42002, 6583616, 0, 0, 0
42100, 5738733, 0, 0, 0
42202, 5791064, 0, 0, 0
42302, 6373136, 0, 0, 0
42402, 6757350, 0, 0, 0
42500, 5884382, 0, 0, 0
42600, 5609198, 0, 0, 0
42702, 6538128, 0, 0, 0
42802, 6526900, 0, 0, 0
42902, 6640672, 0, 0, 0
43004, 6023477, 0, 0, 0
43101, 6371661, 0, 0, 0
43201, 6028635, 0, 0, 0
43300, 7192753, 0, 0, 0
43400, 7435623, 0, 0, 0
43502, 7739874, 0, 0, 0
43602, 7539102, 0, 0, 0
43705, 6295579, 0, 0, 0
43801, 7305430, 0, 0, 0
43900, 5937688, 0, 0, 0
44005, 6277425, 0, 0, 0
44101, 6640940, 0, 0, 0
44201, 7244692, 0, 0, 0
44306, 7544688, 0, 0, 0
44401, 6923370, 0, 0, 0
44503, 7764505, 0, 0, 0
44604, 5931937, 0, 0, 0
44702, 6115078, 0, 0, 0
44800, 7390205, 0, 0, 0
44901, 7342788, 0, 0, 0
45001, 6252856, 0, 0, 0
45101, 6309756, 0, 0, 0
45204, 6517330, 0, 0, 0
45302, 5144508, 0, 0, 0
45400, 7436929, 0, 0, 0
45503, 6640045, 0, 0, 0
45600, 6567086, 0, 0, 0
45706, 5952851, 0, 0, 0
45801, 6468174, 0, 0, 0
45902, 7433769, 0, 0, 0
46002, 5681607, 0, 0, 0
46104, 6066831, 0, 0, 0
46202, 6583552, 0, 0, 0
46304, 7186944, 0, 0, 0
46400, 7525568, 0, 0, 0
46500, 7201203, 0, 0, 0
46603, 6506383, 0, 0, 0
46702, 8667624, 0, 0, 0
46802, 7106535, 0, 0, 0
46905, 6695662, 0, 0, 0
47000, 6077056, 0, 0, 0
47102, 6008181, 0, 0, 0
47200, 5610932, 0, 0, 0
47303, 5676847, 0, 0, 0
47406, 5728331, 0, 0, 0
47501, 6333529, 0, 0, 0
47601, 6430486, 0, 0, 0
47700, 6473650, 0, 0, 0
47803, 6822223, 0, 0, 0
47900, 6810220, 0, 0, 0
48000, 5618355, 0, 0, 0
48102, 5936549, 0, 0, 0
48200, 6647627, 0, 0, 0
48305, 6174669, 0, 0, 0
48402, 6329906, 0, 0, 0
48505, 7007289, 0, 0, 0
48603, 6371066, 0, 0, 0
48703, 5686957, 0, 0, 0
48800, 5939871, 0, 0, 0
48901, 6607640, 0, 0, 0
49001, 6424859, 0, 0, 0
49102, 6361730, 0, 0, 0
49205, 7286434, 0, 0, 0
49302, 7229398, 0, 0, 0
49400, 6406497, 0, 0, 0
49501, 5879091, 0, 0, 0
49602, 6522100, 0, 0, 0
49702, 6435582, 0, 0, 0
49800, 6035100, 0, 0, 0
49900, 6621196, 0, 0, 0
50006, 6147562, 0, 0, 0
50102, 5760900, 0, 0, 0
50201, 6021274, 0, 0, 0
50300, 6400130, 0, 0, 0
50402, 6268675, 0, 0, 0
50503, 5994042, 0, 0, 0
50600, 6463647, 0, 0, 0
50706, 6247241, 0, 0, 0
50800, 6064768, 0, 0, 0
50903, 6460645, 0, 0, 0
51001, 6064390, 0, 0, 0
51103, 5800812, 0, 0, 0
51204, 6038480, 0, 0, 0
51300, 6221935, 0, 0, 0
51400, 6643341, 0, 0, 0
51504, 7143229, 0, 0, 0
51600, 5817722, 0, 0, 0
51700, 5976489, 0, 0, 0
51801, 5737602, 0, 0, 0
51900, 6671269, 0, 0, 0
52001, 6330000, 0, 0, 0
52102, 5928568, 0, 0, 0
52202, 6063901, 0, 0, 0
52302, 5596528, 0, 0, 0
52404, 6318242, 0, 0, 0
52506, 6452723, 0, 0, 0
52603, 6008336, 0, 0, 0
52701, 5865619, 0, 0, 0
52807, 6554172, 0, 0, 0
52901, 6189799, 0, 0, 0
53000, 7018378, 0, 0, 0
53101, 5663178, 0, 0, 0
53201, 5770204, 0, 0, 0
53301, 6502518, 0, 0, 0
53400, 5969650, 0, 0, 0
53505, 6077470, 0, 0, 0
53600, 6410135, 0, 0, 0
53703, 6651011, 0, 0, 0
53802, 6332377, 0, 0, 0
53903, 6506013, 0, 0, 0
54004, 6248704, 0, 0, 0
54106, 6318062, 0, 0, 0
54200, 6971253, 0, 0, 0
54302, 6136234, 0, 0, 0
54400, 6559762, 0, 0, 0
54501, 6435122, 0, 0, 0
54602, 6307146, 0, 0, 0
54702, 6035731, 0, 0, 0
54801, 6825815, 0, 0, 0
54903, 6293860, 0, 0, 0
55000, 5352403, 0, 0, 0
55102, 5531464, 0, 0, 0
55200, 7219568, 0, 0, 0
55302, 6230010, 0, 0, 0
55400, 5798640, 0, 0, 0
55501, 6489322, 0, 0, 0
55603, 5908830, 0, 0, 0
55701, 5907147, 0, 0, 0
55800, 6773000, 0, 0, 0
55902, 6013981, 0, 0, 0
56001, 6077387, 0, 0, 0
56103, 6296145, 0, 0, 0
56200, 6447890, 0, 0, 0
56302, 6605439, 0, 0, 0
56400, 6005051, 0, 0, 0
56501, 6730552, 0, 0, 0
56600, 6075997, 0, 0, 0
56705, 6294877, 0, 0, 0
56805, 6664217, 0, 0, 0
56902, 6225306, 0, 0, 0
57002, 5815265, 0, 0, 0
57100, 6999869, 0, 0, 0
57206, 6091752, 0, 0, 0
57302, 5428141, 0, 0, 0
57400, 6583771, 0, 0, 0
57501, 5695908, 0, 0, 0
57600, 6740786, 0, 0, 0
57707, 6975757, 0, 0, 0
57800, 7533140, 0, 0, 0
57900, 6393951, 0, 0, 0
58000, 7302001, 0, 0, 0
58101, 5787212, 0, 0, 0
58201, 6370059, 0, 0, 0
58303, 6543928, 0, 0, 0
58403, 6889688, 0, 0, 0
58504, 5949640, 0, 0, 0
58600, 7272251, 0, 0, 0
58704, 7270144, 0, 0, 0
58801, 6582559, 0, 0, 0
58900, 7321211, 0, 0, 0
59000, 6281504, 0, 0, 0
59100, 6881751, 0, 0, 0
59201, 6240212, 0, 0, 0
59302, 6842024, 0, 0, 0
59400, 5787322, 0, 0, 0
59500, 5872858, 0, 0, 0
59600, 6066923, 0, 0, 0
59700, 6351493, 0, 0, 0
59802, 5835024, 0, 0, 0
59901, 6407416, 0, 0, 0
60000, 6669225, 0, 0, 0
60102, 6335863, 0, 0, 0
60201, 5515077, 0, 0, 0
60301, 6249444, 0, 0, 0
60404, 7140419, 0, 0, 0
60501, 6443010, 0, 0, 0
60602, 6765819, 0, 0, 0
60702, 6359749, 0, 0, 0
60802, 5951696, 0, 0, 0
60904, 7226443, 0, 0, 0
61004, 7388892, 0, 0, 0
61100, 6519191, 0, 0, 0
61204, 7612961, 0, 0, 0
61300, 6696947, 0, 0, 0
61402, 6948279, 0, 0, 0
61500, 5953465, 0, 0, 0
61600, 6110519, 0, 0, 0
61700, 7151027, 0, 0, 0
61803, 6779704, 0, 0, 0
61908, 6622380, 0, 0, 0
62000, 5396716, 0, 0, 0
62100, 6203977, 0, 0, 0
62202, 5997513, 0, 0, 0
62302, 6082514, 0, 0, 0
62401, 6013510, 0, 0, 0
62500, 6129359, 0, 0, 0
62603, 5757247, 0, 0, 0
62701, 6021958, 0, 0, 0
62801, 6215908, 0, 0, 0
62901, 6939513, 0, 0, 0
63004, 5935173, 0, 0, 0
63102, 6921395, 0, 0, 0
63201, 6073318, 0, 0, 0
63302, 5989852, 0, 0, 0
63400, 6066325, 0, 0, 0
63502, 6059337, 0, 0, 0
63604, 5767634, 0, 0, 0
63701, 5923668, 0, 0, 0
63800, 6182195, 0, 0, 0
63901, 6882509, 0, 0, 0
64005, 6850307, 0, 0, 0
64100, 6711734, 0, 0, 0
64203, 6345951, 0, 0, 0
64301, 6806940, 0, 0, 0
64401, 5495675, 0, 0, 0
64500, 6195330, 0, 0, 0
64600, 6423280, 0, 0, 0
64701, 6584943, 0, 0, 0
64801, 5509430, 0, 0, 0
64901, 6167839, 0, 0, 0
65003, 6312918, 0, 0, 0
65104, 6719850, 0, 0, 0
65201, 5984448, 0, 0, 0
65303, 6750709, 0, 0, 0
65400, 7536281, 0, 0, 0
65503, 6561271, 0, 0, 0
65602, 7106607, 0, 0, 0
65705, 6307162, 0, 0, 0
65808, 7252689, 0, 0, 0
65904, 6070102, 0, 0, 0
66000, 5930713, 0, 0, 0
66103, 6004669, 0, 0, 0
66201, 5989317, 0, 0, 0
66303, 6696122, 0, 0, 0
66403, 6198965, 0, 0, 0
66500, 6262970, 0, 0, 0
66604, 6300504, 0, 0, 0
66700, 6246742, 0, 0, 0
66805, 6384350, 0, 0, 0
66900, 7402344, 0, 0, 0
67000, 6024650, 0, 0, 0
67100, 6995418, 0, 0, 0
67200, 6830068, 0, 0, 0
67300, 6546221, 0, 0, 0
67400, 5980323, 0, 0, 0
67508, 6509481, 0, 0, 0
67605, 6182557, 0, 0, 0
67700, 5826186, 0, 0, 0
67802, 6563464, 0, 0, 0
67908, 6839639, 0, 0, 0
68000, 6232884, 0, 0, 0
68102, 6229764, 0, 0, 0
68204, 5970014, 0, 0, 0
68303, 6636809, 0, 0, 0
68400, 6556776, 0, 0, 0
68500, 5887939, 0, 0, 0
68600, 7336185, 0, 0, 0
68701, 6065309, 0, 0, 0
68802, 5734869, 0, 0, 0
68901, 6367438, 0, 0, 0
69004, 6029384, 0, 0, 0
69100, 6749666, 0, 0, 0
69200, 5969114, 0, 0, 0
69301, 6285059, 0, 0, 0
69400, 6622773, 0, 0, 0
69501, 6665737, 0, 0, 0
69600, 5722403, 0, 0, 0
69702, 6158037, 0, 0, 0
69800, 5743403, 0, 0, 0
69900, 5921480, 0, 0, 0
70000, 6395851, 0, 0, 0
70104, 6363750, 0, 0, 0
70202, 6046935, 0, 0, 0
70300, 5798364, 0, 0, 0
70400, 5971218, 0, 0, 0
70500, 6983554, 0, 0, 0
70600, 6804622, 0, 0, 0
70701, 5726188, 0, 0, 0
70804, 5889731, 0, 0, 0
70903, 6330819, 0, 0, 0
71002, 6570813, 0, 0, 0
71103, 7006914, 0, 0, 0
71203, 5738110, 0, 0, 0
71301, 6333458, 0, 0, 0
71401, 5847388, 0, 0, 0
71502, 6324064, 0, 0, 0
71600, 6618282, 0, 0, 0
71700, 5870081, 0, 0, 0
71800, 6191946, 0, 0, 0
71901, 6595935, 0, 0, 0
72002, 6295775, 0, 0, 0
72102, 6225004, 0, 0, 0
72202, 6245091, 0, 0, 0
72300, 6056982, 0, 0, 0
72405, 6227594, 0, 0, 0
72503, 6526868, 0, 0, 0
72600, 6404449, 0, 0, 0
72706, 7451928, 0, 0, 0
72800, 6356264, 0, 0, 0
72902, 6773277, 0, 0, 0
73001, 5737176, 0, 0, 0
73103, 6184441, 0, 0, 0
73201, 7404638, 0, 0, 0
73300, 7575954, 0, 0, 0
73406, 7053839, 0, 0, 0
73501, 6562337, 0, 0, 0
73603, 7006110, 0, 0, 0
73706, 7935604, 0, 0, 0
73802, 6317094, 0, 0, 0
73903, 6499213, 0, 0, 0
74003, 7464732, 0, 0, 0
74101, 6218548, 0, 0, 0
74203, 7106274, 0, 0, 0
74301, 6807063, 0, 0, 0
74404, 6903223, 0, 0, 0
74503, 6650534, 0, 0, 0
74600, 6744629, 0, 0, 0
74700, 5559097, 0, 0, 0
74800, 6252691, 0, 0, 0
74901, 5864869, 0, 0, 0
75001, 6639085, 0, 0, 0
75104, 6145767, 0, 0, 0
75200, 7583487, 0, 0, 0
75302, 6848266, 0, 0, 0
75400, 6685423, 0, 0, 0
75500, 6075316, 0, 0, 0
75600, 5547178, 0, 0, 0
75700, 6244892, 0, 0, 0
75801, 6099111, 0, 0, 0
75900, 5637744, 0, 0, 0
76001, 5152613, 0, 0, 0
76109, 6884545, 0, 0, 0
76201, 7030173, 0, 0, 0
76301, 6347046, 0, 0, 0
76401, 5861141, 0, 0, 0
76501, 7703886, 0, 0, 0
76607, 6634096, 0, 0, 0
76705, 5464848, 0, 0, 0
76800, 5477147, 0, 0, 0
76903, 6229108, 0, 0, 0
77003, 7132716, 0, 0, 0
77102, 6543999, 0, 0, 0
77203, 6023458, 0, 0, 0
77302, 7757169, 0, 0, 0
77405, 6163543, 0, 0, 0
77505, 5898841, 0, 0, 0
77602, 6105939, 0, 0, 0
77701, 6749765, 0, 0, 0
77803, 6709122, 0, 0, 0
77904, 6593826, 0, 0, 0
78001, 6676935, 0, 0, 0
78100, 6723419, 0, 0, 0
78200, 5672601, 0, 0, 0
78302, 7001060, 0, 0, 0
78407, 6589645, 0, 0, 0
78500, 7647335, 0, 0, 0
78601, 5891248, 0, 0, 0
78702, 6899708, 0, 0, 0
78801, 6589378, 0, 0, 0
78902, 6606562, 0, 0, 0
79001, 6166763, 0, 0, 0
79102, 7167954, 0, 0, 0
79202, 6430245, 0, 0, 0
79302, 6357599, 0, 0, 0
79403, 5992649, 0, 0, 0
79503, 6462412, 0, 0, 0
79604, 6702900, 0, 0, 0
79700, 7771038, 0, 0, 0
79802, 6861811, 0, 0, 0
79900, 6630033, 0, 0, 0
80003, 6727558, 0, 0, 0
80103, 6328663, 0, 0, 0
80200, 6734719, 0, 0, 0
80300, 6715943, 0, 0, 0
80404, 9591287, 0, 0, 0
80500, 5847812, 0, 0, 0
80600, 7205659, 0, 0, 0
80700, 5738055, 0, 0, 0
80803, 6378226, 0, 0, 0
80901, 5951028, 0, 0, 0
81000, 6269672, 0, 0, 0
81100, 5540950, 0, 0, 0
81201, 7515256, 0, 0, 0
81301, 5388232, 0, 0, 0
81401, 6736591, 0, 0, 0
81503, 6100264, 0, 0, 0
81603, 6401556, 0, 0, 0
81701, 5989297, 0, 0, 0
81800, 6080016, 0, 0, 0
81901, 6413402, 0, 0, 0
82004, 6476437, 0, 0, 0
82103, 6130128, 0, 0, 0
82201, 6933998, 0, 0, 0
82302, 6903920, 0, 0, 0
82402, 5944317, 0, 0, 0
82506, 7721589, 0, 0, 0
82602, 5851969, 0, 0, 0
82702, 6686901, 0, 0, 0
82800, 6333616, 0, 0, 0
82901, 6695997, 0, 0, 0
83002, 6439755, 0, 0, 0
83102, 6557590, 0, 0, 0
83201, 6726610, 0, 0, 0
83302, 6242717, 0, 0, 0
83401, 6058849, 0, 0, 0
83500, 6494390, 0, 0, 0
83602, 6485124, 0, 0, 0
83700, 6743037, 0, 0, 0
83804, 6378781, 0, 0, 0
83904, 6803079, 0, 0, 0
84001, 7825444, 0, 0, 0
84100, 5610625, 0, 0, 0
84200, 6200855, 0, 0, 0
84302, 5959655, 0, 0, 0
84400, 6394419, 0, 0, 0
84500, 6447263, 0, 0, 0
84600, 6408748, 0, 0, 0
84700, 7495112, 0, 0, 0
84802, 6235611, 0, 0, 0
84903, 6346926, 0, 0, 0
85001, 6754491, 0, 0, 0
85101, 6440405, 0, 0, 0
85201, 6193959, 0, 0, 0
85302, 6417523, 0, 0, 0
85404, 6344932, 0, 0, 0
85502, 6374926, 0, 0, 0
85602, 6699179, 0, 0, 0
85700, 5691080, 0, 0, 0
85801, 5723600, 0, 0, 0
85903, 6238460, 0, 0, 0
86000, 6131793, 0, 0, 0
86106, 6054330, 0, 0, 0
86203, 6468034, 0, 0, 0
86303, 6508312, 0, 0, 0
86401, 6289451, 0, 0, 0
86502, 6804880, 0, 0, 0
86600, 6801759, 0, 0, 0
86701, 5679997, 0, 0, 0
86802, 6120842, 0, 0, 0
86900, 6580619, 0, 0, 0
87000, 5982448, 0, 0, 0
87102, 6981177, 0, 0, 0
87201, 7107434, 0, 0, 0
87301, 5676170, 0, 0, 0
87404, 6048434, 0, 0, 0
87506, 6291423, 0, 0, 0
87604, 6165212, 0, 0, 0
87702, 5604708, 0, 0, 0
87800, 7050725, 0, 0, 0
87900, 6433692, 0, 0, 0
88001, 6997909, 0, 0, 0
88102, 6831096, 0, 0, 0
88204, 6377322, 0, 0, 0
88302, 6338525, 0, 0, 0
88403, 6240093, 0, 0, 0
88500, 6565801, 0, 0, 0
88600, 6249396, 0, 0, 0
88702, 6491905, 0, 0, 0
88800, 5981943, 0, 0, 0
88900, 6751405, 0, 0, 0
89000, 5953283, 0, 0, 0
89100, 6140752, 0, 0, 0
89203, 6125848, 0, 0, 0
89302, 6982383, 0, 0, 0
89404, 6659797, 0, 0, 0
89504, 7850747, 0, 0, 0
89602, 6747445, 0, 0, 0
89701, 6109931, 0, 0, 0
89802, 6211301, 0, 0, 0
89901, 6853135, 0, 0, 0
90002, 5416445, 0, 0, 0
90005, 7434148, 0, 0, 0
