250, 33792, 0, 0, 0
250, 73472, 1, 0, 0
350, 32000, 0, 0, 0
350, 72960, 1, 0, 0
450, 33920, 0, 0, 0
450, 69760, 1, 0, 0
551, 26880, 0, 0, 0
551, 69120, 1, 0, 0
651, 19200, 0, 0, 0
651, 55040, 1, 0, 0
751, 25600, 0, 0, 0
751, 61440, 1, 0, 0
851, 32000, 0, 0, 0
851, 74240, 1, 0, 0
951, 24960, 0, 0, 0
951, 65920, 1, 0, 0
1052, 32000, 0, 0, 0
1052, 80000, 1, 0, 0
1152, 31360, 0, 0, 0
1152, 67840, 1, 0, 0
1252, 25600, 0, 0, 0
1252, 75520, 1, 0, 0
1352, 33280, 0, 0, 0
1352, 72320, 1, 0, 0
1452, 32640, 0, 0, 0
1452, 62080, 1, 0, 0
1552, 32640, 0, 0, 0
1552, 60800, 1, 0, 0
1652, 30720, 0, 0, 0
1652, 84480, 1, 0, 0
1753, 28160, 0, 0, 0
1753, 73600, 1, 0, 0
1853, 30080, 0, 0, 0
1853, 76800, 1, 0, 0
1953, 30080, 0, 0, 0
1953, 72320, 1, 0, 0
2053, 30080, 0, 0, 0
2053, 73600, 1, 0, 0
2153, 28160, 0, 0, 0
2153, 61440, 1, 0, 0
2253, 14720, 0, 0, 0
2253, 80000, 1, 0, 0
2354, 33280, 0, 0, 0
2354, 64000, 1, 0, 0
2454, 33280, 0, 0, 0
2454, 73600, 1, 0, 0
2554, 23680, 0, 0, 0
2554, 78720, 1, 0, 0
2654, 21120, 0, 0, 0
2654, 41600, 1, 0, 0
2754, 33920, 0, 0, 0
2754, 69120, 1, 0, 0
2854, 33920, 0, 0, 0
2854, 59520, 1, 0, 0
2954, 24960, 0, 0, 0
2954, 71680, 1, 0, 0
3055, 19840, 0, 0, 0
3055, 51840, 1, 0, 0
3155, 31360, 0, 0, 0
3155, 62720, 1, 0, 0
3255, 34560, 0, 0, 0
3255, 73600, 1, 0, 0
3355, 32640, 0, 0, 0
3355, 71680, 1, 0, 0
3455, 26240, 0, 0, 0
3455, 72960, 1, 0, 0
3556, 19200, 0, 0, 0
3556, 71040, 1, 0, 0
3656, 26880, 0, 0, 0
3656, 72320, 1, 0, 0
3756, 28160, 0, 0, 0
3756, 65920, 1, 0, 0
3856, 25600, 0, 0, 0
3856, 71680, 1, 0, 0
3956, 29440, 0, 0, 0
3956, 67200, 1, 0, 0
4057, 32640, 0, 0, 0
4057, 71040, 1, 0, 0
4157, 27520, 0, 0, 0
4157, 72320, 1, 0, 0
4257, 28160, 0, 0, 0
4257, 74880, 1, 0, 0
4358, 29440, 0, 0, 0
4358, 71040, 1, 0, 0
4458, 28800, 0, 0, 0
4458, 56960, 1, 0, 0
4558, 33280, 0, 0, 0
4558, 74240, 1, 0, 0
4658, 30080, 0, 0, 0
4658, 63360, 1, 0, 0
4759, 42880, 0, 0, 0
4759, 70400, 1, 0, 0
4859, 23680, 0, 0, 0
4859, 77440, 1, 0, 0
4959, 32640, 0, 0, 0
4959, 81280, 1, 0, 0
5060, 26880, 0, 0, 0
5060, 67200, 1, 0, 0
5160, 32000, 0, 0, 0
5160, 63360, 1, 0, 0
5260, 23040, 0, 0, 0
5260, 58240, 1, 0, 0
5360, 26240, 0, 0, 0
5360, 71680, 1, 0, 0
5460, 22400, 0, 0, 0
5460, 65280, 1, 0, 0
5560, 35200, 0, 0, 0
5560, 77440, 1, 0, 0
5660, 25600, 0, 0, 0
5660, 64000, 1, 0, 0
5761, 27520, 0, 0, 0
5761, 51840, 1, 0, 0
5861, 25600, 0, 0, 0
5861, 65920, 1, 0, 0
5962, 14720, 0, 0, 0
5962, 62720, 1, 0, 0
6062, 29440, 0, 0, 0
6062, 69120, 1, 0, 0
6162, 24960, 0, 0, 0
6162, 68480, 1, 0, 0
6262, 26880, 0, 0, 0
6262, 81280, 1, 0, 0
6362, 32000, 0, 0, 0
6362, 63360, 1, 0, 0
6462, 20480, 0, 0, 0
6462, 58880, 1, 0, 0
6563, 31360, 0, 0, 0
6563, 58880, 1, 0, 0
6663, 33280, 0, 0, 0
6663, 74240, 1, 0, 0
6764, 28160, 0, 0, 0
6764, 60800, 1, 0, 0
6864, 29440, 0, 0, 0
6864, 74240, 1, 0, 0
6964, 12800, 0, 0, 0
6964, 35840, 1, 0, 0
7064, 32640, 0, 0, 0
7064, 68480, 1, 0, 0
7164, 23040, 0, 0, 0
7164, 49280, 1, 0, 0
7264, 23680, 0, 0, 0
7264, 73600, 1, 0, 0
7365, 24320, 0, 0, 0
7365, 64640, 1, 0, 0
7465, 30080, 0, 0, 0
7465, 65280, 1, 0, 0
7565, 27520, 0, 0, 0
7565, 60800, 1, 0, 0
7665, 28160, 0, 0, 0
7665, 52480, 1, 0, 0
7766, 26240, 0, 0, 0
7766, 56960, 1, 0, 0
7866, 37760, 0, 0, 0
7866, 55680, 1, 0, 0
7966, 20480, 0, 0, 0
7966, 53760, 1, 0, 0
8066, 32000, 0, 0, 0
8066, 74880, 1, 0, 0
8166, 27520, 0, 0, 0
8166, 69760, 1, 0, 0
8267, 19840, 0, 0, 0
8267, 56320, 1, 0, 0
8367, 33280, 0, 0, 0
8367, 72960, 1, 0, 0
8467, 36480, 0, 0, 0
8467, 87680, 1, 0, 0
8567, 23680, 0, 0, 0
8567, 55680, 1, 0, 0
8667, 26240, 0, 0, 0
8667, 67200, 1, 0, 0
8767, 33920, 0, 0, 0
8767, 74880, 1, 0, 0
8867, 26240, 0, 0, 0
8867, 54400, 1, 0, 0
8967, 37120, 0, 0, 0
8967, 78080, 1, 0, 0
9067, 24960, 0, 0, 0
9067, 72320, 1, 0, 0
9168, 24320, 0, 0, 0
9168, 62080, 1, 0, 0
9268, 26880, 0, 0, 0
9268, 69120, 1, 0, 0
9368, 31360, 0, 0, 0
9368, 68480, 1, 0, 0
9468, 36480, 0, 0, 0
9468, 85120, 1, 0, 0
9568, 32640, 0, 0, 0
9568, 74240, 1, 0, 0
9668, 16640, 0, 0, 0
9668, 69760, 1, 0, 0
9769, 25600, 0, 0, 0
9769, 67200, 1, 0, 0
9869, 30080, 0, 0, 0
9869, 67840, 1, 0, 0
9969, 37760, 0, 0, 0
9969, 72320, 1, 0, 0
10069, 28160, 0, 0, 0
10069, 55680, 1, 0, 0
10169, 30720, 0, 0, 0
10169, 66560, 1, 0, 0
10270, 24960, 0, 0, 0
10270, 64640, 1, 0, 0
10370, 30080, 0, 0, 0
10370, 62720, 1, 0, 0
10470, 26880, 0, 0, 0
10470, 72320, 1, 0, 0
10570, 30720, 0, 0, 0
10570, 74240, 1, 0, 0
10670, 28800, 0, 0, 0
10670, 69760, 1, 0, 0
10771, 39680, 0, 0, 0
10771, 74880, 1, 0, 0
10871, 23040, 0, 0, 0
10871, 58880, 1, 0, 0
10971, 33280, 0, 0, 0
10971, 67840, 1, 0, 0
11071, 28160, 0, 0, 0
11071, 61440, 1, 0, 0
11171, 31360, 0, 0, 0
11171, 73600, 1, 0, 0
11272, 19200, 0, 0, 0
11272, 49920, 1, 0, 0
11372, 24960, 0, 0, 0
11372, 72320, 1, 0, 0
11472, 22400, 0, 0, 0
11472, 64640, 1, 0, 0
11572, 20480, 0, 0, 0
11572, 63360, 1, 0, 0
11672, 32000, 0, 0, 0
11672, 64000, 1, 0, 0
11773, 31049, 0, 0, 0
11773, 67801, 1, 0, 0
11873, 23040, 0, 0, 0
11873, 63360, 1, 0, 0
11973, 27520, 0, 0, 0
11973, 58240, 1, 0, 0
12074, 26880, 0, 0, 0
12074, 54400, 1, 0, 0
12174, 29440, 0, 0, 0
12174, 57600, 1, 0, 0
12274, 32640, 0, 0, 0
12274, 76800, 1, 0, 0
12374, 21120, 0, 0, 0
12374, 58240, 1, 0, 0
12474, 34560, 0, 0, 0
12474, 74240, 1, 0, 0
12574, 33280, 0, 0, 0
12574, 81920, 1, 0, 0
12674, 32000, 0, 0, 0
12674, 75520, 1, 0, 0
12775, 31360, 0, 0, 0
12775, 66560, 1, 0, 0
12875, 28800, 0, 0, 0
12875, 67840, 1, 0, 0
12975, 32000, 0, 0, 0
12975, 65280, 1, 0, 0
13075, 25600, 0, 0, 0
13075, 65920, 1, 0, 0
13175, 27520, 0, 0, 0
13175, 64640, 1, 0, 0
13276, 26240, 0, 0, 0
13276, 71040, 1, 0, 0
13376, 30720, 0, 0, 0
13376, 84480, 1, 0, 0
13476, 35840, 0, 0, 0
13476, 74880, 1, 0, 0
13576, 28160, 0, 0, 0
13576, 71680, 1, 0, 0
13676, 26880, 0, 0, 0
13676, 65280, 1, 0, 0
13776, 30080, 0, 0, 0
13776, 72960, 1, 0, 0
13877, 34560, 0, 0, 0
13877, 70400, 1, 0, 0
13977, 30080, 0, 0, 0
13977, 74880, 1, 0, 0
14077, 24320, 0, 0, 0
14077, 53760, 1, 0, 0
14178, 39040, 0, 0, 0
14178, 52480, 1, 0, 0
14278, 26240, 0, 0, 0
14278, 74240, 1, 0, 0
14378, 26880, 0, 0, 0
14378, 75520, 1, 0, 0
14478, 22400, 0, 0, 0
14478, 51840, 1, 0, 0
14578, 32000, 0, 0, 0
14578, 72320, 1, 0, 0
14678, 28800, 0, 0, 0
14678, 74880, 1, 0, 0
14778, 26240, 0, 0, 0
14778, 72320, 1, 0, 0
14879, 24960, 0, 0, 0
14879, 69760, 1, 0, 0
14979, 28160, 0, 0, 0
14979, 67840, 1, 0, 0
15079, 28800, 0, 0, 0
15079, 75520, 1, 0, 0
15180, 29440, 0, 0, 0
15180, 78080, 1, 0, 0
15280, 33920, 0, 0, 0
15280, 64000, 1, 0, 0
15380, 28800, 0, 0, 0
15380, 62720, 1, 0, 0
15480, 25600, 0, 0, 0
15480, 65280, 1, 0, 0
15580, 32000, 0, 0, 0
15580, 71040, 1, 0, 0
15680, 35200, 0, 0, 0
15680, 76800, 1, 0, 0
15780, 25600, 0, 0, 0
15780, 71040, 1, 0, 0
15881, 35200, 0, 0, 0
15881, 65920, 1, 0, 0
15981, 33280, 0, 0, 0
15981, 72960, 1, 0, 0
16081, 30720, 0, 0, 0
16081, 76160, 1, 0, 0
16181, 31360, 0, 0, 0
16181, 68480, 1, 0, 0
16281, 37760, 0, 0, 0
16281, 65280, 1, 0, 0
16382, 31360, 0, 0, 0
16382, 60160, 1, 0, 0
16482, 26240, 0, 0, 0
16482, 67200, 1, 0, 0
16582, 28800, 0, 0, 0
16582, 59520, 1, 0, 0
16682, 33280, 0, 0, 0
16682, 76800, 1, 0, 0
16783, 24320, 0, 0, 0
16783, 56960, 1, 0, 0
16883, 34560, 0, 0, 0
16883, 69760, 1, 0, 0
16983, 27520, 0, 0, 0
16983, 62720, 1, 0, 0
17083, 30080, 0, 0, 0
17083, 78080, 1, 0, 0
17184, 33280, 0, 0, 0
17184, 84480, 1, 0, 0
17284, 38400, 0, 0, 0
17284, 83840, 1, 0, 0
17384, 25600, 0, 0, 0
17384, 80640, 1, 0, 0
17484, 26880, 0, 0, 0
17484, 65920, 1, 0, 0
17584, 23680, 0, 0, 0
17584, 69760, 1, 0, 0
17685, 34560, 0, 0, 0
17685, 65920, 1, 0, 0
17785, 24960, 0, 0, 0
17785, 56320, 1, 0, 0
17885, 24960, 0, 0, 0
17885, 65920, 1, 0, 0
17985, 32640, 0, 0, 0
17985, 69760, 1, 0, 0
18085, 27520, 0, 0, 0
18085, 64640, 1, 0, 0
18186, 32000, 0, 0, 0
18186, 65280, 1, 0, 0
18286, 21760, 0, 0, 0
18286, 58880, 1, 0, 0
18386, 28800, 0, 0, 0
18386, 80000, 1, 0, 0
18486, 23680, 0, 0, 0
18486, 60160, 1, 0, 0
18587, 37760, 0, 0, 0
18587, 83200, 1, 0, 0
18687, 28160, 0, 0, 0
18687, 71680, 1, 0, 0
18787, 30080, 0, 0, 0
18787, 72320, 1, 0, 0
18887, 26240, 0, 0, 0
18887, 65280, 1, 0, 0
18988, 35840, 0, 0, 0
18988, 69760, 1, 0, 0
19088, 27520, 0, 0, 0
19088, 87040, 1, 0, 0
19188, 23680, 0, 0, 0
19188, 58240, 1, 0, 0
19289, 22811, 0, 0, 0
19289, 66534, 1, 0, 0
19389, 32000, 0, 0, 0
19389, 65280, 1, 0, 0
19489, 25600, 0, 0, 0
19489, 69120, 1, 0, 0
19589, 30080, 0, 0, 0
19589, 65920, 1, 0, 0
19689, 28800, 0, 0, 0
19689, 53760, 1, 0, 0
19790, 26240, 0, 0, 0
19790, 59520, 1, 0, 0
19890, 33280, 0, 0, 0
19890, 71680, 1, 0, 0
19990, 41600, 0, 0, 0
19990, 62080, 1, 0, 0
20091, 30080, 0, 0, 0
20091, 65920, 1, 0, 0
20191, 29440, 0, 0, 0
20191, 65920, 1, 0, 0
20291, 26880, 0, 0, 0
20291, 60800, 1, 0, 0
20391, 26240, 0, 0, 0
20391, 65920, 1, 0, 0
20492, 27520, 0, 0, 0
20492, 64000, 1, 0, 0
20592, 28800, 0, 0, 0
20592, 59520, 1, 0, 0
20692, 29440, 0, 0, 0
20692, 65920, 1, 0, 0
20792, 30080, 0, 0, 0
20792, 64000, 1, 0, 0
20892, 18560, 0, 0, 0
20892, 55680, 1, 0, 0
20993, 31360, 0, 0, 0
20993, 73600, 1, 0, 0
21093, 30720, 0, 0, 0
21093, 66560, 1, 0, 0
21193, 29440, 0, 0, 0
21193, 64640, 1, 0, 0
21293, 24320, 0, 0, 0
21293, 55040, 1, 0, 0
21393, 24960, 0, 0, 0
21393, 78080, 1, 0, 0
21493, 35200, 0, 0, 0
21493, 66560, 1, 0, 0
21593, 25600, 0, 0, 0
21593, 67200, 1, 0, 0
21694, 28160, 0, 0, 0
21694, 70400, 1, 0, 0
21794, 35200, 0, 0, 0
21794, 65920, 1, 0, 0
21894, 28800, 0, 0, 0
21894, 71040, 1, 0, 0
21995, 28160, 0, 0, 0
21995, 66560, 1, 0, 0
22096, 28514, 0, 0, 0
22096, 58297, 1, 0, 0
22196, 33920, 0, 0, 0
22196, 65280, 1, 0, 0
22296, 17280, 0, 0, 0
22296, 63360, 1, 0, 0
22396, 28800, 0, 0, 0
22396, 55680, 1, 0, 0
22497, 17920, 0, 0, 0
22497, 49920, 1, 0, 0
22597, 23040, 0, 0, 0
22597, 68480, 1, 0, 0
22697, 38400, 0, 0, 0
22697, 73600, 1, 0, 0
22797, 30720, 0, 0, 0
22797, 58880, 1, 0, 0
22898, 37120, 0, 0, 0
22898, 70400, 1, 0, 0
22998, 31360, 0, 0, 0
22998, 70400, 1, 0, 0
23098, 28800, 0, 0, 0
23098, 79360, 1, 0, 0
23198, 30080, 0, 0, 0
23198, 64000, 1, 0, 0
23299, 29440, 0, 0, 0
23299, 69120, 1, 0, 0
23399, 28160, 0, 0, 0
23399, 71040, 1, 0, 0
23499, 37120, 0, 0, 0
23499, 61440, 1, 0, 0
23599, 30720, 0, 0, 0
23599, 66560, 1, 0, 0
23699, 22400, 0, 0, 0
23699, 55680, 1, 0, 0
23800, 32950, 0, 0, 0
23800, 86811, 1, 0, 0
23900, 19840, 0, 0, 0
23900, 46720, 1, 0, 0
24000, 24565, 0, 0, 0
24000, 61414, 1, 0, 0
24100, 29440, 0, 0, 0
24100, 64640, 1, 0, 0
24200, 30080, 0, 0, 0
24200, 56960, 1, 0, 0
24300, 30720, 0, 0, 0
24300, 67840, 1, 0, 0
24400, 28800, 0, 0, 0
24400, 56320, 1, 0, 0
24499, 32323, 0, 0, 0
24499, 60767, 1, 0, 0
24599, 30720, 0, 0, 0
24599, 51840, 1, 0, 0
24700, 30720, 0, 0, 0
24700, 69120, 1, 0, 0
24800, 32640, 0, 0, 0
24800, 64640, 1, 0, 0
24900, 28160, 0, 0, 0
24900, 65920, 1, 0, 0
24999, 34909, 0, 0, 0
24999, 61414, 1, 0, 0
25099, 26240, 0, 0, 0
25099, 62080, 1, 0, 0
25199, 16640, 0, 0, 0
25199, 30080, 1, 0, 0
25299, 33280, 0, 0, 0
25299, 66560, 1, 0, 0
25400, 24960, 0, 0, 0
25400, 46720, 1, 0, 0
25500, 27520, 0, 0, 0
25500, 80000, 1, 0, 0
25600, 31360, 0, 0, 0
25600, 61440, 1, 0, 0
25700, 36480, 0, 0, 0
25700, 62720, 1, 0, 0
25800, 32000, 0, 0, 0
25800, 55680, 1, 0, 0
25900, 30080, 0, 0, 0
25900, 62080, 1, 0, 0
25999, 32323, 0, 0, 0
25999, 71757, 1, 0, 0
26100, 37760, 0, 0, 0
26100, 60160, 1, 0, 0
26200, 30080, 0, 0, 0
26200, 59520, 1, 0, 0
26300, 25600, 0, 0, 0
26300, 65920, 1, 0, 0
26400, 28160, 0, 0, 0
26400, 75520, 1, 0, 0
26499, 24565, 0, 0, 0
26499, 78868, 1, 0, 0
26599, 19200, 0, 0, 0
26599, 66560, 1, 0, 0
26699, 30720, 0, 0, 0
26699, 53760, 1, 0, 0
26799, 28800, 0, 0, 0
26799, 64000, 1, 0, 0
26900, 28800, 0, 0, 0
26900, 58240, 1, 0, 0
26999, 28444, 0, 0, 0
26999, 64000, 1, 0, 0
27099, 30720, 0, 0, 0
27099, 64000, 1, 0, 0
27199, 28800, 0, 0, 0
27199, 72320, 1, 0, 0
27300, 25600, 0, 0, 0
27300, 55040, 1, 0, 0
27400, 23680, 0, 0, 0
27400, 72960, 1, 0, 0
27499, 25858, 0, 0, 0
27499, 49131, 1, 0, 0
27599, 35840, 0, 0, 0
27599, 78720, 1, 0, 0
27699, 31360, 0, 0, 0
27699, 80640, 1, 0, 0
27800, 29440, 0, 0, 0
27800, 67200, 1, 0, 0
27900, 21760, 0, 0, 0
27900, 64000, 1, 0, 0
28000, 27520, 0, 0, 0
28000, 59520, 1, 0, 0
28100, 35840, 0, 0, 0
28100, 58240, 1, 0, 0
28200, 26240, 0, 0, 0
28200, 62720, 1, 0, 0
28300, 26880, 0, 0, 0
28300, 80000, 1, 0, 0
28400, 28160, 0, 0, 0
28400, 60800, 1, 0, 0
28499, 32969, 0, 0, 0
28499, 70464, 1, 0, 0
28599, 31360, 0, 0, 0
28599, 66560, 1, 0, 0
28700, 26880, 0, 0, 0
28700, 67840, 1, 0, 0
28800, 28800, 0, 0, 0
28800, 58240, 1, 0, 0
28900, 33920, 0, 0, 0
28900, 75520, 1, 0, 0
28999, 28444, 0, 0, 0
28999, 69171, 1, 0, 0
29099, 28160, 0, 0, 0
29099, 87040, 1, 0, 0
29199, 28800, 0, 0, 0
29199, 82560, 1, 0, 0
29299, 24320, 0, 0, 0
29299, 74880, 1, 0, 0
29400, 21760, 0, 0, 0
29400, 58240, 1, 0, 0
29499, 23272, 0, 0, 0
29499, 61414, 1, 0, 0
29599, 36480, 0, 0, 0
29599, 78080, 1, 0, 0
29699, 34560, 0, 0, 0
29699, 72960, 1, 0, 0
29800, 30720, 0, 0, 0
29800, 67840, 1, 0, 0
29900, 34560, 0, 0, 0
29900, 72960, 1, 0, 0
30000, 32640, 0, 0, 0
30000, 70400, 1, 0, 0
30100, 33920, 0, 0, 0
30100, 69120, 1, 0, 0
30200, 27520, 0, 0, 0
30200, 72320, 1, 0, 0
30300, 28800, 0, 0, 0
30300, 80000, 1, 0, 0
30400, 26880, 0, 0, 0
30400, 64000, 1, 0, 0
30499, 40080, 0, 0, 0
30499, 87919, 1, 0, 0
30599, 29440, 0, 0, 0
30599, 65920, 1, 0, 0
30700, 29440, 0, 0, 0
30700, 58240, 1, 0, 0
30800, 24960, 0, 0, 0
30800, 69120, 1, 0, 0
30900, 32640, 0, 0, 0
30900, 59520, 1, 0, 0
30999, 26505, 0, 0, 0
30999, 69171, 1, 0, 0
31099, 21760, 0, 0, 0
31099, 67840, 1, 0, 0
31199, 41600, 0, 0, 0
31199, 72960, 1, 0, 0
31299, 35840, 0, 0, 0
31299, 71040, 1, 0, 0
31399, 23680, 0, 0, 0
31400, 75520, 1, 0, 0
31500, 25600, 0, 0, 0
31500, 74880, 1, 0, 0
31600, 24960, 0, 0, 0
31600, 78080, 1, 0, 0
31700, 45440, 0, 0, 0
31700, 67200, 1, 0, 0
31801, 22811, 0, 0, 0
31801, 72871, 1, 0, 0
31900, 39434, 0, 0, 0
31900, 73050, 1, 0, 0
31999, 20686, 0, 0, 0
31999, 62060, 1, 0, 0
32099, 35200, 0, 0, 0
32099, 76800, 1, 0, 0
32199, 21760, 0, 0, 0
32199, 68480, 1, 0, 0
32299, 31360, 0, 0, 0
32299, 80640, 1, 0, 0
32400, 32640, 0, 0, 0
32400, 71680, 1, 0, 0
32499, 31030, 0, 0, 0
32499, 64646, 1, 0, 0
32599, 30080, 0, 0, 0
32599, 54400, 1, 0, 0
32699, 21120, 0, 0, 0
32699, 51200, 1, 0, 0
32800, 30080, 0, 0, 0
32800, 68480, 1, 0, 0
32900, 32000, 0, 0, 0
32900, 74240, 1, 0, 0
32999, 33616, 0, 0, 0
32999, 73696, 1, 0, 0
33099, 24320, 0, 0, 0
33099, 75520, 1, 0, 0
33199, 34560, 0, 0, 0
33199, 70400, 1, 0, 0
33300, 33920, 0, 0, 0
33300, 69120, 1, 0, 0
33400, 40320, 0, 0, 0
33400, 81280, 1, 0, 0
33500, 26880, 0, 0, 0
33500, 65920, 1, 0, 0
33600, 35200, 0, 0, 0
33600, 59520, 1, 0, 0
33700, 21120, 0, 0, 0
33700, 78080, 1, 0, 0
33800, 37120, 0, 0, 0
33800, 71680, 1, 0, 0
33900, 28800, 0, 0, 0
33900, 58240, 1, 0, 0
33999, 27797, 0, 0, 0
33999, 76929, 1, 0, 0
34099, 36480, 0, 0, 0
34099, 69760, 1, 0, 0
34199, 22400, 0, 0, 0
34199, 62720, 1, 0, 0
34300, 32640, 0, 0, 0
34300, 69760, 1, 0, 0
34400, 26880, 0, 0, 0
34400, 67840, 1, 0, 0
34500, 36480, 0, 0, 0
34500, 76160, 1, 0, 0
34600, 35200, 0, 0, 0
34600, 81920, 1, 0, 0
34700, 23040, 0, 0, 0
34700, 80640, 1, 0, 0
34800, 31360, 0, 0, 0
34800, 70400, 1, 0, 0
34901, 31360, 0, 0, 0
34901, 71040, 1, 0, 0
35000, 29090, 0, 0, 0
35000, 66585, 1, 0, 0
35100, 26240, 0, 0, 0
35100, 82560, 1, 0, 0
35200, 37120, 0, 0, 0
35200, 81280, 1, 0, 0
35300, 21760, 0, 0, 0
35300, 72320, 1, 0, 0
35400, 26880, 0, 0, 0
35400, 66560, 1, 0, 0
35499, 33616, 0, 0, 0
35499, 62707, 1, 0, 0
35599, 35200, 0, 0, 0
35599, 73600, 1, 0, 0
35699, 33280, 0, 0, 0
35699, 71040, 1, 0, 0
35799, 32640, 0, 0, 0
35799, 65920, 1, 0, 0
35899, 22400, 0, 0, 0
35899, 60800, 1, 0, 0
36000, 24960, 0, 0, 0
36000, 79360, 1, 0, 0
36100, 26880, 0, 0, 0
36100, 65280, 1, 0, 0
36200, 28160, 0, 0, 0
36200, 72320, 1, 0, 0
36300, 40960, 0, 0, 0
36300, 81280, 1, 0, 0
36400, 21760, 0, 0, 0
36400, 61440, 1, 0, 0
36499, 22626, 0, 0, 0
36499, 68525, 1, 0, 0
36599, 28160, 0, 0, 0
36599, 67840, 1, 0, 0
36699, 21120, 0, 0, 0
36699, 62720, 1, 0, 0
36799, 26880, 0, 0, 0
36799, 85760, 1, 0, 0
36899, 24960, 0, 0, 0
36899, 65280, 1, 0, 0
36999, 28800, 0, 0, 0
36999, 55040, 1, 0, 0
37099, 27520, 0, 0, 0
37099, 67200, 1, 0, 0
37199, 28160, 0, 0, 0
37199, 53760, 1, 0, 0
37300, 24960, 0, 0, 0
37300, 65920, 1, 0, 0
37400, 32640, 0, 0, 0
37400, 67200, 1, 0, 0
37500, 26880, 0, 0, 0
37500, 62080, 1, 0, 0
37600, 23680, 0, 0, 0
37600, 60160, 1, 0, 0
37700, 25600, 0, 0, 0
37700, 57600, 1, 0, 0
37800, 23040, 0, 0, 0
37800, 59520, 1, 0, 0
37900, 28160, 0, 0, 0
37900, 65920, 1, 0, 0
37999, 40727, 0, 0, 0
37999, 60767, 1, 0, 0
38099, 22400, 0, 0, 0
38099, 48640, 1, 0, 0
38199, 28800, 0, 0, 0
38199, 69760, 1, 0, 0
38299, 41600, 0, 0, 0
38299, 61440, 1, 0, 0
38400, 28160, 0, 0, 0
38400, 78080, 1, 0, 0
38500, 21120, 0, 0, 0
38500, 48000, 1, 0, 0
38600, 30720, 0, 0, 0
38600, 65920, 1, 0, 0
38700, 41600, 0, 0, 0
38700, 69120, 1, 0, 0
38800, 30080, 0, 0, 0
38800, 65920, 1, 0, 0
38900, 31360, 0, 0, 0
38900, 65920, 1, 0, 0
38999, 26505, 0, 0, 0
38999, 76929, 1, 0, 0
39099, 27520, 0, 0, 0
39099, 71040, 1, 0, 0
39199, 24960, 0, 0, 0
39199, 74240, 1, 0, 0
39299, 26240, 0, 0, 0
39299, 64000, 1, 0, 0
39400, 28800, 0, 0, 0
39400, 67840, 1, 0, 0
39500, 17280, 0, 0, 0
39500, 41600, 1, 0, 0
39600, 32000, 0, 0, 0
39600, 70400, 1, 0, 0
39700, 33920, 0, 0, 0
39700, 76800, 1, 0, 0
39800, 25600, 0, 0, 0
39800, 72320, 1, 0, 0
39900, 27520, 0, 0, 0
39900, 72960, 1, 0, 0
39999, 31030, 0, 0, 0
39999, 70464, 1, 0, 0
40099, 25600, 0, 0, 0
40099, 76160, 1, 0, 0
40199, 33920, 0, 0, 0
40199, 70400, 1, 0, 0
40300, 30720, 0, 0, 0
40300, 72960, 1, 0, 0
40400, 39040, 0, 0, 0
40400, 69760, 1, 0, 0
40500, 40320, 0, 0, 0
40500, 65920, 1, 0, 0
40600, 29440, 0, 0, 0
40600, 81280, 1, 0, 0
40700, 32640, 0, 0, 0
40700, 78080, 1, 0, 0
40800, 37120, 0, 0, 0
40800, 94080, 1, 0, 0
40900, 33280, 0, 0, 0
40900, 72960, 1, 0, 0
40999, 32969, 0, 0, 0
40999, 71757, 1, 0, 0
41099, 27520, 0, 0, 0
41099, 53120, 1, 0, 0
41199, 32640, 0, 0, 0
41199, 66560, 1, 0, 0
41299, 23040, 0, 0, 0
41299, 49920, 1, 0, 0
41400, 31360, 0, 0, 0
41400, 62720, 1, 0, 0
41500, 30080, 0, 0, 0
41500, 69760, 1, 0, 0
41600, 32000, 0, 0, 0
41600, 60160, 1, 0, 0
41700, 22400, 0, 0, 0
41700, 66560, 1, 0, 0
41800, 26880, 0, 0, 0
41800, 62720, 1, 0, 0
41901, 24320, 0, 0, 0
41901, 65920, 1, 0, 0
42000, 27797, 0, 0, 0
42000, 66585, 1, 0, 0
42100, 26240, 0, 0, 0
42100, 65920, 1, 0, 0
42200, 24960, 0, 0, 0
42200, 59520, 1, 0, 0
42300, 26240, 0, 0, 0
42300, 60800, 1, 0, 0
42400, 27520, 0, 0, 0
42400, 65920, 1, 0, 0
42499, 40727, 0, 0, 0
42499, 69818, 1, 0, 0
42600, 21120, 0, 0, 0
42600, 71040, 1, 0, 0
42700, 27520, 0, 0, 0
42700, 76160, 1, 0, 0
42800, 29440, 0, 0, 0
42800, 62080, 1, 0, 0
42900, 38400, 0, 0, 0
42900, 62080, 1, 0, 0
42999, 30383, 0, 0, 0
42999, 61414, 1, 0, 0
43101, 28862, 0, 0, 0
43101, 74666, 1, 0, 0
43200, 32323, 0, 0, 0
43200, 78868, 1, 0, 0
43300, 28160, 0, 0, 0
43300, 67840, 1, 0, 0
43400, 12160, 0, 0, 0
43400, 30080, 1, 0, 0
43499, 28444, 0, 0, 0
43499, 65292, 1, 0, 0
43600, 19200, 0, 0, 0
43600, 49920, 1, 0, 0
43700, 28800, 0, 0, 0
43700, 71040, 1, 0, 0
43800, 33280, 0, 0, 0
43800, 71680, 1, 0, 0
43900, 42880, 0, 0, 0
43900, 73600, 1, 0, 0
43999, 24565, 0, 0, 0
43999, 78222, 1, 0, 0
44099, 37120, 0, 0, 0
44099, 76800, 1, 0, 0
44199, 32000, 0, 0, 0
44199, 77440, 1, 0, 0
44300, 33280, 0, 0, 0
44300, 67200, 1, 0, 0
44400, 22400, 0, 0, 0
44400, 64000, 1, 0, 0
44499, 24565, 0, 0, 0
44499, 80808, 1, 0, 0
44599, 28160, 0, 0, 0
44599, 65920, 1, 0, 0
44699, 32000, 0, 0, 0
44699, 55680, 1, 0, 0
44799, 28160, 0, 0, 0
44799, 68480, 1, 0, 0
44899, 39680, 0, 0, 0
44899, 78720, 1, 0, 0
44999, 27797, 0, 0, 0
44999, 80808, 1, 0, 0
45099, 30080, 0, 0, 0
45099, 51840, 1, 0, 0
45199, 33920, 0, 0, 0
45199, 79360, 1, 0, 0
45300, 26240, 0, 0, 0
45300, 65280, 1, 0, 0
45400, 32000, 0, 0, 0
45400, 66560, 1, 0, 0
45499, 36202, 0, 0, 0
45499, 68525, 1, 0, 0
45599, 25600, 0, 0, 0
45599, 62080, 1, 0, 0
45699, 25600, 0, 0, 0
45699, 51200, 1, 0, 0
45799, 28800, 0, 0, 0
45799, 67200, 1, 0, 0
45900, 33280, 0, 0, 0
45900, 65280, 1, 0, 0
46000, 21120, 0, 0, 0
46000, 58240, 1, 0, 0
46100, 28800, 0, 0, 0
46100, 60800, 1, 0, 0
46200, 28160, 0, 0, 0
46200, 72960, 1, 0, 0
46300, 31360, 0, 0, 0
46300, 60160, 1, 0, 0
46400, 28160, 0, 0, 0
46400, 62080, 1, 0, 0
46499, 32323, 0, 0, 0
46499, 73696, 1, 0, 0
46599, 26880, 0, 0, 0
46599, 61440, 1, 0, 0
46699, 23040, 0, 0, 0
46699, 68480, 1, 0, 0
46800, 23680, 0, 0, 0
46800, 71040, 1, 0, 0
46900, 26880, 0, 0, 0
46900, 66560, 1, 0, 0
46999, 25858, 0, 0, 0
46999, 64646, 1, 0, 0
47099, 31360, 0, 0, 0
47099, 65280, 1, 0, 0
47199, 21760, 0, 0, 0
47199, 67840, 1, 0, 0
47300, 28800, 0, 0, 0
47300, 76800, 1, 0, 0
47400, 22400, 0, 0, 0
47400, 76160, 1, 0, 0
47499, 22626, 0, 0, 0
47499, 54949, 1, 0, 0
47599, 25600, 0, 0, 0
47599, 65280, 1, 0, 0
47699, 16000, 0, 0, 0
47699, 49280, 1, 0, 0
47799, 20480, 0, 0, 0
47799, 56960, 1, 0, 0
47900, 31360, 0, 0, 0
47900, 62720, 1, 0, 0
48000, 32640, 0, 0, 0
48000, 64640, 1, 0, 0
48100, 30720, 0, 0, 0
48100, 76160, 1, 0, 0
48200, 28800, 0, 0, 0
48200, 62720, 1, 0, 0
48300, 34560, 0, 0, 0
48300, 88320, 1, 0, 0
48400, 28800, 0, 0, 0
48400, 78720, 1, 0, 0
48499, 30383, 0, 0, 0
48499, 69818, 1, 0, 0
48599, 29440, 0, 0, 0
48599, 69120, 1, 0, 0
48699, 37760, 0, 0, 0
48699, 78080, 1, 0, 0
48800, 34560, 0, 0, 0
48800, 80000, 1, 0, 0
48900, 26880, 0, 0, 0
48900, 65920, 1, 0, 0
49000, 24320, 0, 0, 0
49000, 80000, 1, 0, 0
49100, 25600, 0, 0, 0
49100, 66560, 1, 0, 0
49200, 30080, 0, 0, 0
49200, 65280, 1, 0, 0
49300, 29440, 0, 0, 0
49300, 73600, 1, 0, 0
49400, 25600, 0, 0, 0
49400, 52480, 1, 0, 0
49499, 34262, 0, 0, 0
49499, 69818, 1, 0, 0
49599, 35840, 0, 0, 0
49599, 69760, 1, 0, 0
49700, 27520, 0, 0, 0
49700, 66560, 1, 0, 0
49800, 26880, 0, 0, 0
49800, 64640, 1, 0, 0
49900, 32640, 0, 0, 0
49900, 74880, 1, 0, 0
49999, 28444, 0, 0, 0
49999, 70464, 1, 0, 0
50099, 24320, 0, 0, 0
50099, 62720, 1, 0, 0
50199, 26240, 0, 0, 0
50199, 62080, 1, 0, 0
50300, 32000, 0, 0, 0
50300, 61440, 1, 0, 0
50400, 30080, 0, 0, 0
50400, 71040, 1, 0, 0
50499, 33616, 0, 0, 0
50499, 80808, 1, 0, 0
50599, 30720, 0, 0, 0
50599, 67840, 1, 0, 0
50699, 32640, 0, 0, 0
50699, 92160, 1, 0, 0
50800, 42240, 0, 0, 0
50800, 70400, 1, 0, 0
50900, 26240, 0, 0, 0
50900, 50560, 1, 0, 0
50999, 29090, 0, 0, 0
50999, 78868, 1, 0, 0
51099, 33280, 0, 0, 0
51099, 62720, 1, 0, 0
51199, 30720, 0, 0, 0
51199, 74880, 1, 0, 0
51299, 23680, 0, 0, 0
51299, 76160, 1, 0, 0
51400, 27520, 0, 0, 0
51400, 54400, 1, 0, 0
51500, 19200, 0, 0, 0
51500, 48000, 1, 0, 0
51600, 42240, 0, 0, 0
51600, 79360, 1, 0, 0
51700, 35840, 0, 0, 0
51700, 80000, 1, 0, 0
51800, 26240, 0, 0, 0
51800, 74240, 1, 0, 0
51900, 26240, 0, 0, 0
51900, 58880, 1, 0, 0
51999, 40727, 0, 0, 0
51999, 77575, 1, 0, 0
52099, 26880, 0, 0, 0
52099, 60160, 1, 0, 0
52199, 26240, 0, 0, 0
52199, 64000, 1, 0, 0
52300, 24320, 0, 0, 0
52300, 69120, 1, 0, 0
52400, 36480, 0, 0, 0
52400, 60160, 1, 0, 0
52499, 28444, 0, 0, 0
52499, 87272, 1, 0, 0
52599, 28800, 0, 0, 0
52599, 69120, 1, 0, 0
52699, 27520, 0, 0, 0
52699, 71040, 1, 0, 0
52800, 23040, 0, 0, 0
52800, 72320, 1, 0, 0
52900, 37760, 0, 0, 0
52900, 69120, 1, 0, 0
52999, 29090, 0, 0, 0
52999, 63353, 1, 0, 0
53099, 36480, 0, 0, 0
53099, 63360, 1, 0, 0
53199, 30720, 0, 0, 0
53199, 75520, 1, 0, 0
53299, 26880, 0, 0, 0
53299, 55680, 1, 0, 0
53400, 24960, 0, 0, 0
53400, 68480, 1, 0, 0
53500, 31360, 0, 0, 0
53500, 62080, 1, 0, 0
53600, 19840, 0, 0, 0
53600, 76160, 1, 0, 0
53700, 26240, 0, 0, 0
53700, 67200, 1, 0, 0
53800, 25600, 0, 0, 0
53800, 60800, 1, 0, 0
53900, 35840, 0, 0, 0
53900, 56320, 1, 0, 0
53999, 36848, 0, 0, 0
53999, 73696, 1, 0, 0
54099, 27520, 0, 0, 0
54099, 54400, 1, 0, 0
54199, 37120, 0, 0, 0
54199, 73600, 1, 0, 0
54300, 28800, 0, 0, 0
54300, 64000, 1, 0, 0
54400, 32000, 0, 0, 0
54400, 69120, 1, 0, 0
54499, 33616, 0, 0, 0
54499, 65292, 1, 0, 0
54599, 27520, 0, 0, 0
54599, 56960, 1, 0, 0
54699, 25600, 0, 0, 0
54699, 68480, 1, 0, 0
54799, 33920, 0, 0, 0
54799, 73600, 1, 0, 0
54899, 30080, 0, 0, 0
54899, 64000, 1, 0, 0
55000, 38400, 0, 0, 0
55000, 69760, 1, 0, 0
55100, 30720, 0, 0, 0
55100, 58880, 1, 0, 0
55200, 22400, 0, 0, 0
55200, 56320, 1, 0, 0
55300, 25600, 0, 0, 0
55300, 67840, 1, 0, 0
55400, 24320, 0, 0, 0
55400, 54400, 1, 0, 0
55499, 26505, 0, 0, 0
55499, 52363, 1, 0, 0
55600, 29440, 0, 0, 0
55600, 55040, 1, 0, 0
55700, 30720, 0, 0, 0
55700, 76800, 1, 0, 0
55800, 31360, 0, 0, 0
55800, 71680, 1, 0, 0
55900, 35840, 0, 0, 0
55900, 74880, 1, 0, 0
55999, 28444, 0, 0, 0
55999, 56888, 1, 0, 0
56100, 37120, 0, 0, 0
56100, 80640, 1, 0, 0
56200, 23040, 0, 0, 0
56200, 52480, 1, 0, 0
56300, 24320, 0, 0, 0
56300, 53120, 1, 0, 0
56400, 31360, 0, 0, 0
56400, 68480, 1, 0, 0
56499, 23919, 0, 0, 0
56499, 64646, 1, 0, 0
56599, 30720, 0, 0, 0
56599, 69120, 1, 0, 0
56699, 23040, 0, 0, 0
56699, 58880, 1, 0, 0
56799, 32640, 0, 0, 0
56799, 70400, 1, 0, 0
56899, 33920, 0, 0, 0
56899, 68480, 1, 0, 0
56999, 33616, 0, 0, 0
56999, 72404, 1, 0, 0
57099, 36480, 0, 0, 0
57099, 64640, 1, 0, 0
57199, 23680, 0, 0, 0
57199, 76800, 1, 0, 0
57299, 19200, 0, 0, 0
57299, 58240, 1, 0, 0
57400, 22400, 0, 0, 0
57400, 84480, 1, 0, 0
57499, 32323, 0, 0, 0
57499, 76282, 1, 0, 0
57599, 30720, 0, 0, 0
57599, 72320, 1, 0, 0
57699, 32640, 0, 0, 0
57699, 61440, 1, 0, 0
57800, 27520, 0, 0, 0
57800, 64640, 1, 0, 0
57900, 33920, 0, 0, 0
57900, 71040, 1, 0, 0
58000, 21760, 0, 0, 0
58000, 74240, 1, 0, 0
58100, 27520, 0, 0, 0
58100, 67840, 1, 0, 0
58200, 28800, 0, 0, 0
58200, 65920, 1, 0, 0
58300, 30720, 0, 0, 0
58300, 77440, 1, 0, 0
58400, 35200, 0, 0, 0
58400, 72320, 1, 0, 0
58499, 38141, 0, 0, 0
58499, 74989, 1, 0, 0
58599, 38400, 0, 0, 0
58599, 71040, 1, 0, 0
58699, 26240, 0, 0, 0
58699, 67200, 1, 0, 0
58800, 32000, 0, 0, 0
58800, 60160, 1, 0, 0
58900, 37120, 0, 0, 0
58900, 75520, 1, 0, 0
58999, 29090, 0, 0, 0
58999, 72404, 1, 0, 0
59099, 36480, 0, 0, 0
59099, 69760, 1, 0, 0
59199, 42240, 0, 0, 0
59199, 67840, 1, 0, 0
59300, 26240, 0, 0, 0
59300, 62720, 1, 0, 0
59400, 35200, 0, 0, 0
59400, 72320, 1, 0, 0
59500, 16640, 0, 0, 0
59500, 55040, 1, 0, 0
59600, 37120, 0, 0, 0
59600, 67840, 1, 0, 0
59700, 23680, 0, 0, 0
59700, 66560, 1, 0, 0
59800, 27520, 0, 0, 0
59800, 63360, 1, 0, 0
59900, 23680, 0, 0, 0
59900, 68480, 1, 0, 0
59999, 30383, 0, 0, 0
59999, 58828, 1, 0, 0
60099, 27520, 0, 0, 0
60099, 65920, 1, 0, 0
60199, 39040, 0, 0, 0
60199, 78080, 1, 0, 0
60300, 30080, 0, 0, 0
60300, 70400, 1, 0, 0
60400, 36480, 0, 0, 0
60400, 76160, 1, 0, 0
60499, 27151, 0, 0, 0
60499, 69818, 1, 0, 0
60599, 21760, 0, 0, 0
60599, 49920, 1, 0, 0
60699, 32640, 0, 0, 0
60699, 73600, 1, 0, 0
60800, 31360, 0, 0, 0
60800, 58240, 1, 0, 0
60900, 33920, 0, 0, 0
60900, 73600, 1, 0, 0
60999, 35555, 0, 0, 0
60999, 73696, 1, 0, 0
61099, 25600, 0, 0, 0
61099, 76800, 1, 0, 0
61199, 24320, 0, 0, 0
61199, 62720, 1, 0, 0
61300, 25600, 0, 0, 0
61300, 60800, 1, 0, 0
61400, 26240, 0, 0, 0
61400, 80640, 1, 0, 0
61499, 21979, 0, 0, 0
61499, 42020, 1, 0, 0
61599, 33280, 0, 0, 0
61599, 65920, 1, 0, 0
61699, 33280, 0, 0, 0
61699, 67840, 1, 0, 0
61799, 31360, 0, 0, 0
61799, 69120, 1, 0, 0
61900, 32000, 0, 0, 0
61900, 66560, 1, 0, 0
62000, 30383, 0, 0, 0
62000, 73696, 1, 0, 0
62100, 26880, 0, 0, 0
62100, 69760, 1, 0, 0
62200, 32000, 0, 0, 0
62200, 68480, 1, 0, 0
62300, 28160, 0, 0, 0
62300, 56960, 1, 0, 0
62400, 35200, 0, 0, 0
62400, 69760, 1, 0, 0
62499, 23919, 0, 0, 0
62499, 60121, 1, 0, 0
62599, 21760, 0, 0, 0
62599, 62080, 1, 0, 0
62700, 31360, 0, 0, 0
62700, 80000, 1, 0, 0
62800, 20480, 0, 0, 0
62800, 61440, 1, 0, 0
62900, 27520, 0, 0, 0
62900, 64640, 1, 0, 0
62999, 31030, 0, 0, 0
62999, 68525, 1, 0, 0
63099, 32640, 0, 0, 0
63099, 70400, 1, 0, 0
63199, 21760, 0, 0, 0
63199, 61440, 1, 0, 0
63299, 33920, 0, 0, 0
63299, 62720, 1, 0, 0
63399, 25600, 0, 0, 0
63399, 57600, 1, 0, 0
63500, 33920, 0, 0, 0
63500, 58880, 1, 0, 0
63600, 39040, 0, 0, 0
63600, 67840, 1, 0, 0
63700, 23040, 0, 0, 0
63700, 66560, 1, 0, 0
63800, 26880, 0, 0, 0
63800, 67840, 1, 0, 0
63900, 33920, 0, 0, 0
63900, 65920, 1, 0, 0
63999, 33616, 0, 0, 0
63999, 64000, 1, 0, 0
64099, 27520, 0, 0, 0
64099, 58880, 1, 0, 0
64199, 30080, 0, 0, 0
64199, 61440, 1, 0, 0
64299, 29440, 0, 0, 0
64299, 59520, 1, 0, 0
64399, 23680, 0, 0, 0
64399, 61440, 1, 0, 0
64500, 30720, 0, 0, 0
64500, 69760, 1, 0, 0
64600, 30080, 0, 0, 0
64600, 69120, 1, 0, 0
64700, 28160, 0, 0, 0
64700, 72320, 1, 0, 0
64800, 27520, 0, 0, 0
64800, 69120, 1, 0, 0
64900, 25600, 0, 0, 0
64900, 62080, 1, 0, 0
64999, 27151, 0, 0, 0
64999, 55595, 1, 0, 0
65099, 26240, 0, 0, 0
65099, 72320, 1, 0, 0
65199, 29440, 0, 0, 0
65199, 74240, 1, 0, 0
65300, 27520, 0, 0, 0
65300, 64640, 1, 0, 0
65400, 28800, 0, 0, 0
65400, 76160, 1, 0, 0
65499, 29090, 0, 0, 0
65499, 78222, 1, 0, 0
65599, 29440, 0, 0, 0
65599, 60160, 1, 0, 0
65699, 30720, 0, 0, 0
65699, 64640, 1, 0, 0
65799, 26880, 0, 0, 0
65799, 59520, 1, 0, 0
65900, 28800, 0, 0, 0
65900, 70400, 1, 0, 0
66000, 32000, 0, 0, 0
66000, 69760, 1, 0, 0
66100, 27520, 0, 0, 0
66100, 64000, 1, 0, 0
66200, 37760, 0, 0, 0
66200, 79360, 1, 0, 0
66300, 30720, 0, 0, 0
66300, 70400, 1, 0, 0
66400, 28160, 0, 0, 0
66400, 81280, 1, 0, 0
66499, 27797, 0, 0, 0
66499, 76282, 1, 0, 0
66599, 28800, 0, 0, 0
66599, 60160, 1, 0, 0
66700, 36480, 0, 0, 0
66700, 62720, 1, 0, 0
66800, 30080, 0, 0, 0
66800, 74240, 1, 0, 0
66900, 29440, 0, 0, 0
66900, 74880, 1, 0, 0
66999, 41373, 0, 0, 0
66999, 78868, 1, 0, 0
67099, 30080, 0, 0, 0
67099, 79360, 1, 0, 0
67199, 35200, 0, 0, 0
67199, 76800, 1, 0, 0
67299, 32000, 0, 0, 0
67300, 59520, 1, 0, 0
67400, 30720, 0, 0, 0
67400, 74240, 1, 0, 0
67499, 27151, 0, 0, 0
67499, 76282, 1, 0, 0
67599, 37760, 0, 0, 0
67599, 76800, 1, 0, 0
67699, 33920, 0, 0, 0
67699, 66560, 1, 0, 0
67800, 26240, 0, 0, 0
67800, 79360, 1, 0, 0
67900, 24960, 0, 0, 0
67900, 73600, 1, 0, 0
67999, 29737, 0, 0, 0
67999, 65939, 1, 0, 0
68099, 24320, 0, 0, 0
68099, 62080, 1, 0, 0
68199, 26880, 0, 0, 0
68199, 62720, 1, 0, 0
68300, 40320, 0, 0, 0
68300, 72960, 1, 0, 0
68400, 25600, 0, 0, 0
68400, 65280, 1, 0, 0
68499, 27151, 0, 0, 0
68499, 64646, 1, 0, 0
68599, 24960, 0, 0, 0
68599, 78080, 1, 0, 0
68699, 23040, 0, 0, 0
68699, 64000, 1, 0, 0
68799, 19840, 0, 0, 0
68799, 60800, 1, 0, 0
68900, 26240, 0, 0, 0
68900, 68480, 1, 0, 0
69000, 35200, 0, 0, 0
69000, 67200, 1, 0, 0
69100, 29440, 0, 0, 0
69100, 65920, 1, 0, 0
69200, 21760, 0, 0, 0
69200, 57600, 1, 0, 0
69300, 26880, 0, 0, 0
69300, 72320, 1, 0, 0
69400, 24960, 0, 0, 0
69400, 78720, 1, 0, 0
69499, 32323, 0, 0, 0
69499, 64646, 1, 0, 0
69600, 40320, 0, 0, 0
69600, 70400, 1, 0, 0
69700, 32000, 0, 0, 0
69700, 74240, 1, 0, 0
69800, 21760, 0, 0, 0
69800, 64000, 1, 0, 0
69900, 32640, 0, 0, 0
69900, 72960, 1, 0, 0
69999, 23272, 0, 0, 0
69999, 72404, 1, 0, 0
70099, 32000, 0, 0, 0
70099, 62720, 1, 0, 0
70199, 35200, 0, 0, 0
70199, 83200, 1, 0, 0
70299, 28160, 0, 0, 0
70299, 67200, 1, 0, 0
70399, 27520, 0, 0, 0
70399, 63360, 1, 0, 0
70499, 31360, 0, 0, 0
70499, 56320, 1, 0, 0
70600, 26880, 0, 0, 0
70600, 44800, 1, 0, 0
70700, 34560, 0, 0, 0
70700, 78720, 1, 0, 0
70801, 26880, 0, 0, 0
70801, 70400, 1, 0, 0
70900, 27151, 0, 0, 0
70900, 64646, 1, 0, 0
71000, 26240, 0, 0, 0
71000, 69120, 1, 0, 0
71100, 33280, 0, 0, 0
71100, 78720, 1, 0, 0
71200, 35200, 0, 0, 0
71200, 62720, 1, 0, 0
71300, 23680, 0, 0, 0
71300, 78080, 1, 0, 0
71400, 25600, 0, 0, 0
71400, 80640, 1, 0, 0
71499, 28444, 0, 0, 0
71499, 63353, 1, 0, 0
71599, 21760, 0, 0, 0
71599, 72320, 1, 0, 0
71699, 38400, 0, 0, 0
71699, 76160, 1, 0, 0
71800, 24320, 0, 0, 0
71800, 53760, 1, 0, 0
71900, 30720, 0, 0, 0
71900, 61440, 1, 0, 0
72000, 23680, 0, 0, 0
72000, 47360, 1, 0, 0
72100, 24960, 0, 0, 0
72100, 57600, 1, 0, 0
72200, 25600, 0, 0, 0
72200, 48000, 1, 0, 0
72300, 23680, 0, 0, 0
72300, 73600, 1, 0, 0
72400, 39040, 0, 0, 0
72400, 80640, 1, 0, 0
72499, 19393, 0, 0, 0
72499, 65939, 1, 0, 0
72599, 35200, 0, 0, 0
72599, 63360, 1, 0, 0
72700, 33280, 0, 0, 0
72700, 71680, 1, 0, 0
72800, 24320, 0, 0, 0
72800, 53760, 1, 0, 0
72900, 35840, 0, 0, 0
72900, 81280, 1, 0, 0
72999, 29737, 0, 0, 0
72999, 72404, 1, 0, 0
73099, 16640, 0, 0, 0
73099, 60800, 1, 0, 0
73199, 30720, 0, 0, 0
73199, 69760, 1, 0, 0
73299, 35200, 0, 0, 0
73299, 74240, 1, 0, 0
73400, 26880, 0, 0, 0
73400, 77440, 1, 0, 0
73500, 20480, 0, 0, 0
73500, 56320, 1, 0, 0
73600, 19200, 0, 0, 0
73600, 59520, 1, 0, 0
73700, 26880, 0, 0, 0
73700, 67200, 1, 0, 0
73800, 26240, 0, 0, 0
73800, 74240, 1, 0, 0
73900, 21120, 0, 0, 0
73900, 68480, 1, 0, 0
73999, 31030, 0, 0, 0
73999, 59474, 1, 0, 0
74099, 30720, 0, 0, 0
74099, 64000, 1, 0, 0
74199, 35840, 0, 0, 0
74199, 72960, 1, 0, 0
74299, 27520, 0, 0, 0
74299, 71040, 1, 0, 0
74400, 34560, 0, 0, 0
74400, 75520, 1, 0, 0
74499, 34909, 0, 0, 0
74499, 48484, 1, 0, 0
74599, 32640, 0, 0, 0
74599, 68480, 1, 0, 0
74699, 37760, 0, 0, 0
74699, 77440, 1, 0, 0
74799, 28800, 0, 0, 0
74799, 75520, 1, 0, 0
74900, 24960, 0, 0, 0
74900, 48000, 1, 0, 0
75000, 26880, 0, 0, 0
75000, 67200, 1, 0, 0
75100, 29440, 0, 0, 0
75100, 61440, 1, 0, 0
75200, 31360, 0, 0, 0
75200, 76160, 1, 0, 0
75300, 27520, 0, 0, 0
75300, 71680, 1, 0, 0
75400, 31360, 0, 0, 0
75400, 69760, 1, 0, 0
75499, 29737, 0, 0, 0
75499, 62060, 1, 0, 0
75599, 29440, 0, 0, 0
75599, 70400, 1, 0, 0
75699, 41600, 0, 0, 0
75699, 71680, 1, 0, 0
75799, 20480, 0, 0, 0
75799, 64000, 1, 0, 0
75899, 27520, 0, 0, 0
75899, 54400, 1, 0, 0
76000, 37120, 0, 0, 0
76000, 77440, 1, 0, 0
76100, 23680, 0, 0, 0
76100, 70400, 1, 0, 0
76200, 12800, 0, 0, 0
76200, 48640, 1, 0, 0
76300, 27520, 0, 0, 0
76300, 51840, 1, 0, 0
76400, 38400, 0, 0, 0
76400, 70400, 1, 0, 0
76500, 23919, 0, 0, 0
76500, 63353, 1, 0, 0
76600, 19840, 0, 0, 0
76600, 77440, 1, 0, 0
76700, 31360, 0, 0, 0
76700, 57600, 1, 0, 0
76800, 27520, 0, 0, 0
76800, 75520, 1, 0, 0
76900, 30720, 0, 0, 0
76900, 62720, 1, 0, 0
76999, 40080, 0, 0, 0
76999, 66585, 1, 0, 0
77099, 36480, 0, 0, 0
77099, 61440, 1, 0, 0
77200, 26880, 0, 0, 0
77200, 68480, 1, 0, 0
77300, 18560, 0, 0, 0
77300, 60160, 1, 0, 0
77400, 30080, 0, 0, 0
77400, 55680, 1, 0, 0
77499, 31030, 0, 0, 0
77499, 62060, 1, 0, 0
77599, 23040, 0, 0, 0
77599, 61440, 1, 0, 0
77699, 22400, 0, 0, 0
77699, 58240, 1, 0, 0
77799, 32640, 0, 0, 0
77799, 74880, 1, 0, 0
77899, 33920, 0, 0, 0
77899, 62080, 1, 0, 0
78000, 21760, 0, 0, 0
78000, 56960, 1, 0, 0
78100, 34560, 0, 0, 0
78100, 66560, 1, 0, 0
78200, 29440, 0, 0, 0
78200, 69760, 1, 0, 0
78300, 27520, 0, 0, 0
78300, 53120, 1, 0, 0
78400, 21760, 0, 0, 0
78400, 52480, 1, 0, 0
78499, 37494, 0, 0, 0
78499, 64646, 1, 0, 0
78599, 24320, 0, 0, 0
78599, 67840, 1, 0, 0
78699, 33280, 0, 0, 0
78699, 68480, 1, 0, 0
78799, 19200, 0, 0, 0
78799, 53120, 1, 0, 0
78899, 30720, 0, 0, 0
78899, 64640, 1, 0, 0
78999, 32969, 0, 0, 0
78999, 73050, 1, 0, 0
79099, 21120, 0, 0, 0
79099, 76160, 1, 0, 0
79199, 30080, 0, 0, 0
79199, 71680, 1, 0, 0
79300, 33280, 0, 0, 0
79300, 72320, 1, 0, 0
79400, 32000, 0, 0, 0
79400, 62080, 1, 0, 0
79499, 34909, 0, 0, 0
79499, 74989, 1, 0, 0
79600, 28160, 0, 0, 0
79600, 73600, 1, 0, 0
79700, 28160, 0, 0, 0
79700, 44160, 1, 0, 0
79800, 32000, 0, 0, 0
79800, 71680, 1, 0, 0
79900, 24320, 0, 0, 0
79900, 76160, 1, 0, 0
79999, 32969, 0, 0, 0
79999, 76282, 1, 0, 0
80099, 31360, 0, 0, 0
80099, 67840, 1, 0, 0
80199, 26880, 0, 0, 0
80199, 74240, 1, 0, 0
80299, 28800, 0, 0, 0
80299, 71040, 1, 0, 0
80400, 25600, 0, 0, 0
80400, 54400, 1, 0, 0
80499, 26505, 0, 0, 0
80499, 64646, 1, 0, 0
80599, 23680, 0, 0, 0
80599, 55040, 1, 0, 0
80699, 31360, 0, 0, 0
80699, 80000, 1, 0, 0
80799, 33280, 0, 0, 0
80799, 76800, 1, 0, 0
80900, 30720, 0, 0, 0
80900, 76160, 1, 0, 0
80999, 26505, 0, 0, 0
80999, 51070, 1, 0, 0
81099, 32640, 0, 0, 0
81099, 74240, 1, 0, 0
81199, 32000, 0, 0, 0
81199, 66560, 1, 0, 0
81300, 27520, 0, 0, 0
81300, 59520, 1, 0, 0
81400, 24960, 0, 0, 0
81400, 65280, 1, 0, 0
81499, 31030, 0, 0, 0
81499, 72404, 1, 0, 0
81599, 28160, 0, 0, 0
81599, 61440, 1, 0, 0
81699, 31360, 0, 0, 0
81699, 60160, 1, 0, 0
81799, 35840, 0, 0, 0
81799, 73600, 1, 0, 0
81899, 32000, 0, 0, 0
81899, 66560, 1, 0, 0
82000, 32640, 0, 0, 0
82000, 64640, 1, 0, 0
82100, 23040, 0, 0, 0
82100, 56960, 1, 0, 0
82200, 37760, 0, 0, 0
82200, 67200, 1, 0, 0
82300, 26880, 0, 0, 0
82300, 71680, 1, 0, 0
82400, 39040, 0, 0, 0
82400, 63360, 1, 0, 0
82499, 31676, 0, 0, 0
82499, 71757, 1, 0, 0
82599, 19840, 0, 0, 0
82599, 67840, 1, 0, 0
82699, 32640, 0, 0, 0
82699, 67200, 1, 0, 0
82800, 27520, 0, 0, 0
82800, 77440, 1, 0, 0
82900, 30080, 0, 0, 0
82900, 76160, 1, 0, 0
82999, 14222, 0, 0, 0
82999, 54303, 1, 0, 0
83099, 26880, 0, 0, 0
83099, 58240, 1, 0, 0
83199, 26240, 0, 0, 0
83199, 74880, 1, 0, 0
83300, 33920, 0, 0, 0
83300, 61440, 1, 0, 0
83400, 26880, 0, 0, 0
83400, 65920, 1, 0, 0
83500, 33280, 0, 0, 0
83500, 75520, 1, 0, 0
83600, 31360, 0, 0, 0
83600, 75520, 1, 0, 0
83700, 27520, 0, 0, 0
83700, 66560, 1, 0, 0
83800, 28800, 0, 0, 0
83800, 62080, 1, 0, 0
83900, 26880, 0, 0, 0
83900, 66560, 1, 0, 0
84000, 29090, 0, 0, 0
84000, 66585, 1, 0, 0
84100, 21120, 0, 0, 0
84100, 71680, 1, 0, 0
84200, 28160, 0, 0, 0
84200, 63360, 1, 0, 0
84300, 29440, 0, 0, 0
84300, 69760, 1, 0, 0
84400, 32000, 0, 0, 0
84400, 80640, 1, 0, 0
84499, 27151, 0, 0, 0
84499, 71111, 1, 0, 0
84599, 20480, 0, 0, 0
84599, 82560, 1, 0, 0
84699, 25600, 0, 0, 0
84699, 65280, 1, 0, 0
84800, 31360, 0, 0, 0
84800, 53760, 1, 0, 0
84900, 24960, 0, 0, 0
84900, 72320, 1, 0, 0
84999, 24565, 0, 0, 0
84999, 58181, 1, 0, 0
85099, 35200, 0, 0, 0
85099, 79360, 1, 0, 0
85199, 22400, 0, 0, 0
85199, 66560, 1, 0, 0
85300, 27520, 0, 0, 0
85300, 65920, 1, 0, 0
85400, 26240, 0, 0, 0
85400, 59520, 1, 0, 0
85500, 28160, 0, 0, 0
85500, 65280, 1, 0, 0
85600, 30080, 0, 0, 0
85600, 67200, 1, 0, 0
85700, 23040, 0, 0, 0
85700, 60160, 1, 0, 0
85800, 28160, 0, 0, 0
85800, 64640, 1, 0, 0
85900, 33280, 0, 0, 0
85900, 72960, 1, 0, 0
85999, 33616, 0, 0, 0
85999, 50424, 1, 0, 0
86099, 35200, 0, 0, 0
86099, 66560, 1, 0, 0
86200, 33920, 0, 0, 0
86200, 69120, 1, 0, 0
86300, 19200, 0, 0, 0
86300, 60160, 1, 0, 0
86400, 23040, 0, 0, 0
86400, 51200, 1, 0, 0
86499, 32323, 0, 0, 0
86499, 69171, 1, 0, 0
86599, 24960, 0, 0, 0
86599, 75520, 1, 0, 0
86699, 24320, 0, 0, 0
86699, 65280, 1, 0, 0
86799, 30720, 0, 0, 0
86799, 59520, 1, 0, 0
86899, 30080, 0, 0, 0
86899, 66560, 1, 0, 0
87000, 41600, 0, 0, 0
87000, 67840, 1, 0, 0
87100, 33280, 0, 0, 0
87100, 75520, 1, 0, 0
87200, 33280, 0, 0, 0
87200, 60800, 1, 0, 0
87300, 25600, 0, 0, 0
87300, 65920, 1, 0, 0
87400, 24960, 0, 0, 0
87400, 72960, 1, 0, 0
87499, 31030, 0, 0, 0
87499, 68525, 1, 0, 0
87600, 25600, 0, 0, 0
87600, 64640, 1, 0, 0
87700, 25600, 0, 0, 0
87700, 64640, 1, 0, 0
87800, 22400, 0, 0, 0
87800, 59520, 1, 0, 0
87900, 41600, 0, 0, 0
87900, 82560, 1, 0, 0
87999, 24565, 0, 0, 0
87999, 63353, 1, 0, 0
88099, 26240, 0, 0, 0
88099, 75520, 1, 0, 0
88199, 32640, 0, 0, 0
88199, 74240, 1, 0, 0
88300, 28160, 0, 0, 0
88300, 76160, 1, 0, 0
88400, 25600, 0, 0, 0
88400, 62080, 1, 0, 0
88499, 32969, 0, 0, 0
88499, 78222, 1, 0, 0
88599, 30720, 0, 0, 0
88599, 70400, 1, 0, 0
88699, 24320, 0, 0, 0
88699, 61440, 1, 0, 0
88800, 32000, 0, 0, 0
88800, 76800, 1, 0, 0
88900, 25600, 0, 0, 0
88900, 65280, 1, 0, 0
88999, 24565, 0, 0, 0
88999, 69818, 1, 0, 0
89099, 27520, 0, 0, 0
89099, 62080, 1, 0, 0
89199, 33920, 0, 0, 0
89199, 60160, 1, 0, 0
89299, 32640, 0, 0, 0
89299, 51840, 1, 0, 0
89399, 32640, 0, 0, 0
89399, 72960, 1, 0, 0
89499, 32969, 0, 0, 0
89499, 71757, 1, 0, 0
89599, 26880, 0, 0, 0
89599, 51200, 1, 0, 0
89699, 27520, 0, 0, 0
89699, 68480, 1, 0, 0
89799, 30080, 0, 0, 0
89799, 53120, 1, 0, 0
89899, 25600, 0, 0, 0
89899, 71680, 1, 0, 0
89999, 41600, 0, 0, 0
89999, 92160, 1, 0, 0
