250, 244, 0, 0, 0
250, 476, 1, 0, 0
350, 260, 0, 0, 0
350, 490, 1, 0, 0
450, 260, 0, 0, 0
450, 450, 1, 0, 0
550, 210, 0, 0, 0
550, 500, 1, 0, 0
650, 180, 0, 0, 0
650, 530, 1, 0, 0
749, 242, 0, 0, 0
749, 464, 1, 0, 0
849, 270, 0, 0, 0
849, 460, 1, 0, 0
949, 220, 0, 0, 0
949, 460, 1, 0, 0
1049, 260, 0, 0, 0
1049, 460, 1, 0, 0
1150, 210, 0, 0, 0
1150, 490, 1, 0, 0
1250, 200, 0, 0, 0
1250, 470, 1, 0, 0
1350, 230, 0, 0, 0
1350, 500, 1, 0, 0
1450, 140, 0, 0, 0
1450, 550, 1, 0, 0
1550, 240, 0, 0, 0
1550, 440, 1, 0, 0
1650, 260, 0, 0, 0
1650, 470, 1, 0, 0
1749, 232, 0, 0, 0
1749, 484, 1, 0, 0
1849, 210, 0, 0, 0
1849, 510, 1, 0, 0
1949, 120, 0, 0, 0
1949, 500, 1, 0, 0
2049, 240, 0, 0, 0
2049, 460, 1, 0, 0
2149, 170, 0, 0, 0
2149, 490, 1, 0, 0
2250, 200, 0, 0, 0
2250, 530, 1, 0, 0
2350, 260, 0, 0, 0
2350, 460, 1, 0, 0
2450, 180, 0, 0, 0
2450, 520, 1, 0, 0
2550, 170, 0, 0, 0
2550, 530, 1, 0, 0
2650, 250, 0, 0, 0
2650, 430, 1, 0, 0
2749, 303, 0, 0, 0
2749, 454, 1, 0, 0
2849, 240, 0, 0, 0
2849, 450, 1, 0, 0
2949, 140, 0, 0, 0
2949, 500, 1, 0, 0
3049, 180, 0, 0, 0
3049, 520, 1, 0, 0
3149, 210, 0, 0, 0
3149, 490, 1, 0, 0
3249, 260, 0, 0, 0
3249, 460, 1, 0, 0
3350, 180, 0, 0, 0
3350, 420, 1, 0, 0
3450, 210, 0, 0, 0
3450, 510, 1, 0, 0
3550, 160, 0, 0, 0
3550, 500, 1, 0, 0
3650, 210, 0, 0, 0
3650, 470, 1, 0, 0
3749, 313, 0, 0, 0
3749, 434, 1, 0, 0
3849, 250, 0, 0, 0
3849, 440, 1, 0, 0
3949, 290, 0, 0, 0
3949, 430, 1, 0, 0
4049, 200, 0, 0, 0
4049, 460, 1, 0, 0
4149, 160, 0, 0, 0
4149, 550, 1, 0, 0
4249, 270, 0, 0, 0
4249, 440, 1, 0, 0
4349, 190, 0, 0, 0
4349, 490, 1, 0, 0
4450, 260, 0, 0, 0
4450, 440, 1, 0, 0
4550, 250, 0, 0, 0
4550, 470, 1, 0, 0
4650, 220, 0, 0, 0
4650, 450, 1, 0, 0
4749, 262, 0, 0, 0
4749, 454, 1, 0, 0
4849, 170, 0, 0, 0
4849, 510, 1, 0, 0
4949, 160, 0, 0, 0
4949, 510, 1, 0, 0
5049, 240, 0, 0, 0
5049, 460, 1, 0, 0
5149, 230, 0, 0, 0
5149, 500, 1, 0, 0
5249, 130, 0, 0, 0
5249, 530, 1, 0, 0
5349, 140, 0, 0, 0
5349, 490, 1, 0, 0
5449, 310, 0, 0, 0
5449, 450, 1, 0, 0
5550, 180, 0, 0, 0
5550, 470, 1, 0, 0
5650, 230, 0, 0, 0
5650, 440, 1, 0, 0
5749, 181, 0, 0, 0
5749, 464, 1, 0, 0
5849, 120, 0, 0, 0
5849, 520, 1, 0, 0
5949, 210, 0, 0, 0
5949, 480, 1, 0, 0
6049, 200, 0, 0, 0
6049, 490, 1, 0, 0
6149, 140, 0, 0, 0
6149, 510, 1, 0, 0
6249, 200, 0, 0, 0
6249, 500, 1, 0, 0
6349, 190, 0, 0, 0
6349, 480, 1, 0, 0
6449, 180, 0, 0, 0
6449, 470, 1, 0, 0
6550, 210, 0, 0, 0
6550, 490, 1, 0, 0
6650, 160, 0, 0, 0
6650, 520, 1, 0, 0
6749, 222, 0, 0, 0
6749, 454, 1, 0, 0
6849, 170, 0, 0, 0
6849, 470, 1, 0, 0
6949, 140, 0, 0, 0
6949, 510, 1, 0, 0
7049, 160, 0, 0, 0
7049, 500, 1, 0, 0
7149, 230, 0, 0, 0
7149, 510, 1, 0, 0
7249, 150, 0, 0, 0
7249, 490, 1, 0, 0
7349, 270, 0, 0, 0
7349, 470, 1, 0, 0
7449, 150, 0, 0, 0
7449, 510, 1, 0, 0
7549, 230, 0, 0, 0
7549, 470, 1, 0, 0
7649, 240, 0, 0, 0
7649, 490, 1, 0, 0
7750, 200, 0, 0, 0
7750, 450, 1, 0, 0
7850, 220, 0, 0, 0
7850, 470, 1, 0, 0
7950, 190, 0, 0, 0
7950, 460, 1, 0, 0
8050, 160, 0, 0, 0
8050, 530, 1, 0, 0
8150, 290, 0, 0, 0
8150, 420, 1, 0, 0
8249, 232, 0, 0, 0
8249, 484, 1, 0, 0
8349, 230, 0, 0, 0
8349, 450, 1, 0, 0
8449, 210, 0, 0, 0
8449, 490, 1, 0, 0
8549, 220, 0, 0, 0
8549, 470, 1, 0, 0
8650, 220, 0, 0, 0
8650, 470, 1, 0, 0
8750, 200, 0, 0, 0
8750, 500, 1, 0, 0
8850, 180, 0, 0, 0
8850, 500, 1, 0, 0
8950, 180, 0, 0, 0
8950, 480, 1, 0, 0
9050, 230, 0, 0, 0
9050, 510, 1, 0, 0
9150, 210, 0, 0, 0
9150, 490, 1, 0, 0
9249, 202, 0, 0, 0
9249, 505, 1, 0, 0
9349, 170, 0, 0, 0
9349, 520, 1, 0, 0
9449, 270, 0, 0, 0
9449, 450, 1, 0, 0
9549, 220, 0, 0, 0
9549, 420, 1, 0, 0
9649, 180, 0, 0, 0
9649, 490, 1, 0, 0
9750, 210, 0, 0, 0
9750, 470, 1, 0, 0
9850, 260, 0, 0, 0
9850, 470, 1, 0, 0
9950, 270, 0, 0, 0
9950, 450, 1, 0, 0
10050, 230, 0, 0, 0
10050, 470, 1, 0, 0
10150, 200, 0, 0, 0
10150, 470, 1, 0, 0
10249, 181, 0, 0, 0
10249, 505, 1, 0, 0
10349, 210, 0, 0, 0
10349, 500, 1, 0, 0
10449, 260, 0, 0, 0
10449, 450, 1, 0, 0
10549, 220, 0, 0, 0
10549, 450, 1, 0, 0
10649, 230, 0, 0, 0
10649, 450, 1, 0, 0
10749, 250, 0, 0, 0
10749, 450, 1, 0, 0
10849, 210, 0, 0, 0
10849, 470, 1, 0, 0
10950, 190, 0, 0, 0
10950, 500, 1, 0, 0
11050, 250, 0, 0, 0
11050, 450, 1, 0, 0
11150, 230, 0, 0, 0
11150, 460, 1, 0, 0
11249, 212, 0, 0, 0
11249, 393, 1, 0, 0
11349, 230, 0, 0, 0
11349, 480, 1, 0, 0
11449, 320, 0, 0, 0
11449, 440, 1, 0, 0
11549, 180, 0, 0, 0
11549, 520, 1, 0, 0
11649, 250, 0, 0, 0
11649, 450, 1, 0, 0
11749, 280, 0, 0, 0
11749, 470, 1, 0, 0
11849, 200, 0, 0, 0
11849, 470, 1, 0, 0
11949, 120, 0, 0, 0
11949, 520, 1, 0, 0
12049, 210, 0, 0, 0
12049, 450, 1, 0, 0
12150, 180, 0, 0, 0
12150, 480, 1, 0, 0
12249, 212, 0, 0, 0
12249, 474, 1, 0, 0
12349, 160, 0, 0, 0
12349, 520, 1, 0, 0
12449, 150, 0, 0, 0
12449, 510, 1, 0, 0
12549, 150, 0, 0, 0
12549, 570, 1, 0, 0
12649, 140, 0, 0, 0
12649, 540, 1, 0, 0
12749, 170, 0, 0, 0
12749, 500, 1, 0, 0
12849, 190, 0, 0, 0
12849, 500, 1, 0, 0
12949, 210, 0, 0, 0
12949, 450, 1, 0, 0
13049, 170, 0, 0, 0
13049, 490, 1, 0, 0
13149, 190, 0, 0, 0
13149, 480, 1, 0, 0
13250, 220, 0, 0, 0
13250, 500, 1, 0, 0
13350, 160, 0, 0, 0
13350, 480, 1, 0, 0
13450, 200, 0, 0, 0
13450, 470, 1, 0, 0
13550, 310, 0, 0, 0
13550, 460, 1, 0, 0
13650, 190, 0, 0, 0
13650, 470, 1, 0, 0
13749, 242, 0, 0, 0
13749, 505, 1, 0, 0
13849, 180, 0, 0, 0
13849, 500, 1, 0, 0
13949, 190, 0, 0, 0
13949, 510, 1, 0, 0
14049, 100, 0, 0, 0
14049, 540, 1, 0, 0
14149, 270, 0, 0, 0
14149, 440, 1, 0, 0
14249, 200, 0, 0, 0
14249, 500, 1, 0, 0
14350, 140, 0, 0, 0
14350, 550, 1, 0, 0
14450, 180, 0, 0, 0
14450, 460, 1, 0, 0
14550, 200, 0, 0, 0
14550, 510, 1, 0, 0
14650, 250, 0, 0, 0
14650, 440, 1, 0, 0
14749, 323, 0, 0, 0
14749, 434, 1, 0, 0
14849, 200, 0, 0, 0
14849, 520, 1, 0, 0
14949, 180, 0, 0, 0
14949, 560, 1, 0, 0
15049, 300, 0, 0, 0
15049, 450, 1, 0, 0
15149, 190, 0, 0, 0
15149, 560, 1, 0, 0
15249, 230, 0, 0, 0
15249, 490, 1, 0, 0
15349, 200, 0, 0, 0
15349, 490, 1, 0, 0
15449, 170, 0, 0, 0
15449, 520, 1, 0, 0
15550, 170, 0, 0, 0
15550, 510, 1, 0, 0
15650, 160, 0, 0, 0
15650, 470, 1, 0, 0
15749, 212, 0, 0, 0
15749, 464, 1, 0, 0
15849, 160, 0, 0, 0
15849, 490, 1, 0, 0
15949, 170, 0, 0, 0
15949, 500, 1, 0, 0
16049, 190, 0, 0, 0
16049, 500, 1, 0, 0
16149, 240, 0, 0, 0
16149, 490, 1, 0, 0
16249, 160, 0, 0, 0
16249, 520, 1, 0, 0
16349, 200, 0, 0, 0
16349, 490, 1, 0, 0
16449, 210, 0, 0, 0
16449, 500, 1, 0, 0
16549, 210, 0, 0, 0
16549, 440, 1, 0, 0
16649, 200, 0, 0, 0
16649, 540, 1, 0, 0
16750, 240, 0, 0, 0
16750, 450, 1, 0, 0
16850, 150, 0, 0, 0
16850, 540, 1, 0, 0
16950, 240, 0, 0, 0
16950, 480, 1, 0, 0
17050, 200, 0, 0, 0
17050, 520, 1, 0, 0
17150, 210, 0, 0, 0
17150, 490, 1, 0, 0
17249, 242, 0, 0, 0
17249, 474, 1, 0, 0
17349, 190, 0, 0, 0
17349, 490, 1, 0, 0
17449, 220, 0, 0, 0
17449, 480, 1, 0, 0
17549, 200, 0, 0, 0
17549, 500, 1, 0, 0
17649, 130, 0, 0, 0
17649, 510, 1, 0, 0
17749, 230, 0, 0, 0
17749, 480, 1, 0, 0
17849, 200, 0, 0, 0
17849, 480, 1, 0, 0
17950, 260, 0, 0, 0
17950, 440, 1, 0, 0
18050, 260, 0, 0, 0
18050, 460, 1, 0, 0
18150, 180, 0, 0, 0
18150, 510, 1, 0, 0
18249, 171, 0, 0, 0
18249, 535, 1, 0, 0
18349, 130, 0, 0, 0
18349, 560, 1, 0, 0
18449, 250, 0, 0, 0
18449, 480, 1, 0, 0
18549, 210, 0, 0, 0
18549, 490, 1, 0, 0
18649, 290, 0, 0, 0
18649, 420, 1, 0, 0
18749, 150, 0, 0, 0
18749, 570, 1, 0, 0
18849, 140, 0, 0, 0
18849, 500, 1, 0, 0
18949, 250, 0, 0, 0
18949, 480, 1, 0, 0
19049, 270, 0, 0, 0
19049, 430, 1, 0, 0
19150, 220, 0, 0, 0
19150, 490, 1, 0, 0
19249, 222, 0, 0, 0
19249, 494, 1, 0, 0
19349, 180, 0, 0, 0
19349, 480, 1, 0, 0
19449, 240, 0, 0, 0
19449, 450, 1, 0, 0
19549, 290, 0, 0, 0
19549, 460, 1, 0, 0
19649, 180, 0, 0, 0
19649, 530, 1, 0, 0
19749, 190, 0, 0, 0
19749, 510, 1, 0, 0
19849, 280, 0, 0, 0
19849, 450, 1, 0, 0
19949, 240, 0, 0, 0
19949, 490, 1, 0, 0
20049, 200, 0, 0, 0
20049, 490, 1, 0, 0
20149, 150, 0, 0, 0
20149, 520, 1, 0, 0
20249, 210, 0, 0, 0
20249, 470, 1, 0, 0
20350, 270, 0, 0, 0
20350, 480, 1, 0, 0
20450, 130, 0, 0, 0
20450, 530, 1, 0, 0
20550, 210, 0, 0, 0
20550, 470, 1, 0, 0
20650, 180, 0, 0, 0
20650, 490, 1, 0, 0
20749, 191, 0, 0, 0
20749, 505, 1, 0, 0
20849, 290, 0, 0, 0
20849, 440, 1, 0, 0
20949, 240, 0, 0, 0
20949, 490, 1, 0, 0
21049, 300, 0, 0, 0
21049, 460, 1, 0, 0
21149, 160, 0, 0, 0
21149, 600, 1, 0, 0
21249, 220, 0, 0, 0
21249, 480, 1, 0, 0
21349, 210, 0, 0, 0
21349, 530, 1, 0, 0
21449, 220, 0, 0, 0
21449, 460, 1, 0, 0
21550, 180, 0, 0, 0
21550, 500, 1, 0, 0
21650, 230, 0, 0, 0
21650, 490, 1, 0, 0
21749, 161, 0, 0, 0
21749, 494, 1, 0, 0
21849, 160, 0, 0, 0
21849, 520, 1, 0, 0
21949, 270, 0, 0, 0
21949, 500, 1, 0, 0
22049, 240, 0, 0, 0
22049, 490, 1, 0, 0
22149, 220, 0, 0, 0
22149, 480, 1, 0, 0
22249, 180, 0, 0, 0
22249, 520, 1, 0, 0
22349, 240, 0, 0, 0
22349, 480, 1, 0, 0
22449, 130, 0, 0, 0
22449, 540, 1, 0, 0
22549, 290, 0, 0, 0
22549, 430, 1, 0, 0
22650, 270, 0, 0, 0
22650, 460, 1, 0, 0
22750, 220, 0, 0, 0
22750, 520, 1, 0, 0
22850, 230, 0, 0, 0
22850, 470, 1, 0, 0
22950, 210, 0, 0, 0
22950, 510, 1, 0, 0
23050, 180, 0, 0, 0
23050, 470, 1, 0, 0
23150, 210, 0, 0, 0
23150, 510, 1, 0, 0
23249, 262, 0, 0, 0
23249, 494, 1, 0, 0
23349, 160, 0, 0, 0
23349, 520, 1, 0, 0
23449, 260, 0, 0, 0
23449, 470, 1, 0, 0
23549, 250, 0, 0, 0
23549, 500, 1, 0, 0
23649, 160, 0, 0, 0
23649, 520, 1, 0, 0
23750, 230, 0, 0, 0
23750, 510, 1, 0, 0
23850, 180, 0, 0, 0
23850, 490, 1, 0, 0
23950, 220, 0, 0, 0
23950, 510, 1, 0, 0
24050, 260, 0, 0, 0
24050, 490, 1, 0, 0
24150, 190, 0, 0, 0
24150, 530, 1, 0, 0
24249, 151, 0, 0, 0
24249, 545, 1, 0, 0
24349, 200, 0, 0, 0
24349, 500, 1, 0, 0
24449, 220, 0, 0, 0
24449, 490, 1, 0, 0
24549, 250, 0, 0, 0
24549, 450, 1, 0, 0
24649, 180, 0, 0, 0
24649, 490, 1, 0, 0
24749, 240, 0, 0, 0
24749, 490, 1, 0, 0
24849, 210, 0, 0, 0
24849, 460, 1, 0, 0
24950, 260, 0, 0, 0
24950, 460, 1, 0, 0
25050, 170, 0, 0, 0
25050, 500, 1, 0, 0
25150, 270, 0, 0, 0
25150, 480, 1, 0, 0
25249, 212, 0, 0, 0
25249, 505, 1, 0, 0
25349, 230, 0, 0, 0
25349, 530, 1, 0, 0
25449, 300, 0, 0, 0
25449, 460, 1, 0, 0
25549, 250, 0, 0, 0
25549, 470, 1, 0, 0
25649, 180, 0, 0, 0
25649, 500, 1, 0, 0
25749, 260, 0, 0, 0
25749, 510, 1, 0, 0
25849, 230, 0, 0, 0
25849, 520, 1, 0, 0
25949, 150, 0, 0, 0
25949, 530, 1, 0, 0
26050, 200, 0, 0, 0
26050, 520, 1, 0, 0
26150, 230, 0, 0, 0
26150, 510, 1, 0, 0
26249, 232, 0, 0, 0
26249, 484, 1, 0, 0
26349, 240, 0, 0, 0
26349, 500, 1, 0, 0
26449, 190, 0, 0, 0
26449, 500, 1, 0, 0
26549, 170, 0, 0, 0
26549, 520, 1, 0, 0
26649, 220, 0, 0, 0
26649, 490, 1, 0, 0
26749, 180, 0, 0, 0
26749, 550, 1, 0, 0
26849, 230, 0, 0, 0
26849, 480, 1, 0, 0
26949, 280, 0, 0, 0
26949, 470, 1, 0, 0
27050, 180, 0, 0, 0
27050, 490, 1, 0, 0
27150, 260, 0, 0, 0
27150, 500, 1, 0, 0
27249, 181, 0, 0, 0
27249, 464, 1, 0, 0
27349, 210, 0, 0, 0
27349, 460, 1, 0, 0
27449, 240, 0, 0, 0
27449, 430, 1, 0, 0
27549, 170, 0, 0, 0
27549, 490, 1, 0, 0
27649, 260, 0, 0, 0
27649, 460, 1, 0, 0
27749, 130, 0, 0, 0
27749, 520, 1, 0, 0
27849, 130, 0, 0, 0
27849, 490, 1, 0, 0
27949, 120, 0, 0, 0
27949, 540, 1, 0, 0
28049, 240, 0, 0, 0
28049, 470, 1, 0, 0
28149, 250, 0, 0, 0
28149, 460, 1, 0, 0
28250, 290, 0, 0, 0
28250, 460, 1, 0, 0
28350, 220, 0, 0, 0
28350, 470, 1, 0, 0
28450, 210, 0, 0, 0
28450, 500, 1, 0, 0
28550, 220, 0, 0, 0
28550, 460, 1, 0, 0
28650, 270, 0, 0, 0
28650, 450, 1, 0, 0
28749, 181, 0, 0, 0
28749, 515, 1, 0, 0
28849, 190, 0, 0, 0
28849, 520, 1, 0, 0
28949, 190, 0, 0, 0
28949, 490, 1, 0, 0
29049, 220, 0, 0, 0
29049, 470, 1, 0, 0
29150, 200, 0, 0, 0
29150, 500, 1, 0, 0
29250, 200, 0, 0, 0
29250, 490, 1, 0, 0
29350, 280, 0, 0, 0
29350, 460, 1, 0, 0
29450, 250, 0, 0, 0
29450, 450, 1, 0, 0
29550, 200, 0, 0, 0
29550, 500, 1, 0, 0
29650, 180, 0, 0, 0
29650, 510, 1, 0, 0
29749, 191, 0, 0, 0
29749, 494, 1, 0, 0
29849, 230, 0, 0, 0
29849, 490, 1, 0, 0
29949, 130, 0, 0, 0
29949, 470, 1, 0, 0
30049, 180, 0, 0, 0
30049, 470, 1, 0, 0
30149, 250, 0, 0, 0
30149, 470, 1, 0, 0
30250, 180, 0, 0, 0
30250, 450, 1, 0, 0
30350, 250, 0, 0, 0
30350, 480, 1, 0, 0
30450, 260, 0, 0, 0
30450, 440, 1, 0, 0
30550, 150, 0, 0, 0
30550, 500, 1, 0, 0
30650, 200, 0, 0, 0
30650, 470, 1, 0, 0
30749, 161, 0, 0, 0
30749, 494, 1, 0, 0
30849, 250, 0, 0, 0
30849, 470, 1, 0, 0
30949, 200, 0, 0, 0
30949, 490, 1, 0, 0
31049, 210, 0, 0, 0
31049, 450, 1, 0, 0
31149, 210, 0, 0, 0
31149, 450, 1, 0, 0
31250, 250, 0, 0, 0
31250, 440, 1, 0, 0
31350, 180, 0, 0, 0
31350, 490, 1, 0, 0
31450, 180, 0, 0, 0
31450, 490, 1, 0, 0
31550, 290, 0, 0, 0
31550, 440, 1, 0, 0
31650, 210, 0, 0, 0
31650, 470, 1, 0, 0
31749, 282, 0, 0, 0
31749, 434, 1, 0, 0
31849, 210, 0, 0, 0
31849, 480, 1, 0, 0
31949, 170, 0, 0, 0
31949, 480, 1, 0, 0
32049, 240, 0, 0, 0
32049, 460, 1, 0, 0
32149, 180, 0, 0, 0
32149, 480, 1, 0, 0
32249, 140, 0, 0, 0
32249, 510, 1, 0, 0
32349, 230, 0, 0, 0
32350, 490, 1, 0, 0
32450, 220, 0, 0, 0
32450, 490, 1, 0, 0
32550, 310, 0, 0, 0
32550, 430, 1, 0, 0
32650, 210, 0, 0, 0
32650, 480, 1, 0, 0
32749, 232, 0, 0, 0
32749, 414, 1, 0, 0
32849, 200, 0, 0, 0
32849, 500, 1, 0, 0
32949, 200, 0, 0, 0
32949, 480, 1, 0, 0
33049, 120, 0, 0, 0
33049, 530, 1, 0, 0
33149, 200, 0, 0, 0
33149, 500, 1, 0, 0
33249, 260, 0, 0, 0
33249, 460, 1, 0, 0
33349, 160, 0, 0, 0
33349, 510, 1, 0, 0
33450, 250, 0, 0, 0
33450, 510, 1, 0, 0
33550, 250, 0, 0, 0
33550, 470, 1, 0, 0
33650, 220, 0, 0, 0
33650, 470, 1, 0, 0
33749, 161, 0, 0, 0
33749, 505, 1, 0, 0
33849, 240, 0, 0, 0
33849, 440, 1, 0, 0
33949, 250, 0, 0, 0
33949, 460, 1, 0, 0
34049, 220, 0, 0, 0
34049, 480, 1, 0, 0
34149, 260, 0, 0, 0
34149, 450, 1, 0, 0
34249, 210, 0, 0, 0
34249, 440, 1, 0, 0
34349, 220, 0, 0, 0
34349, 440, 1, 0, 0
34449, 250, 0, 0, 0
34449, 470, 1, 0, 0
34550, 280, 0, 0, 0
34550, 460, 1, 0, 0
34650, 210, 0, 0, 0
34650, 480, 1, 0, 0
34749, 141, 0, 0, 0
34749, 545, 1, 0, 0
34849, 220, 0, 0, 0
34849, 470, 1, 0, 0
34949, 160, 0, 0, 0
34949, 480, 1, 0, 0
35049, 210, 0, 0, 0
35049, 480, 1, 0, 0
35149, 210, 0, 0, 0
35149, 490, 1, 0, 0
35249, 260, 0, 0, 0
35249, 430, 1, 0, 0
35349, 270, 0, 0, 0
35349, 460, 1, 0, 0
35449, 140, 0, 0, 0
35449, 520, 1, 0, 0
35549, 210, 0, 0, 0
35549, 520, 1, 0, 0
35650, 70, 0, 0, 0
35650, 400, 1, 0, 0
35749, 212, 0, 0, 0
35749, 565, 1, 0, 0
35849, 220, 0, 0, 0
35849, 540, 1, 0, 0
35949, 160, 0, 0, 0
35949, 500, 1, 0, 0
36049, 240, 0, 0, 0
36049, 450, 1, 0, 0
36149, 290, 0, 0, 0
36149, 450, 1, 0, 0
36249, 260, 0, 0, 0
36249, 450, 1, 0, 0
36349, 200, 0, 0, 0
36349, 520, 1, 0, 0
36449, 180, 0, 0, 0
36449, 520, 1, 0, 0
36549, 250, 0, 0, 0
36549, 480, 1, 0, 0
36649, 280, 0, 0, 0
36649, 400, 1, 0, 0
36750, 190, 0, 0, 0
36750, 510, 1, 0, 0
36850, 180, 0, 0, 0
36850, 510, 1, 0, 0
36950, 220, 0, 0, 0
36950, 490, 1, 0, 0
37050, 180, 0, 0, 0
37050, 500, 1, 0, 0
37150, 180, 0, 0, 0
37150, 520, 1, 0, 0
37249, 242, 0, 0, 0
37249, 404, 1, 0, 0
37349, 190, 0, 0, 0
37349, 510, 1, 0, 0
37449, 160, 0, 0, 0
37449, 540, 1, 0, 0
37549, 210, 0, 0, 0
37549, 510, 1, 0, 0
37649, 200, 0, 0, 0
37649, 490, 1, 0, 0
37750, 160, 0, 0, 0
37750, 510, 1, 0, 0
37850, 200, 0, 0, 0
37850, 460, 1, 0, 0
37950, 200, 0, 0, 0
37950, 460, 1, 0, 0
38050, 200, 0, 0, 0
38050, 510, 1, 0, 0
38150, 230, 0, 0, 0
38150, 450, 1, 0, 0
38249, 242, 0, 0, 0
38249, 464, 1, 0, 0
38349, 200, 0, 0, 0
38349, 470, 1, 0, 0
38449, 110, 0, 0, 0
38449, 540, 1, 0, 0
38549, 210, 0, 0, 0
38549, 480, 1, 0, 0
38649, 180, 0, 0, 0
38649, 490, 1, 0, 0
38749, 300, 0, 0, 0
38749, 460, 1, 0, 0
38849, 150, 0, 0, 0
38849, 480, 1, 0, 0
38949, 230, 0, 0, 0
38949, 420, 1, 0, 0
39050, 290, 0, 0, 0
39050, 450, 1, 0, 0
39150, 210, 0, 0, 0
39150, 470, 1, 0, 0
39249, 222, 0, 0, 0
39249, 454, 1, 0, 0
39349, 180, 0, 0, 0
39349, 510, 1, 0, 0
39449, 160, 0, 0, 0
39449, 480, 1, 0, 0
39549, 200, 0, 0, 0
39549, 520, 1, 0, 0
39649, 170, 0, 0, 0
39649, 510, 1, 0, 0
39749, 210, 0, 0, 0
39749, 500, 1, 0, 0
39849, 180, 0, 0, 0
39849, 480, 1, 0, 0
39949, 240, 0, 0, 0
39949, 460, 1, 0, 0
40049, 200, 0, 0, 0
40049, 520, 1, 0, 0
40150, 150, 0, 0, 0
40150, 490, 1, 0, 0
40250, 250, 0, 0, 0
40250, 480, 1, 0, 0
40350, 160, 0, 0, 0
40350, 510, 1, 0, 0
40450, 240, 0, 0, 0
40450, 470, 1, 0, 0
40550, 200, 0, 0, 0
40550, 510, 1, 0, 0
40650, 180, 0, 0, 0
40650, 480, 1, 0, 0
40749, 111, 0, 0, 0
40749, 535, 1, 0, 0
40849, 140, 0, 0, 0
40849, 560, 1, 0, 0
40949, 270, 0, 0, 0
40949, 450, 1, 0, 0
41050, 160, 0, 0, 0
41050, 480, 1, 0, 0
41150, 250, 0, 0, 0
41150, 440, 1, 0, 0
41249, 181, 0, 0, 0
41249, 484, 1, 0, 0
41349, 180, 0, 0, 0
41349, 480, 1, 0, 0
41449, 180, 0, 0, 0
41449, 510, 1, 0, 0
41549, 170, 0, 0, 0
41549, 520, 1, 0, 0
41649, 240, 0, 0, 0
41649, 480, 1, 0, 0
41749, 200, 0, 0, 0
41749, 490, 1, 0, 0
41849, 220, 0, 0, 0
41849, 470, 1, 0, 0
41949, 280, 0, 0, 0
41949, 470, 1, 0, 0
42049, 280, 0, 0, 0
42049, 450, 1, 0, 0
42149, 180, 0, 0, 0
42149, 480, 1, 0, 0
42250, 170, 0, 0, 0
42250, 460, 1, 0, 0
42350, 240, 0, 0, 0
42350, 450, 1, 0, 0
42450, 130, 0, 0, 0
42450, 490, 1, 0, 0
42550, 160, 0, 0, 0
42550, 530, 1, 0, 0
42650, 300, 0, 0, 0
42650, 400, 1, 0, 0
42749, 202, 0, 0, 0
42749, 464, 1, 0, 0
42849, 170, 0, 0, 0
42849, 510, 1, 0, 0
42949, 200, 0, 0, 0
42949, 460, 1, 0, 0
43049, 280, 0, 0, 0
43049, 440, 1, 0, 0
43149, 230, 0, 0, 0
43149, 490, 1, 0, 0
43250, 190, 0, 0, 0
43250, 500, 1, 0, 0
43350, 190, 0, 0, 0
43350, 520, 1, 0, 0
43450, 200, 0, 0, 0
43450, 520, 1, 0, 0
43550, 110, 0, 0, 0
43550, 510, 1, 0, 0
43650, 180, 0, 0, 0
43650, 510, 1, 0, 0
43749, 161, 0, 0, 0
43749, 454, 1, 0, 0
43849, 150, 0, 0, 0
43849, 530, 1, 0, 0
43949, 190, 0, 0, 0
43949, 480, 1, 0, 0
44049, 250, 0, 0, 0
44049, 480, 1, 0, 0
44149, 190, 0, 0, 0
44149, 530, 1, 0, 0
44249, 180, 0, 0, 0
44249, 500, 1, 0, 0
44350, 220, 0, 0, 0
44350, 470, 1, 0, 0
44450, 190, 0, 0, 0
44450, 450, 1, 0, 0
44550, 190, 0, 0, 0
44550, 510, 1, 0, 0
44650, 170, 0, 0, 0
44650, 450, 1, 0, 0
44749, 222, 0, 0, 0
44749, 434, 1, 0, 0
44849, 210, 0, 0, 0
44849, 500, 1, 0, 0
44949, 200, 0, 0, 0
44949, 480, 1, 0, 0
45049, 180, 0, 0, 0
45049, 500, 1, 0, 0
45149, 210, 0, 0, 0
45149, 470, 1, 0, 0
45249, 190, 0, 0, 0
45249, 480, 1, 0, 0
45349, 150, 0, 0, 0
45349, 500, 1, 0, 0
45449, 250, 0, 0, 0
45449, 460, 1, 0, 0
45550, 170, 0, 0, 0
45550, 470, 1, 0, 0
45650, 250, 0, 0, 0
45650, 430, 1, 0, 0
45749, 242, 0, 0, 0
45749, 505, 1, 0, 0
45849, 200, 0, 0, 0
45849, 470, 1, 0, 0
45949, 210, 0, 0, 0
45949, 470, 1, 0, 0
46049, 240, 0, 0, 0
46049, 470, 1, 0, 0
46149, 180, 0, 0, 0
46149, 450, 1, 0, 0
46249, 240, 0, 0, 0
46249, 460, 1, 0, 0
46349, 310, 0, 0, 0
46349, 400, 1, 0, 0
46449, 160, 0, 0, 0
46449, 530, 1, 0, 0
46549, 140, 0, 0, 0
46549, 490, 1, 0, 0
46650, 200, 0, 0, 0
46650, 490, 1, 0, 0
46750, 220, 0, 0, 0
46750, 490, 1, 0, 0
46850, 210, 0, 0, 0
46850, 490, 1, 0, 0
46950, 170, 0, 0, 0
46950, 470, 1, 0, 0
47050, 170, 0, 0, 0
47050, 510, 1, 0, 0
47150, 220, 0, 0, 0
47150, 480, 1, 0, 0
47249, 272, 0, 0, 0
47249, 464, 1, 0, 0
47349, 200, 0, 0, 0
47349, 430, 1, 0, 0
47449, 220, 0, 0, 0
47449, 490, 1, 0, 0
47549, 170, 0, 0, 0
47549, 510, 1, 0, 0
47650, 120, 0, 0, 0
47650, 500, 1, 0, 0
47750, 200, 0, 0, 0
47750, 450, 1, 0, 0
47850, 200, 0, 0, 0
47850, 450, 1, 0, 0
47950, 150, 0, 0, 0
47950, 510, 1, 0, 0
48050, 130, 0, 0, 0
48050, 450, 1, 0, 0
48150, 250, 0, 0, 0
48150, 420, 1, 0, 0
48249, 202, 0, 0, 0
48249, 474, 1, 0, 0
48349, 190, 0, 0, 0
48349, 430, 1, 0, 0
48449, 220, 0, 0, 0
48449, 470, 1, 0, 0
48549, 240, 0, 0, 0
48549, 410, 1, 0, 0
48649, 180, 0, 0, 0
48649, 450, 1, 0, 0
48750, 170, 0, 0, 0
48750, 450, 1, 0, 0
48850, 200, 0, 0, 0
48850, 500, 1, 0, 0
48950, 110, 0, 0, 0
48950, 480, 1, 0, 0
49050, 90, 0, 0, 0
49050, 540, 1, 0, 0
49150, 150, 0, 0, 0
49150, 460, 1, 0, 0
49249, 252, 0, 0, 0
49249, 414, 1, 0, 0
49349, 210, 0, 0, 0
49349, 420, 1, 0, 0
49449, 110, 0, 0, 0
49449, 490, 1, 0, 0
49549, 190, 0, 0, 0
49549, 460, 1, 0, 0
49649, 140, 0, 0, 0
49649, 470, 1, 0, 0
49750, 200, 0, 0, 0
49750, 480, 1, 0, 0
49850, 210, 0, 0, 0
49850, 470, 1, 0, 0
49950, 320, 0, 0, 0
49950, 430, 1, 0, 0
50050, 160, 0, 0, 0
50050, 530, 1, 0, 0
50150, 120, 0, 0, 0
50150, 480, 1, 0, 0
50249, 191, 0, 0, 0
50249, 444, 1, 0, 0
50349, 230, 0, 0, 0
50349, 430, 1, 0, 0
50449, 200, 0, 0, 0
50449, 450, 1, 0, 0
50549, 250, 0, 0, 0
50549, 450, 1, 0, 0
50649, 190, 0, 0, 0
50649, 460, 1, 0, 0
50750, 160, 0, 0, 0
50750, 490, 1, 0, 0
50850, 250, 0, 0, 0
50850, 450, 1, 0, 0
50950, 180, 0, 0, 0
50950, 490, 1, 0, 0
51050, 200, 0, 0, 0
51050, 450, 1, 0, 0
51150, 180, 0, 0, 0
51150, 480, 1, 0, 0
51249, 181, 0, 0, 0
51249, 464, 1, 0, 0
51349, 170, 0, 0, 0
51349, 480, 1, 0, 0
51449, 230, 0, 0, 0
51449, 450, 1, 0, 0
51549, 250, 0, 0, 0
51549, 430, 1, 0, 0
51649, 220, 0, 0, 0
51649, 450, 1, 0, 0
51749, 160, 0, 0, 0
51749, 490, 1, 0, 0
51850, 150, 0, 0, 0
51850, 470, 1, 0, 0
51950, 190, 0, 0, 0
51950, 450, 1, 0, 0
52050, 150, 0, 0, 0
52050, 500, 1, 0, 0
52150, 160, 0, 0, 0
52150, 480, 1, 0, 0
52249, 232, 0, 0, 0
52249, 444, 1, 0, 0
52349, 250, 0, 0, 0
52349, 400, 1, 0, 0
52449, 140, 0, 0, 0
52449, 500, 1, 0, 0
52549, 290, 0, 0, 0
52549, 410, 1, 0, 0
52649, 190, 0, 0, 0
52649, 450, 1, 0, 0
52749, 210, 0, 0, 0
52749, 450, 1, 0, 0
52849, 230, 0, 0, 0
52849, 420, 1, 0, 0
52950, 210, 0, 0, 0
52950, 440, 1, 0, 0
53050, 230, 0, 0, 0
53050, 440, 1, 0, 0
53150, 280, 0, 0, 0
53150, 380, 1, 0, 0
53249, 131, 0, 0, 0
53249, 545, 1, 0, 0
53349, 260, 0, 0, 0
53349, 390, 1, 0, 0
53449, 180, 0, 0, 0
53449, 420, 1, 0, 0
53549, 170, 0, 0, 0
53549, 470, 1, 0, 0
53649, 210, 0, 0, 0
53649, 450, 1, 0, 0
53749, 180, 0, 0, 0
53749, 480, 1, 0, 0
53849, 200, 0, 0, 0
53849, 490, 1, 0, 0
53949, 170, 0, 0, 0
53949, 500, 1, 0, 0
54050, 220, 0, 0, 0
54050, 480, 1, 0, 0
54150, 250, 0, 0, 0
54150, 460, 1, 0, 0
54249, 111, 0, 0, 0
54249, 525, 1, 0, 0
54349, 190, 0, 0, 0
54349, 470, 1, 0, 0
54449, 240, 0, 0, 0
54449, 370, 1, 0, 0
54549, 180, 0, 0, 0
54549, 480, 1, 0, 0
54649, 210, 0, 0, 0
54649, 470, 1, 0, 0
54749, 180, 0, 0, 0
54749, 470, 1, 0, 0
54849, 190, 0, 0, 0
54849, 500, 1, 0, 0
54949, 190, 0, 0, 0
54949, 500, 1, 0, 0
55050, 220, 0, 0, 0
55050, 490, 1, 0, 0
55150, 240, 0, 0, 0
55150, 470, 1, 0, 0
55249, 181, 0, 0, 0
55249, 454, 1, 0, 0
55349, 230, 0, 0, 0
55349, 460, 1, 0, 0
55449, 270, 0, 0, 0
55449, 460, 1, 0, 0
55549, 220, 0, 0, 0
55549, 470, 1, 0, 0
55649, 180, 0, 0, 0
55649, 500, 1, 0, 0
55749, 210, 0, 0, 0
55749, 490, 1, 0, 0
55849, 120, 0, 0, 0
55849, 480, 1, 0, 0
55949, 180, 0, 0, 0
55949, 450, 1, 0, 0
56050, 220, 0, 0, 0
56050, 500, 1, 0, 0
56150, 200, 0, 0, 0
56150, 490, 1, 0, 0
56249, 151, 0, 0, 0
56249, 515, 1, 0, 0
56349, 240, 0, 0, 0
56349, 490, 1, 0, 0
56449, 190, 0, 0, 0
56449, 470, 1, 0, 0
56549, 200, 0, 0, 0
56549, 470, 1, 0, 0
56649, 220, 0, 0, 0
56649, 470, 1, 0, 0
56749, 240, 0, 0, 0
56749, 480, 1, 0, 0
56849, 190, 0, 0, 0
56849, 490, 1, 0, 0
56949, 200, 0, 0, 0
56949, 450, 1, 0, 0
57049, 190, 0, 0, 0
57049, 460, 1, 0, 0
57149, 120, 0, 0, 0
57149, 530, 1, 0, 0
57250, 110, 0, 0, 0
57250, 490, 1, 0, 0
57350, 180, 0, 0, 0
57350, 490, 1, 0, 0
57450, 220, 0, 0, 0
57450, 460, 1, 0, 0
57550, 160, 0, 0, 0
57550, 460, 1, 0, 0
57650, 250, 0, 0, 0
57650, 480, 1, 0, 0
57749, 222, 0, 0, 0
57749, 494, 1, 0, 0
57849, 210, 0, 0, 0
57849, 450, 1, 0, 0
57949, 280, 0, 0, 0
57949, 390, 1, 0, 0
58049, 170, 0, 0, 0
58049, 500, 1, 0, 0
58149, 240, 0, 0, 0
58149, 430, 1, 0, 0
58249, 220, 0, 0, 0
58249, 460, 1, 0, 0
58349, 230, 0, 0, 0
58349, 500, 1, 0, 0
58449, 210, 0, 0, 0
58449, 420, 1, 0, 0
58550, 100, 0, 0, 0
58550, 490, 1, 0, 0
58650, 230, 0, 0, 0
58650, 450, 1, 0, 0
58749, 292, 0, 0, 0
58749, 404, 1, 0, 0
58849, 150, 0, 0, 0
58849, 510, 1, 0, 0
58949, 180, 0, 0, 0
58949, 480, 1, 0, 0
59049, 150, 0, 0, 0
59049, 500, 1, 0, 0
59149, 210, 0, 0, 0
59149, 450, 1, 0, 0
59249, 180, 0, 0, 0
59249, 470, 1, 0, 0
59349, 190, 0, 0, 0
59349, 480, 1, 0, 0
59449, 180, 0, 0, 0
59449, 480, 1, 0, 0
59550, 210, 0, 0, 0
59550, 440, 1, 0, 0
59650, 290, 0, 0, 0
59650, 410, 1, 0, 0
59749, 252, 0, 0, 0
59749, 454, 1, 0, 0
59849, 140, 0, 0, 0
59849, 450, 1, 0, 0
59949, 180, 0, 0, 0
59949, 490, 1, 0, 0
60049, 250, 0, 0, 0
60049, 440, 1, 0, 0
60149, 190, 0, 0, 0
60149, 450, 1, 0, 0
60249, 190, 0, 0, 0
60249, 480, 1, 0, 0
60349, 210, 0, 0, 0
60349, 460, 1, 0, 0
60449, 210, 0, 0, 0
60449, 440, 1, 0, 0
60549, 210, 0, 0, 0
60549, 460, 1, 0, 0
60649, 220, 0, 0, 0
60649, 490, 1, 0, 0
60750, 150, 0, 0, 0
60750, 480, 1, 0, 0
60850, 190, 0, 0, 0
60850, 490, 1, 0, 0
60950, 150, 0, 0, 0
60950, 480, 1, 0, 0
61050, 180, 0, 0, 0
61050, 440, 1, 0, 0
61150, 190, 0, 0, 0
61150, 520, 1, 0, 0
61249, 161, 0, 0, 0
61249, 474, 1, 0, 0
61349, 140, 0, 0, 0
61349, 470, 1, 0, 0
61449, 140, 0, 0, 0
61449, 480, 1, 0, 0
61550, 250, 0, 0, 0
61550, 470, 1, 0, 0
61650, 190, 0, 0, 0
61650, 440, 1, 0, 0
61749, 262, 0, 0, 0
61749, 414, 1, 0, 0
61849, 200, 0, 0, 0
61849, 460, 1, 0, 0
61949, 190, 0, 0, 0
61949, 470, 1, 0, 0
62049, 190, 0, 0, 0
62049, 460, 1, 0, 0
62149, 160, 0, 0, 0
62149, 550, 1, 0, 0
62249, 210, 0, 0, 0
62249, 460, 1, 0, 0
62349, 210, 0, 0, 0
62349, 450, 1, 0, 0
62449, 250, 0, 0, 0
62449, 450, 1, 0, 0
62550, 210, 0, 0, 0
62550, 450, 1, 0, 0
62650, 150, 0, 0, 0
62650, 480, 1, 0, 0
62749, 303, 0, 0, 0
62749, 383, 1, 0, 0
62849, 260, 0, 0, 0
62849, 460, 1, 0, 0
62949, 150, 0, 0, 0
62949, 500, 1, 0, 0
63049, 180, 0, 0, 0
63049, 460, 1, 0, 0
63149, 170, 0, 0, 0
63149, 470, 1, 0, 0
63249, 140, 0, 0, 0
63249, 490, 1, 0, 0
63349, 250, 0, 0, 0
63349, 440, 1, 0, 0
63449, 190, 0, 0, 0
63449, 420, 1, 0, 0
63549, 160, 0, 0, 0
63549, 500, 1, 0, 0
63650, 250, 0, 0, 0
63650, 450, 1, 0, 0
63750, 140, 0, 0, 0
63750, 500, 1, 0, 0
63850, 230, 0, 0, 0
63850, 420, 1, 0, 0
63950, 240, 0, 0, 0
63950, 460, 1, 0, 0
64050, 210, 0, 0, 0
64050, 480, 1, 0, 0
64150, 250, 0, 0, 0
64150, 430, 1, 0, 0
64249, 111, 0, 0, 0
64249, 505, 1, 0, 0
64349, 240, 0, 0, 0
64349, 450, 1, 0, 0
64449, 200, 0, 0, 0
64449, 480, 1, 0, 0
64549, 270, 0, 0, 0
64549, 430, 1, 0, 0
64649, 190, 0, 0, 0
64649, 460, 1, 0, 0
64750, 190, 0, 0, 0
64750, 460, 1, 0, 0
64850, 150, 0, 0, 0
64850, 520, 1, 0, 0
64950, 190, 0, 0, 0
64950, 450, 1, 0, 0
65050, 280, 0, 0, 0
65050, 460, 1, 0, 0
65150, 160, 0, 0, 0
65150, 520, 1, 0, 0
65249, 202, 0, 0, 0
65249, 474, 1, 0, 0
65349, 80, 0, 0, 0
65349, 490, 1, 0, 0
65449, 230, 0, 0, 0
65449, 450, 1, 0, 0
65549, 170, 0, 0, 0
65549, 480, 1, 0, 0
65649, 150, 0, 0, 0
65649, 480, 1, 0, 0
65750, 230, 0, 0, 0
65750, 440, 1, 0, 0
65850, 250, 0, 0, 0
65850, 440, 1, 0, 0
65950, 220, 0, 0, 0
65950, 470, 1, 0, 0
66050, 170, 0, 0, 0
66050, 480, 1, 0, 0
66150, 180, 0, 0, 0
66150, 470, 1, 0, 0
66249, 151, 0, 0, 0
66249, 424, 1, 0, 0
66349, 160, 0, 0, 0
66349, 480, 1, 0, 0
66449, 190, 0, 0, 0
66449, 460, 1, 0, 0
66549, 260, 0, 0, 0
66549, 430, 1, 0, 0
66649, 220, 0, 0, 0
66649, 470, 1, 0, 0
66749, 190, 0, 0, 0
66749, 460, 1, 0, 0
66850, 190, 0, 0, 0
66850, 460, 1, 0, 0
66950, 230, 0, 0, 0
66950, 440, 1, 0, 0
67050, 200, 0, 0, 0
67050, 460, 1, 0, 0
67150, 200, 0, 0, 0
67150, 460, 1, 0, 0
67249, 242, 0, 0, 0
67249, 464, 1, 0, 0
67349, 270, 0, 0, 0
67349, 460, 1, 0, 0
67449, 310, 0, 0, 0
67449, 390, 1, 0, 0
67549, 130, 0, 0, 0
67549, 500, 1, 0, 0
67649, 190, 0, 0, 0
67649, 450, 1, 0, 0
67749, 120, 0, 0, 0
67749, 530, 1, 0, 0
67849, 210, 0, 0, 0
67849, 470, 1, 0, 0
67950, 190, 0, 0, 0
67950, 450, 1, 0, 0
68050, 190, 0, 0, 0
68050, 440, 1, 0, 0
68150, 200, 0, 0, 0
68150, 480, 1, 0, 0
68249, 151, 0, 0, 0
68249, 474, 1, 0, 0
68349, 240, 0, 0, 0
68349, 410, 1, 0, 0
68449, 200, 0, 0, 0
68449, 460, 1, 0, 0
68549, 140, 0, 0, 0
68549, 480, 1, 0, 0
68649, 150, 0, 0, 0
68649, 460, 1, 0, 0
68749, 160, 0, 0, 0
68749, 460, 1, 0, 0
68849, 190, 0, 0, 0
68849, 480, 1, 0, 0
68949, 170, 0, 0, 0
68949, 490, 1, 0, 0
69050, 230, 0, 0, 0
69050, 470, 1, 0, 0
69150, 190, 0, 0, 0
69150, 490, 1, 0, 0
69249, 191, 0, 0, 0
69249, 525, 1, 0, 0
69349, 200, 0, 0, 0
69349, 450, 1, 0, 0
69449, 230, 0, 0, 0
69449, 470, 1, 0, 0
69549, 140, 0, 0, 0
69549, 520, 1, 0, 0
69649, 170, 0, 0, 0
69649, 530, 1, 0, 0
69750, 200, 0, 0, 0
69750, 500, 1, 0, 0
69850, 200, 0, 0, 0
69850, 440, 1, 0, 0
69950, 280, 0, 0, 0
69950, 460, 1, 0, 0
70050, 280, 0, 0, 0
70050, 440, 1, 0, 0
70150, 180, 0, 0, 0
70150, 490, 1, 0, 0
70249, 171, 0, 0, 0
70249, 535, 1, 0, 0
70349, 200, 0, 0, 0
70349, 480, 1, 0, 0
70449, 250, 0, 0, 0
70449, 460, 1, 0, 0
70549, 210, 0, 0, 0
70549, 490, 1, 0, 0
70649, 220, 0, 0, 0
70649, 490, 1, 0, 0
70749, 220, 0, 0, 0
70749, 440, 1, 0, 0
70849, 150, 0, 0, 0
70849, 520, 1, 0, 0
70949, 210, 0, 0, 0
70949, 490, 1, 0, 0
71050, 190, 0, 0, 0
71050, 460, 1, 0, 0
71150, 180, 0, 0, 0
71150, 510, 1, 0, 0
71249, 292, 0, 0, 0
71249, 454, 1, 0, 0
71349, 250, 0, 0, 0
71349, 440, 1, 0, 0
71449, 210, 0, 0, 0
71449, 480, 1, 0, 0
71549, 220, 0, 0, 0
71549, 480, 1, 0, 0
71649, 110, 0, 0, 0
71649, 550, 1, 0, 0
71749, 250, 0, 0, 0
71749, 440, 1, 0, 0
71849, 280, 0, 0, 0
71849, 440, 1, 0, 0
71949, 210, 0, 0, 0
71949, 510, 1, 0, 0
72049, 160, 0, 0, 0
72049, 490, 1, 0, 0
72150, 230, 0, 0, 0
72150, 480, 1, 0, 0
72250, 320, 0, 0, 0
72250, 440, 1, 0, 0
72350, 240, 0, 0, 0
72350, 440, 1, 0, 0
72450, 220, 0, 0, 0
72450, 510, 1, 0, 0
72550, 250, 0, 0, 0
72550, 460, 1, 0, 0
72650, 170, 0, 0, 0
72650, 480, 1, 0, 0
72749, 161, 0, 0, 0
72749, 494, 1, 0, 0
72849, 240, 0, 0, 0
72849, 440, 1, 0, 0
72949, 210, 0, 0, 0
72949, 480, 1, 0, 0
73049, 200, 0, 0, 0
73049, 480, 1, 0, 0
73149, 250, 0, 0, 0
73149, 460, 1, 0, 0
73250, 170, 0, 0, 0
73250, 500, 1, 0, 0
73350, 330, 0, 0, 0
73350, 450, 1, 0, 0
73450, 200, 0, 0, 0
73450, 520, 1, 0, 0
73550, 230, 0, 0, 0
73550, 470, 1, 0, 0
73650, 230, 0, 0, 0
73650, 440, 1, 0, 0
73749, 151, 0, 0, 0
73749, 515, 1, 0, 0
73849, 170, 0, 0, 0
73849, 490, 1, 0, 0
73949, 190, 0, 0, 0
73949, 500, 1, 0, 0
74049, 210, 0, 0, 0
74049, 490, 1, 0, 0
74149, 160, 0, 0, 0
74149, 530, 1, 0, 0
74249, 200, 0, 0, 0
74249, 470, 1, 0, 0
74350, 220, 0, 0, 0
74350, 490, 1, 0, 0
74450, 230, 0, 0, 0
74450, 510, 1, 0, 0
74550, 200, 0, 0, 0
74550, 480, 1, 0, 0
74650, 190, 0, 0, 0
74650, 490, 1, 0, 0
74749, 181, 0, 0, 0
74749, 515, 1, 0, 0
74849, 150, 0, 0, 0
74849, 520, 1, 0, 0
74949, 160, 0, 0, 0
74949, 500, 1, 0, 0
75049, 230, 0, 0, 0
75049, 480, 1, 0, 0
75149, 210, 0, 0, 0
75149, 440, 1, 0, 0
75249, 130, 0, 0, 0
75249, 540, 1, 0, 0
75349, 250, 0, 0, 0
75349, 470, 1, 0, 0
75449, 250, 0, 0, 0
75449, 460, 1, 0, 0
75550, 220, 0, 0, 0
75550, 480, 1, 0, 0
75650, 230, 0, 0, 0
75650, 510, 1, 0, 0
75749, 222, 0, 0, 0
75749, 474, 1, 0, 0
75849, 180, 0, 0, 0
75849, 480, 1, 0, 0
75949, 260, 0, 0, 0
75949, 460, 1, 0, 0
76049, 160, 0, 0, 0
76049, 500, 1, 0, 0
76149, 200, 0, 0, 0
76149, 470, 1, 0, 0
76249, 230, 0, 0, 0
76249, 440, 1, 0, 0
76349, 200, 0, 0, 0
76349, 510, 1, 0, 0
76449, 230, 0, 0, 0
76449, 470, 1, 0, 0
76550, 220, 0, 0, 0
76550, 520, 1, 0, 0
76650, 170, 0, 0, 0
76650, 510, 1, 0, 0
76749, 191, 0, 0, 0
76749, 464, 1, 0, 0
76849, 210, 0, 0, 0
76849, 460, 1, 0, 0
76949, 130, 0, 0, 0
76949, 520, 1, 0, 0
77049, 230, 0, 0, 0
77049, 510, 1, 0, 0
77149, 200, 0, 0, 0
77149, 510, 1, 0, 0
77249, 210, 0, 0, 0
77249, 500, 1, 0, 0
77349, 220, 0, 0, 0
77349, 470, 1, 0, 0
77449, 220, 0, 0, 0
77449, 450, 1, 0, 0
77550, 210, 0, 0, 0
77550, 500, 1, 0, 0
77650, 150, 0, 0, 0
77650, 530, 1, 0, 0
77749, 191, 0, 0, 0
77749, 494, 1, 0, 0
77849, 260, 0, 0, 0
77849, 460, 1, 0, 0
77949, 170, 0, 0, 0
77949, 530, 1, 0, 0
78049, 220, 0, 0, 0
78049, 490, 1, 0, 0
78149, 300, 0, 0, 0
78149, 450, 1, 0, 0
78249, 190, 0, 0, 0
78249, 520, 1, 0, 0
78349, 120, 0, 0, 0
78349, 580, 1, 0, 0
78449, 190, 0, 0, 0
78449, 520, 1, 0, 0
78550, 200, 0, 0, 0
78550, 470, 1, 0, 0
78650, 220, 0, 0, 0
78650, 490, 1, 0, 0
78750, 220, 0, 0, 0
78750, 450, 1, 0, 0
78850, 150, 0, 0, 0
78850, 510, 1, 0, 0
78950, 170, 0, 0, 0
78950, 480, 1, 0, 0
79050, 280, 0, 0, 0
79050, 470, 1, 0, 0
79150, 190, 0, 0, 0
79150, 510, 1, 0, 0
79249, 141, 0, 0, 0
79249, 494, 1, 0, 0
79349, 200, 0, 0, 0
79349, 490, 1, 0, 0
79449, 240, 0, 0, 0
79449, 490, 1, 0, 0
79549, 230, 0, 0, 0
79549, 440, 1, 0, 0
79650, 260, 0, 0, 0
79650, 480, 1, 0, 0
79750, 200, 0, 0, 0
79750, 500, 1, 0, 0
79850, 270, 0, 0, 0
79850, 500, 1, 0, 0
79950, 200, 0, 0, 0
79950, 470, 1, 0, 0
80050, 260, 0, 0, 0
80050, 480, 1, 0, 0
80150, 170, 0, 0, 0
80150, 520, 1, 0, 0
80249, 303, 0, 0, 0
80249, 424, 1, 0, 0
80349, 310, 0, 0, 0
80349, 420, 1, 0, 0
80449, 200, 0, 0, 0
80449, 480, 1, 0, 0
80549, 250, 0, 0, 0
80549, 450, 1, 0, 0
80649, 230, 0, 0, 0
80649, 480, 1, 0, 0
80750, 240, 0, 0, 0
80750, 500, 1, 0, 0
80850, 200, 0, 0, 0
80850, 530, 1, 0, 0
80950, 190, 0, 0, 0
80950, 500, 1, 0, 0
81050, 230, 0, 0, 0
81050, 490, 1, 0, 0
81150, 200, 0, 0, 0
81150, 490, 1, 0, 0
81249, 202, 0, 0, 0
81249, 434, 1, 0, 0
81349, 180, 0, 0, 0
81349, 530, 1, 0, 0
81449, 220, 0, 0, 0
81449, 520, 1, 0, 0
81549, 240, 0, 0, 0
81549, 500, 1, 0, 0
81650, 220, 0, 0, 0
81650, 480, 1, 0, 0
81750, 230, 0, 0, 0
81750, 480, 1, 0, 0
81850, 200, 0, 0, 0
81850, 490, 1, 0, 0
81950, 260, 0, 0, 0
81950, 470, 1, 0, 0
82050, 230, 0, 0, 0
82050, 500, 1, 0, 0
82150, 140, 0, 0, 0
82150, 500, 1, 0, 0
82249, 242, 0, 0, 0
82249, 464, 1, 0, 0
82349, 200, 0, 0, 0
82349, 490, 1, 0, 0
82449, 150, 0, 0, 0
82449, 520, 1, 0, 0
82549, 280, 0, 0, 0
82549, 470, 1, 0, 0
82649, 190, 0, 0, 0
82649, 540, 1, 0, 0
82749, 250, 0, 0, 0
82749, 460, 1, 0, 0
82850, 210, 0, 0, 0
82850, 490, 1, 0, 0
82950, 220, 0, 0, 0
82950, 520, 1, 0, 0
83050, 120, 0, 0, 0
83050, 500, 1, 0, 0
83150, 170, 0, 0, 0
83150, 520, 1, 0, 0
83249, 232, 0, 0, 0
83249, 484, 1, 0, 0
83349, 270, 0, 0, 0
83349, 480, 1, 0, 0
83449, 250, 0, 0, 0
83449, 510, 1, 0, 0
83549, 180, 0, 0, 0
83549, 460, 1, 0, 0
83649, 170, 0, 0, 0
83649, 530, 1, 0, 0
83749, 220, 0, 0, 0
83749, 500, 1, 0, 0
83849, 220, 0, 0, 0
83849, 500, 1, 0, 0
83949, 250, 0, 0, 0
83949, 470, 1, 0, 0
84050, 240, 0, 0, 0
84050, 540, 1, 0, 0
84150, 250, 0, 0, 0
84150, 470, 1, 0, 0
84249, 181, 0, 0, 0
84249, 535, 1, 0, 0
84349, 210, 0, 0, 0
84349, 470, 1, 0, 0
84449, 220, 0, 0, 0
84449, 490, 1, 0, 0
84549, 220, 0, 0, 0
84549, 470, 1, 0, 0
84649, 210, 0, 0, 0
84649, 530, 1, 0, 0
84749, 290, 0, 0, 0
84749, 470, 1, 0, 0
84849, 180, 0, 0, 0
84849, 530, 1, 0, 0
84949, 240, 0, 0, 0
84949, 450, 1, 0, 0
85049, 160, 0, 0, 0
85049, 510, 1, 0, 0
85149, 170, 0, 0, 0
85149, 510, 1, 0, 0
85250, 250, 0, 0, 0
85250, 480, 1, 0, 0
85350, 230, 0, 0, 0
85350, 490, 1, 0, 0
85450, 190, 0, 0, 0
85450, 520, 1, 0, 0
85550, 180, 0, 0, 0
85550, 550, 1, 0, 0
85650, 130, 0, 0, 0
85650, 460, 1, 0, 0
85749, 171, 0, 0, 0
85749, 515, 1, 0, 0
85849, 320, 0, 0, 0
85849, 410, 1, 0, 0
85949, 210, 0, 0, 0
85949, 510, 1, 0, 0
86049, 250, 0, 0, 0
86049, 470, 1, 0, 0
86149, 270, 0, 0, 0
86149, 440, 1, 0, 0
86250, 300, 0, 0, 0
86250, 430, 1, 0, 0
86350, 190, 0, 0, 0
86350, 490, 1, 0, 0
86450, 220, 0, 0, 0
86450, 470, 1, 0, 0
86550, 210, 0, 0, 0
86550, 440, 1, 0, 0
86650, 210, 0, 0, 0
86650, 430, 1, 0, 0
86749, 141, 0, 0, 0
86749, 585, 1, 0, 0
86849, 210, 0, 0, 0
86849, 500, 1, 0, 0
86949, 220, 0, 0, 0
86949, 490, 1, 0, 0
87049, 210, 0, 0, 0
87049, 500, 1, 0, 0
87149, 150, 0, 0, 0
87149, 500, 1, 0, 0
87250, 280, 0, 0, 0
87250, 490, 1, 0, 0
87350, 190, 0, 0, 0
87350, 540, 1, 0, 0
87450, 230, 0, 0, 0
87450, 460, 1, 0, 0
87550, 300, 0, 0, 0
87550, 430, 1, 0, 0
87650, 210, 0, 0, 0
87650, 480, 1, 0, 0
87749, 272, 0, 0, 0
87749, 474, 1, 0, 0
87849, 220, 0, 0, 0
87849, 510, 1, 0, 0
87949, 190, 0, 0, 0
87949, 460, 1, 0, 0
88049, 190, 0, 0, 0
88049, 480, 1, 0, 0
88149, 240, 0, 0, 0
88149, 480, 1, 0, 0
88249, 170, 0, 0, 0
88249, 520, 1, 0, 0
88350, 170, 0, 0, 0
88350, 490, 1, 0, 0
88450, 250, 0, 0, 0
88450, 500, 1, 0, 0
88550, 150, 0, 0, 0
88550, 520, 1, 0, 0
88650, 170, 0, 0, 0
88650, 530, 1, 0, 0
88749, 262, 0, 0, 0
88749, 464, 1, 0, 0
88849, 220, 0, 0, 0
88849, 490, 1, 0, 0
88949, 280, 0, 0, 0
88949, 470, 1, 0, 0
89049, 220, 0, 0, 0
89049, 490, 1, 0, 0
89149, 230, 0, 0, 0
89149, 480, 1, 0, 0
89249, 230, 0, 0, 0
89249, 510, 1, 0, 0
89349, 220, 0, 0, 0
89349, 470, 1, 0, 0
89449, 190, 0, 0, 0
89449, 480, 1, 0, 0
89550, 270, 0, 0, 0
89550, 480, 1, 0, 0
89650, 230, 0, 0, 0
89650, 450, 1, 0, 0
89749, 282, 0, 0, 0
89749, 434, 1, 0, 0
89849, 260, 0, 0, 0
89849, 450, 1, 0, 0
89949, 270, 0, 0, 0
89949, 470, 1, 0, 0
