102, 2827405, 0, 0, 0
202, 3075556, 0, 0, 0
300, 3039975, 0, 0, 0
400, 2933387, 0, 0, 0
501, 2958499, 0, 0, 0
601, 3088181, 0, 0, 0
701, 3098666, 0, 0, 0
801, 2834513, 0, 0, 0
902, 2871939, 0, 0, 0
1001, 3162791, 0, 0, 0
1101, 2941893, 0, 0, 0
1200, 3074409, 0, 0, 0
1303, 2834324, 0, 0, 0
1401, 2839445, 0, 0, 0
1500, 2903134, 0, 0, 0
1602, 2985563, 0, 0, 0
1701, 2871285, 0, 0, 0
1800, 2806852, 0, 0, 0
1900, 3107016, 0, 0, 0
2002, 2979675, 0, 0, 0
2100, 3241908, 0, 0, 0
2201, 3161526, 0, 0, 0
2303, 3048835, 0, 0, 0
2401, 2866206, 0, 0, 0
2502, 2868780, 0, 0, 0
2602, 3112864, 0, 0, 0
2701, 2968597, 0, 0, 0
2803, 2893367, 0, 0, 0
2902, 2970505, 0, 0, 0
3002, 2837535, 0, 0, 0
3100, 2881866, 0, 0, 0
3202, 2968108, 0, 0, 0
3301, 2972690, 0, 0, 0
3402, 2950084, 0, 0, 0
3500, 3048839, 0, 0, 0
3600, 3098418, 0, 0, 0
3700, 2926281, 0, 0, 0
3802, 2881407, 0, 0, 0
3900, 2885951, 0, 0, 0
4002, 2975803, 0, 0, 0
4100, 2865844, 0, 0, 0
4202, 2873851, 0, 0, 0
4301, 2884668, 0, 0, 0
4401, 2946004, 0, 0, 0
4500, 2975034, 0, 0, 0
4601, 3138806, 0, 0, 0
4701, 3006041, 0, 0, 0
4800, 2973725, 0, 0, 0
4900, 2995326, 0, 0, 0
5000, 3210165, 0, 0, 0
5101, 3034157, 0, 0, 0
5202, 3032360, 0, 0, 0
5302, 3105332, 0, 0, 0
5402, 3024790, 0, 0, 0
5501, 2892609, 0, 0, 0
5602, 2858249, 0, 0, 0
5701, 3079415, 0, 0, 0
5801, 3015733, 0, 0, 0
5900, 2886329, 0, 0, 0
6000, 3192512, 0, 0, 0
6102, 3071033, 0, 0, 0
6202, 3013322, 0, 0, 0
6301, 2968158, 0, 0, 0
6401, 3006950, 0, 0, 0
6502, 3131142, 0, 0, 0
6601, 3088089, 0, 0, 0
6700, 2888802, 0, 0, 0
6800, 2987497, 0, 0, 0
6900, 2861060, 0, 0, 0
7001, 2857331, 0, 0, 0
7102, 3040784, 0, 0, 0
7200, 3028443, 0, 0, 0
7301, 2962360, 0, 0, 0
7401, 2999009, 0, 0, 0
7502, 2879543, 0, 0, 0
7601, 3067897, 0, 0, 0
7702, 3038240, 0, 0, 0
7800, 3036810, 0, 0, 0
7901, 2951282, 0, 0, 0
8000, 2877708, 0, 0, 0
8100, 2932840, 0, 0, 0
8200, 2898590, 0, 0, 0
8302, 2983312, 0, 0, 0
8401, 2813127, 0, 0, 0
8500, 2900573, 0, 0, 0
8600, 2918256, 0, 0, 0
8702, 3054373, 0, 0, 0
8802, 3115548, 0, 0, 0
8900, 2934124, 0, 0, 0
9001, 2947623, 0, 0, 0
9101, 2925732, 0, 0, 0
9201, 3024055, 0, 0, 0
9301, 2922274, 0, 0, 0
9402, 3222180, 0, 0, 0
9502, 3088097, 0, 0, 0
9601, 2999146, 0, 0, 0
9701, 3083083, 0, 0, 0
9801, 3017154, 0, 0, 0
9901, 3115698, 0, 0, 0
10000, 3164260, 0, 0, 0
10101, 2950558, 0, 0, 0
10201, 3014796, 0, 0, 0
10301, 2909715, 0, 0, 0
10403, 3155407, 0, 0, 0
10502, 2976737, 0, 0, 0
10601, 2896052, 0, 0, 0
10701, 3024436, 0, 0, 0
10802, 2860930, 0, 0, 0
10901, 2884711, 0, 0, 0
11001, 2993420, 0, 0, 0
11103, 2909205, 0, 0, 0
11201, 2845574, 0, 0, 0
11301, 2854909, 0, 0, 0
11401, 2907764, 0, 0, 0
11502, 2960352, 0, 0, 0
11603, 2932375, 0, 0, 0
11701, 2952036, 0, 0, 0
11803, 3058983, 0, 0, 0
11902, 2812897, 0, 0, 0
12000, 2860590, 0, 0, 0
12101, 2952277, 0, 0, 0
12200, 2977168, 0, 0, 0
12300, 3032591, 0, 0, 0
12401, 2863106, 0, 0, 0
12502, 3026381, 0, 0, 0
12601, 2893759, 0, 0, 0
12700, 2875626, 0, 0, 0
12800, 2845046, 0, 0, 0
12901, 3154126, 0, 0, 0
13002, 3037569, 0, 0, 0
13100, 3019561, 0, 0, 0
13200, 3130723, 0, 0, 0
13300, 2836110, 0, 0, 0
13400, 3081631, 0, 0, 0
13501, 2869917, 0, 0, 0
13600, 2978582, 0, 0, 0
13700, 3012369, 0, 0, 0
13800, 2916121, 0, 0, 0
13902, 2972742, 0, 0, 0
14000, 2968879, 0, 0, 0
14100, 2988944, 0, 0, 0
14201, 3048287, 0, 0, 0
14300, 2978854, 0, 0, 0
14400, 3195180, 0, 0, 0
14502, 3080418, 0, 0, 0
14600, 2952018, 0, 0, 0
14702, 2816574, 0, 0, 0
14802, 2993707, 0, 0, 0
14903, 2943407, 0, 0, 0
15002, 2985983, 0, 0, 0
15102, 3105491, 0, 0, 0
15202, 2829915, 0, 0, 0
15300, 3041052, 0, 0, 0
15400, 2926953, 0, 0, 0
15501, 3038319, 0, 0, 0
15600, 2973794, 0, 0, 0
15702, 3066021, 0, 0, 0
15800, 3141910, 0, 0, 0
15901, 3143489, 0, 0, 0
16001, 2919954, 0, 0, 0
16100, 3057934, 0, 0, 0
16201, 2871567, 0, 0, 0
16302, 3131256, 0, 0, 0
16400, 2857078, 0, 0, 0
16502, 3000484, 0, 0, 0
16601, 3159698, 0, 0, 0
16702, 3044725, 0, 0, 0
16802, 3009747, 0, 0, 0
16902, 3101378, 0, 0, 0
17002, 3015046, 0, 0, 0
17101, 3069968, 0, 0, 0
17201, 2913618, 0, 0, 0
17302, 3056129, 0, 0, 0
17401, 2783769, 0, 0, 0
17502, 2873465, 0, 0, 0
17602, 3015478, 0, 0, 0
17702, 3000461, 0, 0, 0
17800, 3057366, 0, 0, 0
17900, 2918988, 0, 0, 0
18003, 2993379, 0, 0, 0
18102, 2884248, 0, 0, 0
18202, 2937383, 0, 0, 0
18302, 2832211, 0, 0, 0
18402, 3085581, 0, 0, 0
18500, 3139067, 0, 0, 0
18600, 2767934, 0, 0, 0
18702, 3260718, 0, 0, 0
18801, 2911783, 0, 0, 0
18900, 3271001, 0, 0, 0
19002, 3073555, 0, 0, 0
19100, 2867960, 0, 0, 0
19200, 2912223, 0, 0, 0
19301, 2957042, 0, 0, 0
19401, 3093091, 0, 0, 0
19501, 3008402, 0, 0, 0
19600, 3061374, 0, 0, 0
19700, 2840993, 0, 0, 0
19801, 3039597, 0, 0, 0
19901, 2851959, 0, 0, 0
20000, 3063944, 0, 0, 0
20101, 2869826, 0, 0, 0
20201, 2909114, 0, 0, 0
20302, 2933903, 0, 0, 0
20400, 2801326, 0, 0, 0
20500, 2921518, 0, 0, 0
20602, 3055765, 0, 0, 0
20702, 2922589, 0, 0, 0
20801, 2887333, 0, 0, 0
20901, 2918914, 0, 0, 0
21001, 2936472, 0, 0, 0
21102, 3139775, 0, 0, 0
21201, 2882660, 0, 0, 0
21300, 2898818, 0, 0, 0
21400, 2816771, 0, 0, 0
21501, 2950861, 0, 0, 0
21601, 3013975, 0, 0, 0
21700, 3076120, 0, 0, 0
21802, 2878629, 0, 0, 0
21903, 2879980, 0, 0, 0
22000, 2912407, 0, 0, 0
22100, 3109962, 0, 0, 0
22202, 3169767, 0, 0, 0
22301, 3059911, 0, 0, 0
22401, 3330784, 0, 0, 0
22502, 3029504, 0, 0, 0
22602, 2917987, 0, 0, 0
22701, 3283051, 0, 0, 0
22801, 2827975, 0, 0, 0
22900, 2809911, 0, 0, 0
23001, 2945539, 0, 0, 0
23102, 2863548, 0, 0, 0
23200, 3065290, 0, 0, 0
23302, 3140474, 0, 0, 0
23401, 3086468, 0, 0, 0
23503, 3062185, 0, 0, 0
23601, 2969008, 0, 0, 0
23702, 3117215, 0, 0, 0
23802, 3008718, 0, 0, 0
23900, 3055838, 0, 0, 0
24002, 2960198, 0, 0, 0
24101, 3083345, 0, 0, 0
24200, 2880294, 0, 0, 0
24302, 2826502, 0, 0, 0
24402, 3021167, 0, 0, 0
24500, 2837921, 0, 0, 0
24602, 2980344, 0, 0, 0
24700, 3056682, 0, 0, 0
24800, 2998389, 0, 0, 0
24901, 3050614, 0, 0, 0
25000, 2964060, 0, 0, 0
25102, 3076205, 0, 0, 0
25201, 3261824, 0, 0, 0
25300, 3186335, 0, 0, 0
25401, 3146002, 0, 0, 0
25501, 3008520, 0, 0, 0
25600, 2786278, 0, 0, 0
25703, 2931907, 0, 0, 0
25800, 3020290, 0, 0, 0
25900, 3094669, 0, 0, 0
26002, 3155683, 0, 0, 0
26103, 3347592, 0, 0, 0
26201, 3155104, 0, 0, 0
26300, 2882350, 0, 0, 0
26401, 3048968, 0, 0, 0
26502, 3037955, 0, 0, 0
26600, 3145903, 0, 0, 0
26700, 3101148, 0, 0, 0
26801, 2943106, 0, 0, 0
26901, 2829201, 0, 0, 0
27002, 2943545, 0, 0, 0
27100, 2786484, 0, 0, 0
27201, 3045342, 0, 0, 0
27300, 3166904, 0, 0, 0
27400, 3112543, 0, 0, 0
27500, 3081475, 0, 0, 0
27600, 2933051, 0, 0, 0
27701, 2937275, 0, 0, 0
27800, 2812227, 0, 0, 0
27901, 2942746, 0, 0, 0
28001, 3115267, 0, 0, 0
28102, 3032920, 0, 0, 0
28201, 2999246, 0, 0, 0
28302, 3012969, 0, 0, 0
28401, 2890842, 0, 0, 0
28502, 3046861, 0, 0, 0
28603, 3123794, 0, 0, 0
28700, 2929744, 0, 0, 0
28802, 2890097, 0, 0, 0
28900, 3046963, 0, 0, 0
29001, 2957824, 0, 0, 0
29100, 3276269, 0, 0, 0
29202, 3264357, 0, 0, 0
29301, 3071966, 0, 0, 0
29400, 3252373, 0, 0, 0
29502, 3170186, 0, 0, 0
29601, 3091757, 0, 0, 0
29701, 2908147, 0, 0, 0
29800, 2821162, 0, 0, 0
29900, 2826947, 0, 0, 0
30003, 2752837, 0, 0, 0
30101, 2965007, 0, 0, 0
30200, 2959737, 0, 0, 0
30300, 3014988, 0, 0, 0
30400, 2855726, 0, 0, 0
30500, 2918023, 0, 0, 0
30600, 2913529, 0, 0, 0
30700, 3016114, 0, 0, 0
30801, 2939604, 0, 0, 0
30903, 3059419, 0, 0, 0
31001, 3357866, 0, 0, 0
31100, 2892526, 0, 0, 0
31202, 2962261, 0, 0, 0
31302, 2939986, 0, 0, 0
31400, 2775369, 0, 0, 0
31500, 2765947, 0, 0, 0
31601, 3028499, 0, 0, 0
31702, 2952613, 0, 0, 0
31800, 3025144, 0, 0, 0
31900, 3102777, 0, 0, 0
32002, 3072262, 0, 0, 0
32100, 2948352, 0, 0, 0
32201, 2808332, 0, 0, 0
32300, 2792030, 0, 0, 0
32401, 2945297, 0, 0, 0
32502, 2876241, 0, 0, 0
32600, 2790223, 0, 0, 0
32702, 2876006, 0, 0, 0
32801, 2909840, 0, 0, 0
32903, 2875040, 0, 0, 0
33000, 2915688, 0, 0, 0
33100, 3104943, 0, 0, 0
33201, 2804491, 0, 0, 0
33300, 3072205, 0, 0, 0
33402, 3145609, 0, 0, 0
33502, 3120053, 0, 0, 0
33602, 2903990, 0, 0, 0
33702, 2846795, 0, 0, 0
33800, 2786489, 0, 0, 0
33904, 3112116, 0, 0, 0
34000, 2989999, 0, 0, 0
34101, 3119598, 0, 0, 0
34200, 2997096, 0, 0, 0
34302, 3053490, 0, 0, 0
34402, 3011309, 0, 0, 0
34501, 2892265, 0, 0, 0
34600, 3083898, 0, 0, 0
34700, 3297322, 0, 0, 0
34801, 3134532, 0, 0, 0
34902, 3039051, 0, 0, 0
35000, 3152643, 0, 0, 0
35102, 3076532, 0, 0, 0
35200, 3251766, 0, 0, 0
35302, 3065773, 0, 0, 0
35404, 3154935, 0, 0, 0
35501, 3010527, 0, 0, 0
35601, 2931088, 0, 0, 0
35702, 3044109, 0, 0, 0
35804, 2893606, 0, 0, 0
35901, 2923284, 0, 0, 0
36000, 3080236, 0, 0, 0
36101, 3039012, 0, 0, 0
36201, 3176787, 0, 0, 0
36300, 3073830, 0, 0, 0
36400, 3217082, 0, 0, 0
36500, 2850865, 0, 0, 0
36601, 2928072, 0, 0, 0
36702, 3047654, 0, 0, 0
36800, 3032907, 0, 0, 0
36900, 2855475, 0, 0, 0
37002, 3162252, 0, 0, 0
37100, 2926694, 0, 0, 0
37202, 2977079, 0, 0, 0
37302, 3217895, 0, 0, 0
37401, 3069298, 0, 0, 0
37501, 3018649, 0, 0, 0
37601, 2926503, 0, 0, 0
37703, 2886237, 0, 0, 0
37801, 2852212, 0, 0, 0
37902, 2944017, 0, 0, 0
38000, 3037868, 0, 0, 0
38101, 2971026, 0, 0, 0
38200, 2974896, 0, 0, 0
38300, 3094838, 0, 0, 0
38401, 2861451, 0, 0, 0
38501, 3105727, 0, 0, 0
38601, 3191713, 0, 0, 0
38702, 2957030, 0, 0, 0
38801, 2983839, 0, 0, 0
38901, 2906922, 0, 0, 0
39001, 2777910, 0, 0, 0
39102, 3025116, 0, 0, 0
39201, 2990556, 0, 0, 0
39300, 2967079, 0, 0, 0
39401, 3034579, 0, 0, 0
39501, 3013738, 0, 0, 0
39603, 3070992, 0, 0, 0
39700, 3002045, 0, 0, 0
39801, 2968856, 0, 0, 0
39900, 2965712, 0, 0, 0
40000, 3103780, 0, 0, 0
40101, 2958175, 0, 0, 0
40201, 2917397, 0, 0, 0
40302, 3027916, 0, 0, 0
40402, 3004029, 0, 0, 0
40502, 3010419, 0, 0, 0
40600, 3036922, 0, 0, 0
40702, 2890695, 0, 0, 0
40802, 3023761, 0, 0, 0
40900, 3052366, 0, 0, 0
41003, 2992495, 0, 0, 0
41100, 3021955, 0, 0, 0
41200, 3004523, 0, 0, 0
41300, 3008508, 0, 0, 0
41400, 2994571, 0, 0, 0
41501, 3050053, 0, 0, 0
41600, 3177685, 0, 0, 0
41702, 2957307, 0, 0, 0
41800, 2873580, 0, 0, 0
41902, 3052646, 0, 0, 0
42001, 2913182, 0, 0, 0
42100, 3049942, 0, 0, 0
42200, 3025246, 0, 0, 0
42300, 3100670, 0, 0, 0
42401, 3148794, 0, 0, 0
42501, 3003441, 0, 0, 0
42602, 3021002, 0, 0, 0
42701, 2977814, 0, 0, 0
42800, 2824857, 0, 0, 0
42900, 2898613, 0, 0, 0
43001, 2946735, 0, 0, 0
43100, 3073968, 0, 0, 0
43201, 2970923, 0, 0, 0
43302, 3020114, 0, 0, 0
43400, 2966241, 0, 0, 0
43500, 3003815, 0, 0, 0
43601, 3014996, 0, 0, 0
43703, 2992726, 0, 0, 0
43802, 2977927, 0, 0, 0
43901, 3068169, 0, 0, 0
44001, 2926272, 0, 0, 0
44100, 2807676, 0, 0, 0
44200, 2830577, 0, 0, 0
44300, 3009530, 0, 0, 0
44401, 3147921, 0, 0, 0
44501, 2900590, 0, 0, 0
44601, 3109809, 0, 0, 0
44700, 2975361, 0, 0, 0
44801, 3034993, 0, 0, 0
44900, 2992350, 0, 0, 0
45000, 2834693, 0, 0, 0
45100, 2826421, 0, 0, 0
45200, 3120115, 0, 0, 0
45302, 3160505, 0, 0, 0
45402, 3010505, 0, 0, 0
45502, 2991012, 0, 0, 0
45601, 3184848, 0, 0, 0
45702, 3024736, 0, 0, 0
45803, 3144549, 0, 0, 0
45902, 3057706, 0, 0, 0
46002, 3120874, 0, 0, 0
46102, 3208489, 0, 0, 0
46201, 2980447, 0, 0, 0
46300, 2791901, 0, 0, 0
46400, 2776850, 0, 0, 0
46502, 2793393, 0, 0, 0
46602, 3021391, 0, 0, 0
46700, 2856439, 0, 0, 0
46801, 2948987, 0, 0, 0
46900, 3065325, 0, 0, 0
47001, 2954023, 0, 0, 0
47100, 2899153, 0, 0, 0
47200, 3016522, 0, 0, 0
47301, 2929014, 0, 0, 0
47403, 3067565, 0, 0, 0
47500, 3028796, 0, 0, 0
47601, 2939104, 0, 0, 0
47703, 2989252, 0, 0, 0
47802, 2961906, 0, 0, 0
47900, 2859036, 0, 0, 0
48000, 2849969, 0, 0, 0
48100, 2907102, 0, 0, 0
48200, 3099917, 0, 0, 0
48300, 2937547, 0, 0, 0
48401, 3020113, 0, 0, 0
48503, 2894536, 0, 0, 0
48601, 2952366, 0, 0, 0
48701, 3112508, 0, 0, 0
48800, 2892652, 0, 0, 0
48901, 2947914, 0, 0, 0
49002, 2946449, 0, 0, 0
49101, 3084702, 0, 0, 0
49200, 3063638, 0, 0, 0
49300, 3094993, 0, 0, 0
49401, 2955241, 0, 0, 0
49500, 2989564, 0, 0, 0
49601, 2946461, 0, 0, 0
49702, 3034589, 0, 0, 0
49800, 2939638, 0, 0, 0
49901, 2864811, 0, 0, 0
50003, 2983182, 0, 0, 0
50102, 2970733, 0, 0, 0
50201, 2981225, 0, 0, 0
50302, 3031372, 0, 0, 0
50400, 3065783, 0, 0, 0
50500, 2919582, 0, 0, 0
50602, 3050132, 0, 0, 0
50701, 2992199, 0, 0, 0
50800, 2971361, 0, 0, 0
50902, 2987578, 0, 0, 0
51002, 2921528, 0, 0, 0
51101, 2895637, 0, 0, 0
51201, 2990751, 0, 0, 0
51300, 2906051, 0, 0, 0
51401, 3127676, 0, 0, 0
51500, 3086633, 0, 0, 0
51600, 2916686, 0, 0, 0
51701, 3135139, 0, 0, 0
51802, 2858967, 0, 0, 0
51900, 2951962, 0, 0, 0
52001, 3036345, 0, 0, 0
52101, 3014324, 0, 0, 0
52203, 2965982, 0, 0, 0
52300, 3006355, 0, 0, 0
52402, 2894218, 0, 0, 0
52500, 3046756, 0, 0, 0
52603, 2995959, 0, 0, 0
52701, 3153848, 0, 0, 0
52801, 3111020, 0, 0, 0
52902, 3137215, 0, 0, 0
53002, 3076969, 0, 0, 0
53101, 2990197, 0, 0, 0
53202, 2873550, 0, 0, 0
53301, 2806245, 0, 0, 0
53404, 2911976, 0, 0, 0
53502, 2943056, 0, 0, 0
53602, 3113938, 0, 0, 0
53701, 2798761, 0, 0, 0
53800, 2832776, 0, 0, 0
53900, 2757457, 0, 0, 0
54001, 2841501, 0, 0, 0
54100, 2987330, 0, 0, 0
54202, 3000494, 0, 0, 0
54301, 2973675, 0, 0, 0
54402, 2854970, 0, 0, 0
54502, 3017118, 0, 0, 0
54601, 2814587, 0, 0, 0
54702, 2847310, 0, 0, 0
54802, 2933915, 0, 0, 0
54902, 3093277, 0, 0, 0
55000, 3143040, 0, 0, 0
55100, 3118782, 0, 0, 0
55201, 3024063, 0, 0, 0
55302, 2865713, 0, 0, 0
55401, 2805385, 0, 0, 0
55502, 2867820, 0, 0, 0
55600, 2959328, 0, 0, 0
55700, 2759536, 0, 0, 0
55800, 3011515, 0, 0, 0
55903, 2991934, 0, 0, 0
56000, 3006349, 0, 0, 0
56102, 2970368, 0, 0, 0
56200, 2960603, 0, 0, 0
56301, 2856786, 0, 0, 0
56403, 2802607, 0, 0, 0
56500, 2941852, 0, 0, 0
56602, 2892279, 0, 0, 0
56700, 2866644, 0, 0, 0
56801, 3118880, 0, 0, 0
56902, 2939929, 0, 0, 0
57000, 3046109, 0, 0, 0
57100, 3225514, 0, 0, 0
57202, 3049940, 0, 0, 0
57302, 3023083, 0, 0, 0
57400, 2957073, 0, 0, 0
57503, 3081390, 0, 0, 0
57600, 2932913, 0, 0, 0
57702, 3177686, 0, 0, 0
57801, 2972222, 0, 0, 0
57900, 2875987, 0, 0, 0
58000, 2929246, 0, 0, 0
58100, 2931780, 0, 0, 0
58202, 2968240, 0, 0, 0
58300, 3042851, 0, 0, 0
58402, 2889285, 0, 0, 0
58502, 3026437, 0, 0, 0
58600, 2928064, 0, 0, 0
58700, 2852719, 0, 0, 0
58801, 3137481, 0, 0, 0
58902, 3028409, 0, 0, 0
59001, 3076796, 0, 0, 0
59100, 2892575, 0, 0, 0
59200, 2996754, 0, 0, 0
59301, 3028788, 0, 0, 0
59402, 3161794, 0, 0, 0
59502, 2836792, 0, 0, 0
59602, 2813919, 0, 0, 0
59700, 3045807, 0, 0, 0
59802, 2815929, 0, 0, 0
59903, 2852824, 0, 0, 0
60001, 2972113, 0, 0, 0
60102, 3025318, 0, 0, 0
60200, 2947735, 0, 0, 0
60301, 2958545, 0, 0, 0
60400, 3074825, 0, 0, 0
60501, 2938785, 0, 0, 0
60602, 2959460, 0, 0, 0
60702, 2931377, 0, 0, 0
60801, 2871043, 0, 0, 0
60900, 3076020, 0, 0, 0
61001, 3130455, 0, 0, 0
61102, 2885223, 0, 0, 0
61200, 2762941, 0, 0, 0
61302, 2824859, 0, 0, 0
61402, 2922950, 0, 0, 0
61500, 2949871, 0, 0, 0
61600, 2994190, 0, 0, 0
61700, 3002676, 0, 0, 0
61801, 2959803, 0, 0, 0
61901, 3204470, 0, 0, 0
62000, 2904549, 0, 0, 0
62102, 2983626, 0, 0, 0
62200, 3028081, 0, 0, 0
62302, 3056199, 0, 0, 0
62400, 3056677, 0, 0, 0
62502, 3062370, 0, 0, 0
62600, 3136289, 0, 0, 0
62700, 3015215, 0, 0, 0
62802, 3077722, 0, 0, 0
62902, 2830344, 0, 0, 0
63001, 3079720, 0, 0, 0
63101, 3095669, 0, 0, 0
63200, 3070350, 0, 0, 0
63302, 3057069, 0, 0, 0
63401, 2913550, 0, 0, 0
63502, 3124308, 0, 0, 0
63601, 2977259, 0, 0, 0
63701, 2995146, 0, 0, 0
63803, 2893878, 0, 0, 0
63901, 3049223, 0, 0, 0
64002, 2939436, 0, 0, 0
64101, 3084648, 0, 0, 0
64200, 3074259, 0, 0, 0
64301, 2948243, 0, 0, 0
64401, 3002936, 0, 0, 0
64501, 3013847, 0, 0, 0
64601, 2914393, 0, 0, 0
64701, 3094904, 0, 0, 0
64802, 2957852, 0, 0, 0
64900, 2875267, 0, 0, 0
65002, 3065880, 0, 0, 0
65100, 3033451, 0, 0, 0
65202, 2983950, 0, 0, 0
65302, 2991790, 0, 0, 0
65401, 3072190, 0, 0, 0
65501, 3030554, 0, 0, 0
65603, 2875202, 0, 0, 0
65701, 2794626, 0, 0, 0
65802, 2926081, 0, 0, 0
65902, 3010747, 0, 0, 0
66002, 2925289, 0, 0, 0
66100, 2942227, 0, 0, 0
66202, 2905839, 0, 0, 0
66300, 3135988, 0, 0, 0
66401, 3051230, 0, 0, 0
66502, 3121016, 0, 0, 0
66600, 3047010, 0, 0, 0
66702, 3073084, 0, 0, 0
66801, 2966404, 0, 0, 0
66901, 2921430, 0, 0, 0
67001, 2924508, 0, 0, 0
67103, 3051565, 0, 0, 0
67203, 3111653, 0, 0, 0
67300, 3022784, 0, 0, 0
67401, 3034798, 0, 0, 0
67500, 2981974, 0, 0, 0
67601, 3145612, 0, 0, 0
67702, 3112670, 0, 0, 0
67801, 3093697, 0, 0, 0
67902, 3219166, 0, 0, 0
68001, 2982898, 0, 0, 0
68100, 2988836, 0, 0, 0
68201, 2953604, 0, 0, 0
68302, 3022994, 0, 0, 0
68400, 2939710, 0, 0, 0
68500, 2928886, 0, 0, 0
68601, 2938499, 0, 0, 0
68700, 2908823, 0, 0, 0
68800, 2928770, 0, 0, 0
68900, 2980008, 0, 0, 0
69001, 3149597, 0, 0, 0
69100, 2878478, 0, 0, 0
69201, 3061070, 0, 0, 0
69302, 3035296, 0, 0, 0
69401, 3061055, 0, 0, 0
69500, 2906832, 0, 0, 0
69602, 2955488, 0, 0, 0
69701, 2908642, 0, 0, 0
69803, 3156802, 0, 0, 0
69900, 2932792, 0, 0, 0
70002, 2877909, 0, 0, 0
70102, 3010541, 0, 0, 0
70200, 2967313, 0, 0, 0
70302, 3063113, 0, 0, 0
70401, 3178091, 0, 0, 0
70502, 3042561, 0, 0, 0
70602, 2984570, 0, 0, 0
70702, 2925998, 0, 0, 0
70800, 2769681, 0, 0, 0
70901, 2959563, 0, 0, 0
71001, 2924055, 0, 0, 0
71101, 2831216, 0, 0, 0
71200, 3088849, 0, 0, 0
71302, 3043869, 0, 0, 0
71402, 3018623, 0, 0, 0
71500, 2945931, 0, 0, 0
71602, 3065779, 0, 0, 0
71702, 3096962, 0, 0, 0
71800, 2944096, 0, 0, 0
71900, 3229384, 0, 0, 0
72001, 3008228, 0, 0, 0
72100, 2896586, 0, 0, 0
72201, 3143246, 0, 0, 0
72302, 3035485, 0, 0, 0
72400, 2939965, 0, 0, 0
72501, 2952912, 0, 0, 0
72603, 2889028, 0, 0, 0
72700, 2849151, 0, 0, 0
72800, 3208110, 0, 0, 0
72901, 3024157, 0, 0, 0
73001, 2927042, 0, 0, 0
73101, 3106527, 0, 0, 0
73200, 3076192, 0, 0, 0
73300, 2915693, 0, 0, 0
73402, 2954504, 0, 0, 0
73502, 2852221, 0, 0, 0
73601, 2984214, 0, 0, 0
73702, 2953601, 0, 0, 0
73801, 3068148, 0, 0, 0
73901, 3092439, 0, 0, 0
74001, 3024446, 0, 0, 0
74101, 3196569, 0, 0, 0
74200, 3172807, 0, 0, 0
74301, 3126046, 0, 0, 0
74400, 3068799, 0, 0, 0
74501, 3046263, 0, 0, 0
74600, 2981597, 0, 0, 0
74701, 3024273, 0, 0, 0
74803, 2984199, 0, 0, 0
74904, 3248430, 0, 0, 0
75002, 3127411, 0, 0, 0
75100, 3051540, 0, 0, 0
75201, 3028322, 0, 0, 0
75301, 3030528, 0, 0, 0
75402, 3213523, 0, 0, 0
75502, 2928795, 0, 0, 0
75601, 2992184, 0, 0, 0
75701, 2987802, 0, 0, 0
75800, 2993379, 0, 0, 0
75902, 3156934, 0, 0, 0
76001, 3087830, 0, 0, 0
76100, 2969345, 0, 0, 0
76202, 2806683, 0, 0, 0
76302, 2926020, 0, 0, 0
76401, 2966461, 0, 0, 0
76500, 2831952, 0, 0, 0
76600, 2999377, 0, 0, 0
76702, 2894706, 0, 0, 0
76800, 2955900, 0, 0, 0
76901, 3035290, 0, 0, 0
77000, 2963658, 0, 0, 0
77100, 2941506, 0, 0, 0
77201, 2934912, 0, 0, 0
77301, 3115389, 0, 0, 0
77400, 3179954, 0, 0, 0
77502, 3063992, 0, 0, 0
77600, 2931507, 0, 0, 0
77701, 3059871, 0, 0, 0
77803, 3144502, 0, 0, 0
77900, 3232781, 0, 0, 0
78001, 3024479, 0, 0, 0
78101, 3122713, 0, 0, 0
78201, 3002313, 0, 0, 0
78301, 3192009, 0, 0, 0
78401, 3032815, 0, 0, 0
78502, 2945809, 0, 0, 0
78602, 2904191, 0, 0, 0
78701, 2892004, 0, 0, 0
78803, 3074069, 0, 0, 0
78902, 2993028, 0, 0, 0
79000, 2954383, 0, 0, 0
79103, 2984654, 0, 0, 0
79200, 3027680, 0, 0, 0
79300, 2824358, 0, 0, 0
79401, 2963708, 0, 0, 0
79502, 3142588, 0, 0, 0
79600, 2837428, 0, 0, 0
79702, 3079995, 0, 0, 0
79801, 3062432, 0, 0, 0
79900, 2904853, 0, 0, 0
80001, 2951457, 0, 0, 0
80103, 3048383, 0, 0, 0
80200, 2929480, 0, 0, 0
80302, 2801412, 0, 0, 0
80400, 2959184, 0, 0, 0
80500, 2997067, 0, 0, 0
80601, 2965668, 0, 0, 0
80701, 3017184, 0, 0, 0
80800, 2974567, 0, 0, 0
80902, 3070098, 0, 0, 0
81001, 2881944, 0, 0, 0
81100, 2740297, 0, 0, 0
81200, 2910876, 0, 0, 0
81300, 2920335, 0, 0, 0
81401, 2950719, 0, 0, 0
81501, 2844542, 0, 0, 0
81601, 2914393, 0, 0, 0
81700, 2871389, 0, 0, 0
81802, 2917919, 0, 0, 0
81903, 2923753, 0, 0, 0
82002, 2982615, 0, 0, 0
82100, 3044475, 0, 0, 0
82201, 3023892, 0, 0, 0
82303, 3189480, 0, 0, 0
82400, 3185129, 0, 0, 0
82500, 2926083, 0, 0, 0
82601, 2790711, 0, 0, 0
82702, 2851293, 0, 0, 0
82802, 2918627, 0, 0, 0
82901, 2986544, 0, 0, 0
83001, 2924378, 0, 0, 0
83102, 2934069, 0, 0, 0
83201, 3069098, 0, 0, 0
83301, 2857555, 0, 0, 0
83400, 2881655, 0, 0, 0
83503, 2837760, 0, 0, 0
83601, 2793051, 0, 0, 0
83700, 2885854, 0, 0, 0
83800, 2845995, 0, 0, 0
83900, 3000788, 0, 0, 0
84000, 3021026, 0, 0, 0
84101, 2841731, 0, 0, 0
84201, 2920475, 0, 0, 0
84301, 3034486, 0, 0, 0
84400, 3055762, 0, 0, 0
84500, 2927958, 0, 0, 0
84601, 2930285, 0, 0, 0
84701, 2917116, 0, 0, 0
84800, 2910859, 0, 0, 0
84900, 2838724, 0, 0, 0
85002, 3261623, 0, 0, 0
85101, 3056956, 0, 0, 0
85203, 3066194, 0, 0, 0
85303, 2838536, 0, 0, 0
85402, 3080158, 0, 0, 0
85503, 2856442, 0, 0, 0
85601, 2975935, 0, 0, 0
85701, 2912298, 0, 0, 0
85800, 3067369, 0, 0, 0
85900, 2909636, 0, 0, 0
86000, 2938781, 0, 0, 0
86102, 2975109, 0, 0, 0
86202, 3108137, 0, 0, 0
86300, 2939274, 0, 0, 0
86400, 3000003, 0, 0, 0
86500, 2832271, 0, 0, 0
86602, 2831750, 0, 0, 0
86700, 3047089, 0, 0, 0
86801, 2929098, 0, 0, 0
86902, 2875362, 0, 0, 0
87002, 2991849, 0, 0, 0
87101, 3087812, 0, 0, 0
87202, 3236964, 0, 0, 0
87302, 2916764, 0, 0, 0
87401, 2966536, 0, 0, 0
87502, 2956337, 0, 0, 0
87600, 3041870, 0, 0, 0
87703, 3007614, 0, 0, 0
87800, 3021874, 0, 0, 0
87901, 2939052, 0, 0, 0
88001, 2840646, 0, 0, 0
88101, 2845855, 0, 0, 0
88202, 2938543, 0, 0, 0
88303, 2935582, 0, 0, 0
88402, 3073165, 0, 0, 0
88500, 2961622, 0, 0, 0
88600, 3006282, 0, 0, 0
88701, 2940429, 0, 0, 0
88802, 2955080, 0, 0, 0
88902, 3003565, 0, 0, 0
89001, 2797778, 0, 0, 0
89103, 3182072, 0, 0, 0
89202, 2985869, 0, 0, 0
89301, 2961610, 0, 0, 0
89400, 2999623, 0, 0, 0
89500, 2764765, 0, 0, 0
89600, 3082129, 0, 0, 0
89700, 2920182, 0, 0, 0
89801, 3144827, 0, 0, 0
89900, 2812937, 0, 0, 0
90001, 2044891, 0, 0, 0
