250, 573440, 0, 0, 0
350, 614400, 0, 0, 0
450, 573440, 0, 0, 0
550, 491520, 0, 0, 0
650, 532480, 0, 0, 0
749, 413737, 0, 0, 0
849, 614400, 0, 0, 0
950, 696320, 0, 0, 0
1050, 614400, 0, 0, 0
1150, 614400, 0, 0, 0
1249, 537858, 0, 0, 0
1349, 573440, 0, 0, 0
1449, 573440, 0, 0, 0
1549, 532480, 0, 0, 0
1649, 655360, 0, 0, 0
1749, 532480, 0, 0, 0
1850, 532480, 0, 0, 0
1950, 614400, 0, 0, 0
2050, 491520, 0, 0, 0
2150, 655360, 0, 0, 0
2249, 620606, 0, 0, 0
2349, 532480, 0, 0, 0
2449, 532480, 0, 0, 0
2549, 655360, 0, 0, 0
2649, 532480, 0, 0, 0
2750, 655360, 0, 0, 0
2850, 614400, 0, 0, 0
2950, 573440, 0, 0, 0
3050, 614400, 0, 0, 0
3150, 450560, 0, 0, 0
3249, 620606, 0, 0, 0
3349, 409600, 0, 0, 0
3449, 532480, 0, 0, 0
3550, 532480, 0, 0, 0
3650, 614400, 0, 0, 0
3749, 579232, 0, 0, 0
3849, 573440, 0, 0, 0
3949, 532480, 0, 0, 0
4049, 573440, 0, 0, 0
4149, 614400, 0, 0, 0
4250, 614400, 0, 0, 0
4350, 655360, 0, 0, 0
4450, 614400, 0, 0, 0
4550, 532480, 0, 0, 0
4650, 614400, 0, 0, 0
4749, 620606, 0, 0, 0
4849, 573440, 0, 0, 0
4949, 573440, 0, 0, 0
5049, 573440, 0, 0, 0
5150, 655360, 0, 0, 0
5250, 573440, 0, 0, 0
5350, 573440, 0, 0, 0
5450, 614400, 0, 0, 0
5550, 614400, 0, 0, 0
5650, 532480, 0, 0, 0
5749, 455111, 0, 0, 0
5849, 573440, 0, 0, 0
5949, 491520, 0, 0, 0
6050, 614400, 0, 0, 0
6150, 450560, 0, 0, 0
6249, 496484, 0, 0, 0
6349, 614400, 0, 0, 0
6449, 573440, 0, 0, 0
6549, 573440, 0, 0, 0
6649, 573440, 0, 0, 0
6749, 532480, 0, 0, 0
6849, 614400, 0, 0, 0
6950, 450560, 0, 0, 0
7050, 573440, 0, 0, 0
7150, 532480, 0, 0, 0
7249, 620606, 0, 0, 0
7349, 614400, 0, 0, 0
7449, 614400, 0, 0, 0
7549, 532480, 0, 0, 0
7649, 491520, 0, 0, 0
7750, 573440, 0, 0, 0
7850, 532480, 0, 0, 0
7950, 614400, 0, 0, 0
8050, 573440, 0, 0, 0
8150, 573440, 0, 0, 0
8249, 703353, 0, 0, 0
8349, 614400, 0, 0, 0
8449, 491520, 0, 0, 0
8550, 491520, 0, 0, 0
8650, 532480, 0, 0, 0
8750, 614400, 0, 0, 0
8850, 614400, 0, 0, 0
8950, 614400, 0, 0, 0
9050, 532480, 0, 0, 0
9150, 573440, 0, 0, 0
9249, 496484, 0, 0, 0
9349, 573440, 0, 0, 0
9449, 491520, 0, 0, 0
9550, 614400, 0, 0, 0
9650, 573440, 0, 0, 0
9749, 537858, 0, 0, 0
9849, 532480, 0, 0, 0
9949, 532480, 0, 0, 0
10049, 655360, 0, 0, 0
10149, 450560, 0, 0, 0
10250, 532480, 0, 0, 0
10350, 573440, 0, 0, 0
10450, 532480, 0, 0, 0
10550, 614400, 0, 0, 0
10650, 532480, 0, 0, 0
10749, 661979, 0, 0, 0
10849, 655360, 0, 0, 0
10949, 573440, 0, 0, 0
11050, 532480, 0, 0, 0
11150, 450560, 0, 0, 0
11249, 537858, 0, 0, 0
11349, 614400, 0, 0, 0
11449, 368640, 0, 0, 0
11549, 614400, 0, 0, 0
11649, 655360, 0, 0, 0
11749, 696320, 0, 0, 0
11850, 696320, 0, 0, 0
11950, 491520, 0, 0, 0
12050, 573440, 0, 0, 0
12150, 573440, 0, 0, 0
12249, 537858, 0, 0, 0
12349, 532480, 0, 0, 0
12449, 532480, 0, 0, 0
12550, 573440, 0, 0, 0
12650, 573440, 0, 0, 0
12750, 655360, 0, 0, 0
12850, 491520, 0, 0, 0
12950, 573440, 0, 0, 0
13050, 614400, 0, 0, 0
13150, 614400, 0, 0, 0
13249, 537858, 0, 0, 0
13349, 655360, 0, 0, 0
13449, 573440, 0, 0, 0
13550, 532480, 0, 0, 0
13650, 573440, 0, 0, 0
13749, 579232, 0, 0, 0
13849, 614400, 0, 0, 0
13949, 573440, 0, 0, 0
14049, 614400, 0, 0, 0
14149, 573440, 0, 0, 0
14250, 573440, 0, 0, 0
14350, 614400, 0, 0, 0
14450, 573440, 0, 0, 0
14550, 532480, 0, 0, 0
14650, 655360, 0, 0, 0
14749, 537858, 0, 0, 0
14849, 655360, 0, 0, 0
14949, 491520, 0, 0, 0
15049, 491520, 0, 0, 0
15149, 614400, 0, 0, 0
15250, 491520, 0, 0, 0
15350, 532480, 0, 0, 0
15450, 573440, 0, 0, 0
15550, 573440, 0, 0, 0
15650, 614400, 0, 0, 0
15749, 579232, 0, 0, 0
15849, 491520, 0, 0, 0
15949, 655360, 0, 0, 0
16050, 573440, 0, 0, 0
16150, 614400, 0, 0, 0
16249, 496484, 0, 0, 0
16349, 532480, 0, 0, 0
16449, 491520, 0, 0, 0
16549, 573440, 0, 0, 0
16649, 696320, 0, 0, 0
16750, 532480, 0, 0, 0
16850, 532480, 0, 0, 0
16950, 573440, 0, 0, 0
17050, 532480, 0, 0, 0
17150, 532480, 0, 0, 0
17249, 496484, 0, 0, 0
17349, 532480, 0, 0, 0
17449, 696320, 0, 0, 0
17550, 491520, 0, 0, 0
17650, 532480, 0, 0, 0
17749, 579232, 0, 0, 0
17849, 450560, 0, 0, 0
17949, 532480, 0, 0, 0
18049, 614400, 0, 0, 0
18149, 614400, 0, 0, 0
18250, 532480, 0, 0, 0
18350, 655360, 0, 0, 0
18450, 573440, 0, 0, 0
18550, 655360, 0, 0, 0
18650, 573440, 0, 0, 0
18749, 620606, 0, 0, 0
18849, 655360, 0, 0, 0
18949, 450560, 0, 0, 0
19050, 614400, 0, 0, 0
19150, 655360, 0, 0, 0
19250, 573440, 0, 0, 0
19350, 573440, 0, 0, 0
19450, 450560, 0, 0, 0
19550, 614400, 0, 0, 0
19650, 532480, 0, 0, 0
19749, 496484, 0, 0, 0
19849, 532480, 0, 0, 0
19949, 491520, 0, 0, 0
20050, 532480, 0, 0, 0
20150, 573440, 0, 0, 0
20249, 579232, 0, 0, 0
20349, 532480, 0, 0, 0
20449, 573440, 0, 0, 0
20549, 491520, 0, 0, 0
20649, 614400, 0, 0, 0
20750, 614400, 0, 0, 0
20850, 532480, 0, 0, 0
20950, 573440, 0, 0, 0
21050, 450560, 0, 0, 0
21150, 614400, 0, 0, 0
21249, 579232, 0, 0, 0
21349, 573440, 0, 0, 0
21449, 614400, 0, 0, 0
21550, 491520, 0, 0, 0
21650, 655360, 0, 0, 0
21749, 496484, 0, 0, 0
21849, 491520, 0, 0, 0
21949, 491520, 0, 0, 0
22049, 532480, 0, 0, 0
22149, 614400, 0, 0, 0
22250, 532480, 0, 0, 0
22350, 573440, 0, 0, 0
22450, 532480, 0, 0, 0
22550, 491520, 0, 0, 0
22650, 532480, 0, 0, 0
22749, 620606, 0, 0, 0
22849, 573440, 0, 0, 0
22949, 573440, 0, 0, 0
23050, 573440, 0, 0, 0
23150, 573440, 0, 0, 0
23249, 620606, 0, 0, 0
23349, 532480, 0, 0, 0
23449, 573440, 0, 0, 0
23549, 573440, 0, 0, 0
23649, 532480, 0, 0, 0
23750, 491520, 0, 0, 0
23850, 450560, 0, 0, 0
23950, 655360, 0, 0, 0
24050, 532480, 0, 0, 0
24150, 573440, 0, 0, 0
24249, 579232, 0, 0, 0
24349, 614400, 0, 0, 0
24449, 573440, 0, 0, 0
24550, 573440, 0, 0, 0
24650, 573440, 0, 0, 0
24750, 655360, 0, 0, 0
24850, 491520, 0, 0, 0
24950, 491520, 0, 0, 0
25050, 573440, 0, 0, 0
25150, 532480, 0, 0, 0
25250, 579232, 0, 0, 0
25350, 655360, 0, 0, 0
25450, 573440, 0, 0, 0
25550, 696320, 0, 0, 0
25650, 573440, 0, 0, 0
25749, 620606, 0, 0, 0
25849, 532480, 0, 0, 0
25949, 573440, 0, 0, 0
26050, 532480, 0, 0, 0
26150, 573440, 0, 0, 0
26250, 573440, 0, 0, 0
26350, 491520, 0, 0, 0
26450, 450560, 0, 0, 0
26550, 573440, 0, 0, 0
26650, 696320, 0, 0, 0
26749, 661979, 0, 0, 0
26850, 573440, 0, 0, 0
26950, 696320, 0, 0, 0
27050, 573440, 0, 0, 0
27150, 573440, 0, 0, 0
27249, 537858, 0, 0, 0
27349, 573440, 0, 0, 0
27449, 532480, 0, 0, 0
27550, 573440, 0, 0, 0
27650, 573440, 0, 0, 0
27749, 579232, 0, 0, 0
27849, 614400, 0, 0, 0
27949, 450560, 0, 0, 0
28049, 614400, 0, 0, 0
28149, 491520, 0, 0, 0
28249, 614400, 0, 0, 0
28350, 491520, 0, 0, 0
28450, 573440, 0, 0, 0
28550, 450560, 0, 0, 0
28650, 573440, 0, 0, 0
28749, 579232, 0, 0, 0
28849, 491520, 0, 0, 0
28949, 450560, 0, 0, 0
29049, 655360, 0, 0, 0
29149, 614400, 0, 0, 0
29250, 491520, 0, 0, 0
29350, 491520, 0, 0, 0
29450, 532480, 0, 0, 0
29550, 532480, 0, 0, 0
29650, 532480, 0, 0, 0
29749, 579232, 0, 0, 0
29850, 573440, 0, 0, 0
29950, 696320, 0, 0, 0
30050, 532480, 0, 0, 0
30150, 532480, 0, 0, 0
30249, 661979, 0, 0, 0
30349, 573440, 0, 0, 0
30449, 532480, 0, 0, 0
30549, 655360, 0, 0, 0
30649, 450560, 0, 0, 0
30750, 532480, 0, 0, 0
30850, 532480, 0, 0, 0
30950, 614400, 0, 0, 0
31050, 573440, 0, 0, 0
31150, 614400, 0, 0, 0
31249, 413737, 0, 0, 0
31349, 655360, 0, 0, 0
31449, 532480, 0, 0, 0
31550, 655360, 0, 0, 0
31650, 532480, 0, 0, 0
31749, 496484, 0, 0, 0
31849, 491520, 0, 0, 0
31949, 696320, 0, 0, 0
32049, 614400, 0, 0, 0
32149, 573440, 0, 0, 0
32249, 573440, 0, 0, 0
32349, 655360, 0, 0, 0
32449, 532480, 0, 0, 0
32550, 573440, 0, 0, 0
32650, 573440, 0, 0, 0
32749, 579232, 0, 0, 0
32849, 614400, 0, 0, 0
32949, 573440, 0, 0, 0
33049, 573440, 0, 0, 0
33149, 573440, 0, 0, 0
33250, 573440, 0, 0, 0
33350, 696320, 0, 0, 0
33450, 573440, 0, 0, 0
33550, 491520, 0, 0, 0
33650, 573440, 0, 0, 0
33749, 537858, 0, 0, 0
33849, 573440, 0, 0, 0
33949, 491520, 0, 0, 0
34050, 655360, 0, 0, 0
34150, 655360, 0, 0, 0
34249, 537858, 0, 0, 0
34349, 614400, 0, 0, 0
34449, 614400, 0, 0, 0
34549, 573440, 0, 0, 0
34649, 614400, 0, 0, 0
34750, 573440, 0, 0, 0
34850, 532480, 0, 0, 0
34950, 532480, 0, 0, 0
35050, 532480, 0, 0, 0
35150, 573440, 0, 0, 0
35249, 620606, 0, 0, 0
35349, 614400, 0, 0, 0
35449, 655360, 0, 0, 0
35549, 614400, 0, 0, 0
35650, 532480, 0, 0, 0
35750, 573440, 0, 0, 0
35850, 532480, 0, 0, 0
35950, 655360, 0, 0, 0
36050, 450560, 0, 0, 0
36150, 614400, 0, 0, 0
36249, 579232, 0, 0, 0
36349, 532480, 0, 0, 0
36450, 655360, 0, 0, 0
36550, 614400, 0, 0, 0
36650, 450560, 0, 0, 0
36749, 620606, 0, 0, 0
36849, 614400, 0, 0, 0
36949, 532480, 0, 0, 0
37049, 491520, 0, 0, 0
37149, 532480, 0, 0, 0
37250, 573440, 0, 0, 0
37350, 573440, 0, 0, 0
37450, 573440, 0, 0, 0
37550, 491520, 0, 0, 0
37650, 491520, 0, 0, 0
37749, 620606, 0, 0, 0
37849, 532480, 0, 0, 0
37950, 532480, 0, 0, 0
38050, 532480, 0, 0, 0
38150, 573440, 0, 0, 0
38249, 537858, 0, 0, 0
38349, 573440, 0, 0, 0
38449, 532480, 0, 0, 0
38549, 696320, 0, 0, 0
38649, 491520, 0, 0, 0
38750, 614400, 0, 0, 0
38850, 614400, 0, 0, 0
38950, 491520, 0, 0, 0
39050, 614400, 0, 0, 0
39150, 491520, 0, 0, 0
39249, 579232, 0, 0, 0
39349, 532480, 0, 0, 0
39449, 573440, 0, 0, 0
39550, 614400, 0, 0, 0
39650, 450560, 0, 0, 0
39749, 496484, 0, 0, 0
39849, 532480, 0, 0, 0
39949, 655360, 0, 0, 0
40049, 491520, 0, 0, 0
40149, 614400, 0, 0, 0
40250, 696320, 0, 0, 0
40350, 573440, 0, 0, 0
40450, 573440, 0, 0, 0
40550, 614400, 0, 0, 0
40650, 655360, 0, 0, 0
40749, 620606, 0, 0, 0
40849, 573440, 0, 0, 0
40949, 491520, 0, 0, 0
41050, 573440, 0, 0, 0
41150, 573440, 0, 0, 0
41249, 537858, 0, 0, 0
41349, 491520, 0, 0, 0
41449, 573440, 0, 0, 0
41549, 532480, 0, 0, 0
41649, 655360, 0, 0, 0
41749, 532480, 0, 0, 0
41850, 614400, 0, 0, 0
41950, 532480, 0, 0, 0
42050, 573440, 0, 0, 0
42150, 573440, 0, 0, 0
42249, 537858, 0, 0, 0
42349, 614400, 0, 0, 0
42449, 614400, 0, 0, 0
42550, 573440, 0, 0, 0
42650, 573440, 0, 0, 0
42750, 573440, 0, 0, 0
42850, 614400, 0, 0, 0
42950, 532480, 0, 0, 0
43050, 614400, 0, 0, 0
43150, 491520, 0, 0, 0
43249, 496484, 0, 0, 0
43349, 614400, 0, 0, 0
43450, 573440, 0, 0, 0
43550, 614400, 0, 0, 0
43650, 532480, 0, 0, 0
43749, 496484, 0, 0, 0
43849, 491520, 0, 0, 0
43949, 532480, 0, 0, 0
44049, 614400, 0, 0, 0
44150, 532480, 0, 0, 0
44250, 532480, 0, 0, 0
44350, 532480, 0, 0, 0
44450, 532480, 0, 0, 0
44550, 614400, 0, 0, 0
44650, 614400, 0, 0, 0
44749, 579232, 0, 0, 0
44849, 573440, 0, 0, 0
44949, 614400, 0, 0, 0
45050, 655360, 0, 0, 0
45150, 614400, 0, 0, 0
45249, 537858, 0, 0, 0
45349, 532480, 0, 0, 0
45449, 409600, 0, 0, 0
45549, 532480, 0, 0, 0
45649, 532480, 0, 0, 0
45750, 573440, 0, 0, 0
45850, 532480, 0, 0, 0
45950, 573440, 0, 0, 0
46050, 573440, 0, 0, 0
46150, 573440, 0, 0, 0
46249, 661979, 0, 0, 0
46349, 573440, 0, 0, 0
46449, 614400, 0, 0, 0
46550, 614400, 0, 0, 0
46650, 573440, 0, 0, 0
46749, 579232, 0, 0, 0
46849, 532480, 0, 0, 0
46949, 573440, 0, 0, 0
47049, 573440, 0, 0, 0
47149, 573440, 0, 0, 0
47249, 614400, 0, 0, 0
47350, 655360, 0, 0, 0
47450, 532480, 0, 0, 0
47550, 614400, 0, 0, 0
47650, 491520, 0, 0, 0
47749, 661979, 0, 0, 0
47849, 573440, 0, 0, 0
47949, 573440, 0, 0, 0
48049, 614400, 0, 0, 0
48149, 614400, 0, 0, 0
48250, 532480, 0, 0, 0
48350, 573440, 0, 0, 0
48450, 573440, 0, 0, 0
48550, 614400, 0, 0, 0
48650, 450560, 0, 0, 0
48749, 661979, 0, 0, 0
48849, 614400, 0, 0, 0
48949, 614400, 0, 0, 0
49050, 573440, 0, 0, 0
49150, 409600, 0, 0, 0
49249, 537858, 0, 0, 0
49349, 532480, 0, 0, 0
49449, 450560, 0, 0, 0
49549, 532480, 0, 0, 0
49649, 573440, 0, 0, 0
49749, 655360, 0, 0, 0
49850, 532480, 0, 0, 0
49950, 573440, 0, 0, 0
50050, 532480, 0, 0, 0
50150, 614400, 0, 0, 0
50249, 496484, 0, 0, 0
50349, 532480, 0, 0, 0
50449, 655360, 0, 0, 0
50549, 655360, 0, 0, 0
50650, 491520, 0, 0, 0
50750, 573440, 0, 0, 0
50850, 573440, 0, 0, 0
50950, 655360, 0, 0, 0
51050, 532480, 0, 0, 0
51150, 573440, 0, 0, 0
51249, 537858, 0, 0, 0
51349, 655360, 0, 0, 0
51449, 491520, 0, 0, 0
51550, 573440, 0, 0, 0
51650, 450560, 0, 0, 0
51749, 537858, 0, 0, 0
51849, 532480, 0, 0, 0
51949, 491520, 0, 0, 0
52049, 655360, 0, 0, 0
52149, 696320, 0, 0, 0
52250, 573440, 0, 0, 0
52350, 532480, 0, 0, 0
52450, 614400, 0, 0, 0
52550, 614400, 0, 0, 0
52650, 655360, 0, 0, 0
52749, 537858, 0, 0, 0
52849, 532480, 0, 0, 0
52949, 614400, 0, 0, 0
53050, 696320, 0, 0, 0
53150, 573440, 0, 0, 0
53249, 620606, 0, 0, 0
53349, 573440, 0, 0, 0
53449, 614400, 0, 0, 0
53549, 532480, 0, 0, 0
53649, 532480, 0, 0, 0
53749, 532480, 0, 0, 0
53849, 573440, 0, 0, 0
53950, 573440, 0, 0, 0
54050, 573440, 0, 0, 0
54150, 491520, 0, 0, 0
54249, 620606, 0, 0, 0
54349, 573440, 0, 0, 0
54449, 532480, 0, 0, 0
54550, 532480, 0, 0, 0
54650, 491520, 0, 0, 0
54750, 614400, 0, 0, 0
54850, 532480, 0, 0, 0
54950, 532480, 0, 0, 0
55050, 614400, 0, 0, 0
55150, 532480, 0, 0, 0
55249, 620606, 0, 0, 0
55349, 491520, 0, 0, 0
55449, 573440, 0, 0, 0
55550, 573440, 0, 0, 0
55650, 532480, 0, 0, 0
55749, 579232, 0, 0, 0
55849, 614400, 0, 0, 0
55949, 573440, 0, 0, 0
56049, 532480, 0, 0, 0
56149, 696320, 0, 0, 0
56249, 655360, 0, 0, 0
56349, 573440, 0, 0, 0
56450, 573440, 0, 0, 0
56550, 737280, 0, 0, 0
56650, 491520, 0, 0, 0
56749, 537858, 0, 0, 0
56849, 573440, 0, 0, 0
56949, 573440, 0, 0, 0
57050, 532480, 0, 0, 0
57150, 614400, 0, 0, 0
57249, 661979, 0, 0, 0
57349, 573440, 0, 0, 0
57449, 532480, 0, 0, 0
57549, 491520, 0, 0, 0
57649, 491520, 0, 0, 0
57749, 450560, 0, 0, 0
57849, 573440, 0, 0, 0
57950, 573440, 0, 0, 0
58050, 532480, 0, 0, 0
58150, 450560, 0, 0, 0
58249, 620606, 0, 0, 0
58349, 573440, 0, 0, 0
58449, 450560, 0, 0, 0
58549, 450560, 0, 0, 0
58649, 614400, 0, 0, 0
58750, 532480, 0, 0, 0
58850, 573440, 0, 0, 0
58950, 573440, 0, 0, 0
59050, 655360, 0, 0, 0
59150, 532480, 0, 0, 0
59249, 579232, 0, 0, 0
59349, 573440, 0, 0, 0
59449, 532480, 0, 0, 0
59550, 655360, 0, 0, 0
59650, 491520, 0, 0, 0
59750, 491520, 0, 0, 0
59850, 573440, 0, 0, 0
59950, 614400, 0, 0, 0
60050, 573440, 0, 0, 0
60150, 655360, 0, 0, 0
60249, 620606, 0, 0, 0
60349, 573440, 0, 0, 0
60449, 614400, 0, 0, 0
60550, 655360, 0, 0, 0
60650, 491520, 0, 0, 0
60749, 579232, 0, 0, 0
60849, 532480, 0, 0, 0
60949, 532480, 0, 0, 0
61049, 655360, 0, 0, 0
61149, 614400, 0, 0, 0
61249, 655360, 0, 0, 0
61349, 573440, 0, 0, 0
61450, 532480, 0, 0, 0
61550, 614400, 0, 0, 0
61650, 491520, 0, 0, 0
61749, 661979, 0, 0, 0
61849, 614400, 0, 0, 0
61949, 573440, 0, 0, 0
62049, 573440, 0, 0, 0
62149, 573440, 0, 0, 0
62250, 573440, 0, 0, 0
62350, 614400, 0, 0, 0
62450, 614400, 0, 0, 0
62550, 614400, 0, 0, 0
62650, 655360, 0, 0, 0
62749, 537858, 0, 0, 0
62849, 532480, 0, 0, 0
62949, 491520, 0, 0, 0
63049, 573440, 0, 0, 0
63150, 573440, 0, 0, 0
63250, 573440, 0, 0, 0
63350, 532480, 0, 0, 0
63450, 573440, 0, 0, 0
63550, 696320, 0, 0, 0
63650, 491520, 0, 0, 0
63749, 579232, 0, 0, 0
63849, 532480, 0, 0, 0
63949, 614400, 0, 0, 0
64050, 491520, 0, 0, 0
64150, 573440, 0, 0, 0
64249, 496484, 0, 0, 0
64349, 532480, 0, 0, 0
64449, 696320, 0, 0, 0
64549, 491520, 0, 0, 0
64649, 532480, 0, 0, 0
64749, 573440, 0, 0, 0
64849, 573440, 0, 0, 0
64950, 532480, 0, 0, 0
65050, 491520, 0, 0, 0
65150, 532480, 0, 0, 0
65249, 496484, 0, 0, 0
65349, 532480, 0, 0, 0
65449, 532480, 0, 0, 0
65549, 532480, 0, 0, 0
65649, 532480, 0, 0, 0
65750, 614400, 0, 0, 0
65850, 532480, 0, 0, 0
65950, 655360, 0, 0, 0
66050, 573440, 0, 0, 0
66150, 696320, 0, 0, 0
66249, 455111, 0, 0, 0
66349, 573440, 0, 0, 0
66449, 532480, 0, 0, 0
66550, 614400, 0, 0, 0
66650, 655360, 0, 0, 0
66750, 491520, 0, 0, 0
66850, 532480, 0, 0, 0
66950, 614400, 0, 0, 0
67050, 696320, 0, 0, 0
67150, 532480, 0, 0, 0
67249, 455111, 0, 0, 0
67349, 655360, 0, 0, 0
67449, 573440, 0, 0, 0
67550, 491520, 0, 0, 0
67650, 696320, 0, 0, 0
67749, 537858, 0, 0, 0
67849, 573440, 0, 0, 0
67949, 573440, 0, 0, 0
68049, 532480, 0, 0, 0
68149, 491520, 0, 0, 0
68249, 532480, 0, 0, 0
68349, 614400, 0, 0, 0
68450, 491520, 0, 0, 0
68550, 614400, 0, 0, 0
68650, 614400, 0, 0, 0
68749, 579232, 0, 0, 0
68849, 573440, 0, 0, 0
68949, 573440, 0, 0, 0
69049, 614400, 0, 0, 0
69149, 532480, 0, 0, 0
69250, 573440, 0, 0, 0
69350, 573440, 0, 0, 0
69450, 614400, 0, 0, 0
69550, 655360, 0, 0, 0
69650, 655360, 0, 0, 0
69749, 455111, 0, 0, 0
69849, 573440, 0, 0, 0
69949, 614400, 0, 0, 0
70049, 532480, 0, 0, 0
70149, 532480, 0, 0, 0
70250, 532480, 0, 0, 0
70350, 614400, 0, 0, 0
70450, 491520, 0, 0, 0
70550, 655360, 0, 0, 0
70650, 573440, 0, 0, 0
70749, 537858, 0, 0, 0
70849, 450560, 0, 0, 0
70949, 655360, 0, 0, 0
71050, 573440, 0, 0, 0
71150, 532480, 0, 0, 0
71249, 496484, 0, 0, 0
71349, 573440, 0, 0, 0
71449, 450560, 0, 0, 0
71549, 532480, 0, 0, 0
71649, 532480, 0, 0, 0
71749, 614400, 0, 0, 0
71850, 655360, 0, 0, 0
71950, 532480, 0, 0, 0
72050, 491520, 0, 0, 0
72150, 614400, 0, 0, 0
72249, 537858, 0, 0, 0
72349, 573440, 0, 0, 0
72449, 573440, 0, 0, 0
72549, 450560, 0, 0, 0
72650, 573440, 0, 0, 0
72750, 573440, 0, 0, 0
72850, 614400, 0, 0, 0
72950, 573440, 0, 0, 0
73050, 655360, 0, 0, 0
73150, 532480, 0, 0, 0
73249, 620606, 0, 0, 0
73349, 614400, 0, 0, 0
73449, 573440, 0, 0, 0
73550, 450560, 0, 0, 0
73650, 491520, 0, 0, 0
73749, 620606, 0, 0, 0
73849, 491520, 0, 0, 0
73949, 532480, 0, 0, 0
74049, 573440, 0, 0, 0
74149, 655360, 0, 0, 0
74249, 614400, 0, 0, 0
74350, 573440, 0, 0, 0
74450, 614400, 0, 0, 0
74550, 491520, 0, 0, 0
74650, 696320, 0, 0, 0
74749, 579232, 0, 0, 0
74849, 491520, 0, 0, 0
74949, 491520, 0, 0, 0
75049, 532480, 0, 0, 0
75149, 614400, 0, 0, 0
75250, 573440, 0, 0, 0
75350, 491520, 0, 0, 0
75450, 614400, 0, 0, 0
75550, 655360, 0, 0, 0
75650, 614400, 0, 0, 0
75749, 537858, 0, 0, 0
75849, 532480, 0, 0, 0
75949, 450560, 0, 0, 0
76049, 573440, 0, 0, 0
76150, 655360, 0, 0, 0
76250, 573440, 0, 0, 0
76350, 532480, 0, 0, 0
76450, 655360, 0, 0, 0
76550, 532480, 0, 0, 0
76650, 573440, 0, 0, 0
76749, 537858, 0, 0, 0
76849, 655360, 0, 0, 0
76949, 532480, 0, 0, 0
77050, 655360, 0, 0, 0
77150, 450560, 0, 0, 0
77249, 620606, 0, 0, 0
77349, 532480, 0, 0, 0
77449, 491520, 0, 0, 0
77549, 614400, 0, 0, 0
77649, 573440, 0, 0, 0
77749, 491520, 0, 0, 0
77849, 573440, 0, 0, 0
77950, 614400, 0, 0, 0
78050, 655360, 0, 0, 0
78150, 491520, 0, 0, 0
78249, 537858, 0, 0, 0
78349, 614400, 0, 0, 0
78449, 532480, 0, 0, 0
78549, 532480, 0, 0, 0
78649, 573440, 0, 0, 0
78750, 573440, 0, 0, 0
78850, 614400, 0, 0, 0
78950, 491520, 0, 0, 0
79050, 614400, 0, 0, 0
79150, 491520, 0, 0, 0
79249, 537858, 0, 0, 0
79349, 532480, 0, 0, 0
79449, 532480, 0, 0, 0
79549, 491520, 0, 0, 0
79649, 573440, 0, 0, 0
79750, 532480, 0, 0, 0
79850, 614400, 0, 0, 0
79950, 614400, 0, 0, 0
80050, 491520, 0, 0, 0
80150, 532480, 0, 0, 0
80249, 661979, 0, 0, 0
80349, 573440, 0, 0, 0
80449, 491520, 0, 0, 0
80550, 532480, 0, 0, 0
80650, 573440, 0, 0, 0
80749, 579232, 0, 0, 0
80849, 532480, 0, 0, 0
80949, 614400, 0, 0, 0
81049, 491520, 0, 0, 0
81149, 491520, 0, 0, 0
81249, 491520, 0, 0, 0
81349, 532480, 0, 0, 0
81449, 614400, 0, 0, 0
81550, 573440, 0, 0, 0
81650, 532480, 0, 0, 0
81749, 579232, 0, 0, 0
81849, 532480, 0, 0, 0
81949, 532480, 0, 0, 0
82049, 614400, 0, 0, 0
82149, 450560, 0, 0, 0
82250, 614400, 0, 0, 0
82350, 532480, 0, 0, 0
82450, 778240, 0, 0, 0
82550, 532480, 0, 0, 0
82650, 532480, 0, 0, 0
82749, 537858, 0, 0, 0
82849, 655360, 0, 0, 0
82949, 532480, 0, 0, 0
83050, 573440, 0, 0, 0
83150, 573440, 0, 0, 0
83250, 573440, 0, 0, 0
83350, 450560, 0, 0, 0
83450, 573440, 0, 0, 0
83550, 532480, 0, 0, 0
83650, 614400, 0, 0, 0
83749, 537858, 0, 0, 0
83849, 532480, 0, 0, 0
83949, 573440, 0, 0, 0
84050, 614400, 0, 0, 0
84150, 655360, 0, 0, 0
84249, 703353, 0, 0, 0
84349, 532480, 0, 0, 0
84449, 614400, 0, 0, 0
84549, 655360, 0, 0, 0
84649, 573440, 0, 0, 0
84750, 655360, 0, 0, 0
84850, 532480, 0, 0, 0
84950, 655360, 0, 0, 0
85050, 532480, 0, 0, 0
85150, 532480, 0, 0, 0
85249, 579232, 0, 0, 0
85349, 614400, 0, 0, 0
85449, 614400, 0, 0, 0
85550, 573440, 0, 0, 0
85650, 532480, 0, 0, 0
85750, 532480, 0, 0, 0
85850, 532480, 0, 0, 0
85950, 614400, 0, 0, 0
86050, 573440, 0, 0, 0
86150, 573440, 0, 0, 0
86249, 579232, 0, 0, 0
86350, 614400, 0, 0, 0
86450, 655360, 0, 0, 0
86550, 573440, 0, 0, 0
86650, 573440, 0, 0, 0
86749, 537858, 0, 0, 0
86849, 573440, 0, 0, 0
86949, 614400, 0, 0, 0
87049, 491520, 0, 0, 0
87149, 491520, 0, 0, 0
87250, 655360, 0, 0, 0
87350, 614400, 0, 0, 0
87450, 614400, 0, 0, 0
87550, 573440, 0, 0, 0
87650, 573440, 0, 0, 0
87749, 537858, 0, 0, 0
87849, 614400, 0, 0, 0
87949, 532480, 0, 0, 0
88049, 450560, 0, 0, 0
88150, 573440, 0, 0, 0
88250, 696320, 0, 0, 0
88350, 532480, 0, 0, 0
88450, 614400, 0, 0, 0
88550, 614400, 0, 0, 0
88650, 573440, 0, 0, 0
88749, 579232, 0, 0, 0
88850, 491520, 0, 0, 0
88950, 614400, 0, 0, 0
89050, 532480, 0, 0, 0
89150, 573440, 0, 0, 0
89249, 537858, 0, 0, 0
89349, 696320, 0, 0, 0
89449, 532480, 0, 0, 0
89549, 614400, 0, 0, 0
89649, 532480, 0, 0, 0
89749, 614400, 0, 0, 0
89849, 573440, 0, 0, 0
89950, 532480, 0, 0, 0
