100, 4891236, 0, 0, 0
200, 5714866, 0, 0, 0
300, 5420880, 0, 0, 0
400, 5094965, 0, 0, 0
500, 5696887, 0, 0, 0
600, 5038464, 0, 0, 0
700, 4955300, 0, 0, 0
800, 5204321, 0, 0, 0
900, 5386284, 0, 0, 0
1000, 4787555, 0, 0, 0
1100, 5689100, 0, 0, 0
1200, 5254045, 0, 0, 0
1300, 5625840, 0, 0, 0
1400, 5108581, 0, 0, 0
1500, 4932572, 0, 0, 0
1600, 4920754, 0, 0, 0
1700, 5042199, 0, 0, 0
1800, 5678654, 0, 0, 0
1900, 5034509, 0, 0, 0
2000, 4929658, 0, 0, 0
2100, 4772027, 0, 0, 0
2201, 5070350, 0, 0, 0
2300, 5442847, 0, 0, 0
2401, 5099326, 0, 0, 0
2500, 5378429, 0, 0, 0
2600, 5093225, 0, 0, 0
2700, 5223152, 0, 0, 0
2801, 4838753, 0, 0, 0
2900, 5348964, 0, 0, 0
3000, 5190242, 0, 0, 0
3100, 4845352, 0, 0, 0
3200, 5072509, 0, 0, 0
3300, 5071953, 0, 0, 0
3400, 5640714, 0, 0, 0
3500, 5072293, 0, 0, 0
3600, 4797863, 0, 0, 0
3700, 5431127, 0, 0, 0
3800, 5789410, 0, 0, 0
3901, 4949259, 0, 0, 0
4000, 5172255, 0, 0, 0
4100, 4837358, 0, 0, 0
4200, 4740359, 0, 0, 0
4301, 4988104, 0, 0, 0
4400, 5401161, 0, 0, 0
4500, 5107602, 0, 0, 0
4600, 5049989, 0, 0, 0
4701, 4721459, 0, 0, 0
4801, 4716076, 0, 0, 0
4900, 4723862, 0, 0, 0
5001, 4557861, 0, 0, 0
5100, 4688433, 0, 0, 0
5200, 4595129, 0, 0, 0
5300, 5219733, 0, 0, 0
5400, 5602394, 0, 0, 0
5500, 4633576, 0, 0, 0
5600, 5346372, 0, 0, 0
5700, 5103449, 0, 0, 0
5800, 5139378, 0, 0, 0
5900, 4989291, 0, 0, 0
6000, 5151259, 0, 0, 0
6101, 5049230, 0, 0, 0
6200, 5128727, 0, 0, 0
6300, 5064272, 0, 0, 0
6400, 4814185, 0, 0, 0
6500, 4815801, 0, 0, 0
6600, 5259905, 0, 0, 0
6701, 5292281, 0, 0, 0
6800, 5279450, 0, 0, 0
6900, 4751926, 0, 0, 0
7000, 4679602, 0, 0, 0
7100, 5328963, 0, 0, 0
7200, 5539103, 0, 0, 0
7300, 4758527, 0, 0, 0
7400, 5032115, 0, 0, 0
7500, 5471353, 0, 0, 0
7600, 4957428, 0, 0, 0
7700, 5010587, 0, 0, 0
7800, 5182015, 0, 0, 0
7900, 4757126, 0, 0, 0
8000, 5129037, 0, 0, 0
8100, 5089270, 0, 0, 0
8200, 5836245, 0, 0, 0
8300, 4960995, 0, 0, 0
8400, 4744624, 0, 0, 0
8500, 4755673, 0, 0, 0
8601, 4972745, 0, 0, 0
8700, 4833708, 0, 0, 0
8800, 4867510, 0, 0, 0
8900, 5002728, 0, 0, 0
9000, 4978090, 0, 0, 0
9100, 4945472, 0, 0, 0
9202, 5234011, 0, 0, 0
9300, 5451764, 0, 0, 0
9400, 4915700, 0, 0, 0
9500, 4684112, 0, 0, 0
9600, 5274628, 0, 0, 0
9700, 5020818, 0, 0, 0
9800, 4877752, 0, 0, 0
9900, 5322608, 0, 0, 0
10000, 4861953, 0, 0, 0
10100, 4779376, 0, 0, 0
10201, 5431542, 0, 0, 0
10300, 4714245, 0, 0, 0
10400, 5233063, 0, 0, 0
10500, 5259627, 0, 0, 0
10600, 5440306, 0, 0, 0
10700, 5918999, 0, 0, 0
10800, 5507453, 0, 0, 0
10900, 4557911, 0, 0, 0
11000, 4693430, 0, 0, 0
11100, 4535743, 0, 0, 0
11200, 4941205, 0, 0, 0
11300, 4734826, 0, 0, 0
11400, 4700786, 0, 0, 0
11500, 4617392, 0, 0, 0
11600, 5294812, 0, 0, 0
11701, 4868389, 0, 0, 0
11800, 4935392, 0, 0, 0
11900, 5033433, 0, 0, 0
12001, 4749924, 0, 0, 0
12100, 4999762, 0, 0, 0
12200, 5035749, 0, 0, 0
12300, 4614608, 0, 0, 0
12400, 5158584, 0, 0, 0
12500, 5432103, 0, 0, 0
12600, 5297513, 0, 0, 0
12700, 4964713, 0, 0, 0
12800, 5480400, 0, 0, 0
12900, 5625118, 0, 0, 0
13000, 5486445, 0, 0, 0
13100, 4615001, 0, 0, 0
13201, 5030344, 0, 0, 0
13300, 5294246, 0, 0, 0
13400, 5638663, 0, 0, 0
13501, 4852492, 0, 0, 0
13600, 4969962, 0, 0, 0
13700, 5010413, 0, 0, 0
13800, 5695623, 0, 0, 0
13900, 4880374, 0, 0, 0
14000, 5103137, 0, 0, 0
14100, 5011851, 0, 0, 0
14200, 5294171, 0, 0, 0
14300, 5282085, 0, 0, 0
14400, 4540113, 0, 0, 0
14500, 5004224, 0, 0, 0
14602, 5574723, 0, 0, 0
14700, 4776044, 0, 0, 0
14801, 5159936, 0, 0, 0
14900, 5394178, 0, 0, 0
15000, 4882230, 0, 0, 0
15100, 4922685, 0, 0, 0
15200, 5237637, 0, 0, 0
15300, 5408652, 0, 0, 0
15400, 5179912, 0, 0, 0
15500, 5301623, 0, 0, 0
15600, 5470193, 0, 0, 0
15700, 5016508, 0, 0, 0
15802, 4931398, 0, 0, 0
15900, 4956300, 0, 0, 0
16000, 4931626, 0, 0, 0
16100, 4998276, 0, 0, 0
16200, 4665542, 0, 0, 0
16301, 5040897, 0, 0, 0
16401, 5226925, 0, 0, 0
16500, 4842437, 0, 0, 0
16600, 5141544, 0, 0, 0
16700, 5062750, 0, 0, 0
16800, 5068736, 0, 0, 0
16900, 5054956, 0, 0, 0
17000, 4855477, 0, 0, 0
17100, 5357584, 0, 0, 0
17200, 4768862, 0, 0, 0
17301, 5307366, 0, 0, 0
17400, 5748555, 0, 0, 0
17500, 5150723, 0, 0, 0
17601, 5667944, 0, 0, 0
17700, 5012268, 0, 0, 0
17800, 5133473, 0, 0, 0
17900, 4864015, 0, 0, 0
18000, 5133466, 0, 0, 0
18100, 4962781, 0, 0, 0
18200, 4847407, 0, 0, 0
18300, 4726493, 0, 0, 0
18400, 5565019, 0, 0, 0
18500, 5586259, 0, 0, 0
18601, 5416508, 0, 0, 0
18700, 5536518, 0, 0, 0
18801, 5108305, 0, 0, 0
18900, 4981043, 0, 0, 0
19000, 4818314, 0, 0, 0
19100, 4519663, 0, 0, 0
19200, 4698390, 0, 0, 0
19301, 6046083, 0, 0, 0
19400, 5365598, 0, 0, 0
19500, 4881539, 0, 0, 0
19600, 4916525, 0, 0, 0
19700, 5047905, 0, 0, 0
19800, 5263565, 0, 0, 0
19900, 5374260, 0, 0, 0
20000, 5266274, 0, 0, 0
20100, 5242146, 0, 0, 0
20200, 4814246, 0, 0, 0
20300, 5269862, 0, 0, 0
20400, 4872311, 0, 0, 0
20500, 5039629, 0, 0, 0
20600, 5236506, 0, 0, 0
20700, 5366979, 0, 0, 0
20800, 5256917, 0, 0, 0
20900, 4809759, 0, 0, 0
21000, 4962075, 0, 0, 0
21101, 5647291, 0, 0, 0
21200, 5389853, 0, 0, 0
21300, 5115108, 0, 0, 0
21400, 5171099, 0, 0, 0
21500, 5169185, 0, 0, 0
21600, 5217226, 0, 0, 0
21700, 4720312, 0, 0, 0
21800, 5170895, 0, 0, 0
21900, 4819674, 0, 0, 0
22000, 5233662, 0, 0, 0
22101, 4964933, 0, 0, 0
22200, 5067591, 0, 0, 0
22301, 5066596, 0, 0, 0
22400, 4985201, 0, 0, 0
22501, 5465695, 0, 0, 0
22600, 5051814, 0, 0, 0
22700, 4887176, 0, 0, 0
22800, 4891974, 0, 0, 0
22900, 5052391, 0, 0, 0
23000, 5997849, 0, 0, 0
23100, 4973907, 0, 0, 0
23200, 5334753, 0, 0, 0
23303, 5035263, 0, 0, 0
23400, 5195629, 0, 0, 0
23500, 4862946, 0, 0, 0
23600, 5307081, 0, 0, 0
23700, 5480706, 0, 0, 0
23801, 5227123, 0, 0, 0
23900, 5669000, 0, 0, 0
24000, 4743192, 0, 0, 0
24100, 4889893, 0, 0, 0
24200, 4801269, 0, 0, 0
24300, 5435344, 0, 0, 0
24400, 5525995, 0, 0, 0
24500, 5042256, 0, 0, 0
24600, 5553638, 0, 0, 0
24700, 4998567, 0, 0, 0
24800, 4718851, 0, 0, 0
24900, 4655462, 0, 0, 0
25000, 4786712, 0, 0, 0
25100, 5169710, 0, 0, 0
25200, 4877214, 0, 0, 0
25300, 4694254, 0, 0, 0
25400, 4777871, 0, 0, 0
25501, 4907721, 0, 0, 0
25600, 4640614, 0, 0, 0
25700, 5164370, 0, 0, 0
25801, 4664519, 0, 0, 0
25901, 5096355, 0, 0, 0
26000, 5279862, 0, 0, 0
26100, 5307020, 0, 0, 0
26200, 4978747, 0, 0, 0
26300, 4733855, 0, 0, 0
26400, 4683824, 0, 0, 0
26500, 5090383, 0, 0, 0
26600, 4844867, 0, 0, 0
26700, 4902876, 0, 0, 0
26800, 4972629, 0, 0, 0
26901, 5200920, 0, 0, 0
27001, 5070423, 0, 0, 0
27100, 5455535, 0, 0, 0
27200, 5403063, 0, 0, 0
27300, 4968282, 0, 0, 0
27400, 5248137, 0, 0, 0
27501, 4724742, 0, 0, 0
27600, 4936978, 0, 0, 0
27700, 5442033, 0, 0, 0
27801, 4974909, 0, 0, 0
27900, 5236974, 0, 0, 0
28000, 5282654, 0, 0, 0
28100, 4819094, 0, 0, 0
28200, 5184012, 0, 0, 0
28300, 5281327, 0, 0, 0
28402, 4778579, 0, 0, 0
28500, 4912973, 0, 0, 0
28600, 5168708, 0, 0, 0
28700, 4765042, 0, 0, 0
28800, 4531451, 0, 0, 0
28900, 4811280, 0, 0, 0
29000, 5109300, 0, 0, 0
29100, 4887479, 0, 0, 0
29200, 5130758, 0, 0, 0
29300, 5180349, 0, 0, 0
29401, 5203855, 0, 0, 0
29501, 4972527, 0, 0, 0
29600, 5453382, 0, 0, 0
29700, 4766424, 0, 0, 0
29800, 5399209, 0, 0, 0
29900, 5107430, 0, 0, 0
30000, 5654831, 0, 0, 0
30100, 5021849, 0, 0, 0
30200, 5556529, 0, 0, 0
30300, 4916020, 0, 0, 0
30400, 5201331, 0, 0, 0
30500, 4972551, 0, 0, 0
30600, 4713059, 0, 0, 0
30700, 4652994, 0, 0, 0
30801, 5294761, 0, 0, 0
30900, 5296425, 0, 0, 0
31000, 5878911, 0, 0, 0
31102, 6344638, 0, 0, 0
31200, 5197467, 0, 0, 0
31300, 4914993, 0, 0, 0
31400, 4649557, 0, 0, 0
31500, 4945425, 0, 0, 0
31600, 4980841, 0, 0, 0
31700, 5079918, 0, 0, 0
31800, 6506206, 0, 0, 0
31900, 5043595, 0, 0, 0
32001, 5023853, 0, 0, 0
32100, 5105276, 0, 0, 0
32200, 4888699, 0, 0, 0
32300, 4732138, 0, 0, 0
32400, 4700159, 0, 0, 0
32500, 4991126, 0, 0, 0
32600, 5296664, 0, 0, 0
32700, 4557688, 0, 0, 0
32800, 4651857, 0, 0, 0
32900, 5056386, 0, 0, 0
33000, 4761430, 0, 0, 0
33100, 4862053, 0, 0, 0
33200, 5030096, 0, 0, 0
33300, 4989379, 0, 0, 0
33400, 5394392, 0, 0, 0
33500, 4932105, 0, 0, 0
33601, 4830885, 0, 0, 0
33700, 4860956, 0, 0, 0
33800, 4908534, 0, 0, 0
33900, 5243405, 0, 0, 0
34000, 5051590, 0, 0, 0
34100, 5876620, 0, 0, 0
34200, 5341623, 0, 0, 0
34300, 5301579, 0, 0, 0
34400, 5080999, 0, 0, 0
34500, 4896973, 0, 0, 0
34600, 4977620, 0, 0, 0
34700, 5089933, 0, 0, 0
34800, 5253703, 0, 0, 0
34901, 5273944, 0, 0, 0
35000, 4742245, 0, 0, 0
35101, 5185478, 0, 0, 0
35200, 7043781, 0, 0, 0
35300, 4998567, 0, 0, 0
35400, 5137980, 0, 0, 0
35500, 5323134, 0, 0, 0
35600, 4957308, 0, 0, 0
35700, 5060627, 0, 0, 0
35800, 5321674, 0, 0, 0
35901, 5592232, 0, 0, 0
36000, 4982612, 0, 0, 0
36100, 5104100, 0, 0, 0
36200, 5455097, 0, 0, 0
36300, 5996853, 0, 0, 0
36400, 4916957, 0, 0, 0
36500, 5096485, 0, 0, 0
36601, 5017322, 0, 0, 0
36700, 5336765, 0, 0, 0
36800, 4876250, 0, 0, 0
36900, 5410709, 0, 0, 0
37000, 5402806, 0, 0, 0
37100, 4828725, 0, 0, 0
37200, 5341581, 0, 0, 0
37300, 5071926, 0, 0, 0
37400, 5177202, 0, 0, 0
37500, 5916884, 0, 0, 0
37601, 5427026, 0, 0, 0
37700, 5022208, 0, 0, 0
37800, 4823407, 0, 0, 0
37900, 5090150, 0, 0, 0
38000, 5282437, 0, 0, 0
38100, 4991135, 0, 0, 0
38200, 4876694, 0, 0, 0
38300, 5493024, 0, 0, 0
38400, 5526381, 0, 0, 0
38500, 4906186, 0, 0, 0
38600, 5228138, 0, 0, 0
38700, 5459957, 0, 0, 0
38800, 4855794, 0, 0, 0
38900, 5113290, 0, 0, 0
39000, 4981225, 0, 0, 0
39100, 5386821, 0, 0, 0
39200, 5140220, 0, 0, 0
39301, 5014782, 0, 0, 0
39400, 5039062, 0, 0, 0
39500, 4553437, 0, 0, 0
39600, 5019239, 0, 0, 0
39700, 5768386, 0, 0, 0
39800, 6123349, 0, 0, 0
39900, 5159380, 0, 0, 0
40000, 5213605, 0, 0, 0
40100, 4896614, 0, 0, 0
40200, 4901152, 0, 0, 0
40300, 4769386, 0, 0, 0
40401, 5648975, 0, 0, 0
40500, 5045641, 0, 0, 0
40600, 5506658, 0, 0, 0
40700, 5440759, 0, 0, 0
40800, 5018771, 0, 0, 0
40900, 5267293, 0, 0, 0
41000, 5661865, 0, 0, 0
41100, 4633431, 0, 0, 0
41200, 5448424, 0, 0, 0
41300, 4514608, 0, 0, 0
41400, 4794373, 0, 0, 0
41500, 4741252, 0, 0, 0
41600, 5496252, 0, 0, 0
41700, 5110130, 0, 0, 0
41800, 4986705, 0, 0, 0
41900, 4826240, 0, 0, 0
42000, 5045084, 0, 0, 0
42100, 5335667, 0, 0, 0
42200, 4942348, 0, 0, 0
42300, 5034445, 0, 0, 0
42400, 5493373, 0, 0, 0
42500, 4568215, 0, 0, 0
42600, 5299895, 0, 0, 0
42700, 4955067, 0, 0, 0
42800, 5111191, 0, 0, 0
42900, 4920116, 0, 0, 0
43000, 4720577, 0, 0, 0
43100, 5615746, 0, 0, 0
43200, 5679336, 0, 0, 0
43300, 5685342, 0, 0, 0
43401, 5047295, 0, 0, 0
43501, 5532243, 0, 0, 0
43600, 4479354, 0, 0, 0
43701, 4976161, 0, 0, 0
43800, 5175203, 0, 0, 0
43900, 5351425, 0, 0, 0
44000, 6158712, 0, 0, 0
44100, 4951364, 0, 0, 0
44200, 4941511, 0, 0, 0
44300, 4923409, 0, 0, 0
44400, 5084031, 0, 0, 0
44500, 5287470, 0, 0, 0
44600, 5178837, 0, 0, 0
44700, 5072359, 0, 0, 0
44800, 5100409, 0, 0, 0
44900, 5177513, 0, 0, 0
45000, 4751209, 0, 0, 0
45100, 5007704, 0, 0, 0
45200, 5135764, 0, 0, 0
45301, 5089875, 0, 0, 0
45400, 5077302, 0, 0, 0
45501, 4978471, 0, 0, 0
45600, 5240803, 0, 0, 0
45700, 5530735, 0, 0, 0
45800, 5938529, 0, 0, 0
45900, 5293992, 0, 0, 0
46000, 5824144, 0, 0, 0
46100, 4861039, 0, 0, 0
46200, 5147615, 0, 0, 0
46300, 5217672, 0, 0, 0
46400, 5052668, 0, 0, 0
46500, 5863532, 0, 0, 0
46600, 5220116, 0, 0, 0
46700, 5451858, 0, 0, 0
46800, 5183359, 0, 0, 0
46900, 6545489, 0, 0, 0
47000, 5167404, 0, 0, 0
47100, 4999452, 0, 0, 0
47200, 5017288, 0, 0, 0
47300, 5648502, 0, 0, 0
47400, 5474402, 0, 0, 0
47500, 5244861, 0, 0, 0
47600, 5023605, 0, 0, 0
47700, 5346943, 0, 0, 0
47800, 5239880, 0, 0, 0
47900, 4916310, 0, 0, 0
48000, 5538510, 0, 0, 0
48100, 5164320, 0, 0, 0
48201, 5487239, 0, 0, 0
48301, 4992399, 0, 0, 0
48400, 4957840, 0, 0, 0
48500, 5389619, 0, 0, 0
48600, 5256012, 0, 0, 0
48701, 5906653, 0, 0, 0
48800, 5289700, 0, 0, 0
48900, 5166626, 0, 0, 0
49000, 5031893, 0, 0, 0
49100, 5301039, 0, 0, 0
49200, 5325659, 0, 0, 0
49300, 4868363, 0, 0, 0
49400, 5076562, 0, 0, 0
49500, 5519480, 0, 0, 0
49600, 4930206, 0, 0, 0
49701, 5052353, 0, 0, 0
49800, 5551882, 0, 0, 0
49901, 5548914, 0, 0, 0
50002, 5394347, 0, 0, 0
50100, 5242758, 0, 0, 0
50201, 5258497, 0, 0, 0
50301, 5461527, 0, 0, 0
50400, 5294726, 0, 0, 0
50500, 5444177, 0, 0, 0
50600, 5656028, 0, 0, 0
50700, 5524808, 0, 0, 0
50800, 5018432, 0, 0, 0
50900, 5094929, 0, 0, 0
51001, 5340335, 0, 0, 0
51100, 5274932, 0, 0, 0
51200, 4774515, 0, 0, 0
51300, 4851760, 0, 0, 0
51400, 5257598, 0, 0, 0
51501, 5015412, 0, 0, 0
51600, 5046279, 0, 0, 0
51700, 4738156, 0, 0, 0
51800, 5308203, 0, 0, 0
51901, 4945707, 0, 0, 0
52001, 5001628, 0, 0, 0
52100, 4918437, 0, 0, 0
52200, 4941708, 0, 0, 0
52300, 5156362, 0, 0, 0
52400, 5020818, 0, 0, 0
52501, 5144686, 0, 0, 0
52600, 5179590, 0, 0, 0
52700, 4680986, 0, 0, 0
52800, 4717503, 0, 0, 0
52900, 4733045, 0, 0, 0
53000, 4789780, 0, 0, 0
53101, 4798962, 0, 0, 0
53200, 4910392, 0, 0, 0
53300, 5126914, 0, 0, 0
53400, 5794138, 0, 0, 0
53500, 5551175, 0, 0, 0
53600, 4776306, 0, 0, 0
53700, 5045829, 0, 0, 0
53800, 4652098, 0, 0, 0
53900, 4756877, 0, 0, 0
54000, 4898237, 0, 0, 0
54100, 4938900, 0, 0, 0
54200, 5023252, 0, 0, 0
54300, 6171681, 0, 0, 0
54400, 4635254, 0, 0, 0
54500, 5139141, 0, 0, 0
54600, 5239394, 0, 0, 0
54700, 4693151, 0, 0, 0
54800, 4886563, 0, 0, 0
54900, 5756138, 0, 0, 0
55000, 5849970, 0, 0, 0
55100, 5580004, 0, 0, 0
55200, 5466752, 0, 0, 0
55300, 5985922, 0, 0, 0
55400, 5187914, 0, 0, 0
55500, 5098653, 0, 0, 0
55600, 4943425, 0, 0, 0
55700, 4777407, 0, 0, 0
55800, 4919514, 0, 0, 0
55900, 4987154, 0, 0, 0
56000, 5074540, 0, 0, 0
56100, 5936344, 0, 0, 0
56200, 5006466, 0, 0, 0
56300, 5319296, 0, 0, 0
56400, 4913601, 0, 0, 0
56500, 5185926, 0, 0, 0
56600, 4990494, 0, 0, 0
56700, 4819273, 0, 0, 0
56801, 4890007, 0, 0, 0
56900, 4984429, 0, 0, 0
57000, 4993220, 0, 0, 0
57100, 4895409, 0, 0, 0
57200, 5169797, 0, 0, 0
57300, 5336073, 0, 0, 0
57400, 4826285, 0, 0, 0
57500, 5211810, 0, 0, 0
57600, 5175057, 0, 0, 0
57700, 5088119, 0, 0, 0
57800, 5538200, 0, 0, 0
57900, 5916220, 0, 0, 0
58000, 4904673, 0, 0, 0
58101, 4830189, 0, 0, 0
58200, 5059156, 0, 0, 0
58300, 5135387, 0, 0, 0
58400, 5185382, 0, 0, 0
58500, 5315571, 0, 0, 0
58600, 4955493, 0, 0, 0
58701, 5128742, 0, 0, 0
58800, 4737288, 0, 0, 0
58900, 4802725, 0, 0, 0
59000, 4926157, 0, 0, 0
59100, 5077755, 0, 0, 0
59200, 4958758, 0, 0, 0
59300, 5317038, 0, 0, 0
59400, 5009836, 0, 0, 0
59500, 4761034, 0, 0, 0
59600, 5017224, 0, 0, 0
59701, 5013539, 0, 0, 0
59800, 6144761, 0, 0, 0
59901, 5216172, 0, 0, 0
60000, 5088304, 0, 0, 0
60100, 4938099, 0, 0, 0
60200, 5626442, 0, 0, 0
60300, 5072144, 0, 0, 0
60400, 5278682, 0, 0, 0
60500, 4681171, 0, 0, 0
60600, 5081962, 0, 0, 0
60700, 5420851, 0, 0, 0
60800, 5199858, 0, 0, 0
60900, 4991501, 0, 0, 0
61000, 5235285, 0, 0, 0
61100, 4985056, 0, 0, 0
61200, 5039226, 0, 0, 0
61300, 5131666, 0, 0, 0
61400, 5226682, 0, 0, 0
61500, 4943013, 0, 0, 0
61600, 4836059, 0, 0, 0
61700, 5227126, 0, 0, 0
61800, 5477290, 0, 0, 0
61900, 4968359, 0, 0, 0
62000, 5124294, 0, 0, 0
62100, 5224372, 0, 0, 0
62200, 5150406, 0, 0, 0
62300, 5402202, 0, 0, 0
62400, 5075131, 0, 0, 0
62500, 5487589, 0, 0, 0
62600, 4874632, 0, 0, 0
62700, 5467281, 0, 0, 0
62800, 5392263, 0, 0, 0
62900, 5740684, 0, 0, 0
63000, 5479291, 0, 0, 0
63101, 5345560, 0, 0, 0
63200, 5192634, 0, 0, 0
63301, 4875389, 0, 0, 0
63400, 5085906, 0, 0, 0
63500, 5298656, 0, 0, 0
63600, 5248336, 0, 0, 0
63700, 4961440, 0, 0, 0
63800, 4736534, 0, 0, 0
63900, 5151954, 0, 0, 0
64000, 5438062, 0, 0, 0
64100, 4692333, 0, 0, 0
64200, 4943791, 0, 0, 0
64300, 5589929, 0, 0, 0
64401, 5034506, 0, 0, 0
64500, 4951974, 0, 0, 0
64600, 5407528, 0, 0, 0
64700, 5558194, 0, 0, 0
64800, 5064081, 0, 0, 0
64900, 4678266, 0, 0, 0
65000, 5059772, 0, 0, 0
65100, 4914521, 0, 0, 0
65201, 5921573, 0, 0, 0
65300, 5175804, 0, 0, 0
65401, 4991231, 0, 0, 0
65500, 4544664, 0, 0, 0
65600, 5381732, 0, 0, 0
65700, 5390448, 0, 0, 0
65800, 4858775, 0, 0, 0
65900, 5234048, 0, 0, 0
66000, 5201207, 0, 0, 0
66100, 5201547, 0, 0, 0
66200, 5528871, 0, 0, 0
66300, 4825443, 0, 0, 0
66400, 4905223, 0, 0, 0
66500, 6271364, 0, 0, 0
66600, 7541925, 0, 0, 0
66700, 4767604, 0, 0, 0
66800, 4970115, 0, 0, 0
66901, 4896303, 0, 0, 0
67000, 5154381, 0, 0, 0
67100, 5111392, 0, 0, 0
67200, 6027606, 0, 0, 0
67300, 4855754, 0, 0, 0
67400, 5040228, 0, 0, 0
67500, 5765785, 0, 0, 0
67600, 5247840, 0, 0, 0
67700, 5280833, 0, 0, 0
67801, 4859849, 0, 0, 0
67901, 5188023, 0, 0, 0
68000, 4804938, 0, 0, 0
68100, 5451447, 0, 0, 0
68200, 4885557, 0, 0, 0
68300, 5396190, 0, 0, 0
68400, 5548740, 0, 0, 0
68500, 5290616, 0, 0, 0
68601, 5872068, 0, 0, 0
68700, 4975147, 0, 0, 0
68800, 5947088, 0, 0, 0
68900, 5847922, 0, 0, 0
69000, 4989153, 0, 0, 0
69100, 5090251, 0, 0, 0
69200, 4816555, 0, 0, 0
69300, 4710174, 0, 0, 0
69400, 5121017, 0, 0, 0
69500, 5167026, 0, 0, 0
69600, 5005179, 0, 0, 0
69700, 4584277, 0, 0, 0
69800, 4826297, 0, 0, 0
69900, 4989700, 0, 0, 0
70000, 5014151, 0, 0, 0
70100, 4703488, 0, 0, 0
70200, 4918752, 0, 0, 0
70301, 4719406, 0, 0, 0
70400, 5036552, 0, 0, 0
70500, 4896494, 0, 0, 0
70600, 4574437, 0, 0, 0
70700, 5157720, 0, 0, 0
70800, 5044606, 0, 0, 0
70901, 5069847, 0, 0, 0
71000, 5503801, 0, 0, 0
71100, 5592109, 0, 0, 0
71200, 5110660, 0, 0, 0
71300, 5378998, 0, 0, 0
71400, 5373532, 0, 0, 0
71500, 5594815, 0, 0, 0
71600, 5125129, 0, 0, 0
71701, 4988483, 0, 0, 0
71801, 4939669, 0, 0, 0
71900, 4675296, 0, 0, 0
72000, 4639705, 0, 0, 0
72100, 5478066, 0, 0, 0
72200, 5116483, 0, 0, 0
72300, 4846929, 0, 0, 0
72401, 5006135, 0, 0, 0
72500, 5053395, 0, 0, 0
72601, 5176570, 0, 0, 0
72700, 4953308, 0, 0, 0
72800, 4826323, 0, 0, 0
72900, 5178196, 0, 0, 0
73000, 5105732, 0, 0, 0
73100, 5260205, 0, 0, 0
73200, 4678425, 0, 0, 0
73300, 5980588, 0, 0, 0
73400, 5003006, 0, 0, 0
73500, 5055659, 0, 0, 0
73600, 4984189, 0, 0, 0
73701, 4909108, 0, 0, 0
73800, 5370388, 0, 0, 0
73900, 4862290, 0, 0, 0
74000, 5026456, 0, 0, 0
74100, 4842101, 0, 0, 0
74200, 5146889, 0, 0, 0
74301, 5464793, 0, 0, 0
74400, 5174940, 0, 0, 0
74500, 5282268, 0, 0, 0
74600, 4926401, 0, 0, 0
74700, 6286792, 0, 0, 0
74800, 5431093, 0, 0, 0
74900, 4825941, 0, 0, 0
75000, 5328868, 0, 0, 0
75100, 5309525, 0, 0, 0
75200, 4837918, 0, 0, 0
75300, 5149070, 0, 0, 0
75400, 5156986, 0, 0, 0
75500, 5077218, 0, 0, 0
75600, 5460620, 0, 0, 0
75701, 4972898, 0, 0, 0
75801, 4919240, 0, 0, 0
75900, 5265617, 0, 0, 0
76000, 5199500, 0, 0, 0
76100, 4987670, 0, 0, 0
76200, 5676534, 0, 0, 0
76301, 6171215, 0, 0, 0
76401, 5276137, 0, 0, 0
76500, 4989133, 0, 0, 0
76600, 5112371, 0, 0, 0
76700, 4982672, 0, 0, 0
76800, 4890532, 0, 0, 0
76900, 5697920, 0, 0, 0
77000, 5057206, 0, 0, 0
77100, 4980267, 0, 0, 0
77200, 5501558, 0, 0, 0
77300, 5019826, 0, 0, 0
77400, 4758424, 0, 0, 0
77500, 4995496, 0, 0, 0
77600, 5015022, 0, 0, 0
77700, 5327245, 0, 0, 0
77800, 5555440, 0, 0, 0
77900, 5045286, 0, 0, 0
78000, 5087744, 0, 0, 0
78100, 5386187, 0, 0, 0
78201, 4987482, 0, 0, 0
78300, 4805518, 0, 0, 0
78400, 5075405, 0, 0, 0
78500, 5177756, 0, 0, 0
78601, 5285900, 0, 0, 0
78701, 5389312, 0, 0, 0
78800, 6499137, 0, 0, 0
78900, 5082445, 0, 0, 0
79000, 5184568, 0, 0, 0
79100, 5455298, 0, 0, 0
79200, 4889263, 0, 0, 0
79300, 5134813, 0, 0, 0
79400, 4720959, 0, 0, 0
79500, 4925162, 0, 0, 0
79600, 5099333, 0, 0, 0
79700, 5227138, 0, 0, 0
79801, 4945617, 0, 0, 0
79900, 4852957, 0, 0, 0
80000, 5004786, 0, 0, 0
80100, 5220566, 0, 0, 0
80200, 5421116, 0, 0, 0
80300, 5255989, 0, 0, 0
80400, 5761419, 0, 0, 0
80500, 5365686, 0, 0, 0
80601, 4840684, 0, 0, 0
80700, 4948949, 0, 0, 0
80800, 5622867, 0, 0, 0
80901, 5632439, 0, 0, 0
81000, 4944871, 0, 0, 0
81100, 5039531, 0, 0, 0
81200, 5146691, 0, 0, 0
81300, 4857564, 0, 0, 0
81400, 4892036, 0, 0, 0
81500, 4861294, 0, 0, 0
81600, 5119559, 0, 0, 0
81700, 4964768, 0, 0, 0
81802, 4673983, 0, 0, 0
81901, 5473028, 0, 0, 0
82000, 5060223, 0, 0, 0
82100, 5280811, 0, 0, 0
82200, 5229572, 0, 0, 0
82300, 5243804, 0, 0, 0
82400, 5272329, 0, 0, 0
82500, 5433628, 0, 0, 0
82600, 5413019, 0, 0, 0
82700, 5451384, 0, 0, 0
82800, 5038861, 0, 0, 0
82900, 5640685, 0, 0, 0
83001, 5506083, 0, 0, 0
83100, 5001948, 0, 0, 0
83200, 5078161, 0, 0, 0
83301, 5282923, 0, 0, 0
83400, 5172123, 0, 0, 0
83500, 5298037, 0, 0, 0
83600, 5006453, 0, 0, 0
83700, 5323351, 0, 0, 0
83800, 5495634, 0, 0, 0
83900, 5400038, 0, 0, 0
84000, 5566521, 0, 0, 0
84100, 4961723, 0, 0, 0
84200, 4851526, 0, 0, 0
84301, 5415168, 0, 0, 0
84401, 4735914, 0, 0, 0
84500, 5859990, 0, 0, 0
84601, 5496667, 0, 0, 0
84700, 5236622, 0, 0, 0
84800, 5188290, 0, 0, 0
84900, 4885215, 0, 0, 0
85000, 5086233, 0, 0, 0
85100, 5098562, 0, 0, 0
85201, 5189600, 0, 0, 0
85300, 5146818, 0, 0, 0
85400, 5078686, 0, 0, 0
85500, 4937268, 0, 0, 0
85600, 4940885, 0, 0, 0
85700, 5832817, 0, 0, 0
85800, 5002182, 0, 0, 0
85900, 5173826, 0, 0, 0
86000, 5077615, 0, 0, 0
86100, 5532656, 0, 0, 0
86200, 5201531, 0, 0, 0
86300, 5331692, 0, 0, 0
86400, 5326444, 0, 0, 0
86500, 4814445, 0, 0, 0
86600, 4936954, 0, 0, 0
86700, 4744823, 0, 0, 0
86800, 4895083, 0, 0, 0
86900, 5348059, 0, 0, 0
87000, 5050027, 0, 0, 0
87100, 5289035, 0, 0, 0
87200, 6115506, 0, 0, 0
87300, 5547268, 0, 0, 0
87400, 4638736, 0, 0, 0
87501, 5141555, 0, 0, 0
87600, 4990156, 0, 0, 0
87701, 5076370, 0, 0, 0
87800, 5710274, 0, 0, 0
87900, 4966226, 0, 0, 0
88000, 5233270, 0, 0, 0
88100, 5111512, 0, 0, 0
88200, 5242255, 0, 0, 0
88300, 5457454, 0, 0, 0
88400, 5751763, 0, 0, 0
88501, 5364904, 0, 0, 0
88600, 5135440, 0, 0, 0
88700, 4883322, 0, 0, 0
88800, 5245605, 0, 0, 0
88900, 5274348, 0, 0, 0
89000, 5204302, 0, 0, 0
89100, 5618901, 0, 0, 0
89201, 5172893, 0, 0, 0
89300, 5156842, 0, 0, 0
89401, 5177756, 0, 0, 0
89500, 4868019, 0, 0, 0
89600, 5232264, 0, 0, 0
89700, 4934537, 0, 0, 0
89800, 5006447, 0, 0, 0
89900, 4797846, 0, 0, 0
90000, 5043066, 0, 0, 0
90002, 5676208, 0, 0, 0
