100, 751238, 0, 0, 0
102, 1276114, 1, 0, 0
200, 1289314, 1, 0, 0
201, 729775, 0, 0, 0
300, 1332549, 1, 0, 0
300, 760211, 0, 0, 0
400, 1240253, 1, 0, 0
400, 728637, 0, 0, 0
500, 751176, 0, 0, 0
502, 1313607, 1, 0, 0
600, 1311472, 1, 0, 0
601, 731878, 0, 0, 0
700, 1317426, 1, 0, 0
701, 757152, 0, 0, 0
800, 1254274, 1, 0, 0
800, 706160, 0, 0, 0
900, 749952, 0, 0, 0
901, 1240977, 1, 0, 0
1000, 751796, 0, 0, 0
1000, 1241370, 1, 0, 0
1100, 728874, 0, 0, 0
1101, 1280409, 1, 0, 0
1200, 732648, 0, 0, 0
1201, 1298389, 1, 0, 0
1300, 1267011, 1, 0, 0
1301, 737020, 0, 0, 0
1400, 722986, 0, 0, 0
1402, 1262201, 1, 0, 0
1500, 710116, 0, 0, 0
1501, 1303789, 1, 0, 0
1600, 724986, 0, 0, 0
1601, 1341341, 1, 0, 0
1700, 1208534, 1, 0, 0
1701, 724517, 0, 0, 0
1800, 1261829, 1, 0, 0
1801, 740689, 0, 0, 0
1900, 734596, 0, 0, 0
1901, 1234607, 1, 0, 0
2000, 732298, 0, 0, 0
2000, 1303624, 1, 0, 0
2100, 735398, 0, 0, 0
2101, 1287677, 1, 0, 0
2200, 713737, 0, 0, 0
2205, 1314880, 1, 0, 0
2300, 717153, 0, 0, 0
2301, 1260628, 1, 0, 0
2400, 730725, 0, 0, 0
2401, 1290262, 1, 0, 0
2500, 721900, 0, 0, 0
2500, 1315445, 1, 0, 0
2600, 732774, 0, 0, 0
2602, 1299631, 1, 0, 0
2700, 722745, 0, 0, 0
2701, 1327779, 1, 0, 0
2800, 703016, 0, 0, 0
2802, 1227299, 1, 0, 0
2900, 1233151, 1, 0, 0
2901, 690976, 0, 0, 0
3000, 725146, 0, 0, 0
3001, 1232947, 1, 0, 0
3100, 730192, 0, 0, 0
3101, 1273579, 1, 0, 0
3200, 1227356, 1, 0, 0
3200, 685919, 0, 0, 0
3300, 1276009, 1, 0, 0
3300, 732637, 0, 0, 0
3400, 714788, 0, 0, 0
3401, 1306797, 1, 0, 0
3500, 735649, 0, 0, 0
3503, 1259945, 1, 0, 0
3600, 1257932, 1, 0, 0
3600, 726168, 0, 0, 0
3700, 733002, 0, 0, 0
3700, 1338019, 1, 0, 0
3800, 1264871, 1, 0, 0
3802, 730108, 0, 0, 0
3900, 720535, 0, 0, 0
3901, 1269998, 1, 0, 0
4000, 700421, 0, 0, 0
4001, 1313490, 1, 0, 0
4100, 720870, 0, 0, 0
4100, 1270921, 1, 0, 0
4200, 1290433, 1, 0, 0
4200, 719363, 0, 0, 0
4300, 758949, 0, 0, 0
4303, 1267927, 1, 0, 0
4400, 1334728, 1, 0, 0
4400, 741411, 0, 0, 0
4500, 1299581, 1, 0, 0
4500, 744302, 0, 0, 0
4600, 730592, 0, 0, 0
4601, 1255105, 1, 0, 0
4700, 1287186, 1, 0, 0
4700, 727728, 0, 0, 0
4800, 1283936, 1, 0, 0
4801, 733615, 0, 0, 0
4900, 748612, 0, 0, 0
4902, 1282410, 1, 0, 0
5000, 735679, 0, 0, 0
5001, 1321064, 1, 0, 0
5100, 1250554, 1, 0, 0
5101, 714409, 0, 0, 0
5200, 740460, 0, 0, 0
5202, 1336006, 1, 0, 0
5300, 697899, 0, 0, 0
5301, 1229783, 1, 0, 0
5400, 1247725, 1, 0, 0
5400, 762492, 0, 0, 0
5500, 1287435, 1, 0, 0
5501, 747825, 0, 0, 0
5600, 737252, 0, 0, 0
5600, 1333224, 1, 0, 0
5700, 715154, 0, 0, 0
5702, 1279230, 1, 0, 0
5800, 717128, 0, 0, 0
5800, 1370695, 1, 0, 0
5900, 769327, 0, 0, 0
5901, 1273842, 1, 0, 0
6000, 1264207, 1, 0, 0
6000, 731853, 0, 0, 0
6100, 700134, 0, 0, 0
6102, 1187454, 1, 0, 0
6200, 728636, 0, 0, 0
6200, 1253646, 1, 0, 0
6300, 1266463, 1, 0, 0
6300, 730970, 0, 0, 0
6400, 1191535, 1, 0, 0
6401, 756861, 0, 0, 0
6500, 1271578, 1, 0, 0
6501, 738645, 0, 0, 0
6600, 722644, 0, 0, 0
6601, 1207938, 1, 0, 0
6700, 718330, 0, 0, 0
6702, 1313130, 1, 0, 0
6800, 1235160, 1, 0, 0
6801, 707012, 0, 0, 0
6900, 1275563, 1, 0, 0
6901, 715132, 0, 0, 0
7000, 706992, 0, 0, 0
7001, 1226815, 1, 0, 0
7100, 1219656, 1, 0, 0
7100, 704185, 0, 0, 0
7200, 718739, 0, 0, 0
7201, 1202209, 1, 0, 0
7300, 716055, 0, 0, 0
7302, 1258928, 1, 0, 0
7400, 729534, 0, 0, 0
7402, 1347478, 1, 0, 0
7500, 1234554, 1, 0, 0
7500, 733452, 0, 0, 0
7600, 724660, 0, 0, 0
7602, 1260597, 1, 0, 0
7700, 734505, 0, 0, 0
7702, 1243198, 1, 0, 0
7800, 749488, 0, 0, 0
7801, 1243813, 1, 0, 0
7900, 725765, 0, 0, 0
7900, 1225562, 1, 0, 0
8000, 750509, 0, 0, 0
8000, 1286241, 1, 0, 0
8100, 727406, 0, 0, 0
8102, 1198853, 1, 0, 0
8200, 719052, 0, 0, 0
8201, 1319208, 1, 0, 0
8300, 1218530, 1, 0, 0
8301, 726216, 0, 0, 0
8400, 707655, 0, 0, 0
8401, 1240001, 1, 0, 0
8500, 723872, 0, 0, 0
8502, 1310319, 1, 0, 0
8600, 717191, 0, 0, 0
8600, 1238897, 1, 0, 0
8700, 1298587, 1, 0, 0
8700, 745272, 0, 0, 0
8800, 1255975, 1, 0, 0
8801, 744247, 0, 0, 0
8900, 1187567, 1, 0, 0
8900, 737199, 0, 0, 0
9000, 738446, 0, 0, 0
9001, 1244431, 1, 0, 0
9100, 709200, 0, 0, 0
9101, 1246511, 1, 0, 0
9200, 1266561, 1, 0, 0
9201, 734960, 0, 0, 0
9300, 1223877, 1, 0, 0
9300, 712647, 0, 0, 0
9400, 1285449, 1, 0, 0
9400, 761190, 0, 0, 0
9500, 738247, 0, 0, 0
9501, 1279629, 1, 0, 0
9600, 726406, 0, 0, 0
9600, 1313889, 1, 0, 0
9700, 719587, 0, 0, 0
9700, 1211881, 1, 0, 0
9800, 1280767, 1, 0, 0
9800, 744567, 0, 0, 0
9900, 1245242, 1, 0, 0
9900, 734755, 0, 0, 0
10000, 726150, 0, 0, 0
10001, 1327562, 1, 0, 0
10100, 1310303, 1, 0, 0
10101, 754721, 0, 0, 0
10200, 739822, 0, 0, 0
10201, 1345632, 1, 0, 0
10300, 759026, 0, 0, 0
10300, 1273650, 1, 0, 0
10400, 743256, 0, 0, 0
10405, 1189334, 1, 0, 0
10500, 1393500, 1, 0, 0
10500, 752149, 0, 0, 0
10600, 725635, 0, 0, 0
10604, 1292922, 1, 0, 0
10700, 753430, 0, 0, 0
10704, 1313136, 1, 0, 0
10800, 743353, 0, 0, 0
10800, 1261610, 1, 0, 0
10901, 1237712, 1, 0, 0
10901, 719702, 0, 0, 0
11000, 746921, 0, 0, 0
11001, 1351986, 1, 0, 0
11100, 707227, 0, 0, 0
11101, 1287621, 1, 0, 0
11200, 1211148, 1, 0, 0
11200, 743062, 0, 0, 0
11300, 727821, 0, 0, 0
11300, 1286596, 1, 0, 0
11400, 735812, 0, 0, 0
11401, 1288637, 1, 0, 0
11500, 710099, 0, 0, 0
11501, 1231345, 1, 0, 0
11600, 750348, 0, 0, 0
11600, 1470067, 1, 0, 0
11700, 1330784, 1, 0, 0
11701, 729269, 0, 0, 0
11800, 725320, 0, 0, 0
11802, 1234050, 1, 0, 0
11900, 1282191, 1, 0, 0
11900, 719121, 0, 0, 0
12000, 1316030, 1, 0, 0
12000, 724869, 0, 0, 0
12100, 1265878, 1, 0, 0
12101, 711140, 0, 0, 0
12200, 724743, 0, 0, 0
12200, 1245811, 1, 0, 0
12300, 1258078, 1, 0, 0
12300, 734499, 0, 0, 0
12400, 1282033, 1, 0, 0
12401, 748462, 0, 0, 0
12500, 1299451, 1, 0, 0
12500, 741400, 0, 0, 0
12600, 738025, 0, 0, 0
12602, 1269223, 1, 0, 0
12700, 732708, 0, 0, 0
12701, 1198633, 1, 0, 0
12800, 763187, 0, 0, 0
12801, 1286054, 1, 0, 0
12900, 741358, 0, 0, 0
12902, 1294568, 1, 0, 0
13000, 758101, 0, 0, 0
13000, 1289123, 1, 0, 0
13100, 756119, 0, 0, 0
13101, 1356544, 1, 0, 0
13200, 1321426, 1, 0, 0
13200, 744796, 0, 0, 0
13300, 725561, 0, 0, 0
13300, 1307571, 1, 0, 0
13400, 744439, 0, 0, 0
13401, 1254754, 1, 0, 0
13500, 725650, 0, 0, 0
13500, 1301831, 1, 0, 0
13600, 720252, 0, 0, 0
13601, 1316329, 1, 0, 0
13700, 1225601, 1, 0, 0
13702, 713900, 0, 0, 0
13800, 731314, 0, 0, 0
13800, 1305316, 1, 0, 0
13900, 1234902, 1, 0, 0
13900, 721705, 0, 0, 0
14000, 726762, 0, 0, 0
14000, 1299005, 1, 0, 0
14100, 1299178, 1, 0, 0
14100, 739460, 0, 0, 0
14200, 753038, 0, 0, 0
14200, 1264666, 1, 0, 0
14300, 765256, 0, 0, 0
14301, 1287226, 1, 0, 0
14400, 714019, 0, 0, 0
14400, 1343234, 1, 0, 0
14500, 762563, 0, 0, 0
14501, 1399569, 1, 0, 0
14600, 732138, 0, 0, 0
14603, 1263763, 1, 0, 0
14700, 1372693, 1, 0, 0
14700, 737685, 0, 0, 0
14800, 755422, 0, 0, 0
14800, 1291403, 1, 0, 0
14900, 735938, 0, 0, 0
14902, 1264265, 1, 0, 0
15000, 771722, 0, 0, 0
15001, 1280709, 1, 0, 0
15100, 1388237, 1, 0, 0
15100, 748534, 0, 0, 0
15200, 757787, 0, 0, 0
15201, 1326934, 1, 0, 0
15300, 1304234, 1, 0, 0
15301, 762510, 0, 0, 0
15400, 1299607, 1, 0, 0
15402, 766123, 0, 0, 0
15500, 724148, 0, 0, 0
15500, 1273606, 1, 0, 0
15600, 761242, 0, 0, 0
15600, 1250005, 1, 0, 0
15700, 1325935, 1, 0, 0
15700, 752058, 0, 0, 0
15800, 1300157, 1, 0, 0
15800, 735957, 0, 0, 0
15900, 1287625, 1, 0, 0
15900, 725636, 0, 0, 0
16000, 1283905, 1, 0, 0
16001, 731909, 0, 0, 0
16100, 743853, 0, 0, 0
16103, 1280461, 1, 0, 0
16200, 1243826, 1, 0, 0
16201, 750882, 0, 0, 0
16300, 1370203, 1, 0, 0
16300, 713297, 0, 0, 0
16400, 726265, 0, 0, 0
16400, 1379985, 1, 0, 0
16500, 1366519, 1, 0, 0
16500, 739692, 0, 0, 0
16600, 730698, 0, 0, 0
16600, 1245192, 1, 0, 0
16701, 737638, 0, 0, 0
16701, 1273148, 1, 0, 0
16800, 754807, 0, 0, 0
16801, 1400895, 1, 0, 0
16900, 748332, 0, 0, 0
16900, 1341412, 1, 0, 0
17000, 741696, 0, 0, 0
17002, 1338084, 1, 0, 0
17100, 727841, 0, 0, 0
17101, 1328847, 1, 0, 0
17200, 738298, 0, 0, 0
17200, 1305599, 1, 0, 0
17300, 751305, 0, 0, 0
17301, 1254329, 1, 0, 0
17400, 1363656, 1, 0, 0
17400, 741079, 0, 0, 0
17500, 765495, 0, 0, 0
17501, 1256952, 1, 0, 0
17600, 1315528, 1, 0, 0
17601, 782563, 0, 0, 0
17700, 1244661, 1, 0, 0
17702, 742985, 0, 0, 0
17800, 1353107, 1, 0, 0
17800, 743132, 0, 0, 0
17900, 1359111, 1, 0, 0
17900, 761681, 0, 0, 0
18000, 721672, 0, 0, 0
18001, 1224607, 1, 0, 0
18100, 760540, 0, 0, 0
18102, 1355751, 1, 0, 0
18200, 1338925, 1, 0, 0
18200, 750669, 0, 0, 0
18300, 1313204, 1, 0, 0
18302, 741371, 0, 0, 0
18400, 1274019, 1, 0, 0
18401, 738472, 0, 0, 0
18500, 1347394, 1, 0, 0
18500, 734830, 0, 0, 0
18600, 722682, 0, 0, 0
18601, 1327733, 1, 0, 0
18700, 733329, 0, 0, 0
18703, 1337862, 1, 0, 0
18800, 1388436, 1, 0, 0
18800, 734537, 0, 0, 0
18900, 740101, 0, 0, 0
18902, 1294311, 1, 0, 0
19000, 709447, 0, 0, 0
19003, 1277079, 1, 0, 0
19100, 767027, 0, 0, 0
19102, 1336628, 1, 0, 0
19200, 1250176, 1, 0, 0
19200, 721958, 0, 0, 0
19300, 761619, 0, 0, 0
19300, 1237446, 1, 0, 0
19400, 1342783, 1, 0, 0
19401, 751370, 0, 0, 0
19500, 1352505, 1, 0, 0
19500, 721976, 0, 0, 0
19600, 745678, 0, 0, 0
19600, 1268571, 1, 0, 0
19700, 738163, 0, 0, 0
19702, 1362983, 1, 0, 0
19800, 1203848, 1, 0, 0
19800, 712472, 0, 0, 0
19900, 1255945, 1, 0, 0
19900, 728489, 0, 0, 0
20000, 743908, 0, 0, 0
20002, 1258172, 1, 0, 0
20100, 714888, 0, 0, 0
20101, 1294964, 1, 0, 0
20200, 764617, 0, 0, 0
20205, 1303159, 1, 0, 0
20300, 1301722, 1, 0, 0
20300, 775058, 0, 0, 0
20400, 764200, 0, 0, 0
20401, 1304277, 1, 0, 0
20500, 731115, 0, 0, 0
20501, 1341571, 1, 0, 0
20600, 779505, 0, 0, 0
20601, 1367810, 1, 0, 0
20700, 774393, 0, 0, 0
20700, 1335271, 1, 0, 0
20800, 1291694, 1, 0, 0
20800, 757255, 0, 0, 0
20900, 1310051, 1, 0, 0
20900, 739106, 0, 0, 0
21000, 767288, 0, 0, 0
21000, 1339130, 1, 0, 0
21100, 1308805, 1, 0, 0
21100, 768397, 0, 0, 0
21200, 759594, 0, 0, 0
21201, 1334751, 1, 0, 0
21300, 1318775, 1, 0, 0
21300, 737550, 0, 0, 0
21400, 734801, 0, 0, 0
21401, 1265744, 1, 0, 0
21500, 1271149, 1, 0, 0
21500, 768737, 0, 0, 0
21600, 1285585, 1, 0, 0
21600, 748581, 0, 0, 0
21700, 765672, 0, 0, 0
21700, 1363616, 1, 0, 0
21800, 756274, 0, 0, 0
21803, 1258661, 1, 0, 0
21900, 779689, 0, 0, 0
21902, 1255726, 1, 0, 0
22001, 744266, 0, 0, 0
22003, 1332752, 1, 0, 0
22100, 730973, 0, 0, 0
22103, 1329034, 1, 0, 0
22200, 1224264, 1, 0, 0
22201, 724017, 0, 0, 0
22300, 745792, 0, 0, 0
22300, 1254560, 1, 0, 0
22400, 736332, 0, 0, 0
22402, 1332264, 1, 0, 0
22500, 751254, 0, 0, 0
22502, 1304042, 1, 0, 0
22600, 1353353, 1, 0, 0
22601, 750688, 0, 0, 0
22700, 758829, 0, 0, 0
22700, 1269392, 1, 0, 0
22800, 745103, 0, 0, 0
22800, 1333580, 1, 0, 0
22900, 754577, 0, 0, 0
22900, 1300481, 1, 0, 0
23000, 748140, 0, 0, 0
23000, 1325955, 1, 0, 0
23100, 1344975, 1, 0, 0
23101, 740837, 0, 0, 0
23200, 1291954, 1, 0, 0
23201, 721655, 0, 0, 0
23300, 747135, 0, 0, 0
23301, 1316973, 1, 0, 0
23400, 1421565, 1, 0, 0
23401, 768010, 0, 0, 0
23500, 1267043, 1, 0, 0
23500, 707230, 0, 0, 0
23600, 734505, 0, 0, 0
23602, 1322992, 1, 0, 0
23700, 719625, 0, 0, 0
23700, 1271867, 1, 0, 0
23800, 1260067, 1, 0, 0
23800, 713437, 0, 0, 0
23900, 722993, 0, 0, 0
23901, 1204594, 1, 0, 0
24000, 713322, 0, 0, 0
24001, 1354731, 1, 0, 0
24100, 1266664, 1, 0, 0
24100, 716008, 0, 0, 0
24200, 1245261, 1, 0, 0
24201, 716434, 0, 0, 0
24300, 725793, 0, 0, 0
24301, 1247534, 1, 0, 0
24400, 745900, 0, 0, 0
24400, 1239895, 1, 0, 0
24500, 724326, 0, 0, 0
24501, 1281638, 1, 0, 0
24600, 752167, 0, 0, 0
24602, 1261558, 1, 0, 0
24700, 723405, 0, 0, 0
24701, 1252803, 1, 0, 0
24800, 746819, 0, 0, 0
24802, 1273854, 1, 0, 0
24900, 723428, 0, 0, 0
24902, 1273989, 1, 0, 0
25000, 738451, 0, 0, 0
25001, 1205823, 1, 0, 0
25100, 710753, 0, 0, 0
25100, 1248332, 1, 0, 0
25200, 735246, 0, 0, 0
25202, 1311676, 1, 0, 0
25300, 741387, 0, 0, 0
25301, 1279891, 1, 0, 0
25400, 749091, 0, 0, 0
25401, 1248589, 1, 0, 0
25500, 1334311, 1, 0, 0
25503, 732248, 0, 0, 0
25600, 715224, 0, 0, 0
25602, 1283759, 1, 0, 0
25700, 754456, 0, 0, 0
25702, 1307102, 1, 0, 0
25800, 1387387, 1, 0, 0
25801, 753888, 0, 0, 0
25900, 780305, 0, 0, 0
25901, 1344416, 1, 0, 0
26000, 725749, 0, 0, 0
26002, 1219221, 1, 0, 0
26100, 734976, 0, 0, 0
26100, 1251785, 1, 0, 0
26200, 728082, 0, 0, 0
26201, 1232827, 1, 0, 0
26300, 1293145, 1, 0, 0
26301, 757547, 0, 0, 0
26400, 1293784, 1, 0, 0
26400, 733891, 0, 0, 0
26500, 1303543, 1, 0, 0
26503, 711649, 0, 0, 0
26600, 1246415, 1, 0, 0
26600, 744650, 0, 0, 0
26700, 742519, 0, 0, 0
26702, 1260002, 1, 0, 0
26800, 1240569, 1, 0, 0
26803, 783863, 0, 0, 0
26900, 1293047, 1, 0, 0
26900, 721907, 0, 0, 0
27000, 1281370, 1, 0, 0
27000, 723879, 0, 0, 0
27100, 1222580, 1, 0, 0
27100, 718594, 0, 0, 0
27201, 1229016, 1, 0, 0
27201, 725333, 0, 0, 0
27300, 693311, 0, 0, 0
27300, 1174945, 1, 0, 0
27400, 773352, 0, 0, 0
27400, 1284294, 1, 0, 0
27500, 724350, 0, 0, 0
27500, 1334883, 1, 0, 0
27600, 1216451, 1, 0, 0
27600, 706016, 0, 0, 0
27700, 724610, 0, 0, 0
27701, 1286796, 1, 0, 0
27800, 729490, 0, 0, 0
27802, 1214815, 1, 0, 0
27900, 751111, 0, 0, 0
27901, 1304340, 1, 0, 0
28011, 808096, 0, 0, 0
28012, 1276263, 1, 0, 0
28100, 828917, 0, 0, 0
28103, 1290545, 1, 0, 0
28200, 728677, 0, 0, 0
28203, 1185857, 1, 0, 0
28300, 721180, 0, 0, 0
28300, 1252262, 1, 0, 0
28400, 726857, 0, 0, 0
28402, 1250471, 1, 0, 0
28500, 736925, 0, 0, 0
28500, 1253894, 1, 0, 0
28600, 750817, 0, 0, 0
28601, 1294942, 1, 0, 0
28700, 740506, 0, 0, 0
28701, 1264332, 1, 0, 0
28800, 700467, 0, 0, 0
28800, 1325892, 1, 0, 0
28900, 732262, 0, 0, 0
28900, 1369598, 1, 0, 0
29000, 740661, 0, 0, 0
29001, 1300542, 1, 0, 0
29100, 1217202, 1, 0, 0
29101, 775269, 0, 0, 0
29200, 770259, 0, 0, 0
29200, 1336984, 1, 0, 0
29300, 729043, 0, 0, 0
29300, 1309451, 1, 0, 0
29400, 1384266, 1, 0, 0
29400, 747448, 0, 0, 0
29500, 746476, 0, 0, 0
29502, 1381627, 1, 0, 0
29600, 731380, 0, 0, 0
29603, 1262328, 1, 0, 0
29700, 745088, 0, 0, 0
29701, 1275870, 1, 0, 0
29800, 759416, 0, 0, 0
29802, 1361353, 1, 0, 0
29900, 721714, 0, 0, 0
29900, 1293670, 1, 0, 0
30000, 736115, 0, 0, 0
30001, 1321033, 1, 0, 0
30100, 747183, 0, 0, 0
30100, 1297841, 1, 0, 0
30200, 733406, 0, 0, 0
30202, 1246781, 1, 0, 0
30300, 725874, 0, 0, 0
30301, 1297407, 1, 0, 0
30400, 732146, 0, 0, 0
30401, 1262051, 1, 0, 0
30500, 729389, 0, 0, 0
30502, 1270405, 1, 0, 0
30600, 715536, 0, 0, 0
30601, 1307872, 1, 0, 0
30700, 1255460, 1, 0, 0
30700, 741044, 0, 0, 0
30800, 705707, 0, 0, 0
30801, 1337114, 1, 0, 0
30900, 742910, 0, 0, 0
30902, 1244128, 1, 0, 0
31000, 1294089, 1, 0, 0
31000, 730534, 0, 0, 0
31100, 730210, 0, 0, 0
31102, 1302195, 1, 0, 0
31200, 736280, 0, 0, 0
31200, 1319929, 1, 0, 0
31300, 1370754, 1, 0, 0
31300, 708615, 0, 0, 0
31400, 1349255, 1, 0, 0
31400, 738838, 0, 0, 0
31500, 1251829, 1, 0, 0
31501, 734779, 0, 0, 0
31600, 721173, 0, 0, 0
31601, 1275904, 1, 0, 0
31700, 1307547, 1, 0, 0
31700, 714242, 0, 0, 0
31800, 712907, 0, 0, 0
31801, 1278794, 1, 0, 0
31900, 725530, 0, 0, 0
31902, 1310496, 1, 0, 0
32000, 742967, 0, 0, 0
32001, 1363057, 1, 0, 0
32100, 727995, 0, 0, 0
32102, 1315611, 1, 0, 0
32200, 703801, 0, 0, 0
32204, 1217332, 1, 0, 0
32300, 1235734, 1, 0, 0
32300, 716298, 0, 0, 0
32400, 737890, 0, 0, 0
32401, 1315848, 1, 0, 0
32500, 727124, 0, 0, 0
32503, 1244332, 1, 0, 0
32600, 721070, 0, 0, 0
32604, 1351070, 1, 0, 0
32700, 1268821, 1, 0, 0
32700, 751734, 0, 0, 0
32800, 723092, 0, 0, 0
32801, 1296877, 1, 0, 0
32900, 1299931, 1, 0, 0
32900, 717606, 0, 0, 0
33000, 734809, 0, 0, 0
33000, 1298167, 1, 0, 0
33100, 1278261, 1, 0, 0
33100, 732389, 0, 0, 0
33200, 1302298, 1, 0, 0
33200, 719204, 0, 0, 0
33300, 724845, 0, 0, 0
33300, 1296432, 1, 0, 0
33400, 729205, 0, 0, 0
33401, 1342855, 1, 0, 0
33500, 721492, 0, 0, 0
33504, 1339648, 1, 0, 0
33600, 741270, 0, 0, 0
33602, 1292685, 1, 0, 0
33700, 739420, 0, 0, 0
33700, 1367874, 1, 0, 0
33800, 1287136, 1, 0, 0
33800, 760829, 0, 0, 0
33900, 740908, 0, 0, 0
33901, 1273630, 1, 0, 0
34000, 742968, 0, 0, 0
34001, 1257252, 1, 0, 0
34100, 1242937, 1, 0, 0
34100, 740304, 0, 0, 0
34200, 713666, 0, 0, 0
34201, 1339251, 1, 0, 0
34300, 747828, 0, 0, 0
34300, 1363098, 1, 0, 0
34401, 1334144, 1, 0, 0
34401, 713131, 0, 0, 0
34500, 1359785, 1, 0, 0
34500, 755529, 0, 0, 0
34600, 1260152, 1, 0, 0
34601, 720290, 0, 0, 0
34700, 1309351, 1, 0, 0
34701, 738128, 0, 0, 0
34800, 740411, 0, 0, 0
34801, 1297970, 1, 0, 0
34900, 1329168, 1, 0, 0
34900, 725688, 0, 0, 0
35000, 1325811, 1, 0, 0
35000, 740912, 0, 0, 0
35100, 743847, 0, 0, 0
35101, 1323070, 1, 0, 0
35200, 1326170, 1, 0, 0
35200, 743742, 0, 0, 0
35300, 735666, 0, 0, 0
35300, 1230369, 1, 0, 0
35400, 1309266, 1, 0, 0
35400, 737396, 0, 0, 0
35500, 725852, 0, 0, 0
35500, 1342195, 1, 0, 0
35600, 1234406, 1, 0, 0
35600, 763014, 0, 0, 0
35700, 749821, 0, 0, 0
35701, 1273671, 1, 0, 0
35800, 735764, 0, 0, 0
35801, 1346572, 1, 0, 0
35900, 1295194, 1, 0, 0
35900, 736070, 0, 0, 0
36000, 748971, 0, 0, 0
36001, 1315126, 1, 0, 0
36100, 1278182, 1, 0, 0
36100, 721222, 0, 0, 0
36200, 724784, 0, 0, 0
36200, 1240243, 1, 0, 0
36300, 710845, 0, 0, 0
36301, 1310752, 1, 0, 0
36400, 731275, 0, 0, 0
36400, 1241357, 1, 0, 0
36500, 744891, 0, 0, 0
36500, 1368984, 1, 0, 0
36600, 1263747, 1, 0, 0
36600, 727469, 0, 0, 0
36700, 734712, 0, 0, 0
36700, 1232075, 1, 0, 0
36800, 1223079, 1, 0, 0
36801, 751860, 0, 0, 0
36900, 744911, 0, 0, 0
36901, 1297891, 1, 0, 0
37000, 1271028, 1, 0, 0
37000, 727681, 0, 0, 0
37100, 729184, 0, 0, 0
37101, 1339032, 1, 0, 0
37200, 755626, 0, 0, 0
37201, 1334169, 1, 0, 0
37300, 735983, 0, 0, 0
37301, 1341608, 1, 0, 0
37400, 736135, 0, 0, 0
37401, 1282463, 1, 0, 0
37500, 753368, 0, 0, 0
37503, 1259925, 1, 0, 0
37600, 1301541, 1, 0, 0
37603, 739800, 0, 0, 0
37700, 1355194, 1, 0, 0
37700, 742311, 0, 0, 0
37800, 753738, 0, 0, 0
37802, 1327131, 1, 0, 0
37900, 1316481, 1, 0, 0
37900, 763317, 0, 0, 0
38000, 773553, 0, 0, 0
38000, 1427874, 1, 0, 0
38100, 749919, 0, 0, 0
38104, 1433563, 1, 0, 0
38200, 766804, 0, 0, 0
38200, 1362877, 1, 0, 0
38300, 773825, 0, 0, 0
38301, 1356622, 1, 0, 0
38400, 760361, 0, 0, 0
38400, 1382390, 1, 0, 0
38500, 756763, 0, 0, 0
38500, 1308910, 1, 0, 0
38600, 774992, 0, 0, 0
38601, 1276886, 1, 0, 0
38700, 748535, 0, 0, 0
38701, 1340989, 1, 0, 0
38800, 1338262, 1, 0, 0
38800, 771575, 0, 0, 0
38900, 1349612, 1, 0, 0
38901, 768305, 0, 0, 0
39000, 741182, 0, 0, 0
39000, 1317142, 1, 0, 0
39100, 1425766, 1, 0, 0
39100, 746389, 0, 0, 0
39200, 737842, 0, 0, 0
39201, 1311170, 1, 0, 0
39300, 1319133, 1, 0, 0
39301, 750039, 0, 0, 0
39400, 746756, 0, 0, 0
39402, 1321657, 1, 0, 0
39500, 757059, 0, 0, 0
39502, 1336401, 1, 0, 0
39600, 779006, 0, 0, 0
39602, 1326599, 1, 0, 0
39700, 1374904, 1, 0, 0
39701, 722302, 0, 0, 0
39800, 756744, 0, 0, 0
39802, 1293740, 1, 0, 0
39900, 761678, 0, 0, 0
39901, 1336202, 1, 0, 0
40000, 1330018, 1, 0, 0
40001, 774321, 0, 0, 0
40100, 733851, 0, 0, 0
40102, 1288143, 1, 0, 0
40200, 1278604, 1, 0, 0
40200, 728051, 0, 0, 0
40300, 692659, 0, 0, 0
40304, 1251179, 1, 0, 0
40400, 1309211, 1, 0, 0
40400, 743464, 0, 0, 0
40500, 1255404, 1, 0, 0
40500, 743883, 0, 0, 0
40600, 767964, 0, 0, 0
40602, 1330748, 1, 0, 0
40700, 772333, 0, 0, 0
40703, 1280305, 1, 0, 0
40800, 743736, 0, 0, 0
40801, 1296500, 1, 0, 0
40900, 1285683, 1, 0, 0
40900, 743791, 0, 0, 0
41000, 749585, 0, 0, 0
41000, 1264182, 1, 0, 0
41101, 724146, 0, 0, 0
41101, 1289020, 1, 0, 0
41200, 750759, 0, 0, 0
41201, 1258602, 1, 0, 0
41300, 1411556, 1, 0, 0
41300, 739186, 0, 0, 0
41400, 760423, 0, 0, 0
41402, 1314406, 1, 0, 0
41500, 750608, 0, 0, 0
41504, 1367440, 1, 0, 0
41600, 729531, 0, 0, 0
41601, 1278648, 1, 0, 0
41700, 1398672, 1, 0, 0
41700, 765677, 0, 0, 0
41800, 721830, 0, 0, 0
41800, 1282040, 1, 0, 0
41900, 731111, 0, 0, 0
41900, 1264097, 1, 0, 0
42000, 1307906, 1, 0, 0
42000, 766526, 0, 0, 0
42100, 725850, 0, 0, 0
42100, 1235543, 1, 0, 0
42200, 1274166, 1, 0, 0
42200, 767809, 0, 0, 0
42300, 741115, 0, 0, 0
42300, 1293720, 1, 0, 0
42400, 732125, 0, 0, 0
42403, 1277290, 1, 0, 0
42500, 738671, 0, 0, 0
42501, 1334402, 1, 0, 0
42600, 728800, 0, 0, 0
42601, 1274994, 1, 0, 0
42700, 737123, 0, 0, 0
42701, 1295509, 1, 0, 0
42800, 719339, 0, 0, 0
42801, 1239793, 1, 0, 0
42900, 720413, 0, 0, 0
42901, 1196294, 1, 0, 0
43000, 737149, 0, 0, 0
43002, 1276659, 1, 0, 0
43101, 744721, 0, 0, 0
43101, 1283747, 1, 0, 0
43200, 1402519, 1, 0, 0
43200, 773323, 0, 0, 0
43300, 734618, 0, 0, 0
43301, 1282695, 1, 0, 0
43400, 721153, 0, 0, 0
43400, 1354458, 1, 0, 0
43500, 746988, 0, 0, 0
43501, 1389412, 1, 0, 0
43600, 705965, 0, 0, 0
43601, 1263416, 1, 0, 0
43700, 731894, 0, 0, 0
43701, 1295289, 1, 0, 0
43800, 731020, 0, 0, 0
43801, 1327476, 1, 0, 0
43900, 735973, 0, 0, 0
43900, 1260894, 1, 0, 0
44000, 729830, 0, 0, 0
44001, 1238770, 1, 0, 0
44100, 1331387, 1, 0, 0
44100, 733923, 0, 0, 0
44200, 730288, 0, 0, 0
44202, 1230434, 1, 0, 0
44300, 733132, 0, 0, 0
44303, 1276258, 1, 0, 0
44401, 1372538, 1, 0, 0
44401, 710737, 0, 0, 0
44500, 708853, 0, 0, 0
44501, 1297273, 1, 0, 0
44600, 1297416, 1, 0, 0
44600, 746303, 0, 0, 0
44700, 756546, 0, 0, 0
44700, 1316101, 1, 0, 0
44800, 747622, 0, 0, 0
44801, 1327970, 1, 0, 0
44900, 1247129, 1, 0, 0
44900, 727229, 0, 0, 0
45000, 1321063, 1, 0, 0
45000, 730181, 0, 0, 0
45100, 1274148, 1, 0, 0
45100, 744411, 0, 0, 0
45200, 723124, 0, 0, 0
45200, 1285991, 1, 0, 0
45300, 734698, 0, 0, 0
45301, 1295593, 1, 0, 0
45400, 1268505, 1, 0, 0
45400, 742504, 0, 0, 0
45500, 1329636, 1, 0, 0
45500, 759482, 0, 0, 0
45600, 1287382, 1, 0, 0
45600, 725973, 0, 0, 0
45700, 1314158, 1, 0, 0
45701, 753961, 0, 0, 0
45800, 1300359, 1, 0, 0
45800, 737100, 0, 0, 0
45900, 1264043, 1, 0, 0
45900, 737340, 0, 0, 0
46000, 754197, 0, 0, 0
46001, 1303225, 1, 0, 0
46100, 734306, 0, 0, 0
46102, 1239587, 1, 0, 0
46200, 1278695, 1, 0, 0
46200, 750541, 0, 0, 0
46300, 1257100, 1, 0, 0
46301, 737883, 0, 0, 0
46401, 1336064, 1, 0, 0
46402, 762118, 0, 0, 0
46501, 1365255, 1, 0, 0
46501, 740979, 0, 0, 0
46600, 735916, 0, 0, 0
46602, 1325443, 1, 0, 0
46700, 748748, 0, 0, 0
46702, 1327788, 1, 0, 0
46800, 1276932, 1, 0, 0
46800, 754415, 0, 0, 0
46901, 1347211, 1, 0, 0
46901, 763574, 0, 0, 0
47000, 747444, 0, 0, 0
47001, 1355230, 1, 0, 0
47100, 724082, 0, 0, 0
47101, 1287769, 1, 0, 0
47200, 734272, 0, 0, 0
47201, 1191393, 1, 0, 0
47300, 748938, 0, 0, 0
47301, 1309645, 1, 0, 0
47400, 732812, 0, 0, 0
47403, 1312447, 1, 0, 0
47500, 746234, 0, 0, 0
47501, 1267435, 1, 0, 0
47600, 1331690, 1, 0, 0
47601, 732377, 0, 0, 0
47700, 739789, 0, 0, 0
47702, 1303759, 1, 0, 0
47800, 726250, 0, 0, 0
47801, 1241334, 1, 0, 0
47900, 748044, 0, 0, 0
47902, 1310049, 1, 0, 0
48000, 1259315, 1, 0, 0
48001, 737372, 0, 0, 0
48100, 1248741, 1, 0, 0
48100, 764141, 0, 0, 0
48200, 751997, 0, 0, 0
48200, 1292261, 1, 0, 0
48300, 732942, 0, 0, 0
48302, 1274826, 1, 0, 0
48400, 742063, 0, 0, 0
48402, 1290373, 1, 0, 0
48500, 767248, 0, 0, 0
48500, 1261070, 1, 0, 0
48600, 763294, 0, 0, 0
48600, 1269999, 1, 0, 0
48700, 766758, 0, 0, 0
48701, 1246312, 1, 0, 0
48800, 749802, 0, 0, 0
48804, 1316340, 1, 0, 0
48900, 1342793, 1, 0, 0
48900, 737060, 0, 0, 0
49000, 1342224, 1, 0, 0
49000, 738098, 0, 0, 0
49100, 756012, 0, 0, 0
49102, 1299111, 1, 0, 0
49200, 1362406, 1, 0, 0
49200, 749881, 0, 0, 0
49300, 1294207, 1, 0, 0
49301, 765715, 0, 0, 0
49400, 777778, 0, 0, 0
49402, 1285773, 1, 0, 0
49500, 753824, 0, 0, 0
49500, 1303703, 1, 0, 0
49600, 757913, 0, 0, 0
49601, 1269719, 1, 0, 0
49700, 748313, 0, 0, 0
49701, 1271517, 1, 0, 0
49800, 752442, 0, 0, 0
49801, 1355076, 1, 0, 0
49900, 767780, 0, 0, 0
49902, 1356393, 1, 0, 0
50000, 1325193, 1, 0, 0
50001, 737047, 0, 0, 0
50100, 1272242, 1, 0, 0
50100, 759462, 0, 0, 0
50200, 755009, 0, 0, 0
50201, 1354598, 1, 0, 0
50300, 738316, 0, 0, 0
50300, 1271510, 1, 0, 0
50400, 756699, 0, 0, 0
50400, 1281934, 1, 0, 0
50500, 732473, 0, 0, 0
50501, 1335664, 1, 0, 0
50600, 755687, 0, 0, 0
50600, 1284542, 1, 0, 0
50700, 776774, 0, 0, 0
50702, 1350173, 1, 0, 0
50800, 1356872, 1, 0, 0
50801, 771763, 0, 0, 0
50901, 1279924, 1, 0, 0
50901, 754613, 0, 0, 0
51000, 757150, 0, 0, 0
51001, 1268457, 1, 0, 0
51100, 758588, 0, 0, 0
51101, 1341827, 1, 0, 0
51200, 728494, 0, 0, 0
51200, 1325751, 1, 0, 0
51300, 744761, 0, 0, 0
51302, 1290777, 1, 0, 0
51400, 742162, 0, 0, 0
51401, 1280597, 1, 0, 0
51500, 744586, 0, 0, 0
51500, 1262028, 1, 0, 0
51600, 736438, 0, 0, 0
51600, 1242224, 1, 0, 0
51700, 732887, 0, 0, 0
51702, 1355671, 1, 0, 0
51800, 1349843, 1, 0, 0
51800, 742505, 0, 0, 0
51900, 1213331, 1, 0, 0
51900, 733488, 0, 0, 0
52000, 768206, 0, 0, 0
52002, 1263122, 1, 0, 0
52100, 1255865, 1, 0, 0
52100, 758373, 0, 0, 0
52200, 740152, 0, 0, 0
52201, 1255442, 1, 0, 0
52300, 1434226, 1, 0, 0
52300, 718912, 0, 0, 0
52400, 745185, 0, 0, 0
52402, 1307545, 1, 0, 0
52500, 750948, 0, 0, 0
52500, 1318472, 1, 0, 0
52600, 1251248, 1, 0, 0
52601, 743087, 0, 0, 0
52700, 1251373, 1, 0, 0
52701, 750494, 0, 0, 0
52800, 1258264, 1, 0, 0
52801, 743701, 0, 0, 0
52900, 1255810, 1, 0, 0
52900, 758287, 0, 0, 0
53000, 1350299, 1, 0, 0
53000, 752508, 0, 0, 0
53100, 755310, 0, 0, 0
53101, 1292298, 1, 0, 0
53200, 751979, 0, 0, 0
53201, 1268803, 1, 0, 0
53300, 758547, 0, 0, 0
53301, 1227732, 1, 0, 0
53400, 782738, 0, 0, 0
53400, 1460217, 1, 0, 0
53500, 758293, 0, 0, 0
53501, 1328039, 1, 0, 0
53600, 747402, 0, 0, 0
53601, 1270718, 1, 0, 0
53700, 731027, 0, 0, 0
53701, 1352334, 1, 0, 0
53800, 754930, 0, 0, 0
53802, 1346399, 1, 0, 0
53900, 1239624, 1, 0, 0
53900, 748644, 0, 0, 0
54000, 738087, 0, 0, 0
54000, 1300663, 1, 0, 0
54100, 748845, 0, 0, 0
54101, 1265724, 1, 0, 0
54200, 1351494, 1, 0, 0
54200, 749590, 0, 0, 0
54300, 766918, 0, 0, 0
54301, 1506474, 1, 0, 0
54400, 741287, 0, 0, 0
54401, 1250322, 1, 0, 0
54500, 1236209, 1, 0, 0
54501, 745898, 0, 0, 0
54600, 771095, 0, 0, 0
54600, 1281743, 1, 0, 0
54700, 750324, 0, 0, 0
54700, 1345854, 1, 0, 0
54800, 728178, 0, 0, 0
54801, 1225958, 1, 0, 0
54900, 768439, 0, 0, 0
54900, 1311294, 1, 0, 0
55000, 1305022, 1, 0, 0
55000, 737053, 0, 0, 0
55100, 780848, 0, 0, 0
55102, 1310075, 1, 0, 0
55200, 733099, 0, 0, 0
55202, 1359358, 1, 0, 0
55300, 749977, 0, 0, 0
55304, 1325791, 1, 0, 0
55400, 766629, 0, 0, 0
55402, 1314567, 1, 0, 0
55500, 747235, 0, 0, 0
55502, 1297136, 1, 0, 0
55600, 1295237, 1, 0, 0
55600, 759152, 0, 0, 0
55700, 765432, 0, 0, 0
55701, 1367403, 1, 0, 0
55800, 1278702, 1, 0, 0
55800, 762914, 0, 0, 0
55900, 1306829, 1, 0, 0
55901, 747844, 0, 0, 0
56000, 738247, 0, 0, 0
56000, 1304971, 1, 0, 0
56100, 752585, 0, 0, 0
56101, 1281827, 1, 0, 0
56200, 744220, 0, 0, 0
56201, 1239649, 1, 0, 0
56300, 719227, 0, 0, 0
56302, 1306876, 1, 0, 0
56400, 1300845, 1, 0, 0
56400, 758578, 0, 0, 0
56500, 1385446, 1, 0, 0
56501, 759119, 0, 0, 0
56600, 805328, 0, 0, 0
56601, 1269440, 1, 0, 0
56701, 1278808, 1, 0, 0
56701, 743308, 0, 0, 0
56800, 748379, 0, 0, 0
56803, 1256463, 1, 0, 0
56900, 1279165, 1, 0, 0
56900, 741227, 0, 0, 0
57000, 1249755, 1, 0, 0
57000, 750330, 0, 0, 0
57100, 762162, 0, 0, 0
57100, 1281132, 1, 0, 0
57200, 734847, 0, 0, 0
57201, 1344329, 1, 0, 0
57300, 764999, 0, 0, 0
57301, 1343965, 1, 0, 0
57400, 1206124, 1, 0, 0
57400, 737552, 0, 0, 0
57500, 724557, 0, 0, 0
57501, 1286775, 1, 0, 0
57600, 1283826, 1, 0, 0
57600, 748490, 0, 0, 0
57700, 1296334, 1, 0, 0
57701, 755317, 0, 0, 0
57800, 1258647, 1, 0, 0
57800, 752994, 0, 0, 0
57900, 753827, 0, 0, 0
57901, 1316351, 1, 0, 0
58000, 785228, 0, 0, 0
58000, 1352407, 1, 0, 0
58100, 740642, 0, 0, 0
58100, 1246526, 1, 0, 0
58200, 1253561, 1, 0, 0
58200, 762226, 0, 0, 0
58300, 746034, 0, 0, 0
58302, 1223512, 1, 0, 0
58400, 744721, 0, 0, 0
58401, 1268482, 1, 0, 0
58500, 736937, 0, 0, 0
58502, 1282590, 1, 0, 0
58600, 797900, 0, 0, 0
58601, 1393984, 1, 0, 0
58700, 1318133, 1, 0, 0
58700, 774335, 0, 0, 0
58800, 761378, 0, 0, 0
58800, 1308493, 1, 0, 0
58900, 742542, 0, 0, 0
58902, 1233057, 1, 0, 0
59000, 749334, 0, 0, 0
59001, 1331688, 1, 0, 0
59100, 766061, 0, 0, 0
59104, 1262502, 1, 0, 0
59200, 745090, 0, 0, 0
59203, 1284679, 1, 0, 0
59300, 1299209, 1, 0, 0
59300, 765593, 0, 0, 0
59400, 755506, 0, 0, 0
59402, 1351240, 1, 0, 0
59500, 776106, 0, 0, 0
59500, 1280199, 1, 0, 0
59600, 741453, 0, 0, 0
59600, 1276025, 1, 0, 0
59700, 759316, 0, 0, 0
59702, 1264117, 1, 0, 0
59800, 739054, 0, 0, 0
59800, 1352205, 1, 0, 0
59900, 734499, 0, 0, 0
59900, 1193184, 1, 0, 0
60000, 736714, 0, 0, 0
60000, 1264441, 1, 0, 0
60100, 1230740, 1, 0, 0
60101, 732266, 0, 0, 0
60200, 761036, 0, 0, 0
60201, 1272576, 1, 0, 0
60300, 748445, 0, 0, 0
60302, 1274843, 1, 0, 0
60400, 1291983, 1, 0, 0
60400, 739032, 0, 0, 0
60500, 1315824, 1, 0, 0
60501, 759282, 0, 0, 0
60600, 1348676, 1, 0, 0
60602, 777001, 0, 0, 0
60700, 745558, 0, 0, 0
60700, 1203275, 1, 0, 0
60800, 774800, 0, 0, 0
60801, 1294916, 1, 0, 0
60900, 1244297, 1, 0, 0
60900, 752491, 0, 0, 0
61000, 1267571, 1, 0, 0
61000, 738453, 0, 0, 0
61100, 736586, 0, 0, 0
61100, 1328086, 1, 0, 0
61200, 1275249, 1, 0, 0
61201, 784010, 0, 0, 0
61300, 735342, 0, 0, 0
61305, 1246746, 1, 0, 0
61400, 1279056, 1, 0, 0
61400, 753151, 0, 0, 0
61500, 745283, 0, 0, 0
61501, 1262380, 1, 0, 0
61600, 741280, 0, 0, 0
61603, 1253085, 1, 0, 0
61700, 1364495, 1, 0, 0
61700, 757227, 0, 0, 0
61800, 737488, 0, 0, 0
61802, 1374333, 1, 0, 0
61900, 744247, 0, 0, 0
61901, 1315881, 1, 0, 0
62000, 716323, 0, 0, 0
62001, 1311538, 1, 0, 0
62100, 744417, 0, 0, 0
62100, 1346951, 1, 0, 0
62200, 1212787, 1, 0, 0
62201, 721973, 0, 0, 0
62300, 763891, 0, 0, 0
62300, 1292235, 1, 0, 0
62400, 747689, 0, 0, 0
62400, 1257636, 1, 0, 0
62500, 767062, 0, 0, 0
62502, 1268772, 1, 0, 0
62600, 739768, 0, 0, 0
62600, 1280491, 1, 0, 0
62700, 1197477, 1, 0, 0
62700, 710650, 0, 0, 0
62800, 756191, 0, 0, 0
62801, 1293799, 1, 0, 0
62900, 755651, 0, 0, 0
62900, 1324164, 1, 0, 0
63000, 740811, 0, 0, 0
63002, 1466056, 1, 0, 0
63100, 751665, 0, 0, 0
63102, 1291761, 1, 0, 0
63200, 1301197, 1, 0, 0
63200, 746397, 0, 0, 0
63300, 746214, 0, 0, 0
63301, 1315315, 1, 0, 0
63400, 763345, 0, 0, 0
63401, 1214327, 1, 0, 0
63500, 1300056, 1, 0, 0
63500, 743894, 0, 0, 0
63600, 1307087, 1, 0, 0
63602, 739523, 0, 0, 0
63700, 743933, 0, 0, 0
63701, 1306259, 1, 0, 0
63800, 750517, 0, 0, 0
63802, 1293426, 1, 0, 0
63900, 1263254, 1, 0, 0
63901, 751499, 0, 0, 0
64000, 778943, 0, 0, 0
64003, 1271209, 1, 0, 0
64100, 1248349, 1, 0, 0
64101, 745878, 0, 0, 0
64200, 737262, 0, 0, 0
64200, 1262859, 1, 0, 0
64300, 741893, 0, 0, 0
64300, 1288934, 1, 0, 0
64400, 745401, 0, 0, 0
64401, 1299935, 1, 0, 0
64500, 767369, 0, 0, 0
64500, 1298762, 1, 0, 0
64600, 759853, 0, 0, 0
64602, 1410106, 1, 0, 0
64700, 749714, 0, 0, 0
64701, 1320475, 1, 0, 0
64800, 745585, 0, 0, 0
64804, 1299968, 1, 0, 0
64900, 757609, 0, 0, 0
64901, 1312484, 1, 0, 0
65000, 1283222, 1, 0, 0
65001, 738729, 0, 0, 0
65100, 1269879, 1, 0, 0
65101, 725759, 0, 0, 0
65200, 746763, 0, 0, 0
65201, 1311945, 1, 0, 0
65300, 1318450, 1, 0, 0
65300, 744065, 0, 0, 0
65400, 734086, 0, 0, 0
65400, 1314797, 1, 0, 0
65500, 752815, 0, 0, 0
65500, 1308637, 1, 0, 0
65600, 735898, 0, 0, 0
65600, 1263161, 1, 0, 0
65700, 744890, 0, 0, 0
65700, 1237538, 1, 0, 0
65800, 753218, 0, 0, 0
65803, 1379730, 1, 0, 0
65900, 764887, 0, 0, 0
65901, 1325034, 1, 0, 0
66000, 1297042, 1, 0, 0
66000, 730262, 0, 0, 0
66100, 744273, 0, 0, 0
66101, 1284168, 1, 0, 0
66200, 756675, 0, 0, 0
66201, 1287977, 1, 0, 0
66300, 749735, 0, 0, 0
66300, 1315315, 1, 0, 0
66400, 748667, 0, 0, 0
66402, 1351772, 1, 0, 0
66500, 1255536, 1, 0, 0
66500, 741380, 0, 0, 0
66600, 750320, 0, 0, 0
66600, 1337982, 1, 0, 0
66700, 769814, 0, 0, 0
66702, 1360553, 1, 0, 0
66800, 791481, 0, 0, 0
66800, 1335567, 1, 0, 0
66900, 1299583, 1, 0, 0
66900, 746459, 0, 0, 0
67000, 754990, 0, 0, 0
67001, 1290551, 1, 0, 0
67100, 1275178, 1, 0, 0
67101, 785617, 0, 0, 0
67200, 747870, 0, 0, 0
67201, 1345690, 1, 0, 0
67300, 733318, 0, 0, 0
67302, 1262996, 1, 0, 0
67400, 1313056, 1, 0, 0
67400, 737215, 0, 0, 0
67500, 754424, 0, 0, 0
67500, 1363734, 1, 0, 0
67600, 764081, 0, 0, 0
67600, 1244139, 1, 0, 0
67701, 1318462, 1, 0, 0
67701, 764220, 0, 0, 0
67800, 760680, 0, 0, 0
67800, 1273277, 1, 0, 0
67900, 732373, 0, 0, 0
67900, 1270256, 1, 0, 0
68000, 750129, 0, 0, 0
68000, 1307906, 1, 0, 0
68100, 1272113, 1, 0, 0
68100, 725781, 0, 0, 0
68200, 798735, 0, 0, 0
68201, 1304663, 1, 0, 0
68300, 762731, 0, 0, 0
68303, 1284281, 1, 0, 0
68401, 787165, 0, 0, 0
68401, 1307998, 1, 0, 0
68500, 764046, 0, 0, 0
68501, 1252241, 1, 0, 0
68600, 759236, 0, 0, 0
68600, 1269634, 1, 0, 0
68700, 1239157, 1, 0, 0
68700, 746227, 0, 0, 0
68800, 1296264, 1, 0, 0
68800, 758260, 0, 0, 0
68900, 1243296, 1, 0, 0
68901, 764618, 0, 0, 0
69000, 751421, 0, 0, 0
69000, 1315568, 1, 0, 0
69100, 1358171, 1, 0, 0
69101, 751139, 0, 0, 0
69200, 1333804, 1, 0, 0
69200, 762016, 0, 0, 0
69300, 759342, 0, 0, 0
69302, 1250690, 1, 0, 0
69400, 749754, 0, 0, 0
69400, 1270511, 1, 0, 0
69500, 755999, 0, 0, 0
69500, 1353921, 1, 0, 0
69600, 1286162, 1, 0, 0
69600, 759596, 0, 0, 0
69700, 754621, 0, 0, 0
69701, 1275443, 1, 0, 0
69800, 752056, 0, 0, 0
69801, 1374698, 1, 0, 0
69900, 759754, 0, 0, 0
69901, 1275232, 1, 0, 0
70000, 1314611, 1, 0, 0
70001, 769217, 0, 0, 0
70100, 750258, 0, 0, 0
70103, 1338757, 1, 0, 0
70200, 746160, 0, 0, 0
70200, 1280350, 1, 0, 0
70300, 733283, 0, 0, 0
70301, 1247685, 1, 0, 0
70400, 1215024, 1, 0, 0
70400, 734085, 0, 0, 0
70500, 760526, 0, 0, 0
70501, 1295662, 1, 0, 0
70600, 754573, 0, 0, 0
70603, 1269312, 1, 0, 0
70700, 762320, 0, 0, 0
70701, 1336123, 1, 0, 0
70800, 755254, 0, 0, 0
70801, 1320327, 1, 0, 0
70900, 728422, 0, 0, 0
70904, 1311683, 1, 0, 0
71000, 1283899, 1, 0, 0
71002, 727334, 0, 0, 0
71100, 737726, 0, 0, 0
71100, 1324925, 1, 0, 0
71200, 744033, 0, 0, 0
71203, 1350202, 1, 0, 0
71300, 770843, 0, 0, 0
71301, 1293341, 1, 0, 0
71400, 776356, 0, 0, 0
71401, 1335840, 1, 0, 0
71500, 741793, 0, 0, 0
71501, 1341997, 1, 0, 0
71600, 752334, 0, 0, 0
71601, 1309085, 1, 0, 0
71700, 747470, 0, 0, 0
71700, 1325747, 1, 0, 0
71800, 722562, 0, 0, 0
71801, 1195296, 1, 0, 0
71900, 755280, 0, 0, 0
71901, 1258073, 1, 0, 0
72000, 743463, 0, 0, 0
72000, 1289446, 1, 0, 0
72100, 764100, 0, 0, 0
72101, 1263491, 1, 0, 0
72200, 731155, 0, 0, 0
72200, 1325598, 1, 0, 0
72300, 1370065, 1, 0, 0
72300, 756207, 0, 0, 0
72400, 748345, 0, 0, 0
72400, 1353669, 1, 0, 0
72500, 766459, 0, 0, 0
72500, 1282360, 1, 0, 0
72600, 1346828, 1, 0, 0
72600, 749734, 0, 0, 0
72700, 751710, 0, 0, 0
72704, 1283816, 1, 0, 0
72800, 1374254, 1, 0, 0
72800, 785636, 0, 0, 0
72900, 1344333, 1, 0, 0
72901, 733061, 0, 0, 0
73000, 766122, 0, 0, 0
73000, 1267481, 1, 0, 0
73100, 732544, 0, 0, 0
73101, 1302357, 1, 0, 0
73200, 772367, 0, 0, 0
73200, 1276679, 1, 0, 0
73300, 749205, 0, 0, 0
73301, 1278987, 1, 0, 0
73400, 731657, 0, 0, 0
73400, 1316944, 1, 0, 0
73500, 753396, 0, 0, 0
73500, 1269198, 1, 0, 0
73600, 768749, 0, 0, 0
73600, 1339629, 1, 0, 0
73701, 1279543, 1, 0, 0
73702, 760951, 0, 0, 0
73800, 1286081, 1, 0, 0
73800, 770575, 0, 0, 0
73900, 1305214, 1, 0, 0
73900, 764068, 0, 0, 0
74000, 736344, 0, 0, 0
74000, 1287616, 1, 0, 0
74100, 1271060, 1, 0, 0
74101, 750429, 0, 0, 0
74200, 738487, 0, 0, 0
74201, 1279984, 1, 0, 0
74300, 735334, 0, 0, 0
74303, 1212372, 1, 0, 0
74400, 764961, 0, 0, 0
74403, 1281903, 1, 0, 0
74500, 1282269, 1, 0, 0
74500, 755765, 0, 0, 0
74600, 743388, 0, 0, 0
74601, 1348542, 1, 0, 0
74700, 765840, 0, 0, 0
74702, 1298284, 1, 0, 0
74800, 746907, 0, 0, 0
74801, 1395588, 1, 0, 0
74900, 768204, 0, 0, 0
74901, 1336060, 1, 0, 0
75000, 1261125, 1, 0, 0
75000, 750310, 0, 0, 0
75100, 1241747, 1, 0, 0
75100, 721214, 0, 0, 0
75200, 787587, 0, 0, 0
75202, 1375137, 1, 0, 0
75300, 727416, 0, 0, 0
75301, 1278960, 1, 0, 0
75400, 1301273, 1, 0, 0
75400, 747217, 0, 0, 0
75500, 771852, 0, 0, 0
75501, 1316835, 1, 0, 0
75600, 750108, 0, 0, 0
75601, 1298761, 1, 0, 0
75700, 712581, 0, 0, 0
75700, 1300299, 1, 0, 0
75800, 751777, 0, 0, 0
75801, 1270627, 1, 0, 0
75900, 1371952, 1, 0, 0
75901, 764354, 0, 0, 0
76000, 771605, 0, 0, 0
76000, 1345015, 1, 0, 0
76100, 749622, 0, 0, 0
76102, 1340719, 1, 0, 0
76200, 772754, 0, 0, 0
76200, 1267589, 1, 0, 0
76300, 1343906, 1, 0, 0
76300, 763105, 0, 0, 0
76400, 1315359, 1, 0, 0
76400, 750041, 0, 0, 0
76500, 1253305, 1, 0, 0
76500, 751571, 0, 0, 0
76600, 743961, 0, 0, 0
76603, 1286404, 1, 0, 0
76700, 783223, 0, 0, 0
76700, 1300551, 1, 0, 0
76800, 733471, 0, 0, 0
76801, 1318656, 1, 0, 0
76900, 1291393, 1, 0, 0
76901, 748404, 0, 0, 0
77000, 749517, 0, 0, 0
77000, 1307649, 1, 0, 0
77101, 1337247, 1, 0, 0
77102, 757578, 0, 0, 0
77200, 1305524, 1, 0, 0
77202, 735328, 0, 0, 0
77301, 1357532, 1, 0, 0
77301, 740648, 0, 0, 0
77400, 750889, 0, 0, 0
77400, 1351675, 1, 0, 0
77500, 1289156, 1, 0, 0
77501, 742705, 0, 0, 0
77600, 715481, 0, 0, 0
77601, 1201046, 1, 0, 0
77700, 1264354, 1, 0, 0
77701, 739935, 0, 0, 0
77800, 775010, 0, 0, 0
77800, 1305095, 1, 0, 0
77900, 773244, 0, 0, 0
77900, 1400503, 1, 0, 0
78000, 749854, 0, 0, 0
78003, 1333936, 1, 0, 0
78101, 752223, 0, 0, 0
78101, 1256443, 1, 0, 0
78200, 741272, 0, 0, 0
78200, 1362833, 1, 0, 0
78300, 769629, 0, 0, 0
78303, 1318779, 1, 0, 0
78400, 751094, 0, 0, 0
78400, 1225344, 1, 0, 0
78500, 762644, 0, 0, 0
78500, 1230413, 1, 0, 0
78600, 1377141, 1, 0, 0
78601, 762897, 0, 0, 0
78700, 743749, 0, 0, 0
78701, 1303296, 1, 0, 0
78800, 1281159, 1, 0, 0
78800, 742079, 0, 0, 0
78900, 727406, 0, 0, 0
78900, 1258499, 1, 0, 0
79000, 1259243, 1, 0, 0
79001, 745589, 0, 0, 0
79100, 766798, 0, 0, 0
79100, 1240392, 1, 0, 0
79200, 738045, 0, 0, 0
79200, 1279135, 1, 0, 0
79300, 783695, 0, 0, 0
79302, 1311917, 1, 0, 0
79400, 764465, 0, 0, 0
79401, 1316165, 1, 0, 0
79500, 727432, 0, 0, 0
79501, 1215862, 1, 0, 0
79600, 1264758, 1, 0, 0
79600, 747024, 0, 0, 0
79700, 762112, 0, 0, 0
79702, 1279681, 1, 0, 0
79800, 738334, 0, 0, 0
79801, 1306117, 1, 0, 0
79900, 1365797, 1, 0, 0
79901, 760529, 0, 0, 0
80000, 1253926, 1, 0, 0
80000, 758170, 0, 0, 0
80100, 734927, 0, 0, 0
80100, 1311909, 1, 0, 0
80200, 1388439, 1, 0, 0
80201, 760458, 0, 0, 0
80300, 1289336, 1, 0, 0
80301, 763216, 0, 0, 0
80400, 748407, 0, 0, 0
80402, 1277958, 1, 0, 0
80500, 763495, 0, 0, 0
80503, 1362133, 1, 0, 0
80600, 1259434, 1, 0, 0
80600, 760779, 0, 0, 0
80700, 741068, 0, 0, 0
80700, 1288948, 1, 0, 0
80800, 1383574, 1, 0, 0
80801, 757581, 0, 0, 0
80900, 731969, 0, 0, 0
80901, 1327492, 1, 0, 0
81000, 753177, 0, 0, 0
81004, 1298475, 1, 0, 0
81100, 752114, 0, 0, 0
81102, 1249673, 1, 0, 0
81200, 772223, 0, 0, 0
81200, 1296190, 1, 0, 0
81300, 774845, 0, 0, 0
81301, 1270618, 1, 0, 0
81400, 758470, 0, 0, 0
81401, 1385717, 1, 0, 0
81500, 770979, 0, 0, 0
81500, 1293079, 1, 0, 0
81600, 776272, 0, 0, 0
81601, 1376422, 1, 0, 0
81700, 1333969, 1, 0, 0
81701, 731964, 0, 0, 0
81800, 762557, 0, 0, 0
81802, 1269345, 1, 0, 0
81900, 740516, 0, 0, 0
81900, 1303171, 1, 0, 0
82000, 1271857, 1, 0, 0
82000, 774137, 0, 0, 0
82100, 762546, 0, 0, 0
82102, 1337344, 1, 0, 0
82200, 1322861, 1, 0, 0
82200, 751704, 0, 0, 0
82300, 750810, 0, 0, 0
82302, 1257583, 1, 0, 0
82400, 770155, 0, 0, 0
82401, 1302538, 1, 0, 0
82500, 758607, 0, 0, 0
82501, 1282555, 1, 0, 0
82600, 772121, 0, 0, 0
82601, 1334657, 1, 0, 0
82700, 764120, 0, 0, 0
82701, 1241638, 1, 0, 0
82800, 1281022, 1, 0, 0
82801, 767940, 0, 0, 0
82900, 1341031, 1, 0, 0
82904, 784253, 0, 0, 0
83000, 1331600, 1, 0, 0
83000, 730584, 0, 0, 0
83100, 748293, 0, 0, 0
83101, 1274389, 1, 0, 0
83200, 1252088, 1, 0, 0
83201, 763100, 0, 0, 0
83300, 1347716, 1, 0, 0
83301, 743739, 0, 0, 0
83400, 771522, 0, 0, 0
83402, 1447632, 1, 0, 0
83500, 753551, 0, 0, 0
83502, 1218944, 1, 0, 0
83600, 737968, 0, 0, 0
83601, 1366425, 1, 0, 0
83701, 1209318, 1, 0, 0
83701, 762170, 0, 0, 0
83800, 1203136, 1, 0, 0
83800, 764475, 0, 0, 0
83900, 755973, 0, 0, 0
83900, 1293115, 1, 0, 0
84000, 745169, 0, 0, 0
84001, 1181346, 1, 0, 0
84100, 732269, 0, 0, 0
84100, 1346557, 1, 0, 0
84200, 1278724, 1, 0, 0
84201, 730209, 0, 0, 0
84300, 728107, 0, 0, 0
84302, 1197888, 1, 0, 0
84400, 1288702, 1, 0, 0
84400, 750372, 0, 0, 0
84501, 1238404, 1, 0, 0
84501, 703552, 0, 0, 0
84600, 746519, 0, 0, 0
84600, 1227991, 1, 0, 0
84700, 767628, 0, 0, 0
84702, 1297033, 1, 0, 0
84800, 771677, 0, 0, 0
84801, 1269502, 1, 0, 0
84900, 754607, 0, 0, 0
84901, 1310567, 1, 0, 0
85000, 765624, 0, 0, 0
85000, 1342759, 1, 0, 0
85100, 1339530, 1, 0, 0
85100, 749610, 0, 0, 0
85200, 1354300, 1, 0, 0
85200, 756218, 0, 0, 0
85300, 754018, 0, 0, 0
85301, 1347272, 1, 0, 0
85400, 761165, 0, 0, 0
85402, 1338960, 1, 0, 0
85500, 727765, 0, 0, 0
85501, 1253895, 1, 0, 0
85600, 762896, 0, 0, 0
85600, 1299680, 1, 0, 0
85700, 726349, 0, 0, 0
85701, 1242116, 1, 0, 0
85800, 1305122, 1, 0, 0
85800, 762767, 0, 0, 0
85900, 752450, 0, 0, 0
85901, 1266123, 1, 0, 0
86000, 1285472, 1, 0, 0
86000, 722039, 0, 0, 0
86100, 719471, 0, 0, 0
86101, 1268351, 1, 0, 0
86200, 744551, 0, 0, 0
86201, 1295200, 1, 0, 0
86300, 1268954, 1, 0, 0
86301, 740716, 0, 0, 0
86400, 747107, 0, 0, 0
86401, 1223677, 1, 0, 0
86500, 743166, 0, 0, 0
86501, 1281779, 1, 0, 0
86600, 745766, 0, 0, 0
86600, 1277999, 1, 0, 0
86700, 758418, 0, 0, 0
86700, 1308206, 1, 0, 0
86800, 1298551, 1, 0, 0
86801, 762546, 0, 0, 0
86900, 767875, 0, 0, 0
86900, 1320841, 1, 0, 0
87000, 1269340, 1, 0, 0
87000, 759955, 0, 0, 0
87100, 1237438, 1, 0, 0
87101, 769498, 0, 0, 0
87200, 1287182, 1, 0, 0
87201, 750545, 0, 0, 0
87300, 1314319, 1, 0, 0
87301, 742753, 0, 0, 0
87400, 751761, 0, 0, 0
87401, 1288061, 1, 0, 0
87500, 1253368, 1, 0, 0
87501, 732416, 0, 0, 0
87600, 766378, 0, 0, 0
87603, 1292181, 1, 0, 0
87700, 729119, 0, 0, 0
87700, 1299977, 1, 0, 0
87800, 1273450, 1, 0, 0
87800, 742434, 0, 0, 0
87900, 769998, 0, 0, 0
87900, 1339766, 1, 0, 0
88000, 732217, 0, 0, 0
88003, 1263800, 1, 0, 0
88100, 735573, 0, 0, 0
88101, 1293246, 1, 0, 0
88200, 763321, 0, 0, 0
88200, 1288648, 1, 0, 0
88300, 1336031, 1, 0, 0
88301, 776588, 0, 0, 0
88400, 1312088, 1, 0, 0
88402, 753112, 0, 0, 0
88500, 1322948, 1, 0, 0
88502, 791768, 0, 0, 0
88600, 755063, 0, 0, 0
88601, 1288104, 1, 0, 0
88700, 1418831, 1, 0, 0
88704, 777852, 0, 0, 0
88800, 751081, 0, 0, 0
88801, 1257323, 1, 0, 0
88900, 1363877, 1, 0, 0
88900, 752067, 0, 0, 0
89000, 735634, 0, 0, 0
89001, 1273674, 1, 0, 0
89100, 724256, 0, 0, 0
89100, 1269349, 1, 0, 0
89200, 761227, 0, 0, 0
89200, 1287471, 1, 0, 0
89300, 757190, 0, 0, 0
89300, 1323483, 1, 0, 0
89400, 1349144, 1, 0, 0
89401, 749274, 0, 0, 0
89500, 751579, 0, 0, 0
89502, 1316396, 1, 0, 0
89600, 1277173, 1, 0, 0
89600, 716595, 0, 0, 0
89700, 727767, 0, 0, 0
89701, 1273419, 1, 0, 0
89800, 765514, 0, 0, 0
89801, 1287423, 1, 0, 0
89900, 723827, 0, 0, 0
89900, 1261234, 1, 0, 0
90000, 1218681, 1, 0, 0
90000, 749461, 0, 0, 0
