102, 9623, 0, 0, 0
200, 9965, 0, 0, 0
301, 10520, 0, 0, 0
401, 9385, 0, 0, 0
500, 10210, 0, 0, 0
600, 9595, 0, 0, 0
700, 8440, 0, 0, 0
800, 9423, 0, 0, 0
900, 9985, 0, 0, 0
1000, 10380, 0, 0, 0
1100, 10663, 0, 0, 0
1200, 8996, 0, 0, 0
1300, 9523, 0, 0, 0
1402, 10409, 0, 0, 0
1501, 10013, 0, 0, 0
1600, 10458, 0, 0, 0
1700, 9570, 0, 0, 0
1800, 8582, 0, 0, 0
1901, 9871, 0, 0, 0
2002, 9462, 0, 0, 0
2100, 9481, 0, 0, 0
2200, 9467, 0, 0, 0
2300, 9535, 0, 0, 0
2401, 10299, 0, 0, 0
2500, 8901, 0, 0, 0
2600, 9294, 0, 0, 0
2700, 9524, 0, 0, 0
2800, 9173, 0, 0, 0
2900, 9164, 0, 0, 0
3000, 8655, 0, 0, 0
3100, 9445, 0, 0, 0
3202, 9303, 0, 0, 0
3300, 8876, 0, 0, 0
3400, 10123, 0, 0, 0
3500, 10156, 0, 0, 0
3600, 9326, 0, 0, 0
3700, 9254, 0, 0, 0
3801, 9764, 0, 0, 0
3900, 10063, 0, 0, 0
4000, 10188, 0, 0, 0
4100, 9892, 0, 0, 0
4200, 9926, 0, 0, 0
4300, 10453, 0, 0, 0
4400, 7957, 0, 0, 0
4502, 9279, 0, 0, 0
4600, 8971, 0, 0, 0
4700, 8801, 0, 0, 0
4801, 9973, 0, 0, 0
4900, 9404, 0, 0, 0
5000, 9229, 0, 0, 0
5100, 9000, 0, 0, 0
5200, 8729, 0, 0, 0
5301, 9322, 0, 0, 0
5400, 8916, 0, 0, 0
5501, 8797, 0, 0, 0
5600, 9504, 0, 0, 0
5700, 9397, 0, 0, 0
5800, 10075, 0, 0, 0
5900, 10294, 0, 0, 0
6000, 8635, 0, 0, 0
6102, 8829, 0, 0, 0
6201, 8765, 0, 0, 0
6302, 8493, 0, 0, 0
6400, 9573, 0, 0, 0
6500, 10012, 0, 0, 0
6600, 9719, 0, 0, 0
6700, 8791, 0, 0, 0
6800, 9981, 0, 0, 0
6900, 10891, 0, 0, 0
7000, 9735, 0, 0, 0
7100, 9155, 0, 0, 0
7200, 9602, 0, 0, 0
7300, 9417, 0, 0, 0
7403, 10234, 0, 0, 0
7500, 9097, 0, 0, 0
7600, 8694, 0, 0, 0
7702, 9818, 0, 0, 0
7801, 8817, 0, 0, 0
7901, 10279, 0, 0, 0
8000, 8069, 0, 0, 0
8100, 9207, 0, 0, 0
8200, 8682, 0, 0, 0
8300, 9910, 0, 0, 0
8400, 9769, 0, 0, 0
8501, 10015, 0, 0, 0
8600, 8857, 0, 0, 0
8700, 11073, 0, 0, 0
8800, 10066, 0, 0, 0
8900, 9232, 0, 0, 0
9000, 9617, 0, 0, 0
9101, 9085, 0, 0, 0
9201, 10184, 0, 0, 0
9300, 9485, 0, 0, 0
9400, 8323, 0, 0, 0
9500, 9787, 0, 0, 0
9600, 9086, 0, 0, 0
9701, 9217, 0, 0, 0
9800, 8828, 0, 0, 0
9900, 7877, 0, 0, 0
10002, 7880, 0, 0, 0
10100, 8868, 0, 0, 0
10203, 9611, 0, 0, 0
10300, 9599, 0, 0, 0
10403, 10541, 0, 0, 0
10500, 9352, 0, 0, 0
10600, 8011, 0, 0, 0
10700, 8753, 0, 0, 0
10800, 9926, 0, 0, 0
10900, 8617, 0, 0, 0
11000, 10132, 0, 0, 0
11102, 9337, 0, 0, 0
11200, 9523, 0, 0, 0
11300, 10281, 0, 0, 0
11400, 9572, 0, 0, 0
11500, 8041, 0, 0, 0
11600, 7362, 0, 0, 0
11700, 9022, 0, 0, 0
11802, 9450, 0, 0, 0
11900, 9313, 0, 0, 0
12001, 9403, 0, 0, 0
12101, 9445, 0, 0, 0
12200, 9421, 0, 0, 0
12301, 10873, 0, 0, 0
12400, 9328, 0, 0, 0
12500, 9915, 0, 0, 0
12600, 11068, 0, 0, 0
12700, 9111, 0, 0, 0
12800, 8384, 0, 0, 0
12900, 10244, 0, 0, 0
13000, 8709, 0, 0, 0
13101, 9770, 0, 0, 0
13201, 9849, 0, 0, 0
13301, 9243, 0, 0, 0
13400, 10263, 0, 0, 0
13500, 9307, 0, 0, 0
13600, 9134, 0, 0, 0
13700, 9462, 0, 0, 0
13800, 9859, 0, 0, 0
13901, 9086, 0, 0, 0
14000, 8928, 0, 0, 0
14101, 9214, 0, 0, 0
14200, 9735, 0, 0, 0
14301, 8658, 0, 0, 0
14400, 9150, 0, 0, 0
14500, 10080, 0, 0, 0
14600, 9768, 0, 0, 0
14700, 9135, 0, 0, 0
14800, 9282, 0, 0, 0
14900, 8186, 0, 0, 0
15001, 9857, 0, 0, 0
15100, 8673, 0, 0, 0
15200, 9858, 0, 0, 0
15300, 9461, 0, 0, 0
15400, 9727, 0, 0, 0
15500, 9642, 0, 0, 0
15600, 8292, 0, 0, 0
15700, 7629, 0, 0, 0
15800, 8996, 0, 0, 0
15901, 9655, 0, 0, 0
16000, 8985, 0, 0, 0
16100, 8722, 0, 0, 0
16200, 8412, 0, 0, 0
16300, 8834, 0, 0, 0
16401, 9048, 0, 0, 0
16500, 10189, 0, 0, 0
16600, 9103, 0, 0, 0
16700, 9384, 0, 0, 0
16800, 9881, 0, 0, 0
16901, 9207, 0, 0, 0
17001, 10024, 0, 0, 0
17100, 9664, 0, 0, 0
17200, 10234, 0, 0, 0
17300, 8273, 0, 0, 0
17401, 9403, 0, 0, 0
17501, 9590, 0, 0, 0
17600, 9566, 0, 0, 0
17702, 10411, 0, 0, 0
17800, 9033, 0, 0, 0
17900, 9932, 0, 0, 0
18000, 9423, 0, 0, 0
18101, 9659, 0, 0, 0
18200, 10340, 0, 0, 0
18302, 10740, 0, 0, 0
18400, 9993, 0, 0, 0
18500, 10025, 0, 0, 0
18602, 9185, 0, 0, 0
18700, 8385, 0, 0, 0
18801, 9665, 0, 0, 0
18900, 10112, 0, 0, 0
19001, 9576, 0, 0, 0
19101, 10472, 0, 0, 0
19200, 9021, 0, 0, 0
19300, 10046, 0, 0, 0
19400, 9701, 0, 0, 0
19500, 10483, 0, 0, 0
19602, 9697, 0, 0, 0
19702, 10684, 0, 0, 0
19800, 10235, 0, 0, 0
19900, 9807, 0, 0, 0
20000, 9246, 0, 0, 0
20100, 9920, 0, 0, 0
20200, 9588, 0, 0, 0
20301, 8917, 0, 0, 0
20400, 9031, 0, 0, 0
20501, 10309, 0, 0, 0
20601, 9679, 0, 0, 0
20700, 9876, 0, 0, 0
20801, 9340, 0, 0, 0
20900, 9939, 0, 0, 0
21000, 9858, 0, 0, 0
21100, 8775, 0, 0, 0
21201, 10570, 0, 0, 0
21302, 9384, 0, 0, 0
21400, 10175, 0, 0, 0
21500, 9812, 0, 0, 0
21600, 10138, 0, 0, 0
21701, 9980, 0, 0, 0
21800, 11173, 0, 0, 0
21900, 10805, 0, 0, 0
22001, 10288, 0, 0, 0
22100, 9165, 0, 0, 0
22200, 9347, 0, 0, 0
22300, 9219, 0, 0, 0
22400, 8854, 0, 0, 0
22500, 8752, 0, 0, 0
22601, 9150, 0, 0, 0
22701, 9109, 0, 0, 0
22800, 9153, 0, 0, 0
22900, 9208, 0, 0, 0
23000, 9813, 0, 0, 0
23100, 8532, 0, 0, 0
23200, 10194, 0, 0, 0
23300, 9262, 0, 0, 0
23402, 9103, 0, 0, 0
23500, 11302, 0, 0, 0
23600, 9177, 0, 0, 0
23700, 9121, 0, 0, 0
23800, 9108, 0, 0, 0
23901, 10048, 0, 0, 0
24001, 10319, 0, 0, 0
24101, 9542, 0, 0, 0
24200, 9011, 0, 0, 0
24302, 9653, 0, 0, 0
24400, 8965, 0, 0, 0
24501, 8508, 0, 0, 0
24600, 9128, 0, 0, 0
24700, 9375, 0, 0, 0
24800, 8279, 0, 0, 0
24900, 8359, 0, 0, 0
25000, 8960, 0, 0, 0
25100, 8395, 0, 0, 0
25200, 8561, 0, 0, 0
25300, 8384, 0, 0, 0
25401, 10027, 0, 0, 0
25500, 8133, 0, 0, 0
25600, 8309, 0, 0, 0
25700, 8681, 0, 0, 0
25800, 9455, 0, 0, 0
25900, 9706, 0, 0, 0
26000, 8432, 0, 0, 0
26100, 9473, 0, 0, 0
26200, 9175, 0, 0, 0
26301, 9411, 0, 0, 0
26400, 9769, 0, 0, 0
26500, 9973, 0, 0, 0
26600, 8661, 0, 0, 0
26700, 10762, 0, 0, 0
26802, 9002, 0, 0, 0
26900, 10094, 0, 0, 0
27000, 9236, 0, 0, 0
27100, 8805, 0, 0, 0
27201, 8902, 0, 0, 0
27300, 9196, 0, 0, 0
27400, 9861, 0, 0, 0
27502, 9579, 0, 0, 0
27600, 9239, 0, 0, 0
27703, 9259, 0, 0, 0
27800, 10126, 0, 0, 0
27901, 10490, 0, 0, 0
28000, 9486, 0, 0, 0
28100, 9105, 0, 0, 0
28200, 9052, 0, 0, 0
28300, 9532, 0, 0, 0
28400, 9162, 0, 0, 0
28503, 8884, 0, 0, 0
28600, 7280, 0, 0, 0
28700, 8390, 0, 0, 0
28800, 8636, 0, 0, 0
28900, 8670, 0, 0, 0
29000, 8255, 0, 0, 0
29100, 10167, 0, 0, 0
29200, 9747, 0, 0, 0
29301, 9672, 0, 0, 0
29400, 9478, 0, 0, 0
29501, 9474, 0, 0, 0
29600, 10904, 0, 0, 0
29700, 9932, 0, 0, 0
29802, 9087, 0, 0, 0
29900, 9990, 0, 0, 0
30002, 8809, 0, 0, 0
30101, 9243, 0, 0, 0
30200, 10074, 0, 0, 0
30301, 7743, 0, 0, 0
30400, 9723, 0, 0, 0
30500, 9073, 0, 0, 0
30602, 9120, 0, 0, 0
30701, 11008, 0, 0, 0
30800, 9376, 0, 0, 0
30900, 8829, 0, 0, 0
31000, 7995, 0, 0, 0
31101, 9040, 0, 0, 0
31202, 8240, 0, 0, 0
31300, 7782, 0, 0, 0
31400, 9754, 0, 0, 0
31501, 10140, 0, 0, 0
31600, 8512, 0, 0, 0
31700, 9096, 0, 0, 0
31800, 9424, 0, 0, 0
31900, 9222, 0, 0, 0
32000, 7818, 0, 0, 0
32100, 8367, 0, 0, 0
32200, 9041, 0, 0, 0
32300, 9429, 0, 0, 0
32400, 9750, 0, 0, 0
32502, 9122, 0, 0, 0
32600, 9406, 0, 0, 0
32700, 10380, 0, 0, 0
32800, 8934, 0, 0, 0
32900, 8050, 0, 0, 0
33000, 9339, 0, 0, 0
33101, 9121, 0, 0, 0
33201, 10031, 0, 0, 0
33300, 9143, 0, 0, 0
33400, 10087, 0, 0, 0
33500, 8396, 0, 0, 0
33600, 10367, 0, 0, 0
33700, 9960, 0, 0, 0
33800, 8547, 0, 0, 0
33901, 8459, 0, 0, 0
34000, 8158, 0, 0, 0
34100, 9718, 0, 0, 0
34200, 9559, 0, 0, 0
34300, 10163, 0, 0, 0
34400, 9493, 0, 0, 0
34500, 8838, 0, 0, 0
34600, 10015, 0, 0, 0
34702, 9811, 0, 0, 0
34800, 8109, 0, 0, 0
34900, 9680, 0, 0, 0
35000, 10617, 0, 0, 0
35101, 9916, 0, 0, 0
35201, 9641, 0, 0, 0
35300, 8509, 0, 0, 0
35400, 9247, 0, 0, 0
35500, 9462, 0, 0, 0
35600, 9741, 0, 0, 0
35700, 9703, 0, 0, 0
35800, 9849, 0, 0, 0
35900, 11222, 0, 0, 0
36000, 9708, 0, 0, 0
36100, 8292, 0, 0, 0
36201, 9337, 0, 0, 0
36301, 10761, 0, 0, 0
36400, 9563, 0, 0, 0
36501, 10058, 0, 0, 0
36601, 9327, 0, 0, 0
36701, 9491, 0, 0, 0
36800, 9825, 0, 0, 0
36900, 9610, 0, 0, 0
37001, 8654, 0, 0, 0
37100, 8467, 0, 0, 0
37200, 9956, 0, 0, 0
37300, 8497, 0, 0, 0
37401, 8408, 0, 0, 0
37501, 9092, 0, 0, 0
37600, 9921, 0, 0, 0
37701, 10223, 0, 0, 0
37800, 9445, 0, 0, 0
37900, 9618, 0, 0, 0
38001, 9867, 0, 0, 0
38100, 9576, 0, 0, 0
38201, 10494, 0, 0, 0
38300, 8843, 0, 0, 0
38400, 10439, 0, 0, 0
38500, 9038, 0, 0, 0
38601, 10277, 0, 0, 0
38700, 10826, 0, 0, 0
38800, 8263, 0, 0, 0
38901, 9662, 0, 0, 0
39000, 10270, 0, 0, 0
39100, 10166, 0, 0, 0
39200, 10286, 0, 0, 0
39300, 9228, 0, 0, 0
39400, 9578, 0, 0, 0
39500, 8503, 0, 0, 0
39600, 7844, 0, 0, 0
39701, 8097, 0, 0, 0
39800, 9763, 0, 0, 0
39900, 9418, 0, 0, 0
40000, 8660, 0, 0, 0
40100, 9491, 0, 0, 0
40200, 10631, 0, 0, 0
40300, 9520, 0, 0, 0
40400, 9728, 0, 0, 0
40501, 8826, 0, 0, 0
40600, 9143, 0, 0, 0
40700, 8057, 0, 0, 0
40800, 10458, 0, 0, 0
40900, 9063, 0, 0, 0
41000, 10663, 0, 0, 0
41101, 9260, 0, 0, 0
41200, 9435, 0, 0, 0
41300, 9892, 0, 0, 0
41400, 9667, 0, 0, 0
41500, 10267, 0, 0, 0
41600, 9437, 0, 0, 0
41700, 9552, 0, 0, 0
41800, 10363, 0, 0, 0
41901, 10765, 0, 0, 0
42000, 9497, 0, 0, 0
42101, 9645, 0, 0, 0
42200, 9243, 0, 0, 0
42300, 9084, 0, 0, 0
42400, 9962, 0, 0, 0
42500, 9559, 0, 0, 0
42600, 9692, 0, 0, 0
42701, 9763, 0, 0, 0
42800, 9354, 0, 0, 0
42901, 9205, 0, 0, 0
43000, 9326, 0, 0, 0
43100, 9850, 0, 0, 0
43200, 9580, 0, 0, 0
43305, 9592, 0, 0, 0
43400, 9942, 0, 0, 0
43500, 9290, 0, 0, 0
43600, 9757, 0, 0, 0
43700, 10086, 0, 0, 0
43800, 9541, 0, 0, 0
43900, 8488, 0, 0, 0
44000, 8710, 0, 0, 0
44100, 10054, 0, 0, 0
44200, 9614, 0, 0, 0
44301, 11589, 0, 0, 0
44400, 10498, 0, 0, 0
44500, 10067, 0, 0, 0
44603, 10032, 0, 0, 0
44700, 8918, 0, 0, 0
44800, 9774, 0, 0, 0
44901, 8960, 0, 0, 0
45000, 8077, 0, 0, 0
45100, 8909, 0, 0, 0
45201, 9901, 0, 0, 0
45301, 9291, 0, 0, 0
45401, 8949, 0, 0, 0
45500, 10224, 0, 0, 0
45600, 9823, 0, 0, 0
45700, 8494, 0, 0, 0
45800, 9308, 0, 0, 0
45903, 8985, 0, 0, 0
46000, 9120, 0, 0, 0
46101, 8782, 0, 0, 0
46200, 11021, 0, 0, 0
46300, 9344, 0, 0, 0
46400, 9649, 0, 0, 0
46500, 9138, 0, 0, 0
46600, 9408, 0, 0, 0
46700, 9620, 0, 0, 0
46802, 10618, 0, 0, 0
46900, 9545, 0, 0, 0
47000, 10640, 0, 0, 0
47100, 9733, 0, 0, 0
47200, 9228, 0, 0, 0
47300, 8619, 0, 0, 0
47400, 9272, 0, 0, 0
47500, 9656, 0, 0, 0
47600, 9117, 0, 0, 0
47700, 10144, 0, 0, 0
47800, 9879, 0, 0, 0
47900, 8555, 0, 0, 0
48001, 9661, 0, 0, 0
48100, 8723, 0, 0, 0
48200, 11255, 0, 0, 0
48301, 9544, 0, 0, 0
48402, 10143, 0, 0, 0
48500, 8930, 0, 0, 0
48600, 9785, 0, 0, 0
48700, 9268, 0, 0, 0
48801, 11252, 0, 0, 0
48900, 9892, 0, 0, 0
49000, 9635, 0, 0, 0
49101, 8492, 0, 0, 0
49200, 8800, 0, 0, 0
49300, 7833, 0, 0, 0
49400, 10146, 0, 0, 0
49501, 10248, 0, 0, 0
49600, 9918, 0, 0, 0
49701, 10516, 0, 0, 0
49800, 11150, 0, 0, 0
49901, 9197, 0, 0, 0
50000, 10098, 0, 0, 0
50100, 8278, 0, 0, 0
50201, 8934, 0, 0, 0
50300, 7675, 0, 0, 0
50400, 8684, 0, 0, 0
50501, 8935, 0, 0, 0
50600, 9740, 0, 0, 0
50700, 10158, 0, 0, 0
50800, 9478, 0, 0, 0
50900, 10235, 0, 0, 0
51001, 9407, 0, 0, 0
51100, 10618, 0, 0, 0
51200, 8107, 0, 0, 0
51300, 8835, 0, 0, 0
51400, 9917, 0, 0, 0
51500, 8295, 0, 0, 0
51602, 9206, 0, 0, 0
51700, 8770, 0, 0, 0
51800, 9935, 0, 0, 0
51901, 8610, 0, 0, 0
52000, 8341, 0, 0, 0
52100, 8553, 0, 0, 0
52200, 9254, 0, 0, 0
52300, 9258, 0, 0, 0
52400, 9763, 0, 0, 0
52501, 8280, 0, 0, 0
52602, 9169, 0, 0, 0
52701, 9529, 0, 0, 0
52801, 9780, 0, 0, 0
52900, 9226, 0, 0, 0
53000, 9289, 0, 0, 0
53100, 9923, 0, 0, 0
53200, 9955, 0, 0, 0
53300, 10739, 0, 0, 0
53401, 9943, 0, 0, 0
53501, 9141, 0, 0, 0
53601, 9188, 0, 0, 0
53700, 8550, 0, 0, 0
53800, 9916, 0, 0, 0
53900, 9046, 0, 0, 0
54000, 10064, 0, 0, 0
54100, 10229, 0, 0, 0
54201, 9634, 0, 0, 0
54301, 10259, 0, 0, 0
54401, 8609, 0, 0, 0
54501, 8242, 0, 0, 0
54600, 8518, 0, 0, 0
54700, 8742, 0, 0, 0
54800, 9284, 0, 0, 0
54901, 9839, 0, 0, 0
55001, 9722, 0, 0, 0
55100, 8652, 0, 0, 0
55200, 9853, 0, 0, 0
55301, 9305, 0, 0, 0
55400, 9906, 0, 0, 0
55501, 10024, 0, 0, 0
55600, 8743, 0, 0, 0
55700, 9361, 0, 0, 0
55800, 9094, 0, 0, 0
55900, 8730, 0, 0, 0
56000, 9407, 0, 0, 0
56101, 9143, 0, 0, 0
56201, 9245, 0, 0, 0
56300, 9085, 0, 0, 0
56401, 9472, 0, 0, 0
56501, 10770, 0, 0, 0
56600, 8461, 0, 0, 0
56700, 10076, 0, 0, 0
56802, 9395, 0, 0, 0
56901, 9460, 0, 0, 0
57000, 9265, 0, 0, 0
57100, 9468, 0, 0, 0
57200, 8970, 0, 0, 0
57302, 9688, 0, 0, 0
57400, 9196, 0, 0, 0
57500, 9330, 0, 0, 0
57603, 8307, 0, 0, 0
57700, 8166, 0, 0, 0
57800, 8878, 0, 0, 0
57901, 8361, 0, 0, 0
58001, 8625, 0, 0, 0
58100, 9150, 0, 0, 0
58200, 9122, 0, 0, 0
58301, 8907, 0, 0, 0
58400, 9415, 0, 0, 0
58501, 9052, 0, 0, 0
58600, 9106, 0, 0, 0
58700, 9496, 0, 0, 0
58801, 9231, 0, 0, 0
58900, 9706, 0, 0, 0
59000, 9595, 0, 0, 0
59100, 9555, 0, 0, 0
59201, 9521, 0, 0, 0
59302, 9752, 0, 0, 0
59401, 8487, 0, 0, 0
59500, 9471, 0, 0, 0
59600, 8636, 0, 0, 0
59700, 9811, 0, 0, 0
59803, 10078, 0, 0, 0
59900, 9941, 0, 0, 0
60000, 9313, 0, 0, 0
60101, 10534, 0, 0, 0
60201, 10001, 0, 0, 0
60300, 9751, 0, 0, 0
60400, 8495, 0, 0, 0
60500, 8678, 0, 0, 0
60600, 8248, 0, 0, 0
60701, 9047, 0, 0, 0
60801, 9165, 0, 0, 0
60900, 8934, 0, 0, 0
61001, 10313, 0, 0, 0
61100, 8127, 0, 0, 0
61200, 9415, 0, 0, 0
61300, 9354, 0, 0, 0
61401, 10583, 0, 0, 0
61500, 9649, 0, 0, 0
61600, 9838, 0, 0, 0
61700, 10059, 0, 0, 0
61801, 10063, 0, 0, 0
61900, 10495, 0, 0, 0
62000, 9614, 0, 0, 0
62100, 9499, 0, 0, 0
62200, 9692, 0, 0, 0
62300, 8834, 0, 0, 0
62401, 10640, 0, 0, 0
62501, 8699, 0, 0, 0
62600, 8191, 0, 0, 0
62700, 8985, 0, 0, 0
62800, 9768, 0, 0, 0
62901, 8637, 0, 0, 0
63000, 9227, 0, 0, 0
63100, 10356, 0, 0, 0
63200, 10302, 0, 0, 0
63302, 9665, 0, 0, 0
63400, 10234, 0, 0, 0
63500, 9384, 0, 0, 0
63600, 10172, 0, 0, 0
63701, 8859, 0, 0, 0
63800, 9133, 0, 0, 0
63900, 10455, 0, 0, 0
64000, 9810, 0, 0, 0
64100, 9588, 0, 0, 0
64200, 10151, 0, 0, 0
64300, 9414, 0, 0, 0
64401, 10694, 0, 0, 0
64500, 9036, 0, 0, 0
64600, 9403, 0, 0, 0
64701, 9707, 0, 0, 0
64801, 8730, 0, 0, 0
64900, 9495, 0, 0, 0
65000, 9372, 0, 0, 0
65100, 9966, 0, 0, 0
65200, 8798, 0, 0, 0
65300, 9848, 0, 0, 0
65401, 10188, 0, 0, 0
65500, 9214, 0, 0, 0
65600, 10878, 0, 0, 0
65700, 9182, 0, 0, 0
65801, 8996, 0, 0, 0
65900, 10369, 0, 0, 0
66002, 8912, 0, 0, 0
66100, 9208, 0, 0, 0
66200, 9388, 0, 0, 0
66301, 9725, 0, 0, 0
66400, 8767, 0, 0, 0
66500, 9358, 0, 0, 0
66601, 10144, 0, 0, 0
66700, 9233, 0, 0, 0
66801, 8856, 0, 0, 0
66900, 10245, 0, 0, 0
67000, 9720, 0, 0, 0
67100, 9924, 0, 0, 0
67202, 8007, 0, 0, 0
67300, 10732, 0, 0, 0
67401, 9398, 0, 0, 0
67500, 9297, 0, 0, 0
67600, 9267, 0, 0, 0
67701, 8928, 0, 0, 0
67801, 9069, 0, 0, 0
67900, 9143, 0, 0, 0
68000, 8074, 0, 0, 0
68104, 8874, 0, 0, 0
68200, 8867, 0, 0, 0
68301, 9595, 0, 0, 0
68400, 9761, 0, 0, 0
68500, 8804, 0, 0, 0
68601, 9070, 0, 0, 0
68700, 9289, 0, 0, 0
68800, 9758, 0, 0, 0
68901, 9186, 0, 0, 0
69001, 8543, 0, 0, 0
69101, 9235, 0, 0, 0
69200, 8734, 0, 0, 0
69300, 8461, 0, 0, 0
69400, 11237, 0, 0, 0
69502, 10072, 0, 0, 0
69600, 9006, 0, 0, 0
69701, 9329, 0, 0, 0
69801, 9231, 0, 0, 0
69903, 9734, 0, 0, 0
70001, 8699, 0, 0, 0
70100, 10572, 0, 0, 0
70201, 9137, 0, 0, 0
70300, 9315, 0, 0, 0
70400, 8373, 0, 0, 0
70500, 9416, 0, 0, 0
70601, 9621, 0, 0, 0
70700, 9461, 0, 0, 0
70801, 8067, 0, 0, 0
70902, 9181, 0, 0, 0
71000, 8958, 0, 0, 0
71100, 10492, 0, 0, 0
71200, 9260, 0, 0, 0
71302, 9042, 0, 0, 0
71402, 8860, 0, 0, 0
71500, 8299, 0, 0, 0
71601, 10103, 0, 0, 0
71700, 9135, 0, 0, 0
71800, 8592, 0, 0, 0
71900, 10139, 0, 0, 0
72001, 9285, 0, 0, 0
72102, 11714, 0, 0, 0
72200, 9278, 0, 0, 0
72301, 8709, 0, 0, 0
72400, 10568, 0, 0, 0
72500, 9834, 0, 0, 0
72600, 10155, 0, 0, 0
72700, 8638, 0, 0, 0
72801, 8658, 0, 0, 0
72900, 9304, 0, 0, 0
73000, 8293, 0, 0, 0
73100, 8493, 0, 0, 0
73201, 9435, 0, 0, 0
73300, 9110, 0, 0, 0
73401, 9768, 0, 0, 0
73500, 7993, 0, 0, 0
73600, 8180, 0, 0, 0
73701, 9044, 0, 0, 0
73800, 9703, 0, 0, 0
73901, 9650, 0, 0, 0
74000, 9104, 0, 0, 0
74100, 9425, 0, 0, 0
74201, 10093, 0, 0, 0
74301, 10129, 0, 0, 0
74400, 10554, 0, 0, 0
74501, 10893, 0, 0, 0
74600, 9158, 0, 0, 0
74700, 8498, 0, 0, 0
74800, 9980, 0, 0, 0
74900, 10434, 0, 0, 0
75000, 9768, 0, 0, 0
75100, 10071, 0, 0, 0
75201, 8716, 0, 0, 0
75301, 8879, 0, 0, 0
75400, 9027, 0, 0, 0
75500, 9329, 0, 0, 0
75601, 9849, 0, 0, 0
75700, 8437, 0, 0, 0
75800, 10245, 0, 0, 0
75901, 10274, 0, 0, 0
76000, 8188, 0, 0, 0
76100, 9024, 0, 0, 0
76200, 9648, 0, 0, 0
76302, 9074, 0, 0, 0
76400, 10199, 0, 0, 0
76500, 9557, 0, 0, 0
76600, 9915, 0, 0, 0
76700, 11627, 0, 0, 0
76800, 10858, 0, 0, 0
76901, 9736, 0, 0, 0
77000, 10075, 0, 0, 0
77100, 8732, 0, 0, 0
77200, 10348, 0, 0, 0
77300, 10195, 0, 0, 0
77401, 9020, 0, 0, 0
77500, 8981, 0, 0, 0
77600, 9963, 0, 0, 0
77700, 9518, 0, 0, 0
77800, 9591, 0, 0, 0
77900, 9440, 0, 0, 0
78001, 9543, 0, 0, 0
78100, 10175, 0, 0, 0
78200, 9205, 0, 0, 0
78300, 10322, 0, 0, 0
78400, 9247, 0, 0, 0
78500, 8808, 0, 0, 0
78600, 9522, 0, 0, 0
78700, 9658, 0, 0, 0
78800, 10065, 0, 0, 0
78900, 9513, 0, 0, 0
79001, 8526, 0, 0, 0
79100, 10820, 0, 0, 0
79200, 9419, 0, 0, 0
79300, 9888, 0, 0, 0
79400, 8196, 0, 0, 0
79500, 9421, 0, 0, 0
79601, 8620, 0, 0, 0
79700, 8538, 0, 0, 0
79800, 7715, 0, 0, 0
79902, 8978, 0, 0, 0
80000, 9338, 0, 0, 0
80100, 7924, 0, 0, 0
80200, 8225, 0, 0, 0
80300, 9715, 0, 0, 0
80400, 10056, 0, 0, 0
80501, 10120, 0, 0, 0
80601, 8861, 0, 0, 0
80702, 9681, 0, 0, 0
80800, 10482, 0, 0, 0
80901, 8555, 0, 0, 0
81001, 8657, 0, 0, 0
81100, 8992, 0, 0, 0
81200, 8703, 0, 0, 0
81300, 9409, 0, 0, 0
81400, 10168, 0, 0, 0
81500, 9776, 0, 0, 0
81600, 9571, 0, 0, 0
81700, 9527, 0, 0, 0
81800, 9331, 0, 0, 0
81900, 9932, 0, 0, 0
82000, 8103, 0, 0, 0
82101, 9910, 0, 0, 0
82200, 8869, 0, 0, 0
82300, 7839, 0, 0, 0
82401, 8625, 0, 0, 0
82500, 9345, 0, 0, 0
82600, 9465, 0, 0, 0
82700, 9539, 0, 0, 0
82800, 9409, 0, 0, 0
82900, 8335, 0, 0, 0
83001, 11000, 0, 0, 0
83100, 9509, 0, 0, 0
83200, 10076, 0, 0, 0
83300, 9014, 0, 0, 0
83400, 10166, 0, 0, 0
83500, 10439, 0, 0, 0
83601, 9026, 0, 0, 0
83700, 10036, 0, 0, 0
83801, 9431, 0, 0, 0
83900, 9105, 0, 0, 0
84000, 9661, 0, 0, 0
84100, 8638, 0, 0, 0
84203, 8511, 0, 0, 0
84300, 9048, 0, 0, 0
84400, 9528, 0, 0, 0
84500, 8755, 0, 0, 0
84601, 8199, 0, 0, 0
84702, 9841, 0, 0, 0
84800, 9040, 0, 0, 0
84900, 10654, 0, 0, 0
85000, 10774, 0, 0, 0
85101, 9978, 0, 0, 0
85200, 10438, 0, 0, 0
85300, 10020, 0, 0, 0
85400, 9122, 0, 0, 0
85500, 9656, 0, 0, 0
85600, 8962, 0, 0, 0
85700, 10036, 0, 0, 0
85800, 8712, 0, 0, 0
85900, 8581, 0, 0, 0
86001, 8467, 0, 0, 0
86100, 9086, 0, 0, 0
86200, 8689, 0, 0, 0
86300, 9653, 0, 0, 0
86400, 9774, 0, 0, 0
86501, 10265, 0, 0, 0
86601, 8765, 0, 0, 0
86702, 9022, 0, 0, 0
86801, 10441, 0, 0, 0
86901, 9388, 0, 0, 0
87000, 10645, 0, 0, 0
87100, 9361, 0, 0, 0
87200, 10533, 0, 0, 0
87300, 10248, 0, 0, 0
87400, 8264, 0, 0, 0
87500, 9608, 0, 0, 0
87600, 8666, 0, 0, 0
87700, 9856, 0, 0, 0
87800, 8786, 0, 0, 0
87900, 11122, 0, 0, 0
88000, 9223, 0, 0, 0
88100, 8363, 0, 0, 0
88200, 8655, 0, 0, 0
88300, 10858, 0, 0, 0
88400, 8991, 0, 0, 0
88501, 9726, 0, 0, 0
88602, 9340, 0, 0, 0
88700, 8679, 0, 0, 0
88800, 10366, 0, 0, 0
88900, 9316, 0, 0, 0
89000, 7838, 0, 0, 0
89100, 9895, 0, 0, 0
89200, 9159, 0, 0, 0
89302, 8138, 0, 0, 0
89400, 8310, 0, 0, 0
89500, 9878, 0, 0, 0
89600, 8736, 0, 0, 0
89700, 9544, 0, 0, 0
89800, 9877, 0, 0, 0
89900, 9691, 0, 0, 0
90003, 9638, 0, 0, 0
