100, 7751, 0, 0, 0
200, 7737, 0, 0, 0
301, 9348, 0, 0, 0
402, 9355, 0, 0, 0
500, 7972, 0, 0, 0
601, 8569, 0, 0, 0
700, 7287, 0, 0, 0
802, 7510, 0, 0, 0
901, 7849, 0, 0, 0
1000, 8954, 0, 0, 0
1102, 8472, 0, 0, 0
1203, 6779, 0, 0, 0
1302, 7399, 0, 0, 0
1401, 7182, 0, 0, 0
1502, 6363, 0, 0, 0
1601, 6382, 0, 0, 0
1702, 6723, 0, 0, 0
1801, 7154, 0, 0, 0
1900, 6370, 0, 0, 0
2000, 7688, 0, 0, 0
2100, 7402, 0, 0, 0
2200, 7316, 0, 0, 0
2301, 8468, 0, 0, 0
2400, 8502, 0, 0, 0
2500, 8213, 0, 0, 0
2600, 7761, 0, 0, 0
2702, 7029, 0, 0, 0
2800, 6993, 0, 0, 0
2903, 8184, 0, 0, 0
3000, 6912, 0, 0, 0
3103, 7481, 0, 0, 0
3202, 8456, 0, 0, 0
3302, 7633, 0, 0, 0
3400, 7047, 0, 0, 0
3503, 7248, 0, 0, 0
3601, 7995, 0, 0, 0
3700, 7429, 0, 0, 0
3803, 7771, 0, 0, 0
3900, 7762, 0, 0, 0
4001, 6957, 0, 0, 0
4100, 7039, 0, 0, 0
4203, 7398, 0, 0, 0
4300, 6744, 0, 0, 0
4402, 7900, 0, 0, 0
4502, 8046, 0, 0, 0
4601, 7533, 0, 0, 0
4701, 8470, 0, 0, 0
4802, 8174, 0, 0, 0
4901, 9182, 0, 0, 0
5000, 8386, 0, 0, 0
5101, 9324, 0, 0, 0
5200, 8541, 0, 0, 0
5300, 6814, 0, 0, 0
5401, 7499, 0, 0, 0
5501, 7711, 0, 0, 0
5600, 7200, 0, 0, 0
5701, 7878, 0, 0, 0
5801, 7042, 0, 0, 0
5901, 7446, 0, 0, 0
6000, 7164, 0, 0, 0
6100, 7338, 0, 0, 0
6200, 8189, 0, 0, 0
6300, 7457, 0, 0, 0
6403, 7586, 0, 0, 0
6500, 10234, 0, 0, 0
6601, 9270, 0, 0, 0
6700, 8808, 0, 0, 0
6801, 8552, 0, 0, 0
6901, 7329, 0, 0, 0
7001, 9016, 0, 0, 0
7101, 9142, 0, 0, 0
7202, 7926, 0, 0, 0
7300, 7459, 0, 0, 0
7400, 8916, 0, 0, 0
7502, 7823, 0, 0, 0
7601, 8138, 0, 0, 0
7701, 8541, 0, 0, 0
7801, 7666, 0, 0, 0
7900, 8417, 0, 0, 0
8000, 6983, 0, 0, 0
8100, 8559, 0, 0, 0
8203, 8735, 0, 0, 0
8301, 7808, 0, 0, 0
8400, 7597, 0, 0, 0
8503, 6972, 0, 0, 0
8601, 7951, 0, 0, 0
8700, 7273, 0, 0, 0
8800, 7427, 0, 0, 0
8902, 7046, 0, 0, 0
9000, 7525, 0, 0, 0
9100, 7948, 0, 0, 0
9202, 6869, 0, 0, 0
9302, 8002, 0, 0, 0
9400, 7363, 0, 0, 0
9500, 7564, 0, 0, 0
9600, 7744, 0, 0, 0
9702, 6876, 0, 0, 0
9802, 7948, 0, 0, 0
9900, 6892, 0, 0, 0
10002, 7368, 0, 0, 0
10100, 8525, 0, 0, 0
10201, 8886, 0, 0, 0
10303, 9546, 0, 0, 0
10403, 8164, 0, 0, 0
10500, 8890, 0, 0, 0
10600, 7711, 0, 0, 0
10701, 7079, 0, 0, 0
10801, 7504, 0, 0, 0
10900, 7358, 0, 0, 0
11003, 8258, 0, 0, 0
11102, 9296, 0, 0, 0
11201, 8614, 0, 0, 0
11302, 8092, 0, 0, 0
11400, 8161, 0, 0, 0
11500, 7226, 0, 0, 0
11601, 7674, 0, 0, 0
11701, 8719, 0, 0, 0
11800, 8719, 0, 0, 0
11901, 8223, 0, 0, 0
12002, 8046, 0, 0, 0
12102, 8208, 0, 0, 0
12201, 7977, 0, 0, 0
12300, 8251, 0, 0, 0
12400, 7830, 0, 0, 0
12502, 9086, 0, 0, 0
12601, 7151, 0, 0, 0
12703, 8097, 0, 0, 0
12802, 7499, 0, 0, 0
12900, 7391, 0, 0, 0
13000, 7929, 0, 0, 0
13103, 7499, 0, 0, 0
13204, 8212, 0, 0, 0
13300, 7257, 0, 0, 0
13401, 7314, 0, 0, 0
13500, 7726, 0, 0, 0
13600, 7035, 0, 0, 0
13700, 9016, 0, 0, 0
13800, 9419, 0, 0, 0
13901, 8935, 0, 0, 0
14000, 8636, 0, 0, 0
14101, 7974, 0, 0, 0
14201, 8452, 0, 0, 0
14303, 9098, 0, 0, 0
14402, 9724, 0, 0, 0
14500, 7514, 0, 0, 0
14602, 7245, 0, 0, 0
14701, 7453, 0, 0, 0
14800, 8526, 0, 0, 0
14900, 8222, 0, 0, 0
15001, 9749, 0, 0, 0
15101, 10008, 0, 0, 0
15201, 9181, 0, 0, 0
15301, 7394, 0, 0, 0
15400, 8016, 0, 0, 0
15501, 9086, 0, 0, 0
15602, 8155, 0, 0, 0
15703, 7662, 0, 0, 0
15800, 7378, 0, 0, 0
15904, 7348, 0, 0, 0
16001, 8583, 0, 0, 0
16100, 9807, 0, 0, 0
16200, 7883, 0, 0, 0
16300, 7276, 0, 0, 0
16401, 7797, 0, 0, 0
16501, 7790, 0, 0, 0
16600, 7589, 0, 0, 0
16701, 6844, 0, 0, 0
16800, 8394, 0, 0, 0
16901, 7343, 0, 0, 0
17001, 7277, 0, 0, 0
17101, 8046, 0, 0, 0
17200, 9690, 0, 0, 0
17302, 10109, 0, 0, 0
17403, 8576, 0, 0, 0
17503, 8009, 0, 0, 0
17600, 7059, 0, 0, 0
17700, 7562, 0, 0, 0
17800, 7470, 0, 0, 0
17903, 8102, 0, 0, 0
18000, 7743, 0, 0, 0
18101, 7097, 0, 0, 0
18201, 7046, 0, 0, 0
18301, 7258, 0, 0, 0
18400, 7467, 0, 0, 0
18502, 6732, 0, 0, 0
18602, 6799, 0, 0, 0
18700, 7836, 0, 0, 0
18801, 8906, 0, 0, 0
18900, 7431, 0, 0, 0
19001, 6213, 0, 0, 0
19100, 6430, 0, 0, 0
19201, 6243, 0, 0, 0
19300, 6413, 0, 0, 0
19400, 6866, 0, 0, 0
19501, 7745, 0, 0, 0
19601, 8131, 0, 0, 0
19700, 8167, 0, 0, 0
19800, 8007, 0, 0, 0
19902, 7897, 0, 0, 0
20002, 8203, 0, 0, 0
20101, 7644, 0, 0, 0
20200, 7247, 0, 0, 0
20300, 8390, 0, 0, 0
20400, 8607, 0, 0, 0
20500, 7852, 0, 0, 0
20601, 7171, 0, 0, 0
20701, 8424, 0, 0, 0
20800, 8536, 0, 0, 0
20903, 8260, 0, 0, 0
21001, 7939, 0, 0, 0
21102, 8396, 0, 0, 0
21200, 7941, 0, 0, 0
21300, 7770, 0, 0, 0
21401, 7891, 0, 0, 0
21501, 8320, 0, 0, 0
21600, 7614, 0, 0, 0
21701, 7917, 0, 0, 0
21802, 7475, 0, 0, 0
21901, 7661, 0, 0, 0
22001, 8074, 0, 0, 0
22101, 7624, 0, 0, 0
22202, 9096, 0, 0, 0
22302, 7594, 0, 0, 0
22400, 7291, 0, 0, 0
22501, 8320, 0, 0, 0
22603, 8834, 0, 0, 0
22702, 8266, 0, 0, 0
22800, 8220, 0, 0, 0
22901, 7907, 0, 0, 0
23005, 7162, 0, 0, 0
23101, 8065, 0, 0, 0
23200, 9066, 0, 0, 0
23300, 6836, 0, 0, 0
23401, 8344, 0, 0, 0
23503, 8241, 0, 0, 0
23600, 7005, 0, 0, 0
23701, 7663, 0, 0, 0
23800, 7846, 0, 0, 0
23901, 7678, 0, 0, 0
24002, 7970, 0, 0, 0
24100, 7464, 0, 0, 0
24200, 8590, 0, 0, 0
24300, 8080, 0, 0, 0
24401, 8009, 0, 0, 0
24504, 7143, 0, 0, 0
24600, 6386, 0, 0, 0
24700, 7480, 0, 0, 0
24803, 8297, 0, 0, 0
24900, 8760, 0, 0, 0
25000, 8170, 0, 0, 0
25101, 8340, 0, 0, 0
25202, 7528, 0, 0, 0
25300, 8452, 0, 0, 0
25401, 8323, 0, 0, 0
25501, 8864, 0, 0, 0
25601, 8658, 0, 0, 0
25700, 8962, 0, 0, 0
25801, 8130, 0, 0, 0
25900, 8361, 0, 0, 0
26001, 9279, 0, 0, 0
26100, 8433, 0, 0, 0
26202, 8035, 0, 0, 0
26300, 8233, 0, 0, 0
26401, 8646, 0, 0, 0
26502, 7684, 0, 0, 0
26600, 8486, 0, 0, 0
26702, 8228, 0, 0, 0
26800, 7561, 0, 0, 0
26902, 7771, 0, 0, 0
27002, 9854, 0, 0, 0
27101, 7924, 0, 0, 0
27200, 8279, 0, 0, 0
27303, 8134, 0, 0, 0
27400, 8049, 0, 0, 0
27500, 7084, 0, 0, 0
27602, 6782, 0, 0, 0
27700, 8251, 0, 0, 0
27801, 9401, 0, 0, 0
27900, 11824, 0, 0, 0
28001, 7243, 0, 0, 0
28100, 6770, 0, 0, 0
28200, 7184, 0, 0, 0
28300, 7714, 0, 0, 0
28401, 7512, 0, 0, 0
28500, 6887, 0, 0, 0
28602, 7520, 0, 0, 0
28700, 7528, 0, 0, 0
28800, 7217, 0, 0, 0
28900, 7063, 0, 0, 0
29003, 7283, 0, 0, 0
29101, 7766, 0, 0, 0
29200, 7677, 0, 0, 0
29300, 7743, 0, 0, 0
29402, 7328, 0, 0, 0
29501, 7790, 0, 0, 0
29601, 8542, 0, 0, 0
29703, 7827, 0, 0, 0
29801, 7144, 0, 0, 0
29902, 8689, 0, 0, 0
30000, 7986, 0, 0, 0
30100, 7199, 0, 0, 0
30203, 7666, 0, 0, 0
30300, 8369, 0, 0, 0
30400, 7420, 0, 0, 0
30502, 6541, 0, 0, 0
30601, 8511, 0, 0, 0
30701, 7875, 0, 0, 0
30801, 8687, 0, 0, 0
30902, 7191, 0, 0, 0
31001, 6680, 0, 0, 0
31100, 7422, 0, 0, 0
31201, 7076, 0, 0, 0
31300, 6556, 0, 0, 0
31400, 7215, 0, 0, 0
31500, 8423, 0, 0, 0
31603, 7056, 0, 0, 0
31700, 7521, 0, 0, 0
31801, 7274, 0, 0, 0
31901, 8217, 0, 0, 0
32001, 7542, 0, 0, 0
32102, 7248, 0, 0, 0
32201, 7433, 0, 0, 0
32302, 7641, 0, 0, 0
32402, 7206, 0, 0, 0
32501, 8069, 0, 0, 0
32601, 8710, 0, 0, 0
32700, 7996, 0, 0, 0
32801, 8105, 0, 0, 0
32901, 7668, 0, 0, 0
33001, 6553, 0, 0, 0
33100, 7575, 0, 0, 0
33200, 8855, 0, 0, 0
33300, 7997, 0, 0, 0
33404, 7889, 0, 0, 0
33502, 7720, 0, 0, 0
33600, 8211, 0, 0, 0
33700, 7173, 0, 0, 0
33801, 8109, 0, 0, 0
33900, 8392, 0, 0, 0
34000, 7425, 0, 0, 0
34100, 7840, 0, 0, 0
34202, 7992, 0, 0, 0
34301, 7501, 0, 0, 0
34401, 7764, 0, 0, 0
34500, 8684, 0, 0, 0
34601, 8448, 0, 0, 0
34700, 7736, 0, 0, 0
34802, 7142, 0, 0, 0
34900, 8671, 0, 0, 0
35000, 6911, 0, 0, 0
35100, 7901, 0, 0, 0
35201, 7276, 0, 0, 0
35302, 7407, 0, 0, 0
35400, 8050, 0, 0, 0
35500, 7713, 0, 0, 0
35601, 8612, 0, 0, 0
35701, 8669, 0, 0, 0
35800, 7097, 0, 0, 0
35902, 7020, 0, 0, 0
36000, 7250, 0, 0, 0
36103, 7136, 0, 0, 0
36201, 8929, 0, 0, 0
36301, 7961, 0, 0, 0
36402, 9401, 0, 0, 0
36500, 9422, 0, 0, 0
36601, 6594, 0, 0, 0
36700, 6801, 0, 0, 0
36801, 7743, 0, 0, 0
36900, 8307, 0, 0, 0
37001, 8039, 0, 0, 0
37102, 8797, 0, 0, 0
37200, 9245, 0, 0, 0
37300, 8046, 0, 0, 0
37401, 9274, 0, 0, 0
37501, 7708, 0, 0, 0
37601, 7180, 0, 0, 0
37700, 7548, 0, 0, 0
37800, 7736, 0, 0, 0
37901, 9099, 0, 0, 0
38001, 8778, 0, 0, 0
38102, 7641, 0, 0, 0
38200, 9565, 0, 0, 0
38301, 8042, 0, 0, 0
38400, 6879, 0, 0, 0
38501, 6930, 0, 0, 0
38601, 6912, 0, 0, 0
38700, 7621, 0, 0, 0
38801, 9087, 0, 0, 0
38904, 9121, 0, 0, 0
39003, 8987, 0, 0, 0
39100, 8107, 0, 0, 0
39201, 8064, 0, 0, 0
39300, 7345, 0, 0, 0
39403, 7484, 0, 0, 0
39500, 7225, 0, 0, 0
39602, 7769, 0, 0, 0
39700, 7860, 0, 0, 0
39800, 8067, 0, 0, 0
39902, 8108, 0, 0, 0
40000, 8913, 0, 0, 0
40102, 8285, 0, 0, 0
40202, 7845, 0, 0, 0
40300, 7251, 0, 0, 0
40400, 6724, 0, 0, 0
40503, 6947, 0, 0, 0
40601, 7248, 0, 0, 0
40701, 7697, 0, 0, 0
40800, 7655, 0, 0, 0
40902, 7081, 0, 0, 0
41003, 7829, 0, 0, 0
41102, 7650, 0, 0, 0
41201, 7886, 0, 0, 0
41303, 7732, 0, 0, 0
41401, 6898, 0, 0, 0
41501, 8240, 0, 0, 0
41602, 7139, 0, 0, 0
41701, 8117, 0, 0, 0
41801, 7481, 0, 0, 0
41902, 8982, 0, 0, 0
42001, 7228, 0, 0, 0
42101, 6698, 0, 0, 0
42200, 7086, 0, 0, 0
42301, 8161, 0, 0, 0
42401, 8558, 0, 0, 0
42500, 8332, 0, 0, 0
42601, 9987, 0, 0, 0
42702, 8696, 0, 0, 0
42802, 7692, 0, 0, 0
42901, 7166, 0, 0, 0
43000, 7110, 0, 0, 0
43102, 7677, 0, 0, 0
43203, 8536, 0, 0, 0
43301, 7679, 0, 0, 0
43400, 7825, 0, 0, 0
43500, 7378, 0, 0, 0
43601, 8105, 0, 0, 0
43700, 6422, 0, 0, 0
43800, 7679, 0, 0, 0
43901, 6838, 0, 0, 0
44002, 6883, 0, 0, 0
44102, 8599, 0, 0, 0
44201, 7214, 0, 0, 0
44300, 6990, 0, 0, 0
44401, 6776, 0, 0, 0
44501, 9186, 0, 0, 0
44600, 9001, 0, 0, 0
44700, 8449, 0, 0, 0
44802, 7976, 0, 0, 0
44901, 9500, 0, 0, 0
45001, 8051, 0, 0, 0
45100, 8007, 0, 0, 0
45200, 7880, 0, 0, 0
45302, 8945, 0, 0, 0
45400, 7410, 0, 0, 0
45502, 7901, 0, 0, 0
45601, 7182, 0, 0, 0
45700, 7710, 0, 0, 0
45802, 7289, 0, 0, 0
45900, 7784, 0, 0, 0
46000, 6881, 0, 0, 0
46100, 6925, 0, 0, 0
46201, 8181, 0, 0, 0
46302, 7124, 0, 0, 0
46402, 7160, 0, 0, 0
46501, 7358, 0, 0, 0
46601, 7206, 0, 0, 0
46702, 7633, 0, 0, 0
46800, 7173, 0, 0, 0
46900, 8302, 0, 0, 0
47000, 7992, 0, 0, 0
47100, 8039, 0, 0, 0
47200, 8346, 0, 0, 0
47300, 8370, 0, 0, 0
47401, 7223, 0, 0, 0
47500, 6917, 0, 0, 0
47601, 7290, 0, 0, 0
47701, 8118, 0, 0, 0
47801, 6804, 0, 0, 0
47900, 7007, 0, 0, 0
48001, 7226, 0, 0, 0
48102, 7422, 0, 0, 0
48200, 7429, 0, 0, 0
48300, 7477, 0, 0, 0
48400, 7234, 0, 0, 0
48503, 7651, 0, 0, 0
48600, 8916, 0, 0, 0
48701, 9247, 0, 0, 0
48800, 7795, 0, 0, 0
48902, 7951, 0, 0, 0
49002, 9116, 0, 0, 0
49102, 7686, 0, 0, 0
49201, 8467, 0, 0, 0
49300, 7238, 0, 0, 0
49401, 9288, 0, 0, 0
49501, 8422, 0, 0, 0
49600, 7705, 0, 0, 0
49702, 7745, 0, 0, 0
49800, 8964, 0, 0, 0
49900, 8595, 0, 0, 0
50001, 7770, 0, 0, 0
50103, 8485, 0, 0, 0
50201, 7970, 0, 0, 0
50300, 7505, 0, 0, 0
50400, 7014, 0, 0, 0
50500, 7660, 0, 0, 0
50601, 7923, 0, 0, 0
50702, 7581, 0, 0, 0
50802, 8006, 0, 0, 0
50902, 8781, 0, 0, 0
51001, 7261, 0, 0, 0
51103, 9170, 0, 0, 0
51201, 10706, 0, 0, 0
51300, 7722, 0, 0, 0
51400, 8532, 0, 0, 0
51500, 8035, 0, 0, 0
51602, 7167, 0, 0, 0
51702, 7617, 0, 0, 0
51800, 7385, 0, 0, 0
51902, 8174, 0, 0, 0
52001, 8155, 0, 0, 0
52100, 6986, 0, 0, 0
52200, 8817, 0, 0, 0
52302, 8071, 0, 0, 0
52400, 7801, 0, 0, 0
52500, 8033, 0, 0, 0
52602, 7845, 0, 0, 0
52701, 7848, 0, 0, 0
52801, 7164, 0, 0, 0
52900, 7583, 0, 0, 0
53002, 8544, 0, 0, 0
53101, 8036, 0, 0, 0
53201, 7491, 0, 0, 0
53300, 7869, 0, 0, 0
53401, 6933, 0, 0, 0
53502, 7958, 0, 0, 0
53601, 8397, 0, 0, 0
53701, 7746, 0, 0, 0
53800, 7070, 0, 0, 0
53901, 6784, 0, 0, 0
54001, 6471, 0, 0, 0
54101, 7199, 0, 0, 0
54201, 7068, 0, 0, 0
54300, 7837, 0, 0, 0
54400, 8937, 0, 0, 0
54500, 8761, 0, 0, 0
54601, 8314, 0, 0, 0
54702, 8488, 0, 0, 0
54802, 7615, 0, 0, 0
54902, 8434, 0, 0, 0
55003, 7545, 0, 0, 0
55100, 7834, 0, 0, 0
55200, 8550, 0, 0, 0
55300, 9500, 0, 0, 0
55401, 9946, 0, 0, 0
55500, 8053, 0, 0, 0
55602, 7340, 0, 0, 0
55701, 7638, 0, 0, 0
55800, 8690, 0, 0, 0
55900, 8577, 0, 0, 0
56000, 7463, 0, 0, 0
56100, 9257, 0, 0, 0
56200, 8593, 0, 0, 0
56301, 8289, 0, 0, 0
56402, 7484, 0, 0, 0
56500, 8047, 0, 0, 0
56600, 8134, 0, 0, 0
56701, 8039, 0, 0, 0
56800, 8554, 0, 0, 0
56902, 8695, 0, 0, 0
57000, 9689, 0, 0, 0
57100, 8532, 0, 0, 0
57200, 7090, 0, 0, 0
57300, 7154, 0, 0, 0
57401, 6611, 0, 0, 0
57502, 7018, 0, 0, 0
57601, 6640, 0, 0, 0
57701, 7882, 0, 0, 0
57803, 8119, 0, 0, 0
57900, 7356, 0, 0, 0
58003, 7751, 0, 0, 0
58100, 8998, 0, 0, 0
58200, 8208, 0, 0, 0
58302, 6718, 0, 0, 0
58402, 7037, 0, 0, 0
58501, 7786, 0, 0, 0
58601, 7230, 0, 0, 0
58700, 9270, 0, 0, 0
58800, 7545, 0, 0, 0
58900, 7549, 0, 0, 0
59000, 7639, 0, 0, 0
59102, 6250, 0, 0, 0
59203, 7915, 0, 0, 0
59303, 8876, 0, 0, 0
59402, 9079, 0, 0, 0
59501, 7951, 0, 0, 0
59601, 7377, 0, 0, 0
59702, 7880, 0, 0, 0
59800, 8119, 0, 0, 0
59900, 7773, 0, 0, 0
60000, 7196, 0, 0, 0
60101, 7747, 0, 0, 0
60200, 8384, 0, 0, 0
60302, 7948, 0, 0, 0
60402, 8096, 0, 0, 0
60502, 8306, 0, 0, 0
60601, 7079, 0, 0, 0
60701, 8025, 0, 0, 0
60800, 7718, 0, 0, 0
60900, 7284, 0, 0, 0
61002, 8665, 0, 0, 0
61101, 8797, 0, 0, 0
61200, 9872, 0, 0, 0
61300, 7609, 0, 0, 0
61400, 7318, 0, 0, 0
61502, 8346, 0, 0, 0
61603, 9115, 0, 0, 0
61702, 9336, 0, 0, 0
61801, 9203, 0, 0, 0
61900, 7304, 0, 0, 0
62000, 7677, 0, 0, 0
62102, 8842, 0, 0, 0
62202, 8534, 0, 0, 0
62300, 8193, 0, 0, 0
62400, 7806, 0, 0, 0
62501, 8125, 0, 0, 0
62600, 7599, 0, 0, 0
62700, 6446, 0, 0, 0
62802, 7816, 0, 0, 0
62902, 6568, 0, 0, 0
63001, 7819, 0, 0, 0
63102, 7715, 0, 0, 0
63200, 8692, 0, 0, 0
63300, 7984, 0, 0, 0
63402, 7748, 0, 0, 0
63502, 7951, 0, 0, 0
63601, 9440, 0, 0, 0
63703, 10425, 0, 0, 0
63801, 7438, 0, 0, 0
63900, 7198, 0, 0, 0
64003, 9112, 0, 0, 0
64100, 8697, 0, 0, 0
64200, 8063, 0, 0, 0
64300, 9391, 0, 0, 0
64401, 7954, 0, 0, 0
64501, 8437, 0, 0, 0
64602, 8943, 0, 0, 0
64700, 7672, 0, 0, 0
64803, 8799, 0, 0, 0
64902, 8592, 0, 0, 0
65000, 8093, 0, 0, 0
65101, 7899, 0, 0, 0
65200, 9652, 0, 0, 0
65300, 7982, 0, 0, 0
65400, 7545, 0, 0, 0
65501, 7369, 0, 0, 0
65602, 7752, 0, 0, 0
65701, 7442, 0, 0, 0
65800, 8021, 0, 0, 0
65901, 8015, 0, 0, 0
66001, 7235, 0, 0, 0
66101, 6883, 0, 0, 0
66200, 7202, 0, 0, 0
66301, 6853, 0, 0, 0
66401, 6973, 0, 0, 0
66500, 6808, 0, 0, 0
66602, 8111, 0, 0, 0
66701, 8082, 0, 0, 0
66800, 7107, 0, 0, 0
66902, 8686, 0, 0, 0
67000, 7596, 0, 0, 0
67101, 6984, 0, 0, 0
67200, 8037, 0, 0, 0
67300, 7029, 0, 0, 0
67400, 7289, 0, 0, 0
67500, 7710, 0, 0, 0
67600, 7641, 0, 0, 0
67700, 8562, 0, 0, 0
67800, 7080, 0, 0, 0
67900, 7894, 0, 0, 0
68000, 7007, 0, 0, 0
68102, 8282, 0, 0, 0
68200, 8532, 0, 0, 0
68300, 7132, 0, 0, 0
68400, 7839, 0, 0, 0
68500, 7153, 0, 0, 0
68600, 7519, 0, 0, 0
68700, 7924, 0, 0, 0
68801, 7096, 0, 0, 0
68902, 7632, 0, 0, 0
69001, 9709, 0, 0, 0
69100, 8063, 0, 0, 0
69202, 7555, 0, 0, 0
69302, 7935, 0, 0, 0
69400, 8695, 0, 0, 0
69501, 8173, 0, 0, 0
69601, 7917, 0, 0, 0
69701, 7977, 0, 0, 0
69802, 8405, 0, 0, 0
69900, 7866, 0, 0, 0
70000, 6622, 0, 0, 0
70100, 8500, 0, 0, 0
70200, 6701, 0, 0, 0
70302, 7320, 0, 0, 0
70401, 7538, 0, 0, 0
70501, 6909, 0, 0, 0
70601, 7275, 0, 0, 0
70702, 7738, 0, 0, 0
70800, 9521, 0, 0, 0
70903, 8369, 0, 0, 0
71000, 7241, 0, 0, 0
71101, 7530, 0, 0, 0
71201, 7856, 0, 0, 0
71302, 7664, 0, 0, 0
71400, 7520, 0, 0, 0
71502, 8503, 0, 0, 0
71601, 9146, 0, 0, 0
71703, 9066, 0, 0, 0
71801, 7711, 0, 0, 0
71902, 8678, 0, 0, 0
72000, 7862, 0, 0, 0
72102, 8207, 0, 0, 0
72201, 8207, 0, 0, 0
72300, 8128, 0, 0, 0
72401, 6871, 0, 0, 0
72501, 6820, 0, 0, 0
72600, 8372, 0, 0, 0
72701, 7590, 0, 0, 0
72800, 8148, 0, 0, 0
72900, 7219, 0, 0, 0
73002, 7366, 0, 0, 0
73103, 7862, 0, 0, 0
73203, 7929, 0, 0, 0
73301, 8232, 0, 0, 0
73401, 8206, 0, 0, 0
73500, 7001, 0, 0, 0
73601, 8122, 0, 0, 0
73700, 7355, 0, 0, 0
73800, 9525, 0, 0, 0
73900, 8448, 0, 0, 0
74000, 7994, 0, 0, 0
74101, 6983, 0, 0, 0
74201, 6837, 0, 0, 0
74300, 7105, 0, 0, 0
74400, 7731, 0, 0, 0
74500, 8055, 0, 0, 0
74600, 8256, 0, 0, 0
74702, 7887, 0, 0, 0
74800, 7736, 0, 0, 0
74900, 8745, 0, 0, 0
75002, 7903, 0, 0, 0
75101, 8986, 0, 0, 0
75202, 8000, 0, 0, 0
75302, 7888, 0, 0, 0
75401, 8158, 0, 0, 0
75502, 8193, 0, 0, 0
75602, 8007, 0, 0, 0
75701, 9873, 0, 0, 0
75803, 8974, 0, 0, 0
75901, 8956, 0, 0, 0
76001, 7622, 0, 0, 0
76100, 7904, 0, 0, 0
76200, 8546, 0, 0, 0
76301, 7367, 0, 0, 0
76403, 8106, 0, 0, 0
76500, 7659, 0, 0, 0
76601, 8392, 0, 0, 0
76700, 8550, 0, 0, 0
76800, 7631, 0, 0, 0
76902, 8834, 0, 0, 0
77001, 8709, 0, 0, 0
77100, 7686, 0, 0, 0
77201, 8634, 0, 0, 0
77300, 8367, 0, 0, 0
77400, 8345, 0, 0, 0
77500, 8104, 0, 0, 0
77600, 7997, 0, 0, 0
77702, 7943, 0, 0, 0
77800, 8143, 0, 0, 0
77904, 7264, 0, 0, 0
78000, 7392, 0, 0, 0
78102, 9316, 0, 0, 0
78200, 8412, 0, 0, 0
78301, 7724, 0, 0, 0
78402, 6651, 0, 0, 0
78501, 7141, 0, 0, 0
78601, 7361, 0, 0, 0
78701, 7997, 0, 0, 0
78800, 7967, 0, 0, 0
78900, 8259, 0, 0, 0
79000, 8911, 0, 0, 0
79101, 7197, 0, 0, 0
79201, 8113, 0, 0, 0
79301, 8075, 0, 0, 0
79401, 6455, 0, 0, 0
79502, 7821, 0, 0, 0
79601, 7514, 0, 0, 0
79700, 8628, 0, 0, 0
79800, 8328, 0, 0, 0
79901, 8244, 0, 0, 0
80001, 7965, 0, 0, 0
80101, 7596, 0, 0, 0
80203, 8289, 0, 0, 0
80302, 7355, 0, 0, 0
80400, 7335, 0, 0, 0
80502, 7584, 0, 0, 0
80601, 7697, 0, 0, 0
80700, 6851, 0, 0, 0
80801, 7889, 0, 0, 0
80901, 7378, 0, 0, 0
81002, 7788, 0, 0, 0
81100, 7658, 0, 0, 0
81200, 8639, 0, 0, 0
81301, 7411, 0, 0, 0
81403, 7628, 0, 0, 0
81503, 7472, 0, 0, 0
81601, 8344, 0, 0, 0
81701, 7893, 0, 0, 0
81801, 7589, 0, 0, 0
81901, 6202, 0, 0, 0
82001, 6978, 0, 0, 0
82103, 7173, 0, 0, 0
82200, 7786, 0, 0, 0
82301, 7900, 0, 0, 0
82403, 7482, 0, 0, 0
82503, 7786, 0, 0, 0
82601, 8238, 0, 0, 0
82700, 6396, 0, 0, 0
82800, 7260, 0, 0, 0
82901, 7382, 0, 0, 0
83002, 7598, 0, 0, 0
83103, 7447, 0, 0, 0
83200, 7359, 0, 0, 0
83301, 7389, 0, 0, 0
83400, 6701, 0, 0, 0
83501, 7196, 0, 0, 0
83603, 7678, 0, 0, 0
83702, 8018, 0, 0, 0
83801, 6923, 0, 0, 0
83901, 7462, 0, 0, 0
84002, 8161, 0, 0, 0
84101, 7449, 0, 0, 0
84200, 8112, 0, 0, 0
84300, 8906, 0, 0, 0
84403, 8591, 0, 0, 0
84502, 9162, 0, 0, 0
84601, 7888, 0, 0, 0
84700, 7045, 0, 0, 0
84800, 7712, 0, 0, 0
84902, 8351, 0, 0, 0
85000, 6896, 0, 0, 0
85100, 6237, 0, 0, 0
85200, 7266, 0, 0, 0
85301, 7441, 0, 0, 0
85400, 7926, 0, 0, 0
85502, 7983, 0, 0, 0
85602, 7477, 0, 0, 0
85700, 8182, 0, 0, 0
85802, 7391, 0, 0, 0
85901, 8021, 0, 0, 0
86000, 8337, 0, 0, 0
86101, 7550, 0, 0, 0
86200, 9491, 0, 0, 0
86302, 7774, 0, 0, 0
86400, 7317, 0, 0, 0
86501, 8266, 0, 0, 0
86602, 7392, 0, 0, 0
86700, 7403, 0, 0, 0
86800, 8413, 0, 0, 0
86900, 7507, 0, 0, 0
87001, 7362, 0, 0, 0
87101, 7444, 0, 0, 0
87201, 8423, 0, 0, 0
87301, 8461, 0, 0, 0
87400, 7635, 0, 0, 0
87502, 7659, 0, 0, 0
87600, 6905, 0, 0, 0
87700, 8666, 0, 0, 0
87802, 7258, 0, 0, 0
87901, 7025, 0, 0, 0
88000, 8268, 0, 0, 0
88101, 7886, 0, 0, 0
88200, 9407, 0, 0, 0
88302, 8395, 0, 0, 0
88400, 7626, 0, 0, 0
88500, 8728, 0, 0, 0
88601, 7085, 0, 0, 0
88702, 7442, 0, 0, 0
88800, 7004, 0, 0, 0
88904, 7588, 0, 0, 0
89001, 9912, 0, 0, 0
89100, 9190, 0, 0, 0
89201, 7671, 0, 0, 0
89300, 8792, 0, 0, 0
89402, 7378, 0, 0, 0
89501, 8169, 0, 0, 0
89600, 9406, 0, 0, 0
89701, 7529, 0, 0, 0
89801, 7888, 0, 0, 0
89901, 8123, 0, 0, 0
90000, 7292, 0, 0, 0
