100, 1185227, 0, 0, 0
200, 1195717, 0, 0, 0
301, 1215109, 0, 0, 0
400, 1177722, 0, 0, 0
500, 1217348, 0, 0, 0
600, 1201102, 0, 0, 0
700, 1171266, 0, 0, 0
800, 1226827, 0, 0, 0
900, 1202302, 0, 0, 0
1001, 1192489, 0, 0, 0
1101, 1203835, 0, 0, 0
1200, 1230379, 0, 0, 0
1300, 1228604, 0, 0, 0
1400, 1212154, 0, 0, 0
1500, 1194367, 0, 0, 0
1600, 1223210, 0, 0, 0
1700, 1173145, 0, 0, 0
1800, 1178983, 0, 0, 0
1900, 1204501, 0, 0, 0
2000, 1193195, 0, 0, 0
2100, 1230057, 0, 0, 0
2200, 1195112, 0, 0, 0
2300, 1212870, 0, 0, 0
2400, 1214376, 0, 0, 0
2500, 1227338, 0, 0, 0
2600, 1196104, 0, 0, 0
2700, 1162970, 0, 0, 0
2800, 1199919, 0, 0, 0
2900, 1189614, 0, 0, 0
3000, 1222054, 0, 0, 0
3100, 1169348, 0, 0, 0
3200, 1179629, 0, 0, 0
3300, 1208873, 0, 0, 0
3400, 1227144, 0, 0, 0
3500, 1246554, 0, 0, 0
3600, 1195072, 0, 0, 0
3700, 1206173, 0, 0, 0
3801, 1179861, 0, 0, 0
3900, 1204574, 0, 0, 0
4000, 1220444, 0, 0, 0
4100, 1180090, 0, 0, 0
4200, 1199935, 0, 0, 0
4300, 1195060, 0, 0, 0
4400, 1184220, 0, 0, 0
4500, 1221036, 0, 0, 0
4600, 1153501, 0, 0, 0
4700, 1185060, 0, 0, 0
4800, 1218352, 0, 0, 0
4900, 1200859, 0, 0, 0
5000, 1209192, 0, 0, 0
5100, 1168889, 0, 0, 0
5200, 1213426, 0, 0, 0
5300, 1209955, 0, 0, 0
5400, 1190656, 0, 0, 0
5500, 1143750, 0, 0, 0
5600, 1183285, 0, 0, 0
5700, 1188825, 0, 0, 0
5800, 1191059, 0, 0, 0
5900, 1215343, 0, 0, 0
6000, 1209273, 0, 0, 0
6100, 1205224, 0, 0, 0
6200, 1201016, 0, 0, 0
6300, 1185223, 0, 0, 0
6400, 1154021, 0, 0, 0
6500, 1195154, 0, 0, 0
6600, 1224807, 0, 0, 0
6700, 1233823, 0, 0, 0
6800, 1213383, 0, 0, 0
6900, 1174571, 0, 0, 0
7000, 1200560, 0, 0, 0
7100, 1251161, 0, 0, 0
7200, 1169305, 0, 0, 0
7300, 1215130, 0, 0, 0
7402, 1248836, 0, 0, 0
7500, 1243853, 0, 0, 0
7600, 1214980, 0, 0, 0
7700, 1219395, 0, 0, 0
7800, 1221114, 0, 0, 0
7900, 1202163, 0, 0, 0
8000, 1187511, 0, 0, 0
8100, 1188461, 0, 0, 0
8200, 1221988, 0, 0, 0
8300, 1194329, 0, 0, 0
8400, 1179984, 0, 0, 0
8500, 1227265, 0, 0, 0
8600, 1224208, 0, 0, 0
8700, 1158280, 0, 0, 0
8800, 1188216, 0, 0, 0
8900, 1197038, 0, 0, 0
9000, 1242743, 0, 0, 0
9100, 1184220, 0, 0, 0
9200, 1218888, 0, 0, 0
9300, 1209222, 0, 0, 0
9400, 1174449, 0, 0, 0
9500, 1206783, 0, 0, 0
9600, 1192879, 0, 0, 0
9700, 1218757, 0, 0, 0
9800, 1208944, 0, 0, 0
9900, 1171633, 0, 0, 0
10000, 1228081, 0, 0, 0
10100, 1238678, 0, 0, 0
10200, 1193179, 0, 0, 0
10300, 1166699, 0, 0, 0
10400, 1224706, 0, 0, 0
10500, 1212339, 0, 0, 0
10600, 1262358, 0, 0, 0
10700, 1165652, 0, 0, 0
10800, 1195009, 0, 0, 0
10900, 1205642, 0, 0, 0
11000, 1212205, 0, 0, 0
11100, 1191158, 0, 0, 0
11200, 1181995, 0, 0, 0
11300, 1157580, 0, 0, 0
11400, 1191360, 0, 0, 0
11500, 1211911, 0, 0, 0
11600, 1204489, 0, 0, 0
11700, 1206158, 0, 0, 0
11800, 1219449, 0, 0, 0
11900, 1163448, 0, 0, 0
12000, 1202085, 0, 0, 0
12100, 1208313, 0, 0, 0
12200, 1217423, 0, 0, 0
12300, 1223429, 0, 0, 0
12400, 1211075, 0, 0, 0
12500, 1198248, 0, 0, 0
12600, 1241992, 0, 0, 0
12700, 1184128, 0, 0, 0
12800, 1261134, 0, 0, 0
12900, 1195564, 0, 0, 0
13000, 1208300, 0, 0, 0
13100, 1169053, 0, 0, 0
13200, 1187547, 0, 0, 0
13300, 1202997, 0, 0, 0
13400, 1179463, 0, 0, 0
13500, 1186918, 0, 0, 0
13600, 1206947, 0, 0, 0
13700, 1183520, 0, 0, 0
13800, 1195945, 0, 0, 0
13900, 1220270, 0, 0, 0
14000, 1177030, 0, 0, 0
14100, 1199853, 0, 0, 0
14200, 1189493, 0, 0, 0
14300, 1210086, 0, 0, 0
14400, 1217668, 0, 0, 0
14500, 1219990, 0, 0, 0
14600, 1203676, 0, 0, 0
14700, 1178747, 0, 0, 0
14800, 1211071, 0, 0, 0
14900, 1206498, 0, 0, 0
15000, 1253779, 0, 0, 0
15100, 1145567, 0, 0, 0
15200, 1230414, 0, 0, 0
15300, 1236139, 0, 0, 0
15400, 1185271, 0, 0, 0
15500, 1152943, 0, 0, 0
15600, 1198744, 0, 0, 0
15700, 1197072, 0, 0, 0
15800, 1171224, 0, 0, 0
15900, 1160544, 0, 0, 0
16000, 1177366, 0, 0, 0
16100, 1200957, 0, 0, 0
16200, 1171235, 0, 0, 0
16300, 1186411, 0, 0, 0
16400, 1179079, 0, 0, 0
16500, 1221827, 0, 0, 0
16600, 1202205, 0, 0, 0
16700, 1177890, 0, 0, 0
16800, 1220190, 0, 0, 0
16900, 1208357, 0, 0, 0
17000, 1201325, 0, 0, 0
17100, 1208195, 0, 0, 0
17200, 1214352, 0, 0, 0
17300, 1179091, 0, 0, 0
17400, 1207065, 0, 0, 0
17500, 1207004, 0, 0, 0
17600, 1200889, 0, 0, 0
17700, 1203426, 0, 0, 0
17800, 1175315, 0, 0, 0
17900, 1202721, 0, 0, 0
18000, 1175273, 0, 0, 0
18100, 1198862, 0, 0, 0
18200, 1204915, 0, 0, 0
18300, 1182696, 0, 0, 0
18400, 1217377, 0, 0, 0
18500, 1211009, 0, 0, 0
18600, 1179237, 0, 0, 0
18700, 1228554, 0, 0, 0
18800, 1198956, 0, 0, 0
18900, 1192180, 0, 0, 0
19000, 1188309, 0, 0, 0
19100, 1172292, 0, 0, 0
19200, 1215431, 0, 0, 0
19300, 1201669, 0, 0, 0
19400, 1216178, 0, 0, 0
19500, 1190395, 0, 0, 0
19600, 1181783, 0, 0, 0
19700, 1204503, 0, 0, 0
19800, 1201973, 0, 0, 0
19900, 1180742, 0, 0, 0
20000, 1213116, 0, 0, 0
20100, 1211979, 0, 0, 0
20200, 1183717, 0, 0, 0
20300, 1167720, 0, 0, 0
20400, 1180968, 0, 0, 0
20500, 1177481, 0, 0, 0
20600, 1162155, 0, 0, 0
20701, 1181291, 0, 0, 0
20800, 1153930, 0, 0, 0
20900, 1170270, 0, 0, 0
21000, 1182264, 0, 0, 0
21100, 1160704, 0, 0, 0
21200, 1199512, 0, 0, 0
21301, 1194948, 0, 0, 0
21400, 1196610, 0, 0, 0
21500, 1180629, 0, 0, 0
21600, 1162118, 0, 0, 0
21700, 1166850, 0, 0, 0
21800, 1177547, 0, 0, 0
21900, 1181762, 0, 0, 0
22000, 1178428, 0, 0, 0
22100, 1222363, 0, 0, 0
22200, 1169519, 0, 0, 0
22300, 1191270, 0, 0, 0
22400, 1184096, 0, 0, 0
22500, 1185333, 0, 0, 0
22600, 1233324, 0, 0, 0
22700, 1179996, 0, 0, 0
22800, 1243603, 0, 0, 0
22900, 1236467, 0, 0, 0
23000, 1187265, 0, 0, 0
23100, 1178626, 0, 0, 0
23200, 1197984, 0, 0, 0
23300, 1176789, 0, 0, 0
23400, 1229839, 0, 0, 0
23500, 1238762, 0, 0, 0
23600, 1202730, 0, 0, 0
23700, 1216920, 0, 0, 0
23800, 1138279, 0, 0, 0
23900, 1167840, 0, 0, 0
24001, 1185489, 0, 0, 0
24100, 1198362, 0, 0, 0
24200, 1178318, 0, 0, 0
24300, 1174635, 0, 0, 0
24400, 1167376, 0, 0, 0
24500, 1170113, 0, 0, 0
24600, 1178623, 0, 0, 0
24700, 1164263, 0, 0, 0
24800, 1191330, 0, 0, 0
24900, 1193658, 0, 0, 0
25000, 1183449, 0, 0, 0
25100, 1200895, 0, 0, 0
25200, 1196886, 0, 0, 0
25300, 1200024, 0, 0, 0
25400, 1200766, 0, 0, 0
25500, 1160518, 0, 0, 0
25600, 1194278, 0, 0, 0
25700, 1224878, 0, 0, 0
25800, 1179316, 0, 0, 0
25900, 1201148, 0, 0, 0
26000, 1201522, 0, 0, 0
26100, 1212340, 0, 0, 0
26200, 1193188, 0, 0, 0
26300, 1194706, 0, 0, 0
26400, 1211849, 0, 0, 0
26500, 1185160, 0, 0, 0
26600, 1196426, 0, 0, 0
26700, 1211911, 0, 0, 0
26800, 1216099, 0, 0, 0
26900, 1216185, 0, 0, 0
27000, 1193742, 0, 0, 0
27100, 1212360, 0, 0, 0
27200, 1180057, 0, 0, 0
27300, 1199812, 0, 0, 0
27400, 1206643, 0, 0, 0
27500, 1183801, 0, 0, 0
27600, 1210287, 0, 0, 0
27700, 1233001, 0, 0, 0
27800, 1247860, 0, 0, 0
27900, 1182783, 0, 0, 0
28000, 1163596, 0, 0, 0
28100, 1192132, 0, 0, 0
28200, 1188449, 0, 0, 0
28300, 1191964, 0, 0, 0
28400, 1188321, 0, 0, 0
28500, 1219705, 0, 0, 0
28600, 1210494, 0, 0, 0
28700, 1199511, 0, 0, 0
28800, 1213567, 0, 0, 0
28900, 1155734, 0, 0, 0
29000, 1197611, 0, 0, 0
29100, 1182931, 0, 0, 0
29200, 1235020, 0, 0, 0
29300, 1198844, 0, 0, 0
29400, 1184359, 0, 0, 0
29500, 1200725, 0, 0, 0
29600, 1182834, 0, 0, 0
29700, 1187143, 0, 0, 0
29800, 1206555, 0, 0, 0
29900, 1174826, 0, 0, 0
30000, 1176768, 0, 0, 0
30100, 1194181, 0, 0, 0
30200, 1183054, 0, 0, 0
30300, 1156264, 0, 0, 0
30400, 1173606, 0, 0, 0
30500, 1206269, 0, 0, 0
30600, 1195981, 0, 0, 0
30700, 1202113, 0, 0, 0
30800, 1165657, 0, 0, 0
30900, 1205382, 0, 0, 0
31000, 1148962, 0, 0, 0
31100, 1197748, 0, 0, 0
31200, 1197767, 0, 0, 0
31300, 1160759, 0, 0, 0
31400, 1154153, 0, 0, 0
31500, 1181232, 0, 0, 0
31600, 1186862, 0, 0, 0
31700, 1181976, 0, 0, 0
31800, 1202247, 0, 0, 0
31900, 1153839, 0, 0, 0
32000, 1181471, 0, 0, 0
32100, 1194691, 0, 0, 0
32200, 1181405, 0, 0, 0
32300, 1172534, 0, 0, 0
32400, 1180716, 0, 0, 0
32500, 1186469, 0, 0, 0
32600, 1205802, 0, 0, 0
32700, 1158975, 0, 0, 0
32800, 1210024, 0, 0, 0
32900, 1210382, 0, 0, 0
33000, 1191520, 0, 0, 0
33100, 1185041, 0, 0, 0
33200, 1201855, 0, 0, 0
33300, 1175104, 0, 0, 0
33400, 1167009, 0, 0, 0
33500, 1175157, 0, 0, 0
33600, 1194238, 0, 0, 0
33701, 1153316, 0, 0, 0
33800, 1195770, 0, 0, 0
33900, 1161456, 0, 0, 0
34000, 1182205, 0, 0, 0
34100, 1219060, 0, 0, 0
34200, 1193222, 0, 0, 0
34300, 1165625, 0, 0, 0
34400, 1189446, 0, 0, 0
34500, 1206924, 0, 0, 0
34600, 1226719, 0, 0, 0
34700, 1215981, 0, 0, 0
34800, 1192161, 0, 0, 0
34900, 1220267, 0, 0, 0
35000, 1205387, 0, 0, 0
35101, 1249545, 0, 0, 0
35200, 1173937, 0, 0, 0
35300, 1208639, 0, 0, 0
35400, 1212560, 0, 0, 0
35500, 1201573, 0, 0, 0
35600, 1213654, 0, 0, 0
35700, 1162671, 0, 0, 0
35800, 1197054, 0, 0, 0
35900, 1185423, 0, 0, 0
36000, 1155811, 0, 0, 0
36100, 1176515, 0, 0, 0
36200, 1230613, 0, 0, 0
36300, 1192434, 0, 0, 0
36400, 1231522, 0, 0, 0
36500, 1184599, 0, 0, 0
36600, 1166629, 0, 0, 0
36700, 1226392, 0, 0, 0
36800, 1152131, 0, 0, 0
36900, 1183397, 0, 0, 0
37000, 1184705, 0, 0, 0
37100, 1195629, 0, 0, 0
37200, 1215217, 0, 0, 0
37300, 1236025, 0, 0, 0
37400, 1228442, 0, 0, 0
37500, 1220700, 0, 0, 0
37600, 1213261, 0, 0, 0
37700, 1212629, 0, 0, 0
37801, 1198173, 0, 0, 0
37900, 1175385, 0, 0, 0
38000, 1192670, 0, 0, 0
38100, 1177152, 0, 0, 0
38200, 1185308, 0, 0, 0
38300, 1221778, 0, 0, 0
38400, 1181118, 0, 0, 0
38500, 1179006, 0, 0, 0
38601, 1220278, 0, 0, 0
38700, 1192260, 0, 0, 0
38800, 1184132, 0, 0, 0
38900, 1235130, 0, 0, 0
39000, 1228608, 0, 0, 0
39100, 1231242, 0, 0, 0
39200, 1181990, 0, 0, 0
39300, 1158096, 0, 0, 0
39400, 1192976, 0, 0, 0
39500, 1196550, 0, 0, 0
39600, 1221960, 0, 0, 0
39700, 1226047, 0, 0, 0
39800, 1217801, 0, 0, 0
39900, 1234324, 0, 0, 0
40000, 1221197, 0, 0, 0
40100, 1170999, 0, 0, 0
40200, 1244171, 0, 0, 0
40300, 1206213, 0, 0, 0
40400, 1227549, 0, 0, 0
40500, 1191921, 0, 0, 0
40600, 1190188, 0, 0, 0
40700, 1224645, 0, 0, 0
40800, 1183868, 0, 0, 0
40900, 1227064, 0, 0, 0
41000, 1183182, 0, 0, 0
41100, 1231305, 0, 0, 0
41200, 1192547, 0, 0, 0
41300, 1276811, 0, 0, 0
41401, 1206195, 0, 0, 0
41501, 1227198, 0, 0, 0
41600, 1235908, 0, 0, 0
41700, 1216698, 0, 0, 0
41800, 1194868, 0, 0, 0
41900, 1207288, 0, 0, 0
42000, 1223961, 0, 0, 0
42100, 1196006, 0, 0, 0
42200, 1221513, 0, 0, 0
42300, 1198710, 0, 0, 0
42400, 1194006, 0, 0, 0
42500, 1198421, 0, 0, 0
42600, 1195572, 0, 0, 0
42700, 1232828, 0, 0, 0
42800, 1165221, 0, 0, 0
42900, 1220914, 0, 0, 0
43000, 1205703, 0, 0, 0
43100, 1243335, 0, 0, 0
43200, 1200615, 0, 0, 0
43300, 1235440, 0, 0, 0
43400, 1214335, 0, 0, 0
43500, 1207152, 0, 0, 0
43600, 1192793, 0, 0, 0
43700, 1208246, 0, 0, 0
43800, 1193737, 0, 0, 0
43900, 1222551, 0, 0, 0
44000, 1243088, 0, 0, 0
44100, 1202376, 0, 0, 0
44200, 1210021, 0, 0, 0
44300, 1188368, 0, 0, 0
44400, 1205915, 0, 0, 0
44500, 1206505, 0, 0, 0
44601, 1199172, 0, 0, 0
44700, 1217446, 0, 0, 0
44800, 1255811, 0, 0, 0
44900, 1170087, 0, 0, 0
45000, 1170805, 0, 0, 0
45100, 1160446, 0, 0, 0
45200, 1245022, 0, 0, 0
45300, 1213246, 0, 0, 0
45400, 1183812, 0, 0, 0
45500, 1190112, 0, 0, 0
45600, 1191373, 0, 0, 0
45700, 1161417, 0, 0, 0
45800, 1210217, 0, 0, 0
45900, 1211634, 0, 0, 0
46000, 1155135, 0, 0, 0
46100, 1189845, 0, 0, 0
46200, 1192347, 0, 0, 0
46300, 1173960, 0, 0, 0
46400, 1202011, 0, 0, 0
46500, 1226536, 0, 0, 0
46600, 1225596, 0, 0, 0
46700, 1164390, 0, 0, 0
46800, 1197445, 0, 0, 0
46900, 1220071, 0, 0, 0
47000, 1196100, 0, 0, 0
47100, 1220424, 0, 0, 0
47200, 1225401, 0, 0, 0
47300, 1213678, 0, 0, 0
47400, 1227328, 0, 0, 0
47500, 1259023, 0, 0, 0
47600, 1212909, 0, 0, 0
47700, 1221490, 0, 0, 0
47800, 1164247, 0, 0, 0
47900, 1168936, 0, 0, 0
48000, 1224630, 0, 0, 0
48100, 1188320, 0, 0, 0
48200, 1225670, 0, 0, 0
48300, 1202902, 0, 0, 0
48400, 1199542, 0, 0, 0
48500, 1194494, 0, 0, 0
48600, 1175639, 0, 0, 0
48700, 1176118, 0, 0, 0
48800, 1222897, 0, 0, 0
48900, 1198539, 0, 0, 0
49000, 1197451, 0, 0, 0
49100, 1215909, 0, 0, 0
49200, 1189763, 0, 0, 0
49300, 1175598, 0, 0, 0
49400, 1216492, 0, 0, 0
49501, 1209213, 0, 0, 0
49600, 1225308, 0, 0, 0
49700, 1244794, 0, 0, 0
49800, 1187823, 0, 0, 0
49900, 1205735, 0, 0, 0
50000, 1211100, 0, 0, 0
50100, 1204032, 0, 0, 0
50200, 1197553, 0, 0, 0
50300, 1209469, 0, 0, 0
50400, 1166333, 0, 0, 0
50500, 1182721, 0, 0, 0
50600, 1209945, 0, 0, 0
50700, 1239246, 0, 0, 0
50800, 1216926, 0, 0, 0
50900, 1192664, 0, 0, 0
51000, 1192985, 0, 0, 0
51100, 1209444, 0, 0, 0
51200, 1210934, 0, 0, 0
51300, 1185410, 0, 0, 0
51400, 1181591, 0, 0, 0
51500, 1241821, 0, 0, 0
51600, 1194335, 0, 0, 0
51700, 1192647, 0, 0, 0
51800, 1192209, 0, 0, 0
51900, 1166253, 0, 0, 0
52000, 1233262, 0, 0, 0
52100, 1200609, 0, 0, 0
52200, 1229296, 0, 0, 0
52300, 1236434, 0, 0, 0
52400, 1178731, 0, 0, 0
52500, 1206641, 0, 0, 0
52600, 1215538, 0, 0, 0
52700, 1185634, 0, 0, 0
52800, 1204526, 0, 0, 0
52900, 1205371, 0, 0, 0
53000, 1203437, 0, 0, 0
53100, 1185922, 0, 0, 0
53200, 1228699, 0, 0, 0
53300, 1224356, 0, 0, 0
53400, 1211592, 0, 0, 0
53500, 1179281, 0, 0, 0
53600, 1158494, 0, 0, 0
53700, 1211322, 0, 0, 0
53800, 1186982, 0, 0, 0
53900, 1223321, 0, 0, 0
54001, 1239368, 0, 0, 0
54100, 1187024, 0, 0, 0
54200, 1166145, 0, 0, 0
54300, 1228159, 0, 0, 0
54400, 1213484, 0, 0, 0
54500, 1234794, 0, 0, 0
54600, 1215540, 0, 0, 0
54700, 1227874, 0, 0, 0
54800, 1225321, 0, 0, 0
54900, 1200390, 0, 0, 0
55000, 1228554, 0, 0, 0
55100, 1197406, 0, 0, 0
55200, 1199812, 0, 0, 0
55300, 1220941, 0, 0, 0
55400, 1228864, 0, 0, 0
55500, 1200101, 0, 0, 0
55600, 1214879, 0, 0, 0
55700, 1229595, 0, 0, 0
55800, 1220031, 0, 0, 0
55900, 1235426, 0, 0, 0
56000, 1175666, 0, 0, 0
56100, 1216051, 0, 0, 0
56200, 1214053, 0, 0, 0
56300, 1237009, 0, 0, 0
56400, 1213793, 0, 0, 0
56500, 1187141, 0, 0, 0
56601, 1196668, 0, 0, 0
56700, 1179901, 0, 0, 0
56800, 1222066, 0, 0, 0
56900, 1232294, 0, 0, 0
57000, 1190628, 0, 0, 0
57100, 1194288, 0, 0, 0
57200, 1197793, 0, 0, 0
57300, 1197409, 0, 0, 0
57400, 1215721, 0, 0, 0
57500, 1199726, 0, 0, 0
57600, 1202202, 0, 0, 0
57700, 1212641, 0, 0, 0
57800, 1186796, 0, 0, 0
57900, 1197058, 0, 0, 0
58000, 1188558, 0, 0, 0
58100, 1196241, 0, 0, 0
58200, 1202069, 0, 0, 0
58300, 1185816, 0, 0, 0
58400, 1213496, 0, 0, 0
58500, 1178956, 0, 0, 0
58600, 1254902, 0, 0, 0
58701, 1209149, 0, 0, 0
58800, 1206587, 0, 0, 0
58900, 1256504, 0, 0, 0
59000, 1205810, 0, 0, 0
59100, 1228209, 0, 0, 0
59200, 1220884, 0, 0, 0
59300, 1236930, 0, 0, 0
59400, 1256001, 0, 0, 0
59500, 1217577, 0, 0, 0
59600, 1160732, 0, 0, 0
59700, 1196940, 0, 0, 0
59800, 1170050, 0, 0, 0
59900, 1215062, 0, 0, 0
60000, 1227343, 0, 0, 0
60100, 1160091, 0, 0, 0
60200, 1187600, 0, 0, 0
60300, 1206896, 0, 0, 0
60400, 1203560, 0, 0, 0
60500, 1214846, 0, 0, 0
60600, 1248180, 0, 0, 0
60700, 1199861, 0, 0, 0
60800, 1210221, 0, 0, 0
60900, 1210434, 0, 0, 0
61000, 1197236, 0, 0, 0
61100, 1214327, 0, 0, 0
61200, 1225388, 0, 0, 0
61300, 1200196, 0, 0, 0
61401, 1187674, 0, 0, 0
61500, 1205215, 0, 0, 0
61600, 1179844, 0, 0, 0
61700, 1178824, 0, 0, 0
61800, 1248662, 0, 0, 0
61900, 1210607, 0, 0, 0
62000, 1212396, 0, 0, 0
62100, 1169255, 0, 0, 0
62200, 1193351, 0, 0, 0
62301, 1191518, 0, 0, 0
62400, 1225526, 0, 0, 0
62500, 1203623, 0, 0, 0
62600, 1219234, 0, 0, 0
62700, 1169854, 0, 0, 0
62800, 1172881, 0, 0, 0
62900, 1201757, 0, 0, 0
63000, 1210512, 0, 0, 0
63100, 1157774, 0, 0, 0
63200, 1189592, 0, 0, 0
63300, 1188732, 0, 0, 0
63400, 1252275, 0, 0, 0
63500, 1187444, 0, 0, 0
63600, 1175789, 0, 0, 0
63700, 1190108, 0, 0, 0
63800, 1215028, 0, 0, 0
63900, 1193889, 0, 0, 0
64000, 1159617, 0, 0, 0
64100, 1199384, 0, 0, 0
64200, 1171217, 0, 0, 0
64300, 1233906, 0, 0, 0
64400, 1211737, 0, 0, 0
64500, 1187365, 0, 0, 0
64600, 1205542, 0, 0, 0
64700, 1189165, 0, 0, 0
64800, 1212160, 0, 0, 0
64900, 1207055, 0, 0, 0
65000, 1199844, 0, 0, 0
65100, 1222455, 0, 0, 0
65200, 1209124, 0, 0, 0
65300, 1200746, 0, 0, 0
65400, 1159684, 0, 0, 0
65500, 1196643, 0, 0, 0
65600, 1223520, 0, 0, 0
65700, 1163344, 0, 0, 0
65800, 1190201, 0, 0, 0
65900, 1157141, 0, 0, 0
66000, 1218228, 0, 0, 0
66100, 1183544, 0, 0, 0
66200, 1216358, 0, 0, 0
66300, 1173437, 0, 0, 0
66400, 1201622, 0, 0, 0
66501, 1207172, 0, 0, 0
66600, 1208698, 0, 0, 0
66700, 1183182, 0, 0, 0
66800, 1205411, 0, 0, 0
66900, 1198474, 0, 0, 0
67000, 1209473, 0, 0, 0
67100, 1181002, 0, 0, 0
67200, 1200238, 0, 0, 0
67300, 1260044, 0, 0, 0
67400, 1246334, 0, 0, 0
67500, 1194686, 0, 0, 0
67600, 1233818, 0, 0, 0
67700, 1226177, 0, 0, 0
67800, 1201998, 0, 0, 0
67900, 1233352, 0, 0, 0
68000, 1176343, 0, 0, 0
68100, 1205454, 0, 0, 0
68200, 1221384, 0, 0, 0
68300, 1236685, 0, 0, 0
68400, 1189293, 0, 0, 0
68500, 1196830, 0, 0, 0
68600, 1230814, 0, 0, 0
68700, 1170491, 0, 0, 0
68800, 1210514, 0, 0, 0
68900, 1226457, 0, 0, 0
69000, 1203674, 0, 0, 0
69100, 1232591, 0, 0, 0
69200, 1214151, 0, 0, 0
69300, 1198859, 0, 0, 0
69400, 1259677, 0, 0, 0
69500, 1207389, 0, 0, 0
69600, 1211462, 0, 0, 0
69700, 1214177, 0, 0, 0
69800, 1231965, 0, 0, 0
69900, 1173104, 0, 0, 0
70000, 1172848, 0, 0, 0
70100, 1211738, 0, 0, 0
70200, 1242005, 0, 0, 0
70300, 1180768, 0, 0, 0
70400, 1211129, 0, 0, 0
70500, 1207228, 0, 0, 0
70600, 1238110, 0, 0, 0
70700, 1177871, 0, 0, 0
70800, 1209846, 0, 0, 0
70900, 1169744, 0, 0, 0
71000, 1218395, 0, 0, 0
71100, 1203661, 0, 0, 0
71200, 1223065, 0, 0, 0
71300, 1194578, 0, 0, 0
71400, 1239670, 0, 0, 0
71500, 1160302, 0, 0, 0
71600, 1241140, 0, 0, 0
71700, 1221054, 0, 0, 0
71800, 1176718, 0, 0, 0
71900, 1180519, 0, 0, 0
72000, 1204513, 0, 0, 0
72100, 1193159, 0, 0, 0
72200, 1195859, 0, 0, 0
72300, 1207531, 0, 0, 0
72400, 1196444, 0, 0, 0
72500, 1192948, 0, 0, 0
72600, 1229712, 0, 0, 0
72700, 1202997, 0, 0, 0
72800, 1171926, 0, 0, 0
72900, 1239210, 0, 0, 0
73000, 1203599, 0, 0, 0
73100, 1211152, 0, 0, 0
73200, 1230844, 0, 0, 0
73300, 1190563, 0, 0, 0
73400, 1209495, 0, 0, 0
73500, 1197542, 0, 0, 0
73600, 1158978, 0, 0, 0
73700, 1210129, 0, 0, 0
73800, 1243422, 0, 0, 0
73900, 1220798, 0, 0, 0
74000, 1203972, 0, 0, 0
74100, 1166808, 0, 0, 0
74200, 1183520, 0, 0, 0
74300, 1195427, 0, 0, 0
74400, 1217010, 0, 0, 0
74500, 1187203, 0, 0, 0
74600, 1202218, 0, 0, 0
74700, 1194981, 0, 0, 0
74800, 1184915, 0, 0, 0
74900, 1199317, 0, 0, 0
75000, 1206986, 0, 0, 0
75100, 1198477, 0, 0, 0
75200, 1186344, 0, 0, 0
75300, 1181557, 0, 0, 0
75400, 1223819, 0, 0, 0
75500, 1196024, 0, 0, 0
75600, 1235705, 0, 0, 0
75700, 1197586, 0, 0, 0
75800, 1190655, 0, 0, 0
75900, 1224838, 0, 0, 0
76000, 1243989, 0, 0, 0
76100, 1246031, 0, 0, 0
76200, 1249311, 0, 0, 0
76300, 1243190, 0, 0, 0
76401, 1216982, 0, 0, 0
76500, 1209425, 0, 0, 0
76600, 1249321, 0, 0, 0
76700, 1195729, 0, 0, 0
76800, 1188438, 0, 0, 0
76900, 1214025, 0, 0, 0
77000, 1169884, 0, 0, 0
77100, 1172480, 0, 0, 0
77201, 1175062, 0, 0, 0
77300, 1199096, 0, 0, 0
77400, 1200971, 0, 0, 0
77500, 1184098, 0, 0, 0
77600, 1187339, 0, 0, 0
77700, 1160060, 0, 0, 0
77800, 1186936, 0, 0, 0
77900, 1205718, 0, 0, 0
78000, 1190475, 0, 0, 0
78100, 1204655, 0, 0, 0
78200, 1187485, 0, 0, 0
78300, 1263317, 0, 0, 0
78400, 1207452, 0, 0, 0
78500, 1161407, 0, 0, 0
78600, 1185684, 0, 0, 0
78700, 1186080, 0, 0, 0
78800, 1212777, 0, 0, 0
78900, 1246172, 0, 0, 0
79000, 1166027, 0, 0, 0
79100, 1193123, 0, 0, 0
79200, 1208996, 0, 0, 0
79300, 1159800, 0, 0, 0
79400, 1180554, 0, 0, 0
79500, 1202709, 0, 0, 0
79600, 1215661, 0, 0, 0
79700, 1185406, 0, 0, 0
79800, 1188759, 0, 0, 0
79900, 1167566, 0, 0, 0
80000, 1162483, 0, 0, 0
80100, 1188861, 0, 0, 0
80200, 1232058, 0, 0, 0
80300, 1202716, 0, 0, 0
80400, 1181064, 0, 0, 0
80500, 1223829, 0, 0, 0
80600, 1185425, 0, 0, 0
80700, 1177008, 0, 0, 0
80800, 1183040, 0, 0, 0
80900, 1181240, 0, 0, 0
81000, 1181283, 0, 0, 0
81100, 1200475, 0, 0, 0
81200, 1225576, 0, 0, 0
81300, 1201903, 0, 0, 0
81400, 1232075, 0, 0, 0
81500, 1203892, 0, 0, 0
81600, 1188330, 0, 0, 0
81700, 1196231, 0, 0, 0
81800, 1186892, 0, 0, 0
81900, 1197967, 0, 0, 0
82000, 1202429, 0, 0, 0
82100, 1210313, 0, 0, 0
82200, 1204356, 0, 0, 0
82300, 1235281, 0, 0, 0
82400, 1204091, 0, 0, 0
82500, 1168693, 0, 0, 0
82600, 1192670, 0, 0, 0
82700, 1234273, 0, 0, 0
82801, 1199400, 0, 0, 0
82900, 1160150, 0, 0, 0
83000, 1203222, 0, 0, 0
83100, 1174393, 0, 0, 0
83200, 1228003, 0, 0, 0
83300, 1227744, 0, 0, 0
83400, 1178865, 0, 0, 0
83500, 1192158, 0, 0, 0
83600, 1180339, 0, 0, 0
83700, 1195490, 0, 0, 0
83800, 1247706, 0, 0, 0
83900, 1234693, 0, 0, 0
84000, 1200209, 0, 0, 0
84100, 1234672, 0, 0, 0
84200, 1229888, 0, 0, 0
84300, 1167770, 0, 0, 0
84400, 1195277, 0, 0, 0
84500, 1185148, 0, 0, 0
84600, 1187222, 0, 0, 0
84700, 1228857, 0, 0, 0
84800, 1190187, 0, 0, 0
84900, 1201856, 0, 0, 0
85000, 1227203, 0, 0, 0
85100, 1200443, 0, 0, 0
85201, 1194107, 0, 0, 0
85300, 1153849, 0, 0, 0
85400, 1189308, 0, 0, 0
85500, 1221465, 0, 0, 0
85600, 1180096, 0, 0, 0
85700, 1200609, 0, 0, 0
85800, 1217477, 0, 0, 0
85900, 1204318, 0, 0, 0
86000, 1235946, 0, 0, 0
86100, 1234785, 0, 0, 0
86200, 1252848, 0, 0, 0
86300, 1187771, 0, 0, 0
86400, 1199131, 0, 0, 0
86500, 1185707, 0, 0, 0
86600, 1192731, 0, 0, 0
86700, 1186540, 0, 0, 0
86800, 1193738, 0, 0, 0
86900, 1199405, 0, 0, 0
87000, 1191773, 0, 0, 0
87100, 1234442, 0, 0, 0
87200, 1221181, 0, 0, 0
87300, 1241623, 0, 0, 0
87400, 1208130, 0, 0, 0
87500, 1189993, 0, 0, 0
87600, 1203114, 0, 0, 0
87700, 1193884, 0, 0, 0
87800, 1221961, 0, 0, 0
87900, 1224058, 0, 0, 0
88000, 1183179, 0, 0, 0
88100, 1197229, 0, 0, 0
88200, 1210720, 0, 0, 0
88300, 1180398, 0, 0, 0
88400, 1178832, 0, 0, 0
88500, 1197233, 0, 0, 0
88600, 1196571, 0, 0, 0
88700, 1214940, 0, 0, 0
88800, 1163280, 0, 0, 0
88900, 1174515, 0, 0, 0
89000, 1187258, 0, 0, 0
89100, 1187884, 0, 0, 0
89200, 1183161, 0, 0, 0
89300, 1177695, 0, 0, 0
89400, 1203939, 0, 0, 0
89500, 1206257, 0, 0, 0
89600, 1189126, 0, 0, 0
89700, 1220714, 0, 0, 0
89800, 1213197, 0, 0, 0
89900, 1167297, 0, 0, 0
90000, 1122473, 0, 0, 0
90000, 1109512, 0, 0, 0
