100, 3769586, 0, 0, 0
200, 4008129, 0, 0, 0
300, 4113721, 0, 0, 0
400, 4041865, 0, 0, 0
500, 3781282, 0, 0, 0
600, 3805491, 0, 0, 0
700, 3644434, 0, 0, 0
800, 3847447, 0, 0, 0
900, 3863655, 0, 0, 0
1000, 4204450, 0, 0, 0
1100, 3764983, 0, 0, 0
1200, 3637060, 0, 0, 0
1300, 4184870, 0, 0, 0
1400, 3960902, 0, 0, 0
1500, 3929830, 0, 0, 0
1600, 3765498, 0, 0, 0
1700, 3932854, 0, 0, 0
1800, 3917100, 0, 0, 0
1900, 3955139, 0, 0, 0
2000, 3795615, 0, 0, 0
2100, 3796295, 0, 0, 0
2200, 3859571, 0, 0, 0
2300, 3869137, 0, 0, 0
2400, 3867552, 0, 0, 0
2500, 3886429, 0, 0, 0
2600, 3850027, 0, 0, 0
2700, 3746132, 0, 0, 0
2800, 3682771, 0, 0, 0
2900, 3748526, 0, 0, 0
3000, 3859766, 0, 0, 0
3100, 4001036, 0, 0, 0
3200, 3835101, 0, 0, 0
3300, 4018789, 0, 0, 0
3400, 3928583, 0, 0, 0
3500, 3930615, 0, 0, 0
3600, 3676340, 0, 0, 0
3700, 3582399, 0, 0, 0
3800, 3762244, 0, 0, 0
3900, 3888289, 0, 0, 0
4000, 3774954, 0, 0, 0
4100, 3651337, 0, 0, 0
4200, 3747622, 0, 0, 0
4300, 3641905, 0, 0, 0
4400, 3775833, 0, 0, 0
4500, 3916514, 0, 0, 0
4600, 3804060, 0, 0, 0
4700, 3658729, 0, 0, 0
4800, 3858608, 0, 0, 0
4900, 3844296, 0, 0, 0
5000, 3809149, 0, 0, 0
5100, 3919820, 0, 0, 0
5200, 3861061, 0, 0, 0
5300, 3864253, 0, 0, 0
5400, 4019359, 0, 0, 0
5500, 3552139, 0, 0, 0
5600, 3756178, 0, 0, 0
5700, 3874881, 0, 0, 0
5800, 3525451, 0, 0, 0
5900, 3725400, 0, 0, 0
6000, 3746701, 0, 0, 0
6100, 3771392, 0, 0, 0
6200, 3667970, 0, 0, 0
6300, 3870426, 0, 0, 0
6400, 4093388, 0, 0, 0
6500, 3844630, 0, 0, 0
6600, 3704793, 0, 0, 0
6700, 3956702, 0, 0, 0
6800, 3826724, 0, 0, 0
6900, 4235808, 0, 0, 0
7000, 3579883, 0, 0, 0
7100, 3945100, 0, 0, 0
7200, 3962655, 0, 0, 0
7300, 3853899, 0, 0, 0
7400, 4046809, 0, 0, 0
7500, 4144399, 0, 0, 0
7600, 3646431, 0, 0, 0
7700, 4045159, 0, 0, 0
7800, 3729361, 0, 0, 0
7900, 3747265, 0, 0, 0
8000, 3930216, 0, 0, 0
8100, 3860858, 0, 0, 0
8200, 3776814, 0, 0, 0
8300, 4148958, 0, 0, 0
8400, 3876288, 0, 0, 0
8500, 3965982, 0, 0, 0
8600, 4011770, 0, 0, 0
8700, 4102351, 0, 0, 0
8800, 3731406, 0, 0, 0
8900, 3931482, 0, 0, 0
9000, 3872610, 0, 0, 0
9100, 3864786, 0, 0, 0
9200, 3797456, 0, 0, 0
9300, 3615936, 0, 0, 0
9400, 3844257, 0, 0, 0
9500, 3937052, 0, 0, 0
9600, 3660288, 0, 0, 0
9700, 3917624, 0, 0, 0
9800, 3796884, 0, 0, 0
9900, 3721561, 0, 0, 0
10000, 3851596, 0, 0, 0
10100, 3876534, 0, 0, 0
10200, 3804856, 0, 0, 0
10300, 3723190, 0, 0, 0
10400, 3807251, 0, 0, 0
10500, 3851956, 0, 0, 0
10600, 3922484, 0, 0, 0
10700, 3594762, 0, 0, 0
10800, 3719354, 0, 0, 0
10900, 3882767, 0, 0, 0
11000, 3758784, 0, 0, 0
11100, 3971679, 0, 0, 0
11200, 4118470, 0, 0, 0
11300, 3837860, 0, 0, 0
11400, 3806874, 0, 0, 0
11500, 3700004, 0, 0, 0
11600, 3876776, 0, 0, 0
11700, 3845494, 0, 0, 0
11800, 3712515, 0, 0, 0
11900, 3747601, 0, 0, 0
12000, 3791749, 0, 0, 0
12100, 4102703, 0, 0, 0
12200, 3729182, 0, 0, 0
12300, 3660803, 0, 0, 0
12400, 4324636, 0, 0, 0
12500, 3769403, 0, 0, 0
12600, 3860992, 0, 0, 0
12700, 3817535, 0, 0, 0
12800, 3775570, 0, 0, 0
12900, 3751354, 0, 0, 0
13000, 4006320, 0, 0, 0
13100, 3900629, 0, 0, 0
13200, 3779483, 0, 0, 0
13300, 3945561, 0, 0, 0
13400, 3979752, 0, 0, 0
13500, 3860065, 0, 0, 0
13600, 3831281, 0, 0, 0
13700, 3823360, 0, 0, 0
13800, 3817230, 0, 0, 0
13900, 3760582, 0, 0, 0
14000, 4002330, 0, 0, 0
14100, 3858151, 0, 0, 0
14200, 4205604, 0, 0, 0
14300, 3835347, 0, 0, 0
14400, 4112012, 0, 0, 0
14500, 3841474, 0, 0, 0
14600, 3965353, 0, 0, 0
14700, 3883353, 0, 0, 0
14800, 3992517, 0, 0, 0
14900, 3799813, 0, 0, 0
15000, 3825215, 0, 0, 0
15100, 4080168, 0, 0, 0
15200, 3880747, 0, 0, 0
15300, 3727017, 0, 0, 0
15400, 3771322, 0, 0, 0
15500, 3798735, 0, 0, 0
15600, 3755123, 0, 0, 0
15700, 3824559, 0, 0, 0
15800, 3779254, 0, 0, 0
15900, 4129425, 0, 0, 0
16000, 3813092, 0, 0, 0
16100, 3781188, 0, 0, 0
16200, 3590499, 0, 0, 0
16300, 3558007, 0, 0, 0
16400, 3756028, 0, 0, 0
16500, 3758214, 0, 0, 0
16600, 3779818, 0, 0, 0
16700, 3757482, 0, 0, 0
16800, 3754272, 0, 0, 0
16900, 3987993, 0, 0, 0
17000, 3975831, 0, 0, 0
17100, 3880484, 0, 0, 0
17200, 4024516, 0, 0, 0
17300, 3801416, 0, 0, 0
17400, 3720796, 0, 0, 0
17500, 3503698, 0, 0, 0
17600, 3857155, 0, 0, 0
17700, 3610942, 0, 0, 0
17800, 3902343, 0, 0, 0
17900, 3827558, 0, 0, 0
18000, 3892715, 0, 0, 0
18100, 3852198, 0, 0, 0
18200, 3803253, 0, 0, 0
18300, 3914629, 0, 0, 0
18400, 3573631, 0, 0, 0
18500, 3623204, 0, 0, 0
18600, 3824326, 0, 0, 0
18700, 3727467, 0, 0, 0
18800, 3891183, 0, 0, 0
18900, 3636098, 0, 0, 0
19000, 3832269, 0, 0, 0
19100, 3911967, 0, 0, 0
19200, 3896099, 0, 0, 0
19300, 3767602, 0, 0, 0
19400, 3589101, 0, 0, 0
19500, 3854163, 0, 0, 0
19600, 3863014, 0, 0, 0
19700, 3701334, 0, 0, 0
19800, 3536920, 0, 0, 0
19900, 3702505, 0, 0, 0
20000, 3739459, 0, 0, 0
20100, 4014348, 0, 0, 0
20200, 3748955, 0, 0, 0
20300, 3850513, 0, 0, 0
20400, 3767851, 0, 0, 0
20500, 4008344, 0, 0, 0
20600, 3688027, 0, 0, 0
20700, 3890172, 0, 0, 0
20800, 3593826, 0, 0, 0
20900, 3878839, 0, 0, 0
21000, 3754809, 0, 0, 0
21100, 3768849, 0, 0, 0
21200, 3567086, 0, 0, 0
21300, 3957917, 0, 0, 0
21400, 3849999, 0, 0, 0
21500, 3775376, 0, 0, 0
21600, 3789383, 0, 0, 0
21700, 3788838, 0, 0, 0
21800, 3777940, 0, 0, 0
21900, 3606847, 0, 0, 0
22000, 3705718, 0, 0, 0
22100, 3941362, 0, 0, 0
22200, 3717445, 0, 0, 0
22300, 3769794, 0, 0, 0
22400, 3959018, 0, 0, 0
22500, 3810965, 0, 0, 0
22600, 3704845, 0, 0, 0
22700, 3615682, 0, 0, 0
22800, 3645371, 0, 0, 0
22900, 3782988, 0, 0, 0
23000, 3620768, 0, 0, 0
23100, 3833247, 0, 0, 0
23200, 3871975, 0, 0, 0
23300, 3950748, 0, 0, 0
23400, 3761250, 0, 0, 0
23500, 3986144, 0, 0, 0
23600, 3787828, 0, 0, 0
23700, 3761040, 0, 0, 0
23800, 3758697, 0, 0, 0
23900, 3713154, 0, 0, 0
24000, 3863152, 0, 0, 0
24100, 3979884, 0, 0, 0
24200, 3672688, 0, 0, 0
24300, 3736698, 0, 0, 0
24400, 3919782, 0, 0, 0
24500, 3880098, 0, 0, 0
24600, 3636646, 0, 0, 0
24700, 3881484, 0, 0, 0
24800, 3843334, 0, 0, 0
24900, 3804284, 0, 0, 0
25000, 3859299, 0, 0, 0
25100, 3847807, 0, 0, 0
25200, 3874225, 0, 0, 0
25300, 3623848, 0, 0, 0
25400, 3729243, 0, 0, 0
25500, 3709012, 0, 0, 0
25600, 3984969, 0, 0, 0
25700, 3938403, 0, 0, 0
25800, 3850684, 0, 0, 0
25900, 3639393, 0, 0, 0
26000, 3723134, 0, 0, 0
26100, 3688945, 0, 0, 0
26200, 3705830, 0, 0, 0
26300, 3768321, 0, 0, 0
26400, 3698975, 0, 0, 0
26500, 3880056, 0, 0, 0
26600, 3552861, 0, 0, 0
26700, 3764015, 0, 0, 0
26800, 3712653, 0, 0, 0
26900, 3881592, 0, 0, 0
27000, 3751136, 0, 0, 0
27100, 3710027, 0, 0, 0
27200, 3691934, 0, 0, 0
27300, 3546894, 0, 0, 0
27400, 3658353, 0, 0, 0
27500, 3649657, 0, 0, 0
27600, 3562012, 0, 0, 0
27700, 3833976, 0, 0, 0
27800, 3661983, 0, 0, 0
27900, 3841856, 0, 0, 0
28000, 3547746, 0, 0, 0
28100, 3899214, 0, 0, 0
28200, 3683303, 0, 0, 0
28300, 3866449, 0, 0, 0
28400, 4065148, 0, 0, 0
28500, 3984020, 0, 0, 0
28600, 3835120, 0, 0, 0
28700, 3850777, 0, 0, 0
28800, 3997472, 0, 0, 0
28900, 3991324, 0, 0, 0
29000, 3805709, 0, 0, 0
29100, 3862734, 0, 0, 0
29200, 4023270, 0, 0, 0
29300, 3766645, 0, 0, 0
29400, 3835883, 0, 0, 0
29500, 3968238, 0, 0, 0
29600, 3828233, 0, 0, 0
29700, 3972037, 0, 0, 0
29800, 3505696, 0, 0, 0
29900, 3710336, 0, 0, 0
30000, 4027730, 0, 0, 0
30100, 3782159, 0, 0, 0
30200, 3917996, 0, 0, 0
30300, 3982498, 0, 0, 0
30400, 3837877, 0, 0, 0
30500, 3686887, 0, 0, 0
30600, 3846497, 0, 0, 0
30700, 3638396, 0, 0, 0
30800, 3728733, 0, 0, 0
30900, 3757379, 0, 0, 0
31000, 3800562, 0, 0, 0
31100, 3949922, 0, 0, 0
31200, 3821156, 0, 0, 0
31300, 4054938, 0, 0, 0
31400, 3916335, 0, 0, 0
31500, 3813448, 0, 0, 0
31600, 3746088, 0, 0, 0
31700, 3963088, 0, 0, 0
31800, 3801950, 0, 0, 0
31900, 3673722, 0, 0, 0
32000, 3749093, 0, 0, 0
32100, 3632213, 0, 0, 0
32200, 3843138, 0, 0, 0
32300, 3687760, 0, 0, 0
32400, 4065867, 0, 0, 0
32500, 4115376, 0, 0, 0
32600, 3746743, 0, 0, 0
32700, 3438664, 0, 0, 0
32800, 4114973, 0, 0, 0
32900, 3667832, 0, 0, 0
33000, 3796327, 0, 0, 0
33100, 3793096, 0, 0, 0
33200, 3741472, 0, 0, 0
33300, 3838414, 0, 0, 0
33400, 3870818, 0, 0, 0
33500, 3741144, 0, 0, 0
33600, 3803110, 0, 0, 0
33700, 3877467, 0, 0, 0
33800, 3941862, 0, 0, 0
33900, 3981179, 0, 0, 0
34000, 3691618, 0, 0, 0
34100, 3688910, 0, 0, 0
34200, 3343073, 0, 0, 0
34300, 3624370, 0, 0, 0
34400, 3762793, 0, 0, 0
34500, 3860810, 0, 0, 0
34600, 3735402, 0, 0, 0
34700, 3611244, 0, 0, 0
34800, 3923333, 0, 0, 0
34900, 3949170, 0, 0, 0
35000, 3938752, 0, 0, 0
35100, 3652297, 0, 0, 0
35200, 3704091, 0, 0, 0
35300, 3820990, 0, 0, 0
35400, 3718959, 0, 0, 0
35500, 3753588, 0, 0, 0
35600, 3906816, 0, 0, 0
35700, 3774288, 0, 0, 0
35800, 3757031, 0, 0, 0
35900, 3679507, 0, 0, 0
36000, 3739829, 0, 0, 0
36100, 3705818, 0, 0, 0
36200, 3792188, 0, 0, 0
36300, 3710341, 0, 0, 0
36400, 3787884, 0, 0, 0
36500, 3732089, 0, 0, 0
36600, 3766586, 0, 0, 0
36700, 3705308, 0, 0, 0
36800, 3850815, 0, 0, 0
36900, 3718946, 0, 0, 0
37000, 3600429, 0, 0, 0
37100, 3610750, 0, 0, 0
37200, 3971448, 0, 0, 0
37300, 3630848, 0, 0, 0
37400, 4006684, 0, 0, 0
37500, 3589104, 0, 0, 0
37600, 3807701, 0, 0, 0
37700, 3762827, 0, 0, 0
37800, 3765961, 0, 0, 0
37900, 3922856, 0, 0, 0
38000, 3546703, 0, 0, 0
38100, 3963372, 0, 0, 0
38200, 3907904, 0, 0, 0
38300, 3631551, 0, 0, 0
38400, 3839649, 0, 0, 0
38500, 3705726, 0, 0, 0
38600, 3856817, 0, 0, 0
38700, 3944133, 0, 0, 0
38800, 3614171, 0, 0, 0
38900, 3852608, 0, 0, 0
39000, 3917051, 0, 0, 0
39100, 3834882, 0, 0, 0
39200, 3862317, 0, 0, 0
39300, 4086711, 0, 0, 0
39400, 3863654, 0, 0, 0
39500, 3705055, 0, 0, 0
39600, 3996978, 0, 0, 0
39700, 3739217, 0, 0, 0
39800, 3718151, 0, 0, 0
39900, 3708371, 0, 0, 0
40000, 3791033, 0, 0, 0
40100, 3668822, 0, 0, 0
40200, 3873894, 0, 0, 0
40300, 3922431, 0, 0, 0
40400, 3781858, 0, 0, 0
40500, 3789819, 0, 0, 0
40600, 3718344, 0, 0, 0
40700, 3566304, 0, 0, 0
40800, 3795264, 0, 0, 0
40900, 3589609, 0, 0, 0
41000, 3521303, 0, 0, 0
41100, 3735346, 0, 0, 0
41200, 3712435, 0, 0, 0
41300, 3442213, 0, 0, 0
41400, 3590247, 0, 0, 0
41500, 3710600, 0, 0, 0
41600, 3790387, 0, 0, 0
41700, 3979481, 0, 0, 0
41800, 3476325, 0, 0, 0
41900, 3787968, 0, 0, 0
42000, 3662531, 0, 0, 0
42100, 3899720, 0, 0, 0
42200, 3576447, 0, 0, 0
42300, 4149248, 0, 0, 0
42400, 3546103, 0, 0, 0
42500, 3826754, 0, 0, 0
42600, 4009527, 0, 0, 0
42700, 3588529, 0, 0, 0
42800, 3626802, 0, 0, 0
42900, 3826969, 0, 0, 0
43000, 3837157, 0, 0, 0
43100, 3711330, 0, 0, 0
43200, 3560221, 0, 0, 0
43300, 3703780, 0, 0, 0
43400, 3634872, 0, 0, 0
43500, 3780432, 0, 0, 0
43600, 3636567, 0, 0, 0
43700, 3535721, 0, 0, 0
43800, 3572416, 0, 0, 0
43900, 3656055, 0, 0, 0
44000, 3525420, 0, 0, 0
44100, 3614760, 0, 0, 0
44200, 3732979, 0, 0, 0
44300, 4183128, 0, 0, 0
44400, 3774387, 0, 0, 0
44500, 4132227, 0, 0, 0
44600, 3980092, 0, 0, 0
44700, 3795127, 0, 0, 0
44800, 3662631, 0, 0, 0
44900, 3879745, 0, 0, 0
45000, 3795385, 0, 0, 0
45100, 3559955, 0, 0, 0
45200, 3804066, 0, 0, 0
45300, 3523840, 0, 0, 0
45400, 3680491, 0, 0, 0
45500, 3886096, 0, 0, 0
45600, 3805988, 0, 0, 0
45700, 3499803, 0, 0, 0
45800, 3815936, 0, 0, 0
45900, 3828916, 0, 0, 0
46000, 3596222, 0, 0, 0
46100, 3826098, 0, 0, 0
46200, 3685450, 0, 0, 0
46300, 3867273, 0, 0, 0
46400, 3711422, 0, 0, 0
46500, 3649812, 0, 0, 0
46600, 3990217, 0, 0, 0
46700, 3752070, 0, 0, 0
46800, 4080702, 0, 0, 0
46900, 3639045, 0, 0, 0
47000, 4420450, 0, 0, 0
47100, 3735268, 0, 0, 0
47200, 3620054, 0, 0, 0
47300, 3932416, 0, 0, 0
47400, 4128944, 0, 0, 0
47500, 3714257, 0, 0, 0
47600, 3824416, 0, 0, 0
47700, 3599062, 0, 0, 0
47800, 3927471, 0, 0, 0
47900, 3812140, 0, 0, 0
48000, 3976203, 0, 0, 0
48100, 3774316, 0, 0, 0
48200, 3579164, 0, 0, 0
48300, 3820985, 0, 0, 0
48400, 3920541, 0, 0, 0
48500, 3710455, 0, 0, 0
48600, 3927464, 0, 0, 0
48700, 3841347, 0, 0, 0
48800, 3942498, 0, 0, 0
48900, 3903230, 0, 0, 0
49000, 4016056, 0, 0, 0
49100, 3983842, 0, 0, 0
49200, 3730496, 0, 0, 0
49300, 3716641, 0, 0, 0
49400, 3897056, 0, 0, 0
49500, 3966221, 0, 0, 0
49600, 3979209, 0, 0, 0
49700, 3948922, 0, 0, 0
49800, 3821224, 0, 0, 0
49900, 3778077, 0, 0, 0
50000, 3945369, 0, 0, 0
50100, 4058506, 0, 0, 0
50200, 3829281, 0, 0, 0
50300, 3559938, 0, 0, 0
50400, 3790997, 0, 0, 0
50500, 3858092, 0, 0, 0
50600, 4012534, 0, 0, 0
50700, 3883721, 0, 0, 0
50800, 3512359, 0, 0, 0
50900, 3962463, 0, 0, 0
51000, 3825611, 0, 0, 0
51100, 3750142, 0, 0, 0
51200, 3569207, 0, 0, 0
51300, 3765295, 0, 0, 0
51400, 3786635, 0, 0, 0
51500, 3937674, 0, 0, 0
51600, 3637108, 0, 0, 0
51700, 3832428, 0, 0, 0
51800, 3755538, 0, 0, 0
51900, 3708205, 0, 0, 0
52000, 4036290, 0, 0, 0
52100, 3760811, 0, 0, 0
52200, 3781766, 0, 0, 0
52300, 3591220, 0, 0, 0
52400, 3913575, 0, 0, 0
52500, 3951251, 0, 0, 0
52600, 3830469, 0, 0, 0
52700, 3918229, 0, 0, 0
52800, 3674533, 0, 0, 0
52900, 3806547, 0, 0, 0
53000, 3844644, 0, 0, 0
53100, 3724772, 0, 0, 0
53200, 4272404, 0, 0, 0
53300, 3803468, 0, 0, 0
53400, 3685983, 0, 0, 0
53500, 4029954, 0, 0, 0
53600, 3845812, 0, 0, 0
53700, 3895683, 0, 0, 0
53800, 3865069, 0, 0, 0
53900, 3686771, 0, 0, 0
54000, 3694874, 0, 0, 0
54100, 3718498, 0, 0, 0
54200, 4319208, 0, 0, 0
54300, 3753211, 0, 0, 0
54400, 3793580, 0, 0, 0
54500, 3794446, 0, 0, 0
54600, 3799168, 0, 0, 0
54700, 3706307, 0, 0, 0
54800, 3707882, 0, 0, 0
54900, 4140128, 0, 0, 0
55000, 4173025, 0, 0, 0
55100, 3980648, 0, 0, 0
55200, 3927615, 0, 0, 0
55300, 3921845, 0, 0, 0
55400, 4132456, 0, 0, 0
55500, 3920832, 0, 0, 0
55600, 3678797, 0, 0, 0
55700, 3644368, 0, 0, 0
55800, 3805120, 0, 0, 0
55900, 3911615, 0, 0, 0
56000, 3912136, 0, 0, 0
56100, 3906684, 0, 0, 0
56200, 3810850, 0, 0, 0
56300, 3820703, 0, 0, 0
56400, 4095727, 0, 0, 0
56500, 3772048, 0, 0, 0
56600, 3919398, 0, 0, 0
56700, 3638136, 0, 0, 0
56800, 3806260, 0, 0, 0
56900, 3632281, 0, 0, 0
57000, 3957986, 0, 0, 0
57100, 4229464, 0, 0, 0
57200, 3872870, 0, 0, 0
57300, 3725886, 0, 0, 0
57400, 3737819, 0, 0, 0
57500, 3705258, 0, 0, 0
57600, 3798212, 0, 0, 0
57700, 3628737, 0, 0, 0
57800, 4041204, 0, 0, 0
57900, 3695399, 0, 0, 0
58000, 3711102, 0, 0, 0
58100, 4022280, 0, 0, 0
58200, 3850354, 0, 0, 0
58300, 3872387, 0, 0, 0
58400, 3720285, 0, 0, 0
58500, 3825530, 0, 0, 0
58600, 3825930, 0, 0, 0
58700, 4047945, 0, 0, 0
58800, 3871147, 0, 0, 0
58900, 3844755, 0, 0, 0
59000, 3981777, 0, 0, 0
59100, 3683444, 0, 0, 0
59200, 4003189, 0, 0, 0
59300, 3778511, 0, 0, 0
59400, 4033211, 0, 0, 0
59500, 3866526, 0, 0, 0
59600, 3996999, 0, 0, 0
59700, 3651694, 0, 0, 0
59800, 4092662, 0, 0, 0
59900, 3786548, 0, 0, 0
60000, 3981751, 0, 0, 0
60100, 4067302, 0, 0, 0
60200, 3964515, 0, 0, 0
60300, 3844928, 0, 0, 0
60400, 3627843, 0, 0, 0
60500, 3988744, 0, 0, 0
60600, 3792324, 0, 0, 0
60700, 3930861, 0, 0, 0
60800, 3870002, 0, 0, 0
60900, 3957927, 0, 0, 0
61000, 3661519, 0, 0, 0
61100, 3743955, 0, 0, 0
61200, 3934480, 0, 0, 0
61300, 3608660, 0, 0, 0
61400, 3865752, 0, 0, 0
61500, 4087691, 0, 0, 0
61600, 3988775, 0, 0, 0
61700, 4108487, 0, 0, 0
61800, 3940463, 0, 0, 0
61900, 4030674, 0, 0, 0
62000, 4384544, 0, 0, 0
62100, 3980174, 0, 0, 0
62200, 4144786, 0, 0, 0
62300, 3694207, 0, 0, 0
62400, 3922032, 0, 0, 0
62500, 3731442, 0, 0, 0
62600, 3766839, 0, 0, 0
62700, 3703355, 0, 0, 0
62800, 3899607, 0, 0, 0
62900, 3729022, 0, 0, 0
63000, 3793536, 0, 0, 0
63100, 3894810, 0, 0, 0
63200, 3707612, 0, 0, 0
63300, 3854479, 0, 0, 0
63400, 4045624, 0, 0, 0
63500, 3724428, 0, 0, 0
63600, 3857090, 0, 0, 0
63700, 4040697, 0, 0, 0
63800, 4007137, 0, 0, 0
63900, 3745253, 0, 0, 0
64000, 3737226, 0, 0, 0
64100, 3793355, 0, 0, 0
64200, 4002353, 0, 0, 0
64300, 4145574, 0, 0, 0
64400, 3874276, 0, 0, 0
64500, 4250006, 0, 0, 0
64600, 3694645, 0, 0, 0
64700, 3739356, 0, 0, 0
64800, 3787312, 0, 0, 0
64900, 3624791, 0, 0, 0
65000, 3758671, 0, 0, 0
65100, 3767825, 0, 0, 0
65200, 3813905, 0, 0, 0
65300, 3740380, 0, 0, 0
65400, 3842010, 0, 0, 0
65500, 3642873, 0, 0, 0
65600, 4018472, 0, 0, 0
65700, 3908295, 0, 0, 0
65800, 3858398, 0, 0, 0
65900, 4092874, 0, 0, 0
66000, 3872916, 0, 0, 0
66100, 3903774, 0, 0, 0
66200, 3747139, 0, 0, 0
66300, 3762163, 0, 0, 0
66400, 3947053, 0, 0, 0
66500, 3883842, 0, 0, 0
66600, 3840442, 0, 0, 0
66700, 3833019, 0, 0, 0
66800, 3914037, 0, 0, 0
66900, 3953654, 0, 0, 0
67000, 3825111, 0, 0, 0
67100, 3992323, 0, 0, 0
67200, 3828476, 0, 0, 0
67300, 3751802, 0, 0, 0
67400, 3720406, 0, 0, 0
67500, 3991055, 0, 0, 0
67600, 3766681, 0, 0, 0
67700, 4002879, 0, 0, 0
67800, 3607091, 0, 0, 0
67900, 3991679, 0, 0, 0
68000, 3844163, 0, 0, 0
68100, 4225425, 0, 0, 0
68200, 3862549, 0, 0, 0
68300, 3865696, 0, 0, 0
68400, 3838487, 0, 0, 0
68500, 3868999, 0, 0, 0
68600, 3930218, 0, 0, 0
68700, 3921477, 0, 0, 0
68800, 3979307, 0, 0, 0
68900, 3765099, 0, 0, 0
69000, 3868544, 0, 0, 0
69100, 3899798, 0, 0, 0
69200, 3918624, 0, 0, 0
69300, 3986858, 0, 0, 0
69400, 3821759, 0, 0, 0
69500, 3900428, 0, 0, 0
69600, 3968991, 0, 0, 0
69700, 3926878, 0, 0, 0
69800, 3819959, 0, 0, 0
69900, 3627597, 0, 0, 0
70000, 4003002, 0, 0, 0
70100, 3738596, 0, 0, 0
70200, 3702371, 0, 0, 0
70300, 3790990, 0, 0, 0
70400, 3859737, 0, 0, 0
70500, 3988416, 0, 0, 0
70600, 4247743, 0, 0, 0
70700, 3587784, 0, 0, 0
70800, 3933044, 0, 0, 0
70900, 3742917, 0, 0, 0
71000, 3888415, 0, 0, 0
71100, 3904350, 0, 0, 0
71200, 3916510, 0, 0, 0
71300, 3965736, 0, 0, 0
71400, 3588961, 0, 0, 0
71500, 3739165, 0, 0, 0
71600, 3712544, 0, 0, 0
71700, 3658013, 0, 0, 0
71800, 3774096, 0, 0, 0
71900, 3803710, 0, 0, 0
72000, 3809334, 0, 0, 0
72100, 3760724, 0, 0, 0
72200, 3800554, 0, 0, 0
72300, 4089046, 0, 0, 0
72400, 3736425, 0, 0, 0
72500, 3947537, 0, 0, 0
72600, 3858262, 0, 0, 0
72700, 3776802, 0, 0, 0
72800, 3935426, 0, 0, 0
72900, 3886705, 0, 0, 0
73000, 3958133, 0, 0, 0
73100, 3997810, 0, 0, 0
73200, 3853378, 0, 0, 0
73300, 3793002, 0, 0, 0
73400, 4176986, 0, 0, 0
73500, 3737333, 0, 0, 0
73600, 4148789, 0, 0, 0
73700, 4034091, 0, 0, 0
73800, 3819975, 0, 0, 0
73900, 3791697, 0, 0, 0
74000, 3625751, 0, 0, 0
74100, 3975166, 0, 0, 0
74200, 3746672, 0, 0, 0
74300, 3574710, 0, 0, 0
74400, 3768437, 0, 0, 0
74500, 3683530, 0, 0, 0
74600, 3809239, 0, 0, 0
74700, 4133279, 0, 0, 0
74800, 3872558, 0, 0, 0
74900, 3639479, 0, 0, 0
75000, 4096217, 0, 0, 0
75100, 3996841, 0, 0, 0
75200, 3880864, 0, 0, 0
75300, 3880938, 0, 0, 0
75400, 3762781, 0, 0, 0
75500, 3696773, 0, 0, 0
75600, 3764080, 0, 0, 0
75700, 3794559, 0, 0, 0
75800, 3565623, 0, 0, 0
75900, 3664406, 0, 0, 0
76000, 3904369, 0, 0, 0
76100, 3829314, 0, 0, 0
76200, 4049928, 0, 0, 0
76300, 3879679, 0, 0, 0
76400, 3745469, 0, 0, 0
76500, 3757246, 0, 0, 0
76600, 3703511, 0, 0, 0
76700, 3678035, 0, 0, 0
76800, 3857366, 0, 0, 0
76900, 3714808, 0, 0, 0
77000, 3729139, 0, 0, 0
77100, 3865163, 0, 0, 0
77200, 3573733, 0, 0, 0
77300, 3993528, 0, 0, 0
77400, 4121550, 0, 0, 0
77500, 3981560, 0, 0, 0
77600, 3796478, 0, 0, 0
77700, 3657180, 0, 0, 0
77800, 3921723, 0, 0, 0
77900, 3858801, 0, 0, 0
78000, 3756008, 0, 0, 0
78100, 3830387, 0, 0, 0
78200, 3743650, 0, 0, 0
78300, 3673240, 0, 0, 0
78400, 4023469, 0, 0, 0
78500, 3837383, 0, 0, 0
78600, 3885459, 0, 0, 0
78700, 4035761, 0, 0, 0
78800, 3768277, 0, 0, 0
78900, 3867941, 0, 0, 0
79000, 3962823, 0, 0, 0
79100, 4108542, 0, 0, 0
79200, 3506666, 0, 0, 0
79300, 3916811, 0, 0, 0
79400, 4090276, 0, 0, 0
79500, 3655290, 0, 0, 0
79600, 3762759, 0, 0, 0
79700, 3685027, 0, 0, 0
79800, 3647680, 0, 0, 0
79900, 3632206, 0, 0, 0
80000, 3609613, 0, 0, 0
80100, 3803794, 0, 0, 0
80200, 3661965, 0, 0, 0
80300, 3846479, 0, 0, 0
80400, 3898642, 0, 0, 0
80500, 4054876, 0, 0, 0
80600, 4080137, 0, 0, 0
80700, 4047110, 0, 0, 0
80800, 3714263, 0, 0, 0
80900, 3812247, 0, 0, 0
81000, 3876487, 0, 0, 0
81100, 3739176, 0, 0, 0
81200, 4471126, 0, 0, 0
81300, 3785239, 0, 0, 0
81400, 3919791, 0, 0, 0
81500, 4027808, 0, 0, 0
81600, 4018186, 0, 0, 0
81700, 3867386, 0, 0, 0
81800, 3764493, 0, 0, 0
81900, 4048002, 0, 0, 0
82000, 3894564, 0, 0, 0
82100, 4094426, 0, 0, 0
82200, 3863614, 0, 0, 0
82300, 3831488, 0, 0, 0
82400, 3717816, 0, 0, 0
82500, 3738189, 0, 0, 0
82600, 3697407, 0, 0, 0
82700, 4114116, 0, 0, 0
82800, 3949679, 0, 0, 0
82900, 3851146, 0, 0, 0
83000, 4077236, 0, 0, 0
83100, 3879597, 0, 0, 0
83200, 3857273, 0, 0, 0
83300, 3777608, 0, 0, 0
83400, 3824035, 0, 0, 0
83500, 3991343, 0, 0, 0
83600, 3806527, 0, 0, 0
83700, 3741205, 0, 0, 0
83800, 3736989, 0, 0, 0
83900, 3976480, 0, 0, 0
84000, 3965017, 0, 0, 0
84100, 3991184, 0, 0, 0
84200, 3585706, 0, 0, 0
84300, 4088675, 0, 0, 0
84400, 3938467, 0, 0, 0
84500, 3994228, 0, 0, 0
84600, 4030104, 0, 0, 0
84700, 3913314, 0, 0, 0
84800, 4007258, 0, 0, 0
84900, 3807037, 0, 0, 0
85000, 3549109, 0, 0, 0
85100, 3983283, 0, 0, 0
85200, 4022446, 0, 0, 0
85300, 3913630, 0, 0, 0
85400, 3935418, 0, 0, 0
85500, 3672084, 0, 0, 0
85600, 3892098, 0, 0, 0
85700, 3828458, 0, 0, 0
85800, 3680386, 0, 0, 0
85900, 3861125, 0, 0, 0
86000, 4159231, 0, 0, 0
86100, 3792267, 0, 0, 0
86200, 3892765, 0, 0, 0
86300, 3855528, 0, 0, 0
86400, 3971126, 0, 0, 0
86500, 3821821, 0, 0, 0
86600, 4079802, 0, 0, 0
86700, 3824612, 0, 0, 0
86800, 3897850, 0, 0, 0
86900, 3887108, 0, 0, 0
87000, 3751613, 0, 0, 0
87100, 3624530, 0, 0, 0
87200, 3697084, 0, 0, 0
87300, 3849268, 0, 0, 0
87400, 3929873, 0, 0, 0
87500, 3881376, 0, 0, 0
87600, 4226465, 0, 0, 0
87700, 3857444, 0, 0, 0
87800, 3815625, 0, 0, 0
87900, 4036651, 0, 0, 0
88000, 3906375, 0, 0, 0
88100, 3701699, 0, 0, 0
88200, 3824079, 0, 0, 0
88300, 3956578, 0, 0, 0
88400, 3922979, 0, 0, 0
88500, 3792577, 0, 0, 0
88600, 3973917, 0, 0, 0
88700, 4016106, 0, 0, 0
88800, 3631293, 0, 0, 0
88900, 4128503, 0, 0, 0
89000, 3898984, 0, 0, 0
89100, 3790666, 0, 0, 0
89200, 3862133, 0, 0, 0
89300, 3694008, 0, 0, 0
89400, 3636502, 0, 0, 0
89500, 3917942, 0, 0, 0
89600, 4062514, 0, 0, 0
89700, 3742701, 0, 0, 0
89800, 3632190, 0, 0, 0
89900, 3854142, 0, 0, 0
90000, 3625568, 0, 0, 0
90002, 4571272, 0, 0, 0
