250, 8264, 0, 0, 0
350, 8160, 0, 0, 0
450, 9520, 0, 0, 0
550, 11030, 0, 0, 0
650, 11300, 0, 0, 0
749, 6919, 0, 0, 0
849, 10140, 0, 0, 0
949, 9280, 0, 0, 0
1049, 9590, 0, 0, 0
1149, 9360, 0, 0, 0
1249, 11280, 0, 0, 0
1349, 10550, 0, 0, 0
1449, 10790, 0, 0, 0
1549, 7810, 0, 0, 0
1649, 8500, 0, 0, 0
1750, 8020, 0, 0, 0
1850, 10440, 0, 0, 0
1950, 10750, 0, 0, 0
2050, 10510, 0, 0, 0
2150, 10760, 0, 0, 0
2249, 10898, 0, 0, 0
2349, 8190, 0, 0, 0
2449, 10890, 0, 0, 0
2549, 9010, 0, 0, 0
2649, 10350, 0, 0, 0
2749, 11180, 0, 0, 0
2849, 9640, 0, 0, 0
2949, 7900, 0, 0, 0
3049, 7710, 0, 0, 0
3149, 7190, 0, 0, 0
3250, 6380, 0, 0, 0
3350, 10130, 0, 0, 0
3450, 10220, 0, 0, 0
3550, 7650, 0, 0, 0
3650, 9980, 0, 0, 0
3749, 10646, 0, 0, 0
3849, 8850, 0, 0, 0
3949, 4890, 0, 0, 0
4049, 7980, 0, 0, 0
4149, 10610, 0, 0, 0
4249, 11280, 0, 0, 0
4349, 10000, 0, 0, 0
4449, 7900, 0, 0, 0
4549, 8820, 0, 0, 0
4649, 6890, 0, 0, 0
4749, 10510, 0, 0, 0
4849, 10780, 0, 0, 0
4950, 11320, 0, 0, 0
5050, 7670, 0, 0, 0
5150, 10820, 0, 0, 0
5249, 10777, 0, 0, 0
5349, 7650, 0, 0, 0
5449, 7380, 0, 0, 0
5549, 8190, 0, 0, 0
5649, 9050, 0, 0, 0
5749, 9470, 0, 0, 0
5849, 10980, 0, 0, 0
5949, 10770, 0, 0, 0
6049, 10940, 0, 0, 0
6149, 10670, 0, 0, 0
6249, 10520, 0, 0, 0
6349, 10950, 0, 0, 0
6449, 10570, 0, 0, 0
6550, 9640, 0, 0, 0
6650, 6610, 0, 0, 0
6749, 5767, 0, 0, 0
6849, 10960, 0, 0, 0
6949, 10570, 0, 0, 0
7049, 9640, 0, 0, 0
7149, 11230, 0, 0, 0
7249, 10460, 0, 0, 0
7349, 10640, 0, 0, 0
7449, 10140, 0, 0, 0
7549, 6780, 0, 0, 0
7649, 9650, 0, 0, 0
7749, 9650, 0, 0, 0
7849, 8220, 0, 0, 0
7949, 11210, 0, 0, 0
8050, 11250, 0, 0, 0
8150, 10810, 0, 0, 0
8250, 11200, 0, 0, 0
8350, 10720, 0, 0, 0
8450, 6370, 0, 0, 0
8550, 9790, 0, 0, 0
8650, 8920, 0, 0, 0
8749, 9050, 0, 0, 0
8849, 11050, 0, 0, 0
8949, 9620, 0, 0, 0
9049, 10710, 0, 0, 0
9149, 9590, 0, 0, 0
9249, 5550, 0, 0, 0
9349, 9160, 0, 0, 0
9449, 11050, 0, 0, 0
9549, 8410, 0, 0, 0
9650, 8180, 0, 0, 0
9750, 9690, 0, 0, 0
9850, 10950, 0, 0, 0
9950, 9270, 0, 0, 0
10050, 9520, 0, 0, 0
10150, 8690, 0, 0, 0
10249, 3262, 0, 0, 0
10349, 9980, 0, 0, 0
10449, 8930, 0, 0, 0
10549, 10690, 0, 0, 0
10649, 11050, 0, 0, 0
10749, 10960, 0, 0, 0
10849, 8860, 0, 0, 0
10949, 10030, 0, 0, 0
11049, 6410, 0, 0, 0
11149, 10320, 0, 0, 0
11250, 11190, 0, 0, 0
11350, 11070, 0, 0, 0
11450, 10420, 0, 0, 0
11550, 10890, 0, 0, 0
11650, 10340, 0, 0, 0
11749, 6868, 0, 0, 0
11849, 7310, 0, 0, 0
11949, 8730, 0, 0, 0
12049, 11370, 0, 0, 0
12149, 10330, 0, 0, 0
12249, 8960, 0, 0, 0
12349, 9830, 0, 0, 0
12449, 9960, 0, 0, 0
12549, 10680, 0, 0, 0
12649, 9290, 0, 0, 0
12749, 8950, 0, 0, 0
12850, 11440, 0, 0, 0
12950, 10650, 0, 0, 0
13050, 9340, 0, 0, 0
13150, 11310, 0, 0, 0
13249, 11242, 0, 0, 0
13349, 11330, 0, 0, 0
13449, 10840, 0, 0, 0
13549, 10880, 0, 0, 0
13649, 7720, 0, 0, 0
13749, 9000, 0, 0, 0
13849, 10120, 0, 0, 0
13949, 11330, 0, 0, 0
14049, 10920, 0, 0, 0
14149, 11460, 0, 0, 0
14249, 10600, 0, 0, 0
14349, 8790, 0, 0, 0
14450, 11290, 0, 0, 0
14550, 10860, 0, 0, 0
14650, 10470, 0, 0, 0
14749, 9535, 0, 0, 0
14849, 10270, 0, 0, 0
14949, 9590, 0, 0, 0
15049, 7820, 0, 0, 0
15149, 7730, 0, 0, 0
15249, 4610, 0, 0, 0
15349, 7790, 0, 0, 0
15449, 6960, 0, 0, 0
15549, 10750, 0, 0, 0
15649, 11050, 0, 0, 0
15749, 10390, 0, 0, 0
15850, 10530, 0, 0, 0
15950, 5550, 0, 0, 0
16050, 10620, 0, 0, 0
16150, 10410, 0, 0, 0
16249, 7808, 0, 0, 0
16349, 8170, 0, 0, 0
16449, 4610, 0, 0, 0
16549, 5130, 0, 0, 0
16649, 10180, 0, 0, 0
16749, 8420, 0, 0, 0
16849, 10950, 0, 0, 0
16949, 10870, 0, 0, 0
17049, 10450, 0, 0, 0
17149, 10420, 0, 0, 0
17249, 9600, 0, 0, 0
17349, 10530, 0, 0, 0
17449, 9530, 0, 0, 0
17550, 10550, 0, 0, 0
17650, 11080, 0, 0, 0
17749, 11050, 0, 0, 0
17849, 10980, 0, 0, 0
17949, 9280, 0, 0, 0
18049, 8130, 0, 0, 0
18149, 9640, 0, 0, 0
18249, 7340, 0, 0, 0
18349, 10950, 0, 0, 0
18449, 10780, 0, 0, 0
18549, 9570, 0, 0, 0
18649, 10440, 0, 0, 0
18749, 10450, 0, 0, 0
18849, 9220, 0, 0, 0
18949, 11060, 0, 0, 0
19050, 4970, 0, 0, 0
19150, 7740, 0, 0, 0
19249, 10606, 0, 0, 0
19349, 11090, 0, 0, 0
19449, 10860, 0, 0, 0
19549, 10040, 0, 0, 0
19649, 10710, 0, 0, 0
19749, 11080, 0, 0, 0
19849, 10980, 0, 0, 0
19949, 9450, 0, 0, 0
20049, 11140, 0, 0, 0
20149, 11020, 0, 0, 0
20249, 10450, 0, 0, 0
20349, 10980, 0, 0, 0
20449, 10470, 0, 0, 0
20550, 9350, 0, 0, 0
20650, 10890, 0, 0, 0
20749, 4808, 0, 0, 0
20849, 10700, 0, 0, 0
20949, 7470, 0, 0, 0
21049, 5890, 0, 0, 0
21149, 8910, 0, 0, 0
21249, 9060, 0, 0, 0
21349, 9880, 0, 0, 0
21449, 7670, 0, 0, 0
21549, 5310, 0, 0, 0
21649, 10330, 0, 0, 0
21749, 6200, 0, 0, 0
21849, 5400, 0, 0, 0
21949, 7160, 0, 0, 0
22050, 10910, 0, 0, 0
22150, 11070, 0, 0, 0
22249, 8818, 0, 0, 0
22349, 3370, 0, 0, 0
22449, 9970, 0, 0, 0
22549, 7830, 0, 0, 0
22649, 7020, 0, 0, 0
22749, 8620, 0, 0, 0
22849, 9140, 0, 0, 0
22949, 7120, 0, 0, 0
23049, 10810, 0, 0, 0
23149, 5820, 0, 0, 0
23249, 7410, 0, 0, 0
23349, 7800, 0, 0, 0
23449, 7730, 0, 0, 0
23550, 8000, 0, 0, 0
23650, 11310, 0, 0, 0
23750, 11150, 0, 0, 0
23850, 10530, 0, 0, 0
23950, 11040, 0, 0, 0
24050, 11210, 0, 0, 0
24150, 9090, 0, 0, 0
24249, 6737, 0, 0, 0
24349, 10830, 0, 0, 0
24449, 8220, 0, 0, 0
24549, 6160, 0, 0, 0
24649, 8030, 0, 0, 0
24749, 7430, 0, 0, 0
24849, 8770, 0, 0, 0
24949, 6950, 0, 0, 0
25049, 9630, 0, 0, 0
25149, 8640, 0, 0, 0
25250, 8200, 0, 0, 0
25350, 9860, 0, 0, 0
25450, 10470, 0, 0, 0
25550, 7990, 0, 0, 0
25650, 8450, 0, 0, 0
25749, 5171, 0, 0, 0
25849, 10870, 0, 0, 0
25949, 10870, 0, 0, 0
26049, 8690, 0, 0, 0
26149, 6920, 0, 0, 0
26249, 9220, 0, 0, 0
26349, 8380, 0, 0, 0
26449, 10700, 0, 0, 0
26549, 9350, 0, 0, 0
26649, 10780, 0, 0, 0
26750, 7560, 0, 0, 0
26850, 10800, 0, 0, 0
26950, 11010, 0, 0, 0
27050, 9300, 0, 0, 0
27150, 6890, 0, 0, 0
27249, 10141, 0, 0, 0
27349, 11320, 0, 0, 0
27449, 4820, 0, 0, 0
27549, 5100, 0, 0, 0
27649, 10810, 0, 0, 0
27749, 7820, 0, 0, 0
27849, 7670, 0, 0, 0
27949, 7760, 0, 0, 0
28049, 9940, 0, 0, 0
28149, 10650, 0, 0, 0
28250, 10140, 0, 0, 0
28350, 11430, 0, 0, 0
28450, 10530, 0, 0, 0
28550, 11440, 0, 0, 0
28650, 7140, 0, 0, 0
28749, 10979, 0, 0, 0
28849, 11080, 0, 0, 0
28949, 10680, 0, 0, 0
29049, 11060, 0, 0, 0
29149, 10650, 0, 0, 0
29249, 10840, 0, 0, 0
29349, 7540, 0, 0, 0
29449, 9460, 0, 0, 0
29549, 8900, 0, 0, 0
29649, 10510, 0, 0, 0
29749, 9650, 0, 0, 0
29850, 10760, 0, 0, 0
29950, 10720, 0, 0, 0
30050, 9210, 0, 0, 0
30150, 11310, 0, 0, 0
30249, 6939, 0, 0, 0
30349, 10080, 0, 0, 0
30449, 6640, 0, 0, 0
30549, 11130, 0, 0, 0
30649, 10380, 0, 0, 0
30749, 10380, 0, 0, 0
30849, 10500, 0, 0, 0
30949, 10130, 0, 0, 0
31049, 10660, 0, 0, 0
31149, 8960, 0, 0, 0
31249, 10840, 0, 0, 0
31349, 10230, 0, 0, 0
31449, 9690, 0, 0, 0
31550, 10560, 0, 0, 0
31650, 10700, 0, 0, 0
31749, 10848, 0, 0, 0
31849, 5580, 0, 0, 0
31949, 8540, 0, 0, 0
32049, 7100, 0, 0, 0
32149, 9240, 0, 0, 0
32249, 9860, 0, 0, 0
32349, 7790, 0, 0, 0
32449, 10120, 0, 0, 0
32549, 11520, 0, 0, 0
32649, 10930, 0, 0, 0
32749, 8590, 0, 0, 0
32849, 6780, 0, 0, 0
32949, 10870, 0, 0, 0
33050, 11030, 0, 0, 0
33150, 6710, 0, 0, 0
33249, 7191, 0, 0, 0
33349, 7180, 0, 0, 0
33449, 6250, 0, 0, 0
33549, 11100, 0, 0, 0
33649, 10640, 0, 0, 0
33749, 7180, 0, 0, 0
33849, 11000, 0, 0, 0
33949, 10990, 0, 0, 0
34049, 5300, 0, 0, 0
34149, 7330, 0, 0, 0
34249, 10340, 0, 0, 0
34349, 11100, 0, 0, 0
34449, 6030, 0, 0, 0
34550, 5790, 0, 0, 0
34650, 10440, 0, 0, 0
34750, 10430, 0, 0, 0
34850, 4740, 0, 0, 0
34950, 7870, 0, 0, 0
35050, 10550, 0, 0, 0
35150, 10640, 0, 0, 0
35249, 7696, 0, 0, 0
35349, 8390, 0, 0, 0
35449, 9440, 0, 0, 0
35549, 10970, 0, 0, 0
35649, 10840, 0, 0, 0
35749, 11300, 0, 0, 0
35849, 10710, 0, 0, 0
35949, 11250, 0, 0, 0
36050, 10570, 0, 0, 0
36150, 10810, 0, 0, 0
36250, 7820, 0, 0, 0
36350, 6640, 0, 0, 0
36450, 10920, 0, 0, 0
36550, 11060, 0, 0, 0
36650, 10760, 0, 0, 0
36749, 11030, 0, 0, 0
36849, 10970, 0, 0, 0
36949, 8740, 0, 0, 0
37049, 10820, 0, 0, 0
37149, 10220, 0, 0, 0
37249, 10820, 0, 0, 0
37349, 11010, 0, 0, 0
37449, 10850, 0, 0, 0
37549, 10210, 0, 0, 0
37650, 10640, 0, 0, 0
37750, 10890, 0, 0, 0
37850, 9330, 0, 0, 0
37950, 6650, 0, 0, 0
38050, 6840, 0, 0, 0
38150, 5700, 0, 0, 0
38249, 8484, 0, 0, 0
38349, 8070, 0, 0, 0
38449, 9750, 0, 0, 0
38549, 7880, 0, 0, 0
38649, 11360, 0, 0, 0
38749, 10530, 0, 0, 0
38849, 10920, 0, 0, 0
38949, 10970, 0, 0, 0
39050, 11190, 0, 0, 0
39150, 11020, 0, 0, 0
39250, 10710, 0, 0, 0
39350, 10860, 0, 0, 0
39450, 9140, 0, 0, 0
39550, 10890, 0, 0, 0
39650, 10940, 0, 0, 0
39749, 11353, 0, 0, 0
39849, 10320, 0, 0, 0
39949, 11160, 0, 0, 0
40049, 10850, 0, 0, 0
40149, 11090, 0, 0, 0
40249, 11560, 0, 0, 0
40349, 10390, 0, 0, 0
40449, 7220, 0, 0, 0
40550, 8580, 0, 0, 0
40650, 8820, 0, 0, 0
40750, 10700, 0, 0, 0
40850, 10260, 0, 0, 0
40950, 10780, 0, 0, 0
41050, 10180, 0, 0, 0
41150, 10600, 0, 0, 0
41249, 9303, 0, 0, 0
41349, 11020, 0, 0, 0
41449, 8920, 0, 0, 0
41549, 9860, 0, 0, 0
41649, 7910, 0, 0, 0
41749, 7600, 0, 0, 0
41849, 7470, 0, 0, 0
41949, 10260, 0, 0, 0
42049, 10920, 0, 0, 0
42150, 7620, 0, 0, 0
42250, 9580, 0, 0, 0
42350, 10330, 0, 0, 0
42450, 8450, 0, 0, 0
42550, 10160, 0, 0, 0
42650, 10990, 0, 0, 0
42749, 11181, 0, 0, 0
42849, 6570, 0, 0, 0
42949, 6910, 0, 0, 0
43049, 11080, 0, 0, 0
43149, 11100, 0, 0, 0
43249, 8210, 0, 0, 0
43349, 9590, 0, 0, 0
43449, 11050, 0, 0, 0
43549, 10490, 0, 0, 0
43649, 11010, 0, 0, 0
43750, 11170, 0, 0, 0
43850, 10280, 0, 0, 0
43950, 9590, 0, 0, 0
44050, 11050, 0, 0, 0
44150, 9840, 0, 0, 0
44249, 8444, 0, 0, 0
44349, 10690, 0, 0, 0
44449, 11100, 0, 0, 0
44549, 8130, 0, 0, 0
44649, 8920, 0, 0, 0
44749, 6940, 0, 0, 0
44849, 8630, 0, 0, 0
44949, 11140, 0, 0, 0
45049, 10100, 0, 0, 0
45149, 9180, 0, 0, 0
45250, 9910, 0, 0, 0
45350, 6360, 0, 0, 0
45450, 10310, 0, 0, 0
45550, 7770, 0, 0, 0
45650, 10810, 0, 0, 0
45749, 11010, 0, 0, 0
45849, 6040, 0, 0, 0
45949, 10950, 0, 0, 0
46049, 11040, 0, 0, 0
46149, 10990, 0, 0, 0
46249, 10920, 0, 0, 0
46349, 5030, 0, 0, 0
46449, 11090, 0, 0, 0
46549, 10920, 0, 0, 0
46649, 11370, 0, 0, 0
46749, 9900, 0, 0, 0
46850, 5760, 0, 0, 0
46950, 8010, 0, 0, 0
47050, 6730, 0, 0, 0
47150, 10420, 0, 0, 0
47249, 7040, 0, 0, 0
47349, 9280, 0, 0, 0
47449, 10540, 0, 0, 0
47549, 10580, 0, 0, 0
47649, 10790, 0, 0, 0
47749, 11450, 0, 0, 0
47849, 11090, 0, 0, 0
47949, 9720, 0, 0, 0
48049, 7780, 0, 0, 0
48149, 8750, 0, 0, 0
48249, 7330, 0, 0, 0
48349, 4300, 0, 0, 0
48449, 6020, 0, 0, 0
48550, 10050, 0, 0, 0
48650, 8650, 0, 0, 0
48749, 10252, 0, 0, 0
48849, 11060, 0, 0, 0
48949, 10360, 0, 0, 0
49049, 11060, 0, 0, 0
49149, 10620, 0, 0, 0
49249, 8430, 0, 0, 0
49349, 8850, 0, 0, 0
49449, 10650, 0, 0, 0
49549, 10800, 0, 0, 0
49649, 10680, 0, 0, 0
49749, 7080, 0, 0, 0
49849, 10800, 0, 0, 0
49949, 8320, 0, 0, 0
50050, 7510, 0, 0, 0
50150, 6960, 0, 0, 0
50250, 7190, 0, 0, 0
50350, 9540, 0, 0, 0
50450, 8270, 0, 0, 0
50550, 7590, 0, 0, 0
50650, 11270, 0, 0, 0
50749, 9484, 0, 0, 0
50849, 8510, 0, 0, 0
50949, 10860, 0, 0, 0
51049, 10670, 0, 0, 0
51149, 8770, 0, 0, 0
51249, 10390, 0, 0, 0
51349, 10310, 0, 0, 0
51449, 5600, 0, 0, 0
51549, 7790, 0, 0, 0
51649, 5970, 0, 0, 0
51750, 7670, 0, 0, 0
51850, 11330, 0, 0, 0
51950, 11170, 0, 0, 0
52050, 7180, 0, 0, 0
52150, 10170, 0, 0, 0
52249, 10707, 0, 0, 0
52349, 10550, 0, 0, 0
52449, 9590, 0, 0, 0
52549, 8700, 0, 0, 0
52649, 10460, 0, 0, 0
52749, 8820, 0, 0, 0
52849, 4610, 0, 0, 0
52949, 10320, 0, 0, 0
53049, 8640, 0, 0, 0
53149, 5600, 0, 0, 0
53249, 9620, 0, 0, 0
53349, 9590, 0, 0, 0
53450, 8080, 0, 0, 0
53550, 8890, 0, 0, 0
53650, 9690, 0, 0, 0
53749, 7444, 0, 0, 0
53849, 6470, 0, 0, 0
53949, 6080, 0, 0, 0
54049, 9410, 0, 0, 0
54149, 10610, 0, 0, 0
54249, 11200, 0, 0, 0
54349, 10790, 0, 0, 0
54449, 10690, 0, 0, 0
54549, 10460, 0, 0, 0
54649, 10230, 0, 0, 0
54749, 11440, 0, 0, 0
54849, 11130, 0, 0, 0
54949, 9790, 0, 0, 0
55050, 8640, 0, 0, 0
55150, 10980, 0, 0, 0
55249, 8323, 0, 0, 0
55349, 11050, 0, 0, 0
55449, 10680, 0, 0, 0
55549, 10960, 0, 0, 0
55649, 10810, 0, 0, 0
55749, 10820, 0, 0, 0
55849, 10230, 0, 0, 0
55949, 9700, 0, 0, 0
56049, 8950, 0, 0, 0
56149, 6910, 0, 0, 0
56249, 10640, 0, 0, 0
56349, 9230, 0, 0, 0
56449, 3830, 0, 0, 0
56550, 9610, 0, 0, 0
56650, 10090, 0, 0, 0
56750, 9830, 0, 0, 0
56850, 10590, 0, 0, 0
56950, 9170, 0, 0, 0
57050, 8140, 0, 0, 0
57150, 10840, 0, 0, 0
57249, 10000, 0, 0, 0
57349, 8680, 0, 0, 0
57449, 8690, 0, 0, 0
57549, 7990, 0, 0, 0
57649, 7380, 0, 0, 0
57749, 10780, 0, 0, 0
57849, 10890, 0, 0, 0
57949, 8600, 0, 0, 0
58050, 9160, 0, 0, 0
58150, 9900, 0, 0, 0
58250, 10040, 0, 0, 0
58350, 9200, 0, 0, 0
58450, 11020, 0, 0, 0
58550, 10150, 0, 0, 0
58650, 7500, 0, 0, 0
58749, 10747, 0, 0, 0
58849, 10770, 0, 0, 0
58949, 6510, 0, 0, 0
59049, 9010, 0, 0, 0
59149, 10610, 0, 0, 0
59249, 9250, 0, 0, 0
59349, 10810, 0, 0, 0
59449, 10440, 0, 0, 0
59549, 11710, 0, 0, 0
59650, 9450, 0, 0, 0
59750, 10110, 0, 0, 0
59850, 7220, 0, 0, 0
59950, 5770, 0, 0, 0
60050, 8110, 0, 0, 0
60150, 6570, 0, 0, 0
60249, 10828, 0, 0, 0
60349, 10720, 0, 0, 0
60449, 10300, 0, 0, 0
60549, 10770, 0, 0, 0
60649, 10540, 0, 0, 0
60749, 8510, 0, 0, 0
60849, 8020, 0, 0, 0
60949, 11560, 0, 0, 0
61049, 11010, 0, 0, 0
61149, 10950, 0, 0, 0
61250, 9930, 0, 0, 0
61350, 9400, 0, 0, 0
61450, 10920, 0, 0, 0
61550, 9690, 0, 0, 0
61650, 8630, 0, 0, 0
61749, 5333, 0, 0, 0
61849, 10650, 0, 0, 0
61949, 7530, 0, 0, 0
62049, 10000, 0, 0, 0
62149, 8740, 0, 0, 0
62249, 2650, 0, 0, 0
62349, 5500, 0, 0, 0
62449, 8870, 0, 0, 0
62549, 7570, 0, 0, 0
62649, 10900, 0, 0, 0
62749, 11190, 0, 0, 0
62850, 10910, 0, 0, 0
62950, 8390, 0, 0, 0
63050, 7430, 0, 0, 0
63150, 10630, 0, 0, 0
63249, 9050, 0, 0, 0
63349, 7150, 0, 0, 0
63449, 8480, 0, 0, 0
63549, 6870, 0, 0, 0
63649, 8480, 0, 0, 0
63749, 6150, 0, 0, 0
63849, 8990, 0, 0, 0
63949, 10450, 0, 0, 0
64049, 9490, 0, 0, 0
64149, 8180, 0, 0, 0
64249, 5280, 0, 0, 0
64349, 10450, 0, 0, 0
64449, 9470, 0, 0, 0
64550, 11300, 0, 0, 0
64650, 10670, 0, 0, 0
64749, 10171, 0, 0, 0
64849, 10970, 0, 0, 0
64949, 10690, 0, 0, 0
65049, 10660, 0, 0, 0
65149, 11010, 0, 0, 0
65249, 10680, 0, 0, 0
65349, 7640, 0, 0, 0
65449, 3300, 0, 0, 0
65549, 8100, 0, 0, 0
65649, 7480, 0, 0, 0
65749, 10430, 0, 0, 0
65849, 10960, 0, 0, 0
65949, 10750, 0, 0, 0
66050, 11000, 0, 0, 0
66150, 10180, 0, 0, 0
66250, 8440, 0, 0, 0
66350, 6980, 0, 0, 0
66450, 10670, 0, 0, 0
66550, 10850, 0, 0, 0
66650, 11250, 0, 0, 0
66749, 10676, 0, 0, 0
66849, 11140, 0, 0, 0
66949, 10850, 0, 0, 0
67049, 11080, 0, 0, 0
67149, 5470, 0, 0, 0
67249, 6840, 0, 0, 0
67349, 11030, 0, 0, 0
67449, 10930, 0, 0, 0
67549, 10170, 0, 0, 0
67649, 10430, 0, 0, 0
67750, 11270, 0, 0, 0
67850, 9020, 0, 0, 0
67950, 10640, 0, 0, 0
68050, 10260, 0, 0, 0
68150, 10870, 0, 0, 0
68249, 8333, 0, 0, 0
68349, 11220, 0, 0, 0
68449, 9380, 0, 0, 0
68549, 10270, 0, 0, 0
68649, 6230, 0, 0, 0
68749, 7070, 0, 0, 0
68849, 8680, 0, 0, 0
68949, 10600, 0, 0, 0
69049, 9800, 0, 0, 0
69149, 6660, 0, 0, 0
69249, 7050, 0, 0, 0
69350, 10490, 0, 0, 0
69450, 10500, 0, 0, 0
69550, 5630, 0, 0, 0
69650, 10710, 0, 0, 0
69749, 10070, 0, 0, 0
69849, 11460, 0, 0, 0
69949, 6250, 0, 0, 0
70049, 9080, 0, 0, 0
70149, 10160, 0, 0, 0
70249, 8140, 0, 0, 0
70349, 8250, 0, 0, 0
70449, 4710, 0, 0, 0
70549, 3600, 0, 0, 0
70649, 7460, 0, 0, 0
70749, 9590, 0, 0, 0
70849, 10270, 0, 0, 0
70949, 9770, 0, 0, 0
71050, 10940, 0, 0, 0
71150, 10400, 0, 0, 0
71249, 10818, 0, 0, 0
71349, 10480, 0, 0, 0
71449, 10960, 0, 0, 0
71549, 6100, 0, 0, 0
71649, 8910, 0, 0, 0
71749, 10850, 0, 0, 0
71849, 8490, 0, 0, 0
71949, 10770, 0, 0, 0
72049, 10930, 0, 0, 0
72149, 8730, 0, 0, 0
72249, 5660, 0, 0, 0
72349, 10980, 0, 0, 0
72449, 10970, 0, 0, 0
72550, 10870, 0, 0, 0
72650, 11210, 0, 0, 0
72750, 10700, 0, 0, 0
72850, 6530, 0, 0, 0
72950, 10810, 0, 0, 0
73050, 10570, 0, 0, 0
73150, 9130, 0, 0, 0
73249, 9767, 0, 0, 0
73349, 9770, 0, 0, 0
73449, 8480, 0, 0, 0
73549, 10390, 0, 0, 0
73649, 10190, 0, 0, 0
73749, 9440, 0, 0, 0
73849, 10720, 0, 0, 0
73949, 8540, 0, 0, 0
74050, 10420, 0, 0, 0
74150, 7860, 0, 0, 0
74250, 10660, 0, 0, 0
74350, 10820, 0, 0, 0
74450, 11020, 0, 0, 0
74550, 10760, 0, 0, 0
74650, 10290, 0, 0, 0
74749, 8131, 0, 0, 0
74849, 9610, 0, 0, 0
74949, 10610, 0, 0, 0
75049, 7830, 0, 0, 0
75149, 4950, 0, 0, 0
75249, 4840, 0, 0, 0
75349, 9120, 0, 0, 0
75449, 9970, 0, 0, 0
75550, 5520, 0, 0, 0
75650, 8960, 0, 0, 0
75750, 9600, 0, 0, 0
75850, 8040, 0, 0, 0
75950, 5020, 0, 0, 0
76050, 10760, 0, 0, 0
76150, 7770, 0, 0, 0
76249, 10242, 0, 0, 0
76349, 10590, 0, 0, 0
76449, 10830, 0, 0, 0
76549, 11300, 0, 0, 0
76649, 10580, 0, 0, 0
76749, 7020, 0, 0, 0
76849, 10000, 0, 0, 0
76949, 10610, 0, 0, 0
77050, 6640, 0, 0, 0
77150, 4470, 0, 0, 0
77250, 10690, 0, 0, 0
77350, 11160, 0, 0, 0
77450, 10410, 0, 0, 0
77550, 10780, 0, 0, 0
77650, 10330, 0, 0, 0
77749, 6909, 0, 0, 0
77849, 10530, 0, 0, 0
77949, 9690, 0, 0, 0
78049, 10770, 0, 0, 0
78149, 10750, 0, 0, 0
78249, 8760, 0, 0, 0
78349, 6570, 0, 0, 0
78449, 11020, 0, 0, 0
78550, 9300, 0, 0, 0
78650, 6230, 0, 0, 0
78750, 7280, 0, 0, 0
78850, 10520, 0, 0, 0
78950, 10940, 0, 0, 0
79050, 7860, 0, 0, 0
79150, 10590, 0, 0, 0
79249, 10858, 0, 0, 0
79349, 7260, 0, 0, 0
79449, 5630, 0, 0, 0
79549, 10750, 0, 0, 0
79649, 10150, 0, 0, 0
79749, 9800, 0, 0, 0
79849, 10480, 0, 0, 0
79949, 11160, 0, 0, 0
80050, 11240, 0, 0, 0
80150, 10710, 0, 0, 0
80250, 9040, 0, 0, 0
80350, 4730, 0, 0, 0
80450, 10830, 0, 0, 0
80550, 11260, 0, 0, 0
80650, 10260, 0, 0, 0
80749, 10454, 0, 0, 0
80849, 10970, 0, 0, 0
80949, 11010, 0, 0, 0
81049, 9400, 0, 0, 0
81149, 11050, 0, 0, 0
81249, 10840, 0, 0, 0
81349, 10810, 0, 0, 0
81449, 9460, 0, 0, 0
81549, 10110, 0, 0, 0
81650, 6000, 0, 0, 0
81750, 10450, 0, 0, 0
81850, 10310, 0, 0, 0
81950, 10630, 0, 0, 0
82050, 10980, 0, 0, 0
82150, 10920, 0, 0, 0
82249, 9757, 0, 0, 0
82349, 3970, 0, 0, 0
82449, 8030, 0, 0, 0
82549, 8140, 0, 0, 0
82649, 8660, 0, 0, 0
82749, 11020, 0, 0, 0
82849, 3810, 0, 0, 0
82949, 9170, 0, 0, 0
83049, 9260, 0, 0, 0
83150, 9250, 0, 0, 0
83250, 8800, 0, 0, 0
83350, 5760, 0, 0, 0
83450, 10910, 0, 0, 0
83550, 11040, 0, 0, 0
83650, 10710, 0, 0, 0
83749, 10080, 0, 0, 0
83849, 11020, 0, 0, 0
83949, 10330, 0, 0, 0
84049, 8330, 0, 0, 0
84149, 7290, 0, 0, 0
84249, 10670, 0, 0, 0
84349, 10510, 0, 0, 0
84449, 9980, 0, 0, 0
84550, 10850, 0, 0, 0
84650, 11250, 0, 0, 0
84750, 11270, 0, 0, 0
84850, 11040, 0, 0, 0
84950, 10510, 0, 0, 0
85050, 11130, 0, 0, 0
85150, 10650, 0, 0, 0
85249, 7070, 0, 0, 0
85349, 11120, 0, 0, 0
85449, 10180, 0, 0, 0
85549, 7540, 0, 0, 0
85649, 7770, 0, 0, 0
85749, 10740, 0, 0, 0
85849, 10700, 0, 0, 0
85949, 10710, 0, 0, 0
86049, 10890, 0, 0, 0
86149, 8440, 0, 0, 0
86250, 10210, 0, 0, 0
86350, 8700, 0, 0, 0
86450, 11010, 0, 0, 0
86550, 11090, 0, 0, 0
86650, 11270, 0, 0, 0
86749, 10979, 0, 0, 0
86849, 5720, 0, 0, 0
86949, 6440, 0, 0, 0
87049, 10380, 0, 0, 0
87149, 8620, 0, 0, 0
87249, 10630, 0, 0, 0
87349, 10750, 0, 0, 0
87449, 8610, 0, 0, 0
87549, 10030, 0, 0, 0
87649, 9840, 0, 0, 0
87750, 10630, 0, 0, 0
87850, 9780, 0, 0, 0
87950, 7300, 0, 0, 0
88050, 11010, 0, 0, 0
88150, 9700, 0, 0, 0
88249, 10656, 0, 0, 0
88349, 9370, 0, 0, 0
88449, 9720, 0, 0, 0
88549, 11010, 0, 0, 0
88649, 11120, 0, 0, 0
88749, 8640, 0, 0, 0
88849, 6370, 0, 0, 0
88949, 10660, 0, 0, 0
89049, 10230, 0, 0, 0
89149, 10680, 0, 0, 0
89250, 10510, 0, 0, 0
89350, 7760, 0, 0, 0
89450, 9760, 0, 0, 0
89550, 9920, 0, 0, 0
89650, 9070, 0, 0, 0
89749, 7151, 0, 0, 0
89849, 7270, 0, 0, 0
89949, 6610, 0, 0, 0
