100, 4281499, 0, 0, 0
200, 3881211, 0, 0, 0
301, 3407021, 0, 0, 0
401, 4208051, 0, 0, 0
500, 3674160, 0, 0, 0
600, 3532925, 0, 0, 0
701, 3412321, 0, 0, 0
801, 5220892, 0, 0, 0
900, 4109807, 0, 0, 0
1000, 3783168, 0, 0, 0
1101, 4273461, 0, 0, 0
1200, 4112410, 0, 0, 0
1301, 4395068, 0, 0, 0
1400, 3824742, 0, 0, 0
1501, 3871170, 0, 0, 0
1600, 3875429, 0, 0, 0
1702, 3873451, 0, 0, 0
1800, 3993308, 0, 0, 0
1900, 3988754, 0, 0, 0
2000, 4056819, 0, 0, 0
2100, 3891687, 0, 0, 0
2200, 4502507, 0, 0, 0
2300, 5086056, 0, 0, 0
2400, 4113603, 0, 0, 0
2500, 4201772, 0, 0, 0
2600, 4136922, 0, 0, 0
2701, 4165476, 0, 0, 0
2800, 3650895, 0, 0, 0
2901, 5525018, 0, 0, 0
3000, 4197888, 0, 0, 0
3100, 3837357, 0, 0, 0
3200, 4874180, 0, 0, 0
3302, 4476078, 0, 0, 0
3400, 4700377, 0, 0, 0
3500, 3544480, 0, 0, 0
3600, 3982667, 0, 0, 0
3700, 4065137, 0, 0, 0
3800, 4072265, 0, 0, 0
3900, 5017306, 0, 0, 0
4000, 3605195, 0, 0, 0
4100, 3754855, 0, 0, 0
4200, 4594467, 0, 0, 0
4300, 3902111, 0, 0, 0
4402, 4488804, 0, 0, 0
4501, 3697550, 0, 0, 0
4601, 3716724, 0, 0, 0
4700, 3986751, 0, 0, 0
4800, 3880014, 0, 0, 0
4900, 4399940, 0, 0, 0
5000, 4400891, 0, 0, 0
5100, 4262260, 0, 0, 0
5200, 3534519, 0, 0, 0
5301, 3999332, 0, 0, 0
5400, 3550501, 0, 0, 0
5500, 4052694, 0, 0, 0
5600, 3724384, 0, 0, 0
5700, 4113090, 0, 0, 0
5800, 4239002, 0, 0, 0
5900, 3739118, 0, 0, 0
6002, 4048262, 0, 0, 0
6101, 4617384, 0, 0, 0
6201, 4818696, 0, 0, 0
6300, 3859275, 0, 0, 0
6400, 3596737, 0, 0, 0
6500, 3903120, 0, 0, 0
6601, 3929083, 0, 0, 0
6700, 4084246, 0, 0, 0
6801, 3636665, 0, 0, 0
6900, 3625023, 0, 0, 0
7000, 3597530, 0, 0, 0
7100, 3680196, 0, 0, 0
7200, 3992816, 0, 0, 0
7302, 3914872, 0, 0, 0
7400, 5275481, 0, 0, 0
7504, 3858673, 0, 0, 0
7600, 4054897, 0, 0, 0
7700, 3727724, 0, 0, 0
7801, 3660962, 0, 0, 0
7900, 3876922, 0, 0, 0
8000, 4004446, 0, 0, 0
8100, 3764829, 0, 0, 0
8200, 3842876, 0, 0, 0
8300, 3658831, 0, 0, 0
8400, 4808251, 0, 0, 0
8501, 4133539, 0, 0, 0
8600, 3725657, 0, 0, 0
8702, 4447657, 0, 0, 0
8800, 3921448, 0, 0, 0
8900, 3281415, 0, 0, 0
9000, 4963101, 0, 0, 0
9100, 4604601, 0, 0, 0
9201, 4606930, 0, 0, 0
9300, 3843830, 0, 0, 0
9400, 4869559, 0, 0, 0
9501, 6450160, 0, 0, 0
9600, 4070753, 0, 0, 0
9700, 5054765, 0, 0, 0
9800, 3780477, 0, 0, 0
9901, 3654356, 0, 0, 0
10001, 3859906, 0, 0, 0
10102, 4220949, 0, 0, 0
10201, 4344585, 0, 0, 0
10300, 4890923, 0, 0, 0
10400, 3546213, 0, 0, 0
10500, 3915122, 0, 0, 0
10601, 4025280, 0, 0, 0
10701, 3838682, 0, 0, 0
10801, 4471696, 0, 0, 0
10904, 4014103, 0, 0, 0
11000, 3918163, 0, 0, 0
11101, 3465855, 0, 0, 0
11203, 4233982, 0, 0, 0
11300, 3850171, 0, 0, 0
11400, 3556346, 0, 0, 0
11500, 3946974, 0, 0, 0
11600, 4592522, 0, 0, 0
11700, 4876273, 0, 0, 0
11801, 4988162, 0, 0, 0
11900, 6068731, 0, 0, 0
12002, 3969522, 0, 0, 0
12101, 3810036, 0, 0, 0
12200, 4590800, 0, 0, 0
12300, 4179287, 0, 0, 0
12400, 4048021, 0, 0, 0
12500, 4044990, 0, 0, 0
12601, 4019115, 0, 0, 0
12701, 4209025, 0, 0, 0
12801, 3727360, 0, 0, 0
12900, 3953374, 0, 0, 0
13001, 4607132, 0, 0, 0
13102, 3908605, 0, 0, 0
13200, 3450352, 0, 0, 0
13300, 3891102, 0, 0, 0
13400, 3869516, 0, 0, 0
13502, 3664565, 0, 0, 0
13600, 4064243, 0, 0, 0
13703, 3936171, 0, 0, 0
13801, 4354384, 0, 0, 0
13900, 4579985, 0, 0, 0
14000, 4745123, 0, 0, 0
14102, 3559864, 0, 0, 0
14200, 6122566, 0, 0, 0
14300, 3950148, 0, 0, 0
14400, 4060730, 0, 0, 0
14500, 3800206, 0, 0, 0
14600, 4226000, 0, 0, 0
14700, 3897978, 0, 0, 0
14800, 3759647, 0, 0, 0
14900, 4274262, 0, 0, 0
15000, 3552446, 0, 0, 0
15100, 3690514, 0, 0, 0
15201, 4516303, 0, 0, 0
15300, 3907949, 0, 0, 0
15400, 3415108, 0, 0, 0
15500, 3505688, 0, 0, 0
15600, 3374984, 0, 0, 0
15702, 3522039, 0, 0, 0
15800, 3922064, 0, 0, 0
15901, 3892717, 0, 0, 0
16000, 4621114, 0, 0, 0
16100, 4194484, 0, 0, 0
16201, 3508893, 0, 0, 0
16300, 3768654, 0, 0, 0
16401, 4071609, 0, 0, 0
16500, 5379378, 0, 0, 0
16600, 3943534, 0, 0, 0
16700, 3594815, 0, 0, 0
16803, 3902881, 0, 0, 0
16900, 4170820, 0, 0, 0
17000, 4290557, 0, 0, 0
17100, 4296786, 0, 0, 0
17200, 3939680, 0, 0, 0
17301, 3682516, 0, 0, 0
17402, 3594022, 0, 0, 0
17501, 5531625, 0, 0, 0
17600, 4257147, 0, 0, 0
17700, 3967692, 0, 0, 0
17800, 3700573, 0, 0, 0
17900, 4159894, 0, 0, 0
18001, 3944056, 0, 0, 0
18100, 3625135, 0, 0, 0
18200, 3808095, 0, 0, 0
18301, 4459956, 0, 0, 0
18400, 3989838, 0, 0, 0
18500, 4212362, 0, 0, 0
18600, 3589369, 0, 0, 0
18703, 4808992, 0, 0, 0
18800, 5240960, 0, 0, 0
18900, 5880232, 0, 0, 0
19000, 4317129, 0, 0, 0
19100, 4035384, 0, 0, 0
19200, 3471051, 0, 0, 0
19300, 4216576, 0, 0, 0
19400, 3963002, 0, 0, 0
19500, 3942438, 0, 0, 0
19600, 4092364, 0, 0, 0
19700, 4106699, 0, 0, 0
19800, 3746139, 0, 0, 0
19901, 3767266, 0, 0, 0
20000, 4059871, 0, 0, 0
20103, 3759782, 0, 0, 0
20200, 4158016, 0, 0, 0
20300, 4026186, 0, 0, 0
20400, 4227569, 0, 0, 0
20504, 4477746, 0, 0, 0
20601, 5242650, 0, 0, 0
20700, 4367548, 0, 0, 0
20800, 3626147, 0, 0, 0
20900, 3403328, 0, 0, 0
21000, 4043595, 0, 0, 0
21101, 3818661, 0, 0, 0
21200, 3991047, 0, 0, 0
21300, 4553411, 0, 0, 0
21400, 3698417, 0, 0, 0
21500, 3785492, 0, 0, 0
21600, 4076694, 0, 0, 0
21701, 4002105, 0, 0, 0
21800, 3962685, 0, 0, 0
21901, 3966359, 0, 0, 0
22004, 5034189, 0, 0, 0
22100, 4574272, 0, 0, 0
22200, 5916910, 0, 0, 0
22300, 3738413, 0, 0, 0
22401, 3645382, 0, 0, 0
22500, 5095489, 0, 0, 0
22602, 3851357, 0, 0, 0
22701, 4183083, 0, 0, 0
22800, 3670901, 0, 0, 0
22900, 4101969, 0, 0, 0
23000, 4463366, 0, 0, 0
23100, 3791467, 0, 0, 0
23201, 4118696, 0, 0, 0
23300, 3704638, 0, 0, 0
23400, 5255912, 0, 0, 0
23502, 3967519, 0, 0, 0
23600, 4403721, 0, 0, 0
23700, 3995194, 0, 0, 0
23800, 5366386, 0, 0, 0
23900, 3469001, 0, 0, 0
24000, 3733419, 0, 0, 0
24100, 4641677, 0, 0, 0
24200, 3706032, 0, 0, 0
24301, 3833352, 0, 0, 0
24400, 3753611, 0, 0, 0
24500, 3673424, 0, 0, 0
24600, 3744609, 0, 0, 0
24701, 3639109, 0, 0, 0
24800, 3537815, 0, 0, 0
24900, 3668148, 0, 0, 0
25000, 4162681, 0, 0, 0
25101, 4282809, 0, 0, 0
25200, 4515322, 0, 0, 0
25300, 5025638, 0, 0, 0
25402, 4054926, 0, 0, 0
25501, 4037493, 0, 0, 0
25600, 3938638, 0, 0, 0
25700, 3900932, 0, 0, 0
25800, 3968230, 0, 0, 0
25900, 4354560, 0, 0, 0
26000, 4134106, 0, 0, 0
26100, 3864367, 0, 0, 0
26201, 4096838, 0, 0, 0
26301, 4719407, 0, 0, 0
26400, 3972581, 0, 0, 0
26500, 3912217, 0, 0, 0
26600, 4702969, 0, 0, 0
26703, 4645134, 0, 0, 0
26800, 4205705, 0, 0, 0
26901, 4324819, 0, 0, 0
27000, 4032280, 0, 0, 0
27100, 4423882, 0, 0, 0
27200, 3884547, 0, 0, 0
27301, 3566018, 0, 0, 0
27400, 3674178, 0, 0, 0
27500, 4050067, 0, 0, 0
27602, 4308583, 0, 0, 0
27701, 4121896, 0, 0, 0
27801, 4784866, 0, 0, 0
27901, 3779421, 0, 0, 0
28000, 3534494, 0, 0, 0
28101, 3810623, 0, 0, 0
28202, 4193791, 0, 0, 0
28300, 4247705, 0, 0, 0
28400, 3479417, 0, 0, 0
28501, 4222519, 0, 0, 0
28600, 4562804, 0, 0, 0
28700, 3445662, 0, 0, 0
28801, 4492613, 0, 0, 0
28900, 3616066, 0, 0, 0
29001, 3401107, 0, 0, 0
29100, 5038050, 0, 0, 0
29201, 3857331, 0, 0, 0
29301, 3653489, 0, 0, 0
29400, 4279343, 0, 0, 0
29501, 4621064, 0, 0, 0
29605, 4151300, 0, 0, 0
29701, 3741684, 0, 0, 0
29800, 3708741, 0, 0, 0
29900, 3733747, 0, 0, 0
30000, 3121446, 0, 0, 0
30100, 3550232, 0, 0, 0
30200, 3604195, 0, 0, 0
30303, 3502698, 0, 0, 0
30400, 4667646, 0, 0, 0
30500, 3757162, 0, 0, 0
30600, 4333070, 0, 0, 0
30700, 4039110, 0, 0, 0
30800, 3979009, 0, 0, 0
30901, 3886501, 0, 0, 0
31000, 4107730, 0, 0, 0
31100, 3380014, 0, 0, 0
31202, 4334570, 0, 0, 0
31300, 3761776, 0, 0, 0
31402, 4095522, 0, 0, 0
31500, 3725914, 0, 0, 0
31601, 4895323, 0, 0, 0
31701, 4886536, 0, 0, 0
31801, 3901839, 0, 0, 0
31900, 3586571, 0, 0, 0
32000, 3581357, 0, 0, 0
32102, 4013576, 0, 0, 0
32201, 4076944, 0, 0, 0
32300, 5901780, 0, 0, 0
32401, 4356379, 0, 0, 0
32500, 4414382, 0, 0, 0
32600, 3899841, 0, 0, 0
32700, 3438427, 0, 0, 0
32800, 3711710, 0, 0, 0
32901, 3659884, 0, 0, 0
33001, 3428737, 0, 0, 0
33101, 3263272, 0, 0, 0
33200, 3566939, 0, 0, 0
33300, 4027041, 0, 0, 0
33401, 3754504, 0, 0, 0
33500, 3772475, 0, 0, 0
33601, 4045744, 0, 0, 0
33700, 4325238, 0, 0, 0
33800, 3681501, 0, 0, 0
33901, 4355311, 0, 0, 0
34000, 4696126, 0, 0, 0
34100, 3574523, 0, 0, 0
34202, 4131371, 0, 0, 0
34301, 3921639, 0, 0, 0
34400, 3434480, 0, 0, 0
34500, 4295353, 0, 0, 0
34600, 3451894, 0, 0, 0
34702, 4590333, 0, 0, 0
34800, 4139601, 0, 0, 0
34900, 4115060, 0, 0, 0
35002, 4155412, 0, 0, 0
35101, 3835338, 0, 0, 0
35200, 3492790, 0, 0, 0
35301, 3792401, 0, 0, 0
35400, 3607685, 0, 0, 0
35500, 3967469, 0, 0, 0
35600, 3876022, 0, 0, 0
35700, 4044429, 0, 0, 0
35801, 4374218, 0, 0, 0
35900, 3872467, 0, 0, 0
36000, 3633987, 0, 0, 0
36100, 3896703, 0, 0, 0
36200, 4663552, 0, 0, 0
36302, 4101771, 0, 0, 0
36400, 4062677, 0, 0, 0
36501, 4573172, 0, 0, 0
36600, 4459774, 0, 0, 0
36700, 4045949, 0, 0, 0
36800, 4286277, 0, 0, 0
36901, 3389544, 0, 0, 0
37000, 3581035, 0, 0, 0
37101, 4562718, 0, 0, 0
37201, 4529428, 0, 0, 0
37300, 4287019, 0, 0, 0
37401, 4428579, 0, 0, 0
37501, 5905317, 0, 0, 0
37600, 3944149, 0, 0, 0
37701, 3546104, 0, 0, 0
37800, 3989098, 0, 0, 0
37900, 3628415, 0, 0, 0
38000, 3412264, 0, 0, 0
38100, 4089007, 0, 0, 0
38201, 3674983, 0, 0, 0
38300, 3647159, 0, 0, 0
38400, 3810800, 0, 0, 0
38500, 3646874, 0, 0, 0
38600, 4326623, 0, 0, 0
38700, 3407470, 0, 0, 0
38800, 3993086, 0, 0, 0
38901, 5026083, 0, 0, 0
39001, 4108986, 0, 0, 0
39101, 4566744, 0, 0, 0
39203, 3514961, 0, 0, 0
39301, 4487420, 0, 0, 0
39400, 4572877, 0, 0, 0
39500, 4503360, 0, 0, 0
39601, 4160094, 0, 0, 0
39701, 3862141, 0, 0, 0
39800, 3792360, 0, 0, 0
39901, 3700081, 0, 0, 0
40000, 4108645, 0, 0, 0
40100, 4215319, 0, 0, 0
40200, 3808834, 0, 0, 0
40301, 4257166, 0, 0, 0
40400, 4036446, 0, 0, 0
40501, 3353922, 0, 0, 0
40600, 4493628, 0, 0, 0
40700, 4386803, 0, 0, 0
40800, 3787651, 0, 0, 0
40900, 4065025, 0, 0, 0
41000, 4201216, 0, 0, 0
41100, 3754998, 0, 0, 0
41200, 4283656, 0, 0, 0
41300, 4589253, 0, 0, 0
41400, 3587038, 0, 0, 0
41500, 4029834, 0, 0, 0
41601, 3575568, 0, 0, 0
41700, 4066292, 0, 0, 0
41800, 4485801, 0, 0, 0
41900, 3961628, 0, 0, 0
42000, 3948572, 0, 0, 0
42100, 3736635, 0, 0, 0
42200, 4055285, 0, 0, 0
42300, 4704516, 0, 0, 0
42401, 4277447, 0, 0, 0
42501, 4405407, 0, 0, 0
42601, 3974381, 0, 0, 0
42700, 3307301, 0, 0, 0
42802, 3893372, 0, 0, 0
42901, 3768809, 0, 0, 0
43000, 4333431, 0, 0, 0
43101, 3761895, 0, 0, 0
43201, 3944881, 0, 0, 0
43300, 4007859, 0, 0, 0
43401, 3954674, 0, 0, 0
43502, 4956710, 0, 0, 0
43602, 4804616, 0, 0, 0
43700, 3422281, 0, 0, 0
43800, 3652857, 0, 0, 0
43901, 3629401, 0, 0, 0
44000, 3723161, 0, 0, 0
44100, 4003787, 0, 0, 0
44200, 4192159, 0, 0, 0
44300, 3644160, 0, 0, 0
44400, 3917397, 0, 0, 0
44500, 3445844, 0, 0, 0
44601, 4422471, 0, 0, 0
44701, 4207833, 0, 0, 0
44800, 4091114, 0, 0, 0
44900, 3578721, 0, 0, 0
45007, 5606591, 0, 0, 0
45100, 3922577, 0, 0, 0
45200, 4661914, 0, 0, 0
45301, 4404255, 0, 0, 0
45401, 3837264, 0, 0, 0
45500, 3859091, 0, 0, 0
45604, 3619141, 0, 0, 0
45700, 3566493, 0, 0, 0
45801, 4093796, 0, 0, 0
45900, 3946614, 0, 0, 0
46001, 3666534, 0, 0, 0
46100, 3663060, 0, 0, 0
46200, 4360017, 0, 0, 0
46300, 4313439, 0, 0, 0
46400, 3935911, 0, 0, 0
46500, 4300590, 0, 0, 0
46600, 3962355, 0, 0, 0
46700, 3426454, 0, 0, 0
46801, 3717514, 0, 0, 0
46900, 4610899, 0, 0, 0
47006, 4131491, 0, 0, 0
47100, 4547421, 0, 0, 0
47200, 3753592, 0, 0, 0
47300, 3922729, 0, 0, 0
47400, 3842575, 0, 0, 0
47500, 4043722, 0, 0, 0
47600, 3816135, 0, 0, 0
47702, 5396537, 0, 0, 0
47800, 4088571, 0, 0, 0
47903, 3637588, 0, 0, 0
48000, 3571872, 0, 0, 0
48101, 4787600, 0, 0, 0
48200, 3585358, 0, 0, 0
48300, 6022371, 0, 0, 0
48400, 4994434, 0, 0, 0
48500, 5978258, 0, 0, 0
48600, 4292108, 0, 0, 0
48700, 4268330, 0, 0, 0
48800, 4286929, 0, 0, 0
48900, 4465930, 0, 0, 0
49002, 3372341, 0, 0, 0
49100, 4405205, 0, 0, 0
49200, 3788210, 0, 0, 0
49300, 3737488, 0, 0, 0
49400, 4110137, 0, 0, 0
49500, 3830841, 0, 0, 0
49601, 3683641, 0, 0, 0
49700, 4526852, 0, 0, 0
49802, 4137935, 0, 0, 0
49900, 3773051, 0, 0, 0
50001, 4074595, 0, 0, 0
50100, 4189254, 0, 0, 0
50200, 3641702, 0, 0, 0
50300, 4770837, 0, 0, 0
50401, 3775349, 0, 0, 0
50500, 4279224, 0, 0, 0
50600, 4688290, 0, 0, 0
50700, 3774502, 0, 0, 0
50800, 3502336, 0, 0, 0
50902, 3944759, 0, 0, 0
51003, 4183717, 0, 0, 0
51100, 3577813, 0, 0, 0
51200, 3591308, 0, 0, 0
51301, 4218178, 0, 0, 0
51400, 4158922, 0, 0, 0
51500, 3876643, 0, 0, 0
51601, 3789404, 0, 0, 0
51701, 3752910, 0, 0, 0
51800, 4056855, 0, 0, 0
51900, 3969963, 0, 0, 0
52000, 3668675, 0, 0, 0
52100, 4276621, 0, 0, 0
52201, 3829726, 0, 0, 0
52302, 3687354, 0, 0, 0
52400, 3677981, 0, 0, 0
52501, 4073678, 0, 0, 0
52600, 4297472, 0, 0, 0
52702, 3638041, 0, 0, 0
52801, 4100142, 0, 0, 0
52901, 4030238, 0, 0, 0
53000, 3819231, 0, 0, 0
53100, 4311131, 0, 0, 0
53200, 3790892, 0, 0, 0
53301, 4494229, 0, 0, 0
53400, 3624303, 0, 0, 0
53500, 3785370, 0, 0, 0
53600, 5241950, 0, 0, 0
53700, 3714186, 0, 0, 0
53800, 4608128, 0, 0, 0
53900, 4227563, 0, 0, 0
54000, 4447505, 0, 0, 0
54102, 3673353, 0, 0, 0
54200, 4434739, 0, 0, 0
54302, 3780456, 0, 0, 0
54401, 4200135, 0, 0, 0
54500, 3653964, 0, 0, 0
54600, 3975870, 0, 0, 0
54700, 3692209, 0, 0, 0
54801, 4338421, 0, 0, 0
54901, 4560369, 0, 0, 0
55000, 3784333, 0, 0, 0
55100, 4110598, 0, 0, 0
55200, 4368454, 0, 0, 0
55300, 4319072, 0, 0, 0
55404, 4056149, 0, 0, 0
55500, 5055795, 0, 0, 0
55600, 4246780, 0, 0, 0
55710, 3995091, 0, 0, 0
55800, 4918350, 0, 0, 0
55900, 3818922, 0, 0, 0
56000, 3723118, 0, 0, 0
56100, 3695802, 0, 0, 0
56200, 3851758, 0, 0, 0
56300, 3490003, 0, 0, 0
56400, 3571273, 0, 0, 0
56501, 5073805, 0, 0, 0
56601, 4288316, 0, 0, 0
56701, 4315716, 0, 0, 0
56802, 3895158, 0, 0, 0
56900, 3903918, 0, 0, 0
57000, 3900422, 0, 0, 0
57100, 3510969, 0, 0, 0
57203, 4247266, 0, 0, 0
57301, 4680327, 0, 0, 0
57402, 4465333, 0, 0, 0
57500, 3616204, 0, 0, 0
57600, 4309620, 0, 0, 0
57700, 3787215, 0, 0, 0
57800, 4330118, 0, 0, 0
57900, 4009204, 0, 0, 0
58000, 4804939, 0, 0, 0
58100, 3996874, 0, 0, 0
58200, 3754501, 0, 0, 0
58302, 4441170, 0, 0, 0
58400, 4419380, 0, 0, 0
58500, 4112376, 0, 0, 0
58602, 3835031, 0, 0, 0
58700, 3340310, 0, 0, 0
58800, 3661909, 0, 0, 0
58900, 4344054, 0, 0, 0
59002, 3993126, 0, 0, 0
59102, 5200146, 0, 0, 0
59200, 4008119, 0, 0, 0
59300, 3426347, 0, 0, 0
59400, 3639108, 0, 0, 0
59500, 4710625, 0, 0, 0
59600, 3956471, 0, 0, 0
59700, 3900244, 0, 0, 0
59800, 3814056, 0, 0, 0
59900, 3540553, 0, 0, 0
60000, 3764398, 0, 0, 0
60100, 4249390, 0, 0, 0
60201, 4433429, 0, 0, 0
60300, 4059402, 0, 0, 0
60400, 3917364, 0, 0, 0
60500, 3587824, 0, 0, 0
60600, 3778179, 0, 0, 0
60700, 4993138, 0, 0, 0
60800, 3695512, 0, 0, 0
60900, 4164621, 0, 0, 0
61000, 4238010, 0, 0, 0
61101, 3603947, 0, 0, 0
61202, 3643566, 0, 0, 0
61302, 4061344, 0, 0, 0
61400, 3709292, 0, 0, 0
61501, 3945511, 0, 0, 0
61600, 3890697, 0, 0, 0
61700, 4440849, 0, 0, 0
61801, 4326774, 0, 0, 0
61901, 4329306, 0, 0, 0
62000, 3525670, 0, 0, 0
62100, 3669575, 0, 0, 0
62200, 3921160, 0, 0, 0
62301, 5123710, 0, 0, 0
62400, 3603672, 0, 0, 0
62500, 3612269, 0, 0, 0
62600, 3829696, 0, 0, 0
62700, 4026417, 0, 0, 0
62800, 3956497, 0, 0, 0
62908, 4430666, 0, 0, 0
63001, 4272644, 0, 0, 0
63100, 4538413, 0, 0, 0
63200, 3413592, 0, 0, 0
63301, 3960165, 0, 0, 0
63400, 3698775, 0, 0, 0
63500, 4605437, 0, 0, 0
63600, 4292767, 0, 0, 0
63700, 4086793, 0, 0, 0
63800, 4410959, 0, 0, 0
63900, 4520711, 0, 0, 0
64001, 5552412, 0, 0, 0
64102, 3797976, 0, 0, 0
64200, 3576317, 0, 0, 0
64300, 3940970, 0, 0, 0
64400, 4257013, 0, 0, 0
64502, 3964644, 0, 0, 0
64602, 4139954, 0, 0, 0
64701, 4501156, 0, 0, 0
64800, 4598458, 0, 0, 0
64900, 4287427, 0, 0, 0
65001, 4151765, 0, 0, 0
65100, 4241188, 0, 0, 0
65210, 5094883, 0, 0, 0
65300, 4168254, 0, 0, 0
65400, 4690879, 0, 0, 0
65502, 4368514, 0, 0, 0
65601, 4023112, 0, 0, 0
65700, 5854293, 0, 0, 0
65800, 3984933, 0, 0, 0
65900, 4330055, 0, 0, 0
66000, 3730954, 0, 0, 0
66100, 4171809, 0, 0, 0
66200, 3696771, 0, 0, 0
66300, 4418142, 0, 0, 0
66400, 3574707, 0, 0, 0
66501, 3963431, 0, 0, 0
66601, 3589174, 0, 0, 0
66700, 3968549, 0, 0, 0
66801, 4980852, 0, 0, 0
66902, 3954850, 0, 0, 0
67000, 3842282, 0, 0, 0
67100, 3663879, 0, 0, 0
67200, 4004634, 0, 0, 0
67301, 4029842, 0, 0, 0
67400, 4221819, 0, 0, 0
67501, 3234590, 0, 0, 0
67601, 3588292, 0, 0, 0
67700, 4045452, 0, 0, 0
67800, 4572634, 0, 0, 0
67900, 4735597, 0, 0, 0
68000, 3368746, 0, 0, 0
68100, 4210548, 0, 0, 0
68200, 4820142, 0, 0, 0
68304, 3662667, 0, 0, 0
68411, 3785100, 0, 0, 0
68500, 4299748, 0, 0, 0
68600, 3690855, 0, 0, 0
68702, 4196113, 0, 0, 0
68801, 3516640, 0, 0, 0
68900, 4256092, 0, 0, 0
69003, 4792597, 0, 0, 0
69101, 3798326, 0, 0, 0
69201, 3475160, 0, 0, 0
69300, 4319823, 0, 0, 0
69401, 3781834, 0, 0, 0
69501, 4182665, 0, 0, 0
69600, 3926876, 0, 0, 0
69700, 3901304, 0, 0, 0
69800, 3721400, 0, 0, 0
69900, 3885696, 0, 0, 0
70001, 4254239, 0, 0, 0
70100, 4211667, 0, 0, 0
70200, 3778163, 0, 0, 0
70301, 4076543, 0, 0, 0
70401, 4409783, 0, 0, 0
70500, 4125112, 0, 0, 0
70600, 4486593, 0, 0, 0
70701, 3319879, 0, 0, 0
70800, 4059549, 0, 0, 0
70901, 3999427, 0, 0, 0
71001, 3812352, 0, 0, 0
71100, 3525571, 0, 0, 0
71202, 3949188, 0, 0, 0
71300, 4097658, 0, 0, 0
71400, 4713866, 0, 0, 0
71500, 4400679, 0, 0, 0
71601, 3877244, 0, 0, 0
71701, 4018733, 0, 0, 0
71800, 4520687, 0, 0, 0
71900, 4242730, 0, 0, 0
72000, 3851430, 0, 0, 0
72100, 3800356, 0, 0, 0
72200, 4470242, 0, 0, 0
72301, 4049120, 0, 0, 0
72400, 3864536, 0, 0, 0
72500, 4093371, 0, 0, 0
72601, 3795467, 0, 0, 0
72700, 4393060, 0, 0, 0
72801, 3470414, 0, 0, 0
72900, 4486407, 0, 0, 0
73002, 3640629, 0, 0, 0
73101, 3881633, 0, 0, 0
73201, 3763726, 0, 0, 0
73302, 4837936, 0, 0, 0
73400, 3538622, 0, 0, 0
73502, 3962056, 0, 0, 0
73600, 3878050, 0, 0, 0
73700, 3770466, 0, 0, 0
73800, 4304183, 0, 0, 0
73900, 3385513, 0, 0, 0
74002, 4012153, 0, 0, 0
74100, 4270827, 0, 0, 0
74200, 4591685, 0, 0, 0
74300, 4360094, 0, 0, 0
74400, 4085464, 0, 0, 0
74500, 4122308, 0, 0, 0
74600, 3393410, 0, 0, 0
74700, 4269278, 0, 0, 0
74800, 3800728, 0, 0, 0
74900, 3980274, 0, 0, 0
75001, 4868194, 0, 0, 0
75100, 3519314, 0, 0, 0
75200, 3590896, 0, 0, 0
75300, 3891211, 0, 0, 0
75402, 3526084, 0, 0, 0
75503, 3635120, 0, 0, 0
75600, 3688583, 0, 0, 0
75700, 4342110, 0, 0, 0
75802, 4621499, 0, 0, 0
75900, 4122742, 0, 0, 0
76000, 3786037, 0, 0, 0
76101, 4078737, 0, 0, 0
76200, 4771362, 0, 0, 0
76300, 3695826, 0, 0, 0
76401, 3762695, 0, 0, 0
76500, 4533996, 0, 0, 0
76600, 4522094, 0, 0, 0
76701, 4374445, 0, 0, 0
76802, 3550645, 0, 0, 0
76901, 3371405, 0, 0, 0
77000, 3947464, 0, 0, 0
77102, 3550628, 0, 0, 0
77200, 6371508, 0, 0, 0
77300, 3686648, 0, 0, 0
77400, 4059079, 0, 0, 0
77500, 3385532, 0, 0, 0
77600, 4358289, 0, 0, 0
77700, 4250440, 0, 0, 0
77801, 4022025, 0, 0, 0
77900, 3950830, 0, 0, 0
78000, 3649868, 0, 0, 0
78100, 3006355, 0, 0, 0
78200, 3633328, 0, 0, 0
78300, 4332128, 0, 0, 0
78400, 4184338, 0, 0, 0
78501, 3945870, 0, 0, 0
78600, 4178474, 0, 0, 0
78702, 3628025, 0, 0, 0
78800, 4051004, 0, 0, 0
78900, 3355117, 0, 0, 0
79001, 4636947, 0, 0, 0
79100, 3845120, 0, 0, 0
79201, 4294736, 0, 0, 0
79300, 4004024, 0, 0, 0
79400, 4234408, 0, 0, 0
79501, 4516291, 0, 0, 0
79600, 4538153, 0, 0, 0
79700, 4498693, 0, 0, 0
79801, 4195925, 0, 0, 0
79900, 3798445, 0, 0, 0
80001, 3912227, 0, 0, 0
80100, 3952082, 0, 0, 0
80201, 3263860, 0, 0, 0
80301, 4177788, 0, 0, 0
80401, 3745968, 0, 0, 0
80501, 4599687, 0, 0, 0
80600, 3930491, 0, 0, 0
80701, 4470201, 0, 0, 0
80801, 3901839, 0, 0, 0
80900, 4360283, 0, 0, 0
81000, 3490200, 0, 0, 0
81102, 3490398, 0, 0, 0
81200, 4858768, 0, 0, 0
81301, 3489892, 0, 0, 0
81400, 4334306, 0, 0, 0
81501, 3588852, 0, 0, 0
81600, 4997632, 0, 0, 0
81700, 4422085, 0, 0, 0
81800, 4299048, 0, 0, 0
81901, 4495491, 0, 0, 0
82001, 4254690, 0, 0, 0
82100, 4570860, 0, 0, 0
82202, 4368351, 0, 0, 0
82301, 3899679, 0, 0, 0
82402, 3846753, 0, 0, 0
82500, 4268878, 0, 0, 0
82600, 4509119, 0, 0, 0
82704, 4365342, 0, 0, 0
82802, 3206901, 0, 0, 0
82901, 3872467, 0, 0, 0
83000, 3737226, 0, 0, 0
83100, 4598007, 0, 0, 0
83200, 4306438, 0, 0, 0
83301, 4389037, 0, 0, 0
83400, 4275802, 0, 0, 0
83500, 4715022, 0, 0, 0
83601, 3925606, 0, 0, 0
83700, 3380515, 0, 0, 0
83800, 4234683, 0, 0, 0
83900, 3718212, 0, 0, 0
84001, 3907867, 0, 0, 0
84100, 4019287, 0, 0, 0
84200, 3721938, 0, 0, 0
84300, 4430680, 0, 0, 0
84400, 4346609, 0, 0, 0
84501, 5087690, 0, 0, 0
84601, 3854513, 0, 0, 0
84700, 4020338, 0, 0, 0
84800, 3907502, 0, 0, 0
84900, 4286924, 0, 0, 0
85001, 4573749, 0, 0, 0
85100, 3499212, 0, 0, 0
85202, 4327739, 0, 0, 0
85300, 4049389, 0, 0, 0
85400, 4108379, 0, 0, 0
85500, 4401115, 0, 0, 0
85601, 5069761, 0, 0, 0
85700, 3373985, 0, 0, 0
85800, 4585171, 0, 0, 0
85900, 4684285, 0, 0, 0
86000, 3815574, 0, 0, 0
86101, 4401708, 0, 0, 0
86201, 3568682, 0, 0, 0
86300, 3906694, 0, 0, 0
86400, 3844776, 0, 0, 0
86500, 3744178, 0, 0, 0
86600, 4234099, 0, 0, 0
86700, 4197734, 0, 0, 0
86800, 4801855, 0, 0, 0
86904, 4162651, 0, 0, 0
87000, 4108822, 0, 0, 0
87100, 4718274, 0, 0, 0
87202, 4636010, 0, 0, 0
87300, 4140279, 0, 0, 0
87400, 4085674, 0, 0, 0
87500, 3389813, 0, 0, 0
87601, 4105942, 0, 0, 0
87701, 4134306, 0, 0, 0
87801, 3925795, 0, 0, 0
87902, 5741878, 0, 0, 0
88001, 4022494, 0, 0, 0
88102, 4887794, 0, 0, 0
88200, 4140804, 0, 0, 0
88300, 6621314, 0, 0, 0
88400, 4769015, 0, 0, 0
88501, 4788954, 0, 0, 0
88601, 4158065, 0, 0, 0
88700, 3304110, 0, 0, 0
88801, 4021806, 0, 0, 0
88900, 4134675, 0, 0, 0
89003, 3614929, 0, 0, 0
89101, 4244239, 0, 0, 0
89206, 4312556, 0, 0, 0
89301, 4245905, 0, 0, 0
89420, 4022445, 0, 0, 0
89500, 4731849, 0, 0, 0
89604, 4936261, 0, 0, 0
89700, 4416429, 0, 0, 0
89800, 4635143, 0, 0, 0
89900, 4437833, 0, 0, 0
90000, 3715433, 0, 0, 0
90001, 3714144, 0, 0, 0
