103, 22810163, 0, 0, 0
202, 21705357, 0, 0, 0
300, 30993084, 0, 0, 0
405, 26182354, 0, 0, 0
500, 33750230, 0, 0, 0
600, 25503309, 0, 0, 0
700, 20491594, 0, 0, 0
802, 27125362, 0, 0, 0
900, 28125203, 0, 0, 0
1000, 25527043, 0, 0, 0
1100, 29767910, 0, 0, 0
1201, 21571780, 0, 0, 0
1300, 21836312, 0, 0, 0
1401, 27909614, 0, 0, 0
1503, 26374716, 0, 0, 0
1600, 26058498, 0, 0, 0
1700, 24262659, 0, 0, 0
1800, 32882676, 0, 0, 0
1901, 21356504, 0, 0, 0
2003, 31886876, 0, 0, 0
2100, 21692879, 0, 0, 0
2202, 26660183, 0, 0, 0
2300, 21807943, 0, 0, 0
2400, 31867033, 0, 0, 0
2503, 21698072, 0, 0, 0
2600, 25314199, 0, 0, 0
2700, 26657904, 0, 0, 0
2801, 20724122, 0, 0, 0
2901, 30767332, 0, 0, 0
3000, 25183103, 0, 0, 0
3100, 28573013, 0, 0, 0
3201, 25696518, 0, 0, 0
3302, 25627212, 0, 0, 0
3402, 24068747, 0, 0, 0
3504, 27111310, 0, 0, 0
3600, 22363623, 0, 0, 0
3700, 25288164, 0, 0, 0
3802, 30916459, 0, 0, 0
3900, 25691247, 0, 0, 0
4001, 23676200, 0, 0, 0
4100, 22298165, 0, 0, 0
4207, 23257420, 0, 0, 0
4300, 27134653, 0, 0, 0
4400, 27466104, 0, 0, 0
4500, 25875361, 0, 0, 0
4601, 28030926, 0, 0, 0
4700, 27684138, 0, 0, 0
4802, 25424993, 0, 0, 0
4902, 27300486, 0, 0, 0
5000, 33268528, 0, 0, 0
5101, 21200096, 0, 0, 0
5200, 28247084, 0, 0, 0
5300, 25234946, 0, 0, 0
5402, 26014269, 0, 0, 0
5500, 35773438, 0, 0, 0
5600, 27179232, 0, 0, 0
5700, 27120796, 0, 0, 0
5802, 24208436, 0, 0, 0
5900, 29387495, 0, 0, 0
6000, 28234257, 0, 0, 0
6100, 27647771, 0, 0, 0
6202, 24788088, 0, 0, 0
6301, 24301728, 0, 0, 0
6400, 30321290, 0, 0, 0
6503, 26273984, 0, 0, 0
6600, 33101580, 0, 0, 0
6701, 23810928, 0, 0, 0
6804, 28047062, 0, 0, 0
6900, 25173903, 0, 0, 0
7000, 22891190, 0, 0, 0
7100, 25323151, 0, 0, 0
7200, 25295895, 0, 0, 0
7300, 27685492, 0, 0, 0
7400, 22439707, 0, 0, 0
7502, 26030745, 0, 0, 0
7601, 26459904, 0, 0, 0
7700, 27198232, 0, 0, 0
7801, 24837330, 0, 0, 0
7900, 28874973, 0, 0, 0
8001, 27989819, 0, 0, 0
8102, 24521571, 0, 0, 0
8202, 26072293, 0, 0, 0
8300, 26827310, 0, 0, 0
8400, 30052239, 0, 0, 0
8502, 30431306, 0, 0, 0
8600, 26997406, 0, 0, 0
8701, 30169779, 0, 0, 0
8800, 23112754, 0, 0, 0
8901, 27436740, 0, 0, 0
9000, 23032831, 0, 0, 0
9102, 23574511, 0, 0, 0
9200, 30171541, 0, 0, 0
9300, 24031676, 0, 0, 0
9400, 33292259, 0, 0, 0
9507, 19885316, 0, 0, 0
9600, 26118166, 0, 0, 0
9703, 23682257, 0, 0, 0
9800, 32526300, 0, 0, 0
9902, 24330886, 0, 0, 0
10006, 19786620, 0, 0, 0
10102, 32791901, 0, 0, 0
10203, 30542024, 0, 0, 0
10302, 25930960, 0, 0, 0
10403, 24619582, 0, 0, 0
10500, 25104223, 0, 0, 0
10607, 25726092, 0, 0, 0
10700, 27475318, 0, 0, 0
10801, 26065261, 0, 0, 0
10900, 24237676, 0, 0, 0
11000, 26820525, 0, 0, 0
11101, 32935337, 0, 0, 0
11201, 26806589, 0, 0, 0
11300, 27412056, 0, 0, 0
11400, 23619979, 0, 0, 0
11502, 31723888, 0, 0, 0
11601, 28036762, 0, 0, 0
11701, 20193013, 0, 0, 0
11800, 26995590, 0, 0, 0
11900, 23634796, 0, 0, 0
12002, 24380154, 0, 0, 0
12100, 22478185, 0, 0, 0
12200, 21166468, 0, 0, 0
12300, 34112776, 0, 0, 0
12400, 27921093, 0, 0, 0
12501, 32122328, 0, 0, 0
12600, 28549655, 0, 0, 0
12701, 24266224, 0, 0, 0
12800, 32062555, 0, 0, 0
12900, 24473279, 0, 0, 0
13000, 31047078, 0, 0, 0
13100, 24020694, 0, 0, 0
13200, 23092375, 0, 0, 0
13300, 30785404, 0, 0, 0
13400, 22982843, 0, 0, 0
13500, 26373119, 0, 0, 0
13601, 24612715, 0, 0, 0
13701, 28773852, 0, 0, 0
13806, 23232701, 0, 0, 0
13900, 25661528, 0, 0, 0
14000, 31385833, 0, 0, 0
14101, 28745594, 0, 0, 0
14201, 24539965, 0, 0, 0
14300, 26325379, 0, 0, 0
14402, 28714366, 0, 0, 0
14503, 23420867, 0, 0, 0
14601, 28146754, 0, 0, 0
14701, 22969781, 0, 0, 0
14802, 22612913, 0, 0, 0
14902, 26603149, 0, 0, 0
15000, 21066066, 0, 0, 0
15100, 25299310, 0, 0, 0
15200, 23120532, 0, 0, 0
15300, 27655739, 0, 0, 0
15400, 24979753, 0, 0, 0
15502, 23773455, 0, 0, 0
15603, 30681566, 0, 0, 0
15701, 26345591, 0, 0, 0
15801, 25474906, 0, 0, 0
15900, 28952477, 0, 0, 0
16005, 29621426, 0, 0, 0
16100, 30701121, 0, 0, 0
16202, 29714388, 0, 0, 0
16302, 28855456, 0, 0, 0
16400, 23521308, 0, 0, 0
16502, 34161624, 0, 0, 0
16600, 24073957, 0, 0, 0
16700, 28717240, 0, 0, 0
16800, 26277519, 0, 0, 0
16901, 26051976, 0, 0, 0
17001, 26556393, 0, 0, 0
17101, 32765592, 0, 0, 0
17201, 25859978, 0, 0, 0
17302, 25244742, 0, 0, 0
17401, 22951061, 0, 0, 0
17500, 23319305, 0, 0, 0
17600, 32575051, 0, 0, 0
17700, 25244753, 0, 0, 0
17800, 25403992, 0, 0, 0
17900, 29901770, 0, 0, 0
18001, 20757945, 0, 0, 0
18103, 29542870, 0, 0, 0
18200, 23343633, 0, 0, 0
18300, 34190948, 0, 0, 0
18400, 27315542, 0, 0, 0
18501, 17854093, 0, 0, 0
18600, 25684359, 0, 0, 0
18700, 24374147, 0, 0, 0
18800, 31065457, 0, 0, 0
18902, 28508701, 0, 0, 0
19000, 25263178, 0, 0, 0
19100, 23305975, 0, 0, 0
19200, 27876663, 0, 0, 0
19303, 21475909, 0, 0, 0
19401, 23571032, 0, 0, 0
19501, 25440643, 0, 0, 0
19601, 22930915, 0, 0, 0
19700, 27430617, 0, 0, 0
19803, 26708211, 0, 0, 0
19901, 30259935, 0, 0, 0
20001, 26169688, 0, 0, 0
20100, 28669847, 0, 0, 0
20200, 23398630, 0, 0, 0
20304, 26737461, 0, 0, 0
20400, 26052494, 0, 0, 0
20500, 27136689, 0, 0, 0
20600, 26356138, 0, 0, 0
20702, 28793214, 0, 0, 0
20800, 23226901, 0, 0, 0
20901, 28576435, 0, 0, 0
21001, 23474694, 0, 0, 0
21100, 24678204, 0, 0, 0
21202, 24299601, 0, 0, 0
21300, 26914614, 0, 0, 0
21401, 26641381, 0, 0, 0
21500, 26372153, 0, 0, 0
21604, 19737324, 0, 0, 0
21700, 25057484, 0, 0, 0
21800, 21383653, 0, 0, 0
21900, 25829504, 0, 0, 0
22000, 25930411, 0, 0, 0
22100, 23099987, 0, 0, 0
22200, 20844421, 0, 0, 0
22300, 26016872, 0, 0, 0
22401, 24148479, 0, 0, 0
22500, 27302272, 0, 0, 0
22600, 29727568, 0, 0, 0
22705, 21612445, 0, 0, 0
22801, 33646961, 0, 0, 0
22902, 26225275, 0, 0, 0
23000, 23757176, 0, 0, 0
23101, 23917544, 0, 0, 0
23201, 22811636, 0, 0, 0
23300, 21136061, 0, 0, 0
23400, 31257932, 0, 0, 0
23500, 29169629, 0, 0, 0
23601, 24784206, 0, 0, 0
23700, 24163758, 0, 0, 0
23800, 26078055, 0, 0, 0
23900, 29253257, 0, 0, 0
24000, 22968852, 0, 0, 0
24100, 26064368, 0, 0, 0
24201, 21827633, 0, 0, 0
24300, 27472593, 0, 0, 0
24402, 25382471, 0, 0, 0
24502, 24647209, 0, 0, 0
24600, 32651676, 0, 0, 0
24702, 32597129, 0, 0, 0
24801, 26821711, 0, 0, 0
24900, 25561972, 0, 0, 0
25002, 23712972, 0, 0, 0
25100, 32358654, 0, 0, 0
25201, 24957958, 0, 0, 0
25300, 26539122, 0, 0, 0
25403, 25598414, 0, 0, 0
25500, 25470959, 0, 0, 0
25600, 21946060, 0, 0, 0
25703, 25005356, 0, 0, 0
25803, 31518524, 0, 0, 0
25904, 25687957, 0, 0, 0
26000, 29089316, 0, 0, 0
26104, 19914434, 0, 0, 0
26200, 31534183, 0, 0, 0
26300, 23764957, 0, 0, 0
26401, 31546970, 0, 0, 0
26501, 22947698, 0, 0, 0
26601, 24433101, 0, 0, 0
26703, 27049255, 0, 0, 0
26800, 26137497, 0, 0, 0
26901, 22407211, 0, 0, 0
27000, 26726575, 0, 0, 0
27100, 23087797, 0, 0, 0
27203, 31627390, 0, 0, 0
27300, 27352332, 0, 0, 0
27404, 25007272, 0, 0, 0
27502, 37613770, 0, 0, 0
27601, 34910710, 0, 0, 0
27701, 30999616, 0, 0, 0
27800, 24404144, 0, 0, 0
27900, 26277599, 0, 0, 0
28000, 25906409, 0, 0, 0
28100, 19527188, 0, 0, 0
28200, 26665880, 0, 0, 0
28301, 28156669, 0, 0, 0
28400, 28372359, 0, 0, 0
28501, 25514387, 0, 0, 0
28604, 21859799, 0, 0, 0
28702, 35773451, 0, 0, 0
28801, 30440241, 0, 0, 0
28901, 30216524, 0, 0, 0
29000, 31410481, 0, 0, 0
29100, 27572660, 0, 0, 0
29203, 29057350, 0, 0, 0
29305, 29380376, 0, 0, 0
29401, 20029476, 0, 0, 0
29500, 24714115, 0, 0, 0
29600, 24832224, 0, 0, 0
29701, 22563357, 0, 0, 0
29802, 28981305, 0, 0, 0
29900, 29544600, 0, 0, 0
30001, 22471816, 0, 0, 0
30100, 28382704, 0, 0, 0
30200, 29532030, 0, 0, 0
30301, 23340610, 0, 0, 0
30404, 33474671, 0, 0, 0
30500, 29915323, 0, 0, 0
30601, 25738951, 0, 0, 0
30701, 25832939, 0, 0, 0
30800, 23703517, 0, 0, 0
30900, 28472087, 0, 0, 0
31000, 27418256, 0, 0, 0
31100, 28516423, 0, 0, 0
31203, 29574697, 0, 0, 0
31300, 26873507, 0, 0, 0
31401, 28612760, 0, 0, 0
31500, 29854690, 0, 0, 0
31601, 23534751, 0, 0, 0
31701, 29901778, 0, 0, 0
31800, 25173462, 0, 0, 0
31900, 29575097, 0, 0, 0
32002, 22685511, 0, 0, 0
32100, 23289112, 0, 0, 0
32200, 26204546, 0, 0, 0
32302, 25379456, 0, 0, 0
32400, 28150312, 0, 0, 0
32501, 20831057, 0, 0, 0
32601, 28337087, 0, 0, 0
32702, 22871279, 0, 0, 0
32800, 24746674, 0, 0, 0
32900, 21129533, 0, 0, 0
33000, 22655973, 0, 0, 0
33100, 27985507, 0, 0, 0
33200, 27623914, 0, 0, 0
33301, 26791461, 0, 0, 0
33400, 23438836, 0, 0, 0
33502, 30306523, 0, 0, 0
33603, 27862496, 0, 0, 0
33700, 28862324, 0, 0, 0
33800, 18396834, 0, 0, 0
33900, 20357385, 0, 0, 0
34000, 23592663, 0, 0, 0
34100, 23789524, 0, 0, 0
34201, 23914397, 0, 0, 0
34300, 24542168, 0, 0, 0
34401, 19333015, 0, 0, 0
34500, 29079541, 0, 0, 0
34600, 27033254, 0, 0, 0
34700, 28758401, 0, 0, 0
34800, 23118928, 0, 0, 0
34902, 27317912, 0, 0, 0
35000, 28341250, 0, 0, 0
35100, 24222743, 0, 0, 0
35200, 25249906, 0, 0, 0
35300, 27162644, 0, 0, 0
35400, 27914241, 0, 0, 0
35501, 23117631, 0, 0, 0
35602, 29722761, 0, 0, 0
35703, 26947027, 0, 0, 0
35800, 27196500, 0, 0, 0
35902, 26300757, 0, 0, 0
36003, 24526582, 0, 0, 0
36102, 21178169, 0, 0, 0
36201, 33456364, 0, 0, 0
36302, 24104495, 0, 0, 0
36401, 22396772, 0, 0, 0
36502, 22142361, 0, 0, 0
36600, 23721333, 0, 0, 0
36700, 27688230, 0, 0, 0
36802, 25744369, 0, 0, 0
36901, 21476450, 0, 0, 0
37000, 26889678, 0, 0, 0
37101, 28139843, 0, 0, 0
37201, 25932343, 0, 0, 0
37300, 27844854, 0, 0, 0
37400, 29239297, 0, 0, 0
37501, 23745889, 0, 0, 0
37600, 28113977, 0, 0, 0
37702, 25414035, 0, 0, 0
37801, 22588069, 0, 0, 0
37900, 38131263, 0, 0, 0
38001, 29953683, 0, 0, 0
38100, 29433716, 0, 0, 0
38201, 24065390, 0, 0, 0
38303, 19888454, 0, 0, 0
38400, 30330124, 0, 0, 0
38503, 26984921, 0, 0, 0
38600, 33180059, 0, 0, 0
38703, 27962617, 0, 0, 0
38800, 28494731, 0, 0, 0
38900, 21179591, 0, 0, 0
39002, 24550877, 0, 0, 0
39101, 28003442, 0, 0, 0
39201, 22915271, 0, 0, 0
39300, 27206308, 0, 0, 0
39400, 28013111, 0, 0, 0
39501, 29009447, 0, 0, 0
39600, 25933596, 0, 0, 0
39700, 21483502, 0, 0, 0
39802, 27022640, 0, 0, 0
39901, 22583648, 0, 0, 0
40001, 30462723, 0, 0, 0
40104, 32616341, 0, 0, 0
40200, 31306265, 0, 0, 0
40302, 27596903, 0, 0, 0
40401, 26957975, 0, 0, 0
40502, 30817483, 0, 0, 0
40602, 25681424, 0, 0, 0
40701, 21897341, 0, 0, 0
40802, 28549967, 0, 0, 0
40904, 25711639, 0, 0, 0
41001, 28524973, 0, 0, 0
41101, 30570958, 0, 0, 0
41200, 27490553, 0, 0, 0
41301, 25935943, 0, 0, 0
41400, 25932433, 0, 0, 0
41504, 23495784, 0, 0, 0
41601, 30390218, 0, 0, 0
41700, 29695310, 0, 0, 0
41802, 27667784, 0, 0, 0
41900, 27816278, 0, 0, 0
42000, 25308690, 0, 0, 0
42102, 25693277, 0, 0, 0
42201, 29401161, 0, 0, 0
42301, 24182334, 0, 0, 0
42400, 30982436, 0, 0, 0
42501, 31593040, 0, 0, 0
42600, 29024066, 0, 0, 0
42700, 21836878, 0, 0, 0
42801, 29234980, 0, 0, 0
42902, 31939769, 0, 0, 0
43000, 26843094, 0, 0, 0
43100, 22864395, 0, 0, 0
43202, 22796793, 0, 0, 0
43301, 25234252, 0, 0, 0
43401, 23962618, 0, 0, 0
43500, 23331641, 0, 0, 0
43601, 28887106, 0, 0, 0
43701, 26547294, 0, 0, 0
43800, 27495494, 0, 0, 0
43900, 27782958, 0, 0, 0
44000, 22442518, 0, 0, 0
44101, 26462524, 0, 0, 0
44201, 24535553, 0, 0, 0
44302, 29882768, 0, 0, 0
44400, 26285571, 0, 0, 0
44502, 19163331, 0, 0, 0
44600, 27387906, 0, 0, 0
44704, 28306831, 0, 0, 0
44801, 19421812, 0, 0, 0
44900, 26077054, 0, 0, 0
45000, 25040776, 0, 0, 0
45101, 24622670, 0, 0, 0
45204, 23857342, 0, 0, 0
45300, 25910507, 0, 0, 0
45401, 27312381, 0, 0, 0
45501, 29610185, 0, 0, 0
45601, 25777995, 0, 0, 0
45701, 26827332, 0, 0, 0
45801, 25554468, 0, 0, 0
45900, 28888965, 0, 0, 0
46000, 28429413, 0, 0, 0
46100, 22523907, 0, 0, 0
46201, 25617578, 0, 0, 0
46300, 24443296, 0, 0, 0
46404, 24814367, 0, 0, 0
46500, 32706922, 0, 0, 0
46600, 25915483, 0, 0, 0
46704, 22260715, 0, 0, 0
46800, 27297151, 0, 0, 0
46902, 22961562, 0, 0, 0
47000, 24561931, 0, 0, 0
47100, 26582285, 0, 0, 0
47201, 30104368, 0, 0, 0
47300, 24201664, 0, 0, 0
47401, 22483115, 0, 0, 0
47500, 29583289, 0, 0, 0
47600, 27015365, 0, 0, 0
47700, 26469268, 0, 0, 0
47800, 27489415, 0, 0, 0
47901, 26881403, 0, 0, 0
48000, 23620816, 0, 0, 0
48104, 23826011, 0, 0, 0
48200, 25192915, 0, 0, 0
48302, 24239572, 0, 0, 0
48402, 23597486, 0, 0, 0
48500, 26408962, 0, 0, 0
48600, 28798872, 0, 0, 0
48701, 24628482, 0, 0, 0
48800, 26208965, 0, 0, 0
48901, 24511528, 0, 0, 0
49000, 26973333, 0, 0, 0
49102, 25482181, 0, 0, 0
49201, 29385314, 0, 0, 0
49300, 23897678, 0, 0, 0
49401, 23196440, 0, 0, 0
49501, 32711135, 0, 0, 0
49600, 21710613, 0, 0, 0
49701, 26871574, 0, 0, 0
49800, 23288945, 0, 0, 0
49900, 22196481, 0, 0, 0
50001, 18964521, 0, 0, 0
50102, 30364130, 0, 0, 0
50202, 27622215, 0, 0, 0
50300, 26197645, 0, 0, 0
50400, 33134058, 0, 0, 0
50502, 27060007, 0, 0, 0
50600, 23245887, 0, 0, 0
50700, 26165699, 0, 0, 0
50801, 22638847, 0, 0, 0
50900, 27884795, 0, 0, 0
51001, 21453374, 0, 0, 0
51101, 20756190, 0, 0, 0
51200, 25567015, 0, 0, 0
51304, 19362650, 0, 0, 0
51400, 25015766, 0, 0, 0
51500, 34131659, 0, 0, 0
51600, 28507197, 0, 0, 0
51701, 30100848, 0, 0, 0
51802, 25420479, 0, 0, 0
51900, 30935037, 0, 0, 0
52001, 28911561, 0, 0, 0
52100, 22239792, 0, 0, 0
52200, 25733333, 0, 0, 0
52301, 18950967, 0, 0, 0
52400, 24709766, 0, 0, 0
52500, 27571095, 0, 0, 0
52600, 24089989, 0, 0, 0
52700, 25691713, 0, 0, 0
52800, 29475614, 0, 0, 0
52900, 25912912, 0, 0, 0
53000, 26034933, 0, 0, 0
53100, 33348032, 0, 0, 0
53203, 26784674, 0, 0, 0
53300, 37848620, 0, 0, 0
53403, 25323727, 0, 0, 0
53500, 28280297, 0, 0, 0
53604, 24350899, 0, 0, 0
53700, 31654976, 0, 0, 0
53800, 26482420, 0, 0, 0
53904, 27263231, 0, 0, 0
54001, 27440303, 0, 0, 0
54102, 27526348, 0, 0, 0
54201, 21138047, 0, 0, 0
54303, 25324274, 0, 0, 0
54401, 21789834, 0, 0, 0
54500, 27644529, 0, 0, 0
54601, 28457840, 0, 0, 0
54700, 27475544, 0, 0, 0
54800, 24027272, 0, 0, 0
54902, 22659232, 0, 0, 0
55000, 28746825, 0, 0, 0
55103, 26739343, 0, 0, 0
55200, 27736614, 0, 0, 0
55301, 29561584, 0, 0, 0
55400, 27039004, 0, 0, 0
55501, 27697203, 0, 0, 0
55601, 26640909, 0, 0, 0
55700, 22613072, 0, 0, 0
55806, 25975683, 0, 0, 0
55901, 25474327, 0, 0, 0
56001, 26108637, 0, 0, 0
56100, 23620302, 0, 0, 0
56200, 26576645, 0, 0, 0
56301, 24712525, 0, 0, 0
56400, 26470918, 0, 0, 0
56500, 26888584, 0, 0, 0
56600, 29283102, 0, 0, 0
56700, 25665455, 0, 0, 0
56800, 24974739, 0, 0, 0
56900, 25241254, 0, 0, 0
57000, 25694495, 0, 0, 0
57100, 29179741, 0, 0, 0
57200, 25944924, 0, 0, 0
57300, 28800375, 0, 0, 0
57400, 28825436, 0, 0, 0
57501, 23262840, 0, 0, 0
57600, 27399671, 0, 0, 0
57701, 24948526, 0, 0, 0
57801, 22145793, 0, 0, 0
57900, 22833374, 0, 0, 0
58001, 23979646, 0, 0, 0
58100, 26307010, 0, 0, 0
58200, 25574461, 0, 0, 0
58301, 28043813, 0, 0, 0
58400, 28276076, 0, 0, 0
58502, 29690032, 0, 0, 0
58600, 23376543, 0, 0, 0
58700, 25316805, 0, 0, 0
58802, 26106945, 0, 0, 0
58900, 26134143, 0, 0, 0
59006, 25254980, 0, 0, 0
59100, 27709591, 0, 0, 0
59201, 25938517, 0, 0, 0
59301, 27131273, 0, 0, 0
59401, 28136396, 0, 0, 0
59500, 31944510, 0, 0, 0
59600, 25665161, 0, 0, 0
59700, 29179122, 0, 0, 0
59801, 25112418, 0, 0, 0
59900, 21480756, 0, 0, 0
60000, 30005724, 0, 0, 0
60102, 25915402, 0, 0, 0
60203, 26053121, 0, 0, 0
60301, 24366392, 0, 0, 0
60400, 23464008, 0, 0, 0
60501, 27585589, 0, 0, 0
60600, 22892545, 0, 0, 0
60704, 28171465, 0, 0, 0
60801, 29075955, 0, 0, 0
60900, 23656171, 0, 0, 0
61003, 24998519, 0, 0, 0
61101, 27939051, 0, 0, 0
61201, 24378413, 0, 0, 0
61301, 28777795, 0, 0, 0
61402, 28922148, 0, 0, 0
61500, 21364167, 0, 0, 0
61600, 27125244, 0, 0, 0
61700, 26152981, 0, 0, 0
61803, 24933485, 0, 0, 0
61902, 33449419, 0, 0, 0
62002, 26673061, 0, 0, 0
62102, 24004731, 0, 0, 0
62201, 28904615, 0, 0, 0
62301, 28100874, 0, 0, 0
62402, 33274148, 0, 0, 0
62502, 27129756, 0, 0, 0
62601, 22577956, 0, 0, 0
62700, 23604766, 0, 0, 0
62800, 29084045, 0, 0, 0
62900, 26057580, 0, 0, 0
63001, 27520466, 0, 0, 0
63100, 27329085, 0, 0, 0
63201, 25143866, 0, 0, 0
63301, 28271253, 0, 0, 0
63401, 28456122, 0, 0, 0
63500, 27184264, 0, 0, 0
63600, 25078283, 0, 0, 0
63701, 26000282, 0, 0, 0
63802, 31158598, 0, 0, 0
63901, 24955182, 0, 0, 0
64000, 22902203, 0, 0, 0
64100, 28315450, 0, 0, 0
64200, 24972942, 0, 0, 0
64301, 26770573, 0, 0, 0
64401, 26872194, 0, 0, 0
64500, 24791450, 0, 0, 0
64600, 26615569, 0, 0, 0
64701, 34854697, 0, 0, 0
64800, 29087395, 0, 0, 0
64901, 26957165, 0, 0, 0
65000, 24587373, 0, 0, 0
65101, 21854700, 0, 0, 0
65202, 28870739, 0, 0, 0
65302, 27608320, 0, 0, 0
65400, 26726307, 0, 0, 0
65506, 26303654, 0, 0, 0
65600, 26384380, 0, 0, 0
65700, 22387289, 0, 0, 0
65800, 23931169, 0, 0, 0
65903, 30069010, 0, 0, 0
66003, 27681699, 0, 0, 0
66101, 22096307, 0, 0, 0
66200, 35380422, 0, 0, 0
66301, 26483659, 0, 0, 0
66402, 24769883, 0, 0, 0
66501, 22635852, 0, 0, 0
66600, 26149428, 0, 0, 0
66703, 24104223, 0, 0, 0
66800, 22988485, 0, 0, 0
66900, 27411945, 0, 0, 0
67000, 26144445, 0, 0, 0
67101, 26635337, 0, 0, 0
67201, 28115270, 0, 0, 0
67300, 25475459, 0, 0, 0
67400, 26557747, 0, 0, 0
67503, 21415552, 0, 0, 0
67600, 32411528, 0, 0, 0
67700, 21980846, 0, 0, 0
67800, 26833003, 0, 0, 0
67901, 31809032, 0, 0, 0
68000, 23208639, 0, 0, 0
68101, 23281955, 0, 0, 0
68202, 26658209, 0, 0, 0
68303, 21416994, 0, 0, 0
68400, 27962299, 0, 0, 0
68500, 27263971, 0, 0, 0
68600, 23000608, 0, 0, 0
68700, 23085035, 0, 0, 0
68803, 24649503, 0, 0, 0
68900, 25916694, 0, 0, 0
69000, 30330742, 0, 0, 0
69100, 27502900, 0, 0, 0
69202, 29901450, 0, 0, 0
69300, 28149083, 0, 0, 0
69400, 24981184, 0, 0, 0
69503, 29283393, 0, 0, 0
69600, 25214581, 0, 0, 0
69703, 27186398, 0, 0, 0
69800, 30603024, 0, 0, 0
69901, 29095191, 0, 0, 0
70003, 25003283, 0, 0, 0
70100, 26916455, 0, 0, 0
70200, 29567415, 0, 0, 0
70303, 26901676, 0, 0, 0
70400, 26494272, 0, 0, 0
70502, 24834192, 0, 0, 0
70600, 31761344, 0, 0, 0
70700, 24560979, 0, 0, 0
70800, 28523692, 0, 0, 0
70900, 27317712, 0, 0, 0
71000, 32905512, 0, 0, 0
71100, 29984691, 0, 0, 0
71200, 27724466, 0, 0, 0
71301, 26700024, 0, 0, 0
71400, 23663875, 0, 0, 0
71500, 24875077, 0, 0, 0
71601, 19648440, 0, 0, 0
71700, 20784299, 0, 0, 0
71802, 22462989, 0, 0, 0
71901, 24557504, 0, 0, 0
72001, 26810888, 0, 0, 0
72100, 25012593, 0, 0, 0
72202, 24658533, 0, 0, 0
72300, 22972481, 0, 0, 0
72400, 25337355, 0, 0, 0
72501, 22550963, 0, 0, 0
72600, 27682531, 0, 0, 0
72700, 24923069, 0, 0, 0
72800, 28325594, 0, 0, 0
72901, 25614628, 0, 0, 0
73004, 24548122, 0, 0, 0
73103, 29960450, 0, 0, 0
73200, 24132397, 0, 0, 0
73301, 21054128, 0, 0, 0
73400, 26728126, 0, 0, 0
73500, 26501527, 0, 0, 0
73600, 29305297, 0, 0, 0
73701, 27433542, 0, 0, 0
73800, 27301014, 0, 0, 0
73900, 23137577, 0, 0, 0
74005, 29621199, 0, 0, 0
74100, 26616580, 0, 0, 0
74200, 30058950, 0, 0, 0
74300, 29582911, 0, 0, 0
74401, 26773803, 0, 0, 0
74503, 23830490, 0, 0, 0
74600, 24846262, 0, 0, 0
74700, 24670783, 0, 0, 0
74800, 24136279, 0, 0, 0
74900, 29510016, 0, 0, 0
75001, 22831318, 0, 0, 0
75100, 29031389, 0, 0, 0
75200, 25080220, 0, 0, 0
75301, 24704924, 0, 0, 0
75400, 30143947, 0, 0, 0
75500, 24604184, 0, 0, 0
75602, 24126423, 0, 0, 0
75700, 22488755, 0, 0, 0
75802, 26149736, 0, 0, 0
75900, 24715463, 0, 0, 0
76002, 29997584, 0, 0, 0
76100, 24868527, 0, 0, 0
76201, 30417017, 0, 0, 0
76301, 23450960, 0, 0, 0
76400, 22897984, 0, 0, 0
76500, 29138564, 0, 0, 0
76601, 28081575, 0, 0, 0
76700, 28477641, 0, 0, 0
76802, 28569203, 0, 0, 0
76902, 24752997, 0, 0, 0
77001, 22959725, 0, 0, 0
77100, 26410954, 0, 0, 0
77203, 28606619, 0, 0, 0
77300, 25019661, 0, 0, 0
77400, 27643590, 0, 0, 0
77501, 29566771, 0, 0, 0
77602, 27547502, 0, 0, 0
77700, 23406472, 0, 0, 0
77802, 24791738, 0, 0, 0
77900, 29955651, 0, 0, 0
78000, 29903940, 0, 0, 0
78100, 27673822, 0, 0, 0
78200, 23219372, 0, 0, 0
78300, 29546730, 0, 0, 0
78402, 21930172, 0, 0, 0
78500, 29322352, 0, 0, 0
78603, 27495549, 0, 0, 0
78700, 26073819, 0, 0, 0
78800, 25762129, 0, 0, 0
78900, 30726167, 0, 0, 0
79000, 26697788, 0, 0, 0
79100, 27782819, 0, 0, 0
79200, 23208490, 0, 0, 0
79306, 28981900, 0, 0, 0
79400, 27584356, 0, 0, 0
79501, 29805592, 0, 0, 0
79603, 21806238, 0, 0, 0
79700, 29833223, 0, 0, 0
79801, 25992509, 0, 0, 0
79900, 27153259, 0, 0, 0
80002, 21913137, 0, 0, 0
80100, 24039902, 0, 0, 0
80202, 25109708, 0, 0, 0
80300, 24394224, 0, 0, 0
80402, 29804086, 0, 0, 0
80503, 25931152, 0, 0, 0
80600, 29920132, 0, 0, 0
80701, 25595973, 0, 0, 0
80800, 25621976, 0, 0, 0
80900, 31618500, 0, 0, 0
81000, 23414739, 0, 0, 0
81100, 26651530, 0, 0, 0
81201, 21062104, 0, 0, 0
81301, 26900181, 0, 0, 0
81400, 22984375, 0, 0, 0
81500, 22828713, 0, 0, 0
81605, 21880284, 0, 0, 0
81703, 21069832, 0, 0, 0
81801, 28985399, 0, 0, 0
81903, 24443931, 0, 0, 0
82003, 27042877, 0, 0, 0
82102, 35877997, 0, 0, 0
82200, 22270007, 0, 0, 0
82303, 26601852, 0, 0, 0
82405, 24037156, 0, 0, 0
82501, 28254715, 0, 0, 0
82600, 24625553, 0, 0, 0
82703, 29471266, 0, 0, 0
82800, 27300850, 0, 0, 0
82902, 26812223, 0, 0, 0
83001, 29261346, 0, 0, 0
83101, 25809701, 0, 0, 0
83200, 31500673, 0, 0, 0
83300, 26168959, 0, 0, 0
83400, 28107054, 0, 0, 0
83500, 26290285, 0, 0, 0
83600, 24971993, 0, 0, 0
83703, 25968283, 0, 0, 0
83801, 27532553, 0, 0, 0
83901, 30799234, 0, 0, 0
84000, 24722704, 0, 0, 0
84100, 28904049, 0, 0, 0
84202, 24369678, 0, 0, 0
84300, 27133950, 0, 0, 0
84400, 28734070, 0, 0, 0
84500, 24007825, 0, 0, 0
84601, 25408375, 0, 0, 0
84700, 25715409, 0, 0, 0
84804, 26614355, 0, 0, 0
84901, 24485334, 0, 0, 0
85000, 21917342, 0, 0, 0
85101, 24097734, 0, 0, 0
85202, 23816564, 0, 0, 0
85301, 25248190, 0, 0, 0
85400, 35261340, 0, 0, 0
85501, 27084404, 0, 0, 0
85600, 24054051, 0, 0, 0
85700, 23813786, 0, 0, 0
85801, 27051034, 0, 0, 0
85902, 24715562, 0, 0, 0
86000, 24652719, 0, 0, 0
86100, 26152161, 0, 0, 0
86200, 24986384, 0, 0, 0
86302, 29459342, 0, 0, 0
86401, 25816922, 0, 0, 0
86500, 28725742, 0, 0, 0
86603, 25589183, 0, 0, 0
86700, 24041225, 0, 0, 0
86800, 29602969, 0, 0, 0
86900, 25073425, 0, 0, 0
87000, 22411869, 0, 0, 0
87103, 23872517, 0, 0, 0
87200, 29653605, 0, 0, 0
87304, 26600797, 0, 0, 0
87400, 28130246, 0, 0, 0
87501, 24097633, 0, 0, 0
87601, 27716578, 0, 0, 0
87700, 25280054, 0, 0, 0
87802, 26952562, 0, 0, 0
87901, 29143883, 0, 0, 0
88000, 26119353, 0, 0, 0
88100, 31837359, 0, 0, 0
88200, 22022100, 0, 0, 0
88300, 27050596, 0, 0, 0
88400, 25590535, 0, 0, 0
88500, 30616431, 0, 0, 0
88601, 27546408, 0, 0, 0
88700, 24118421, 0, 0, 0
88801, 20142099, 0, 0, 0
88901, 25446952, 0, 0, 0
89001, 25948610, 0, 0, 0
89100, 27153136, 0, 0, 0
89200, 19597558, 0, 0, 0
89300, 22669897, 0, 0, 0
89400, 23060745, 0, 0, 0
89500, 26142230, 0, 0, 0
89604, 26102891, 0, 0, 0
89702, 25151977, 0, 0, 0
89800, 28530656, 0, 0, 0
89900, 25194868, 0, 0, 0
90000, 24538424, 0, 0, 0
90029, 40744249, 0, 0, 0
