102, 4674312, 0, 0, 0
203, 4577586, 0, 0, 0
300, 4404304, 0, 0, 0
401, 4549501, 0, 0, 0
500, 4519806, 0, 0, 0
601, 4582024, 0, 0, 0
701, 4539046, 0, 0, 0
800, 4725015, 0, 0, 0
902, 4432103, 0, 0, 0
1003, 4587297, 0, 0, 0
1100, 4421971, 0, 0, 0
1200, 4737425, 0, 0, 0
1302, 4636777, 0, 0, 0
1402, 4546494, 0, 0, 0
1502, 4526862, 0, 0, 0
1601, 4504364, 0, 0, 0
1702, 4378531, 0, 0, 0
1801, 4513948, 0, 0, 0
1900, 4481390, 0, 0, 0
2000, 4570758, 0, 0, 0
2103, 4659861, 0, 0, 0
2203, 4549435, 0, 0, 0
2301, 4674380, 0, 0, 0
2400, 4457428, 0, 0, 0
2501, 4590640, 0, 0, 0
2600, 4509107, 0, 0, 0
2700, 4371346, 0, 0, 0
2803, 4676282, 0, 0, 0
2900, 4576409, 0, 0, 0
3002, 4443622, 0, 0, 0
3101, 4301203, 0, 0, 0
3201, 4168928, 0, 0, 0
3301, 4336049, 0, 0, 0
3400, 4516752, 0, 0, 0
3500, 4734039, 0, 0, 0
3603, 4677456, 0, 0, 0
3705, 5124800, 0, 0, 0
3800, 4748164, 0, 0, 0
3903, 4684753, 0, 0, 0
4000, 4803593, 0, 0, 0
4102, 4890160, 0, 0, 0
4202, 4727477, 0, 0, 0
4300, 4657972, 0, 0, 0
4400, 4547448, 0, 0, 0
4501, 4607660, 0, 0, 0
4601, 4767758, 0, 0, 0
4701, 4734700, 0, 0, 0
4805, 5189164, 0, 0, 0
4904, 4730820, 0, 0, 0
5001, 4862558, 0, 0, 0
5101, 4738416, 0, 0, 0
5203, 4632817, 0, 0, 0
5300, 4417746, 0, 0, 0
5401, 4590462, 0, 0, 0
5500, 4686112, 0, 0, 0
5601, 4798186, 0, 0, 0
5701, 4781567, 0, 0, 0
5803, 4417883, 0, 0, 0
5902, 4742308, 0, 0, 0
6002, 4733401, 0, 0, 0
6103, 4383347, 0, 0, 0
6201, 4897699, 0, 0, 0
6304, 4503948, 0, 0, 0
6401, 4393365, 0, 0, 0
6502, 4190895, 0, 0, 0
6600, 4272477, 0, 0, 0
6700, 4551811, 0, 0, 0
6802, 4607054, 0, 0, 0
6904, 4249605, 0, 0, 0
7000, 4349385, 0, 0, 0
7102, 4280871, 0, 0, 0
7201, 4467068, 0, 0, 0
7301, 4550435, 0, 0, 0
7401, 4369823, 0, 0, 0
7504, 4086182, 0, 0, 0
7605, 4385524, 0, 0, 0
7701, 4206430, 0, 0, 0
7800, 4465601, 0, 0, 0
7901, 4384820, 0, 0, 0
8002, 4387712, 0, 0, 0
8101, 4331600, 0, 0, 0
8203, 4424314, 0, 0, 0
8303, 4355855, 0, 0, 0
8403, 4145950, 0, 0, 0
8502, 4318629, 0, 0, 0
8601, 4482906, 0, 0, 0
8700, 4494471, 0, 0, 0
8803, 4668764, 0, 0, 0
8902, 4325497, 0, 0, 0
9002, 4317942, 0, 0, 0
9103, 4209863, 0, 0, 0
9200, 4238156, 0, 0, 0
9302, 4410321, 0, 0, 0
9401, 4139264, 0, 0, 0
9500, 4471810, 0, 0, 0
9604, 4327068, 0, 0, 0
9702, 4257062, 0, 0, 0
9801, 4521036, 0, 0, 0
9900, 4306966, 0, 0, 0
10003, 4463540, 0, 0, 0
10102, 4683993, 0, 0, 0
10200, 4267001, 0, 0, 0
10300, 4555543, 0, 0, 0
10401, 4400114, 0, 0, 0
10501, 4342296, 0, 0, 0
10600, 4493892, 0, 0, 0
10703, 4461111, 0, 0, 0
10800, 4615445, 0, 0, 0
10901, 4581974, 0, 0, 0
11000, 4498765, 0, 0, 0
11100, 4535631, 0, 0, 0
11202, 4655014, 0, 0, 0
11300, 4665173, 0, 0, 0
11402, 4835018, 0, 0, 0
11500, 4685443, 0, 0, 0
11602, 4407218, 0, 0, 0
11704, 4241994, 0, 0, 0
11805, 5066720, 0, 0, 0
11901, 4780256, 0, 0, 0
12002, 4806265, 0, 0, 0
12100, 4898569, 0, 0, 0
12201, 4828794, 0, 0, 0
12303, 4409280, 0, 0, 0
12401, 4905575, 0, 0, 0
12504, 4921083, 0, 0, 0
12601, 4602646, 0, 0, 0
12703, 4837362, 0, 0, 0
12800, 4411840, 0, 0, 0
12900, 4546258, 0, 0, 0
13002, 4435494, 0, 0, 0
13102, 4759523, 0, 0, 0
13202, 4769650, 0, 0, 0
13301, 4709430, 0, 0, 0
13400, 4492903, 0, 0, 0
13500, 4538703, 0, 0, 0
13603, 4679614, 0, 0, 0
13704, 4580473, 0, 0, 0
13803, 4723218, 0, 0, 0
13900, 4414608, 0, 0, 0
14000, 4327106, 0, 0, 0
14104, 4521646, 0, 0, 0
14201, 4636190, 0, 0, 0
14303, 4404537, 0, 0, 0
14402, 4497037, 0, 0, 0
14504, 4655655, 0, 0, 0
14600, 4784272, 0, 0, 0
14702, 4615853, 0, 0, 0
14801, 4510569, 0, 0, 0
14900, 4941933, 0, 0, 0
15005, 4752880, 0, 0, 0
15100, 4517872, 0, 0, 0
15200, 4782006, 0, 0, 0
15301, 5022774, 0, 0, 0
15405, 4731165, 0, 0, 0
15501, 4836407, 0, 0, 0
15602, 4779719, 0, 0, 0
15704, 4854298, 0, 0, 0
15800, 4587472, 0, 0, 0
15900, 4749610, 0, 0, 0
16003, 4902947, 0, 0, 0
16101, 5158285, 0, 0, 0
16200, 4473979, 0, 0, 0
16302, 4444377, 0, 0, 0
16402, 5002095, 0, 0, 0
16501, 4307557, 0, 0, 0
16600, 4477006, 0, 0, 0
16704, 4537322, 0, 0, 0
16802, 4902372, 0, 0, 0
16903, 4802975, 0, 0, 0
17003, 4752337, 0, 0, 0
17102, 4683767, 0, 0, 0
17203, 4588578, 0, 0, 0
17300, 4438733, 0, 0, 0
17404, 4504875, 0, 0, 0
17502, 4441887, 0, 0, 0
17604, 4431722, 0, 0, 0
17700, 4588411, 0, 0, 0
17800, 4534946, 0, 0, 0
17903, 4663271, 0, 0, 0
18002, 4491873, 0, 0, 0
18102, 4581597, 0, 0, 0
18204, 4409132, 0, 0, 0
18302, 4479646, 0, 0, 0
18400, 4620054, 0, 0, 0
18500, 4372830, 0, 0, 0
18603, 4454529, 0, 0, 0
18701, 4454790, 0, 0, 0
18800, 4488909, 0, 0, 0
18904, 4522213, 0, 0, 0
19001, 4434682, 0, 0, 0
19100, 4298508, 0, 0, 0
19200, 4351550, 0, 0, 0
19302, 4211432, 0, 0, 0
19402, 4363720, 0, 0, 0
19500, 4064681, 0, 0, 0
19600, 4362092, 0, 0, 0
19704, 4500171, 0, 0, 0
19803, 4513257, 0, 0, 0
19901, 4477539, 0, 0, 0
20000, 4495047, 0, 0, 0
20100, 4533489, 0, 0, 0
20200, 4513920, 0, 0, 0
20301, 4391634, 0, 0, 0
20404, 4676695, 0, 0, 0
20504, 4368225, 0, 0, 0
20601, 4387433, 0, 0, 0
20704, 4310857, 0, 0, 0
20802, 4446171, 0, 0, 0
20905, 4263685, 0, 0, 0
21003, 4483357, 0, 0, 0
21100, 4377090, 0, 0, 0
21201, 4198148, 0, 0, 0
21302, 4431015, 0, 0, 0
21402, 4310093, 0, 0, 0
21502, 4366946, 0, 0, 0
21603, 4204738, 0, 0, 0
21703, 4176137, 0, 0, 0
21803, 4333064, 0, 0, 0
21900, 4390166, 0, 0, 0
22001, 4213652, 0, 0, 0
22101, 4350083, 0, 0, 0
22204, 4461709, 0, 0, 0
22304, 4779178, 0, 0, 0
22406, 4859092, 0, 0, 0
22502, 4542165, 0, 0, 0
22600, 4469733, 0, 0, 0
22700, 4726361, 0, 0, 0
22800, 4582544, 0, 0, 0
22905, 4739628, 0, 0, 0
23001, 4349909, 0, 0, 0
23101, 4563044, 0, 0, 0
23204, 4459690, 0, 0, 0
23303, 4508414, 0, 0, 0
23402, 4307467, 0, 0, 0
23506, 4736689, 0, 0, 0
23603, 4391447, 0, 0, 0
23704, 4566047, 0, 0, 0
23803, 4501963, 0, 0, 0
23904, 4582453, 0, 0, 0
24004, 4575637, 0, 0, 0
24104, 4536103, 0, 0, 0
24203, 4493066, 0, 0, 0
24300, 4599133, 0, 0, 0
24403, 4707461, 0, 0, 0
24502, 4680955, 0, 0, 0
24600, 4480593, 0, 0, 0
24700, 4325746, 0, 0, 0
24803, 4275196, 0, 0, 0
24900, 4403140, 0, 0, 0
25003, 4496108, 0, 0, 0
25104, 4581468, 0, 0, 0
25200, 4560232, 0, 0, 0
25301, 4598141, 0, 0, 0
25401, 4524226, 0, 0, 0
25503, 4466725, 0, 0, 0
25602, 4471220, 0, 0, 0
25703, 4617006, 0, 0, 0
25803, 4518368, 0, 0, 0
25900, 4618150, 0, 0, 0
26003, 4473915, 0, 0, 0
26105, 4417590, 0, 0, 0
26200, 4134949, 0, 0, 0
26302, 4271062, 0, 0, 0
26401, 4462756, 0, 0, 0
26502, 4384849, 0, 0, 0
26601, 4338906, 0, 0, 0
26702, 4557484, 0, 0, 0
26800, 4272449, 0, 0, 0
26900, 4356948, 0, 0, 0
27003, 4086938, 0, 0, 0
27103, 4172404, 0, 0, 0
27201, 4472639, 0, 0, 0
27300, 4501045, 0, 0, 0
27404, 4323475, 0, 0, 0
27504, 4968720, 0, 0, 0
27603, 4532818, 0, 0, 0
27700, 4380370, 0, 0, 0
27804, 4329892, 0, 0, 0
27902, 4098616, 0, 0, 0
28003, 4387754, 0, 0, 0
28104, 4580198, 0, 0, 0
28202, 4434468, 0, 0, 0
28302, 4377895, 0, 0, 0
28401, 4280497, 0, 0, 0
28501, 4537803, 0, 0, 0
28600, 4140611, 0, 0, 0
28703, 4451420, 0, 0, 0
28801, 4080555, 0, 0, 0
28903, 4267829, 0, 0, 0
29000, 4412907, 0, 0, 0
29103, 4277391, 0, 0, 0
29203, 4153301, 0, 0, 0
29303, 4370893, 0, 0, 0
29402, 4297589, 0, 0, 0
29502, 4168163, 0, 0, 0
29601, 4497466, 0, 0, 0
29703, 4232159, 0, 0, 0
29801, 4246909, 0, 0, 0
29903, 4279327, 0, 0, 0
30002, 4291228, 0, 0, 0
30104, 4420500, 0, 0, 0
30202, 4690918, 0, 0, 0
30300, 4433225, 0, 0, 0
30402, 4437858, 0, 0, 0
30500, 4428164, 0, 0, 0
30603, 4498442, 0, 0, 0
30701, 4446034, 0, 0, 0
30802, 4592976, 0, 0, 0
30903, 4585338, 0, 0, 0
31000, 5124151, 0, 0, 0
31100, 4747930, 0, 0, 0
31200, 4532971, 0, 0, 0
31302, 4660658, 0, 0, 0
31403, 4187956, 0, 0, 0
31500, 4634125, 0, 0, 0
31602, 4613341, 0, 0, 0
31701, 4732997, 0, 0, 0
31805, 4495205, 0, 0, 0
31900, 4740131, 0, 0, 0
32001, 4841540, 0, 0, 0
32102, 4590225, 0, 0, 0
32203, 4812589, 0, 0, 0
32301, 4854210, 0, 0, 0
32400, 4515131, 0, 0, 0
32503, 4486719, 0, 0, 0
32604, 4393393, 0, 0, 0
32702, 4234103, 0, 0, 0
32802, 4570762, 0, 0, 0
32902, 4521699, 0, 0, 0
33001, 4499973, 0, 0, 0
33104, 4699855, 0, 0, 0
33201, 4613409, 0, 0, 0
33304, 4665420, 0, 0, 0
33403, 4498892, 0, 0, 0
33500, 4593238, 0, 0, 0
33601, 4814472, 0, 0, 0
33700, 4490583, 0, 0, 0
33803, 4497614, 0, 0, 0
33901, 4439281, 0, 0, 0
34002, 4581323, 0, 0, 0
34103, 4603510, 0, 0, 0
34203, 4539921, 0, 0, 0
34303, 4513697, 0, 0, 0
34402, 4499641, 0, 0, 0
34500, 4259866, 0, 0, 0
34603, 4689588, 0, 0, 0
34700, 4609702, 0, 0, 0
34800, 4762267, 0, 0, 0
34900, 4531241, 0, 0, 0
35001, 4622109, 0, 0, 0
35102, 4563047, 0, 0, 0
35200, 4657711, 0, 0, 0
35301, 4603906, 0, 0, 0
35405, 4925857, 0, 0, 0
35503, 4449730, 0, 0, 0
35601, 4081512, 0, 0, 0
35703, 4443300, 0, 0, 0
35803, 4331034, 0, 0, 0
35901, 4109731, 0, 0, 0
36002, 4212291, 0, 0, 0
36101, 4089149, 0, 0, 0
36202, 4223129, 0, 0, 0
36300, 4066898, 0, 0, 0
36402, 4431545, 0, 0, 0
36501, 4305709, 0, 0, 0
36603, 4430992, 0, 0, 0
36704, 4801004, 0, 0, 0
36802, 4458133, 0, 0, 0
36904, 4432939, 0, 0, 0
37002, 4682667, 0, 0, 0
37100, 4433048, 0, 0, 0
37200, 4551276, 0, 0, 0
37301, 4592810, 0, 0, 0
37402, 4598654, 0, 0, 0
37503, 4548996, 0, 0, 0
37601, 4687082, 0, 0, 0
37702, 4578052, 0, 0, 0
37803, 4570724, 0, 0, 0
37900, 4423959, 0, 0, 0
38000, 4756880, 0, 0, 0
38103, 4291436, 0, 0, 0
38200, 4640554, 0, 0, 0
38302, 4392233, 0, 0, 0
38403, 4426754, 0, 0, 0
38501, 4452078, 0, 0, 0
38602, 4386879, 0, 0, 0
38703, 4581414, 0, 0, 0
38802, 4305396, 0, 0, 0
38903, 4362902, 0, 0, 0
39000, 4244633, 0, 0, 0
39102, 4394279, 0, 0, 0
39202, 4365188, 0, 0, 0
39301, 4712025, 0, 0, 0
39403, 4412528, 0, 0, 0
39504, 4827239, 0, 0, 0
39602, 4463164, 0, 0, 0
39700, 4419168, 0, 0, 0
39803, 4699380, 0, 0, 0
39900, 4396488, 0, 0, 0
40000, 4538830, 0, 0, 0
40101, 4204883, 0, 0, 0
40201, 4334486, 0, 0, 0
40300, 4536691, 0, 0, 0
40402, 4634923, 0, 0, 0
40500, 4433389, 0, 0, 0
40601, 4393457, 0, 0, 0
40703, 4442895, 0, 0, 0
40802, 4487631, 0, 0, 0
40902, 4507199, 0, 0, 0
41005, 4700623, 0, 0, 0
41100, 4742352, 0, 0, 0
41201, 4820530, 0, 0, 0
41302, 4815700, 0, 0, 0
41403, 4561567, 0, 0, 0
41503, 4352700, 0, 0, 0
41603, 4561245, 0, 0, 0
41703, 4529018, 0, 0, 0
41801, 4430483, 0, 0, 0
41903, 4865640, 0, 0, 0
42002, 4314208, 0, 0, 0
42101, 4461486, 0, 0, 0
42201, 4375489, 0, 0, 0
42302, 4364884, 0, 0, 0
42402, 4350557, 0, 0, 0
42500, 4444812, 0, 0, 0
42600, 4197336, 0, 0, 0
42702, 4620817, 0, 0, 0
42801, 4295007, 0, 0, 0
42900, 4280949, 0, 0, 0
43000, 4179469, 0, 0, 0
43100, 4361716, 0, 0, 0
43201, 4578987, 0, 0, 0
43303, 4417892, 0, 0, 0
43400, 4419991, 0, 0, 0
43500, 4531605, 0, 0, 0
43603, 4481029, 0, 0, 0
43701, 4252014, 0, 0, 0
43803, 4448165, 0, 0, 0
43901, 4641360, 0, 0, 0
44001, 4533348, 0, 0, 0
44101, 4376829, 0, 0, 0
44203, 4625656, 0, 0, 0
44301, 4658804, 0, 0, 0
44402, 4559215, 0, 0, 0
44502, 4544065, 0, 0, 0
44604, 4630263, 0, 0, 0
44701, 4441427, 0, 0, 0
44801, 4761009, 0, 0, 0
44901, 4518033, 0, 0, 0
45004, 4673886, 0, 0, 0
45103, 4290469, 0, 0, 0
45203, 4554934, 0, 0, 0
45305, 4644478, 0, 0, 0
45402, 4855509, 0, 0, 0
45502, 4528845, 0, 0, 0
45601, 4489757, 0, 0, 0
45700, 4482417, 0, 0, 0
45800, 4361636, 0, 0, 0
45901, 4589735, 0, 0, 0
46001, 4335089, 0, 0, 0
46105, 4521324, 0, 0, 0
46203, 4480275, 0, 0, 0
46300, 4611174, 0, 0, 0
46402, 4603546, 0, 0, 0
46501, 4501233, 0, 0, 0
46603, 4639070, 0, 0, 0
46701, 4259734, 0, 0, 0
46801, 4742638, 0, 0, 0
46901, 4369435, 0, 0, 0
47001, 4324818, 0, 0, 0
47102, 4391326, 0, 0, 0
47201, 4730889, 0, 0, 0
47301, 4532639, 0, 0, 0
47400, 4310329, 0, 0, 0
47502, 4433172, 0, 0, 0
47600, 4424435, 0, 0, 0
47700, 4550444, 0, 0, 0
47802, 4261422, 0, 0, 0
47903, 4365672, 0, 0, 0
48002, 4526126, 0, 0, 0
48102, 4728406, 0, 0, 0
48201, 4718818, 0, 0, 0
48302, 4580818, 0, 0, 0
48402, 4571066, 0, 0, 0
48502, 4325902, 0, 0, 0
48601, 4734511, 0, 0, 0
48702, 4574466, 0, 0, 0
48800, 4442363, 0, 0, 0
48901, 4376444, 0, 0, 0
49000, 4518500, 0, 0, 0
49104, 4523575, 0, 0, 0
49202, 4238902, 0, 0, 0
49305, 4499046, 0, 0, 0
49405, 4967445, 0, 0, 0
49502, 4606918, 0, 0, 0
49600, 4294564, 0, 0, 0
49700, 4729175, 0, 0, 0
49804, 4716638, 0, 0, 0
49902, 4461123, 0, 0, 0
50004, 4446002, 0, 0, 0
50103, 4499611, 0, 0, 0
50202, 4497231, 0, 0, 0
50300, 4644211, 0, 0, 0
50402, 4433047, 0, 0, 0
50503, 4398039, 0, 0, 0
50602, 4507299, 0, 0, 0
50700, 4637807, 0, 0, 0
50801, 4587450, 0, 0, 0
50901, 4781045, 0, 0, 0
51000, 4291501, 0, 0, 0
51103, 4490721, 0, 0, 0
51201, 4640212, 0, 0, 0
51301, 4543201, 0, 0, 0
51400, 4518740, 0, 0, 0
51505, 4536490, 0, 0, 0
51601, 4582553, 0, 0, 0
51700, 4688999, 0, 0, 0
51801, 4423880, 0, 0, 0
51900, 4459005, 0, 0, 0
52003, 4486199, 0, 0, 0
52104, 4605983, 0, 0, 0
52200, 4760756, 0, 0, 0
52303, 4720675, 0, 0, 0
52402, 4472521, 0, 0, 0
52503, 4799303, 0, 0, 0
52600, 4607990, 0, 0, 0
52700, 4764401, 0, 0, 0
52804, 4540230, 0, 0, 0
52903, 4714394, 0, 0, 0
53004, 4573116, 0, 0, 0
53102, 4442929, 0, 0, 0
53202, 4548674, 0, 0, 0
53301, 4690627, 0, 0, 0
53400, 4973564, 0, 0, 0
53501, 4591796, 0, 0, 0
53600, 4477959, 0, 0, 0
53703, 4682372, 0, 0, 0
53803, 4787966, 0, 0, 0
53901, 4885783, 0, 0, 0
54000, 5172644, 0, 0, 0
54103, 4312397, 0, 0, 0
54200, 4604196, 0, 0, 0
54302, 4631323, 0, 0, 0
54402, 4364013, 0, 0, 0
54500, 4877478, 0, 0, 0
54603, 4307501, 0, 0, 0
54701, 4664790, 0, 0, 0
54801, 4749599, 0, 0, 0
54902, 4398770, 0, 0, 0
55001, 4677716, 0, 0, 0
55101, 4556089, 0, 0, 0
55202, 4796013, 0, 0, 0
55301, 4298461, 0, 0, 0
55401, 4574133, 0, 0, 0
55500, 4710046, 0, 0, 0
55601, 4353394, 0, 0, 0
55701, 4543164, 0, 0, 0
55804, 4690613, 0, 0, 0
55903, 4480375, 0, 0, 0
56001, 4109198, 0, 0, 0
56102, 4376644, 0, 0, 0
56200, 4656187, 0, 0, 0
56302, 4446128, 0, 0, 0
56404, 4224143, 0, 0, 0
56503, 4338200, 0, 0, 0
56601, 4442342, 0, 0, 0
56702, 4372391, 0, 0, 0
56800, 4079499, 0, 0, 0
56904, 4334605, 0, 0, 0
57000, 4161080, 0, 0, 0
57103, 4308682, 0, 0, 0
57200, 4401313, 0, 0, 0
57303, 4874065, 0, 0, 0
57403, 4359683, 0, 0, 0
57503, 4556774, 0, 0, 0
57603, 4154504, 0, 0, 0
57700, 4423623, 0, 0, 0
57803, 4461865, 0, 0, 0
57902, 4316807, 0, 0, 0
58000, 4257845, 0, 0, 0
58102, 4251857, 0, 0, 0
58204, 4413066, 0, 0, 0
58300, 4557656, 0, 0, 0
58404, 4338572, 0, 0, 0
58504, 4536316, 0, 0, 0
58603, 4497621, 0, 0, 0
58702, 4494905, 0, 0, 0
58802, 4751424, 0, 0, 0
58904, 4437829, 0, 0, 0
59001, 4410930, 0, 0, 0
59101, 4147164, 0, 0, 0
59202, 4386980, 0, 0, 0
59304, 4249408, 0, 0, 0
59404, 4357191, 0, 0, 0
59502, 4472529, 0, 0, 0
59600, 4237852, 0, 0, 0
59700, 4543782, 0, 0, 0
59801, 4400984, 0, 0, 0
59903, 4608722, 0, 0, 0
60002, 4502116, 0, 0, 0
60100, 4677466, 0, 0, 0
60203, 4677414, 0, 0, 0
60304, 4386708, 0, 0, 0
60402, 4435294, 0, 0, 0
60500, 4283617, 0, 0, 0
60600, 4314302, 0, 0, 0
60700, 4548671, 0, 0, 0
60803, 4284895, 0, 0, 0
60902, 4506497, 0, 0, 0
61000, 4445823, 0, 0, 0
61100, 4179442, 0, 0, 0
61200, 4558979, 0, 0, 0
61304, 4490955, 0, 0, 0
61404, 3985948, 0, 0, 0
61502, 4282827, 0, 0, 0
61600, 4061256, 0, 0, 0
61701, 4035500, 0, 0, 0
61802, 4221601, 0, 0, 0
61900, 4241805, 0, 0, 0
62001, 4384580, 0, 0, 0
62101, 4352446, 0, 0, 0
62201, 4159612, 0, 0, 0
62300, 4296591, 0, 0, 0
62404, 4346655, 0, 0, 0
62502, 4254757, 0, 0, 0
62601, 4298829, 0, 0, 0
62700, 4321333, 0, 0, 0
62803, 4099471, 0, 0, 0
62903, 4529503, 0, 0, 0
63000, 4613013, 0, 0, 0
63103, 4499106, 0, 0, 0
63203, 4357515, 0, 0, 0
63301, 4423078, 0, 0, 0
63404, 4484956, 0, 0, 0
63501, 4395639, 0, 0, 0
63601, 4339262, 0, 0, 0
63701, 4542899, 0, 0, 0
63800, 4493013, 0, 0, 0
63901, 4593497, 0, 0, 0
64001, 4372006, 0, 0, 0
64101, 4332386, 0, 0, 0
64206, 4358939, 0, 0, 0
64304, 4257693, 0, 0, 0
64403, 4299596, 0, 0, 0
64503, 4167314, 0, 0, 0
64602, 4329680, 0, 0, 0
64703, 4584450, 0, 0, 0
64802, 4281754, 0, 0, 0
64900, 4264205, 0, 0, 0
65000, 4324607, 0, 0, 0
65101, 4602801, 0, 0, 0
65204, 4458598, 0, 0, 0
65302, 4289386, 0, 0, 0
65403, 4212302, 0, 0, 0
65502, 4688133, 0, 0, 0
65601, 4715344, 0, 0, 0
65700, 4715664, 0, 0, 0
65802, 4849952, 0, 0, 0
65901, 4721272, 0, 0, 0
66001, 4520287, 0, 0, 0
66102, 4831960, 0, 0, 0
66203, 4555355, 0, 0, 0
66303, 4578854, 0, 0, 0
66401, 4852472, 0, 0, 0
66503, 4884184, 0, 0, 0
66604, 4783787, 0, 0, 0
66704, 4529748, 0, 0, 0
66800, 4360705, 0, 0, 0
66902, 4630673, 0, 0, 0
67003, 4607522, 0, 0, 0
67101, 4644797, 0, 0, 0
67200, 4506220, 0, 0, 0
67304, 4345196, 0, 0, 0
67401, 4815763, 0, 0, 0
67501, 4349191, 0, 0, 0
67600, 4518443, 0, 0, 0
67703, 4650900, 0, 0, 0
67803, 4779015, 0, 0, 0
67903, 4327739, 0, 0, 0
68001, 4469015, 0, 0, 0
68106, 4762944, 0, 0, 0
68202, 4554678, 0, 0, 0
68301, 4485690, 0, 0, 0
68400, 4340225, 0, 0, 0
68502, 4596001, 0, 0, 0
68602, 4371915, 0, 0, 0
68703, 4552827, 0, 0, 0
68802, 4335942, 0, 0, 0
68901, 4298698, 0, 0, 0
69003, 4604923, 0, 0, 0
69102, 4312668, 0, 0, 0
69204, 4412185, 0, 0, 0
69304, 4546396, 0, 0, 0
69403, 4309611, 0, 0, 0
69502, 4312640, 0, 0, 0
69600, 4464068, 0, 0, 0
69702, 4400414, 0, 0, 0
69803, 4382580, 0, 0, 0
69904, 4207380, 0, 0, 0
70000, 4379878, 0, 0, 0
70104, 4341329, 0, 0, 0
70203, 4458835, 0, 0, 0
70302, 4330888, 0, 0, 0
70404, 4599983, 0, 0, 0
70500, 4357632, 0, 0, 0
70600, 4538480, 0, 0, 0
70701, 4603606, 0, 0, 0
70801, 4554802, 0, 0, 0
70900, 4483720, 0, 0, 0
71004, 4540712, 0, 0, 0
71102, 4619701, 0, 0, 0
71200, 4693482, 0, 0, 0
71301, 4579965, 0, 0, 0
71400, 4301976, 0, 0, 0
71504, 4513497, 0, 0, 0
71602, 4685725, 0, 0, 0
71700, 4656130, 0, 0, 0
71805, 4531797, 0, 0, 0
71901, 4580690, 0, 0, 0
72000, 4704878, 0, 0, 0
72101, 4593334, 0, 0, 0
72201, 4526195, 0, 0, 0
72303, 4431514, 0, 0, 0
72403, 4759901, 0, 0, 0
72504, 4582622, 0, 0, 0
72604, 4568648, 0, 0, 0
72704, 4528938, 0, 0, 0
72802, 4462760, 0, 0, 0
72901, 4682746, 0, 0, 0
73001, 4582342, 0, 0, 0
73100, 4679214, 0, 0, 0
73202, 4639682, 0, 0, 0
73305, 4668684, 0, 0, 0
73400, 4540037, 0, 0, 0
73501, 4589368, 0, 0, 0
73604, 4649416, 0, 0, 0
73700, 4378165, 0, 0, 0
73803, 4658414, 0, 0, 0
73904, 4600390, 0, 0, 0
74003, 4523792, 0, 0, 0
74100, 4402063, 0, 0, 0
74201, 4776912, 0, 0, 0
74301, 4755091, 0, 0, 0
74401, 4339521, 0, 0, 0
74503, 4446599, 0, 0, 0
74602, 4522084, 0, 0, 0
74700, 4618574, 0, 0, 0
74802, 4853057, 0, 0, 0
74902, 4773772, 0, 0, 0
75001, 4495723, 0, 0, 0
75103, 4448228, 0, 0, 0
75202, 4715544, 0, 0, 0
75303, 4577450, 0, 0, 0
75403, 4766977, 0, 0, 0
75503, 4746008, 0, 0, 0
75604, 5040905, 0, 0, 0
75702, 5143548, 0, 0, 0
75800, 4479827, 0, 0, 0
75904, 4316450, 0, 0, 0
76000, 4544657, 0, 0, 0
76104, 4724792, 0, 0, 0
76204, 4381351, 0, 0, 0
76305, 4587919, 0, 0, 0
76404, 4491338, 0, 0, 0
76503, 4482128, 0, 0, 0
76600, 4610739, 0, 0, 0
76702, 4872235, 0, 0, 0
76801, 4494356, 0, 0, 0
76901, 4547510, 0, 0, 0
77004, 4471502, 0, 0, 0
77100, 4539644, 0, 0, 0
77202, 4437668, 0, 0, 0
77303, 4413235, 0, 0, 0
77403, 4518000, 0, 0, 0
77501, 4442478, 0, 0, 0
77600, 4293379, 0, 0, 0
77701, 4417407, 0, 0, 0
77803, 4413835, 0, 0, 0
77901, 4689719, 0, 0, 0
78003, 4613881, 0, 0, 0
78101, 4683558, 0, 0, 0
78203, 4593104, 0, 0, 0
78304, 4584382, 0, 0, 0
78400, 4828257, 0, 0, 0
78502, 4619703, 0, 0, 0
78602, 4539051, 0, 0, 0
78703, 4830805, 0, 0, 0
78801, 4648736, 0, 0, 0
78900, 4502504, 0, 0, 0
79001, 4776413, 0, 0, 0
79101, 4570339, 0, 0, 0
79202, 4763643, 0, 0, 0
79301, 4497413, 0, 0, 0
79401, 4575176, 0, 0, 0
79502, 4767042, 0, 0, 0
79603, 4590913, 0, 0, 0
79703, 4544247, 0, 0, 0
79800, 4439667, 0, 0, 0
79902, 4844842, 0, 0, 0
80000, 4442418, 0, 0, 0
80103, 4682366, 0, 0, 0
80205, 4820309, 0, 0, 0
80300, 4521866, 0, 0, 0
80401, 4416862, 0, 0, 0
80501, 4541799, 0, 0, 0
80602, 4585924, 0, 0, 0
80704, 4598684, 0, 0, 0
80800, 4797659, 0, 0, 0
80903, 4497582, 0, 0, 0
81003, 4529653, 0, 0, 0
81102, 4500736, 0, 0, 0
81201, 4498243, 0, 0, 0
81300, 4478033, 0, 0, 0
81402, 4435547, 0, 0, 0
81504, 4639280, 0, 0, 0
81605, 4571105, 0, 0, 0
81704, 4724385, 0, 0, 0
81803, 4509408, 0, 0, 0
81904, 4565007, 0, 0, 0
82003, 4725288, 0, 0, 0
82100, 4617703, 0, 0, 0
82202, 4620723, 0, 0, 0
82300, 4446194, 0, 0, 0
82402, 4632747, 0, 0, 0
82502, 4551170, 0, 0, 0
82601, 4512995, 0, 0, 0
82705, 4931811, 0, 0, 0
82802, 4602746, 0, 0, 0
82900, 4676871, 0, 0, 0
83000, 4758389, 0, 0, 0
83103, 4477520, 0, 0, 0
83205, 4612679, 0, 0, 0
83304, 4705114, 0, 0, 0
83403, 4701934, 0, 0, 0
83500, 4647652, 0, 0, 0
83601, 4774206, 0, 0, 0
83704, 4698669, 0, 0, 0
83802, 4467998, 0, 0, 0
83901, 4709914, 0, 0, 0
84001, 4746651, 0, 0, 0
84104, 4898775, 0, 0, 0
84202, 4890924, 0, 0, 0
84303, 4389003, 0, 0, 0
84401, 4675951, 0, 0, 0
84501, 4739481, 0, 0, 0
84601, 4341654, 0, 0, 0
84701, 4773140, 0, 0, 0
84800, 4493841, 0, 0, 0
84904, 4732215, 0, 0, 0
85000, 4776251, 0, 0, 0
85100, 4363485, 0, 0, 0
85202, 4402480, 0, 0, 0
85304, 4431336, 0, 0, 0
85400, 4818792, 0, 0, 0
85502, 4425496, 0, 0, 0
85603, 4595905, 0, 0, 0
85702, 4918210, 0, 0, 0
85801, 4741610, 0, 0, 0
85900, 4933733, 0, 0, 0
86002, 4854490, 0, 0, 0
86100, 4627570, 0, 0, 0
86202, 4891329, 0, 0, 0
86303, 5020115, 0, 0, 0
86404, 4802570, 0, 0, 0
86502, 4700956, 0, 0, 0
86600, 4863883, 0, 0, 0
86703, 4889011, 0, 0, 0
86802, 4733487, 0, 0, 0
86904, 4843429, 0, 0, 0
87004, 4537089, 0, 0, 0
87101, 4620927, 0, 0, 0
87200, 4502857, 0, 0, 0
87304, 4531532, 0, 0, 0
87402, 5133831, 0, 0, 0
87501, 4316613, 0, 0, 0
87600, 4498308, 0, 0, 0
87702, 4603527, 0, 0, 0
87804, 4648472, 0, 0, 0
87902, 4668714, 0, 0, 0
88001, 4683098, 0, 0, 0
88101, 4549209, 0, 0, 0
88203, 4434905, 0, 0, 0
88300, 4629960, 0, 0, 0
88402, 4609507, 0, 0, 0
88501, 4342290, 0, 0, 0
88601, 4322805, 0, 0, 0
88702, 4410911, 0, 0, 0
88802, 4518652, 0, 0, 0
88900, 4468328, 0, 0, 0
89000, 4549647, 0, 0, 0
89101, 4381438, 0, 0, 0
89201, 4756798, 0, 0, 0
89304, 4446172, 0, 0, 0
89404, 4344835, 0, 0, 0
89500, 4575749, 0, 0, 0
89603, 4491847, 0, 0, 0
89702, 4503828, 0, 0, 0
89800, 4432449, 0, 0, 0
89904, 4507696, 0, 0, 0
90003, 4511060, 0, 0, 0
