100, 1127760, 0, 0, 0
101, 1782163, 1, 0, 0
200, 1201920, 0, 0, 0
201, 1746241, 1, 0, 0
301, 1265807, 0, 0, 0
303, 1837542, 1, 0, 0
400, 1211207, 0, 0, 0
402, 1878956, 1, 0, 0
500, 1241764, 0, 0, 0
500, 1797653, 1, 0, 0
600, 1159565, 0, 0, 0
601, 1721323, 1, 0, 0
700, 1165936, 0, 0, 0
702, 1774607, 1, 0, 0
800, 1259288, 0, 0, 0
801, 1787789, 1, 0, 0
900, 1188143, 0, 0, 0
900, 1812619, 1, 0, 0
1000, 1147736, 0, 0, 0
1000, 1697009, 1, 0, 0
1100, 1202996, 0, 0, 0
1101, 1768595, 1, 0, 0
1200, 1177142, 0, 0, 0
1202, 1843758, 1, 0, 0
1300, 1188529, 0, 0, 0
1303, 1808703, 1, 0, 0
1400, 1165357, 0, 0, 0
1401, 1780039, 1, 0, 0
1500, 1232593, 0, 0, 0
1501, 1824744, 1, 0, 0
1600, 1231141, 0, 0, 0
1602, 1929823, 1, 0, 0
1700, 1259356, 0, 0, 0
1702, 1758150, 1, 0, 0
1800, 1199905, 0, 0, 0
1800, 1880825, 1, 0, 0
1900, 1148389, 0, 0, 0
1901, 1812996, 1, 0, 0
2000, 1202477, 0, 0, 0
2003, 1769229, 1, 0, 0
2100, 1776407, 1, 0, 0
2100, 1182559, 0, 0, 0
2200, 1812412, 1, 0, 0
2200, 1213576, 0, 0, 0
2301, 1827085, 1, 0, 0
2301, 1205707, 0, 0, 0
2400, 1942035, 1, 0, 0
2400, 1193871, 0, 0, 0
2500, 1244828, 0, 0, 0
2500, 1851592, 1, 0, 0
2600, 1835184, 1, 0, 0
2600, 1138818, 0, 0, 0
2700, 1183281, 0, 0, 0
2701, 1815743, 1, 0, 0
2800, 1183577, 0, 0, 0
2801, 1955000, 1, 0, 0
2900, 1245515, 0, 0, 0
2901, 1747315, 1, 0, 0
3000, 1804030, 1, 0, 0
3000, 1182754, 0, 0, 0
3100, 1181317, 0, 0, 0
3105, 1803765, 1, 0, 0
3200, 1783738, 1, 0, 0
3201, 1145396, 0, 0, 0
3300, 1149642, 0, 0, 0
3300, 1695245, 1, 0, 0
3400, 1764175, 1, 0, 0
3400, 1126196, 0, 0, 0
3500, 1910183, 1, 0, 0
3501, 1237025, 0, 0, 0
3600, 1802520, 1, 0, 0
3601, 1268537, 0, 0, 0
3700, 1198908, 0, 0, 0
3702, 1875349, 1, 0, 0
3800, 1159082, 0, 0, 0
3803, 1788563, 1, 0, 0
3900, 1201410, 0, 0, 0
3901, 1700577, 1, 0, 0
4000, 1859719, 1, 0, 0
4000, 1186883, 0, 0, 0
4100, 1179453, 0, 0, 0
4105, 1851341, 1, 0, 0
4200, 1173759, 0, 0, 0
4201, 1697046, 1, 0, 0
4300, 1209752, 0, 0, 0
4303, 1875474, 1, 0, 0
4401, 1184383, 0, 0, 0
4401, 1748657, 1, 0, 0
4500, 1850980, 1, 0, 0
4501, 1199240, 0, 0, 0
4600, 1140525, 0, 0, 0
4600, 1812483, 1, 0, 0
4700, 1174276, 0, 0, 0
4701, 1834838, 1, 0, 0
4800, 1230903, 0, 0, 0
4802, 1848390, 1, 0, 0
4900, 1925755, 1, 0, 0
4902, 1146954, 0, 0, 0
5000, 1854587, 1, 0, 0
5001, 1222249, 0, 0, 0
5100, 1162753, 0, 0, 0
5102, 1878379, 1, 0, 0
5200, 1839126, 1, 0, 0
5200, 1129659, 0, 0, 0
5300, 1190194, 0, 0, 0
5300, 1828059, 1, 0, 0
5400, 1799402, 1, 0, 0
5401, 1205664, 0, 0, 0
5501, 1805832, 1, 0, 0
5502, 1175150, 0, 0, 0
5600, 1190624, 0, 0, 0
5601, 1792878, 1, 0, 0
5700, 1221909, 0, 0, 0
5700, 1828524, 1, 0, 0
5800, 1731878, 1, 0, 0
5802, 1192685, 0, 0, 0
5900, 1806321, 1, 0, 0
5902, 1245145, 0, 0, 0
6000, 1179682, 0, 0, 0
6000, 1880343, 1, 0, 0
6100, 1237282, 0, 0, 0
6101, 1759806, 1, 0, 0
6200, 1827190, 1, 0, 0
6201, 1173247, 0, 0, 0
6300, 1176382, 0, 0, 0
6302, 1938079, 1, 0, 0
6400, 1223142, 0, 0, 0
6401, 1788747, 1, 0, 0
6500, 1798253, 1, 0, 0
6501, 1217265, 0, 0, 0
6600, 1185038, 0, 0, 0
6603, 1756265, 1, 0, 0
6700, 1223586, 0, 0, 0
6702, 1778757, 1, 0, 0
6800, 1886576, 1, 0, 0
6800, 1202958, 0, 0, 0
6900, 1211837, 0, 0, 0
6900, 1670956, 1, 0, 0
7000, 1162664, 0, 0, 0
7001, 1850828, 1, 0, 0
7100, 1987535, 1, 0, 0
7102, 1203583, 0, 0, 0
7200, 1184621, 0, 0, 0
7201, 1971177, 1, 0, 0
7300, 1286978, 0, 0, 0
7305, 1735365, 1, 0, 0
7400, 1209958, 0, 0, 0
7404, 1800822, 1, 0, 0
7500, 1194708, 0, 0, 0
7502, 1804179, 1, 0, 0
7600, 1202361, 0, 0, 0
7603, 1768454, 1, 0, 0
7700, 1837140, 1, 0, 0
7701, 1225116, 0, 0, 0
7800, 1223255, 0, 0, 0
7801, 2002228, 1, 0, 0
7900, 1204815, 0, 0, 0
7903, 1724732, 1, 0, 0
8000, 1203330, 0, 0, 0
8006, 1741569, 1, 0, 0
8100, 1251492, 0, 0, 0
8104, 1828835, 1, 0, 0
8200, 1820418, 1, 0, 0
8201, 1237919, 0, 0, 0
8300, 1251752, 0, 0, 0
8303, 1679996, 1, 0, 0
8400, 1208012, 0, 0, 0
8400, 1772213, 1, 0, 0
8500, 1175076, 0, 0, 0
8501, 1848311, 1, 0, 0
8600, 1185751, 0, 0, 0
8604, 1760166, 1, 0, 0
8700, 1273341, 0, 0, 0
8702, 1843598, 1, 0, 0
8800, 1159786, 0, 0, 0
8802, 1649104, 1, 0, 0
8900, 1167846, 0, 0, 0
8904, 1816957, 1, 0, 0
9000, 1239244, 0, 0, 0
9004, 1712481, 1, 0, 0
9100, 1173094, 0, 0, 0
9101, 1789249, 1, 0, 0
9200, 1146395, 0, 0, 0
9202, 1711303, 1, 0, 0
9301, 1890912, 1, 0, 0
9302, 1137664, 0, 0, 0
9400, 1238979, 0, 0, 0
9403, 1863190, 1, 0, 0
9500, 1211635, 0, 0, 0
9500, 1693014, 1, 0, 0
9600, 1193256, 0, 0, 0
9601, 1820005, 1, 0, 0
9700, 1143578, 0, 0, 0
9710, 1815141, 1, 0, 0
9800, 1213348, 0, 0, 0
9800, 1873005, 1, 0, 0
9900, 1840577, 1, 0, 0
9900, 1165849, 0, 0, 0
10000, 1182110, 0, 0, 0
10003, 1689874, 1, 0, 0
10100, 1207544, 0, 0, 0
10100, 1724039, 1, 0, 0
10200, 1840014, 1, 0, 0
10202, 1190729, 0, 0, 0
10300, 1201513, 0, 0, 0
10303, 1965875, 1, 0, 0
10400, 1154583, 0, 0, 0
10407, 1817120, 1, 0, 0
10500, 1145927, 0, 0, 0
10501, 1720041, 1, 0, 0
10600, 1805866, 1, 0, 0
10601, 1203747, 0, 0, 0
10700, 1162519, 0, 0, 0
10701, 1803600, 1, 0, 0
10800, 1217368, 0, 0, 0
10802, 1894107, 1, 0, 0
10901, 1173270, 0, 0, 0
10904, 1749433, 1, 0, 0
11000, 1257943, 0, 0, 0
11001, 1792342, 1, 0, 0
11100, 1228835, 0, 0, 0
11108, 1836291, 1, 0, 0
11200, 1205026, 0, 0, 0
11200, 1842646, 1, 0, 0
11300, 1208367, 0, 0, 0
11300, 1778449, 1, 0, 0
11400, 1205835, 0, 0, 0
11400, 1994492, 1, 0, 0
11500, 1264267, 0, 0, 0
11501, 1723586, 1, 0, 0
11600, 1200383, 0, 0, 0
11600, 1810244, 1, 0, 0
11700, 1161436, 0, 0, 0
11701, 1719757, 1, 0, 0
11800, 1155277, 0, 0, 0
11801, 1811453, 1, 0, 0
11900, 1225526, 0, 0, 0
11904, 1782395, 1, 0, 0
12000, 1136893, 0, 0, 0
12000, 1735924, 1, 0, 0
12100, 1195346, 0, 0, 0
12101, 1782357, 1, 0, 0
12200, 1861738, 1, 0, 0
12203, 1184011, 0, 0, 0
12300, 1186664, 0, 0, 0
12302, 1915916, 1, 0, 0
12400, 1233995, 0, 0, 0
12403, 1919692, 1, 0, 0
12500, 1195153, 0, 0, 0
12504, 1758104, 1, 0, 0
12600, 1199153, 0, 0, 0
12600, 1802797, 1, 0, 0
12701, 1786597, 1, 0, 0
12702, 1170479, 0, 0, 0
12800, 1725363, 1, 0, 0
12801, 1216520, 0, 0, 0
12900, 1206761, 0, 0, 0
12902, 1797215, 1, 0, 0
13000, 1777164, 1, 0, 0
13001, 1175177, 0, 0, 0
13100, 1212558, 0, 0, 0
13101, 1770615, 1, 0, 0
13200, 1874360, 1, 0, 0
13200, 1238668, 0, 0, 0
13300, 1804129, 1, 0, 0
13300, 1225164, 0, 0, 0
13400, 1218550, 0, 0, 0
13401, 1825004, 1, 0, 0
13500, 1892378, 1, 0, 0
13501, 1261416, 0, 0, 0
13600, 1835755, 1, 0, 0
13601, 1258194, 0, 0, 0
13700, 1191827, 0, 0, 0
13702, 1773786, 1, 0, 0
13800, 1786951, 1, 0, 0
13800, 1194075, 0, 0, 0
13900, 1273581, 0, 0, 0
13902, 1918838, 1, 0, 0
14000, 1229020, 0, 0, 0
14003, 1853867, 1, 0, 0
14100, 1236443, 0, 0, 0
14101, 1833168, 1, 0, 0
14200, 1233763, 0, 0, 0
14202, 1819960, 1, 0, 0
14300, 1231803, 0, 0, 0
14301, 1810639, 1, 0, 0
14400, 1166270, 0, 0, 0
14400, 1852037, 1, 0, 0
14500, 1763445, 1, 0, 0
14501, 1209607, 0, 0, 0
14601, 1760533, 1, 0, 0
14602, 1231463, 0, 0, 0
14700, 1826937, 1, 0, 0
14700, 1210038, 0, 0, 0
14801, 1238456, 0, 0, 0
14801, 1839347, 1, 0, 0
14900, 1748177, 1, 0, 0
14901, 1280933, 0, 0, 0
15000, 1181527, 0, 0, 0
15000, 1793971, 1, 0, 0
15100, 1264417, 0, 0, 0
15101, 1947281, 1, 0, 0
15200, 1190522, 0, 0, 0
15203, 1729073, 1, 0, 0
15301, 1210155, 0, 0, 0
15302, 1787041, 1, 0, 0
15400, 1789448, 1, 0, 0
15400, 1180774, 0, 0, 0
15501, 1214879, 0, 0, 0
15501, 1827714, 1, 0, 0
15600, 1806161, 1, 0, 0
15600, 1124751, 0, 0, 0
15700, 1773774, 1, 0, 0
15701, 1216279, 0, 0, 0
15800, 1240457, 0, 0, 0
15801, 1710715, 1, 0, 0
15900, 1184951, 0, 0, 0
15903, 1756100, 1, 0, 0
16000, 1836899, 1, 0, 0
16001, 1184845, 0, 0, 0
16100, 1151357, 0, 0, 0
16101, 1872440, 1, 0, 0
16200, 1161127, 0, 0, 0
16201, 1853041, 1, 0, 0
16300, 1753566, 1, 0, 0
16302, 1213894, 0, 0, 0
16401, 1152261, 0, 0, 0
16402, 1805388, 1, 0, 0
16500, 1261046, 0, 0, 0
16501, 1904251, 1, 0, 0
16600, 1207175, 0, 0, 0
16602, 1792396, 1, 0, 0
16700, 1209635, 0, 0, 0
16701, 2044857, 1, 0, 0
16800, 1161023, 0, 0, 0
16802, 1856542, 1, 0, 0
16900, 1199148, 0, 0, 0
16902, 1815238, 1, 0, 0
17000, 1829081, 1, 0, 0
17001, 1226193, 0, 0, 0
17100, 1776452, 1, 0, 0
17100, 1157102, 0, 0, 0
17200, 1229591, 0, 0, 0
17201, 1887552, 1, 0, 0
17300, 1226520, 0, 0, 0
17300, 1823336, 1, 0, 0
17400, 1197637, 0, 0, 0
17400, 1833666, 1, 0, 0
17500, 1159971, 0, 0, 0
17502, 1768564, 1, 0, 0
17600, 1232007, 0, 0, 0
17601, 1887152, 1, 0, 0
17700, 1826355, 1, 0, 0
17701, 1283025, 0, 0, 0
17800, 1955915, 1, 0, 0
17800, 1199950, 0, 0, 0
17900, 1206163, 0, 0, 0
17902, 1839887, 1, 0, 0
18000, 1249982, 0, 0, 0
18002, 1789863, 1, 0, 0
18100, 1243258, 0, 0, 0
18100, 1824109, 1, 0, 0
18200, 1198485, 0, 0, 0
18201, 1865993, 1, 0, 0
18300, 1888317, 1, 0, 0
18302, 1261807, 0, 0, 0
18400, 1193868, 0, 0, 0
18407, 1839357, 1, 0, 0
18500, 2008663, 1, 0, 0
18502, 1276721, 0, 0, 0
18600, 1192444, 0, 0, 0
18601, 1758563, 1, 0, 0
18701, 1834388, 1, 0, 0
18701, 1200887, 0, 0, 0
18800, 1193776, 0, 0, 0
18801, 1840762, 1, 0, 0
18900, 1190746, 0, 0, 0
18905, 1848093, 1, 0, 0
19001, 1217794, 0, 0, 0
19002, 1851172, 1, 0, 0
19100, 1939518, 1, 0, 0
19101, 1145043, 0, 0, 0
19200, 1260743, 0, 0, 0
19202, 1773501, 1, 0, 0
19301, 1830910, 1, 0, 0
19301, 1227953, 0, 0, 0
19401, 1896101, 1, 0, 0
19402, 1201856, 0, 0, 0
19500, 1220285, 0, 0, 0
19504, 1949201, 1, 0, 0
19600, 1185265, 0, 0, 0
19602, 1831982, 1, 0, 0
19700, 1162548, 0, 0, 0
19702, 1827550, 1, 0, 0
19800, 1242709, 0, 0, 0
19805, 1917912, 1, 0, 0
19900, 1204479, 0, 0, 0
19901, 1749626, 1, 0, 0
20000, 1156332, 0, 0, 0
20001, 1750519, 1, 0, 0
20100, 1245725, 0, 0, 0
20101, 1827358, 1, 0, 0
20200, 1234973, 0, 0, 0
20201, 1894648, 1, 0, 0
20300, 1161431, 0, 0, 0
20301, 1861899, 1, 0, 0
20400, 1185452, 0, 0, 0
20400, 1786725, 1, 0, 0
20500, 1165204, 0, 0, 0
20501, 1730423, 1, 0, 0
20600, 1190797, 0, 0, 0
20602, 1886392, 1, 0, 0
20700, 1205761, 0, 0, 0
20700, 1784389, 1, 0, 0
20800, 1197066, 0, 0, 0
20800, 1849430, 1, 0, 0
20900, 1208482, 0, 0, 0
20903, 1847725, 1, 0, 0
21000, 1202079, 0, 0, 0
21000, 1738792, 1, 0, 0
21101, 1213672, 0, 0, 0
21106, 1827288, 1, 0, 0
21200, 1775881, 1, 0, 0
21200, 1219464, 0, 0, 0
21300, 1196198, 0, 0, 0
21300, 1651545, 1, 0, 0
21400, 1163954, 0, 0, 0
21405, 1811307, 1, 0, 0
21500, 1221591, 0, 0, 0
21504, 1733420, 1, 0, 0
21600, 1846684, 1, 0, 0
21601, 1187533, 0, 0, 0
21700, 1824867, 1, 0, 0
21700, 1197275, 0, 0, 0
21800, 1157159, 0, 0, 0
21802, 1835416, 1, 0, 0
21900, 1201232, 0, 0, 0
21901, 1769620, 1, 0, 0
22000, 1207313, 0, 0, 0
22003, 1807621, 1, 0, 0
22100, 1183659, 0, 0, 0
22103, 1902105, 1, 0, 0
22200, 1600020, 1, 0, 0
22200, 1211301, 0, 0, 0
22300, 1826849, 1, 0, 0
22301, 1203738, 0, 0, 0
22400, 1223706, 0, 0, 0
22403, 1863359, 1, 0, 0
22500, 1115840, 0, 0, 0
22502, 1849146, 1, 0, 0
22600, 1195264, 0, 0, 0
22602, 1762097, 1, 0, 0
22700, 1134239, 0, 0, 0
22700, 1715934, 1, 0, 0
22800, 1738122, 1, 0, 0
22804, 1112729, 0, 0, 0
22900, 1195834, 0, 0, 0
22901, 1877075, 1, 0, 0
23000, 1759392, 1, 0, 0
23001, 1169965, 0, 0, 0
23100, 1182049, 0, 0, 0
23103, 1745823, 1, 0, 0
23200, 1168030, 0, 0, 0
23201, 1682764, 1, 0, 0
23301, 1897862, 1, 0, 0
23302, 1155600, 0, 0, 0
23400, 1792346, 1, 0, 0
23401, 1198453, 0, 0, 0
23500, 1155583, 0, 0, 0
23501, 1803335, 1, 0, 0
23600, 1753895, 1, 0, 0
23600, 1148643, 0, 0, 0
23700, 1239468, 0, 0, 0
23701, 1805187, 1, 0, 0
23800, 1190854, 0, 0, 0
23801, 1843882, 1, 0, 0
23900, 1249008, 0, 0, 0
23902, 1760393, 1, 0, 0
24000, 1278299, 0, 0, 0
24000, 1753407, 1, 0, 0
24100, 1787307, 1, 0, 0
24102, 1117806, 0, 0, 0
24200, 1757858, 1, 0, 0
24200, 1156268, 0, 0, 0
24300, 1160295, 0, 0, 0
24301, 1787219, 1, 0, 0
24400, 1209283, 0, 0, 0
24400, 1905496, 1, 0, 0
24500, 1805538, 1, 0, 0
24502, 1178550, 0, 0, 0
24601, 1189739, 0, 0, 0
24607, 1786254, 1, 0, 0
24700, 1188732, 0, 0, 0
24703, 1649142, 1, 0, 0
24800, 1679511, 1, 0, 0
24800, 1231853, 0, 0, 0
24900, 1767142, 1, 0, 0
24901, 1229712, 0, 0, 0
25000, 1198393, 0, 0, 0
25001, 1740973, 1, 0, 0
25100, 1133566, 0, 0, 0
25105, 1760827, 1, 0, 0
25200, 1231843, 0, 0, 0
25204, 1825096, 1, 0, 0
25300, 1195999, 0, 0, 0
25300, 1704736, 1, 0, 0
25400, 1166696, 0, 0, 0
25400, 1753253, 1, 0, 0
25500, 1710095, 1, 0, 0
25500, 1159137, 0, 0, 0
25600, 1123121, 0, 0, 0
25601, 1853626, 1, 0, 0
25700, 1689274, 1, 0, 0
25701, 1206661, 0, 0, 0
25800, 1105165, 0, 0, 0
25801, 1872005, 1, 0, 0
25900, 1124454, 0, 0, 0
25901, 1673931, 1, 0, 0
26000, 1666774, 1, 0, 0
26000, 1169171, 0, 0, 0
26101, 1703197, 1, 0, 0
26102, 1148861, 0, 0, 0
26200, 1205514, 0, 0, 0
26200, 1694919, 1, 0, 0
26300, 1860124, 1, 0, 0
26301, 1190981, 0, 0, 0
26400, 1109146, 0, 0, 0
26400, 1783545, 1, 0, 0
26500, 1169671, 0, 0, 0
26500, 1822276, 1, 0, 0
26601, 1211159, 0, 0, 0
26601, 1777000, 1, 0, 0
26700, 1220958, 0, 0, 0
26700, 1719460, 1, 0, 0
26800, 1210493, 0, 0, 0
26801, 1841750, 1, 0, 0
26900, 1156557, 0, 0, 0
26902, 1845345, 1, 0, 0
27000, 1215367, 0, 0, 0
27001, 1803265, 1, 0, 0
27100, 1213245, 0, 0, 0
27100, 1683077, 1, 0, 0
27200, 1115125, 0, 0, 0
27204, 1773980, 1, 0, 0
27300, 1719336, 1, 0, 0
27300, 1194908, 0, 0, 0
27400, 1909424, 1, 0, 0
27400, 1165536, 0, 0, 0
27500, 1139677, 0, 0, 0
27501, 1804655, 1, 0, 0
27600, 1148582, 0, 0, 0
27601, 1810994, 1, 0, 0
27700, 1166524, 0, 0, 0
27700, 1611976, 1, 0, 0
27800, 1847029, 1, 0, 0
27802, 1143122, 0, 0, 0
27900, 1159954, 0, 0, 0
27905, 1746927, 1, 0, 0
28000, 1172520, 0, 0, 0
28002, 1822155, 1, 0, 0
28100, 1736644, 1, 0, 0
28101, 1205037, 0, 0, 0
28200, 1269774, 0, 0, 0
28201, 1692467, 1, 0, 0
28300, 1795009, 1, 0, 0
28300, 1147556, 0, 0, 0
28400, 1724690, 1, 0, 0
28401, 1173301, 0, 0, 0
28500, 1137661, 0, 0, 0
28505, 1856432, 1, 0, 0
28600, 1196965, 0, 0, 0
28603, 1736607, 1, 0, 0
28700, 1166280, 0, 0, 0
28701, 1745627, 1, 0, 0
28800, 1131503, 0, 0, 0
28802, 1827559, 1, 0, 0
28900, 1155623, 0, 0, 0
28903, 1838673, 1, 0, 0
29000, 1839970, 1, 0, 0
29001, 1137763, 0, 0, 0
29100, 1151891, 0, 0, 0
29102, 1617127, 1, 0, 0
29200, 1713023, 1, 0, 0
29200, 1179468, 0, 0, 0
29300, 1191941, 0, 0, 0
29303, 1778532, 1, 0, 0
29400, 1154957, 0, 0, 0
29400, 1780253, 1, 0, 0
29500, 1217839, 0, 0, 0
29502, 1751888, 1, 0, 0
29601, 1204532, 0, 0, 0
29601, 1812489, 1, 0, 0
29701, 1203049, 0, 0, 0
29701, 1665508, 1, 0, 0
29800, 1231358, 0, 0, 0
29803, 1776533, 1, 0, 0
29900, 1237995, 0, 0, 0
29903, 1778173, 1, 0, 0
30001, 1812401, 1, 0, 0
30002, 1190885, 0, 0, 0
30100, 1164373, 0, 0, 0
30102, 1740563, 1, 0, 0
30200, 1161336, 0, 0, 0
30201, 1830411, 1, 0, 0
30300, 1859286, 1, 0, 0
30300, 1169228, 0, 0, 0
30400, 1171807, 0, 0, 0
30403, 1739376, 1, 0, 0
30500, 1189938, 0, 0, 0
30501, 1875232, 1, 0, 0
30600, 1807701, 1, 0, 0
30600, 1134958, 0, 0, 0
30700, 1148764, 0, 0, 0
30703, 1828320, 1, 0, 0
30800, 1172761, 0, 0, 0
30800, 1864092, 1, 0, 0
30900, 1229039, 0, 0, 0
30901, 1733087, 1, 0, 0
31000, 1213520, 0, 0, 0
31002, 1843306, 1, 0, 0
31100, 1838593, 1, 0, 0
31100, 1160255, 0, 0, 0
31200, 1221210, 0, 0, 0
31202, 1768465, 1, 0, 0
31300, 1185952, 0, 0, 0
31305, 1695173, 1, 0, 0
31401, 1181322, 0, 0, 0
31401, 1858420, 1, 0, 0
31500, 1174643, 0, 0, 0
31501, 1823036, 1, 0, 0
31600, 1155832, 0, 0, 0
31600, 1948655, 1, 0, 0
31700, 1186430, 0, 0, 0
31703, 1794513, 1, 0, 0
31800, 1196135, 0, 0, 0
31800, 1823224, 1, 0, 0
31900, 1202480, 0, 0, 0
31900, 1751466, 1, 0, 0
32000, 1214272, 0, 0, 0
32001, 1808339, 1, 0, 0
32100, 1842580, 1, 0, 0
32102, 1261897, 0, 0, 0
32200, 1820441, 1, 0, 0
32201, 1187873, 0, 0, 0
32300, 1251708, 0, 0, 0
32301, 1790481, 1, 0, 0
32400, 1157838, 0, 0, 0
32401, 1653530, 1, 0, 0
32500, 1162302, 0, 0, 0
32501, 1777903, 1, 0, 0
32600, 1197401, 0, 0, 0
32600, 1770398, 1, 0, 0
32700, 1215170, 0, 0, 0
32702, 1853747, 1, 0, 0
32800, 1162838, 0, 0, 0
32802, 1740360, 1, 0, 0
32900, 1689326, 1, 0, 0
32900, 1132082, 0, 0, 0
33000, 1193014, 0, 0, 0
33002, 1801493, 1, 0, 0
33100, 1180598, 0, 0, 0
33100, 1814638, 1, 0, 0
33200, 1180203, 0, 0, 0
33203, 1779996, 1, 0, 0
33300, 1224644, 0, 0, 0
33301, 1809205, 1, 0, 0
33400, 1155399, 0, 0, 0
33403, 1691391, 1, 0, 0
33500, 1719793, 1, 0, 0
33500, 1123229, 0, 0, 0
33601, 1792819, 1, 0, 0
33601, 1173750, 0, 0, 0
33700, 1812490, 1, 0, 0
33701, 1157894, 0, 0, 0
33800, 1769227, 1, 0, 0
33801, 1201254, 0, 0, 0
33900, 1286838, 0, 0, 0
33902, 1853224, 1, 0, 0
34000, 1164771, 0, 0, 0
34000, 1856322, 1, 0, 0
34100, 1827453, 1, 0, 0
34101, 1213795, 0, 0, 0
34200, 1187343, 0, 0, 0
34201, 1808030, 1, 0, 0
34300, 1829277, 1, 0, 0
34302, 1189487, 0, 0, 0
34400, 1137961, 0, 0, 0
34403, 1799713, 1, 0, 0
34500, 1230118, 0, 0, 0
34502, 1803452, 1, 0, 0
34600, 1763128, 1, 0, 0
34601, 1247268, 0, 0, 0
34700, 1167341, 0, 0, 0
34701, 1760824, 1, 0, 0
34800, 1224294, 0, 0, 0
34802, 1842731, 1, 0, 0
34900, 1723312, 1, 0, 0
34901, 1189769, 0, 0, 0
35000, 1217204, 0, 0, 0
35004, 1784022, 1, 0, 0
35100, 1176089, 0, 0, 0
35100, 1776578, 1, 0, 0
35200, 1178072, 0, 0, 0
35201, 1741237, 1, 0, 0
35300, 1807013, 1, 0, 0
35300, 1186480, 0, 0, 0
35400, 1171559, 0, 0, 0
35401, 1801134, 1, 0, 0
35500, 1868200, 1, 0, 0
35500, 1156776, 0, 0, 0
35600, 1180592, 0, 0, 0
35601, 1899650, 1, 0, 0
35700, 1724416, 1, 0, 0
35701, 1182874, 0, 0, 0
35800, 1179644, 0, 0, 0
35800, 1771730, 1, 0, 0
35900, 1176016, 0, 0, 0
35902, 1735034, 1, 0, 0
36000, 1211520, 0, 0, 0
36001, 1883574, 1, 0, 0
36100, 1153849, 0, 0, 0
36100, 1797325, 1, 0, 0
36200, 1770874, 1, 0, 0
36201, 1204981, 0, 0, 0
36300, 1241951, 0, 0, 0
36301, 1789119, 1, 0, 0
36400, 1195462, 0, 0, 0
36401, 1780990, 1, 0, 0
36500, 1215427, 0, 0, 0
36500, 1763429, 1, 0, 0
36600, 1171525, 0, 0, 0
36600, 1779526, 1, 0, 0
36700, 1240891, 0, 0, 0
36705, 1947144, 1, 0, 0
36800, 1863654, 1, 0, 0
36800, 1190159, 0, 0, 0
36900, 1242649, 0, 0, 0
36902, 1717490, 1, 0, 0
37000, 1200876, 0, 0, 0
37001, 1758082, 1, 0, 0
37100, 1263634, 0, 0, 0
37105, 1927776, 1, 0, 0
37200, 1791316, 1, 0, 0
37202, 1187810, 0, 0, 0
37300, 1163987, 0, 0, 0
37302, 1695315, 1, 0, 0
37400, 1186988, 0, 0, 0
37400, 1768076, 1, 0, 0
37500, 1843644, 1, 0, 0
37500, 1159805, 0, 0, 0
37601, 1742524, 1, 0, 0
37601, 1196925, 0, 0, 0
37700, 1910042, 1, 0, 0
37700, 1160312, 0, 0, 0
37800, 1878959, 1, 0, 0
37801, 1135534, 0, 0, 0
37900, 1196607, 0, 0, 0
37901, 1785442, 1, 0, 0
38000, 1170349, 0, 0, 0
38002, 1769113, 1, 0, 0
38100, 1250588, 0, 0, 0
38101, 1916800, 1, 0, 0
38200, 1213292, 0, 0, 0
38201, 1759131, 1, 0, 0
38300, 1180564, 0, 0, 0
38300, 1816306, 1, 0, 0
38400, 1164876, 0, 0, 0
38402, 1759329, 1, 0, 0
38500, 1771498, 1, 0, 0
38500, 1179991, 0, 0, 0
38600, 1180473, 0, 0, 0
38604, 1854794, 1, 0, 0
38700, 1750584, 1, 0, 0
38700, 1186800, 0, 0, 0
38800, 1897476, 1, 0, 0
38803, 1207319, 0, 0, 0
38900, 1811428, 1, 0, 0
38901, 1200033, 0, 0, 0
39000, 1214339, 0, 0, 0
39001, 1832435, 1, 0, 0
39100, 1839262, 1, 0, 0
39101, 1200340, 0, 0, 0
39200, 1201479, 0, 0, 0
39202, 1745949, 1, 0, 0
39300, 1155081, 0, 0, 0
39304, 1816213, 1, 0, 0
39400, 1155898, 0, 0, 0
39401, 1863548, 1, 0, 0
39500, 1918802, 1, 0, 0
39502, 1181748, 0, 0, 0
39600, 1199168, 0, 0, 0
39600, 1786089, 1, 0, 0
39700, 1132739, 0, 0, 0
39700, 1664974, 1, 0, 0
39800, 1152895, 0, 0, 0
39801, 1848019, 1, 0, 0
39900, 1176852, 0, 0, 0
39900, 1779902, 1, 0, 0
40000, 1778510, 1, 0, 0
40001, 1211210, 0, 0, 0
40100, 1247727, 0, 0, 0
40102, 1953705, 1, 0, 0
40200, 1740511, 1, 0, 0
40203, 1225778, 0, 0, 0
40301, 1711614, 1, 0, 0
40302, 1209402, 0, 0, 0
40400, 1860260, 1, 0, 0
40402, 1210377, 0, 0, 0
40500, 1183349, 0, 0, 0
40501, 1838603, 1, 0, 0
40601, 1170135, 0, 0, 0
40601, 1876900, 1, 0, 0
40700, 1186995, 0, 0, 0
40702, 1692341, 1, 0, 0
40800, 1200056, 0, 0, 0
40803, 1943292, 1, 0, 0
40900, 1154928, 0, 0, 0
40903, 1739022, 1, 0, 0
41000, 2170143, 1, 0, 0
41001, 1231846, 0, 0, 0
41100, 1751305, 1, 0, 0
41100, 1140766, 0, 0, 0
41200, 1136779, 0, 0, 0
41201, 1677203, 1, 0, 0
41300, 1708130, 1, 0, 0
41303, 1187376, 0, 0, 0
41400, 1150313, 0, 0, 0
41401, 1704721, 1, 0, 0
41500, 1775971, 1, 0, 0
41501, 1183496, 0, 0, 0
41600, 1193666, 0, 0, 0
41608, 1775766, 1, 0, 0
41700, 1831425, 1, 0, 0
41700, 1147699, 0, 0, 0
41800, 1173570, 0, 0, 0
41800, 1890541, 1, 0, 0
41900, 1168271, 0, 0, 0
41902, 1779893, 1, 0, 0
42000, 1217999, 0, 0, 0
42000, 1805932, 1, 0, 0
42100, 1201901, 0, 0, 0
42101, 1771119, 1, 0, 0
42200, 1263322, 0, 0, 0
42209, 1807477, 1, 0, 0
42300, 1143876, 0, 0, 0
42303, 1924798, 1, 0, 0
42400, 1968253, 1, 0, 0
42403, 1163413, 0, 0, 0
42500, 1793911, 1, 0, 0
42501, 1169793, 0, 0, 0
42600, 1186620, 0, 0, 0
42602, 1832752, 1, 0, 0
42701, 1193412, 0, 0, 0
42701, 1750748, 1, 0, 0
42800, 1987891, 1, 0, 0
42800, 1249792, 0, 0, 0
42900, 1740169, 1, 0, 0
42901, 1218838, 0, 0, 0
43000, 1802414, 1, 0, 0
43004, 1227382, 0, 0, 0
43100, 1905535, 1, 0, 0
43101, 1181062, 0, 0, 0
43200, 1870044, 1, 0, 0
43200, 1197191, 0, 0, 0
43300, 1180964, 0, 0, 0
43301, 1833059, 1, 0, 0
43400, 1205339, 0, 0, 0
43401, 1772895, 1, 0, 0
43500, 1178190, 0, 0, 0
43500, 1814342, 1, 0, 0
43600, 1186163, 0, 0, 0
43602, 1774667, 1, 0, 0
43700, 1198336, 0, 0, 0
43700, 1753158, 1, 0, 0
43801, 1697066, 1, 0, 0
43802, 1141343, 0, 0, 0
43900, 1805803, 1, 0, 0
43900, 1217116, 0, 0, 0
44000, 1788260, 1, 0, 0
44002, 1168151, 0, 0, 0
44101, 1192704, 0, 0, 0
44101, 1677465, 1, 0, 0
44200, 1199420, 0, 0, 0
44202, 1759670, 1, 0, 0
44300, 1199824, 0, 0, 0
44300, 1884767, 1, 0, 0
44400, 1235733, 0, 0, 0
44400, 1730727, 1, 0, 0
44500, 1199298, 0, 0, 0
44503, 1775505, 1, 0, 0
44600, 1690458, 1, 0, 0
44600, 1163174, 0, 0, 0
44700, 1160130, 0, 0, 0
44701, 1704196, 1, 0, 0
44800, 1149737, 0, 0, 0
44800, 1773290, 1, 0, 0
44900, 1168001, 0, 0, 0
44903, 1752128, 1, 0, 0
45000, 1187382, 0, 0, 0
45002, 1769450, 1, 0, 0
45100, 1227096, 0, 0, 0
45101, 1727076, 1, 0, 0
45200, 1230838, 0, 0, 0
45206, 1852238, 1, 0, 0
45300, 1158250, 0, 0, 0
45301, 1828765, 1, 0, 0
45400, 1197168, 0, 0, 0
45402, 1799079, 1, 0, 0
45500, 1177098, 0, 0, 0
45502, 1747321, 1, 0, 0
45600, 1118269, 0, 0, 0
45603, 1882534, 1, 0, 0
45700, 1222372, 0, 0, 0
45706, 1737267, 1, 0, 0
45800, 1228424, 0, 0, 0
45805, 1744760, 1, 0, 0
45900, 1205159, 0, 0, 0
45902, 1844994, 1, 0, 0
46000, 1131198, 0, 0, 0
46001, 1890925, 1, 0, 0
46100, 1181675, 0, 0, 0
46100, 1769185, 1, 0, 0
46200, 1225903, 0, 0, 0
46200, 1833379, 1, 0, 0
46300, 1191629, 0, 0, 0
46301, 1736438, 1, 0, 0
46400, 1157748, 0, 0, 0
46401, 1784367, 1, 0, 0
46500, 1216018, 0, 0, 0
46502, 1738717, 1, 0, 0
46601, 1866996, 1, 0, 0
46602, 1155637, 0, 0, 0
46700, 1183074, 0, 0, 0
46701, 1815743, 1, 0, 0
46800, 1179199, 0, 0, 0
46803, 1818367, 1, 0, 0
46900, 1233146, 0, 0, 0
46902, 1762673, 1, 0, 0
47000, 1204136, 0, 0, 0
47001, 1977241, 1, 0, 0
47100, 1198091, 0, 0, 0
47101, 1719777, 1, 0, 0
47200, 1182686, 0, 0, 0
47201, 1788417, 1, 0, 0
47300, 1832756, 1, 0, 0
47302, 1286445, 0, 0, 0
47400, 1209413, 0, 0, 0
47401, 1804205, 1, 0, 0
47500, 1216732, 0, 0, 0
47500, 1858666, 1, 0, 0
47601, 1784436, 1, 0, 0
47602, 1201895, 0, 0, 0
47700, 1769999, 1, 0, 0
47701, 1197155, 0, 0, 0
47800, 1742405, 1, 0, 0
47800, 1230582, 0, 0, 0
47900, 1734408, 1, 0, 0
47902, 1220778, 0, 0, 0
48000, 1181492, 0, 0, 0
48001, 1750087, 1, 0, 0
48100, 1183221, 0, 0, 0
48101, 1741984, 1, 0, 0
48200, 1177502, 0, 0, 0
48200, 1755142, 1, 0, 0
48300, 1118362, 0, 0, 0
48303, 1800222, 1, 0, 0
48400, 1262058, 0, 0, 0
48402, 1833870, 1, 0, 0
48500, 1796484, 1, 0, 0
48500, 1140510, 0, 0, 0
48600, 1188064, 0, 0, 0
48603, 1793327, 1, 0, 0
48700, 1792099, 1, 0, 0
48702, 1133165, 0, 0, 0
48800, 1746778, 1, 0, 0
48801, 1197221, 0, 0, 0
48900, 1215565, 0, 0, 0
48903, 1798795, 1, 0, 0
49000, 1190466, 0, 0, 0
49003, 1769562, 1, 0, 0
49100, 1157052, 0, 0, 0
49105, 1900120, 1, 0, 0
49201, 1213041, 0, 0, 0
49201, 1786985, 1, 0, 0
49300, 1205670, 0, 0, 0
49303, 1754406, 1, 0, 0
49400, 1198082, 0, 0, 0
49401, 1713435, 1, 0, 0
49500, 1816041, 1, 0, 0
49502, 1207118, 0, 0, 0
49600, 1228634, 0, 0, 0
49603, 1735628, 1, 0, 0
49700, 1728270, 1, 0, 0
49703, 1195854, 0, 0, 0
49800, 1814071, 1, 0, 0
49800, 1201188, 0, 0, 0
49900, 1694358, 1, 0, 0
49901, 1270256, 0, 0, 0
50000, 1209168, 0, 0, 0
50001, 1837707, 1, 0, 0
50100, 1147322, 0, 0, 0
50102, 1925642, 1, 0, 0
50201, 1183194, 0, 0, 0
50201, 1710481, 1, 0, 0
50300, 1240675, 0, 0, 0
50303, 1764363, 1, 0, 0
50400, 1167092, 0, 0, 0
50401, 1734986, 1, 0, 0
50500, 1785038, 1, 0, 0
50501, 1157067, 0, 0, 0
50600, 1140235, 0, 0, 0
50601, 1734956, 1, 0, 0
50700, 1179737, 0, 0, 0
50702, 1754870, 1, 0, 0
50800, 1843899, 1, 0, 0
50800, 1176819, 0, 0, 0
50900, 1850661, 1, 0, 0
50901, 1243017, 0, 0, 0
51000, 1192357, 0, 0, 0
51003, 1777404, 1, 0, 0
51100, 1178298, 0, 0, 0
51101, 1793452, 1, 0, 0
51200, 1746161, 1, 0, 0
51200, 1212647, 0, 0, 0
51300, 1237743, 0, 0, 0
51300, 1708714, 1, 0, 0
51400, 1183079, 0, 0, 0
51400, 1803623, 1, 0, 0
51500, 1201423, 0, 0, 0
51501, 1804460, 1, 0, 0
51600, 1160756, 0, 0, 0
51601, 1793379, 1, 0, 0
51700, 1221423, 0, 0, 0
51705, 1799740, 1, 0, 0
51800, 1145279, 0, 0, 0
51804, 1734472, 1, 0, 0
51900, 1243561, 0, 0, 0
51905, 1764053, 1, 0, 0
52000, 1854343, 1, 0, 0
52001, 1144564, 0, 0, 0
52100, 1847061, 1, 0, 0
52101, 1202724, 0, 0, 0
52200, 1145638, 0, 0, 0
52201, 1813876, 1, 0, 0
52300, 1198356, 0, 0, 0
52303, 1763172, 1, 0, 0
52401, 1796769, 1, 0, 0
52401, 1255857, 0, 0, 0
52500, 1165333, 0, 0, 0
52515, 1839119, 1, 0, 0
52600, 1207589, 0, 0, 0
52605, 1848796, 1, 0, 0
52700, 1236698, 0, 0, 0
52703, 1833299, 1, 0, 0
52800, 1141616, 0, 0, 0
52802, 1704706, 1, 0, 0
52900, 1755672, 1, 0, 0
52901, 1207580, 0, 0, 0
53000, 1173149, 0, 0, 0
53004, 1699931, 1, 0, 0
53101, 1782809, 1, 0, 0
53102, 1157182, 0, 0, 0
53201, 1203859, 0, 0, 0
53202, 1774286, 1, 0, 0
53300, 1208298, 0, 0, 0
53306, 1820122, 1, 0, 0
53400, 1197974, 0, 0, 0
53403, 1763004, 1, 0, 0
53500, 1206216, 0, 0, 0
53501, 1802572, 1, 0, 0
53600, 1185501, 0, 0, 0
53603, 1722574, 1, 0, 0
53700, 1145939, 0, 0, 0
53701, 1820370, 1, 0, 0
53800, 1154530, 0, 0, 0
53801, 1683368, 1, 0, 0
53900, 1128146, 0, 0, 0
53901, 1743456, 1, 0, 0
54000, 1193644, 0, 0, 0
54003, 1744647, 1, 0, 0
54101, 1197547, 0, 0, 0
54102, 1847992, 1, 0, 0
54200, 1268039, 0, 0, 0
54203, 1831824, 1, 0, 0
54300, 1162238, 0, 0, 0
54303, 1911511, 1, 0, 0
54400, 1174778, 0, 0, 0
54400, 1689116, 1, 0, 0
54501, 1727451, 1, 0, 0
54502, 1260289, 0, 0, 0
54600, 1208253, 0, 0, 0
54600, 1815640, 1, 0, 0
54700, 1260821, 0, 0, 0
54702, 1947847, 1, 0, 0
54800, 1173118, 0, 0, 0
54801, 1695651, 1, 0, 0
54900, 1218579, 0, 0, 0
54900, 1801207, 1, 0, 0
55000, 1151936, 0, 0, 0
55001, 1846261, 1, 0, 0
55100, 1790403, 1, 0, 0
55100, 1191281, 0, 0, 0
55200, 1190389, 0, 0, 0
55203, 1749181, 1, 0, 0
55300, 1807885, 1, 0, 0
55300, 1218191, 0, 0, 0
55400, 1884166, 1, 0, 0
55400, 1221936, 0, 0, 0
55500, 1780753, 1, 0, 0
55500, 1161309, 0, 0, 0
55600, 1770347, 1, 0, 0
55601, 1150986, 0, 0, 0
55700, 1170613, 0, 0, 0
55700, 1903672, 1, 0, 0
55800, 1886407, 1, 0, 0
55801, 1204610, 0, 0, 0
55900, 1834982, 1, 0, 0
55900, 1165082, 0, 0, 0
56000, 1167915, 0, 0, 0
56003, 1916837, 1, 0, 0
56100, 1137360, 0, 0, 0
56101, 1980720, 1, 0, 0
56200, 1908438, 1, 0, 0
56200, 1227722, 0, 0, 0
56300, 1856756, 1, 0, 0
56301, 1199199, 0, 0, 0
56400, 1765672, 1, 0, 0
56401, 1160205, 0, 0, 0
56501, 1736512, 1, 0, 0
56502, 1224062, 0, 0, 0
56600, 1233988, 0, 0, 0
56602, 1773638, 1, 0, 0
56700, 1159666, 0, 0, 0
56705, 1751419, 1, 0, 0
56800, 1205319, 0, 0, 0
56800, 1867310, 1, 0, 0
56900, 1143890, 0, 0, 0
56900, 1873758, 1, 0, 0
57000, 1787639, 1, 0, 0
57001, 1215533, 0, 0, 0
57100, 1268075, 0, 0, 0
57102, 1749705, 1, 0, 0
57200, 1168197, 0, 0, 0
57201, 1762005, 1, 0, 0
57300, 1767002, 1, 0, 0
57300, 1185600, 0, 0, 0
57400, 1192281, 0, 0, 0
57402, 1815034, 1, 0, 0
57500, 1140590, 0, 0, 0
57500, 1660293, 1, 0, 0
57600, 1139674, 0, 0, 0
57600, 1802664, 1, 0, 0
57700, 1186080, 0, 0, 0
57700, 1723943, 1, 0, 0
57800, 1160907, 0, 0, 0
57800, 1767619, 1, 0, 0
57900, 1231500, 0, 0, 0
57900, 1705726, 1, 0, 0
58000, 1197177, 0, 0, 0
58000, 1808577, 1, 0, 0
58100, 1842546, 1, 0, 0
58101, 1169236, 0, 0, 0
58200, 1187798, 0, 0, 0
58207, 1762986, 1, 0, 0
58300, 1207561, 0, 0, 0
58300, 1673435, 1, 0, 0
58400, 1230673, 0, 0, 0
58404, 1826370, 1, 0, 0
58501, 1801522, 1, 0, 0
58501, 1135805, 0, 0, 0
58600, 1726204, 1, 0, 0
58600, 1198133, 0, 0, 0
58700, 1204686, 0, 0, 0
58701, 1733929, 1, 0, 0
58800, 1173783, 0, 0, 0
58803, 1894385, 1, 0, 0
58900, 1213288, 0, 0, 0
58906, 1826723, 1, 0, 0
59001, 1154338, 0, 0, 0
59002, 1796829, 1, 0, 0
59100, 1891082, 1, 0, 0
59102, 1189680, 0, 0, 0
59200, 1832119, 1, 0, 0
59200, 1169537, 0, 0, 0
59300, 1192700, 0, 0, 0
59302, 1835308, 1, 0, 0
59400, 1246405, 0, 0, 0
59405, 1724599, 1, 0, 0
59500, 1181352, 0, 0, 0
59503, 1789735, 1, 0, 0
59600, 1213761, 0, 0, 0
59600, 1762299, 1, 0, 0
59700, 1178975, 0, 0, 0
59701, 1817455, 1, 0, 0
59800, 1245170, 0, 0, 0
59804, 1850068, 1, 0, 0
59900, 1853646, 1, 0, 0
59901, 1187836, 0, 0, 0
60000, 1761919, 1, 0, 0
60001, 1154218, 0, 0, 0
60100, 1221559, 0, 0, 0
60102, 1869070, 1, 0, 0
60200, 1180207, 0, 0, 0
60202, 1743969, 1, 0, 0
60300, 1238148, 0, 0, 0
60304, 1731065, 1, 0, 0
60400, 1724628, 1, 0, 0
60401, 1178427, 0, 0, 0
60500, 1177763, 0, 0, 0
60501, 1811460, 1, 0, 0
60600, 1229086, 0, 0, 0
60601, 1795971, 1, 0, 0
60700, 1763618, 1, 0, 0
60702, 1185217, 0, 0, 0
60800, 1176212, 0, 0, 0
60802, 1934253, 1, 0, 0
60900, 1742883, 1, 0, 0
60901, 1138220, 0, 0, 0
61000, 1214634, 0, 0, 0
61002, 1751601, 1, 0, 0
61100, 1162603, 0, 0, 0
61103, 1871667, 1, 0, 0
61200, 1850465, 1, 0, 0
61201, 1222453, 0, 0, 0
61300, 1214566, 0, 0, 0
61302, 1769178, 1, 0, 0
61400, 1207541, 0, 0, 0
61402, 1692119, 1, 0, 0
61500, 1236727, 0, 0, 0
61503, 1775417, 1, 0, 0
61600, 1742170, 1, 0, 0
61605, 1252571, 0, 0, 0
61700, 1185597, 0, 0, 0
61703, 1847450, 1, 0, 0
61800, 1730133, 1, 0, 0
61801, 1236922, 0, 0, 0
61900, 1238407, 0, 0, 0
61901, 1792465, 1, 0, 0
62000, 1907710, 1, 0, 0
62003, 1219365, 0, 0, 0
62100, 1197416, 0, 0, 0
62101, 1752986, 1, 0, 0
62200, 1212285, 0, 0, 0
62201, 1814797, 1, 0, 0
62300, 1127833, 0, 0, 0
62301, 1760469, 1, 0, 0
62400, 1710454, 1, 0, 0
62400, 1231338, 0, 0, 0
62501, 1181079, 0, 0, 0
62501, 1985312, 1, 0, 0
62600, 1211034, 0, 0, 0
62600, 1784316, 1, 0, 0
62700, 1183261, 0, 0, 0
62701, 1700302, 1, 0, 0
62800, 1221618, 0, 0, 0
62805, 1740115, 1, 0, 0
62900, 1748942, 1, 0, 0
62903, 1312929, 0, 0, 0
63000, 1176376, 0, 0, 0
63004, 1796206, 1, 0, 0
63101, 1744254, 1, 0, 0
63102, 1219335, 0, 0, 0
63200, 1200588, 0, 0, 0
63203, 1786753, 1, 0, 0
63300, 1179455, 0, 0, 0
63303, 1763136, 1, 0, 0
63400, 1911903, 1, 0, 0
63400, 1229395, 0, 0, 0
63500, 1238506, 0, 0, 0
63504, 1829239, 1, 0, 0
63600, 1250060, 0, 0, 0
63603, 1879562, 1, 0, 0
63700, 1179111, 0, 0, 0
63704, 1776461, 1, 0, 0
63800, 1187415, 0, 0, 0
63802, 1782956, 1, 0, 0
63900, 1225576, 0, 0, 0
63902, 1693520, 1, 0, 0
64000, 1229871, 0, 0, 0
64001, 1673474, 1, 0, 0
64101, 1203595, 0, 0, 0
64101, 1812114, 1, 0, 0
64200, 1140042, 0, 0, 0
64202, 1711808, 1, 0, 0
64301, 1170335, 0, 0, 0
64301, 1707528, 1, 0, 0
64400, 1129868, 0, 0, 0
64400, 1795543, 1, 0, 0
64500, 1662455, 1, 0, 0
64504, 1172790, 0, 0, 0
64600, 1749945, 1, 0, 0
64601, 1208275, 0, 0, 0
64700, 1899791, 1, 0, 0
64705, 1228662, 0, 0, 0
64800, 1217848, 0, 0, 0
64801, 1700172, 1, 0, 0
64900, 1241843, 0, 0, 0
64904, 1716487, 1, 0, 0
65000, 1136429, 0, 0, 0
65001, 1771901, 1, 0, 0
65100, 1788793, 1, 0, 0
65101, 1188771, 0, 0, 0
65200, 1920567, 1, 0, 0
65200, 1250947, 0, 0, 0
65300, 1198821, 0, 0, 0
65303, 1776080, 1, 0, 0
65400, 1205096, 0, 0, 0
65401, 1726373, 1, 0, 0
65500, 1228746, 0, 0, 0
65501, 1902295, 1, 0, 0
65600, 1176391, 0, 0, 0
65602, 1771767, 1, 0, 0
65700, 1186030, 0, 0, 0
65700, 1747174, 1, 0, 0
65801, 1827260, 1, 0, 0
65802, 1160174, 0, 0, 0
65900, 1166588, 0, 0, 0
65902, 1762156, 1, 0, 0
66000, 1253902, 0, 0, 0
66006, 1704968, 1, 0, 0
66100, 1795194, 1, 0, 0
66101, 1162577, 0, 0, 0
66200, 1215305, 0, 0, 0
66200, 1714119, 1, 0, 0
66300, 1834614, 1, 0, 0
66302, 1179954, 0, 0, 0
66400, 1213987, 0, 0, 0
66401, 1694993, 1, 0, 0
66500, 1222756, 0, 0, 0
66505, 1718544, 1, 0, 0
66600, 1268300, 0, 0, 0
66601, 1843636, 1, 0, 0
66700, 1652876, 1, 0, 0
66700, 1162465, 0, 0, 0
66800, 1266945, 0, 0, 0
66801, 1730531, 1, 0, 0
66900, 1812362, 1, 0, 0
66901, 1221803, 0, 0, 0
67000, 1197391, 0, 0, 0
67002, 1719231, 1, 0, 0
67100, 1149034, 0, 0, 0
67101, 1765022, 1, 0, 0
67200, 1160477, 0, 0, 0
67200, 1668378, 1, 0, 0
67301, 1207916, 0, 0, 0
67301, 1733489, 1, 0, 0
67400, 1125983, 0, 0, 0
67400, 1660154, 1, 0, 0
67500, 1698206, 1, 0, 0
67500, 1233828, 0, 0, 0
67600, 1177825, 0, 0, 0
67603, 1813332, 1, 0, 0
67701, 1217069, 0, 0, 0
67701, 1828485, 1, 0, 0
67800, 1767814, 1, 0, 0
67801, 1177250, 0, 0, 0
67900, 1226931, 0, 0, 0
67902, 1768922, 1, 0, 0
68000, 1745836, 1, 0, 0
68002, 1164160, 0, 0, 0
68100, 1247227, 0, 0, 0
68101, 1722650, 1, 0, 0
68201, 1168057, 0, 0, 0
68201, 1775643, 1, 0, 0
68300, 1140225, 0, 0, 0
68304, 1786830, 1, 0, 0
68400, 1231000, 0, 0, 0
68401, 1877096, 1, 0, 0
68501, 1177310, 0, 0, 0
68502, 1891013, 1, 0, 0
68600, 1182416, 0, 0, 0
68600, 1816808, 1, 0, 0
68700, 1706596, 1, 0, 0
68700, 1192339, 0, 0, 0
68800, 1158890, 0, 0, 0
68801, 1791262, 1, 0, 0
68901, 1831310, 1, 0, 0
68902, 1188149, 0, 0, 0
69000, 1762762, 1, 0, 0
69001, 1202449, 0, 0, 0
69100, 1197145, 0, 0, 0
69100, 1764312, 1, 0, 0
69201, 1793707, 1, 0, 0
69201, 1185407, 0, 0, 0
69300, 1150024, 0, 0, 0
69300, 1776783, 1, 0, 0
69401, 1231207, 0, 0, 0
69402, 1775839, 1, 0, 0
69500, 1696194, 1, 0, 0
69500, 1227329, 0, 0, 0
69600, 1775053, 1, 0, 0
69600, 1195706, 0, 0, 0
69700, 1852888, 1, 0, 0
69700, 1230634, 0, 0, 0
69800, 1158335, 0, 0, 0
69805, 1745282, 1, 0, 0
69900, 1182523, 0, 0, 0
69901, 1760813, 1, 0, 0
70000, 1157165, 0, 0, 0
70003, 1804232, 1, 0, 0
70100, 1835602, 1, 0, 0
70101, 1177781, 0, 0, 0
70200, 1755169, 1, 0, 0
70201, 1195271, 0, 0, 0
70300, 1714114, 1, 0, 0
70300, 1190430, 0, 0, 0
70400, 1265345, 0, 0, 0
70401, 1701658, 1, 0, 0
70500, 1207878, 0, 0, 0
70504, 1870131, 1, 0, 0
70600, 1163253, 0, 0, 0
70601, 1765401, 1, 0, 0
70700, 1185948, 0, 0, 0
70702, 1842857, 1, 0, 0
70800, 1139767, 0, 0, 0
70801, 1741488, 1, 0, 0
70900, 1215785, 0, 0, 0
70902, 1887055, 1, 0, 0
71000, 1167141, 0, 0, 0
71000, 1770367, 1, 0, 0
71100, 1200305, 0, 0, 0
71100, 1841104, 1, 0, 0
71200, 1838622, 1, 0, 0
71201, 1235420, 0, 0, 0
71300, 1166934, 0, 0, 0
71303, 1790427, 1, 0, 0
71400, 1165476, 0, 0, 0
71403, 1896614, 1, 0, 0
71500, 1221181, 0, 0, 0
71503, 1766137, 1, 0, 0
71600, 1206842, 0, 0, 0
71600, 1716658, 1, 0, 0
71700, 1748148, 1, 0, 0
71700, 1174097, 0, 0, 0
71800, 1218157, 0, 0, 0
71802, 1777511, 1, 0, 0
71901, 1863536, 1, 0, 0
71902, 1216114, 0, 0, 0
72000, 1213830, 0, 0, 0
72002, 1789252, 1, 0, 0
72100, 1188301, 0, 0, 0
72101, 1819380, 1, 0, 0
72200, 1207697, 0, 0, 0
72200, 1805593, 1, 0, 0
72300, 1190399, 0, 0, 0
72302, 1683528, 1, 0, 0
72400, 1853235, 1, 0, 0
72401, 1150118, 0, 0, 0
72500, 1745193, 1, 0, 0
72502, 1186972, 0, 0, 0
72600, 1157250, 0, 0, 0
72600, 1611801, 1, 0, 0
72700, 1175214, 0, 0, 0
72701, 1760614, 1, 0, 0
72800, 1843726, 1, 0, 0
72802, 1207967, 0, 0, 0
72900, 1220381, 0, 0, 0
72901, 1882312, 1, 0, 0
73000, 1174044, 0, 0, 0
73004, 1846420, 1, 0, 0
73100, 1243364, 0, 0, 0
73102, 1746891, 1, 0, 0
73201, 1162950, 0, 0, 0
73201, 1814692, 1, 0, 0
73300, 1178999, 0, 0, 0
73302, 1839917, 1, 0, 0
73400, 1126762, 0, 0, 0
73400, 1873996, 1, 0, 0
73500, 1794670, 1, 0, 0
73501, 1230753, 0, 0, 0
73600, 1236845, 0, 0, 0
73603, 1691636, 1, 0, 0
73700, 1141040, 0, 0, 0
73700, 1839501, 1, 0, 0
73800, 1156609, 0, 0, 0
73801, 1876450, 1, 0, 0
73900, 1142086, 0, 0, 0
73902, 1733928, 1, 0, 0
74001, 1719689, 1, 0, 0
74002, 1218291, 0, 0, 0
74100, 1295822, 0, 0, 0
74100, 1938945, 1, 0, 0
74200, 1214387, 0, 0, 0
74205, 1817407, 1, 0, 0
74300, 1180518, 0, 0, 0
74300, 1801171, 1, 0, 0
74400, 1180518, 0, 0, 0
74400, 1796351, 1, 0, 0
74500, 1118942, 0, 0, 0
74500, 1741310, 1, 0, 0
74600, 1170351, 0, 0, 0
74602, 1699855, 1, 0, 0
74700, 1189432, 0, 0, 0
74700, 1850119, 1, 0, 0
74800, 1228075, 0, 0, 0
74801, 1778333, 1, 0, 0
74900, 1772079, 1, 0, 0
74900, 1184034, 0, 0, 0
75000, 1182248, 0, 0, 0
75002, 1860610, 1, 0, 0
75100, 1732686, 1, 0, 0
75101, 1115353, 0, 0, 0
75200, 1163551, 0, 0, 0
75201, 1868481, 1, 0, 0
75300, 1225248, 0, 0, 0
75304, 1887040, 1, 0, 0
75400, 1773224, 1, 0, 0
75402, 1133012, 0, 0, 0
75500, 1214506, 0, 0, 0
75502, 1806427, 1, 0, 0
75600, 1183193, 0, 0, 0
75604, 1809518, 1, 0, 0
75700, 1781535, 1, 0, 0
75704, 1191771, 0, 0, 0
75800, 1201767, 0, 0, 0
75802, 1839558, 1, 0, 0
75900, 1993605, 1, 0, 0
75901, 1244105, 0, 0, 0
76000, 1817741, 1, 0, 0
76001, 1187522, 0, 0, 0
76100, 1690028, 1, 0, 0
76101, 1167197, 0, 0, 0
76200, 1200579, 0, 0, 0
76200, 1802675, 1, 0, 0
76300, 1226092, 0, 0, 0
76305, 1810491, 1, 0, 0
76400, 1180741, 0, 0, 0
76402, 1753687, 1, 0, 0
76500, 1172527, 0, 0, 0
76502, 1780151, 1, 0, 0
76601, 1235502, 0, 0, 0
76602, 1805999, 1, 0, 0
76700, 1144050, 0, 0, 0
76702, 1769559, 1, 0, 0
76801, 1189383, 0, 0, 0
76801, 1740201, 1, 0, 0
76900, 1241268, 0, 0, 0
76904, 1942155, 1, 0, 0
77000, 1235221, 0, 0, 0
77001, 1767181, 1, 0, 0
77100, 1182119, 0, 0, 0
77101, 1761426, 1, 0, 0
77200, 1723409, 1, 0, 0
77201, 1157027, 0, 0, 0
77301, 1734052, 1, 0, 0
77302, 1154106, 0, 0, 0
77400, 1206199, 0, 0, 0
77402, 1710016, 1, 0, 0
77500, 1135329, 0, 0, 0
77501, 1807929, 1, 0, 0
77600, 1167162, 0, 0, 0
77606, 1692176, 1, 0, 0
77701, 1751039, 1, 0, 0
77702, 1215522, 0, 0, 0
77800, 1818914, 1, 0, 0
77802, 1172902, 0, 0, 0
77900, 1158826, 0, 0, 0
77900, 1798844, 1, 0, 0
78000, 1159095, 0, 0, 0
78000, 1843984, 1, 0, 0
78100, 1213093, 0, 0, 0
78102, 1694934, 1, 0, 0
78200, 1213098, 0, 0, 0
78208, 1669927, 1, 0, 0
78301, 1779957, 1, 0, 0
78301, 1171773, 0, 0, 0
78400, 1123961, 0, 0, 0
78400, 1729460, 1, 0, 0
78501, 1203867, 0, 0, 0
78509, 1861794, 1, 0, 0
78600, 1795220, 1, 0, 0
78601, 1208316, 0, 0, 0
78700, 1199320, 0, 0, 0
78702, 1738619, 1, 0, 0
78800, 1169681, 0, 0, 0
78801, 1746883, 1, 0, 0
78900, 1866152, 1, 0, 0
78900, 1181703, 0, 0, 0
79000, 1182833, 0, 0, 0
79001, 1665878, 1, 0, 0
79100, 1201574, 0, 0, 0
79101, 1794180, 1, 0, 0
79200, 1224817, 0, 0, 0
79202, 1870491, 1, 0, 0
79300, 1204395, 0, 0, 0
79301, 1907884, 1, 0, 0
79400, 1143407, 0, 0, 0
79405, 1753919, 1, 0, 0
79501, 1817357, 1, 0, 0
79501, 1211673, 0, 0, 0
79600, 1180827, 0, 0, 0
79600, 1790282, 1, 0, 0
79701, 1866253, 1, 0, 0
79704, 1178920, 0, 0, 0
79800, 1864111, 1, 0, 0
79800, 1136718, 0, 0, 0
79900, 1215148, 0, 0, 0
79901, 1854054, 1, 0, 0
80000, 1835122, 1, 0, 0
80001, 1179199, 0, 0, 0
80100, 1238976, 0, 0, 0
80102, 1825315, 1, 0, 0
80200, 1195188, 0, 0, 0
80202, 1800492, 1, 0, 0
80300, 1226624, 0, 0, 0
80302, 1778493, 1, 0, 0
80400, 1178699, 0, 0, 0
80400, 1865115, 1, 0, 0
80500, 1187622, 0, 0, 0
80501, 1784987, 1, 0, 0
80600, 1193672, 0, 0, 0
80601, 1794293, 1, 0, 0
80700, 1150941, 0, 0, 0
80701, 1768121, 1, 0, 0
80800, 1723346, 1, 0, 0
80800, 1186163, 0, 0, 0
80900, 1171428, 0, 0, 0
80901, 1750992, 1, 0, 0
81000, 1216960, 0, 0, 0
81000, 1897312, 1, 0, 0
81100, 1689985, 1, 0, 0
81100, 1209317, 0, 0, 0
81200, 1862846, 1, 0, 0
81201, 1229963, 0, 0, 0
81300, 1248255, 0, 0, 0
81302, 1761008, 1, 0, 0
81400, 1204084, 0, 0, 0
81401, 1937719, 1, 0, 0
81500, 1217817, 0, 0, 0
81501, 1769812, 1, 0, 0
81600, 1208794, 0, 0, 0
81604, 1804342, 1, 0, 0
81700, 1185376, 0, 0, 0
81701, 1729156, 1, 0, 0
81800, 1787220, 1, 0, 0
81801, 1189555, 0, 0, 0
81900, 1280906, 0, 0, 0
81901, 1797840, 1, 0, 0
82000, 1819604, 1, 0, 0
82002, 1208811, 0, 0, 0
82100, 1210509, 0, 0, 0
82106, 1843287, 1, 0, 0
82200, 1192159, 0, 0, 0
82202, 1682630, 1, 0, 0
82300, 1856937, 1, 0, 0
82302, 1212166, 0, 0, 0
82400, 1810589, 1, 0, 0
82401, 1190387, 0, 0, 0
82501, 1215443, 0, 0, 0
82501, 1906683, 1, 0, 0
82601, 1807215, 1, 0, 0
82601, 1214456, 0, 0, 0
82700, 1178721, 0, 0, 0
82700, 1787667, 1, 0, 0
82800, 1145728, 0, 0, 0
82802, 1764424, 1, 0, 0
82900, 1175724, 0, 0, 0
82900, 1805923, 1, 0, 0
83000, 1741797, 1, 0, 0
83001, 1210558, 0, 0, 0
83100, 1158339, 0, 0, 0
83100, 1785376, 1, 0, 0
83201, 1619025, 1, 0, 0
83201, 1147509, 0, 0, 0
83300, 1806678, 1, 0, 0
83300, 1218832, 0, 0, 0
83400, 1211019, 0, 0, 0
83401, 1844916, 1, 0, 0
83500, 1196886, 0, 0, 0
83502, 1688533, 1, 0, 0
83600, 1811642, 1, 0, 0
83601, 1225298, 0, 0, 0
83700, 1840741, 1, 0, 0
83701, 1158806, 0, 0, 0
83800, 1755927, 1, 0, 0
83800, 1208568, 0, 0, 0
83900, 1751014, 1, 0, 0
83901, 1192834, 0, 0, 0
84000, 1145936, 0, 0, 0
84001, 1765287, 1, 0, 0
84100, 1209058, 0, 0, 0
84101, 1754825, 1, 0, 0
84200, 1754494, 1, 0, 0
84200, 1174655, 0, 0, 0
84300, 1232502, 0, 0, 0
84302, 1786347, 1, 0, 0
84400, 1703128, 1, 0, 0
84401, 1231131, 0, 0, 0
84500, 1217457, 0, 0, 0
84504, 1837041, 1, 0, 0
84600, 1179276, 0, 0, 0
84606, 1733006, 1, 0, 0
84700, 1175592, 0, 0, 0
84701, 1888145, 1, 0, 0
84800, 1889488, 1, 0, 0
84801, 1252025, 0, 0, 0
84900, 1117724, 0, 0, 0
84901, 1859572, 1, 0, 0
85000, 1188543, 0, 0, 0
85003, 1782466, 1, 0, 0
85100, 1809273, 1, 0, 0
85100, 1206605, 0, 0, 0
85200, 1172138, 0, 0, 0
85201, 1781639, 1, 0, 0
85300, 1740640, 1, 0, 0
85301, 1236363, 0, 0, 0
85400, 1178613, 0, 0, 0
85401, 1777987, 1, 0, 0
85501, 1735610, 1, 0, 0
85501, 1224157, 0, 0, 0
85600, 1195502, 0, 0, 0
85600, 1826517, 1, 0, 0
85701, 1792360, 1, 0, 0
85703, 1171821, 0, 0, 0
85800, 1147266, 0, 0, 0
85801, 1844019, 1, 0, 0
85900, 1160906, 0, 0, 0
85900, 1833133, 1, 0, 0
86000, 1770138, 1, 0, 0
86001, 1177416, 0, 0, 0
86100, 1199454, 0, 0, 0
86103, 1720731, 1, 0, 0
86200, 1795227, 1, 0, 0
86200, 1103137, 0, 0, 0
86301, 1192764, 0, 0, 0
86304, 1748424, 1, 0, 0
86400, 1792775, 1, 0, 0
86400, 1108350, 0, 0, 0
86500, 1149292, 0, 0, 0
86504, 1712747, 1, 0, 0
86600, 1151262, 0, 0, 0
86601, 1819643, 1, 0, 0
86700, 1768338, 1, 0, 0
86700, 1177872, 0, 0, 0
86800, 1195366, 0, 0, 0
86802, 1775831, 1, 0, 0
86901, 1721299, 1, 0, 0
86901, 1221875, 0, 0, 0
87000, 1145077, 0, 0, 0
87002, 1696931, 1, 0, 0
87100, 1208495, 0, 0, 0
87100, 1754704, 1, 0, 0
87200, 1870456, 1, 0, 0
87204, 1224162, 0, 0, 0
87300, 1136185, 0, 0, 0
87302, 1820969, 1, 0, 0
87400, 1172915, 0, 0, 0
87402, 1872668, 1, 0, 0
87500, 1194507, 0, 0, 0
87502, 1889185, 1, 0, 0
87600, 1808375, 1, 0, 0
87601, 1195883, 0, 0, 0
87701, 1182072, 0, 0, 0
87701, 1770319, 1, 0, 0
87800, 1113364, 0, 0, 0
87801, 1783644, 1, 0, 0
87901, 1168278, 0, 0, 0
87903, 1698484, 1, 0, 0
88000, 1170429, 0, 0, 0
88002, 1792095, 1, 0, 0
88100, 1185342, 0, 0, 0
88106, 1656771, 1, 0, 0
88200, 1240554, 0, 0, 0
88201, 1776717, 1, 0, 0
88300, 1745283, 1, 0, 0
88301, 1229651, 0, 0, 0
88400, 1154563, 0, 0, 0
88402, 1731635, 1, 0, 0
88500, 1179444, 0, 0, 0
88502, 1723467, 1, 0, 0
88600, 1802587, 1, 0, 0
88602, 1154225, 0, 0, 0
88700, 1793601, 1, 0, 0
88701, 1165392, 0, 0, 0
88800, 1234706, 0, 0, 0
88803, 1738039, 1, 0, 0
88900, 1240651, 0, 0, 0
88902, 1823399, 1, 0, 0
89001, 1227261, 0, 0, 0
89002, 1783675, 1, 0, 0
89100, 1232619, 0, 0, 0
89103, 1797234, 1, 0, 0
89201, 1878493, 1, 0, 0
89202, 1199446, 0, 0, 0
89300, 1245232, 0, 0, 0
89302, 1887185, 1, 0, 0
89400, 1154723, 0, 0, 0
89400, 1812105, 1, 0, 0
89500, 1193100, 0, 0, 0
89502, 1804718, 1, 0, 0
89600, 1202714, 0, 0, 0
89600, 1908330, 1, 0, 0
89700, 1252145, 0, 0, 0
89701, 1823483, 1, 0, 0
89800, 1244188, 0, 0, 0
89804, 1803945, 1, 0, 0
89900, 1213502, 0, 0, 0
89900, 1717596, 1, 0, 0
90000, 1768279, 1, 0, 0
90000, 1176587, 0, 0, 0
90000, 1343286, 1, 0, 0
