250, 988, 0, 0, 0
350, 910, 0, 0, 0
450, 860, 0, 0, 0
550, 990, 0, 0, 0
650, 970, 0, 0, 0
749, 848, 0, 0, 0
849, 930, 0, 0, 0
949, 940, 0, 0, 0
1050, 1070, 0, 0, 0
1150, 980, 0, 0, 0
1249, 1000, 0, 0, 0
1349, 940, 0, 0, 0
1449, 880, 0, 0, 0
1549, 1050, 0, 0, 0
1649, 890, 0, 0, 0
1749, 860, 0, 0, 0
1849, 900, 0, 0, 0
1949, 970, 0, 0, 0
2050, 900, 0, 0, 0
2150, 770, 0, 0, 0
2249, 818, 0, 0, 0
2349, 790, 0, 0, 0
2449, 1020, 0, 0, 0
2549, 960, 0, 0, 0
2649, 860, 0, 0, 0
2749, 840, 0, 0, 0
2849, 800, 0, 0, 0
2949, 1010, 0, 0, 0
3050, 910, 0, 0, 0
3150, 920, 0, 0, 0
3249, 1030, 0, 0, 0
3349, 780, 0, 0, 0
3449, 790, 0, 0, 0
3549, 810, 0, 0, 0
3649, 790, 0, 0, 0
3749, 770, 0, 0, 0
3849, 770, 0, 0, 0
3949, 830, 0, 0, 0
4049, 850, 0, 0, 0
4150, 970, 0, 0, 0
4250, 940, 0, 0, 0
4350, 800, 0, 0, 0
4450, 730, 0, 0, 0
4550, 890, 0, 0, 0
4650, 990, 0, 0, 0
4749, 969, 0, 0, 0
4849, 880, 0, 0, 0
4949, 790, 0, 0, 0
5050, 920, 0, 0, 0
5150, 850, 0, 0, 0
5249, 1141, 0, 0, 0
5349, 930, 0, 0, 0
5449, 1050, 0, 0, 0
5549, 830, 0, 0, 0
5649, 830, 0, 0, 0
5749, 970, 0, 0, 0
5849, 960, 0, 0, 0
5949, 930, 0, 0, 0
6049, 920, 0, 0, 0
6150, 960, 0, 0, 0
6250, 1040, 0, 0, 0
6350, 1180, 0, 0, 0
6450, 1010, 0, 0, 0
6550, 850, 0, 0, 0
6650, 1040, 0, 0, 0
6749, 909, 0, 0, 0
6849, 890, 0, 0, 0
6949, 880, 0, 0, 0
7049, 890, 0, 0, 0
7150, 1000, 0, 0, 0
7250, 1040, 0, 0, 0
7350, 910, 0, 0, 0
7450, 900, 0, 0, 0
7550, 800, 0, 0, 0
7650, 820, 0, 0, 0
7749, 898, 0, 0, 0
7849, 980, 0, 0, 0
7949, 910, 0, 0, 0
8049, 960, 0, 0, 0
8149, 980, 0, 0, 0
8250, 1000, 0, 0, 0
8350, 930, 0, 0, 0
8450, 780, 0, 0, 0
8550, 830, 0, 0, 0
8650, 930, 0, 0, 0
8749, 1030, 0, 0, 0
8849, 930, 0, 0, 0
8949, 1010, 0, 0, 0
9049, 740, 0, 0, 0
9149, 910, 0, 0, 0
9250, 890, 0, 0, 0
9350, 870, 0, 0, 0
9450, 930, 0, 0, 0
9550, 980, 0, 0, 0
9650, 860, 0, 0, 0
9749, 878, 0, 0, 0
9849, 900, 0, 0, 0
9949, 910, 0, 0, 0
10049, 810, 0, 0, 0
10149, 990, 0, 0, 0
10250, 1000, 0, 0, 0
10350, 1040, 0, 0, 0
10450, 1000, 0, 0, 0
10550, 1000, 0, 0, 0
10650, 850, 0, 0, 0
10749, 878, 0, 0, 0
10849, 930, 0, 0, 0
10949, 1000, 0, 0, 0
11049, 1080, 0, 0, 0
11149, 980, 0, 0, 0
11250, 970, 0, 0, 0
11350, 960, 0, 0, 0
11450, 950, 0, 0, 0
11550, 730, 0, 0, 0
11650, 970, 0, 0, 0
11749, 959, 0, 0, 0
11849, 940, 0, 0, 0
11949, 900, 0, 0, 0
12049, 890, 0, 0, 0
12149, 1010, 0, 0, 0
12250, 720, 0, 0, 0
12350, 860, 0, 0, 0
12450, 920, 0, 0, 0
12550, 940, 0, 0, 0
12650, 810, 0, 0, 0
12749, 868, 0, 0, 0
12849, 890, 0, 0, 0
12949, 890, 0, 0, 0
13049, 920, 0, 0, 0
13149, 850, 0, 0, 0
13250, 1050, 0, 0, 0
13350, 920, 0, 0, 0
13450, 1090, 0, 0, 0
13550, 880, 0, 0, 0
13650, 1040, 0, 0, 0
13749, 949, 0, 0, 0
13849, 800, 0, 0, 0
13949, 850, 0, 0, 0
14049, 840, 0, 0, 0
14149, 770, 0, 0, 0
14250, 900, 0, 0, 0
14350, 850, 0, 0, 0
14450, 800, 0, 0, 0
14550, 660, 0, 0, 0
14650, 770, 0, 0, 0
14749, 929, 0, 0, 0
14849, 1040, 0, 0, 0
14949, 860, 0, 0, 0
15049, 960, 0, 0, 0
15149, 920, 0, 0, 0
15250, 740, 0, 0, 0
15350, 1080, 0, 0, 0
15450, 1060, 0, 0, 0
15550, 1050, 0, 0, 0
15650, 1020, 0, 0, 0
15749, 1040, 0, 0, 0
15849, 1270, 0, 0, 0
15949, 880, 0, 0, 0
16049, 1240, 0, 0, 0
16149, 860, 0, 0, 0
16250, 830, 0, 0, 0
16350, 1200, 0, 0, 0
16450, 870, 0, 0, 0
16550, 970, 0, 0, 0
16650, 870, 0, 0, 0
16749, 757, 0, 0, 0
16849, 740, 0, 0, 0
16949, 940, 0, 0, 0
17049, 820, 0, 0, 0
17149, 880, 0, 0, 0
17250, 800, 0, 0, 0
17350, 960, 0, 0, 0
17450, 1000, 0, 0, 0
17550, 1000, 0, 0, 0
17650, 810, 0, 0, 0
17749, 737, 0, 0, 0
17849, 900, 0, 0, 0
17949, 730, 0, 0, 0
18049, 780, 0, 0, 0
18149, 880, 0, 0, 0
18249, 890, 0, 0, 0
18350, 760, 0, 0, 0
18450, 860, 0, 0, 0
18550, 1050, 0, 0, 0
18650, 850, 0, 0, 0
18749, 1080, 0, 0, 0
18849, 1050, 0, 0, 0
18949, 890, 0, 0, 0
19049, 840, 0, 0, 0
19149, 870, 0, 0, 0
19249, 890, 0, 0, 0
19349, 1030, 0, 0, 0
19450, 1040, 0, 0, 0
19550, 780, 0, 0, 0
19650, 830, 0, 0, 0
19749, 979, 0, 0, 0
19849, 1070, 0, 0, 0
19949, 770, 0, 0, 0
20049, 890, 0, 0, 0
20149, 940, 0, 0, 0
20249, 920, 0, 0, 0
20349, 900, 0, 0, 0
20449, 970, 0, 0, 0
20550, 930, 0, 0, 0
20650, 1010, 0, 0, 0
20749, 1020, 0, 0, 0
20849, 880, 0, 0, 0
20949, 930, 0, 0, 0
21049, 780, 0, 0, 0
21149, 780, 0, 0, 0
21249, 1030, 0, 0, 0
21349, 930, 0, 0, 0
21449, 1100, 0, 0, 0
21550, 930, 0, 0, 0
21650, 950, 0, 0, 0
21749, 828, 0, 0, 0
21849, 990, 0, 0, 0
21949, 900, 0, 0, 0
22049, 870, 0, 0, 0
22149, 1020, 0, 0, 0
22249, 980, 0, 0, 0
22349, 960, 0, 0, 0
22449, 1000, 0, 0, 0
22549, 820, 0, 0, 0
22650, 840, 0, 0, 0
22750, 1000, 0, 0, 0
22850, 940, 0, 0, 0
22950, 1040, 0, 0, 0
23050, 990, 0, 0, 0
23150, 870, 0, 0, 0
23249, 1010, 0, 0, 0
23349, 870, 0, 0, 0
23449, 870, 0, 0, 0
23549, 790, 0, 0, 0
23650, 900, 0, 0, 0
23750, 800, 0, 0, 0
23850, 750, 0, 0, 0
23950, 790, 0, 0, 0
24050, 930, 0, 0, 0
24150, 860, 0, 0, 0
24249, 707, 0, 0, 0
24349, 840, 0, 0, 0
24449, 810, 0, 0, 0
24549, 640, 0, 0, 0
24649, 830, 0, 0, 0
24750, 900, 0, 0, 0
24850, 790, 0, 0, 0
24950, 760, 0, 0, 0
25050, 910, 0, 0, 0
25150, 750, 0, 0, 0
25249, 818, 0, 0, 0
25349, 1080, 0, 0, 0
25449, 840, 0, 0, 0
25549, 900, 0, 0, 0
25649, 810, 0, 0, 0
25750, 860, 0, 0, 0
25850, 890, 0, 0, 0
25950, 820, 0, 0, 0
26050, 740, 0, 0, 0
26150, 960, 0, 0, 0
26249, 808, 0, 0, 0
26349, 1110, 0, 0, 0
26449, 810, 0, 0, 0
26549, 800, 0, 0, 0
26649, 820, 0, 0, 0
26749, 760, 0, 0, 0
26849, 760, 0, 0, 0
26950, 880, 0, 0, 0
27050, 920, 0, 0, 0
27150, 920, 0, 0, 0
27249, 828, 0, 0, 0
27349, 940, 0, 0, 0
27449, 990, 0, 0, 0
27549, 930, 0, 0, 0
27649, 800, 0, 0, 0
27749, 860, 0, 0, 0
27849, 900, 0, 0, 0
27949, 790, 0, 0, 0
28050, 1070, 0, 0, 0
28150, 940, 0, 0, 0
28249, 969, 0, 0, 0
28349, 1010, 0, 0, 0
28449, 990, 0, 0, 0
28549, 800, 0, 0, 0
28649, 910, 0, 0, 0
28749, 960, 0, 0, 0
28849, 910, 0, 0, 0
28949, 900, 0, 0, 0
29050, 1050, 0, 0, 0
29150, 800, 0, 0, 0
29250, 800, 0, 0, 0
29350, 900, 0, 0, 0
29450, 800, 0, 0, 0
29550, 970, 0, 0, 0
29650, 870, 0, 0, 0
29749, 929, 0, 0, 0
29849, 930, 0, 0, 0
29949, 960, 0, 0, 0
30050, 1010, 0, 0, 0
30150, 930, 0, 0, 0
30250, 960, 0, 0, 0
30350, 1000, 0, 0, 0
30450, 1060, 0, 0, 0
30550, 830, 0, 0, 0
30650, 780, 0, 0, 0
30749, 757, 0, 0, 0
30849, 680, 0, 0, 0
30949, 850, 0, 0, 0
31050, 890, 0, 0, 0
31150, 850, 0, 0, 0
31250, 940, 0, 0, 0
31350, 1050, 0, 0, 0
31450, 1040, 0, 0, 0
31550, 960, 0, 0, 0
31650, 860, 0, 0, 0
31749, 888, 0, 0, 0
31849, 840, 0, 0, 0
31949, 880, 0, 0, 0
32049, 980, 0, 0, 0
32149, 820, 0, 0, 0
32250, 960, 0, 0, 0
32350, 890, 0, 0, 0
32450, 890, 0, 0, 0
32550, 940, 0, 0, 0
32650, 1020, 0, 0, 0
32749, 919, 0, 0, 0
32849, 980, 0, 0, 0
32949, 830, 0, 0, 0
33049, 940, 0, 0, 0
33149, 930, 0, 0, 0
33250, 750, 0, 0, 0
33350, 770, 0, 0, 0
33450, 1100, 0, 0, 0
33550, 1010, 0, 0, 0
33650, 810, 0, 0, 0
33749, 969, 0, 0, 0
33849, 930, 0, 0, 0
33949, 820, 0, 0, 0
34049, 980, 0, 0, 0
34149, 860, 0, 0, 0
34250, 920, 0, 0, 0
34350, 770, 0, 0, 0
34450, 800, 0, 0, 0
34550, 890, 0, 0, 0
34650, 900, 0, 0, 0
34749, 808, 0, 0, 0
34849, 670, 0, 0, 0
34949, 840, 0, 0, 0
35049, 600, 0, 0, 0
35150, 840, 0, 0, 0
35250, 910, 0, 0, 0
35350, 940, 0, 0, 0
35450, 850, 0, 0, 0
35550, 910, 0, 0, 0
35650, 800, 0, 0, 0
35749, 1070, 0, 0, 0
35849, 940, 0, 0, 0
35949, 920, 0, 0, 0
36049, 910, 0, 0, 0
36149, 890, 0, 0, 0
36250, 970, 0, 0, 0
36350, 780, 0, 0, 0
36450, 930, 0, 0, 0
36550, 990, 0, 0, 0
36650, 990, 0, 0, 0
36749, 919, 0, 0, 0
36849, 860, 0, 0, 0
36949, 950, 0, 0, 0
37049, 1060, 0, 0, 0
37149, 860, 0, 0, 0
37250, 900, 0, 0, 0
37350, 810, 0, 0, 0
37450, 750, 0, 0, 0
37550, 900, 0, 0, 0
37650, 820, 0, 0, 0
37749, 676, 0, 0, 0
37849, 840, 0, 0, 0
37949, 910, 0, 0, 0
38049, 950, 0, 0, 0
38150, 930, 0, 0, 0
38250, 930, 0, 0, 0
38350, 970, 0, 0, 0
38450, 850, 0, 0, 0
38550, 1010, 0, 0, 0
38650, 960, 0, 0, 0
38749, 939, 0, 0, 0
38849, 1060, 0, 0, 0
38949, 760, 0, 0, 0
39049, 1140, 0, 0, 0
39149, 910, 0, 0, 0
39250, 780, 0, 0, 0
39350, 820, 0, 0, 0
39450, 920, 0, 0, 0
39550, 1070, 0, 0, 0
39650, 790, 0, 0, 0
39749, 787, 0, 0, 0
39849, 1030, 0, 0, 0
39949, 840, 0, 0, 0
40049, 910, 0, 0, 0
40149, 960, 0, 0, 0
40250, 860, 0, 0, 0
40350, 980, 0, 0, 0
40450, 840, 0, 0, 0
40550, 960, 0, 0, 0
40650, 860, 0, 0, 0
40749, 1101, 0, 0, 0
40849, 1090, 0, 0, 0
40949, 920, 0, 0, 0
41049, 820, 0, 0, 0
41149, 800, 0, 0, 0
41250, 940, 0, 0, 0
41350, 800, 0, 0, 0
41450, 980, 0, 0, 0
41550, 740, 0, 0, 0
41650, 700, 0, 0, 0
41749, 929, 0, 0, 0
41849, 790, 0, 0, 0
41949, 870, 0, 0, 0
42049, 920, 0, 0, 0
42149, 820, 0, 0, 0
42250, 1020, 0, 0, 0
42350, 840, 0, 0, 0
42450, 840, 0, 0, 0
42550, 850, 0, 0, 0
42650, 870, 0, 0, 0
42749, 757, 0, 0, 0
42849, 940, 0, 0, 0
42949, 1030, 0, 0, 0
43049, 840, 0, 0, 0
43149, 930, 0, 0, 0
43250, 990, 0, 0, 0
43350, 840, 0, 0, 0
43450, 750, 0, 0, 0
43550, 1010, 0, 0, 0
43650, 900, 0, 0, 0
43749, 646, 0, 0, 0
43849, 740, 0, 0, 0
43949, 990, 0, 0, 0
44049, 880, 0, 0, 0
44149, 1010, 0, 0, 0
44250, 920, 0, 0, 0
44350, 880, 0, 0, 0
44450, 930, 0, 0, 0
44550, 910, 0, 0, 0
44650, 850, 0, 0, 0
44749, 929, 0, 0, 0
44849, 1050, 0, 0, 0
44949, 970, 0, 0, 0
45049, 990, 0, 0, 0
45149, 800, 0, 0, 0
45250, 980, 0, 0, 0
45350, 860, 0, 0, 0
45450, 940, 0, 0, 0
45550, 1050, 0, 0, 0
45650, 1010, 0, 0, 0
45749, 909, 0, 0, 0
45849, 980, 0, 0, 0
45949, 860, 0, 0, 0
46049, 980, 0, 0, 0
46149, 920, 0, 0, 0
46249, 880, 0, 0, 0
46349, 970, 0, 0, 0
46450, 680, 0, 0, 0
46550, 830, 0, 0, 0
46650, 880, 0, 0, 0
46749, 888, 0, 0, 0
46849, 940, 0, 0, 0
46949, 830, 0, 0, 0
47049, 780, 0, 0, 0
47149, 870, 0, 0, 0
47249, 1020, 0, 0, 0
47349, 870, 0, 0, 0
47450, 950, 0, 0, 0
47550, 1040, 0, 0, 0
47650, 910, 0, 0, 0
47749, 939, 0, 0, 0
47849, 770, 0, 0, 0
47949, 940, 0, 0, 0
48049, 1100, 0, 0, 0
48149, 890, 0, 0, 0
48249, 800, 0, 0, 0
48349, 880, 0, 0, 0
48449, 930, 0, 0, 0
48550, 850, 0, 0, 0
48650, 980, 0, 0, 0
48750, 940, 0, 0, 0
48850, 910, 0, 0, 0
48950, 810, 0, 0, 0
49050, 900, 0, 0, 0
49150, 860, 0, 0, 0
49249, 868, 0, 0, 0
49349, 1010, 0, 0, 0
49449, 890, 0, 0, 0
49550, 740, 0, 0, 0
49650, 850, 0, 0, 0
49749, 1000, 0, 0, 0
49849, 890, 0, 0, 0
49949, 1050, 0, 0, 0
50049, 900, 0, 0, 0
50149, 980, 0, 0, 0
50249, 950, 0, 0, 0
50349, 930, 0, 0, 0
50449, 1060, 0, 0, 0
50550, 1050, 0, 0, 0
50650, 1050, 0, 0, 0
50750, 1060, 0, 0, 0
50850, 1050, 0, 0, 0
50950, 810, 0, 0, 0
51050, 1130, 0, 0, 0
51150, 880, 0, 0, 0
51249, 969, 0, 0, 0
51349, 860, 0, 0, 0
51450, 1020, 0, 0, 0
51550, 940, 0, 0, 0
51650, 970, 0, 0, 0
51749, 888, 0, 0, 0
51849, 950, 0, 0, 0
51949, 940, 0, 0, 0
52049, 850, 0, 0, 0
52149, 830, 0, 0, 0
52249, 820, 0, 0, 0
52349, 930, 0, 0, 0
52450, 1000, 0, 0, 0
52550, 1000, 0, 0, 0
52650, 1160, 0, 0, 0
52749, 1020, 0, 0, 0
52849, 910, 0, 0, 0
52949, 670, 0, 0, 0
53049, 780, 0, 0, 0
53149, 710, 0, 0, 0
53249, 1050, 0, 0, 0
53350, 880, 0, 0, 0
53450, 860, 0, 0, 0
53550, 770, 0, 0, 0
53650, 760, 0, 0, 0
53749, 919, 0, 0, 0
53849, 880, 0, 0, 0
53949, 780, 0, 0, 0
54049, 790, 0, 0, 0
54149, 790, 0, 0, 0
54249, 710, 0, 0, 0
54350, 760, 0, 0, 0
54450, 970, 0, 0, 0
54550, 810, 0, 0, 0
54650, 840, 0, 0, 0
54749, 757, 0, 0, 0
54849, 940, 0, 0, 0
54949, 880, 0, 0, 0
55049, 830, 0, 0, 0
55149, 1140, 0, 0, 0
55249, 1080, 0, 0, 0
55350, 1010, 0, 0, 0
55450, 770, 0, 0, 0
55550, 960, 0, 0, 0
55650, 880, 0, 0, 0
55749, 888, 0, 0, 0
55849, 930, 0, 0, 0
55949, 940, 0, 0, 0
56049, 1060, 0, 0, 0
56149, 930, 0, 0, 0
56249, 1050, 0, 0, 0
56350, 1020, 0, 0, 0
56450, 1040, 0, 0, 0
56550, 1130, 0, 0, 0
56650, 790, 0, 0, 0
56749, 939, 0, 0, 0
56849, 890, 0, 0, 0
56949, 860, 0, 0, 0
57049, 850, 0, 0, 0
57149, 760, 0, 0, 0
57250, 780, 0, 0, 0
57350, 840, 0, 0, 0
57450, 970, 0, 0, 0
57550, 1050, 0, 0, 0
57650, 1040, 0, 0, 0
57749, 757, 0, 0, 0
57849, 900, 0, 0, 0
57949, 960, 0, 0, 0
58049, 1140, 0, 0, 0
58149, 830, 0, 0, 0
58249, 780, 0, 0, 0
58350, 930, 0, 0, 0
58450, 940, 0, 0, 0
58550, 870, 0, 0, 0
58650, 1050, 0, 0, 0
58749, 959, 0, 0, 0
58849, 950, 0, 0, 0
58949, 750, 0, 0, 0
59049, 870, 0, 0, 0
59149, 850, 0, 0, 0
59249, 980, 0, 0, 0
59350, 1060, 0, 0, 0
59450, 990, 0, 0, 0
59550, 890, 0, 0, 0
59650, 890, 0, 0, 0
59749, 959, 0, 0, 0
59849, 1060, 0, 0, 0
59949, 800, 0, 0, 0
60049, 800, 0, 0, 0
60149, 920, 0, 0, 0
60249, 790, 0, 0, 0
60349, 980, 0, 0, 0
60450, 840, 0, 0, 0
60550, 1050, 0, 0, 0
60650, 940, 0, 0, 0
60749, 1040, 0, 0, 0
60849, 840, 0, 0, 0
60949, 810, 0, 0, 0
61049, 1010, 0, 0, 0
61149, 860, 0, 0, 0
61249, 1040, 0, 0, 0
61349, 830, 0, 0, 0
61449, 940, 0, 0, 0
61550, 820, 0, 0, 0
61650, 870, 0, 0, 0
61749, 868, 0, 0, 0
61849, 1020, 0, 0, 0
61949, 910, 0, 0, 0
62049, 880, 0, 0, 0
62149, 1070, 0, 0, 0
62249, 890, 0, 0, 0
62349, 900, 0, 0, 0
62449, 1080, 0, 0, 0
62550, 920, 0, 0, 0
62650, 960, 0, 0, 0
62749, 818, 0, 0, 0
62849, 990, 0, 0, 0
62949, 950, 0, 0, 0
63049, 1000, 0, 0, 0
63149, 970, 0, 0, 0
63249, 740, 0, 0, 0
63350, 870, 0, 0, 0
63450, 930, 0, 0, 0
63550, 940, 0, 0, 0
63650, 900, 0, 0, 0
63749, 939, 0, 0, 0
63849, 970, 0, 0, 0
63949, 860, 0, 0, 0
64049, 1020, 0, 0, 0
64149, 900, 0, 0, 0
64249, 940, 0, 0, 0
64350, 920, 0, 0, 0
64450, 860, 0, 0, 0
64550, 960, 0, 0, 0
64650, 1010, 0, 0, 0
64749, 1050, 0, 0, 0
64849, 860, 0, 0, 0
64949, 800, 0, 0, 0
65049, 640, 0, 0, 0
65149, 730, 0, 0, 0
65249, 760, 0, 0, 0
65349, 880, 0, 0, 0
65450, 840, 0, 0, 0
65550, 870, 0, 0, 0
65650, 970, 0, 0, 0
65749, 929, 0, 0, 0
65849, 780, 0, 0, 0
65949, 860, 0, 0, 0
66049, 1180, 0, 0, 0
66149, 910, 0, 0, 0
66249, 790, 0, 0, 0
66349, 870, 0, 0, 0
66450, 770, 0, 0, 0
66550, 900, 0, 0, 0
66650, 950, 0, 0, 0
66749, 929, 0, 0, 0
66849, 940, 0, 0, 0
66949, 890, 0, 0, 0
67049, 680, 0, 0, 0
67149, 900, 0, 0, 0
67249, 920, 0, 0, 0
67349, 940, 0, 0, 0
67449, 1040, 0, 0, 0
67550, 840, 0, 0, 0
67650, 800, 0, 0, 0
67749, 838, 0, 0, 0
67849, 950, 0, 0, 0
67949, 860, 0, 0, 0
68049, 960, 0, 0, 0
68149, 860, 0, 0, 0
68249, 860, 0, 0, 0
68349, 860, 0, 0, 0
68449, 820, 0, 0, 0
68550, 960, 0, 0, 0
68650, 930, 0, 0, 0
68749, 959, 0, 0, 0
68849, 1040, 0, 0, 0
68949, 940, 0, 0, 0
69049, 850, 0, 0, 0
69149, 1060, 0, 0, 0
69249, 900, 0, 0, 0
69349, 990, 0, 0, 0
69449, 910, 0, 0, 0
69550, 1080, 0, 0, 0
69650, 980, 0, 0, 0
69749, 1000, 0, 0, 0
69849, 940, 0, 0, 0
69949, 1010, 0, 0, 0
70049, 950, 0, 0, 0
70149, 910, 0, 0, 0
70249, 670, 0, 0, 0
70349, 880, 0, 0, 0
70449, 970, 0, 0, 0
70550, 890, 0, 0, 0
70650, 810, 0, 0, 0
70749, 757, 0, 0, 0
70849, 990, 0, 0, 0
70949, 770, 0, 0, 0
71049, 840, 0, 0, 0
71149, 700, 0, 0, 0
71249, 940, 0, 0, 0
71349, 720, 0, 0, 0
71449, 830, 0, 0, 0
71549, 950, 0, 0, 0
71650, 920, 0, 0, 0
71750, 940, 0, 0, 0
71850, 820, 0, 0, 0
71950, 720, 0, 0, 0
72050, 1140, 0, 0, 0
72150, 960, 0, 0, 0
72249, 929, 0, 0, 0
72349, 870, 0, 0, 0
72449, 890, 0, 0, 0
72549, 1030, 0, 0, 0
72650, 930, 0, 0, 0
72750, 750, 0, 0, 0
72850, 1000, 0, 0, 0
72950, 840, 0, 0, 0
73050, 930, 0, 0, 0
73150, 1010, 0, 0, 0
73249, 1000, 0, 0, 0
73349, 970, 0, 0, 0
73449, 870, 0, 0, 0
73550, 940, 0, 0, 0
73650, 820, 0, 0, 0
73750, 930, 0, 0, 0
73850, 960, 0, 0, 0
73950, 980, 0, 0, 0
74050, 970, 0, 0, 0
74150, 880, 0, 0, 0
74249, 868, 0, 0, 0
74349, 980, 0, 0, 0
74450, 910, 0, 0, 0
74550, 840, 0, 0, 0
74650, 870, 0, 0, 0
74749, 747, 0, 0, 0
74849, 1020, 0, 0, 0
74949, 1060, 0, 0, 0
75049, 990, 0, 0, 0
75149, 830, 0, 0, 0
75249, 670, 0, 0, 0
75350, 850, 0, 0, 0
75450, 880, 0, 0, 0
75550, 890, 0, 0, 0
75650, 730, 0, 0, 0
75749, 686, 0, 0, 0
75849, 880, 0, 0, 0
75949, 800, 0, 0, 0
76049, 1100, 0, 0, 0
76149, 1060, 0, 0, 0
76249, 960, 0, 0, 0
76350, 840, 0, 0, 0
76450, 740, 0, 0, 0
76550, 1050, 0, 0, 0
76650, 990, 0, 0, 0
76749, 909, 0, 0, 0
76849, 830, 0, 0, 0
76949, 900, 0, 0, 0
77049, 830, 0, 0, 0
77149, 1020, 0, 0, 0
77249, 860, 0, 0, 0
77349, 920, 0, 0, 0
77450, 900, 0, 0, 0
77550, 1050, 0, 0, 0
77650, 610, 0, 0, 0
77749, 737, 0, 0, 0
77849, 820, 0, 0, 0
77949, 870, 0, 0, 0
78049, 900, 0, 0, 0
78149, 820, 0, 0, 0
78249, 1050, 0, 0, 0
78349, 940, 0, 0, 0
78450, 940, 0, 0, 0
78550, 800, 0, 0, 0
78650, 950, 0, 0, 0
78749, 929, 0, 0, 0
78849, 760, 0, 0, 0
78949, 850, 0, 0, 0
79049, 1060, 0, 0, 0
79149, 950, 0, 0, 0
79249, 1020, 0, 0, 0
79349, 950, 0, 0, 0
79449, 920, 0, 0, 0
79550, 890, 0, 0, 0
79650, 900, 0, 0, 0
79749, 797, 0, 0, 0
79849, 830, 0, 0, 0
79949, 760, 0, 0, 0
80049, 780, 0, 0, 0
80149, 850, 0, 0, 0
80249, 760, 0, 0, 0
80349, 950, 0, 0, 0
80449, 780, 0, 0, 0
80549, 850, 0, 0, 0
80650, 830, 0, 0, 0
80750, 870, 0, 0, 0
80850, 960, 0, 0, 0
80950, 860, 0, 0, 0
81050, 900, 0, 0, 0
81150, 990, 0, 0, 0
81249, 838, 0, 0, 0
81349, 870, 0, 0, 0
81449, 890, 0, 0, 0
81549, 830, 0, 0, 0
81649, 700, 0, 0, 0
81750, 900, 0, 0, 0
81850, 950, 0, 0, 0
81950, 920, 0, 0, 0
82050, 870, 0, 0, 0
82150, 1040, 0, 0, 0
82249, 969, 0, 0, 0
82349, 930, 0, 0, 0
82449, 930, 0, 0, 0
82549, 730, 0, 0, 0
82649, 900, 0, 0, 0
82750, 790, 0, 0, 0
82850, 780, 0, 0, 0
82950, 970, 0, 0, 0
83050, 850, 0, 0, 0
83150, 990, 0, 0, 0
83249, 838, 0, 0, 0
83349, 870, 0, 0, 0
83449, 810, 0, 0, 0
83549, 870, 0, 0, 0
83649, 730, 0, 0, 0
83750, 850, 0, 0, 0
83850, 730, 0, 0, 0
83950, 750, 0, 0, 0
84050, 840, 0, 0, 0
84150, 820, 0, 0, 0
84249, 797, 0, 0, 0
84349, 1020, 0, 0, 0
84449, 930, 0, 0, 0
84549, 820, 0, 0, 0
84649, 1020, 0, 0, 0
84750, 810, 0, 0, 0
84850, 840, 0, 0, 0
84950, 890, 0, 0, 0
85050, 790, 0, 0, 0
85150, 850, 0, 0, 0
85249, 838, 0, 0, 0
85349, 840, 0, 0, 0
85449, 880, 0, 0, 0
85549, 920, 0, 0, 0
85649, 800, 0, 0, 0
85750, 870, 0, 0, 0
85850, 810, 0, 0, 0
85950, 1080, 0, 0, 0
86050, 760, 0, 0, 0
86150, 900, 0, 0, 0
86249, 959, 0, 0, 0
86349, 950, 0, 0, 0
86449, 920, 0, 0, 0
86549, 1030, 0, 0, 0
86649, 860, 0, 0, 0
86750, 680, 0, 0, 0
86850, 960, 0, 0, 0
86950, 930, 0, 0, 0
87050, 810, 0, 0, 0
87150, 730, 0, 0, 0
87249, 1010, 0, 0, 0
87349, 800, 0, 0, 0
87449, 920, 0, 0, 0
87549, 830, 0, 0, 0
87649, 870, 0, 0, 0
87749, 1060, 0, 0, 0
87850, 710, 0, 0, 0
87950, 710, 0, 0, 0
88050, 710, 0, 0, 0
88150, 780, 0, 0, 0
88249, 959, 0, 0, 0
88349, 710, 0, 0, 0
88449, 800, 0, 0, 0
88549, 980, 0, 0, 0
88649, 900, 0, 0, 0
88749, 870, 0, 0, 0
88849, 950, 0, 0, 0
88949, 900, 0, 0, 0
89050, 990, 0, 0, 0
89150, 940, 0, 0, 0
89249, 909, 0, 0, 0
89349, 1000, 0, 0, 0
89449, 770, 0, 0, 0
89549, 830, 0, 0, 0
89649, 750, 0, 0, 0
89749, 970, 0, 0, 0
89849, 750, 0, 0, 0
89949, 850, 0, 0, 0
