100, 24618, 0, 0, 0
209, 24924, 0, 0, 0
300, 13489, 0, 0, 0
404, 16562, 0, 0, 0
501, 17076, 0, 0, 0
602, 19014, 0, 0, 0
700, 22349, 0, 0, 0
800, 21068, 0, 0, 0
900, 17172, 0, 0, 0
1004, 19784, 0, 0, 0
1101, 18662, 0, 0, 0
1204, 18027, 0, 0, 0
1300, 18756, 0, 0, 0
1400, 17812, 0, 0, 0
1504, 21341, 0, 0, 0
1603, 19396, 0, 0, 0
1707, 17398, 0, 0, 0
1800, 21720, 0, 0, 0
1901, 17735, 0, 0, 0
2005, 27236, 0, 0, 0
2103, 20721, 0, 0, 0
2200, 31632, 0, 0, 0
2300, 20442, 0, 0, 0
2400, 15126, 0, 0, 0
2500, 21201, 0, 0, 0
2602, 23941, 0, 0, 0
2700, 17188, 0, 0, 0
2806, 17630, 0, 0, 0
2902, 18849, 0, 0, 0
3000, 16723, 0, 0, 0
3100, 26291, 0, 0, 0
3200, 16983, 0, 0, 0
3300, 15073, 0, 0, 0
3400, 14970, 0, 0, 0
3500, 18402, 0, 0, 0
3603, 18040, 0, 0, 0
3702, 16189, 0, 0, 0
3801, 20122, 0, 0, 0
3901, 19915, 0, 0, 0
4003, 18060, 0, 0, 0
4100, 17552, 0, 0, 0
4200, 21781, 0, 0, 0
4300, 16128, 0, 0, 0
4401, 16940, 0, 0, 0
4501, 15245, 0, 0, 0
4600, 19184, 0, 0, 0
4708, 16943, 0, 0, 0
4800, 18213, 0, 0, 0
4901, 18434, 0, 0, 0
5001, 20411, 0, 0, 0
5104, 18774, 0, 0, 0
5200, 22084, 0, 0, 0
5302, 17854, 0, 0, 0
5400, 18825, 0, 0, 0
5501, 25185, 0, 0, 0
5602, 17606, 0, 0, 0
5701, 16912, 0, 0, 0
5807, 22963, 0, 0, 0
5904, 23927, 0, 0, 0
6000, 20814, 0, 0, 0
6101, 23563, 0, 0, 0
6200, 17930, 0, 0, 0
6302, 20242, 0, 0, 0
6401, 20781, 0, 0, 0
6506, 21071, 0, 0, 0
6602, 19888, 0, 0, 0
6700, 30757, 0, 0, 0
6802, 18756, 0, 0, 0
6906, 22158, 0, 0, 0
7008, 26223, 0, 0, 0
7102, 19033, 0, 0, 0
7200, 15675, 0, 0, 0
7300, 18264, 0, 0, 0
7405, 16954, 0, 0, 0
7501, 20908, 0, 0, 0
7600, 14807, 0, 0, 0
7701, 12208, 0, 0, 0
7801, 19046, 0, 0, 0
7903, 23921, 0, 0, 0
8007, 14992, 0, 0, 0
8102, 15225, 0, 0, 0
8201, 16175, 0, 0, 0
8306, 16376, 0, 0, 0
8403, 21231, 0, 0, 0
8500, 25848, 0, 0, 0
8600, 15960, 0, 0, 0
8700, 18582, 0, 0, 0
8802, 20388, 0, 0, 0
8900, 19121, 0, 0, 0
9001, 20647, 0, 0, 0
9105, 19561, 0, 0, 0
9200, 18849, 0, 0, 0
9300, 19084, 0, 0, 0
9400, 17885, 0, 0, 0
9500, 23868, 0, 0, 0
9601, 16610, 0, 0, 0
9707, 17875, 0, 0, 0
9807, 15547, 0, 0, 0
9900, 19814, 0, 0, 0
10002, 24143, 0, 0, 0
10107, 19674, 0, 0, 0
10200, 18282, 0, 0, 0
10301, 20433, 0, 0, 0
10403, 17154, 0, 0, 0
10500, 19787, 0, 0, 0
10605, 17082, 0, 0, 0
10700, 19695, 0, 0, 0
10801, 19138, 0, 0, 0
10901, 20945, 0, 0, 0
11000, 20546, 0, 0, 0
11100, 21268, 0, 0, 0
11201, 18725, 0, 0, 0
11301, 16040, 0, 0, 0
11403, 17030, 0, 0, 0
11500, 17308, 0, 0, 0
11600, 18756, 0, 0, 0
11700, 17050, 0, 0, 0
11800, 17151, 0, 0, 0
11909, 19083, 0, 0, 0
12001, 19764, 0, 0, 0
12102, 17299, 0, 0, 0
12200, 16302, 0, 0, 0
12306, 20654, 0, 0, 0
12411, 17916, 0, 0, 0
12500, 17408, 0, 0, 0
12600, 14679, 0, 0, 0
12700, 15309, 0, 0, 0
12800, 27915, 0, 0, 0
12900, 16920, 0, 0, 0
13004, 20812, 0, 0, 0
13100, 21108, 0, 0, 0
13204, 26105, 0, 0, 0
13300, 19444, 0, 0, 0
13402, 22361, 0, 0, 0
13506, 26411, 0, 0, 0
13610, 16452, 0, 0, 0
13701, 17069, 0, 0, 0
13801, 27457, 0, 0, 0
13903, 21278, 0, 0, 0
14007, 20522, 0, 0, 0
14106, 20591, 0, 0, 0
14200, 20051, 0, 0, 0
14300, 18983, 0, 0, 0
14401, 25404, 0, 0, 0
14502, 19074, 0, 0, 0
14600, 24321, 0, 0, 0
14701, 18527, 0, 0, 0
14800, 16501, 0, 0, 0
14906, 19036, 0, 0, 0
15003, 20848, 0, 0, 0
15100, 23052, 0, 0, 0
15202, 14419, 0, 0, 0
15304, 14724, 0, 0, 0
15405, 21681, 0, 0, 0
15501, 17059, 0, 0, 0
15601, 18555, 0, 0, 0
15707, 19600, 0, 0, 0
15800, 16118, 0, 0, 0
15900, 20814, 0, 0, 0
16000, 22101, 0, 0, 0
16102, 17895, 0, 0, 0
16206, 14139, 0, 0, 0
16304, 19486, 0, 0, 0
16401, 19070, 0, 0, 0
16510, 19306, 0, 0, 0
16600, 17328, 0, 0, 0
16704, 19262, 0, 0, 0
16800, 16003, 0, 0, 0
16900, 16908, 0, 0, 0
17017, 24040, 0, 0, 0
17102, 21524, 0, 0, 0
17200, 25736, 0, 0, 0
17301, 19356, 0, 0, 0
17404, 19312, 0, 0, 0
17506, 21386, 0, 0, 0
17600, 16859, 0, 0, 0
17701, 24299, 0, 0, 0
17801, 22606, 0, 0, 0
17905, 18927, 0, 0, 0
18001, 19533, 0, 0, 0
18111, 17506, 0, 0, 0
18202, 20867, 0, 0, 0
18300, 19930, 0, 0, 0
18400, 24597, 0, 0, 0
18503, 19067, 0, 0, 0
18601, 18256, 0, 0, 0
18700, 19731, 0, 0, 0
18802, 17973, 0, 0, 0
18902, 16141, 0, 0, 0
19011, 28843, 0, 0, 0
19109, 21786, 0, 0, 0
19210, 20712, 0, 0, 0
19300, 22952, 0, 0, 0
19400, 24592, 0, 0, 0
19500, 19276, 0, 0, 0
19600, 22562, 0, 0, 0
19700, 18504, 0, 0, 0
19801, 21158, 0, 0, 0
19902, 19717, 0, 0, 0
20000, 17116, 0, 0, 0
20102, 18427, 0, 0, 0
20202, 22110, 0, 0, 0
20307, 26622, 0, 0, 0
20401, 20689, 0, 0, 0
20500, 21161, 0, 0, 0
20600, 17624, 0, 0, 0
20702, 20838, 0, 0, 0
20800, 21432, 0, 0, 0
20900, 21054, 0, 0, 0
21000, 24783, 0, 0, 0
21100, 21650, 0, 0, 0
21200, 14344, 0, 0, 0
21303, 21822, 0, 0, 0
21403, 16069, 0, 0, 0
21500, 16268, 0, 0, 0
21605, 23528, 0, 0, 0
21700, 18435, 0, 0, 0
21800, 15235, 0, 0, 0
21909, 20768, 0, 0, 0
22000, 17594, 0, 0, 0
22102, 20174, 0, 0, 0
22202, 19756, 0, 0, 0
22300, 19450, 0, 0, 0
22400, 19760, 0, 0, 0
22511, 26355, 0, 0, 0
22605, 26327, 0, 0, 0
22701, 24086, 0, 0, 0
22800, 20078, 0, 0, 0
22900, 14648, 0, 0, 0
23007, 21034, 0, 0, 0
23100, 18447, 0, 0, 0
23203, 18429, 0, 0, 0
23300, 18769, 0, 0, 0
23400, 20166, 0, 0, 0
23509, 19837, 0, 0, 0
23600, 22288, 0, 0, 0
23701, 22147, 0, 0, 0
23801, 16895, 0, 0, 0
23900, 15533, 0, 0, 0
24000, 14842, 0, 0, 0
24100, 23477, 0, 0, 0
24200, 18229, 0, 0, 0
24300, 16237, 0, 0, 0
24403, 16153, 0, 0, 0
24502, 20024, 0, 0, 0
24600, 17957, 0, 0, 0
24706, 17449, 0, 0, 0
24800, 13959, 0, 0, 0
24900, 17500, 0, 0, 0
25002, 19988, 0, 0, 0
25106, 15352, 0, 0, 0
25202, 17652, 0, 0, 0
25300, 18715, 0, 0, 0
25402, 21646, 0, 0, 0
25504, 15943, 0, 0, 0
25600, 16812, 0, 0, 0
25700, 17183, 0, 0, 0
25800, 18149, 0, 0, 0
25904, 22384, 0, 0, 0
26000, 20072, 0, 0, 0
26101, 18637, 0, 0, 0
26201, 23005, 0, 0, 0
26301, 21928, 0, 0, 0
26403, 21088, 0, 0, 0
26500, 26299, 0, 0, 0
26602, 18994, 0, 0, 0
26703, 16309, 0, 0, 0
26800, 16426, 0, 0, 0
26901, 17991, 0, 0, 0
27000, 17276, 0, 0, 0
27100, 17521, 0, 0, 0
27201, 22153, 0, 0, 0
27300, 16419, 0, 0, 0
27400, 17322, 0, 0, 0
27500, 19607, 0, 0, 0
27605, 20332, 0, 0, 0
27701, 21541, 0, 0, 0
27800, 18846, 0, 0, 0
27900, 15922, 0, 0, 0
28006, 21562, 0, 0, 0
28100, 19075, 0, 0, 0
28203, 17294, 0, 0, 0
28308, 29448, 0, 0, 0
28400, 19996, 0, 0, 0
28504, 27235, 0, 0, 0
28605, 19300, 0, 0, 0
28705, 19386, 0, 0, 0
28801, 20156, 0, 0, 0
28900, 21791, 0, 0, 0
29000, 18072, 0, 0, 0
29103, 15011, 0, 0, 0
29205, 18451, 0, 0, 0
29303, 18661, 0, 0, 0
29402, 22508, 0, 0, 0
29507, 21702, 0, 0, 0
29600, 19418, 0, 0, 0
29700, 19829, 0, 0, 0
29800, 16115, 0, 0, 0
29904, 18851, 0, 0, 0
30004, 21830, 0, 0, 0
30101, 20239, 0, 0, 0
30203, 21385, 0, 0, 0
30300, 14513, 0, 0, 0
30400, 15842, 0, 0, 0
30501, 27470, 0, 0, 0
30602, 18071, 0, 0, 0
30701, 22894, 0, 0, 0
30800, 21116, 0, 0, 0
30905, 22734, 0, 0, 0
31004, 19035, 0, 0, 0
31100, 16167, 0, 0, 0
31202, 17681, 0, 0, 0
31304, 20306, 0, 0, 0
31401, 17292, 0, 0, 0
31501, 17128, 0, 0, 0
31600, 14760, 0, 0, 0
31700, 16043, 0, 0, 0
31800, 19018, 0, 0, 0
31901, 15706, 0, 0, 0
32001, 15430, 0, 0, 0
32100, 15405, 0, 0, 0
32201, 17777, 0, 0, 0
32303, 19455, 0, 0, 0
32402, 14109, 0, 0, 0
32502, 14991, 0, 0, 0
32602, 17769, 0, 0, 0
32702, 16894, 0, 0, 0
32807, 18293, 0, 0, 0
32900, 19214, 0, 0, 0
33008, 19276, 0, 0, 0
33100, 15873, 0, 0, 0
33204, 16533, 0, 0, 0
33300, 13388, 0, 0, 0
33405, 16493, 0, 0, 0
33500, 14306, 0, 0, 0
33600, 17814, 0, 0, 0
33702, 24672, 0, 0, 0
33800, 14248, 0, 0, 0
33905, 16722, 0, 0, 0
34000, 19792, 0, 0, 0
34101, 20035, 0, 0, 0
34200, 20525, 0, 0, 0
34304, 19609, 0, 0, 0
34402, 20479, 0, 0, 0
34500, 15248, 0, 0, 0
34601, 18496, 0, 0, 0
34700, 18509, 0, 0, 0
34802, 16195, 0, 0, 0
34903, 18838, 0, 0, 0
35001, 15513, 0, 0, 0
35101, 17760, 0, 0, 0
35201, 18226, 0, 0, 0
35301, 14648, 0, 0, 0
35407, 19887, 0, 0, 0
35500, 19159, 0, 0, 0
35600, 24083, 0, 0, 0
35701, 22831, 0, 0, 0
35802, 27102, 0, 0, 0
35905, 22835, 0, 0, 0
36000, 19216, 0, 0, 0
36104, 20407, 0, 0, 0
36201, 19310, 0, 0, 0
36300, 18515, 0, 0, 0
36401, 16788, 0, 0, 0
36500, 17527, 0, 0, 0
36600, 20158, 0, 0, 0
36703, 21215, 0, 0, 0
36802, 18120, 0, 0, 0
36900, 21732, 0, 0, 0
37000, 21873, 0, 0, 0
37108, 17289, 0, 0, 0
37203, 22285, 0, 0, 0
37301, 19120, 0, 0, 0
37400, 17022, 0, 0, 0
37500, 15227, 0, 0, 0
37602, 16006, 0, 0, 0
37700, 16012, 0, 0, 0
37807, 17431, 0, 0, 0
37904, 16340, 0, 0, 0
38000, 19663, 0, 0, 0
38101, 19467, 0, 0, 0
38206, 18920, 0, 0, 0
38300, 14394, 0, 0, 0
38401, 16165, 0, 0, 0
38502, 22313, 0, 0, 0
38607, 22970, 0, 0, 0
38700, 17609, 0, 0, 0
38803, 16060, 0, 0, 0
38900, 18831, 0, 0, 0
39008, 18670, 0, 0, 0
39106, 15341, 0, 0, 0
39201, 20554, 0, 0, 0
39300, 14694, 0, 0, 0
39401, 16673, 0, 0, 0
39500, 11998, 0, 0, 0
39600, 19695, 0, 0, 0
39703, 20984, 0, 0, 0
39804, 19692, 0, 0, 0
39919, 17440, 0, 0, 0
40002, 15103, 0, 0, 0
40105, 14827, 0, 0, 0
40202, 15486, 0, 0, 0
40301, 14208, 0, 0, 0
40400, 19444, 0, 0, 0
40502, 17987, 0, 0, 0
40600, 21029, 0, 0, 0
40702, 18385, 0, 0, 0
40800, 17724, 0, 0, 0
40900, 21179, 0, 0, 0
41004, 19894, 0, 0, 0
41103, 17377, 0, 0, 0
41201, 15223, 0, 0, 0
41303, 18580, 0, 0, 0
41400, 14465, 0, 0, 0
41501, 18806, 0, 0, 0
41600, 17040, 0, 0, 0
41700, 17294, 0, 0, 0
41801, 20629, 0, 0, 0
41900, 17890, 0, 0, 0
42005, 15921, 0, 0, 0
42104, 26401, 0, 0, 0
42200, 18721, 0, 0, 0
42300, 24793, 0, 0, 0
42402, 21473, 0, 0, 0
42502, 19690, 0, 0, 0
42604, 25201, 0, 0, 0
42700, 17502, 0, 0, 0
42803, 15472, 0, 0, 0
42902, 24468, 0, 0, 0
43005, 20179, 0, 0, 0
43101, 26536, 0, 0, 0
43201, 17384, 0, 0, 0
43307, 17882, 0, 0, 0
43402, 22144, 0, 0, 0
43501, 18648, 0, 0, 0
43606, 20715, 0, 0, 0
43704, 25035, 0, 0, 0
43804, 23220, 0, 0, 0
43901, 24245, 0, 0, 0
44005, 31986, 0, 0, 0
44107, 22454, 0, 0, 0
44202, 19303, 0, 0, 0
44300, 18530, 0, 0, 0
44402, 14264, 0, 0, 0
44506, 16234, 0, 0, 0
44604, 18473, 0, 0, 0
44702, 21422, 0, 0, 0
44803, 18064, 0, 0, 0
44902, 24310, 0, 0, 0
45003, 17160, 0, 0, 0
45100, 18473, 0, 0, 0
45200, 22664, 0, 0, 0
45301, 23167, 0, 0, 0
45403, 17276, 0, 0, 0
45501, 15624, 0, 0, 0
45602, 14201, 0, 0, 0
45701, 18336, 0, 0, 0
45800, 19002, 0, 0, 0
45910, 19825, 0, 0, 0
46001, 19898, 0, 0, 0
46103, 20650, 0, 0, 0
46201, 18326, 0, 0, 0
46304, 17208, 0, 0, 0
46405, 18760, 0, 0, 0
46505, 21362, 0, 0, 0
46602, 16335, 0, 0, 0
46701, 13370, 0, 0, 0
46800, 20429, 0, 0, 0
46900, 25892, 0, 0, 0
47000, 21201, 0, 0, 0
47101, 23134, 0, 0, 0
47200, 19696, 0, 0, 0
47301, 19140, 0, 0, 0
47400, 14989, 0, 0, 0
47505, 16810, 0, 0, 0
47602, 16928, 0, 0, 0
47701, 16567, 0, 0, 0
47800, 36740, 0, 0, 0
47900, 20743, 0, 0, 0
48000, 21686, 0, 0, 0
48102, 18993, 0, 0, 0
48202, 17644, 0, 0, 0
48300, 20774, 0, 0, 0
48401, 17221, 0, 0, 0
48500, 19568, 0, 0, 0
48601, 18379, 0, 0, 0
48700, 20485, 0, 0, 0
48800, 16968, 0, 0, 0
48901, 18096, 0, 0, 0
49007, 20571, 0, 0, 0
49100, 14095, 0, 0, 0
49203, 23476, 0, 0, 0
49300, 15341, 0, 0, 0
49400, 22782, 0, 0, 0
49500, 23249, 0, 0, 0
49600, 22712, 0, 0, 0
49701, 22931, 0, 0, 0
49800, 18184, 0, 0, 0
49900, 17963, 0, 0, 0
50001, 14675, 0, 0, 0
50100, 18319, 0, 0, 0
50201, 21211, 0, 0, 0
50303, 20425, 0, 0, 0
50402, 21543, 0, 0, 0
50500, 16793, 0, 0, 0
50602, 14774, 0, 0, 0
50701, 16116, 0, 0, 0
50801, 15563, 0, 0, 0
50902, 16141, 0, 0, 0
51003, 19891, 0, 0, 0
51100, 13127, 0, 0, 0
51204, 14790, 0, 0, 0
51300, 17072, 0, 0, 0
51405, 15019, 0, 0, 0
51505, 16325, 0, 0, 0
51601, 19687, 0, 0, 0
51708, 16322, 0, 0, 0
51807, 20025, 0, 0, 0
51903, 20519, 0, 0, 0
52001, 21262, 0, 0, 0
52101, 20905, 0, 0, 0
52201, 18519, 0, 0, 0
52302, 14678, 0, 0, 0
52400, 15361, 0, 0, 0
52501, 17113, 0, 0, 0
52600, 25512, 0, 0, 0
52700, 18707, 0, 0, 0
52800, 20781, 0, 0, 0
52902, 20026, 0, 0, 0
53000, 16421, 0, 0, 0
53100, 17668, 0, 0, 0
53200, 16685, 0, 0, 0
53305, 15965, 0, 0, 0
53401, 19513, 0, 0, 0
53502, 18530, 0, 0, 0
53603, 15921, 0, 0, 0
53701, 19501, 0, 0, 0
53802, 20837, 0, 0, 0
53902, 27197, 0, 0, 0
54001, 19652, 0, 0, 0
54102, 19706, 0, 0, 0
54205, 21836, 0, 0, 0
54306, 18572, 0, 0, 0
54404, 20474, 0, 0, 0
54505, 28066, 0, 0, 0
54603, 19503, 0, 0, 0
54701, 17677, 0, 0, 0
54805, 21161, 0, 0, 0
54905, 17576, 0, 0, 0
55004, 22219, 0, 0, 0
55104, 17242, 0, 0, 0
55201, 20081, 0, 0, 0
55316, 18452, 0, 0, 0
55400, 24134, 0, 0, 0
55500, 17013, 0, 0, 0
55602, 18720, 0, 0, 0
55701, 20703, 0, 0, 0
55800, 20329, 0, 0, 0
55901, 19276, 0, 0, 0
56000, 21314, 0, 0, 0
56103, 27159, 0, 0, 0
56200, 18569, 0, 0, 0
56301, 19650, 0, 0, 0
56403, 17560, 0, 0, 0
56507, 17334, 0, 0, 0
56600, 18465, 0, 0, 0
56701, 17553, 0, 0, 0
56800, 13973, 0, 0, 0
56903, 16937, 0, 0, 0
57002, 18888, 0, 0, 0
57104, 18720, 0, 0, 0
57201, 18006, 0, 0, 0
57300, 15887, 0, 0, 0
57401, 25520, 0, 0, 0
57501, 19663, 0, 0, 0
57601, 16821, 0, 0, 0
57702, 18429, 0, 0, 0
57802, 21414, 0, 0, 0
57900, 19573, 0, 0, 0
58001, 15778, 0, 0, 0
58101, 16770, 0, 0, 0
58202, 19203, 0, 0, 0
58301, 14973, 0, 0, 0
58402, 15195, 0, 0, 0
58500, 21745, 0, 0, 0
58600, 15387, 0, 0, 0
58710, 13553, 0, 0, 0
58802, 17866, 0, 0, 0
58902, 17474, 0, 0, 0
59000, 15187, 0, 0, 0
59108, 19027, 0, 0, 0
59206, 13689, 0, 0, 0
59305, 16712, 0, 0, 0
59406, 16864, 0, 0, 0
59501, 23106, 0, 0, 0
59602, 31816, 0, 0, 0
59703, 20126, 0, 0, 0
59809, 21204, 0, 0, 0
59901, 17228, 0, 0, 0
60000, 18162, 0, 0, 0
60102, 16500, 0, 0, 0
60200, 17440, 0, 0, 0
60300, 11033, 0, 0, 0
60401, 13970, 0, 0, 0
60506, 18507, 0, 0, 0
60603, 20293, 0, 0, 0
60700, 16747, 0, 0, 0
60800, 17984, 0, 0, 0
60900, 14778, 0, 0, 0
61000, 18283, 0, 0, 0
61100, 17863, 0, 0, 0
61200, 15380, 0, 0, 0
61300, 13726, 0, 0, 0
61403, 14655, 0, 0, 0
61500, 19452, 0, 0, 0
61601, 23566, 0, 0, 0
61700, 18658, 0, 0, 0
61803, 21923, 0, 0, 0
61904, 21725, 0, 0, 0
62004, 18965, 0, 0, 0
62101, 15100, 0, 0, 0
62206, 17603, 0, 0, 0
62304, 20471, 0, 0, 0
62411, 11444, 0, 0, 0
62504, 18649, 0, 0, 0
62621, 21113, 0, 0, 0
62704, 19230, 0, 0, 0
62801, 21857, 0, 0, 0
62901, 18295, 0, 0, 0
63007, 23298, 0, 0, 0
63101, 17356, 0, 0, 0
63200, 21642, 0, 0, 0
63300, 21774, 0, 0, 0
63401, 15651, 0, 0, 0
63509, 18666, 0, 0, 0
63604, 19844, 0, 0, 0
63705, 14491, 0, 0, 0
63800, 15005, 0, 0, 0
63903, 15358, 0, 0, 0
64002, 13538, 0, 0, 0
64100, 14123, 0, 0, 0
64200, 14718, 0, 0, 0
64308, 15280, 0, 0, 0
64404, 15333, 0, 0, 0
64500, 15823, 0, 0, 0
64606, 12445, 0, 0, 0
64705, 20154, 0, 0, 0
64805, 17133, 0, 0, 0
64904, 15085, 0, 0, 0
65005, 17630, 0, 0, 0
65102, 14869, 0, 0, 0
65200, 11211, 0, 0, 0
65306, 14566, 0, 0, 0
65401, 13111, 0, 0, 0
65502, 16621, 0, 0, 0
65603, 14652, 0, 0, 0
65704, 11651, 0, 0, 0
65801, 9732, 0, 0, 0
65900, 10465, 0, 0, 0
66001, 13333, 0, 0, 0
66102, 18145, 0, 0, 0
66201, 19022, 0, 0, 0
66304, 19835, 0, 0, 0
66401, 23720, 0, 0, 0
66500, 16541, 0, 0, 0
66600, 13464, 0, 0, 0
66700, 16527, 0, 0, 0
66800, 15208, 0, 0, 0
66902, 15736, 0, 0, 0
67001, 13829, 0, 0, 0
67100, 23479, 0, 0, 0
67209, 18187, 0, 0, 0
67301, 19099, 0, 0, 0
67400, 12425, 0, 0, 0
67501, 15693, 0, 0, 0
67600, 13883, 0, 0, 0
67700, 13044, 0, 0, 0
67802, 18314, 0, 0, 0
67901, 17021, 0, 0, 0
68000, 17954, 0, 0, 0
68100, 17453, 0, 0, 0
68204, 21764, 0, 0, 0
68300, 15642, 0, 0, 0
68401, 21041, 0, 0, 0
68501, 18124, 0, 0, 0
68603, 13249, 0, 0, 0
68702, 15777, 0, 0, 0
68800, 17342, 0, 0, 0
68900, 19076, 0, 0, 0
69003, 13149, 0, 0, 0
69101, 20580, 0, 0, 0
69200, 18807, 0, 0, 0
69305, 18961, 0, 0, 0
69400, 14709, 0, 0, 0
69503, 17841, 0, 0, 0
69600, 16981, 0, 0, 0
69701, 27037, 0, 0, 0
69800, 20605, 0, 0, 0
69903, 16785, 0, 0, 0
70003, 19799, 0, 0, 0
70100, 19552, 0, 0, 0
70201, 12810, 0, 0, 0
70300, 15296, 0, 0, 0
70400, 19980, 0, 0, 0
70506, 21165, 0, 0, 0
70603, 17861, 0, 0, 0
70701, 17562, 0, 0, 0
70808, 14955, 0, 0, 0
70900, 19721, 0, 0, 0
71004, 17074, 0, 0, 0
71102, 16881, 0, 0, 0
71200, 16937, 0, 0, 0
71301, 23417, 0, 0, 0
71405, 17065, 0, 0, 0
71502, 14688, 0, 0, 0
71601, 16604, 0, 0, 0
71700, 14821, 0, 0, 0
71805, 14682, 0, 0, 0
71900, 19883, 0, 0, 0
72000, 19338, 0, 0, 0
72101, 18570, 0, 0, 0
72207, 23013, 0, 0, 0
72300, 22607, 0, 0, 0
72401, 17203, 0, 0, 0
72500, 22737, 0, 0, 0
72600, 18913, 0, 0, 0
72704, 20464, 0, 0, 0
72800, 19299, 0, 0, 0
72900, 18151, 0, 0, 0
73002, 18913, 0, 0, 0
73104, 18159, 0, 0, 0
73200, 18890, 0, 0, 0
73300, 19604, 0, 0, 0
73401, 15066, 0, 0, 0
73501, 18661, 0, 0, 0
73600, 21474, 0, 0, 0
73703, 19516, 0, 0, 0
73800, 21748, 0, 0, 0
73900, 19069, 0, 0, 0
74002, 18872, 0, 0, 0
74100, 20197, 0, 0, 0
74200, 20575, 0, 0, 0
74301, 20847, 0, 0, 0
74403, 15801, 0, 0, 0
74501, 21862, 0, 0, 0
74600, 24347, 0, 0, 0
74702, 19857, 0, 0, 0
74800, 16493, 0, 0, 0
74900, 19045, 0, 0, 0
75002, 17835, 0, 0, 0
75103, 22053, 0, 0, 0
75200, 20882, 0, 0, 0
75300, 21465, 0, 0, 0
75400, 18450, 0, 0, 0
75501, 19075, 0, 0, 0
75600, 21431, 0, 0, 0
75707, 17502, 0, 0, 0
75801, 20085, 0, 0, 0
75904, 18157, 0, 0, 0
76002, 17518, 0, 0, 0
76100, 22273, 0, 0, 0
76202, 23190, 0, 0, 0
76301, 20338, 0, 0, 0
76400, 21060, 0, 0, 0
76500, 16481, 0, 0, 0
76601, 25074, 0, 0, 0
76700, 20571, 0, 0, 0
76803, 19177, 0, 0, 0
76903, 19298, 0, 0, 0
77002, 14130, 0, 0, 0
77102, 16023, 0, 0, 0
77201, 21001, 0, 0, 0
77300, 20887, 0, 0, 0
77400, 18039, 0, 0, 0
77502, 18600, 0, 0, 0
77601, 17415, 0, 0, 0
77700, 17943, 0, 0, 0
77801, 17885, 0, 0, 0
77903, 16008, 0, 0, 0
78004, 17043, 0, 0, 0
78104, 15323, 0, 0, 0
78212, 15991, 0, 0, 0
78300, 17964, 0, 0, 0
78401, 17988, 0, 0, 0
78502, 15493, 0, 0, 0
78602, 17594, 0, 0, 0
78701, 20902, 0, 0, 0
78801, 21108, 0, 0, 0
78901, 20526, 0, 0, 0
79000, 19746, 0, 0, 0
79100, 19275, 0, 0, 0
79200, 14966, 0, 0, 0
79304, 18048, 0, 0, 0
79403, 13678, 0, 0, 0
79502, 24880, 0, 0, 0
79600, 27937, 0, 0, 0
79700, 27824, 0, 0, 0
79802, 18975, 0, 0, 0
79905, 19230, 0, 0, 0
80000, 15083, 0, 0, 0
80105, 14875, 0, 0, 0
80200, 14843, 0, 0, 0
80300, 12218, 0, 0, 0
80400, 13952, 0, 0, 0
80501, 20495, 0, 0, 0
80604, 19908, 0, 0, 0
80702, 21675, 0, 0, 0
80801, 22990, 0, 0, 0
80900, 20057, 0, 0, 0
81000, 19599, 0, 0, 0
81101, 16647, 0, 0, 0
81202, 24125, 0, 0, 0
81300, 29079, 0, 0, 0
81400, 14079, 0, 0, 0
81501, 19164, 0, 0, 0
81602, 27008, 0, 0, 0
81705, 16339, 0, 0, 0
81802, 26856, 0, 0, 0
81901, 18157, 0, 0, 0
82004, 19875, 0, 0, 0
82102, 23972, 0, 0, 0
82200, 23677, 0, 0, 0
82301, 23295, 0, 0, 0
82401, 14531, 0, 0, 0
82503, 17971, 0, 0, 0
82600, 19688, 0, 0, 0
82702, 19389, 0, 0, 0
82803, 21138, 0, 0, 0
82901, 23375, 0, 0, 0
83001, 17657, 0, 0, 0
83101, 16137, 0, 0, 0
83202, 19352, 0, 0, 0
83301, 16792, 0, 0, 0
83401, 17603, 0, 0, 0
83502, 22387, 0, 0, 0
83602, 16912, 0, 0, 0
83700, 19749, 0, 0, 0
83802, 21730, 0, 0, 0
83900, 20629, 0, 0, 0
84000, 17042, 0, 0, 0
84101, 21378, 0, 0, 0
84202, 19629, 0, 0, 0
84304, 18888, 0, 0, 0
84401, 19417, 0, 0, 0
84506, 20113, 0, 0, 0
84600, 20271, 0, 0, 0
84708, 19357, 0, 0, 0
84806, 19555, 0, 0, 0
84901, 17865, 0, 0, 0
85003, 14962, 0, 0, 0
85100, 20711, 0, 0, 0
85202, 18679, 0, 0, 0
85300, 16800, 0, 0, 0
85402, 18958, 0, 0, 0
85501, 18563, 0, 0, 0
85605, 17125, 0, 0, 0
85706, 21154, 0, 0, 0
85800, 16756, 0, 0, 0
85901, 15289, 0, 0, 0
86000, 15927, 0, 0, 0
86100, 29445, 0, 0, 0
86200, 21421, 0, 0, 0
86305, 18127, 0, 0, 0
86406, 26429, 0, 0, 0
86501, 20291, 0, 0, 0
86601, 15298, 0, 0, 0
86702, 17704, 0, 0, 0
86801, 18498, 0, 0, 0
86900, 19202, 0, 0, 0
87000, 18932, 0, 0, 0
87101, 19620, 0, 0, 0
87201, 14674, 0, 0, 0
87302, 18625, 0, 0, 0
87401, 15250, 0, 0, 0
87500, 16477, 0, 0, 0
87604, 23945, 0, 0, 0
87700, 16631, 0, 0, 0
87803, 20042, 0, 0, 0
87900, 19987, 0, 0, 0
88000, 21302, 0, 0, 0
88103, 19468, 0, 0, 0
88200, 20453, 0, 0, 0
88300, 20276, 0, 0, 0
88400, 19885, 0, 0, 0
88502, 22127, 0, 0, 0
88604, 21029, 0, 0, 0
88700, 19723, 0, 0, 0
88801, 19515, 0, 0, 0
88901, 19665, 0, 0, 0
89000, 18743, 0, 0, 0
89101, 15346, 0, 0, 0
89206, 24176, 0, 0, 0
89306, 20735, 0, 0, 0
89400, 18150, 0, 0, 0
89500, 16880, 0, 0, 0
89601, 17661, 0, 0, 0
89700, 19563, 0, 0, 0
89802, 21091, 0, 0, 0
89900, 22744, 0, 0, 0
90013, 15781, 0, 0, 0
