250, 323584, 0, 0, 0
350, 317440, 0, 0, 0
450, 358400, 0, 0, 0
550, 368640, 0, 0, 0
650, 337920, 0, 0, 0
749, 330989, 0, 0, 0
849, 296960, 0, 0, 0
949, 317440, 0, 0, 0
1049, 327680, 0, 0, 0
1149, 317440, 0, 0, 0
1250, 358400, 0, 0, 0
1350, 327680, 0, 0, 0
1450, 317440, 0, 0, 0
1550, 368640, 0, 0, 0
1650, 358400, 0, 0, 0
1749, 330989, 0, 0, 0
1849, 358400, 0, 0, 0
1950, 378880, 0, 0, 0
2050, 337920, 0, 0, 0
2150, 348160, 0, 0, 0
2249, 330989, 0, 0, 0
2349, 266240, 0, 0, 0
2449, 358400, 0, 0, 0
2549, 307200, 0, 0, 0
2649, 327680, 0, 0, 0
2749, 337920, 0, 0, 0
2850, 327680, 0, 0, 0
2950, 337920, 0, 0, 0
3050, 327680, 0, 0, 0
3150, 358400, 0, 0, 0
3249, 320646, 0, 0, 0
3349, 378880, 0, 0, 0
3449, 337920, 0, 0, 0
3549, 348160, 0, 0, 0
3649, 327680, 0, 0, 0
3749, 358400, 0, 0, 0
3850, 368640, 0, 0, 0
3950, 348160, 0, 0, 0
4050, 307200, 0, 0, 0
4150, 327680, 0, 0, 0
4249, 320646, 0, 0, 0
4349, 358400, 0, 0, 0
4449, 358400, 0, 0, 0
4549, 389120, 0, 0, 0
4649, 378880, 0, 0, 0
4749, 337920, 0, 0, 0
4849, 358400, 0, 0, 0
4950, 348160, 0, 0, 0
5050, 358400, 0, 0, 0
5150, 348160, 0, 0, 0
5249, 393050, 0, 0, 0
5349, 358400, 0, 0, 0
5449, 348160, 0, 0, 0
5549, 307200, 0, 0, 0
5649, 358400, 0, 0, 0
5749, 368640, 0, 0, 0
5849, 348160, 0, 0, 0
5950, 337920, 0, 0, 0
6050, 317440, 0, 0, 0
6150, 317440, 0, 0, 0
6249, 320646, 0, 0, 0
6349, 317440, 0, 0, 0
6449, 348160, 0, 0, 0
6549, 389120, 0, 0, 0
6649, 327680, 0, 0, 0
6750, 378880, 0, 0, 0
6850, 378880, 0, 0, 0
6950, 348160, 0, 0, 0
7050, 337920, 0, 0, 0
7150, 358400, 0, 0, 0
7249, 372363, 0, 0, 0
7349, 307200, 0, 0, 0
7449, 337920, 0, 0, 0
7549, 317440, 0, 0, 0
7650, 348160, 0, 0, 0
7750, 327680, 0, 0, 0
7850, 348160, 0, 0, 0
7950, 348160, 0, 0, 0
8050, 368640, 0, 0, 0
8150, 317440, 0, 0, 0
8249, 362020, 0, 0, 0
8349, 368640, 0, 0, 0
8449, 327680, 0, 0, 0
8549, 337920, 0, 0, 0
8650, 348160, 0, 0, 0
8749, 341333, 0, 0, 0
8849, 378880, 0, 0, 0
8949, 317440, 0, 0, 0
9049, 348160, 0, 0, 0
9149, 317440, 0, 0, 0
9249, 337920, 0, 0, 0
9349, 296960, 0, 0, 0
9449, 317440, 0, 0, 0
9549, 327680, 0, 0, 0
9649, 358400, 0, 0, 0
9750, 358400, 0, 0, 0
9850, 378880, 0, 0, 0
9950, 378880, 0, 0, 0
10050, 378880, 0, 0, 0
10150, 358400, 0, 0, 0
10249, 320646, 0, 0, 0
10349, 378880, 0, 0, 0
10449, 358400, 0, 0, 0
10550, 399360, 0, 0, 0
10650, 378880, 0, 0, 0
10749, 341333, 0, 0, 0
10849, 378880, 0, 0, 0
10949, 348160, 0, 0, 0
11049, 327680, 0, 0, 0
11149, 348160, 0, 0, 0
11249, 337920, 0, 0, 0
11349, 317440, 0, 0, 0
11449, 358400, 0, 0, 0
11550, 337920, 0, 0, 0
11650, 307200, 0, 0, 0
11749, 310303, 0, 0, 0
11849, 337920, 0, 0, 0
11949, 327680, 0, 0, 0
12049, 348160, 0, 0, 0
12149, 337920, 0, 0, 0
12249, 327680, 0, 0, 0
12349, 348160, 0, 0, 0
12449, 358400, 0, 0, 0
12549, 317440, 0, 0, 0
12650, 358400, 0, 0, 0
12749, 310303, 0, 0, 0
12849, 307200, 0, 0, 0
12949, 327680, 0, 0, 0
13049, 348160, 0, 0, 0
13149, 337920, 0, 0, 0
13249, 337920, 0, 0, 0
13349, 337920, 0, 0, 0
13449, 348160, 0, 0, 0
13550, 317440, 0, 0, 0
13650, 327680, 0, 0, 0
13749, 362020, 0, 0, 0
13849, 307200, 0, 0, 0
13949, 337920, 0, 0, 0
14049, 307200, 0, 0, 0
14149, 327680, 0, 0, 0
14249, 348160, 0, 0, 0
14349, 337920, 0, 0, 0
14449, 337920, 0, 0, 0
14550, 317440, 0, 0, 0
14650, 348160, 0, 0, 0
14749, 351676, 0, 0, 0
14849, 337920, 0, 0, 0
14949, 378880, 0, 0, 0
15049, 378880, 0, 0, 0
15149, 337920, 0, 0, 0
15249, 348160, 0, 0, 0
15349, 337920, 0, 0, 0
15449, 358400, 0, 0, 0
15550, 358400, 0, 0, 0
15650, 337920, 0, 0, 0
15749, 382707, 0, 0, 0
15849, 358400, 0, 0, 0
15949, 337920, 0, 0, 0
16049, 327680, 0, 0, 0
16149, 378880, 0, 0, 0
16249, 348160, 0, 0, 0
16349, 348160, 0, 0, 0
16449, 296960, 0, 0, 0
16550, 368640, 0, 0, 0
16650, 378880, 0, 0, 0
16749, 299959, 0, 0, 0
16849, 348160, 0, 0, 0
16949, 358400, 0, 0, 0
17049, 378880, 0, 0, 0
17149, 337920, 0, 0, 0
17249, 368640, 0, 0, 0
17349, 337920, 0, 0, 0
17449, 348160, 0, 0, 0
17550, 368640, 0, 0, 0
17650, 368640, 0, 0, 0
17749, 330989, 0, 0, 0
17849, 337920, 0, 0, 0
17949, 337920, 0, 0, 0
18049, 337920, 0, 0, 0
18149, 327680, 0, 0, 0
18249, 358400, 0, 0, 0
18349, 296960, 0, 0, 0
18449, 348160, 0, 0, 0
18550, 358400, 0, 0, 0
18650, 399360, 0, 0, 0
18749, 351676, 0, 0, 0
18849, 368640, 0, 0, 0
18949, 368640, 0, 0, 0
19049, 348160, 0, 0, 0
19149, 348160, 0, 0, 0
19249, 368640, 0, 0, 0
19349, 317440, 0, 0, 0
19449, 317440, 0, 0, 0
19550, 399360, 0, 0, 0
19650, 307200, 0, 0, 0
19749, 330989, 0, 0, 0
19849, 307200, 0, 0, 0
19949, 348160, 0, 0, 0
20049, 337920, 0, 0, 0
20149, 296960, 0, 0, 0
20249, 307200, 0, 0, 0
20349, 327680, 0, 0, 0
20449, 296960, 0, 0, 0
20550, 317440, 0, 0, 0
20650, 327680, 0, 0, 0
20749, 310303, 0, 0, 0
20849, 317440, 0, 0, 0
20949, 317440, 0, 0, 0
21049, 368640, 0, 0, 0
21149, 337920, 0, 0, 0
21249, 368640, 0, 0, 0
21349, 327680, 0, 0, 0
21449, 358400, 0, 0, 0
21550, 337920, 0, 0, 0
21650, 337920, 0, 0, 0
21749, 351676, 0, 0, 0
21849, 348160, 0, 0, 0
21949, 327680, 0, 0, 0
22049, 399360, 0, 0, 0
22149, 307200, 0, 0, 0
22249, 378880, 0, 0, 0
22349, 327680, 0, 0, 0
22450, 327680, 0, 0, 0
22550, 368640, 0, 0, 0
22650, 368640, 0, 0, 0
22749, 341333, 0, 0, 0
22849, 348160, 0, 0, 0
22949, 378880, 0, 0, 0
23049, 358400, 0, 0, 0
23149, 337920, 0, 0, 0
23250, 317440, 0, 0, 0
23350, 337920, 0, 0, 0
23450, 307200, 0, 0, 0
23550, 378880, 0, 0, 0
23650, 358400, 0, 0, 0
23749, 362020, 0, 0, 0
23849, 317440, 0, 0, 0
23949, 368640, 0, 0, 0
24049, 358400, 0, 0, 0
24150, 348160, 0, 0, 0
24249, 341333, 0, 0, 0
24349, 327680, 0, 0, 0
24449, 358400, 0, 0, 0
24549, 368640, 0, 0, 0
24649, 358400, 0, 0, 0
24749, 337920, 0, 0, 0
24849, 348160, 0, 0, 0
24949, 337920, 0, 0, 0
25049, 348160, 0, 0, 0
25150, 378880, 0, 0, 0
25249, 341333, 0, 0, 0
25349, 348160, 0, 0, 0
25449, 358400, 0, 0, 0
25549, 368640, 0, 0, 0
25649, 327680, 0, 0, 0
25749, 317440, 0, 0, 0
25849, 317440, 0, 0, 0
25949, 378880, 0, 0, 0
26050, 317440, 0, 0, 0
26150, 378880, 0, 0, 0
26249, 310303, 0, 0, 0
26349, 348160, 0, 0, 0
26449, 368640, 0, 0, 0
26549, 327680, 0, 0, 0
26649, 337920, 0, 0, 0
26749, 358400, 0, 0, 0
26849, 348160, 0, 0, 0
26949, 327680, 0, 0, 0
27050, 348160, 0, 0, 0
27150, 358400, 0, 0, 0
27249, 351676, 0, 0, 0
27349, 266240, 0, 0, 0
27449, 368640, 0, 0, 0
27549, 337920, 0, 0, 0
27649, 327680, 0, 0, 0
27749, 317440, 0, 0, 0
27849, 307200, 0, 0, 0
27950, 348160, 0, 0, 0
28050, 307200, 0, 0, 0
28150, 348160, 0, 0, 0
28249, 310303, 0, 0, 0
28349, 337920, 0, 0, 0
28449, 317440, 0, 0, 0
28549, 317440, 0, 0, 0
28649, 368640, 0, 0, 0
28750, 368640, 0, 0, 0
28850, 348160, 0, 0, 0
28950, 337920, 0, 0, 0
29050, 368640, 0, 0, 0
29150, 327680, 0, 0, 0
29249, 341333, 0, 0, 0
29349, 358400, 0, 0, 0
29449, 337920, 0, 0, 0
29549, 327680, 0, 0, 0
29649, 317440, 0, 0, 0
29749, 317440, 0, 0, 0
29849, 348160, 0, 0, 0
29949, 266240, 0, 0, 0
30050, 368640, 0, 0, 0
30150, 368640, 0, 0, 0
30249, 320646, 0, 0, 0
30349, 348160, 0, 0, 0
30449, 348160, 0, 0, 0
30549, 307200, 0, 0, 0
30649, 286720, 0, 0, 0
30749, 317440, 0, 0, 0
30849, 296960, 0, 0, 0
30950, 327680, 0, 0, 0
31050, 348160, 0, 0, 0
31150, 348160, 0, 0, 0
31249, 320646, 0, 0, 0
31349, 286720, 0, 0, 0
31449, 307200, 0, 0, 0
31549, 337920, 0, 0, 0
31649, 358400, 0, 0, 0
31749, 368640, 0, 0, 0
31849, 337920, 0, 0, 0
31949, 368640, 0, 0, 0
32050, 327680, 0, 0, 0
32150, 389120, 0, 0, 0
32249, 330989, 0, 0, 0
32349, 358400, 0, 0, 0
32449, 296960, 0, 0, 0
32549, 337920, 0, 0, 0
32649, 348160, 0, 0, 0
32749, 296960, 0, 0, 0
32849, 317440, 0, 0, 0
32950, 327680, 0, 0, 0
33050, 296960, 0, 0, 0
33150, 368640, 0, 0, 0
33249, 341333, 0, 0, 0
33349, 296960, 0, 0, 0
33449, 317440, 0, 0, 0
33549, 296960, 0, 0, 0
33649, 286720, 0, 0, 0
33750, 327680, 0, 0, 0
33850, 296960, 0, 0, 0
33950, 327680, 0, 0, 0
34050, 296960, 0, 0, 0
34150, 348160, 0, 0, 0
34249, 362020, 0, 0, 0
34349, 317440, 0, 0, 0
34449, 317440, 0, 0, 0
34549, 337920, 0, 0, 0
34649, 337920, 0, 0, 0
34750, 327680, 0, 0, 0
34850, 348160, 0, 0, 0
34950, 337920, 0, 0, 0
35050, 337920, 0, 0, 0
35150, 327680, 0, 0, 0
35249, 341333, 0, 0, 0
35349, 378880, 0, 0, 0
35449, 307200, 0, 0, 0
35549, 337920, 0, 0, 0
35649, 348160, 0, 0, 0
35750, 348160, 0, 0, 0
35850, 358400, 0, 0, 0
35950, 368640, 0, 0, 0
36050, 358400, 0, 0, 0
36150, 399360, 0, 0, 0
36249, 330989, 0, 0, 0
36349, 317440, 0, 0, 0
36449, 327680, 0, 0, 0
36549, 337920, 0, 0, 0
36649, 358400, 0, 0, 0
36750, 337920, 0, 0, 0
36850, 327680, 0, 0, 0
36950, 337920, 0, 0, 0
37050, 348160, 0, 0, 0
37150, 389120, 0, 0, 0
37249, 372363, 0, 0, 0
37349, 358400, 0, 0, 0
37449, 368640, 0, 0, 0
37549, 337920, 0, 0, 0
37650, 368640, 0, 0, 0
37750, 327680, 0, 0, 0
37850, 358400, 0, 0, 0
37950, 348160, 0, 0, 0
38050, 368640, 0, 0, 0
38150, 368640, 0, 0, 0
38249, 320646, 0, 0, 0
38349, 317440, 0, 0, 0
38449, 276480, 0, 0, 0
38550, 358400, 0, 0, 0
38650, 337920, 0, 0, 0
38749, 382707, 0, 0, 0
38849, 358400, 0, 0, 0
38949, 317440, 0, 0, 0
39049, 378880, 0, 0, 0
39149, 286720, 0, 0, 0
39249, 358400, 0, 0, 0
39349, 378880, 0, 0, 0
39449, 378880, 0, 0, 0
39550, 348160, 0, 0, 0
39650, 378880, 0, 0, 0
39749, 351676, 0, 0, 0
39849, 358400, 0, 0, 0
39949, 337920, 0, 0, 0
40049, 368640, 0, 0, 0
40149, 348160, 0, 0, 0
40250, 358400, 0, 0, 0
40350, 337920, 0, 0, 0
40450, 337920, 0, 0, 0
40550, 358400, 0, 0, 0
40650, 337920, 0, 0, 0
40749, 351676, 0, 0, 0
40849, 358400, 0, 0, 0
40949, 368640, 0, 0, 0
41049, 327680, 0, 0, 0
41149, 358400, 0, 0, 0
41250, 337920, 0, 0, 0
41350, 378880, 0, 0, 0
41450, 286720, 0, 0, 0
41550, 358400, 0, 0, 0
41650, 337920, 0, 0, 0
41749, 310303, 0, 0, 0
41849, 327680, 0, 0, 0
41949, 317440, 0, 0, 0
42049, 389120, 0, 0, 0
42149, 378880, 0, 0, 0
42250, 368640, 0, 0, 0
42350, 368640, 0, 0, 0
42450, 348160, 0, 0, 0
42550, 337920, 0, 0, 0
42650, 348160, 0, 0, 0
42749, 372363, 0, 0, 0
42849, 378880, 0, 0, 0
42949, 389120, 0, 0, 0
43049, 358400, 0, 0, 0
43149, 327680, 0, 0, 0
43250, 368640, 0, 0, 0
43350, 348160, 0, 0, 0
43450, 327680, 0, 0, 0
43550, 348160, 0, 0, 0
43650, 337920, 0, 0, 0
43749, 320646, 0, 0, 0
43849, 307200, 0, 0, 0
43949, 337920, 0, 0, 0
44049, 317440, 0, 0, 0
44149, 337920, 0, 0, 0
44249, 317440, 0, 0, 0
44350, 327680, 0, 0, 0
44450, 317440, 0, 0, 0
44550, 348160, 0, 0, 0
44650, 358400, 0, 0, 0
44749, 330989, 0, 0, 0
44849, 327680, 0, 0, 0
44949, 337920, 0, 0, 0
45049, 348160, 0, 0, 0
45149, 368640, 0, 0, 0
45249, 327680, 0, 0, 0
45349, 337920, 0, 0, 0
45450, 358400, 0, 0, 0
45550, 358400, 0, 0, 0
45650, 348160, 0, 0, 0
45749, 330989, 0, 0, 0
45849, 348160, 0, 0, 0
45949, 286720, 0, 0, 0
46049, 317440, 0, 0, 0
46149, 358400, 0, 0, 0
46249, 327680, 0, 0, 0
46349, 327680, 0, 0, 0
46449, 317440, 0, 0, 0
46550, 286720, 0, 0, 0
46650, 296960, 0, 0, 0
46749, 299959, 0, 0, 0
46849, 337920, 0, 0, 0
46949, 358400, 0, 0, 0
47049, 358400, 0, 0, 0
47149, 348160, 0, 0, 0
47249, 307200, 0, 0, 0
47349, 368640, 0, 0, 0
47449, 317440, 0, 0, 0
47550, 317440, 0, 0, 0
47650, 358400, 0, 0, 0
47749, 310303, 0, 0, 0
47849, 348160, 0, 0, 0
47949, 307200, 0, 0, 0
48049, 307200, 0, 0, 0
48149, 358400, 0, 0, 0
48249, 296960, 0, 0, 0
48349, 286720, 0, 0, 0
48450, 348160, 0, 0, 0
48550, 327680, 0, 0, 0
48650, 348160, 0, 0, 0
48749, 330989, 0, 0, 0
48849, 337920, 0, 0, 0
48949, 317440, 0, 0, 0
49049, 296960, 0, 0, 0
49149, 327680, 0, 0, 0
49249, 337920, 0, 0, 0
49350, 296960, 0, 0, 0
49450, 307200, 0, 0, 0
49550, 337920, 0, 0, 0
49650, 296960, 0, 0, 0
49749, 351676, 0, 0, 0
49849, 348160, 0, 0, 0
49949, 327680, 0, 0, 0
50049, 317440, 0, 0, 0
50149, 348160, 0, 0, 0
50250, 389120, 0, 0, 0
50350, 317440, 0, 0, 0
50450, 327680, 0, 0, 0
50550, 317440, 0, 0, 0
50650, 389120, 0, 0, 0
50749, 310303, 0, 0, 0
50849, 368640, 0, 0, 0
50949, 307200, 0, 0, 0
51049, 337920, 0, 0, 0
51149, 378880, 0, 0, 0
51250, 358400, 0, 0, 0
51350, 327680, 0, 0, 0
51450, 378880, 0, 0, 0
51550, 337920, 0, 0, 0
51650, 348160, 0, 0, 0
51749, 351676, 0, 0, 0
51849, 327680, 0, 0, 0
51949, 327680, 0, 0, 0
52049, 348160, 0, 0, 0
52149, 286720, 0, 0, 0
52250, 337920, 0, 0, 0
52350, 368640, 0, 0, 0
52450, 368640, 0, 0, 0
52550, 358400, 0, 0, 0
52650, 307200, 0, 0, 0
52749, 330989, 0, 0, 0
52849, 317440, 0, 0, 0
52949, 348160, 0, 0, 0
53049, 327680, 0, 0, 0
53149, 348160, 0, 0, 0
53250, 327680, 0, 0, 0
53350, 368640, 0, 0, 0
53450, 327680, 0, 0, 0
53550, 327680, 0, 0, 0
53650, 327680, 0, 0, 0
53749, 299959, 0, 0, 0
53849, 378880, 0, 0, 0
53949, 348160, 0, 0, 0
54049, 307200, 0, 0, 0
54149, 337920, 0, 0, 0
54250, 327680, 0, 0, 0
54350, 348160, 0, 0, 0
54450, 348160, 0, 0, 0
54550, 337920, 0, 0, 0
54650, 378880, 0, 0, 0
54749, 299959, 0, 0, 0
54849, 348160, 0, 0, 0
54949, 368640, 0, 0, 0
55049, 337920, 0, 0, 0
55150, 317440, 0, 0, 0
55250, 348160, 0, 0, 0
55350, 337920, 0, 0, 0
55450, 378880, 0, 0, 0
55550, 337920, 0, 0, 0
55650, 337920, 0, 0, 0
55749, 351676, 0, 0, 0
55849, 358400, 0, 0, 0
55949, 348160, 0, 0, 0
56049, 327680, 0, 0, 0
56149, 327680, 0, 0, 0
56250, 317440, 0, 0, 0
56350, 348160, 0, 0, 0
56450, 337920, 0, 0, 0
56550, 337920, 0, 0, 0
56650, 327680, 0, 0, 0
56749, 330989, 0, 0, 0
56849, 337920, 0, 0, 0
56949, 327680, 0, 0, 0
57049, 327680, 0, 0, 0
57149, 358400, 0, 0, 0
57249, 286720, 0, 0, 0
57350, 307200, 0, 0, 0
57450, 368640, 0, 0, 0
57550, 358400, 0, 0, 0
57650, 307200, 0, 0, 0
57749, 341333, 0, 0, 0
57849, 337920, 0, 0, 0
57949, 327680, 0, 0, 0
58049, 327680, 0, 0, 0
58149, 317440, 0, 0, 0
58249, 358400, 0, 0, 0
58349, 317440, 0, 0, 0
58449, 358400, 0, 0, 0
58550, 358400, 0, 0, 0
58650, 276480, 0, 0, 0
58749, 341333, 0, 0, 0
58849, 358400, 0, 0, 0
58949, 327680, 0, 0, 0
59049, 317440, 0, 0, 0
59149, 348160, 0, 0, 0
59249, 337920, 0, 0, 0
59349, 317440, 0, 0, 0
59449, 368640, 0, 0, 0
59550, 307200, 0, 0, 0
59650, 317440, 0, 0, 0
59749, 320646, 0, 0, 0
59849, 358400, 0, 0, 0
59949, 337920, 0, 0, 0
60049, 348160, 0, 0, 0
60149, 327680, 0, 0, 0
60249, 337920, 0, 0, 0
60349, 348160, 0, 0, 0
60449, 296960, 0, 0, 0
60550, 358400, 0, 0, 0
60650, 337920, 0, 0, 0
60749, 362020, 0, 0, 0
60849, 378880, 0, 0, 0
60949, 327680, 0, 0, 0
61049, 358400, 0, 0, 0
61149, 327680, 0, 0, 0
61249, 348160, 0, 0, 0
61349, 337920, 0, 0, 0
61449, 317440, 0, 0, 0
61550, 327680, 0, 0, 0
61650, 348160, 0, 0, 0
61749, 330989, 0, 0, 0
61849, 286720, 0, 0, 0
61949, 337920, 0, 0, 0
62049, 317440, 0, 0, 0
62149, 317440, 0, 0, 0
62249, 317440, 0, 0, 0
62349, 358400, 0, 0, 0
62449, 296960, 0, 0, 0
62549, 307200, 0, 0, 0
62649, 327680, 0, 0, 0
62750, 348160, 0, 0, 0
62850, 337920, 0, 0, 0
62950, 296960, 0, 0, 0
63050, 337920, 0, 0, 0
63150, 348160, 0, 0, 0
63249, 330989, 0, 0, 0
63349, 348160, 0, 0, 0
63449, 327680, 0, 0, 0
63549, 317440, 0, 0, 0
63650, 296960, 0, 0, 0
63749, 310303, 0, 0, 0
63849, 327680, 0, 0, 0
63949, 348160, 0, 0, 0
64049, 327680, 0, 0, 0
64149, 337920, 0, 0, 0
64249, 296960, 0, 0, 0
64349, 348160, 0, 0, 0
64449, 368640, 0, 0, 0
64550, 348160, 0, 0, 0
64650, 296960, 0, 0, 0
64749, 351676, 0, 0, 0
64849, 358400, 0, 0, 0
64949, 317440, 0, 0, 0
65049, 378880, 0, 0, 0
65149, 327680, 0, 0, 0
65249, 348160, 0, 0, 0
65350, 368640, 0, 0, 0
65450, 348160, 0, 0, 0
65550, 378880, 0, 0, 0
65650, 337920, 0, 0, 0
65749, 362020, 0, 0, 0
65849, 286720, 0, 0, 0
65949, 348160, 0, 0, 0
66049, 337920, 0, 0, 0
66149, 307200, 0, 0, 0
66249, 307200, 0, 0, 0
66350, 358400, 0, 0, 0
66450, 348160, 0, 0, 0
66550, 358400, 0, 0, 0
66650, 317440, 0, 0, 0
66749, 351676, 0, 0, 0
66849, 358400, 0, 0, 0
66949, 337920, 0, 0, 0
67049, 317440, 0, 0, 0
67149, 286720, 0, 0, 0
67249, 307200, 0, 0, 0
67350, 307200, 0, 0, 0
67450, 327680, 0, 0, 0
67550, 317440, 0, 0, 0
67650, 296960, 0, 0, 0
67749, 351676, 0, 0, 0
67849, 358400, 0, 0, 0
67949, 348160, 0, 0, 0
68049, 296960, 0, 0, 0
68149, 317440, 0, 0, 0
68249, 307200, 0, 0, 0
68349, 296960, 0, 0, 0
68450, 327680, 0, 0, 0
68550, 296960, 0, 0, 0
68650, 327680, 0, 0, 0
68749, 393050, 0, 0, 0
68849, 358400, 0, 0, 0
68949, 327680, 0, 0, 0
69049, 337920, 0, 0, 0
69149, 337920, 0, 0, 0
69249, 348160, 0, 0, 0
69349, 286720, 0, 0, 0
69449, 348160, 0, 0, 0
69550, 307200, 0, 0, 0
69650, 337920, 0, 0, 0
69749, 330989, 0, 0, 0
69849, 317440, 0, 0, 0
69949, 337920, 0, 0, 0
70049, 307200, 0, 0, 0
70149, 327680, 0, 0, 0
70249, 348160, 0, 0, 0
70349, 296960, 0, 0, 0
70449, 348160, 0, 0, 0
70549, 307200, 0, 0, 0
70650, 337920, 0, 0, 0
70749, 289616, 0, 0, 0
70849, 317440, 0, 0, 0
70949, 337920, 0, 0, 0
71049, 358400, 0, 0, 0
71149, 327680, 0, 0, 0
71249, 286720, 0, 0, 0
71349, 368640, 0, 0, 0
71449, 348160, 0, 0, 0
71550, 327680, 0, 0, 0
71650, 327680, 0, 0, 0
71749, 310303, 0, 0, 0
71849, 358400, 0, 0, 0
71949, 348160, 0, 0, 0
72049, 358400, 0, 0, 0
72149, 368640, 0, 0, 0
72249, 317440, 0, 0, 0
72349, 358400, 0, 0, 0
72449, 327680, 0, 0, 0
72550, 317440, 0, 0, 0
72650, 337920, 0, 0, 0
72749, 320646, 0, 0, 0
72849, 327680, 0, 0, 0
72949, 307200, 0, 0, 0
73049, 337920, 0, 0, 0
73149, 307200, 0, 0, 0
73249, 348160, 0, 0, 0
73349, 337920, 0, 0, 0
73449, 296960, 0, 0, 0
73550, 296960, 0, 0, 0
73650, 348160, 0, 0, 0
73749, 320646, 0, 0, 0
73849, 307200, 0, 0, 0
73949, 307200, 0, 0, 0
74049, 327680, 0, 0, 0
74149, 337920, 0, 0, 0
74249, 317440, 0, 0, 0
74350, 348160, 0, 0, 0
74450, 256000, 0, 0, 0
74550, 327680, 0, 0, 0
74650, 317440, 0, 0, 0
74749, 310303, 0, 0, 0
74849, 286720, 0, 0, 0
74949, 337920, 0, 0, 0
75049, 327680, 0, 0, 0
75149, 368640, 0, 0, 0
75249, 317440, 0, 0, 0
75349, 337920, 0, 0, 0
75450, 348160, 0, 0, 0
75550, 317440, 0, 0, 0
75650, 358400, 0, 0, 0
75749, 372363, 0, 0, 0
75849, 368640, 0, 0, 0
75949, 327680, 0, 0, 0
76049, 358400, 0, 0, 0
76149, 286720, 0, 0, 0
76249, 327680, 0, 0, 0
76349, 368640, 0, 0, 0
76449, 327680, 0, 0, 0
76550, 317440, 0, 0, 0
76650, 337920, 0, 0, 0
76749, 372363, 0, 0, 0
76849, 307200, 0, 0, 0
76949, 337920, 0, 0, 0
77049, 358400, 0, 0, 0
77149, 317440, 0, 0, 0
77249, 307200, 0, 0, 0
77349, 327680, 0, 0, 0
77449, 327680, 0, 0, 0
77550, 296960, 0, 0, 0
77650, 317440, 0, 0, 0
77749, 351676, 0, 0, 0
77849, 337920, 0, 0, 0
77949, 286720, 0, 0, 0
78049, 348160, 0, 0, 0
78149, 327680, 0, 0, 0
78249, 389120, 0, 0, 0
78349, 327680, 0, 0, 0
78449, 327680, 0, 0, 0
78549, 348160, 0, 0, 0
78649, 358400, 0, 0, 0
78750, 358400, 0, 0, 0
78850, 337920, 0, 0, 0
78950, 286720, 0, 0, 0
79050, 337920, 0, 0, 0
79150, 317440, 0, 0, 0
79249, 362020, 0, 0, 0
79349, 307200, 0, 0, 0
79449, 337920, 0, 0, 0
79549, 358400, 0, 0, 0
79650, 307200, 0, 0, 0
79750, 348160, 0, 0, 0
79850, 348160, 0, 0, 0
79950, 317440, 0, 0, 0
80050, 337920, 0, 0, 0
80150, 348160, 0, 0, 0
80249, 330989, 0, 0, 0
80349, 337920, 0, 0, 0
80449, 368640, 0, 0, 0
80549, 327680, 0, 0, 0
80649, 378880, 0, 0, 0
80750, 327680, 0, 0, 0
80850, 368640, 0, 0, 0
80950, 348160, 0, 0, 0
81050, 307200, 0, 0, 0
81150, 368640, 0, 0, 0
81249, 341333, 0, 0, 0
81349, 337920, 0, 0, 0
81449, 337920, 0, 0, 0
81549, 348160, 0, 0, 0
81649, 358400, 0, 0, 0
81749, 317440, 0, 0, 0
81850, 337920, 0, 0, 0
81950, 348160, 0, 0, 0
82050, 337920, 0, 0, 0
82150, 286720, 0, 0, 0
82249, 362020, 0, 0, 0
82349, 307200, 0, 0, 0
82449, 327680, 0, 0, 0
82549, 327680, 0, 0, 0
82649, 317440, 0, 0, 0
82749, 317440, 0, 0, 0
82849, 368640, 0, 0, 0
82950, 307200, 0, 0, 0
83050, 358400, 0, 0, 0
83150, 327680, 0, 0, 0
83249, 268929, 0, 0, 0
83349, 327680, 0, 0, 0
83449, 358400, 0, 0, 0
83549, 337920, 0, 0, 0
83649, 327680, 0, 0, 0
83749, 317440, 0, 0, 0
83849, 307200, 0, 0, 0
83950, 348160, 0, 0, 0
84050, 348160, 0, 0, 0
84150, 389120, 0, 0, 0
84249, 330989, 0, 0, 0
84349, 348160, 0, 0, 0
84449, 337920, 0, 0, 0
84549, 348160, 0, 0, 0
84649, 348160, 0, 0, 0
84750, 317440, 0, 0, 0
84850, 337920, 0, 0, 0
84950, 296960, 0, 0, 0
85050, 348160, 0, 0, 0
85150, 348160, 0, 0, 0
85249, 320646, 0, 0, 0
85349, 358400, 0, 0, 0
85449, 317440, 0, 0, 0
85549, 378880, 0, 0, 0
85649, 317440, 0, 0, 0
85750, 337920, 0, 0, 0
85850, 348160, 0, 0, 0
85950, 327680, 0, 0, 0
86050, 358400, 0, 0, 0
86150, 296960, 0, 0, 0
86249, 330989, 0, 0, 0
86349, 337920, 0, 0, 0
86449, 327680, 0, 0, 0
86549, 286720, 0, 0, 0
86649, 327680, 0, 0, 0
86750, 307200, 0, 0, 0
86850, 307200, 0, 0, 0
86950, 296960, 0, 0, 0
87050, 296960, 0, 0, 0
87150, 307200, 0, 0, 0
87249, 310303, 0, 0, 0
87349, 307200, 0, 0, 0
87449, 317440, 0, 0, 0
87549, 307200, 0, 0, 0
87649, 307200, 0, 0, 0
87750, 276480, 0, 0, 0
87850, 286720, 0, 0, 0
87950, 317440, 0, 0, 0
88050, 337920, 0, 0, 0
88150, 327680, 0, 0, 0
88249, 310303, 0, 0, 0
88349, 317440, 0, 0, 0
88449, 307200, 0, 0, 0
88549, 348160, 0, 0, 0
88649, 327680, 0, 0, 0
88750, 348160, 0, 0, 0
88850, 358400, 0, 0, 0
88950, 327680, 0, 0, 0
89050, 327680, 0, 0, 0
89150, 307200, 0, 0, 0
89249, 299959, 0, 0, 0
89349, 327680, 0, 0, 0
89449, 296960, 0, 0, 0
89549, 358400, 0, 0, 0
89649, 348160, 0, 0, 0
89750, 307200, 0, 0, 0
89850, 337920, 0, 0, 0
89950, 337920, 0, 0, 0
