101, 11365258, 0, 0, 0
101, 12616243, 1, 0, 0
200, 14633115, 1, 0, 0
202, 10522054, 0, 0, 0
300, 11096030, 1, 0, 0
300, 9109558, 0, 0, 0
401, 11323766, 0, 0, 0
403, 15145160, 1, 0, 0
500, 11482317, 1, 0, 0
501, 11135302, 0, 0, 0
600, 11354501, 0, 0, 0
600, 13737218, 1, 0, 0
700, 12835113, 1, 0, 0
700, 12951457, 0, 0, 0
800, 10211324, 0, 0, 0
803, 10605017, 1, 0, 0
901, 10493212, 0, 0, 0
905, 9714927, 1, 0, 0
1001, 11362911, 0, 0, 0
1002, 13823014, 1, 0, 0
1100, 11160079, 0, 0, 0
1101, 14185472, 1, 0, 0
1200, 11825830, 0, 0, 0
1202, 13603250, 1, 0, 0
1300, 10353928, 0, 0, 0
1300, 13220801, 1, 0, 0
1400, 10247794, 0, 0, 0
1400, 10778823, 1, 0, 0
1500, 12596524, 0, 0, 0
1504, 11947546, 1, 0, 0
1600, 11136573, 1, 0, 0
1601, 12461460, 0, 0, 0
1700, 13718103, 0, 0, 0
1702, 11298283, 1, 0, 0
1800, 10471186, 0, 0, 0
1800, 13147866, 1, 0, 0
1900, 12032947, 0, 0, 0
1902, 12302948, 1, 0, 0
2000, 10690734, 0, 0, 0
2006, 12133956, 1, 0, 0
2100, 10141151, 0, 0, 0
2101, 12627591, 1, 0, 0
2201, 11240306, 0, 0, 0
2202, 13374607, 1, 0, 0
2300, 10421647, 0, 0, 0
2302, 14059380, 1, 0, 0
2400, 14130992, 1, 0, 0
2400, 8922919, 0, 0, 0
2500, 12020565, 1, 0, 0
2502, 10347340, 0, 0, 0
2600, 10369828, 0, 0, 0
2601, 12910764, 1, 0, 0
2700, 10350798, 0, 0, 0
2701, 13971893, 1, 0, 0
2800, 11057517, 0, 0, 0
2801, 13590990, 1, 0, 0
2901, 12788177, 1, 0, 0
2901, 10029433, 0, 0, 0
3000, 9362692, 0, 0, 0
3000, 12920372, 1, 0, 0
3100, 14496656, 1, 0, 0
3100, 10714983, 0, 0, 0
3200, 9464243, 0, 0, 0
3200, 12695481, 1, 0, 0
3300, 10433588, 0, 0, 0
3300, 11886219, 1, 0, 0
3400, 9806891, 1, 0, 0
3401, 11771842, 0, 0, 0
3500, 9739569, 0, 0, 0
3503, 13001822, 1, 0, 0
3600, 11932506, 1, 0, 0
3601, 11569625, 0, 0, 0
3700, 10515392, 0, 0, 0
3700, 15043476, 1, 0, 0
3800, 9262771, 0, 0, 0
3801, 12377633, 1, 0, 0
3900, 12638904, 1, 0, 0
3900, 10773757, 0, 0, 0
4000, 8342364, 0, 0, 0
4000, 10194115, 1, 0, 0
4100, 10941279, 0, 0, 0
4103, 14120008, 1, 0, 0
4200, 13752520, 1, 0, 0
4201, 11078520, 0, 0, 0
4300, 9836087, 1, 0, 0
4301, 11229304, 0, 0, 0
4401, 11867404, 0, 0, 0
4401, 12961285, 1, 0, 0
4500, 10618746, 0, 0, 0
4502, 12276793, 1, 0, 0
4600, 11119386, 1, 0, 0
4600, 10457745, 0, 0, 0
4700, 10008692, 0, 0, 0
4708, 13750993, 1, 0, 0
4800, 8888063, 0, 0, 0
4805, 10583066, 1, 0, 0
4900, 9004439, 0, 0, 0
4901, 11083599, 1, 0, 0
5000, 8349557, 0, 0, 0
5001, 12928653, 1, 0, 0
5100, 11544586, 0, 0, 0
5101, 11960151, 1, 0, 0
5200, 8914887, 0, 0, 0
5201, 11496843, 1, 0, 0
5300, 11079870, 0, 0, 0
5304, 9468863, 1, 0, 0
5400, 10591316, 0, 0, 0
5401, 10883738, 1, 0, 0
5500, 10321690, 0, 0, 0
5503, 11643260, 1, 0, 0
5600, 10695267, 0, 0, 0
5604, 10453883, 1, 0, 0
5700, 9027517, 1, 0, 0
5700, 11953651, 0, 0, 0
5800, 9292270, 0, 0, 0
5802, 14150765, 1, 0, 0
5900, 14371534, 1, 0, 0
5900, 10530116, 0, 0, 0
6000, 8463870, 0, 0, 0
6001, 11372020, 1, 0, 0
6101, 9473212, 0, 0, 0
6102, 14006051, 1, 0, 0
6201, 15099099, 1, 0, 0
6202, 11309840, 0, 0, 0
6300, 9909307, 1, 0, 0
6300, 10964515, 0, 0, 0
6401, 10997936, 1, 0, 0
6402, 12383782, 0, 0, 0
6500, 8532886, 0, 0, 0
6501, 12921947, 1, 0, 0
6600, 9477901, 1, 0, 0
6600, 9611457, 0, 0, 0
6700, 14811692, 1, 0, 0
6701, 11719725, 0, 0, 0
6800, 12697914, 0, 0, 0
6801, 8795817, 1, 0, 0
6900, 9429793, 0, 0, 0
6902, 9534995, 1, 0, 0
7000, 11148404, 0, 0, 0
7003, 8192797, 1, 0, 0
7100, 9304506, 0, 0, 0
7101, 14032924, 1, 0, 0
7200, 11520535, 0, 0, 0
7202, 15409253, 1, 0, 0
7300, 13614932, 0, 0, 0
7300, 12124491, 1, 0, 0
7400, 13519690, 1, 0, 0
7400, 11732119, 0, 0, 0
7501, 8660966, 0, 0, 0
7501, 11988009, 1, 0, 0
7600, 9951967, 0, 0, 0
7603, 8251440, 1, 0, 0
7700, 8155841, 0, 0, 0
7703, 9114565, 1, 0, 0
7800, 14305451, 0, 0, 0
7802, 11359744, 1, 0, 0
7901, 13067633, 1, 0, 0
7901, 8478452, 0, 0, 0
8000, 11717495, 1, 0, 0
8001, 12128102, 0, 0, 0
8100, 9165464, 0, 0, 0
8102, 9483188, 1, 0, 0
8200, 13289355, 0, 0, 0
8201, 11047268, 1, 0, 0
8300, 11132934, 0, 0, 0
8306, 8805280, 1, 0, 0
8400, 13826653, 0, 0, 0
8401, 9747188, 1, 0, 0
8500, 14999463, 1, 0, 0
8501, 9153553, 0, 0, 0
8600, 13523811, 1, 0, 0
8600, 11617526, 0, 0, 0
8700, 10189099, 0, 0, 0
8705, 13926058, 1, 0, 0
8800, 13083660, 0, 0, 0
8802, 16987533, 1, 0, 0
8900, 12653751, 1, 0, 0
8900, 10977961, 0, 0, 0
9001, 11485503, 1, 0, 0
9001, 9946000, 0, 0, 0
9100, 11498481, 1, 0, 0
9101, 8263751, 0, 0, 0
9200, 12393467, 1, 0, 0
9200, 12547429, 0, 0, 0
9300, 9515963, 0, 0, 0
9301, 18601749, 1, 0, 0
9400, 9414858, 1, 0, 0
9400, 11381107, 0, 0, 0
9500, 11618541, 0, 0, 0
9502, 14357012, 1, 0, 0
9601, 10755552, 1, 0, 0
9602, 9161120, 0, 0, 0
9700, 11922994, 0, 0, 0
9702, 20560423, 1, 0, 0
9800, 17377186, 1, 0, 0
9801, 10540045, 0, 0, 0
9902, 10914354, 0, 0, 0
9902, 13133779, 1, 0, 0
10000, 10291860, 1, 0, 0
10001, 10462933, 0, 0, 0
10100, 11508661, 0, 0, 0
10108, 12133471, 1, 0, 0
10200, 9678000, 0, 0, 0
10200, 9913372, 1, 0, 0
10300, 9831624, 0, 0, 0
10301, 13920398, 1, 0, 0
10400, 11287405, 0, 0, 0
10400, 12381740, 1, 0, 0
10500, 12169459, 0, 0, 0
10501, 11262315, 1, 0, 0
10600, 10941232, 0, 0, 0
10600, 8756041, 1, 0, 0
10700, 10300271, 0, 0, 0
10701, 10487528, 1, 0, 0
10801, 12281246, 0, 0, 0
10807, 18573138, 1, 0, 0
10900, 11598333, 1, 0, 0
10900, 11534379, 0, 0, 0
11000, 9613915, 0, 0, 0
11000, 9029920, 1, 0, 0
11100, 9631954, 1, 0, 0
11101, 9833008, 0, 0, 0
11200, 8616501, 0, 0, 0
11204, 8695872, 1, 0, 0
11300, 9076077, 0, 0, 0
11300, 13946913, 1, 0, 0
11400, 12686673, 1, 0, 0
11401, 10134770, 0, 0, 0
11500, 9235866, 1, 0, 0
11500, 9126515, 0, 0, 0
11600, 16546981, 1, 0, 0
11600, 12261130, 0, 0, 0
11701, 12402891, 0, 0, 0
11701, 11723522, 1, 0, 0
11800, 8015917, 0, 0, 0
11802, 11230135, 1, 0, 0
11900, 9307664, 0, 0, 0
11904, 16102565, 1, 0, 0
12001, 20577266, 1, 0, 0
12001, 9059740, 0, 0, 0
12100, 16396290, 1, 0, 0
12101, 9327203, 0, 0, 0
12201, 10040756, 0, 0, 0
12202, 6401921, 1, 0, 0
12302, 16024406, 0, 0, 0
12302, 18174909, 1, 0, 0
12400, 8986584, 0, 0, 0
12400, 8572353, 1, 0, 0
12500, 7937944, 0, 0, 0
12503, 7067558, 1, 0, 0
12600, 12796192, 0, 0, 0
12601, 16904650, 1, 0, 0
12700, 11087267, 0, 0, 0
12704, 7747617, 1, 0, 0
12800, 14902959, 1, 0, 0
12802, 12517678, 0, 0, 0
12900, 11285629, 0, 0, 0
12901, 13876629, 1, 0, 0
13001, 8714601, 0, 0, 0
13002, 14408373, 1, 0, 0
13100, 15642424, 1, 0, 0
13100, 13757191, 0, 0, 0
13200, 8615610, 1, 0, 0
13200, 8543099, 0, 0, 0
13300, 10739020, 1, 0, 0
13304, 13684559, 0, 0, 0
13400, 13755526, 0, 0, 0
13400, 12722473, 1, 0, 0
13500, 12938014, 1, 0, 0
13501, 11108581, 0, 0, 0
13601, 12532433, 0, 0, 0
13604, 13559817, 1, 0, 0
13700, 15490442, 1, 0, 0
13702, 13634603, 0, 0, 0
13800, 15031969, 1, 0, 0
13801, 10004343, 0, 0, 0
13900, 12041986, 1, 0, 0
13900, 16455457, 0, 0, 0
14000, 11825625, 0, 0, 0
14005, 14264256, 1, 0, 0
14100, 10130044, 1, 0, 0
14101, 10409784, 0, 0, 0
14200, 14373322, 0, 0, 0
14204, 12371226, 1, 0, 0
14300, 21994039, 1, 0, 0
14301, 10945451, 0, 0, 0
14400, 12545126, 1, 0, 0
14400, 12478651, 0, 0, 0
14500, 10125706, 0, 0, 0
14503, 7353076, 1, 0, 0
14600, 18004891, 1, 0, 0
14602, 12942495, 0, 0, 0
14700, 10494310, 0, 0, 0
14701, 13312408, 1, 0, 0
14800, 8002778, 0, 0, 0
14808, 7708688, 1, 0, 0
14900, 11994980, 0, 0, 0
14902, 13677115, 1, 0, 0
15001, 10831067, 0, 0, 0
15004, 12206666, 1, 0, 0
15100, 10218789, 0, 0, 0
15100, 11810411, 1, 0, 0
15200, 18485342, 1, 0, 0
15201, 9823008, 0, 0, 0
15300, 13440333, 0, 0, 0
15301, 11938344, 1, 0, 0
15400, 12607026, 0, 0, 0
15403, 17389291, 1, 0, 0
15501, 8794156, 0, 0, 0
15502, 15937652, 1, 0, 0
15600, 8999362, 0, 0, 0
15603, 13379594, 1, 0, 0
15700, 13326992, 0, 0, 0
15700, 7368816, 1, 0, 0
15800, 13651607, 1, 0, 0
15800, 10073980, 0, 0, 0
15900, 7437784, 0, 0, 0
15900, 13875036, 1, 0, 0
16000, 14543626, 0, 0, 0
16005, 9726860, 1, 0, 0
16100, 8874989, 1, 0, 0
16100, 10349648, 0, 0, 0
16200, 12679602, 1, 0, 0
16201, 7402985, 0, 0, 0
16300, 15576519, 1, 0, 0
16301, 11414403, 0, 0, 0
16401, 14348993, 1, 0, 0
16401, 12015824, 0, 0, 0
16501, 9128758, 0, 0, 0
16502, 7849307, 1, 0, 0
16600, 12308445, 1, 0, 0
16603, 9867607, 0, 0, 0
16701, 11214179, 0, 0, 0
16704, 14776662, 1, 0, 0
16800, 14751004, 1, 0, 0
16801, 11205442, 0, 0, 0
16900, 10879001, 0, 0, 0
16902, 18156536, 1, 0, 0
17001, 9605271, 0, 0, 0
17003, 12537854, 1, 0, 0
17102, 9660913, 0, 0, 0
17103, 11085878, 1, 0, 0
17200, 19141278, 1, 0, 0
17201, 14618793, 0, 0, 0
17300, 10240927, 0, 0, 0
17301, 12832697, 1, 0, 0
17401, 8798063, 0, 0, 0
17401, 9334801, 1, 0, 0
17500, 12876563, 0, 0, 0
17501, 14436153, 1, 0, 0
17600, 10167657, 0, 0, 0
17601, 13594589, 1, 0, 0
17700, 10425765, 0, 0, 0
17702, 8041457, 1, 0, 0
17800, 11738622, 1, 0, 0
17800, 11771936, 0, 0, 0
17900, 12785089, 0, 0, 0
17900, 9923898, 1, 0, 0
18001, 9857304, 1, 0, 0
18002, 10978666, 0, 0, 0
18100, 11056344, 0, 0, 0
18100, 10393999, 1, 0, 0
18201, 7654532, 0, 0, 0
18201, 10698200, 1, 0, 0
18300, 11681321, 0, 0, 0
18303, 9801826, 1, 0, 0
18400, 9190643, 0, 0, 0
18402, 9637009, 1, 0, 0
18500, 12707443, 0, 0, 0
18502, 13546680, 1, 0, 0
18600, 9551263, 1, 0, 0
18604, 11438570, 0, 0, 0
18700, 12455938, 1, 0, 0
18700, 10409367, 0, 0, 0
18800, 12659480, 0, 0, 0
18802, 12296354, 1, 0, 0
18900, 10029506, 1, 0, 0
18900, 12701325, 0, 0, 0
19000, 9194169, 0, 0, 0
19005, 15707637, 1, 0, 0
19100, 13381181, 0, 0, 0
19105, 10951151, 1, 0, 0
19200, 12959957, 0, 0, 0
19200, 14094637, 1, 0, 0
19300, 7034758, 0, 0, 0
19301, 13251808, 1, 0, 0
19401, 10871501, 0, 0, 0
19403, 10834485, 1, 0, 0
19500, 13706844, 1, 0, 0
19500, 10578996, 0, 0, 0
19600, 9663789, 0, 0, 0
19603, 15586544, 1, 0, 0
19700, 9031262, 0, 0, 0
19704, 8642819, 1, 0, 0
19801, 11699220, 0, 0, 0
19804, 11123705, 1, 0, 0
19900, 12706143, 0, 0, 0
19900, 9576078, 1, 0, 0
20001, 11804250, 1, 0, 0
20002, 13614548, 0, 0, 0
20101, 10722600, 0, 0, 0
20101, 12190175, 1, 0, 0
20200, 12811180, 0, 0, 0
20203, 19242085, 1, 0, 0
20300, 11648073, 0, 0, 0
20304, 15814956, 1, 0, 0
20401, 11395347, 1, 0, 0
20401, 10610747, 0, 0, 0
20500, 11658853, 0, 0, 0
20502, 12282853, 1, 0, 0
20601, 12237837, 0, 0, 0
20602, 20465714, 1, 0, 0
20700, 9193509, 1, 0, 0
20700, 9844794, 0, 0, 0
20800, 11900839, 0, 0, 0
20803, 15824373, 1, 0, 0
20900, 10331974, 0, 0, 0
20900, 16109107, 1, 0, 0
21000, 10832403, 0, 0, 0
21004, 15753269, 1, 0, 0
21100, 10449700, 0, 0, 0
21105, 12193774, 1, 0, 0
21200, 9450587, 0, 0, 0
21200, 14773808, 1, 0, 0
21300, 9654748, 0, 0, 0
21302, 13466928, 1, 0, 0
21401, 10874445, 0, 0, 0
21402, 9256258, 1, 0, 0
21500, 11981539, 0, 0, 0
21500, 9982762, 1, 0, 0
21602, 11424745, 0, 0, 0
21604, 10003175, 1, 0, 0
21700, 9109040, 0, 0, 0
21700, 17619032, 1, 0, 0
21800, 10326978, 1, 0, 0
21800, 10492644, 0, 0, 0
21900, 11092608, 1, 0, 0
21901, 9669642, 0, 0, 0
22000, 11249512, 0, 0, 0
22000, 7807515, 1, 0, 0
22100, 9273055, 0, 0, 0
22101, 16695254, 1, 0, 0
22200, 15593158, 0, 0, 0
22200, 10907337, 1, 0, 0
22300, 13242153, 0, 0, 0
22302, 14831452, 1, 0, 0
22400, 13044242, 0, 0, 0
22402, 10156826, 1, 0, 0
22500, 16233460, 1, 0, 0
22501, 10185130, 0, 0, 0
22600, 8678919, 0, 0, 0
22600, 9831900, 1, 0, 0
22700, 14302472, 1, 0, 0
22700, 10503842, 0, 0, 0
22800, 13250716, 0, 0, 0
22806, 11310744, 1, 0, 0
22900, 14265449, 0, 0, 0
22901, 13433406, 1, 0, 0
23000, 10109467, 0, 0, 0
23000, 14765762, 1, 0, 0
23102, 14333055, 0, 0, 0
23106, 12351935, 1, 0, 0
23200, 14347664, 0, 0, 0
23204, 11645673, 1, 0, 0
23301, 12415509, 0, 0, 0
23301, 16501379, 1, 0, 0
23400, 14166524, 1, 0, 0
23401, 11420366, 0, 0, 0
23501, 11270257, 1, 0, 0
23501, 9968276, 0, 0, 0
23601, 8776691, 0, 0, 0
23601, 10576304, 1, 0, 0
23700, 11087230, 0, 0, 0
23700, 11049651, 1, 0, 0
23800, 12891756, 1, 0, 0
23800, 14508742, 0, 0, 0
23900, 12090676, 0, 0, 0
23902, 12592321, 1, 0, 0
24000, 8348446, 1, 0, 0
24000, 9676650, 0, 0, 0
24101, 9383742, 1, 0, 0
24102, 9198803, 0, 0, 0
24200, 15389486, 1, 0, 0
24201, 10459890, 0, 0, 0
24300, 11473630, 0, 0, 0
24301, 11709620, 1, 0, 0
24400, 13056288, 0, 0, 0
24401, 14374254, 1, 0, 0
24500, 16356285, 1, 0, 0
24501, 13091553, 0, 0, 0
24601, 9603178, 0, 0, 0
24603, 12420891, 1, 0, 0
24700, 7907838, 0, 0, 0
24702, 12289918, 1, 0, 0
24800, 9245960, 0, 0, 0
24800, 13490914, 1, 0, 0
24901, 12542150, 1, 0, 0
24901, 10306201, 0, 0, 0
25000, 16415129, 1, 0, 0
25001, 15663021, 0, 0, 0
25100, 11429570, 0, 0, 0
25104, 16665500, 1, 0, 0
25200, 15339949, 1, 0, 0
25200, 8714985, 0, 0, 0
25300, 9003317, 0, 0, 0
25300, 11035872, 1, 0, 0
25400, 10150400, 0, 0, 0
25409, 13952447, 1, 0, 0
25500, 8716886, 0, 0, 0
25501, 15847526, 1, 0, 0
25600, 9826654, 1, 0, 0
25600, 6667889, 0, 0, 0
25700, 9733229, 0, 0, 0
25707, 13099276, 1, 0, 0
25800, 12962910, 1, 0, 0
25800, 14306115, 0, 0, 0
25900, 8899812, 0, 0, 0
25900, 8867845, 1, 0, 0
26001, 10066541, 0, 0, 0
26001, 13037581, 1, 0, 0
26100, 9553377, 0, 0, 0
26102, 17938583, 1, 0, 0
26200, 15099080, 1, 0, 0
26202, 13393829, 0, 0, 0
26301, 11349075, 0, 0, 0
26304, 12477921, 1, 0, 0
26400, 10209692, 1, 0, 0
26400, 9388054, 0, 0, 0
26500, 12174151, 0, 0, 0
26501, 9376789, 1, 0, 0
26600, 12379115, 0, 0, 0
26602, 14672480, 1, 0, 0
26700, 12513560, 0, 0, 0
26702, 10928680, 1, 0, 0
26800, 13432103, 0, 0, 0
26803, 12716294, 1, 0, 0
26900, 11508134, 1, 0, 0
26901, 8665062, 0, 0, 0
27000, 10282187, 0, 0, 0
27001, 9231183, 1, 0, 0
27100, 9785511, 0, 0, 0
27102, 10526219, 1, 0, 0
27200, 12018682, 0, 0, 0
27203, 13823244, 1, 0, 0
27300, 11482894, 0, 0, 0
27302, 12353439, 1, 0, 0
27400, 16121336, 0, 0, 0
27404, 9474589, 1, 0, 0
27501, 15954324, 0, 0, 0
27502, 10754540, 1, 0, 0
27600, 11634767, 0, 0, 0
27601, 14383104, 1, 0, 0
27700, 16737870, 1, 0, 0
27700, 7046843, 0, 0, 0
27800, 15391091, 1, 0, 0
27801, 13053920, 0, 0, 0
27901, 15898925, 0, 0, 0
27902, 23864972, 1, 0, 0
28000, 15930955, 1, 0, 0
28000, 10740644, 0, 0, 0
28100, 11139169, 0, 0, 0
28100, 12868885, 1, 0, 0
28200, 13369525, 1, 0, 0
28204, 11198208, 0, 0, 0
28301, 12977611, 1, 0, 0
28301, 15473167, 0, 0, 0
28400, 11394461, 0, 0, 0
28403, 16361384, 1, 0, 0
28501, 14630934, 1, 0, 0
28502, 13076701, 0, 0, 0
28601, 11184783, 0, 0, 0
28601, 14818993, 1, 0, 0
28700, 10501860, 1, 0, 0
28701, 10841771, 0, 0, 0
28800, 15599101, 0, 0, 0
28801, 11527556, 1, 0, 0
28900, 14697658, 0, 0, 0
28901, 17052918, 1, 0, 0
29000, 13577613, 0, 0, 0
29003, 20920437, 1, 0, 0
29100, 12404784, 1, 0, 0
29100, 14499490, 0, 0, 0
29200, 15438534, 0, 0, 0
29202, 18054715, 1, 0, 0
29302, 15810475, 0, 0, 0
29302, 16906702, 1, 0, 0
29400, 15402585, 0, 0, 0
29401, 15494683, 1, 0, 0
29501, 9434356, 0, 0, 0
29502, 11660179, 1, 0, 0
29601, 8310380, 0, 0, 0
29602, 16296842, 1, 0, 0
29700, 17160104, 0, 0, 0
29700, 13089107, 1, 0, 0
29800, 13372879, 0, 0, 0
29803, 14015525, 1, 0, 0
29901, 8157190, 0, 0, 0
29902, 9050536, 1, 0, 0
30000, 16248247, 0, 0, 0
30000, 19659221, 1, 0, 0
30100, 9846029, 0, 0, 0
30100, 15080903, 1, 0, 0
30200, 10646198, 0, 0, 0
30202, 14068298, 1, 0, 0
30300, 14525566, 1, 0, 0
30301, 8940998, 0, 0, 0
30400, 10635350, 1, 0, 0
30401, 13350133, 0, 0, 0
30500, 11665410, 0, 0, 0
30500, 14761897, 1, 0, 0
30600, 11385515, 0, 0, 0
30603, 12033554, 1, 0, 0
30700, 11838885, 0, 0, 0
30701, 16695115, 1, 0, 0
30800, 9389882, 0, 0, 0
30800, 9669953, 1, 0, 0
30900, 7171239, 0, 0, 0
30900, 11656151, 1, 0, 0
31000, 12593138, 0, 0, 0
31000, 12054928, 1, 0, 0
31100, 9833680, 0, 0, 0
31101, 10593376, 1, 0, 0
31200, 9274511, 0, 0, 0
31200, 11090943, 1, 0, 0
31303, 15066838, 0, 0, 0
31304, 18115988, 1, 0, 0
31400, 9802181, 0, 0, 0
31401, 20277102, 1, 0, 0
31500, 11267158, 0, 0, 0
31501, 14656419, 1, 0, 0
31601, 11594466, 0, 0, 0
31602, 9702548, 1, 0, 0
31700, 12248970, 1, 0, 0
31701, 12819927, 0, 0, 0
31800, 14160898, 0, 0, 0
31804, 10472039, 1, 0, 0
31900, 15762525, 1, 0, 0
31900, 8498755, 0, 0, 0
32000, 9584728, 0, 0, 0
32002, 14826482, 1, 0, 0
32100, 12740351, 0, 0, 0
32103, 11567402, 1, 0, 0
32200, 9401196, 0, 0, 0
32200, 12319199, 1, 0, 0
32300, 11415100, 0, 0, 0
32300, 14735730, 1, 0, 0
32400, 10289138, 0, 0, 0
32400, 12751458, 1, 0, 0
32500, 8876979, 0, 0, 0
32508, 10388106, 1, 0, 0
32600, 13824422, 0, 0, 0
32600, 7721376, 1, 0, 0
32700, 10050948, 0, 0, 0
32701, 12402406, 1, 0, 0
32800, 9777776, 0, 0, 0
32803, 13142037, 1, 0, 0
32900, 10257495, 0, 0, 0
32905, 12754969, 1, 0, 0
33000, 8838464, 0, 0, 0
33000, 14412544, 1, 0, 0
33100, 11894112, 1, 0, 0
33101, 10973371, 0, 0, 0
33200, 14645349, 1, 0, 0
33200, 9321626, 0, 0, 0
33301, 10656031, 0, 0, 0
33301, 14778202, 1, 0, 0
33400, 14426154, 1, 0, 0
33400, 13531145, 0, 0, 0
33500, 11146487, 0, 0, 0
33501, 10389782, 1, 0, 0
33600, 12114722, 1, 0, 0
33600, 10694130, 0, 0, 0
33700, 11066074, 0, 0, 0
33700, 8895343, 1, 0, 0
33801, 10251909, 0, 0, 0
33801, 16377015, 1, 0, 0
33900, 10969854, 0, 0, 0
33900, 13699440, 1, 0, 0
34001, 11942029, 0, 0, 0
34001, 14696280, 1, 0, 0
34100, 12767600, 0, 0, 0
34103, 12397338, 1, 0, 0
34200, 12270857, 0, 0, 0
34201, 14337150, 1, 0, 0
34301, 9802759, 0, 0, 0
34303, 14535366, 1, 0, 0
34400, 11515897, 0, 0, 0
34401, 13726624, 1, 0, 0
34500, 12055160, 0, 0, 0
34501, 9989876, 1, 0, 0
34600, 12048348, 0, 0, 0
34600, 15157786, 1, 0, 0
34701, 9718352, 1, 0, 0
34701, 11132713, 0, 0, 0
34800, 10031051, 0, 0, 0
34801, 12166034, 1, 0, 0
34900, 10137559, 0, 0, 0
34900, 14154161, 1, 0, 0
35000, 8460783, 0, 0, 0
35000, 12326969, 1, 0, 0
35101, 13151850, 1, 0, 0
35101, 10414066, 0, 0, 0
35200, 14818451, 1, 0, 0
35200, 8587781, 0, 0, 0
35300, 13803904, 1, 0, 0
35300, 10041893, 0, 0, 0
35400, 13138693, 0, 0, 0
35400, 17484395, 1, 0, 0
35500, 11430980, 0, 0, 0
35504, 14125020, 1, 0, 0
35600, 11998642, 1, 0, 0
35602, 9989330, 0, 0, 0
35700, 12409253, 1, 0, 0
35700, 11062724, 0, 0, 0
35800, 9634264, 0, 0, 0
35800, 11948210, 1, 0, 0
35900, 10751894, 1, 0, 0
35900, 10903518, 0, 0, 0
36000, 9299352, 0, 0, 0
36000, 13485541, 1, 0, 0
36100, 10075033, 0, 0, 0
36101, 11595129, 1, 0, 0
36200, 15715468, 1, 0, 0
36201, 10316271, 0, 0, 0
36301, 7330749, 0, 0, 0
36303, 9619781, 1, 0, 0
36401, 14889703, 0, 0, 0
36409, 9645851, 1, 0, 0
36500, 13344160, 1, 0, 0
36502, 14129554, 0, 0, 0
36600, 14416919, 0, 0, 0
36601, 9273979, 1, 0, 0
36700, 11573761, 0, 0, 0
36703, 11144553, 1, 0, 0
36800, 10589602, 0, 0, 0
36801, 9037970, 1, 0, 0
36900, 15181260, 0, 0, 0
36900, 10830193, 1, 0, 0
37002, 10175525, 0, 0, 0
37002, 14867403, 1, 0, 0
37100, 10558505, 0, 0, 0
37101, 15012826, 1, 0, 0
37200, 8669308, 0, 0, 0
37201, 10499596, 1, 0, 0
37301, 9666569, 0, 0, 0
37304, 15515763, 1, 0, 0
37401, 14027477, 0, 0, 0
37401, 9556094, 1, 0, 0
37501, 10836740, 0, 0, 0
37505, 14724330, 1, 0, 0
37600, 8632290, 1, 0, 0
37600, 11502706, 0, 0, 0
37701, 12703262, 0, 0, 0
37701, 11499967, 1, 0, 0
37800, 13600153, 1, 0, 0
37801, 11464319, 0, 0, 0
37900, 11234414, 0, 0, 0
37900, 12589882, 1, 0, 0
38000, 9028930, 0, 0, 0
38000, 16379970, 1, 0, 0
38100, 17999887, 1, 0, 0
38100, 13179760, 0, 0, 0
38200, 11317081, 0, 0, 0
38203, 11136975, 1, 0, 0
38301, 12494873, 0, 0, 0
38301, 17351365, 1, 0, 0
38400, 14674453, 0, 0, 0
38401, 18259130, 1, 0, 0
38500, 9280745, 0, 0, 0
38501, 10250535, 1, 0, 0
38600, 9887834, 0, 0, 0
38601, 15065479, 1, 0, 0
38700, 11282757, 1, 0, 0
38700, 8441866, 0, 0, 0
38801, 11264293, 0, 0, 0
38803, 13042018, 1, 0, 0
38900, 9998391, 0, 0, 0
38900, 6420561, 1, 0, 0
39000, 11903606, 0, 0, 0
39003, 19573856, 1, 0, 0
39100, 9365055, 0, 0, 0
39103, 11963987, 1, 0, 0
39200, 10446026, 0, 0, 0
39201, 13334755, 1, 0, 0
39300, 8473711, 0, 0, 0
39301, 19233780, 1, 0, 0
39400, 8192326, 0, 0, 0
39401, 8146231, 1, 0, 0
39500, 14012813, 1, 0, 0
39501, 10691014, 0, 0, 0
39601, 8899180, 0, 0, 0
39602, 13030262, 1, 0, 0
39701, 12438000, 0, 0, 0
39706, 20390255, 1, 0, 0
39801, 17068087, 0, 0, 0
39801, 12389364, 1, 0, 0
39900, 8142811, 0, 0, 0
39900, 12429016, 1, 0, 0
40000, 16628287, 1, 0, 0
40002, 5273732, 0, 0, 0
40100, 9692891, 0, 0, 0
40104, 12204577, 1, 0, 0
40200, 17558681, 0, 0, 0
40201, 8418677, 1, 0, 0
40300, 11780206, 0, 0, 0
40300, 7012412, 1, 0, 0
40400, 14718261, 0, 0, 0
40401, 10478977, 1, 0, 0
40500, 11592917, 1, 0, 0
40500, 11055623, 0, 0, 0
40601, 9592224, 0, 0, 0
40613, 10612996, 1, 0, 0
40700, 28057677, 1, 0, 0
40700, 15741887, 0, 0, 0
40801, 10829239, 1, 0, 0
40801, 8032437, 0, 0, 0
40900, 6876121, 0, 0, 0
40900, 15716690, 1, 0, 0
41000, 8580724, 1, 0, 0
41000, 8820965, 0, 0, 0
41100, 8625001, 1, 0, 0
41100, 9845743, 0, 0, 0
41200, 8386232, 0, 0, 0
41200, 10302522, 1, 0, 0
41300, 9174224, 0, 0, 0
41307, 6568237, 1, 0, 0
41400, 16869764, 0, 0, 0
41402, 7642999, 1, 0, 0
41500, 15534372, 0, 0, 0
41500, 11742453, 1, 0, 0
41600, 9582764, 1, 0, 0
41600, 12948679, 0, 0, 0
41700, 13222378, 0, 0, 0
41702, 14395775, 1, 0, 0
41800, 9269178, 0, 0, 0
41800, 12146247, 1, 0, 0
41900, 7182164, 0, 0, 0
41903, 12018488, 1, 0, 0
42000, 9148228, 0, 0, 0
42001, 20211424, 1, 0, 0
42100, 17502972, 1, 0, 0
42101, 10408785, 0, 0, 0
42200, 10203688, 0, 0, 0
42201, 10202499, 1, 0, 0
42300, 14360141, 1, 0, 0
42300, 13644711, 0, 0, 0
42400, 13614948, 1, 0, 0
42400, 16055856, 0, 0, 0
42500, 8922816, 0, 0, 0
42502, 11416346, 1, 0, 0
42600, 10481610, 0, 0, 0
42602, 13136124, 1, 0, 0
42700, 9148324, 1, 0, 0
42700, 9185018, 0, 0, 0
42800, 9371942, 0, 0, 0
42801, 8702011, 1, 0, 0
42900, 9217376, 0, 0, 0
42903, 7840267, 1, 0, 0
43001, 9050672, 1, 0, 0
43001, 10669110, 0, 0, 0
43100, 13091530, 0, 0, 0
43101, 9368957, 1, 0, 0
43200, 11976320, 1, 0, 0
43201, 13694308, 0, 0, 0
43301, 9393574, 1, 0, 0
43302, 15272526, 0, 0, 0
43402, 15203380, 1, 0, 0
43403, 11286928, 0, 0, 0
43500, 13070778, 0, 0, 0
43500, 14023724, 1, 0, 0
43600, 12687601, 0, 0, 0
43606, 9186073, 1, 0, 0
43701, 11724081, 0, 0, 0
43705, 15814897, 1, 0, 0
43800, 12271159, 0, 0, 0
43811, 17651144, 1, 0, 0
43900, 11033523, 0, 0, 0
43903, 15558669, 1, 0, 0
44000, 14603363, 0, 0, 0
44000, 12977428, 1, 0, 0
44100, 11085315, 0, 0, 0
44101, 11117888, 1, 0, 0
44200, 14375127, 1, 0, 0
44201, 8791571, 0, 0, 0
44300, 9378159, 0, 0, 0
44301, 10378361, 1, 0, 0
44400, 11050508, 0, 0, 0
44401, 11335608, 1, 0, 0
44500, 12216367, 1, 0, 0
44500, 11642333, 0, 0, 0
44600, 11325388, 0, 0, 0
44604, 7519780, 1, 0, 0
44700, 10599314, 0, 0, 0
44705, 16098229, 1, 0, 0
44800, 11475145, 0, 0, 0
44802, 12382320, 1, 0, 0
44900, 10047103, 1, 0, 0
44900, 11455073, 0, 0, 0
45001, 10744901, 0, 0, 0
45001, 11563517, 1, 0, 0
45100, 12067000, 0, 0, 0
45105, 11158965, 1, 0, 0
45200, 11807596, 0, 0, 0
45200, 13212147, 1, 0, 0
45300, 9676936, 1, 0, 0
45300, 10601617, 0, 0, 0
45400, 12927921, 1, 0, 0
45400, 11741849, 0, 0, 0
45500, 9657939, 1, 0, 0
45500, 9731584, 0, 0, 0
45600, 11260006, 0, 0, 0
45600, 11857894, 1, 0, 0
45700, 9692767, 0, 0, 0
45702, 12934542, 1, 0, 0
45800, 15691845, 1, 0, 0
45800, 16536280, 0, 0, 0
45900, 12532332, 1, 0, 0
45900, 9712256, 0, 0, 0
46001, 12963539, 1, 0, 0
46001, 11267974, 0, 0, 0
46100, 12891316, 0, 0, 0
46103, 14524675, 1, 0, 0
46200, 12557830, 1, 0, 0
46200, 9308767, 0, 0, 0
46300, 9513982, 1, 0, 0
46301, 10609048, 0, 0, 0
46400, 13307068, 0, 0, 0
46400, 10861853, 1, 0, 0
46500, 9437792, 0, 0, 0
46500, 10753644, 1, 0, 0
46601, 9057220, 1, 0, 0
46601, 10427054, 0, 0, 0
46700, 8313063, 0, 0, 0
46702, 9572823, 1, 0, 0
46800, 12407201, 0, 0, 0
46803, 14532381, 1, 0, 0
46900, 11455926, 0, 0, 0
46902, 12320871, 1, 0, 0
47000, 10974767, 0, 0, 0
47001, 20574581, 1, 0, 0
47100, 9457742, 0, 0, 0
47102, 14977004, 1, 0, 0
47201, 12296933, 1, 0, 0
47201, 9311411, 0, 0, 0
47300, 11551245, 0, 0, 0
47301, 10408426, 1, 0, 0
47400, 10136113, 0, 0, 0
47403, 11362365, 1, 0, 0
47501, 8517923, 0, 0, 0
47507, 10458295, 1, 0, 0
47602, 10674908, 1, 0, 0
47603, 11379278, 0, 0, 0
47700, 10056735, 0, 0, 0
47700, 14380469, 1, 0, 0
47800, 15314093, 1, 0, 0
47801, 11367460, 0, 0, 0
47900, 12326499, 0, 0, 0
47901, 15212601, 1, 0, 0
48000, 8137581, 0, 0, 0
48001, 12536632, 1, 0, 0
48102, 10813723, 1, 0, 0
48104, 8915023, 0, 0, 0
48201, 12961870, 1, 0, 0
48201, 9117077, 0, 0, 0
48300, 9847988, 0, 0, 0
48307, 14941557, 1, 0, 0
48401, 15575922, 1, 0, 0
48404, 12313204, 0, 0, 0
48501, 14164618, 1, 0, 0
48501, 14407803, 0, 0, 0
48600, 12180599, 0, 0, 0
48600, 10121268, 1, 0, 0
48700, 10126038, 1, 0, 0
48701, 10979574, 0, 0, 0
48800, 11975439, 0, 0, 0
48806, 15914536, 1, 0, 0
48900, 17513752, 0, 0, 0
48901, 15590498, 1, 0, 0
49000, 10000286, 0, 0, 0
49002, 17252194, 1, 0, 0
49100, 15481556, 0, 0, 0
49101, 9469290, 1, 0, 0
49201, 9079326, 0, 0, 0
49201, 11171012, 1, 0, 0
49300, 8981121, 0, 0, 0
49303, 16726667, 1, 0, 0
49400, 9031546, 0, 0, 0
49400, 15713104, 1, 0, 0
49500, 11227030, 0, 0, 0
49500, 10584226, 1, 0, 0
49600, 9668351, 0, 0, 0
49600, 9955186, 1, 0, 0
49700, 9506783, 0, 0, 0
49700, 10936516, 1, 0, 0
49800, 12677380, 0, 0, 0
49801, 16700480, 1, 0, 0
49900, 13305160, 0, 0, 0
49901, 13608484, 1, 0, 0
50000, 10036647, 1, 0, 0
50000, 9732868, 0, 0, 0
50100, 10603613, 0, 0, 0
50104, 15456154, 1, 0, 0
50200, 14174008, 0, 0, 0
50201, 11872727, 1, 0, 0
50300, 10703969, 0, 0, 0
50301, 11147922, 1, 0, 0
50401, 10665047, 0, 0, 0
50402, 14137289, 1, 0, 0
50500, 12054865, 1, 0, 0
50500, 11320286, 0, 0, 0
50600, 10748562, 0, 0, 0
50600, 14448905, 1, 0, 0
50700, 9756820, 0, 0, 0
50700, 9856927, 1, 0, 0
50800, 11261249, 0, 0, 0
50802, 13847828, 1, 0, 0
50900, 11874801, 0, 0, 0
50900, 14546503, 1, 0, 0
51000, 10740569, 1, 0, 0
51000, 10973294, 0, 0, 0
51100, 11355309, 0, 0, 0
51102, 12026281, 1, 0, 0
51200, 10783710, 0, 0, 0
51200, 11363111, 1, 0, 0
51300, 11768409, 1, 0, 0
51301, 8952776, 0, 0, 0
51400, 11574394, 0, 0, 0
51401, 13294250, 1, 0, 0
51500, 11856159, 0, 0, 0
51503, 13935319, 1, 0, 0
51600, 11737853, 0, 0, 0
51600, 12536606, 1, 0, 0
51701, 10805277, 0, 0, 0
51702, 9887044, 1, 0, 0
51800, 10447250, 0, 0, 0
51800, 14248229, 1, 0, 0
51900, 9930222, 1, 0, 0
51900, 9717698, 0, 0, 0
52000, 13122730, 0, 0, 0
52005, 10587683, 1, 0, 0
52100, 10025945, 0, 0, 0
52104, 12329629, 1, 0, 0
52200, 9419447, 0, 0, 0
52201, 13017193, 1, 0, 0
52300, 11671530, 0, 0, 0
52303, 18516184, 1, 0, 0
52400, 11692131, 0, 0, 0
52400, 12108036, 1, 0, 0
52500, 10940002, 0, 0, 0
52500, 19499359, 1, 0, 0
52600, 9254517, 0, 0, 0
52605, 13773819, 1, 0, 0
52700, 12194484, 0, 0, 0
52703, 12994170, 1, 0, 0
52801, 12013957, 0, 0, 0
52802, 10143317, 1, 0, 0
52900, 10404749, 0, 0, 0
52901, 13826412, 1, 0, 0
53000, 10770407, 0, 0, 0
53003, 15604718, 1, 0, 0
53100, 10920060, 0, 0, 0
53101, 12034073, 1, 0, 0
53200, 10874391, 0, 0, 0
53201, 8684526, 1, 0, 0
53300, 9227084, 0, 0, 0
53307, 16943168, 1, 0, 0
53400, 10678814, 0, 0, 0
53401, 15618285, 1, 0, 0
53501, 15022593, 1, 0, 0
53501, 10974335, 0, 0, 0
53600, 9410925, 0, 0, 0
53602, 11829643, 1, 0, 0
53700, 8705182, 0, 0, 0
53701, 9936078, 1, 0, 0
53800, 10444216, 0, 0, 0
53801, 15377465, 1, 0, 0
53900, 8330370, 0, 0, 0
53902, 12556358, 1, 0, 0
54000, 11206486, 0, 0, 0
54000, 9968567, 1, 0, 0
54100, 11730881, 1, 0, 0
54100, 12044677, 0, 0, 0
54201, 11376387, 1, 0, 0
54202, 12080119, 0, 0, 0
54300, 9119949, 0, 0, 0
54302, 11374616, 1, 0, 0
54400, 9943091, 0, 0, 0
54401, 11052985, 1, 0, 0
54500, 9982726, 0, 0, 0
54501, 9191612, 1, 0, 0
54601, 10322815, 0, 0, 0
54602, 17671040, 1, 0, 0
54700, 9931581, 0, 0, 0
54704, 12988019, 1, 0, 0
54800, 16879236, 1, 0, 0
54800, 8943855, 0, 0, 0
54900, 15460481, 1, 0, 0
54904, 10312104, 0, 0, 0
55001, 15978239, 1, 0, 0
55003, 12727445, 0, 0, 0
55100, 14846180, 1, 0, 0
55101, 10384860, 0, 0, 0
55201, 9986521, 0, 0, 0
55203, 10698864, 1, 0, 0
55300, 9936449, 0, 0, 0
55301, 12151980, 1, 0, 0
55400, 9256236, 0, 0, 0
55400, 14412004, 1, 0, 0
55500, 11144989, 0, 0, 0
55500, 15092547, 1, 0, 0
55600, 9154346, 0, 0, 0
55602, 14715080, 1, 0, 0
55701, 11986255, 0, 0, 0
55702, 13448830, 1, 0, 0
55800, 11486723, 1, 0, 0
55801, 8841320, 0, 0, 0
55900, 13013175, 0, 0, 0
55900, 11382504, 1, 0, 0
56001, 14517304, 0, 0, 0
56002, 11960998, 1, 0, 0
56100, 11099908, 0, 0, 0
56100, 10709384, 1, 0, 0
56201, 11161014, 1, 0, 0
56201, 10475641, 0, 0, 0
56300, 11082751, 0, 0, 0
56300, 13182839, 1, 0, 0
56400, 11773026, 0, 0, 0
56403, 13913465, 1, 0, 0
56500, 8955080, 0, 0, 0
56501, 9319006, 1, 0, 0
56601, 9481001, 0, 0, 0
56606, 13783473, 1, 0, 0
56700, 13460106, 1, 0, 0
56701, 11788125, 0, 0, 0
56800, 13212424, 1, 0, 0
56802, 13144526, 0, 0, 0
56900, 13597992, 1, 0, 0
56901, 11615569, 0, 0, 0
57000, 12629790, 1, 0, 0
57000, 10763612, 0, 0, 0
57100, 12729195, 0, 0, 0
57101, 10061047, 1, 0, 0
57200, 12291853, 1, 0, 0
57200, 12289320, 0, 0, 0
57300, 11063204, 0, 0, 0
57300, 9951793, 1, 0, 0
57401, 11351418, 0, 0, 0
57403, 12346794, 1, 0, 0
57500, 16677883, 1, 0, 0
57500, 9164965, 0, 0, 0
57601, 11475292, 0, 0, 0
57601, 12852350, 1, 0, 0
57701, 10442382, 0, 0, 0
57703, 12957748, 1, 0, 0
57800, 11495305, 0, 0, 0
57802, 14979310, 1, 0, 0
57900, 10612891, 0, 0, 0
57900, 11586164, 1, 0, 0
58000, 9436374, 0, 0, 0
58002, 13189063, 1, 0, 0
58100, 9208129, 0, 0, 0
58101, 13322232, 1, 0, 0
58200, 8791299, 0, 0, 0
58201, 13669720, 1, 0, 0
58300, 14791407, 1, 0, 0
58301, 15077473, 0, 0, 0
58401, 8519671, 0, 0, 0
58404, 13122482, 1, 0, 0
58500, 11725929, 0, 0, 0
58505, 17566277, 1, 0, 0
58601, 12510057, 0, 0, 0
58601, 12251780, 1, 0, 0
58700, 10416483, 1, 0, 0
58702, 10672629, 0, 0, 0
58800, 10644975, 0, 0, 0
58801, 11392669, 1, 0, 0
58900, 9194986, 0, 0, 0
58900, 11130799, 1, 0, 0
59000, 10311263, 1, 0, 0
59001, 12246682, 0, 0, 0
59100, 9428338, 0, 0, 0
59102, 11821598, 1, 0, 0
59200, 10048462, 1, 0, 0
59201, 11755333, 0, 0, 0
59300, 11509155, 1, 0, 0
59301, 11187031, 0, 0, 0
59400, 10814475, 0, 0, 0
59401, 13601252, 1, 0, 0
59501, 10005877, 0, 0, 0
59502, 10694395, 1, 0, 0
59601, 10000990, 0, 0, 0
59604, 15637462, 1, 0, 0
59700, 8511127, 1, 0, 0
59700, 10543728, 0, 0, 0
59800, 8075202, 0, 0, 0
59800, 14268949, 1, 0, 0
59900, 11549653, 0, 0, 0
59900, 10282229, 1, 0, 0
60000, 11303930, 0, 0, 0
60003, 14841490, 1, 0, 0
60100, 11728411, 0, 0, 0
60104, 9288500, 1, 0, 0
60200, 9963545, 0, 0, 0
60202, 13652056, 1, 0, 0
60300, 12565645, 1, 0, 0
60301, 10649276, 0, 0, 0
60400, 9595189, 0, 0, 0
60401, 15906108, 1, 0, 0
60500, 9013064, 0, 0, 0
60501, 9615298, 1, 0, 0
60600, 9323728, 0, 0, 0
60603, 13249548, 1, 0, 0
60700, 10279592, 0, 0, 0
60706, 13222726, 1, 0, 0
60801, 13380211, 1, 0, 0
60802, 9601866, 0, 0, 0
60900, 10067938, 0, 0, 0
60901, 13116742, 1, 0, 0
61000, 11854155, 0, 0, 0
61001, 14090838, 1, 0, 0
61100, 11819910, 0, 0, 0
61100, 12880187, 1, 0, 0
61200, 14482411, 1, 0, 0
61201, 11949380, 0, 0, 0
61301, 13516049, 1, 0, 0
61301, 10436375, 0, 0, 0
61400, 11764351, 0, 0, 0
61403, 11114734, 1, 0, 0
61500, 13832949, 1, 0, 0
61500, 10873479, 0, 0, 0
61600, 11018585, 0, 0, 0
61600, 10272770, 1, 0, 0
61700, 11828504, 0, 0, 0
61700, 14114205, 1, 0, 0
61800, 11198801, 0, 0, 0
61803, 12596371, 1, 0, 0
61900, 11210083, 0, 0, 0
61905, 11600227, 1, 0, 0
62001, 12258617, 0, 0, 0
62003, 10104584, 1, 0, 0
62100, 12492662, 0, 0, 0
62100, 13900801, 1, 0, 0
62200, 12988371, 1, 0, 0
62202, 10270407, 0, 0, 0
62300, 11373024, 0, 0, 0
62300, 13309335, 1, 0, 0
62400, 10781343, 0, 0, 0
62403, 12681650, 1, 0, 0
62502, 12133528, 0, 0, 0
62502, 13339976, 1, 0, 0
62600, 11936496, 0, 0, 0
62601, 12174851, 1, 0, 0
62700, 13028414, 0, 0, 0
62700, 12365369, 1, 0, 0
62800, 12606801, 0, 0, 0
62801, 12255327, 1, 0, 0
62901, 10978214, 0, 0, 0
62902, 12447527, 1, 0, 0
63000, 11419458, 0, 0, 0
63001, 12171757, 1, 0, 0
63100, 11833588, 0, 0, 0
63103, 14055738, 1, 0, 0
63200, 11717962, 0, 0, 0
63200, 11299017, 1, 0, 0
63300, 12008464, 0, 0, 0
63302, 11389500, 1, 0, 0
63400, 11897848, 1, 0, 0
63400, 10931554, 0, 0, 0
63500, 10809576, 0, 0, 0
63500, 9458103, 1, 0, 0
63600, 13709138, 1, 0, 0
63601, 11414222, 0, 0, 0
63700, 11635593, 0, 0, 0
63705, 12858266, 1, 0, 0
63800, 12733180, 1, 0, 0
63804, 10764748, 0, 0, 0
63900, 10129911, 0, 0, 0
63901, 12750974, 1, 0, 0
64000, 12725989, 0, 0, 0
64002, 14459013, 1, 0, 0
64100, 12937563, 0, 0, 0
64100, 11668811, 1, 0, 0
64200, 10469520, 0, 0, 0
64206, 14326548, 1, 0, 0
64300, 12880173, 1, 0, 0
64301, 11527107, 0, 0, 0
64400, 11790673, 0, 0, 0
64403, 13228508, 1, 0, 0
64500, 10535333, 0, 0, 0
64500, 13079528, 1, 0, 0
64600, 10596267, 0, 0, 0
64601, 13836751, 1, 0, 0
64701, 11878324, 0, 0, 0
64702, 11964748, 1, 0, 0
64801, 13930363, 1, 0, 0
64801, 11372405, 0, 0, 0
64900, 12102107, 1, 0, 0
64901, 10952743, 0, 0, 0
65000, 10586972, 0, 0, 0
65001, 13459466, 1, 0, 0
65100, 9450934, 0, 0, 0
65101, 10968910, 1, 0, 0
65200, 10907972, 0, 0, 0
65203, 13129909, 1, 0, 0
65300, 12694694, 1, 0, 0
65302, 10614739, 0, 0, 0
65401, 8239663, 0, 0, 0
65405, 10484845, 1, 0, 0
65500, 13597603, 0, 0, 0
65502, 13512851, 1, 0, 0
65600, 9430713, 1, 0, 0
65601, 10483507, 0, 0, 0
65700, 12976620, 0, 0, 0
65700, 14001076, 1, 0, 0
65800, 10212822, 0, 0, 0
65803, 9562611, 1, 0, 0
65900, 11675024, 1, 0, 0
65900, 14979648, 0, 0, 0
66000, 12478730, 1, 0, 0
66000, 13899965, 0, 0, 0
66101, 13132701, 0, 0, 0
66102, 16060659, 1, 0, 0
66201, 17695904, 1, 0, 0
66202, 9865376, 0, 0, 0
66300, 10433254, 1, 0, 0
66300, 13147697, 0, 0, 0
66400, 14969305, 0, 0, 0
66407, 9116646, 1, 0, 0
66502, 13593912, 0, 0, 0
66503, 12968617, 1, 0, 0
66600, 15329806, 1, 0, 0
66601, 12441520, 0, 0, 0
66700, 10806041, 1, 0, 0
66701, 10737762, 0, 0, 0
66800, 11263279, 1, 0, 0
66800, 8894912, 0, 0, 0
66900, 13272184, 0, 0, 0
66900, 12300381, 1, 0, 0
67000, 9923757, 0, 0, 0
67000, 12763848, 1, 0, 0
67100, 10533619, 0, 0, 0
67101, 13380648, 1, 0, 0
67200, 9346516, 0, 0, 0
67203, 17447983, 1, 0, 0
67301, 10986773, 0, 0, 0
67302, 11993500, 1, 0, 0
67400, 11766923, 1, 0, 0
67401, 11374414, 0, 0, 0
67500, 14429221, 1, 0, 0
67500, 17330080, 0, 0, 0
67600, 9110498, 0, 0, 0
67601, 13931253, 1, 0, 0
67700, 13531181, 0, 0, 0
67704, 11773599, 1, 0, 0
67801, 13115809, 0, 0, 0
67802, 10157592, 1, 0, 0
67900, 13169976, 0, 0, 0
67900, 9687852, 1, 0, 0
68001, 12665404, 0, 0, 0
68004, 9478397, 1, 0, 0
68100, 9079785, 0, 0, 0
68100, 18358261, 1, 0, 0
68200, 8086737, 0, 0, 0
68202, 9348090, 1, 0, 0
68300, 10384600, 0, 0, 0
68300, 10601636, 1, 0, 0
68400, 12129088, 0, 0, 0
68401, 13378346, 1, 0, 0
68500, 8269845, 1, 0, 0
68504, 13053037, 0, 0, 0
68600, 11961823, 0, 0, 0
68603, 19081212, 1, 0, 0
68700, 10825235, 1, 0, 0
68702, 10344930, 0, 0, 0
68800, 10151174, 0, 0, 0
68800, 13658080, 1, 0, 0
68901, 14126469, 1, 0, 0
68902, 9790478, 0, 0, 0
69000, 12213723, 1, 0, 0
69001, 9340004, 0, 0, 0
69100, 14518265, 1, 0, 0
69100, 11376746, 0, 0, 0
69200, 11733057, 1, 0, 0
69201, 9917834, 0, 0, 0
69300, 9591962, 0, 0, 0
69303, 19143419, 1, 0, 0
69400, 8474689, 0, 0, 0
69404, 13450538, 1, 0, 0
69501, 10661038, 0, 0, 0
69504, 14292500, 1, 0, 0
69600, 10517889, 0, 0, 0
69607, 13901129, 1, 0, 0
69700, 8217957, 0, 0, 0
69702, 16793536, 1, 0, 0
69800, 11550511, 1, 0, 0
69800, 8886304, 0, 0, 0
69900, 9440724, 0, 0, 0
69902, 10770636, 1, 0, 0
70000, 12530484, 0, 0, 0
70001, 8316643, 1, 0, 0
70101, 10897263, 0, 0, 0
70104, 10687744, 1, 0, 0
70200, 10911332, 0, 0, 0
70200, 12676389, 1, 0, 0
70300, 8890186, 0, 0, 0
70302, 12724205, 1, 0, 0
70400, 11153765, 0, 0, 0
70400, 14393294, 1, 0, 0
70500, 13429639, 1, 0, 0
70501, 11327565, 0, 0, 0
70601, 9335516, 0, 0, 0
70605, 17048740, 1, 0, 0
70700, 14570382, 0, 0, 0
70702, 11050519, 1, 0, 0
70800, 11988141, 0, 0, 0
70804, 14327191, 1, 0, 0
70900, 10621798, 0, 0, 0
70900, 11684225, 1, 0, 0
71000, 10290594, 0, 0, 0
71001, 13646717, 1, 0, 0
71100, 19477358, 1, 0, 0
71102, 9547385, 0, 0, 0
71200, 13279153, 1, 0, 0
71201, 10724229, 0, 0, 0
71300, 10832177, 0, 0, 0
71301, 13690542, 1, 0, 0
71400, 10730085, 0, 0, 0
71403, 8155755, 1, 0, 0
71500, 11715281, 0, 0, 0
71500, 11591627, 1, 0, 0
71600, 11221975, 0, 0, 0
71600, 15612222, 1, 0, 0
71700, 13662322, 1, 0, 0
71700, 10559463, 0, 0, 0
71800, 11238923, 0, 0, 0
71800, 16291430, 1, 0, 0
71901, 15424429, 1, 0, 0
71901, 11591949, 0, 0, 0
72000, 12080913, 1, 0, 0
72000, 10228957, 0, 0, 0
72101, 10624996, 0, 0, 0
72101, 18680982, 1, 0, 0
72200, 11197436, 0, 0, 0
72200, 12413802, 1, 0, 0
72300, 11701369, 0, 0, 0
72300, 11961812, 1, 0, 0
72400, 10886400, 0, 0, 0
72400, 16233772, 1, 0, 0
72500, 11595146, 0, 0, 0
72500, 14746219, 1, 0, 0
72600, 10162975, 0, 0, 0
72600, 12714818, 1, 0, 0
72700, 11818097, 1, 0, 0
72701, 10159612, 0, 0, 0
72801, 10486509, 0, 0, 0
72802, 8091348, 1, 0, 0
72901, 11923750, 0, 0, 0
72902, 13818907, 1, 0, 0
73000, 9114007, 0, 0, 0
73002, 16412659, 1, 0, 0
73101, 13431140, 1, 0, 0
73103, 9653514, 0, 0, 0
73200, 13892488, 1, 0, 0
73200, 11644064, 0, 0, 0
73300, 12893196, 0, 0, 0
73302, 17040152, 1, 0, 0
73400, 9899261, 0, 0, 0
73401, 14247315, 1, 0, 0
73500, 17411246, 1, 0, 0
73500, 13474418, 0, 0, 0
73601, 10528794, 0, 0, 0
73601, 9249592, 1, 0, 0
73701, 10744354, 1, 0, 0
73701, 11312472, 0, 0, 0
73800, 13121840, 0, 0, 0
73800, 13325976, 1, 0, 0
73900, 11784314, 0, 0, 0
73900, 9834642, 1, 0, 0
74000, 10683721, 0, 0, 0
74000, 8993019, 1, 0, 0
74100, 9986326, 0, 0, 0
74102, 12057796, 1, 0, 0
74201, 9548437, 0, 0, 0
74202, 9601268, 1, 0, 0
74301, 14610904, 0, 0, 0
74302, 7834015, 1, 0, 0
74401, 9484346, 0, 0, 0
74401, 13106616, 1, 0, 0
74501, 12889232, 1, 0, 0
74501, 8364962, 0, 0, 0
74600, 12330890, 0, 0, 0
74602, 6293795, 1, 0, 0
74700, 10910942, 1, 0, 0
74700, 8018752, 0, 0, 0
74800, 13305707, 1, 0, 0
74800, 18140880, 0, 0, 0
74900, 9551356, 0, 0, 0
74906, 11082621, 1, 0, 0
75000, 11662134, 0, 0, 0
75000, 14668354, 1, 0, 0
75100, 8819160, 0, 0, 0
75100, 14105118, 1, 0, 0
75200, 12996830, 0, 0, 0
75200, 10102063, 1, 0, 0
75300, 8118753, 0, 0, 0
75301, 15459429, 1, 0, 0
75400, 8272696, 1, 0, 0
75402, 10148821, 0, 0, 0
75501, 11133117, 0, 0, 0
75502, 10928359, 1, 0, 0
75600, 10188540, 1, 0, 0
75600, 10712960, 0, 0, 0
75700, 16550091, 0, 0, 0
75700, 11150105, 1, 0, 0
75800, 13754476, 1, 0, 0
75801, 10796082, 0, 0, 0
75901, 12576533, 0, 0, 0
75902, 11367639, 1, 0, 0
76000, 10280867, 0, 0, 0
76002, 10847609, 1, 0, 0
76100, 10057859, 1, 0, 0
76100, 9778352, 0, 0, 0
76200, 11609201, 0, 0, 0
76204, 8602055, 1, 0, 0
76300, 13428976, 1, 0, 0
76301, 13318468, 0, 0, 0
76400, 16340602, 1, 0, 0
76401, 10302823, 0, 0, 0
76500, 11283285, 0, 0, 0
76500, 11145491, 1, 0, 0
76600, 9975292, 0, 0, 0
76609, 11919834, 1, 0, 0
76701, 12742331, 0, 0, 0
76703, 15975218, 1, 0, 0
76800, 10378945, 0, 0, 0
76802, 14928251, 1, 0, 0
76900, 10985872, 0, 0, 0
76903, 13362959, 1, 0, 0
77000, 9659306, 0, 0, 0
77003, 11031870, 1, 0, 0
77100, 13114781, 1, 0, 0
77101, 12050098, 0, 0, 0
77200, 11290062, 1, 0, 0
77201, 13560598, 0, 0, 0
77300, 11069951, 1, 0, 0
77300, 12065185, 0, 0, 0
77400, 11644267, 0, 0, 0
77400, 12689554, 1, 0, 0
77500, 8975346, 0, 0, 0
77501, 12083664, 1, 0, 0
77600, 10336948, 0, 0, 0
77604, 13679197, 1, 0, 0
77700, 9627150, 0, 0, 0
77702, 9373664, 1, 0, 0
77800, 11461074, 0, 0, 0
77801, 14997395, 1, 0, 0
77900, 8776912, 0, 0, 0
77900, 9557000, 1, 0, 0
78001, 16399078, 1, 0, 0
78002, 10517709, 0, 0, 0
78102, 12076160, 0, 0, 0
78103, 20149080, 1, 0, 0
78200, 12068541, 1, 0, 0
78200, 8372249, 0, 0, 0
78302, 13329386, 0, 0, 0
78303, 16271277, 1, 0, 0
78400, 12452121, 0, 0, 0
78402, 7852387, 1, 0, 0
78500, 12914314, 0, 0, 0
78502, 15593862, 1, 0, 0
78600, 11142844, 0, 0, 0
78602, 11236542, 1, 0, 0
78700, 10962047, 1, 0, 0
78701, 12076988, 0, 0, 0
78800, 13779277, 1, 0, 0
78801, 9573809, 0, 0, 0
78901, 10593275, 1, 0, 0
78902, 11681922, 0, 0, 0
79000, 13121785, 0, 0, 0
79002, 12225517, 1, 0, 0
79100, 16538019, 1, 0, 0
79100, 12026828, 0, 0, 0
79200, 9382641, 0, 0, 0
79202, 11329609, 1, 0, 0
79300, 10732603, 0, 0, 0
79300, 11371779, 1, 0, 0
79400, 13326703, 0, 0, 0
79402, 15344577, 1, 0, 0
79500, 8591080, 0, 0, 0
79501, 15071734, 1, 0, 0
79601, 10169508, 0, 0, 0
79603, 15575542, 1, 0, 0
79701, 11780929, 0, 0, 0
79703, 14126942, 1, 0, 0
79801, 10324765, 1, 0, 0
79801, 12570947, 0, 0, 0
79900, 12485130, 0, 0, 0
79901, 13609629, 1, 0, 0
80001, 8336763, 0, 0, 0
80002, 13111506, 1, 0, 0
80100, 12240208, 1, 0, 0
80100, 9957738, 0, 0, 0
80201, 12210320, 1, 0, 0
80202, 10214958, 0, 0, 0
80300, 12113099, 0, 0, 0
80303, 10851312, 1, 0, 0
80401, 12686597, 1, 0, 0
80401, 11520805, 0, 0, 0
80500, 10551064, 0, 0, 0
80500, 11436394, 1, 0, 0
80600, 11194647, 0, 0, 0
80601, 12656770, 1, 0, 0
80700, 13074354, 1, 0, 0
80700, 11159271, 0, 0, 0
80800, 10906314, 0, 0, 0
80801, 11115095, 1, 0, 0
80900, 11861254, 0, 0, 0
80900, 14737363, 1, 0, 0
81000, 10529584, 0, 0, 0
81000, 13156938, 1, 0, 0
81101, 11189017, 0, 0, 0
81101, 8686609, 1, 0, 0
81201, 11406976, 0, 0, 0
81204, 11169377, 1, 0, 0
81300, 12957133, 1, 0, 0
81300, 10918653, 0, 0, 0
81400, 11377149, 0, 0, 0
81400, 14707636, 1, 0, 0
81500, 11182358, 0, 0, 0
81502, 12144195, 1, 0, 0
81600, 10483526, 0, 0, 0
81604, 11709209, 1, 0, 0
81701, 13111467, 0, 0, 0
81701, 10670142, 1, 0, 0
81800, 13314191, 1, 0, 0
81801, 11859323, 0, 0, 0
81900, 13907398, 1, 0, 0
81901, 11064557, 0, 0, 0
82000, 9910985, 0, 0, 0
82000, 13401589, 1, 0, 0
82101, 13856335, 1, 0, 0
82101, 11260668, 0, 0, 0
82201, 13716385, 1, 0, 0
82201, 11773879, 0, 0, 0
82300, 11251241, 1, 0, 0
82300, 9239288, 0, 0, 0
82400, 10201820, 0, 0, 0
82401, 11677791, 1, 0, 0
82500, 12210247, 0, 0, 0
82501, 11788702, 1, 0, 0
82601, 10998540, 0, 0, 0
82601, 12677747, 1, 0, 0
82700, 13903973, 1, 0, 0
82701, 11100753, 0, 0, 0
82800, 9369284, 0, 0, 0
82804, 12510885, 1, 0, 0
82900, 11341289, 0, 0, 0
82901, 10950116, 1, 0, 0
83001, 9013357, 0, 0, 0
83005, 12828204, 1, 0, 0
83100, 11926252, 1, 0, 0
83102, 12529732, 0, 0, 0
83200, 10797968, 0, 0, 0
83201, 11000409, 1, 0, 0
83300, 9392083, 0, 0, 0
83307, 14790339, 1, 0, 0
83400, 11198608, 0, 0, 0
83400, 14770866, 1, 0, 0
83500, 12491403, 0, 0, 0
83502, 12203004, 1, 0, 0
83600, 11140356, 1, 0, 0
83601, 10142915, 0, 0, 0
83700, 13366811, 0, 0, 0
83701, 8674807, 1, 0, 0
83800, 9423139, 0, 0, 0
83802, 11640991, 1, 0, 0
83902, 10768304, 0, 0, 0
83903, 12348671, 1, 0, 0
84000, 11397744, 0, 0, 0
84001, 14629727, 1, 0, 0
84100, 9759972, 0, 0, 0
84105, 11037576, 1, 0, 0
84200, 8968108, 0, 0, 0
84200, 11256175, 1, 0, 0
84300, 9017563, 0, 0, 0
84303, 14297778, 1, 0, 0
84401, 12054484, 1, 0, 0
84402, 10261253, 0, 0, 0
84500, 11226048, 0, 0, 0
84502, 10831836, 1, 0, 0
84600, 12652421, 1, 0, 0
84600, 9841412, 0, 0, 0
84700, 12151298, 0, 0, 0
84703, 14180154, 1, 0, 0
84800, 13326127, 0, 0, 0
84801, 15664065, 1, 0, 0
84900, 10694841, 0, 0, 0
84901, 10380986, 1, 0, 0
85000, 10793624, 0, 0, 0
85001, 11711344, 1, 0, 0
85100, 10803911, 1, 0, 0
85101, 9059741, 0, 0, 0
85200, 15896109, 1, 0, 0
85201, 11261108, 0, 0, 0
85300, 11550368, 0, 0, 0
85300, 14876624, 1, 0, 0
85400, 11141939, 0, 0, 0
85403, 12896104, 1, 0, 0
85500, 12875698, 1, 0, 0
85501, 9898058, 0, 0, 0
85600, 12329101, 0, 0, 0
85600, 15322396, 1, 0, 0
85700, 10263475, 0, 0, 0
85703, 13321643, 1, 0, 0
85801, 13035768, 0, 0, 0
85809, 11379685, 1, 0, 0
85900, 10800459, 0, 0, 0
85900, 10268890, 1, 0, 0
86000, 14105082, 1, 0, 0
86000, 10444405, 0, 0, 0
86100, 9217365, 0, 0, 0
86101, 10835017, 1, 0, 0
86200, 7790388, 0, 0, 0
86206, 14989261, 1, 0, 0
86300, 14725726, 1, 0, 0
86301, 10320652, 0, 0, 0
86400, 15319586, 1, 0, 0
86400, 10492670, 0, 0, 0
86500, 10158338, 0, 0, 0
86500, 13746847, 1, 0, 0
86600, 12806912, 1, 0, 0
86601, 10413200, 0, 0, 0
86700, 10851208, 0, 0, 0
86702, 13223324, 1, 0, 0
86800, 12233018, 1, 0, 0
86801, 10233860, 0, 0, 0
86900, 10479596, 0, 0, 0
86901, 11829648, 1, 0, 0
87000, 10879153, 0, 0, 0
87000, 13166083, 1, 0, 0
87100, 10767017, 0, 0, 0
87105, 11254270, 1, 0, 0
87200, 11754482, 0, 0, 0
87204, 11932109, 1, 0, 0
87300, 10239390, 0, 0, 0
87303, 11763799, 1, 0, 0
87400, 11684516, 0, 0, 0
87402, 12713750, 1, 0, 0
87500, 10302975, 0, 0, 0
87501, 13867672, 1, 0, 0
87600, 11316792, 0, 0, 0
87604, 10634208, 1, 0, 0
87700, 10773652, 0, 0, 0
87700, 11228663, 1, 0, 0
87800, 13611559, 1, 0, 0
87801, 9834195, 0, 0, 0
87901, 9214752, 0, 0, 0
87904, 10246824, 1, 0, 0
88000, 10250739, 0, 0, 0
88004, 18481757, 1, 0, 0
88100, 11375735, 0, 0, 0
88103, 15009214, 1, 0, 0
88200, 13030139, 1, 0, 0
88200, 9242257, 0, 0, 0
88300, 10128572, 0, 0, 0
88301, 15036382, 1, 0, 0
88400, 14694524, 1, 0, 0
88403, 10545197, 0, 0, 0
88500, 12440815, 1, 0, 0
88501, 10449191, 0, 0, 0
88600, 11713253, 1, 0, 0
88601, 12100599, 0, 0, 0
88700, 11389493, 0, 0, 0
88700, 13660947, 1, 0, 0
88800, 12220989, 0, 0, 0
88808, 13243555, 1, 0, 0
88900, 9751772, 0, 0, 0
88900, 13831545, 1, 0, 0
89000, 9771858, 0, 0, 0
89000, 14977087, 1, 0, 0
89100, 9147037, 0, 0, 0
89102, 9709640, 1, 0, 0
89201, 14016547, 1, 0, 0
89201, 9716897, 0, 0, 0
89300, 10107262, 0, 0, 0
89300, 14095506, 1, 0, 0
89401, 10495574, 0, 0, 0
89402, 12124345, 1, 0, 0
89500, 10832574, 0, 0, 0
89501, 19259884, 1, 0, 0
89600, 14582255, 1, 0, 0
89602, 8702253, 0, 0, 0
89701, 9174379, 0, 0, 0
89702, 9247461, 1, 0, 0
89800, 14515926, 0, 0, 0
89801, 21889738, 1, 0, 0
89900, 9986269, 0, 0, 0
89901, 12239471, 1, 0, 0
90048, 12337493, 0, 0, 0
90048, 13164941, 1, 0, 0
90048, 70959024, 0, 0, 0
90048, 83832486, 1, 0, 0
