250, 37344, 0, 0, 0
350, 36880, 0, 0, 0
450, 38320, 0, 0, 0
550, 35920, 0, 0, 0
650, 37200, 0, 0, 0
749, 38464, 0, 0, 0
849, 38480, 0, 0, 0
949, 40160, 0, 0, 0
1049, 38880, 0, 0, 0
1149, 37600, 0, 0, 0
1249, 38720, 0, 0, 0
1349, 39040, 0, 0, 0
1449, 36960, 0, 0, 0
1550, 37920, 0, 0, 0
1650, 37040, 0, 0, 0
1750, 29280, 0, 0, 0
1850, 38240, 0, 0, 0
1950, 37040, 0, 0, 0
2050, 37920, 0, 0, 0
2150, 38160, 0, 0, 0
2249, 37898, 0, 0, 0
2349, 39360, 0, 0, 0
2449, 35600, 0, 0, 0
2549, 36960, 0, 0, 0
2649, 36400, 0, 0, 0
2749, 36960, 0, 0, 0
2849, 38000, 0, 0, 0
2949, 37840, 0, 0, 0
3049, 38560, 0, 0, 0
3150, 37440, 0, 0, 0
3250, 37200, 0, 0, 0
3350, 36880, 0, 0, 0
3450, 36880, 0, 0, 0
3550, 36240, 0, 0, 0
3650, 37360, 0, 0, 0
3749, 36686, 0, 0, 0
3849, 37840, 0, 0, 0
3949, 38960, 0, 0, 0
4049, 37200, 0, 0, 0
4149, 38400, 0, 0, 0
4249, 39360, 0, 0, 0
4349, 36880, 0, 0, 0
4449, 38080, 0, 0, 0
4549, 38000, 0, 0, 0
4649, 38320, 0, 0, 0
4750, 37920, 0, 0, 0
4850, 39280, 0, 0, 0
4950, 39280, 0, 0, 0
5050, 39440, 0, 0, 0
5150, 36720, 0, 0, 0
5249, 38707, 0, 0, 0
5349, 38320, 0, 0, 0
5449, 36880, 0, 0, 0
5549, 37680, 0, 0, 0
5649, 39520, 0, 0, 0
5749, 37120, 0, 0, 0
5849, 38160, 0, 0, 0
5949, 37440, 0, 0, 0
6049, 37920, 0, 0, 0
6149, 37840, 0, 0, 0
6249, 37760, 0, 0, 0
6350, 38160, 0, 0, 0
6450, 37680, 0, 0, 0
6550, 38320, 0, 0, 0
6650, 38240, 0, 0, 0
6749, 33777, 0, 0, 0
6849, 39040, 0, 0, 0
6949, 38000, 0, 0, 0
7049, 36320, 0, 0, 0
7149, 38080, 0, 0, 0
7249, 38000, 0, 0, 0
7349, 39280, 0, 0, 0
7449, 39040, 0, 0, 0
7549, 38160, 0, 0, 0
7649, 38880, 0, 0, 0
7749, 37760, 0, 0, 0
7849, 37680, 0, 0, 0
7949, 36800, 0, 0, 0
8050, 38800, 0, 0, 0
8150, 37600, 0, 0, 0
8249, 34828, 0, 0, 0
8349, 37040, 0, 0, 0
8449, 38640, 0, 0, 0
8549, 39040, 0, 0, 0
8649, 39440, 0, 0, 0
8749, 38640, 0, 0, 0
8849, 36240, 0, 0, 0
8949, 35920, 0, 0, 0
9049, 38720, 0, 0, 0
9149, 38640, 0, 0, 0
9249, 36640, 0, 0, 0
9349, 39360, 0, 0, 0
9449, 37440, 0, 0, 0
9550, 35920, 0, 0, 0
9650, 36800, 0, 0, 0
9749, 37252, 0, 0, 0
9849, 38720, 0, 0, 0
9949, 37280, 0, 0, 0
10049, 39200, 0, 0, 0
10149, 37680, 0, 0, 0
10249, 38080, 0, 0, 0
10349, 38400, 0, 0, 0
10449, 37600, 0, 0, 0
10549, 38880, 0, 0, 0
10649, 36080, 0, 0, 0
10749, 38080, 0, 0, 0
10849, 38400, 0, 0, 0
10949, 36480, 0, 0, 0
11050, 35280, 0, 0, 0
11150, 37840, 0, 0, 0
11249, 37090, 0, 0, 0
11349, 38240, 0, 0, 0
11449, 39760, 0, 0, 0
11549, 38320, 0, 0, 0
11649, 38400, 0, 0, 0
11749, 37840, 0, 0, 0
11849, 37040, 0, 0, 0
11949, 39520, 0, 0, 0
12049, 36400, 0, 0, 0
12149, 36480, 0, 0, 0
12249, 37920, 0, 0, 0
12349, 37840, 0, 0, 0
12449, 37680, 0, 0, 0
12549, 36720, 0, 0, 0
12649, 36080, 0, 0, 0
12750, 36080, 0, 0, 0
12850, 35360, 0, 0, 0
12950, 38160, 0, 0, 0
13050, 37760, 0, 0, 0
13150, 37920, 0, 0, 0
13249, 36929, 0, 0, 0
13349, 38480, 0, 0, 0
13449, 38000, 0, 0, 0
13549, 35680, 0, 0, 0
13649, 36480, 0, 0, 0
13749, 37840, 0, 0, 0
13849, 36880, 0, 0, 0
13949, 40000, 0, 0, 0
14049, 36720, 0, 0, 0
14149, 38880, 0, 0, 0
14250, 37120, 0, 0, 0
14350, 35840, 0, 0, 0
14450, 36960, 0, 0, 0
14550, 38720, 0, 0, 0
14650, 38480, 0, 0, 0
14749, 37818, 0, 0, 0
14849, 37040, 0, 0, 0
14949, 39520, 0, 0, 0
15049, 37200, 0, 0, 0
15149, 35600, 0, 0, 0
15249, 39440, 0, 0, 0
15349, 38080, 0, 0, 0
15449, 39280, 0, 0, 0
15549, 40400, 0, 0, 0
15649, 38080, 0, 0, 0
15749, 38800, 0, 0, 0
15850, 37920, 0, 0, 0
15950, 39280, 0, 0, 0
16050, 39440, 0, 0, 0
16150, 38320, 0, 0, 0
16249, 38464, 0, 0, 0
16349, 38240, 0, 0, 0
16449, 37680, 0, 0, 0
16549, 38800, 0, 0, 0
16649, 38480, 0, 0, 0
16749, 38000, 0, 0, 0
16849, 38400, 0, 0, 0
16949, 37920, 0, 0, 0
17049, 38800, 0, 0, 0
17149, 38640, 0, 0, 0
17249, 37760, 0, 0, 0
17349, 36880, 0, 0, 0
17450, 36240, 0, 0, 0
17550, 38000, 0, 0, 0
17650, 39440, 0, 0, 0
17749, 38060, 0, 0, 0
17849, 39040, 0, 0, 0
17949, 38960, 0, 0, 0
18049, 37920, 0, 0, 0
18149, 36480, 0, 0, 0
18249, 39440, 0, 0, 0
18349, 38720, 0, 0, 0
18449, 39600, 0, 0, 0
18549, 38960, 0, 0, 0
18649, 38320, 0, 0, 0
18749, 37440, 0, 0, 0
18849, 35120, 0, 0, 0
18949, 36720, 0, 0, 0
19050, 35600, 0, 0, 0
19150, 37360, 0, 0, 0
19249, 36686, 0, 0, 0
19349, 36400, 0, 0, 0
19449, 39840, 0, 0, 0
19549, 38160, 0, 0, 0
19649, 39280, 0, 0, 0
19749, 36560, 0, 0, 0
19849, 36400, 0, 0, 0
19949, 34400, 0, 0, 0
20049, 30800, 0, 0, 0
20149, 37040, 0, 0, 0
20249, 36960, 0, 0, 0
20349, 37520, 0, 0, 0
20449, 37600, 0, 0, 0
20549, 39120, 0, 0, 0
20650, 39520, 0, 0, 0
20750, 40320, 0, 0, 0
20850, 39280, 0, 0, 0
20950, 37280, 0, 0, 0
21050, 39840, 0, 0, 0
21150, 37680, 0, 0, 0
21249, 38303, 0, 0, 0
21349, 37680, 0, 0, 0
21449, 39040, 0, 0, 0
21549, 37440, 0, 0, 0
21649, 38240, 0, 0, 0
21749, 38000, 0, 0, 0
21849, 38320, 0, 0, 0
21949, 38480, 0, 0, 0
22049, 37360, 0, 0, 0
22149, 36960, 0, 0, 0
22250, 37760, 0, 0, 0
22350, 37600, 0, 0, 0
22450, 36640, 0, 0, 0
22550, 38480, 0, 0, 0
22650, 37760, 0, 0, 0
22749, 38303, 0, 0, 0
22849, 38000, 0, 0, 0
22949, 38080, 0, 0, 0
23049, 39040, 0, 0, 0
23149, 35520, 0, 0, 0
23249, 36640, 0, 0, 0
23349, 39120, 0, 0, 0
23449, 38880, 0, 0, 0
23549, 37760, 0, 0, 0
23650, 39600, 0, 0, 0
23750, 38080, 0, 0, 0
23850, 38320, 0, 0, 0
23950, 36000, 0, 0, 0
24050, 38240, 0, 0, 0
24150, 36960, 0, 0, 0
24249, 34020, 0, 0, 0
24349, 38240, 0, 0, 0
24449, 39360, 0, 0, 0
24549, 39440, 0, 0, 0
24649, 40240, 0, 0, 0
24749, 38960, 0, 0, 0
24849, 37440, 0, 0, 0
24949, 35360, 0, 0, 0
25049, 40080, 0, 0, 0
25149, 39760, 0, 0, 0
25250, 38400, 0, 0, 0
25350, 38640, 0, 0, 0
25450, 38720, 0, 0, 0
25550, 39120, 0, 0, 0
25650, 35600, 0, 0, 0
25749, 35959, 0, 0, 0
25849, 38240, 0, 0, 0
25949, 38800, 0, 0, 0
26049, 39840, 0, 0, 0
26149, 39040, 0, 0, 0
26249, 37920, 0, 0, 0
26349, 37120, 0, 0, 0
26449, 36480, 0, 0, 0
26549, 39200, 0, 0, 0
26649, 38000, 0, 0, 0
26749, 37440, 0, 0, 0
26850, 40800, 0, 0, 0
26950, 38160, 0, 0, 0
27050, 37440, 0, 0, 0
27150, 38160, 0, 0, 0
27249, 38545, 0, 0, 0
27349, 38320, 0, 0, 0
27449, 38480, 0, 0, 0
27549, 37760, 0, 0, 0
27649, 38640, 0, 0, 0
27749, 37120, 0, 0, 0
27849, 37680, 0, 0, 0
27949, 35680, 0, 0, 0
28049, 40000, 0, 0, 0
28149, 39120, 0, 0, 0
28249, 37920, 0, 0, 0
28349, 35840, 0, 0, 0
28450, 37440, 0, 0, 0
28550, 38640, 0, 0, 0
28650, 37360, 0, 0, 0
28749, 38303, 0, 0, 0
28849, 39680, 0, 0, 0
28949, 39120, 0, 0, 0
29049, 38960, 0, 0, 0
29149, 35840, 0, 0, 0
29249, 40000, 0, 0, 0
29349, 36560, 0, 0, 0
29449, 39040, 0, 0, 0
29549, 37680, 0, 0, 0
29649, 36720, 0, 0, 0
29749, 39600, 0, 0, 0
29849, 38160, 0, 0, 0
29949, 36160, 0, 0, 0
30050, 36480, 0, 0, 0
30150, 35920, 0, 0, 0
30249, 37979, 0, 0, 0
30349, 36320, 0, 0, 0
30449, 40640, 0, 0, 0
30549, 39120, 0, 0, 0
30649, 37040, 0, 0, 0
30749, 39200, 0, 0, 0
30849, 38800, 0, 0, 0
30949, 39120, 0, 0, 0
31049, 38480, 0, 0, 0
31149, 38000, 0, 0, 0
31249, 37040, 0, 0, 0
31349, 38800, 0, 0, 0
31449, 37280, 0, 0, 0
31550, 36800, 0, 0, 0
31650, 39840, 0, 0, 0
31749, 38707, 0, 0, 0
31849, 38720, 0, 0, 0
31949, 39520, 0, 0, 0
32049, 37520, 0, 0, 0
32149, 38160, 0, 0, 0
32249, 37440, 0, 0, 0
32349, 37440, 0, 0, 0
32449, 37200, 0, 0, 0
32549, 34640, 0, 0, 0
32649, 33120, 0, 0, 0
32749, 38560, 0, 0, 0
32849, 38960, 0, 0, 0
32949, 38400, 0, 0, 0
33050, 35440, 0, 0, 0
33150, 37360, 0, 0, 0
33249, 36686, 0, 0, 0
33349, 38640, 0, 0, 0
33449, 37680, 0, 0, 0
33549, 38160, 0, 0, 0
33649, 37040, 0, 0, 0
33749, 38000, 0, 0, 0
33849, 36400, 0, 0, 0
33949, 38480, 0, 0, 0
34049, 39200, 0, 0, 0
34149, 38240, 0, 0, 0
34249, 37600, 0, 0, 0
34349, 35680, 0, 0, 0
34449, 35840, 0, 0, 0
34549, 37600, 0, 0, 0
34650, 38400, 0, 0, 0
34750, 36080, 0, 0, 0
34850, 38160, 0, 0, 0
34950, 36720, 0, 0, 0
35050, 38160, 0, 0, 0
35150, 38720, 0, 0, 0
35249, 37171, 0, 0, 0
35349, 38240, 0, 0, 0
35449, 40240, 0, 0, 0
35549, 35440, 0, 0, 0
35649, 38480, 0, 0, 0
35749, 36560, 0, 0, 0
35849, 36720, 0, 0, 0
35949, 37600, 0, 0, 0
36049, 39040, 0, 0, 0
36150, 37840, 0, 0, 0
36250, 37200, 0, 0, 0
36350, 37760, 0, 0, 0
36450, 36960, 0, 0, 0
36550, 38320, 0, 0, 0
36650, 38720, 0, 0, 0
36749, 37252, 0, 0, 0
36849, 37760, 0, 0, 0
36949, 39840, 0, 0, 0
37049, 39120, 0, 0, 0
37149, 39360, 0, 0, 0
37249, 39440, 0, 0, 0
37349, 38080, 0, 0, 0
37449, 37920, 0, 0, 0
37549, 36560, 0, 0, 0
37649, 39360, 0, 0, 0
37750, 38560, 0, 0, 0
37850, 36480, 0, 0, 0
37950, 37200, 0, 0, 0
38050, 38240, 0, 0, 0
38150, 38240, 0, 0, 0
38249, 38303, 0, 0, 0
38349, 39200, 0, 0, 0
38449, 37520, 0, 0, 0
38549, 36080, 0, 0, 0
38649, 38640, 0, 0, 0
38749, 39760, 0, 0, 0
38849, 36800, 0, 0, 0
38949, 38880, 0, 0, 0
39049, 39120, 0, 0, 0
39149, 37680, 0, 0, 0
39249, 35120, 0, 0, 0
39350, 37200, 0, 0, 0
39450, 34160, 0, 0, 0
39550, 37040, 0, 0, 0
39650, 37040, 0, 0, 0
39749, 39030, 0, 0, 0
39849, 38240, 0, 0, 0
39949, 39680, 0, 0, 0
40049, 37520, 0, 0, 0
40149, 38560, 0, 0, 0
40249, 38800, 0, 0, 0
40349, 38560, 0, 0, 0
40449, 38880, 0, 0, 0
40549, 36640, 0, 0, 0
40649, 38800, 0, 0, 0
40749, 39040, 0, 0, 0
40849, 38320, 0, 0, 0
40949, 38080, 0, 0, 0
41050, 38880, 0, 0, 0
41150, 38080, 0, 0, 0
41249, 37090, 0, 0, 0
41349, 38480, 0, 0, 0
41449, 38880, 0, 0, 0
41549, 39520, 0, 0, 0
41649, 39440, 0, 0, 0
41749, 38560, 0, 0, 0
41849, 37840, 0, 0, 0
41949, 38000, 0, 0, 0
42049, 37760, 0, 0, 0
42149, 38320, 0, 0, 0
42249, 38480, 0, 0, 0
42349, 38800, 0, 0, 0
42449, 39280, 0, 0, 0
42550, 38560, 0, 0, 0
42650, 38160, 0, 0, 0
42749, 37818, 0, 0, 0
42849, 35280, 0, 0, 0
42949, 38240, 0, 0, 0
43049, 38960, 0, 0, 0
43149, 37120, 0, 0, 0
43249, 37920, 0, 0, 0
43349, 35280, 0, 0, 0
43449, 33200, 0, 0, 0
43549, 38240, 0, 0, 0
43649, 38640, 0, 0, 0
43749, 39280, 0, 0, 0
43849, 38800, 0, 0, 0
43949, 37440, 0, 0, 0
44049, 38320, 0, 0, 0
44150, 38960, 0, 0, 0
44250, 38480, 0, 0, 0
44350, 38080, 0, 0, 0
44450, 37920, 0, 0, 0
44550, 40160, 0, 0, 0
44650, 37040, 0, 0, 0
44749, 37656, 0, 0, 0
44849, 35040, 0, 0, 0
44949, 37200, 0, 0, 0
45049, 38240, 0, 0, 0
45149, 38880, 0, 0, 0
45249, 37520, 0, 0, 0
45349, 36400, 0, 0, 0
45449, 38640, 0, 0, 0
45549, 38880, 0, 0, 0
45649, 37440, 0, 0, 0
45750, 35120, 0, 0, 0
45850, 33680, 0, 0, 0
45950, 31920, 0, 0, 0
46050, 38400, 0, 0, 0
46150, 38160, 0, 0, 0
46249, 38060, 0, 0, 0
46349, 38480, 0, 0, 0
46449, 38720, 0, 0, 0
46549, 36320, 0, 0, 0
46649, 36400, 0, 0, 0
46749, 37200, 0, 0, 0
46849, 37520, 0, 0, 0
46949, 37440, 0, 0, 0
47049, 38000, 0, 0, 0
47149, 36640, 0, 0, 0
47249, 36880, 0, 0, 0
47350, 36080, 0, 0, 0
47450, 35600, 0, 0, 0
47550, 38880, 0, 0, 0
47650, 38560, 0, 0, 0
47749, 37171, 0, 0, 0
47849, 37360, 0, 0, 0
47949, 35840, 0, 0, 0
48049, 38640, 0, 0, 0
48149, 37520, 0, 0, 0
48249, 40000, 0, 0, 0
48349, 37840, 0, 0, 0
48449, 36480, 0, 0, 0
48549, 38480, 0, 0, 0
48649, 38160, 0, 0, 0
48749, 37280, 0, 0, 0
48850, 36000, 0, 0, 0
48950, 36160, 0, 0, 0
49050, 38080, 0, 0, 0
49150, 37440, 0, 0, 0
49249, 38303, 0, 0, 0
49349, 38720, 0, 0, 0
49449, 36320, 0, 0, 0
49549, 36560, 0, 0, 0
49649, 36720, 0, 0, 0
49749, 34960, 0, 0, 0
49849, 38400, 0, 0, 0
49949, 39920, 0, 0, 0
50049, 37600, 0, 0, 0
50149, 38000, 0, 0, 0
50249, 34720, 0, 0, 0
50349, 37440, 0, 0, 0
50449, 38640, 0, 0, 0
50550, 39120, 0, 0, 0
50650, 37920, 0, 0, 0
50749, 37010, 0, 0, 0
50849, 36640, 0, 0, 0
50949, 35840, 0, 0, 0
51049, 37280, 0, 0, 0
51149, 37680, 0, 0, 0
51249, 37040, 0, 0, 0
51349, 38400, 0, 0, 0
51449, 38000, 0, 0, 0
51549, 38640, 0, 0, 0
51649, 38560, 0, 0, 0
51749, 37440, 0, 0, 0
51849, 38080, 0, 0, 0
51949, 39120, 0, 0, 0
52050, 39040, 0, 0, 0
52150, 39680, 0, 0, 0
52249, 38383, 0, 0, 0
52349, 39040, 0, 0, 0
52449, 33760, 0, 0, 0
52549, 37040, 0, 0, 0
52649, 35440, 0, 0, 0
52749, 36880, 0, 0, 0
52849, 36640, 0, 0, 0
52949, 38080, 0, 0, 0
53049, 40400, 0, 0, 0
53149, 38720, 0, 0, 0
53249, 38160, 0, 0, 0
53349, 38560, 0, 0, 0
53449, 37360, 0, 0, 0
53550, 35840, 0, 0, 0
53650, 38160, 0, 0, 0
53749, 38787, 0, 0, 0
53849, 37360, 0, 0, 0
53949, 37760, 0, 0, 0
54049, 38880, 0, 0, 0
54149, 38400, 0, 0, 0
54249, 38480, 0, 0, 0
54349, 37040, 0, 0, 0
54449, 38400, 0, 0, 0
54549, 37280, 0, 0, 0
54649, 38160, 0, 0, 0
54749, 37680, 0, 0, 0
54849, 39120, 0, 0, 0
54949, 39840, 0, 0, 0
55049, 38000, 0, 0, 0
55149, 38880, 0, 0, 0
55250, 39520, 0, 0, 0
55350, 38240, 0, 0, 0
55450, 39520, 0, 0, 0
55550, 38880, 0, 0, 0
55650, 38080, 0, 0, 0
55749, 36686, 0, 0, 0
55849, 37920, 0, 0, 0
55949, 38160, 0, 0, 0
56049, 37840, 0, 0, 0
56149, 37520, 0, 0, 0
56249, 37120, 0, 0, 0
56349, 37920, 0, 0, 0
56449, 37760, 0, 0, 0
56549, 36640, 0, 0, 0
56649, 36080, 0, 0, 0
56750, 37120, 0, 0, 0
56850, 35600, 0, 0, 0
56950, 37600, 0, 0, 0
57050, 35680, 0, 0, 0
57150, 37680, 0, 0, 0
57249, 37979, 0, 0, 0
57349, 40160, 0, 0, 0
57449, 38560, 0, 0, 0
57549, 37520, 0, 0, 0
57649, 38000, 0, 0, 0
57749, 37600, 0, 0, 0
57849, 36960, 0, 0, 0
57949, 36640, 0, 0, 0
58049, 36640, 0, 0, 0
58149, 37360, 0, 0, 0
58249, 39120, 0, 0, 0
58350, 38480, 0, 0, 0
58450, 35040, 0, 0, 0
58550, 38640, 0, 0, 0
58650, 37760, 0, 0, 0
58749, 36444, 0, 0, 0
58849, 34320, 0, 0, 0
58949, 37360, 0, 0, 0
59049, 36800, 0, 0, 0
59149, 38480, 0, 0, 0
59249, 38800, 0, 0, 0
59349, 33280, 0, 0, 0
59449, 34160, 0, 0, 0
59549, 36640, 0, 0, 0
59649, 36320, 0, 0, 0
59749, 35520, 0, 0, 0
59849, 36800, 0, 0, 0
59950, 38720, 0, 0, 0
60050, 36960, 0, 0, 0
60150, 35920, 0, 0, 0
60249, 27636, 0, 0, 0
60349, 37760, 0, 0, 0
60449, 38160, 0, 0, 0
60549, 36720, 0, 0, 0
60649, 38960, 0, 0, 0
60749, 36960, 0, 0, 0
60849, 38240, 0, 0, 0
60949, 37520, 0, 0, 0
61049, 37440, 0, 0, 0
61149, 29840, 0, 0, 0
61249, 35360, 0, 0, 0
61349, 38400, 0, 0, 0
61449, 37200, 0, 0, 0
61550, 37680, 0, 0, 0
61650, 36400, 0, 0, 0
61749, 37010, 0, 0, 0
61849, 37840, 0, 0, 0
61949, 38800, 0, 0, 0
62049, 38640, 0, 0, 0
62149, 37760, 0, 0, 0
62249, 39200, 0, 0, 0
62349, 36960, 0, 0, 0
62449, 39120, 0, 0, 0
62549, 39200, 0, 0, 0
62649, 38480, 0, 0, 0
62749, 37840, 0, 0, 0
62849, 36240, 0, 0, 0
62949, 37040, 0, 0, 0
63049, 38080, 0, 0, 0
63150, 38160, 0, 0, 0
63249, 38787, 0, 0, 0
63349, 38000, 0, 0, 0
63449, 38400, 0, 0, 0
63549, 37040, 0, 0, 0
63649, 38320, 0, 0, 0
63749, 37840, 0, 0, 0
63849, 39600, 0, 0, 0
63949, 38080, 0, 0, 0
64049, 37440, 0, 0, 0
64149, 37360, 0, 0, 0
64249, 36880, 0, 0, 0
64349, 38800, 0, 0, 0
64449, 37280, 0, 0, 0
64549, 35520, 0, 0, 0
64649, 37600, 0, 0, 0
64750, 37840, 0, 0, 0
64850, 38240, 0, 0, 0
64950, 38400, 0, 0, 0
65050, 36720, 0, 0, 0
65150, 37200, 0, 0, 0
65249, 37494, 0, 0, 0
65349, 37920, 0, 0, 0
65449, 37440, 0, 0, 0
65549, 37040, 0, 0, 0
65649, 37600, 0, 0, 0
65749, 37840, 0, 0, 0
65849, 37520, 0, 0, 0
65949, 38160, 0, 0, 0
66049, 38240, 0, 0, 0
66149, 36640, 0, 0, 0
66250, 37360, 0, 0, 0
66350, 39200, 0, 0, 0
66450, 36800, 0, 0, 0
66550, 37120, 0, 0, 0
66650, 38000, 0, 0, 0
66749, 34989, 0, 0, 0
66849, 36960, 0, 0, 0
66949, 37440, 0, 0, 0
67049, 38400, 0, 0, 0
67149, 38240, 0, 0, 0
67249, 37680, 0, 0, 0
67349, 38240, 0, 0, 0
67449, 35520, 0, 0, 0
67549, 38000, 0, 0, 0
67649, 35840, 0, 0, 0
67749, 37360, 0, 0, 0
67849, 38800, 0, 0, 0
67950, 37520, 0, 0, 0
68050, 38880, 0, 0, 0
68150, 37040, 0, 0, 0
68249, 38545, 0, 0, 0
68349, 36400, 0, 0, 0
68449, 39040, 0, 0, 0
68549, 38080, 0, 0, 0
68649, 39360, 0, 0, 0
68749, 38400, 0, 0, 0
68849, 37680, 0, 0, 0
68949, 37120, 0, 0, 0
69049, 37600, 0, 0, 0
69149, 38720, 0, 0, 0
69249, 37680, 0, 0, 0
69349, 36480, 0, 0, 0
69449, 36160, 0, 0, 0
69550, 36400, 0, 0, 0
69650, 38240, 0, 0, 0
69749, 38060, 0, 0, 0
69849, 37440, 0, 0, 0
69949, 38960, 0, 0, 0
70049, 38960, 0, 0, 0
70149, 33360, 0, 0, 0
70249, 36880, 0, 0, 0
70349, 37760, 0, 0, 0
70449, 36160, 0, 0, 0
70549, 36720, 0, 0, 0
70649, 39280, 0, 0, 0
70749, 36560, 0, 0, 0
70849, 33840, 0, 0, 0
70949, 37920, 0, 0, 0
71050, 38000, 0, 0, 0
71150, 37840, 0, 0, 0
71249, 37737, 0, 0, 0
71349, 38000, 0, 0, 0
71449, 36880, 0, 0, 0
71549, 37840, 0, 0, 0
71649, 38480, 0, 0, 0
71749, 37680, 0, 0, 0
71849, 37760, 0, 0, 0
71949, 38240, 0, 0, 0
72049, 38800, 0, 0, 0
72149, 37200, 0, 0, 0
72249, 38640, 0, 0, 0
72349, 38480, 0, 0, 0
72449, 38480, 0, 0, 0
72549, 39680, 0, 0, 0
72649, 39760, 0, 0, 0
72750, 36720, 0, 0, 0
72850, 38000, 0, 0, 0
72950, 38160, 0, 0, 0
73050, 37120, 0, 0, 0
73150, 39120, 0, 0, 0
73249, 38787, 0, 0, 0
73349, 38720, 0, 0, 0
73449, 38800, 0, 0, 0
73549, 37600, 0, 0, 0
73649, 38640, 0, 0, 0
73749, 37040, 0, 0, 0
73849, 38800, 0, 0, 0
73949, 38080, 0, 0, 0
74049, 37280, 0, 0, 0
74149, 39840, 0, 0, 0
74250, 37200, 0, 0, 0
74350, 38800, 0, 0, 0
74450, 38080, 0, 0, 0
74550, 37040, 0, 0, 0
74650, 38640, 0, 0, 0
74749, 39515, 0, 0, 0
74849, 38480, 0, 0, 0
74949, 37920, 0, 0, 0
75049, 37280, 0, 0, 0
75149, 37440, 0, 0, 0
75249, 38720, 0, 0, 0
75349, 36000, 0, 0, 0
75449, 36480, 0, 0, 0
75549, 38480, 0, 0, 0
75649, 36800, 0, 0, 0
75750, 37360, 0, 0, 0
75850, 39360, 0, 0, 0
75950, 38320, 0, 0, 0
76050, 38640, 0, 0, 0
76150, 38720, 0, 0, 0
76249, 39919, 0, 0, 0
76349, 40000, 0, 0, 0
76449, 37040, 0, 0, 0
76549, 38880, 0, 0, 0
76649, 38320, 0, 0, 0
76749, 37760, 0, 0, 0
76849, 38400, 0, 0, 0
76949, 38720, 0, 0, 0
77049, 34640, 0, 0, 0
77149, 35600, 0, 0, 0
77250, 36080, 0, 0, 0
77350, 37280, 0, 0, 0
77450, 39840, 0, 0, 0
77550, 39200, 0, 0, 0
77650, 39680, 0, 0, 0
77749, 37575, 0, 0, 0
77849, 37280, 0, 0, 0
77949, 40800, 0, 0, 0
78049, 39120, 0, 0, 0
78149, 38480, 0, 0, 0
78249, 36480, 0, 0, 0
78349, 37600, 0, 0, 0
78449, 35360, 0, 0, 0
78549, 37680, 0, 0, 0
78649, 38080, 0, 0, 0
78749, 38240, 0, 0, 0
78849, 28240, 0, 0, 0
78950, 37360, 0, 0, 0
79050, 37840, 0, 0, 0
79150, 37280, 0, 0, 0
79249, 37979, 0, 0, 0
79349, 32480, 0, 0, 0
79449, 37360, 0, 0, 0
79549, 38160, 0, 0, 0
79649, 37360, 0, 0, 0
79749, 37280, 0, 0, 0
79849, 39840, 0, 0, 0
79949, 39040, 0, 0, 0
80049, 38160, 0, 0, 0
80149, 38560, 0, 0, 0
80249, 39280, 0, 0, 0
80349, 37840, 0, 0, 0
80449, 38160, 0, 0, 0
80550, 38400, 0, 0, 0
80650, 38560, 0, 0, 0
80749, 36444, 0, 0, 0
80849, 36320, 0, 0, 0
80949, 38000, 0, 0, 0
81049, 39360, 0, 0, 0
81149, 38800, 0, 0, 0
81249, 36800, 0, 0, 0
81349, 36720, 0, 0, 0
81449, 37760, 0, 0, 0
81549, 38960, 0, 0, 0
81649, 38880, 0, 0, 0
81749, 35840, 0, 0, 0
81849, 36320, 0, 0, 0
81949, 37600, 0, 0, 0
82050, 37760, 0, 0, 0
82150, 38640, 0, 0, 0
82249, 39030, 0, 0, 0
82349, 37360, 0, 0, 0
82449, 36640, 0, 0, 0
82549, 36640, 0, 0, 0
82649, 38240, 0, 0, 0
82749, 39200, 0, 0, 0
82849, 38720, 0, 0, 0
82949, 38480, 0, 0, 0
83049, 37760, 0, 0, 0
83149, 38560, 0, 0, 0
83249, 33520, 0, 0, 0
83349, 31920, 0, 0, 0
83449, 37520, 0, 0, 0
83549, 38400, 0, 0, 0
83650, 36080, 0, 0, 0
83749, 38626, 0, 0, 0
83849, 37360, 0, 0, 0
83949, 38480, 0, 0, 0
84049, 36800, 0, 0, 0
84149, 36800, 0, 0, 0
84249, 37680, 0, 0, 0
84349, 37280, 0, 0, 0
84449, 36400, 0, 0, 0
84549, 37040, 0, 0, 0
84649, 37360, 0, 0, 0
84749, 39840, 0, 0, 0
84849, 38240, 0, 0, 0
84949, 34320, 0, 0, 0
85049, 38080, 0, 0, 0
85149, 40880, 0, 0, 0
85250, 39600, 0, 0, 0
85350, 37680, 0, 0, 0
85450, 38480, 0, 0, 0
85550, 38480, 0, 0, 0
85650, 36640, 0, 0, 0
85749, 38303, 0, 0, 0
85849, 38400, 0, 0, 0
85949, 35120, 0, 0, 0
86049, 38160, 0, 0, 0
86149, 38080, 0, 0, 0
86249, 39440, 0, 0, 0
86349, 39360, 0, 0, 0
86449, 38640, 0, 0, 0
86549, 37520, 0, 0, 0
86649, 38800, 0, 0, 0
86750, 39360, 0, 0, 0
86850, 40080, 0, 0, 0
86950, 36480, 0, 0, 0
87050, 36320, 0, 0, 0
87150, 37440, 0, 0, 0
87249, 37252, 0, 0, 0
87349, 36320, 0, 0, 0
87449, 39280, 0, 0, 0
87549, 34320, 0, 0, 0
87649, 36560, 0, 0, 0
87749, 37440, 0, 0, 0
87849, 38080, 0, 0, 0
87949, 37600, 0, 0, 0
88049, 37680, 0, 0, 0
88149, 38160, 0, 0, 0
88249, 39440, 0, 0, 0
88350, 38080, 0, 0, 0
88450, 36000, 0, 0, 0
88550, 38880, 0, 0, 0
88650, 36000, 0, 0, 0
88749, 38303, 0, 0, 0
88849, 37840, 0, 0, 0
88949, 38480, 0, 0, 0
89049, 40720, 0, 0, 0
89149, 38320, 0, 0, 0
89249, 38080, 0, 0, 0
89349, 36320, 0, 0, 0
89449, 36320, 0, 0, 0
89549, 38240, 0, 0, 0
89649, 39120, 0, 0, 0
89749, 39120, 0, 0, 0
89849, 36960, 0, 0, 0
89950, 39040, 0, 0, 0
