101, 12288093, 0, 0, 0
200, 10362684, 0, 0, 0
300, 11297234, 0, 0, 0
401, 11076592, 0, 0, 0
500, 11019694, 0, 0, 0
600, 10756909, 0, 0, 0
700, 11350877, 0, 0, 0
800, 13582433, 0, 0, 0
900, 10792706, 0, 0, 0
1003, 11575948, 0, 0, 0
1100, 11466257, 0, 0, 0
1200, 12069631, 0, 0, 0
1300, 11114786, 0, 0, 0
1400, 15765555, 0, 0, 0
1500, 12002529, 0, 0, 0
1600, 12354059, 0, 0, 0
1700, 11560913, 0, 0, 0
1800, 11016840, 0, 0, 0
1900, 10335195, 0, 0, 0
2001, 11249629, 0, 0, 0
2101, 10961240, 0, 0, 0
2200, 11462432, 0, 0, 0
2300, 11628491, 0, 0, 0
2400, 10290523, 0, 0, 0
2500, 10638726, 0, 0, 0
2600, 11225445, 0, 0, 0
2700, 9858633, 0, 0, 0
2801, 11235839, 0, 0, 0
2900, 10751367, 0, 0, 0
3000, 11384091, 0, 0, 0
3100, 11065405, 0, 0, 0
3201, 10763211, 0, 0, 0
3300, 11129003, 0, 0, 0
3400, 11286322, 0, 0, 0
3500, 10248068, 0, 0, 0
3600, 11165688, 0, 0, 0
3701, 10974156, 0, 0, 0
3800, 11354564, 0, 0, 0
3900, 10163767, 0, 0, 0
4000, 10432032, 0, 0, 0
4100, 10006251, 0, 0, 0
4200, 10974112, 0, 0, 0
4300, 11350373, 0, 0, 0
4401, 12488232, 0, 0, 0
4500, 11161112, 0, 0, 0
4600, 11375738, 0, 0, 0
4700, 10756686, 0, 0, 0
4800, 10910593, 0, 0, 0
4902, 9937458, 0, 0, 0
5001, 12407422, 0, 0, 0
5100, 9548100, 0, 0, 0
5200, 12308627, 0, 0, 0
5300, 11860490, 0, 0, 0
5400, 9858232, 0, 0, 0
5500, 12017762, 0, 0, 0
5600, 11877437, 0, 0, 0
5700, 11068388, 0, 0, 0
5800, 11194790, 0, 0, 0
5900, 10867490, 0, 0, 0
6007, 9819345, 0, 0, 0
6101, 11177642, 0, 0, 0
6201, 11026053, 0, 0, 0
6300, 11667443, 0, 0, 0
6400, 11418273, 0, 0, 0
6500, 13055482, 0, 0, 0
6600, 13201878, 0, 0, 0
6701, 10914502, 0, 0, 0
6800, 10674616, 0, 0, 0
6901, 10954026, 0, 0, 0
7001, 11402720, 0, 0, 0
7100, 11448388, 0, 0, 0
7200, 10955399, 0, 0, 0
7301, 15754851, 0, 0, 0
7401, 11772102, 0, 0, 0
7500, 9650603, 0, 0, 0
7600, 10928448, 0, 0, 0
7700, 12430279, 0, 0, 0
7800, 11346755, 0, 0, 0
7900, 9443731, 0, 0, 0
8000, 10768331, 0, 0, 0
8100, 10408514, 0, 0, 0
8200, 12451071, 0, 0, 0
8300, 10052252, 0, 0, 0
8400, 9581742, 0, 0, 0
8501, 11512591, 0, 0, 0
8600, 10652315, 0, 0, 0
8700, 11545135, 0, 0, 0
8800, 10075150, 0, 0, 0
8900, 10117733, 0, 0, 0
9000, 10829822, 0, 0, 0
9100, 11658239, 0, 0, 0
9200, 11065968, 0, 0, 0
9300, 11983654, 0, 0, 0
9400, 10701987, 0, 0, 0
9500, 11093957, 0, 0, 0
9600, 11333749, 0, 0, 0
9701, 10360083, 0, 0, 0
9800, 12505425, 0, 0, 0
9900, 11249780, 0, 0, 0
10000, 9689529, 0, 0, 0
10100, 10192999, 0, 0, 0
10202, 12636608, 0, 0, 0
10300, 12168496, 0, 0, 0
10400, 11724471, 0, 0, 0
10500, 9922308, 0, 0, 0
10600, 10717324, 0, 0, 0
10700, 13065440, 0, 0, 0
10800, 10883035, 0, 0, 0
10900, 10884180, 0, 0, 0
11000, 10683906, 0, 0, 0
11100, 12401919, 0, 0, 0
11200, 10978145, 0, 0, 0
11301, 12120045, 0, 0, 0
11400, 11236191, 0, 0, 0
11501, 11497946, 0, 0, 0
11600, 10892250, 0, 0, 0
11700, 10578737, 0, 0, 0
11800, 9447096, 0, 0, 0
11900, 9179801, 0, 0, 0
12000, 13817284, 0, 0, 0
12100, 11481307, 0, 0, 0
12200, 11724790, 0, 0, 0
12300, 13038831, 0, 0, 0
12400, 11129312, 0, 0, 0
12500, 11739112, 0, 0, 0
12601, 13949773, 0, 0, 0
12700, 9857102, 0, 0, 0
12800, 9864758, 0, 0, 0
12900, 10687624, 0, 0, 0
13000, 9027652, 0, 0, 0
13100, 12723194, 0, 0, 0
13200, 11931604, 0, 0, 0
13300, 11434771, 0, 0, 0
13400, 10688704, 0, 0, 0
13500, 9639128, 0, 0, 0
13600, 12399988, 0, 0, 0
13700, 10028315, 0, 0, 0
13800, 11150150, 0, 0, 0
13900, 11523034, 0, 0, 0
14000, 11006648, 0, 0, 0
14100, 10911458, 0, 0, 0
14200, 11757184, 0, 0, 0
14301, 11940404, 0, 0, 0
14400, 13140914, 0, 0, 0
14500, 11282194, 0, 0, 0
14600, 14858233, 0, 0, 0
14700, 11177535, 0, 0, 0
14800, 12387177, 0, 0, 0
14900, 10863754, 0, 0, 0
15000, 11391361, 0, 0, 0
15100, 10739350, 0, 0, 0
15200, 10456405, 0, 0, 0
15300, 10538866, 0, 0, 0
15400, 11996760, 0, 0, 0
15502, 9904944, 0, 0, 0
15601, 11326998, 0, 0, 0
15701, 10485807, 0, 0, 0
15800, 9787641, 0, 0, 0
15900, 10053300, 0, 0, 0
16002, 10963840, 0, 0, 0
16100, 10805952, 0, 0, 0
16200, 11144784, 0, 0, 0
16300, 10409436, 0, 0, 0
16400, 11944783, 0, 0, 0
16500, 10904435, 0, 0, 0
16600, 12373609, 0, 0, 0
16700, 11536388, 0, 0, 0
16800, 9323377, 0, 0, 0
16900, 13044355, 0, 0, 0
17002, 10629082, 0, 0, 0
17100, 11753408, 0, 0, 0
17200, 10939491, 0, 0, 0
17302, 10627824, 0, 0, 0
17400, 10560769, 0, 0, 0
17500, 11352401, 0, 0, 0
17600, 10097497, 0, 0, 0
17700, 10373789, 0, 0, 0
17800, 11390088, 0, 0, 0
17900, 11375639, 0, 0, 0
18000, 9773976, 0, 0, 0
18100, 10646609, 0, 0, 0
18200, 10104429, 0, 0, 0
18300, 11469350, 0, 0, 0
18400, 11713667, 0, 0, 0
18500, 9990137, 0, 0, 0
18600, 10859386, 0, 0, 0
18700, 11376509, 0, 0, 0
18802, 10705806, 0, 0, 0
18901, 11016735, 0, 0, 0
19000, 10439395, 0, 0, 0
19102, 10896451, 0, 0, 0
19202, 11885593, 0, 0, 0
19300, 11506421, 0, 0, 0
19400, 11825782, 0, 0, 0
19500, 11273900, 0, 0, 0
19600, 11025642, 0, 0, 0
19700, 10484697, 0, 0, 0
19800, 10914148, 0, 0, 0
19900, 11025940, 0, 0, 0
20000, 10861246, 0, 0, 0
20101, 10119022, 0, 0, 0
20200, 11247379, 0, 0, 0
20300, 10628074, 0, 0, 0
20401, 10099331, 0, 0, 0
20500, 13191589, 0, 0, 0
20600, 10924013, 0, 0, 0
20700, 12034424, 0, 0, 0
20800, 9930968, 0, 0, 0
20900, 10337430, 0, 0, 0
21000, 12831028, 0, 0, 0
21100, 13034493, 0, 0, 0
21200, 11246692, 0, 0, 0
21300, 11576805, 0, 0, 0
21400, 10365345, 0, 0, 0
21500, 14014825, 0, 0, 0
21600, 12101403, 0, 0, 0
21700, 10863082, 0, 0, 0
21800, 10742360, 0, 0, 0
21900, 10310228, 0, 0, 0
22000, 11966909, 0, 0, 0
22100, 12426807, 0, 0, 0
22200, 10760197, 0, 0, 0
22300, 12154083, 0, 0, 0
22400, 14244920, 0, 0, 0
22500, 12425113, 0, 0, 0
22600, 11290759, 0, 0, 0
22700, 13725269, 0, 0, 0
22805, 9415049, 0, 0, 0
22900, 12309898, 0, 0, 0
23003, 11399523, 0, 0, 0
23100, 10555273, 0, 0, 0
23200, 10286497, 0, 0, 0
23301, 10585366, 0, 0, 0
23400, 11392436, 0, 0, 0
23501, 10876290, 0, 0, 0
23600, 11188078, 0, 0, 0
23700, 10137902, 0, 0, 0
23800, 11317678, 0, 0, 0
23900, 10156626, 0, 0, 0
24000, 10170185, 0, 0, 0
24100, 10302505, 0, 0, 0
24200, 10480367, 0, 0, 0
24300, 10619613, 0, 0, 0
24400, 11260235, 0, 0, 0
24500, 11424179, 0, 0, 0
24600, 10820700, 0, 0, 0
24700, 12693644, 0, 0, 0
24800, 11785004, 0, 0, 0
24900, 11043430, 0, 0, 0
25000, 10016179, 0, 0, 0
25100, 10825330, 0, 0, 0
25200, 10356679, 0, 0, 0
25300, 10452606, 0, 0, 0
25401, 11427670, 0, 0, 0
25500, 11280685, 0, 0, 0
25600, 12644778, 0, 0, 0
25700, 10172023, 0, 0, 0
25800, 11900176, 0, 0, 0
25900, 11283214, 0, 0, 0
26000, 9869890, 0, 0, 0
26100, 10812161, 0, 0, 0
26202, 11385268, 0, 0, 0
26300, 10574264, 0, 0, 0
26400, 13011257, 0, 0, 0
26500, 9642380, 0, 0, 0
26600, 12065927, 0, 0, 0
26700, 11065789, 0, 0, 0
26800, 14872464, 0, 0, 0
26900, 10344669, 0, 0, 0
27002, 11252033, 0, 0, 0
27100, 10915651, 0, 0, 0
27200, 10163573, 0, 0, 0
27300, 11988707, 0, 0, 0
27400, 10510821, 0, 0, 0
27500, 10671361, 0, 0, 0
27600, 10981871, 0, 0, 0
27700, 10620619, 0, 0, 0
27800, 12625870, 0, 0, 0
27900, 11204948, 0, 0, 0
28000, 12081138, 0, 0, 0
28100, 10630920, 0, 0, 0
28200, 9614172, 0, 0, 0
28300, 11530872, 0, 0, 0
28400, 10344828, 0, 0, 0
28502, 11740003, 0, 0, 0
28600, 13623129, 0, 0, 0
28703, 9968708, 0, 0, 0
28800, 10864136, 0, 0, 0
28900, 11335811, 0, 0, 0
29000, 10400645, 0, 0, 0
29100, 10167166, 0, 0, 0
29200, 11212047, 0, 0, 0
29300, 12430333, 0, 0, 0
29401, 10043159, 0, 0, 0
29500, 13575844, 0, 0, 0
29600, 11645756, 0, 0, 0
29700, 13832019, 0, 0, 0
29800, 9592124, 0, 0, 0
29902, 9264438, 0, 0, 0
30000, 12708665, 0, 0, 0
30102, 10714734, 0, 0, 0
30200, 10624394, 0, 0, 0
30300, 11531899, 0, 0, 0
30400, 9868745, 0, 0, 0
30501, 12364720, 0, 0, 0
30601, 11001172, 0, 0, 0
30700, 11561978, 0, 0, 0
30800, 11524739, 0, 0, 0
30900, 11825221, 0, 0, 0
31000, 10942326, 0, 0, 0
31100, 10989690, 0, 0, 0
31201, 11006152, 0, 0, 0
31300, 12139209, 0, 0, 0
31400, 9767408, 0, 0, 0
31500, 12021915, 0, 0, 0
31600, 10550353, 0, 0, 0
31700, 11286393, 0, 0, 0
31800, 9638418, 0, 0, 0
31902, 12091319, 0, 0, 0
32000, 13004317, 0, 0, 0
32100, 11580580, 0, 0, 0
32200, 11628766, 0, 0, 0
32300, 10148337, 0, 0, 0
32400, 10710533, 0, 0, 0
32500, 12011112, 0, 0, 0
32600, 10390546, 0, 0, 0
32700, 12052923, 0, 0, 0
32800, 10582338, 0, 0, 0
32900, 10165865, 0, 0, 0
33000, 9788721, 0, 0, 0
33100, 10759644, 0, 0, 0
33200, 10951622, 0, 0, 0
33301, 12189689, 0, 0, 0
33400, 10605067, 0, 0, 0
33500, 10012462, 0, 0, 0
33600, 12831465, 0, 0, 0
33701, 10044326, 0, 0, 0
33802, 11573849, 0, 0, 0
33901, 10394445, 0, 0, 0
34000, 9946751, 0, 0, 0
34101, 14804536, 0, 0, 0
34200, 10701971, 0, 0, 0
34300, 10853738, 0, 0, 0
34400, 10277886, 0, 0, 0
34500, 10244452, 0, 0, 0
34600, 10400887, 0, 0, 0
34700, 11105562, 0, 0, 0
34800, 10603115, 0, 0, 0
34900, 11621901, 0, 0, 0
35000, 10790633, 0, 0, 0
35100, 9200426, 0, 0, 0
35200, 12707112, 0, 0, 0
35300, 11659700, 0, 0, 0
35400, 13081801, 0, 0, 0
35500, 12606600, 0, 0, 0
35601, 9930144, 0, 0, 0
35700, 16414535, 0, 0, 0
35800, 11479109, 0, 0, 0
35900, 13172988, 0, 0, 0
36000, 10485378, 0, 0, 0
36100, 12929587, 0, 0, 0
36200, 9970967, 0, 0, 0
36300, 10854301, 0, 0, 0
36400, 9935858, 0, 0, 0
36501, 11360533, 0, 0, 0
36601, 10366876, 0, 0, 0
36700, 10777425, 0, 0, 0
36800, 12069974, 0, 0, 0
36900, 11114879, 0, 0, 0
37000, 13322241, 0, 0, 0
37100, 11233779, 0, 0, 0
37204, 10703560, 0, 0, 0
37300, 11326714, 0, 0, 0
37401, 11200634, 0, 0, 0
37500, 11078702, 0, 0, 0
37601, 10737411, 0, 0, 0
37700, 12070983, 0, 0, 0
37801, 14808635, 0, 0, 0
37900, 16675361, 0, 0, 0
38000, 10808088, 0, 0, 0
38100, 11877238, 0, 0, 0
38200, 9652664, 0, 0, 0
38300, 12107317, 0, 0, 0
38400, 11898100, 0, 0, 0
38502, 11426326, 0, 0, 0
38600, 10003265, 0, 0, 0
38700, 10727843, 0, 0, 0
38800, 10276322, 0, 0, 0
38900, 11211913, 0, 0, 0
39000, 12271644, 0, 0, 0
39100, 10947527, 0, 0, 0
39200, 10286915, 0, 0, 0
39301, 11738818, 0, 0, 0
39400, 10888400, 0, 0, 0
39500, 10899275, 0, 0, 0
39600, 10295859, 0, 0, 0
39700, 10467386, 0, 0, 0
39801, 11921894, 0, 0, 0
39900, 11325822, 0, 0, 0
40000, 10709046, 0, 0, 0
40100, 11447726, 0, 0, 0
40201, 10976094, 0, 0, 0
40300, 9399273, 0, 0, 0
40400, 12669533, 0, 0, 0
40500, 10435611, 0, 0, 0
40600, 11821124, 0, 0, 0
40700, 12259926, 0, 0, 0
40800, 10654959, 0, 0, 0
40900, 9327629, 0, 0, 0
41001, 10721772, 0, 0, 0
41100, 10548994, 0, 0, 0
41200, 11508840, 0, 0, 0
41300, 11673502, 0, 0, 0
41400, 11558160, 0, 0, 0
41500, 9923862, 0, 0, 0
41600, 9213286, 0, 0, 0
41700, 10912796, 0, 0, 0
41800, 10638938, 0, 0, 0
41900, 9964710, 0, 0, 0
42000, 11568390, 0, 0, 0
42100, 9570570, 0, 0, 0
42200, 13734740, 0, 0, 0
42300, 11810355, 0, 0, 0
42400, 11041103, 0, 0, 0
42500, 10122789, 0, 0, 0
42600, 12242718, 0, 0, 0
42700, 10650516, 0, 0, 0
42800, 10702001, 0, 0, 0
42900, 11319773, 0, 0, 0
43000, 11051400, 0, 0, 0
43100, 10400758, 0, 0, 0
43200, 10381524, 0, 0, 0
43300, 11010167, 0, 0, 0
43400, 10803380, 0, 0, 0
43501, 12664623, 0, 0, 0
43600, 10590363, 0, 0, 0
43700, 12254507, 0, 0, 0
43800, 13161537, 0, 0, 0
43901, 10172831, 0, 0, 0
44000, 13319457, 0, 0, 0
44100, 10575030, 0, 0, 0
44200, 11356656, 0, 0, 0
44300, 11499682, 0, 0, 0
44400, 11935191, 0, 0, 0
44500, 11020239, 0, 0, 0
44600, 10025543, 0, 0, 0
44700, 11903186, 0, 0, 0
44800, 11247633, 0, 0, 0
44902, 10768174, 0, 0, 0
45000, 11258617, 0, 0, 0
45101, 10603080, 0, 0, 0
45200, 11403197, 0, 0, 0
45300, 10159045, 0, 0, 0
45400, 10398490, 0, 0, 0
45500, 9890109, 0, 0, 0
45600, 10128818, 0, 0, 0
45700, 11158016, 0, 0, 0
45801, 13052534, 0, 0, 0
45900, 12801583, 0, 0, 0
46000, 9836540, 0, 0, 0
46100, 11072340, 0, 0, 0
46200, 10274721, 0, 0, 0
46300, 10901411, 0, 0, 0
46400, 9603110, 0, 0, 0
46500, 13157201, 0, 0, 0
46600, 11336193, 0, 0, 0
46700, 11403536, 0, 0, 0
46800, 10524053, 0, 0, 0
46900, 12929904, 0, 0, 0
47000, 11127378, 0, 0, 0
47100, 10623444, 0, 0, 0
47200, 10612179, 0, 0, 0
47300, 9974197, 0, 0, 0
47400, 9870196, 0, 0, 0
47500, 11610689, 0, 0, 0
47600, 10752214, 0, 0, 0
47700, 11958745, 0, 0, 0
47800, 10155992, 0, 0, 0
47900, 12084497, 0, 0, 0
48000, 11676287, 0, 0, 0
48100, 10066971, 0, 0, 0
48200, 11782143, 0, 0, 0
48300, 9435129, 0, 0, 0
48400, 9709003, 0, 0, 0
48509, 13121132, 0, 0, 0
48601, 13222594, 0, 0, 0
48700, 11841672, 0, 0, 0
48800, 8529826, 0, 0, 0
48900, 12541910, 0, 0, 0
49000, 10351385, 0, 0, 0
49100, 10463741, 0, 0, 0
49200, 10707445, 0, 0, 0
49300, 10291500, 0, 0, 0
49400, 11099294, 0, 0, 0
49500, 12318474, 0, 0, 0
49600, 11803682, 0, 0, 0
49700, 10575958, 0, 0, 0
49800, 10251868, 0, 0, 0
49900, 11294787, 0, 0, 0
50000, 11007487, 0, 0, 0
50102, 9832194, 0, 0, 0
50200, 9450188, 0, 0, 0
50300, 10580377, 0, 0, 0
50400, 12996696, 0, 0, 0
50500, 11299981, 0, 0, 0
50600, 12001085, 0, 0, 0
50701, 10414182, 0, 0, 0
50800, 11964869, 0, 0, 0
50900, 11986696, 0, 0, 0
51000, 12166879, 0, 0, 0
51100, 9986645, 0, 0, 0
51201, 10016748, 0, 0, 0
51300, 9307263, 0, 0, 0
51401, 9906048, 0, 0, 0
51503, 11523457, 0, 0, 0
51600, 10423867, 0, 0, 0
51700, 11954959, 0, 0, 0
51800, 10707512, 0, 0, 0
51900, 9885846, 0, 0, 0
52001, 11484452, 0, 0, 0
52100, 10420705, 0, 0, 0
52200, 9769655, 0, 0, 0
52300, 10772238, 0, 0, 0
52400, 10906042, 0, 0, 0
52500, 11781444, 0, 0, 0
52600, 10499647, 0, 0, 0
52704, 11214122, 0, 0, 0
52800, 13325750, 0, 0, 0
52900, 10113304, 0, 0, 0
53000, 12879840, 0, 0, 0
53100, 10394345, 0, 0, 0
53200, 11875579, 0, 0, 0
53302, 9944015, 0, 0, 0
53400, 10994537, 0, 0, 0
53500, 12970352, 0, 0, 0
53600, 10350822, 0, 0, 0
53700, 10890342, 0, 0, 0
53800, 10781989, 0, 0, 0
53900, 11244007, 0, 0, 0
54000, 10877363, 0, 0, 0
54100, 9985568, 0, 0, 0
54201, 8963336, 0, 0, 0
54300, 10492687, 0, 0, 0
54400, 10420239, 0, 0, 0
54500, 9987191, 0, 0, 0
54601, 12172005, 0, 0, 0
54700, 10867634, 0, 0, 0
54800, 11022742, 0, 0, 0
54900, 11546495, 0, 0, 0
55000, 12069479, 0, 0, 0
55100, 11899954, 0, 0, 0
55200, 11525596, 0, 0, 0
55300, 11474192, 0, 0, 0
55401, 11190044, 0, 0, 0
55500, 10652488, 0, 0, 0
55601, 9425316, 0, 0, 0
55700, 12067254, 0, 0, 0
55800, 11925013, 0, 0, 0
55900, 11140247, 0, 0, 0
56001, 11608089, 0, 0, 0
56100, 9736005, 0, 0, 0
56200, 10512474, 0, 0, 0
56300, 11194268, 0, 0, 0
56402, 11110999, 0, 0, 0
56500, 11406183, 0, 0, 0
56600, 11519146, 0, 0, 0
56701, 11612412, 0, 0, 0
56800, 11201257, 0, 0, 0
56900, 10890554, 0, 0, 0
57000, 11399267, 0, 0, 0
57101, 10812587, 0, 0, 0
57200, 10836470, 0, 0, 0
57300, 11404922, 0, 0, 0
57400, 10781244, 0, 0, 0
57500, 11127833, 0, 0, 0
57600, 8778695, 0, 0, 0
57700, 11180533, 0, 0, 0
57800, 10168699, 0, 0, 0
57900, 10110706, 0, 0, 0
58000, 10691581, 0, 0, 0
58100, 10864852, 0, 0, 0
58200, 12731523, 0, 0, 0
58300, 10873496, 0, 0, 0
58402, 11040512, 0, 0, 0
58500, 10712045, 0, 0, 0
58600, 9987929, 0, 0, 0
58700, 11001401, 0, 0, 0
58800, 10851130, 0, 0, 0
58900, 14027730, 0, 0, 0
59000, 12541313, 0, 0, 0
59100, 10422111, 0, 0, 0
59200, 11315997, 0, 0, 0
59300, 10515405, 0, 0, 0
59400, 10655410, 0, 0, 0
59500, 11358929, 0, 0, 0
59600, 10610160, 0, 0, 0
59700, 10331059, 0, 0, 0
59800, 10372687, 0, 0, 0
59900, 10922949, 0, 0, 0
60000, 11466040, 0, 0, 0
60100, 11258500, 0, 0, 0
60200, 10421648, 0, 0, 0
60300, 8896316, 0, 0, 0
60401, 11374213, 0, 0, 0
60500, 11822475, 0, 0, 0
60600, 10054297, 0, 0, 0
60700, 10441409, 0, 0, 0
60800, 11262183, 0, 0, 0
60901, 12302010, 0, 0, 0
61000, 10397698, 0, 0, 0
61100, 11949643, 0, 0, 0
61200, 10473011, 0, 0, 0
61301, 11165904, 0, 0, 0
61400, 12259677, 0, 0, 0
61500, 9151361, 0, 0, 0
61600, 11332414, 0, 0, 0
61700, 11814732, 0, 0, 0
61800, 10175345, 0, 0, 0
61900, 11383833, 0, 0, 0
62000, 10448198, 0, 0, 0
62100, 11488076, 0, 0, 0
62201, 10718140, 0, 0, 0
62300, 10369385, 0, 0, 0
62400, 9262070, 0, 0, 0
62503, 12234058, 0, 0, 0
62600, 12759186, 0, 0, 0
62700, 11493827, 0, 0, 0
62800, 9880771, 0, 0, 0
62900, 10301808, 0, 0, 0
63000, 10039179, 0, 0, 0
63101, 12059273, 0, 0, 0
63200, 12607293, 0, 0, 0
63300, 9920592, 0, 0, 0
63400, 10365210, 0, 0, 0
63500, 10785304, 0, 0, 0
63600, 9860866, 0, 0, 0
63700, 10746670, 0, 0, 0
63800, 10480213, 0, 0, 0
63900, 11838551, 0, 0, 0
64000, 10911926, 0, 0, 0
64100, 11174430, 0, 0, 0
64200, 10251222, 0, 0, 0
64300, 10456275, 0, 0, 0
64400, 12633363, 0, 0, 0
64500, 11874206, 0, 0, 0
64601, 11664799, 0, 0, 0
64701, 10348491, 0, 0, 0
64800, 10561324, 0, 0, 0
64900, 10405361, 0, 0, 0
65000, 12447311, 0, 0, 0
65100, 11143567, 0, 0, 0
65200, 10931028, 0, 0, 0
65302, 10882231, 0, 0, 0
65400, 9957119, 0, 0, 0
65501, 9439581, 0, 0, 0
65600, 11950475, 0, 0, 0
65700, 10120820, 0, 0, 0
65800, 12045537, 0, 0, 0
65900, 11629252, 0, 0, 0
66001, 10231734, 0, 0, 0
66100, 10389490, 0, 0, 0
66200, 11472785, 0, 0, 0
66300, 9558958, 0, 0, 0
66400, 11208325, 0, 0, 0
66500, 10777913, 0, 0, 0
66601, 11122690, 0, 0, 0
66700, 11458213, 0, 0, 0
66800, 10357763, 0, 0, 0
66900, 11224183, 0, 0, 0
67000, 10076642, 0, 0, 0
67100, 10960681, 0, 0, 0
67200, 9298968, 0, 0, 0
67300, 10009065, 0, 0, 0
67400, 11058712, 0, 0, 0
67500, 11764487, 0, 0, 0
67600, 12469744, 0, 0, 0
67700, 11120064, 0, 0, 0
67800, 10965910, 0, 0, 0
67902, 12751816, 0, 0, 0
68000, 11330578, 0, 0, 0
68100, 10565248, 0, 0, 0
68200, 10174595, 0, 0, 0
68300, 11983345, 0, 0, 0
68401, 11943464, 0, 0, 0
68500, 9505616, 0, 0, 0
68600, 11754336, 0, 0, 0
68701, 11783972, 0, 0, 0
68800, 11279566, 0, 0, 0
68900, 10594675, 0, 0, 0
69000, 11080277, 0, 0, 0
69100, 12560396, 0, 0, 0
69200, 10787596, 0, 0, 0
69301, 12401859, 0, 0, 0
69400, 10900408, 0, 0, 0
69500, 10621787, 0, 0, 0
69600, 11602108, 0, 0, 0
69700, 12438451, 0, 0, 0
69800, 15655363, 0, 0, 0
69900, 11483241, 0, 0, 0
70000, 11534460, 0, 0, 0
70103, 12744551, 0, 0, 0
70201, 10426905, 0, 0, 0
70300, 10521783, 0, 0, 0
70400, 10938333, 0, 0, 0
70500, 12312248, 0, 0, 0
70600, 10362304, 0, 0, 0
70700, 10064324, 0, 0, 0
70800, 9292260, 0, 0, 0
70900, 11458845, 0, 0, 0
71001, 9438013, 0, 0, 0
71100, 14972079, 0, 0, 0
71200, 10614604, 0, 0, 0
71300, 12589789, 0, 0, 0
71400, 11545744, 0, 0, 0
71500, 10243107, 0, 0, 0
71600, 10822244, 0, 0, 0
71700, 11111503, 0, 0, 0
71800, 10612970, 0, 0, 0
71900, 11148849, 0, 0, 0
72000, 12026121, 0, 0, 0
72100, 11615215, 0, 0, 0
72200, 11961298, 0, 0, 0
72300, 9923235, 0, 0, 0
72400, 11795414, 0, 0, 0
72500, 11510565, 0, 0, 0
72600, 9899135, 0, 0, 0
72700, 11448203, 0, 0, 0
72800, 10452057, 0, 0, 0
72900, 11560970, 0, 0, 0
73000, 11010517, 0, 0, 0
73100, 9873369, 0, 0, 0
73200, 9563723, 0, 0, 0
73300, 11080097, 0, 0, 0
73400, 11552137, 0, 0, 0
73500, 11275045, 0, 0, 0
73602, 12335100, 0, 0, 0
73700, 11376194, 0, 0, 0
73800, 11536541, 0, 0, 0
73901, 10732968, 0, 0, 0
74000, 9007855, 0, 0, 0
74100, 10369416, 0, 0, 0
74200, 12100014, 0, 0, 0
74300, 10857582, 0, 0, 0
74400, 9715704, 0, 0, 0
74500, 11615066, 0, 0, 0
74600, 9830555, 0, 0, 0
74700, 10399717, 0, 0, 0
74800, 9818015, 0, 0, 0
74900, 11006166, 0, 0, 0
75000, 11995314, 0, 0, 0
75100, 10676133, 0, 0, 0
75200, 11682286, 0, 0, 0
75300, 12338908, 0, 0, 0
75400, 11698155, 0, 0, 0
75500, 10652474, 0, 0, 0
75601, 10928021, 0, 0, 0
75705, 11596377, 0, 0, 0
75800, 11882749, 0, 0, 0
75900, 11734145, 0, 0, 0
76000, 11232964, 0, 0, 0
76100, 11928416, 0, 0, 0
76200, 11140274, 0, 0, 0
76301, 10682914, 0, 0, 0
76400, 12453354, 0, 0, 0
76500, 11624291, 0, 0, 0
76600, 12137021, 0, 0, 0
76700, 11023400, 0, 0, 0
76801, 11945617, 0, 0, 0
76900, 10968625, 0, 0, 0
77000, 9538224, 0, 0, 0
77100, 10594996, 0, 0, 0
77200, 11371936, 0, 0, 0
77300, 10786629, 0, 0, 0
77400, 10564833, 0, 0, 0
77513, 10767391, 0, 0, 0
77600, 15477924, 0, 0, 0
77700, 11607015, 0, 0, 0
77801, 10136034, 0, 0, 0
77900, 11323654, 0, 0, 0
78001, 11193875, 0, 0, 0
78100, 10908500, 0, 0, 0
78200, 10152823, 0, 0, 0
78300, 10070285, 0, 0, 0
78400, 10892052, 0, 0, 0
78501, 10913106, 0, 0, 0
78601, 11182047, 0, 0, 0
78700, 12167119, 0, 0, 0
78800, 11295204, 0, 0, 0
78900, 10746928, 0, 0, 0
79000, 10691051, 0, 0, 0
79100, 10582968, 0, 0, 0
79201, 11386942, 0, 0, 0
79300, 9862358, 0, 0, 0
79400, 10390863, 0, 0, 0
79500, 12250828, 0, 0, 0
79600, 11194357, 0, 0, 0
79700, 11642072, 0, 0, 0
79800, 9252120, 0, 0, 0
79900, 10026026, 0, 0, 0
80000, 11104247, 0, 0, 0
80100, 9199643, 0, 0, 0
80200, 14601421, 0, 0, 0
80300, 10928520, 0, 0, 0
80400, 10158668, 0, 0, 0
80500, 13561405, 0, 0, 0
80600, 9143730, 0, 0, 0
80700, 11385078, 0, 0, 0
80800, 11513729, 0, 0, 0
80900, 11056289, 0, 0, 0
81000, 12095076, 0, 0, 0
81100, 12098946, 0, 0, 0
81201, 11648774, 0, 0, 0
81300, 11131152, 0, 0, 0
81400, 9054242, 0, 0, 0
81500, 10285302, 0, 0, 0
81601, 10473532, 0, 0, 0
81700, 11687193, 0, 0, 0
81800, 12381607, 0, 0, 0
81901, 9485906, 0, 0, 0
82000, 12669386, 0, 0, 0
82100, 10227506, 0, 0, 0
82200, 13420690, 0, 0, 0
82300, 10487439, 0, 0, 0
82401, 10703107, 0, 0, 0
82500, 12515896, 0, 0, 0
82603, 11320972, 0, 0, 0
82700, 9766201, 0, 0, 0
82800, 11268700, 0, 0, 0
82900, 10096675, 0, 0, 0
83001, 13965675, 0, 0, 0
83100, 11439041, 0, 0, 0
83200, 10700363, 0, 0, 0
83300, 9175417, 0, 0, 0
83400, 10676079, 0, 0, 0
83500, 10036478, 0, 0, 0
83600, 10020881, 0, 0, 0
83700, 12336887, 0, 0, 0
83800, 11857079, 0, 0, 0
83900, 10224820, 0, 0, 0
84000, 11619492, 0, 0, 0
84100, 10853122, 0, 0, 0
84200, 11488471, 0, 0, 0
84300, 10176783, 0, 0, 0
84400, 10647390, 0, 0, 0
84500, 12040026, 0, 0, 0
84600, 10651389, 0, 0, 0
84700, 10028445, 0, 0, 0
84801, 12553537, 0, 0, 0
84900, 11888232, 0, 0, 0
85000, 8907347, 0, 0, 0
85100, 15778719, 0, 0, 0
85200, 10444112, 0, 0, 0
85301, 10219991, 0, 0, 0
85400, 10338751, 0, 0, 0
85500, 15006916, 0, 0, 0
85600, 8375736, 0, 0, 0
85700, 12113448, 0, 0, 0
85800, 9917429, 0, 0, 0
85900, 10063448, 0, 0, 0
86001, 11759400, 0, 0, 0
86100, 10183852, 0, 0, 0
86200, 11467541, 0, 0, 0
86300, 10162493, 0, 0, 0
86400, 11945427, 0, 0, 0
86500, 10675164, 0, 0, 0
86600, 11001494, 0, 0, 0
86700, 11381902, 0, 0, 0
86800, 11997656, 0, 0, 0
86900, 11010044, 0, 0, 0
87000, 9578390, 0, 0, 0
87100, 11213611, 0, 0, 0
87200, 11585265, 0, 0, 0
87301, 10057070, 0, 0, 0
87400, 12797115, 0, 0, 0
87500, 10022496, 0, 0, 0
87600, 10299813, 0, 0, 0
87700, 11092242, 0, 0, 0
87800, 11814588, 0, 0, 0
87900, 10742662, 0, 0, 0
88000, 12423700, 0, 0, 0
88100, 11122287, 0, 0, 0
88200, 10534934, 0, 0, 0
88300, 11889505, 0, 0, 0
88400, 11208753, 0, 0, 0
88500, 9872808, 0, 0, 0
88601, 11164689, 0, 0, 0
88700, 10074580, 0, 0, 0
88800, 9887843, 0, 0, 0
88900, 9707492, 0, 0, 0
89000, 10325888, 0, 0, 0
89100, 12522535, 0, 0, 0
89200, 10768240, 0, 0, 0
89301, 10702396, 0, 0, 0
89400, 11229759, 0, 0, 0
89501, 10170337, 0, 0, 0
89600, 10146253, 0, 0, 0
89700, 11248354, 0, 0, 0
89801, 11621782, 0, 0, 0
89900, 13663241, 0, 0, 0
90000, 10332675, 0, 0, 0
90009, 15014253, 0, 0, 0
