100, 2379713, 0, 0, 0
200, 2140194, 0, 0, 0
300, 2415856, 0, 0, 0
400, 2497186, 0, 0, 0
500, 2525745, 0, 0, 0
600, 2155334, 0, 0, 0
700, 2105953, 0, 0, 0
800, 2178005, 0, 0, 0
900, 2359576, 0, 0, 0
1000, 2233090, 0, 0, 0
1100, 2216749, 0, 0, 0
1200, 2241515, 0, 0, 0
1300, 2382762, 0, 0, 0
1400, 2101577, 0, 0, 0
1500, 2405147, 0, 0, 0
1600, 2124385, 0, 0, 0
1700, 2302137, 0, 0, 0
1800, 2322039, 0, 0, 0
1900, 2638570, 0, 0, 0
2000, 2454766, 0, 0, 0
2100, 2294350, 0, 0, 0
2200, 2409206, 0, 0, 0
2300, 2545879, 0, 0, 0
2400, 2282903, 0, 0, 0
2500, 2268924, 0, 0, 0
2600, 2165377, 0, 0, 0
2700, 2294440, 0, 0, 0
2800, 2204987, 0, 0, 0
2900, 2257067, 0, 0, 0
3000, 2469240, 0, 0, 0
3100, 2265036, 0, 0, 0
3200, 2545571, 0, 0, 0
3300, 2301952, 0, 0, 0
3400, 2592404, 0, 0, 0
3500, 2180701, 0, 0, 0
3600, 2118835, 0, 0, 0
3700, 2348414, 0, 0, 0
3800, 2245342, 0, 0, 0
3900, 2441529, 0, 0, 0
4000, 2381304, 0, 0, 0
4100, 2255187, 0, 0, 0
4200, 2404868, 0, 0, 0
4300, 2070115, 0, 0, 0
4400, 2235867, 0, 0, 0
4500, 2210567, 0, 0, 0
4600, 2317896, 0, 0, 0
4700, 2351752, 0, 0, 0
4800, 2357498, 0, 0, 0
4900, 2279323, 0, 0, 0
5000, 2377527, 0, 0, 0
5100, 2198395, 0, 0, 0
5200, 2041579, 0, 0, 0
5300, 2640207, 0, 0, 0
5400, 2250496, 0, 0, 0
5500, 2170413, 0, 0, 0
5600, 2320017, 0, 0, 0
5700, 2376377, 0, 0, 0
5800, 2231148, 0, 0, 0
5900, 2318567, 0, 0, 0
6000, 2240060, 0, 0, 0
6100, 2258249, 0, 0, 0
6200, 2325721, 0, 0, 0
6300, 2161693, 0, 0, 0
6400, 2189667, 0, 0, 0
6500, 2337727, 0, 0, 0
6600, 2360051, 0, 0, 0
6700, 2519699, 0, 0, 0
6800, 2278437, 0, 0, 0
6900, 2091697, 0, 0, 0
7000, 2214650, 0, 0, 0
7100, 2234372, 0, 0, 0
7200, 2229474, 0, 0, 0
7300, 2270697, 0, 0, 0
7400, 2284095, 0, 0, 0
7500, 2230015, 0, 0, 0
7600, 2100905, 0, 0, 0
7700, 2293858, 0, 0, 0
7800, 2232150, 0, 0, 0
7900, 2498088, 0, 0, 0
8000, 2342746, 0, 0, 0
8100, 2395408, 0, 0, 0
8200, 2353927, 0, 0, 0
8300, 2176588, 0, 0, 0
8400, 2067425, 0, 0, 0
8500, 2225758, 0, 0, 0
8600, 2352459, 0, 0, 0
8700, 2154942, 0, 0, 0
8800, 2380943, 0, 0, 0
8900, 2400436, 0, 0, 0
9000, 2226404, 0, 0, 0
9100, 2124339, 0, 0, 0
9200, 2586382, 0, 0, 0
9300, 2280336, 0, 0, 0
9400, 2190865, 0, 0, 0
9500, 2289037, 0, 0, 0
9600, 2198142, 0, 0, 0
9700, 2334378, 0, 0, 0
9800, 2553569, 0, 0, 0
9900, 2218325, 0, 0, 0
10000, 2547975, 0, 0, 0
10100, 2118998, 0, 0, 0
10200, 2424496, 0, 0, 0
10300, 2202980, 0, 0, 0
10400, 2289767, 0, 0, 0
10500, 2348331, 0, 0, 0
10600, 2695574, 0, 0, 0
10700, 2265872, 0, 0, 0
10800, 2161142, 0, 0, 0
10900, 2816435, 0, 0, 0
11000, 2350682, 0, 0, 0
11100, 2194988, 0, 0, 0
11200, 2527459, 0, 0, 0
11300, 2248804, 0, 0, 0
11400, 2112268, 0, 0, 0
11500, 2158077, 0, 0, 0
11600, 2072305, 0, 0, 0
11700, 2462572, 0, 0, 0
11800, 2304174, 0, 0, 0
11900, 2142710, 0, 0, 0
12000, 2122586, 0, 0, 0
12100, 2363237, 0, 0, 0
12200, 2248927, 0, 0, 0
12300, 2032802, 0, 0, 0
12400, 2138450, 0, 0, 0
12500, 2428474, 0, 0, 0
12600, 2079984, 0, 0, 0
12700, 2192043, 0, 0, 0
12800, 2348457, 0, 0, 0
12900, 2178668, 0, 0, 0
13000, 2106310, 0, 0, 0
13100, 2216604, 0, 0, 0
13200, 2309465, 0, 0, 0
13300, 2216752, 0, 0, 0
13400, 2433497, 0, 0, 0
13500, 2142381, 0, 0, 0
13600, 2347173, 0, 0, 0
13700, 2322471, 0, 0, 0
13800, 2259043, 0, 0, 0
13900, 2125155, 0, 0, 0
14000, 2291358, 0, 0, 0
14100, 2197876, 0, 0, 0
14200, 2325820, 0, 0, 0
14300, 2384590, 0, 0, 0
14400, 2203347, 0, 0, 0
14500, 2472619, 0, 0, 0
14600, 2082934, 0, 0, 0
14700, 2433351, 0, 0, 0
14800, 2273232, 0, 0, 0
14900, 2215799, 0, 0, 0
15000, 2263379, 0, 0, 0
15100, 2343984, 0, 0, 0
15200, 2336790, 0, 0, 0
15300, 2282162, 0, 0, 0
15400, 2426051, 0, 0, 0
15500, 2325605, 0, 0, 0
15600, 2272411, 0, 0, 0
15700, 2170808, 0, 0, 0
15800, 2412237, 0, 0, 0
15900, 2233032, 0, 0, 0
16000, 2319794, 0, 0, 0
16100, 2341735, 0, 0, 0
16200, 2372178, 0, 0, 0
16300, 2302218, 0, 0, 0
16400, 2698371, 0, 0, 0
16500, 2207827, 0, 0, 0
16600, 2382400, 0, 0, 0
16700, 2120010, 0, 0, 0
16800, 2339162, 0, 0, 0
16900, 2049993, 0, 0, 0
17000, 2235490, 0, 0, 0
17100, 2314466, 0, 0, 0
17200, 2305069, 0, 0, 0
17300, 2338001, 0, 0, 0
17400, 2205845, 0, 0, 0
17500, 2154816, 0, 0, 0
17600, 2177071, 0, 0, 0
17700, 2363608, 0, 0, 0
17800, 2129386, 0, 0, 0
17900, 2138980, 0, 0, 0
18000, 2408752, 0, 0, 0
18100, 2311989, 0, 0, 0
18200, 2447836, 0, 0, 0
18300, 2233265, 0, 0, 0
18400, 2226184, 0, 0, 0
18500, 2377607, 0, 0, 0
18600, 2344634, 0, 0, 0
18700, 2221257, 0, 0, 0
18800, 2253429, 0, 0, 0
18900, 2350179, 0, 0, 0
19000, 2507301, 0, 0, 0
19100, 2092721, 0, 0, 0
19200, 2438462, 0, 0, 0
19300, 2216965, 0, 0, 0
19400, 2182522, 0, 0, 0
19500, 2212864, 0, 0, 0
19600, 2171671, 0, 0, 0
19700, 2074258, 0, 0, 0
19800, 2250499, 0, 0, 0
19900, 2292022, 0, 0, 0
20000, 2255031, 0, 0, 0
20100, 2287646, 0, 0, 0
20200, 2311088, 0, 0, 0
20300, 2324733, 0, 0, 0
20400, 2296166, 0, 0, 0
20500, 2174740, 0, 0, 0
20600, 2071540, 0, 0, 0
20700, 2213252, 0, 0, 0
20800, 2396609, 0, 0, 0
20900, 2340212, 0, 0, 0
21000, 2459215, 0, 0, 0
21100, 2347641, 0, 0, 0
21200, 2175376, 0, 0, 0
21300, 2375458, 0, 0, 0
21400, 2302847, 0, 0, 0
21500, 2280957, 0, 0, 0
21600, 2353725, 0, 0, 0
21700, 2474552, 0, 0, 0
21800, 2342671, 0, 0, 0
21900, 2706514, 0, 0, 0
22000, 2137263, 0, 0, 0
22100, 2388292, 0, 0, 0
22200, 2362869, 0, 0, 0
22301, 2214838, 0, 0, 0
22400, 2327976, 0, 0, 0
22500, 2386539, 0, 0, 0
22600, 2257751, 0, 0, 0
22700, 2595871, 0, 0, 0
22801, 2337826, 0, 0, 0
22900, 2495362, 0, 0, 0
23000, 2341579, 0, 0, 0
23100, 2076463, 0, 0, 0
23200, 2110290, 0, 0, 0
23300, 2197351, 0, 0, 0
23400, 2144632, 0, 0, 0
23500, 2320966, 0, 0, 0
23600, 2346789, 0, 0, 0
23700, 2297004, 0, 0, 0
23800, 2236481, 0, 0, 0
23900, 2428851, 0, 0, 0
24000, 2200370, 0, 0, 0
24100, 2347695, 0, 0, 0
24200, 2260688, 0, 0, 0
24300, 2469611, 0, 0, 0
24400, 2164629, 0, 0, 0
24500, 2428865, 0, 0, 0
24600, 2611225, 0, 0, 0
24700, 2268836, 0, 0, 0
24800, 2290920, 0, 0, 0
24900, 2303083, 0, 0, 0
25000, 2469116, 0, 0, 0
25100, 2192539, 0, 0, 0
25200, 2341528, 0, 0, 0
25300, 2360025, 0, 0, 0
25400, 2220380, 0, 0, 0
25500, 2373136, 0, 0, 0
25600, 2299091, 0, 0, 0
25700, 2071267, 0, 0, 0
25800, 2332128, 0, 0, 0
25900, 2202350, 0, 0, 0
26000, 2288477, 0, 0, 0
26100, 2180030, 0, 0, 0
26200, 2381518, 0, 0, 0
26300, 2334115, 0, 0, 0
26400, 2084450, 0, 0, 0
26500, 2303992, 0, 0, 0
26600, 2070892, 0, 0, 0
26700, 2246209, 0, 0, 0
26800, 2277890, 0, 0, 0
26900, 2423933, 0, 0, 0
27000, 2313505, 0, 0, 0
27100, 2190235, 0, 0, 0
27200, 2216115, 0, 0, 0
27300, 2292522, 0, 0, 0
27400, 2260466, 0, 0, 0
27500, 2366099, 0, 0, 0
27600, 2313692, 0, 0, 0
27700, 2505455, 0, 0, 0
27800, 2368347, 0, 0, 0
27900, 2292195, 0, 0, 0
28000, 2413814, 0, 0, 0
28100, 2313583, 0, 0, 0
28200, 2188888, 0, 0, 0
28300, 2442604, 0, 0, 0
28400, 2313618, 0, 0, 0
28500, 2470496, 0, 0, 0
28600, 2204287, 0, 0, 0
28700, 2178367, 0, 0, 0
28800, 2117528, 0, 0, 0
28900, 2363063, 0, 0, 0
29000, 2394788, 0, 0, 0
29100, 2199625, 0, 0, 0
29200, 2390560, 0, 0, 0
29300, 2135289, 0, 0, 0
29400, 2611261, 0, 0, 0
29500, 2130532, 0, 0, 0
29600, 2293762, 0, 0, 0
29700, 2274327, 0, 0, 0
29800, 2381473, 0, 0, 0
29900, 2199643, 0, 0, 0
30000, 2492070, 0, 0, 0
30100, 2289091, 0, 0, 0
30200, 2206161, 0, 0, 0
30300, 2170753, 0, 0, 0
30400, 2384017, 0, 0, 0
30500, 2373455, 0, 0, 0
30600, 2299737, 0, 0, 0
30700, 2455308, 0, 0, 0
30800, 2098978, 0, 0, 0
30900, 2576102, 0, 0, 0
31000, 2443095, 0, 0, 0
31100, 2287824, 0, 0, 0
31200, 2375758, 0, 0, 0
31300, 2203567, 0, 0, 0
31400, 2399523, 0, 0, 0
31500, 2414404, 0, 0, 0
31600, 2304540, 0, 0, 0
31700, 2151978, 0, 0, 0
31800, 2281935, 0, 0, 0
31900, 2067057, 0, 0, 0
32000, 2393584, 0, 0, 0
32100, 2210276, 0, 0, 0
32200, 2455333, 0, 0, 0
32300, 2218846, 0, 0, 0
32400, 2399808, 0, 0, 0
32500, 2174391, 0, 0, 0
32600, 2287552, 0, 0, 0
32700, 2250404, 0, 0, 0
32800, 2305246, 0, 0, 0
32900, 2327556, 0, 0, 0
33000, 2329402, 0, 0, 0
33100, 2191375, 0, 0, 0
33200, 2211798, 0, 0, 0
33300, 2344187, 0, 0, 0
33400, 2219978, 0, 0, 0
33500, 2194214, 0, 0, 0
33600, 2298153, 0, 0, 0
33700, 2288635, 0, 0, 0
33800, 2274853, 0, 0, 0
33900, 2330279, 0, 0, 0
34000, 2209539, 0, 0, 0
34100, 2317605, 0, 0, 0
34200, 2289639, 0, 0, 0
34300, 2241527, 0, 0, 0
34400, 2603588, 0, 0, 0
34500, 2238697, 0, 0, 0
34600, 2164503, 0, 0, 0
34700, 2184930, 0, 0, 0
34800, 2351213, 0, 0, 0
34900, 2285723, 0, 0, 0
35000, 2160373, 0, 0, 0
35100, 2397523, 0, 0, 0
35200, 2396616, 0, 0, 0
35300, 2299220, 0, 0, 0
35400, 2459210, 0, 0, 0
35500, 2206464, 0, 0, 0
35600, 2204708, 0, 0, 0
35700, 2349627, 0, 0, 0
35800, 2303426, 0, 0, 0
35900, 2327352, 0, 0, 0
36000, 2212735, 0, 0, 0
36100, 2319283, 0, 0, 0
36200, 2160746, 0, 0, 0
36300, 2231650, 0, 0, 0
36401, 2305077, 0, 0, 0
36500, 2341967, 0, 0, 0
36600, 2363365, 0, 0, 0
36700, 2224242, 0, 0, 0
36800, 2248749, 0, 0, 0
36900, 2101605, 0, 0, 0
37000, 2184420, 0, 0, 0
37100, 2444078, 0, 0, 0
37200, 2069965, 0, 0, 0
37300, 2462674, 0, 0, 0
37400, 2105057, 0, 0, 0
37500, 2067052, 0, 0, 0
37600, 2165035, 0, 0, 0
37700, 2258328, 0, 0, 0
37800, 2206519, 0, 0, 0
37900, 2158311, 0, 0, 0
38000, 2463280, 0, 0, 0
38100, 2273723, 0, 0, 0
38200, 2124414, 0, 0, 0
38300, 2376261, 0, 0, 0
38400, 2280506, 0, 0, 0
38500, 2464542, 0, 0, 0
38600, 2257340, 0, 0, 0
38700, 2363609, 0, 0, 0
38800, 2432425, 0, 0, 0
38900, 2239918, 0, 0, 0
39000, 2108242, 0, 0, 0
39100, 2368082, 0, 0, 0
39200, 2150528, 0, 0, 0
39300, 2176011, 0, 0, 0
39400, 2286273, 0, 0, 0
39500, 2191433, 0, 0, 0
39600, 2159182, 0, 0, 0
39700, 2421871, 0, 0, 0
39800, 2163724, 0, 0, 0
39900, 2156864, 0, 0, 0
40000, 2179408, 0, 0, 0
40100, 2315562, 0, 0, 0
40200, 2134378, 0, 0, 0
40300, 2184038, 0, 0, 0
40400, 2110414, 0, 0, 0
40500, 2263643, 0, 0, 0
40600, 2275084, 0, 0, 0
40700, 2472533, 0, 0, 0
40800, 2251926, 0, 0, 0
40900, 2198343, 0, 0, 0
41000, 2442627, 0, 0, 0
41100, 2622669, 0, 0, 0
41200, 2248331, 0, 0, 0
41300, 2157786, 0, 0, 0
41400, 2215472, 0, 0, 0
41500, 2084324, 0, 0, 0
41600, 2368027, 0, 0, 0
41700, 2245254, 0, 0, 0
41800, 2352087, 0, 0, 0
41900, 2470221, 0, 0, 0
42000, 2119129, 0, 0, 0
42100, 2010925, 0, 0, 0
42200, 2368221, 0, 0, 0
42300, 2263436, 0, 0, 0
42400, 2124071, 0, 0, 0
42500, 2231955, 0, 0, 0
42600, 2234176, 0, 0, 0
42700, 2424783, 0, 0, 0
42800, 2284617, 0, 0, 0
42900, 2207133, 0, 0, 0
43000, 2190169, 0, 0, 0
43100, 2109765, 0, 0, 0
43200, 2246978, 0, 0, 0
43300, 2158696, 0, 0, 0
43400, 2051453, 0, 0, 0
43500, 2250254, 0, 0, 0
43600, 2259809, 0, 0, 0
43700, 2362233, 0, 0, 0
43800, 2230710, 0, 0, 0
43900, 2236958, 0, 0, 0
44000, 2219008, 0, 0, 0
44100, 2375596, 0, 0, 0
44200, 2180308, 0, 0, 0
44300, 2220811, 0, 0, 0
44400, 2366390, 0, 0, 0
44500, 2375673, 0, 0, 0
44600, 2359211, 0, 0, 0
44700, 2394952, 0, 0, 0
44800, 2327064, 0, 0, 0
44900, 2219281, 0, 0, 0
45000, 2007481, 0, 0, 0
45100, 2195659, 0, 0, 0
45200, 2258809, 0, 0, 0
45300, 2478675, 0, 0, 0
45400, 2245135, 0, 0, 0
45500, 2319819, 0, 0, 0
45600, 2159880, 0, 0, 0
45700, 2382057, 0, 0, 0
45800, 2374186, 0, 0, 0
45900, 2136630, 0, 0, 0
46000, 2492364, 0, 0, 0
46100, 2433325, 0, 0, 0
46200, 2158605, 0, 0, 0
46300, 2193802, 0, 0, 0
46400, 2389824, 0, 0, 0
46500, 2374768, 0, 0, 0
46600, 2309325, 0, 0, 0
46700, 2200823, 0, 0, 0
46800, 2184898, 0, 0, 0
46900, 2395750, 0, 0, 0
47000, 2228072, 0, 0, 0
47100, 2358998, 0, 0, 0
47200, 2203876, 0, 0, 0
47300, 2281645, 0, 0, 0
47400, 2534473, 0, 0, 0
47500, 2128430, 0, 0, 0
47600, 2358283, 0, 0, 0
47700, 2487742, 0, 0, 0
47800, 2089213, 0, 0, 0
47900, 2263445, 0, 0, 0
48000, 2216647, 0, 0, 0
48100, 2530369, 0, 0, 0
48200, 2281934, 0, 0, 0
48300, 2142661, 0, 0, 0
48400, 2174880, 0, 0, 0
48500, 2312905, 0, 0, 0
48600, 2275165, 0, 0, 0
48700, 2100052, 0, 0, 0
48800, 2063060, 0, 0, 0
48900, 2167800, 0, 0, 0
49000, 2011355, 0, 0, 0
49100, 2349984, 0, 0, 0
49200, 2291666, 0, 0, 0
49300, 2330423, 0, 0, 0
49400, 2273606, 0, 0, 0
49500, 2295194, 0, 0, 0
49600, 2173666, 0, 0, 0
49700, 2562416, 0, 0, 0
49800, 2237146, 0, 0, 0
49900, 2011607, 0, 0, 0
50000, 2427976, 0, 0, 0
50100, 2539448, 0, 0, 0
50200, 2172175, 0, 0, 0
50300, 2138211, 0, 0, 0
50400, 2453641, 0, 0, 0
50500, 2195935, 0, 0, 0
50600, 2223633, 0, 0, 0
50700, 2049941, 0, 0, 0
50800, 2096616, 0, 0, 0
50900, 2262726, 0, 0, 0
51000, 2120559, 0, 0, 0
51100, 2158767, 0, 0, 0
51200, 2267433, 0, 0, 0
51300, 2174500, 0, 0, 0
51400, 2392445, 0, 0, 0
51500, 2272572, 0, 0, 0
51600, 2136320, 0, 0, 0
51700, 2099509, 0, 0, 0
51800, 2253979, 0, 0, 0
51900, 2243211, 0, 0, 0
52000, 2163028, 0, 0, 0
52100, 2323130, 0, 0, 0
52200, 2090059, 0, 0, 0
52300, 2346782, 0, 0, 0
52400, 2471475, 0, 0, 0
52500, 2407475, 0, 0, 0
52600, 2237279, 0, 0, 0
52700, 2311842, 0, 0, 0
52800, 2138361, 0, 0, 0
52900, 2241272, 0, 0, 0
53000, 2346808, 0, 0, 0
53100, 2198881, 0, 0, 0
53200, 2125276, 0, 0, 0
53300, 2447950, 0, 0, 0
53400, 2473023, 0, 0, 0
53500, 2376493, 0, 0, 0
53600, 2333015, 0, 0, 0
53700, 2232630, 0, 0, 0
53800, 2213938, 0, 0, 0
53900, 2537263, 0, 0, 0
54000, 2410976, 0, 0, 0
54100, 2188252, 0, 0, 0
54200, 2387358, 0, 0, 0
54300, 2300001, 0, 0, 0
54400, 2147992, 0, 0, 0
54500, 2294384, 0, 0, 0
54600, 2337303, 0, 0, 0
54700, 2459198, 0, 0, 0
54800, 2091977, 0, 0, 0
54900, 2034928, 0, 0, 0
55000, 2450517, 0, 0, 0
55100, 2330436, 0, 0, 0
55200, 2296974, 0, 0, 0
55300, 2222461, 0, 0, 0
55400, 2404787, 0, 0, 0
55500, 2210289, 0, 0, 0
55600, 2412038, 0, 0, 0
55700, 2503368, 0, 0, 0
55800, 2295230, 0, 0, 0
55900, 2149508, 0, 0, 0
56000, 2133491, 0, 0, 0
56100, 2326790, 0, 0, 0
56200, 2230394, 0, 0, 0
56300, 2281749, 0, 0, 0
56400, 2287729, 0, 0, 0
56500, 2157337, 0, 0, 0
56600, 2433943, 0, 0, 0
56700, 2170650, 0, 0, 0
56800, 2441432, 0, 0, 0
56900, 2384273, 0, 0, 0
57000, 2095448, 0, 0, 0
57100, 2337016, 0, 0, 0
57200, 2057091, 0, 0, 0
57300, 2261334, 0, 0, 0
57400, 2264841, 0, 0, 0
57500, 2383475, 0, 0, 0
57600, 2162201, 0, 0, 0
57700, 2460262, 0, 0, 0
57800, 2144066, 0, 0, 0
57900, 2216998, 0, 0, 0
58000, 2388353, 0, 0, 0
58100, 2104984, 0, 0, 0
58200, 2032316, 0, 0, 0
58300, 2345667, 0, 0, 0
58400, 2407107, 0, 0, 0
58500, 2547906, 0, 0, 0
58600, 2243653, 0, 0, 0
58700, 2138463, 0, 0, 0
58800, 2183146, 0, 0, 0
58900, 2279681, 0, 0, 0
59000, 2121262, 0, 0, 0
59100, 2181405, 0, 0, 0
59200, 2359223, 0, 0, 0
59300, 2218930, 0, 0, 0
59400, 2282957, 0, 0, 0
59500, 2238895, 0, 0, 0
59600, 2030192, 0, 0, 0
59700, 2238954, 0, 0, 0
59800, 2181299, 0, 0, 0
59900, 2216678, 0, 0, 0
60000, 2289732, 0, 0, 0
60100, 2389770, 0, 0, 0
60200, 2412115, 0, 0, 0
60300, 2291460, 0, 0, 0
60400, 2226443, 0, 0, 0
60500, 2485302, 0, 0, 0
60600, 2292057, 0, 0, 0
60700, 2133035, 0, 0, 0
60800, 2136986, 0, 0, 0
60900, 2133529, 0, 0, 0
61000, 2109304, 0, 0, 0
61100, 2444988, 0, 0, 0
61200, 2110082, 0, 0, 0
61300, 2219170, 0, 0, 0
61400, 2079436, 0, 0, 0
61500, 2154169, 0, 0, 0
61600, 2276030, 0, 0, 0
61700, 2280287, 0, 0, 0
61800, 2583575, 0, 0, 0
61900, 2046190, 0, 0, 0
62000, 2248259, 0, 0, 0
62100, 2266376, 0, 0, 0
62200, 2395210, 0, 0, 0
62300, 2304624, 0, 0, 0
62400, 2226579, 0, 0, 0
62500, 2194382, 0, 0, 0
62600, 2170448, 0, 0, 0
62700, 2264515, 0, 0, 0
62800, 2328129, 0, 0, 0
62900, 2298042, 0, 0, 0
63000, 2070216, 0, 0, 0
63100, 2300213, 0, 0, 0
63200, 2176471, 0, 0, 0
63300, 2269545, 0, 0, 0
63400, 2558017, 0, 0, 0
63500, 2045894, 0, 0, 0
63600, 2227583, 0, 0, 0
63700, 2437853, 0, 0, 0
63800, 2261267, 0, 0, 0
63900, 2249129, 0, 0, 0
64000, 2169495, 0, 0, 0
64100, 2220776, 0, 0, 0
64200, 2191381, 0, 0, 0
64300, 2414135, 0, 0, 0
64400, 2373525, 0, 0, 0
64500, 2286308, 0, 0, 0
64600, 2091127, 0, 0, 0
64700, 2295204, 0, 0, 0
64800, 2115637, 0, 0, 0
64900, 2385528, 0, 0, 0
65000, 2210371, 0, 0, 0
65100, 2177174, 0, 0, 0
65200, 2225638, 0, 0, 0
65300, 2808741, 0, 0, 0
65400, 2245499, 0, 0, 0
65500, 2339266, 0, 0, 0
65600, 2297098, 0, 0, 0
65700, 2361358, 0, 0, 0
65800, 2313172, 0, 0, 0
65900, 2257802, 0, 0, 0
66000, 2505431, 0, 0, 0
66100, 2149870, 0, 0, 0
66200, 2193498, 0, 0, 0
66300, 2315852, 0, 0, 0
66400, 2250769, 0, 0, 0
66500, 2245446, 0, 0, 0
66600, 2196957, 0, 0, 0
66700, 2398825, 0, 0, 0
66800, 2245179, 0, 0, 0
66900, 2163381, 0, 0, 0
67000, 2183427, 0, 0, 0
67100, 2184017, 0, 0, 0
67200, 2416430, 0, 0, 0
67300, 2503938, 0, 0, 0
67400, 2087433, 0, 0, 0
67500, 2100548, 0, 0, 0
67600, 2270244, 0, 0, 0
67700, 2069605, 0, 0, 0
67800, 2213782, 0, 0, 0
67900, 2268727, 0, 0, 0
68000, 2364683, 0, 0, 0
68100, 2426020, 0, 0, 0
68200, 2195259, 0, 0, 0
68300, 2392729, 0, 0, 0
68400, 2439914, 0, 0, 0
68500, 2162661, 0, 0, 0
68600, 2205741, 0, 0, 0
68700, 2542889, 0, 0, 0
68800, 2261031, 0, 0, 0
68900, 2358327, 0, 0, 0
69000, 2255168, 0, 0, 0
69100, 2296374, 0, 0, 0
69200, 2318893, 0, 0, 0
69300, 2184729, 0, 0, 0
69400, 2273105, 0, 0, 0
69500, 2633056, 0, 0, 0
69600, 2360417, 0, 0, 0
69700, 2251579, 0, 0, 0
69800, 2086799, 0, 0, 0
69900, 2257014, 0, 0, 0
70000, 2195702, 0, 0, 0
70100, 2158449, 0, 0, 0
70200, 2109144, 0, 0, 0
70300, 2337032, 0, 0, 0
70400, 2381780, 0, 0, 0
70500, 2332611, 0, 0, 0
70600, 2257259, 0, 0, 0
70700, 2331047, 0, 0, 0
70800, 2347456, 0, 0, 0
70900, 2365652, 0, 0, 0
71000, 2468951, 0, 0, 0
71100, 2364575, 0, 0, 0
71200, 2565981, 0, 0, 0
71300, 2299779, 0, 0, 0
71400, 2247564, 0, 0, 0
71500, 2189025, 0, 0, 0
71600, 2351616, 0, 0, 0
71700, 2092290, 0, 0, 0
71800, 2273606, 0, 0, 0
71900, 2240457, 0, 0, 0
72000, 2325596, 0, 0, 0
72100, 2143518, 0, 0, 0
72200, 2550439, 0, 0, 0
72300, 1988281, 0, 0, 0
72400, 2097276, 0, 0, 0
72500, 2369627, 0, 0, 0
72600, 2326145, 0, 0, 0
72701, 2331827, 0, 0, 0
72800, 2118136, 0, 0, 0
72900, 2105578, 0, 0, 0
73000, 2433444, 0, 0, 0
73100, 2384205, 0, 0, 0
73200, 2222391, 0, 0, 0
73300, 2254853, 0, 0, 0
73400, 2332235, 0, 0, 0
73500, 2127266, 0, 0, 0
73600, 2398889, 0, 0, 0
73700, 2333180, 0, 0, 0
73800, 2429584, 0, 0, 0
73900, 2262493, 0, 0, 0
74000, 2361563, 0, 0, 0
74100, 2187519, 0, 0, 0
74200, 2318291, 0, 0, 0
74300, 2181724, 0, 0, 0
74400, 2153745, 0, 0, 0
74500, 2184422, 0, 0, 0
74600, 2098557, 0, 0, 0
74700, 2078854, 0, 0, 0
74800, 2469511, 0, 0, 0
74900, 2511526, 0, 0, 0
75000, 2223327, 0, 0, 0
75100, 2418115, 0, 0, 0
75200, 2394898, 0, 0, 0
75300, 2359653, 0, 0, 0
75400, 2304153, 0, 0, 0
75500, 2365011, 0, 0, 0
75600, 2375076, 0, 0, 0
75700, 2260437, 0, 0, 0
75800, 2040038, 0, 0, 0
75900, 2239421, 0, 0, 0
76000, 2164132, 0, 0, 0
76100, 2172680, 0, 0, 0
76200, 2337506, 0, 0, 0
76300, 2419347, 0, 0, 0
76400, 2403199, 0, 0, 0
76500, 2299308, 0, 0, 0
76600, 2083286, 0, 0, 0
76700, 2499403, 0, 0, 0
76800, 2314527, 0, 0, 0
76900, 2511019, 0, 0, 0
77000, 2222970, 0, 0, 0
77100, 2516501, 0, 0, 0
77200, 2251190, 0, 0, 0
77300, 2262207, 0, 0, 0
77400, 2145645, 0, 0, 0
77500, 2314909, 0, 0, 0
77600, 2496166, 0, 0, 0
77700, 2333551, 0, 0, 0
77800, 2181462, 0, 0, 0
77900, 2174525, 0, 0, 0
78000, 2224756, 0, 0, 0
78100, 2246636, 0, 0, 0
78200, 2084188, 0, 0, 0
78300, 2197001, 0, 0, 0
78400, 2205156, 0, 0, 0
78500, 2457240, 0, 0, 0
78600, 2145122, 0, 0, 0
78700, 2165643, 0, 0, 0
78800, 2305207, 0, 0, 0
78900, 2144547, 0, 0, 0
79000, 2239936, 0, 0, 0
79100, 2091233, 0, 0, 0
79200, 2455918, 0, 0, 0
79300, 2408021, 0, 0, 0
79400, 2206214, 0, 0, 0
79500, 2438588, 0, 0, 0
79600, 2179370, 0, 0, 0
79700, 2197994, 0, 0, 0
79800, 2264702, 0, 0, 0
79900, 2151114, 0, 0, 0
80000, 2424946, 0, 0, 0
80100, 2351168, 0, 0, 0
80200, 2422927, 0, 0, 0
80300, 2271678, 0, 0, 0
80400, 2306979, 0, 0, 0
80500, 2479517, 0, 0, 0
80600, 2337232, 0, 0, 0
80700, 2123850, 0, 0, 0
80800, 2179100, 0, 0, 0
80900, 2348569, 0, 0, 0
81000, 2105634, 0, 0, 0
81100, 2074228, 0, 0, 0
81200, 2272582, 0, 0, 0
81300, 2229367, 0, 0, 0
81400, 2355593, 0, 0, 0
81500, 2069817, 0, 0, 0
81600, 2218111, 0, 0, 0
81700, 2214630, 0, 0, 0
81800, 2178131, 0, 0, 0
81900, 2210181, 0, 0, 0
82000, 2379338, 0, 0, 0
82100, 2423210, 0, 0, 0
82200, 2338875, 0, 0, 0
82300, 2564411, 0, 0, 0
82400, 2304694, 0, 0, 0
82500, 2389077, 0, 0, 0
82600, 2099099, 0, 0, 0
82700, 2468129, 0, 0, 0
82800, 2135306, 0, 0, 0
82900, 2214040, 0, 0, 0
83000, 2417818, 0, 0, 0
83100, 2422857, 0, 0, 0
83200, 2502290, 0, 0, 0
83300, 2425709, 0, 0, 0
83400, 2534039, 0, 0, 0
83500, 2103818, 0, 0, 0
83600, 2248628, 0, 0, 0
83700, 2134272, 0, 0, 0
83800, 2324585, 0, 0, 0
83900, 2229161, 0, 0, 0
84000, 2512889, 0, 0, 0
84100, 2267955, 0, 0, 0
84200, 2386901, 0, 0, 0
84300, 2352246, 0, 0, 0
84400, 2213907, 0, 0, 0
84500, 2391949, 0, 0, 0
84600, 2393346, 0, 0, 0
84700, 2098683, 0, 0, 0
84800, 2238486, 0, 0, 0
84900, 2155870, 0, 0, 0
85000, 2345503, 0, 0, 0
85100, 2201823, 0, 0, 0
85200, 2185409, 0, 0, 0
85300, 2210647, 0, 0, 0
85400, 2345815, 0, 0, 0
85500, 2175150, 0, 0, 0
85600, 2238277, 0, 0, 0
85700, 2179959, 0, 0, 0
85800, 2117429, 0, 0, 0
85900, 2190773, 0, 0, 0
86000, 2387817, 0, 0, 0
86100, 2132368, 0, 0, 0
86200, 2305102, 0, 0, 0
86300, 2362957, 0, 0, 0
86400, 2475426, 0, 0, 0
86500, 2297256, 0, 0, 0
86600, 2277664, 0, 0, 0
86700, 2303124, 0, 0, 0
86800, 2194976, 0, 0, 0
86900, 2303424, 0, 0, 0
87000, 2321072, 0, 0, 0
87100, 2138977, 0, 0, 0
87200, 2148038, 0, 0, 0
87300, 2399044, 0, 0, 0
87400, 2093116, 0, 0, 0
87500, 2335473, 0, 0, 0
87600, 2348235, 0, 0, 0
87700, 2324603, 0, 0, 0
87800, 2434309, 0, 0, 0
87900, 2311906, 0, 0, 0
88000, 2234685, 0, 0, 0
88100, 2257109, 0, 0, 0
88200, 2195659, 0, 0, 0
88300, 2456199, 0, 0, 0
88400, 1986984, 0, 0, 0
88500, 2236815, 0, 0, 0
88600, 1997278, 0, 0, 0
88700, 2152392, 0, 0, 0
88800, 2399328, 0, 0, 0
88900, 2047376, 0, 0, 0
89000, 2262696, 0, 0, 0
89100, 2293054, 0, 0, 0
89200, 2386800, 0, 0, 0
89300, 2175778, 0, 0, 0
89400, 2356187, 0, 0, 0
89500, 2270199, 0, 0, 0
89600, 2209493, 0, 0, 0
89700, 2302170, 0, 0, 0
89800, 2159896, 0, 0, 0
89900, 2165083, 0, 0, 0
90000, 2179018, 0, 0, 0
90002, 4258414, 0, 0, 0
