106, 7117634, 0, 0, 0
205, 8206718, 0, 0, 0
306, 7759527, 0, 0, 0
401, 7279555, 0, 0, 0
503, 7328347, 0, 0, 0
607, 7369437, 0, 0, 0
701, 7271507, 0, 0, 0
800, 7628286, 0, 0, 0
911, 8513158, 0, 0, 0
1006, 7867927, 0, 0, 0
1102, 8755022, 0, 0, 0
1201, 8267308, 0, 0, 0
1302, 8385288, 0, 0, 0
1402, 7142199, 0, 0, 0
1505, 7885689, 0, 0, 0
1601, 7430450, 0, 0, 0
1703, 7279079, 0, 0, 0
1800, 8083695, 0, 0, 0
1903, 7347083, 0, 0, 0
2003, 8325101, 0, 0, 0
2105, 7817635, 0, 0, 0
2200, 7308596, 0, 0, 0
2303, 8615416, 0, 0, 0
2401, 8147060, 0, 0, 0
2502, 7755483, 0, 0, 0
2608, 8155439, 0, 0, 0
2702, 9381813, 0, 0, 0
2800, 8186110, 0, 0, 0
2905, 9489028, 0, 0, 0
3005, 8381995, 0, 0, 0
3102, 8073114, 0, 0, 0
3204, 7842130, 0, 0, 0
3300, 8683338, 0, 0, 0
3407, 8889788, 0, 0, 0
3506, 8290493, 0, 0, 0
3601, 7921721, 0, 0, 0
3704, 7911840, 0, 0, 0
3803, 8198009, 0, 0, 0
3902, 8266741, 0, 0, 0
4003, 7798772, 0, 0, 0
4102, 7571215, 0, 0, 0
4202, 8330381, 0, 0, 0
4301, 7616822, 0, 0, 0
4401, 7704783, 0, 0, 0
4502, 6734493, 0, 0, 0
4603, 8379657, 0, 0, 0
4704, 7814689, 0, 0, 0
4810, 9574969, 0, 0, 0
4905, 7905256, 0, 0, 0
5002, 7447215, 0, 0, 0
5104, 7885210, 0, 0, 0
5200, 8745515, 0, 0, 0
5304, 8652865, 0, 0, 0
5400, 7378846, 0, 0, 0
5504, 8667745, 0, 0, 0
5605, 7161809, 0, 0, 0
5702, 7483660, 0, 0, 0
5806, 8626872, 0, 0, 0
5903, 6919701, 0, 0, 0
6005, 7842712, 0, 0, 0
6105, 7716163, 0, 0, 0
6203, 8187155, 0, 0, 0
6305, 7232258, 0, 0, 0
6409, 7442937, 0, 0, 0
6503, 7884380, 0, 0, 0
6600, 8758246, 0, 0, 0
6704, 8004184, 0, 0, 0
6807, 7336778, 0, 0, 0
6903, 8020250, 0, 0, 0
7002, 7615606, 0, 0, 0
7104, 7311749, 0, 0, 0
7200, 7952514, 0, 0, 0
7303, 7372875, 0, 0, 0
7408, 8759651, 0, 0, 0
7506, 8162293, 0, 0, 0
7603, 8070839, 0, 0, 0
7700, 8825052, 0, 0, 0
7806, 8809994, 0, 0, 0
7901, 7873507, 0, 0, 0
8006, 8101474, 0, 0, 0
8101, 9481223, 0, 0, 0
8202, 8420305, 0, 0, 0
8308, 8162592, 0, 0, 0
8401, 7714498, 0, 0, 0
8503, 7300396, 0, 0, 0
8603, 7681837, 0, 0, 0
8705, 7851782, 0, 0, 0
8805, 7665093, 0, 0, 0
8904, 8260500, 0, 0, 0
9002, 8155620, 0, 0, 0
9104, 7872534, 0, 0, 0
9201, 8831134, 0, 0, 0
9301, 8321219, 0, 0, 0
9408, 8202206, 0, 0, 0
9507, 7612886, 0, 0, 0
9607, 7661392, 0, 0, 0
9706, 8243918, 0, 0, 0
9802, 8034397, 0, 0, 0
9900, 8120671, 0, 0, 0
10005, 7047281, 0, 0, 0
10106, 7753666, 0, 0, 0
10206, 7086373, 0, 0, 0
10300, 8591697, 0, 0, 0
10405, 8071057, 0, 0, 0
10501, 7380457, 0, 0, 0
10605, 7421123, 0, 0, 0
10703, 7003998, 0, 0, 0
10803, 8295850, 0, 0, 0
10900, 7499282, 0, 0, 0
11006, 7534535, 0, 0, 0
11106, 8344894, 0, 0, 0
11200, 7198974, 0, 0, 0
11302, 7305873, 0, 0, 0
11403, 7747641, 0, 0, 0
11507, 7986480, 0, 0, 0
11603, 8011099, 0, 0, 0
11700, 8108681, 0, 0, 0
11805, 8718058, 0, 0, 0
11901, 6871013, 0, 0, 0
12002, 7163887, 0, 0, 0
12100, 8941948, 0, 0, 0
12207, 7655194, 0, 0, 0
12302, 7850731, 0, 0, 0
12406, 8001870, 0, 0, 0
12500, 8557532, 0, 0, 0
12604, 8013265, 0, 0, 0
12706, 7858084, 0, 0, 0
12809, 8562630, 0, 0, 0
12904, 7303399, 0, 0, 0
13005, 7772290, 0, 0, 0
13101, 7365762, 0, 0, 0
13201, 8333431, 0, 0, 0
13305, 8017657, 0, 0, 0
13404, 8929529, 0, 0, 0
13508, 7437816, 0, 0, 0
13602, 8541028, 0, 0, 0
13703, 8433869, 0, 0, 0
13806, 8567151, 0, 0, 0
13900, 7238947, 0, 0, 0
14006, 7575207, 0, 0, 0
14104, 6989291, 0, 0, 0
14205, 7174281, 0, 0, 0
14311, 8172387, 0, 0, 0
14406, 7318199, 0, 0, 0
14505, 8249242, 0, 0, 0
14600, 6797718, 0, 0, 0
14706, 8097575, 0, 0, 0
14803, 9703583, 0, 0, 0
14901, 7532560, 0, 0, 0
15000, 8219427, 0, 0, 0
15101, 8433224, 0, 0, 0
15201, 7686497, 0, 0, 0
15305, 6925216, 0, 0, 0
15405, 7723130, 0, 0, 0
15502, 7421502, 0, 0, 0
15601, 7612269, 0, 0, 0
15702, 7800654, 0, 0, 0
15801, 8259375, 0, 0, 0
15911, 8449605, 0, 0, 0
16000, 8078963, 0, 0, 0
16104, 8636760, 0, 0, 0
16200, 7418865, 0, 0, 0
16303, 8516307, 0, 0, 0
16404, 7806611, 0, 0, 0
16510, 8156450, 0, 0, 0
16602, 7655155, 0, 0, 0
16707, 8035788, 0, 0, 0
16805, 8209944, 0, 0, 0
16903, 7476518, 0, 0, 0
17001, 7569104, 0, 0, 0
17105, 7448448, 0, 0, 0
17205, 7143035, 0, 0, 0
17306, 7174154, 0, 0, 0
17400, 7825753, 0, 0, 0
17504, 8026723, 0, 0, 0
17604, 8331272, 0, 0, 0
17705, 7751088, 0, 0, 0
17802, 8055478, 0, 0, 0
17910, 8296764, 0, 0, 0
18002, 7080389, 0, 0, 0
18101, 7622266, 0, 0, 0
18202, 7742282, 0, 0, 0
18307, 7005341, 0, 0, 0
18406, 8286237, 0, 0, 0
18504, 7006107, 0, 0, 0
18601, 6896350, 0, 0, 0
18707, 7547704, 0, 0, 0
18801, 8545203, 0, 0, 0
18902, 7791233, 0, 0, 0
19005, 7354629, 0, 0, 0
19108, 7901500, 0, 0, 0
19201, 7718789, 0, 0, 0
19301, 7718607, 0, 0, 0
19403, 7292851, 0, 0, 0
19504, 8382168, 0, 0, 0
19606, 7295279, 0, 0, 0
19701, 7292136, 0, 0, 0
19803, 7288935, 0, 0, 0
19905, 7301627, 0, 0, 0
20003, 7523046, 0, 0, 0
20101, 7484680, 0, 0, 0
20205, 6982118, 0, 0, 0
20302, 8054511, 0, 0, 0
20405, 7381673, 0, 0, 0
20503, 8137808, 0, 0, 0
20601, 7536935, 0, 0, 0
20705, 7423905, 0, 0, 0
20808, 7887838, 0, 0, 0
20904, 7359190, 0, 0, 0
21005, 7816030, 0, 0, 0
21107, 7258488, 0, 0, 0
21205, 7529732, 0, 0, 0
21305, 7702291, 0, 0, 0
21402, 7435440, 0, 0, 0
21504, 7893918, 0, 0, 0
21603, 8192974, 0, 0, 0
21705, 8519505, 0, 0, 0
21803, 7523580, 0, 0, 0
21902, 7594685, 0, 0, 0
22002, 7680494, 0, 0, 0
22103, 7832072, 0, 0, 0
22202, 7599274, 0, 0, 0
22301, 7566003, 0, 0, 0
22406, 6999132, 0, 0, 0
22504, 7549456, 0, 0, 0
22604, 7116221, 0, 0, 0
22702, 8181363, 0, 0, 0
22807, 8044887, 0, 0, 0
22902, 7361509, 0, 0, 0
23005, 7334615, 0, 0, 0
23110, 8056973, 0, 0, 0
23204, 7869671, 0, 0, 0
23301, 8037933, 0, 0, 0
23405, 7992703, 0, 0, 0
23503, 7551102, 0, 0, 0
23606, 7887021, 0, 0, 0
23710, 8701016, 0, 0, 0
23806, 8031432, 0, 0, 0
23902, 7938007, 0, 0, 0
24001, 7592976, 0, 0, 0
24106, 7496196, 0, 0, 0
24211, 7498877, 0, 0, 0
24300, 8104003, 0, 0, 0
24405, 7494984, 0, 0, 0
24508, 7901164, 0, 0, 0
24601, 7158045, 0, 0, 0
24702, 7264640, 0, 0, 0
24800, 8147327, 0, 0, 0
24903, 7327709, 0, 0, 0
25004, 9163229, 0, 0, 0
25101, 8103209, 0, 0, 0
25203, 7299165, 0, 0, 0
25301, 8118572, 0, 0, 0
25402, 7772295, 0, 0, 0
25505, 8598965, 0, 0, 0
25608, 7894170, 0, 0, 0
25701, 8451170, 0, 0, 0
25808, 8253707, 0, 0, 0
25905, 8079482, 0, 0, 0
26000, 7868896, 0, 0, 0
26106, 8144867, 0, 0, 0
26206, 10049336, 0, 0, 0
26311, 8031868, 0, 0, 0
26403, 7699881, 0, 0, 0
26504, 9178088, 0, 0, 0
26605, 7237040, 0, 0, 0
26707, 7227825, 0, 0, 0
26807, 7706057, 0, 0, 0
26901, 8558941, 0, 0, 0
27002, 7743331, 0, 0, 0
27106, 8004148, 0, 0, 0
27204, 7009599, 0, 0, 0
27301, 7442149, 0, 0, 0
27403, 7858361, 0, 0, 0
27505, 7254996, 0, 0, 0
27602, 7490812, 0, 0, 0
27702, 8297256, 0, 0, 0
27804, 9319668, 0, 0, 0
27904, 7069878, 0, 0, 0
28003, 7654472, 0, 0, 0
28105, 8453402, 0, 0, 0
28211, 8864867, 0, 0, 0
28300, 8044373, 0, 0, 0
28403, 7928805, 0, 0, 0
28504, 7256149, 0, 0, 0
28603, 7618667, 0, 0, 0
28706, 7916586, 0, 0, 0
28805, 7598085, 0, 0, 0
28903, 8154051, 0, 0, 0
29002, 7040427, 0, 0, 0
29100, 8203927, 0, 0, 0
29200, 7107414, 0, 0, 0
29306, 7566162, 0, 0, 0
29401, 7313190, 0, 0, 0
29506, 7535446, 0, 0, 0
29606, 9942304, 0, 0, 0
29709, 7893445, 0, 0, 0
29805, 7394423, 0, 0, 0
29902, 8055478, 0, 0, 0
30006, 8039367, 0, 0, 0
30102, 7978721, 0, 0, 0
30207, 8103859, 0, 0, 0
30303, 7984245, 0, 0, 0
30404, 7744628, 0, 0, 0
30501, 7469941, 0, 0, 0
30608, 8913957, 0, 0, 0
30704, 7378193, 0, 0, 0
30806, 8464201, 0, 0, 0
30901, 7901286, 0, 0, 0
31005, 8023379, 0, 0, 0
31102, 8043810, 0, 0, 0
31200, 7593017, 0, 0, 0
31308, 8935785, 0, 0, 0
31401, 8481687, 0, 0, 0
31500, 7609497, 0, 0, 0
31600, 7667139, 0, 0, 0
31702, 7317856, 0, 0, 0
31803, 7237767, 0, 0, 0
31902, 7586667, 0, 0, 0
32001, 7593296, 0, 0, 0
32101, 7727245, 0, 0, 0
32206, 8060923, 0, 0, 0
32302, 7333989, 0, 0, 0
32403, 7755080, 0, 0, 0
32500, 7457957, 0, 0, 0
32606, 7610926, 0, 0, 0
32700, 7775315, 0, 0, 0
32807, 7650166, 0, 0, 0
32903, 7364632, 0, 0, 0
33000, 7486914, 0, 0, 0
33106, 8135815, 0, 0, 0
33203, 7442054, 0, 0, 0
33301, 7051290, 0, 0, 0
33401, 7654049, 0, 0, 0
33503, 7306243, 0, 0, 0
33601, 7540962, 0, 0, 0
33700, 7601791, 0, 0, 0
33804, 7404530, 0, 0, 0
33905, 7232159, 0, 0, 0
34002, 7431411, 0, 0, 0
34101, 7036706, 0, 0, 0
34200, 8244546, 0, 0, 0
34301, 7206732, 0, 0, 0
34404, 6891278, 0, 0, 0
34506, 7847659, 0, 0, 0
34607, 7772779, 0, 0, 0
34702, 7914412, 0, 0, 0
34800, 7553014, 0, 0, 0
34905, 7457299, 0, 0, 0
35004, 7106026, 0, 0, 0
35102, 6987566, 0, 0, 0
35203, 7723864, 0, 0, 0
35303, 7673972, 0, 0, 0
35407, 6962250, 0, 0, 0
35505, 8137749, 0, 0, 0
35601, 7379432, 0, 0, 0
35705, 6955554, 0, 0, 0
35800, 7916009, 0, 0, 0
35903, 7318210, 0, 0, 0
36005, 7310084, 0, 0, 0
36101, 7340870, 0, 0, 0
36206, 7512775, 0, 0, 0
36301, 7339644, 0, 0, 0
36402, 7150981, 0, 0, 0
36503, 7253839, 0, 0, 0
36607, 7939297, 0, 0, 0
36700, 7219418, 0, 0, 0
36806, 7509454, 0, 0, 0
36901, 6797201, 0, 0, 0
37006, 7010462, 0, 0, 0
37101, 7934357, 0, 0, 0
37204, 7910486, 0, 0, 0
37301, 7450828, 0, 0, 0
37404, 7361527, 0, 0, 0
37502, 7514820, 0, 0, 0
37604, 7247331, 0, 0, 0
37705, 7774787, 0, 0, 0
37801, 7388109, 0, 0, 0
37906, 7466903, 0, 0, 0
38003, 7468914, 0, 0, 0
38102, 8234725, 0, 0, 0
38207, 7507168, 0, 0, 0
38306, 8294110, 0, 0, 0
38401, 8560206, 0, 0, 0
38504, 7931299, 0, 0, 0
38604, 7138301, 0, 0, 0
38705, 7237531, 0, 0, 0
38806, 7193228, 0, 0, 0
38900, 7202455, 0, 0, 0
39003, 6873889, 0, 0, 0
39103, 7707506, 0, 0, 0
39206, 8543778, 0, 0, 0
39305, 7117232, 0, 0, 0
39400, 7291542, 0, 0, 0
39503, 7310067, 0, 0, 0
39603, 7722041, 0, 0, 0
39704, 7740438, 0, 0, 0
39804, 7699426, 0, 0, 0
39902, 7516627, 0, 0, 0
40000, 6999252, 0, 0, 0
40103, 7962227, 0, 0, 0
40205, 7286908, 0, 0, 0
40308, 7873524, 0, 0, 0
40402, 7251507, 0, 0, 0
40501, 6609723, 0, 0, 0
40602, 7778005, 0, 0, 0
40704, 8498216, 0, 0, 0
40803, 7555825, 0, 0, 0
40901, 7547054, 0, 0, 0
41000, 7099218, 0, 0, 0
41100, 7651264, 0, 0, 0
41201, 7787381, 0, 0, 0
41305, 7425719, 0, 0, 0
41401, 7969303, 0, 0, 0
41503, 7845194, 0, 0, 0
41605, 7867510, 0, 0, 0
41705, 8342535, 0, 0, 0
41809, 8618550, 0, 0, 0
41902, 7736804, 0, 0, 0
42005, 9370909, 0, 0, 0
42104, 7616734, 0, 0, 0
42207, 7350435, 0, 0, 0
42301, 8567494, 0, 0, 0
42406, 7483858, 0, 0, 0
42503, 8053322, 0, 0, 0
42604, 7799862, 0, 0, 0
42706, 7278818, 0, 0, 0
42800, 7184963, 0, 0, 0
42906, 7564455, 0, 0, 0
43004, 6993228, 0, 0, 0
43100, 7432804, 0, 0, 0
43203, 7909986, 0, 0, 0
43302, 7626697, 0, 0, 0
43407, 6988427, 0, 0, 0
43502, 6784238, 0, 0, 0
43604, 7246856, 0, 0, 0
43705, 7766791, 0, 0, 0
43807, 7877839, 0, 0, 0
43906, 7038088, 0, 0, 0
44004, 7575389, 0, 0, 0
44102, 7515513, 0, 0, 0
44208, 8117742, 0, 0, 0
44306, 7543561, 0, 0, 0
44411, 8044845, 0, 0, 0
44505, 7835728, 0, 0, 0
44602, 8101786, 0, 0, 0
44705, 7357906, 0, 0, 0
44806, 7722732, 0, 0, 0
44904, 7559472, 0, 0, 0
45004, 7665976, 0, 0, 0
45100, 7375227, 0, 0, 0
45202, 7287017, 0, 0, 0
45300, 8211666, 0, 0, 0
45402, 7791756, 0, 0, 0
45501, 7107777, 0, 0, 0
45603, 8460563, 0, 0, 0
45704, 7765885, 0, 0, 0
45809, 8096182, 0, 0, 0
45903, 8527410, 0, 0, 0
46006, 7349913, 0, 0, 0
46106, 7705542, 0, 0, 0
46203, 8097931, 0, 0, 0
46306, 7882646, 0, 0, 0
46406, 7667538, 0, 0, 0
46509, 8586190, 0, 0, 0
46600, 7595396, 0, 0, 0
46700, 7688488, 0, 0, 0
46802, 7288109, 0, 0, 0
46900, 7521702, 0, 0, 0
47004, 7396076, 0, 0, 0
47106, 7299411, 0, 0, 0
47200, 7831666, 0, 0, 0
47307, 7638555, 0, 0, 0
47408, 8422551, 0, 0, 0
47503, 6785709, 0, 0, 0
47600, 7467918, 0, 0, 0
47704, 8011290, 0, 0, 0
47809, 8723826, 0, 0, 0
47907, 7530189, 0, 0, 0
48004, 8051523, 0, 0, 0
48105, 7769639, 0, 0, 0
48204, 8226404, 0, 0, 0
48306, 7309848, 0, 0, 0
48401, 7277410, 0, 0, 0
48506, 7496011, 0, 0, 0
48600, 7268799, 0, 0, 0
48702, 7828425, 0, 0, 0
48802, 7677771, 0, 0, 0
48902, 7115622, 0, 0, 0
49003, 6738534, 0, 0, 0
49106, 7903167, 0, 0, 0
49202, 7418764, 0, 0, 0
49305, 7325513, 0, 0, 0
49404, 7111835, 0, 0, 0
49505, 7186178, 0, 0, 0
49605, 7649320, 0, 0, 0
49708, 7916033, 0, 0, 0
49801, 8500468, 0, 0, 0
49902, 7792295, 0, 0, 0
50001, 7034628, 0, 0, 0
50102, 7226426, 0, 0, 0
50201, 7604900, 0, 0, 0
50303, 7249044, 0, 0, 0
50407, 7425126, 0, 0, 0
50506, 7095483, 0, 0, 0
50604, 7502997, 0, 0, 0
50702, 7587086, 0, 0, 0
50807, 6963358, 0, 0, 0
50902, 7327118, 0, 0, 0
51001, 8238332, 0, 0, 0
51108, 8236450, 0, 0, 0
51203, 7917297, 0, 0, 0
51305, 7790869, 0, 0, 0
51403, 7567214, 0, 0, 0
51503, 8335034, 0, 0, 0
51604, 7772800, 0, 0, 0
51708, 7363744, 0, 0, 0
51805, 7462664, 0, 0, 0
51904, 7077736, 0, 0, 0
52001, 6932870, 0, 0, 0
52105, 7960334, 0, 0, 0
52201, 8059354, 0, 0, 0
52304, 7356744, 0, 0, 0
52401, 7395446, 0, 0, 0
52505, 7433299, 0, 0, 0
52601, 6858656, 0, 0, 0
52702, 7800179, 0, 0, 0
52801, 7603525, 0, 0, 0
52903, 7833394, 0, 0, 0
53001, 7539428, 0, 0, 0
53102, 7192714, 0, 0, 0
53200, 7020656, 0, 0, 0
53304, 7379042, 0, 0, 0
53409, 8105099, 0, 0, 0
53501, 7680512, 0, 0, 0
53604, 7340393, 0, 0, 0
53701, 7459328, 0, 0, 0
53806, 8026614, 0, 0, 0
53910, 8725354, 0, 0, 0
54002, 7631886, 0, 0, 0
54101, 7630211, 0, 0, 0
54205, 7396036, 0, 0, 0
54302, 8078164, 0, 0, 0
54404, 7829280, 0, 0, 0
54503, 8260669, 0, 0, 0
54606, 8572688, 0, 0, 0
54704, 7533415, 0, 0, 0
54815, 8518104, 0, 0, 0
54903, 7339592, 0, 0, 0
55000, 7471200, 0, 0, 0
55105, 7498982, 0, 0, 0
55203, 7521081, 0, 0, 0
55304, 6751505, 0, 0, 0
55407, 8560013, 0, 0, 0
55504, 7472012, 0, 0, 0
55603, 7632790, 0, 0, 0
55701, 7514416, 0, 0, 0
55802, 8371213, 0, 0, 0
55901, 9002241, 0, 0, 0
56002, 7798551, 0, 0, 0
56106, 7951783, 0, 0, 0
56202, 7378632, 0, 0, 0
56305, 7357690, 0, 0, 0
56400, 7948658, 0, 0, 0
56507, 8243638, 0, 0, 0
56604, 8024633, 0, 0, 0
56705, 7205627, 0, 0, 0
56800, 7919396, 0, 0, 0
56904, 8695721, 0, 0, 0
57006, 7824777, 0, 0, 0
57107, 7202200, 0, 0, 0
57201, 6720385, 0, 0, 0
57300, 6589993, 0, 0, 0
57403, 6897318, 0, 0, 0
57500, 8757510, 0, 0, 0
57607, 8236678, 0, 0, 0
57709, 7831807, 0, 0, 0
57809, 8361193, 0, 0, 0
57903, 7799538, 0, 0, 0
58007, 8042873, 0, 0, 0
58108, 7208055, 0, 0, 0
58203, 6725885, 0, 0, 0
58303, 7153143, 0, 0, 0
58404, 7250774, 0, 0, 0
58504, 7110645, 0, 0, 0
58601, 8048854, 0, 0, 0
58707, 7574542, 0, 0, 0
58801, 8514165, 0, 0, 0
58901, 8369160, 0, 0, 0
59003, 7862130, 0, 0, 0
59106, 7904303, 0, 0, 0
59203, 8101625, 0, 0, 0
59301, 6985029, 0, 0, 0
59406, 6968913, 0, 0, 0
59501, 7331953, 0, 0, 0
59603, 7793823, 0, 0, 0
59703, 7684276, 0, 0, 0
59803, 7179792, 0, 0, 0
59903, 7115228, 0, 0, 0
60003, 7130395, 0, 0, 0
60101, 7588855, 0, 0, 0
60200, 7032531, 0, 0, 0
60302, 7259037, 0, 0, 0
60406, 7448345, 0, 0, 0
60502, 8018258, 0, 0, 0
60606, 7381176, 0, 0, 0
60704, 7011014, 0, 0, 0
60805, 7753264, 0, 0, 0
60906, 7779473, 0, 0, 0
61009, 7898129, 0, 0, 0
61102, 8514996, 0, 0, 0
61202, 7653822, 0, 0, 0
61307, 7532092, 0, 0, 0
61401, 7199142, 0, 0, 0
61505, 7984723, 0, 0, 0
61605, 7704951, 0, 0, 0
61702, 7409123, 0, 0, 0
61804, 7874944, 0, 0, 0
61903, 8223323, 0, 0, 0
62005, 8507918, 0, 0, 0
62102, 7484316, 0, 0, 0
62201, 7033512, 0, 0, 0
62302, 7227489, 0, 0, 0
62406, 7419457, 0, 0, 0
62504, 7552287, 0, 0, 0
62605, 7742317, 0, 0, 0
62704, 8229444, 0, 0, 0
62806, 7317653, 0, 0, 0
62904, 7543373, 0, 0, 0
63002, 7531144, 0, 0, 0
63100, 7537400, 0, 0, 0
63205, 8038384, 0, 0, 0
63300, 7956339, 0, 0, 0
63407, 7098291, 0, 0, 0
63504, 7493201, 0, 0, 0
63602, 6983358, 0, 0, 0
63702, 7658662, 0, 0, 0
63805, 8602960, 0, 0, 0
63904, 8216609, 0, 0, 0
64004, 7117290, 0, 0, 0
64106, 7331708, 0, 0, 0
64206, 8318146, 0, 0, 0
64303, 8028839, 0, 0, 0
64405, 7845841, 0, 0, 0
64506, 8415790, 0, 0, 0
64607, 8458901, 0, 0, 0
64705, 8165092, 0, 0, 0
64807, 8505325, 0, 0, 0
64908, 8370992, 0, 0, 0
65005, 8855898, 0, 0, 0
65102, 7432555, 0, 0, 0
65205, 7320433, 0, 0, 0
65302, 8074664, 0, 0, 0
65406, 7474884, 0, 0, 0
65500, 9374888, 0, 0, 0
65600, 7140657, 0, 0, 0
65707, 7667423, 0, 0, 0
65801, 7787877, 0, 0, 0
65906, 8104396, 0, 0, 0
66002, 8692573, 0, 0, 0
66101, 7611863, 0, 0, 0
66204, 7378263, 0, 0, 0
66303, 8228805, 0, 0, 0
66403, 8325694, 0, 0, 0
66502, 8187137, 0, 0, 0
66601, 7641759, 0, 0, 0
66707, 8158567, 0, 0, 0
66804, 7481994, 0, 0, 0
66906, 8465498, 0, 0, 0
67003, 8053545, 0, 0, 0
67105, 7275043, 0, 0, 0
67204, 7107871, 0, 0, 0
67302, 8171171, 0, 0, 0
67404, 9231329, 0, 0, 0
67507, 6838952, 0, 0, 0
67606, 9966542, 0, 0, 0
67700, 7797054, 0, 0, 0
67807, 7622193, 0, 0, 0
67902, 7962878, 0, 0, 0
68006, 7988225, 0, 0, 0
68100, 7816393, 0, 0, 0
68201, 7792681, 0, 0, 0
68300, 7557701, 0, 0, 0
68404, 7999051, 0, 0, 0
68501, 7471667, 0, 0, 0
68611, 9125931, 0, 0, 0
68705, 7835078, 0, 0, 0
68802, 7465850, 0, 0, 0
68904, 7304223, 0, 0, 0
69000, 8034393, 0, 0, 0
69106, 7004289, 0, 0, 0
69201, 7370851, 0, 0, 0
69307, 8792187, 0, 0, 0
69402, 7282272, 0, 0, 0
69501, 7089674, 0, 0, 0
69601, 7714819, 0, 0, 0
69707, 8140112, 0, 0, 0
69802, 7890028, 0, 0, 0
69903, 7744404, 0, 0, 0
70001, 7550184, 0, 0, 0
70107, 7580575, 0, 0, 0
70205, 8130942, 0, 0, 0
70305, 7727777, 0, 0, 0
70403, 8160184, 0, 0, 0
70500, 8790053, 0, 0, 0
70600, 7162892, 0, 0, 0
70706, 7548265, 0, 0, 0
70800, 7195615, 0, 0, 0
70902, 8555802, 0, 0, 0
71000, 7500334, 0, 0, 0
71105, 8089966, 0, 0, 0
71201, 8656366, 0, 0, 0
71300, 7635209, 0, 0, 0
71405, 7498076, 0, 0, 0
71502, 6927938, 0, 0, 0
71611, 7791241, 0, 0, 0
71703, 9171353, 0, 0, 0
71800, 6901085, 0, 0, 0
71905, 8079629, 0, 0, 0
72001, 7429133, 0, 0, 0
72106, 8053164, 0, 0, 0
72201, 8669075, 0, 0, 0
72304, 7298511, 0, 0, 0
72404, 7734117, 0, 0, 0
72500, 7349349, 0, 0, 0
72600, 7127394, 0, 0, 0
72701, 8403986, 0, 0, 0
72803, 7869150, 0, 0, 0
72900, 7426057, 0, 0, 0
73008, 7725138, 0, 0, 0
73102, 8532408, 0, 0, 0
73205, 8631609, 0, 0, 0
73304, 8245180, 0, 0, 0
73402, 8132718, 0, 0, 0
73501, 7643274, 0, 0, 0
73602, 7718270, 0, 0, 0
73702, 8310173, 0, 0, 0
73810, 9048451, 0, 0, 0
73900, 8141027, 0, 0, 0
74004, 7983919, 0, 0, 0
74106, 7859288, 0, 0, 0
74205, 8234575, 0, 0, 0
74303, 7541234, 0, 0, 0
74401, 8174873, 0, 0, 0
74505, 8015595, 0, 0, 0
74607, 7775793, 0, 0, 0
74700, 7181934, 0, 0, 0
74803, 7959094, 0, 0, 0
74905, 7797938, 0, 0, 0
75004, 8292867, 0, 0, 0
75104, 7668683, 0, 0, 0
75202, 7490414, 0, 0, 0
75307, 7542059, 0, 0, 0
75408, 8348313, 0, 0, 0
75500, 8421392, 0, 0, 0
75607, 7586949, 0, 0, 0
75703, 7452354, 0, 0, 0
75804, 7166608, 0, 0, 0
75901, 7439207, 0, 0, 0
76005, 8039963, 0, 0, 0
76107, 8486862, 0, 0, 0
76200, 8448366, 0, 0, 0
76303, 8578637, 0, 0, 0
76407, 9404145, 0, 0, 0
76505, 8224421, 0, 0, 0
76602, 8050503, 0, 0, 0
76711, 8355812, 0, 0, 0
76806, 9526258, 0, 0, 0
76907, 8445512, 0, 0, 0
77011, 7978868, 0, 0, 0
77110, 8955478, 0, 0, 0
77209, 8284627, 0, 0, 0
77307, 8118168, 0, 0, 0
77402, 7942564, 0, 0, 0
77510, 8288565, 0, 0, 0
77604, 7235758, 0, 0, 0
77704, 7151019, 0, 0, 0
77807, 7906990, 0, 0, 0
77903, 7404546, 0, 0, 0
78008, 8015654, 0, 0, 0
78102, 7860880, 0, 0, 0
78202, 8354915, 0, 0, 0
78302, 7676357, 0, 0, 0
78404, 8489690, 0, 0, 0
78502, 7518784, 0, 0, 0
78600, 7033100, 0, 0, 0
78700, 6638240, 0, 0, 0
78804, 7962815, 0, 0, 0
78906, 8513619, 0, 0, 0
79000, 7849283, 0, 0, 0
79100, 7719318, 0, 0, 0
79207, 8188919, 0, 0, 0
79301, 7827096, 0, 0, 0
79410, 7768311, 0, 0, 0
79506, 8007374, 0, 0, 0
79605, 9011179, 0, 0, 0
79700, 8578757, 0, 0, 0
79802, 7326545, 0, 0, 0
79902, 8317661, 0, 0, 0
80003, 7752640, 0, 0, 0
80100, 7462605, 0, 0, 0
80201, 7196742, 0, 0, 0
80303, 7857760, 0, 0, 0
80406, 7883125, 0, 0, 0
80504, 7050995, 0, 0, 0
80602, 7499097, 0, 0, 0
80700, 7556776, 0, 0, 0
80804, 7425921, 0, 0, 0
80907, 8529358, 0, 0, 0
81005, 7566357, 0, 0, 0
81104, 7572519, 0, 0, 0
81202, 7528193, 0, 0, 0
81304, 7342394, 0, 0, 0
81403, 7562346, 0, 0, 0
81500, 7441284, 0, 0, 0
81600, 7690687, 0, 0, 0
81701, 7237932, 0, 0, 0
81800, 8256996, 0, 0, 0
81903, 7897156, 0, 0, 0
82003, 9066542, 0, 0, 0
82106, 7336500, 0, 0, 0
82204, 7579047, 0, 0, 0
82303, 7051497, 0, 0, 0
82406, 7369658, 0, 0, 0
82504, 8151040, 0, 0, 0
82601, 7413740, 0, 0, 0
82700, 7663053, 0, 0, 0
82805, 7003728, 0, 0, 0
82906, 7767012, 0, 0, 0
83001, 8629957, 0, 0, 0
83100, 7065291, 0, 0, 0
83205, 7500570, 0, 0, 0
83300, 7894171, 0, 0, 0
83403, 7320185, 0, 0, 0
83503, 6691625, 0, 0, 0
83605, 8460367, 0, 0, 0
83703, 7564195, 0, 0, 0
83805, 7293782, 0, 0, 0
83902, 7428255, 0, 0, 0
84003, 7779318, 0, 0, 0
84101, 8144687, 0, 0, 0
84205, 8019999, 0, 0, 0
84304, 7570469, 0, 0, 0
84403, 7072636, 0, 0, 0
84504, 7756317, 0, 0, 0
84606, 7306331, 0, 0, 0
84701, 6744680, 0, 0, 0
84805, 6963516, 0, 0, 0
84903, 7492502, 0, 0, 0
85008, 8094046, 0, 0, 0
85101, 7729890, 0, 0, 0
85207, 7583121, 0, 0, 0
85302, 7932726, 0, 0, 0
85408, 8107627, 0, 0, 0
85504, 7437982, 0, 0, 0
85603, 8255196, 0, 0, 0
85709, 7553189, 0, 0, 0
85804, 7288731, 0, 0, 0
85906, 8525800, 0, 0, 0
86006, 7639771, 0, 0, 0
86105, 7639896, 0, 0, 0
86207, 8505899, 0, 0, 0
86303, 7999213, 0, 0, 0
86400, 7444687, 0, 0, 0
86507, 7099788, 0, 0, 0
86606, 7659831, 0, 0, 0
86700, 7195008, 0, 0, 0
86802, 7835881, 0, 0, 0
86907, 7480174, 0, 0, 0
87006, 7064275, 0, 0, 0
87103, 7470115, 0, 0, 0
87204, 7254551, 0, 0, 0
87305, 7711864, 0, 0, 0
87402, 7481184, 0, 0, 0
87502, 7653107, 0, 0, 0
87601, 7063874, 0, 0, 0
87705, 8717459, 0, 0, 0
87803, 7483032, 0, 0, 0
87901, 8163445, 0, 0, 0
88000, 7607254, 0, 0, 0
88103, 7926588, 0, 0, 0
88201, 7566141, 0, 0, 0
88304, 7885454, 0, 0, 0
88403, 7670595, 0, 0, 0
88504, 7170401, 0, 0, 0
88603, 7585339, 0, 0, 0
88702, 8248883, 0, 0, 0
88802, 7679151, 0, 0, 0
88904, 7867212, 0, 0, 0
89005, 7227105, 0, 0, 0
89106, 7227460, 0, 0, 0
89208, 7807431, 0, 0, 0
89305, 7443173, 0, 0, 0
89402, 7460890, 0, 0, 0
89502, 7697044, 0, 0, 0
89604, 7819301, 0, 0, 0
89704, 7675829, 0, 0, 0
89801, 8137016, 0, 0, 0
89902, 7179883, 0, 0, 0
90003, 6317759, 0, 0, 0
