100, 3094, 0, 0, 0
200, 2948, 0, 0, 0
300, 2808, 0, 0, 0
400, 2951, 0, 0, 0
500, 3109, 0, 0, 0
600, 2633, 0, 0, 0
700, 3025, 0, 0, 0
800, 2870, 0, 0, 0
900, 3148, 0, 0, 0
1000, 2778, 0, 0, 0
1100, 3182, 0, 0, 0
1200, 3276, 0, 0, 0
1300, 3228, 0, 0, 0
1400, 3584, 0, 0, 0
1500, 2963, 0, 0, 0
1600, 3715, 0, 0, 0
1700, 3149, 0, 0, 0
1800, 2938, 0, 0, 0
1900, 3185, 0, 0, 0
2000, 3235, 0, 0, 0
2100, 3469, 0, 0, 0
2200, 3315, 0, 0, 0
2300, 3048, 0, 0, 0
2400, 3322, 0, 0, 0
2500, 2805, 0, 0, 0
2600, 2935, 0, 0, 0
2700, 3013, 0, 0, 0
2800, 3108, 0, 0, 0
2900, 2756, 0, 0, 0
3000, 2829, 0, 0, 0
3100, 3265, 0, 0, 0
3200, 3381, 0, 0, 0
3300, 2691, 0, 0, 0
3400, 2702, 0, 0, 0
3500, 3271, 0, 0, 0
3600, 3016, 0, 0, 0
3700, 3200, 0, 0, 0
3800, 3024, 0, 0, 0
3900, 2963, 0, 0, 0
4000, 3072, 0, 0, 0
4100, 2758, 0, 0, 0
4200, 2824, 0, 0, 0
4300, 2987, 0, 0, 0
4400, 3246, 0, 0, 0
4500, 3133, 0, 0, 0
4600, 3792, 0, 0, 0
4700, 3539, 0, 0, 0
4800, 3467, 0, 0, 0
4900, 3620, 0, 0, 0
5000, 3064, 0, 0, 0
5100, 3624, 0, 0, 0
5200, 3415, 0, 0, 0
5300, 3214, 0, 0, 0
5400, 3428, 0, 0, 0
5500, 3184, 0, 0, 0
5600, 3050, 0, 0, 0
5700, 3494, 0, 0, 0
5800, 3688, 0, 0, 0
5900, 4376, 0, 0, 0
6000, 4396, 0, 0, 0
6100, 3590, 0, 0, 0
6200, 3450, 0, 0, 0
6301, 3151, 0, 0, 0
6400, 3251, 0, 0, 0
6500, 2852, 0, 0, 0
6600, 2717, 0, 0, 0
6700, 3226, 0, 0, 0
6800, 3105, 0, 0, 0
6900, 3216, 0, 0, 0
7000, 2851, 0, 0, 0
7100, 2836, 0, 0, 0
7200, 3299, 0, 0, 0
7300, 3002, 0, 0, 0
7400, 2772, 0, 0, 0
7500, 3254, 0, 0, 0
7600, 3256, 0, 0, 0
7700, 2978, 0, 0, 0
7800, 3540, 0, 0, 0
7900, 2868, 0, 0, 0
8000, 3018, 0, 0, 0
8100, 3480, 0, 0, 0
8200, 3465, 0, 0, 0
8300, 3102, 0, 0, 0
8400, 3231, 0, 0, 0
8500, 3305, 0, 0, 0
8600, 2900, 0, 0, 0
8700, 3518, 0, 0, 0
8800, 2991, 0, 0, 0
8900, 3268, 0, 0, 0
9001, 3331, 0, 0, 0
9100, 3423, 0, 0, 0
9200, 3341, 0, 0, 0
9300, 3680, 0, 0, 0
9400, 3257, 0, 0, 0
9501, 3188, 0, 0, 0
9600, 3375, 0, 0, 0
9700, 2992, 0, 0, 0
9800, 3506, 0, 0, 0
9900, 3088, 0, 0, 0
10000, 3031, 0, 0, 0
10100, 2963, 0, 0, 0
10200, 3986, 0, 0, 0
10300, 3472, 0, 0, 0
10400, 3430, 0, 0, 0
10500, 3242, 0, 0, 0
10600, 3581, 0, 0, 0
10700, 3222, 0, 0, 0
10800, 3136, 0, 0, 0
10900, 2806, 0, 0, 0
11000, 2755, 0, 0, 0
11100, 2619, 0, 0, 0
11200, 3267, 0, 0, 0
11300, 3098, 0, 0, 0
11400, 2945, 0, 0, 0
11500, 3187, 0, 0, 0
11600, 3238, 0, 0, 0
11700, 2779, 0, 0, 0
11801, 3015, 0, 0, 0
11900, 2804, 0, 0, 0
12000, 2726, 0, 0, 0
12100, 3427, 0, 0, 0
12200, 2737, 0, 0, 0
12300, 3057, 0, 0, 0
12400, 3071, 0, 0, 0
12500, 3035, 0, 0, 0
12600, 2910, 0, 0, 0
12700, 3732, 0, 0, 0
12800, 2761, 0, 0, 0
12900, 3423, 0, 0, 0
13000, 2754, 0, 0, 0
13100, 3178, 0, 0, 0
13200, 3137, 0, 0, 0
13300, 3207, 0, 0, 0
13400, 3101, 0, 0, 0
13500, 3012, 0, 0, 0
13600, 3540, 0, 0, 0
13700, 2976, 0, 0, 0
13800, 3214, 0, 0, 0
13900, 3113, 0, 0, 0
14001, 3028, 0, 0, 0
14100, 3633, 0, 0, 0
14200, 2891, 0, 0, 0
14300, 2991, 0, 0, 0
14400, 3105, 0, 0, 0
14500, 3618, 0, 0, 0
14600, 3239, 0, 0, 0
14700, 3116, 0, 0, 0
14800, 3542, 0, 0, 0
14900, 2915, 0, 0, 0
15000, 3077, 0, 0, 0
15100, 2979, 0, 0, 0
15200, 3356, 0, 0, 0
15300, 3027, 0, 0, 0
15400, 3184, 0, 0, 0
15500, 3318, 0, 0, 0
15600, 3786, 0, 0, 0
15700, 3303, 0, 0, 0
15800, 2826, 0, 0, 0
15900, 3419, 0, 0, 0
16000, 2667, 0, 0, 0
16100, 3507, 0, 0, 0
16200, 3569, 0, 0, 0
16300, 3374, 0, 0, 0
16400, 2972, 0, 0, 0
16500, 3013, 0, 0, 0
16600, 3055, 0, 0, 0
16700, 3206, 0, 0, 0
16800, 2963, 0, 0, 0
16900, 2935, 0, 0, 0
17000, 3202, 0, 0, 0
17100, 3122, 0, 0, 0
17200, 3259, 0, 0, 0
17300, 3465, 0, 0, 0
17400, 3226, 0, 0, 0
17500, 2936, 0, 0, 0
17600, 2790, 0, 0, 0
17700, 3256, 0, 0, 0
17800, 3131, 0, 0, 0
17900, 2848, 0, 0, 0
18000, 2643, 0, 0, 0
18100, 3363, 0, 0, 0
18200, 3608, 0, 0, 0
18300, 2676, 0, 0, 0
18400, 3161, 0, 0, 0
18500, 3072, 0, 0, 0
18600, 3735, 0, 0, 0
18700, 2813, 0, 0, 0
18800, 3148, 0, 0, 0
18900, 2959, 0, 0, 0
19000, 3946, 0, 0, 0
19100, 4907, 0, 0, 0
19200, 4486, 0, 0, 0
19300, 3912, 0, 0, 0
19400, 3403, 0, 0, 0
19500, 3047, 0, 0, 0
19600, 3143, 0, 0, 0
19700, 3628, 0, 0, 0
19801, 3207, 0, 0, 0
19900, 3115, 0, 0, 0
20000, 3093, 0, 0, 0
20100, 3527, 0, 0, 0
20200, 2709, 0, 0, 0
20300, 3359, 0, 0, 0
20400, 2905, 0, 0, 0
20500, 3641, 0, 0, 0
20600, 3193, 0, 0, 0
20700, 3247, 0, 0, 0
20800, 3303, 0, 0, 0
20900, 3003, 0, 0, 0
21000, 3160, 0, 0, 0
21100, 3088, 0, 0, 0
21200, 3311, 0, 0, 0
21300, 3036, 0, 0, 0
21400, 2490, 0, 0, 0
21500, 2559, 0, 0, 0
21600, 3019, 0, 0, 0
21700, 3459, 0, 0, 0
21800, 3127, 0, 0, 0
21900, 3504, 0, 0, 0
22000, 3268, 0, 0, 0
22100, 2826, 0, 0, 0
22200, 2821, 0, 0, 0
22300, 2728, 0, 0, 0
22400, 3140, 0, 0, 0
22501, 2977, 0, 0, 0
22600, 2851, 0, 0, 0
22700, 3303, 0, 0, 0
22800, 3468, 0, 0, 0
22900, 3485, 0, 0, 0
23000, 3428, 0, 0, 0
23100, 3473, 0, 0, 0
23200, 3173, 0, 0, 0
23300, 3154, 0, 0, 0
23400, 2821, 0, 0, 0
23500, 3131, 0, 0, 0
23600, 3532, 0, 0, 0
23700, 2849, 0, 0, 0
23800, 3407, 0, 0, 0
23900, 3057, 0, 0, 0
24000, 2928, 0, 0, 0
24100, 2836, 0, 0, 0
24200, 2886, 0, 0, 0
24300, 3445, 0, 0, 0
24400, 3623, 0, 0, 0
24500, 3776, 0, 0, 0
24600, 3454, 0, 0, 0
24700, 3311, 0, 0, 0
24800, 3173, 0, 0, 0
24900, 3183, 0, 0, 0
25000, 3284, 0, 0, 0
25100, 3324, 0, 0, 0
25200, 3173, 0, 0, 0
25300, 3121, 0, 0, 0
25400, 3613, 0, 0, 0
25501, 3037, 0, 0, 0
25600, 3532, 0, 0, 0
25700, 3220, 0, 0, 0
25800, 3201, 0, 0, 0
25900, 3680, 0, 0, 0
26000, 3260, 0, 0, 0
26100, 3254, 0, 0, 0
26200, 4020, 0, 0, 0
26300, 3833, 0, 0, 0
26400, 3646, 0, 0, 0
26500, 3469, 0, 0, 0
26600, 3456, 0, 0, 0
26700, 3425, 0, 0, 0
26800, 4090, 0, 0, 0
26900, 3614, 0, 0, 0
27000, 2971, 0, 0, 0
27100, 3781, 0, 0, 0
27200, 3361, 0, 0, 0
27300, 3353, 0, 0, 0
27400, 3151, 0, 0, 0
27500, 3633, 0, 0, 0
27600, 3773, 0, 0, 0
27700, 3286, 0, 0, 0
27800, 3166, 0, 0, 0
27900, 3481, 0, 0, 0
28000, 3313, 0, 0, 0
28100, 3328, 0, 0, 0
28200, 3152, 0, 0, 0
28300, 3145, 0, 0, 0
28400, 3307, 0, 0, 0
28500, 3056, 0, 0, 0
28600, 3752, 0, 0, 0
28700, 4057, 0, 0, 0
28800, 3544, 0, 0, 0
28900, 3560, 0, 0, 0
29000, 3492, 0, 0, 0
29100, 3226, 0, 0, 0
29200, 2854, 0, 0, 0
29300, 2594, 0, 0, 0
29400, 3601, 0, 0, 0
29500, 3819, 0, 0, 0
29600, 3797, 0, 0, 0
29700, 3578, 0, 0, 0
29800, 3767, 0, 0, 0
29900, 4546, 0, 0, 0
30000, 4001, 0, 0, 0
30100, 3330, 0, 0, 0
30200, 3240, 0, 0, 0
30300, 3315, 0, 0, 0
30400, 3434, 0, 0, 0
30500, 3252, 0, 0, 0
30600, 3652, 0, 0, 0
30700, 3654, 0, 0, 0
30800, 3609, 0, 0, 0
30900, 3150, 0, 0, 0
31000, 3359, 0, 0, 0
31100, 3086, 0, 0, 0
31200, 2517, 0, 0, 0
31300, 3387, 0, 0, 0
31400, 4209, 0, 0, 0
31500, 3233, 0, 0, 0
31600, 3167, 0, 0, 0
31700, 3296, 0, 0, 0
31800, 3270, 0, 0, 0
31900, 3109, 0, 0, 0
32000, 3506, 0, 0, 0
32100, 3161, 0, 0, 0
32200, 3062, 0, 0, 0
32300, 2649, 0, 0, 0
32400, 3469, 0, 0, 0
32500, 3308, 0, 0, 0
32600, 3539, 0, 0, 0
32700, 3312, 0, 0, 0
32800, 3162, 0, 0, 0
32900, 2865, 0, 0, 0
33001, 2868, 0, 0, 0
33100, 3596, 0, 0, 0
33201, 3367, 0, 0, 0
33300, 3586, 0, 0, 0
33400, 3576, 0, 0, 0
33500, 3203, 0, 0, 0
33600, 3013, 0, 0, 0
33700, 2896, 0, 0, 0
33800, 3220, 0, 0, 0
33901, 3527, 0, 0, 0
34000, 3473, 0, 0, 0
34100, 2918, 0, 0, 0
34200, 3092, 0, 0, 0
34300, 3087, 0, 0, 0
34400, 3038, 0, 0, 0
34500, 3236, 0, 0, 0
34600, 3600, 0, 0, 0
34700, 4019, 0, 0, 0
34800, 3221, 0, 0, 0
34900, 3230, 0, 0, 0
35000, 3196, 0, 0, 0
35100, 3627, 0, 0, 0
35200, 3682, 0, 0, 0
35300, 3429, 0, 0, 0
35400, 3242, 0, 0, 0
35500, 3962, 0, 0, 0
35600, 3388, 0, 0, 0
35700, 3050, 0, 0, 0
35800, 3269, 0, 0, 0
35900, 3387, 0, 0, 0
36000, 3208, 0, 0, 0
36100, 3723, 0, 0, 0
36200, 2849, 0, 0, 0
36300, 3072, 0, 0, 0
36400, 3169, 0, 0, 0
36500, 3591, 0, 0, 0
36600, 3927, 0, 0, 0
36700, 3158, 0, 0, 0
36800, 3053, 0, 0, 0
36900, 4097, 0, 0, 0
37000, 3988, 0, 0, 0
37100, 3572, 0, 0, 0
37200, 3684, 0, 0, 0
37300, 3490, 0, 0, 0
37400, 2814, 0, 0, 0
37500, 3364, 0, 0, 0
37600, 3277, 0, 0, 0
37700, 3426, 0, 0, 0
37800, 3235, 0, 0, 0
37900, 3120, 0, 0, 0
38000, 3388, 0, 0, 0
38100, 3737, 0, 0, 0
38200, 3410, 0, 0, 0
38300, 3165, 0, 0, 0
38400, 2815, 0, 0, 0
38500, 3123, 0, 0, 0
38600, 3212, 0, 0, 0
38700, 3142, 0, 0, 0
38800, 3233, 0, 0, 0
38900, 2624, 0, 0, 0
39000, 3137, 0, 0, 0
39100, 3539, 0, 0, 0
39200, 3253, 0, 0, 0
39300, 3534, 0, 0, 0
39400, 2900, 0, 0, 0
39500, 3236, 0, 0, 0
39600, 2936, 0, 0, 0
39700, 2973, 0, 0, 0
39800, 3267, 0, 0, 0
39900, 3266, 0, 0, 0
40000, 3109, 0, 0, 0
40100, 2780, 0, 0, 0
40200, 2816, 0, 0, 0
40300, 2966, 0, 0, 0
40400, 3348, 0, 0, 0
40500, 3395, 0, 0, 0
40600, 3669, 0, 0, 0
40700, 3721, 0, 0, 0
40800, 3301, 0, 0, 0
40900, 2942, 0, 0, 0
41000, 2789, 0, 0, 0
41100, 3477, 0, 0, 0
41200, 2881, 0, 0, 0
41300, 2911, 0, 0, 0
41400, 3387, 0, 0, 0
41500, 3259, 0, 0, 0
41600, 3623, 0, 0, 0
41700, 3403, 0, 0, 0
41800, 3057, 0, 0, 0
41900, 2765, 0, 0, 0
42001, 3442, 0, 0, 0
42100, 3497, 0, 0, 0
42200, 2944, 0, 0, 0
42300, 2722, 0, 0, 0
42400, 3041, 0, 0, 0
42500, 3369, 0, 0, 0
42600, 3240, 0, 0, 0
42700, 3239, 0, 0, 0
42800, 3087, 0, 0, 0
42900, 3035, 0, 0, 0
43000, 3078, 0, 0, 0
43100, 3240, 0, 0, 0
43200, 3124, 0, 0, 0
43300, 2945, 0, 0, 0
43400, 3092, 0, 0, 0
43500, 3019, 0, 0, 0
43600, 3510, 0, 0, 0
43700, 2887, 0, 0, 0
43800, 3182, 0, 0, 0
43900, 3205, 0, 0, 0
44000, 2997, 0, 0, 0
44100, 3458, 0, 0, 0
44200, 3524, 0, 0, 0
44300, 3312, 0, 0, 0
44400, 3221, 0, 0, 0
44500, 3282, 0, 0, 0
44600, 2976, 0, 0, 0
44700, 4173, 0, 0, 0
44800, 3272, 0, 0, 0
44900, 2946, 0, 0, 0
45000, 2720, 0, 0, 0
45100, 3005, 0, 0, 0
45200, 3092, 0, 0, 0
45300, 3155, 0, 0, 0
45400, 2819, 0, 0, 0
45500, 2945, 0, 0, 0
45600, 2729, 0, 0, 0
45700, 2899, 0, 0, 0
45800, 2915, 0, 0, 0
45900, 2978, 0, 0, 0
46000, 2584, 0, 0, 0
46101, 3223, 0, 0, 0
46200, 2972, 0, 0, 0
46300, 3028, 0, 0, 0
46400, 3116, 0, 0, 0
46500, 2832, 0, 0, 0
46600, 2894, 0, 0, 0
46700, 2853, 0, 0, 0
46800, 2826, 0, 0, 0
46900, 2779, 0, 0, 0
47000, 3225, 0, 0, 0
47100, 3047, 0, 0, 0
47200, 2842, 0, 0, 0
47300, 3077, 0, 0, 0
47400, 3054, 0, 0, 0
47500, 2899, 0, 0, 0
47600, 3427, 0, 0, 0
47700, 3761, 0, 0, 0
47800, 3227, 0, 0, 0
47900, 3175, 0, 0, 0
48000, 2831, 0, 0, 0
48100, 2903, 0, 0, 0
48200, 2744, 0, 0, 0
48300, 3055, 0, 0, 0
48400, 3376, 0, 0, 0
48500, 3128, 0, 0, 0
48600, 3314, 0, 0, 0
48700, 3213, 0, 0, 0
48800, 3329, 0, 0, 0
48900, 3239, 0, 0, 0
49000, 3538, 0, 0, 0
49100, 4644, 0, 0, 0
49200, 4641, 0, 0, 0
49300, 4908, 0, 0, 0
49400, 4046, 0, 0, 0
49500, 3970, 0, 0, 0
49600, 4090, 0, 0, 0
49700, 3313, 0, 0, 0
49800, 3691, 0, 0, 0
49900, 4094, 0, 0, 0
50000, 3634, 0, 0, 0
50100, 3401, 0, 0, 0
50200, 3665, 0, 0, 0
50300, 3913, 0, 0, 0
50400, 4270, 0, 0, 0
50500, 3812, 0, 0, 0
50600, 3231, 0, 0, 0
50700, 3270, 0, 0, 0
50800, 3336, 0, 0, 0
50900, 3850, 0, 0, 0
51000, 3474, 0, 0, 0
51100, 3682, 0, 0, 0
51200, 3214, 0, 0, 0
51300, 3027, 0, 0, 0
51400, 3429, 0, 0, 0
51500, 2554, 0, 0, 0
51600, 2833, 0, 0, 0
51700, 3191, 0, 0, 0
51800, 3418, 0, 0, 0
51900, 3344, 0, 0, 0
52000, 3456, 0, 0, 0
52100, 2875, 0, 0, 0
52200, 3156, 0, 0, 0
52300, 3240, 0, 0, 0
52400, 2779, 0, 0, 0
52500, 3156, 0, 0, 0
52600, 3452, 0, 0, 0
52700, 3331, 0, 0, 0
52801, 3249, 0, 0, 0
52900, 3398, 0, 0, 0
53000, 3022, 0, 0, 0
53100, 3103, 0, 0, 0
53200, 2849, 0, 0, 0
53300, 3153, 0, 0, 0
53400, 3260, 0, 0, 0
53501, 3175, 0, 0, 0
53600, 2920, 0, 0, 0
53700, 2900, 0, 0, 0
53801, 2969, 0, 0, 0
53900, 3321, 0, 0, 0
54000, 3231, 0, 0, 0
54100, 3301, 0, 0, 0
54200, 3457, 0, 0, 0
54300, 3415, 0, 0, 0
54400, 3533, 0, 0, 0
54500, 2785, 0, 0, 0
54600, 3198, 0, 0, 0
54700, 3649, 0, 0, 0
54800, 3683, 0, 0, 0
54900, 3364, 0, 0, 0
55000, 3225, 0, 0, 0
55100, 3652, 0, 0, 0
55200, 3305, 0, 0, 0
55300, 2822, 0, 0, 0
55400, 3125, 0, 0, 0
55500, 3222, 0, 0, 0
55600, 3328, 0, 0, 0
55700, 3422, 0, 0, 0
55800, 3351, 0, 0, 0
55900, 3068, 0, 0, 0
56000, 3592, 0, 0, 0
56100, 3174, 0, 0, 0
56200, 3251, 0, 0, 0
56300, 2838, 0, 0, 0
56400, 3376, 0, 0, 0
56500, 3933, 0, 0, 0
56600, 3822, 0, 0, 0
56700, 3438, 0, 0, 0
56800, 4485, 0, 0, 0
56900, 4054, 0, 0, 0
57000, 3442, 0, 0, 0
57100, 3618, 0, 0, 0
57200, 3332, 0, 0, 0
57300, 2794, 0, 0, 0
57400, 3097, 0, 0, 0
57500, 3601, 0, 0, 0
57600, 3197, 0, 0, 0
57700, 2943, 0, 0, 0
57800, 3170, 0, 0, 0
57900, 3539, 0, 0, 0
58000, 3863, 0, 0, 0
58100, 3712, 0, 0, 0
58200, 3535, 0, 0, 0
58300, 3449, 0, 0, 0
58401, 4052, 0, 0, 0
58500, 3606, 0, 0, 0
58600, 3696, 0, 0, 0
58701, 4068, 0, 0, 0
58800, 3497, 0, 0, 0
58900, 3419, 0, 0, 0
59000, 3506, 0, 0, 0
59100, 3846, 0, 0, 0
59200, 3839, 0, 0, 0
59300, 3122, 0, 0, 0
59400, 3951, 0, 0, 0
59500, 3391, 0, 0, 0
59600, 3347, 0, 0, 0
59700, 3123, 0, 0, 0
59800, 2850, 0, 0, 0
59900, 3212, 0, 0, 0
60000, 2912, 0, 0, 0
60100, 2984, 0, 0, 0
60200, 3381, 0, 0, 0
60300, 3049, 0, 0, 0
60400, 3085, 0, 0, 0
60500, 3581, 0, 0, 0
60600, 3144, 0, 0, 0
60700, 3393, 0, 0, 0
60800, 2881, 0, 0, 0
60900, 2861, 0, 0, 0
61000, 4066, 0, 0, 0
61100, 3675, 0, 0, 0
61200, 4704, 0, 0, 0
61300, 3911, 0, 0, 0
61400, 3248, 0, 0, 0
61500, 3599, 0, 0, 0
61600, 3449, 0, 0, 0
61700, 2992, 0, 0, 0
61800, 3245, 0, 0, 0
61900, 3409, 0, 0, 0
62000, 3207, 0, 0, 0
62100, 2821, 0, 0, 0
62200, 2923, 0, 0, 0
62300, 4059, 0, 0, 0
62400, 3741, 0, 0, 0
62500, 3166, 0, 0, 0
62600, 3246, 0, 0, 0
62700, 2742, 0, 0, 0
62800, 2924, 0, 0, 0
62900, 3290, 0, 0, 0
63000, 3672, 0, 0, 0
63100, 3434, 0, 0, 0
63200, 3144, 0, 0, 0
63300, 3354, 0, 0, 0
63400, 3061, 0, 0, 0
63500, 3253, 0, 0, 0
63600, 3115, 0, 0, 0
63700, 3150, 0, 0, 0
63800, 3657, 0, 0, 0
63900, 2886, 0, 0, 0
64000, 3011, 0, 0, 0
64100, 2940, 0, 0, 0
64200, 2857, 0, 0, 0
64300, 2975, 0, 0, 0
64400, 3093, 0, 0, 0
64500, 3159, 0, 0, 0
64600, 3009, 0, 0, 0
64700, 3497, 0, 0, 0
64800, 3398, 0, 0, 0
64900, 2927, 0, 0, 0
65000, 3240, 0, 0, 0
65100, 3681, 0, 0, 0
65200, 3138, 0, 0, 0
65300, 3357, 0, 0, 0
65400, 3659, 0, 0, 0
65500, 3032, 0, 0, 0
65600, 2971, 0, 0, 0
65700, 3020, 0, 0, 0
65800, 2947, 0, 0, 0
65900, 2944, 0, 0, 0
66000, 3162, 0, 0, 0
66100, 3109, 0, 0, 0
66200, 3764, 0, 0, 0
66300, 2957, 0, 0, 0
66400, 2949, 0, 0, 0
66500, 3293, 0, 0, 0
66600, 3249, 0, 0, 0
66700, 3530, 0, 0, 0
66800, 3445, 0, 0, 0
66900, 3317, 0, 0, 0
67000, 3548, 0, 0, 0
67100, 3192, 0, 0, 0
67200, 3625, 0, 0, 0
67300, 3509, 0, 0, 0
67400, 3390, 0, 0, 0
67500, 3510, 0, 0, 0
67600, 3171, 0, 0, 0
67700, 3173, 0, 0, 0
67800, 3093, 0, 0, 0
67900, 2638, 0, 0, 0
68000, 3487, 0, 0, 0
68100, 3055, 0, 0, 0
68200, 3032, 0, 0, 0
68300, 3715, 0, 0, 0
68400, 3420, 0, 0, 0
68500, 3523, 0, 0, 0
68600, 3623, 0, 0, 0
68700, 3607, 0, 0, 0
68801, 3409, 0, 0, 0
68900, 3309, 0, 0, 0
69000, 2920, 0, 0, 0
69100, 3212, 0, 0, 0
69200, 3709, 0, 0, 0
69300, 4426, 0, 0, 0
69400, 4559, 0, 0, 0
69500, 3792, 0, 0, 0
69600, 3117, 0, 0, 0
69700, 3015, 0, 0, 0
69800, 3345, 0, 0, 0
69900, 3256, 0, 0, 0
70000, 3420, 0, 0, 0
70100, 3597, 0, 0, 0
70200, 3640, 0, 0, 0
70300, 3727, 0, 0, 0
70400, 3222, 0, 0, 0
70501, 2958, 0, 0, 0
70601, 3136, 0, 0, 0
70700, 3612, 0, 0, 0
70800, 3221, 0, 0, 0
70900, 3189, 0, 0, 0
71000, 3620, 0, 0, 0
71100, 3134, 0, 0, 0
71200, 3312, 0, 0, 0
71300, 3092, 0, 0, 0
71400, 3035, 0, 0, 0
71500, 2969, 0, 0, 0
71600, 3047, 0, 0, 0
71700, 3124, 0, 0, 0
71800, 3255, 0, 0, 0
71900, 3068, 0, 0, 0
72000, 3196, 0, 0, 0
72100, 2686, 0, 0, 0
72200, 3529, 0, 0, 0
72300, 3240, 0, 0, 0
72400, 3099, 0, 0, 0
72501, 3354, 0, 0, 0
72600, 3150, 0, 0, 0
72700, 3417, 0, 0, 0
72800, 3546, 0, 0, 0
72900, 3556, 0, 0, 0
73000, 3354, 0, 0, 0
73100, 3325, 0, 0, 0
73200, 3236, 0, 0, 0
73300, 3293, 0, 0, 0
73400, 2952, 0, 0, 0
73500, 2905, 0, 0, 0
73600, 3158, 0, 0, 0
73700, 2973, 0, 0, 0
73800, 2715, 0, 0, 0
73900, 3082, 0, 0, 0
74000, 2910, 0, 0, 0
74100, 2716, 0, 0, 0
74200, 3220, 0, 0, 0
74300, 3307, 0, 0, 0
74401, 3274, 0, 0, 0
74500, 3266, 0, 0, 0
74600, 3253, 0, 0, 0
74700, 3217, 0, 0, 0
74800, 3320, 0, 0, 0
74900, 3116, 0, 0, 0
75000, 3177, 0, 0, 0
75100, 3429, 0, 0, 0
75200, 3709, 0, 0, 0
75300, 3597, 0, 0, 0
75400, 3249, 0, 0, 0
75500, 2995, 0, 0, 0
75600, 3338, 0, 0, 0
75700, 3410, 0, 0, 0
75800, 3895, 0, 0, 0
75900, 4030, 0, 0, 0
76000, 3527, 0, 0, 0
76101, 3385, 0, 0, 0
76201, 3270, 0, 0, 0
76300, 3290, 0, 0, 0
76400, 3816, 0, 0, 0
76500, 2907, 0, 0, 0
76600, 3244, 0, 0, 0
76700, 3640, 0, 0, 0
76800, 2918, 0, 0, 0
76900, 3216, 0, 0, 0
77000, 3176, 0, 0, 0
77100, 3445, 0, 0, 0
77200, 3164, 0, 0, 0
77300, 3617, 0, 0, 0
77400, 3397, 0, 0, 0
77500, 3462, 0, 0, 0
77600, 3025, 0, 0, 0
77700, 3356, 0, 0, 0
77800, 3125, 0, 0, 0
77900, 3130, 0, 0, 0
78000, 2884, 0, 0, 0
78100, 3253, 0, 0, 0
78200, 3325, 0, 0, 0
78300, 3364, 0, 0, 0
78400, 3109, 0, 0, 0
78500, 3094, 0, 0, 0
78600, 3028, 0, 0, 0
78700, 3180, 0, 0, 0
78800, 3213, 0, 0, 0
78900, 3041, 0, 0, 0
79000, 3423, 0, 0, 0
79100, 3379, 0, 0, 0
79200, 3313, 0, 0, 0
79300, 2822, 0, 0, 0
79400, 3294, 0, 0, 0
79500, 3191, 0, 0, 0
79600, 2943, 0, 0, 0
79700, 3009, 0, 0, 0
79800, 3661, 0, 0, 0
79900, 4293, 0, 0, 0
80000, 3815, 0, 0, 0
80100, 3309, 0, 0, 0
80200, 3241, 0, 0, 0
80300, 3775, 0, 0, 0
80400, 3420, 0, 0, 0
80500, 3742, 0, 0, 0
80600, 3338, 0, 0, 0
80700, 3214, 0, 0, 0
80800, 3496, 0, 0, 0
80900, 3559, 0, 0, 0
81000, 3646, 0, 0, 0
81100, 3575, 0, 0, 0
81200, 3508, 0, 0, 0
81300, 3396, 0, 0, 0
81400, 3516, 0, 0, 0
81500, 3574, 0, 0, 0
81600, 3604, 0, 0, 0
81700, 3288, 0, 0, 0
81800, 3513, 0, 0, 0
81900, 3157, 0, 0, 0
82000, 3199, 0, 0, 0
82100, 3201, 0, 0, 0
82200, 3087, 0, 0, 0
82300, 3377, 0, 0, 0
82400, 3844, 0, 0, 0
82500, 2962, 0, 0, 0
82600, 3308, 0, 0, 0
82700, 3243, 0, 0, 0
82800, 2802, 0, 0, 0
82900, 3123, 0, 0, 0
83000, 2920, 0, 0, 0
83100, 3205, 0, 0, 0
83200, 3398, 0, 0, 0
83300, 3340, 0, 0, 0
83400, 3065, 0, 0, 0
83500, 4057, 0, 0, 0
83600, 4146, 0, 0, 0
83700, 3135, 0, 0, 0
83800, 3261, 0, 0, 0
83900, 2795, 0, 0, 0
84000, 3132, 0, 0, 0
84100, 3613, 0, 0, 0
84200, 3350, 0, 0, 0
84300, 2743, 0, 0, 0
84400, 3691, 0, 0, 0
84500, 3364, 0, 0, 0
84600, 2899, 0, 0, 0
84700, 3886, 0, 0, 0
84800, 3539, 0, 0, 0
84900, 4074, 0, 0, 0
85000, 3507, 0, 0, 0
85100, 3459, 0, 0, 0
85200, 3266, 0, 0, 0
85300, 3622, 0, 0, 0
85400, 2928, 0, 0, 0
85500, 3074, 0, 0, 0
85600, 3197, 0, 0, 0
85700, 3273, 0, 0, 0
85800, 3210, 0, 0, 0
85900, 3044, 0, 0, 0
86000, 3297, 0, 0, 0
86100, 2939, 0, 0, 0
86200, 3007, 0, 0, 0
86300, 3092, 0, 0, 0
86400, 3231, 0, 0, 0
86500, 2772, 0, 0, 0
86600, 3558, 0, 0, 0
86700, 3136, 0, 0, 0
86800, 3133, 0, 0, 0
86900, 3668, 0, 0, 0
87000, 2865, 0, 0, 0
87100, 3402, 0, 0, 0
87200, 2820, 0, 0, 0
87300, 2834, 0, 0, 0
87400, 3183, 0, 0, 0
87500, 3050, 0, 0, 0
87600, 3002, 0, 0, 0
87700, 3134, 0, 0, 0
87800, 3142, 0, 0, 0
87900, 3034, 0, 0, 0
88000, 3048, 0, 0, 0
88100, 3390, 0, 0, 0
88200, 3407, 0, 0, 0
88300, 3519, 0, 0, 0
88400, 3381, 0, 0, 0
88500, 3039, 0, 0, 0
88600, 3329, 0, 0, 0
88700, 3296, 0, 0, 0
88800, 3267, 0, 0, 0
88900, 3622, 0, 0, 0
89000, 3501, 0, 0, 0
89100, 3482, 0, 0, 0
89200, 2884, 0, 0, 0
89300, 3385, 0, 0, 0
89400, 3278, 0, 0, 0
89500, 2869, 0, 0, 0
89600, 3454, 0, 0, 0
89700, 3413, 0, 0, 0
89800, 2993, 0, 0, 0
89900, 3446, 0, 0, 0
90000, 3383, 0, 0, 0
