100, 5200, 0, 0, 0
200, 5450, 0, 0, 0
300, 5400, 0, 0, 0
400, 5420, 0, 0, 0
499, 5303, 0, 0, 0
599, 5260, 0, 0, 0
700, 5300, 0, 0, 0
800, 5130, 0, 0, 0
900, 5480, 0, 0, 0
999, 5101, 0, 0, 0
1099, 5300, 0, 0, 0
1199, 5290, 0, 0, 0
1299, 5190, 0, 0, 0
1399, 5230, 0, 0, 0
1499, 5180, 0, 0, 0
1599, 5450, 0, 0, 0
1699, 5360, 0, 0, 0
1800, 5280, 0, 0, 0
1900, 5470, 0, 0, 0
1999, 5575, 0, 0, 0
2099, 5410, 0, 0, 0
2199, 5340, 0, 0, 0
2299, 5320, 0, 0, 0
2399, 5340, 0, 0, 0
2500, 5170, 0, 0, 0
2600, 5310, 0, 0, 0
2700, 5350, 0, 0, 0
2800, 5250, 0, 0, 0
2900, 5370, 0, 0, 0
2999, 5121, 0, 0, 0
3099, 5410, 0, 0, 0
3199, 5500, 0, 0, 0
3301, 5415, 0, 0, 0
3400, 5040, 0, 0, 0
3499, 5181, 0, 0, 0
3599, 5480, 0, 0, 0
3699, 5400, 0, 0, 0
3799, 5150, 0, 0, 0
3899, 5020, 0, 0, 0
4000, 5180, 0, 0, 0
4100, 5420, 0, 0, 0
4200, 5100, 0, 0, 0
4300, 5180, 0, 0, 0
4400, 5310, 0, 0, 0
4499, 5303, 0, 0, 0
4599, 5280, 0, 0, 0
4699, 5160, 0, 0, 0
4799, 5310, 0, 0, 0
4899, 5400, 0, 0, 0
5000, 5320, 0, 0, 0
5100, 5520, 0, 0, 0
5200, 5490, 0, 0, 0
5300, 5130, 0, 0, 0
5400, 5420, 0, 0, 0
5499, 5171, 0, 0, 0
5599, 5390, 0, 0, 0
5699, 5380, 0, 0, 0
5799, 5390, 0, 0, 0
5899, 5120, 0, 0, 0
6000, 5120, 0, 0, 0
6100, 5320, 0, 0, 0
6200, 4810, 0, 0, 0
6300, 5460, 0, 0, 0
6400, 5390, 0, 0, 0
6499, 5242, 0, 0, 0
6599, 5250, 0, 0, 0
6699, 5380, 0, 0, 0
6800, 5160, 0, 0, 0
6900, 5330, 0, 0, 0
6999, 5353, 0, 0, 0
7099, 5260, 0, 0, 0
7199, 5260, 0, 0, 0
7299, 5270, 0, 0, 0
7399, 5440, 0, 0, 0
7500, 5270, 0, 0, 0
7600, 5240, 0, 0, 0
7700, 5250, 0, 0, 0
7800, 5220, 0, 0, 0
7900, 5310, 0, 0, 0
7999, 5191, 0, 0, 0
8099, 5210, 0, 0, 0
8199, 5390, 0, 0, 0
8300, 5480, 0, 0, 0
8400, 5340, 0, 0, 0
8500, 5380, 0, 0, 0
8600, 5380, 0, 0, 0
8700, 5210, 0, 0, 0
8800, 5430, 0, 0, 0
8900, 5420, 0, 0, 0
8999, 5404, 0, 0, 0
9099, 5290, 0, 0, 0
9199, 5320, 0, 0, 0
9299, 5290, 0, 0, 0
9400, 5310, 0, 0, 0
9500, 5270, 0, 0, 0
9600, 5360, 0, 0, 0
9700, 5180, 0, 0, 0
9800, 5470, 0, 0, 0
9900, 5260, 0, 0, 0
10000, 5212, 0, 0, 0
10100, 5260, 0, 0, 0
10200, 5220, 0, 0, 0
10300, 5330, 0, 0, 0
10400, 5260, 0, 0, 0
10499, 5171, 0, 0, 0
10599, 5150, 0, 0, 0
10699, 5490, 0, 0, 0
10800, 5360, 0, 0, 0
10900, 5240, 0, 0, 0
10999, 5474, 0, 0, 0
11099, 5390, 0, 0, 0
11199, 5380, 0, 0, 0
11299, 5470, 0, 0, 0
11399, 5260, 0, 0, 0
11499, 5540, 0, 0, 0
11599, 5220, 0, 0, 0
11699, 5280, 0, 0, 0
11800, 5460, 0, 0, 0
11900, 5480, 0, 0, 0
11999, 5313, 0, 0, 0
12099, 5270, 0, 0, 0
12199, 5260, 0, 0, 0
12299, 5620, 0, 0, 0
12399, 5470, 0, 0, 0
12499, 5494, 0, 0, 0
12599, 5360, 0, 0, 0
12699, 5290, 0, 0, 0
12799, 5330, 0, 0, 0
12899, 5480, 0, 0, 0
12999, 5350, 0, 0, 0
13099, 5410, 0, 0, 0
13199, 5310, 0, 0, 0
13300, 5280, 0, 0, 0
13400, 5290, 0, 0, 0
13499, 5323, 0, 0, 0
13599, 5250, 0, 0, 0
13699, 5470, 0, 0, 0
13800, 5400, 0, 0, 0
13900, 5460, 0, 0, 0
13999, 5191, 0, 0, 0
14099, 5300, 0, 0, 0
14199, 5220, 0, 0, 0
14299, 5280, 0, 0, 0
14399, 5290, 0, 0, 0
14500, 5370, 0, 0, 0
14600, 5430, 0, 0, 0
14700, 5340, 0, 0, 0
14800, 5400, 0, 0, 0
14900, 5150, 0, 0, 0
14999, 5313, 0, 0, 0
15099, 5460, 0, 0, 0
15199, 5160, 0, 0, 0
15300, 5290, 0, 0, 0
15400, 5370, 0, 0, 0
15499, 5202, 0, 0, 0
15600, 5140, 0, 0, 0
15700, 5360, 0, 0, 0
15800, 5460, 0, 0, 0
15900, 5210, 0, 0, 0
15999, 5222, 0, 0, 0
16099, 5390, 0, 0, 0
16199, 5170, 0, 0, 0
16299, 5450, 0, 0, 0
16400, 5400, 0, 0, 0
16500, 5320, 0, 0, 0
16600, 5400, 0, 0, 0
16700, 5500, 0, 0, 0
16800, 5570, 0, 0, 0
16900, 5210, 0, 0, 0
16999, 5494, 0, 0, 0
17099, 5270, 0, 0, 0
17199, 5600, 0, 0, 0
17300, 5370, 0, 0, 0
17400, 5200, 0, 0, 0
17499, 5323, 0, 0, 0
17599, 5410, 0, 0, 0
17699, 5320, 0, 0, 0
17800, 5200, 0, 0, 0
17900, 5300, 0, 0, 0
17999, 5343, 0, 0, 0
18099, 5240, 0, 0, 0
18200, 5180, 0, 0, 0
18300, 5460, 0, 0, 0
18400, 5140, 0, 0, 0
18499, 5383, 0, 0, 0
18599, 5530, 0, 0, 0
18699, 5390, 0, 0, 0
18799, 5340, 0, 0, 0
18899, 5450, 0, 0, 0
19000, 5350, 0, 0, 0
19100, 5180, 0, 0, 0
19200, 5430, 0, 0, 0
19300, 5370, 0, 0, 0
19400, 5270, 0, 0, 0
19499, 5494, 0, 0, 0
19599, 5440, 0, 0, 0
19699, 5440, 0, 0, 0
19799, 5280, 0, 0, 0
19899, 5390, 0, 0, 0
19999, 5460, 0, 0, 0
20100, 5360, 0, 0, 0
20200, 5440, 0, 0, 0
20300, 5260, 0, 0, 0
20400, 5440, 0, 0, 0
20499, 5313, 0, 0, 0
20599, 5230, 0, 0, 0
20699, 5320, 0, 0, 0
20800, 5480, 0, 0, 0
20900, 5370, 0, 0, 0
20999, 5464, 0, 0, 0
21099, 5530, 0, 0, 0
21199, 5450, 0, 0, 0
21300, 5200, 0, 0, 0
21400, 5230, 0, 0, 0
21499, 5333, 0, 0, 0
21599, 5570, 0, 0, 0
21699, 5140, 0, 0, 0
21799, 5200, 0, 0, 0
21899, 5260, 0, 0, 0
21999, 5340, 0, 0, 0
22099, 5580, 0, 0, 0
22199, 5400, 0, 0, 0
22300, 5260, 0, 0, 0
22400, 5100, 0, 0, 0
22499, 5323, 0, 0, 0
22600, 5550, 0, 0, 0
22700, 5340, 0, 0, 0
22800, 5340, 0, 0, 0
22900, 5360, 0, 0, 0
22999, 5262, 0, 0, 0
23099, 5430, 0, 0, 0
23199, 5200, 0, 0, 0
23299, 5320, 0, 0, 0
23399, 5540, 0, 0, 0
23500, 5260, 0, 0, 0
23600, 5360, 0, 0, 0
23700, 5280, 0, 0, 0
23800, 5350, 0, 0, 0
23900, 5560, 0, 0, 0
23999, 5080, 0, 0, 0
24099, 5490, 0, 0, 0
24199, 5330, 0, 0, 0
24299, 5390, 0, 0, 0
24400, 5300, 0, 0, 0
24500, 5210, 0, 0, 0
24600, 5260, 0, 0, 0
24700, 5480, 0, 0, 0
24800, 5490, 0, 0, 0
24900, 5600, 0, 0, 0
24999, 5060, 0, 0, 0
25099, 5490, 0, 0, 0
25199, 5360, 0, 0, 0
25299, 5510, 0, 0, 0
25400, 5300, 0, 0, 0
25499, 5202, 0, 0, 0
25599, 5180, 0, 0, 0
25699, 5340, 0, 0, 0
25799, 5570, 0, 0, 0
25899, 5320, 0, 0, 0
25999, 5210, 0, 0, 0
26100, 5310, 0, 0, 0
26200, 5380, 0, 0, 0
26300, 5230, 0, 0, 0
26400, 5100, 0, 0, 0
26499, 5353, 0, 0, 0
26599, 5570, 0, 0, 0
26699, 5250, 0, 0, 0
26799, 5330, 0, 0, 0
26900, 5470, 0, 0, 0
26999, 5333, 0, 0, 0
27099, 5310, 0, 0, 0
27199, 5360, 0, 0, 0
27300, 5190, 0, 0, 0
27400, 5450, 0, 0, 0
27499, 5474, 0, 0, 0
27599, 5360, 0, 0, 0
27699, 5520, 0, 0, 0
27799, 5150, 0, 0, 0
27899, 5220, 0, 0, 0
27999, 5430, 0, 0, 0
28099, 5220, 0, 0, 0
28199, 5360, 0, 0, 0
28300, 5590, 0, 0, 0
28400, 5420, 0, 0, 0
28499, 4939, 0, 0, 0
28599, 5230, 0, 0, 0
28699, 5400, 0, 0, 0
28800, 5280, 0, 0, 0
28900, 5340, 0, 0, 0
28999, 5292, 0, 0, 0
29099, 5710, 0, 0, 0
29199, 5390, 0, 0, 0
29299, 5380, 0, 0, 0
29399, 5220, 0, 0, 0
29499, 5250, 0, 0, 0
29599, 5210, 0, 0, 0
29700, 5190, 0, 0, 0
29800, 5490, 0, 0, 0
29900, 5410, 0, 0, 0
29999, 5434, 0, 0, 0
30099, 5340, 0, 0, 0
30199, 5240, 0, 0, 0
30299, 5390, 0, 0, 0
30399, 5260, 0, 0, 0
30499, 5580, 0, 0, 0
30599, 5370, 0, 0, 0
30700, 5350, 0, 0, 0
30800, 5350, 0, 0, 0
30900, 5090, 0, 0, 0
30999, 5313, 0, 0, 0
31099, 5230, 0, 0, 0
31200, 5440, 0, 0, 0
31300, 5340, 0, 0, 0
31400, 5200, 0, 0, 0
31499, 5373, 0, 0, 0
31600, 5420, 0, 0, 0
31700, 5320, 0, 0, 0
31800, 5490, 0, 0, 0
31900, 5090, 0, 0, 0
31999, 5040, 0, 0, 0
32099, 5550, 0, 0, 0
32199, 5220, 0, 0, 0
32299, 5410, 0, 0, 0
32399, 5420, 0, 0, 0
32499, 5505, 0, 0, 0
32599, 5260, 0, 0, 0
32699, 5350, 0, 0, 0
32799, 5200, 0, 0, 0
32900, 5540, 0, 0, 0
32999, 5515, 0, 0, 0
33099, 5430, 0, 0, 0
33199, 5410, 0, 0, 0
33300, 5420, 0, 0, 0
33400, 5510, 0, 0, 0
33500, 5450, 0, 0, 0
33600, 5110, 0, 0, 0
33700, 5300, 0, 0, 0
33800, 5370, 0, 0, 0
33900, 5610, 0, 0, 0
33999, 5404, 0, 0, 0
34099, 5360, 0, 0, 0
34199, 5460, 0, 0, 0
34300, 5410, 0, 0, 0
34400, 5540, 0, 0, 0
34499, 5474, 0, 0, 0
34600, 5620, 0, 0, 0
34700, 5330, 0, 0, 0
34800, 5520, 0, 0, 0
34900, 5330, 0, 0, 0
34999, 5434, 0, 0, 0
35099, 5470, 0, 0, 0
35199, 5190, 0, 0, 0
35299, 5120, 0, 0, 0
35399, 5460, 0, 0, 0
35499, 5490, 0, 0, 0
35600, 5270, 0, 0, 0
35700, 5340, 0, 0, 0
35800, 5490, 0, 0, 0
35900, 5300, 0, 0, 0
35999, 5505, 0, 0, 0
36100, 5120, 0, 0, 0
36200, 5610, 0, 0, 0
36300, 5490, 0, 0, 0
36400, 5530, 0, 0, 0
36499, 5333, 0, 0, 0
36599, 5310, 0, 0, 0
36699, 5560, 0, 0, 0
36800, 5510, 0, 0, 0
36900, 5590, 0, 0, 0
36999, 5515, 0, 0, 0
37099, 5450, 0, 0, 0
37200, 5620, 0, 0, 0
37300, 5620, 0, 0, 0
37400, 5490, 0, 0, 0
37499, 5707, 0, 0, 0
37599, 5380, 0, 0, 0
37699, 5630, 0, 0, 0
37799, 5530, 0, 0, 0
37899, 5220, 0, 0, 0
37999, 5300, 0, 0, 0
38100, 5380, 0, 0, 0
38200, 5570, 0, 0, 0
38300, 5720, 0, 0, 0
38400, 5520, 0, 0, 0
38499, 5353, 0, 0, 0
38599, 5460, 0, 0, 0
38699, 5610, 0, 0, 0
38799, 5390, 0, 0, 0
38899, 5310, 0, 0, 0
39000, 5500, 0, 0, 0
39100, 5370, 0, 0, 0
39200, 5390, 0, 0, 0
39300, 5440, 0, 0, 0
39400, 5520, 0, 0, 0
39499, 5474, 0, 0, 0
39599, 5380, 0, 0, 0
39699, 5460, 0, 0, 0
39799, 5600, 0, 0, 0
39899, 5370, 0, 0, 0
39999, 5440, 0, 0, 0
40099, 5550, 0, 0, 0
40200, 5430, 0, 0, 0
40300, 5410, 0, 0, 0
40400, 4980, 0, 0, 0
40499, 5545, 0, 0, 0
40599, 5520, 0, 0, 0
40700, 5720, 0, 0, 0
40800, 5520, 0, 0, 0
40900, 5390, 0, 0, 0
41000, 5353, 0, 0, 0
41100, 5490, 0, 0, 0
41200, 5440, 0, 0, 0
41300, 5560, 0, 0, 0
41400, 5780, 0, 0, 0
41499, 5626, 0, 0, 0
41599, 5480, 0, 0, 0
41699, 5370, 0, 0, 0
41799, 5420, 0, 0, 0
41899, 5280, 0, 0, 0
42000, 5350, 0, 0, 0
42100, 5410, 0, 0, 0
42200, 5400, 0, 0, 0
42300, 5490, 0, 0, 0
42400, 5000, 0, 0, 0
42499, 5505, 0, 0, 0
42599, 5320, 0, 0, 0
42699, 5110, 0, 0, 0
42799, 5220, 0, 0, 0
42899, 5430, 0, 0, 0
42999, 5340, 0, 0, 0
43099, 5420, 0, 0, 0
43199, 5640, 0, 0, 0
43300, 5460, 0, 0, 0
43400, 5270, 0, 0, 0
43499, 5373, 0, 0, 0
43599, 5300, 0, 0, 0
43699, 5450, 0, 0, 0
43800, 5190, 0, 0, 0
43900, 5330, 0, 0, 0
43999, 5343, 0, 0, 0
44099, 5490, 0, 0, 0
44199, 5360, 0, 0, 0
44299, 5330, 0, 0, 0
44399, 5420, 0, 0, 0
44499, 5260, 0, 0, 0
44599, 5540, 0, 0, 0
44699, 5280, 0, 0, 0
44800, 5350, 0, 0, 0
44900, 5530, 0, 0, 0
44999, 5484, 0, 0, 0
45099, 5460, 0, 0, 0
45199, 5280, 0, 0, 0
45299, 5220, 0, 0, 0
45399, 5050, 0, 0, 0
45499, 5220, 0, 0, 0
45599, 5510, 0, 0, 0
45699, 5310, 0, 0, 0
45800, 5560, 0, 0, 0
45900, 5520, 0, 0, 0
45999, 5515, 0, 0, 0
46099, 5340, 0, 0, 0
46199, 5630, 0, 0, 0
46299, 5360, 0, 0, 0
46399, 5310, 0, 0, 0
46500, 5350, 0, 0, 0
46600, 5470, 0, 0, 0
46700, 5470, 0, 0, 0
46800, 5260, 0, 0, 0
46900, 5320, 0, 0, 0
46999, 4989, 0, 0, 0
47099, 5260, 0, 0, 0
47199, 5340, 0, 0, 0
47299, 5170, 0, 0, 0
47400, 5310, 0, 0, 0
47500, 5300, 0, 0, 0
47600, 5300, 0, 0, 0
47700, 5360, 0, 0, 0
47800, 5460, 0, 0, 0
47900, 5450, 0, 0, 0
47999, 5242, 0, 0, 0
48099, 5350, 0, 0, 0
48199, 5410, 0, 0, 0
48300, 5570, 0, 0, 0
48400, 5290, 0, 0, 0
48499, 5262, 0, 0, 0
48599, 5330, 0, 0, 0
48699, 5260, 0, 0, 0
48799, 5420, 0, 0, 0
48899, 5360, 0, 0, 0
49000, 5300, 0, 0, 0
49101, 5510, 0, 0, 0
49200, 5575, 0, 0, 0
49300, 5350, 0, 0, 0
49400, 5330, 0, 0, 0
49499, 5323, 0, 0, 0
49599, 5480, 0, 0, 0
49700, 5600, 0, 0, 0
49800, 5310, 0, 0, 0
49900, 5390, 0, 0, 0
49999, 5303, 0, 0, 0
50099, 5370, 0, 0, 0
50200, 5530, 0, 0, 0
50300, 5350, 0, 0, 0
50400, 5310, 0, 0, 0
50499, 5505, 0, 0, 0
50599, 5480, 0, 0, 0
50699, 5270, 0, 0, 0
50800, 5510, 0, 0, 0
50900, 5310, 0, 0, 0
50999, 5525, 0, 0, 0
51099, 5500, 0, 0, 0
51199, 5460, 0, 0, 0
51300, 5500, 0, 0, 0
51400, 5340, 0, 0, 0
51499, 5262, 0, 0, 0
51599, 5250, 0, 0, 0
51699, 5510, 0, 0, 0
51799, 5500, 0, 0, 0
51899, 5400, 0, 0, 0
51999, 5360, 0, 0, 0
52100, 5490, 0, 0, 0
52200, 5170, 0, 0, 0
52300, 5370, 0, 0, 0
52400, 5580, 0, 0, 0
52499, 5424, 0, 0, 0
52599, 5020, 0, 0, 0
52699, 5710, 0, 0, 0
52799, 5410, 0, 0, 0
52899, 5560, 0, 0, 0
53000, 5570, 0, 0, 0
53100, 5360, 0, 0, 0
53200, 5420, 0, 0, 0
53300, 5600, 0, 0, 0
53400, 5280, 0, 0, 0
53499, 5424, 0, 0, 0
53599, 5240, 0, 0, 0
53699, 5270, 0, 0, 0
53799, 5410, 0, 0, 0
53899, 5430, 0, 0, 0
54000, 5620, 0, 0, 0
54100, 5340, 0, 0, 0
54200, 5570, 0, 0, 0
54300, 5430, 0, 0, 0
54400, 5380, 0, 0, 0
54499, 5555, 0, 0, 0
54599, 5430, 0, 0, 0
54699, 5330, 0, 0, 0
54799, 5350, 0, 0, 0
54899, 5620, 0, 0, 0
55000, 5530, 0, 0, 0
55100, 5430, 0, 0, 0
55200, 5650, 0, 0, 0
55300, 5330, 0, 0, 0
55400, 5200, 0, 0, 0
55499, 5171, 0, 0, 0
55599, 5610, 0, 0, 0
55699, 5460, 0, 0, 0
55800, 5560, 0, 0, 0
55900, 5400, 0, 0, 0
55999, 5424, 0, 0, 0
56099, 5530, 0, 0, 0
56199, 5310, 0, 0, 0
56299, 5450, 0, 0, 0
56399, 5360, 0, 0, 0
56499, 5490, 0, 0, 0
56599, 5450, 0, 0, 0
56699, 5320, 0, 0, 0
56800, 5530, 0, 0, 0
56900, 5430, 0, 0, 0
56999, 5373, 0, 0, 0
57099, 5470, 0, 0, 0
57199, 5380, 0, 0, 0
57299, 5420, 0, 0, 0
57399, 5410, 0, 0, 0
57499, 5600, 0, 0, 0
57599, 5300, 0, 0, 0
57700, 5350, 0, 0, 0
57800, 5490, 0, 0, 0
57900, 5140, 0, 0, 0
57999, 5222, 0, 0, 0
58099, 5630, 0, 0, 0
58199, 5360, 0, 0, 0
58299, 5420, 0, 0, 0
58400, 5290, 0, 0, 0
58500, 5540, 0, 0, 0
58600, 5420, 0, 0, 0
58700, 5500, 0, 0, 0
58800, 5200, 0, 0, 0
58900, 5460, 0, 0, 0
58999, 5393, 0, 0, 0
59099, 5250, 0, 0, 0
59199, 5670, 0, 0, 0
59299, 5530, 0, 0, 0
59400, 5510, 0, 0, 0
59499, 5414, 0, 0, 0
59599, 5300, 0, 0, 0
59699, 5540, 0, 0, 0
59799, 5490, 0, 0, 0
59899, 5530, 0, 0, 0
59999, 5383, 0, 0, 0
60099, 5510, 0, 0, 0
60199, 5370, 0, 0, 0
60299, 5470, 0, 0, 0
60400, 5490, 0, 0, 0
60499, 5555, 0, 0, 0
60599, 5460, 0, 0, 0
60699, 5410, 0, 0, 0
60799, 5460, 0, 0, 0
60899, 5470, 0, 0, 0
61000, 5310, 0, 0, 0
61100, 5510, 0, 0, 0
61200, 5490, 0, 0, 0
61300, 5460, 0, 0, 0
61400, 5560, 0, 0, 0
61499, 5272, 0, 0, 0
61599, 5250, 0, 0, 0
61699, 5300, 0, 0, 0
61799, 5540, 0, 0, 0
61900, 5410, 0, 0, 0
62000, 5450, 0, 0, 0
62100, 5320, 0, 0, 0
62200, 5370, 0, 0, 0
62300, 5380, 0, 0, 0
62400, 5320, 0, 0, 0
62499, 5464, 0, 0, 0
62599, 5380, 0, 0, 0
62700, 5340, 0, 0, 0
62802, 5450, 0, 0, 0
62902, 5450, 0, 0, 0
63002, 5260, 0, 0, 0
63103, 5620, 0, 0, 0
63203, 5350, 0, 0, 0
63303, 5530, 0, 0, 0
63403, 5660, 0, 0, 0
63503, 5180, 0, 0, 0
63603, 5330, 0, 0, 0
63703, 5330, 0, 0, 0
63804, 5310, 0, 0, 0
63904, 5590, 0, 0, 0
64004, 5370, 0, 0, 0
64104, 5540, 0, 0, 0
64204, 5410, 0, 0, 0
64304, 5420, 0, 0, 0
64404, 5320, 0, 0, 0
64504, 5400, 0, 0, 0
64605, 5280, 0, 0, 0
64705, 5450, 0, 0, 0
64805, 5320, 0, 0, 0
64905, 5370, 0, 0, 0
65005, 5360, 0, 0, 0
65105, 5570, 0, 0, 0
65205, 5510, 0, 0, 0
65305, 5380, 0, 0, 0
65405, 5330, 0, 0, 0
65506, 5370, 0, 0, 0
65606, 4940, 0, 0, 0
65706, 5460, 0, 0, 0
65806, 5260, 0, 0, 0
65906, 5170, 0, 0, 0
66006, 5450, 0, 0, 0
66106, 5360, 0, 0, 0
66206, 5490, 0, 0, 0
66307, 5430, 0, 0, 0
66407, 5110, 0, 0, 0
66507, 5270, 0, 0, 0
66607, 5290, 0, 0, 0
66707, 5260, 0, 0, 0
66807, 5290, 0, 0, 0
66907, 5310, 0, 0, 0
67008, 5530, 0, 0, 0
67108, 5610, 0, 0, 0
67208, 5250, 0, 0, 0
67308, 5650, 0, 0, 0
67408, 5350, 0, 0, 0
67508, 5410, 0, 0, 0
67608, 5340, 0, 0, 0
67708, 5480, 0, 0, 0
67808, 5150, 0, 0, 0
67909, 5530, 0, 0, 0
68009, 5320, 0, 0, 0
68109, 5460, 0, 0, 0
68209, 5510, 0, 0, 0
68310, 5120, 0, 0, 0
68410, 5470, 0, 0, 0
68510, 5310, 0, 0, 0
68610, 5220, 0, 0, 0
68710, 5410, 0, 0, 0
68811, 5060, 0, 0, 0
68911, 5380, 0, 0, 0
69012, 5600, 0, 0, 0
69113, 5330, 0, 0, 0
69213, 5280, 0, 0, 0
69313, 5360, 0, 0, 0
69413, 5470, 0, 0, 0
69514, 5530, 0, 0, 0
69614, 5400, 0, 0, 0
69714, 5430, 0, 0, 0
69814, 5510, 0, 0, 0
69914, 5420, 0, 0, 0
70014, 5370, 0, 0, 0
70115, 5485, 0, 0, 0
70216, 5490, 0, 0, 0
70316, 5570, 0, 0, 0
70416, 5450, 0, 0, 0
70516, 5380, 0, 0, 0
70616, 5390, 0, 0, 0
70716, 5530, 0, 0, 0
70817, 5430, 0, 0, 0
70917, 5350, 0, 0, 0
71017, 5550, 0, 0, 0
71117, 5490, 0, 0, 0
71217, 5580, 0, 0, 0
71318, 5396, 0, 0, 0
71419, 5370, 0, 0, 0
71519, 5580, 0, 0, 0
71619, 5440, 0, 0, 0
71719, 5490, 0, 0, 0
71819, 5420, 0, 0, 0
71920, 5550, 0, 0, 0
72020, 5580, 0, 0, 0
72120, 5410, 0, 0, 0
72220, 5590, 0, 0, 0
72320, 5410, 0, 0, 0
72420, 5290, 0, 0, 0
72521, 5200, 0, 0, 0
72621, 5550, 0, 0, 0
72721, 5350, 0, 0, 0
72822, 5380, 0, 0, 0
72922, 5430, 0, 0, 0
73022, 5350, 0, 0, 0
73122, 5330, 0, 0, 0
73222, 5420, 0, 0, 0
73322, 5580, 0, 0, 0
73422, 5560, 0, 0, 0
73522, 5490, 0, 0, 0
73622, 5190, 0, 0, 0
73723, 5230, 0, 0, 0
73823, 5530, 0, 0, 0
73923, 5480, 0, 0, 0
74023, 5500, 0, 0, 0
74123, 5420, 0, 0, 0
74223, 5630, 0, 0, 0
74323, 5600, 0, 0, 0
74424, 5330, 0, 0, 0
74524, 5470, 0, 0, 0
74624, 5380, 0, 0, 0
74724, 5070, 0, 0, 0
74824, 5450, 0, 0, 0
74924, 5240, 0, 0, 0
75025, 5330, 0, 0, 0
75125, 5450, 0, 0, 0
75225, 5620, 0, 0, 0
75325, 5350, 0, 0, 0
75425, 5320, 0, 0, 0
75525, 5250, 0, 0, 0
75625, 5450, 0, 0, 0
75725, 5310, 0, 0, 0
75825, 5590, 0, 0, 0
75926, 5380, 0, 0, 0
76026, 5450, 0, 0, 0
76127, 5340, 0, 0, 0
76227, 5310, 0, 0, 0
76327, 5350, 0, 0, 0
76427, 5350, 0, 0, 0
76527, 5420, 0, 0, 0
76627, 5340, 0, 0, 0
76727, 5480, 0, 0, 0
76828, 5430, 0, 0, 0
76928, 5600, 0, 0, 0
77028, 5520, 0, 0, 0
77128, 5310, 0, 0, 0
77228, 5520, 0, 0, 0
77328, 5420, 0, 0, 0
77428, 5440, 0, 0, 0
77528, 5410, 0, 0, 0
77629, 5420, 0, 0, 0
77729, 5510, 0, 0, 0
77829, 5180, 0, 0, 0
77929, 5440, 0, 0, 0
78029, 5340, 0, 0, 0
78129, 5420, 0, 0, 0
78229, 5580, 0, 0, 0
78330, 5660, 0, 0, 0
78430, 5370, 0, 0, 0
78530, 5310, 0, 0, 0
78631, 5400, 0, 0, 0
78731, 5260, 0, 0, 0
78831, 5350, 0, 0, 0
78931, 5340, 0, 0, 0
79031, 5340, 0, 0, 0
79131, 5650, 0, 0, 0
79231, 5470, 0, 0, 0
79332, 5550, 0, 0, 0
79432, 5520, 0, 0, 0
79532, 5610, 0, 0, 0
79632, 5260, 0, 0, 0
79733, 5400, 0, 0, 0
79833, 5670, 0, 0, 0
79933, 5370, 0, 0, 0
80033, 5430, 0, 0, 0
80134, 5380, 0, 0, 0
80234, 5450, 0, 0, 0
80334, 5310, 0, 0, 0
80434, 5310, 0, 0, 0
80534, 5500, 0, 0, 0
80635, 5270, 0, 0, 0
80735, 5470, 0, 0, 0
80835, 5450, 0, 0, 0
80935, 5500, 0, 0, 0
81035, 5350, 0, 0, 0
81135, 5550, 0, 0, 0
81236, 5500, 0, 0, 0
81336, 5540, 0, 0, 0
81436, 5520, 0, 0, 0
81536, 5410, 0, 0, 0
81636, 5370, 0, 0, 0
81736, 5630, 0, 0, 0
81837, 5290, 0, 0, 0
81937, 5290, 0, 0, 0
82037, 5360, 0, 0, 0
82137, 5310, 0, 0, 0
82237, 5390, 0, 0, 0
82337, 5610, 0, 0, 0
82437, 5410, 0, 0, 0
82538, 5510, 0, 0, 0
82638, 5480, 0, 0, 0
82738, 5320, 0, 0, 0
82838, 5370, 0, 0, 0
82938, 5400, 0, 0, 0
83039, 5480, 0, 0, 0
83139, 5290, 0, 0, 0
83239, 5310, 0, 0, 0
83340, 5390, 0, 0, 0
83440, 5320, 0, 0, 0
83540, 5620, 0, 0, 0
83640, 5570, 0, 0, 0
83740, 5350, 0, 0, 0
83840, 5480, 0, 0, 0
83941, 5430, 0, 0, 0
84041, 5560, 0, 0, 0
84141, 5430, 0, 0, 0
84242, 5250, 0, 0, 0
84342, 5430, 0, 0, 0
84442, 5540, 0, 0, 0
84542, 5500, 0, 0, 0
84642, 5300, 0, 0, 0
84742, 5200, 0, 0, 0
84843, 5430, 0, 0, 0
84943, 5340, 0, 0, 0
85043, 5290, 0, 0, 0
85143, 5380, 0, 0, 0
85243, 5480, 0, 0, 0
85343, 5140, 0, 0, 0
85443, 5150, 0, 0, 0
85544, 5400, 0, 0, 0
85644, 5380, 0, 0, 0
85744, 5330, 0, 0, 0
85844, 5340, 0, 0, 0
85944, 5620, 0, 0, 0
86044, 5470, 0, 0, 0
86144, 5430, 0, 0, 0
86245, 5440, 0, 0, 0
86345, 5310, 0, 0, 0
86445, 5610, 0, 0, 0
86545, 5420, 0, 0, 0
86645, 5480, 0, 0, 0
86745, 5380, 0, 0, 0
86846, 5530, 0, 0, 0
86946, 5510, 0, 0, 0
87046, 5330, 0, 0, 0
87146, 5520, 0, 0, 0
87246, 5450, 0, 0, 0
87346, 5300, 0, 0, 0
87446, 5530, 0, 0, 0
87547, 5350, 0, 0, 0
87647, 5280, 0, 0, 0
87747, 5280, 0, 0, 0
87848, 5220, 0, 0, 0
87948, 5310, 0, 0, 0
88048, 5560, 0, 0, 0
88148, 5470, 0, 0, 0
88248, 5440, 0, 0, 0
88348, 5630, 0, 0, 0
88448, 5260, 0, 0, 0
88549, 4930, 0, 0, 0
88649, 5210, 0, 0, 0
88749, 5470, 0, 0, 0
88849, 5560, 0, 0, 0
88949, 5320, 0, 0, 0
89049, 5600, 0, 0, 0
89149, 5250, 0, 0, 0
89249, 5330, 0, 0, 0
89349, 5500, 0, 0, 0
89449, 5410, 0, 0, 0
89550, 5110, 0, 0, 0
89650, 5440, 0, 0, 0
89749, 5323, 0, 0, 0
89849, 5400, 0, 0, 0
89949, 5370, 0, 0, 0
