100, 496934, 0, 0, 0
200, 498946, 0, 0, 0
300, 485308, 0, 0, 0
400, 485489, 0, 0, 0
500, 486178, 0, 0, 0
600, 503158, 0, 0, 0
700, 493202, 0, 0, 0
800, 491411, 0, 0, 0
900, 493023, 0, 0, 0
1000, 485856, 0, 0, 0
1100, 499556, 0, 0, 0
1200, 489596, 0, 0, 0
1300, 490419, 0, 0, 0
1400, 482380, 0, 0, 0
1500, 489286, 0, 0, 0
1600, 492891, 0, 0, 0
1700, 494167, 0, 0, 0
1800, 481928, 0, 0, 0
1900, 497154, 0, 0, 0
2000, 488918, 0, 0, 0
2100, 498236, 0, 0, 0
2200, 490015, 0, 0, 0
2300, 494430, 0, 0, 0
2400, 486766, 0, 0, 0
2500, 493131, 0, 0, 0
2600, 486555, 0, 0, 0
2700, 471754, 0, 0, 0
2800, 479197, 0, 0, 0
2900, 493723, 0, 0, 0
3000, 491374, 0, 0, 0
3100, 499087, 0, 0, 0
3200, 485180, 0, 0, 0
3300, 478688, 0, 0, 0
3400, 485049, 0, 0, 0
3500, 482272, 0, 0, 0
3600, 493917, 0, 0, 0
3700, 486929, 0, 0, 0
3800, 482654, 0, 0, 0
3900, 485051, 0, 0, 0
4000, 481297, 0, 0, 0
4100, 487980, 0, 0, 0
4200, 482667, 0, 0, 0
4300, 487526, 0, 0, 0
4400, 492446, 0, 0, 0
4500, 489479, 0, 0, 0
4600, 486650, 0, 0, 0
4700, 499212, 0, 0, 0
4800, 495624, 0, 0, 0
4900, 499594, 0, 0, 0
5000, 487912, 0, 0, 0
5100, 495152, 0, 0, 0
5200, 491844, 0, 0, 0
5300, 497620, 0, 0, 0
5400, 499645, 0, 0, 0
5500, 492077, 0, 0, 0
5600, 486577, 0, 0, 0
5700, 484984, 0, 0, 0
5800, 486215, 0, 0, 0
5900, 486300, 0, 0, 0
6000, 493507, 0, 0, 0
6100, 487275, 0, 0, 0
6200, 490218, 0, 0, 0
6300, 503513, 0, 0, 0
6400, 485899, 0, 0, 0
6500, 476348, 0, 0, 0
6600, 487853, 0, 0, 0
6700, 483753, 0, 0, 0
6800, 492791, 0, 0, 0
6900, 480679, 0, 0, 0
7000, 484451, 0, 0, 0
7100, 481949, 0, 0, 0
7200, 494712, 0, 0, 0
7300, 495379, 0, 0, 0
7400, 496624, 0, 0, 0
7500, 483857, 0, 0, 0
7600, 483780, 0, 0, 0
7700, 498498, 0, 0, 0
7800, 488996, 0, 0, 0
7900, 477995, 0, 0, 0
8000, 485758, 0, 0, 0
8100, 492120, 0, 0, 0
8200, 489420, 0, 0, 0
8300, 493774, 0, 0, 0
8400, 496126, 0, 0, 0
8500, 484096, 0, 0, 0
8600, 491542, 0, 0, 0
8700, 510116, 0, 0, 0
8800, 494051, 0, 0, 0
8900, 487116, 0, 0, 0
9000, 490344, 0, 0, 0
9100, 484977, 0, 0, 0
9200, 495090, 0, 0, 0
9300, 486107, 0, 0, 0
9400, 492563, 0, 0, 0
9500, 488737, 0, 0, 0
9600, 486388, 0, 0, 0
9700, 487508, 0, 0, 0
9800, 486939, 0, 0, 0
9900, 489009, 0, 0, 0
10000, 487386, 0, 0, 0
10100, 499826, 0, 0, 0
10200, 489933, 0, 0, 0
10300, 488476, 0, 0, 0
10400, 488926, 0, 0, 0
10500, 481461, 0, 0, 0
10600, 483044, 0, 0, 0
10700, 482152, 0, 0, 0
10800, 481744, 0, 0, 0
10900, 496421, 0, 0, 0
11000, 485913, 0, 0, 0
11100, 491965, 0, 0, 0
11200, 499976, 0, 0, 0
11300, 483797, 0, 0, 0
11400, 479154, 0, 0, 0
11500, 493955, 0, 0, 0
11600, 496232, 0, 0, 0
11700, 487751, 0, 0, 0
11800, 484023, 0, 0, 0
11900, 484459, 0, 0, 0
12000, 489470, 0, 0, 0
12100, 488730, 0, 0, 0
12200, 485131, 0, 0, 0
12300, 493987, 0, 0, 0
12400, 487346, 0, 0, 0
12500, 492179, 0, 0, 0
12600, 494202, 0, 0, 0
12700, 497007, 0, 0, 0
12800, 493428, 0, 0, 0
12900, 491120, 0, 0, 0
13000, 484191, 0, 0, 0
13100, 477582, 0, 0, 0
13200, 488545, 0, 0, 0
13300, 486453, 0, 0, 0
13400, 493680, 0, 0, 0
13500, 485603, 0, 0, 0
13600, 496375, 0, 0, 0
13700, 480506, 0, 0, 0
13800, 485514, 0, 0, 0
13900, 495770, 0, 0, 0
14000, 487516, 0, 0, 0
14100, 486648, 0, 0, 0
14200, 488604, 0, 0, 0
14300, 486151, 0, 0, 0
14400, 485168, 0, 0, 0
14500, 481092, 0, 0, 0
14600, 483203, 0, 0, 0
14700, 498435, 0, 0, 0
14800, 494724, 0, 0, 0
14900, 476172, 0, 0, 0
15000, 489422, 0, 0, 0
15100, 483723, 0, 0, 0
15200, 492826, 0, 0, 0
15300, 482923, 0, 0, 0
15400, 500277, 0, 0, 0
15500, 487736, 0, 0, 0
15600, 484842, 0, 0, 0
15700, 480826, 0, 0, 0
15800, 504158, 0, 0, 0
15900, 497921, 0, 0, 0
16000, 499921, 0, 0, 0
16100, 486586, 0, 0, 0
16200, 482039, 0, 0, 0
16300, 483983, 0, 0, 0
16400, 493305, 0, 0, 0
16500, 498968, 0, 0, 0
16600, 476368, 0, 0, 0
16700, 491984, 0, 0, 0
16800, 499979, 0, 0, 0
16900, 485973, 0, 0, 0
17000, 494721, 0, 0, 0
17100, 485051, 0, 0, 0
17200, 498621, 0, 0, 0
17300, 474786, 0, 0, 0
17400, 484233, 0, 0, 0
17500, 492154, 0, 0, 0
17600, 488269, 0, 0, 0
17700, 483491, 0, 0, 0
17800, 500713, 0, 0, 0
17900, 488251, 0, 0, 0
18000, 491530, 0, 0, 0
18100, 496429, 0, 0, 0
18200, 486523, 0, 0, 0
18300, 495483, 0, 0, 0
18400, 488372, 0, 0, 0
18500, 483923, 0, 0, 0
18600, 486350, 0, 0, 0
18700, 483960, 0, 0, 0
18800, 501585, 0, 0, 0
18900, 494247, 0, 0, 0
19000, 484534, 0, 0, 0
19100, 490027, 0, 0, 0
19200, 482948, 0, 0, 0
19300, 497120, 0, 0, 0
19400, 477963, 0, 0, 0
19500, 487089, 0, 0, 0
19600, 474911, 0, 0, 0
19700, 488889, 0, 0, 0
19800, 493317, 0, 0, 0
19900, 489576, 0, 0, 0
20000, 479422, 0, 0, 0
20100, 488712, 0, 0, 0
20200, 487221, 0, 0, 0
20300, 483009, 0, 0, 0
20400, 484361, 0, 0, 0
20500, 491540, 0, 0, 0
20600, 493482, 0, 0, 0
20700, 491714, 0, 0, 0
20800, 480587, 0, 0, 0
20900, 490840, 0, 0, 0
21000, 492612, 0, 0, 0
21100, 500213, 0, 0, 0
21200, 496882, 0, 0, 0
21300, 502550, 0, 0, 0
21400, 487161, 0, 0, 0
21500, 485857, 0, 0, 0
21600, 492877, 0, 0, 0
21700, 492522, 0, 0, 0
21800, 484113, 0, 0, 0
21900, 481690, 0, 0, 0
22000, 495274, 0, 0, 0
22100, 497886, 0, 0, 0
22200, 485915, 0, 0, 0
22300, 484671, 0, 0, 0
22400, 480560, 0, 0, 0
22500, 494778, 0, 0, 0
22600, 487790, 0, 0, 0
22700, 489671, 0, 0, 0
22800, 488667, 0, 0, 0
22900, 486974, 0, 0, 0
23000, 490765, 0, 0, 0
23100, 487131, 0, 0, 0
23200, 488151, 0, 0, 0
23300, 496408, 0, 0, 0
23400, 501416, 0, 0, 0
23500, 493674, 0, 0, 0
23600, 488865, 0, 0, 0
23700, 489808, 0, 0, 0
23800, 490420, 0, 0, 0
23900, 494344, 0, 0, 0
24000, 492021, 0, 0, 0
24100, 487963, 0, 0, 0
24200, 489623, 0, 0, 0
24300, 501143, 0, 0, 0
24400, 497007, 0, 0, 0
24500, 492921, 0, 0, 0
24600, 491623, 0, 0, 0
24700, 479193, 0, 0, 0
24800, 484737, 0, 0, 0
24900, 490592, 0, 0, 0
25000, 484902, 0, 0, 0
25100, 485411, 0, 0, 0
25200, 477577, 0, 0, 0
25300, 485751, 0, 0, 0
25400, 491260, 0, 0, 0
25500, 484892, 0, 0, 0
25600, 489971, 0, 0, 0
25700, 496531, 0, 0, 0
25800, 501650, 0, 0, 0
25900, 488077, 0, 0, 0
26000, 491260, 0, 0, 0
26100, 486157, 0, 0, 0
26200, 486152, 0, 0, 0
26300, 486056, 0, 0, 0
26400, 497952, 0, 0, 0
26500, 499080, 0, 0, 0
26600, 477731, 0, 0, 0
26700, 477919, 0, 0, 0
26800, 493526, 0, 0, 0
26900, 486139, 0, 0, 0
27000, 483247, 0, 0, 0
27100, 490936, 0, 0, 0
27200, 493029, 0, 0, 0
27300, 500743, 0, 0, 0
27400, 485001, 0, 0, 0
27500, 491310, 0, 0, 0
27600, 489493, 0, 0, 0
27700, 488460, 0, 0, 0
27800, 495652, 0, 0, 0
27900, 505004, 0, 0, 0
28000, 503100, 0, 0, 0
28100, 498278, 0, 0, 0
28200, 485097, 0, 0, 0
28300, 499250, 0, 0, 0
28400, 468266, 0, 0, 0
28500, 490842, 0, 0, 0
28600, 502252, 0, 0, 0
28700, 489774, 0, 0, 0
28800, 481468, 0, 0, 0
28900, 482914, 0, 0, 0
29000, 499103, 0, 0, 0
29100, 485264, 0, 0, 0
29200, 485656, 0, 0, 0
29300, 489178, 0, 0, 0
29400, 492488, 0, 0, 0
29500, 484404, 0, 0, 0
29600, 489424, 0, 0, 0
29700, 490685, 0, 0, 0
29800, 506215, 0, 0, 0
29900, 496258, 0, 0, 0
30000, 490375, 0, 0, 0
30100, 486494, 0, 0, 0
30200, 489381, 0, 0, 0
30300, 490839, 0, 0, 0
30400, 486976, 0, 0, 0
30500, 492299, 0, 0, 0
30600, 485205, 0, 0, 0
30700, 490758, 0, 0, 0
30800, 509518, 0, 0, 0
30900, 493834, 0, 0, 0
31000, 495838, 0, 0, 0
31100, 498423, 0, 0, 0
31200, 497885, 0, 0, 0
31300, 490016, 0, 0, 0
31400, 497425, 0, 0, 0
31500, 499064, 0, 0, 0
31600, 479318, 0, 0, 0
31700, 492869, 0, 0, 0
31800, 497572, 0, 0, 0
31900, 499804, 0, 0, 0
32000, 487242, 0, 0, 0
32100, 496536, 0, 0, 0
32200, 480617, 0, 0, 0
32300, 497352, 0, 0, 0
32400, 493640, 0, 0, 0
32500, 483181, 0, 0, 0
32600, 482177, 0, 0, 0
32700, 498658, 0, 0, 0
32800, 499789, 0, 0, 0
32900, 491519, 0, 0, 0
33000, 499882, 0, 0, 0
33100, 481484, 0, 0, 0
33200, 478861, 0, 0, 0
33300, 485719, 0, 0, 0
33400, 487126, 0, 0, 0
33500, 487388, 0, 0, 0
33600, 489247, 0, 0, 0
33700, 493424, 0, 0, 0
33800, 492876, 0, 0, 0
33900, 500858, 0, 0, 0
34000, 503067, 0, 0, 0
34100, 492809, 0, 0, 0
34200, 498182, 0, 0, 0
34300, 479351, 0, 0, 0
34400, 489384, 0, 0, 0
34500, 486606, 0, 0, 0
34600, 495193, 0, 0, 0
34700, 500520, 0, 0, 0
34800, 477689, 0, 0, 0
34900, 492019, 0, 0, 0
35000, 494963, 0, 0, 0
35100, 486043, 0, 0, 0
35200, 472308, 0, 0, 0
35300, 504313, 0, 0, 0
35400, 487260, 0, 0, 0
35500, 483512, 0, 0, 0
35600, 492769, 0, 0, 0
35700, 503150, 0, 0, 0
35800, 488713, 0, 0, 0
35900, 488390, 0, 0, 0
36000, 488544, 0, 0, 0
36100, 520377, 0, 0, 0
36200, 492481, 0, 0, 0
36300, 477134, 0, 0, 0
36400, 494587, 0, 0, 0
36500, 499344, 0, 0, 0
36600, 488979, 0, 0, 0
36700, 491498, 0, 0, 0
36800, 489216, 0, 0, 0
36900, 479071, 0, 0, 0
37000, 488520, 0, 0, 0
37100, 498716, 0, 0, 0
37200, 486876, 0, 0, 0
37300, 502581, 0, 0, 0
37400, 496422, 0, 0, 0
37500, 482727, 0, 0, 0
37600, 489212, 0, 0, 0
37700, 492778, 0, 0, 0
37800, 486622, 0, 0, 0
37900, 503846, 0, 0, 0
38000, 484644, 0, 0, 0
38100, 499467, 0, 0, 0
38200, 478792, 0, 0, 0
38300, 487123, 0, 0, 0
38400, 488768, 0, 0, 0
38500, 499883, 0, 0, 0
38600, 501797, 0, 0, 0
38700, 490643, 0, 0, 0
38800, 483861, 0, 0, 0
38900, 495369, 0, 0, 0
39000, 486475, 0, 0, 0
39100, 484832, 0, 0, 0
39200, 484841, 0, 0, 0
39300, 488776, 0, 0, 0
39400, 490335, 0, 0, 0
39500, 503772, 0, 0, 0
39600, 491303, 0, 0, 0
39700, 488529, 0, 0, 0
39800, 481196, 0, 0, 0
39900, 483008, 0, 0, 0
40000, 486205, 0, 0, 0
40100, 493347, 0, 0, 0
40200, 488186, 0, 0, 0
40300, 490293, 0, 0, 0
40400, 505914, 0, 0, 0
40500, 493857, 0, 0, 0
40600, 494265, 0, 0, 0
40700, 487435, 0, 0, 0
40800, 491986, 0, 0, 0
40900, 504986, 0, 0, 0
41000, 505562, 0, 0, 0
41100, 495100, 0, 0, 0
41200, 497362, 0, 0, 0
41300, 485733, 0, 0, 0
41400, 492802, 0, 0, 0
41500, 492328, 0, 0, 0
41600, 496193, 0, 0, 0
41700, 504350, 0, 0, 0
41800, 506013, 0, 0, 0
41900, 495947, 0, 0, 0
42000, 485878, 0, 0, 0
42100, 489270, 0, 0, 0
42200, 501991, 0, 0, 0
42300, 484621, 0, 0, 0
42400, 489652, 0, 0, 0
42500, 483650, 0, 0, 0
42600, 483018, 0, 0, 0
42700, 498115, 0, 0, 0
42800, 503087, 0, 0, 0
42900, 501782, 0, 0, 0
43000, 496173, 0, 0, 0
43100, 471005, 0, 0, 0
43200, 490126, 0, 0, 0
43300, 496766, 0, 0, 0
43400, 491918, 0, 0, 0
43500, 493913, 0, 0, 0
43600, 496641, 0, 0, 0
43700, 495051, 0, 0, 0
43800, 487491, 0, 0, 0
43900, 489185, 0, 0, 0
44000, 491133, 0, 0, 0
44100, 491210, 0, 0, 0
44200, 489212, 0, 0, 0
44300, 494820, 0, 0, 0
44400, 490126, 0, 0, 0
44500, 490024, 0, 0, 0
44600, 494568, 0, 0, 0
44700, 493543, 0, 0, 0
44800, 494716, 0, 0, 0
44900, 497038, 0, 0, 0
45000, 488344, 0, 0, 0
45100, 489974, 0, 0, 0
45200, 498590, 0, 0, 0
45300, 506668, 0, 0, 0
45400, 494605, 0, 0, 0
45500, 503584, 0, 0, 0
45600, 498797, 0, 0, 0
45700, 500596, 0, 0, 0
45800, 490984, 0, 0, 0
45900, 493465, 0, 0, 0
46000, 501694, 0, 0, 0
46100, 496478, 0, 0, 0
46200, 489551, 0, 0, 0
46300, 496926, 0, 0, 0
46400, 489118, 0, 0, 0
46500, 495999, 0, 0, 0
46600, 488973, 0, 0, 0
46700, 488429, 0, 0, 0
46800, 496421, 0, 0, 0
46900, 478282, 0, 0, 0
47000, 493433, 0, 0, 0
47100, 503302, 0, 0, 0
47200, 480280, 0, 0, 0
47300, 503003, 0, 0, 0
47400, 487177, 0, 0, 0
47500, 495049, 0, 0, 0
47600, 488534, 0, 0, 0
47700, 484189, 0, 0, 0
47800, 494874, 0, 0, 0
47900, 491255, 0, 0, 0
48000, 493731, 0, 0, 0
48100, 501989, 0, 0, 0
48200, 499238, 0, 0, 0
48300, 494598, 0, 0, 0
48400, 491370, 0, 0, 0
48500, 498616, 0, 0, 0
48600, 490663, 0, 0, 0
48700, 493094, 0, 0, 0
48800, 507239, 0, 0, 0
48900, 507744, 0, 0, 0
49000, 494079, 0, 0, 0
49100, 490509, 0, 0, 0
49200, 499763, 0, 0, 0
49300, 480428, 0, 0, 0
49400, 493846, 0, 0, 0
49500, 486536, 0, 0, 0
49600, 493723, 0, 0, 0
49700, 490047, 0, 0, 0
49800, 480346, 0, 0, 0
49900, 490948, 0, 0, 0
50000, 494567, 0, 0, 0
50100, 486776, 0, 0, 0
50200, 485863, 0, 0, 0
50300, 484669, 0, 0, 0
50400, 506324, 0, 0, 0
50500, 503510, 0, 0, 0
50600, 490015, 0, 0, 0
50700, 495129, 0, 0, 0
50800, 486948, 0, 0, 0
50900, 494435, 0, 0, 0
51000, 504658, 0, 0, 0
51100, 502122, 0, 0, 0
51200, 502494, 0, 0, 0
51300, 475216, 0, 0, 0
51400, 493855, 0, 0, 0
51500, 493372, 0, 0, 0
51600, 498091, 0, 0, 0
51700, 500192, 0, 0, 0
51800, 483882, 0, 0, 0
51900, 500766, 0, 0, 0
52000, 512204, 0, 0, 0
52100, 497055, 0, 0, 0
52200, 485422, 0, 0, 0
52300, 496382, 0, 0, 0
52400, 495580, 0, 0, 0
52500, 482102, 0, 0, 0
52600, 489101, 0, 0, 0
52700, 490554, 0, 0, 0
52800, 494700, 0, 0, 0
52900, 493932, 0, 0, 0
53000, 501916, 0, 0, 0
53100, 493092, 0, 0, 0
53200, 488065, 0, 0, 0
53300, 477412, 0, 0, 0
53400, 497409, 0, 0, 0
53500, 492974, 0, 0, 0
53600, 493154, 0, 0, 0
53700, 487143, 0, 0, 0
53800, 489281, 0, 0, 0
53900, 505026, 0, 0, 0
54000, 477638, 0, 0, 0
54100, 489053, 0, 0, 0
54200, 481375, 0, 0, 0
54300, 486381, 0, 0, 0
54400, 496005, 0, 0, 0
54500, 498612, 0, 0, 0
54600, 489951, 0, 0, 0
54700, 492115, 0, 0, 0
54800, 486147, 0, 0, 0
54900, 480512, 0, 0, 0
55000, 488597, 0, 0, 0
55100, 489787, 0, 0, 0
55200, 486727, 0, 0, 0
55300, 485417, 0, 0, 0
55400, 506365, 0, 0, 0
55500, 501367, 0, 0, 0
55600, 487763, 0, 0, 0
55700, 507707, 0, 0, 0
55800, 496621, 0, 0, 0
55900, 494689, 0, 0, 0
56000, 489748, 0, 0, 0
56100, 495571, 0, 0, 0
56200, 495925, 0, 0, 0
56300, 505590, 0, 0, 0
56400, 489997, 0, 0, 0
56500, 491358, 0, 0, 0
56600, 500588, 0, 0, 0
56700, 490951, 0, 0, 0
56800, 485122, 0, 0, 0
56900, 494043, 0, 0, 0
57000, 489915, 0, 0, 0
57100, 492282, 0, 0, 0
57200, 500798, 0, 0, 0
57300, 501734, 0, 0, 0
57400, 496338, 0, 0, 0
57500, 494162, 0, 0, 0
57600, 480745, 0, 0, 0
57700, 489553, 0, 0, 0
57800, 501279, 0, 0, 0
57900, 496036, 0, 0, 0
58000, 501475, 0, 0, 0
58100, 507616, 0, 0, 0
58200, 488467, 0, 0, 0
58300, 494464, 0, 0, 0
58400, 487696, 0, 0, 0
58500, 496763, 0, 0, 0
58600, 500965, 0, 0, 0
58700, 496934, 0, 0, 0
58800, 490874, 0, 0, 0
58900, 498673, 0, 0, 0
59000, 488974, 0, 0, 0
59100, 494326, 0, 0, 0
59200, 502547, 0, 0, 0
59300, 518383, 0, 0, 0
59400, 507158, 0, 0, 0
59500, 500157, 0, 0, 0
59600, 488543, 0, 0, 0
59700, 504039, 0, 0, 0
59800, 506403, 0, 0, 0
59900, 502088, 0, 0, 0
60000, 501812, 0, 0, 0
60100, 497553, 0, 0, 0
60200, 501669, 0, 0, 0
60300, 491036, 0, 0, 0
60400, 509301, 0, 0, 0
60500, 495617, 0, 0, 0
60600, 488091, 0, 0, 0
60700, 488204, 0, 0, 0
60800, 486929, 0, 0, 0
60900, 503300, 0, 0, 0
61000, 497548, 0, 0, 0
61100, 491861, 0, 0, 0
61200, 495479, 0, 0, 0
61300, 502008, 0, 0, 0
61400, 480792, 0, 0, 0
61500, 500056, 0, 0, 0
61600, 498723, 0, 0, 0
61700, 505062, 0, 0, 0
61800, 500226, 0, 0, 0
61900, 495775, 0, 0, 0
62000, 503085, 0, 0, 0
62100, 496437, 0, 0, 0
62200, 505458, 0, 0, 0
62300, 491582, 0, 0, 0
62400, 489185, 0, 0, 0
62500, 483597, 0, 0, 0
62600, 492576, 0, 0, 0
62700, 494580, 0, 0, 0
62800, 494901, 0, 0, 0
62900, 492595, 0, 0, 0
63000, 486787, 0, 0, 0
63100, 479791, 0, 0, 0
63200, 485826, 0, 0, 0
63300, 531835, 0, 0, 0
63400, 506809, 0, 0, 0
63500, 503005, 0, 0, 0
63600, 495831, 0, 0, 0
63700, 500541, 0, 0, 0
63800, 491191, 0, 0, 0
63900, 491798, 0, 0, 0
64000, 509167, 0, 0, 0
64100, 487927, 0, 0, 0
64200, 495589, 0, 0, 0
64300, 486644, 0, 0, 0
64400, 498115, 0, 0, 0
64500, 492791, 0, 0, 0
64600, 498804, 0, 0, 0
64700, 511913, 0, 0, 0
64800, 488727, 0, 0, 0
64900, 486088, 0, 0, 0
65000, 492840, 0, 0, 0
65100, 502694, 0, 0, 0
65200, 482029, 0, 0, 0
65300, 505645, 0, 0, 0
65400, 488596, 0, 0, 0
65500, 494586, 0, 0, 0
65600, 490585, 0, 0, 0
65700, 487156, 0, 0, 0
65800, 496239, 0, 0, 0
65900, 491326, 0, 0, 0
66000, 497157, 0, 0, 0
66100, 481918, 0, 0, 0
66200, 504540, 0, 0, 0
66300, 503278, 0, 0, 0
66400, 489320, 0, 0, 0
66500, 491547, 0, 0, 0
66600, 500863, 0, 0, 0
66700, 492917, 0, 0, 0
66800, 492566, 0, 0, 0
66900, 507157, 0, 0, 0
67000, 508217, 0, 0, 0
67100, 491157, 0, 0, 0
67200, 494222, 0, 0, 0
67300, 506574, 0, 0, 0
67400, 497128, 0, 0, 0
67500, 489912, 0, 0, 0
67600, 486144, 0, 0, 0
67700, 489036, 0, 0, 0
67800, 492830, 0, 0, 0
67900, 497516, 0, 0, 0
68000, 494583, 0, 0, 0
68100, 488974, 0, 0, 0
68200, 495479, 0, 0, 0
68300, 506891, 0, 0, 0
68400, 493741, 0, 0, 0
68500, 498235, 0, 0, 0
68600, 508780, 0, 0, 0
68700, 490442, 0, 0, 0
68800, 507142, 0, 0, 0
68900, 500492, 0, 0, 0
69000, 497051, 0, 0, 0
69100, 489717, 0, 0, 0
69200, 496121, 0, 0, 0
69300, 504804, 0, 0, 0
69400, 491726, 0, 0, 0
69500, 494948, 0, 0, 0
69600, 498625, 0, 0, 0
69700, 497183, 0, 0, 0
69800, 503514, 0, 0, 0
69900, 495262, 0, 0, 0
70000, 506178, 0, 0, 0
70100, 489221, 0, 0, 0
70200, 501329, 0, 0, 0
70300, 499920, 0, 0, 0
70400, 495014, 0, 0, 0
70500, 498954, 0, 0, 0
70600, 502564, 0, 0, 0
70700, 495293, 0, 0, 0
70800, 496923, 0, 0, 0
70900, 496371, 0, 0, 0
71000, 495602, 0, 0, 0
71100, 484155, 0, 0, 0
71200, 510251, 0, 0, 0
71300, 506382, 0, 0, 0
71400, 500334, 0, 0, 0
71500, 501184, 0, 0, 0
71600, 500334, 0, 0, 0
71700, 509931, 0, 0, 0
71800, 488134, 0, 0, 0
71900, 494726, 0, 0, 0
72000, 507123, 0, 0, 0
72100, 502176, 0, 0, 0
72200, 500665, 0, 0, 0
72300, 504551, 0, 0, 0
72400, 499619, 0, 0, 0
72500, 501043, 0, 0, 0
72600, 493404, 0, 0, 0
72700, 480214, 0, 0, 0
72800, 510604, 0, 0, 0
72900, 504128, 0, 0, 0
73000, 497849, 0, 0, 0
73100, 487569, 0, 0, 0
73200, 484786, 0, 0, 0
73300, 496565, 0, 0, 0
73400, 504625, 0, 0, 0
73500, 502375, 0, 0, 0
73600, 507707, 0, 0, 0
73700, 494071, 0, 0, 0
73800, 489372, 0, 0, 0
73900, 492469, 0, 0, 0
74000, 498778, 0, 0, 0
74100, 499917, 0, 0, 0
74200, 503454, 0, 0, 0
74300, 491370, 0, 0, 0
74400, 495619, 0, 0, 0
74500, 504769, 0, 0, 0
74600, 499832, 0, 0, 0
74700, 489345, 0, 0, 0
74800, 505504, 0, 0, 0
74900, 496847, 0, 0, 0
75000, 492352, 0, 0, 0
75100, 496846, 0, 0, 0
75200, 519113, 0, 0, 0
75300, 502817, 0, 0, 0
75400, 524635, 0, 0, 0
75500, 495539, 0, 0, 0
75600, 505334, 0, 0, 0
75700, 495442, 0, 0, 0
75800, 486245, 0, 0, 0
75900, 500985, 0, 0, 0
76000, 501730, 0, 0, 0
76100, 488628, 0, 0, 0
76200, 485960, 0, 0, 0
76300, 493876, 0, 0, 0
76400, 500402, 0, 0, 0
76500, 505561, 0, 0, 0
76600, 495074, 0, 0, 0
76700, 501314, 0, 0, 0
76800, 499555, 0, 0, 0
76900, 489046, 0, 0, 0
77000, 494184, 0, 0, 0
77100, 497000, 0, 0, 0
77200, 488659, 0, 0, 0
77300, 487315, 0, 0, 0
77400, 495973, 0, 0, 0
77500, 496046, 0, 0, 0
77600, 496104, 0, 0, 0
77700, 493599, 0, 0, 0
77800, 507176, 0, 0, 0
77900, 496106, 0, 0, 0
78000, 489915, 0, 0, 0
78100, 493799, 0, 0, 0
78200, 505827, 0, 0, 0
78300, 507716, 0, 0, 0
78400, 506549, 0, 0, 0
78500, 493791, 0, 0, 0
78600, 487148, 0, 0, 0
78700, 507117, 0, 0, 0
78800, 498053, 0, 0, 0
78900, 492091, 0, 0, 0
79000, 493983, 0, 0, 0
79100, 488631, 0, 0, 0
79200, 493679, 0, 0, 0
79300, 505970, 0, 0, 0
79400, 496716, 0, 0, 0
79500, 497595, 0, 0, 0
79600, 497261, 0, 0, 0
79700, 491510, 0, 0, 0
79800, 476831, 0, 0, 0
79900, 489137, 0, 0, 0
80000, 498001, 0, 0, 0
80100, 491539, 0, 0, 0
80200, 492198, 0, 0, 0
80300, 493117, 0, 0, 0
80400, 500806, 0, 0, 0
80500, 493425, 0, 0, 0
80600, 490303, 0, 0, 0
80700, 489988, 0, 0, 0
80800, 489154, 0, 0, 0
80900, 505945, 0, 0, 0
81000, 490075, 0, 0, 0
81100, 498137, 0, 0, 0
81200, 488117, 0, 0, 0
81300, 506047, 0, 0, 0
81400, 508478, 0, 0, 0
81500, 499062, 0, 0, 0
81600, 504500, 0, 0, 0
81700, 497488, 0, 0, 0
81800, 498795, 0, 0, 0
81900, 493451, 0, 0, 0
82000, 492108, 0, 0, 0
82100, 499995, 0, 0, 0
82200, 499406, 0, 0, 0
82300, 508839, 0, 0, 0
82400, 486722, 0, 0, 0
82500, 495537, 0, 0, 0
82600, 507582, 0, 0, 0
82700, 502728, 0, 0, 0
82800, 494484, 0, 0, 0
82900, 500001, 0, 0, 0
83000, 497834, 0, 0, 0
83100, 492446, 0, 0, 0
83200, 491944, 0, 0, 0
83300, 497088, 0, 0, 0
83400, 487279, 0, 0, 0
83500, 487359, 0, 0, 0
83600, 496102, 0, 0, 0
83700, 497967, 0, 0, 0
83800, 495075, 0, 0, 0
83900, 491725, 0, 0, 0
84000, 501122, 0, 0, 0
84100, 503648, 0, 0, 0
84200, 497581, 0, 0, 0
84300, 500645, 0, 0, 0
84400, 494774, 0, 0, 0
84500, 491922, 0, 0, 0
84600, 496321, 0, 0, 0
84700, 490493, 0, 0, 0
84800, 492927, 0, 0, 0
84900, 503182, 0, 0, 0
85000, 494483, 0, 0, 0
85100, 487208, 0, 0, 0
85200, 496371, 0, 0, 0
85300, 482167, 0, 0, 0
85400, 488466, 0, 0, 0
85500, 506196, 0, 0, 0
85600, 499170, 0, 0, 0
85700, 502386, 0, 0, 0
85800, 512900, 0, 0, 0
85900, 497435, 0, 0, 0
86000, 519731, 0, 0, 0
86100, 502346, 0, 0, 0
86200, 515169, 0, 0, 0
86300, 508559, 0, 0, 0
86400, 490123, 0, 0, 0
86500, 500726, 0, 0, 0
86600, 495778, 0, 0, 0
86700, 495755, 0, 0, 0
86800, 496110, 0, 0, 0
86900, 491588, 0, 0, 0
87000, 489530, 0, 0, 0
87100, 514627, 0, 0, 0
87200, 491689, 0, 0, 0
87300, 501215, 0, 0, 0
87400, 498104, 0, 0, 0
87500, 496072, 0, 0, 0
87600, 520614, 0, 0, 0
87700, 503657, 0, 0, 0
87800, 505734, 0, 0, 0
87900, 501780, 0, 0, 0
88000, 497940, 0, 0, 0
88100, 501638, 0, 0, 0
88200, 501598, 0, 0, 0
88300, 487912, 0, 0, 0
88400, 490601, 0, 0, 0
88500, 492171, 0, 0, 0
88600, 491109, 0, 0, 0
88700, 490559, 0, 0, 0
88800, 493173, 0, 0, 0
88900, 508847, 0, 0, 0
89000, 503396, 0, 0, 0
89100, 498246, 0, 0, 0
89200, 493921, 0, 0, 0
89300, 504612, 0, 0, 0
89400, 502499, 0, 0, 0
89503, 512439, 0, 0, 0
89600, 496389, 0, 0, 0
89700, 495974, 0, 0, 0
89800, 500484, 0, 0, 0
89900, 495180, 0, 0, 0
90000, 487570, 0, 0, 0
