250, 1007616, 0, 0, 0
350, 860160, 0, 0, 0
450, 563200, 0, 0, 0
551, 839680, 0, 0, 0
651, 460800, 0, 0, 0
751, 819200, 0, 0, 0
851, 686080, 0, 0, 0
951, 583680, 0, 0, 0
1052, 757760, 0, 0, 0
1152, 870400, 0, 0, 0
1252, 716800, 0, 0, 0
1352, 870400, 0, 0, 0
1453, 737280, 0, 0, 0
1553, 645120, 0, 0, 0
1653, 737280, 0, 0, 0
1754, 839680, 0, 0, 0
1854, 829440, 0, 0, 0
1954, 655360, 0, 0, 0
2054, 839680, 0, 0, 0
2154, 819200, 0, 0, 0
2255, 583680, 0, 0, 0
2355, 686080, 0, 0, 0
2455, 819200, 0, 0, 0
2555, 931840, 0, 0, 0
2655, 962560, 0, 0, 0
2756, 911360, 0, 0, 0
2856, 552960, 0, 0, 0
2956, 655360, 0, 0, 0
3056, 819200, 0, 0, 0
3156, 655360, 0, 0, 0
3257, 972800, 0, 0, 0
3357, 645120, 0, 0, 0
3457, 532480, 0, 0, 0
3557, 849920, 0, 0, 0
3658, 593920, 0, 0, 0
3758, 942080, 0, 0, 0
3858, 808960, 0, 0, 0
3958, 778240, 0, 0, 0
4059, 634880, 0, 0, 0
4159, 604160, 0, 0, 0
4259, 552960, 0, 0, 0
4359, 727040, 0, 0, 0
4459, 880640, 0, 0, 0
4560, 1105920, 0, 0, 0
4660, 655360, 0, 0, 0
4760, 532480, 0, 0, 0
4860, 573440, 0, 0, 0
4960, 747520, 0, 0, 0
5061, 808960, 0, 0, 0
5161, 757760, 0, 0, 0
5261, 1085440, 0, 0, 0
5361, 573440, 0, 0, 0
5462, 890880, 0, 0, 0
5562, 880640, 0, 0, 0
5662, 665600, 0, 0, 0
5762, 675840, 0, 0, 0
5863, 921600, 0, 0, 0
5963, 788480, 0, 0, 0
6063, 911360, 0, 0, 0
6163, 890880, 0, 0, 0
6264, 1003520, 0, 0, 0
6364, 870400, 0, 0, 0
6464, 460800, 0, 0, 0
6564, 1095680, 0, 0, 0
6665, 655360, 0, 0, 0
6765, 573440, 0, 0, 0
6865, 583680, 0, 0, 0
6965, 696320, 0, 0, 0
7065, 1177600, 0, 0, 0
7166, 1024000, 0, 0, 0
7266, 921600, 0, 0, 0
7366, 655360, 0, 0, 0
7466, 839680, 0, 0, 0
7567, 686080, 0, 0, 0
7667, 583680, 0, 0, 0
7767, 727040, 0, 0, 0
7867, 890880, 0, 0, 0
7967, 839680, 0, 0, 0
8068, 901120, 0, 0, 0
8168, 583680, 0, 0, 0
8268, 665600, 0, 0, 0
8369, 665600, 0, 0, 0
8469, 552960, 0, 0, 0
8569, 921600, 0, 0, 0
8669, 645120, 0, 0, 0
8770, 849920, 0, 0, 0
8870, 1054720, 0, 0, 0
8970, 747520, 0, 0, 0
9071, 870400, 0, 0, 0
9171, 1044480, 0, 0, 0
9271, 747520, 0, 0, 0
9371, 686080, 0, 0, 0
9472, 665600, 0, 0, 0
9572, 778240, 0, 0, 0
9672, 686080, 0, 0, 0
9772, 512000, 0, 0, 0
9873, 1126400, 0, 0, 0
9973, 798720, 0, 0, 0
10073, 839680, 0, 0, 0
10173, 1024000, 0, 0, 0
10274, 1064960, 0, 0, 0
10374, 860160, 0, 0, 0
10474, 829440, 0, 0, 0
10574, 808960, 0, 0, 0
10674, 860160, 0, 0, 0
10775, 1024000, 0, 0, 0
10875, 819200, 0, 0, 0
10975, 747520, 0, 0, 0
11075, 645120, 0, 0, 0
11176, 696320, 0, 0, 0
11276, 901120, 0, 0, 0
11376, 675840, 0, 0, 0
11476, 778240, 0, 0, 0
11577, 798720, 0, 0, 0
11677, 798720, 0, 0, 0
11777, 665600, 0, 0, 0
11877, 645120, 0, 0, 0
11978, 829440, 0, 0, 0
12078, 870400, 0, 0, 0
12178, 1003520, 0, 0, 0
12278, 829440, 0, 0, 0
12379, 583680, 0, 0, 0
12479, 593920, 0, 0, 0
12579, 655360, 0, 0, 0
12679, 716800, 0, 0, 0
12780, 563200, 0, 0, 0
12880, 665600, 0, 0, 0
12980, 1116160, 0, 0, 0
13080, 808960, 0, 0, 0
13181, 614400, 0, 0, 0
13281, 1024000, 0, 0, 0
13381, 747520, 0, 0, 0
13481, 849920, 0, 0, 0
13582, 778240, 0, 0, 0
13682, 870400, 0, 0, 0
13782, 860160, 0, 0, 0
13882, 583680, 0, 0, 0
13983, 849920, 0, 0, 0
14083, 675840, 0, 0, 0
14183, 727040, 0, 0, 0
14283, 798720, 0, 0, 0
14384, 788480, 0, 0, 0
14485, 912475, 0, 0, 0
14585, 645120, 0, 0, 0
14685, 849920, 0, 0, 0
14786, 788480, 0, 0, 0
14886, 798720, 0, 0, 0
14986, 706560, 0, 0, 0
15086, 798720, 0, 0, 0
15186, 696320, 0, 0, 0
15287, 870400, 0, 0, 0
15387, 860160, 0, 0, 0
15487, 1003520, 0, 0, 0
15587, 788480, 0, 0, 0
15688, 747520, 0, 0, 0
15788, 645120, 0, 0, 0
15888, 675840, 0, 0, 0
15988, 849920, 0, 0, 0
16089, 665600, 0, 0, 0
16189, 952320, 0, 0, 0
16289, 634880, 0, 0, 0
16390, 737280, 0, 0, 0
16490, 839680, 0, 0, 0
16590, 808960, 0, 0, 0
16691, 860160, 0, 0, 0
16791, 798720, 0, 0, 0
16891, 696320, 0, 0, 0
16991, 890880, 0, 0, 0
17091, 614400, 0, 0, 0
17192, 829440, 0, 0, 0
17292, 788480, 0, 0, 0
17392, 993280, 0, 0, 0
17492, 307200, 0, 0, 0
17593, 634880, 0, 0, 0
17693, 849920, 0, 0, 0
17793, 471040, 0, 0, 0
17893, 798720, 0, 0, 0
17993, 788480, 0, 0, 0
18094, 972800, 0, 0, 0
18194, 778240, 0, 0, 0
18294, 788480, 0, 0, 0
18394, 880640, 0, 0, 0
18495, 573440, 0, 0, 0
18595, 634880, 0, 0, 0
18695, 696320, 0, 0, 0
18796, 829440, 0, 0, 0
18896, 665600, 0, 0, 0
18996, 993280, 0, 0, 0
19096, 880640, 0, 0, 0
19196, 839680, 0, 0, 0
19297, 757760, 0, 0, 0
19397, 757760, 0, 0, 0
19497, 829440, 0, 0, 0
19597, 911360, 0, 0, 0
19697, 604160, 0, 0, 0
19798, 808960, 0, 0, 0
19898, 614400, 0, 0, 0
19998, 849920, 0, 0, 0
20098, 747520, 0, 0, 0
20199, 757760, 0, 0, 0
20299, 747520, 0, 0, 0
20399, 665600, 0, 0, 0
20499, 839680, 0, 0, 0
20600, 808960, 0, 0, 0
20700, 665600, 0, 0, 0
20800, 952320, 0, 0, 0
20900, 890880, 0, 0, 0
21000, 920565, 0, 0, 0
21100, 921600, 0, 0, 0
21200, 798720, 0, 0, 0
21300, 849920, 0, 0, 0
21401, 757760, 0, 0, 0
21500, 1024000, 0, 0, 0
21600, 942080, 0, 0, 0
21700, 829440, 0, 0, 0
21800, 604160, 0, 0, 0
21900, 778240, 0, 0, 0
22000, 868848, 0, 0, 0
22100, 993280, 0, 0, 0
22200, 870400, 0, 0, 0
22300, 901120, 0, 0, 0
22400, 788480, 0, 0, 0
22500, 1065373, 0, 0, 0
22600, 972800, 0, 0, 0
22700, 778240, 0, 0, 0
22800, 942080, 0, 0, 0
22900, 716800, 0, 0, 0
22999, 630949, 0, 0, 0
23099, 849920, 0, 0, 0
23199, 921600, 0, 0, 0
23300, 788480, 0, 0, 0
23400, 655360, 0, 0, 0
23499, 868848, 0, 0, 0
23599, 972800, 0, 0, 0
23699, 655360, 0, 0, 0
23800, 1085440, 0, 0, 0
23900, 655360, 0, 0, 0
23999, 848161, 0, 0, 0
24099, 665600, 0, 0, 0
24199, 931840, 0, 0, 0
24300, 901120, 0, 0, 0
24400, 870400, 0, 0, 0
24500, 757760, 0, 0, 0
24600, 1054720, 0, 0, 0
24700, 706560, 0, 0, 0
24800, 568888, 0, 0, 0
24900, 757760, 0, 0, 0
25001, 882059, 0, 0, 0
25100, 879191, 0, 0, 0
25200, 1085440, 0, 0, 0
25300, 744727, 0, 0, 0
25400, 778240, 0, 0, 0
25500, 1075200, 0, 0, 0
25600, 727040, 0, 0, 0
25700, 532480, 0, 0, 0
25800, 868848, 0, 0, 0
25900, 870400, 0, 0, 0
26000, 962560, 0, 0, 0
26100, 849920, 0, 0, 0
26200, 645120, 0, 0, 0
26300, 604160, 0, 0, 0
26400, 696320, 0, 0, 0
26501, 788480, 0, 0, 0
26600, 765414, 0, 0, 0
26700, 819200, 0, 0, 0
26800, 757760, 0, 0, 0
26900, 583680, 0, 0, 0
27000, 768000, 0, 0, 0
27100, 839680, 0, 0, 0
27200, 880640, 0, 0, 0
27300, 682666, 0, 0, 0
27400, 706560, 0, 0, 0
27500, 880640, 0, 0, 0
27600, 819200, 0, 0, 0
27700, 890880, 0, 0, 0
27800, 808960, 0, 0, 0
27900, 747520, 0, 0, 0
28001, 716800, 0, 0, 0
28100, 837818, 0, 0, 0
28200, 778240, 0, 0, 0
28300, 634880, 0, 0, 0
28400, 778240, 0, 0, 0
28501, 768000, 0, 0, 0
28600, 703353, 0, 0, 0
28700, 808960, 0, 0, 0
28800, 880640, 0, 0, 0
28900, 655360, 0, 0, 0
29000, 880640, 0, 0, 0
29100, 624640, 0, 0, 0
29201, 911360, 0, 0, 0
29301, 696320, 0, 0, 0
29400, 1075717, 0, 0, 0
29500, 634880, 0, 0, 0
29600, 645120, 0, 0, 0
29700, 788480, 0, 0, 0
29800, 910222, 0, 0, 0
29900, 901120, 0, 0, 0
30000, 788480, 0, 0, 0
30100, 655360, 0, 0, 0
30200, 471040, 0, 0, 0
30300, 672323, 0, 0, 0
30400, 788480, 0, 0, 0
30500, 788480, 0, 0, 0
30600, 757760, 0, 0, 0
30700, 757760, 0, 0, 0
30800, 848161, 0, 0, 0
30900, 849920, 0, 0, 0
31000, 583680, 0, 0, 0
31100, 552960, 0, 0, 0
31200, 921600, 0, 0, 0
31300, 716800, 0, 0, 0
31401, 624640, 0, 0, 0
31500, 951595, 0, 0, 0
31600, 901120, 0, 0, 0
31700, 829440, 0, 0, 0
31800, 727040, 0, 0, 0
31901, 1208320, 0, 0, 0
32000, 1013656, 0, 0, 0
32100, 696320, 0, 0, 0
32200, 788480, 0, 0, 0
32300, 686080, 0, 0, 0
32400, 819200, 0, 0, 0
32501, 696320, 0, 0, 0
32600, 817131, 0, 0, 0
32700, 747520, 0, 0, 0
32800, 747520, 0, 0, 0
32900, 757760, 0, 0, 0
33001, 808960, 0, 0, 0
33100, 744727, 0, 0, 0
33200, 890880, 0, 0, 0
33300, 706560, 0, 0, 0
33400, 757760, 0, 0, 0
33501, 727040, 0, 0, 0
33600, 796444, 0, 0, 0
33700, 798720, 0, 0, 0
33800, 716800, 0, 0, 0
33900, 808960, 0, 0, 0
34001, 798720, 0, 0, 0
34100, 796444, 0, 0, 0
34200, 727040, 0, 0, 0
34300, 778240, 0, 0, 0
34400, 768000, 0, 0, 0
34501, 798720, 0, 0, 0
34600, 775757, 0, 0, 0
34700, 911360, 0, 0, 0
34800, 768000, 0, 0, 0
34900, 778240, 0, 0, 0
35001, 788480, 0, 0, 0
35100, 848161, 0, 0, 0
35200, 747520, 0, 0, 0
35300, 962560, 0, 0, 0
35400, 931840, 0, 0, 0
35500, 522240, 0, 0, 0
35600, 604160, 0, 0, 0
35700, 716800, 0, 0, 0
35801, 737280, 0, 0, 0
35900, 848161, 0, 0, 0
36000, 716800, 0, 0, 0
36100, 675840, 0, 0, 0
36200, 716800, 0, 0, 0
36300, 1116160, 0, 0, 0
36401, 1116160, 0, 0, 0
36500, 672323, 0, 0, 0
36600, 921600, 0, 0, 0
36700, 808960, 0, 0, 0
36800, 645120, 0, 0, 0
36900, 1054720, 0, 0, 0
37001, 481280, 0, 0, 0
37100, 599919, 0, 0, 0
37200, 972800, 0, 0, 0
37300, 911360, 0, 0, 0
37400, 655360, 0, 0, 0
37500, 716800, 0, 0, 0
37600, 829440, 0, 0, 0
37701, 962560, 0, 0, 0
37800, 703353, 0, 0, 0
37900, 921600, 0, 0, 0
38000, 870400, 0, 0, 0
38100, 645120, 0, 0, 0
38200, 737280, 0, 0, 0
38300, 599919, 0, 0, 0
38400, 563200, 0, 0, 0
38500, 675840, 0, 0, 0
38600, 901120, 0, 0, 0
38700, 768000, 0, 0, 0
38800, 434424, 0, 0, 0
38900, 798720, 0, 0, 0
39000, 1044480, 0, 0, 0
39100, 501760, 0, 0, 0
39200, 849920, 0, 0, 0
39300, 931840, 0, 0, 0
39400, 1136640, 0, 0, 0
39501, 645120, 0, 0, 0
39600, 620606, 0, 0, 0
39700, 1024000, 0, 0, 0
39800, 573440, 0, 0, 0
39900, 993280, 0, 0, 0
40000, 440320, 0, 0, 0
40101, 860160, 0, 0, 0
40200, 1024000, 0, 0, 0
40300, 870400, 0, 0, 0
40400, 757760, 0, 0, 0
40500, 604160, 0, 0, 0
40600, 983040, 0, 0, 0
40700, 860160, 0, 0, 0
40800, 899878, 0, 0, 0
40900, 931840, 0, 0, 0
41000, 1013760, 0, 0, 0
41100, 788480, 0, 0, 0
41201, 675840, 0, 0, 0
41300, 992969, 0, 0, 0
41400, 593920, 0, 0, 0
41500, 808960, 0, 0, 0
41600, 747520, 0, 0, 0
41700, 552960, 0, 0, 0
41800, 568888, 0, 0, 0
41900, 768000, 0, 0, 0
42000, 430080, 0, 0, 0
42100, 993280, 0, 0, 0
42200, 706560, 0, 0, 0
42301, 450560, 0, 0, 0
42400, 879191, 0, 0, 0
42500, 645120, 0, 0, 0
42600, 522240, 0, 0, 0
42700, 798720, 0, 0, 0
42800, 778240, 0, 0, 0
42900, 921600, 0, 0, 0
43001, 757760, 0, 0, 0
43100, 548202, 0, 0, 0
43200, 645120, 0, 0, 0
43300, 686080, 0, 0, 0
43400, 716800, 0, 0, 0
43500, 808960, 0, 0, 0
43600, 563200, 0, 0, 0
43701, 778240, 0, 0, 0
43800, 765414, 0, 0, 0
43900, 870400, 0, 0, 0
44000, 768000, 0, 0, 0
44100, 696320, 0, 0, 0
44200, 860160, 0, 0, 0
44300, 879191, 0, 0, 0
44400, 993280, 0, 0, 0
44500, 942080, 0, 0, 0
44600, 860160, 0, 0, 0
44700, 757760, 0, 0, 0
44800, 563200, 0, 0, 0
44900, 870400, 0, 0, 0
45001, 706560, 0, 0, 0
45100, 775757, 0, 0, 0
45200, 634880, 0, 0, 0
45300, 808960, 0, 0, 0
45400, 788480, 0, 0, 0
45501, 757760, 0, 0, 0
45600, 796444, 0, 0, 0
45700, 778240, 0, 0, 0
45800, 870400, 0, 0, 0
45900, 573440, 0, 0, 0
46000, 921600, 0, 0, 0
46100, 768000, 0, 0, 0
46200, 839680, 0, 0, 0
46301, 952320, 0, 0, 0
46400, 744727, 0, 0, 0
46500, 747520, 0, 0, 0
46600, 901120, 0, 0, 0
46700, 552960, 0, 0, 0
46800, 819200, 0, 0, 0
46901, 737280, 0, 0, 0
47000, 899878, 0, 0, 0
47100, 747520, 0, 0, 0
47200, 522240, 0, 0, 0
47300, 829440, 0, 0, 0
47400, 1003520, 0, 0, 0
47501, 747520, 0, 0, 0
47600, 661979, 0, 0, 0
47700, 860160, 0, 0, 0
47800, 860160, 0, 0, 0
47900, 931840, 0, 0, 0
48000, 808960, 0, 0, 0
48101, 972800, 0, 0, 0
48200, 837818, 0, 0, 0
48300, 808960, 0, 0, 0
48400, 450560, 0, 0, 0
48500, 696320, 0, 0, 0
48600, 901120, 0, 0, 0
48700, 901120, 0, 0, 0
48800, 624640, 0, 0, 0
48900, 849920, 0, 0, 0
49001, 778240, 0, 0, 0
49100, 910222, 0, 0, 0
49200, 808960, 0, 0, 0
49300, 808960, 0, 0, 0
49400, 604160, 0, 0, 0
49500, 614400, 0, 0, 0
49600, 1157120, 0, 0, 0
49700, 706560, 0, 0, 0
49800, 630949, 0, 0, 0
49900, 737280, 0, 0, 0
50000, 757760, 0, 0, 0
50100, 849920, 0, 0, 0
50200, 839680, 0, 0, 0
50301, 931840, 0, 0, 0
50400, 651636, 0, 0, 0
50500, 593920, 0, 0, 0
50600, 624640, 0, 0, 0
50700, 747520, 0, 0, 0
50800, 579232, 0, 0, 0
50900, 911360, 0, 0, 0
51000, 593920, 0, 0, 0
51100, 1013760, 0, 0, 0
51200, 890880, 0, 0, 0
51301, 716800, 0, 0, 0
51401, 870400, 0, 0, 0
51500, 630949, 0, 0, 0
51600, 727040, 0, 0, 0
51700, 522240, 0, 0, 0
51800, 848161, 0, 0, 0
51900, 583680, 0, 0, 0
52000, 665600, 0, 0, 0
52100, 1126400, 0, 0, 0
52201, 604160, 0, 0, 0
52300, 548202, 0, 0, 0
52400, 952320, 0, 0, 0
52501, 860160, 0, 0, 0
52600, 879191, 0, 0, 0
52700, 706560, 0, 0, 0
52800, 675840, 0, 0, 0
52900, 911360, 0, 0, 0
53001, 819200, 0, 0, 0
53100, 610262, 0, 0, 0
53200, 399360, 0, 0, 0
53300, 542720, 0, 0, 0
53400, 829440, 0, 0, 0
53500, 737280, 0, 0, 0
53600, 552960, 0, 0, 0
53700, 860160, 0, 0, 0
53800, 982626, 0, 0, 0
53900, 870400, 0, 0, 0
54000, 747520, 0, 0, 0
54100, 860160, 0, 0, 0
54200, 798720, 0, 0, 0
54300, 747520, 0, 0, 0
54405, 718769, 0, 0, 0
54505, 880640, 0, 0, 0
54605, 655360, 0, 0, 0
54706, 962560, 0, 0, 0
54806, 645120, 0, 0, 0
54906, 655360, 0, 0, 0
55006, 829440, 0, 0, 0
55107, 757760, 0, 0, 0
55207, 788480, 0, 0, 0
55307, 890880, 0, 0, 0
55407, 716800, 0, 0, 0
55507, 839680, 0, 0, 0
55607, 737280, 0, 0, 0
55708, 1034240, 0, 0, 0
55808, 870400, 0, 0, 0
55908, 808960, 0, 0, 0
56008, 829440, 0, 0, 0
56109, 583680, 0, 0, 0
56209, 686080, 0, 0, 0
56309, 624640, 0, 0, 0
56409, 880640, 0, 0, 0
56510, 819200, 0, 0, 0
56610, 727040, 0, 0, 0
56710, 686080, 0, 0, 0
56810, 778240, 0, 0, 0
56910, 798720, 0, 0, 0
57011, 911360, 0, 0, 0
57111, 716800, 0, 0, 0
57211, 778240, 0, 0, 0
57311, 860160, 0, 0, 0
57412, 757760, 0, 0, 0
57512, 665600, 0, 0, 0
57612, 829440, 0, 0, 0
57713, 870400, 0, 0, 0
57813, 952320, 0, 0, 0
57913, 798720, 0, 0, 0
58013, 348160, 0, 0, 0
58114, 890880, 0, 0, 0
58214, 839680, 0, 0, 0
58314, 819200, 0, 0, 0
58414, 624640, 0, 0, 0
58515, 962560, 0, 0, 0
58616, 860160, 0, 0, 0
58716, 870400, 0, 0, 0
58816, 1105920, 0, 0, 0
58916, 931840, 0, 0, 0
59017, 890880, 0, 0, 0
59117, 819200, 0, 0, 0
59217, 1095680, 0, 0, 0
59317, 768000, 0, 0, 0
59417, 921600, 0, 0, 0
59518, 993584, 0, 0, 0
59619, 901120, 0, 0, 0
59719, 532480, 0, 0, 0
59819, 911360, 0, 0, 0
59919, 860160, 0, 0, 0
60019, 962560, 0, 0, 0
60119, 860160, 0, 0, 0
60219, 911360, 0, 0, 0
60320, 706560, 0, 0, 0
60420, 665600, 0, 0, 0
60520, 747520, 0, 0, 0
60620, 655360, 0, 0, 0
60720, 788480, 0, 0, 0
60821, 880640, 0, 0, 0
60921, 788480, 0, 0, 0
61021, 808960, 0, 0, 0
61122, 686080, 0, 0, 0
61222, 798720, 0, 0, 0
61322, 1075200, 0, 0, 0
61422, 880640, 0, 0, 0
61522, 819200, 0, 0, 0
61622, 757760, 0, 0, 0
61722, 665600, 0, 0, 0
61823, 870400, 0, 0, 0
61923, 788480, 0, 0, 0
62023, 808960, 0, 0, 0
62124, 583680, 0, 0, 0
62224, 460800, 0, 0, 0
62324, 798720, 0, 0, 0
62424, 665600, 0, 0, 0
62524, 727040, 0, 0, 0
62625, 686080, 0, 0, 0
62725, 808960, 0, 0, 0
62826, 808960, 0, 0, 0
62926, 808960, 0, 0, 0
63026, 972800, 0, 0, 0
63126, 819200, 0, 0, 0
63226, 1013760, 0, 0, 0
63327, 890880, 0, 0, 0
63427, 819200, 0, 0, 0
63527, 931840, 0, 0, 0
63627, 901120, 0, 0, 0
63727, 1064960, 0, 0, 0
63828, 1044480, 0, 0, 0
63928, 696320, 0, 0, 0
64028, 901120, 0, 0, 0
64128, 849920, 0, 0, 0
64228, 1003520, 0, 0, 0
64329, 604160, 0, 0, 0
64429, 819200, 0, 0, 0
64530, 849920, 0, 0, 0
64630, 931840, 0, 0, 0
64730, 839680, 0, 0, 0
64830, 563200, 0, 0, 0
64930, 604160, 0, 0, 0
65032, 709702, 0, 0, 0
65132, 788480, 0, 0, 0
65232, 798720, 0, 0, 0
65333, 696320, 0, 0, 0
65433, 737280, 0, 0, 0
65533, 911360, 0, 0, 0
65633, 860160, 0, 0, 0
65734, 849920, 0, 0, 0
65834, 706560, 0, 0, 0
65934, 727040, 0, 0, 0
66034, 706560, 0, 0, 0
66134, 972800, 0, 0, 0
66235, 798720, 0, 0, 0
66335, 1034240, 0, 0, 0
66435, 952320, 0, 0, 0
66535, 952320, 0, 0, 0
66636, 768000, 0, 0, 0
66736, 962560, 0, 0, 0
66836, 880640, 0, 0, 0
66936, 716800, 0, 0, 0
67037, 1126400, 0, 0, 0
67137, 573440, 0, 0, 0
67237, 573440, 0, 0, 0
67337, 655360, 0, 0, 0
67437, 829440, 0, 0, 0
67538, 788480, 0, 0, 0
67638, 737280, 0, 0, 0
67738, 532480, 0, 0, 0
67839, 655360, 0, 0, 0
67939, 819200, 0, 0, 0
68039, 747520, 0, 0, 0
68139, 1054720, 0, 0, 0
68239, 829440, 0, 0, 0
68340, 634880, 0, 0, 0
68440, 839680, 0, 0, 0
68540, 901120, 0, 0, 0
68640, 993280, 0, 0, 0
68740, 1034240, 0, 0, 0
68841, 1013760, 0, 0, 0
68941, 880640, 0, 0, 0
69041, 860160, 0, 0, 0
69141, 307200, 0, 0, 0
69241, 890880, 0, 0, 0
69342, 829440, 0, 0, 0
69442, 552960, 0, 0, 0
69543, 1003722, 0, 0, 0
69643, 829440, 0, 0, 0
69743, 675840, 0, 0, 0
69844, 860160, 0, 0, 0
69944, 798720, 0, 0, 0
70044, 849920, 0, 0, 0
70144, 1024000, 0, 0, 0
70244, 870400, 0, 0, 0
70345, 942080, 0, 0, 0
70445, 849920, 0, 0, 0
70545, 604160, 0, 0, 0
70645, 675840, 0, 0, 0
70745, 880640, 0, 0, 0
70846, 1075200, 0, 0, 0
70946, 880640, 0, 0, 0
71046, 552960, 0, 0, 0
71146, 1054720, 0, 0, 0
71246, 696320, 0, 0, 0
71347, 1105920, 0, 0, 0
71447, 593920, 0, 0, 0
71549, 632470, 0, 0, 0
71649, 901120, 0, 0, 0
71750, 471040, 0, 0, 0
71850, 512000, 0, 0, 0
71950, 645120, 0, 0, 0
72050, 614400, 0, 0, 0
72150, 983040, 0, 0, 0
72251, 378880, 0, 0, 0
72351, 747520, 0, 0, 0
72451, 778240, 0, 0, 0
72551, 870400, 0, 0, 0
72651, 860160, 0, 0, 0
72751, 693010, 0, 0, 0
72851, 808960, 0, 0, 0
72951, 931840, 0, 0, 0
73051, 532480, 0, 0, 0
73152, 931840, 0, 0, 0
73251, 775757, 0, 0, 0
73351, 993280, 0, 0, 0
73451, 962560, 0, 0, 0
73551, 798720, 0, 0, 0
73651, 870400, 0, 0, 0
73751, 1013656, 0, 0, 0
73851, 829440, 0, 0, 0
73951, 583680, 0, 0, 0
74051, 512000, 0, 0, 0
74151, 860160, 0, 0, 0
74251, 734383, 0, 0, 0
74351, 583680, 0, 0, 0
74451, 665600, 0, 0, 0
74551, 542720, 0, 0, 0
74651, 665600, 0, 0, 0
74751, 486141, 0, 0, 0
74851, 706560, 0, 0, 0
74951, 1157120, 0, 0, 0
75052, 829440, 0, 0, 0
75152, 491520, 0, 0, 0
75252, 870400, 0, 0, 0
75353, 942080, 0, 0, 0
75453, 942080, 0, 0, 0
75553, 819200, 0, 0, 0
75653, 686080, 0, 0, 0
75754, 931840, 0, 0, 0
75854, 778240, 0, 0, 0
75954, 706560, 0, 0, 0
76054, 1116160, 0, 0, 0
76154, 1126400, 0, 0, 0
76254, 532480, 0, 0, 0
76355, 634880, 0, 0, 0
76455, 778240, 0, 0, 0
76555, 471040, 0, 0, 0
76655, 993280, 0, 0, 0
76756, 747520, 0, 0, 0
76856, 870400, 0, 0, 0
76956, 501760, 0, 0, 0
77057, 645120, 0, 0, 0
77157, 563200, 0, 0, 0
77257, 1228800, 0, 0, 0
77357, 737280, 0, 0, 0
77457, 942080, 0, 0, 0
77558, 829440, 0, 0, 0
77658, 931840, 0, 0, 0
77758, 624640, 0, 0, 0
77858, 778240, 0, 0, 0
77958, 665600, 0, 0, 0
78059, 829440, 0, 0, 0
78159, 798720, 0, 0, 0
78260, 911360, 0, 0, 0
78360, 788480, 0, 0, 0
78460, 880640, 0, 0, 0
78560, 839680, 0, 0, 0
78660, 768000, 0, 0, 0
78761, 645120, 0, 0, 0
78861, 768000, 0, 0, 0
78961, 675840, 0, 0, 0
79061, 716800, 0, 0, 0
79161, 808960, 0, 0, 0
79262, 768000, 0, 0, 0
79362, 911360, 0, 0, 0
79462, 798720, 0, 0, 0
79562, 706560, 0, 0, 0
79662, 757760, 0, 0, 0
79763, 778240, 0, 0, 0
79863, 747520, 0, 0, 0
79963, 808960, 0, 0, 0
80063, 768000, 0, 0, 0
80164, 860160, 0, 0, 0
80264, 624640, 0, 0, 0
80364, 829440, 0, 0, 0
80465, 829440, 0, 0, 0
80565, 460800, 0, 0, 0
80665, 829440, 0, 0, 0
80766, 634880, 0, 0, 0
80866, 901120, 0, 0, 0
80966, 808960, 0, 0, 0
81066, 962560, 0, 0, 0
81166, 655360, 0, 0, 0
81267, 409600, 0, 0, 0
81367, 440320, 0, 0, 0
81467, 962560, 0, 0, 0
81567, 1095680, 0, 0, 0
81667, 522240, 0, 0, 0
81768, 788480, 0, 0, 0
81868, 696320, 0, 0, 0
81968, 778240, 0, 0, 0
82068, 788480, 0, 0, 0
82168, 737280, 0, 0, 0
82268, 604160, 0, 0, 0
82369, 634880, 0, 0, 0
82469, 1024000, 0, 0, 0
82569, 993280, 0, 0, 0
82669, 747520, 0, 0, 0
82770, 778240, 0, 0, 0
82870, 808960, 0, 0, 0
82970, 604160, 0, 0, 0
83070, 737280, 0, 0, 0
83170, 655360, 0, 0, 0
83271, 829440, 0, 0, 0
83371, 829440, 0, 0, 0
83471, 849920, 0, 0, 0
83571, 890880, 0, 0, 0
83671, 819200, 0, 0, 0
83772, 768000, 0, 0, 0
83872, 1085440, 0, 0, 0
83972, 737280, 0, 0, 0
84072, 860160, 0, 0, 0
84172, 942080, 0, 0, 0
84273, 737280, 0, 0, 0
84373, 788480, 0, 0, 0
84473, 1034240, 0, 0, 0
84573, 675840, 0, 0, 0
84673, 839680, 0, 0, 0
84774, 778240, 0, 0, 0
84874, 655360, 0, 0, 0
84974, 655360, 0, 0, 0
85074, 645120, 0, 0, 0
85174, 1085440, 0, 0, 0
85275, 737280, 0, 0, 0
85375, 655360, 0, 0, 0
85475, 901120, 0, 0, 0
85575, 686080, 0, 0, 0
85675, 706560, 0, 0, 0
85776, 901120, 0, 0, 0
85876, 890880, 0, 0, 0
85976, 604160, 0, 0, 0
86076, 665600, 0, 0, 0
86176, 931840, 0, 0, 0
86277, 1003520, 0, 0, 0
86377, 747520, 0, 0, 0
86477, 890880, 0, 0, 0
86577, 870400, 0, 0, 0
86677, 890880, 0, 0, 0
86778, 901120, 0, 0, 0
86878, 532480, 0, 0, 0
86978, 624640, 0, 0, 0
87078, 634880, 0, 0, 0
87178, 849920, 0, 0, 0
87279, 870400, 0, 0, 0
87379, 1013760, 0, 0, 0
87479, 788480, 0, 0, 0
87579, 768000, 0, 0, 0
87679, 634880, 0, 0, 0
87780, 778240, 0, 0, 0
87880, 1034240, 0, 0, 0
87980, 737280, 0, 0, 0
88080, 716800, 0, 0, 0
88181, 716800, 0, 0, 0
88281, 911360, 0, 0, 0
88381, 665600, 0, 0, 0
88481, 727040, 0, 0, 0
88582, 737280, 0, 0, 0
88682, 1075200, 0, 0, 0
88782, 870400, 0, 0, 0
88882, 788480, 0, 0, 0
88982, 890880, 0, 0, 0
89082, 419840, 0, 0, 0
89183, 1013760, 0, 0, 0
89283, 901120, 0, 0, 0
89383, 737280, 0, 0, 0
89483, 880640, 0, 0, 0
89584, 696320, 0, 0, 0
89684, 737280, 0, 0, 0
89784, 737280, 0, 0, 0
89885, 952320, 0, 0, 0
89985, 706560, 0, 0, 0
