250, 1343488, 0, 0, 0
350, 1495040, 0, 0, 0
450, 1454080, 0, 0, 0
550, 1454080, 0, 0, 0
650, 1495040, 0, 0, 0
749, 1530828, 0, 0, 0
849, 1515520, 0, 0, 0
950, 1495040, 0, 0, 0
1050, 1474560, 0, 0, 0
1150, 1474560, 0, 0, 0
1249, 1489454, 0, 0, 0
1349, 1454080, 0, 0, 0
1449, 1495040, 0, 0, 0
1549, 1454080, 0, 0, 0
1649, 1474560, 0, 0, 0
1749, 1454080, 0, 0, 0
1849, 1413120, 0, 0, 0
1949, 1413120, 0, 0, 0
2050, 1454080, 0, 0, 0
2150, 1433600, 0, 0, 0
2249, 1448080, 0, 0, 0
2349, 1454080, 0, 0, 0
2449, 1413120, 0, 0, 0
2549, 1433600, 0, 0, 0
2649, 1413120, 0, 0, 0
2749, 1413120, 0, 0, 0
2849, 1454080, 0, 0, 0
2949, 1433600, 0, 0, 0
3050, 1454080, 0, 0, 0
3150, 1474560, 0, 0, 0
3249, 1510141, 0, 0, 0
3349, 1474560, 0, 0, 0
3449, 1495040, 0, 0, 0
3549, 1474560, 0, 0, 0
3649, 1495040, 0, 0, 0
3749, 1515520, 0, 0, 0
3849, 1454080, 0, 0, 0
3949, 1413120, 0, 0, 0
4049, 1495040, 0, 0, 0
4150, 1454080, 0, 0, 0
4249, 1489454, 0, 0, 0
4349, 1454080, 0, 0, 0
4449, 1495040, 0, 0, 0
4549, 1495040, 0, 0, 0
4649, 1495040, 0, 0, 0
4749, 1495040, 0, 0, 0
4849, 1495040, 0, 0, 0
4949, 1474560, 0, 0, 0
5049, 1515520, 0, 0, 0
5149, 1474560, 0, 0, 0
5250, 1474560, 0, 0, 0
5350, 1413120, 0, 0, 0
5450, 1474560, 0, 0, 0
5550, 1372160, 0, 0, 0
5650, 1392640, 0, 0, 0
5749, 1427393, 0, 0, 0
5849, 1454080, 0, 0, 0
5949, 1454080, 0, 0, 0
6049, 1536000, 0, 0, 0
6149, 1454080, 0, 0, 0
6250, 1454080, 0, 0, 0
6350, 1495040, 0, 0, 0
6450, 1454080, 0, 0, 0
6550, 1454080, 0, 0, 0
6650, 1454080, 0, 0, 0
6749, 1427393, 0, 0, 0
6849, 1372160, 0, 0, 0
6949, 1413120, 0, 0, 0
7049, 1433600, 0, 0, 0
7149, 1454080, 0, 0, 0
7250, 1351680, 0, 0, 0
7350, 1392640, 0, 0, 0
7450, 1351680, 0, 0, 0
7550, 1413120, 0, 0, 0
7650, 1351680, 0, 0, 0
7749, 1365333, 0, 0, 0
7849, 1413120, 0, 0, 0
7949, 1454080, 0, 0, 0
8049, 1474560, 0, 0, 0
8150, 1454080, 0, 0, 0
8249, 1406707, 0, 0, 0
8349, 1433600, 0, 0, 0
8449, 1372160, 0, 0, 0
8549, 1433600, 0, 0, 0
8649, 1392640, 0, 0, 0
8749, 1433600, 0, 0, 0
8849, 1413120, 0, 0, 0
8949, 1433600, 0, 0, 0
9049, 1454080, 0, 0, 0
9150, 1372160, 0, 0, 0
9249, 1303272, 0, 0, 0
9349, 1372160, 0, 0, 0
9449, 1290240, 0, 0, 0
9549, 1392640, 0, 0, 0
9649, 1331200, 0, 0, 0
9749, 1413120, 0, 0, 0
9849, 1331200, 0, 0, 0
9949, 1433600, 0, 0, 0
10050, 1372160, 0, 0, 0
10150, 1290240, 0, 0, 0
10249, 1261898, 0, 0, 0
10349, 1392640, 0, 0, 0
10449, 1433600, 0, 0, 0
10549, 1474560, 0, 0, 0
10649, 1392640, 0, 0, 0
10749, 1433600, 0, 0, 0
10849, 1433600, 0, 0, 0
10949, 1474560, 0, 0, 0
11050, 1433600, 0, 0, 0
11150, 1474560, 0, 0, 0
11249, 1386020, 0, 0, 0
11349, 1372160, 0, 0, 0
11449, 1413120, 0, 0, 0
11549, 1413120, 0, 0, 0
11649, 1372160, 0, 0, 0
11749, 1413120, 0, 0, 0
11849, 1495040, 0, 0, 0
11949, 1474560, 0, 0, 0
12049, 1454080, 0, 0, 0
12150, 1474560, 0, 0, 0
12250, 1474560, 0, 0, 0
12350, 1474560, 0, 0, 0
12450, 1495040, 0, 0, 0
12550, 1536000, 0, 0, 0
12650, 1515520, 0, 0, 0
12749, 1468767, 0, 0, 0
12849, 1433600, 0, 0, 0
12949, 1495040, 0, 0, 0
13050, 1495040, 0, 0, 0
13150, 1495040, 0, 0, 0
13249, 1406707, 0, 0, 0
13349, 1433600, 0, 0, 0
13449, 1413120, 0, 0, 0
13549, 1433600, 0, 0, 0
13649, 1474560, 0, 0, 0
13749, 1515520, 0, 0, 0
13849, 1515520, 0, 0, 0
13949, 1413120, 0, 0, 0
14050, 1454080, 0, 0, 0
14150, 1474560, 0, 0, 0
14249, 1510141, 0, 0, 0
14349, 1474560, 0, 0, 0
14449, 1454080, 0, 0, 0
14549, 1433600, 0, 0, 0
14649, 1413120, 0, 0, 0
14749, 1413120, 0, 0, 0
14849, 1495040, 0, 0, 0
14949, 1413120, 0, 0, 0
15049, 1454080, 0, 0, 0
15149, 1310720, 0, 0, 0
15250, 1269760, 0, 0, 0
15350, 1310720, 0, 0, 0
15450, 1290240, 0, 0, 0
15550, 1187840, 0, 0, 0
15650, 1208320, 0, 0, 0
15749, 1241212, 0, 0, 0
15849, 1249280, 0, 0, 0
15949, 1208320, 0, 0, 0
16049, 1269760, 0, 0, 0
16149, 1269760, 0, 0, 0
16250, 1228800, 0, 0, 0
16350, 1331200, 0, 0, 0
16450, 1269760, 0, 0, 0
16550, 1331200, 0, 0, 0
16650, 1331200, 0, 0, 0
16749, 1261898, 0, 0, 0
16849, 1249280, 0, 0, 0
16949, 1249280, 0, 0, 0
17050, 1290240, 0, 0, 0
17150, 1249280, 0, 0, 0
17249, 1282585, 0, 0, 0
17349, 1228800, 0, 0, 0
17449, 1208320, 0, 0, 0
17549, 1249280, 0, 0, 0
17649, 1249280, 0, 0, 0
17749, 1331200, 0, 0, 0
17849, 1249280, 0, 0, 0
17949, 1249280, 0, 0, 0
18050, 1228800, 0, 0, 0
18150, 1269760, 0, 0, 0
18249, 1282585, 0, 0, 0
18349, 1290240, 0, 0, 0
18449, 1310720, 0, 0, 0
18549, 1290240, 0, 0, 0
18649, 1249280, 0, 0, 0
18749, 1290240, 0, 0, 0
18849, 1187840, 0, 0, 0
18949, 1228800, 0, 0, 0
19049, 1249280, 0, 0, 0
19149, 1290240, 0, 0, 0
19249, 1323959, 0, 0, 0
19349, 1269760, 0, 0, 0
19449, 1249280, 0, 0, 0
19549, 1228800, 0, 0, 0
19649, 1249280, 0, 0, 0
19749, 1269760, 0, 0, 0
19849, 1269760, 0, 0, 0
19950, 1249280, 0, 0, 0
20050, 1249280, 0, 0, 0
20150, 1249280, 0, 0, 0
20249, 1220525, 0, 0, 0
20349, 1208320, 0, 0, 0
20449, 1269760, 0, 0, 0
20549, 1331200, 0, 0, 0
20649, 1290240, 0, 0, 0
20750, 1269760, 0, 0, 0
20850, 1228800, 0, 0, 0
20950, 1228800, 0, 0, 0
21050, 1269760, 0, 0, 0
21150, 1290240, 0, 0, 0
21249, 1303272, 0, 0, 0
21349, 1290240, 0, 0, 0
21449, 1310720, 0, 0, 0
21550, 1228800, 0, 0, 0
21650, 1249280, 0, 0, 0
21749, 1261898, 0, 0, 0
21849, 1208320, 0, 0, 0
21949, 1208320, 0, 0, 0
22049, 1269760, 0, 0, 0
22149, 1208320, 0, 0, 0
22250, 1208320, 0, 0, 0
22350, 1228800, 0, 0, 0
22450, 1167360, 0, 0, 0
22550, 1290240, 0, 0, 0
22650, 1269760, 0, 0, 0
22749, 1303272, 0, 0, 0
22849, 1331200, 0, 0, 0
22949, 1208320, 0, 0, 0
23049, 1228800, 0, 0, 0
23149, 1249280, 0, 0, 0
23250, 1331200, 0, 0, 0
23350, 1290240, 0, 0, 0
23450, 1290240, 0, 0, 0
23550, 1290240, 0, 0, 0
23650, 1290240, 0, 0, 0
23749, 1303272, 0, 0, 0
23849, 1208320, 0, 0, 0
23949, 1228800, 0, 0, 0
24049, 1269760, 0, 0, 0
24149, 1269760, 0, 0, 0
24249, 1269760, 0, 0, 0
24350, 1310720, 0, 0, 0
24450, 1290240, 0, 0, 0
24550, 1290240, 0, 0, 0
24650, 1249280, 0, 0, 0
24749, 1261898, 0, 0, 0
24849, 1310720, 0, 0, 0
24949, 1310720, 0, 0, 0
25050, 1310720, 0, 0, 0
25150, 1331200, 0, 0, 0
25249, 1344646, 0, 0, 0
25349, 1372160, 0, 0, 0
25449, 1249280, 0, 0, 0
25549, 1331200, 0, 0, 0
25649, 1331200, 0, 0, 0
25750, 1290240, 0, 0, 0
25850, 1228800, 0, 0, 0
25950, 1269760, 0, 0, 0
26050, 1290240, 0, 0, 0
26150, 1351680, 0, 0, 0
26249, 1282585, 0, 0, 0
26349, 1290240, 0, 0, 0
26449, 1249280, 0, 0, 0
26549, 1331200, 0, 0, 0
26649, 1290240, 0, 0, 0
26749, 1413120, 0, 0, 0
26850, 1433600, 0, 0, 0
26950, 1413120, 0, 0, 0
27050, 1413120, 0, 0, 0
27150, 1454080, 0, 0, 0
27249, 1468767, 0, 0, 0
27349, 1495040, 0, 0, 0
27449, 1433600, 0, 0, 0
27549, 1454080, 0, 0, 0
27649, 1474560, 0, 0, 0
27750, 1392640, 0, 0, 0
27850, 1495040, 0, 0, 0
27950, 1515520, 0, 0, 0
28050, 1495040, 0, 0, 0
28150, 1454080, 0, 0, 0
28249, 1386020, 0, 0, 0
28349, 1474560, 0, 0, 0
28449, 1372160, 0, 0, 0
28550, 1392640, 0, 0, 0
28650, 1392640, 0, 0, 0
28749, 1489454, 0, 0, 0
28849, 1392640, 0, 0, 0
28949, 1372160, 0, 0, 0
29049, 1495040, 0, 0, 0
29149, 1495040, 0, 0, 0
29249, 1454080, 0, 0, 0
29349, 1433600, 0, 0, 0
29449, 1433600, 0, 0, 0
29549, 1495040, 0, 0, 0
29649, 1474560, 0, 0, 0
29750, 1454080, 0, 0, 0
29850, 1433600, 0, 0, 0
29950, 1474560, 0, 0, 0
30050, 1474560, 0, 0, 0
30150, 1474560, 0, 0, 0
30249, 1427393, 0, 0, 0
30349, 1495040, 0, 0, 0
30449, 1495040, 0, 0, 0
30549, 1474560, 0, 0, 0
30649, 1454080, 0, 0, 0
30750, 1515520, 0, 0, 0
30850, 1454080, 0, 0, 0
30950, 1515520, 0, 0, 0
31050, 1454080, 0, 0, 0
31150, 1515520, 0, 0, 0
31249, 1448080, 0, 0, 0
31349, 1433600, 0, 0, 0
31449, 1515520, 0, 0, 0
31549, 1536000, 0, 0, 0
31649, 1515520, 0, 0, 0
31750, 1495040, 0, 0, 0
31850, 1515520, 0, 0, 0
31950, 1515520, 0, 0, 0
32050, 1433600, 0, 0, 0
32150, 1495040, 0, 0, 0
32249, 1468767, 0, 0, 0
32349, 1515520, 0, 0, 0
32449, 1576960, 0, 0, 0
32549, 1536000, 0, 0, 0
32649, 1515520, 0, 0, 0
32749, 1454080, 0, 0, 0
32849, 1536000, 0, 0, 0
32950, 1536000, 0, 0, 0
33050, 1474560, 0, 0, 0
33150, 1454080, 0, 0, 0
33249, 1448080, 0, 0, 0
33349, 1454080, 0, 0, 0
33449, 1433600, 0, 0, 0
33549, 1392640, 0, 0, 0
33649, 1433600, 0, 0, 0
33750, 1433600, 0, 0, 0
33850, 1454080, 0, 0, 0
33950, 1454080, 0, 0, 0
34050, 1495040, 0, 0, 0
34150, 1474560, 0, 0, 0
34249, 1468767, 0, 0, 0
34349, 1433600, 0, 0, 0
34449, 1433600, 0, 0, 0
34549, 1474560, 0, 0, 0
34649, 1413120, 0, 0, 0
34750, 1413120, 0, 0, 0
34850, 1454080, 0, 0, 0
34950, 1392640, 0, 0, 0
35050, 1413120, 0, 0, 0
35150, 1433600, 0, 0, 0
35249, 1468767, 0, 0, 0
35349, 1433600, 0, 0, 0
35449, 1495040, 0, 0, 0
35550, 1474560, 0, 0, 0
35650, 1454080, 0, 0, 0
35749, 1489454, 0, 0, 0
35849, 1515520, 0, 0, 0
35949, 1536000, 0, 0, 0
36049, 1495040, 0, 0, 0
36149, 1515520, 0, 0, 0
36249, 1515520, 0, 0, 0
36349, 1536000, 0, 0, 0
36449, 1536000, 0, 0, 0
36549, 1495040, 0, 0, 0
36649, 1515520, 0, 0, 0
36750, 1515520, 0, 0, 0
36850, 1515520, 0, 0, 0
36950, 1536000, 0, 0, 0
37050, 1495040, 0, 0, 0
37150, 1515520, 0, 0, 0
37249, 1468767, 0, 0, 0
37349, 1536000, 0, 0, 0
37449, 1495040, 0, 0, 0
37549, 1515520, 0, 0, 0
37649, 1536000, 0, 0, 0
37749, 1515520, 0, 0, 0
37849, 1515520, 0, 0, 0
37949, 1495040, 0, 0, 0
38050, 1495040, 0, 0, 0
38150, 1474560, 0, 0, 0
38249, 1448080, 0, 0, 0
38349, 1310720, 0, 0, 0
38449, 1310720, 0, 0, 0
38549, 1249280, 0, 0, 0
38649, 1249280, 0, 0, 0
38750, 1331200, 0, 0, 0
38850, 1269760, 0, 0, 0
38950, 1249280, 0, 0, 0
39050, 1269760, 0, 0, 0
39150, 1310720, 0, 0, 0
39249, 1282585, 0, 0, 0
39349, 1310720, 0, 0, 0
39449, 1208320, 0, 0, 0
39549, 1290240, 0, 0, 0
39649, 1290240, 0, 0, 0
39750, 1310720, 0, 0, 0
39850, 1290240, 0, 0, 0
39950, 1249280, 0, 0, 0
40050, 1249280, 0, 0, 0
40150, 1167360, 0, 0, 0
40249, 1241212, 0, 0, 0
40349, 1269760, 0, 0, 0
40449, 1310720, 0, 0, 0
40549, 1269760, 0, 0, 0
40649, 1331200, 0, 0, 0
40750, 1454080, 0, 0, 0
40850, 1413120, 0, 0, 0
40950, 1351680, 0, 0, 0
41050, 1392640, 0, 0, 0
41150, 1433600, 0, 0, 0
41249, 1427393, 0, 0, 0
41349, 1454080, 0, 0, 0
41449, 1433600, 0, 0, 0
41549, 1495040, 0, 0, 0
41649, 1413120, 0, 0, 0
41749, 1474560, 0, 0, 0
41849, 1495040, 0, 0, 0
41950, 1454080, 0, 0, 0
42050, 1372160, 0, 0, 0
42150, 1249280, 0, 0, 0
42249, 1241212, 0, 0, 0
42349, 1228800, 0, 0, 0
42449, 1228800, 0, 0, 0
42549, 1249280, 0, 0, 0
42650, 1249280, 0, 0, 0
42749, 1261898, 0, 0, 0
42849, 1208320, 0, 0, 0
42949, 1208320, 0, 0, 0
43049, 1167360, 0, 0, 0
43149, 1208320, 0, 0, 0
43249, 1228800, 0, 0, 0
43349, 1187840, 0, 0, 0
43449, 1249280, 0, 0, 0
43550, 1208320, 0, 0, 0
43650, 1208320, 0, 0, 0
43749, 1241212, 0, 0, 0
43849, 1249280, 0, 0, 0
43949, 1228800, 0, 0, 0
44049, 1269760, 0, 0, 0
44149, 1372160, 0, 0, 0
44250, 1372160, 0, 0, 0
44350, 1331200, 0, 0, 0
44450, 1372160, 0, 0, 0
44550, 1331200, 0, 0, 0
44650, 1331200, 0, 0, 0
44749, 1365333, 0, 0, 0
44849, 1290240, 0, 0, 0
44949, 1269760, 0, 0, 0
45050, 1372160, 0, 0, 0
45150, 1290240, 0, 0, 0
45249, 1323959, 0, 0, 0
45349, 1310720, 0, 0, 0
45449, 1372160, 0, 0, 0
45549, 1290240, 0, 0, 0
45649, 1495040, 0, 0, 0
45749, 1433600, 0, 0, 0
45849, 1310720, 0, 0, 0
45949, 1372160, 0, 0, 0
46050, 1474560, 0, 0, 0
46150, 1454080, 0, 0, 0
46249, 1344646, 0, 0, 0
46349, 1331200, 0, 0, 0
46449, 1310720, 0, 0, 0
46549, 1372160, 0, 0, 0
46649, 1351680, 0, 0, 0
46749, 1331200, 0, 0, 0
46850, 1495040, 0, 0, 0
46950, 1474560, 0, 0, 0
47050, 1495040, 0, 0, 0
47150, 1495040, 0, 0, 0
47249, 1365333, 0, 0, 0
47349, 1495040, 0, 0, 0
47449, 1536000, 0, 0, 0
47549, 1474560, 0, 0, 0
47649, 1495040, 0, 0, 0
47749, 1474560, 0, 0, 0
47849, 1454080, 0, 0, 0
47949, 1392640, 0, 0, 0
48050, 1433600, 0, 0, 0
48150, 1454080, 0, 0, 0
48249, 1510141, 0, 0, 0
48349, 1495040, 0, 0, 0
48449, 1495040, 0, 0, 0
48549, 1392640, 0, 0, 0
48649, 1413120, 0, 0, 0
48749, 1454080, 0, 0, 0
48849, 1515520, 0, 0, 0
48949, 1433600, 0, 0, 0
49050, 1474560, 0, 0, 0
49150, 1474560, 0, 0, 0
49249, 1510141, 0, 0, 0
49349, 1454080, 0, 0, 0
49449, 1433600, 0, 0, 0
49549, 1495040, 0, 0, 0
49649, 1474560, 0, 0, 0
49749, 1495040, 0, 0, 0
49849, 1495040, 0, 0, 0
49949, 1515520, 0, 0, 0
50050, 1474560, 0, 0, 0
50150, 1495040, 0, 0, 0
50249, 1365333, 0, 0, 0
50349, 1351680, 0, 0, 0
50449, 1372160, 0, 0, 0
50549, 1372160, 0, 0, 0
50649, 1331200, 0, 0, 0
50749, 1372160, 0, 0, 0
50849, 1331200, 0, 0, 0
50949, 1331200, 0, 0, 0
51050, 1331200, 0, 0, 0
51150, 1310720, 0, 0, 0
51249, 1282585, 0, 0, 0
51349, 1310720, 0, 0, 0
51449, 1351680, 0, 0, 0
51549, 1290240, 0, 0, 0
51649, 1269760, 0, 0, 0
51749, 1351680, 0, 0, 0
51849, 1392640, 0, 0, 0
51949, 1392640, 0, 0, 0
52049, 1372160, 0, 0, 0
52149, 1372160, 0, 0, 0
52250, 1392640, 0, 0, 0
52350, 1351680, 0, 0, 0
52450, 1413120, 0, 0, 0
52550, 1413120, 0, 0, 0
52650, 1331200, 0, 0, 0
52749, 1344646, 0, 0, 0
52849, 1269760, 0, 0, 0
52949, 1290240, 0, 0, 0
53050, 1331200, 0, 0, 0
53150, 1146880, 0, 0, 0
53249, 1117090, 0, 0, 0
53349, 1146880, 0, 0, 0
53449, 1167360, 0, 0, 0
53549, 1208320, 0, 0, 0
53649, 1228800, 0, 0, 0
53749, 1290240, 0, 0, 0
53849, 1331200, 0, 0, 0
53949, 1310720, 0, 0, 0
54050, 1351680, 0, 0, 0
54150, 1331200, 0, 0, 0
54249, 1323959, 0, 0, 0
54349, 1310720, 0, 0, 0
54449, 1290240, 0, 0, 0
54549, 1310720, 0, 0, 0
54649, 1310720, 0, 0, 0
54749, 1331200, 0, 0, 0
54849, 1269760, 0, 0, 0
54949, 1290240, 0, 0, 0
55050, 1310720, 0, 0, 0
55150, 1331200, 0, 0, 0
55249, 1282585, 0, 0, 0
55349, 1290240, 0, 0, 0
55449, 1331200, 0, 0, 0
55549, 1290240, 0, 0, 0
55649, 1290240, 0, 0, 0
55749, 1269760, 0, 0, 0
55849, 1269760, 0, 0, 0
55949, 1310720, 0, 0, 0
56050, 1310720, 0, 0, 0
56150, 1290240, 0, 0, 0
56249, 1323959, 0, 0, 0
56349, 1331200, 0, 0, 0
56449, 1310720, 0, 0, 0
56549, 1310720, 0, 0, 0
56649, 1310720, 0, 0, 0
56749, 1372160, 0, 0, 0
56849, 1310720, 0, 0, 0
56949, 1269760, 0, 0, 0
57049, 1331200, 0, 0, 0
57150, 1269760, 0, 0, 0
57250, 1290240, 0, 0, 0
57350, 1269760, 0, 0, 0
57450, 1331200, 0, 0, 0
57550, 1290240, 0, 0, 0
57650, 1310720, 0, 0, 0
57749, 1303272, 0, 0, 0
57849, 1310720, 0, 0, 0
57949, 1249280, 0, 0, 0
58049, 1310720, 0, 0, 0
58149, 1290240, 0, 0, 0
58250, 1269760, 0, 0, 0
58350, 1310720, 0, 0, 0
58450, 1290240, 0, 0, 0
58550, 1310720, 0, 0, 0
58650, 1249280, 0, 0, 0
58749, 1323959, 0, 0, 0
58849, 1310720, 0, 0, 0
58949, 1208320, 0, 0, 0
59049, 1269760, 0, 0, 0
59149, 1269760, 0, 0, 0
59249, 1290240, 0, 0, 0
59349, 1228800, 0, 0, 0
59449, 1228800, 0, 0, 0
59550, 1290240, 0, 0, 0
59650, 1290240, 0, 0, 0
59749, 1261898, 0, 0, 0
59849, 1290240, 0, 0, 0
59949, 1290240, 0, 0, 0
60049, 1290240, 0, 0, 0
60149, 1310720, 0, 0, 0
60250, 1331200, 0, 0, 0
60350, 1310720, 0, 0, 0
60450, 1331200, 0, 0, 0
60550, 1310720, 0, 0, 0
60650, 1331200, 0, 0, 0
60749, 1303272, 0, 0, 0
60849, 1310720, 0, 0, 0
60949, 1310720, 0, 0, 0
61049, 1290240, 0, 0, 0
61149, 1290240, 0, 0, 0
61249, 1331200, 0, 0, 0
61349, 1331200, 0, 0, 0
61449, 1351680, 0, 0, 0
61550, 1331200, 0, 0, 0
61650, 1331200, 0, 0, 0
61749, 1261898, 0, 0, 0
61849, 1331200, 0, 0, 0
61949, 1290240, 0, 0, 0
62049, 1310720, 0, 0, 0
62149, 1310720, 0, 0, 0
62249, 1331200, 0, 0, 0
62349, 1351680, 0, 0, 0
62449, 1310720, 0, 0, 0
62550, 1351680, 0, 0, 0
62650, 1310720, 0, 0, 0
62749, 1261898, 0, 0, 0
62849, 1228800, 0, 0, 0
62949, 1310720, 0, 0, 0
63049, 1310720, 0, 0, 0
63149, 1290240, 0, 0, 0
63249, 1290240, 0, 0, 0
63349, 1310720, 0, 0, 0
63449, 1126400, 0, 0, 0
63549, 1208320, 0, 0, 0
63649, 1167360, 0, 0, 0
63750, 1187840, 0, 0, 0
63850, 1228800, 0, 0, 0
63950, 1228800, 0, 0, 0
64050, 1228800, 0, 0, 0
64150, 1208320, 0, 0, 0
64249, 1303272, 0, 0, 0
64349, 1269760, 0, 0, 0
64449, 1269760, 0, 0, 0
64549, 1290240, 0, 0, 0
64649, 1249280, 0, 0, 0
64750, 1269760, 0, 0, 0
64850, 1331200, 0, 0, 0
64950, 1290240, 0, 0, 0
65050, 1310720, 0, 0, 0
65150, 1269760, 0, 0, 0
65249, 1323959, 0, 0, 0
65349, 1269760, 0, 0, 0
65449, 1249280, 0, 0, 0
65549, 1187840, 0, 0, 0
65649, 1228800, 0, 0, 0
65749, 1228800, 0, 0, 0
65849, 1187840, 0, 0, 0
65949, 1187840, 0, 0, 0
66050, 1208320, 0, 0, 0
66150, 1228800, 0, 0, 0
66249, 1179151, 0, 0, 0
66349, 1105920, 0, 0, 0
66449, 1146880, 0, 0, 0
66549, 1146880, 0, 0, 0
66649, 1126400, 0, 0, 0
66749, 1167360, 0, 0, 0
66849, 1126400, 0, 0, 0
66949, 1126400, 0, 0, 0
67050, 1146880, 0, 0, 0
67150, 1126400, 0, 0, 0
67249, 1179151, 0, 0, 0
67349, 1290240, 0, 0, 0
67449, 1249280, 0, 0, 0
67549, 1249280, 0, 0, 0
67649, 1269760, 0, 0, 0
67749, 1290240, 0, 0, 0
67849, 1310720, 0, 0, 0
67949, 1269760, 0, 0, 0
68049, 1310720, 0, 0, 0
68149, 1249280, 0, 0, 0
68250, 1310720, 0, 0, 0
68350, 1269760, 0, 0, 0
68450, 1228800, 0, 0, 0
68550, 1290240, 0, 0, 0
68650, 1269760, 0, 0, 0
68749, 1282585, 0, 0, 0
68849, 1249280, 0, 0, 0
68949, 1249280, 0, 0, 0
69049, 1249280, 0, 0, 0
69149, 1249280, 0, 0, 0
69249, 1228800, 0, 0, 0
69350, 1249280, 0, 0, 0
69450, 1269760, 0, 0, 0
69550, 1290240, 0, 0, 0
69650, 1249280, 0, 0, 0
69749, 1241212, 0, 0, 0
69849, 1228800, 0, 0, 0
69949, 1208320, 0, 0, 0
70049, 1310720, 0, 0, 0
70149, 1249280, 0, 0, 0
70250, 1290240, 0, 0, 0
70350, 1310720, 0, 0, 0
70450, 1269760, 0, 0, 0
70550, 1249280, 0, 0, 0
70650, 1269760, 0, 0, 0
70749, 1303272, 0, 0, 0
70849, 1249280, 0, 0, 0
70949, 1249280, 0, 0, 0
71049, 1290240, 0, 0, 0
71149, 1269760, 0, 0, 0
71249, 1269760, 0, 0, 0
71350, 1290240, 0, 0, 0
71450, 1269760, 0, 0, 0
71550, 1290240, 0, 0, 0
71650, 1351680, 0, 0, 0
71749, 1303272, 0, 0, 0
71849, 1290240, 0, 0, 0
71949, 1290240, 0, 0, 0
72049, 1290240, 0, 0, 0
72149, 1331200, 0, 0, 0
72250, 1290240, 0, 0, 0
72350, 1310720, 0, 0, 0
72450, 1310720, 0, 0, 0
72550, 1331200, 0, 0, 0
72650, 1290240, 0, 0, 0
72749, 1323959, 0, 0, 0
72849, 1290240, 0, 0, 0
72949, 1331200, 0, 0, 0
73049, 1392640, 0, 0, 0
73150, 1228800, 0, 0, 0
73249, 1158464, 0, 0, 0
73349, 1187840, 0, 0, 0
73449, 1146880, 0, 0, 0
73549, 1064960, 0, 0, 0
73649, 1044480, 0, 0, 0
73750, 1167360, 0, 0, 0
73850, 1105920, 0, 0, 0
73950, 1126400, 0, 0, 0
74050, 1105920, 0, 0, 0
74150, 1105920, 0, 0, 0
74249, 1137777, 0, 0, 0
74349, 1167360, 0, 0, 0
74449, 1146880, 0, 0, 0
74550, 1146880, 0, 0, 0
74650, 1126400, 0, 0, 0
74749, 1179151, 0, 0, 0
74849, 1146880, 0, 0, 0
74949, 1351680, 0, 0, 0
75049, 1392640, 0, 0, 0
75149, 1454080, 0, 0, 0
75249, 1474560, 0, 0, 0
75349, 1474560, 0, 0, 0
75449, 1495040, 0, 0, 0
75549, 1474560, 0, 0, 0
75650, 1392640, 0, 0, 0
75750, 1495040, 0, 0, 0
75850, 1454080, 0, 0, 0
75950, 1454080, 0, 0, 0
76050, 1454080, 0, 0, 0
76150, 1433600, 0, 0, 0
76249, 1468767, 0, 0, 0
76349, 1433600, 0, 0, 0
76449, 1413120, 0, 0, 0
76549, 1433600, 0, 0, 0
76649, 1454080, 0, 0, 0
76750, 1474560, 0, 0, 0
76850, 1433600, 0, 0, 0
76950, 1372160, 0, 0, 0
77050, 1310720, 0, 0, 0
77150, 1249280, 0, 0, 0
77249, 1241212, 0, 0, 0
77349, 1310720, 0, 0, 0
77449, 1351680, 0, 0, 0
77549, 1269760, 0, 0, 0
77649, 1372160, 0, 0, 0
77749, 1351680, 0, 0, 0
77850, 1351680, 0, 0, 0
77950, 1392640, 0, 0, 0
78050, 1392640, 0, 0, 0
78150, 1249280, 0, 0, 0
78249, 1179151, 0, 0, 0
78349, 1208320, 0, 0, 0
78449, 1167360, 0, 0, 0
78549, 1126400, 0, 0, 0
78649, 1167360, 0, 0, 0
78749, 1208320, 0, 0, 0
78849, 1187840, 0, 0, 0
78950, 1126400, 0, 0, 0
79050, 1126400, 0, 0, 0
79150, 1085440, 0, 0, 0
79249, 1137777, 0, 0, 0
79349, 1146880, 0, 0, 0
79449, 1126400, 0, 0, 0
79549, 1146880, 0, 0, 0
79649, 1126400, 0, 0, 0
79750, 1208320, 0, 0, 0
79850, 1187840, 0, 0, 0
79950, 1146880, 0, 0, 0
80050, 1105920, 0, 0, 0
80150, 1105920, 0, 0, 0
80249, 1096404, 0, 0, 0
80349, 1126400, 0, 0, 0
80449, 1167360, 0, 0, 0
80549, 1167360, 0, 0, 0
80650, 1167360, 0, 0, 0
80750, 1105920, 0, 0, 0
80850, 1167360, 0, 0, 0
80950, 1146880, 0, 0, 0
81050, 1085440, 0, 0, 0
81150, 1146880, 0, 0, 0
81249, 1137777, 0, 0, 0
81349, 1126400, 0, 0, 0
81449, 1126400, 0, 0, 0
81550, 1167360, 0, 0, 0
81650, 1146880, 0, 0, 0
81749, 1179151, 0, 0, 0
81849, 1146880, 0, 0, 0
81949, 1146880, 0, 0, 0
82049, 1105920, 0, 0, 0
82149, 1167360, 0, 0, 0
82250, 1167360, 0, 0, 0
82350, 1167360, 0, 0, 0
82450, 1167360, 0, 0, 0
82550, 1187840, 0, 0, 0
82650, 1454080, 0, 0, 0
82749, 1344646, 0, 0, 0
82849, 1372160, 0, 0, 0
82949, 1413120, 0, 0, 0
83049, 1413120, 0, 0, 0
83149, 1433600, 0, 0, 0
83249, 1351680, 0, 0, 0
83349, 1413120, 0, 0, 0
83449, 1351680, 0, 0, 0
83550, 1331200, 0, 0, 0
83650, 1372160, 0, 0, 0
83749, 1323959, 0, 0, 0
83849, 1331200, 0, 0, 0
83949, 1290240, 0, 0, 0
84049, 1351680, 0, 0, 0
84149, 1351680, 0, 0, 0
84249, 1310720, 0, 0, 0
84349, 1310720, 0, 0, 0
84449, 1372160, 0, 0, 0
84550, 1351680, 0, 0, 0
84650, 1290240, 0, 0, 0
84749, 1199838, 0, 0, 0
84849, 1187840, 0, 0, 0
84949, 1351680, 0, 0, 0
85049, 1290240, 0, 0, 0
85149, 1372160, 0, 0, 0
85249, 1290240, 0, 0, 0
85349, 1331200, 0, 0, 0
85449, 1290240, 0, 0, 0
85550, 1269760, 0, 0, 0
85650, 1351680, 0, 0, 0
85749, 1282585, 0, 0, 0
85849, 1351680, 0, 0, 0
85949, 1331200, 0, 0, 0
86049, 1310720, 0, 0, 0
86149, 1290240, 0, 0, 0
86249, 1290240, 0, 0, 0
86349, 1249280, 0, 0, 0
86449, 1351680, 0, 0, 0
86549, 1310720, 0, 0, 0
86650, 1290240, 0, 0, 0
86749, 1303272, 0, 0, 0
86849, 1331200, 0, 0, 0
86949, 1290240, 0, 0, 0
87049, 1228800, 0, 0, 0
87149, 1228800, 0, 0, 0
87249, 1208320, 0, 0, 0
87349, 1228800, 0, 0, 0
87449, 1228800, 0, 0, 0
87550, 1228800, 0, 0, 0
87650, 1249280, 0, 0, 0
87749, 1282585, 0, 0, 0
87849, 1269760, 0, 0, 0
87949, 1249280, 0, 0, 0
88049, 1290240, 0, 0, 0
88149, 1290240, 0, 0, 0
88249, 1331200, 0, 0, 0
88349, 1290240, 0, 0, 0
88449, 1310720, 0, 0, 0
88550, 1269760, 0, 0, 0
88650, 1331200, 0, 0, 0
88749, 1323959, 0, 0, 0
88849, 1331200, 0, 0, 0
88949, 1331200, 0, 0, 0
89049, 1310720, 0, 0, 0
89149, 1269760, 0, 0, 0
89249, 1249280, 0, 0, 0
89349, 1249280, 0, 0, 0
89450, 1269760, 0, 0, 0
89550, 1290240, 0, 0, 0
89650, 1310720, 0, 0, 0
89749, 1303272, 0, 0, 0
89849, 1228800, 0, 0, 0
89949, 1228800, 0, 0, 0
