100, 53996417, 0, 0, 0
204, 43932833, 0, 0, 0
316, 47330378, 0, 0, 0
403, 46896657, 0, 0, 0
503, 42477632, 0, 0, 0
611, 44872675, 0, 0, 0
701, 30402133, 0, 0, 0
806, 34055842, 0, 0, 0
900, 40921095, 0, 0, 0
1004, 33308043, 0, 0, 0
1101, 40717726, 0, 0, 0
1206, 36095381, 0, 0, 0
1300, 41762999, 0, 0, 0
1401, 39581453, 0, 0, 0
1502, 45834416, 0, 0, 0
1606, 42832524, 0, 0, 0
1703, 33742468, 0, 0, 0
1802, 33312517, 0, 0, 0
1907, 35493313, 0, 0, 0
2002, 49529054, 0, 0, 0
2108, 39955950, 0, 0, 0
2201, 42025013, 0, 0, 0
2300, 36910470, 0, 0, 0
2401, 35293485, 0, 0, 0
2500, 29614561, 0, 0, 0
2610, 34639946, 0, 0, 0
2702, 33368064, 0, 0, 0
2803, 40059947, 0, 0, 0
2900, 38288694, 0, 0, 0
3002, 39198217, 0, 0, 0
3101, 38306896, 0, 0, 0
3200, 53903251, 0, 0, 0
3306, 46267698, 0, 0, 0
3401, 34951354, 0, 0, 0
3502, 44406335, 0, 0, 0
3608, 45341204, 0, 0, 0
3704, 44798498, 0, 0, 0
3801, 44634851, 0, 0, 0
3901, 45624414, 0, 0, 0
4001, 47770268, 0, 0, 0
4105, 28225527, 0, 0, 0
4202, 38435253, 0, 0, 0
4301, 46055661, 0, 0, 0
4407, 51378582, 0, 0, 0
4502, 39767581, 0, 0, 0
4601, 30086141, 0, 0, 0
4700, 48570585, 0, 0, 0
4801, 43130996, 0, 0, 0
4905, 38885926, 0, 0, 0
5002, 25998143, 0, 0, 0
5100, 34787287, 0, 0, 0
5200, 61953520, 0, 0, 0
5300, 38184966, 0, 0, 0
5400, 34405648, 0, 0, 0
5500, 36244890, 0, 0, 0
5604, 52037404, 0, 0, 0
5700, 35547175, 0, 0, 0
5802, 33497422, 0, 0, 0
5903, 49114340, 0, 0, 0
6009, 43069111, 0, 0, 0
6106, 40911347, 0, 0, 0
6201, 33269402, 0, 0, 0
6300, 36573577, 0, 0, 0
6403, 37315260, 0, 0, 0
6502, 40524084, 0, 0, 0
6600, 46111945, 0, 0, 0
6702, 43138015, 0, 0, 0
6801, 33043133, 0, 0, 0
6910, 44585470, 0, 0, 0
7001, 38433233, 0, 0, 0
7103, 48970150, 0, 0, 0
7201, 54467675, 0, 0, 0
7302, 39272373, 0, 0, 0
7403, 36250928, 0, 0, 0
7500, 58319636, 0, 0, 0
7604, 54585518, 0, 0, 0
7700, 48768105, 0, 0, 0
7802, 45762376, 0, 0, 0
7900, 40531565, 0, 0, 0
8001, 42431153, 0, 0, 0
8101, 38465819, 0, 0, 0
8200, 61180911, 0, 0, 0
8304, 43546229, 0, 0, 0
8405, 49599434, 0, 0, 0
8501, 36247721, 0, 0, 0
8602, 38864870, 0, 0, 0
8703, 33923049, 0, 0, 0
8800, 48541917, 0, 0, 0
8901, 47546008, 0, 0, 0
9003, 39766813, 0, 0, 0
9115, 45612533, 0, 0, 0
9205, 40463553, 0, 0, 0
9303, 38037791, 0, 0, 0
9404, 35423386, 0, 0, 0
9502, 53870271, 0, 0, 0
9604, 45561333, 0, 0, 0
9700, 42620897, 0, 0, 0
9800, 37334620, 0, 0, 0
9904, 46659755, 0, 0, 0
10003, 42603727, 0, 0, 0
10102, 44864163, 0, 0, 0
10200, 41471854, 0, 0, 0
10303, 42972636, 0, 0, 0
10401, 43816641, 0, 0, 0
10500, 41871232, 0, 0, 0
10601, 36375574, 0, 0, 0
10704, 35946207, 0, 0, 0
10806, 43209236, 0, 0, 0
10910, 39825003, 0, 0, 0
11001, 40654841, 0, 0, 0
11108, 47686213, 0, 0, 0
11200, 35871888, 0, 0, 0
11300, 52132157, 0, 0, 0
11401, 32635781, 0, 0, 0
11502, 44590675, 0, 0, 0
11605, 40097277, 0, 0, 0
11700, 49111760, 0, 0, 0
11801, 45573741, 0, 0, 0
11901, 49063848, 0, 0, 0
12011, 48190735, 0, 0, 0
12108, 54967220, 0, 0, 0
12205, 39597118, 0, 0, 0
12300, 43018832, 0, 0, 0
12405, 38079225, 0, 0, 0
12501, 32193815, 0, 0, 0
12606, 40161858, 0, 0, 0
12700, 40635256, 0, 0, 0
12806, 49060365, 0, 0, 0
12903, 49308558, 0, 0, 0
13001, 40207914, 0, 0, 0
13103, 44985271, 0, 0, 0
13203, 38388390, 0, 0, 0
13303, 35929341, 0, 0, 0
13400, 45872795, 0, 0, 0
13501, 40583092, 0, 0, 0
13603, 44326614, 0, 0, 0
13701, 42736478, 0, 0, 0
13801, 38357533, 0, 0, 0
13902, 33670194, 0, 0, 0
14000, 43763444, 0, 0, 0
14105, 51203902, 0, 0, 0
14205, 34318132, 0, 0, 0
14302, 40462374, 0, 0, 0
14400, 31507004, 0, 0, 0
14501, 36604090, 0, 0, 0
14601, 34788666, 0, 0, 0
14700, 43360512, 0, 0, 0
14804, 40244416, 0, 0, 0
14901, 47558475, 0, 0, 0
15001, 37166215, 0, 0, 0
15111, 42063811, 0, 0, 0
15205, 48988772, 0, 0, 0
15300, 43078695, 0, 0, 0
15403, 48705158, 0, 0, 0
15506, 30534192, 0, 0, 0
15601, 43958701, 0, 0, 0
15704, 32151483, 0, 0, 0
15801, 44801375, 0, 0, 0
15901, 37833418, 0, 0, 0
16009, 61315096, 0, 0, 0
16101, 52366300, 0, 0, 0
16203, 40187330, 0, 0, 0
16304, 35269215, 0, 0, 0
16401, 51593067, 0, 0, 0
16501, 36488978, 0, 0, 0
16602, 42009197, 0, 0, 0
16706, 42736582, 0, 0, 0
16800, 37461610, 0, 0, 0
16900, 46044173, 0, 0, 0
17003, 39309955, 0, 0, 0
17100, 47258584, 0, 0, 0
17201, 48426096, 0, 0, 0
17301, 42404665, 0, 0, 0
17400, 45568959, 0, 0, 0
17500, 42018351, 0, 0, 0
17601, 40289400, 0, 0, 0
17714, 35501454, 0, 0, 0
17801, 49984365, 0, 0, 0
17901, 37490439, 0, 0, 0
18003, 39221815, 0, 0, 0
18100, 41652068, 0, 0, 0
18200, 41295017, 0, 0, 0
18304, 41235780, 0, 0, 0
18405, 40488600, 0, 0, 0
18502, 36786886, 0, 0, 0
18602, 44021416, 0, 0, 0
18701, 47388149, 0, 0, 0
18804, 50212076, 0, 0, 0
18904, 47377711, 0, 0, 0
19004, 43946118, 0, 0, 0
19107, 44446655, 0, 0, 0
19202, 39455505, 0, 0, 0
19302, 30914256, 0, 0, 0
19403, 33692192, 0, 0, 0
19500, 47251517, 0, 0, 0
19602, 37580350, 0, 0, 0
19702, 31757352, 0, 0, 0
19800, 52785107, 0, 0, 0
19900, 41560092, 0, 0, 0
20012, 38180017, 0, 0, 0
20102, 38157046, 0, 0, 0
20210, 31954290, 0, 0, 0
20301, 45308510, 0, 0, 0
20405, 34926354, 0, 0, 0
20502, 42427170, 0, 0, 0
20601, 42461022, 0, 0, 0
20700, 41125860, 0, 0, 0
20809, 40564904, 0, 0, 0
20900, 37458014, 0, 0, 0
21000, 47400234, 0, 0, 0
21100, 38058201, 0, 0, 0
21200, 32192330, 0, 0, 0
21300, 36579540, 0, 0, 0
21402, 36888818, 0, 0, 0
21500, 55952317, 0, 0, 0
21600, 57560098, 0, 0, 0
21710, 44847154, 0, 0, 0
21800, 40757898, 0, 0, 0
21906, 38847355, 0, 0, 0
22003, 41441041, 0, 0, 0
22102, 46687551, 0, 0, 0
22204, 39885040, 0, 0, 0
22301, 57897048, 0, 0, 0
22400, 30793479, 0, 0, 0
22500, 38717290, 0, 0, 0
22600, 41049441, 0, 0, 0
22700, 31060912, 0, 0, 0
22802, 40553918, 0, 0, 0
22905, 54839526, 0, 0, 0
23000, 48002776, 0, 0, 0
23100, 38590909, 0, 0, 0
23200, 46049948, 0, 0, 0
23304, 37955119, 0, 0, 0
23401, 46934019, 0, 0, 0
23501, 38527201, 0, 0, 0
23600, 45076183, 0, 0, 0
23701, 40947710, 0, 0, 0
23808, 36199997, 0, 0, 0
23908, 61168149, 0, 0, 0
24001, 39584616, 0, 0, 0
24100, 42697764, 0, 0, 0
24200, 32150069, 0, 0, 0
24302, 41688513, 0, 0, 0
24406, 42440078, 0, 0, 0
24501, 47256618, 0, 0, 0
24606, 44602581, 0, 0, 0
24703, 44439401, 0, 0, 0
24801, 44756232, 0, 0, 0
24900, 39109615, 0, 0, 0
25000, 38495903, 0, 0, 0
25103, 39813633, 0, 0, 0
25200, 38954506, 0, 0, 0
25301, 48230355, 0, 0, 0
25402, 40177349, 0, 0, 0
25500, 40667002, 0, 0, 0
25606, 51225107, 0, 0, 0
25701, 56751049, 0, 0, 0
25805, 35854807, 0, 0, 0
25901, 51079079, 0, 0, 0
26001, 35664298, 0, 0, 0
26101, 42534953, 0, 0, 0
26207, 38505860, 0, 0, 0
26303, 45685532, 0, 0, 0
26402, 32999802, 0, 0, 0
26503, 39081334, 0, 0, 0
26602, 49797534, 0, 0, 0
26701, 54071962, 0, 0, 0
26802, 38616891, 0, 0, 0
26902, 46650276, 0, 0, 0
27000, 40322933, 0, 0, 0
27102, 36278155, 0, 0, 0
27200, 38469766, 0, 0, 0
27300, 42648372, 0, 0, 0
27407, 35407854, 0, 0, 0
27501, 39121769, 0, 0, 0
27601, 57893652, 0, 0, 0
27704, 42578839, 0, 0, 0
27807, 41585082, 0, 0, 0
27904, 49325451, 0, 0, 0
28011, 48981532, 0, 0, 0
28114, 45220492, 0, 0, 0
28200, 32213774, 0, 0, 0
28300, 44369320, 0, 0, 0
28403, 43012402, 0, 0, 0
28502, 42329286, 0, 0, 0
28601, 34144059, 0, 0, 0
28702, 48366123, 0, 0, 0
28804, 40088657, 0, 0, 0
28902, 37121812, 0, 0, 0
29001, 34047154, 0, 0, 0
29100, 36836437, 0, 0, 0
29202, 47285139, 0, 0, 0
29306, 39233122, 0, 0, 0
29413, 49161821, 0, 0, 0
29514, 41372557, 0, 0, 0
29607, 41943690, 0, 0, 0
29702, 47150085, 0, 0, 0
29802, 43767301, 0, 0, 0
29901, 48249978, 0, 0, 0
30002, 47119703, 0, 0, 0
30100, 51576942, 0, 0, 0
30200, 36399450, 0, 0, 0
30302, 43842778, 0, 0, 0
30400, 36065831, 0, 0, 0
30502, 40737199, 0, 0, 0
30601, 47364761, 0, 0, 0
30701, 43672519, 0, 0, 0
30800, 39202598, 0, 0, 0
30903, 34505626, 0, 0, 0
31000, 44090569, 0, 0, 0
31100, 41136101, 0, 0, 0
31201, 41695877, 0, 0, 0
31303, 42657412, 0, 0, 0
31409, 36499756, 0, 0, 0
31501, 42006368, 0, 0, 0
31603, 60017838, 0, 0, 0
31702, 41876670, 0, 0, 0
31801, 35308263, 0, 0, 0
31900, 50044984, 0, 0, 0
32000, 33264673, 0, 0, 0
32100, 37845324, 0, 0, 0
32201, 36401006, 0, 0, 0
32300, 42619727, 0, 0, 0
32401, 43154220, 0, 0, 0
32501, 42565947, 0, 0, 0
32606, 37679622, 0, 0, 0
32706, 49491134, 0, 0, 0
32803, 46661468, 0, 0, 0
32900, 45549886, 0, 0, 0
33000, 51818915, 0, 0, 0
33100, 38162675, 0, 0, 0
33203, 44018740, 0, 0, 0
33304, 36037069, 0, 0, 0
33409, 39094684, 0, 0, 0
33507, 41096866, 0, 0, 0
33601, 50934366, 0, 0, 0
33702, 37895258, 0, 0, 0
33804, 44754728, 0, 0, 0
33900, 40111270, 0, 0, 0
34005, 32829067, 0, 0, 0
34103, 32956380, 0, 0, 0
34200, 34583620, 0, 0, 0
34301, 38568039, 0, 0, 0
34400, 60605110, 0, 0, 0
34503, 39751555, 0, 0, 0
34602, 46663518, 0, 0, 0
34701, 44345539, 0, 0, 0
34815, 55362162, 0, 0, 0
34902, 41709274, 0, 0, 0
35000, 43870904, 0, 0, 0
35104, 44732632, 0, 0, 0
35201, 50887353, 0, 0, 0
35312, 38144007, 0, 0, 0
35400, 42526542, 0, 0, 0
35501, 41735317, 0, 0, 0
35608, 32863274, 0, 0, 0
35702, 41610960, 0, 0, 0
35800, 56431560, 0, 0, 0
35902, 44756617, 0, 0, 0
36001, 49105702, 0, 0, 0
36103, 48874904, 0, 0, 0
36201, 39984933, 0, 0, 0
36303, 36796780, 0, 0, 0
36401, 34572421, 0, 0, 0
36500, 51937946, 0, 0, 0
36602, 38676738, 0, 0, 0
36702, 39814056, 0, 0, 0
36801, 50446412, 0, 0, 0
36902, 33386179, 0, 0, 0
37002, 43772030, 0, 0, 0
37104, 37270586, 0, 0, 0
37204, 38944089, 0, 0, 0
37306, 45898938, 0, 0, 0
37400, 50875313, 0, 0, 0
37506, 43897164, 0, 0, 0
37600, 44837412, 0, 0, 0
37702, 43081364, 0, 0, 0
37808, 34516740, 0, 0, 0
37904, 32389363, 0, 0, 0
38001, 40418526, 0, 0, 0
38102, 27594156, 0, 0, 0
38205, 47591335, 0, 0, 0
38306, 45854112, 0, 0, 0
38407, 43916379, 0, 0, 0
38506, 37672760, 0, 0, 0
38600, 40358238, 0, 0, 0
38702, 33749500, 0, 0, 0
38802, 40603274, 0, 0, 0
38903, 32558018, 0, 0, 0
39002, 38381003, 0, 0, 0
39102, 52437385, 0, 0, 0
39204, 35542402, 0, 0, 0
39300, 40648356, 0, 0, 0
39401, 35716318, 0, 0, 0
39502, 27836108, 0, 0, 0
39600, 39893335, 0, 0, 0
39701, 37349473, 0, 0, 0
39800, 36672727, 0, 0, 0
39900, 32827401, 0, 0, 0
40002, 47423975, 0, 0, 0
40102, 30396496, 0, 0, 0
40200, 42558127, 0, 0, 0
40303, 40042691, 0, 0, 0
40400, 39396147, 0, 0, 0
40502, 32608238, 0, 0, 0
40602, 54455034, 0, 0, 0
40700, 34574358, 0, 0, 0
40803, 42777803, 0, 0, 0
40902, 37895442, 0, 0, 0
41003, 43000541, 0, 0, 0
41103, 35276181, 0, 0, 0
41200, 40177039, 0, 0, 0
41300, 40547896, 0, 0, 0
41412, 37899789, 0, 0, 0
41506, 40194709, 0, 0, 0
41607, 40392525, 0, 0, 0
41702, 37846404, 0, 0, 0
41803, 44884982, 0, 0, 0
41901, 41901982, 0, 0, 0
42004, 35464370, 0, 0, 0
42108, 44300443, 0, 0, 0
42206, 42497177, 0, 0, 0
42301, 38599552, 0, 0, 0
42401, 46443684, 0, 0, 0
42500, 40940623, 0, 0, 0
42607, 42111530, 0, 0, 0
42701, 44922849, 0, 0, 0
42807, 36999509, 0, 0, 0
42900, 45070728, 0, 0, 0
43001, 39564836, 0, 0, 0
43105, 37746725, 0, 0, 0
43201, 48190509, 0, 0, 0
43313, 35281139, 0, 0, 0
43404, 36347624, 0, 0, 0
43506, 35721148, 0, 0, 0
43603, 32871137, 0, 0, 0
43706, 39770542, 0, 0, 0
43805, 41837229, 0, 0, 0
43910, 42250073, 0, 0, 0
44000, 37092510, 0, 0, 0
44108, 34371575, 0, 0, 0
44200, 34178415, 0, 0, 0
44300, 36774146, 0, 0, 0
44402, 42525138, 0, 0, 0
44501, 46004794, 0, 0, 0
44601, 41251870, 0, 0, 0
44700, 45963125, 0, 0, 0
44800, 42223156, 0, 0, 0
44904, 51080008, 0, 0, 0
45002, 37259708, 0, 0, 0
45101, 45507494, 0, 0, 0
45202, 41394578, 0, 0, 0
45301, 46242784, 0, 0, 0
45400, 44734998, 0, 0, 0
45500, 40913811, 0, 0, 0
45601, 50087406, 0, 0, 0
45701, 34968991, 0, 0, 0
45807, 43006115, 0, 0, 0
45907, 36643783, 0, 0, 0
46000, 30462832, 0, 0, 0
46106, 25918068, 0, 0, 0
46200, 40797635, 0, 0, 0
46312, 49557454, 0, 0, 0
46400, 57012356, 0, 0, 0
46500, 38943379, 0, 0, 0
46600, 36757369, 0, 0, 0
46706, 48712916, 0, 0, 0
46801, 50611659, 0, 0, 0
46900, 44730743, 0, 0, 0
47002, 41394101, 0, 0, 0
47101, 34960285, 0, 0, 0
47205, 37981398, 0, 0, 0
47301, 39010018, 0, 0, 0
47401, 52368827, 0, 0, 0
47501, 39378735, 0, 0, 0
47604, 39104236, 0, 0, 0
47700, 46618818, 0, 0, 0
47800, 40241059, 0, 0, 0
47902, 45343981, 0, 0, 0
48001, 41275163, 0, 0, 0
48101, 35471640, 0, 0, 0
48202, 34790362, 0, 0, 0
48300, 46132760, 0, 0, 0
48401, 33793977, 0, 0, 0
48506, 41477667, 0, 0, 0
48600, 47224602, 0, 0, 0
48700, 39387653, 0, 0, 0
48802, 36788472, 0, 0, 0
48901, 49087269, 0, 0, 0
49004, 43422710, 0, 0, 0
49106, 33013674, 0, 0, 0
49201, 48235025, 0, 0, 0
49303, 44844325, 0, 0, 0
49407, 37165675, 0, 0, 0
49501, 41900684, 0, 0, 0
49600, 38418686, 0, 0, 0
49701, 38421658, 0, 0, 0
49801, 39199782, 0, 0, 0
49900, 34672919, 0, 0, 0
50013, 41078725, 0, 0, 0
50102, 38541623, 0, 0, 0
50204, 56847080, 0, 0, 0
50304, 57435232, 0, 0, 0
50403, 46688232, 0, 0, 0
50501, 48072698, 0, 0, 0
50602, 37746403, 0, 0, 0
50703, 38831307, 0, 0, 0
50801, 41593331, 0, 0, 0
50903, 43158075, 0, 0, 0
51002, 41457355, 0, 0, 0
51105, 34046830, 0, 0, 0
51200, 30642427, 0, 0, 0
51300, 33166630, 0, 0, 0
51400, 45461288, 0, 0, 0
51506, 38109102, 0, 0, 0
51601, 40043020, 0, 0, 0
51704, 34204384, 0, 0, 0
51800, 36902311, 0, 0, 0
51901, 34395774, 0, 0, 0
52001, 46658938, 0, 0, 0
52102, 35753151, 0, 0, 0
52204, 35316591, 0, 0, 0
52303, 57619174, 0, 0, 0
52400, 61884229, 0, 0, 0
52500, 50934576, 0, 0, 0
52600, 36271742, 0, 0, 0
52701, 36081715, 0, 0, 0
52802, 41528803, 0, 0, 0
52900, 41428409, 0, 0, 0
53000, 33940568, 0, 0, 0
53104, 46517503, 0, 0, 0
53200, 43152140, 0, 0, 0
53301, 34635482, 0, 0, 0
53402, 44640866, 0, 0, 0
53501, 47630526, 0, 0, 0
53603, 43121070, 0, 0, 0
53702, 48715144, 0, 0, 0
53802, 45491531, 0, 0, 0
53905, 38714894, 0, 0, 0
54001, 36770440, 0, 0, 0
54100, 42209489, 0, 0, 0
54201, 39040041, 0, 0, 0
54304, 34848977, 0, 0, 0
54400, 44061743, 0, 0, 0
54502, 41372355, 0, 0, 0
54605, 52863347, 0, 0, 0
54702, 43199049, 0, 0, 0
54813, 42984217, 0, 0, 0
54901, 49121867, 0, 0, 0
55000, 40745836, 0, 0, 0
55101, 40273031, 0, 0, 0
55202, 40746028, 0, 0, 0
55300, 36164002, 0, 0, 0
55405, 43531028, 0, 0, 0
55501, 39088418, 0, 0, 0
55605, 35942909, 0, 0, 0
55700, 37230287, 0, 0, 0
55800, 43856734, 0, 0, 0
55900, 37851561, 0, 0, 0
56004, 47317997, 0, 0, 0
56112, 46309294, 0, 0, 0
56202, 34071675, 0, 0, 0
56300, 27687581, 0, 0, 0
56403, 42985152, 0, 0, 0
56500, 45989569, 0, 0, 0
56601, 32335960, 0, 0, 0
56700, 44259572, 0, 0, 0
56801, 37126552, 0, 0, 0
56900, 47556193, 0, 0, 0
57006, 40059620, 0, 0, 0
57102, 47992630, 0, 0, 0
57211, 37934445, 0, 0, 0
57304, 50638044, 0, 0, 0
57402, 49940428, 0, 0, 0
57508, 51438294, 0, 0, 0
57600, 40663500, 0, 0, 0
57707, 38587259, 0, 0, 0
57803, 43530115, 0, 0, 0
57900, 42324111, 0, 0, 0
58000, 45269456, 0, 0, 0
58101, 40741448, 0, 0, 0
58208, 34286545, 0, 0, 0
58301, 55192625, 0, 0, 0
58405, 45537083, 0, 0, 0
58502, 41816525, 0, 0, 0
58602, 38990942, 0, 0, 0
58705, 35858190, 0, 0, 0
58800, 30931708, 0, 0, 0
58900, 32494468, 0, 0, 0
59003, 46799713, 0, 0, 0
59100, 46825283, 0, 0, 0
59202, 48287914, 0, 0, 0
59302, 33920982, 0, 0, 0
59402, 44502817, 0, 0, 0
59508, 37337279, 0, 0, 0
59603, 46791120, 0, 0, 0
59700, 45029450, 0, 0, 0
59801, 63863438, 0, 0, 0
59901, 52176349, 0, 0, 0
60003, 36293476, 0, 0, 0
60104, 43836958, 0, 0, 0
60200, 49151419, 0, 0, 0
60302, 50020993, 0, 0, 0
60405, 51219383, 0, 0, 0
60502, 59920590, 0, 0, 0
60600, 44068448, 0, 0, 0
60703, 48469083, 0, 0, 0
60801, 33398460, 0, 0, 0
60900, 34203365, 0, 0, 0
61001, 41913665, 0, 0, 0
61100, 46075527, 0, 0, 0
61202, 45327812, 0, 0, 0
61303, 33649559, 0, 0, 0
61400, 34075408, 0, 0, 0
61506, 43207752, 0, 0, 0
61608, 37126847, 0, 0, 0
61702, 34806929, 0, 0, 0
61802, 43006905, 0, 0, 0
61900, 41623947, 0, 0, 0
62000, 48002758, 0, 0, 0
62100, 52570128, 0, 0, 0
62207, 44912117, 0, 0, 0
62301, 34534980, 0, 0, 0
62400, 39191555, 0, 0, 0
62500, 44447144, 0, 0, 0
62601, 39640698, 0, 0, 0
62701, 33888744, 0, 0, 0
62811, 45647153, 0, 0, 0
62903, 37514968, 0, 0, 0
63001, 47884514, 0, 0, 0
63100, 45169840, 0, 0, 0
63200, 41073237, 0, 0, 0
63303, 45396861, 0, 0, 0
63404, 50952912, 0, 0, 0
63500, 43395769, 0, 0, 0
63600, 45092547, 0, 0, 0
63701, 43100491, 0, 0, 0
63802, 38260577, 0, 0, 0
63904, 44330231, 0, 0, 0
64000, 47199162, 0, 0, 0
64101, 50602909, 0, 0, 0
64201, 41026126, 0, 0, 0
64301, 41335345, 0, 0, 0
64400, 43119738, 0, 0, 0
64503, 46525187, 0, 0, 0
64600, 45696082, 0, 0, 0
64703, 37776325, 0, 0, 0
64802, 30539624, 0, 0, 0
64900, 37153835, 0, 0, 0
65002, 35590925, 0, 0, 0
65106, 42467323, 0, 0, 0
65201, 36395305, 0, 0, 0
65301, 41446008, 0, 0, 0
65400, 46613593, 0, 0, 0
65505, 46788304, 0, 0, 0
65602, 40123768, 0, 0, 0
65700, 38177630, 0, 0, 0
65803, 39197760, 0, 0, 0
65904, 39004072, 0, 0, 0
66001, 39549338, 0, 0, 0
66100, 44510112, 0, 0, 0
66201, 40997496, 0, 0, 0
66301, 40799288, 0, 0, 0
66400, 50667291, 0, 0, 0
66509, 44901372, 0, 0, 0
66611, 49412203, 0, 0, 0
66700, 46384045, 0, 0, 0
66802, 47023516, 0, 0, 0
66903, 42266624, 0, 0, 0
67000, 42370916, 0, 0, 0
67101, 45642713, 0, 0, 0
67204, 47629752, 0, 0, 0
67300, 37612692, 0, 0, 0
67406, 39660891, 0, 0, 0
67503, 34831287, 0, 0, 0
67601, 49460401, 0, 0, 0
67702, 45787367, 0, 0, 0
67801, 42770690, 0, 0, 0
67900, 39041133, 0, 0, 0
68000, 40987062, 0, 0, 0
68115, 37859201, 0, 0, 0
68200, 50512700, 0, 0, 0
68304, 37554627, 0, 0, 0
68400, 36622854, 0, 0, 0
68501, 36490060, 0, 0, 0
68601, 46768630, 0, 0, 0
68702, 56115174, 0, 0, 0
68801, 40150256, 0, 0, 0
68901, 36944886, 0, 0, 0
69005, 42295578, 0, 0, 0
69106, 53834468, 0, 0, 0
69205, 35646550, 0, 0, 0
69303, 38456465, 0, 0, 0
69401, 43143704, 0, 0, 0
69500, 39968886, 0, 0, 0
69601, 40953959, 0, 0, 0
69705, 46212489, 0, 0, 0
69803, 30261986, 0, 0, 0
69902, 41159125, 0, 0, 0
70003, 43278814, 0, 0, 0
70100, 39330108, 0, 0, 0
70200, 38308738, 0, 0, 0
70300, 44348086, 0, 0, 0
70404, 43159279, 0, 0, 0
70503, 36821095, 0, 0, 0
70602, 40219826, 0, 0, 0
70716, 48582495, 0, 0, 0
70802, 48983952, 0, 0, 0
70900, 35202726, 0, 0, 0
71010, 42023100, 0, 0, 0
71100, 42864992, 0, 0, 0
71200, 39751145, 0, 0, 0
71302, 45610583, 0, 0, 0
71403, 45706377, 0, 0, 0
71504, 42031864, 0, 0, 0
71602, 43472018, 0, 0, 0
71711, 46383642, 0, 0, 0
71800, 50894532, 0, 0, 0
71900, 40658433, 0, 0, 0
72001, 42616410, 0, 0, 0
72103, 42846354, 0, 0, 0
72200, 31972128, 0, 0, 0
72302, 51605065, 0, 0, 0
72401, 39816799, 0, 0, 0
72501, 32230974, 0, 0, 0
72600, 32606661, 0, 0, 0
72702, 42812469, 0, 0, 0
72800, 44389340, 0, 0, 0
72903, 35614253, 0, 0, 0
73007, 37914293, 0, 0, 0
73101, 44985880, 0, 0, 0
73200, 32311110, 0, 0, 0
73302, 36593489, 0, 0, 0
73405, 55345502, 0, 0, 0
73503, 38410260, 0, 0, 0
73607, 36715430, 0, 0, 0
73709, 35593550, 0, 0, 0
73800, 41153888, 0, 0, 0
73905, 30979815, 0, 0, 0
74006, 56328836, 0, 0, 0
74102, 41271831, 0, 0, 0
74203, 37546629, 0, 0, 0
74305, 31067770, 0, 0, 0
74417, 42316598, 0, 0, 0
74502, 52373807, 0, 0, 0
74603, 43974784, 0, 0, 0
74701, 35932800, 0, 0, 0
74807, 40965773, 0, 0, 0
74904, 32932689, 0, 0, 0
75007, 51989090, 0, 0, 0
75106, 48029642, 0, 0, 0
75200, 40886272, 0, 0, 0
75304, 36286278, 0, 0, 0
75400, 37349383, 0, 0, 0
75500, 48727219, 0, 0, 0
75604, 44691402, 0, 0, 0
75706, 31137662, 0, 0, 0
75801, 59040086, 0, 0, 0
75904, 44279778, 0, 0, 0
76008, 45288972, 0, 0, 0
76101, 42022396, 0, 0, 0
76202, 43605649, 0, 0, 0
76301, 35760391, 0, 0, 0
76404, 41047044, 0, 0, 0
76501, 35458923, 0, 0, 0
76603, 37441742, 0, 0, 0
76703, 42770613, 0, 0, 0
76801, 45301840, 0, 0, 0
76900, 36534045, 0, 0, 0
77002, 46510399, 0, 0, 0
77102, 40440753, 0, 0, 0
77201, 41317895, 0, 0, 0
77302, 51451901, 0, 0, 0
77402, 27991558, 0, 0, 0
77503, 36825948, 0, 0, 0
77605, 30666876, 0, 0, 0
77704, 40949114, 0, 0, 0
77801, 36894285, 0, 0, 0
77904, 37924234, 0, 0, 0
78003, 43514343, 0, 0, 0
78101, 36915414, 0, 0, 0
78204, 36393882, 0, 0, 0
78301, 62541357, 0, 0, 0
78405, 39891750, 0, 0, 0
78500, 44731304, 0, 0, 0
78602, 38092096, 0, 0, 0
78701, 36885865, 0, 0, 0
78803, 44789203, 0, 0, 0
78903, 40507479, 0, 0, 0
79000, 36604989, 0, 0, 0
79107, 45891687, 0, 0, 0
79205, 44807392, 0, 0, 0
79303, 41530899, 0, 0, 0
79403, 37475659, 0, 0, 0
79504, 38143144, 0, 0, 0
79602, 51560809, 0, 0, 0
79700, 41643934, 0, 0, 0
79803, 36421128, 0, 0, 0
79904, 35900853, 0, 0, 0
80009, 41503877, 0, 0, 0
80103, 42426975, 0, 0, 0
80201, 34906476, 0, 0, 0
80301, 42956352, 0, 0, 0
80407, 39953502, 0, 0, 0
80507, 53270709, 0, 0, 0
80601, 48431383, 0, 0, 0
80700, 38486991, 0, 0, 0
80800, 46147696, 0, 0, 0
80900, 45670178, 0, 0, 0
81003, 53123633, 0, 0, 0
81103, 49678754, 0, 0, 0
81200, 44998993, 0, 0, 0
81301, 31788724, 0, 0, 0
81404, 35497043, 0, 0, 0
81502, 34694385, 0, 0, 0
81603, 36308842, 0, 0, 0
81700, 60807551, 0, 0, 0
81809, 43550581, 0, 0, 0
81902, 37753535, 0, 0, 0
82003, 46594379, 0, 0, 0
82107, 34080317, 0, 0, 0
82202, 44454543, 0, 0, 0
82300, 40727770, 0, 0, 0
82400, 35489011, 0, 0, 0
82502, 38714587, 0, 0, 0
82601, 44771095, 0, 0, 0
82705, 42511584, 0, 0, 0
82800, 41706052, 0, 0, 0
82900, 37667389, 0, 0, 0
83000, 39926990, 0, 0, 0
83105, 32472384, 0, 0, 0
83200, 35367971, 0, 0, 0
83300, 47785645, 0, 0, 0
83404, 44524735, 0, 0, 0
83501, 42812771, 0, 0, 0
83607, 47126479, 0, 0, 0
83701, 41090991, 0, 0, 0
83804, 41891379, 0, 0, 0
83901, 50129034, 0, 0, 0
84003, 48061843, 0, 0, 0
84103, 40014642, 0, 0, 0
84207, 41077318, 0, 0, 0
84306, 43854655, 0, 0, 0
84400, 38241440, 0, 0, 0
84501, 49304227, 0, 0, 0
84600, 39755897, 0, 0, 0
84700, 44694738, 0, 0, 0
84801, 41323434, 0, 0, 0
84901, 35431631, 0, 0, 0
85001, 50217319, 0, 0, 0
85104, 43560240, 0, 0, 0
85201, 37829837, 0, 0, 0
85300, 41506717, 0, 0, 0
85402, 35368001, 0, 0, 0
85504, 42710723, 0, 0, 0
85604, 53248838, 0, 0, 0
85701, 39017466, 0, 0, 0
85802, 48165436, 0, 0, 0
85901, 40825154, 0, 0, 0
86000, 37314952, 0, 0, 0
86101, 35218724, 0, 0, 0
86202, 35647244, 0, 0, 0
86300, 38951553, 0, 0, 0
86401, 49012249, 0, 0, 0
86504, 38835888, 0, 0, 0
86604, 33421354, 0, 0, 0
86700, 55788012, 0, 0, 0
86802, 40998100, 0, 0, 0
86901, 48256141, 0, 0, 0
87000, 41307622, 0, 0, 0
87100, 39814082, 0, 0, 0
87200, 39909555, 0, 0, 0
87306, 40657079, 0, 0, 0
87400, 41199067, 0, 0, 0
87500, 42746452, 0, 0, 0
87603, 47692710, 0, 0, 0
87708, 46546197, 0, 0, 0
87801, 36520033, 0, 0, 0
87907, 40870937, 0, 0, 0
88004, 35407686, 0, 0, 0
88102, 45555822, 0, 0, 0
88201, 55612186, 0, 0, 0
88309, 52099781, 0, 0, 0
88400, 48944149, 0, 0, 0
88500, 36264354, 0, 0, 0
88602, 37450895, 0, 0, 0
88702, 42744542, 0, 0, 0
88800, 42739828, 0, 0, 0
88900, 40630805, 0, 0, 0
89004, 47822790, 0, 0, 0
89105, 32393922, 0, 0, 0
89201, 40724912, 0, 0, 0
89301, 43251012, 0, 0, 0
89412, 46078048, 0, 0, 0
89507, 45694118, 0, 0, 0
89602, 60265459, 0, 0, 0
89703, 38200106, 0, 0, 0
89800, 55065253, 0, 0, 0
89900, 42514553, 0, 0, 0
90000, 45845588, 0, 0, 0
90021, 57713259, 0, 0, 0
