250, 1280, 0, 0, 0
350, 1340, 0, 0, 0
450, 1290, 0, 0, 0
550, 1370, 0, 0, 0
650, 1290, 0, 0, 0
749, 1262, 0, 0, 0
849, 1310, 0, 0, 0
949, 1390, 0, 0, 0
1049, 1400, 0, 0, 0
1149, 1430, 0, 0, 0
1249, 1400, 0, 0, 0
1349, 1350, 0, 0, 0
1450, 1320, 0, 0, 0
1550, 1300, 0, 0, 0
1650, 1320, 0, 0, 0
1749, 1313, 0, 0, 0
1849, 1260, 0, 0, 0
1949, 1330, 0, 0, 0
2049, 1290, 0, 0, 0
2149, 1390, 0, 0, 0
2249, 1420, 0, 0, 0
2349, 1420, 0, 0, 0
2449, 1370, 0, 0, 0
2549, 1430, 0, 0, 0
2649, 1300, 0, 0, 0
2750, 1330, 0, 0, 0
2850, 1280, 0, 0, 0
2950, 1460, 0, 0, 0
3050, 1360, 0, 0, 0
3150, 1270, 0, 0, 0
3249, 1313, 0, 0, 0
3349, 1380, 0, 0, 0
3449, 1370, 0, 0, 0
3549, 1310, 0, 0, 0
3649, 1360, 0, 0, 0
3749, 1330, 0, 0, 0
3849, 1340, 0, 0, 0
3949, 1260, 0, 0, 0
4049, 1390, 0, 0, 0
4150, 1430, 0, 0, 0
4249, 1353, 0, 0, 0
4349, 1330, 0, 0, 0
4449, 1390, 0, 0, 0
4549, 1400, 0, 0, 0
4649, 1300, 0, 0, 0
4749, 1310, 0, 0, 0
4849, 1340, 0, 0, 0
4949, 1330, 0, 0, 0
5049, 1240, 0, 0, 0
5149, 1290, 0, 0, 0
5249, 1250, 0, 0, 0
5349, 1410, 0, 0, 0
5449, 1280, 0, 0, 0
5550, 1350, 0, 0, 0
5650, 1260, 0, 0, 0
5749, 1262, 0, 0, 0
5849, 1290, 0, 0, 0
5949, 1420, 0, 0, 0
6049, 1420, 0, 0, 0
6149, 1350, 0, 0, 0
6249, 1290, 0, 0, 0
6349, 1320, 0, 0, 0
6449, 1340, 0, 0, 0
6549, 1330, 0, 0, 0
6649, 1310, 0, 0, 0
6749, 1310, 0, 0, 0
6849, 1290, 0, 0, 0
6950, 1360, 0, 0, 0
7050, 1390, 0, 0, 0
7150, 1310, 0, 0, 0
7249, 1393, 0, 0, 0
7349, 1390, 0, 0, 0
7449, 1360, 0, 0, 0
7549, 1360, 0, 0, 0
7649, 1280, 0, 0, 0
7749, 1310, 0, 0, 0
7849, 1260, 0, 0, 0
7949, 1290, 0, 0, 0
8049, 1380, 0, 0, 0
8149, 1390, 0, 0, 0
8250, 1360, 0, 0, 0
8350, 1350, 0, 0, 0
8450, 1350, 0, 0, 0
8550, 1260, 0, 0, 0
8650, 1290, 0, 0, 0
8749, 1292, 0, 0, 0
8849, 1350, 0, 0, 0
8949, 1330, 0, 0, 0
9049, 1200, 0, 0, 0
9149, 1310, 0, 0, 0
9249, 1370, 0, 0, 0
9349, 1300, 0, 0, 0
9449, 1260, 0, 0, 0
9550, 1380, 0, 0, 0
9650, 1280, 0, 0, 0
9749, 1424, 0, 0, 0
9849, 1360, 0, 0, 0
9949, 1300, 0, 0, 0
10049, 1310, 0, 0, 0
10149, 1300, 0, 0, 0
10249, 1290, 0, 0, 0
10349, 1280, 0, 0, 0
10449, 1320, 0, 0, 0
10549, 1420, 0, 0, 0
10649, 1350, 0, 0, 0
10749, 1300, 0, 0, 0
10849, 1270, 0, 0, 0
10949, 1380, 0, 0, 0
11050, 1380, 0, 0, 0
11150, 1400, 0, 0, 0
11249, 1313, 0, 0, 0
11349, 1270, 0, 0, 0
11449, 1300, 0, 0, 0
11549, 1250, 0, 0, 0
11649, 1290, 0, 0, 0
11749, 1370, 0, 0, 0
11849, 1310, 0, 0, 0
11949, 1340, 0, 0, 0
12049, 1360, 0, 0, 0
12149, 1320, 0, 0, 0
12249, 1420, 0, 0, 0
12350, 1280, 0, 0, 0
12450, 1380, 0, 0, 0
12550, 1320, 0, 0, 0
12650, 1380, 0, 0, 0
12749, 1363, 0, 0, 0
12849, 1300, 0, 0, 0
12949, 1260, 0, 0, 0
13049, 1290, 0, 0, 0
13149, 1430, 0, 0, 0
13249, 1380, 0, 0, 0
13349, 1350, 0, 0, 0
13449, 1460, 0, 0, 0
13549, 1350, 0, 0, 0
13649, 1320, 0, 0, 0
13750, 1340, 0, 0, 0
13850, 1260, 0, 0, 0
13950, 1270, 0, 0, 0
14050, 1300, 0, 0, 0
14150, 1300, 0, 0, 0
14249, 1343, 0, 0, 0
14349, 1360, 0, 0, 0
14449, 1440, 0, 0, 0
14549, 1360, 0, 0, 0
14649, 1330, 0, 0, 0
14749, 1300, 0, 0, 0
14849, 1410, 0, 0, 0
14949, 1310, 0, 0, 0
15050, 1300, 0, 0, 0
15150, 1310, 0, 0, 0
15249, 1313, 0, 0, 0
15349, 1380, 0, 0, 0
15449, 1340, 0, 0, 0
15549, 1330, 0, 0, 0
15649, 1320, 0, 0, 0
15749, 1290, 0, 0, 0
15849, 1290, 0, 0, 0
15949, 1290, 0, 0, 0
16049, 1330, 0, 0, 0
16149, 1260, 0, 0, 0
16249, 1340, 0, 0, 0
16349, 1390, 0, 0, 0
16450, 1310, 0, 0, 0
16550, 1430, 0, 0, 0
16650, 1340, 0, 0, 0
16749, 1343, 0, 0, 0
16849, 1300, 0, 0, 0
16949, 1390, 0, 0, 0
17049, 1300, 0, 0, 0
17149, 1310, 0, 0, 0
17249, 1300, 0, 0, 0
17349, 1270, 0, 0, 0
17449, 1310, 0, 0, 0
17549, 1380, 0, 0, 0
17649, 1280, 0, 0, 0
17750, 1280, 0, 0, 0
17850, 1320, 0, 0, 0
17950, 1270, 0, 0, 0
18050, 1310, 0, 0, 0
18150, 1380, 0, 0, 0
18249, 1363, 0, 0, 0
18349, 1340, 0, 0, 0
18449, 1420, 0, 0, 0
18549, 1450, 0, 0, 0
18649, 1320, 0, 0, 0
18749, 1400, 0, 0, 0
18849, 1350, 0, 0, 0
18949, 1410, 0, 0, 0
19050, 1360, 0, 0, 0
19150, 1400, 0, 0, 0
19249, 1292, 0, 0, 0
19349, 1360, 0, 0, 0
19449, 1320, 0, 0, 0
19549, 1430, 0, 0, 0
19649, 1340, 0, 0, 0
19749, 1290, 0, 0, 0
19849, 1450, 0, 0, 0
19949, 1300, 0, 0, 0
20049, 1350, 0, 0, 0
20149, 1360, 0, 0, 0
20249, 1360, 0, 0, 0
20349, 1350, 0, 0, 0
20449, 1390, 0, 0, 0
20550, 1340, 0, 0, 0
20650, 1300, 0, 0, 0
20749, 1434, 0, 0, 0
20849, 1350, 0, 0, 0
20949, 1390, 0, 0, 0
21049, 1360, 0, 0, 0
21149, 1300, 0, 0, 0
21249, 1310, 0, 0, 0
21349, 1290, 0, 0, 0
21449, 1370, 0, 0, 0
21549, 1300, 0, 0, 0
21649, 1360, 0, 0, 0
21750, 1320, 0, 0, 0
21850, 1400, 0, 0, 0
21950, 1250, 0, 0, 0
22050, 1300, 0, 0, 0
22150, 1280, 0, 0, 0
22249, 1373, 0, 0, 0
22349, 1350, 0, 0, 0
22449, 1380, 0, 0, 0
22549, 1290, 0, 0, 0
22649, 1250, 0, 0, 0
22749, 1300, 0, 0, 0
22849, 1310, 0, 0, 0
22949, 1280, 0, 0, 0
23049, 1500, 0, 0, 0
23150, 1320, 0, 0, 0
23249, 1303, 0, 0, 0
23349, 1390, 0, 0, 0
23449, 1380, 0, 0, 0
23549, 1310, 0, 0, 0
23649, 1260, 0, 0, 0
23749, 1300, 0, 0, 0
23849, 1490, 0, 0, 0
23949, 1330, 0, 0, 0
24049, 1320, 0, 0, 0
24149, 1360, 0, 0, 0
24249, 1270, 0, 0, 0
24349, 1310, 0, 0, 0
24449, 1310, 0, 0, 0
24550, 1340, 0, 0, 0
24650, 1350, 0, 0, 0
24749, 1474, 0, 0, 0
24849, 1300, 0, 0, 0
24949, 1330, 0, 0, 0
25049, 1410, 0, 0, 0
25149, 1380, 0, 0, 0
25249, 1350, 0, 0, 0
25349, 1290, 0, 0, 0
25449, 1260, 0, 0, 0
25549, 1270, 0, 0, 0
25649, 1400, 0, 0, 0
25749, 1330, 0, 0, 0
25850, 1350, 0, 0, 0
25950, 1350, 0, 0, 0
26050, 1330, 0, 0, 0
26150, 1330, 0, 0, 0
26249, 1323, 0, 0, 0
26349, 1340, 0, 0, 0
26449, 1480, 0, 0, 0
26549, 1240, 0, 0, 0
26649, 1430, 0, 0, 0
26749, 1330, 0, 0, 0
26849, 1330, 0, 0, 0
26949, 1290, 0, 0, 0
27049, 1360, 0, 0, 0
27149, 1350, 0, 0, 0
27250, 1300, 0, 0, 0
27350, 1290, 0, 0, 0
27450, 1350, 0, 0, 0
27550, 1300, 0, 0, 0
27650, 1290, 0, 0, 0
27749, 1313, 0, 0, 0
27849, 1330, 0, 0, 0
27949, 1250, 0, 0, 0
28049, 1330, 0, 0, 0
28149, 1330, 0, 0, 0
28249, 1330, 0, 0, 0
28349, 1400, 0, 0, 0
28449, 1280, 0, 0, 0
28550, 1320, 0, 0, 0
28650, 1360, 0, 0, 0
28749, 1434, 0, 0, 0
28849, 1470, 0, 0, 0
28949, 1370, 0, 0, 0
29049, 1320, 0, 0, 0
29149, 1290, 0, 0, 0
29249, 1510, 0, 0, 0
29349, 1370, 0, 0, 0
29449, 1340, 0, 0, 0
29549, 1260, 0, 0, 0
29649, 1380, 0, 0, 0
29749, 1220, 0, 0, 0
29849, 1300, 0, 0, 0
29950, 1360, 0, 0, 0
30050, 1320, 0, 0, 0
30150, 1340, 0, 0, 0
30249, 1383, 0, 0, 0
30349, 1350, 0, 0, 0
30449, 1350, 0, 0, 0
30549, 1290, 0, 0, 0
30649, 1380, 0, 0, 0
30749, 1400, 0, 0, 0
30849, 1370, 0, 0, 0
30949, 1400, 0, 0, 0
31049, 1420, 0, 0, 0
31149, 1260, 0, 0, 0
31250, 1370, 0, 0, 0
31350, 1290, 0, 0, 0
31450, 1300, 0, 0, 0
31550, 1360, 0, 0, 0
31650, 1280, 0, 0, 0
31749, 1343, 0, 0, 0
31849, 1410, 0, 0, 0
31949, 1280, 0, 0, 0
32049, 1290, 0, 0, 0
32149, 1240, 0, 0, 0
32249, 1390, 0, 0, 0
32349, 1340, 0, 0, 0
32449, 1320, 0, 0, 0
32549, 1360, 0, 0, 0
32650, 1350, 0, 0, 0
32749, 1323, 0, 0, 0
32849, 1390, 0, 0, 0
32949, 1310, 0, 0, 0
33049, 1280, 0, 0, 0
33149, 1320, 0, 0, 0
33249, 1320, 0, 0, 0
33349, 1330, 0, 0, 0
33449, 1330, 0, 0, 0
33549, 1330, 0, 0, 0
33649, 1360, 0, 0, 0
33749, 1360, 0, 0, 0
33849, 1390, 0, 0, 0
33949, 1360, 0, 0, 0
34050, 1390, 0, 0, 0
34150, 1420, 0, 0, 0
34249, 1282, 0, 0, 0
34349, 1370, 0, 0, 0
34449, 1290, 0, 0, 0
34549, 1260, 0, 0, 0
34649, 1290, 0, 0, 0
34749, 1380, 0, 0, 0
34849, 1320, 0, 0, 0
34949, 1270, 0, 0, 0
35049, 1370, 0, 0, 0
35149, 1300, 0, 0, 0
35249, 1260, 0, 0, 0
35350, 1330, 0, 0, 0
35450, 1290, 0, 0, 0
35550, 1320, 0, 0, 0
35650, 1250, 0, 0, 0
35749, 1262, 0, 0, 0
35849, 1300, 0, 0, 0
35949, 1270, 0, 0, 0
36049, 1300, 0, 0, 0
36149, 1390, 0, 0, 0
36249, 1430, 0, 0, 0
36349, 1330, 0, 0, 0
36449, 1440, 0, 0, 0
36549, 1300, 0, 0, 0
36649, 1340, 0, 0, 0
36750, 1340, 0, 0, 0
36850, 1330, 0, 0, 0
36950, 1270, 0, 0, 0
37050, 1280, 0, 0, 0
37150, 1340, 0, 0, 0
37249, 1363, 0, 0, 0
37349, 1340, 0, 0, 0
37449, 1450, 0, 0, 0
37549, 1350, 0, 0, 0
37649, 1330, 0, 0, 0
37749, 1360, 0, 0, 0
37849, 1330, 0, 0, 0
37949, 1250, 0, 0, 0
38050, 1380, 0, 0, 0
38150, 1310, 0, 0, 0
38249, 1343, 0, 0, 0
38349, 1340, 0, 0, 0
38449, 1280, 0, 0, 0
38549, 1380, 0, 0, 0
38649, 1350, 0, 0, 0
38749, 1310, 0, 0, 0
38849, 1330, 0, 0, 0
38949, 1260, 0, 0, 0
39049, 1300, 0, 0, 0
39149, 1340, 0, 0, 0
39249, 1330, 0, 0, 0
39349, 1250, 0, 0, 0
39450, 1270, 0, 0, 0
39550, 1280, 0, 0, 0
39650, 1350, 0, 0, 0
39749, 1404, 0, 0, 0
39849, 1290, 0, 0, 0
39949, 1390, 0, 0, 0
40049, 1320, 0, 0, 0
40149, 1330, 0, 0, 0
40249, 1260, 0, 0, 0
40349, 1400, 0, 0, 0
40449, 1230, 0, 0, 0
40549, 1340, 0, 0, 0
40649, 1300, 0, 0, 0
40750, 1290, 0, 0, 0
40850, 1290, 0, 0, 0
40950, 1280, 0, 0, 0
41050, 1390, 0, 0, 0
41150, 1430, 0, 0, 0
41249, 1333, 0, 0, 0
41349, 1310, 0, 0, 0
41449, 1380, 0, 0, 0
41549, 1400, 0, 0, 0
41649, 1420, 0, 0, 0
41749, 1330, 0, 0, 0
41849, 1310, 0, 0, 0
41949, 1390, 0, 0, 0
42049, 1360, 0, 0, 0
42149, 1460, 0, 0, 0
42250, 1410, 0, 0, 0
42350, 1470, 0, 0, 0
42450, 1390, 0, 0, 0
42550, 1460, 0, 0, 0
42650, 1390, 0, 0, 0
42749, 1333, 0, 0, 0
42849, 1350, 0, 0, 0
42949, 1290, 0, 0, 0
43049, 1340, 0, 0, 0
43149, 1460, 0, 0, 0
43249, 1360, 0, 0, 0
43349, 1390, 0, 0, 0
43449, 1310, 0, 0, 0
43550, 1330, 0, 0, 0
43650, 1350, 0, 0, 0
43749, 1323, 0, 0, 0
43849, 1400, 0, 0, 0
43949, 1280, 0, 0, 0
44049, 1270, 0, 0, 0
44149, 1300, 0, 0, 0
44249, 1320, 0, 0, 0
44349, 1370, 0, 0, 0
44449, 1330, 0, 0, 0
44549, 1290, 0, 0, 0
44649, 1290, 0, 0, 0
44749, 1440, 0, 0, 0
44850, 1370, 0, 0, 0
44950, 1350, 0, 0, 0
45050, 1360, 0, 0, 0
45150, 1330, 0, 0, 0
45249, 1333, 0, 0, 0
45349, 1340, 0, 0, 0
45449, 1320, 0, 0, 0
45549, 1300, 0, 0, 0
45649, 1370, 0, 0, 0
45749, 1340, 0, 0, 0
45849, 1330, 0, 0, 0
45949, 1280, 0, 0, 0
46049, 1380, 0, 0, 0
46149, 1330, 0, 0, 0
46250, 1320, 0, 0, 0
46350, 1380, 0, 0, 0
46450, 1410, 0, 0, 0
46550, 1280, 0, 0, 0
46650, 1260, 0, 0, 0
46749, 1383, 0, 0, 0
46849, 1330, 0, 0, 0
46949, 1410, 0, 0, 0
47049, 1290, 0, 0, 0
47149, 1250, 0, 0, 0
47249, 1320, 0, 0, 0
47349, 1410, 0, 0, 0
47449, 1380, 0, 0, 0
47550, 1330, 0, 0, 0
47650, 1300, 0, 0, 0
47749, 1272, 0, 0, 0
47849, 1390, 0, 0, 0
47949, 1360, 0, 0, 0
48049, 1340, 0, 0, 0
48149, 1400, 0, 0, 0
48249, 1300, 0, 0, 0
48349, 1360, 0, 0, 0
48449, 1410, 0, 0, 0
48549, 1310, 0, 0, 0
48649, 1340, 0, 0, 0
48749, 1410, 0, 0, 0
48849, 1300, 0, 0, 0
48949, 1330, 0, 0, 0
49050, 1330, 0, 0, 0
49150, 1380, 0, 0, 0
49249, 1323, 0, 0, 0
49349, 1320, 0, 0, 0
49449, 1320, 0, 0, 0
49549, 1310, 0, 0, 0
49649, 1380, 0, 0, 0
49749, 1330, 0, 0, 0
49849, 1390, 0, 0, 0
49949, 1330, 0, 0, 0
50049, 1310, 0, 0, 0
50149, 1280, 0, 0, 0
50249, 1350, 0, 0, 0
50350, 1290, 0, 0, 0
50450, 1260, 0, 0, 0
50550, 1430, 0, 0, 0
50650, 1270, 0, 0, 0
50749, 1303, 0, 0, 0
50849, 1240, 0, 0, 0
50949, 1340, 0, 0, 0
51049, 1380, 0, 0, 0
51149, 1390, 0, 0, 0
51249, 1290, 0, 0, 0
51349, 1400, 0, 0, 0
51449, 1340, 0, 0, 0
51549, 1340, 0, 0, 0
51649, 1320, 0, 0, 0
51750, 1340, 0, 0, 0
51850, 1290, 0, 0, 0
51950, 1270, 0, 0, 0
52050, 1310, 0, 0, 0
52150, 1350, 0, 0, 0
52249, 1363, 0, 0, 0
52349, 1300, 0, 0, 0
52449, 1340, 0, 0, 0
52549, 1330, 0, 0, 0
52649, 1350, 0, 0, 0
52749, 1310, 0, 0, 0
52849, 1300, 0, 0, 0
52949, 1280, 0, 0, 0
53050, 1300, 0, 0, 0
53150, 1280, 0, 0, 0
53249, 1353, 0, 0, 0
53349, 1320, 0, 0, 0
53449, 1330, 0, 0, 0
53549, 1280, 0, 0, 0
53649, 1330, 0, 0, 0
53749, 1460, 0, 0, 0
53849, 1380, 0, 0, 0
53949, 1410, 0, 0, 0
54049, 1400, 0, 0, 0
54149, 1460, 0, 0, 0
54249, 1370, 0, 0, 0
54349, 1240, 0, 0, 0
54449, 1390, 0, 0, 0
54550, 1290, 0, 0, 0
54650, 1330, 0, 0, 0
54749, 1282, 0, 0, 0
54849, 1280, 0, 0, 0
54949, 1350, 0, 0, 0
55049, 1380, 0, 0, 0
55149, 1290, 0, 0, 0
55249, 1290, 0, 0, 0
55349, 1320, 0, 0, 0
55449, 1300, 0, 0, 0
55549, 1310, 0, 0, 0
55649, 1380, 0, 0, 0
55749, 1320, 0, 0, 0
55850, 1290, 0, 0, 0
55950, 1290, 0, 0, 0
56050, 1290, 0, 0, 0
56150, 1280, 0, 0, 0
56249, 1282, 0, 0, 0
56349, 1280, 0, 0, 0
56449, 1310, 0, 0, 0
56549, 1360, 0, 0, 0
56649, 1420, 0, 0, 0
56749, 1290, 0, 0, 0
56849, 1370, 0, 0, 0
56949, 1430, 0, 0, 0
57049, 1370, 0, 0, 0
57149, 1290, 0, 0, 0
57250, 1360, 0, 0, 0
57350, 1370, 0, 0, 0
57450, 1360, 0, 0, 0
57550, 1380, 0, 0, 0
57650, 1380, 0, 0, 0
57749, 1323, 0, 0, 0
57849, 1340, 0, 0, 0
57949, 1290, 0, 0, 0
58049, 1270, 0, 0, 0
58149, 1360, 0, 0, 0
58249, 1330, 0, 0, 0
58349, 1310, 0, 0, 0
58449, 1340, 0, 0, 0
58549, 1250, 0, 0, 0
58650, 1260, 0, 0, 0
58750, 1270, 0, 0, 0
58850, 1280, 0, 0, 0
58950, 1310, 0, 0, 0
59050, 1310, 0, 0, 0
59150, 1290, 0, 0, 0
59249, 1242, 0, 0, 0
59349, 1310, 0, 0, 0
59449, 1340, 0, 0, 0
59549, 1340, 0, 0, 0
59649, 1280, 0, 0, 0
59749, 1340, 0, 0, 0
59849, 1370, 0, 0, 0
59949, 1390, 0, 0, 0
60050, 1330, 0, 0, 0
60150, 1300, 0, 0, 0
60249, 1303, 0, 0, 0
60349, 1330, 0, 0, 0
60449, 1380, 0, 0, 0
60549, 1350, 0, 0, 0
60649, 1430, 0, 0, 0
60749, 1360, 0, 0, 0
60849, 1410, 0, 0, 0
60949, 1360, 0, 0, 0
61049, 1380, 0, 0, 0
61149, 1300, 0, 0, 0
61249, 1380, 0, 0, 0
61349, 1420, 0, 0, 0
61449, 1370, 0, 0, 0
61550, 1320, 0, 0, 0
61650, 1320, 0, 0, 0
61749, 1272, 0, 0, 0
61849, 1320, 0, 0, 0
61949, 1310, 0, 0, 0
62049, 1260, 0, 0, 0
62149, 1270, 0, 0, 0
62249, 1350, 0, 0, 0
62349, 1290, 0, 0, 0
62449, 1290, 0, 0, 0
62549, 1370, 0, 0, 0
62649, 1370, 0, 0, 0
62750, 1390, 0, 0, 0
62850, 1250, 0, 0, 0
62950, 1420, 0, 0, 0
63050, 1280, 0, 0, 0
63150, 1360, 0, 0, 0
63249, 1313, 0, 0, 0
63349, 1310, 0, 0, 0
63449, 1320, 0, 0, 0
63549, 1360, 0, 0, 0
63649, 1280, 0, 0, 0
63749, 1440, 0, 0, 0
63849, 1290, 0, 0, 0
63949, 1330, 0, 0, 0
64049, 1410, 0, 0, 0
64149, 1370, 0, 0, 0
64250, 1380, 0, 0, 0
64350, 1310, 0, 0, 0
64450, 1310, 0, 0, 0
64550, 1390, 0, 0, 0
64650, 1390, 0, 0, 0
64749, 1363, 0, 0, 0
64849, 1300, 0, 0, 0
64949, 1330, 0, 0, 0
65049, 1350, 0, 0, 0
65149, 1290, 0, 0, 0
65249, 1280, 0, 0, 0
65349, 1330, 0, 0, 0
65449, 1440, 0, 0, 0
65549, 1410, 0, 0, 0
65650, 1390, 0, 0, 0
65750, 1310, 0, 0, 0
65850, 1380, 0, 0, 0
65950, 1330, 0, 0, 0
66050, 1320, 0, 0, 0
66150, 1350, 0, 0, 0
66249, 1363, 0, 0, 0
66349, 1320, 0, 0, 0
66449, 1360, 0, 0, 0
66549, 1380, 0, 0, 0
66649, 1390, 0, 0, 0
66749, 1370, 0, 0, 0
66849, 1330, 0, 0, 0
66949, 1460, 0, 0, 0
67050, 1330, 0, 0, 0
67150, 1380, 0, 0, 0
67249, 1282, 0, 0, 0
67349, 1310, 0, 0, 0
67449, 1370, 0, 0, 0
67549, 1370, 0, 0, 0
67649, 1300, 0, 0, 0
67749, 1280, 0, 0, 0
67849, 1320, 0, 0, 0
67949, 1290, 0, 0, 0
68049, 1300, 0, 0, 0
68149, 1350, 0, 0, 0
68249, 1290, 0, 0, 0
68349, 1400, 0, 0, 0
68450, 1290, 0, 0, 0
68550, 1300, 0, 0, 0
68650, 1420, 0, 0, 0
68749, 1404, 0, 0, 0
68849, 1260, 0, 0, 0
68949, 1310, 0, 0, 0
69049, 1210, 0, 0, 0
69149, 1350, 0, 0, 0
69249, 1350, 0, 0, 0
69349, 1370, 0, 0, 0
69449, 1340, 0, 0, 0
69549, 1370, 0, 0, 0
69649, 1420, 0, 0, 0
69750, 1330, 0, 0, 0
69850, 1300, 0, 0, 0
69950, 1360, 0, 0, 0
70050, 1260, 0, 0, 0
70150, 1390, 0, 0, 0
70249, 1404, 0, 0, 0
70349, 1270, 0, 0, 0
70449, 1430, 0, 0, 0
70549, 1330, 0, 0, 0
70649, 1370, 0, 0, 0
70749, 1360, 0, 0, 0
70849, 1290, 0, 0, 0
70949, 1330, 0, 0, 0
71050, 1280, 0, 0, 0
71150, 1200, 0, 0, 0
71249, 1353, 0, 0, 0
71349, 1220, 0, 0, 0
71449, 1240, 0, 0, 0
71549, 1350, 0, 0, 0
71649, 1330, 0, 0, 0
71749, 1300, 0, 0, 0
71849, 1340, 0, 0, 0
71949, 1240, 0, 0, 0
72049, 1350, 0, 0, 0
72149, 1320, 0, 0, 0
72249, 1390, 0, 0, 0
72349, 1380, 0, 0, 0
72449, 1420, 0, 0, 0
72550, 1260, 0, 0, 0
72650, 1380, 0, 0, 0
72749, 1303, 0, 0, 0
72849, 1250, 0, 0, 0
72949, 1350, 0, 0, 0
73049, 1370, 0, 0, 0
73149, 1320, 0, 0, 0
73249, 1280, 0, 0, 0
73349, 1230, 0, 0, 0
73449, 1360, 0, 0, 0
73549, 1260, 0, 0, 0
73649, 1350, 0, 0, 0
73749, 1350, 0, 0, 0
73849, 1260, 0, 0, 0
73950, 1270, 0, 0, 0
74050, 1340, 0, 0, 0
74150, 1310, 0, 0, 0
74249, 1343, 0, 0, 0
74349, 1280, 0, 0, 0
74449, 1290, 0, 0, 0
74549, 1290, 0, 0, 0
74649, 1350, 0, 0, 0
74749, 1260, 0, 0, 0
74849, 1290, 0, 0, 0
74949, 1310, 0, 0, 0
75049, 1430, 0, 0, 0
75149, 1310, 0, 0, 0
75250, 1270, 0, 0, 0
75350, 1350, 0, 0, 0
75450, 1350, 0, 0, 0
75550, 1450, 0, 0, 0
75650, 1330, 0, 0, 0
75749, 1343, 0, 0, 0
75849, 1310, 0, 0, 0
75949, 1340, 0, 0, 0
76049, 1360, 0, 0, 0
76149, 1400, 0, 0, 0
76249, 1270, 0, 0, 0
76349, 1330, 0, 0, 0
76449, 1310, 0, 0, 0
76549, 1260, 0, 0, 0
76649, 1270, 0, 0, 0
76750, 1340, 0, 0, 0
76850, 1300, 0, 0, 0
76950, 1350, 0, 0, 0
77050, 1340, 0, 0, 0
77150, 1300, 0, 0, 0
77249, 1383, 0, 0, 0
77349, 1250, 0, 0, 0
77449, 1280, 0, 0, 0
77549, 1350, 0, 0, 0
77649, 1360, 0, 0, 0
77749, 1380, 0, 0, 0
77849, 1430, 0, 0, 0
77949, 1470, 0, 0, 0
78050, 1330, 0, 0, 0
78150, 1370, 0, 0, 0
78249, 1363, 0, 0, 0
78349, 1400, 0, 0, 0
78449, 1270, 0, 0, 0
78549, 1370, 0, 0, 0
78649, 1260, 0, 0, 0
78749, 1370, 0, 0, 0
78849, 1280, 0, 0, 0
78949, 1300, 0, 0, 0
79049, 1390, 0, 0, 0
79149, 1320, 0, 0, 0
79249, 1310, 0, 0, 0
79349, 1270, 0, 0, 0
79450, 1290, 0, 0, 0
79550, 1370, 0, 0, 0
79650, 1320, 0, 0, 0
79749, 1353, 0, 0, 0
79849, 1370, 0, 0, 0
79949, 1340, 0, 0, 0
80049, 1280, 0, 0, 0
80149, 1300, 0, 0, 0
80249, 1270, 0, 0, 0
80349, 1330, 0, 0, 0
80449, 1370, 0, 0, 0
80549, 1270, 0, 0, 0
80649, 1310, 0, 0, 0
80750, 1370, 0, 0, 0
80850, 1300, 0, 0, 0
80950, 1340, 0, 0, 0
81050, 1400, 0, 0, 0
81150, 1330, 0, 0, 0
81249, 1323, 0, 0, 0
81349, 1290, 0, 0, 0
81449, 1330, 0, 0, 0
81549, 1440, 0, 0, 0
81649, 1280, 0, 0, 0
81749, 1300, 0, 0, 0
81849, 1290, 0, 0, 0
81949, 1420, 0, 0, 0
82049, 1380, 0, 0, 0
82149, 1250, 0, 0, 0
82250, 1330, 0, 0, 0
82350, 1350, 0, 0, 0
82450, 1310, 0, 0, 0
82550, 1480, 0, 0, 0
82650, 1350, 0, 0, 0
82749, 1313, 0, 0, 0
82849, 1290, 0, 0, 0
82949, 1290, 0, 0, 0
83049, 1360, 0, 0, 0
83149, 1370, 0, 0, 0
83249, 1340, 0, 0, 0
83349, 1320, 0, 0, 0
83449, 1320, 0, 0, 0
83550, 1380, 0, 0, 0
83650, 1280, 0, 0, 0
83749, 1313, 0, 0, 0
83849, 1400, 0, 0, 0
83949, 1430, 0, 0, 0
84049, 1330, 0, 0, 0
84149, 1310, 0, 0, 0
84249, 1390, 0, 0, 0
84349, 1350, 0, 0, 0
84449, 1370, 0, 0, 0
84549, 1380, 0, 0, 0
84649, 1330, 0, 0, 0
84749, 1430, 0, 0, 0
84849, 1290, 0, 0, 0
84950, 1360, 0, 0, 0
85050, 1380, 0, 0, 0
85150, 1290, 0, 0, 0
85249, 1323, 0, 0, 0
85349, 1410, 0, 0, 0
85449, 1400, 0, 0, 0
85549, 1310, 0, 0, 0
85649, 1430, 0, 0, 0
85749, 1300, 0, 0, 0
85849, 1300, 0, 0, 0
85949, 1340, 0, 0, 0
86049, 1320, 0, 0, 0
86149, 1270, 0, 0, 0
86250, 1440, 0, 0, 0
86350, 1390, 0, 0, 0
86450, 1270, 0, 0, 0
86550, 1350, 0, 0, 0
86650, 1370, 0, 0, 0
86749, 1323, 0, 0, 0
86849, 1270, 0, 0, 0
86949, 1340, 0, 0, 0
87049, 1350, 0, 0, 0
87149, 1310, 0, 0, 0
87249, 1370, 0, 0, 0
87349, 1320, 0, 0, 0
87449, 1370, 0, 0, 0
87549, 1290, 0, 0, 0
87650, 1300, 0, 0, 0
87750, 1400, 0, 0, 0
87850, 1330, 0, 0, 0
87950, 1310, 0, 0, 0
88050, 1390, 0, 0, 0
88150, 1260, 0, 0, 0
88249, 1454, 0, 0, 0
88349, 1310, 0, 0, 0
88449, 1310, 0, 0, 0
88549, 1350, 0, 0, 0
88649, 1260, 0, 0, 0
88749, 1300, 0, 0, 0
88849, 1320, 0, 0, 0
88949, 1350, 0, 0, 0
89050, 1360, 0, 0, 0
89150, 1270, 0, 0, 0
89249, 1303, 0, 0, 0
89349, 1240, 0, 0, 0
89449, 1270, 0, 0, 0
89549, 1310, 0, 0, 0
89649, 1440, 0, 0, 0
89749, 1280, 0, 0, 0
89849, 1310, 0, 0, 0
89949, 1390, 0, 0, 0
