100, 2365189, 0, 0, 0
200, 2391078, 0, 0, 0
301, 2411084, 0, 0, 0
400, 2436541, 0, 0, 0
501, 2295345, 0, 0, 0
601, 2290864, 0, 0, 0
700, 2344254, 0, 0, 0
801, 2463820, 0, 0, 0
900, 2498828, 0, 0, 0
1000, 2408219, 0, 0, 0
1102, 2392500, 0, 0, 0
1201, 2377225, 0, 0, 0
1300, 2346985, 0, 0, 0
1401, 2359444, 0, 0, 0
1500, 2402597, 0, 0, 0
1600, 2474736, 0, 0, 0
1700, 2307995, 0, 0, 0
1801, 2335551, 0, 0, 0
1900, 2437503, 0, 0, 0
2001, 2271188, 0, 0, 0
2101, 2336104, 0, 0, 0
2200, 2518767, 0, 0, 0
2301, 2386245, 0, 0, 0
2400, 2523363, 0, 0, 0
2500, 2395577, 0, 0, 0
2601, 2349320, 0, 0, 0
2700, 2312255, 0, 0, 0
2800, 2385069, 0, 0, 0
2900, 2322002, 0, 0, 0
3001, 2472772, 0, 0, 0
3100, 2392003, 0, 0, 0
3200, 2382949, 0, 0, 0
3301, 2379523, 0, 0, 0
3401, 2351529, 0, 0, 0
3500, 2479330, 0, 0, 0
3600, 2374370, 0, 0, 0
3700, 2423455, 0, 0, 0
3800, 2515125, 0, 0, 0
3900, 2402497, 0, 0, 0
4000, 2454091, 0, 0, 0
4100, 2499916, 0, 0, 0
4200, 2408483, 0, 0, 0
4300, 2372128, 0, 0, 0
4400, 2507416, 0, 0, 0
4500, 2470064, 0, 0, 0
4600, 2409580, 0, 0, 0
4700, 2316023, 0, 0, 0
4802, 2386405, 0, 0, 0
4900, 2379458, 0, 0, 0
5000, 2352799, 0, 0, 0
5100, 2480140, 0, 0, 0
5201, 2329636, 0, 0, 0
5300, 2402290, 0, 0, 0
5401, 2239618, 0, 0, 0
5502, 2471070, 0, 0, 0
5600, 2437984, 0, 0, 0
5701, 2382342, 0, 0, 0
5800, 2456387, 0, 0, 0
5901, 2377753, 0, 0, 0
6000, 2342093, 0, 0, 0
6100, 2411846, 0, 0, 0
6201, 2370616, 0, 0, 0
6300, 2452025, 0, 0, 0
6400, 2364610, 0, 0, 0
6500, 2329051, 0, 0, 0
6601, 2335595, 0, 0, 0
6700, 2431423, 0, 0, 0
6801, 2467077, 0, 0, 0
6900, 2457876, 0, 0, 0
7000, 2397902, 0, 0, 0
7100, 2376567, 0, 0, 0
7200, 2309558, 0, 0, 0
7301, 2447528, 0, 0, 0
7400, 2412802, 0, 0, 0
7500, 2363176, 0, 0, 0
7600, 2389660, 0, 0, 0
7701, 2398894, 0, 0, 0
7800, 2295005, 0, 0, 0
7900, 2414551, 0, 0, 0
8001, 2320005, 0, 0, 0
8100, 2367881, 0, 0, 0
8200, 2412500, 0, 0, 0
8300, 2504181, 0, 0, 0
8401, 2322284, 0, 0, 0
8500, 2271963, 0, 0, 0
8600, 2383669, 0, 0, 0
8700, 2341148, 0, 0, 0
8801, 2411579, 0, 0, 0
8900, 2325563, 0, 0, 0
9001, 2336245, 0, 0, 0
9100, 2331627, 0, 0, 0
9202, 2348456, 0, 0, 0
9300, 2243852, 0, 0, 0
9400, 2342247, 0, 0, 0
9500, 2340653, 0, 0, 0
9601, 2363652, 0, 0, 0
9700, 2414241, 0, 0, 0
9800, 2327342, 0, 0, 0
9901, 2376227, 0, 0, 0
10000, 2403526, 0, 0, 0
10101, 2464442, 0, 0, 0
10201, 2272963, 0, 0, 0
10300, 2307114, 0, 0, 0
10400, 2390309, 0, 0, 0
10500, 2245608, 0, 0, 0
10600, 2304174, 0, 0, 0
10701, 2293232, 0, 0, 0
10800, 2444353, 0, 0, 0
10900, 2344321, 0, 0, 0
11001, 2559872, 0, 0, 0
11100, 2481535, 0, 0, 0
11200, 2468946, 0, 0, 0
11300, 2345838, 0, 0, 0
11400, 2386160, 0, 0, 0
11500, 2363491, 0, 0, 0
11601, 2366076, 0, 0, 0
11700, 2378515, 0, 0, 0
11800, 2320752, 0, 0, 0
11900, 2327843, 0, 0, 0
12000, 2385172, 0, 0, 0
12101, 2326425, 0, 0, 0
12200, 2434186, 0, 0, 0
12301, 2418580, 0, 0, 0
12401, 2469882, 0, 0, 0
12500, 2404117, 0, 0, 0
12600, 2357174, 0, 0, 0
12701, 2353499, 0, 0, 0
12800, 2297292, 0, 0, 0
12900, 2388851, 0, 0, 0
13000, 2294032, 0, 0, 0
13100, 2251567, 0, 0, 0
13200, 2353665, 0, 0, 0
13302, 2489288, 0, 0, 0
13400, 2407316, 0, 0, 0
13500, 2349698, 0, 0, 0
13600, 2364718, 0, 0, 0
13701, 2330243, 0, 0, 0
13801, 2380745, 0, 0, 0
13900, 2374502, 0, 0, 0
14001, 2398716, 0, 0, 0
14101, 2434905, 0, 0, 0
14200, 2363035, 0, 0, 0
14300, 2344567, 0, 0, 0
14401, 2411829, 0, 0, 0
14500, 2462143, 0, 0, 0
14600, 2481373, 0, 0, 0
14700, 2379571, 0, 0, 0
14800, 2460686, 0, 0, 0
14900, 2420379, 0, 0, 0
15000, 2346450, 0, 0, 0
15100, 2338737, 0, 0, 0
15202, 2406703, 0, 0, 0
15300, 2394590, 0, 0, 0
15400, 2287229, 0, 0, 0
15500, 2295994, 0, 0, 0
15601, 2347895, 0, 0, 0
15700, 2461109, 0, 0, 0
15801, 2414632, 0, 0, 0
15900, 2340480, 0, 0, 0
16000, 2324057, 0, 0, 0
16101, 2436076, 0, 0, 0
16200, 2475342, 0, 0, 0
16300, 2448630, 0, 0, 0
16401, 2428780, 0, 0, 0
16500, 2457423, 0, 0, 0
16600, 2494892, 0, 0, 0
16700, 2427462, 0, 0, 0
16800, 2398372, 0, 0, 0
16900, 2505609, 0, 0, 0
17001, 2378965, 0, 0, 0
17101, 2465096, 0, 0, 0
17200, 2402430, 0, 0, 0
17300, 2434898, 0, 0, 0
17400, 2324182, 0, 0, 0
17501, 2410616, 0, 0, 0
17601, 2374107, 0, 0, 0
17700, 2421358, 0, 0, 0
17800, 2418629, 0, 0, 0
17900, 2506570, 0, 0, 0
18001, 2487453, 0, 0, 0
18100, 2431941, 0, 0, 0
18200, 2361775, 0, 0, 0
18300, 2413154, 0, 0, 0
18400, 2314673, 0, 0, 0
18500, 2407650, 0, 0, 0
18600, 2350699, 0, 0, 0
18701, 2413246, 0, 0, 0
18800, 2397324, 0, 0, 0
18901, 2458810, 0, 0, 0
19000, 2346014, 0, 0, 0
19101, 2314466, 0, 0, 0
19201, 2365609, 0, 0, 0
19301, 2351954, 0, 0, 0
19401, 2320632, 0, 0, 0
19502, 2386537, 0, 0, 0
19600, 2328200, 0, 0, 0
19700, 2382557, 0, 0, 0
19801, 2394343, 0, 0, 0
19900, 2489026, 0, 0, 0
20000, 2306736, 0, 0, 0
20101, 2358330, 0, 0, 0
20201, 2351498, 0, 0, 0
20301, 2363019, 0, 0, 0
20400, 2333538, 0, 0, 0
20500, 2313706, 0, 0, 0
20600, 2406641, 0, 0, 0
20701, 2387620, 0, 0, 0
20801, 2363850, 0, 0, 0
20900, 2367301, 0, 0, 0
21001, 2406871, 0, 0, 0
21101, 2278581, 0, 0, 0
21200, 2330093, 0, 0, 0
21300, 2412542, 0, 0, 0
21400, 2313723, 0, 0, 0
21500, 2394008, 0, 0, 0
21600, 2385728, 0, 0, 0
21700, 2392163, 0, 0, 0
21801, 2457934, 0, 0, 0
21900, 2575537, 0, 0, 0
22001, 2340983, 0, 0, 0
22100, 2267260, 0, 0, 0
22200, 2373885, 0, 0, 0
22300, 2352337, 0, 0, 0
22400, 2389520, 0, 0, 0
22500, 2369699, 0, 0, 0
22600, 2356879, 0, 0, 0
22700, 2343039, 0, 0, 0
22800, 2433934, 0, 0, 0
22900, 2318883, 0, 0, 0
23001, 2461991, 0, 0, 0
23101, 2451779, 0, 0, 0
23200, 2451586, 0, 0, 0
23301, 2478948, 0, 0, 0
23401, 2279690, 0, 0, 0
23500, 2294807, 0, 0, 0
23600, 2389084, 0, 0, 0
23700, 2253696, 0, 0, 0
23802, 2405989, 0, 0, 0
23900, 2404150, 0, 0, 0
24000, 2407399, 0, 0, 0
24100, 2351339, 0, 0, 0
24200, 2492340, 0, 0, 0
24300, 2304379, 0, 0, 0
24400, 2304760, 0, 0, 0
24500, 2344013, 0, 0, 0
24600, 2379399, 0, 0, 0
24700, 2376280, 0, 0, 0
24800, 2391759, 0, 0, 0
24901, 2471268, 0, 0, 0
25001, 2414742, 0, 0, 0
25100, 2367686, 0, 0, 0
25201, 2312020, 0, 0, 0
25300, 2366923, 0, 0, 0
25400, 2308916, 0, 0, 0
25500, 2312987, 0, 0, 0
25601, 2245070, 0, 0, 0
25700, 2315135, 0, 0, 0
25800, 2345625, 0, 0, 0
25900, 2286692, 0, 0, 0
26000, 2314980, 0, 0, 0
26100, 2314469, 0, 0, 0
26200, 2313132, 0, 0, 0
26300, 2412519, 0, 0, 0
26400, 2265340, 0, 0, 0
26500, 2475740, 0, 0, 0
26600, 2353136, 0, 0, 0
26700, 2347286, 0, 0, 0
26800, 2428293, 0, 0, 0
26901, 2322072, 0, 0, 0
27001, 2285230, 0, 0, 0
27101, 2341972, 0, 0, 0
27200, 2288818, 0, 0, 0
27300, 2343639, 0, 0, 0
27400, 2352542, 0, 0, 0
27500, 2400969, 0, 0, 0
27601, 2512633, 0, 0, 0
27700, 2508260, 0, 0, 0
27800, 2402495, 0, 0, 0
27900, 2366290, 0, 0, 0
28000, 2327429, 0, 0, 0
28100, 2441071, 0, 0, 0
28200, 2403367, 0, 0, 0
28300, 2377240, 0, 0, 0
28400, 2299518, 0, 0, 0
28500, 2326086, 0, 0, 0
28600, 2350255, 0, 0, 0
28701, 2292283, 0, 0, 0
28800, 2309055, 0, 0, 0
28901, 2452471, 0, 0, 0
29001, 2404622, 0, 0, 0
29100, 2415121, 0, 0, 0
29200, 2421403, 0, 0, 0
29301, 2453230, 0, 0, 0
29401, 2340291, 0, 0, 0
29501, 2361106, 0, 0, 0
29600, 2402745, 0, 0, 0
29700, 2300374, 0, 0, 0
29801, 2366434, 0, 0, 0
29901, 2423345, 0, 0, 0
30000, 2436007, 0, 0, 0
30101, 2367258, 0, 0, 0
30201, 2404891, 0, 0, 0
30300, 2300768, 0, 0, 0
30400, 2352949, 0, 0, 0
30500, 2354815, 0, 0, 0
30600, 2319341, 0, 0, 0
30700, 2323576, 0, 0, 0
30800, 2353317, 0, 0, 0
30901, 2289348, 0, 0, 0
31000, 2398570, 0, 0, 0
31100, 2402550, 0, 0, 0
31200, 2354510, 0, 0, 0
31300, 2377378, 0, 0, 0
31400, 2399388, 0, 0, 0
31501, 2358798, 0, 0, 0
31600, 2319761, 0, 0, 0
31701, 2353344, 0, 0, 0
31800, 2366568, 0, 0, 0
31901, 2460676, 0, 0, 0
32002, 2516851, 0, 0, 0
32100, 2488677, 0, 0, 0
32200, 2393309, 0, 0, 0
32300, 2459164, 0, 0, 0
32400, 2413525, 0, 0, 0
32500, 2379393, 0, 0, 0
32600, 2361538, 0, 0, 0
32700, 2296578, 0, 0, 0
32801, 2384456, 0, 0, 0
32900, 2380753, 0, 0, 0
33001, 2456463, 0, 0, 0
33100, 2323032, 0, 0, 0
33200, 2279902, 0, 0, 0
33300, 2325901, 0, 0, 0
33401, 2405338, 0, 0, 0
33500, 2428396, 0, 0, 0
33601, 2311942, 0, 0, 0
33701, 2287027, 0, 0, 0
33801, 2435262, 0, 0, 0
33902, 2476185, 0, 0, 0
34001, 2452205, 0, 0, 0
34101, 2403134, 0, 0, 0
34201, 2301787, 0, 0, 0
34300, 2376239, 0, 0, 0
34401, 2358975, 0, 0, 0
34500, 2404009, 0, 0, 0
34601, 2351581, 0, 0, 0
34701, 2386129, 0, 0, 0
34800, 2300693, 0, 0, 0
34900, 2325282, 0, 0, 0
35000, 2325473, 0, 0, 0
35100, 2373993, 0, 0, 0
35200, 2323538, 0, 0, 0
35300, 2350407, 0, 0, 0
35401, 2444525, 0, 0, 0
35500, 2341116, 0, 0, 0
35600, 2348765, 0, 0, 0
35701, 2403130, 0, 0, 0
35800, 2422259, 0, 0, 0
35900, 2358474, 0, 0, 0
36002, 2380536, 0, 0, 0
36100, 2492350, 0, 0, 0
36201, 2424654, 0, 0, 0
36300, 2373652, 0, 0, 0
36400, 2365937, 0, 0, 0
36501, 2314289, 0, 0, 0
36600, 2395058, 0, 0, 0
36701, 2316699, 0, 0, 0
36800, 2454544, 0, 0, 0
36900, 2441241, 0, 0, 0
37000, 2333059, 0, 0, 0
37101, 2415000, 0, 0, 0
37201, 2283590, 0, 0, 0
37300, 2298490, 0, 0, 0
37400, 2331771, 0, 0, 0
37501, 2275439, 0, 0, 0
37601, 2345745, 0, 0, 0
37700, 2412437, 0, 0, 0
37801, 2327824, 0, 0, 0
37901, 2441020, 0, 0, 0
38001, 2429794, 0, 0, 0
38100, 2325147, 0, 0, 0
38200, 2400090, 0, 0, 0
38301, 2389814, 0, 0, 0
38401, 2447445, 0, 0, 0
38500, 2460889, 0, 0, 0
38601, 2463591, 0, 0, 0
38700, 2465438, 0, 0, 0
38800, 2418649, 0, 0, 0
38902, 2484735, 0, 0, 0
39000, 2355703, 0, 0, 0
39100, 2395851, 0, 0, 0
39200, 2438448, 0, 0, 0
39301, 2414981, 0, 0, 0
39401, 2390455, 0, 0, 0
39501, 2359479, 0, 0, 0
39600, 2354978, 0, 0, 0
39700, 2364021, 0, 0, 0
39800, 2376348, 0, 0, 0
39901, 2365700, 0, 0, 0
40000, 2334347, 0, 0, 0
40100, 2325280, 0, 0, 0
40200, 2244436, 0, 0, 0
40301, 2374363, 0, 0, 0
40400, 2426114, 0, 0, 0
40501, 2376939, 0, 0, 0
40600, 2349796, 0, 0, 0
40700, 2345522, 0, 0, 0
40800, 2319669, 0, 0, 0
40902, 2404183, 0, 0, 0
41001, 2506681, 0, 0, 0
41100, 2609017, 0, 0, 0
41200, 2362768, 0, 0, 0
41300, 2421916, 0, 0, 0
41401, 2254787, 0, 0, 0
41501, 2372105, 0, 0, 0
41600, 2408932, 0, 0, 0
41700, 2354856, 0, 0, 0
41800, 2280880, 0, 0, 0
41901, 2361313, 0, 0, 0
42001, 2321868, 0, 0, 0
42101, 2433898, 0, 0, 0
42200, 2350769, 0, 0, 0
42301, 2339052, 0, 0, 0
42400, 2346956, 0, 0, 0
42501, 2318996, 0, 0, 0
42600, 2493413, 0, 0, 0
42701, 2347110, 0, 0, 0
42801, 2355384, 0, 0, 0
42900, 2378374, 0, 0, 0
43000, 2425625, 0, 0, 0
43100, 2440206, 0, 0, 0
43200, 2374895, 0, 0, 0
43300, 2470809, 0, 0, 0
43402, 2460335, 0, 0, 0
43500, 2349333, 0, 0, 0
43601, 2413273, 0, 0, 0
43701, 2400559, 0, 0, 0
43801, 2439542, 0, 0, 0
43900, 2488953, 0, 0, 0
44000, 2327196, 0, 0, 0
44100, 2467668, 0, 0, 0
44200, 2399170, 0, 0, 0
44300, 2327665, 0, 0, 0
44401, 2375323, 0, 0, 0
44500, 2367275, 0, 0, 0
44601, 2357535, 0, 0, 0
44701, 2453114, 0, 0, 0
44800, 2383587, 0, 0, 0
44900, 2391999, 0, 0, 0
45000, 2365259, 0, 0, 0
45100, 2328374, 0, 0, 0
45200, 2309205, 0, 0, 0
45300, 2308973, 0, 0, 0
45400, 2290578, 0, 0, 0
45501, 2290839, 0, 0, 0
45601, 2412084, 0, 0, 0
45700, 2338586, 0, 0, 0
45800, 2349099, 0, 0, 0
45901, 2345959, 0, 0, 0
46000, 2423891, 0, 0, 0
46100, 2516714, 0, 0, 0
46201, 2416484, 0, 0, 0
46300, 2367592, 0, 0, 0
46400, 2353922, 0, 0, 0
46500, 2389550, 0, 0, 0
46600, 2446282, 0, 0, 0
46700, 2281135, 0, 0, 0
46802, 2416176, 0, 0, 0
46900, 2447117, 0, 0, 0
47000, 2415412, 0, 0, 0
47100, 2400847, 0, 0, 0
47200, 2362122, 0, 0, 0
47300, 2398191, 0, 0, 0
47400, 2428092, 0, 0, 0
47501, 2388867, 0, 0, 0
47602, 2440414, 0, 0, 0
47700, 2446715, 0, 0, 0
47800, 2443579, 0, 0, 0
47900, 2326196, 0, 0, 0
48000, 2381255, 0, 0, 0
48100, 2395825, 0, 0, 0
48201, 2439910, 0, 0, 0
48300, 2292133, 0, 0, 0
48400, 2352431, 0, 0, 0
48500, 2350210, 0, 0, 0
48601, 2538420, 0, 0, 0
48700, 2386501, 0, 0, 0
48801, 2512256, 0, 0, 0
48900, 2342075, 0, 0, 0
49001, 2490453, 0, 0, 0
49101, 2373979, 0, 0, 0
49200, 2419927, 0, 0, 0
49300, 2341796, 0, 0, 0
49401, 2390561, 0, 0, 0
49500, 2373056, 0, 0, 0
49602, 2351545, 0, 0, 0
49700, 2349871, 0, 0, 0
49801, 2498624, 0, 0, 0
49900, 2548741, 0, 0, 0
50001, 2463435, 0, 0, 0
50101, 2466504, 0, 0, 0
50200, 2337865, 0, 0, 0
50301, 2381079, 0, 0, 0
50401, 2499099, 0, 0, 0
50500, 2340829, 0, 0, 0
50600, 2368445, 0, 0, 0
50700, 2342166, 0, 0, 0
50800, 2412942, 0, 0, 0
50901, 2456970, 0, 0, 0
51000, 2401884, 0, 0, 0
51101, 2298135, 0, 0, 0
51200, 2369667, 0, 0, 0
51302, 2420379, 0, 0, 0
51401, 2402497, 0, 0, 0
51501, 2436347, 0, 0, 0
51600, 2471470, 0, 0, 0
51700, 2556199, 0, 0, 0
51800, 2389085, 0, 0, 0
51901, 2410632, 0, 0, 0
52000, 2314257, 0, 0, 0
52100, 2372836, 0, 0, 0
52200, 2317795, 0, 0, 0
52300, 2411026, 0, 0, 0
52400, 2408728, 0, 0, 0
52500, 2399604, 0, 0, 0
52601, 2361565, 0, 0, 0
52700, 2322600, 0, 0, 0
52800, 2409428, 0, 0, 0
52900, 2469436, 0, 0, 0
53000, 2413790, 0, 0, 0
53100, 2436272, 0, 0, 0
53200, 2377576, 0, 0, 0
53301, 2425318, 0, 0, 0
53400, 2368611, 0, 0, 0
53500, 2311759, 0, 0, 0
53600, 2411523, 0, 0, 0
53701, 2362062, 0, 0, 0
53800, 2346602, 0, 0, 0
53901, 2373879, 0, 0, 0
54000, 2336167, 0, 0, 0
54101, 2372436, 0, 0, 0
54201, 2516069, 0, 0, 0
54301, 2537930, 0, 0, 0
54401, 2419415, 0, 0, 0
54500, 2468044, 0, 0, 0
54600, 2326137, 0, 0, 0
54700, 2341294, 0, 0, 0
54800, 2274058, 0, 0, 0
54901, 2375756, 0, 0, 0
55000, 2280261, 0, 0, 0
55100, 2273433, 0, 0, 0
55201, 2286698, 0, 0, 0
55300, 2354968, 0, 0, 0
55400, 2458489, 0, 0, 0
55500, 2366640, 0, 0, 0
55600, 2411373, 0, 0, 0
55701, 2485360, 0, 0, 0
55801, 2439321, 0, 0, 0
55901, 2486778, 0, 0, 0
56001, 2450727, 0, 0, 0
56100, 2457579, 0, 0, 0
56201, 2257591, 0, 0, 0
56300, 2356263, 0, 0, 0
56400, 2464293, 0, 0, 0
56500, 2451632, 0, 0, 0
56600, 2375690, 0, 0, 0
56700, 2434731, 0, 0, 0
56800, 2513843, 0, 0, 0
56901, 2444044, 0, 0, 0
57001, 2466854, 0, 0, 0
57101, 2362694, 0, 0, 0
57200, 2426938, 0, 0, 0
57300, 2347964, 0, 0, 0
57401, 2351531, 0, 0, 0
57502, 2310604, 0, 0, 0
57601, 2413261, 0, 0, 0
57700, 2335030, 0, 0, 0
57801, 2301548, 0, 0, 0
57900, 2408083, 0, 0, 0
58000, 2372386, 0, 0, 0
58100, 2428087, 0, 0, 0
58201, 2350471, 0, 0, 0
58301, 2447873, 0, 0, 0
58401, 2378390, 0, 0, 0
58500, 2339790, 0, 0, 0
58600, 2332651, 0, 0, 0
58700, 2469601, 0, 0, 0
58800, 2491507, 0, 0, 0
58900, 2299669, 0, 0, 0
59000, 2366088, 0, 0, 0
59100, 2380286, 0, 0, 0
59200, 2345456, 0, 0, 0
59300, 2336878, 0, 0, 0
59401, 2332582, 0, 0, 0
59500, 2421160, 0, 0, 0
59600, 2472380, 0, 0, 0
59700, 2332194, 0, 0, 0
59800, 2309210, 0, 0, 0
59900, 2344834, 0, 0, 0
60000, 2424354, 0, 0, 0
60100, 2457444, 0, 0, 0
60201, 2392442, 0, 0, 0
60301, 2256896, 0, 0, 0
60401, 2319454, 0, 0, 0
60500, 2350237, 0, 0, 0
60600, 2273257, 0, 0, 0
60700, 2249718, 0, 0, 0
60802, 2440313, 0, 0, 0
60900, 2347535, 0, 0, 0
61000, 2349856, 0, 0, 0
61101, 2392694, 0, 0, 0
61200, 2442791, 0, 0, 0
61300, 2387073, 0, 0, 0
61400, 2409833, 0, 0, 0
61500, 2337232, 0, 0, 0
61600, 2327687, 0, 0, 0
61700, 2446651, 0, 0, 0
61801, 2317873, 0, 0, 0
61901, 2327640, 0, 0, 0
62000, 2529843, 0, 0, 0
62100, 2439286, 0, 0, 0
62200, 2385836, 0, 0, 0
62301, 2421171, 0, 0, 0
62401, 2376975, 0, 0, 0
62500, 2405002, 0, 0, 0
62601, 2339006, 0, 0, 0
62701, 2407382, 0, 0, 0
62801, 2412089, 0, 0, 0
62900, 2407102, 0, 0, 0
63000, 2464259, 0, 0, 0
63100, 2309576, 0, 0, 0
63200, 2447290, 0, 0, 0
63301, 2483191, 0, 0, 0
63400, 2444661, 0, 0, 0
63500, 2399267, 0, 0, 0
63600, 2278597, 0, 0, 0
63700, 2368923, 0, 0, 0
63801, 2520237, 0, 0, 0
63901, 2412852, 0, 0, 0
64000, 2408756, 0, 0, 0
64101, 2345630, 0, 0, 0
64201, 2308943, 0, 0, 0
64300, 2426297, 0, 0, 0
64400, 2439987, 0, 0, 0
64500, 2420214, 0, 0, 0
64601, 2415220, 0, 0, 0
64701, 2392744, 0, 0, 0
64800, 2624138, 0, 0, 0
64901, 2430420, 0, 0, 0
65001, 2460745, 0, 0, 0
65101, 2437320, 0, 0, 0
65200, 2457241, 0, 0, 0
65300, 2419619, 0, 0, 0
65400, 2368622, 0, 0, 0
65501, 2400180, 0, 0, 0
65601, 2489776, 0, 0, 0
65700, 2371736, 0, 0, 0
65800, 2413986, 0, 0, 0
65902, 2473584, 0, 0, 0
66001, 2366072, 0, 0, 0
66100, 2366797, 0, 0, 0
66200, 2470087, 0, 0, 0
66301, 2458610, 0, 0, 0
66401, 2395111, 0, 0, 0
66501, 2460850, 0, 0, 0
66602, 2357595, 0, 0, 0
66700, 2317276, 0, 0, 0
66801, 2387054, 0, 0, 0
66901, 2328337, 0, 0, 0
67001, 2430532, 0, 0, 0
67101, 2459164, 0, 0, 0
67201, 2372362, 0, 0, 0
67301, 2494691, 0, 0, 0
67400, 2316585, 0, 0, 0
67500, 2447655, 0, 0, 0
67601, 2469629, 0, 0, 0
67702, 2503924, 0, 0, 0
67801, 2393250, 0, 0, 0
67901, 2316557, 0, 0, 0
68000, 2298076, 0, 0, 0
68100, 2372234, 0, 0, 0
68200, 2403679, 0, 0, 0
68302, 2456396, 0, 0, 0
68400, 2418515, 0, 0, 0
68500, 2374047, 0, 0, 0
68600, 2372985, 0, 0, 0
68701, 2386029, 0, 0, 0
68800, 2467472, 0, 0, 0
68900, 2497413, 0, 0, 0
69000, 2410023, 0, 0, 0
69101, 2398324, 0, 0, 0
69200, 2384120, 0, 0, 0
69300, 2357609, 0, 0, 0
69401, 2502475, 0, 0, 0
69500, 2334599, 0, 0, 0
69600, 2508137, 0, 0, 0
69700, 2399220, 0, 0, 0
69800, 2441612, 0, 0, 0
69900, 2382877, 0, 0, 0
70001, 2384135, 0, 0, 0
70101, 2382104, 0, 0, 0
70200, 2483580, 0, 0, 0
70302, 2496895, 0, 0, 0
70401, 2344348, 0, 0, 0
70500, 2428377, 0, 0, 0
70601, 2457759, 0, 0, 0
70700, 2480453, 0, 0, 0
70800, 2326419, 0, 0, 0
70900, 2409340, 0, 0, 0
71000, 2374727, 0, 0, 0
71100, 2493960, 0, 0, 0
71200, 2423431, 0, 0, 0
71300, 2441564, 0, 0, 0
71400, 2482846, 0, 0, 0
71500, 2405451, 0, 0, 0
71601, 2417584, 0, 0, 0
71700, 2300566, 0, 0, 0
71800, 2388613, 0, 0, 0
71900, 2445006, 0, 0, 0
72001, 2386791, 0, 0, 0
72101, 2303969, 0, 0, 0
72201, 2323772, 0, 0, 0
72300, 2289985, 0, 0, 0
72402, 2450657, 0, 0, 0
72500, 2491222, 0, 0, 0
72600, 2413352, 0, 0, 0
72701, 2356983, 0, 0, 0
72801, 2401539, 0, 0, 0
72900, 2446295, 0, 0, 0
73000, 2378956, 0, 0, 0
73101, 2386635, 0, 0, 0
73200, 2327224, 0, 0, 0
73302, 2392403, 0, 0, 0
73400, 2295851, 0, 0, 0
73500, 2307804, 0, 0, 0
73600, 2386334, 0, 0, 0
73701, 2413298, 0, 0, 0
73801, 2375817, 0, 0, 0
73901, 2344881, 0, 0, 0
74000, 2345768, 0, 0, 0
74100, 2303734, 0, 0, 0
74200, 2375035, 0, 0, 0
74301, 2350913, 0, 0, 0
74400, 2422227, 0, 0, 0
74501, 2370745, 0, 0, 0
74601, 2427619, 0, 0, 0
74700, 2360849, 0, 0, 0
74800, 2449954, 0, 0, 0
74900, 2380452, 0, 0, 0
75000, 2251402, 0, 0, 0
75101, 2265465, 0, 0, 0
75201, 2317336, 0, 0, 0
75300, 2391627, 0, 0, 0
75400, 2300270, 0, 0, 0
75500, 2253966, 0, 0, 0
75601, 2373398, 0, 0, 0
75700, 2429322, 0, 0, 0
75800, 2484098, 0, 0, 0
75900, 2387093, 0, 0, 0
76001, 2303962, 0, 0, 0
76100, 2319027, 0, 0, 0
76201, 2316224, 0, 0, 0
76300, 2333604, 0, 0, 0
76400, 2353237, 0, 0, 0
76500, 2428262, 0, 0, 0
76601, 2385928, 0, 0, 0
76701, 2395913, 0, 0, 0
76800, 2494551, 0, 0, 0
76900, 2418612, 0, 0, 0
77000, 2395880, 0, 0, 0
77100, 2375162, 0, 0, 0
77200, 2465288, 0, 0, 0
77301, 2401790, 0, 0, 0
77401, 2350868, 0, 0, 0
77500, 2380859, 0, 0, 0
77600, 2328526, 0, 0, 0
77700, 2374972, 0, 0, 0
77801, 2515093, 0, 0, 0
77901, 2365185, 0, 0, 0
78000, 2320965, 0, 0, 0
78101, 2237751, 0, 0, 0
78201, 2446352, 0, 0, 0
78301, 2332903, 0, 0, 0
78400, 2440045, 0, 0, 0
78502, 2574694, 0, 0, 0
78600, 2328846, 0, 0, 0
78700, 2245816, 0, 0, 0
78800, 2379511, 0, 0, 0
78900, 2291277, 0, 0, 0
79000, 2345102, 0, 0, 0
79101, 2441192, 0, 0, 0
79201, 2401774, 0, 0, 0
79300, 2472473, 0, 0, 0
79401, 2396786, 0, 0, 0
79502, 2446882, 0, 0, 0
79601, 2363862, 0, 0, 0
79700, 2364838, 0, 0, 0
79801, 2406753, 0, 0, 0
79901, 2321884, 0, 0, 0
80000, 2437588, 0, 0, 0
80101, 2442674, 0, 0, 0
80200, 2460434, 0, 0, 0
80300, 2520671, 0, 0, 0
80402, 2295539, 0, 0, 0
80500, 2395185, 0, 0, 0
80601, 2415060, 0, 0, 0
80701, 2381651, 0, 0, 0
80800, 2341257, 0, 0, 0
80900, 2366645, 0, 0, 0
81000, 2316822, 0, 0, 0
81100, 2393196, 0, 0, 0
81200, 2381313, 0, 0, 0
81301, 2395521, 0, 0, 0
81400, 2323340, 0, 0, 0
81500, 2337679, 0, 0, 0
81600, 2324098, 0, 0, 0
81701, 2305146, 0, 0, 0
81800, 2406533, 0, 0, 0
81901, 2290512, 0, 0, 0
82001, 2360794, 0, 0, 0
82100, 2309462, 0, 0, 0
82201, 2376662, 0, 0, 0
82300, 2359954, 0, 0, 0
82400, 2373725, 0, 0, 0
82501, 2254858, 0, 0, 0
82600, 2313404, 0, 0, 0
82700, 2396783, 0, 0, 0
82802, 2371356, 0, 0, 0
82900, 2353650, 0, 0, 0
83001, 2350617, 0, 0, 0
83101, 2302386, 0, 0, 0
83200, 2365532, 0, 0, 0
83300, 2341638, 0, 0, 0
83400, 2392811, 0, 0, 0
83500, 2455760, 0, 0, 0
83600, 2335102, 0, 0, 0
83701, 2385608, 0, 0, 0
83800, 2453109, 0, 0, 0
83900, 2418782, 0, 0, 0
84002, 2437971, 0, 0, 0
84100, 2377216, 0, 0, 0
84200, 2434471, 0, 0, 0
84300, 2395534, 0, 0, 0
84401, 2306597, 0, 0, 0
84501, 2350856, 0, 0, 0
84602, 2413309, 0, 0, 0
84701, 2358478, 0, 0, 0
84801, 2313777, 0, 0, 0
84900, 2388621, 0, 0, 0
85000, 2446498, 0, 0, 0
85100, 2318677, 0, 0, 0
85201, 2374331, 0, 0, 0
85300, 2334833, 0, 0, 0
85400, 2376603, 0, 0, 0
85500, 2371725, 0, 0, 0
85600, 2527626, 0, 0, 0
85700, 2408797, 0, 0, 0
85802, 2444916, 0, 0, 0
85900, 2418877, 0, 0, 0
86001, 2438419, 0, 0, 0
86100, 2355623, 0, 0, 0
86200, 2337492, 0, 0, 0
86300, 2383645, 0, 0, 0
86401, 2337982, 0, 0, 0
86500, 2390078, 0, 0, 0
86600, 2419290, 0, 0, 0
86701, 2390948, 0, 0, 0
86801, 2356669, 0, 0, 0
86901, 2407914, 0, 0, 0
87000, 2470698, 0, 0, 0
87100, 2432234, 0, 0, 0
87201, 2454973, 0, 0, 0
87300, 2349959, 0, 0, 0
87400, 2326568, 0, 0, 0
87500, 2406076, 0, 0, 0
87600, 2487479, 0, 0, 0
87700, 2350607, 0, 0, 0
87801, 2342007, 0, 0, 0
87900, 2298599, 0, 0, 0
88000, 2310563, 0, 0, 0
88100, 2355671, 0, 0, 0
88200, 2406509, 0, 0, 0
88300, 2333955, 0, 0, 0
88400, 2259216, 0, 0, 0
88501, 2341243, 0, 0, 0
88600, 2425462, 0, 0, 0
88700, 2341314, 0, 0, 0
88801, 2384179, 0, 0, 0
88900, 2380450, 0, 0, 0
89000, 2449571, 0, 0, 0
89101, 2449113, 0, 0, 0
89200, 2305454, 0, 0, 0
89300, 2387052, 0, 0, 0
89400, 2374999, 0, 0, 0
89500, 2339029, 0, 0, 0
89600, 2396684, 0, 0, 0
89700, 2441734, 0, 0, 0
89800, 2340017, 0, 0, 0
89900, 2404289, 0, 0, 0
90000, 2351374, 0, 0, 0
90002, 2075465, 0, 0, 0
