100, 4196, 0, 0, 0
201, 4199, 0, 0, 0
300, 4710, 0, 0, 0
400, 4549, 0, 0, 0
500, 4478, 0, 0, 0
601, 4237, 0, 0, 0
700, 3850, 0, 0, 0
800, 5596, 0, 0, 0
900, 4826, 0, 0, 0
1000, 4400, 0, 0, 0
1100, 4848, 0, 0, 0
1200, 3870, 0, 0, 0
1300, 3916, 0, 0, 0
1400, 4438, 0, 0, 0
1501, 4633, 0, 0, 0
1601, 4479, 0, 0, 0
1701, 4366, 0, 0, 0
1800, 3656, 0, 0, 0
1900, 4328, 0, 0, 0
2000, 4466, 0, 0, 0
2100, 4515, 0, 0, 0
2200, 4141, 0, 0, 0
2301, 4507, 0, 0, 0
2400, 4022, 0, 0, 0
2500, 4699, 0, 0, 0
2600, 4812, 0, 0, 0
2700, 4092, 0, 0, 0
2800, 4367, 0, 0, 0
2901, 4425, 0, 0, 0
3000, 3842, 0, 0, 0
3100, 4251, 0, 0, 0
3200, 4304, 0, 0, 0
3300, 4269, 0, 0, 0
3400, 4545, 0, 0, 0
3500, 4214, 0, 0, 0
3600, 4505, 0, 0, 0
3700, 4015, 0, 0, 0
3801, 3823, 0, 0, 0
3901, 4100, 0, 0, 0
4000, 4219, 0, 0, 0
4100, 3497, 0, 0, 0
4200, 3773, 0, 0, 0
4300, 3409, 0, 0, 0
4400, 3772, 0, 0, 0
4500, 3770, 0, 0, 0
4600, 3702, 0, 0, 0
4700, 4167, 0, 0, 0
4800, 3849, 0, 0, 0
4900, 4491, 0, 0, 0
5000, 4466, 0, 0, 0
5100, 4871, 0, 0, 0
5200, 5140, 0, 0, 0
5301, 3943, 0, 0, 0
5401, 4227, 0, 0, 0
5500, 4022, 0, 0, 0
5600, 4515, 0, 0, 0
5700, 4033, 0, 0, 0
5800, 4760, 0, 0, 0
5900, 4170, 0, 0, 0
6000, 3642, 0, 0, 0
6100, 5066, 0, 0, 0
6200, 4241, 0, 0, 0
6300, 3972, 0, 0, 0
6400, 4244, 0, 0, 0
6500, 3901, 0, 0, 0
6600, 3639, 0, 0, 0
6700, 3684, 0, 0, 0
6800, 4141, 0, 0, 0
6900, 4236, 0, 0, 0
7000, 4067, 0, 0, 0
7100, 3995, 0, 0, 0
7200, 4245, 0, 0, 0
7301, 4795, 0, 0, 0
7400, 4432, 0, 0, 0
7500, 4877, 0, 0, 0
7600, 4465, 0, 0, 0
7700, 3976, 0, 0, 0
7800, 4201, 0, 0, 0
7900, 3863, 0, 0, 0
8000, 3965, 0, 0, 0
8100, 4297, 0, 0, 0
8200, 4645, 0, 0, 0
8300, 4376, 0, 0, 0
8400, 4522, 0, 0, 0
8501, 4243, 0, 0, 0
8600, 4406, 0, 0, 0
8701, 4610, 0, 0, 0
8801, 4987, 0, 0, 0
8900, 5818, 0, 0, 0
9000, 5021, 0, 0, 0
9100, 4686, 0, 0, 0
9200, 4398, 0, 0, 0
9300, 4291, 0, 0, 0
9400, 3997, 0, 0, 0
9501, 4281, 0, 0, 0
9600, 4186, 0, 0, 0
9700, 4523, 0, 0, 0
9801, 4613, 0, 0, 0
9901, 4078, 0, 0, 0
10000, 3817, 0, 0, 0
10100, 4941, 0, 0, 0
10201, 4634, 0, 0, 0
10300, 5055, 0, 0, 0
10400, 4622, 0, 0, 0
10500, 4702, 0, 0, 0
10600, 4460, 0, 0, 0
10700, 5510, 0, 0, 0
10801, 4927, 0, 0, 0
10900, 4433, 0, 0, 0
11000, 4588, 0, 0, 0
11100, 4476, 0, 0, 0
11200, 3812, 0, 0, 0
11300, 3641, 0, 0, 0
11400, 4214, 0, 0, 0
11500, 3507, 0, 0, 0
11600, 3959, 0, 0, 0
11700, 5126, 0, 0, 0
11800, 4861, 0, 0, 0
11900, 4355, 0, 0, 0
12001, 4134, 0, 0, 0
12100, 4520, 0, 0, 0
12200, 4015, 0, 0, 0
12300, 4624, 0, 0, 0
12401, 5021, 0, 0, 0
12500, 4367, 0, 0, 0
12600, 4118, 0, 0, 0
12701, 4225, 0, 0, 0
12800, 3939, 0, 0, 0
12900, 4184, 0, 0, 0
13000, 3848, 0, 0, 0
13100, 4796, 0, 0, 0
13200, 3881, 0, 0, 0
13300, 4310, 0, 0, 0
13401, 5511, 0, 0, 0
13500, 4537, 0, 0, 0
13600, 4228, 0, 0, 0
13700, 4761, 0, 0, 0
13800, 5219, 0, 0, 0
13900, 3919, 0, 0, 0
14000, 4134, 0, 0, 0
14100, 4029, 0, 0, 0
14200, 4371, 0, 0, 0
14300, 4673, 0, 0, 0
14400, 4278, 0, 0, 0
14501, 4918, 0, 0, 0
14600, 4322, 0, 0, 0
14700, 4334, 0, 0, 0
14800, 3772, 0, 0, 0
14900, 4510, 0, 0, 0
15000, 4231, 0, 0, 0
15100, 3837, 0, 0, 0
15200, 4374, 0, 0, 0
15300, 3967, 0, 0, 0
15401, 4187, 0, 0, 0
15500, 4385, 0, 0, 0
15600, 4650, 0, 0, 0
15700, 4241, 0, 0, 0
15800, 4308, 0, 0, 0
15900, 3757, 0, 0, 0
16000, 3432, 0, 0, 0
16100, 4215, 0, 0, 0
16200, 5021, 0, 0, 0
16301, 5792, 0, 0, 0
16400, 4619, 0, 0, 0
16500, 4970, 0, 0, 0
16601, 4649, 0, 0, 0
16701, 3967, 0, 0, 0
16800, 4235, 0, 0, 0
16900, 4552, 0, 0, 0
17000, 4742, 0, 0, 0
17100, 5674, 0, 0, 0
17200, 4575, 0, 0, 0
17300, 4370, 0, 0, 0
17400, 4536, 0, 0, 0
17500, 4831, 0, 0, 0
17600, 4548, 0, 0, 0
17700, 4904, 0, 0, 0
17800, 5790, 0, 0, 0
17900, 5490, 0, 0, 0
18000, 4651, 0, 0, 0
18100, 4545, 0, 0, 0
18200, 4707, 0, 0, 0
18300, 4686, 0, 0, 0
18400, 4506, 0, 0, 0
18500, 4911, 0, 0, 0
18600, 5029, 0, 0, 0
18700, 5055, 0, 0, 0
18800, 6325, 0, 0, 0
18900, 5512, 0, 0, 0
19000, 6605, 0, 0, 0
19100, 5189, 0, 0, 0
19200, 4663, 0, 0, 0
19301, 3898, 0, 0, 0
19400, 4121, 0, 0, 0
19500, 4643, 0, 0, 0
19600, 4073, 0, 0, 0
19700, 3966, 0, 0, 0
19801, 4587, 0, 0, 0
19901, 4257, 0, 0, 0
20000, 4237, 0, 0, 0
20100, 4189, 0, 0, 0
20200, 4251, 0, 0, 0
20300, 4052, 0, 0, 0
20400, 4174, 0, 0, 0
20500, 4215, 0, 0, 0
20600, 3929, 0, 0, 0
20700, 4605, 0, 0, 0
20800, 5210, 0, 0, 0
20900, 5313, 0, 0, 0
21000, 4610, 0, 0, 0
21100, 4530, 0, 0, 0
21200, 5333, 0, 0, 0
21300, 5606, 0, 0, 0
21400, 4312, 0, 0, 0
21500, 4477, 0, 0, 0
21600, 4993, 0, 0, 0
21700, 4842, 0, 0, 0
21800, 4419, 0, 0, 0
21900, 4152, 0, 0, 0
22000, 3571, 0, 0, 0
22100, 3312, 0, 0, 0
22201, 3699, 0, 0, 0
22301, 3969, 0, 0, 0
22400, 4400, 0, 0, 0
22500, 4265, 0, 0, 0
22600, 4355, 0, 0, 0
22700, 4983, 0, 0, 0
22800, 5010, 0, 0, 0
22900, 5071, 0, 0, 0
23000, 5252, 0, 0, 0
23101, 4035, 0, 0, 0
23200, 4643, 0, 0, 0
23300, 4328, 0, 0, 0
23400, 4307, 0, 0, 0
23501, 3659, 0, 0, 0
23600, 4426, 0, 0, 0
23700, 4202, 0, 0, 0
23800, 4054, 0, 0, 0
23900, 4022, 0, 0, 0
24000, 4093, 0, 0, 0
24100, 3861, 0, 0, 0
24201, 3734, 0, 0, 0
24300, 4106, 0, 0, 0
24401, 4842, 0, 0, 0
24500, 4460, 0, 0, 0
24600, 4419, 0, 0, 0
24701, 4164, 0, 0, 0
24800, 4110, 0, 0, 0
24900, 4393, 0, 0, 0
25000, 4148, 0, 0, 0
25100, 3431, 0, 0, 0
25200, 3934, 0, 0, 0
25300, 4881, 0, 0, 0
25400, 4203, 0, 0, 0
25501, 5305, 0, 0, 0
25600, 4217, 0, 0, 0
25700, 4458, 0, 0, 0
25800, 4540, 0, 0, 0
25900, 4136, 0, 0, 0
26000, 4205, 0, 0, 0
26100, 3963, 0, 0, 0
26200, 3808, 0, 0, 0
26301, 3365, 0, 0, 0
26400, 3862, 0, 0, 0
26500, 4072, 0, 0, 0
26601, 4335, 0, 0, 0
26701, 4209, 0, 0, 0
26800, 4447, 0, 0, 0
26900, 4771, 0, 0, 0
27000, 5295, 0, 0, 0
27100, 4273, 0, 0, 0
27201, 4735, 0, 0, 0
27301, 3997, 0, 0, 0
27401, 4808, 0, 0, 0
27500, 5252, 0, 0, 0
27600, 4921, 0, 0, 0
27701, 4227, 0, 0, 0
27800, 4849, 0, 0, 0
27900, 4623, 0, 0, 0
28001, 5432, 0, 0, 0
28101, 4048, 0, 0, 0
28201, 4726, 0, 0, 0
28301, 4886, 0, 0, 0
28401, 5437, 0, 0, 0
28500, 5449, 0, 0, 0
28600, 5425, 0, 0, 0
28700, 5187, 0, 0, 0
28800, 4714, 0, 0, 0
28900, 3663, 0, 0, 0
29000, 4403, 0, 0, 0
29100, 4910, 0, 0, 0
29200, 4289, 0, 0, 0
29300, 4451, 0, 0, 0
29400, 3838, 0, 0, 0
29500, 4109, 0, 0, 0
29601, 4623, 0, 0, 0
29701, 4574, 0, 0, 0
29800, 3710, 0, 0, 0
29901, 3932, 0, 0, 0
30000, 4779, 0, 0, 0
30100, 4866, 0, 0, 0
30200, 4968, 0, 0, 0
30300, 4673, 0, 0, 0
30401, 4303, 0, 0, 0
30500, 4685, 0, 0, 0
30600, 4134, 0, 0, 0
30700, 4442, 0, 0, 0
30801, 4464, 0, 0, 0
30901, 3741, 0, 0, 0
31000, 4060, 0, 0, 0
31100, 3840, 0, 0, 0
31200, 4505, 0, 0, 0
31300, 3914, 0, 0, 0
31400, 4285, 0, 0, 0
31500, 3799, 0, 0, 0
31600, 4360, 0, 0, 0
31700, 4487, 0, 0, 0
31800, 4374, 0, 0, 0
31900, 3985, 0, 0, 0
32001, 4135, 0, 0, 0
32100, 4047, 0, 0, 0
32200, 4930, 0, 0, 0
32300, 3732, 0, 0, 0
32400, 4158, 0, 0, 0
32500, 5519, 0, 0, 0
32601, 4354, 0, 0, 0
32700, 4001, 0, 0, 0
32800, 4460, 0, 0, 0
32901, 4543, 0, 0, 0
33000, 4936, 0, 0, 0
33101, 4306, 0, 0, 0
33200, 4623, 0, 0, 0
33300, 4623, 0, 0, 0
33400, 4333, 0, 0, 0
33500, 4824, 0, 0, 0
33600, 4802, 0, 0, 0
33700, 4847, 0, 0, 0
33800, 4992, 0, 0, 0
33901, 4049, 0, 0, 0
34000, 5355, 0, 0, 0
34100, 5917, 0, 0, 0
34200, 4976, 0, 0, 0
34300, 4499, 0, 0, 0
34400, 4069, 0, 0, 0
34500, 4287, 0, 0, 0
34600, 3571, 0, 0, 0
34700, 3942, 0, 0, 0
34800, 3384, 0, 0, 0
34900, 4046, 0, 0, 0
35000, 4832, 0, 0, 0
35100, 4302, 0, 0, 0
35200, 4109, 0, 0, 0
35300, 4518, 0, 0, 0
35401, 4407, 0, 0, 0
35500, 3871, 0, 0, 0
35600, 3639, 0, 0, 0
35700, 4070, 0, 0, 0
35800, 3618, 0, 0, 0
35900, 4094, 0, 0, 0
36000, 4791, 0, 0, 0
36100, 4086, 0, 0, 0
36200, 4204, 0, 0, 0
36300, 4222, 0, 0, 0
36401, 4625, 0, 0, 0
36501, 4787, 0, 0, 0
36600, 4422, 0, 0, 0
36701, 4555, 0, 0, 0
36800, 5012, 0, 0, 0
36900, 4355, 0, 0, 0
37000, 4573, 0, 0, 0
37100, 3996, 0, 0, 0
37200, 3960, 0, 0, 0
37300, 4150, 0, 0, 0
37401, 4407, 0, 0, 0
37501, 3925, 0, 0, 0
37600, 4740, 0, 0, 0
37700, 5108, 0, 0, 0
37801, 5006, 0, 0, 0
37900, 5071, 0, 0, 0
38001, 4746, 0, 0, 0
38101, 4153, 0, 0, 0
38200, 4609, 0, 0, 0
38300, 3995, 0, 0, 0
38400, 5302, 0, 0, 0
38500, 5587, 0, 0, 0
38600, 4957, 0, 0, 0
38701, 4607, 0, 0, 0
38800, 4448, 0, 0, 0
38900, 3985, 0, 0, 0
39000, 4718, 0, 0, 0
39100, 4180, 0, 0, 0
39201, 4218, 0, 0, 0
39300, 3920, 0, 0, 0
39400, 6208, 0, 0, 0
39500, 4855, 0, 0, 0
39600, 4438, 0, 0, 0
39700, 4257, 0, 0, 0
39800, 3833, 0, 0, 0
39900, 4581, 0, 0, 0
40000, 4716, 0, 0, 0
40100, 4533, 0, 0, 0
40201, 4652, 0, 0, 0
40300, 4666, 0, 0, 0
40401, 4495, 0, 0, 0
40501, 4516, 0, 0, 0
40600, 4268, 0, 0, 0
40700, 4083, 0, 0, 0
40800, 4513, 0, 0, 0
40901, 4269, 0, 0, 0
41000, 4676, 0, 0, 0
41100, 4866, 0, 0, 0
41201, 5741, 0, 0, 0
41300, 6206, 0, 0, 0
41400, 4706, 0, 0, 0
41501, 4869, 0, 0, 0
41601, 4189, 0, 0, 0
41700, 4597, 0, 0, 0
41800, 4236, 0, 0, 0
41900, 4408, 0, 0, 0
42000, 4989, 0, 0, 0
42100, 3734, 0, 0, 0
42200, 4337, 0, 0, 0
42300, 4317, 0, 0, 0
42400, 5188, 0, 0, 0
42501, 5268, 0, 0, 0
42601, 5106, 0, 0, 0
42700, 4281, 0, 0, 0
42800, 4668, 0, 0, 0
42900, 4305, 0, 0, 0
43000, 4381, 0, 0, 0
43100, 4237, 0, 0, 0
43201, 5015, 0, 0, 0
43301, 4014, 0, 0, 0
43400, 4255, 0, 0, 0
43501, 4185, 0, 0, 0
43600, 4472, 0, 0, 0
43700, 5038, 0, 0, 0
43801, 5588, 0, 0, 0
43900, 5552, 0, 0, 0
44000, 4562, 0, 0, 0
44100, 4842, 0, 0, 0
44200, 4723, 0, 0, 0
44300, 5036, 0, 0, 0
44400, 5423, 0, 0, 0
44500, 4100, 0, 0, 0
44600, 5183, 0, 0, 0
44700, 4919, 0, 0, 0
44801, 4004, 0, 0, 0
44900, 3765, 0, 0, 0
45001, 4419, 0, 0, 0
45101, 4302, 0, 0, 0
45200, 4277, 0, 0, 0
45300, 4819, 0, 0, 0
45400, 3982, 0, 0, 0
45500, 4295, 0, 0, 0
45600, 5068, 0, 0, 0
45700, 4414, 0, 0, 0
45800, 4482, 0, 0, 0
45900, 4612, 0, 0, 0
46000, 3700, 0, 0, 0
46100, 4826, 0, 0, 0
46200, 4629, 0, 0, 0
46300, 4757, 0, 0, 0
46401, 4637, 0, 0, 0
46500, 4365, 0, 0, 0
46600, 3998, 0, 0, 0
46700, 4003, 0, 0, 0
46800, 4440, 0, 0, 0
46900, 4007, 0, 0, 0
47000, 4884, 0, 0, 0
47100, 3975, 0, 0, 0
47200, 4154, 0, 0, 0
47300, 4064, 0, 0, 0
47400, 4198, 0, 0, 0
47500, 3627, 0, 0, 0
47601, 4049, 0, 0, 0
47701, 3864, 0, 0, 0
47800, 4011, 0, 0, 0
47901, 4095, 0, 0, 0
48001, 4292, 0, 0, 0
48101, 3923, 0, 0, 0
48200, 4191, 0, 0, 0
48300, 3970, 0, 0, 0
48400, 4150, 0, 0, 0
48500, 4944, 0, 0, 0
48601, 5417, 0, 0, 0
48701, 5118, 0, 0, 0
48800, 4792, 0, 0, 0
48900, 4685, 0, 0, 0
49000, 4419, 0, 0, 0
49100, 4275, 0, 0, 0
49200, 4361, 0, 0, 0
49300, 4916, 0, 0, 0
49400, 4717, 0, 0, 0
49500, 5326, 0, 0, 0
49600, 3698, 0, 0, 0
49701, 4721, 0, 0, 0
49800, 3650, 0, 0, 0
49900, 3920, 0, 0, 0
50000, 4121, 0, 0, 0
50100, 4197, 0, 0, 0
50200, 5036, 0, 0, 0
50300, 4418, 0, 0, 0
50400, 4205, 0, 0, 0
50500, 5097, 0, 0, 0
50600, 4168, 0, 0, 0
50700, 3914, 0, 0, 0
50800, 4022, 0, 0, 0
50900, 4469, 0, 0, 0
51001, 4044, 0, 0, 0
51101, 3877, 0, 0, 0
51200, 4568, 0, 0, 0
51300, 4075, 0, 0, 0
51400, 4338, 0, 0, 0
51500, 4645, 0, 0, 0
51600, 4381, 0, 0, 0
51701, 4853, 0, 0, 0
51800, 4321, 0, 0, 0
51900, 4502, 0, 0, 0
52000, 4121, 0, 0, 0
52101, 4367, 0, 0, 0
52200, 3800, 0, 0, 0
52300, 3856, 0, 0, 0
52400, 4848, 0, 0, 0
52500, 5740, 0, 0, 0
52601, 4531, 0, 0, 0
52700, 5056, 0, 0, 0
52800, 4386, 0, 0, 0
52901, 3883, 0, 0, 0
53000, 4416, 0, 0, 0
53100, 4544, 0, 0, 0
53200, 4999, 0, 0, 0
53301, 5290, 0, 0, 0
53400, 4479, 0, 0, 0
53500, 4155, 0, 0, 0
53600, 4511, 0, 0, 0
53701, 3757, 0, 0, 0
53800, 4560, 0, 0, 0
53900, 4515, 0, 0, 0
54000, 4086, 0, 0, 0
54100, 3623, 0, 0, 0
54200, 4344, 0, 0, 0
54300, 4439, 0, 0, 0
54400, 4091, 0, 0, 0
54501, 3909, 0, 0, 0
54600, 5157, 0, 0, 0
54700, 4033, 0, 0, 0
54800, 4798, 0, 0, 0
54901, 4200, 0, 0, 0
55000, 4236, 0, 0, 0
55100, 4386, 0, 0, 0
55201, 4623, 0, 0, 0
55300, 4649, 0, 0, 0
55401, 4459, 0, 0, 0
55500, 4789, 0, 0, 0
55601, 4745, 0, 0, 0
55701, 4555, 0, 0, 0
55801, 4850, 0, 0, 0
55900, 4956, 0, 0, 0
56001, 4780, 0, 0, 0
56100, 3885, 0, 0, 0
56200, 4609, 0, 0, 0
56300, 4440, 0, 0, 0
56401, 4660, 0, 0, 0
56500, 4027, 0, 0, 0
56600, 4797, 0, 0, 0
56700, 4257, 0, 0, 0
56800, 3943, 0, 0, 0
56900, 3974, 0, 0, 0
57001, 4335, 0, 0, 0
57100, 5124, 0, 0, 0
57201, 4592, 0, 0, 0
57301, 4291, 0, 0, 0
57400, 4226, 0, 0, 0
57500, 4940, 0, 0, 0
57600, 4901, 0, 0, 0
57700, 3995, 0, 0, 0
57800, 4976, 0, 0, 0
57901, 4500, 0, 0, 0
58000, 4757, 0, 0, 0
58100, 4455, 0, 0, 0
58200, 4709, 0, 0, 0
58301, 3643, 0, 0, 0
58400, 5196, 0, 0, 0
58500, 4370, 0, 0, 0
58600, 4154, 0, 0, 0
58700, 4670, 0, 0, 0
58801, 4102, 0, 0, 0
58900, 5789, 0, 0, 0
59000, 4437, 0, 0, 0
59101, 4754, 0, 0, 0
59200, 4731, 0, 0, 0
59301, 4605, 0, 0, 0
59400, 5123, 0, 0, 0
59500, 4813, 0, 0, 0
59600, 3984, 0, 0, 0
59700, 4327, 0, 0, 0
59801, 4118, 0, 0, 0
59900, 4106, 0, 0, 0
60000, 4309, 0, 0, 0
60100, 4761, 0, 0, 0
60201, 4427, 0, 0, 0
60300, 4467, 0, 0, 0
60400, 3923, 0, 0, 0
60500, 4032, 0, 0, 0
60601, 4350, 0, 0, 0
60701, 4249, 0, 0, 0
60800, 4494, 0, 0, 0
60900, 5086, 0, 0, 0
61000, 3935, 0, 0, 0
61100, 4166, 0, 0, 0
61200, 4723, 0, 0, 0
61300, 4744, 0, 0, 0
61400, 5400, 0, 0, 0
61500, 5077, 0, 0, 0
61600, 5506, 0, 0, 0
61700, 4824, 0, 0, 0
61800, 4532, 0, 0, 0
61900, 4346, 0, 0, 0
62001, 4022, 0, 0, 0
62100, 3909, 0, 0, 0
62200, 3617, 0, 0, 0
62300, 3793, 0, 0, 0
62401, 3824, 0, 0, 0
62500, 3960, 0, 0, 0
62600, 4139, 0, 0, 0
62700, 3572, 0, 0, 0
62800, 3654, 0, 0, 0
62901, 3622, 0, 0, 0
63000, 3439, 0, 0, 0
63100, 4162, 0, 0, 0
63200, 4646, 0, 0, 0
63301, 4649, 0, 0, 0
63400, 5089, 0, 0, 0
63501, 5446, 0, 0, 0
63600, 5314, 0, 0, 0
63701, 4645, 0, 0, 0
63801, 4230, 0, 0, 0
63900, 4422, 0, 0, 0
64000, 4854, 0, 0, 0
64100, 4235, 0, 0, 0
64200, 4344, 0, 0, 0
64300, 4095, 0, 0, 0
64400, 4388, 0, 0, 0
64501, 4951, 0, 0, 0
64600, 4607, 0, 0, 0
64700, 4793, 0, 0, 0
64801, 4963, 0, 0, 0
64900, 4142, 0, 0, 0
65000, 4257, 0, 0, 0
65101, 3915, 0, 0, 0
65200, 4109, 0, 0, 0
65301, 4560, 0, 0, 0
65400, 3816, 0, 0, 0
65500, 4080, 0, 0, 0
65600, 4539, 0, 0, 0
65701, 4587, 0, 0, 0
65801, 4430, 0, 0, 0
65900, 4459, 0, 0, 0
66000, 4425, 0, 0, 0
66100, 4568, 0, 0, 0
66200, 4568, 0, 0, 0
66301, 4216, 0, 0, 0
66400, 4470, 0, 0, 0
66501, 4882, 0, 0, 0
66600, 4330, 0, 0, 0
66701, 4875, 0, 0, 0
66800, 4332, 0, 0, 0
66901, 5300, 0, 0, 0
67000, 4266, 0, 0, 0
67100, 4453, 0, 0, 0
67200, 3908, 0, 0, 0
67300, 3577, 0, 0, 0
67400, 4162, 0, 0, 0
67500, 3913, 0, 0, 0
67601, 4804, 0, 0, 0
67700, 4996, 0, 0, 0
67800, 4957, 0, 0, 0
67900, 4560, 0, 0, 0
68000, 4349, 0, 0, 0
68101, 5660, 0, 0, 0
68201, 4658, 0, 0, 0
68301, 4628, 0, 0, 0
68400, 4199, 0, 0, 0
68501, 4255, 0, 0, 0
68601, 3883, 0, 0, 0
68701, 4150, 0, 0, 0
68800, 5020, 0, 0, 0
68900, 4305, 0, 0, 0
69000, 4771, 0, 0, 0
69100, 3804, 0, 0, 0
69200, 4091, 0, 0, 0
69301, 4016, 0, 0, 0
69400, 4600, 0, 0, 0
69501, 3747, 0, 0, 0
69600, 3960, 0, 0, 0
69700, 4419, 0, 0, 0
69800, 4284, 0, 0, 0
69900, 4291, 0, 0, 0
70000, 4111, 0, 0, 0
70100, 4643, 0, 0, 0
70200, 4950, 0, 0, 0
70300, 4127, 0, 0, 0
70401, 4151, 0, 0, 0
70500, 3926, 0, 0, 0
70600, 4214, 0, 0, 0
70700, 4441, 0, 0, 0
70800, 4561, 0, 0, 0
70901, 5329, 0, 0, 0
71000, 4442, 0, 0, 0
71100, 4727, 0, 0, 0
71200, 4127, 0, 0, 0
71300, 4896, 0, 0, 0
71400, 3954, 0, 0, 0
71500, 4673, 0, 0, 0
71600, 5055, 0, 0, 0
71700, 4712, 0, 0, 0
71800, 4546, 0, 0, 0
71900, 4528, 0, 0, 0
72000, 4503, 0, 0, 0
72100, 4074, 0, 0, 0
72201, 4481, 0, 0, 0
72300, 4573, 0, 0, 0
72401, 4120, 0, 0, 0
72500, 4479, 0, 0, 0
72600, 4352, 0, 0, 0
72700, 5162, 0, 0, 0
72801, 4084, 0, 0, 0
72901, 4042, 0, 0, 0
73000, 4116, 0, 0, 0
73100, 4029, 0, 0, 0
73200, 4274, 0, 0, 0
73300, 4478, 0, 0, 0
73401, 5004, 0, 0, 0
73500, 4593, 0, 0, 0
73601, 4395, 0, 0, 0
73700, 4026, 0, 0, 0
73800, 4643, 0, 0, 0
73900, 4689, 0, 0, 0
74000, 4406, 0, 0, 0
74100, 4568, 0, 0, 0
74200, 4733, 0, 0, 0
74301, 4415, 0, 0, 0
74401, 5005, 0, 0, 0
74500, 4364, 0, 0, 0
74600, 4640, 0, 0, 0
74700, 5052, 0, 0, 0
74801, 5143, 0, 0, 0
74900, 4716, 0, 0, 0
75000, 5684, 0, 0, 0
75100, 5511, 0, 0, 0
75200, 5343, 0, 0, 0
75300, 5432, 0, 0, 0
75400, 4579, 0, 0, 0
75500, 4236, 0, 0, 0
75600, 4158, 0, 0, 0
75700, 4456, 0, 0, 0
75800, 3561, 0, 0, 0
75900, 4087, 0, 0, 0
76001, 4602, 0, 0, 0
76100, 4385, 0, 0, 0
76200, 4825, 0, 0, 0
76300, 4820, 0, 0, 0
76400, 4622, 0, 0, 0
76501, 4772, 0, 0, 0
76601, 3253, 0, 0, 0
76700, 4169, 0, 0, 0
76800, 3971, 0, 0, 0
76900, 3948, 0, 0, 0
77001, 4215, 0, 0, 0
77100, 5171, 0, 0, 0
77200, 4424, 0, 0, 0
77300, 4434, 0, 0, 0
77400, 4882, 0, 0, 0
77500, 5203, 0, 0, 0
77600, 5498, 0, 0, 0
77701, 4530, 0, 0, 0
77800, 4809, 0, 0, 0
77900, 5033, 0, 0, 0
78001, 4624, 0, 0, 0
78100, 3784, 0, 0, 0
78200, 4424, 0, 0, 0
78300, 4090, 0, 0, 0
78400, 4987, 0, 0, 0
78500, 3921, 0, 0, 0
78600, 4040, 0, 0, 0
78700, 3983, 0, 0, 0
78800, 3672, 0, 0, 0
78901, 4224, 0, 0, 0
79000, 4249, 0, 0, 0
79100, 4689, 0, 0, 0
79200, 3904, 0, 0, 0
79300, 5464, 0, 0, 0
79400, 4773, 0, 0, 0
79500, 5883, 0, 0, 0
79601, 4660, 0, 0, 0
79701, 4438, 0, 0, 0
79801, 3818, 0, 0, 0
79900, 4005, 0, 0, 0
80001, 4367, 0, 0, 0
80101, 5543, 0, 0, 0
80200, 5482, 0, 0, 0
80301, 4822, 0, 0, 0
80400, 4614, 0, 0, 0
80500, 4102, 0, 0, 0
80601, 4776, 0, 0, 0
80700, 4757, 0, 0, 0
80800, 4203, 0, 0, 0
80900, 4087, 0, 0, 0
81000, 4557, 0, 0, 0
81100, 4471, 0, 0, 0
81200, 4100, 0, 0, 0
81300, 4291, 0, 0, 0
81400, 3461, 0, 0, 0
81500, 4044, 0, 0, 0
81600, 4208, 0, 0, 0
81700, 4045, 0, 0, 0
81800, 4212, 0, 0, 0
81900, 4619, 0, 0, 0
82000, 4268, 0, 0, 0
82100, 4175, 0, 0, 0
82200, 4086, 0, 0, 0
82301, 4114, 0, 0, 0
82400, 4891, 0, 0, 0
82500, 5087, 0, 0, 0
82600, 5348, 0, 0, 0
82700, 5355, 0, 0, 0
82801, 4356, 0, 0, 0
82901, 4843, 0, 0, 0
83000, 5087, 0, 0, 0
83101, 4810, 0, 0, 0
83201, 4076, 0, 0, 0
83300, 4295, 0, 0, 0
83400, 4390, 0, 0, 0
83501, 3957, 0, 0, 0
83601, 4357, 0, 0, 0
83700, 4560, 0, 0, 0
83801, 4001, 0, 0, 0
83900, 4068, 0, 0, 0
84000, 4431, 0, 0, 0
84100, 4510, 0, 0, 0
84200, 4407, 0, 0, 0
84300, 5948, 0, 0, 0
84400, 3965, 0, 0, 0
84501, 5296, 0, 0, 0
84600, 5065, 0, 0, 0
84700, 4057, 0, 0, 0
84800, 3851, 0, 0, 0
84901, 4508, 0, 0, 0
85000, 4541, 0, 0, 0
85100, 4267, 0, 0, 0
85201, 4305, 0, 0, 0
85301, 4503, 0, 0, 0
85400, 4006, 0, 0, 0
85501, 4499, 0, 0, 0
85600, 4543, 0, 0, 0
85700, 4282, 0, 0, 0
85800, 5143, 0, 0, 0
85900, 4527, 0, 0, 0
86000, 4815, 0, 0, 0
86100, 5423, 0, 0, 0
86201, 5002, 0, 0, 0
86300, 5030, 0, 0, 0
86400, 4467, 0, 0, 0
86501, 4295, 0, 0, 0
86600, 4359, 0, 0, 0
86701, 4754, 0, 0, 0
86801, 4760, 0, 0, 0
86900, 4976, 0, 0, 0
87001, 5330, 0, 0, 0
87100, 4222, 0, 0, 0
87201, 4390, 0, 0, 0
87300, 4767, 0, 0, 0
87400, 4584, 0, 0, 0
87500, 4935, 0, 0, 0
87600, 5383, 0, 0, 0
87700, 4621, 0, 0, 0
87800, 4810, 0, 0, 0
87900, 4510, 0, 0, 0
88001, 4864, 0, 0, 0
88100, 3981, 0, 0, 0
88200, 4812, 0, 0, 0
88300, 4795, 0, 0, 0
88400, 5843, 0, 0, 0
88500, 4710, 0, 0, 0
88600, 4324, 0, 0, 0
88700, 3847, 0, 0, 0
88800, 4338, 0, 0, 0
88901, 4391, 0, 0, 0
89000, 4468, 0, 0, 0
89100, 4569, 0, 0, 0
89201, 4400, 0, 0, 0
89300, 4959, 0, 0, 0
89401, 4222, 0, 0, 0
89501, 4641, 0, 0, 0
89600, 4459, 0, 0, 0
89700, 4467, 0, 0, 0
89800, 4752, 0, 0, 0
89901, 4355, 0, 0, 0
90000, 4433, 0, 0, 0
