250, 1284, 0, 0, 0
250, 608, 1, 0, 0
350, 1580, 0, 0, 0
350, 500, 1, 0, 0
450, 1400, 0, 0, 0
450, 570, 1, 0, 0
550, 1430, 0, 0, 0
550, 510, 1, 0, 0
650, 1320, 0, 0, 0
650, 610, 1, 0, 0
749, 1373, 0, 0, 0
749, 525, 1, 0, 0
849, 1620, 0, 0, 0
849, 530, 1, 0, 0
949, 1230, 0, 0, 0
949, 590, 1, 0, 0
1049, 1480, 0, 0, 0
1049, 520, 1, 0, 0
1149, 1220, 0, 0, 0
1149, 720, 1, 0, 0
1249, 1370, 0, 0, 0
1249, 590, 1, 0, 0
1349, 1390, 0, 0, 0
1349, 620, 1, 0, 0
1449, 1210, 0, 0, 0
1449, 680, 1, 0, 0
1549, 1360, 0, 0, 0
1549, 550, 1, 0, 0
1650, 1340, 0, 0, 0
1650, 610, 1, 0, 0
1749, 1282, 0, 0, 0
1749, 636, 1, 0, 0
1849, 1170, 0, 0, 0
1849, 620, 1, 0, 0
1949, 1400, 0, 0, 0
1949, 560, 1, 0, 0
2049, 1320, 0, 0, 0
2049, 590, 1, 0, 0
2149, 1350, 0, 0, 0
2149, 570, 1, 0, 0
2249, 1340, 0, 0, 0
2249, 590, 1, 0, 0
2349, 1170, 0, 0, 0
2349, 600, 1, 0, 0
2449, 1360, 0, 0, 0
2449, 600, 1, 0, 0
2549, 1480, 0, 0, 0
2549, 490, 1, 0, 0
2649, 1400, 0, 0, 0
2649, 610, 1, 0, 0
2749, 1360, 0, 0, 0
2749, 590, 1, 0, 0
2849, 1360, 0, 0, 0
2849, 600, 1, 0, 0
2949, 1360, 0, 0, 0
2949, 560, 1, 0, 0
3050, 1480, 0, 0, 0
3050, 560, 1, 0, 0
3150, 1370, 0, 0, 0
3150, 590, 1, 0, 0
3249, 1232, 0, 0, 0
3249, 616, 1, 0, 0
3349, 1190, 0, 0, 0
3349, 590, 1, 0, 0
3449, 1270, 0, 0, 0
3449, 600, 1, 0, 0
3549, 1490, 0, 0, 0
3549, 480, 1, 0, 0
3649, 1120, 0, 0, 0
3649, 670, 1, 0, 0
3749, 1240, 0, 0, 0
3749, 650, 1, 0, 0
3849, 1430, 0, 0, 0
3849, 550, 1, 0, 0
3949, 1320, 0, 0, 0
3949, 540, 1, 0, 0
4049, 1470, 0, 0, 0
4049, 500, 1, 0, 0
4149, 1290, 0, 0, 0
4149, 600, 1, 0, 0
4249, 1380, 0, 0, 0
4249, 560, 1, 0, 0
4349, 1370, 0, 0, 0
4349, 570, 1, 0, 0
4450, 1360, 0, 0, 0
4450, 570, 1, 0, 0
4550, 1220, 0, 0, 0
4550, 590, 1, 0, 0
4650, 1340, 0, 0, 0
4650, 580, 1, 0, 0
4749, 1474, 0, 0, 0
4749, 535, 1, 0, 0
4849, 1190, 0, 0, 0
4849, 690, 1, 0, 0
4949, 1510, 0, 0, 0
4949, 540, 1, 0, 0
5049, 1300, 0, 0, 0
5049, 590, 1, 0, 0
5149, 1480, 0, 0, 0
5149, 540, 1, 0, 0
5249, 1210, 0, 0, 0
5249, 650, 1, 0, 0
5349, 1310, 0, 0, 0
5349, 580, 1, 0, 0
5449, 1320, 0, 0, 0
5449, 580, 1, 0, 0
5549, 1270, 0, 0, 0
5549, 640, 1, 0, 0
5649, 1380, 0, 0, 0
5649, 570, 1, 0, 0
5750, 1310, 0, 0, 0
5750, 600, 1, 0, 0
5850, 1260, 0, 0, 0
5850, 610, 1, 0, 0
5950, 1140, 0, 0, 0
5950, 690, 1, 0, 0
6050, 1280, 0, 0, 0
6050, 620, 1, 0, 0
6150, 1250, 0, 0, 0
6150, 600, 1, 0, 0
6249, 1212, 0, 0, 0
6249, 626, 1, 0, 0
6349, 1400, 0, 0, 0
6349, 580, 1, 0, 0
6449, 1390, 0, 0, 0
6449, 610, 1, 0, 0
6549, 1630, 0, 0, 0
6549, 450, 1, 0, 0
6649, 1340, 0, 0, 0
6649, 540, 1, 0, 0
6749, 1290, 0, 0, 0
6749, 580, 1, 0, 0
6849, 1140, 0, 0, 0
6849, 670, 1, 0, 0
6949, 1330, 0, 0, 0
6949, 570, 1, 0, 0
7049, 1300, 0, 0, 0
7049, 570, 1, 0, 0
7150, 1440, 0, 0, 0
7150, 590, 1, 0, 0
7249, 1323, 0, 0, 0
7249, 606, 1, 0, 0
7349, 1510, 0, 0, 0
7349, 490, 1, 0, 0
7449, 1520, 0, 0, 0
7449, 500, 1, 0, 0
7549, 1400, 0, 0, 0
7549, 560, 1, 0, 0
7649, 1230, 0, 0, 0
7649, 640, 1, 0, 0
7749, 1430, 0, 0, 0
7749, 590, 1, 0, 0
7849, 1310, 0, 0, 0
7849, 570, 1, 0, 0
7949, 1320, 0, 0, 0
7949, 640, 1, 0, 0
8049, 1400, 0, 0, 0
8049, 620, 1, 0, 0
8149, 1490, 0, 0, 0
8149, 580, 1, 0, 0
8249, 1400, 0, 0, 0
8249, 540, 1, 0, 0
8349, 1390, 0, 0, 0
8349, 630, 1, 0, 0
8449, 1400, 0, 0, 0
8449, 640, 1, 0, 0
8550, 1430, 0, 0, 0
8550, 560, 1, 0, 0
8650, 1390, 0, 0, 0
8650, 580, 1, 0, 0
8749, 1666, 0, 0, 0
8749, 505, 1, 0, 0
8849, 1280, 0, 0, 0
8849, 600, 1, 0, 0
8949, 1180, 0, 0, 0
8949, 670, 1, 0, 0
9049, 1340, 0, 0, 0
9049, 600, 1, 0, 0
9149, 1290, 0, 0, 0
9149, 590, 1, 0, 0
9249, 1320, 0, 0, 0
9249, 590, 1, 0, 0
9349, 1200, 0, 0, 0
9349, 630, 1, 0, 0
9449, 1500, 0, 0, 0
9449, 560, 1, 0, 0
9549, 1390, 0, 0, 0
9549, 580, 1, 0, 0
9649, 1600, 0, 0, 0
9649, 490, 1, 0, 0
9749, 1430, 0, 0, 0
9749, 510, 1, 0, 0
9849, 1220, 0, 0, 0
9849, 650, 1, 0, 0
9950, 1320, 0, 0, 0
9950, 570, 1, 0, 0
10050, 1300, 0, 0, 0
10050, 640, 1, 0, 0
10150, 1570, 0, 0, 0
10150, 490, 1, 0, 0
10249, 1454, 0, 0, 0
10249, 515, 1, 0, 0
10349, 1420, 0, 0, 0
10349, 570, 1, 0, 0
10449, 1360, 0, 0, 0
10449, 590, 1, 0, 0
10549, 1320, 0, 0, 0
10549, 590, 1, 0, 0
10649, 1410, 0, 0, 0
10649, 550, 1, 0, 0
10749, 1510, 0, 0, 0
10749, 540, 1, 0, 0
10849, 1440, 0, 0, 0
10849, 610, 1, 0, 0
10949, 1260, 0, 0, 0
10949, 600, 1, 0, 0
11049, 1500, 0, 0, 0
11049, 480, 1, 0, 0
11149, 1400, 0, 0, 0
11149, 600, 1, 0, 0
11249, 1470, 0, 0, 0
11249, 540, 1, 0, 0
11350, 1480, 0, 0, 0
11350, 550, 1, 0, 0
11450, 1440, 0, 0, 0
11450, 560, 1, 0, 0
11550, 1570, 0, 0, 0
11550, 530, 1, 0, 0
11650, 1420, 0, 0, 0
11650, 560, 1, 0, 0
11749, 1282, 0, 0, 0
11749, 666, 1, 0, 0
11849, 1570, 0, 0, 0
11849, 490, 1, 0, 0
11949, 1430, 0, 0, 0
11949, 570, 1, 0, 0
12049, 1510, 0, 0, 0
12049, 570, 1, 0, 0
12149, 1520, 0, 0, 0
12149, 480, 1, 0, 0
12249, 1420, 0, 0, 0
12249, 500, 1, 0, 0
12349, 1510, 0, 0, 0
12349, 540, 1, 0, 0
12449, 1360, 0, 0, 0
12449, 610, 1, 0, 0
12549, 1200, 0, 0, 0
12549, 660, 1, 0, 0
12649, 1660, 0, 0, 0
12649, 500, 1, 0, 0
12750, 1290, 0, 0, 0
12750, 650, 1, 0, 0
12850, 1370, 0, 0, 0
12850, 600, 1, 0, 0
12950, 1480, 0, 0, 0
12950, 590, 1, 0, 0
13050, 1450, 0, 0, 0
13050, 520, 1, 0, 0
13150, 1480, 0, 0, 0
13150, 530, 1, 0, 0
13249, 1545, 0, 0, 0
13249, 525, 1, 0, 0
13349, 1240, 0, 0, 0
13349, 700, 1, 0, 0
13449, 1410, 0, 0, 0
13449, 550, 1, 0, 0
13549, 1320, 0, 0, 0
13549, 580, 1, 0, 0
13649, 1430, 0, 0, 0
13649, 550, 1, 0, 0
13749, 1370, 0, 0, 0
13749, 600, 1, 0, 0
13849, 1170, 0, 0, 0
13849, 690, 1, 0, 0
13949, 1430, 0, 0, 0
13949, 560, 1, 0, 0
14050, 1520, 0, 0, 0
14050, 560, 1, 0, 0
14150, 1340, 0, 0, 0
14150, 640, 1, 0, 0
14249, 1555, 0, 0, 0
14249, 545, 1, 0, 0
14349, 1500, 0, 0, 0
14349, 540, 1, 0, 0
14449, 1430, 0, 0, 0
14449, 560, 1, 0, 0
14549, 1310, 0, 0, 0
14549, 590, 1, 0, 0
14649, 1490, 0, 0, 0
14649, 560, 1, 0, 0
14749, 1360, 0, 0, 0
14749, 600, 1, 0, 0
14849, 1160, 0, 0, 0
14849, 680, 1, 0, 0
14949, 1400, 0, 0, 0
14949, 600, 1, 0, 0
15049, 1470, 0, 0, 0
15049, 630, 1, 0, 0
15149, 1250, 0, 0, 0
15149, 700, 1, 0, 0
15249, 1530, 0, 0, 0
15249, 610, 1, 0, 0
15349, 1480, 0, 0, 0
15349, 560, 1, 0, 0
15449, 1550, 0, 0, 0
15449, 550, 1, 0, 0
15550, 1390, 0, 0, 0
15550, 620, 1, 0, 0
15650, 1480, 0, 0, 0
15650, 530, 1, 0, 0
15749, 1343, 0, 0, 0
15749, 606, 1, 0, 0
15849, 1380, 0, 0, 0
15849, 590, 1, 0, 0
15949, 1440, 0, 0, 0
15949, 580, 1, 0, 0
16049, 1460, 0, 0, 0
16049, 590, 1, 0, 0
16149, 1310, 0, 0, 0
16149, 610, 1, 0, 0
16249, 1290, 0, 0, 0
16249, 590, 1, 0, 0
16349, 1560, 0, 0, 0
16349, 550, 1, 0, 0
16449, 1430, 0, 0, 0
16449, 570, 1, 0, 0
16549, 1580, 0, 0, 0
16549, 500, 1, 0, 0
16649, 1500, 0, 0, 0
16649, 580, 1, 0, 0
16749, 1270, 0, 0, 0
16749, 580, 1, 0, 0
16850, 1330, 0, 0, 0
16850, 640, 1, 0, 0
16950, 1620, 0, 0, 0
16950, 510, 1, 0, 0
17050, 1280, 0, 0, 0
17050, 610, 1, 0, 0
17150, 1380, 0, 0, 0
17150, 570, 1, 0, 0
17249, 1393, 0, 0, 0
17249, 575, 1, 0, 0
17349, 1280, 0, 0, 0
17349, 580, 1, 0, 0
17449, 1430, 0, 0, 0
17449, 550, 1, 0, 0
17549, 1330, 0, 0, 0
17549, 570, 1, 0, 0
17649, 1480, 0, 0, 0
17649, 550, 1, 0, 0
17749, 1160, 0, 0, 0
17749, 640, 1, 0, 0
17849, 1330, 0, 0, 0
17849, 630, 1, 0, 0
17949, 1360, 0, 0, 0
17949, 560, 1, 0, 0
18049, 1270, 0, 0, 0
18049, 630, 1, 0, 0
18149, 1440, 0, 0, 0
18149, 560, 1, 0, 0
18250, 1320, 0, 0, 0
18250, 640, 1, 0, 0
18350, 1340, 0, 0, 0
18350, 630, 1, 0, 0
18450, 1470, 0, 0, 0
18450, 500, 1, 0, 0
18550, 1180, 0, 0, 0
18550, 710, 1, 0, 0
18650, 1510, 0, 0, 0
18650, 520, 1, 0, 0
18749, 1313, 0, 0, 0
18749, 575, 1, 0, 0
18849, 1440, 0, 0, 0
18849, 560, 1, 0, 0
18949, 1210, 0, 0, 0
18949, 630, 1, 0, 0
19049, 1400, 0, 0, 0
19049, 560, 1, 0, 0
19149, 1540, 0, 0, 0
19149, 540, 1, 0, 0
19249, 1350, 0, 0, 0
19249, 560, 1, 0, 0
19349, 1330, 0, 0, 0
19349, 600, 1, 0, 0
19449, 1310, 0, 0, 0
19449, 600, 1, 0, 0
19549, 1430, 0, 0, 0
19549, 590, 1, 0, 0
19649, 1170, 0, 0, 0
19649, 630, 1, 0, 0
19750, 1350, 0, 0, 0
19750, 560, 1, 0, 0
19850, 1190, 0, 0, 0
19850, 650, 1, 0, 0
19950, 1340, 0, 0, 0
19950, 550, 1, 0, 0
20050, 1500, 0, 0, 0
20050, 560, 1, 0, 0
20150, 1470, 0, 0, 0
20150, 550, 1, 0, 0
20249, 1363, 0, 0, 0
20249, 646, 1, 0, 0
20349, 1270, 0, 0, 0
20349, 660, 1, 0, 0
20449, 1230, 0, 0, 0
20449, 660, 1, 0, 0
20549, 1240, 0, 0, 0
20549, 640, 1, 0, 0
20649, 1520, 0, 0, 0
20649, 540, 1, 0, 0
20749, 1370, 0, 0, 0
20749, 600, 1, 0, 0
20849, 1440, 0, 0, 0
20849, 560, 1, 0, 0
20949, 1270, 0, 0, 0
20949, 660, 1, 0, 0
21050, 1290, 0, 0, 0
21050, 650, 1, 0, 0
21150, 1440, 0, 0, 0
21150, 570, 1, 0, 0
21249, 1323, 0, 0, 0
21249, 646, 1, 0, 0
21349, 1330, 0, 0, 0
21349, 600, 1, 0, 0
21449, 1280, 0, 0, 0
21449, 630, 1, 0, 0
21549, 1250, 0, 0, 0
21549, 650, 1, 0, 0
21649, 1330, 0, 0, 0
21649, 590, 1, 0, 0
21749, 1310, 0, 0, 0
21749, 670, 1, 0, 0
21849, 1550, 0, 0, 0
21849, 530, 1, 0, 0
21949, 1480, 0, 0, 0
21949, 580, 1, 0, 0
22049, 1410, 0, 0, 0
22049, 600, 1, 0, 0
22149, 1510, 0, 0, 0
22149, 530, 1, 0, 0
22249, 1260, 0, 0, 0
22249, 660, 1, 0, 0
22349, 1540, 0, 0, 0
22349, 550, 1, 0, 0
22449, 1390, 0, 0, 0
22449, 530, 1, 0, 0
22550, 1460, 0, 0, 0
22550, 550, 1, 0, 0
22650, 1390, 0, 0, 0
22650, 590, 1, 0, 0
22749, 1131, 0, 0, 0
22749, 696, 1, 0, 0
22849, 1250, 0, 0, 0
22849, 610, 1, 0, 0
22949, 1360, 0, 0, 0
22949, 640, 1, 0, 0
23049, 1370, 0, 0, 0
23049, 630, 1, 0, 0
23149, 1390, 0, 0, 0
23149, 630, 1, 0, 0
23249, 1250, 0, 0, 0
23249, 630, 1, 0, 0
23349, 1370, 0, 0, 0
23349, 560, 1, 0, 0
23449, 1290, 0, 0, 0
23449, 600, 1, 0, 0
23549, 1440, 0, 0, 0
23549, 610, 1, 0, 0
23649, 1430, 0, 0, 0
23649, 600, 1, 0, 0
23749, 1410, 0, 0, 0
23749, 580, 1, 0, 0
23849, 1250, 0, 0, 0
23849, 630, 1, 0, 0
23949, 1500, 0, 0, 0
23949, 520, 1, 0, 0
24050, 1420, 0, 0, 0
24050, 610, 1, 0, 0
24150, 1260, 0, 0, 0
24150, 650, 1, 0, 0
24249, 1474, 0, 0, 0
24249, 545, 1, 0, 0
24349, 1490, 0, 0, 0
24349, 530, 1, 0, 0
24449, 1350, 0, 0, 0
24449, 540, 1, 0, 0
24549, 1480, 0, 0, 0
24549, 520, 1, 0, 0
24649, 1520, 0, 0, 0
24649, 530, 1, 0, 0
24749, 1250, 0, 0, 0
24749, 570, 1, 0, 0
24849, 1330, 0, 0, 0
24849, 620, 1, 0, 0
24949, 1340, 0, 0, 0
24949, 640, 1, 0, 0
25049, 1490, 0, 0, 0
25049, 490, 1, 0, 0
25149, 1370, 0, 0, 0
25149, 600, 1, 0, 0
25249, 1670, 0, 0, 0
25249, 530, 1, 0, 0
25350, 1410, 0, 0, 0
25350, 640, 1, 0, 0
25450, 1260, 0, 0, 0
25450, 640, 1, 0, 0
25550, 1460, 0, 0, 0
25550, 590, 1, 0, 0
25650, 1470, 0, 0, 0
25650, 560, 1, 0, 0
25749, 1242, 0, 0, 0
25749, 707, 1, 0, 0
25849, 1490, 0, 0, 0
25849, 590, 1, 0, 0
25949, 1350, 0, 0, 0
25949, 630, 1, 0, 0
26049, 1630, 0, 0, 0
26049, 530, 1, 0, 0
26149, 1490, 0, 0, 0
26149, 570, 1, 0, 0
26249, 1480, 0, 0, 0
26249, 600, 1, 0, 0
26349, 1520, 0, 0, 0
26349, 540, 1, 0, 0
26449, 1350, 0, 0, 0
26449, 610, 1, 0, 0
26549, 1330, 0, 0, 0
26549, 610, 1, 0, 0
26649, 1220, 0, 0, 0
26649, 620, 1, 0, 0
26750, 1180, 0, 0, 0
26750, 700, 1, 0, 0
26850, 1270, 0, 0, 0
26850, 610, 1, 0, 0
26950, 1250, 0, 0, 0
26950, 650, 1, 0, 0
27050, 1440, 0, 0, 0
27050, 590, 1, 0, 0
27150, 1290, 0, 0, 0
27150, 620, 1, 0, 0
27249, 1272, 0, 0, 0
27249, 585, 1, 0, 0
27349, 1430, 0, 0, 0
27349, 620, 1, 0, 0
27449, 1200, 0, 0, 0
27449, 700, 1, 0, 0
27549, 1340, 0, 0, 0
27549, 600, 1, 0, 0
27649, 1290, 0, 0, 0
27649, 630, 1, 0, 0
27749, 1370, 0, 0, 0
27749, 580, 1, 0, 0
27849, 1290, 0, 0, 0
27849, 650, 1, 0, 0
27949, 1480, 0, 0, 0
27949, 600, 1, 0, 0
28050, 1400, 0, 0, 0
28050, 620, 1, 0, 0
28150, 1240, 0, 0, 0
28150, 680, 1, 0, 0
28249, 1454, 0, 0, 0
28249, 585, 1, 0, 0
28349, 1500, 0, 0, 0
28349, 580, 1, 0, 0
28449, 1270, 0, 0, 0
28449, 660, 1, 0, 0
28549, 1390, 0, 0, 0
28549, 610, 1, 0, 0
28649, 1450, 0, 0, 0
28649, 580, 1, 0, 0
28749, 1290, 0, 0, 0
28749, 630, 1, 0, 0
28849, 1400, 0, 0, 0
28849, 620, 1, 0, 0
28949, 1510, 0, 0, 0
28949, 530, 1, 0, 0
29049, 1400, 0, 0, 0
29049, 580, 1, 0, 0
29149, 1230, 0, 0, 0
29149, 650, 1, 0, 0
29249, 1400, 0, 0, 0
29249, 640, 1, 0, 0
29349, 1290, 0, 0, 0
29349, 630, 1, 0, 0
29449, 1280, 0, 0, 0
29449, 610, 1, 0, 0
29550, 1260, 0, 0, 0
29550, 630, 1, 0, 0
29650, 1300, 0, 0, 0
29650, 630, 1, 0, 0
29749, 1282, 0, 0, 0
29749, 626, 1, 0, 0
29849, 1360, 0, 0, 0
29849, 610, 1, 0, 0
29949, 1500, 0, 0, 0
29949, 590, 1, 0, 0
30049, 1540, 0, 0, 0
30049, 530, 1, 0, 0
30149, 1410, 0, 0, 0
30149, 580, 1, 0, 0
30249, 1440, 0, 0, 0
30249, 580, 1, 0, 0
30349, 1350, 0, 0, 0
30349, 580, 1, 0, 0
30449, 1360, 0, 0, 0
30449, 630, 1, 0, 0
30549, 1470, 0, 0, 0
30549, 570, 1, 0, 0
30649, 1460, 0, 0, 0
30649, 550, 1, 0, 0
30750, 1460, 0, 0, 0
30750, 590, 1, 0, 0
30850, 1500, 0, 0, 0
30850, 570, 1, 0, 0
30950, 1510, 0, 0, 0
30950, 550, 1, 0, 0
31050, 1290, 0, 0, 0
31050, 560, 1, 0, 0
31150, 1480, 0, 0, 0
31150, 580, 1, 0, 0
31249, 1525, 0, 0, 0
31249, 555, 1, 0, 0
31349, 1540, 0, 0, 0
31349, 500, 1, 0, 0
31449, 1310, 0, 0, 0
31449, 580, 1, 0, 0
31549, 1350, 0, 0, 0
31549, 600, 1, 0, 0
31649, 1370, 0, 0, 0
31649, 630, 1, 0, 0
31749, 1290, 0, 0, 0
31749, 660, 1, 0, 0
31849, 1340, 0, 0, 0
31849, 510, 1, 0, 0
31949, 1240, 0, 0, 0
31949, 680, 1, 0, 0
32049, 1450, 0, 0, 0
32049, 590, 1, 0, 0
32149, 1500, 0, 0, 0
32149, 560, 1, 0, 0
32249, 1370, 0, 0, 0
32249, 580, 1, 0, 0
32350, 1350, 0, 0, 0
32350, 570, 1, 0, 0
32450, 1320, 0, 0, 0
32450, 590, 1, 0, 0
32550, 1410, 0, 0, 0
32550, 570, 1, 0, 0
32650, 1400, 0, 0, 0
32650, 570, 1, 0, 0
32749, 1353, 0, 0, 0
32749, 606, 1, 0, 0
32849, 1430, 0, 0, 0
32849, 560, 1, 0, 0
32949, 1390, 0, 0, 0
32949, 600, 1, 0, 0
33049, 1440, 0, 0, 0
33049, 590, 1, 0, 0
33149, 1270, 0, 0, 0
33149, 610, 1, 0, 0
33249, 1240, 0, 0, 0
33249, 660, 1, 0, 0
33349, 1450, 0, 0, 0
33349, 530, 1, 0, 0
33449, 1360, 0, 0, 0
33449, 540, 1, 0, 0
33549, 1190, 0, 0, 0
33549, 580, 1, 0, 0
33649, 1320, 0, 0, 0
33649, 630, 1, 0, 0
33749, 1220, 0, 0, 0
33749, 640, 1, 0, 0
33850, 1320, 0, 0, 0
33850, 600, 1, 0, 0
33950, 1150, 0, 0, 0
33950, 640, 1, 0, 0
34050, 1390, 0, 0, 0
34050, 520, 1, 0, 0
34150, 1390, 0, 0, 0
34150, 590, 1, 0, 0
34249, 1545, 0, 0, 0
34249, 494, 1, 0, 0
34349, 1350, 0, 0, 0
34349, 580, 1, 0, 0
34449, 1390, 0, 0, 0
34449, 550, 1, 0, 0
34549, 1480, 0, 0, 0
34549, 570, 1, 0, 0
34649, 1450, 0, 0, 0
34649, 540, 1, 0, 0
34749, 1390, 0, 0, 0
34749, 600, 1, 0, 0
34849, 1320, 0, 0, 0
34849, 570, 1, 0, 0
34949, 1470, 0, 0, 0
34949, 540, 1, 0, 0
35049, 1480, 0, 0, 0
35049, 560, 1, 0, 0
35149, 1120, 0, 0, 0
35149, 710, 1, 0, 0
35250, 1400, 0, 0, 0
35250, 610, 1, 0, 0
35350, 1480, 0, 0, 0
35350, 570, 1, 0, 0
35450, 1350, 0, 0, 0
35450, 630, 1, 0, 0
35550, 1450, 0, 0, 0
35550, 570, 1, 0, 0
35650, 1570, 0, 0, 0
35650, 520, 1, 0, 0
35749, 1373, 0, 0, 0
35749, 616, 1, 0, 0
35849, 1290, 0, 0, 0
35849, 650, 1, 0, 0
35949, 1470, 0, 0, 0
35949, 570, 1, 0, 0
36049, 1250, 0, 0, 0
36049, 670, 1, 0, 0
36149, 1470, 0, 0, 0
36149, 580, 1, 0, 0
36249, 1480, 0, 0, 0
36249, 550, 1, 0, 0
36349, 1410, 0, 0, 0
36349, 600, 1, 0, 0
36449, 1640, 0, 0, 0
36449, 470, 1, 0, 0
36549, 1080, 0, 0, 0
36549, 700, 1, 0, 0
36650, 1200, 0, 0, 0
36650, 650, 1, 0, 0
36749, 1191, 0, 0, 0
36749, 656, 1, 0, 0
36849, 1430, 0, 0, 0
36849, 580, 1, 0, 0
36949, 1530, 0, 0, 0
36949, 490, 1, 0, 0
37049, 1540, 0, 0, 0
37049, 500, 1, 0, 0
37149, 1260, 0, 0, 0
37149, 660, 1, 0, 0
37249, 1420, 0, 0, 0
37249, 610, 1, 0, 0
37349, 1310, 0, 0, 0
37349, 650, 1, 0, 0
37449, 1420, 0, 0, 0
37449, 610, 1, 0, 0
37549, 1370, 0, 0, 0
37549, 610, 1, 0, 0
37649, 1570, 0, 0, 0
37649, 510, 1, 0, 0
37749, 1400, 0, 0, 0
37749, 520, 1, 0, 0
37849, 1500, 0, 0, 0
37849, 550, 1, 0, 0
37949, 1300, 0, 0, 0
37949, 640, 1, 0, 0
38050, 1340, 0, 0, 0
38050, 630, 1, 0, 0
38150, 1360, 0, 0, 0
38150, 570, 1, 0, 0
38249, 1313, 0, 0, 0
38249, 606, 1, 0, 0
38349, 1240, 0, 0, 0
38349, 660, 1, 0, 0
38449, 1500, 0, 0, 0
38449, 550, 1, 0, 0
38549, 1240, 0, 0, 0
38549, 610, 1, 0, 0
38649, 1390, 0, 0, 0
38649, 610, 1, 0, 0
38749, 1380, 0, 0, 0
38749, 630, 1, 0, 0
38849, 1400, 0, 0, 0
38849, 570, 1, 0, 0
38949, 1450, 0, 0, 0
38949, 510, 1, 0, 0
39049, 1470, 0, 0, 0
39049, 580, 1, 0, 0
39149, 1520, 0, 0, 0
39149, 540, 1, 0, 0
39249, 1370, 0, 0, 0
39249, 610, 1, 0, 0
39349, 1340, 0, 0, 0
39349, 630, 1, 0, 0
39449, 1230, 0, 0, 0
39449, 660, 1, 0, 0
39550, 1300, 0, 0, 0
39550, 620, 1, 0, 0
39650, 1300, 0, 0, 0
39650, 650, 1, 0, 0
39749, 1303, 0, 0, 0
39749, 606, 1, 0, 0
39849, 1420, 0, 0, 0
39849, 530, 1, 0, 0
39949, 1470, 0, 0, 0
39949, 520, 1, 0, 0
40049, 1580, 0, 0, 0
40049, 540, 1, 0, 0
40149, 1660, 0, 0, 0
40149, 470, 1, 0, 0
40249, 1510, 0, 0, 0
40249, 540, 1, 0, 0
40349, 1410, 0, 0, 0
40349, 620, 1, 0, 0
40449, 1630, 0, 0, 0
40449, 510, 1, 0, 0
40549, 1380, 0, 0, 0
40549, 560, 1, 0, 0
40649, 1420, 0, 0, 0
40649, 600, 1, 0, 0
40749, 1470, 0, 0, 0
40749, 560, 1, 0, 0
40850, 1370, 0, 0, 0
40850, 600, 1, 0, 0
40950, 1290, 0, 0, 0
40950, 620, 1, 0, 0
41050, 1420, 0, 0, 0
41050, 630, 1, 0, 0
41150, 1350, 0, 0, 0
41150, 590, 1, 0, 0
41249, 1424, 0, 0, 0
41249, 494, 1, 0, 0
41349, 1490, 0, 0, 0
41349, 530, 1, 0, 0
41449, 1590, 0, 0, 0
41449, 500, 1, 0, 0
41549, 1230, 0, 0, 0
41549, 640, 1, 0, 0
41649, 1490, 0, 0, 0
41649, 550, 1, 0, 0
41749, 1380, 0, 0, 0
41749, 600, 1, 0, 0
41849, 1510, 0, 0, 0
41849, 570, 1, 0, 0
41949, 1350, 0, 0, 0
41949, 630, 1, 0, 0
42049, 1220, 0, 0, 0
42049, 610, 1, 0, 0
42149, 1340, 0, 0, 0
42149, 590, 1, 0, 0
42250, 1490, 0, 0, 0
42250, 560, 1, 0, 0
42350, 1400, 0, 0, 0
42350, 570, 1, 0, 0
42450, 1520, 0, 0, 0
42450, 510, 1, 0, 0
42550, 1290, 0, 0, 0
42550, 630, 1, 0, 0
42650, 1280, 0, 0, 0
42650, 580, 1, 0, 0
42749, 1323, 0, 0, 0
42749, 646, 1, 0, 0
42849, 1110, 0, 0, 0
42849, 680, 1, 0, 0
42949, 1580, 0, 0, 0
42949, 530, 1, 0, 0
43049, 1370, 0, 0, 0
43049, 560, 1, 0, 0
43149, 1310, 0, 0, 0
43149, 540, 1, 0, 0
43249, 1290, 0, 0, 0
43249, 620, 1, 0, 0
43349, 1280, 0, 0, 0
43349, 620, 1, 0, 0
43450, 1520, 0, 0, 0
43450, 540, 1, 0, 0
43550, 1310, 0, 0, 0
43550, 640, 1, 0, 0
43650, 1370, 0, 0, 0
43650, 610, 1, 0, 0
43749, 1323, 0, 0, 0
43749, 616, 1, 0, 0
43849, 1520, 0, 0, 0
43849, 570, 1, 0, 0
43949, 1510, 0, 0, 0
43949, 600, 1, 0, 0
44049, 1250, 0, 0, 0
44049, 650, 1, 0, 0
44149, 1290, 0, 0, 0
44149, 630, 1, 0, 0
44249, 1320, 0, 0, 0
44249, 620, 1, 0, 0
44350, 1360, 0, 0, 0
44350, 570, 1, 0, 0
44450, 1520, 0, 0, 0
44450, 540, 1, 0, 0
44550, 1470, 0, 0, 0
44550, 550, 1, 0, 0
44650, 1480, 0, 0, 0
44650, 580, 1, 0, 0
44749, 1252, 0, 0, 0
44749, 676, 1, 0, 0
44849, 1320, 0, 0, 0
44849, 620, 1, 0, 0
44949, 1350, 0, 0, 0
44949, 610, 1, 0, 0
45049, 1350, 0, 0, 0
45049, 570, 1, 0, 0
45149, 1320, 0, 0, 0
45149, 550, 1, 0, 0
45249, 1410, 0, 0, 0
45249, 630, 1, 0, 0
45349, 1260, 0, 0, 0
45349, 690, 1, 0, 0
45449, 1170, 0, 0, 0
45449, 680, 1, 0, 0
45549, 1360, 0, 0, 0
45549, 640, 1, 0, 0
45649, 1300, 0, 0, 0
45649, 640, 1, 0, 0
45750, 1370, 0, 0, 0
45750, 590, 1, 0, 0
45850, 1080, 0, 0, 0
45850, 710, 1, 0, 0
45950, 1450, 0, 0, 0
45950, 570, 1, 0, 0
46050, 1250, 0, 0, 0
46050, 610, 1, 0, 0
46150, 1480, 0, 0, 0
46150, 540, 1, 0, 0
46249, 1262, 0, 0, 0
46249, 646, 1, 0, 0
46349, 1410, 0, 0, 0
46349, 530, 1, 0, 0
46449, 1200, 0, 0, 0
46449, 650, 1, 0, 0
46549, 1400, 0, 0, 0
46549, 630, 1, 0, 0
46649, 1510, 0, 0, 0
46649, 580, 1, 0, 0
46749, 1350, 0, 0, 0
46749, 610, 1, 0, 0
46849, 1500, 0, 0, 0
46849, 520, 1, 0, 0
46949, 1410, 0, 0, 0
46949, 610, 1, 0, 0
47049, 1260, 0, 0, 0
47049, 670, 1, 0, 0
47149, 1200, 0, 0, 0
47149, 690, 1, 0, 0
47250, 1300, 0, 0, 0
47250, 590, 1, 0, 0
47350, 1460, 0, 0, 0
47350, 520, 1, 0, 0
47450, 1300, 0, 0, 0
47450, 650, 1, 0, 0
47550, 1210, 0, 0, 0
47550, 660, 1, 0, 0
47650, 1180, 0, 0, 0
47650, 620, 1, 0, 0
47749, 1353, 0, 0, 0
47749, 585, 1, 0, 0
47849, 1360, 0, 0, 0
47849, 590, 1, 0, 0
47949, 1640, 0, 0, 0
47949, 470, 1, 0, 0
48049, 1440, 0, 0, 0
48049, 560, 1, 0, 0
48149, 1290, 0, 0, 0
48149, 550, 1, 0, 0
48249, 1390, 0, 0, 0
48249, 590, 1, 0, 0
48349, 1260, 0, 0, 0
48349, 670, 1, 0, 0
48449, 1320, 0, 0, 0
48449, 620, 1, 0, 0
48549, 1340, 0, 0, 0
48549, 530, 1, 0, 0
48649, 1490, 0, 0, 0
48649, 510, 1, 0, 0
48749, 1434, 0, 0, 0
48749, 565, 1, 0, 0
48849, 1380, 0, 0, 0
48849, 610, 1, 0, 0
48949, 1500, 0, 0, 0
48949, 540, 1, 0, 0
49049, 1490, 0, 0, 0
49049, 560, 1, 0, 0
49149, 1400, 0, 0, 0
49149, 560, 1, 0, 0
49249, 1180, 0, 0, 0
49249, 670, 1, 0, 0
49349, 1290, 0, 0, 0
49349, 650, 1, 0, 0
49449, 1470, 0, 0, 0
49449, 540, 1, 0, 0
49549, 1530, 0, 0, 0
49549, 520, 1, 0, 0
49649, 1300, 0, 0, 0
49649, 590, 1, 0, 0
49749, 1390, 0, 0, 0
49749, 570, 1, 0, 0
49849, 1420, 0, 0, 0
49849, 580, 1, 0, 0
49949, 1280, 0, 0, 0
49949, 630, 1, 0, 0
50049, 1430, 0, 0, 0
50049, 550, 1, 0, 0
50150, 1350, 0, 0, 0
50150, 590, 1, 0, 0
50249, 1333, 0, 0, 0
50249, 585, 1, 0, 0
50349, 1470, 0, 0, 0
50349, 560, 1, 0, 0
50449, 1370, 0, 0, 0
50449, 550, 1, 0, 0
50549, 1380, 0, 0, 0
50549, 520, 1, 0, 0
50649, 1090, 0, 0, 0
50649, 660, 1, 0, 0
50749, 1370, 0, 0, 0
50749, 580, 1, 0, 0
50849, 1270, 0, 0, 0
50849, 600, 1, 0, 0
50949, 1260, 0, 0, 0
50949, 630, 1, 0, 0
51049, 1290, 0, 0, 0
51049, 600, 1, 0, 0
51149, 1460, 0, 0, 0
51149, 550, 1, 0, 0
51249, 1190, 0, 0, 0
51249, 670, 1, 0, 0
51349, 1420, 0, 0, 0
51349, 580, 1, 0, 0
51449, 1340, 0, 0, 0
51449, 630, 1, 0, 0
51550, 1540, 0, 0, 0
51550, 530, 1, 0, 0
51650, 1500, 0, 0, 0
51650, 540, 1, 0, 0
51749, 1454, 0, 0, 0
51749, 515, 1, 0, 0
51849, 1440, 0, 0, 0
51849, 540, 1, 0, 0
51949, 1410, 0, 0, 0
51949, 600, 1, 0, 0
52049, 1430, 0, 0, 0
52049, 540, 1, 0, 0
52149, 1420, 0, 0, 0
52149, 560, 1, 0, 0
52249, 1110, 0, 0, 0
52249, 660, 1, 0, 0
52349, 1440, 0, 0, 0
52349, 550, 1, 0, 0
52449, 1320, 0, 0, 0
52449, 560, 1, 0, 0
52549, 1390, 0, 0, 0
52549, 590, 1, 0, 0
52649, 1440, 0, 0, 0
52649, 540, 1, 0, 0
52749, 1550, 0, 0, 0
52749, 520, 1, 0, 0
52849, 1350, 0, 0, 0
52849, 600, 1, 0, 0
52949, 1460, 0, 0, 0
52949, 570, 1, 0, 0
53050, 1670, 0, 0, 0
53050, 460, 1, 0, 0
53150, 1370, 0, 0, 0
53150, 600, 1, 0, 0
53249, 1373, 0, 0, 0
53249, 585, 1, 0, 0
53349, 1330, 0, 0, 0
53349, 580, 1, 0, 0
53449, 1490, 0, 0, 0
53449, 510, 1, 0, 0
53549, 1380, 0, 0, 0
53549, 570, 1, 0, 0
53649, 1330, 0, 0, 0
53649, 640, 1, 0, 0
53749, 1210, 0, 0, 0
53749, 570, 1, 0, 0
53849, 1520, 0, 0, 0
53849, 490, 1, 0, 0
53949, 1260, 0, 0, 0
53949, 600, 1, 0, 0
54049, 1270, 0, 0, 0
54049, 630, 1, 0, 0
54149, 1450, 0, 0, 0
54149, 560, 1, 0, 0
54249, 1310, 0, 0, 0
54249, 600, 1, 0, 0
54349, 1200, 0, 0, 0
54349, 650, 1, 0, 0
54449, 1350, 0, 0, 0
54449, 580, 1, 0, 0
54550, 1220, 0, 0, 0
54550, 650, 1, 0, 0
54650, 1440, 0, 0, 0
54650, 530, 1, 0, 0
54749, 1464, 0, 0, 0
54749, 535, 1, 0, 0
54849, 1260, 0, 0, 0
54849, 660, 1, 0, 0
54949, 1320, 0, 0, 0
54949, 620, 1, 0, 0
55049, 1330, 0, 0, 0
55049, 630, 1, 0, 0
55149, 1310, 0, 0, 0
55149, 560, 1, 0, 0
55249, 1200, 0, 0, 0
55249, 600, 1, 0, 0
55349, 1320, 0, 0, 0
55349, 530, 1, 0, 0
55449, 1360, 0, 0, 0
55449, 580, 1, 0, 0
55549, 1430, 0, 0, 0
55549, 550, 1, 0, 0
55649, 1400, 0, 0, 0
55649, 570, 1, 0, 0
55749, 1350, 0, 0, 0
55749, 600, 1, 0, 0
55849, 1530, 0, 0, 0
55849, 550, 1, 0, 0
55949, 1370, 0, 0, 0
55949, 580, 1, 0, 0
56050, 1360, 0, 0, 0
56050, 590, 1, 0, 0
56150, 1510, 0, 0, 0
56150, 540, 1, 0, 0
56249, 1414, 0, 0, 0
56249, 606, 1, 0, 0
56349, 1230, 0, 0, 0
56349, 660, 1, 0, 0
56449, 1560, 0, 0, 0
56449, 540, 1, 0, 0
56549, 1260, 0, 0, 0
56549, 630, 1, 0, 0
56649, 1110, 0, 0, 0
56649, 690, 1, 0, 0
56749, 1300, 0, 0, 0
56749, 580, 1, 0, 0
56849, 1420, 0, 0, 0
56849, 570, 1, 0, 0
56949, 1400, 0, 0, 0
56949, 580, 1, 0, 0
57049, 1390, 0, 0, 0
57049, 610, 1, 0, 0
57149, 1400, 0, 0, 0
57149, 600, 1, 0, 0
57249, 1420, 0, 0, 0
57249, 560, 1, 0, 0
57349, 1360, 0, 0, 0
57349, 580, 1, 0, 0
57450, 1320, 0, 0, 0
57450, 630, 1, 0, 0
57550, 1310, 0, 0, 0
57550, 630, 1, 0, 0
57650, 1140, 0, 0, 0
57650, 730, 1, 0, 0
57749, 1454, 0, 0, 0
57749, 585, 1, 0, 0
57849, 1170, 0, 0, 0
57849, 680, 1, 0, 0
57949, 1300, 0, 0, 0
57949, 580, 1, 0, 0
58049, 1240, 0, 0, 0
58049, 590, 1, 0, 0
58149, 1290, 0, 0, 0
58149, 660, 1, 0, 0
58249, 1400, 0, 0, 0
58249, 570, 1, 0, 0
58349, 1390, 0, 0, 0
58349, 550, 1, 0, 0
58449, 1290, 0, 0, 0
58449, 600, 1, 0, 0
58549, 1480, 0, 0, 0
58549, 540, 1, 0, 0
58649, 1590, 0, 0, 0
58649, 520, 1, 0, 0
58749, 1400, 0, 0, 0
58749, 590, 1, 0, 0
58850, 1290, 0, 0, 0
58850, 620, 1, 0, 0
58950, 1230, 0, 0, 0
58950, 590, 1, 0, 0
59050, 1220, 0, 0, 0
59050, 610, 1, 0, 0
59150, 1070, 0, 0, 0
59150, 720, 1, 0, 0
59249, 1414, 0, 0, 0
59249, 545, 1, 0, 0
59349, 1410, 0, 0, 0
59349, 550, 1, 0, 0
59449, 1510, 0, 0, 0
59449, 530, 1, 0, 0
59549, 1480, 0, 0, 0
59549, 560, 1, 0, 0
59649, 1400, 0, 0, 0
59649, 570, 1, 0, 0
59749, 1310, 0, 0, 0
59749, 600, 1, 0, 0
59849, 1370, 0, 0, 0
59849, 560, 1, 0, 0
59949, 1440, 0, 0, 0
59949, 590, 1, 0, 0
60050, 1050, 0, 0, 0
60050, 610, 1, 0, 0
60150, 1430, 0, 0, 0
60150, 530, 1, 0, 0
60249, 1404, 0, 0, 0
60249, 515, 1, 0, 0
60349, 1270, 0, 0, 0
60349, 580, 1, 0, 0
60449, 1250, 0, 0, 0
60449, 600, 1, 0, 0
60549, 1390, 0, 0, 0
60549, 560, 1, 0, 0
60649, 1520, 0, 0, 0
60649, 550, 1, 0, 0
60749, 1280, 0, 0, 0
60749, 560, 1, 0, 0
60849, 1300, 0, 0, 0
60849, 620, 1, 0, 0
60949, 1280, 0, 0, 0
60949, 570, 1, 0, 0
61049, 1200, 0, 0, 0
61049, 620, 1, 0, 0
61149, 1590, 0, 0, 0
61149, 510, 1, 0, 0
61249, 1444, 0, 0, 0
61249, 545, 1, 0, 0
61349, 1500, 0, 0, 0
61349, 550, 1, 0, 0
61449, 1310, 0, 0, 0
61449, 600, 1, 0, 0
61549, 1340, 0, 0, 0
61549, 560, 1, 0, 0
61649, 1490, 0, 0, 0
61649, 530, 1, 0, 0
61749, 1490, 0, 0, 0
61749, 520, 1, 0, 0
61849, 1290, 0, 0, 0
61849, 630, 1, 0, 0
61949, 1240, 0, 0, 0
61949, 620, 1, 0, 0
62049, 1370, 0, 0, 0
62049, 550, 1, 0, 0
62149, 1380, 0, 0, 0
62149, 550, 1, 0, 0
62249, 1310, 0, 0, 0
62249, 660, 1, 0, 0
62349, 1380, 0, 0, 0
62349, 550, 1, 0, 0
62449, 1500, 0, 0, 0
62449, 540, 1, 0, 0
62549, 1410, 0, 0, 0
62549, 550, 1, 0, 0
62650, 1310, 0, 0, 0
62650, 570, 1, 0, 0
62749, 1454, 0, 0, 0
62749, 595, 1, 0, 0
62849, 1460, 0, 0, 0
62849, 540, 1, 0, 0
62949, 1340, 0, 0, 0
62949, 520, 1, 0, 0
63049, 1390, 0, 0, 0
63049, 550, 1, 0, 0
63149, 1420, 0, 0, 0
63149, 620, 1, 0, 0
63249, 1360, 0, 0, 0
63249, 630, 1, 0, 0
63349, 1250, 0, 0, 0
63349, 630, 1, 0, 0
63449, 1360, 0, 0, 0
63449, 610, 1, 0, 0
63549, 1400, 0, 0, 0
63549, 540, 1, 0, 0
63649, 1190, 0, 0, 0
63649, 660, 1, 0, 0
63749, 1440, 0, 0, 0
63749, 520, 1, 0, 0
63849, 1480, 0, 0, 0
63849, 580, 1, 0, 0
63949, 1390, 0, 0, 0
63949, 550, 1, 0, 0
64049, 1400, 0, 0, 0
64049, 550, 1, 0, 0
64150, 1480, 0, 0, 0
64150, 530, 1, 0, 0
64249, 1595, 0, 0, 0
64249, 474, 1, 0, 0
64349, 1350, 0, 0, 0
64349, 580, 1, 0, 0
64449, 1450, 0, 0, 0
64449, 560, 1, 0, 0
64549, 1310, 0, 0, 0
64549, 620, 1, 0, 0
64649, 1240, 0, 0, 0
64649, 620, 1, 0, 0
64749, 1430, 0, 0, 0
64749, 560, 1, 0, 0
64849, 1400, 0, 0, 0
64849, 590, 1, 0, 0
64949, 1360, 0, 0, 0
64949, 570, 1, 0, 0
65049, 1400, 0, 0, 0
65049, 520, 1, 0, 0
65149, 1360, 0, 0, 0
65149, 580, 1, 0, 0
65249, 1320, 0, 0, 0
65249, 570, 1, 0, 0
65349, 1310, 0, 0, 0
65349, 520, 1, 0, 0
65449, 1270, 0, 0, 0
65449, 600, 1, 0, 0
65549, 1380, 0, 0, 0
65549, 580, 1, 0, 0
65649, 1060, 0, 0, 0
65649, 700, 1, 0, 0
65749, 1353, 0, 0, 0
65749, 626, 1, 0, 0
65849, 1400, 0, 0, 0
65849, 570, 1, 0, 0
65949, 1270, 0, 0, 0
65949, 650, 1, 0, 0
66049, 1540, 0, 0, 0
66049, 560, 1, 0, 0
66149, 1160, 0, 0, 0
66149, 660, 1, 0, 0
66249, 1370, 0, 0, 0
66249, 590, 1, 0, 0
66349, 1320, 0, 0, 0
66349, 630, 1, 0, 0
66449, 1350, 0, 0, 0
66449, 600, 1, 0, 0
66549, 1200, 0, 0, 0
66549, 620, 1, 0, 0
66649, 1430, 0, 0, 0
66649, 560, 1, 0, 0
66749, 1370, 0, 0, 0
66749, 560, 1, 0, 0
66849, 1320, 0, 0, 0
66849, 630, 1, 0, 0
66949, 1580, 0, 0, 0
66949, 560, 1, 0, 0
67049, 1320, 0, 0, 0
67049, 600, 1, 0, 0
67149, 1310, 0, 0, 0
67149, 570, 1, 0, 0
67249, 1363, 0, 0, 0
67249, 575, 1, 0, 0
67349, 1190, 0, 0, 0
67349, 660, 1, 0, 0
67449, 1240, 0, 0, 0
67449, 620, 1, 0, 0
67549, 1480, 0, 0, 0
67549, 530, 1, 0, 0
67649, 1410, 0, 0, 0
67649, 590, 1, 0, 0
67749, 1620, 0, 0, 0
67749, 520, 1, 0, 0
67849, 1620, 0, 0, 0
67849, 500, 1, 0, 0
67949, 1320, 0, 0, 0
67949, 610, 1, 0, 0
68049, 1460, 0, 0, 0
68049, 570, 1, 0, 0
68149, 1310, 0, 0, 0
68149, 570, 1, 0, 0
68249, 1490, 0, 0, 0
68249, 530, 1, 0, 0
68349, 1380, 0, 0, 0
68349, 600, 1, 0, 0
68449, 1400, 0, 0, 0
68449, 610, 1, 0, 0
68549, 1220, 0, 0, 0
68549, 670, 1, 0, 0
68650, 1280, 0, 0, 0
68650, 610, 1, 0, 0
68749, 1232, 0, 0, 0
68749, 676, 1, 0, 0
68849, 1370, 0, 0, 0
68849, 580, 1, 0, 0
68949, 1470, 0, 0, 0
68949, 520, 1, 0, 0
69049, 1360, 0, 0, 0
69049, 570, 1, 0, 0
69149, 1390, 0, 0, 0
69149, 550, 1, 0, 0
69249, 1160, 0, 0, 0
69249, 640, 1, 0, 0
69349, 1320, 0, 0, 0
69349, 560, 1, 0, 0
69449, 1260, 0, 0, 0
69449, 600, 1, 0, 0
69549, 1180, 0, 0, 0
69549, 690, 1, 0, 0
69649, 1480, 0, 0, 0
69649, 510, 1, 0, 0
69749, 1280, 0, 0, 0
69749, 580, 1, 0, 0
69849, 1480, 0, 0, 0
69849, 520, 1, 0, 0
69949, 1370, 0, 0, 0
69949, 590, 1, 0, 0
70050, 1360, 0, 0, 0
70050, 550, 1, 0, 0
70150, 1200, 0, 0, 0
70150, 510, 1, 0, 0
70249, 1131, 0, 0, 0
70249, 626, 1, 0, 0
70349, 1360, 0, 0, 0
70349, 570, 1, 0, 0
70449, 1030, 0, 0, 0
70449, 720, 1, 0, 0
70549, 1260, 0, 0, 0
70549, 610, 1, 0, 0
70649, 1230, 0, 0, 0
70649, 640, 1, 0, 0
70749, 1160, 0, 0, 0
70749, 690, 1, 0, 0
70849, 1160, 0, 0, 0
70849, 670, 1, 0, 0
70949, 1530, 0, 0, 0
70949, 540, 1, 0, 0
71049, 1610, 0, 0, 0
71049, 500, 1, 0, 0
71149, 1320, 0, 0, 0
71149, 560, 1, 0, 0
71249, 1490, 0, 0, 0
71249, 460, 1, 0, 0
71349, 1400, 0, 0, 0
71349, 580, 1, 0, 0
71450, 1310, 0, 0, 0
71450, 600, 1, 0, 0
71550, 1370, 0, 0, 0
71550, 540, 1, 0, 0
71650, 1350, 0, 0, 0
71650, 610, 1, 0, 0
71749, 1373, 0, 0, 0
71749, 606, 1, 0, 0
71849, 1300, 0, 0, 0
71849, 600, 1, 0, 0
71949, 1520, 0, 0, 0
71949, 530, 1, 0, 0
72049, 1360, 0, 0, 0
72049, 570, 1, 0, 0
72149, 1470, 0, 0, 0
72149, 520, 1, 0, 0
72249, 1240, 0, 0, 0
72249, 590, 1, 0, 0
72349, 1280, 0, 0, 0
72349, 580, 1, 0, 0
72449, 1260, 0, 0, 0
72449, 550, 1, 0, 0
72549, 1290, 0, 0, 0
72549, 570, 1, 0, 0
72649, 1480, 0, 0, 0
72649, 520, 1, 0, 0
72749, 1464, 0, 0, 0
72749, 595, 1, 0, 0
72849, 1260, 0, 0, 0
72849, 640, 1, 0, 0
72949, 1320, 0, 0, 0
72949, 600, 1, 0, 0
73049, 1500, 0, 0, 0
73049, 550, 1, 0, 0
73149, 1590, 0, 0, 0
73149, 520, 1, 0, 0
73249, 1490, 0, 0, 0
73249, 540, 1, 0, 0
73349, 1280, 0, 0, 0
73349, 610, 1, 0, 0
73449, 1380, 0, 0, 0
73449, 630, 1, 0, 0
73549, 1250, 0, 0, 0
73549, 660, 1, 0, 0
73649, 1490, 0, 0, 0
73649, 510, 1, 0, 0
73749, 1240, 0, 0, 0
73749, 600, 1, 0, 0
73849, 1290, 0, 0, 0
73849, 610, 1, 0, 0
73949, 1200, 0, 0, 0
73949, 630, 1, 0, 0
74049, 1250, 0, 0, 0
74049, 600, 1, 0, 0
74150, 1390, 0, 0, 0
74150, 580, 1, 0, 0
74249, 1242, 0, 0, 0
74249, 585, 1, 0, 0
74349, 1340, 0, 0, 0
74349, 580, 1, 0, 0
74449, 1480, 0, 0, 0
74449, 530, 1, 0, 0
74549, 1530, 0, 0, 0
74549, 480, 1, 0, 0
74649, 1370, 0, 0, 0
74649, 570, 1, 0, 0
74749, 1320, 0, 0, 0
74749, 590, 1, 0, 0
74849, 1390, 0, 0, 0
74849, 550, 1, 0, 0
74949, 1370, 0, 0, 0
74949, 550, 1, 0, 0
75049, 1400, 0, 0, 0
75049, 590, 1, 0, 0
75149, 1450, 0, 0, 0
75149, 580, 1, 0, 0
75249, 1510, 0, 0, 0
75249, 530, 1, 0, 0
75349, 1320, 0, 0, 0
75349, 550, 1, 0, 0
75449, 1240, 0, 0, 0
75449, 600, 1, 0, 0
75550, 1380, 0, 0, 0
75550, 550, 1, 0, 0
75650, 1370, 0, 0, 0
75650, 580, 1, 0, 0
75749, 1474, 0, 0, 0
75749, 515, 1, 0, 0
75849, 1400, 0, 0, 0
75849, 560, 1, 0, 0
75949, 1230, 0, 0, 0
75949, 660, 1, 0, 0
76049, 1250, 0, 0, 0
76049, 670, 1, 0, 0
76149, 1500, 0, 0, 0
76149, 520, 1, 0, 0
76249, 1400, 0, 0, 0
76249, 570, 1, 0, 0
76349, 1380, 0, 0, 0
76349, 530, 1, 0, 0
76449, 1460, 0, 0, 0
76449, 570, 1, 0, 0
76549, 1380, 0, 0, 0
76549, 540, 1, 0, 0
76649, 1340, 0, 0, 0
76649, 590, 1, 0, 0
76749, 1310, 0, 0, 0
76749, 590, 1, 0, 0
76849, 1430, 0, 0, 0
76849, 520, 1, 0, 0
76949, 1420, 0, 0, 0
76949, 560, 1, 0, 0
77050, 1200, 0, 0, 0
77050, 670, 1, 0, 0
77150, 1590, 0, 0, 0
77150, 500, 1, 0, 0
77249, 1313, 0, 0, 0
77249, 636, 1, 0, 0
77349, 1420, 0, 0, 0
77349, 560, 1, 0, 0
77449, 1500, 0, 0, 0
77449, 520, 1, 0, 0
77549, 1290, 0, 0, 0
77549, 630, 1, 0, 0
77649, 1390, 0, 0, 0
77649, 570, 1, 0, 0
77749, 1380, 0, 0, 0
77749, 530, 1, 0, 0
77849, 1300, 0, 0, 0
77849, 620, 1, 0, 0
77949, 1480, 0, 0, 0
77949, 530, 1, 0, 0
78049, 1110, 0, 0, 0
78049, 660, 1, 0, 0
78149, 1460, 0, 0, 0
78149, 520, 1, 0, 0
78249, 1360, 0, 0, 0
78249, 590, 1, 0, 0
78349, 1430, 0, 0, 0
78349, 550, 1, 0, 0
78450, 1090, 0, 0, 0
78450, 600, 1, 0, 0
78550, 1280, 0, 0, 0
78550, 660, 1, 0, 0
78650, 1200, 0, 0, 0
78650, 650, 1, 0, 0
78749, 1424, 0, 0, 0
78749, 575, 1, 0, 0
78849, 1320, 0, 0, 0
78849, 610, 1, 0, 0
78949, 1300, 0, 0, 0
78949, 650, 1, 0, 0
79049, 1420, 0, 0, 0
79049, 540, 1, 0, 0
79149, 1310, 0, 0, 0
79149, 630, 1, 0, 0
79249, 1310, 0, 0, 0
79249, 560, 1, 0, 0
79349, 1560, 0, 0, 0
79349, 500, 1, 0, 0
79449, 1520, 0, 0, 0
79449, 500, 1, 0, 0
79549, 1390, 0, 0, 0
79549, 560, 1, 0, 0
79649, 1330, 0, 0, 0
79649, 560, 1, 0, 0
79749, 1390, 0, 0, 0
79749, 560, 1, 0, 0
79850, 1170, 0, 0, 0
79850, 640, 1, 0, 0
79950, 1400, 0, 0, 0
79950, 590, 1, 0, 0
80050, 1440, 0, 0, 0
80050, 570, 1, 0, 0
80150, 1310, 0, 0, 0
80150, 590, 1, 0, 0
80249, 1545, 0, 0, 0
80249, 474, 1, 0, 0
80349, 1520, 0, 0, 0
80349, 570, 1, 0, 0
80449, 1270, 0, 0, 0
80449, 590, 1, 0, 0
80549, 1190, 0, 0, 0
80549, 650, 1, 0, 0
80649, 1150, 0, 0, 0
80649, 660, 1, 0, 0
80749, 1320, 0, 0, 0
80749, 620, 1, 0, 0
80849, 1280, 0, 0, 0
80849, 590, 1, 0, 0
80949, 1400, 0, 0, 0
80949, 580, 1, 0, 0
81049, 1340, 0, 0, 0
81049, 600, 1, 0, 0
81149, 1200, 0, 0, 0
81149, 670, 1, 0, 0
81249, 1353, 0, 0, 0
81249, 565, 1, 0, 0
81349, 1370, 0, 0, 0
81349, 590, 1, 0, 0
81449, 1230, 0, 0, 0
81449, 610, 1, 0, 0
81549, 1410, 0, 0, 0
81549, 590, 1, 0, 0
81649, 1300, 0, 0, 0
81649, 660, 1, 0, 0
81749, 1290, 0, 0, 0
81749, 610, 1, 0, 0
81849, 1440, 0, 0, 0
81849, 540, 1, 0, 0
81949, 1330, 0, 0, 0
81949, 550, 1, 0, 0
82049, 1290, 0, 0, 0
82049, 610, 1, 0, 0
82149, 1270, 0, 0, 0
82149, 630, 1, 0, 0
82249, 1470, 0, 0, 0
82249, 540, 1, 0, 0
82349, 1340, 0, 0, 0
82349, 620, 1, 0, 0
82449, 1400, 0, 0, 0
82449, 550, 1, 0, 0
82549, 1440, 0, 0, 0
82549, 560, 1, 0, 0
82650, 1130, 0, 0, 0
82650, 660, 1, 0, 0
82749, 1343, 0, 0, 0
82749, 626, 1, 0, 0
82849, 1390, 0, 0, 0
82849, 590, 1, 0, 0
82949, 1290, 0, 0, 0
82949, 620, 1, 0, 0
83049, 1280, 0, 0, 0
83049, 660, 1, 0, 0
83149, 1290, 0, 0, 0
83149, 620, 1, 0, 0
83249, 1320, 0, 0, 0
83249, 630, 1, 0, 0
83349, 1430, 0, 0, 0
83349, 600, 1, 0, 0
83449, 1540, 0, 0, 0
83449, 530, 1, 0, 0
83549, 1630, 0, 0, 0
83549, 470, 1, 0, 0
83649, 1260, 0, 0, 0
83649, 590, 1, 0, 0
83749, 1450, 0, 0, 0
83749, 590, 1, 0, 0
83849, 1310, 0, 0, 0
83849, 610, 1, 0, 0
83949, 1310, 0, 0, 0
83949, 570, 1, 0, 0
84050, 1210, 0, 0, 0
84050, 610, 1, 0, 0
84150, 1510, 0, 0, 0
84150, 550, 1, 0, 0
84249, 1444, 0, 0, 0
84249, 494, 1, 0, 0
84349, 1350, 0, 0, 0
84349, 600, 1, 0, 0
84449, 1260, 0, 0, 0
84449, 600, 1, 0, 0
84549, 1380, 0, 0, 0
84549, 580, 1, 0, 0
84649, 1300, 0, 0, 0
84649, 600, 1, 0, 0
84749, 1320, 0, 0, 0
84749, 620, 1, 0, 0
84849, 1390, 0, 0, 0
84849, 580, 1, 0, 0
84949, 1570, 0, 0, 0
84949, 530, 1, 0, 0
85049, 1310, 0, 0, 0
85049, 670, 1, 0, 0
85149, 1290, 0, 0, 0
85149, 610, 1, 0, 0
85249, 1590, 0, 0, 0
85249, 520, 1, 0, 0
85349, 1340, 0, 0, 0
85349, 570, 1, 0, 0
85449, 1340, 0, 0, 0
85449, 620, 1, 0, 0
85550, 1170, 0, 0, 0
85550, 670, 1, 0, 0
85650, 1350, 0, 0, 0
85650, 590, 1, 0, 0
85749, 1353, 0, 0, 0
85749, 636, 1, 0, 0
85849, 1350, 0, 0, 0
85849, 560, 1, 0, 0
85949, 1500, 0, 0, 0
85949, 530, 1, 0, 0
86049, 1300, 0, 0, 0
86049, 600, 1, 0, 0
86149, 1390, 0, 0, 0
86149, 540, 1, 0, 0
86249, 1260, 0, 0, 0
86249, 610, 1, 0, 0
86349, 1460, 0, 0, 0
86349, 520, 1, 0, 0
86449, 1280, 0, 0, 0
86449, 640, 1, 0, 0
86549, 1530, 0, 0, 0
86549, 510, 1, 0, 0
86649, 1360, 0, 0, 0
86649, 590, 1, 0, 0
86749, 1190, 0, 0, 0
86749, 640, 1, 0, 0
86849, 1250, 0, 0, 0
86849, 610, 1, 0, 0
86950, 1360, 0, 0, 0
86950, 640, 1, 0, 0
87050, 1250, 0, 0, 0
87050, 650, 1, 0, 0
87150, 1260, 0, 0, 0
87150, 630, 1, 0, 0
87249, 1343, 0, 0, 0
87249, 606, 1, 0, 0
87349, 1240, 0, 0, 0
87349, 660, 1, 0, 0
87449, 1340, 0, 0, 0
87449, 600, 1, 0, 0
87549, 1290, 0, 0, 0
87549, 600, 1, 0, 0
87649, 1560, 0, 0, 0
87649, 540, 1, 0, 0
87749, 1330, 0, 0, 0
87749, 580, 1, 0, 0
87849, 1330, 0, 0, 0
87849, 580, 1, 0, 0
87949, 1370, 0, 0, 0
87949, 580, 1, 0, 0
88049, 1370, 0, 0, 0
88049, 620, 1, 0, 0
88149, 1290, 0, 0, 0
88149, 630, 1, 0, 0
88250, 1300, 0, 0, 0
88250, 580, 1, 0, 0
88350, 1450, 0, 0, 0
88350, 530, 1, 0, 0
88450, 1370, 0, 0, 0
88450, 630, 1, 0, 0
88550, 1440, 0, 0, 0
88550, 560, 1, 0, 0
88650, 1410, 0, 0, 0
88650, 610, 1, 0, 0
88749, 1464, 0, 0, 0
88749, 565, 1, 0, 0
88849, 1400, 0, 0, 0
88849, 570, 1, 0, 0
88949, 1420, 0, 0, 0
88949, 560, 1, 0, 0
89049, 1210, 0, 0, 0
89049, 660, 1, 0, 0
89149, 1360, 0, 0, 0
89149, 650, 1, 0, 0
89249, 1400, 0, 0, 0
89249, 560, 1, 0, 0
89349, 1480, 0, 0, 0
89349, 520, 1, 0, 0
89449, 1400, 0, 0, 0
89449, 620, 1, 0, 0
89549, 1490, 0, 0, 0
89549, 510, 1, 0, 0
89650, 1330, 0, 0, 0
89650, 660, 1, 0, 0
89749, 1444, 0, 0, 0
89749, 555, 1, 0, 0
89849, 1420, 0, 0, 0
89849, 550, 1, 0, 0
89949, 1380, 0, 0, 0
89949, 550, 1, 0, 0
