250, 3836, 0, 0, 0
350, 3890, 0, 0, 0
450, 3790, 0, 0, 0
550, 3710, 0, 0, 0
650, 3890, 0, 0, 0
749, 3898, 0, 0, 0
849, 3790, 0, 0, 0
949, 3910, 0, 0, 0
1049, 3710, 0, 0, 0
1149, 3860, 0, 0, 0
1249, 3820, 0, 0, 0
1349, 3910, 0, 0, 0
1450, 3950, 0, 0, 0
1550, 3890, 0, 0, 0
1650, 3810, 0, 0, 0
1749, 3797, 0, 0, 0
1849, 3730, 0, 0, 0
1949, 3960, 0, 0, 0
2049, 3850, 0, 0, 0
2149, 3880, 0, 0, 0
2249, 3900, 0, 0, 0
2349, 3830, 0, 0, 0
2449, 3760, 0, 0, 0
2549, 3710, 0, 0, 0
2649, 3810, 0, 0, 0
2750, 3830, 0, 0, 0
2850, 3750, 0, 0, 0
2950, 3850, 0, 0, 0
3050, 3820, 0, 0, 0
3150, 3870, 0, 0, 0
3249, 3808, 0, 0, 0
3349, 3820, 0, 0, 0
3449, 3830, 0, 0, 0
3549, 3790, 0, 0, 0
3649, 3660, 0, 0, 0
3749, 3870, 0, 0, 0
3849, 3740, 0, 0, 0
3949, 3900, 0, 0, 0
4049, 3760, 0, 0, 0
4149, 3870, 0, 0, 0
4250, 3710, 0, 0, 0
4350, 3580, 0, 0, 0
4450, 3820, 0, 0, 0
4550, 3780, 0, 0, 0
4650, 3830, 0, 0, 0
4749, 3797, 0, 0, 0
4849, 3820, 0, 0, 0
4949, 3760, 0, 0, 0
5049, 3730, 0, 0, 0
5149, 3850, 0, 0, 0
5249, 3840, 0, 0, 0
5349, 3950, 0, 0, 0
5449, 4010, 0, 0, 0
5549, 3880, 0, 0, 0
5649, 3860, 0, 0, 0
5749, 3850, 0, 0, 0
5849, 3840, 0, 0, 0
5950, 3790, 0, 0, 0
6050, 3880, 0, 0, 0
6150, 3970, 0, 0, 0
6249, 3848, 0, 0, 0
6349, 3810, 0, 0, 0
6449, 4010, 0, 0, 0
6549, 3780, 0, 0, 0
6649, 3780, 0, 0, 0
6749, 3800, 0, 0, 0
6849, 3720, 0, 0, 0
6949, 3790, 0, 0, 0
7049, 3850, 0, 0, 0
7149, 3800, 0, 0, 0
7249, 3770, 0, 0, 0
7349, 3880, 0, 0, 0
7449, 3820, 0, 0, 0
7550, 3880, 0, 0, 0
7650, 3720, 0, 0, 0
7750, 3790, 0, 0, 0
7850, 3980, 0, 0, 0
7950, 3810, 0, 0, 0
8050, 3860, 0, 0, 0
8150, 3750, 0, 0, 0
8249, 3909, 0, 0, 0
8349, 3740, 0, 0, 0
8449, 3820, 0, 0, 0
8549, 3630, 0, 0, 0
8649, 3810, 0, 0, 0
8749, 3810, 0, 0, 0
8849, 3670, 0, 0, 0
8949, 3860, 0, 0, 0
9049, 3740, 0, 0, 0
9149, 3990, 0, 0, 0
9250, 3610, 0, 0, 0
9350, 3780, 0, 0, 0
9450, 3670, 0, 0, 0
9550, 3820, 0, 0, 0
9650, 3860, 0, 0, 0
9749, 3929, 0, 0, 0
9849, 3920, 0, 0, 0
9949, 3840, 0, 0, 0
10049, 3750, 0, 0, 0
10149, 3680, 0, 0, 0
10249, 3910, 0, 0, 0
10349, 3870, 0, 0, 0
10449, 3870, 0, 0, 0
10549, 3800, 0, 0, 0
10649, 3790, 0, 0, 0
10749, 3810, 0, 0, 0
10849, 3790, 0, 0, 0
10949, 3560, 0, 0, 0
11050, 3880, 0, 0, 0
11150, 3770, 0, 0, 0
11250, 3760, 0, 0, 0
11350, 3770, 0, 0, 0
11450, 3880, 0, 0, 0
11550, 3840, 0, 0, 0
11650, 3830, 0, 0, 0
11749, 3828, 0, 0, 0
11849, 3800, 0, 0, 0
11949, 3690, 0, 0, 0
12050, 3630, 0, 0, 0
12150, 4020, 0, 0, 0
12249, 3858, 0, 0, 0
12349, 3840, 0, 0, 0
12449, 3830, 0, 0, 0
12549, 3770, 0, 0, 0
12649, 3820, 0, 0, 0
12749, 3920, 0, 0, 0
12849, 3990, 0, 0, 0
12949, 3910, 0, 0, 0
13049, 3770, 0, 0, 0
13149, 4020, 0, 0, 0
13249, 3870, 0, 0, 0
13349, 3930, 0, 0, 0
13449, 3770, 0, 0, 0
13550, 3890, 0, 0, 0
13650, 3740, 0, 0, 0
13750, 3940, 0, 0, 0
13850, 3890, 0, 0, 0
13950, 3950, 0, 0, 0
14050, 3860, 0, 0, 0
14150, 3850, 0, 0, 0
14249, 3686, 0, 0, 0
14349, 3730, 0, 0, 0
14449, 3760, 0, 0, 0
14549, 3870, 0, 0, 0
14649, 3780, 0, 0, 0
14749, 3810, 0, 0, 0
14849, 3800, 0, 0, 0
14949, 3670, 0, 0, 0
15049, 3750, 0, 0, 0
15149, 4000, 0, 0, 0
15250, 3910, 0, 0, 0
15350, 3850, 0, 0, 0
15450, 3910, 0, 0, 0
15550, 3590, 0, 0, 0
15650, 3900, 0, 0, 0
15749, 3808, 0, 0, 0
15849, 3810, 0, 0, 0
15949, 3750, 0, 0, 0
16049, 3840, 0, 0, 0
16149, 3830, 0, 0, 0
16249, 3810, 0, 0, 0
16349, 4030, 0, 0, 0
16449, 3850, 0, 0, 0
16549, 3620, 0, 0, 0
16649, 3670, 0, 0, 0
16749, 3890, 0, 0, 0
16849, 3920, 0, 0, 0
16950, 3910, 0, 0, 0
17050, 4010, 0, 0, 0
17150, 3820, 0, 0, 0
17249, 3909, 0, 0, 0
17349, 3900, 0, 0, 0
17449, 3760, 0, 0, 0
17549, 4010, 0, 0, 0
17649, 3880, 0, 0, 0
17749, 3890, 0, 0, 0
17849, 3780, 0, 0, 0
17949, 3990, 0, 0, 0
18049, 3830, 0, 0, 0
18149, 3900, 0, 0, 0
18249, 3990, 0, 0, 0
18349, 3850, 0, 0, 0
18449, 3920, 0, 0, 0
18550, 3760, 0, 0, 0
18650, 3860, 0, 0, 0
18750, 3890, 0, 0, 0
18850, 3820, 0, 0, 0
18950, 3600, 0, 0, 0
19050, 3840, 0, 0, 0
19150, 3730, 0, 0, 0
19249, 3757, 0, 0, 0
19349, 3880, 0, 0, 0
19449, 3840, 0, 0, 0
19549, 3790, 0, 0, 0
19649, 3850, 0, 0, 0
19749, 3720, 0, 0, 0
19849, 3700, 0, 0, 0
19949, 3860, 0, 0, 0
20049, 3690, 0, 0, 0
20149, 3840, 0, 0, 0
20250, 3860, 0, 0, 0
20350, 3700, 0, 0, 0
20450, 3870, 0, 0, 0
20550, 3760, 0, 0, 0
20650, 3770, 0, 0, 0
20749, 3777, 0, 0, 0
20849, 3670, 0, 0, 0
20949, 3990, 0, 0, 0
21049, 3750, 0, 0, 0
21149, 3810, 0, 0, 0
21249, 3840, 0, 0, 0
21349, 3960, 0, 0, 0
21449, 3880, 0, 0, 0
21549, 3700, 0, 0, 0
21649, 3900, 0, 0, 0
21749, 3820, 0, 0, 0
21849, 3860, 0, 0, 0
21949, 3710, 0, 0, 0
22050, 3700, 0, 0, 0
22150, 3750, 0, 0, 0
22249, 3818, 0, 0, 0
22349, 3940, 0, 0, 0
22449, 3730, 0, 0, 0
22549, 3580, 0, 0, 0
22649, 3680, 0, 0, 0
22749, 3880, 0, 0, 0
22849, 3940, 0, 0, 0
22949, 3720, 0, 0, 0
23049, 3770, 0, 0, 0
23149, 3760, 0, 0, 0
23249, 3740, 0, 0, 0
23349, 3910, 0, 0, 0
23449, 4060, 0, 0, 0
23549, 3820, 0, 0, 0
23649, 3860, 0, 0, 0
23750, 4020, 0, 0, 0
23850, 3800, 0, 0, 0
23950, 3840, 0, 0, 0
24050, 3850, 0, 0, 0
24150, 3870, 0, 0, 0
24249, 4030, 0, 0, 0
24349, 3780, 0, 0, 0
24449, 3990, 0, 0, 0
24549, 3770, 0, 0, 0
24649, 3890, 0, 0, 0
24749, 3910, 0, 0, 0
24849, 3890, 0, 0, 0
24949, 3700, 0, 0, 0
25049, 3840, 0, 0, 0
25149, 3820, 0, 0, 0
25250, 3760, 0, 0, 0
25350, 3860, 0, 0, 0
25450, 3810, 0, 0, 0
25550, 3830, 0, 0, 0
25650, 3840, 0, 0, 0
25749, 3909, 0, 0, 0
25849, 3830, 0, 0, 0
25949, 3720, 0, 0, 0
26049, 3690, 0, 0, 0
26149, 3940, 0, 0, 0
26249, 3750, 0, 0, 0
26349, 3830, 0, 0, 0
26449, 3770, 0, 0, 0
26549, 3660, 0, 0, 0
26649, 3690, 0, 0, 0
26749, 3760, 0, 0, 0
26850, 3760, 0, 0, 0
26950, 4000, 0, 0, 0
27050, 3990, 0, 0, 0
27150, 3920, 0, 0, 0
27249, 3707, 0, 0, 0
27349, 3950, 0, 0, 0
27449, 3790, 0, 0, 0
27549, 3680, 0, 0, 0
27649, 3880, 0, 0, 0
27749, 4030, 0, 0, 0
27849, 3840, 0, 0, 0
27949, 3760, 0, 0, 0
28049, 3950, 0, 0, 0
28149, 3780, 0, 0, 0
28249, 3730, 0, 0, 0
28349, 3780, 0, 0, 0
28449, 3880, 0, 0, 0
28550, 3850, 0, 0, 0
28650, 3970, 0, 0, 0
28749, 3686, 0, 0, 0
28849, 3860, 0, 0, 0
28949, 3860, 0, 0, 0
29049, 3880, 0, 0, 0
29149, 4010, 0, 0, 0
29249, 3960, 0, 0, 0
29349, 3950, 0, 0, 0
29449, 3770, 0, 0, 0
29549, 3760, 0, 0, 0
29649, 3820, 0, 0, 0
29749, 3760, 0, 0, 0
29849, 3730, 0, 0, 0
29949, 4010, 0, 0, 0
30050, 3890, 0, 0, 0
30150, 3740, 0, 0, 0
30250, 3750, 0, 0, 0
30350, 3670, 0, 0, 0
30450, 3670, 0, 0, 0
30550, 3680, 0, 0, 0
30650, 3750, 0, 0, 0
30749, 3909, 0, 0, 0
30849, 3950, 0, 0, 0
30949, 3840, 0, 0, 0
31049, 3980, 0, 0, 0
31149, 3840, 0, 0, 0
31249, 3890, 0, 0, 0
31349, 3850, 0, 0, 0
31449, 3840, 0, 0, 0
31549, 3880, 0, 0, 0
31649, 3880, 0, 0, 0
31750, 3880, 0, 0, 0
31850, 3920, 0, 0, 0
31950, 3960, 0, 0, 0
32050, 3720, 0, 0, 0
32150, 3770, 0, 0, 0
32249, 3696, 0, 0, 0
32349, 3860, 0, 0, 0
32449, 3970, 0, 0, 0
32549, 3700, 0, 0, 0
32649, 3790, 0, 0, 0
32749, 3820, 0, 0, 0
32849, 3800, 0, 0, 0
32949, 3700, 0, 0, 0
33049, 3820, 0, 0, 0
33149, 3820, 0, 0, 0
33249, 3880, 0, 0, 0
33349, 3950, 0, 0, 0
33450, 3920, 0, 0, 0
33550, 3700, 0, 0, 0
33650, 3700, 0, 0, 0
33749, 3818, 0, 0, 0
33849, 3700, 0, 0, 0
33949, 4020, 0, 0, 0
34049, 3530, 0, 0, 0
34149, 3770, 0, 0, 0
34249, 3880, 0, 0, 0
34349, 3830, 0, 0, 0
34449, 3630, 0, 0, 0
34549, 3710, 0, 0, 0
34649, 4010, 0, 0, 0
34749, 3760, 0, 0, 0
34849, 3900, 0, 0, 0
34949, 3880, 0, 0, 0
35050, 3690, 0, 0, 0
35150, 3790, 0, 0, 0
35250, 3820, 0, 0, 0
35350, 3750, 0, 0, 0
35450, 3730, 0, 0, 0
35550, 3770, 0, 0, 0
35650, 3690, 0, 0, 0
35749, 3797, 0, 0, 0
35849, 3850, 0, 0, 0
35949, 3630, 0, 0, 0
36049, 3730, 0, 0, 0
36149, 3740, 0, 0, 0
36249, 3830, 0, 0, 0
36349, 3730, 0, 0, 0
36449, 3580, 0, 0, 0
36549, 3910, 0, 0, 0
36649, 3850, 0, 0, 0
36750, 3830, 0, 0, 0
36850, 3950, 0, 0, 0
36950, 3830, 0, 0, 0
37050, 3850, 0, 0, 0
37150, 3970, 0, 0, 0
37249, 3909, 0, 0, 0
37349, 3850, 0, 0, 0
37449, 3870, 0, 0, 0
37549, 3900, 0, 0, 0
37649, 3900, 0, 0, 0
37749, 3970, 0, 0, 0
37849, 3870, 0, 0, 0
37949, 3910, 0, 0, 0
38049, 3760, 0, 0, 0
38149, 3770, 0, 0, 0
38249, 3730, 0, 0, 0
38350, 3840, 0, 0, 0
38450, 3850, 0, 0, 0
38550, 3760, 0, 0, 0
38650, 3780, 0, 0, 0
38749, 3878, 0, 0, 0
38849, 3760, 0, 0, 0
38949, 3800, 0, 0, 0
39049, 3730, 0, 0, 0
39149, 3820, 0, 0, 0
39249, 3760, 0, 0, 0
39349, 3900, 0, 0, 0
39449, 3880, 0, 0, 0
39549, 3880, 0, 0, 0
39649, 3900, 0, 0, 0
39749, 3930, 0, 0, 0
39849, 3830, 0, 0, 0
39949, 4000, 0, 0, 0
40050, 3760, 0, 0, 0
40150, 3670, 0, 0, 0
40250, 3830, 0, 0, 0
40350, 3980, 0, 0, 0
40450, 3870, 0, 0, 0
40550, 3800, 0, 0, 0
40650, 3710, 0, 0, 0
40749, 3777, 0, 0, 0
40849, 3670, 0, 0, 0
40949, 3810, 0, 0, 0
41049, 3620, 0, 0, 0
41149, 3530, 0, 0, 0
41249, 3750, 0, 0, 0
41349, 3680, 0, 0, 0
41449, 3930, 0, 0, 0
41549, 3780, 0, 0, 0
41649, 3710, 0, 0, 0
41750, 3760, 0, 0, 0
41850, 3700, 0, 0, 0
41950, 3810, 0, 0, 0
42050, 3910, 0, 0, 0
42150, 3830, 0, 0, 0
42249, 3858, 0, 0, 0
42349, 3630, 0, 0, 0
42449, 3910, 0, 0, 0
42549, 3930, 0, 0, 0
42649, 3820, 0, 0, 0
42749, 3890, 0, 0, 0
42849, 3920, 0, 0, 0
42949, 3920, 0, 0, 0
43049, 3640, 0, 0, 0
43149, 3890, 0, 0, 0
43249, 3820, 0, 0, 0
43349, 3810, 0, 0, 0
43449, 3750, 0, 0, 0
43550, 3900, 0, 0, 0
43650, 3840, 0, 0, 0
43749, 3888, 0, 0, 0
43849, 3770, 0, 0, 0
43949, 3680, 0, 0, 0
44049, 3840, 0, 0, 0
44149, 3810, 0, 0, 0
44249, 3890, 0, 0, 0
44349, 3770, 0, 0, 0
44449, 3880, 0, 0, 0
44549, 3770, 0, 0, 0
44649, 3800, 0, 0, 0
44749, 3810, 0, 0, 0
44849, 3690, 0, 0, 0
44949, 3920, 0, 0, 0
45049, 3850, 0, 0, 0
45149, 3880, 0, 0, 0
45250, 3710, 0, 0, 0
45350, 3900, 0, 0, 0
45450, 3670, 0, 0, 0
45550, 3880, 0, 0, 0
45650, 4010, 0, 0, 0
45749, 3838, 0, 0, 0
45849, 3750, 0, 0, 0
45949, 3810, 0, 0, 0
46049, 3730, 0, 0, 0
46149, 3790, 0, 0, 0
46249, 3830, 0, 0, 0
46349, 3730, 0, 0, 0
46449, 3840, 0, 0, 0
46549, 3820, 0, 0, 0
46649, 3860, 0, 0, 0
46749, 3760, 0, 0, 0
46850, 3910, 0, 0, 0
46950, 3900, 0, 0, 0
47050, 3850, 0, 0, 0
47150, 3800, 0, 0, 0
47249, 3808, 0, 0, 0
47349, 3880, 0, 0, 0
47449, 4000, 0, 0, 0
47549, 3830, 0, 0, 0
47649, 3810, 0, 0, 0
47749, 3740, 0, 0, 0
47849, 3770, 0, 0, 0
47949, 3760, 0, 0, 0
48049, 3710, 0, 0, 0
48149, 3870, 0, 0, 0
48249, 3870, 0, 0, 0
48349, 3830, 0, 0, 0
48449, 3890, 0, 0, 0
48550, 3890, 0, 0, 0
48650, 3960, 0, 0, 0
48750, 3750, 0, 0, 0
48850, 3840, 0, 0, 0
48950, 3850, 0, 0, 0
49050, 3910, 0, 0, 0
49150, 3820, 0, 0, 0
49249, 3777, 0, 0, 0
49349, 3810, 0, 0, 0
49449, 3810, 0, 0, 0
49549, 3800, 0, 0, 0
49649, 3910, 0, 0, 0
49749, 3780, 0, 0, 0
49849, 3830, 0, 0, 0
49949, 3890, 0, 0, 0
50049, 3910, 0, 0, 0
50149, 3820, 0, 0, 0
50249, 3920, 0, 0, 0
50350, 3840, 0, 0, 0
50450, 3850, 0, 0, 0
50550, 3780, 0, 0, 0
50650, 3910, 0, 0, 0
50749, 3737, 0, 0, 0
50849, 3650, 0, 0, 0
50949, 3880, 0, 0, 0
51049, 4040, 0, 0, 0
51149, 3950, 0, 0, 0
51249, 3680, 0, 0, 0
51349, 3900, 0, 0, 0
51449, 3830, 0, 0, 0
51549, 3990, 0, 0, 0
51649, 3800, 0, 0, 0
51749, 3800, 0, 0, 0
51849, 3740, 0, 0, 0
51949, 4050, 0, 0, 0
52050, 3750, 0, 0, 0
52150, 3770, 0, 0, 0
52250, 3860, 0, 0, 0
52350, 3770, 0, 0, 0
52450, 3790, 0, 0, 0
52550, 3790, 0, 0, 0
52650, 3860, 0, 0, 0
52749, 3767, 0, 0, 0
52849, 4050, 0, 0, 0
52949, 3810, 0, 0, 0
53049, 3830, 0, 0, 0
53149, 3930, 0, 0, 0
53249, 3810, 0, 0, 0
53349, 3960, 0, 0, 0
53449, 3800, 0, 0, 0
53549, 3760, 0, 0, 0
53649, 3810, 0, 0, 0
53750, 3930, 0, 0, 0
53850, 3800, 0, 0, 0
53950, 3880, 0, 0, 0
54050, 3870, 0, 0, 0
54150, 3860, 0, 0, 0
54249, 3858, 0, 0, 0
54349, 3790, 0, 0, 0
54449, 3910, 0, 0, 0
54549, 3810, 0, 0, 0
54649, 3860, 0, 0, 0
54749, 3870, 0, 0, 0
54849, 3790, 0, 0, 0
54949, 3830, 0, 0, 0
55049, 3910, 0, 0, 0
55149, 3740, 0, 0, 0
55249, 3960, 0, 0, 0
55349, 3890, 0, 0, 0
55449, 3710, 0, 0, 0
55550, 3800, 0, 0, 0
55650, 3710, 0, 0, 0
55750, 3830, 0, 0, 0
55850, 3890, 0, 0, 0
55950, 3820, 0, 0, 0
56050, 3680, 0, 0, 0
56150, 4000, 0, 0, 0
56249, 3797, 0, 0, 0
56349, 3730, 0, 0, 0
56449, 3730, 0, 0, 0
56549, 3770, 0, 0, 0
56649, 3880, 0, 0, 0
56749, 4000, 0, 0, 0
56849, 3850, 0, 0, 0
56949, 3640, 0, 0, 0
57049, 3920, 0, 0, 0
57149, 3680, 0, 0, 0
57250, 3780, 0, 0, 0
57350, 3890, 0, 0, 0
57450, 3680, 0, 0, 0
57550, 3870, 0, 0, 0
57650, 3920, 0, 0, 0
57749, 3909, 0, 0, 0
57849, 3790, 0, 0, 0
57949, 3840, 0, 0, 0
58049, 3830, 0, 0, 0
58149, 3830, 0, 0, 0
58249, 3820, 0, 0, 0
58349, 3840, 0, 0, 0
58449, 3930, 0, 0, 0
58549, 3920, 0, 0, 0
58649, 3850, 0, 0, 0
58749, 3850, 0, 0, 0
58849, 3910, 0, 0, 0
58950, 4020, 0, 0, 0
59050, 3800, 0, 0, 0
59150, 3870, 0, 0, 0
59249, 3929, 0, 0, 0
59349, 3910, 0, 0, 0
59449, 3870, 0, 0, 0
59549, 3810, 0, 0, 0
59649, 3810, 0, 0, 0
59749, 3840, 0, 0, 0
59849, 3770, 0, 0, 0
59949, 4050, 0, 0, 0
60049, 3740, 0, 0, 0
60149, 3580, 0, 0, 0
60249, 3860, 0, 0, 0
60349, 3750, 0, 0, 0
60449, 3760, 0, 0, 0
60549, 3880, 0, 0, 0
60650, 3720, 0, 0, 0
60750, 3830, 0, 0, 0
60850, 3810, 0, 0, 0
60950, 3980, 0, 0, 0
61050, 3840, 0, 0, 0
61150, 3860, 0, 0, 0
61249, 3818, 0, 0, 0
61349, 3800, 0, 0, 0
61449, 3890, 0, 0, 0
61549, 3800, 0, 0, 0
61649, 3860, 0, 0, 0
61749, 3880, 0, 0, 0
61849, 3980, 0, 0, 0
61949, 3770, 0, 0, 0
62049, 3710, 0, 0, 0
62149, 3760, 0, 0, 0
62250, 3860, 0, 0, 0
62350, 3800, 0, 0, 0
62450, 3950, 0, 0, 0
62550, 3990, 0, 0, 0
62650, 4000, 0, 0, 0
62749, 3787, 0, 0, 0
62849, 3670, 0, 0, 0
62949, 3650, 0, 0, 0
63049, 3810, 0, 0, 0
63149, 3900, 0, 0, 0
63249, 3870, 0, 0, 0
63349, 3850, 0, 0, 0
63449, 3740, 0, 0, 0
63549, 3590, 0, 0, 0
63649, 3820, 0, 0, 0
63749, 3800, 0, 0, 0
63849, 3960, 0, 0, 0
63950, 3730, 0, 0, 0
64050, 3750, 0, 0, 0
64150, 3900, 0, 0, 0
64249, 3828, 0, 0, 0
64349, 3640, 0, 0, 0
64449, 3920, 0, 0, 0
64549, 3950, 0, 0, 0
64649, 3750, 0, 0, 0
64749, 3740, 0, 0, 0
64849, 3690, 0, 0, 0
64949, 3900, 0, 0, 0
65049, 3760, 0, 0, 0
65149, 3830, 0, 0, 0
65249, 3860, 0, 0, 0
65349, 3920, 0, 0, 0
65449, 3880, 0, 0, 0
65550, 3960, 0, 0, 0
65650, 4010, 0, 0, 0
65750, 3790, 0, 0, 0
65850, 3870, 0, 0, 0
65950, 3740, 0, 0, 0
66050, 3900, 0, 0, 0
66150, 3770, 0, 0, 0
66249, 3838, 0, 0, 0
66349, 3850, 0, 0, 0
66449, 3810, 0, 0, 0
66549, 3960, 0, 0, 0
66649, 3710, 0, 0, 0
66749, 3780, 0, 0, 0
66849, 3830, 0, 0, 0
66949, 3730, 0, 0, 0
67049, 3840, 0, 0, 0
67149, 3800, 0, 0, 0
67250, 3890, 0, 0, 0
67350, 3710, 0, 0, 0
67450, 3690, 0, 0, 0
67550, 3780, 0, 0, 0
67650, 3800, 0, 0, 0
67749, 3808, 0, 0, 0
67849, 3900, 0, 0, 0
67949, 3820, 0, 0, 0
68049, 3760, 0, 0, 0
68149, 3810, 0, 0, 0
68249, 3770, 0, 0, 0
68349, 3840, 0, 0, 0
68449, 3680, 0, 0, 0
68549, 3720, 0, 0, 0
68649, 3940, 0, 0, 0
68749, 3890, 0, 0, 0
68849, 3730, 0, 0, 0
68949, 3750, 0, 0, 0
69050, 3840, 0, 0, 0
69150, 3760, 0, 0, 0
69250, 3810, 0, 0, 0
69350, 3700, 0, 0, 0
69450, 3810, 0, 0, 0
69550, 3840, 0, 0, 0
69650, 3690, 0, 0, 0
69749, 3808, 0, 0, 0
69849, 3860, 0, 0, 0
69949, 3690, 0, 0, 0
70049, 3660, 0, 0, 0
70149, 3860, 0, 0, 0
70249, 3910, 0, 0, 0
70349, 3830, 0, 0, 0
70449, 4000, 0, 0, 0
70549, 3890, 0, 0, 0
70649, 3950, 0, 0, 0
70750, 3780, 0, 0, 0
70850, 3990, 0, 0, 0
70950, 3720, 0, 0, 0
71050, 3820, 0, 0, 0
71150, 3940, 0, 0, 0
71249, 3878, 0, 0, 0
71349, 3960, 0, 0, 0
71449, 3720, 0, 0, 0
71549, 3800, 0, 0, 0
71649, 3700, 0, 0, 0
71749, 3850, 0, 0, 0
71849, 3760, 0, 0, 0
71949, 3800, 0, 0, 0
72049, 3860, 0, 0, 0
72149, 3910, 0, 0, 0
72249, 3970, 0, 0, 0
72349, 3920, 0, 0, 0
72449, 3990, 0, 0, 0
72550, 3840, 0, 0, 0
72650, 3840, 0, 0, 0
72749, 3767, 0, 0, 0
72849, 3920, 0, 0, 0
72949, 3560, 0, 0, 0
73049, 3720, 0, 0, 0
73149, 3780, 0, 0, 0
73249, 3770, 0, 0, 0
73349, 3750, 0, 0, 0
73449, 3760, 0, 0, 0
73549, 3920, 0, 0, 0
73649, 3640, 0, 0, 0
73749, 3770, 0, 0, 0
73849, 3980, 0, 0, 0
73949, 3870, 0, 0, 0
74050, 3690, 0, 0, 0
74150, 3710, 0, 0, 0
74250, 3790, 0, 0, 0
74350, 3730, 0, 0, 0
74450, 3650, 0, 0, 0
74550, 3870, 0, 0, 0
74650, 4010, 0, 0, 0
74749, 3777, 0, 0, 0
74849, 3980, 0, 0, 0
74949, 3900, 0, 0, 0
75049, 3780, 0, 0, 0
75149, 3850, 0, 0, 0
75249, 3810, 0, 0, 0
75349, 3750, 0, 0, 0
75449, 3780, 0, 0, 0
75549, 3760, 0, 0, 0
75649, 3750, 0, 0, 0
75750, 3840, 0, 0, 0
75850, 3860, 0, 0, 0
75950, 3810, 0, 0, 0
76050, 3750, 0, 0, 0
76150, 3910, 0, 0, 0
76249, 3646, 0, 0, 0
76349, 3660, 0, 0, 0
76449, 3620, 0, 0, 0
76549, 3930, 0, 0, 0
76649, 3890, 0, 0, 0
76749, 3830, 0, 0, 0
76849, 3820, 0, 0, 0
76949, 3840, 0, 0, 0
77049, 3630, 0, 0, 0
77149, 3770, 0, 0, 0
77249, 3660, 0, 0, 0
77349, 3660, 0, 0, 0
77450, 3880, 0, 0, 0
77550, 3650, 0, 0, 0
77650, 3850, 0, 0, 0
77749, 3757, 0, 0, 0
77849, 3710, 0, 0, 0
77949, 3870, 0, 0, 0
78049, 3770, 0, 0, 0
78149, 3700, 0, 0, 0
78249, 3660, 0, 0, 0
78349, 3750, 0, 0, 0
78449, 3760, 0, 0, 0
78549, 3930, 0, 0, 0
78649, 3730, 0, 0, 0
78749, 3820, 0, 0, 0
78849, 3700, 0, 0, 0
78949, 3690, 0, 0, 0
79050, 3720, 0, 0, 0
79150, 3860, 0, 0, 0
79250, 3730, 0, 0, 0
79350, 3760, 0, 0, 0
79450, 3870, 0, 0, 0
79550, 3890, 0, 0, 0
79650, 3770, 0, 0, 0
79749, 3787, 0, 0, 0
79849, 3670, 0, 0, 0
79949, 3870, 0, 0, 0
80049, 3880, 0, 0, 0
80149, 3700, 0, 0, 0
80249, 3680, 0, 0, 0
80349, 3840, 0, 0, 0
80449, 3810, 0, 0, 0
80549, 3620, 0, 0, 0
80649, 3790, 0, 0, 0
80749, 3720, 0, 0, 0
80850, 3640, 0, 0, 0
80950, 3710, 0, 0, 0
81050, 3780, 0, 0, 0
81150, 3840, 0, 0, 0
81249, 3959, 0, 0, 0
81349, 3940, 0, 0, 0
81449, 3790, 0, 0, 0
81549, 3810, 0, 0, 0
81649, 4020, 0, 0, 0
81749, 3920, 0, 0, 0
81849, 3750, 0, 0, 0
81949, 3800, 0, 0, 0
82049, 3840, 0, 0, 0
82149, 3720, 0, 0, 0
82249, 3770, 0, 0, 0
82349, 3810, 0, 0, 0
82449, 3770, 0, 0, 0
82550, 3710, 0, 0, 0
82650, 3860, 0, 0, 0
82750, 3830, 0, 0, 0
82850, 3870, 0, 0, 0
82950, 3830, 0, 0, 0
83050, 3840, 0, 0, 0
83150, 3840, 0, 0, 0
83249, 3959, 0, 0, 0
83349, 3840, 0, 0, 0
83449, 3730, 0, 0, 0
83549, 3910, 0, 0, 0
83649, 3820, 0, 0, 0
83749, 3830, 0, 0, 0
83849, 3710, 0, 0, 0
83949, 3750, 0, 0, 0
84049, 3650, 0, 0, 0
84149, 3750, 0, 0, 0
84250, 3830, 0, 0, 0
84350, 3720, 0, 0, 0
84450, 3810, 0, 0, 0
84550, 3760, 0, 0, 0
84650, 3840, 0, 0, 0
84749, 3898, 0, 0, 0
84849, 3810, 0, 0, 0
84949, 3810, 0, 0, 0
85049, 3690, 0, 0, 0
85149, 3690, 0, 0, 0
85249, 3720, 0, 0, 0
85349, 3860, 0, 0, 0
85449, 3880, 0, 0, 0
85549, 3830, 0, 0, 0
85649, 3670, 0, 0, 0
85749, 3810, 0, 0, 0
85849, 3650, 0, 0, 0
85949, 3770, 0, 0, 0
86050, 3800, 0, 0, 0
86150, 3790, 0, 0, 0
86249, 3747, 0, 0, 0
86349, 3680, 0, 0, 0
86449, 3820, 0, 0, 0
86549, 3810, 0, 0, 0
86649, 3660, 0, 0, 0
86749, 3880, 0, 0, 0
86849, 3910, 0, 0, 0
86949, 3940, 0, 0, 0
87049, 3740, 0, 0, 0
87149, 3910, 0, 0, 0
87249, 3640, 0, 0, 0
87349, 3670, 0, 0, 0
87449, 3940, 0, 0, 0
87549, 3720, 0, 0, 0
87650, 3840, 0, 0, 0
87750, 3800, 0, 0, 0
87850, 3790, 0, 0, 0
87950, 3890, 0, 0, 0
88050, 3710, 0, 0, 0
88150, 3810, 0, 0, 0
88249, 3919, 0, 0, 0
88349, 3840, 0, 0, 0
88449, 3840, 0, 0, 0
88549, 3850, 0, 0, 0
88649, 3830, 0, 0, 0
88749, 3860, 0, 0, 0
88849, 3830, 0, 0, 0
88949, 3800, 0, 0, 0
89049, 3800, 0, 0, 0
89149, 3810, 0, 0, 0
89250, 3690, 0, 0, 0
89350, 3730, 0, 0, 0
89450, 3780, 0, 0, 0
89550, 3750, 0, 0, 0
89650, 3810, 0, 0, 0
89749, 3828, 0, 0, 0
89849, 3860, 0, 0, 0
89949, 3750, 0, 0, 0
