250, 577536, 0, 0, 0
350, 593920, 0, 0, 0
450, 573440, 0, 0, 0
550, 573440, 0, 0, 0
650, 563200, 0, 0, 0
749, 548202, 0, 0, 0
849, 542720, 0, 0, 0
949, 542720, 0, 0, 0
1049, 552960, 0, 0, 0
1149, 552960, 0, 0, 0
1249, 573440, 0, 0, 0
1349, 542720, 0, 0, 0
1449, 522240, 0, 0, 0
1550, 552960, 0, 0, 0
1650, 563200, 0, 0, 0
1749, 568888, 0, 0, 0
1849, 542720, 0, 0, 0
1949, 542720, 0, 0, 0
2049, 563200, 0, 0, 0
2149, 522240, 0, 0, 0
2249, 542720, 0, 0, 0
2349, 552960, 0, 0, 0
2449, 532480, 0, 0, 0
2549, 532480, 0, 0, 0
2649, 512000, 0, 0, 0
2750, 532480, 0, 0, 0
2850, 593920, 0, 0, 0
2950, 614400, 0, 0, 0
3050, 593920, 0, 0, 0
3150, 583680, 0, 0, 0
3249, 589575, 0, 0, 0
3349, 583680, 0, 0, 0
3449, 563200, 0, 0, 0
3549, 573440, 0, 0, 0
3649, 522240, 0, 0, 0
3749, 542720, 0, 0, 0
3849, 532480, 0, 0, 0
3949, 563200, 0, 0, 0
4049, 542720, 0, 0, 0
4149, 542720, 0, 0, 0
4250, 563200, 0, 0, 0
4350, 522240, 0, 0, 0
4450, 512000, 0, 0, 0
4550, 542720, 0, 0, 0
4650, 532480, 0, 0, 0
4749, 558545, 0, 0, 0
4849, 593920, 0, 0, 0
4949, 614400, 0, 0, 0
5049, 573440, 0, 0, 0
5150, 573440, 0, 0, 0
5249, 568888, 0, 0, 0
5349, 614400, 0, 0, 0
5449, 593920, 0, 0, 0
5549, 604160, 0, 0, 0
5649, 583680, 0, 0, 0
5749, 604160, 0, 0, 0
5849, 604160, 0, 0, 0
5949, 614400, 0, 0, 0
6050, 604160, 0, 0, 0
6150, 614400, 0, 0, 0
6249, 610262, 0, 0, 0
6349, 614400, 0, 0, 0
6449, 614400, 0, 0, 0
6549, 604160, 0, 0, 0
6649, 604160, 0, 0, 0
6749, 614400, 0, 0, 0
6849, 604160, 0, 0, 0
6949, 593920, 0, 0, 0
7049, 614400, 0, 0, 0
7149, 604160, 0, 0, 0
7249, 614400, 0, 0, 0
7349, 593920, 0, 0, 0
7450, 604160, 0, 0, 0
7550, 624640, 0, 0, 0
7650, 624640, 0, 0, 0
7749, 630949, 0, 0, 0
7849, 593920, 0, 0, 0
7949, 583680, 0, 0, 0
8049, 645120, 0, 0, 0
8149, 614400, 0, 0, 0
8249, 593920, 0, 0, 0
8349, 614400, 0, 0, 0
8449, 593920, 0, 0, 0
8549, 593920, 0, 0, 0
8649, 624640, 0, 0, 0
8749, 593920, 0, 0, 0
8849, 573440, 0, 0, 0
8949, 563200, 0, 0, 0
9050, 614400, 0, 0, 0
9150, 614400, 0, 0, 0
9249, 579232, 0, 0, 0
9349, 624640, 0, 0, 0
9449, 573440, 0, 0, 0
9549, 563200, 0, 0, 0
9649, 593920, 0, 0, 0
9749, 583680, 0, 0, 0
9849, 573440, 0, 0, 0
9949, 583680, 0, 0, 0
10049, 583680, 0, 0, 0
10149, 583680, 0, 0, 0
10250, 573440, 0, 0, 0
10350, 573440, 0, 0, 0
10450, 593920, 0, 0, 0
10550, 593920, 0, 0, 0
10650, 593920, 0, 0, 0
10749, 589575, 0, 0, 0
10849, 583680, 0, 0, 0
10949, 593920, 0, 0, 0
11049, 604160, 0, 0, 0
11149, 604160, 0, 0, 0
11249, 604160, 0, 0, 0
11349, 573440, 0, 0, 0
11449, 573440, 0, 0, 0
11550, 593920, 0, 0, 0
11650, 583680, 0, 0, 0
11749, 589575, 0, 0, 0
11849, 604160, 0, 0, 0
11949, 573440, 0, 0, 0
12049, 573440, 0, 0, 0
12149, 563200, 0, 0, 0
12249, 573440, 0, 0, 0
12349, 614400, 0, 0, 0
12449, 573440, 0, 0, 0
12549, 573440, 0, 0, 0
12649, 573440, 0, 0, 0
12749, 583680, 0, 0, 0
12850, 583680, 0, 0, 0
12950, 573440, 0, 0, 0
13050, 614400, 0, 0, 0
13150, 634880, 0, 0, 0
13249, 599919, 0, 0, 0
13349, 593920, 0, 0, 0
13449, 624640, 0, 0, 0
13549, 604160, 0, 0, 0
13649, 583680, 0, 0, 0
13750, 593920, 0, 0, 0
13850, 593920, 0, 0, 0
13950, 593920, 0, 0, 0
14050, 583680, 0, 0, 0
14150, 593920, 0, 0, 0
14249, 620606, 0, 0, 0
14349, 593920, 0, 0, 0
14449, 614400, 0, 0, 0
14549, 634880, 0, 0, 0
14649, 614400, 0, 0, 0
14749, 624640, 0, 0, 0
14850, 593920, 0, 0, 0
14950, 573440, 0, 0, 0
15050, 573440, 0, 0, 0
15150, 573440, 0, 0, 0
15249, 589575, 0, 0, 0
15349, 593920, 0, 0, 0
15449, 604160, 0, 0, 0
15549, 563200, 0, 0, 0
15649, 532480, 0, 0, 0
15749, 532480, 0, 0, 0
15849, 573440, 0, 0, 0
15949, 573440, 0, 0, 0
16049, 593920, 0, 0, 0
16149, 614400, 0, 0, 0
16250, 593920, 0, 0, 0
16350, 583680, 0, 0, 0
16450, 614400, 0, 0, 0
16550, 614400, 0, 0, 0
16650, 614400, 0, 0, 0
16749, 589575, 0, 0, 0
16849, 604160, 0, 0, 0
16949, 593920, 0, 0, 0
17049, 583680, 0, 0, 0
17149, 593920, 0, 0, 0
17249, 573440, 0, 0, 0
17350, 563200, 0, 0, 0
17450, 604160, 0, 0, 0
17550, 563200, 0, 0, 0
17650, 542720, 0, 0, 0
17749, 548202, 0, 0, 0
17849, 532480, 0, 0, 0
17949, 542720, 0, 0, 0
18049, 532480, 0, 0, 0
18150, 563200, 0, 0, 0
18249, 599919, 0, 0, 0
18349, 593920, 0, 0, 0
18449, 583680, 0, 0, 0
18549, 563200, 0, 0, 0
18649, 573440, 0, 0, 0
18750, 573440, 0, 0, 0
18850, 604160, 0, 0, 0
18950, 563200, 0, 0, 0
19050, 583680, 0, 0, 0
19150, 604160, 0, 0, 0
19249, 620606, 0, 0, 0
19349, 583680, 0, 0, 0
19449, 583680, 0, 0, 0
19549, 604160, 0, 0, 0
19649, 573440, 0, 0, 0
19749, 563200, 0, 0, 0
19850, 552960, 0, 0, 0
19950, 573440, 0, 0, 0
20050, 573440, 0, 0, 0
20150, 604160, 0, 0, 0
20249, 589575, 0, 0, 0
20349, 583680, 0, 0, 0
20449, 614400, 0, 0, 0
20549, 583680, 0, 0, 0
20650, 583680, 0, 0, 0
20749, 579232, 0, 0, 0
20849, 583680, 0, 0, 0
20949, 573440, 0, 0, 0
21049, 593920, 0, 0, 0
21150, 593920, 0, 0, 0
21249, 568888, 0, 0, 0
21349, 583680, 0, 0, 0
21449, 563200, 0, 0, 0
21549, 593920, 0, 0, 0
21649, 583680, 0, 0, 0
21749, 583680, 0, 0, 0
21849, 563200, 0, 0, 0
21949, 593920, 0, 0, 0
22049, 624640, 0, 0, 0
22149, 593920, 0, 0, 0
22250, 604160, 0, 0, 0
22350, 573440, 0, 0, 0
22450, 593920, 0, 0, 0
22550, 593920, 0, 0, 0
22650, 583680, 0, 0, 0
22749, 599919, 0, 0, 0
22849, 604160, 0, 0, 0
22949, 614400, 0, 0, 0
23050, 593920, 0, 0, 0
23150, 645120, 0, 0, 0
23249, 620606, 0, 0, 0
23349, 624640, 0, 0, 0
23449, 645120, 0, 0, 0
23549, 563200, 0, 0, 0
23649, 552960, 0, 0, 0
23749, 604160, 0, 0, 0
23849, 583680, 0, 0, 0
23949, 573440, 0, 0, 0
24050, 583680, 0, 0, 0
24150, 624640, 0, 0, 0
24249, 620606, 0, 0, 0
24349, 604160, 0, 0, 0
24449, 614400, 0, 0, 0
24549, 604160, 0, 0, 0
24649, 624640, 0, 0, 0
24749, 634880, 0, 0, 0
24850, 583680, 0, 0, 0
24950, 614400, 0, 0, 0
25050, 614400, 0, 0, 0
25150, 614400, 0, 0, 0
25249, 620606, 0, 0, 0
25349, 583680, 0, 0, 0
25450, 583680, 0, 0, 0
25550, 583680, 0, 0, 0
25650, 583680, 0, 0, 0
25749, 599919, 0, 0, 0
25849, 604160, 0, 0, 0
25949, 573440, 0, 0, 0
26050, 583680, 0, 0, 0
26150, 593920, 0, 0, 0
26249, 579232, 0, 0, 0
26349, 583680, 0, 0, 0
26449, 614400, 0, 0, 0
26549, 645120, 0, 0, 0
26649, 593920, 0, 0, 0
26749, 604160, 0, 0, 0
26849, 593920, 0, 0, 0
26950, 583680, 0, 0, 0
27050, 583680, 0, 0, 0
27150, 593920, 0, 0, 0
27249, 610262, 0, 0, 0
27349, 604160, 0, 0, 0
27449, 624640, 0, 0, 0
27550, 634880, 0, 0, 0
27650, 645120, 0, 0, 0
27749, 651636, 0, 0, 0
27849, 624640, 0, 0, 0
27949, 624640, 0, 0, 0
28049, 604160, 0, 0, 0
28149, 614400, 0, 0, 0
28250, 624640, 0, 0, 0
28350, 604160, 0, 0, 0
28450, 604160, 0, 0, 0
28550, 634880, 0, 0, 0
28650, 593920, 0, 0, 0
28749, 599919, 0, 0, 0
28849, 614400, 0, 0, 0
28950, 593920, 0, 0, 0
29050, 583680, 0, 0, 0
29150, 614400, 0, 0, 0
29249, 620606, 0, 0, 0
29349, 593920, 0, 0, 0
29449, 624640, 0, 0, 0
29550, 645120, 0, 0, 0
29650, 665600, 0, 0, 0
29749, 661979, 0, 0, 0
29849, 665600, 0, 0, 0
29949, 645120, 0, 0, 0
30049, 624640, 0, 0, 0
30149, 624640, 0, 0, 0
30249, 624640, 0, 0, 0
30349, 614400, 0, 0, 0
30449, 593920, 0, 0, 0
30549, 573440, 0, 0, 0
30649, 614400, 0, 0, 0
30750, 614400, 0, 0, 0
30850, 604160, 0, 0, 0
30950, 542720, 0, 0, 0
31050, 624640, 0, 0, 0
31150, 655360, 0, 0, 0
31249, 610262, 0, 0, 0
31349, 593920, 0, 0, 0
31449, 573440, 0, 0, 0
31549, 593920, 0, 0, 0
31649, 593920, 0, 0, 0
31749, 573440, 0, 0, 0
31849, 583680, 0, 0, 0
31950, 593920, 0, 0, 0
32050, 583680, 0, 0, 0
32150, 593920, 0, 0, 0
32249, 610262, 0, 0, 0
32349, 593920, 0, 0, 0
32449, 583680, 0, 0, 0
32549, 583680, 0, 0, 0
32649, 583680, 0, 0, 0
32750, 573440, 0, 0, 0
32850, 604160, 0, 0, 0
32950, 573440, 0, 0, 0
33050, 583680, 0, 0, 0
33150, 573440, 0, 0, 0
33249, 599919, 0, 0, 0
33350, 573440, 0, 0, 0
33450, 573440, 0, 0, 0
33550, 542720, 0, 0, 0
33650, 573440, 0, 0, 0
33749, 589575, 0, 0, 0
33850, 552960, 0, 0, 0
33950, 604160, 0, 0, 0
34050, 624640, 0, 0, 0
34150, 563200, 0, 0, 0
34249, 579232, 0, 0, 0
34349, 593920, 0, 0, 0
34449, 593920, 0, 0, 0
34549, 573440, 0, 0, 0
34650, 552960, 0, 0, 0
34749, 610262, 0, 0, 0
34849, 573440, 0, 0, 0
34949, 593920, 0, 0, 0
35049, 583680, 0, 0, 0
35149, 604160, 0, 0, 0
35249, 583680, 0, 0, 0
35349, 593920, 0, 0, 0
35449, 593920, 0, 0, 0
35549, 604160, 0, 0, 0
35649, 604160, 0, 0, 0
35750, 593920, 0, 0, 0
35850, 573440, 0, 0, 0
35950, 593920, 0, 0, 0
36050, 573440, 0, 0, 0
36150, 593920, 0, 0, 0
36249, 589575, 0, 0, 0
36350, 583680, 0, 0, 0
36450, 583680, 0, 0, 0
36550, 573440, 0, 0, 0
36650, 573440, 0, 0, 0
36749, 589575, 0, 0, 0
36849, 573440, 0, 0, 0
36949, 583680, 0, 0, 0
37049, 573440, 0, 0, 0
37149, 573440, 0, 0, 0
37250, 593920, 0, 0, 0
37350, 604160, 0, 0, 0
37450, 583680, 0, 0, 0
37550, 593920, 0, 0, 0
37650, 583680, 0, 0, 0
37749, 579232, 0, 0, 0
37849, 573440, 0, 0, 0
37949, 573440, 0, 0, 0
38049, 593920, 0, 0, 0
38149, 563200, 0, 0, 0
38249, 563200, 0, 0, 0
38350, 583680, 0, 0, 0
38450, 573440, 0, 0, 0
38550, 573440, 0, 0, 0
38650, 583680, 0, 0, 0
38749, 599919, 0, 0, 0
38849, 645120, 0, 0, 0
38949, 634880, 0, 0, 0
39049, 604160, 0, 0, 0
39149, 604160, 0, 0, 0
39249, 573440, 0, 0, 0
39349, 604160, 0, 0, 0
39449, 583680, 0, 0, 0
39550, 583680, 0, 0, 0
39650, 593920, 0, 0, 0
39749, 579232, 0, 0, 0
39849, 604160, 0, 0, 0
39949, 604160, 0, 0, 0
40049, 624640, 0, 0, 0
40149, 593920, 0, 0, 0
40249, 604160, 0, 0, 0
40350, 593920, 0, 0, 0
40450, 614400, 0, 0, 0
40550, 593920, 0, 0, 0
40650, 614400, 0, 0, 0
40749, 599919, 0, 0, 0
40849, 624640, 0, 0, 0
40949, 593920, 0, 0, 0
41050, 614400, 0, 0, 0
41150, 593920, 0, 0, 0
41249, 620606, 0, 0, 0
41349, 614400, 0, 0, 0
41449, 604160, 0, 0, 0
41549, 624640, 0, 0, 0
41649, 645120, 0, 0, 0
41749, 624640, 0, 0, 0
41849, 614400, 0, 0, 0
41950, 604160, 0, 0, 0
42050, 614400, 0, 0, 0
42150, 624640, 0, 0, 0
42249, 620606, 0, 0, 0
42349, 624640, 0, 0, 0
42449, 624640, 0, 0, 0
42549, 604160, 0, 0, 0
42649, 593920, 0, 0, 0
42750, 583680, 0, 0, 0
42850, 593920, 0, 0, 0
42950, 573440, 0, 0, 0
43050, 573440, 0, 0, 0
43150, 604160, 0, 0, 0
43249, 579232, 0, 0, 0
43349, 563200, 0, 0, 0
43449, 593920, 0, 0, 0
43549, 593920, 0, 0, 0
43649, 614400, 0, 0, 0
43750, 604160, 0, 0, 0
43850, 604160, 0, 0, 0
43950, 583680, 0, 0, 0
44050, 593920, 0, 0, 0
44150, 573440, 0, 0, 0
44249, 599919, 0, 0, 0
44349, 583680, 0, 0, 0
44449, 593920, 0, 0, 0
44549, 604160, 0, 0, 0
44649, 573440, 0, 0, 0
44750, 573440, 0, 0, 0
44850, 593920, 0, 0, 0
44950, 471040, 0, 0, 0
45050, 471040, 0, 0, 0
45150, 491520, 0, 0, 0
45249, 496484, 0, 0, 0
45349, 491520, 0, 0, 0
45449, 481280, 0, 0, 0
45549, 481280, 0, 0, 0
45649, 491520, 0, 0, 0
45750, 471040, 0, 0, 0
45850, 491520, 0, 0, 0
45950, 491520, 0, 0, 0
46050, 522240, 0, 0, 0
46150, 512000, 0, 0, 0
46249, 496484, 0, 0, 0
46349, 501760, 0, 0, 0
46449, 501760, 0, 0, 0
46549, 501760, 0, 0, 0
46649, 481280, 0, 0, 0
46749, 501760, 0, 0, 0
46850, 471040, 0, 0, 0
46950, 471040, 0, 0, 0
47050, 471040, 0, 0, 0
47150, 501760, 0, 0, 0
47249, 496484, 0, 0, 0
47349, 471040, 0, 0, 0
47449, 491520, 0, 0, 0
47549, 491520, 0, 0, 0
47649, 471040, 0, 0, 0
47749, 471040, 0, 0, 0
47849, 491520, 0, 0, 0
47949, 491520, 0, 0, 0
48050, 491520, 0, 0, 0
48150, 491520, 0, 0, 0
48249, 475797, 0, 0, 0
48349, 481280, 0, 0, 0
48449, 471040, 0, 0, 0
48549, 471040, 0, 0, 0
48649, 491520, 0, 0, 0
48749, 501760, 0, 0, 0
48849, 481280, 0, 0, 0
48949, 481280, 0, 0, 0
49049, 532480, 0, 0, 0
49149, 522240, 0, 0, 0
49250, 491520, 0, 0, 0
49350, 481280, 0, 0, 0
49450, 501760, 0, 0, 0
49550, 481280, 0, 0, 0
49650, 481280, 0, 0, 0
49749, 486141, 0, 0, 0
49849, 491520, 0, 0, 0
49949, 481280, 0, 0, 0
50050, 501760, 0, 0, 0
50150, 512000, 0, 0, 0
50249, 486141, 0, 0, 0
50349, 491520, 0, 0, 0
50449, 491520, 0, 0, 0
50549, 512000, 0, 0, 0
50649, 501760, 0, 0, 0
50750, 481280, 0, 0, 0
50850, 471040, 0, 0, 0
50950, 491520, 0, 0, 0
51050, 512000, 0, 0, 0
51150, 491520, 0, 0, 0
51250, 486141, 0, 0, 0
51350, 501760, 0, 0, 0
51450, 501760, 0, 0, 0
51550, 522240, 0, 0, 0
51650, 481280, 0, 0, 0
51749, 517171, 0, 0, 0
51849, 512000, 0, 0, 0
51949, 491520, 0, 0, 0
52049, 491520, 0, 0, 0
52149, 501760, 0, 0, 0
52250, 512000, 0, 0, 0
52350, 542720, 0, 0, 0
52450, 491520, 0, 0, 0
52550, 481280, 0, 0, 0
52650, 501760, 0, 0, 0
52749, 496484, 0, 0, 0
52849, 491520, 0, 0, 0
52949, 512000, 0, 0, 0
53049, 522240, 0, 0, 0
53149, 501760, 0, 0, 0
53249, 512000, 0, 0, 0
53349, 512000, 0, 0, 0
53449, 512000, 0, 0, 0
53550, 491520, 0, 0, 0
53650, 512000, 0, 0, 0
53749, 506828, 0, 0, 0
53849, 481280, 0, 0, 0
53949, 491520, 0, 0, 0
54049, 491520, 0, 0, 0
54149, 542720, 0, 0, 0
54249, 512000, 0, 0, 0
54349, 512000, 0, 0, 0
54449, 501760, 0, 0, 0
54550, 512000, 0, 0, 0
54650, 501760, 0, 0, 0
54749, 486141, 0, 0, 0
54849, 501760, 0, 0, 0
54949, 522240, 0, 0, 0
55049, 501760, 0, 0, 0
55149, 491520, 0, 0, 0
55249, 491520, 0, 0, 0
55349, 491520, 0, 0, 0
55449, 471040, 0, 0, 0
55549, 491520, 0, 0, 0
55650, 491520, 0, 0, 0
55749, 486141, 0, 0, 0
55849, 481280, 0, 0, 0
55949, 471040, 0, 0, 0
56049, 481280, 0, 0, 0
56149, 491520, 0, 0, 0
56249, 512000, 0, 0, 0
56349, 481280, 0, 0, 0
56449, 512000, 0, 0, 0
56550, 512000, 0, 0, 0
56650, 491520, 0, 0, 0
56749, 506828, 0, 0, 0
56849, 542720, 0, 0, 0
56949, 512000, 0, 0, 0
57049, 501760, 0, 0, 0
57149, 522240, 0, 0, 0
57249, 512000, 0, 0, 0
57350, 501760, 0, 0, 0
57450, 522240, 0, 0, 0
57550, 522240, 0, 0, 0
57650, 501760, 0, 0, 0
57749, 486141, 0, 0, 0
57849, 471040, 0, 0, 0
57949, 450560, 0, 0, 0
58049, 471040, 0, 0, 0
58149, 471040, 0, 0, 0
58250, 501760, 0, 0, 0
58350, 501760, 0, 0, 0
58450, 522240, 0, 0, 0
58550, 522240, 0, 0, 0
58650, 512000, 0, 0, 0
58749, 506828, 0, 0, 0
58849, 481280, 0, 0, 0
58949, 481280, 0, 0, 0
59049, 512000, 0, 0, 0
59149, 481280, 0, 0, 0
59249, 491520, 0, 0, 0
59349, 542720, 0, 0, 0
59449, 491520, 0, 0, 0
59550, 491520, 0, 0, 0
59650, 481280, 0, 0, 0
59749, 496484, 0, 0, 0
59849, 491520, 0, 0, 0
59949, 491520, 0, 0, 0
60049, 481280, 0, 0, 0
60149, 491520, 0, 0, 0
60249, 522240, 0, 0, 0
60349, 501760, 0, 0, 0
60449, 491520, 0, 0, 0
60550, 501760, 0, 0, 0
60650, 481280, 0, 0, 0
60749, 496484, 0, 0, 0
60849, 491520, 0, 0, 0
60949, 501760, 0, 0, 0
61049, 491520, 0, 0, 0
61149, 491520, 0, 0, 0
61249, 491520, 0, 0, 0
61349, 491520, 0, 0, 0
61450, 501760, 0, 0, 0
61550, 512000, 0, 0, 0
61650, 481280, 0, 0, 0
61749, 506828, 0, 0, 0
61849, 512000, 0, 0, 0
61949, 491520, 0, 0, 0
62050, 512000, 0, 0, 0
62150, 491520, 0, 0, 0
62249, 527515, 0, 0, 0
62349, 512000, 0, 0, 0
62449, 501760, 0, 0, 0
62549, 512000, 0, 0, 0
62649, 501760, 0, 0, 0
62749, 491520, 0, 0, 0
62849, 501760, 0, 0, 0
62949, 481280, 0, 0, 0
63050, 471040, 0, 0, 0
63150, 491520, 0, 0, 0
63249, 496484, 0, 0, 0
63349, 491520, 0, 0, 0
63449, 481280, 0, 0, 0
63549, 512000, 0, 0, 0
63649, 501760, 0, 0, 0
63749, 481280, 0, 0, 0
63849, 512000, 0, 0, 0
63949, 471040, 0, 0, 0
64050, 481280, 0, 0, 0
64150, 481280, 0, 0, 0
64249, 475797, 0, 0, 0
64349, 491520, 0, 0, 0
64449, 522240, 0, 0, 0
64549, 481280, 0, 0, 0
64649, 501760, 0, 0, 0
64749, 491520, 0, 0, 0
64849, 491520, 0, 0, 0
64949, 491520, 0, 0, 0
65049, 501760, 0, 0, 0
65150, 481280, 0, 0, 0
65249, 496484, 0, 0, 0
65349, 491520, 0, 0, 0
65449, 491520, 0, 0, 0
65549, 481280, 0, 0, 0
65649, 491520, 0, 0, 0
65749, 491520, 0, 0, 0
65849, 491520, 0, 0, 0
65949, 491520, 0, 0, 0
66049, 471040, 0, 0, 0
66150, 481280, 0, 0, 0
66249, 486141, 0, 0, 0
66349, 481280, 0, 0, 0
66449, 481280, 0, 0, 0
66549, 481280, 0, 0, 0
66649, 471040, 0, 0, 0
66749, 481280, 0, 0, 0
66849, 491520, 0, 0, 0
66949, 481280, 0, 0, 0
67050, 501760, 0, 0, 0
67150, 512000, 0, 0, 0
67249, 496484, 0, 0, 0
67349, 512000, 0, 0, 0
67449, 512000, 0, 0, 0
67549, 512000, 0, 0, 0
67649, 522240, 0, 0, 0
67749, 512000, 0, 0, 0
67850, 512000, 0, 0, 0
67950, 491520, 0, 0, 0
68050, 491520, 0, 0, 0
68150, 481280, 0, 0, 0
68249, 486141, 0, 0, 0
68349, 512000, 0, 0, 0
68449, 522240, 0, 0, 0
68550, 491520, 0, 0, 0
68650, 501760, 0, 0, 0
68749, 475797, 0, 0, 0
68849, 491520, 0, 0, 0
68949, 501760, 0, 0, 0
69049, 491520, 0, 0, 0
69149, 501760, 0, 0, 0
69250, 491520, 0, 0, 0
69350, 501760, 0, 0, 0
69450, 512000, 0, 0, 0
69550, 542720, 0, 0, 0
69650, 512000, 0, 0, 0
69749, 527515, 0, 0, 0
69850, 501760, 0, 0, 0
69950, 522240, 0, 0, 0
70050, 501760, 0, 0, 0
70150, 512000, 0, 0, 0
70249, 517171, 0, 0, 0
70349, 512000, 0, 0, 0
70449, 491520, 0, 0, 0
70550, 522240, 0, 0, 0
70650, 491520, 0, 0, 0
70749, 537858, 0, 0, 0
70849, 491520, 0, 0, 0
70949, 501760, 0, 0, 0
71049, 501760, 0, 0, 0
71149, 512000, 0, 0, 0
71249, 501760, 0, 0, 0
71349, 512000, 0, 0, 0
71449, 491520, 0, 0, 0
71549, 481280, 0, 0, 0
71650, 481280, 0, 0, 0
71749, 496484, 0, 0, 0
71849, 491520, 0, 0, 0
71949, 481280, 0, 0, 0
72049, 522240, 0, 0, 0
72149, 491520, 0, 0, 0
72249, 501760, 0, 0, 0
72350, 512000, 0, 0, 0
72450, 532480, 0, 0, 0
72550, 512000, 0, 0, 0
72650, 522240, 0, 0, 0
72749, 465454, 0, 0, 0
72849, 491520, 0, 0, 0
72949, 481280, 0, 0, 0
73050, 491520, 0, 0, 0
73150, 501760, 0, 0, 0
73249, 506828, 0, 0, 0
73349, 532480, 0, 0, 0
73449, 522240, 0, 0, 0
73549, 501760, 0, 0, 0
73649, 532480, 0, 0, 0
73749, 491520, 0, 0, 0
73850, 512000, 0, 0, 0
73950, 512000, 0, 0, 0
74050, 501760, 0, 0, 0
74150, 491520, 0, 0, 0
74249, 506828, 0, 0, 0
74349, 491520, 0, 0, 0
74449, 471040, 0, 0, 0
74549, 491520, 0, 0, 0
74649, 491520, 0, 0, 0
74749, 512000, 0, 0, 0
74849, 481280, 0, 0, 0
74950, 491520, 0, 0, 0
75050, 512000, 0, 0, 0
75150, 501760, 0, 0, 0
75249, 486141, 0, 0, 0
75349, 501760, 0, 0, 0
75449, 501760, 0, 0, 0
75549, 501760, 0, 0, 0
75649, 501760, 0, 0, 0
75749, 512000, 0, 0, 0
75849, 501760, 0, 0, 0
75950, 522240, 0, 0, 0
76050, 501760, 0, 0, 0
76150, 512000, 0, 0, 0
76249, 506828, 0, 0, 0
76349, 491520, 0, 0, 0
76449, 491520, 0, 0, 0
76550, 501760, 0, 0, 0
76650, 491520, 0, 0, 0
76749, 486141, 0, 0, 0
76849, 491520, 0, 0, 0
76949, 491520, 0, 0, 0
77049, 491520, 0, 0, 0
77149, 491520, 0, 0, 0
77249, 512000, 0, 0, 0
77350, 501760, 0, 0, 0
77450, 512000, 0, 0, 0
77550, 512000, 0, 0, 0
77650, 491520, 0, 0, 0
77749, 517171, 0, 0, 0
77849, 501760, 0, 0, 0
77949, 501760, 0, 0, 0
78049, 501760, 0, 0, 0
78150, 501760, 0, 0, 0
78249, 496484, 0, 0, 0
78349, 512000, 0, 0, 0
78449, 501760, 0, 0, 0
78549, 501760, 0, 0, 0
78649, 532480, 0, 0, 0
78749, 542720, 0, 0, 0
78849, 542720, 0, 0, 0
78950, 512000, 0, 0, 0
79050, 522240, 0, 0, 0
79150, 512000, 0, 0, 0
79249, 527515, 0, 0, 0
79349, 542720, 0, 0, 0
79449, 542720, 0, 0, 0
79549, 522240, 0, 0, 0
79650, 542720, 0, 0, 0
79749, 537858, 0, 0, 0
79849, 563200, 0, 0, 0
79949, 542720, 0, 0, 0
80049, 522240, 0, 0, 0
80149, 532480, 0, 0, 0
80249, 522240, 0, 0, 0
80349, 542720, 0, 0, 0
80449, 532480, 0, 0, 0
80550, 512000, 0, 0, 0
80650, 522240, 0, 0, 0
80749, 486141, 0, 0, 0
80849, 501760, 0, 0, 0
80949, 491520, 0, 0, 0
81049, 501760, 0, 0, 0
81149, 512000, 0, 0, 0
81249, 501760, 0, 0, 0
81349, 491520, 0, 0, 0
81449, 501760, 0, 0, 0
81550, 491520, 0, 0, 0
81650, 512000, 0, 0, 0
81749, 496484, 0, 0, 0
81849, 512000, 0, 0, 0
81949, 532480, 0, 0, 0
82049, 501760, 0, 0, 0
82149, 501760, 0, 0, 0
82249, 512000, 0, 0, 0
82349, 512000, 0, 0, 0
82449, 501760, 0, 0, 0
82549, 512000, 0, 0, 0
82649, 481280, 0, 0, 0
82749, 501760, 0, 0, 0
82849, 481280, 0, 0, 0
82949, 460800, 0, 0, 0
83050, 481280, 0, 0, 0
83150, 501760, 0, 0, 0
83249, 517171, 0, 0, 0
83349, 491520, 0, 0, 0
83449, 512000, 0, 0, 0
83549, 501760, 0, 0, 0
83649, 501760, 0, 0, 0
83749, 491520, 0, 0, 0
83849, 460800, 0, 0, 0
83949, 481280, 0, 0, 0
84049, 481280, 0, 0, 0
84149, 481280, 0, 0, 0
84249, 481280, 0, 0, 0
84349, 491520, 0, 0, 0
84449, 471040, 0, 0, 0
84550, 491520, 0, 0, 0
84650, 491520, 0, 0, 0
84749, 486141, 0, 0, 0
84849, 512000, 0, 0, 0
84949, 532480, 0, 0, 0
85049, 491520, 0, 0, 0
85149, 491520, 0, 0, 0
85249, 481280, 0, 0, 0
85350, 481280, 0, 0, 0
85450, 491520, 0, 0, 0
85550, 481280, 0, 0, 0
85650, 501760, 0, 0, 0
85749, 486141, 0, 0, 0
85849, 481280, 0, 0, 0
85949, 491520, 0, 0, 0
86049, 471040, 0, 0, 0
86150, 491520, 0, 0, 0
86249, 496484, 0, 0, 0
86349, 471040, 0, 0, 0
86449, 471040, 0, 0, 0
86549, 471040, 0, 0, 0
86649, 491520, 0, 0, 0
86749, 501760, 0, 0, 0
86849, 491520, 0, 0, 0
86949, 471040, 0, 0, 0
87050, 471040, 0, 0, 0
87150, 471040, 0, 0, 0
87249, 486141, 0, 0, 0
87349, 471040, 0, 0, 0
87449, 501760, 0, 0, 0
87549, 491520, 0, 0, 0
87649, 481280, 0, 0, 0
87749, 491520, 0, 0, 0
87849, 491520, 0, 0, 0
87949, 501760, 0, 0, 0
88049, 501760, 0, 0, 0
88150, 512000, 0, 0, 0
88249, 506828, 0, 0, 0
88349, 512000, 0, 0, 0
88449, 491520, 0, 0, 0
88549, 481280, 0, 0, 0
88649, 460800, 0, 0, 0
88749, 460800, 0, 0, 0
88849, 471040, 0, 0, 0
88949, 460800, 0, 0, 0
89049, 471040, 0, 0, 0
89149, 481280, 0, 0, 0
89249, 491520, 0, 0, 0
89349, 471040, 0, 0, 0
89449, 471040, 0, 0, 0
89550, 491520, 0, 0, 0
89650, 481280, 0, 0, 0
89749, 486141, 0, 0, 0
89849, 481280, 0, 0, 0
89949, 481280, 0, 0, 0
