107, 19706306, 0, 0, 0
209, 15613009, 0, 0, 0
304, 16285347, 0, 0, 0
412, 18149211, 0, 0, 0
501, 18340469, 0, 0, 0
600, 21086840, 0, 0, 0
701, 16000528, 0, 0, 0
800, 16338015, 0, 0, 0
900, 10051452, 0, 0, 0
1000, 24980617, 0, 0, 0
1100, 18442840, 0, 0, 0
1217, 26631019, 0, 0, 0
1302, 18420592, 0, 0, 0
1407, 17503044, 0, 0, 0
1504, 18222414, 0, 0, 0
1603, 15691301, 0, 0, 0
1700, 17422606, 0, 0, 0
1801, 14003919, 0, 0, 0
1900, 12668573, 0, 0, 0
2000, 21455751, 0, 0, 0
2100, 17082035, 0, 0, 0
2200, 20117385, 0, 0, 0
2302, 17067622, 0, 0, 0
2421, 30127706, 0, 0, 0
2500, 24244068, 0, 0, 0
2601, 18915298, 0, 0, 0
2703, 18936621, 0, 0, 0
2806, 20501637, 0, 0, 0
2900, 17842649, 0, 0, 0
3000, 13107466, 0, 0, 0
3101, 16228930, 0, 0, 0
3203, 21502796, 0, 0, 0
3301, 16298119, 0, 0, 0
3400, 23695494, 0, 0, 0
3502, 19960250, 0, 0, 0
3600, 17687599, 0, 0, 0
3701, 20908608, 0, 0, 0
3801, 16208778, 0, 0, 0
3902, 15295575, 0, 0, 0
4016, 18256115, 0, 0, 0
4109, 21632140, 0, 0, 0
4204, 22542972, 0, 0, 0
4300, 13861284, 0, 0, 0
4400, 15190501, 0, 0, 0
4500, 18003696, 0, 0, 0
4605, 16083022, 0, 0, 0
4706, 16467373, 0, 0, 0
4804, 17651182, 0, 0, 0
4903, 13953062, 0, 0, 0
5000, 20115675, 0, 0, 0
5100, 17371348, 0, 0, 0
5203, 12061861, 0, 0, 0
5303, 20504491, 0, 0, 0
5404, 24810506, 0, 0, 0
5500, 13475713, 0, 0, 0
5600, 14613549, 0, 0, 0
5704, 19374098, 0, 0, 0
5808, 16995093, 0, 0, 0
5905, 17890399, 0, 0, 0
6003, 16674639, 0, 0, 0
6104, 17018024, 0, 0, 0
6213, 26578676, 0, 0, 0
6312, 18055977, 0, 0, 0
6401, 14260843, 0, 0, 0
6503, 14573376, 0, 0, 0
6600, 13144875, 0, 0, 0
6700, 16024716, 0, 0, 0
6800, 14078039, 0, 0, 0
6900, 16729334, 0, 0, 0
7003, 14562293, 0, 0, 0
7101, 18366828, 0, 0, 0
7226, 16803259, 0, 0, 0
7306, 17424089, 0, 0, 0
7401, 14933520, 0, 0, 0
7500, 17343140, 0, 0, 0
7603, 16487965, 0, 0, 0
7700, 18277607, 0, 0, 0
7801, 17789369, 0, 0, 0
7900, 25084696, 0, 0, 0
8003, 23938157, 0, 0, 0
8102, 16957393, 0, 0, 0
8200, 17115247, 0, 0, 0
8304, 20061893, 0, 0, 0
8400, 20384724, 0, 0, 0
8505, 21306897, 0, 0, 0
8600, 16308891, 0, 0, 0
8701, 16699320, 0, 0, 0
8813, 14158395, 0, 0, 0
8900, 29060906, 0, 0, 0
9005, 20490632, 0, 0, 0
9101, 21826403, 0, 0, 0
9201, 15550287, 0, 0, 0
9301, 18874426, 0, 0, 0
9404, 18601054, 0, 0, 0
9503, 21520253, 0, 0, 0
9601, 12693933, 0, 0, 0
9717, 16663157, 0, 0, 0
9800, 17488765, 0, 0, 0
9900, 18564114, 0, 0, 0
10003, 14125837, 0, 0, 0
10100, 14949468, 0, 0, 0
10200, 14976141, 0, 0, 0
10302, 17514787, 0, 0, 0
10400, 18942773, 0, 0, 0
10501, 11243690, 0, 0, 0
10604, 19888120, 0, 0, 0
10700, 18695388, 0, 0, 0
10801, 17760436, 0, 0, 0
10900, 15177672, 0, 0, 0
11015, 18979892, 0, 0, 0
11103, 28393046, 0, 0, 0
11212, 19316963, 0, 0, 0
11305, 15946328, 0, 0, 0
11400, 17768356, 0, 0, 0
11500, 15680077, 0, 0, 0
11600, 20148874, 0, 0, 0
11700, 15802584, 0, 0, 0
11806, 18429295, 0, 0, 0
11900, 23041530, 0, 0, 0
12006, 16391152, 0, 0, 0
12114, 24189208, 0, 0, 0
12202, 23104896, 0, 0, 0
12301, 16316765, 0, 0, 0
12400, 20352778, 0, 0, 0
12502, 18522848, 0, 0, 0
12600, 20167540, 0, 0, 0
12700, 17349364, 0, 0, 0
12800, 17447310, 0, 0, 0
12903, 22254034, 0, 0, 0
13000, 26019499, 0, 0, 0
13100, 14744961, 0, 0, 0
13202, 13340820, 0, 0, 0
13300, 16533867, 0, 0, 0
13409, 29030412, 0, 0, 0
13504, 21283378, 0, 0, 0
13600, 13765640, 0, 0, 0
13701, 18684066, 0, 0, 0
13801, 24613881, 0, 0, 0
13913, 15310354, 0, 0, 0
14001, 20769771, 0, 0, 0
14106, 19616611, 0, 0, 0
14208, 19518195, 0, 0, 0
14303, 20653454, 0, 0, 0
14400, 15906606, 0, 0, 0
14505, 15453316, 0, 0, 0
14609, 24744232, 0, 0, 0
14700, 24211207, 0, 0, 0
14800, 15592175, 0, 0, 0
14915, 15212627, 0, 0, 0
15005, 20892855, 0, 0, 0
15100, 15924089, 0, 0, 0
15200, 14694767, 0, 0, 0
15300, 19114538, 0, 0, 0
15400, 16737569, 0, 0, 0
15502, 21086760, 0, 0, 0
15600, 15497899, 0, 0, 0
15700, 22837900, 0, 0, 0
15800, 18472666, 0, 0, 0
15902, 17536133, 0, 0, 0
16007, 20404180, 0, 0, 0
16100, 23186203, 0, 0, 0
16200, 16112573, 0, 0, 0
16302, 15015306, 0, 0, 0
16403, 22825190, 0, 0, 0
16503, 16548127, 0, 0, 0
16602, 23362785, 0, 0, 0
16707, 16272972, 0, 0, 0
16813, 27122734, 0, 0, 0
16913, 17946416, 0, 0, 0
17000, 13910213, 0, 0, 0
17107, 19871889, 0, 0, 0
17202, 26336542, 0, 0, 0
17300, 14571615, 0, 0, 0
17406, 15579006, 0, 0, 0
17500, 18002933, 0, 0, 0
17600, 17423679, 0, 0, 0
17700, 14542921, 0, 0, 0
17805, 19066554, 0, 0, 0
17901, 18724824, 0, 0, 0
18001, 15909038, 0, 0, 0
18102, 28531837, 0, 0, 0
18200, 33627512, 0, 0, 0
18300, 20048254, 0, 0, 0
18404, 20000536, 0, 0, 0
18507, 19756779, 0, 0, 0
18600, 19709396, 0, 0, 0
18703, 17208717, 0, 0, 0
18810, 16141183, 0, 0, 0
18906, 23749767, 0, 0, 0
19000, 27158500, 0, 0, 0
19100, 23225404, 0, 0, 0
19200, 11742449, 0, 0, 0
19301, 14177070, 0, 0, 0
19401, 19105058, 0, 0, 0
19515, 15476014, 0, 0, 0
19600, 19665797, 0, 0, 0
19701, 23965961, 0, 0, 0
19800, 33376303, 0, 0, 0
19903, 20833345, 0, 0, 0
20000, 22683045, 0, 0, 0
20100, 15072899, 0, 0, 0
20209, 13794786, 0, 0, 0
20300, 16965823, 0, 0, 0
20400, 20596921, 0, 0, 0
20504, 18786896, 0, 0, 0
20600, 15032006, 0, 0, 0
20709, 20223524, 0, 0, 0
20800, 20116140, 0, 0, 0
20901, 17145293, 0, 0, 0
21002, 15715371, 0, 0, 0
21100, 17054889, 0, 0, 0
21201, 16080311, 0, 0, 0
21301, 18180782, 0, 0, 0
21400, 29537996, 0, 0, 0
21503, 17201400, 0, 0, 0
21606, 18549904, 0, 0, 0
21703, 22292956, 0, 0, 0
21800, 17878852, 0, 0, 0
21900, 18514555, 0, 0, 0
22006, 15160367, 0, 0, 0
22103, 24203478, 0, 0, 0
22203, 21281840, 0, 0, 0
22300, 22845246, 0, 0, 0
22409, 18358934, 0, 0, 0
22502, 30459730, 0, 0, 0
22600, 17054976, 0, 0, 0
22701, 24826487, 0, 0, 0
22800, 17292309, 0, 0, 0
22900, 14642314, 0, 0, 0
23011, 15767336, 0, 0, 0
23101, 16580351, 0, 0, 0
23203, 18652483, 0, 0, 0
23302, 12821012, 0, 0, 0
23400, 15542097, 0, 0, 0
23500, 12884978, 0, 0, 0
23600, 13031465, 0, 0, 0
23700, 14095918, 0, 0, 0
23805, 14051187, 0, 0, 0
23903, 23790277, 0, 0, 0
24000, 15457442, 0, 0, 0
24100, 15633193, 0, 0, 0
24205, 13793828, 0, 0, 0
24300, 16909135, 0, 0, 0
24400, 23062215, 0, 0, 0
24508, 25853800, 0, 0, 0
24600, 15610657, 0, 0, 0
24700, 16983121, 0, 0, 0
24800, 26011195, 0, 0, 0
24900, 20690535, 0, 0, 0
25003, 22060928, 0, 0, 0
25113, 20487251, 0, 0, 0
25205, 26235488, 0, 0, 0
25313, 32784726, 0, 0, 0
25400, 15380684, 0, 0, 0
25501, 19306462, 0, 0, 0
25608, 18083632, 0, 0, 0
25704, 17977877, 0, 0, 0
25800, 22319299, 0, 0, 0
25904, 19869288, 0, 0, 0
26004, 19157340, 0, 0, 0
26106, 17765260, 0, 0, 0
26202, 15616681, 0, 0, 0
26300, 14101682, 0, 0, 0
26408, 19569761, 0, 0, 0
26506, 20196217, 0, 0, 0
26600, 13471335, 0, 0, 0
26700, 16648632, 0, 0, 0
26800, 15618291, 0, 0, 0
26901, 14261714, 0, 0, 0
27000, 15642318, 0, 0, 0
27101, 12303241, 0, 0, 0
27200, 16388890, 0, 0, 0
27314, 19064780, 0, 0, 0
27401, 30830287, 0, 0, 0
27507, 18590264, 0, 0, 0
27600, 17344671, 0, 0, 0
27700, 14967377, 0, 0, 0
27816, 16698479, 0, 0, 0
27902, 19004164, 0, 0, 0
28000, 13950371, 0, 0, 0
28107, 16830805, 0, 0, 0
28203, 21769639, 0, 0, 0
28302, 22907184, 0, 0, 0
28400, 15081401, 0, 0, 0
28507, 16676965, 0, 0, 0
28600, 18499788, 0, 0, 0
28700, 17735692, 0, 0, 0
28803, 16639580, 0, 0, 0
28903, 24253998, 0, 0, 0
29003, 13597228, 0, 0, 0
29101, 19625521, 0, 0, 0
29200, 17901754, 0, 0, 0
29301, 16626829, 0, 0, 0
29402, 16864894, 0, 0, 0
29500, 16693102, 0, 0, 0
29601, 14753094, 0, 0, 0
29702, 17274214, 0, 0, 0
29801, 15970791, 0, 0, 0
29902, 15860375, 0, 0, 0
30000, 16862102, 0, 0, 0
30102, 22342818, 0, 0, 0
30201, 16915237, 0, 0, 0
30309, 17288697, 0, 0, 0
30412, 20849813, 0, 0, 0
30511, 25057112, 0, 0, 0
30603, 20518256, 0, 0, 0
30702, 20229672, 0, 0, 0
30801, 14764299, 0, 0, 0
30905, 14198148, 0, 0, 0
31000, 15544408, 0, 0, 0
31100, 15323664, 0, 0, 0
31212, 22154355, 0, 0, 0
31300, 17743871, 0, 0, 0
31402, 16370494, 0, 0, 0
31500, 14839260, 0, 0, 0
31603, 18365062, 0, 0, 0
31700, 16431082, 0, 0, 0
31806, 21834416, 0, 0, 0
31900, 29949137, 0, 0, 0
32000, 27354690, 0, 0, 0
32100, 20328887, 0, 0, 0
32217, 16899171, 0, 0, 0
32307, 16529711, 0, 0, 0
32401, 27703276, 0, 0, 0
32506, 20071935, 0, 0, 0
32600, 16590893, 0, 0, 0
32702, 17145902, 0, 0, 0
32800, 15548558, 0, 0, 0
32900, 13210299, 0, 0, 0
33004, 13418223, 0, 0, 0
33100, 15685362, 0, 0, 0
33201, 15964349, 0, 0, 0
33303, 14658373, 0, 0, 0
33401, 17433054, 0, 0, 0
33502, 16092538, 0, 0, 0
33608, 18020246, 0, 0, 0
33700, 21111818, 0, 0, 0
33803, 16232534, 0, 0, 0
33900, 13125128, 0, 0, 0
34002, 12230262, 0, 0, 0
34105, 12960375, 0, 0, 0
34200, 13825342, 0, 0, 0
34300, 21735941, 0, 0, 0
34400, 16968608, 0, 0, 0
34500, 17019536, 0, 0, 0
34602, 22877123, 0, 0, 0
34700, 16276299, 0, 0, 0
34800, 19333671, 0, 0, 0
34907, 18169245, 0, 0, 0
35008, 20568994, 0, 0, 0
35102, 15505466, 0, 0, 0
35200, 22111753, 0, 0, 0
35300, 15835820, 0, 0, 0
35402, 15761485, 0, 0, 0
35501, 28459771, 0, 0, 0
35600, 21227667, 0, 0, 0
35701, 15909741, 0, 0, 0
35804, 20524267, 0, 0, 0
35906, 14684898, 0, 0, 0
36004, 17532884, 0, 0, 0
36102, 24238023, 0, 0, 0
36206, 15565649, 0, 0, 0
36300, 16689941, 0, 0, 0
36409, 16778730, 0, 0, 0
36501, 19679370, 0, 0, 0
36600, 15985602, 0, 0, 0
36715, 13624244, 0, 0, 0
36803, 20957843, 0, 0, 0
36906, 18684772, 0, 0, 0
37007, 15963028, 0, 0, 0
37100, 17778228, 0, 0, 0
37200, 24213020, 0, 0, 0
37300, 20058841, 0, 0, 0
37400, 17615546, 0, 0, 0
37500, 19375753, 0, 0, 0
37600, 19011165, 0, 0, 0
37707, 18234433, 0, 0, 0
37802, 22517732, 0, 0, 0
37905, 16706644, 0, 0, 0
38000, 19237534, 0, 0, 0
38100, 25415377, 0, 0, 0
38213, 27913033, 0, 0, 0
38300, 18238849, 0, 0, 0
38404, 19855088, 0, 0, 0
38500, 13675388, 0, 0, 0
38612, 14654572, 0, 0, 0
38703, 18313685, 0, 0, 0
38801, 17855424, 0, 0, 0
38900, 21626772, 0, 0, 0
39000, 16315529, 0, 0, 0
39104, 19264376, 0, 0, 0
39203, 23374615, 0, 0, 0
39303, 15508855, 0, 0, 0
39408, 17716323, 0, 0, 0
39500, 22487864, 0, 0, 0
39605, 22343203, 0, 0, 0
39700, 16814338, 0, 0, 0
39801, 18721320, 0, 0, 0
39919, 18163502, 0, 0, 0
40002, 19385706, 0, 0, 0
40100, 13168745, 0, 0, 0
40200, 14423026, 0, 0, 0
40302, 14491925, 0, 0, 0
40400, 17776837, 0, 0, 0
40500, 16016036, 0, 0, 0
40603, 13548014, 0, 0, 0
40700, 17550554, 0, 0, 0
40800, 14804982, 0, 0, 0
40900, 15335709, 0, 0, 0
41005, 14667505, 0, 0, 0
41108, 14572520, 0, 0, 0
41200, 16121988, 0, 0, 0
41301, 17215935, 0, 0, 0
41400, 16071019, 0, 0, 0
41500, 15805956, 0, 0, 0
41601, 22363426, 0, 0, 0
41701, 16678910, 0, 0, 0
41800, 17352230, 0, 0, 0
41912, 21722862, 0, 0, 0
42012, 25485353, 0, 0, 0
42106, 20963548, 0, 0, 0
42208, 19627845, 0, 0, 0
42308, 22632536, 0, 0, 0
42407, 17295697, 0, 0, 0
42502, 16902281, 0, 0, 0
42603, 14873444, 0, 0, 0
42700, 18936988, 0, 0, 0
42804, 17910677, 0, 0, 0
42900, 19176596, 0, 0, 0
43004, 19499850, 0, 0, 0
43100, 16902234, 0, 0, 0
43204, 14233328, 0, 0, 0
43308, 18997625, 0, 0, 0
43403, 18383449, 0, 0, 0
43510, 14165351, 0, 0, 0
43612, 24184897, 0, 0, 0
43707, 16002950, 0, 0, 0
43802, 21981214, 0, 0, 0
43900, 17119716, 0, 0, 0
44002, 17552714, 0, 0, 0
44100, 14854391, 0, 0, 0
44204, 16041973, 0, 0, 0
44302, 17255979, 0, 0, 0
44400, 14263793, 0, 0, 0
44500, 26066243, 0, 0, 0
44600, 15437780, 0, 0, 0
44705, 16435564, 0, 0, 0
44808, 24415164, 0, 0, 0
44900, 16524408, 0, 0, 0
45001, 13912628, 0, 0, 0
45103, 18126980, 0, 0, 0
45202, 23330910, 0, 0, 0
45301, 17106371, 0, 0, 0
45401, 17234865, 0, 0, 0
45501, 15401219, 0, 0, 0
45602, 18612392, 0, 0, 0
45700, 16912317, 0, 0, 0
45800, 15370351, 0, 0, 0
45900, 20434293, 0, 0, 0
46011, 18442121, 0, 0, 0
46100, 27478350, 0, 0, 0
46200, 16765637, 0, 0, 0
46310, 17441919, 0, 0, 0
46402, 23757748, 0, 0, 0
46503, 16927924, 0, 0, 0
46609, 15632465, 0, 0, 0
46700, 15429452, 0, 0, 0
46802, 15527012, 0, 0, 0
46900, 23945950, 0, 0, 0
47010, 20390642, 0, 0, 0
47121, 13210667, 0, 0, 0
47207, 14711275, 0, 0, 0
47302, 17619941, 0, 0, 0
47400, 14763686, 0, 0, 0
47500, 14157396, 0, 0, 0
47604, 14905252, 0, 0, 0
47704, 18926910, 0, 0, 0
47801, 18181760, 0, 0, 0
47904, 15167484, 0, 0, 0
48000, 15480333, 0, 0, 0
48103, 22621263, 0, 0, 0
48200, 14618984, 0, 0, 0
48300, 21351458, 0, 0, 0
48400, 13783043, 0, 0, 0
48503, 13439046, 0, 0, 0
48600, 18558445, 0, 0, 0
48709, 17238016, 0, 0, 0
48805, 29844364, 0, 0, 0
48900, 19426433, 0, 0, 0
49008, 18332421, 0, 0, 0
49101, 17424923, 0, 0, 0
49200, 15858616, 0, 0, 0
49322, 18095772, 0, 0, 0
49404, 17599920, 0, 0, 0
49500, 16748804, 0, 0, 0
49600, 24756797, 0, 0, 0
49705, 18397431, 0, 0, 0
49802, 14078373, 0, 0, 0
49906, 15874551, 0, 0, 0
50004, 16889898, 0, 0, 0
50100, 18001653, 0, 0, 0
50201, 13509592, 0, 0, 0
50310, 13230805, 0, 0, 0
50400, 20175865, 0, 0, 0
50500, 24911518, 0, 0, 0
50602, 20371591, 0, 0, 0
50702, 18542690, 0, 0, 0
50800, 20140627, 0, 0, 0
50906, 18301453, 0, 0, 0
51003, 13867242, 0, 0, 0
51105, 16376080, 0, 0, 0
51203, 16092005, 0, 0, 0
51304, 15724829, 0, 0, 0
51400, 17781434, 0, 0, 0
51503, 13582200, 0, 0, 0
51600, 18047031, 0, 0, 0
51700, 19756716, 0, 0, 0
51828, 14916150, 0, 0, 0
51900, 27450067, 0, 0, 0
52020, 17898007, 0, 0, 0
52107, 19527767, 0, 0, 0
52200, 19053220, 0, 0, 0
52300, 18366687, 0, 0, 0
52400, 21732960, 0, 0, 0
52500, 19636381, 0, 0, 0
52600, 20568623, 0, 0, 0
52702, 12338136, 0, 0, 0
52800, 24235633, 0, 0, 0
52917, 16810329, 0, 0, 0
53000, 17525519, 0, 0, 0
53100, 16032307, 0, 0, 0
53204, 15575404, 0, 0, 0
53301, 18451016, 0, 0, 0
53400, 15475713, 0, 0, 0
53501, 15619906, 0, 0, 0
53604, 17119356, 0, 0, 0
53700, 17027608, 0, 0, 0
53803, 15372207, 0, 0, 0
53904, 19499963, 0, 0, 0
54000, 17913792, 0, 0, 0
54100, 16873802, 0, 0, 0
54211, 11267101, 0, 0, 0
54302, 23420770, 0, 0, 0
54403, 13635885, 0, 0, 0
54502, 22359768, 0, 0, 0
54602, 16019335, 0, 0, 0
54704, 15199560, 0, 0, 0
54800, 18950244, 0, 0, 0
54909, 13804923, 0, 0, 0
55000, 21204941, 0, 0, 0
55102, 15656652, 0, 0, 0
55212, 17849465, 0, 0, 0
55300, 22339070, 0, 0, 0
55400, 17743230, 0, 0, 0
55502, 16660487, 0, 0, 0
55601, 13035018, 0, 0, 0
55701, 17843713, 0, 0, 0
55800, 17240605, 0, 0, 0
55903, 16372691, 0, 0, 0
56000, 15911449, 0, 0, 0
56105, 16853124, 0, 0, 0
56200, 16596338, 0, 0, 0
56302, 13842780, 0, 0, 0
56400, 14664026, 0, 0, 0
56501, 15656139, 0, 0, 0
56600, 15528475, 0, 0, 0
56701, 22711262, 0, 0, 0
56813, 15770625, 0, 0, 0
56905, 16954097, 0, 0, 0
57003, 19397462, 0, 0, 0
57100, 16752095, 0, 0, 0
57203, 13314076, 0, 0, 0
57302, 15749370, 0, 0, 0
57403, 19628683, 0, 0, 0
57503, 15752379, 0, 0, 0
57600, 16545406, 0, 0, 0
57703, 16933970, 0, 0, 0
57800, 17749439, 0, 0, 0
57900, 13527571, 0, 0, 0
58009, 17843131, 0, 0, 0
58107, 22882427, 0, 0, 0
58202, 21253018, 0, 0, 0
58310, 15897281, 0, 0, 0
58422, 16948999, 0, 0, 0
58503, 17539073, 0, 0, 0
58600, 16415182, 0, 0, 0
58700, 16419390, 0, 0, 0
58802, 19746267, 0, 0, 0
58903, 16990682, 0, 0, 0
59000, 17718057, 0, 0, 0
59107, 18907704, 0, 0, 0
59204, 17182656, 0, 0, 0
59300, 15692653, 0, 0, 0
59401, 13705167, 0, 0, 0
59502, 18494976, 0, 0, 0
59600, 14176945, 0, 0, 0
59704, 14824213, 0, 0, 0
59804, 16999107, 0, 0, 0
59901, 21635145, 0, 0, 0
60002, 17332509, 0, 0, 0
60102, 20707119, 0, 0, 0
60200, 20831208, 0, 0, 0
60300, 16992394, 0, 0, 0
60400, 15939361, 0, 0, 0
60501, 15129511, 0, 0, 0
60600, 12325990, 0, 0, 0
60713, 17519689, 0, 0, 0
60800, 19341262, 0, 0, 0
60909, 13976656, 0, 0, 0
61001, 12811469, 0, 0, 0
61100, 16024052, 0, 0, 0
61213, 13796133, 0, 0, 0
61304, 16220721, 0, 0, 0
61400, 19842528, 0, 0, 0
61501, 17208383, 0, 0, 0
61604, 18859366, 0, 0, 0
61702, 19262707, 0, 0, 0
61800, 13396598, 0, 0, 0
61900, 18398674, 0, 0, 0
62000, 15301683, 0, 0, 0
62109, 22597259, 0, 0, 0
62201, 16748899, 0, 0, 0
62308, 17848590, 0, 0, 0
62401, 14838715, 0, 0, 0
62508, 16245428, 0, 0, 0
62605, 19728855, 0, 0, 0
62701, 16536670, 0, 0, 0
62801, 18241320, 0, 0, 0
62908, 15823582, 0, 0, 0
63001, 17047594, 0, 0, 0
63100, 20874325, 0, 0, 0
63200, 18332876, 0, 0, 0
63303, 35131944, 0, 0, 0
63401, 19032924, 0, 0, 0
63500, 16918520, 0, 0, 0
63602, 15351574, 0, 0, 0
63704, 24761176, 0, 0, 0
63801, 16074674, 0, 0, 0
63908, 23549660, 0, 0, 0
64000, 21439666, 0, 0, 0
64103, 13879828, 0, 0, 0
64200, 15878590, 0, 0, 0
64300, 15098873, 0, 0, 0
64400, 19351743, 0, 0, 0
64502, 15492546, 0, 0, 0
64600, 15070491, 0, 0, 0
64700, 20576507, 0, 0, 0
64803, 17894777, 0, 0, 0
64900, 17547928, 0, 0, 0
65000, 14440416, 0, 0, 0
65100, 13923048, 0, 0, 0
65210, 15452115, 0, 0, 0
65300, 13008142, 0, 0, 0
65401, 18053852, 0, 0, 0
65523, 17249564, 0, 0, 0
65600, 26311588, 0, 0, 0
65709, 15620098, 0, 0, 0
65803, 14949578, 0, 0, 0
65900, 13232982, 0, 0, 0
66000, 18007568, 0, 0, 0
66100, 24495710, 0, 0, 0
66201, 15702557, 0, 0, 0
66300, 19656747, 0, 0, 0
66400, 17394886, 0, 0, 0
66500, 15510993, 0, 0, 0
66600, 15742307, 0, 0, 0
66706, 16738709, 0, 0, 0
66817, 15591231, 0, 0, 0
66910, 25397063, 0, 0, 0
67000, 29032285, 0, 0, 0
67101, 13919391, 0, 0, 0
67200, 17163545, 0, 0, 0
67301, 15266787, 0, 0, 0
67400, 16086846, 0, 0, 0
67500, 15034055, 0, 0, 0
67609, 16367671, 0, 0, 0
67700, 16957125, 0, 0, 0
67800, 18146915, 0, 0, 0
67900, 13505494, 0, 0, 0
68002, 20891156, 0, 0, 0
68101, 16602553, 0, 0, 0
68204, 18843273, 0, 0, 0
68300, 18606250, 0, 0, 0
68403, 15026674, 0, 0, 0
68500, 14606223, 0, 0, 0
68606, 20912806, 0, 0, 0
68700, 22922271, 0, 0, 0
68802, 22557424, 0, 0, 0
68900, 19841978, 0, 0, 0
69000, 19246556, 0, 0, 0
69101, 17546305, 0, 0, 0
69200, 14444742, 0, 0, 0
69300, 14693135, 0, 0, 0
69402, 16057693, 0, 0, 0
69503, 19954921, 0, 0, 0
69608, 14224675, 0, 0, 0
69700, 17598189, 0, 0, 0
69805, 20942514, 0, 0, 0
69903, 20059069, 0, 0, 0
70002, 15678383, 0, 0, 0
70100, 16388098, 0, 0, 0
70207, 18652056, 0, 0, 0
70300, 16970062, 0, 0, 0
70402, 18022665, 0, 0, 0
70500, 18716447, 0, 0, 0
70600, 22682476, 0, 0, 0
70703, 17323058, 0, 0, 0
70805, 17856947, 0, 0, 0
70900, 15676153, 0, 0, 0
71002, 21317571, 0, 0, 0
71101, 17632345, 0, 0, 0
71200, 22492720, 0, 0, 0
71301, 16596908, 0, 0, 0
71400, 17223268, 0, 0, 0
71500, 16206086, 0, 0, 0
71606, 18274585, 0, 0, 0
71702, 22951154, 0, 0, 0
71821, 22256169, 0, 0, 0
71900, 25030209, 0, 0, 0
72000, 15951355, 0, 0, 0
72100, 19051651, 0, 0, 0
72211, 23600392, 0, 0, 0
72300, 19263337, 0, 0, 0
72401, 14816828, 0, 0, 0
72501, 19163630, 0, 0, 0
72603, 14163946, 0, 0, 0
72700, 13775583, 0, 0, 0
72800, 17255610, 0, 0, 0
72904, 18507353, 0, 0, 0
73005, 24851674, 0, 0, 0
73103, 18139756, 0, 0, 0
73200, 21376068, 0, 0, 0
73300, 20251653, 0, 0, 0
73406, 26678558, 0, 0, 0
73503, 17613851, 0, 0, 0
73602, 13888371, 0, 0, 0
73713, 17483727, 0, 0, 0
73812, 12723617, 0, 0, 0
73907, 13892349, 0, 0, 0
74000, 19841691, 0, 0, 0
74100, 18056719, 0, 0, 0
74203, 13787735, 0, 0, 0
74315, 15438110, 0, 0, 0
74400, 16823020, 0, 0, 0
74506, 15483099, 0, 0, 0
74600, 20043612, 0, 0, 0
74706, 19031818, 0, 0, 0
74805, 17926929, 0, 0, 0
74903, 21172546, 0, 0, 0
75027, 12965517, 0, 0, 0
75111, 18238647, 0, 0, 0
75200, 23958898, 0, 0, 0
75300, 14575123, 0, 0, 0
75405, 15143152, 0, 0, 0
75505, 19571796, 0, 0, 0
75604, 21512729, 0, 0, 0
75707, 19800041, 0, 0, 0
75801, 22520805, 0, 0, 0
75903, 16586049, 0, 0, 0
76003, 16125126, 0, 0, 0
76100, 17721334, 0, 0, 0
76210, 20049973, 0, 0, 0
76300, 19674680, 0, 0, 0
76414, 17519778, 0, 0, 0
76500, 26514747, 0, 0, 0
76600, 19769426, 0, 0, 0
76700, 16172311, 0, 0, 0
76801, 15658319, 0, 0, 0
76908, 15112510, 0, 0, 0
77001, 14937365, 0, 0, 0
77100, 15831442, 0, 0, 0
77201, 13976434, 0, 0, 0
77300, 15396282, 0, 0, 0
77400, 19059545, 0, 0, 0
77500, 17129859, 0, 0, 0
77601, 16698514, 0, 0, 0
77707, 19575930, 0, 0, 0
77800, 16202040, 0, 0, 0
77900, 11464358, 0, 0, 0
78001, 13805444, 0, 0, 0
78100, 16521893, 0, 0, 0
78203, 17265756, 0, 0, 0
78300, 19003214, 0, 0, 0
78400, 13338629, 0, 0, 0
78503, 15393148, 0, 0, 0
78601, 16220468, 0, 0, 0
78701, 15142023, 0, 0, 0
78805, 21631521, 0, 0, 0
78900, 16585982, 0, 0, 0
79003, 14702638, 0, 0, 0
79105, 24245366, 0, 0, 0
79200, 16002480, 0, 0, 0
79306, 16776231, 0, 0, 0
79400, 18106150, 0, 0, 0
79506, 22623356, 0, 0, 0
79600, 19846693, 0, 0, 0
79700, 12470626, 0, 0, 0
79800, 18823354, 0, 0, 0
79900, 15771684, 0, 0, 0
80000, 20491235, 0, 0, 0
80100, 16706988, 0, 0, 0
80212, 17770380, 0, 0, 0
80300, 14921596, 0, 0, 0
80401, 15620263, 0, 0, 0
80505, 17382384, 0, 0, 0
80601, 14140987, 0, 0, 0
80700, 23175928, 0, 0, 0
80801, 17914292, 0, 0, 0
80907, 16831224, 0, 0, 0
81000, 18970692, 0, 0, 0
81105, 15571521, 0, 0, 0
81200, 15476515, 0, 0, 0
81302, 17089701, 0, 0, 0
81403, 16640206, 0, 0, 0
81500, 17287427, 0, 0, 0
81604, 14537181, 0, 0, 0
81700, 17182715, 0, 0, 0
81803, 18361004, 0, 0, 0
81907, 18746335, 0, 0, 0
82001, 15276580, 0, 0, 0
82102, 25524575, 0, 0, 0
82203, 17641632, 0, 0, 0
82302, 16879776, 0, 0, 0
82401, 22617318, 0, 0, 0
82507, 17032274, 0, 0, 0
82600, 16393489, 0, 0, 0
82702, 16929866, 0, 0, 0
82808, 26487973, 0, 0, 0
82905, 17943218, 0, 0, 0
83008, 27266961, 0, 0, 0
83101, 19143915, 0, 0, 0
83201, 15663903, 0, 0, 0
83301, 18895908, 0, 0, 0
83410, 20498885, 0, 0, 0
83501, 15663844, 0, 0, 0
83602, 15069906, 0, 0, 0
83702, 18385120, 0, 0, 0
83800, 17564152, 0, 0, 0
83900, 18846836, 0, 0, 0
84003, 15920561, 0, 0, 0
84103, 13131650, 0, 0, 0
84200, 19241906, 0, 0, 0
84305, 20276347, 0, 0, 0
84400, 18027081, 0, 0, 0
84500, 16920850, 0, 0, 0
84602, 24615831, 0, 0, 0
84700, 18491829, 0, 0, 0
84800, 14193684, 0, 0, 0
84900, 17040731, 0, 0, 0
85008, 22308044, 0, 0, 0
85101, 16143318, 0, 0, 0
85201, 16092704, 0, 0, 0
85301, 18146994, 0, 0, 0
85401, 16967754, 0, 0, 0
85503, 14562724, 0, 0, 0
85600, 17318015, 0, 0, 0
85701, 16954280, 0, 0, 0
85803, 15317748, 0, 0, 0
85901, 16516417, 0, 0, 0
86005, 16282393, 0, 0, 0
86100, 22305648, 0, 0, 0
86200, 17182024, 0, 0, 0
86300, 17141002, 0, 0, 0
86409, 15927952, 0, 0, 0
86500, 18607395, 0, 0, 0
86603, 17000988, 0, 0, 0
86708, 21030196, 0, 0, 0
86801, 19865062, 0, 0, 0
86903, 18045345, 0, 0, 0
87001, 16293787, 0, 0, 0
87103, 16725455, 0, 0, 0
87200, 16597052, 0, 0, 0
87302, 15791692, 0, 0, 0
87410, 15519732, 0, 0, 0
87500, 14203308, 0, 0, 0
87603, 18830726, 0, 0, 0
87705, 15884564, 0, 0, 0
87802, 15703311, 0, 0, 0
87900, 15982435, 0, 0, 0
88001, 18073006, 0, 0, 0
88100, 13741212, 0, 0, 0
88203, 20001051, 0, 0, 0
88301, 20297242, 0, 0, 0
88400, 13544904, 0, 0, 0
88501, 18230142, 0, 0, 0
88601, 26215466, 0, 0, 0
88704, 16003021, 0, 0, 0
88800, 18860671, 0, 0, 0
88900, 15163741, 0, 0, 0
89000, 18893474, 0, 0, 0
89101, 14520297, 0, 0, 0
89208, 16605734, 0, 0, 0
89309, 17453397, 0, 0, 0
89400, 18993577, 0, 0, 0
89502, 15186848, 0, 0, 0
89612, 15425488, 0, 0, 0
89702, 16115225, 0, 0, 0
89800, 15515673, 0, 0, 0
89902, 24759756, 0, 0, 0
90003, 16113970, 0, 0, 0
90013, 23498918, 0, 0, 0
