100, 5190, 0, 0, 0
100, 19655, 1, 0, 0
200, 21476, 1, 0, 0
202, 4730, 0, 0, 0
300, 3691, 0, 0, 0
302, 17096, 1, 0, 0
400, 4492, 0, 0, 0
402, 21616, 1, 0, 0
501, 6275, 0, 0, 0
510, 23335, 1, 0, 0
601, 6709, 0, 0, 0
609, 21903, 1, 0, 0
700, 6369, 0, 0, 0
701, 21110, 1, 0, 0
800, 6770, 0, 0, 0
802, 25612, 1, 0, 0
900, 5980, 0, 0, 0
901, 32545, 1, 0, 0
1001, 7355, 0, 0, 0
1003, 33227, 1, 0, 0
1100, 6678, 0, 0, 0
1105, 25203, 1, 0, 0
1200, 6004, 0, 0, 0
1204, 33388, 1, 0, 0
1300, 5365, 0, 0, 0
1302, 27704, 1, 0, 0
1400, 6734, 0, 0, 0
1404, 29803, 1, 0, 0
1500, 6013, 0, 0, 0
1504, 24854, 1, 0, 0
1600, 26507, 1, 0, 0
1603, 5690, 0, 0, 0
1701, 28575, 1, 0, 0
1702, 6102, 0, 0, 0
1800, 7536, 0, 0, 0
1802, 32094, 1, 0, 0
1900, 6228, 0, 0, 0
1902, 28468, 1, 0, 0
2000, 7553, 0, 0, 0
2000, 35573, 1, 0, 0
2100, 7745, 0, 0, 0
2101, 35733, 1, 0, 0
2200, 32605, 1, 0, 0
2203, 8531, 0, 0, 0
2301, 32891, 1, 0, 0
2301, 7649, 0, 0, 0
2401, 7724, 0, 0, 0
2403, 31753, 1, 0, 0
2500, 32622, 1, 0, 0
2502, 8504, 0, 0, 0
2600, 8051, 0, 0, 0
2600, 36710, 1, 0, 0
2701, 7726, 0, 0, 0
2702, 34540, 1, 0, 0
2800, 33470, 1, 0, 0
2802, 6839, 0, 0, 0
2900, 6813, 0, 0, 0
2905, 32892, 1, 0, 0
3001, 7526, 0, 0, 0
3001, 34011, 1, 0, 0
3100, 6222, 0, 0, 0
3101, 29880, 1, 0, 0
3200, 6264, 0, 0, 0
3201, 27699, 1, 0, 0
3300, 7437, 0, 0, 0
3302, 32213, 1, 0, 0
3400, 8785, 0, 0, 0
3401, 31956, 1, 0, 0
3500, 35251, 1, 0, 0
3506, 7543, 0, 0, 0
3600, 6811, 0, 0, 0
3603, 30876, 1, 0, 0
3700, 6586, 0, 0, 0
3708, 29745, 1, 0, 0
3801, 26517, 1, 0, 0
3803, 6941, 0, 0, 0
3900, 8144, 0, 0, 0
3900, 32841, 1, 0, 0
4000, 30049, 1, 0, 0
4002, 6158, 0, 0, 0
4100, 6212, 0, 0, 0
4104, 27303, 1, 0, 0
4200, 26392, 1, 0, 0
4201, 5824, 0, 0, 0
4300, 6947, 0, 0, 0
4302, 26900, 1, 0, 0
4400, 7849, 0, 0, 0
4401, 30673, 1, 0, 0
4500, 7161, 0, 0, 0
4502, 34168, 1, 0, 0
4600, 7645, 0, 0, 0
4602, 31963, 1, 0, 0
4700, 6824, 0, 0, 0
4703, 32296, 1, 0, 0
4800, 6327, 0, 0, 0
4804, 28836, 1, 0, 0
4900, 7145, 0, 0, 0
4902, 29201, 1, 0, 0
5000, 6362, 0, 0, 0
5001, 30891, 1, 0, 0
5100, 29341, 1, 0, 0
5103, 6470, 0, 0, 0
5200, 4989, 0, 0, 0
5201, 18170, 1, 0, 0
5300, 4905, 0, 0, 0
5301, 21096, 1, 0, 0
5400, 4514, 0, 0, 0
5400, 19430, 1, 0, 0
5500, 17003, 1, 0, 0
5504, 4302, 0, 0, 0
5601, 5080, 0, 0, 0
5602, 19466, 1, 0, 0
5701, 4575, 0, 0, 0
5706, 17399, 1, 0, 0
5801, 4472, 0, 0, 0
5803, 14723, 1, 0, 0
5900, 20347, 1, 0, 0
5902, 5804, 0, 0, 0
6000, 4194, 0, 0, 0
6001, 19206, 1, 0, 0
6100, 18065, 1, 0, 0
6104, 5809, 0, 0, 0
6201, 5743, 0, 0, 0
6202, 20882, 1, 0, 0
6300, 17853, 1, 0, 0
6302, 4733, 0, 0, 0
6400, 14738, 1, 0, 0
6401, 2946, 0, 0, 0
6501, 4072, 0, 0, 0
6503, 12947, 1, 0, 0
6600, 3078, 0, 0, 0
6600, 12644, 1, 0, 0
6700, 3767, 0, 0, 0
6701, 14576, 1, 0, 0
6800, 5433, 0, 0, 0
6805, 18335, 1, 0, 0
6900, 4717, 0, 0, 0
6902, 18850, 1, 0, 0
7000, 5388, 0, 0, 0
7001, 16991, 1, 0, 0
7101, 5752, 0, 0, 0
7102, 16380, 1, 0, 0
7200, 5241, 0, 0, 0
7202, 17604, 1, 0, 0
7300, 5505, 0, 0, 0
7302, 19993, 1, 0, 0
7400, 19120, 1, 0, 0
7402, 4806, 0, 0, 0
7500, 6961, 0, 0, 0
7500, 20350, 1, 0, 0
7600, 20487, 1, 0, 0
7603, 5959, 0, 0, 0
7700, 4807, 0, 0, 0
7700, 15619, 1, 0, 0
7800, 18260, 1, 0, 0
7803, 5753, 0, 0, 0
7900, 16639, 1, 0, 0
7901, 5466, 0, 0, 0
8001, 4994, 0, 0, 0
8004, 17379, 1, 0, 0
8101, 5371, 0, 0, 0
8105, 14880, 1, 0, 0
8201, 19579, 1, 0, 0
8202, 3692, 0, 0, 0
8300, 4690, 0, 0, 0
8302, 21368, 1, 0, 0
8401, 17838, 1, 0, 0
8403, 5372, 0, 0, 0
8501, 5190, 0, 0, 0
8503, 20524, 1, 0, 0
8600, 4975, 0, 0, 0
8603, 19073, 1, 0, 0
8700, 5837, 0, 0, 0
8705, 18936, 1, 0, 0
8800, 5630, 0, 0, 0
8806, 17262, 1, 0, 0
8900, 6520, 0, 0, 0
8901, 21837, 1, 0, 0
9000, 5026, 0, 0, 0
9006, 22380, 1, 0, 0
9100, 3744, 0, 0, 0
9103, 20016, 1, 0, 0
9200, 4872, 0, 0, 0
9201, 17930, 1, 0, 0
9300, 5164, 0, 0, 0
9302, 13882, 1, 0, 0
9400, 5130, 0, 0, 0
9401, 18565, 1, 0, 0
9500, 4598, 0, 0, 0
9501, 17562, 1, 0, 0
9601, 5304, 0, 0, 0
9602, 17309, 1, 0, 0
9700, 5591, 0, 0, 0
9703, 19415, 1, 0, 0
9800, 6827, 0, 0, 0
9801, 16443, 1, 0, 0
9900, 5214, 0, 0, 0
9901, 19190, 1, 0, 0
10000, 4930, 0, 0, 0
10008, 19258, 1, 0, 0
10100, 5173, 0, 0, 0
10102, 17930, 1, 0, 0
10200, 17121, 1, 0, 0
10201, 5075, 0, 0, 0
10301, 4829, 0, 0, 0
10303, 14384, 1, 0, 0
10400, 20269, 1, 0, 0
10402, 5502, 0, 0, 0
10500, 4799, 0, 0, 0
10502, 16494, 1, 0, 0
10600, 4745, 0, 0, 0
10601, 18538, 1, 0, 0
10700, 4630, 0, 0, 0
10701, 17246, 1, 0, 0
10800, 6078, 0, 0, 0
10801, 17377, 1, 0, 0
10900, 5233, 0, 0, 0
10902, 17259, 1, 0, 0
11000, 22008, 1, 0, 0
11002, 5634, 0, 0, 0
11100, 19357, 1, 0, 0
11102, 5470, 0, 0, 0
11200, 4696, 0, 0, 0
11203, 15590, 1, 0, 0
11300, 3309, 0, 0, 0
11303, 13412, 1, 0, 0
11400, 13473, 1, 0, 0
11401, 2554, 0, 0, 0
11500, 3318, 0, 0, 0
11502, 15862, 1, 0, 0
11600, 3016, 0, 0, 0
11600, 15091, 1, 0, 0
11700, 13344, 1, 0, 0
11703, 3049, 0, 0, 0
11800, 3184, 0, 0, 0
11805, 14777, 1, 0, 0
11900, 3359, 0, 0, 0
11901, 11804, 1, 0, 0
12000, 15261, 1, 0, 0
12003, 3800, 0, 0, 0
12100, 14044, 1, 0, 0
12101, 3165, 0, 0, 0
12200, 3317, 0, 0, 0
12202, 12817, 1, 0, 0
12300, 3165, 0, 0, 0
12302, 11108, 1, 0, 0
12400, 17006, 1, 0, 0
12404, 4301, 0, 0, 0
12500, 4437, 0, 0, 0
12502, 21949, 1, 0, 0
12600, 4919, 0, 0, 0
12606, 20474, 1, 0, 0
12700, 5470, 0, 0, 0
12706, 23344, 1, 0, 0
12800, 4696, 0, 0, 0
12805, 20234, 1, 0, 0
12900, 21933, 1, 0, 0
12902, 4880, 0, 0, 0
13000, 23376, 1, 0, 0
13002, 4309, 0, 0, 0
13101, 22169, 1, 0, 0
13102, 3893, 0, 0, 0
13200, 6505, 0, 0, 0
13205, 22785, 1, 0, 0
13300, 22594, 1, 0, 0
13301, 4449, 0, 0, 0
13400, 5166, 0, 0, 0
13401, 24002, 1, 0, 0
13500, 23163, 1, 0, 0
13502, 6220, 0, 0, 0
13600, 4268, 0, 0, 0
13600, 18294, 1, 0, 0
13700, 3450, 0, 0, 0
13701, 20175, 1, 0, 0
13800, 4772, 0, 0, 0
13801, 20702, 1, 0, 0
13901, 4510, 0, 0, 0
13902, 16753, 1, 0, 0
14001, 4319, 0, 0, 0
14011, 18681, 1, 0, 0
14100, 23254, 1, 0, 0
14102, 6515, 0, 0, 0
14200, 5115, 0, 0, 0
14202, 22332, 1, 0, 0
14300, 26562, 1, 0, 0
14303, 6018, 0, 0, 0
14400, 5555, 0, 0, 0
14400, 22326, 1, 0, 0
14500, 6157, 0, 0, 0
14502, 23756, 1, 0, 0
14600, 5286, 0, 0, 0
14601, 19826, 1, 0, 0
14701, 8597, 0, 0, 0
14703, 28514, 1, 0, 0
14800, 5380, 0, 0, 0
14801, 26154, 1, 0, 0
14900, 6785, 0, 0, 0
14901, 28029, 1, 0, 0
15000, 23203, 1, 0, 0
15004, 5156, 0, 0, 0
15100, 4773, 0, 0, 0
15109, 22582, 1, 0, 0
15200, 4557, 0, 0, 0
15201, 22427, 1, 0, 0
15300, 4667, 0, 0, 0
15300, 24651, 1, 0, 0
15400, 4716, 0, 0, 0
15401, 23496, 1, 0, 0
15501, 24942, 1, 0, 0
15504, 5885, 0, 0, 0
15600, 24663, 1, 0, 0
15601, 5685, 0, 0, 0
15700, 25769, 1, 0, 0
15702, 7292, 0, 0, 0
15800, 8146, 0, 0, 0
15801, 27082, 1, 0, 0
15900, 6084, 0, 0, 0
15903, 26668, 1, 0, 0
16001, 5035, 0, 0, 0
16002, 22768, 1, 0, 0
16100, 5220, 0, 0, 0
16102, 20973, 1, 0, 0
16200, 5200, 0, 0, 0
16202, 22845, 1, 0, 0
16300, 5402, 0, 0, 0
16302, 24942, 1, 0, 0
16400, 20698, 1, 0, 0
16401, 5062, 0, 0, 0
16500, 4287, 0, 0, 0
16501, 19022, 1, 0, 0
16601, 5055, 0, 0, 0
16602, 21657, 1, 0, 0
16700, 3748, 0, 0, 0
16704, 18507, 1, 0, 0
16801, 19809, 1, 0, 0
16802, 4004, 0, 0, 0
16900, 5335, 0, 0, 0
16904, 23899, 1, 0, 0
17000, 5660, 0, 0, 0
17004, 23843, 1, 0, 0
17101, 4654, 0, 0, 0
17102, 21962, 1, 0, 0
17200, 5170, 0, 0, 0
17201, 19614, 1, 0, 0
17300, 24067, 1, 0, 0
17303, 6529, 0, 0, 0
17400, 4206, 0, 0, 0
17401, 22157, 1, 0, 0
17500, 7189, 0, 0, 0
17503, 19150, 1, 0, 0
17600, 26328, 1, 0, 0
17601, 7274, 0, 0, 0
17701, 5301, 0, 0, 0
17701, 22021, 1, 0, 0
17802, 26838, 1, 0, 0
17803, 6841, 0, 0, 0
17901, 18483, 1, 0, 0
17904, 4706, 0, 0, 0
18000, 24655, 1, 0, 0
18002, 6484, 0, 0, 0
18100, 6055, 0, 0, 0
18100, 23084, 1, 0, 0
18200, 6885, 0, 0, 0
18203, 23662, 1, 0, 0
18300, 22382, 1, 0, 0
18302, 5845, 0, 0, 0
18401, 5470, 0, 0, 0
18402, 20009, 1, 0, 0
18501, 6299, 0, 0, 0
18510, 21652, 1, 0, 0
18600, 14243, 1, 0, 0
18603, 2673, 0, 0, 0
18700, 2864, 0, 0, 0
18701, 16854, 1, 0, 0
18800, 2964, 0, 0, 0
18805, 17709, 1, 0, 0
18900, 4025, 0, 0, 0
18901, 21431, 1, 0, 0
19000, 5891, 0, 0, 0
19000, 26770, 1, 0, 0
19100, 5645, 0, 0, 0
19106, 23573, 1, 0, 0
19200, 5446, 0, 0, 0
19205, 21010, 1, 0, 0
19301, 5622, 0, 0, 0
19302, 20920, 1, 0, 0
19401, 4353, 0, 0, 0
19405, 21156, 1, 0, 0
19500, 4353, 0, 0, 0
19505, 19059, 1, 0, 0
19600, 4552, 0, 0, 0
19601, 20938, 1, 0, 0
19700, 5472, 0, 0, 0
19702, 21158, 1, 0, 0
19800, 6266, 0, 0, 0
19801, 22003, 1, 0, 0
19900, 6185, 0, 0, 0
19902, 18669, 1, 0, 0
20000, 6443, 0, 0, 0
20002, 24294, 1, 0, 0
20100, 6114, 0, 0, 0
20109, 20945, 1, 0, 0
20200, 23797, 1, 0, 0
20201, 6363, 0, 0, 0
20300, 5419, 0, 0, 0
20301, 21063, 1, 0, 0
20400, 7111, 0, 0, 0
20400, 20710, 1, 0, 0
20500, 18132, 1, 0, 0
20504, 4405, 0, 0, 0
20600, 4668, 0, 0, 0
20601, 18854, 1, 0, 0
20700, 18519, 1, 0, 0
20704, 4510, 0, 0, 0
20800, 21535, 1, 0, 0
20803, 5372, 0, 0, 0
20900, 6200, 0, 0, 0
20901, 22103, 1, 0, 0
21000, 3805, 0, 0, 0
21001, 17766, 1, 0, 0
21100, 3719, 0, 0, 0
21108, 16668, 1, 0, 0
21200, 4124, 0, 0, 0
21202, 16036, 1, 0, 0
21300, 4185, 0, 0, 0
21304, 15459, 1, 0, 0
21400, 5384, 0, 0, 0
21403, 17120, 1, 0, 0
21500, 4227, 0, 0, 0
21506, 17635, 1, 0, 0
21601, 5319, 0, 0, 0
21602, 18604, 1, 0, 0
21700, 5136, 0, 0, 0
21700, 21861, 1, 0, 0
21800, 3874, 0, 0, 0
21803, 16756, 1, 0, 0
21900, 3544, 0, 0, 0
21902, 17259, 1, 0, 0
22000, 4423, 0, 0, 0
22006, 20543, 1, 0, 0
22100, 4564, 0, 0, 0
22106, 17700, 1, 0, 0
22201, 4480, 0, 0, 0
22203, 19272, 1, 0, 0
22300, 5452, 0, 0, 0
22305, 17741, 1, 0, 0
22400, 4648, 0, 0, 0
22401, 20592, 1, 0, 0
22500, 17330, 1, 0, 0
22503, 4740, 0, 0, 0
22600, 17772, 1, 0, 0
22602, 4759, 0, 0, 0
22700, 4309, 0, 0, 0
22702, 18835, 1, 0, 0
22800, 5922, 0, 0, 0
22806, 16731, 1, 0, 0
22900, 19267, 1, 0, 0
22902, 4223, 0, 0, 0
23000, 19088, 1, 0, 0
23002, 4707, 0, 0, 0
23100, 4192, 0, 0, 0
23102, 20122, 1, 0, 0
23201, 4420, 0, 0, 0
23202, 20905, 1, 0, 0
23300, 19648, 1, 0, 0
23301, 4718, 0, 0, 0
23400, 15706, 1, 0, 0
23401, 3647, 0, 0, 0
23500, 3988, 0, 0, 0
23501, 18347, 1, 0, 0
23600, 20531, 1, 0, 0
23601, 4123, 0, 0, 0
23700, 23073, 1, 0, 0
23701, 4994, 0, 0, 0
23800, 4517, 0, 0, 0
23801, 23650, 1, 0, 0
23900, 6428, 0, 0, 0
23901, 25920, 1, 0, 0
24001, 5004, 0, 0, 0
24004, 18720, 1, 0, 0
24100, 18661, 1, 0, 0
24105, 4627, 0, 0, 0
24200, 4955, 0, 0, 0
24206, 17068, 1, 0, 0
24300, 4841, 0, 0, 0
24307, 21768, 1, 0, 0
24400, 5426, 0, 0, 0
24404, 21281, 1, 0, 0
24500, 6325, 0, 0, 0
24501, 25827, 1, 0, 0
24600, 6206, 0, 0, 0
24601, 27192, 1, 0, 0
24701, 5430, 0, 0, 0
24701, 18751, 1, 0, 0
24800, 6193, 0, 0, 0
24801, 24988, 1, 0, 0
24900, 23347, 1, 0, 0
24902, 6450, 0, 0, 0
25000, 25422, 1, 0, 0
25000, 5324, 0, 0, 0
25100, 7256, 0, 0, 0
25102, 22697, 1, 0, 0
25200, 5782, 0, 0, 0
25204, 25842, 1, 0, 0
25300, 5729, 0, 0, 0
25303, 24683, 1, 0, 0
25400, 5999, 0, 0, 0
25402, 21770, 1, 0, 0
25500, 19358, 1, 0, 0
25501, 5816, 0, 0, 0
25600, 4926, 0, 0, 0
25601, 24368, 1, 0, 0
25700, 6168, 0, 0, 0
25701, 23217, 1, 0, 0
25800, 4566, 0, 0, 0
25802, 19224, 1, 0, 0
25901, 4454, 0, 0, 0
25904, 17487, 1, 0, 0
26000, 4143, 0, 0, 0
26001, 19691, 1, 0, 0
26100, 3477, 0, 0, 0
26102, 18035, 1, 0, 0
26200, 19071, 1, 0, 0
26201, 4439, 0, 0, 0
26300, 20016, 1, 0, 0
26301, 4961, 0, 0, 0
26400, 4603, 0, 0, 0
26403, 20741, 1, 0, 0
26500, 19542, 1, 0, 0
26502, 5022, 0, 0, 0
26600, 17492, 1, 0, 0
26602, 4391, 0, 0, 0
26700, 5867, 0, 0, 0
26701, 21377, 1, 0, 0
26800, 17641, 1, 0, 0
26802, 5255, 0, 0, 0
26900, 17283, 1, 0, 0
26902, 4222, 0, 0, 0
27000, 3770, 0, 0, 0
27003, 15156, 1, 0, 0
27100, 4730, 0, 0, 0
27104, 17977, 1, 0, 0
27201, 4502, 0, 0, 0
27202, 18065, 1, 0, 0
27300, 19972, 1, 0, 0
27304, 4361, 0, 0, 0
27400, 19543, 1, 0, 0
27402, 4320, 0, 0, 0
27500, 4478, 0, 0, 0
27502, 21347, 1, 0, 0
27601, 5515, 0, 0, 0
27607, 20486, 1, 0, 0
27700, 6201, 0, 0, 0
27703, 20766, 1, 0, 0
27801, 4910, 0, 0, 0
27802, 20341, 1, 0, 0
27900, 5581, 0, 0, 0
27902, 18946, 1, 0, 0
28000, 5555, 0, 0, 0
28003, 18221, 1, 0, 0
28101, 5640, 0, 0, 0
28102, 18978, 1, 0, 0
28201, 17156, 1, 0, 0
28203, 3476, 0, 0, 0
28300, 2453, 0, 0, 0
28301, 14637, 1, 0, 0
28400, 16300, 1, 0, 0
28401, 3555, 0, 0, 0
28500, 14637, 1, 0, 0
28503, 2900, 0, 0, 0
28600, 3371, 0, 0, 0
28600, 14539, 1, 0, 0
28700, 5193, 0, 0, 0
28703, 19068, 1, 0, 0
28800, 18439, 1, 0, 0
28801, 5075, 0, 0, 0
28900, 20353, 1, 0, 0
28902, 5405, 0, 0, 0
29000, 20335, 1, 0, 0
29002, 6483, 0, 0, 0
29100, 6112, 0, 0, 0
29102, 18652, 1, 0, 0
29201, 23324, 1, 0, 0
29202, 5398, 0, 0, 0
29301, 4964, 0, 0, 0
29304, 18434, 1, 0, 0
29400, 4934, 0, 0, 0
29415, 20810, 1, 0, 0
29500, 5070, 0, 0, 0
29508, 18696, 1, 0, 0
29600, 5833, 0, 0, 0
29601, 23224, 1, 0, 0
29700, 6127, 0, 0, 0
29702, 19887, 1, 0, 0
29800, 4702, 0, 0, 0
29802, 18982, 1, 0, 0
29901, 18046, 1, 0, 0
29902, 5327, 0, 0, 0
30000, 20760, 1, 0, 0
30001, 5330, 0, 0, 0
30100, 4955, 0, 0, 0
30101, 16904, 1, 0, 0
30200, 3532, 0, 0, 0
30200, 13130, 1, 0, 0
30300, 4065, 0, 0, 0
30303, 15588, 1, 0, 0
30400, 3933, 0, 0, 0
30402, 16248, 1, 0, 0
30500, 3434, 0, 0, 0
30501, 11233, 1, 0, 0
30601, 5585, 0, 0, 0
30604, 17556, 1, 0, 0
30700, 11805, 1, 0, 0
30701, 3678, 0, 0, 0
30800, 2882, 0, 0, 0
30802, 11297, 1, 0, 0
30900, 3606, 0, 0, 0
30902, 11565, 1, 0, 0
31000, 4304, 0, 0, 0
31002, 12477, 1, 0, 0
31100, 14725, 1, 0, 0
31104, 4563, 0, 0, 0
31200, 6945, 0, 0, 0
31203, 17403, 1, 0, 0
31300, 6144, 0, 0, 0
31302, 17409, 1, 0, 0
31400, 17364, 1, 0, 0
31402, 5901, 0, 0, 0
31500, 16506, 1, 0, 0
31503, 6043, 0, 0, 0
31600, 4372, 0, 0, 0
31600, 15199, 1, 0, 0
31700, 3987, 0, 0, 0
31700, 15189, 1, 0, 0
31800, 5944, 0, 0, 0
31802, 17172, 1, 0, 0
31900, 6363, 0, 0, 0
31901, 17726, 1, 0, 0
32000, 5907, 0, 0, 0
32000, 18378, 1, 0, 0
32100, 13287, 1, 0, 0
32103, 4539, 0, 0, 0
32200, 5023, 0, 0, 0
32201, 17929, 1, 0, 0
32301, 5525, 0, 0, 0
32304, 16352, 1, 0, 0
32400, 5459, 0, 0, 0
32400, 17672, 1, 0, 0
32500, 16875, 1, 0, 0
32503, 4665, 0, 0, 0
32600, 5286, 0, 0, 0
32601, 15851, 1, 0, 0
32701, 16984, 1, 0, 0
32703, 5110, 0, 0, 0
32801, 5887, 0, 0, 0
32802, 17446, 1, 0, 0
32900, 5058, 0, 0, 0
32902, 16038, 1, 0, 0
33000, 4909, 0, 0, 0
33003, 13945, 1, 0, 0
33100, 4931, 0, 0, 0
33101, 14660, 1, 0, 0
33200, 14668, 1, 0, 0
33202, 5226, 0, 0, 0
33301, 4311, 0, 0, 0
33302, 14878, 1, 0, 0
33400, 4259, 0, 0, 0
33401, 15661, 1, 0, 0
33500, 4505, 0, 0, 0
33502, 15508, 1, 0, 0
33600, 5845, 0, 0, 0
33601, 18985, 1, 0, 0
33700, 4815, 0, 0, 0
33707, 17381, 1, 0, 0
33800, 14728, 1, 0, 0
33801, 5021, 0, 0, 0
33900, 4440, 0, 0, 0
33901, 14640, 1, 0, 0
34000, 15102, 1, 0, 0
34001, 5663, 0, 0, 0
34100, 5271, 0, 0, 0
34103, 15656, 1, 0, 0
34200, 15167, 1, 0, 0
34208, 4921, 0, 0, 0
34301, 15376, 1, 0, 0
34302, 4338, 0, 0, 0
34401, 4231, 0, 0, 0
34404, 14006, 1, 0, 0
34500, 4356, 0, 0, 0
34502, 15553, 1, 0, 0
34600, 5113, 0, 0, 0
34601, 18243, 1, 0, 0
34700, 4925, 0, 0, 0
34705, 18811, 1, 0, 0
34800, 5056, 0, 0, 0
34800, 17808, 1, 0, 0
34901, 6257, 0, 0, 0
34909, 16394, 1, 0, 0
35000, 17829, 1, 0, 0
35001, 5853, 0, 0, 0
35100, 5372, 0, 0, 0
35102, 17354, 1, 0, 0
35200, 5687, 0, 0, 0
35201, 16873, 1, 0, 0
35300, 5120, 0, 0, 0
35300, 19605, 1, 0, 0
35400, 5774, 0, 0, 0
35401, 17782, 1, 0, 0
35500, 17648, 1, 0, 0
35502, 4787, 0, 0, 0
35600, 16626, 1, 0, 0
35602, 5216, 0, 0, 0
35701, 4756, 0, 0, 0
35702, 11891, 1, 0, 0
35801, 5368, 0, 0, 0
35802, 16489, 1, 0, 0
35901, 4336, 0, 0, 0
35902, 13808, 1, 0, 0
36000, 5684, 0, 0, 0
36005, 18023, 1, 0, 0
36100, 5225, 0, 0, 0
36101, 19695, 1, 0, 0
36200, 5649, 0, 0, 0
36202, 20273, 1, 0, 0
36300, 5354, 0, 0, 0
36305, 13432, 1, 0, 0
36400, 4671, 0, 0, 0
36405, 17812, 1, 0, 0
36500, 4807, 0, 0, 0
36504, 19598, 1, 0, 0
36601, 16861, 1, 0, 0
36603, 5048, 0, 0, 0
36700, 18476, 1, 0, 0
36703, 6299, 0, 0, 0
36800, 5447, 0, 0, 0
36804, 17026, 1, 0, 0
36901, 5087, 0, 0, 0
36902, 18865, 1, 0, 0
37001, 5254, 0, 0, 0
37003, 18287, 1, 0, 0
37100, 5693, 0, 0, 0
37102, 19117, 1, 0, 0
37200, 3988, 0, 0, 0
37202, 11628, 1, 0, 0
37300, 4272, 0, 0, 0
37300, 16196, 1, 0, 0
37401, 6267, 0, 0, 0
37402, 18760, 1, 0, 0
37500, 5068, 0, 0, 0
37502, 17577, 1, 0, 0
37600, 4665, 0, 0, 0
37601, 17501, 1, 0, 0
37700, 3697, 0, 0, 0
37702, 13528, 1, 0, 0
37800, 5079, 0, 0, 0
37802, 18366, 1, 0, 0
37900, 5665, 0, 0, 0
37901, 15614, 1, 0, 0
38001, 5071, 0, 0, 0
38005, 16637, 1, 0, 0
38100, 3538, 0, 0, 0
38104, 15158, 1, 0, 0
38200, 16600, 1, 0, 0
38201, 4180, 0, 0, 0
38300, 14769, 1, 0, 0
38306, 4888, 0, 0, 0
38400, 4405, 0, 0, 0
38403, 18036, 1, 0, 0
38500, 4684, 0, 0, 0
38503, 14784, 1, 0, 0
38600, 18236, 1, 0, 0
38604, 5842, 0, 0, 0
38700, 5791, 0, 0, 0
38703, 17678, 1, 0, 0
38800, 4652, 0, 0, 0
38803, 15919, 1, 0, 0
38900, 18343, 1, 0, 0
38903, 5959, 0, 0, 0
39001, 15129, 1, 0, 0
39002, 4383, 0, 0, 0
39100, 5663, 0, 0, 0
39105, 16315, 1, 0, 0
39200, 16708, 1, 0, 0
39202, 4804, 0, 0, 0
39301, 7845, 0, 0, 0
39303, 18567, 1, 0, 0
39400, 5840, 0, 0, 0
39401, 16691, 1, 0, 0
39500, 5988, 0, 0, 0
39503, 15109, 1, 0, 0
39600, 5657, 0, 0, 0
39603, 20124, 1, 0, 0
39700, 18640, 1, 0, 0
39701, 4904, 0, 0, 0
39801, 5055, 0, 0, 0
39804, 16819, 1, 0, 0
39900, 5792, 0, 0, 0
39900, 18060, 1, 0, 0
40000, 13423, 1, 0, 0
40003, 5346, 0, 0, 0
40100, 17802, 1, 0, 0
40101, 4585, 0, 0, 0
40201, 15856, 1, 0, 0
40204, 4232, 0, 0, 0
40300, 5265, 0, 0, 0
40303, 19152, 1, 0, 0
40400, 15317, 1, 0, 0
40401, 4374, 0, 0, 0
40500, 4245, 0, 0, 0
40501, 16864, 1, 0, 0
40601, 5102, 0, 0, 0
40601, 14621, 1, 0, 0
40700, 3996, 0, 0, 0
40702, 16707, 1, 0, 0
40800, 4842, 0, 0, 0
40801, 14702, 1, 0, 0
40900, 5864, 0, 0, 0
40901, 18150, 1, 0, 0
41000, 5525, 0, 0, 0
41004, 17230, 1, 0, 0
41101, 4073, 0, 0, 0
41102, 15736, 1, 0, 0
41200, 3900, 0, 0, 0
41201, 15796, 1, 0, 0
41301, 4830, 0, 0, 0
41303, 19348, 1, 0, 0
41400, 17203, 1, 0, 0
41401, 6097, 0, 0, 0
41500, 5067, 0, 0, 0
41503, 16442, 1, 0, 0
41600, 13147, 1, 0, 0
41601, 3646, 0, 0, 0
41700, 15888, 1, 0, 0
41701, 4867, 0, 0, 0
41800, 4091, 0, 0, 0
41802, 16911, 1, 0, 0
41900, 4878, 0, 0, 0
41904, 16083, 1, 0, 0
42000, 4427, 0, 0, 0
42001, 15894, 1, 0, 0
42101, 4568, 0, 0, 0
42102, 17128, 1, 0, 0
42200, 4724, 0, 0, 0
42207, 14190, 1, 0, 0
42300, 3160, 0, 0, 0
42301, 11852, 1, 0, 0
42400, 3077, 0, 0, 0
42405, 12006, 1, 0, 0
42500, 4267, 0, 0, 0
42500, 16317, 1, 0, 0
42600, 3851, 0, 0, 0
42601, 15511, 1, 0, 0
42700, 14414, 1, 0, 0
42704, 4358, 0, 0, 0
42800, 4155, 0, 0, 0
42808, 14457, 1, 0, 0
42900, 4429, 0, 0, 0
42901, 14503, 1, 0, 0
43000, 18676, 1, 0, 0
43002, 4420, 0, 0, 0
43100, 3899, 0, 0, 0
43102, 14044, 1, 0, 0
43201, 5481, 0, 0, 0
43201, 19206, 1, 0, 0
43300, 5543, 0, 0, 0
43303, 18266, 1, 0, 0
43400, 6177, 0, 0, 0
43404, 18817, 1, 0, 0
43500, 19388, 1, 0, 0
43502, 5150, 0, 0, 0
43600, 6363, 0, 0, 0
43606, 18901, 1, 0, 0
43700, 5218, 0, 0, 0
43705, 17358, 1, 0, 0
43800, 5096, 0, 0, 0
43802, 16924, 1, 0, 0
43901, 20322, 1, 0, 0
43905, 5919, 0, 0, 0
44000, 16237, 1, 0, 0
44001, 5609, 0, 0, 0
44100, 5126, 0, 0, 0
44101, 14947, 1, 0, 0
44200, 5202, 0, 0, 0
44203, 17712, 1, 0, 0
44300, 18361, 1, 0, 0
44301, 6272, 0, 0, 0
44400, 4461, 0, 0, 0
44401, 15430, 1, 0, 0
44500, 18643, 1, 0, 0
44501, 4666, 0, 0, 0
44601, 5148, 0, 0, 0
44602, 16436, 1, 0, 0
44700, 15849, 1, 0, 0
44702, 6050, 0, 0, 0
44800, 5652, 0, 0, 0
44803, 23545, 1, 0, 0
44900, 6403, 0, 0, 0
44900, 17472, 1, 0, 0
45001, 5624, 0, 0, 0
45004, 18242, 1, 0, 0
45100, 4863, 0, 0, 0
45102, 16112, 1, 0, 0
45200, 4129, 0, 0, 0
45204, 14146, 1, 0, 0
45300, 12618, 1, 0, 0
45303, 3299, 0, 0, 0
45400, 3675, 0, 0, 0
45401, 12735, 1, 0, 0
45501, 3426, 0, 0, 0
45502, 12276, 1, 0, 0
45600, 3386, 0, 0, 0
45602, 12091, 1, 0, 0
45700, 14655, 1, 0, 0
45703, 3885, 0, 0, 0
45800, 14651, 1, 0, 0
45802, 4368, 0, 0, 0
45900, 4969, 0, 0, 0
45906, 15145, 1, 0, 0
46000, 15913, 1, 0, 0
46001, 4753, 0, 0, 0
46101, 4534, 0, 0, 0
46104, 17043, 1, 0, 0
46200, 4649, 0, 0, 0
46202, 16121, 1, 0, 0
46300, 3684, 0, 0, 0
46301, 14940, 1, 0, 0
46400, 4248, 0, 0, 0
46400, 12957, 1, 0, 0
46500, 3667, 0, 0, 0
46502, 13415, 1, 0, 0
46601, 5152, 0, 0, 0
46602, 17086, 1, 0, 0
46700, 18318, 1, 0, 0
46701, 4696, 0, 0, 0
46801, 15028, 1, 0, 0
46805, 4673, 0, 0, 0
46900, 5428, 0, 0, 0
46903, 17662, 1, 0, 0
47000, 5264, 0, 0, 0
47002, 14161, 1, 0, 0
47100, 3305, 0, 0, 0
47106, 14570, 1, 0, 0
47201, 3630, 0, 0, 0
47202, 15275, 1, 0, 0
47300, 4919, 0, 0, 0
47300, 16174, 1, 0, 0
47400, 3174, 0, 0, 0
47406, 15767, 1, 0, 0
47501, 4109, 0, 0, 0
47505, 13709, 1, 0, 0
47600, 4499, 0, 0, 0
47602, 13716, 1, 0, 0
47700, 3126, 0, 0, 0
47702, 11727, 1, 0, 0
47800, 3562, 0, 0, 0
47802, 11165, 1, 0, 0
47900, 3848, 0, 0, 0
47904, 11224, 1, 0, 0
48000, 3270, 0, 0, 0
48000, 13203, 1, 0, 0
48100, 15510, 1, 0, 0
48101, 4365, 0, 0, 0
48200, 4688, 0, 0, 0
48205, 17501, 1, 0, 0
48300, 15827, 1, 0, 0
48301, 4259, 0, 0, 0
48400, 4837, 0, 0, 0
48404, 14905, 1, 0, 0
48500, 17641, 1, 0, 0
48503, 4241, 0, 0, 0
48600, 5478, 0, 0, 0
48604, 14057, 1, 0, 0
48700, 4190, 0, 0, 0
48705, 17214, 1, 0, 0
48802, 4409, 0, 0, 0
48803, 13008, 1, 0, 0
48900, 5451, 0, 0, 0
48901, 15307, 1, 0, 0
49000, 6319, 0, 0, 0
49005, 16740, 1, 0, 0
49100, 5937, 0, 0, 0
49105, 16013, 1, 0, 0
49200, 5563, 0, 0, 0
49200, 19265, 1, 0, 0
49300, 17395, 1, 0, 0
49302, 4490, 0, 0, 0
49400, 15633, 1, 0, 0
49402, 5365, 0, 0, 0
49500, 5816, 0, 0, 0
49503, 16643, 1, 0, 0
49600, 5031, 0, 0, 0
49603, 16108, 1, 0, 0
49700, 5085, 0, 0, 0
49701, 14113, 1, 0, 0
49800, 4445, 0, 0, 0
49802, 16030, 1, 0, 0
49900, 5038, 0, 0, 0
49901, 18364, 1, 0, 0
50000, 4334, 0, 0, 0
50001, 12981, 1, 0, 0
50100, 12806, 1, 0, 0
50101, 4331, 0, 0, 0
50200, 3574, 0, 0, 0
50203, 14951, 1, 0, 0
50300, 4006, 0, 0, 0
50301, 14542, 1, 0, 0
50400, 4340, 0, 0, 0
50400, 15441, 1, 0, 0
50500, 15367, 1, 0, 0
50501, 3637, 0, 0, 0
50600, 4549, 0, 0, 0
50602, 16969, 1, 0, 0
50700, 4285, 0, 0, 0
50704, 12728, 1, 0, 0
50800, 4176, 0, 0, 0
50802, 16117, 1, 0, 0
50900, 4316, 0, 0, 0
50908, 12639, 1, 0, 0
51000, 4889, 0, 0, 0
51002, 15517, 1, 0, 0
51100, 15642, 1, 0, 0
51102, 4597, 0, 0, 0
51200, 3368, 0, 0, 0
51213, 17805, 1, 0, 0
51301, 4435, 0, 0, 0
51305, 17963, 1, 0, 0
51401, 3489, 0, 0, 0
51404, 14138, 1, 0, 0
51500, 13611, 1, 0, 0
51501, 3490, 0, 0, 0
51600, 2960, 0, 0, 0
51606, 15340, 1, 0, 0
51700, 4099, 0, 0, 0
51703, 15233, 1, 0, 0
51800, 4278, 0, 0, 0
51808, 18993, 1, 0, 0
51900, 17152, 1, 0, 0
51901, 4816, 0, 0, 0
52000, 5679, 0, 0, 0
52001, 18673, 1, 0, 0
52100, 21156, 1, 0, 0
52102, 5784, 0, 0, 0
52200, 5031, 0, 0, 0
52202, 15816, 1, 0, 0
52300, 6593, 0, 0, 0
52303, 19108, 1, 0, 0
52401, 19473, 1, 0, 0
52403, 5916, 0, 0, 0
52500, 4755, 0, 0, 0
52501, 13664, 1, 0, 0
52600, 2359, 0, 0, 0
52603, 9507, 1, 0, 0
52701, 3880, 0, 0, 0
52702, 12324, 1, 0, 0
52800, 3579, 0, 0, 0
52800, 14103, 1, 0, 0
52901, 4565, 0, 0, 0
52902, 16407, 1, 0, 0
53000, 4090, 0, 0, 0
53002, 15035, 1, 0, 0
53100, 4990, 0, 0, 0
53103, 14912, 1, 0, 0
53200, 4340, 0, 0, 0
53202, 16433, 1, 0, 0
53300, 17563, 1, 0, 0
53302, 4883, 0, 0, 0
53401, 5168, 0, 0, 0
53403, 16245, 1, 0, 0
53500, 5200, 0, 0, 0
53502, 16293, 1, 0, 0
53601, 19134, 1, 0, 0
53605, 5771, 0, 0, 0
53700, 19365, 1, 0, 0
53702, 5464, 0, 0, 0
53800, 4248, 0, 0, 0
53804, 17787, 1, 0, 0
53900, 4492, 0, 0, 0
53901, 18202, 1, 0, 0
54001, 16410, 1, 0, 0
54003, 5315, 0, 0, 0
54100, 4324, 0, 0, 0
54106, 17108, 1, 0, 0
54200, 4307, 0, 0, 0
54201, 17127, 1, 0, 0
54300, 3771, 0, 0, 0
54301, 15892, 1, 0, 0
54400, 4496, 0, 0, 0
54401, 14283, 1, 0, 0
54500, 4562, 0, 0, 0
54501, 16211, 1, 0, 0
54600, 4070, 0, 0, 0
54601, 16954, 1, 0, 0
54700, 6443, 0, 0, 0
54706, 16981, 1, 0, 0
54801, 15287, 1, 0, 0
54803, 5432, 0, 0, 0
54900, 5739, 0, 0, 0
54902, 17240, 1, 0, 0
55000, 17903, 1, 0, 0
55002, 5442, 0, 0, 0
55101, 4158, 0, 0, 0
55102, 14045, 1, 0, 0
55200, 5079, 0, 0, 0
55202, 18393, 1, 0, 0
55300, 16054, 1, 0, 0
55301, 5045, 0, 0, 0
55400, 4163, 0, 0, 0
55405, 20662, 1, 0, 0
55501, 15750, 1, 0, 0
55505, 6236, 0, 0, 0
55600, 17563, 1, 0, 0
55601, 4924, 0, 0, 0
55701, 16105, 1, 0, 0
55703, 5420, 0, 0, 0
55800, 5807, 0, 0, 0
55800, 15999, 1, 0, 0
55900, 13496, 1, 0, 0
55901, 4771, 0, 0, 0
56000, 4618, 0, 0, 0
56002, 17647, 1, 0, 0
56101, 5299, 0, 0, 0
56102, 15271, 1, 0, 0
56200, 5192, 0, 0, 0
56201, 17114, 1, 0, 0
56300, 5402, 0, 0, 0
56304, 16071, 1, 0, 0
56400, 4599, 0, 0, 0
56403, 14927, 1, 0, 0
56500, 4222, 0, 0, 0
56501, 15493, 1, 0, 0
56601, 4949, 0, 0, 0
56601, 18977, 1, 0, 0
56700, 5108, 0, 0, 0
56704, 18571, 1, 0, 0
56800, 17980, 1, 0, 0
56801, 4700, 0, 0, 0
56900, 4340, 0, 0, 0
56900, 17804, 1, 0, 0
57000, 6213, 0, 0, 0
57001, 15130, 1, 0, 0
57100, 5698, 0, 0, 0
57101, 16093, 1, 0, 0
57200, 5428, 0, 0, 0
57204, 17367, 1, 0, 0
57300, 5148, 0, 0, 0
57300, 17421, 1, 0, 0
57400, 4035, 0, 0, 0
57403, 15353, 1, 0, 0
57500, 4155, 0, 0, 0
57501, 15045, 1, 0, 0
57600, 4358, 0, 0, 0
57606, 16973, 1, 0, 0
57700, 2889, 0, 0, 0
57706, 13082, 1, 0, 0
57800, 3370, 0, 0, 0
57803, 16023, 1, 0, 0
57900, 17735, 1, 0, 0
57902, 4520, 0, 0, 0
58001, 5966, 0, 0, 0
58011, 17664, 1, 0, 0
58100, 4447, 0, 0, 0
58102, 17019, 1, 0, 0
58200, 4770, 0, 0, 0
58202, 17541, 1, 0, 0
58300, 4773, 0, 0, 0
58301, 16956, 1, 0, 0
58400, 4959, 0, 0, 0
58401, 17864, 1, 0, 0
58500, 4161, 0, 0, 0
58505, 18688, 1, 0, 0
58600, 4973, 0, 0, 0
58603, 16884, 1, 0, 0
58700, 5903, 0, 0, 0
58702, 18843, 1, 0, 0
58800, 5361, 0, 0, 0
58804, 17325, 1, 0, 0
58900, 5424, 0, 0, 0
58903, 19751, 1, 0, 0
59000, 5777, 0, 0, 0
59007, 22608, 1, 0, 0
59100, 20632, 1, 0, 0
59104, 5174, 0, 0, 0
59201, 6336, 0, 0, 0
59203, 19740, 1, 0, 0
59300, 5918, 0, 0, 0
59302, 20528, 1, 0, 0
59400, 4740, 0, 0, 0
59403, 20139, 1, 0, 0
59501, 17277, 1, 0, 0
59505, 5822, 0, 0, 0
59600, 5894, 0, 0, 0
59603, 20956, 1, 0, 0
59700, 17519, 1, 0, 0
59701, 4675, 0, 0, 0
59800, 5070, 0, 0, 0
59802, 19054, 1, 0, 0
59900, 4486, 0, 0, 0
59900, 17141, 1, 0, 0
60001, 4180, 0, 0, 0
60004, 17355, 1, 0, 0
60101, 4541, 0, 0, 0
60103, 16641, 1, 0, 0
60201, 5656, 0, 0, 0
60204, 17366, 1, 0, 0
60300, 25045, 1, 0, 0
60302, 5776, 0, 0, 0
60400, 5221, 0, 0, 0
60401, 21159, 1, 0, 0
60500, 6531, 0, 0, 0
60501, 19963, 1, 0, 0
60600, 5880, 0, 0, 0
60601, 19429, 1, 0, 0
60700, 19772, 1, 0, 0
60701, 6961, 0, 0, 0
60800, 6614, 0, 0, 0
60800, 22478, 1, 0, 0
60900, 21478, 1, 0, 0
60902, 6161, 0, 0, 0
61001, 21753, 1, 0, 0
61003, 5736, 0, 0, 0
61100, 6815, 0, 0, 0
61102, 27734, 1, 0, 0
61201, 5528, 0, 0, 0
61202, 23599, 1, 0, 0
61300, 6157, 0, 0, 0
61301, 25333, 1, 0, 0
61400, 6097, 0, 0, 0
61401, 23695, 1, 0, 0
61501, 22786, 1, 0, 0
61502, 5915, 0, 0, 0
61600, 22903, 1, 0, 0
61601, 5520, 0, 0, 0
61701, 24174, 1, 0, 0
61702, 7720, 0, 0, 0
61801, 6903, 0, 0, 0
61803, 22247, 1, 0, 0
61900, 6838, 0, 0, 0
61904, 19909, 1, 0, 0
62000, 6584, 0, 0, 0
62002, 20831, 1, 0, 0
62100, 6576, 0, 0, 0
62104, 21783, 1, 0, 0
62200, 6322, 0, 0, 0
62202, 20239, 1, 0, 0
62300, 16442, 1, 0, 0
62301, 5214, 0, 0, 0
62400, 4404, 0, 0, 0
62400, 17803, 1, 0, 0
62500, 16652, 1, 0, 0
62501, 4587, 0, 0, 0
62600, 17428, 1, 0, 0
62602, 4041, 0, 0, 0
62701, 5804, 0, 0, 0
62707, 19969, 1, 0, 0
62800, 3151, 0, 0, 0
62801, 13050, 1, 0, 0
62900, 17931, 1, 0, 0
62901, 4026, 0, 0, 0
63000, 5648, 0, 0, 0
63003, 20303, 1, 0, 0
63100, 4712, 0, 0, 0
63105, 19326, 1, 0, 0
63200, 20067, 1, 0, 0
63202, 6653, 0, 0, 0
63300, 5852, 0, 0, 0
63306, 21457, 1, 0, 0
63401, 5827, 0, 0, 0
63406, 18167, 1, 0, 0
63500, 23102, 1, 0, 0
63501, 5723, 0, 0, 0
63600, 5975, 0, 0, 0
63602, 22122, 1, 0, 0
63700, 6551, 0, 0, 0
63701, 20662, 1, 0, 0
63800, 5465, 0, 0, 0
63801, 19713, 1, 0, 0
63900, 5626, 0, 0, 0
63905, 17776, 1, 0, 0
64000, 5584, 0, 0, 0
64003, 16140, 1, 0, 0
64101, 5556, 0, 0, 0
64102, 14879, 1, 0, 0
64200, 14866, 1, 0, 0
64203, 5732, 0, 0, 0
64300, 5273, 0, 0, 0
64302, 15649, 1, 0, 0
64400, 16967, 1, 0, 0
64402, 4835, 0, 0, 0
64500, 5695, 0, 0, 0
64503, 18176, 1, 0, 0
64600, 5346, 0, 0, 0
64601, 17729, 1, 0, 0
64700, 3609, 0, 0, 0
64701, 16519, 1, 0, 0
64800, 13940, 1, 0, 0
64800, 3194, 0, 0, 0
64900, 13798, 1, 0, 0
64900, 3366, 0, 0, 0
65001, 14077, 1, 0, 0
65003, 4520, 0, 0, 0
65100, 4472, 0, 0, 0
65103, 14772, 1, 0, 0
65200, 5034, 0, 0, 0
65200, 15328, 1, 0, 0
65300, 3446, 0, 0, 0
65310, 15330, 1, 0, 0
65400, 4607, 0, 0, 0
65402, 17333, 1, 0, 0
65500, 4172, 0, 0, 0
65501, 13884, 1, 0, 0
65600, 5694, 0, 0, 0
65601, 15809, 1, 0, 0
65700, 5413, 0, 0, 0
65701, 19712, 1, 0, 0
65801, 22265, 1, 0, 0
65803, 5318, 0, 0, 0
65900, 17506, 1, 0, 0
65901, 6296, 0, 0, 0
66000, 4880, 0, 0, 0
66001, 17125, 1, 0, 0
66100, 16244, 1, 0, 0
66101, 5193, 0, 0, 0
66200, 17830, 1, 0, 0
66201, 5885, 0, 0, 0
66300, 4840, 0, 0, 0
66301, 15342, 1, 0, 0
66401, 16754, 1, 0, 0
66403, 4924, 0, 0, 0
66501, 4470, 0, 0, 0
66502, 16175, 1, 0, 0
66600, 16220, 1, 0, 0
66602, 4298, 0, 0, 0
66700, 16705, 1, 0, 0
66702, 4216, 0, 0, 0
66801, 15437, 1, 0, 0
66802, 5166, 0, 0, 0
66901, 5276, 0, 0, 0
66905, 15276, 1, 0, 0
67000, 5530, 0, 0, 0
67002, 17002, 1, 0, 0
67100, 3990, 0, 0, 0
67101, 12699, 1, 0, 0
67200, 3486, 0, 0, 0
67202, 12063, 1, 0, 0
67300, 15572, 1, 0, 0
67302, 4911, 0, 0, 0
67400, 4035, 0, 0, 0
67402, 14400, 1, 0, 0
67500, 16419, 1, 0, 0
67504, 4314, 0, 0, 0
67600, 5126, 0, 0, 0
67603, 15625, 1, 0, 0
67701, 6181, 0, 0, 0
67705, 15244, 1, 0, 0
67800, 5295, 0, 0, 0
67804, 12785, 1, 0, 0
67900, 15448, 1, 0, 0
67901, 4598, 0, 0, 0
68000, 14303, 1, 0, 0
68000, 4063, 0, 0, 0
68100, 4993, 0, 0, 0
68106, 18103, 1, 0, 0
68200, 3729, 0, 0, 0
68205, 12438, 1, 0, 0
68300, 4444, 0, 0, 0
68301, 18844, 1, 0, 0
68400, 16568, 1, 0, 0
68401, 5287, 0, 0, 0
68500, 4763, 0, 0, 0
68501, 17196, 1, 0, 0
68601, 4615, 0, 0, 0
68601, 18934, 1, 0, 0
68701, 6012, 0, 0, 0
68701, 16572, 1, 0, 0
68800, 13279, 1, 0, 0
68805, 4779, 0, 0, 0
68900, 15122, 1, 0, 0
68901, 3934, 0, 0, 0
69000, 4633, 0, 0, 0
69008, 14907, 1, 0, 0
69100, 15058, 1, 0, 0
69101, 4029, 0, 0, 0
69201, 4196, 0, 0, 0
69205, 15377, 1, 0, 0
69300, 14731, 1, 0, 0
69303, 4280, 0, 0, 0
69400, 4499, 0, 0, 0
69404, 15336, 1, 0, 0
69500, 14313, 1, 0, 0
69501, 4496, 0, 0, 0
69600, 3944, 0, 0, 0
69601, 12150, 1, 0, 0
69700, 14469, 1, 0, 0
69702, 3689, 0, 0, 0
69800, 4251, 0, 0, 0
69802, 13023, 1, 0, 0
69900, 3876, 0, 0, 0
69903, 15996, 1, 0, 0
70000, 3726, 0, 0, 0
70005, 15376, 1, 0, 0
70100, 4475, 0, 0, 0
70102, 14111, 1, 0, 0
70200, 4440, 0, 0, 0
70202, 15633, 1, 0, 0
70301, 4430, 0, 0, 0
70301, 15131, 1, 0, 0
70400, 4434, 0, 0, 0
70402, 17434, 1, 0, 0
70501, 3828, 0, 0, 0
70505, 11686, 1, 0, 0
70601, 4262, 0, 0, 0
70602, 14657, 1, 0, 0
70701, 3919, 0, 0, 0
70703, 14813, 1, 0, 0
70800, 4722, 0, 0, 0
70800, 14359, 1, 0, 0
70900, 4350, 0, 0, 0
70904, 14292, 1, 0, 0
71000, 4148, 0, 0, 0
71003, 12768, 1, 0, 0
71101, 4422, 0, 0, 0
71104, 13484, 1, 0, 0
71200, 12722, 1, 0, 0
71201, 3830, 0, 0, 0
71301, 16072, 1, 0, 0
71303, 4243, 0, 0, 0
71400, 5087, 0, 0, 0
71402, 19899, 1, 0, 0
71500, 16712, 1, 0, 0
71502, 5211, 0, 0, 0
71600, 4115, 0, 0, 0
71601, 13510, 1, 0, 0
71700, 4009, 0, 0, 0
71702, 13569, 1, 0, 0
71800, 5493, 0, 0, 0
71802, 16878, 1, 0, 0
71900, 4695, 0, 0, 0
71902, 15961, 1, 0, 0
72000, 4320, 0, 0, 0
72001, 14535, 1, 0, 0
72100, 3668, 0, 0, 0
72103, 14017, 1, 0, 0
72200, 4754, 0, 0, 0
72201, 15121, 1, 0, 0
72300, 4465, 0, 0, 0
72301, 16152, 1, 0, 0
72400, 4351, 0, 0, 0
72401, 14985, 1, 0, 0
72500, 12264, 1, 0, 0
72501, 2938, 0, 0, 0
72600, 4807, 0, 0, 0
72601, 17230, 1, 0, 0
72700, 4363, 0, 0, 0
72700, 11821, 1, 0, 0
72800, 3842, 0, 0, 0
72801, 13018, 1, 0, 0
72901, 4344, 0, 0, 0
72904, 15148, 1, 0, 0
73000, 3834, 0, 0, 0
73001, 13659, 1, 0, 0
73100, 2882, 0, 0, 0
73102, 13603, 1, 0, 0
73201, 4701, 0, 0, 0
73202, 17846, 1, 0, 0
73300, 3582, 0, 0, 0
73300, 15498, 1, 0, 0
73400, 5020, 0, 0, 0
73403, 18490, 1, 0, 0
73500, 4873, 0, 0, 0
73504, 21522, 1, 0, 0
73600, 6005, 0, 0, 0
73602, 20957, 1, 0, 0
73700, 6089, 0, 0, 0
73703, 20749, 1, 0, 0
73801, 6535, 0, 0, 0
73804, 22414, 1, 0, 0
73901, 25406, 1, 0, 0
73904, 6208, 0, 0, 0
74001, 21834, 1, 0, 0
74005, 5598, 0, 0, 0
74100, 6021, 0, 0, 0
74103, 20294, 1, 0, 0
74200, 4896, 0, 0, 0
74201, 20145, 1, 0, 0
74300, 18785, 1, 0, 0
74301, 4231, 0, 0, 0
74400, 16922, 1, 0, 0
74401, 4876, 0, 0, 0
74500, 14390, 1, 0, 0
74502, 3758, 0, 0, 0
74600, 3781, 0, 0, 0
74602, 16976, 1, 0, 0
74701, 16668, 1, 0, 0
74703, 4635, 0, 0, 0
74801, 6726, 0, 0, 0
74801, 19875, 1, 0, 0
74900, 5921, 0, 0, 0
74901, 21969, 1, 0, 0
75000, 5723, 0, 0, 0
75003, 20455, 1, 0, 0
75100, 5950, 0, 0, 0
75100, 19319, 1, 0, 0
75200, 5064, 0, 0, 0
75201, 20290, 1, 0, 0
75300, 15192, 1, 0, 0
75302, 4275, 0, 0, 0
75400, 4317, 0, 0, 0
75402, 19973, 1, 0, 0
75500, 4567, 0, 0, 0
75502, 19389, 1, 0, 0
75600, 16472, 1, 0, 0
75603, 4382, 0, 0, 0
75700, 19406, 1, 0, 0
75701, 4722, 0, 0, 0
75800, 4817, 0, 0, 0
75806, 14598, 1, 0, 0
75900, 16746, 1, 0, 0
75903, 5184, 0, 0, 0
76000, 4403, 0, 0, 0
76000, 18755, 1, 0, 0
76100, 6235, 0, 0, 0
76101, 18038, 1, 0, 0
76201, 5784, 0, 0, 0
76205, 22068, 1, 0, 0
76300, 5679, 0, 0, 0
76308, 21166, 1, 0, 0
76400, 19714, 1, 0, 0
76401, 5436, 0, 0, 0
76500, 5705, 0, 0, 0
76505, 22797, 1, 0, 0
76600, 5360, 0, 0, 0
76603, 20694, 1, 0, 0
76700, 4883, 0, 0, 0
76703, 19306, 1, 0, 0
76800, 3925, 0, 0, 0
76801, 14877, 1, 0, 0
76900, 3355, 0, 0, 0
76902, 16343, 1, 0, 0
77000, 3498, 0, 0, 0
77001, 19656, 1, 0, 0
77100, 3323, 0, 0, 0
77101, 14356, 1, 0, 0
77201, 5249, 0, 0, 0
77204, 20699, 1, 0, 0
77300, 5153, 0, 0, 0
77308, 20936, 1, 0, 0
77400, 6290, 0, 0, 0
77401, 23536, 1, 0, 0
77500, 5676, 0, 0, 0
77502, 20111, 1, 0, 0
77600, 5316, 0, 0, 0
77605, 21830, 1, 0, 0
77700, 5528, 0, 0, 0
77702, 20556, 1, 0, 0
77801, 5968, 0, 0, 0
77805, 23507, 1, 0, 0
77900, 5347, 0, 0, 0
77901, 23195, 1, 0, 0
78000, 5040, 0, 0, 0
78000, 20829, 1, 0, 0
78100, 5704, 0, 0, 0
78101, 20930, 1, 0, 0
78201, 3572, 0, 0, 0
78202, 17415, 1, 0, 0
78301, 4775, 0, 0, 0
78305, 21551, 1, 0, 0
78400, 5556, 0, 0, 0
78401, 22010, 1, 0, 0
78500, 22853, 1, 0, 0
78504, 5584, 0, 0, 0
78600, 5281, 0, 0, 0
78601, 23204, 1, 0, 0
78700, 5240, 0, 0, 0
78702, 20664, 1, 0, 0
78800, 22619, 1, 0, 0
78801, 5895, 0, 0, 0
78900, 5022, 0, 0, 0
78902, 20408, 1, 0, 0
79000, 4869, 0, 0, 0
79002, 19436, 1, 0, 0
79100, 5269, 0, 0, 0
79104, 25910, 1, 0, 0
79200, 5621, 0, 0, 0
79202, 18912, 1, 0, 0
79300, 4566, 0, 0, 0
79300, 19955, 1, 0, 0
79400, 4781, 0, 0, 0
79403, 16408, 1, 0, 0
79500, 19574, 1, 0, 0
79501, 4027, 0, 0, 0
79600, 4139, 0, 0, 0
79602, 19967, 1, 0, 0
79700, 5125, 0, 0, 0
79703, 24396, 1, 0, 0
79800, 6998, 0, 0, 0
79802, 21289, 1, 0, 0
79900, 21810, 1, 0, 0
79901, 5457, 0, 0, 0
80000, 5513, 0, 0, 0
80001, 24712, 1, 0, 0
80100, 21784, 1, 0, 0
80103, 5690, 0, 0, 0
80200, 5601, 0, 0, 0
80205, 25455, 1, 0, 0
80300, 25289, 1, 0, 0
80301, 5251, 0, 0, 0
80400, 6022, 0, 0, 0
80401, 21465, 1, 0, 0
80500, 5663, 0, 0, 0
80501, 20254, 1, 0, 0
80600, 6068, 0, 0, 0
80602, 24375, 1, 0, 0
80701, 23567, 1, 0, 0
80704, 6921, 0, 0, 0
80801, 24148, 1, 0, 0
80802, 5018, 0, 0, 0
80901, 25013, 1, 0, 0
80903, 6137, 0, 0, 0
81000, 5954, 0, 0, 0
81001, 23351, 1, 0, 0
81100, 6147, 0, 0, 0
81103, 22397, 1, 0, 0
81200, 6277, 0, 0, 0
81202, 24282, 1, 0, 0
81301, 5613, 0, 0, 0
81302, 18146, 1, 0, 0
81400, 4756, 0, 0, 0
81413, 21306, 1, 0, 0
81501, 18084, 1, 0, 0
81504, 4422, 0, 0, 0
81600, 19499, 1, 0, 0
81601, 3527, 0, 0, 0
81700, 15240, 1, 0, 0
81701, 3532, 0, 0, 0
81800, 16968, 1, 0, 0
81802, 3972, 0, 0, 0
81900, 4045, 0, 0, 0
81903, 16508, 1, 0, 0
82000, 16074, 1, 0, 0
82001, 3446, 0, 0, 0
82100, 5125, 0, 0, 0
82100, 19380, 1, 0, 0
82200, 5128, 0, 0, 0
82202, 23051, 1, 0, 0
82300, 5106, 0, 0, 0
82302, 20784, 1, 0, 0
82400, 5221, 0, 0, 0
82403, 22676, 1, 0, 0
82500, 5382, 0, 0, 0
82501, 21331, 1, 0, 0
82600, 19575, 1, 0, 0
82601, 5764, 0, 0, 0
82701, 5000, 0, 0, 0
82703, 19973, 1, 0, 0
82801, 5076, 0, 0, 0
82801, 22913, 1, 0, 0
82900, 19062, 1, 0, 0
82901, 5445, 0, 0, 0
83000, 20641, 1, 0, 0
83001, 5368, 0, 0, 0
83100, 5888, 0, 0, 0
83102, 24758, 1, 0, 0
83200, 4620, 0, 0, 0
83203, 21358, 1, 0, 0
83300, 3415, 0, 0, 0
83303, 17543, 1, 0, 0
83400, 4087, 0, 0, 0
83401, 19710, 1, 0, 0
83500, 4547, 0, 0, 0
83503, 20721, 1, 0, 0
83600, 5262, 0, 0, 0
83607, 20439, 1, 0, 0
83700, 5990, 0, 0, 0
83701, 18850, 1, 0, 0
83800, 5607, 0, 0, 0
83803, 19873, 1, 0, 0
83900, 5110, 0, 0, 0
83906, 22953, 1, 0, 0
84000, 5824, 0, 0, 0
84000, 22108, 1, 0, 0
84100, 3942, 0, 0, 0
84101, 16654, 1, 0, 0
84200, 4577, 0, 0, 0
84202, 17486, 1, 0, 0
84300, 4342, 0, 0, 0
84302, 17997, 1, 0, 0
84400, 16782, 1, 0, 0
84402, 3650, 0, 0, 0
84500, 5220, 0, 0, 0
84501, 19429, 1, 0, 0
84600, 5257, 0, 0, 0
84600, 23024, 1, 0, 0
84700, 4771, 0, 0, 0
84703, 17799, 1, 0, 0
84800, 5309, 0, 0, 0
84802, 20966, 1, 0, 0
84900, 5807, 0, 0, 0
84901, 22022, 1, 0, 0
85000, 4963, 0, 0, 0
85003, 20036, 1, 0, 0
85100, 4912, 0, 0, 0
85101, 21360, 1, 0, 0
85201, 4914, 0, 0, 0
85209, 21202, 1, 0, 0
85300, 22987, 1, 0, 0
85301, 4574, 0, 0, 0
85400, 20168, 1, 0, 0
85402, 3580, 0, 0, 0
85500, 4563, 0, 0, 0
85502, 20622, 1, 0, 0
85600, 3883, 0, 0, 0
85601, 17503, 1, 0, 0
85700, 19921, 1, 0, 0
85702, 5287, 0, 0, 0
85800, 5881, 0, 0, 0
85801, 21783, 1, 0, 0
85901, 4746, 0, 0, 0
85905, 19438, 1, 0, 0
86000, 23557, 1, 0, 0
86002, 5318, 0, 0, 0
86100, 20795, 1, 0, 0
86102, 5270, 0, 0, 0
86200, 6415, 0, 0, 0
86202, 21791, 1, 0, 0
86300, 5795, 0, 0, 0
86303, 20782, 1, 0, 0
86400, 5230, 0, 0, 0
86412, 19740, 1, 0, 0
86501, 18154, 1, 0, 0
86502, 4335, 0, 0, 0
86600, 17699, 1, 0, 0
86601, 4246, 0, 0, 0
86700, 3584, 0, 0, 0
86701, 16114, 1, 0, 0
86800, 3162, 0, 0, 0
86802, 15742, 1, 0, 0
86900, 4082, 0, 0, 0
86903, 20555, 1, 0, 0
87000, 5432, 0, 0, 0
87001, 23019, 1, 0, 0
87100, 6012, 0, 0, 0
87101, 18765, 1, 0, 0
87200, 24248, 1, 0, 0
87201, 6111, 0, 0, 0
87300, 4566, 0, 0, 0
87302, 20351, 1, 0, 0
87400, 5005, 0, 0, 0
87409, 22050, 1, 0, 0
87500, 21260, 1, 0, 0
87502, 5010, 0, 0, 0
87600, 5105, 0, 0, 0
87600, 19943, 1, 0, 0
87700, 4297, 0, 0, 0
87703, 20975, 1, 0, 0
87800, 4472, 0, 0, 0
87803, 22658, 1, 0, 0
87900, 5810, 0, 0, 0
87901, 21621, 1, 0, 0
88001, 21221, 1, 0, 0
88004, 5790, 0, 0, 0
88101, 6589, 0, 0, 0
88111, 24805, 1, 0, 0
88200, 5339, 0, 0, 0
88203, 21726, 1, 0, 0
88301, 4450, 0, 0, 0
88301, 17825, 1, 0, 0
88400, 4419, 0, 0, 0
88401, 16805, 1, 0, 0
88500, 19902, 1, 0, 0
88502, 4458, 0, 0, 0
88600, 3848, 0, 0, 0
88602, 18793, 1, 0, 0
88700, 5280, 0, 0, 0
88701, 19298, 1, 0, 0
88800, 18683, 1, 0, 0
88801, 5011, 0, 0, 0
88900, 5510, 0, 0, 0
88901, 16904, 1, 0, 0
89001, 3838, 0, 0, 0
89001, 17086, 1, 0, 0
89100, 4486, 0, 0, 0
89102, 18721, 1, 0, 0
89200, 3904, 0, 0, 0
89203, 17639, 1, 0, 0
89300, 22218, 1, 0, 0
89302, 5139, 0, 0, 0
89400, 19439, 1, 0, 0
89402, 5070, 0, 0, 0
89501, 21680, 1, 0, 0
89502, 5694, 0, 0, 0
89601, 5140, 0, 0, 0
89602, 19862, 1, 0, 0
89700, 20566, 1, 0, 0
89701, 5407, 0, 0, 0
89800, 16381, 1, 0, 0
89804, 4569, 0, 0, 0
89900, 5040, 0, 0, 0
89905, 20868, 1, 0, 0
90000, 5208, 0, 0, 0
90000, 21864, 1, 0, 0
