250, 3492, 0, 0, 0
350, 3410, 0, 0, 0
450, 3550, 0, 0, 0
550, 3430, 0, 0, 0
650, 3520, 0, 0, 0
749, 3606, 0, 0, 0
849, 3360, 0, 0, 0
949, 3430, 0, 0, 0
1049, 3470, 0, 0, 0
1150, 3440, 0, 0, 0
1250, 3510, 0, 0, 0
1350, 3530, 0, 0, 0
1450, 3540, 0, 0, 0
1550, 3560, 0, 0, 0
1650, 3460, 0, 0, 0
1749, 3444, 0, 0, 0
1849, 3530, 0, 0, 0
1949, 3460, 0, 0, 0
2049, 3620, 0, 0, 0
2149, 3650, 0, 0, 0
2250, 3550, 0, 0, 0
2350, 3490, 0, 0, 0
2450, 3580, 0, 0, 0
2550, 3530, 0, 0, 0
2650, 3600, 0, 0, 0
2749, 3494, 0, 0, 0
2849, 3360, 0, 0, 0
2949, 3520, 0, 0, 0
3049, 3560, 0, 0, 0
3149, 3580, 0, 0, 0
3250, 3500, 0, 0, 0
3350, 3440, 0, 0, 0
3450, 3230, 0, 0, 0
3550, 3410, 0, 0, 0
3650, 3540, 0, 0, 0
3749, 3575, 0, 0, 0
3849, 3660, 0, 0, 0
3949, 3520, 0, 0, 0
4049, 3500, 0, 0, 0
4150, 3350, 0, 0, 0
4250, 3420, 0, 0, 0
4350, 3470, 0, 0, 0
4450, 3460, 0, 0, 0
4550, 3510, 0, 0, 0
4650, 3590, 0, 0, 0
4749, 3353, 0, 0, 0
4849, 3630, 0, 0, 0
4949, 3560, 0, 0, 0
5049, 3540, 0, 0, 0
5150, 3400, 0, 0, 0
5249, 3545, 0, 0, 0
5349, 3580, 0, 0, 0
5449, 3520, 0, 0, 0
5549, 3510, 0, 0, 0
5649, 3590, 0, 0, 0
5749, 3540, 0, 0, 0
5849, 3530, 0, 0, 0
5949, 3610, 0, 0, 0
6050, 3490, 0, 0, 0
6150, 3510, 0, 0, 0
6249, 3464, 0, 0, 0
6349, 3560, 0, 0, 0
6449, 3490, 0, 0, 0
6549, 3530, 0, 0, 0
6649, 3540, 0, 0, 0
6749, 3630, 0, 0, 0
6849, 3500, 0, 0, 0
6949, 3460, 0, 0, 0
7050, 3540, 0, 0, 0
7150, 3560, 0, 0, 0
7249, 3535, 0, 0, 0
7349, 3420, 0, 0, 0
7449, 3550, 0, 0, 0
7549, 3600, 0, 0, 0
7649, 3380, 0, 0, 0
7749, 3440, 0, 0, 0
7849, 3420, 0, 0, 0
7949, 3550, 0, 0, 0
8049, 3440, 0, 0, 0
8150, 3410, 0, 0, 0
8249, 3343, 0, 0, 0
8349, 3520, 0, 0, 0
8449, 3430, 0, 0, 0
8549, 3340, 0, 0, 0
8649, 3490, 0, 0, 0
8749, 3470, 0, 0, 0
8849, 3630, 0, 0, 0
8949, 3530, 0, 0, 0
9050, 3540, 0, 0, 0
9150, 3500, 0, 0, 0
9249, 3565, 0, 0, 0
9349, 3410, 0, 0, 0
9449, 3310, 0, 0, 0
9549, 3420, 0, 0, 0
9649, 3580, 0, 0, 0
9749, 3590, 0, 0, 0
9849, 3570, 0, 0, 0
9949, 3500, 0, 0, 0
10050, 3540, 0, 0, 0
10150, 3520, 0, 0, 0
10249, 3454, 0, 0, 0
10349, 3460, 0, 0, 0
10449, 3470, 0, 0, 0
10549, 3410, 0, 0, 0
10649, 3570, 0, 0, 0
10749, 3390, 0, 0, 0
10849, 3540, 0, 0, 0
10949, 3440, 0, 0, 0
11050, 3540, 0, 0, 0
11150, 3450, 0, 0, 0
11249, 3414, 0, 0, 0
11349, 3470, 0, 0, 0
11449, 3410, 0, 0, 0
11549, 3480, 0, 0, 0
11649, 3650, 0, 0, 0
11749, 3460, 0, 0, 0
11850, 3440, 0, 0, 0
11950, 3520, 0, 0, 0
12050, 3490, 0, 0, 0
12150, 3640, 0, 0, 0
12249, 3626, 0, 0, 0
12349, 3430, 0, 0, 0
12449, 3450, 0, 0, 0
12549, 3520, 0, 0, 0
12649, 3550, 0, 0, 0
12749, 3510, 0, 0, 0
12850, 3670, 0, 0, 0
12950, 3430, 0, 0, 0
13050, 3620, 0, 0, 0
13150, 3430, 0, 0, 0
13249, 3515, 0, 0, 0
13349, 3570, 0, 0, 0
13449, 3560, 0, 0, 0
13549, 3500, 0, 0, 0
13649, 3570, 0, 0, 0
13750, 3530, 0, 0, 0
13850, 3520, 0, 0, 0
13950, 3510, 0, 0, 0
14050, 3530, 0, 0, 0
14150, 3510, 0, 0, 0
14249, 3505, 0, 0, 0
14349, 3540, 0, 0, 0
14449, 3370, 0, 0, 0
14549, 3540, 0, 0, 0
14649, 3630, 0, 0, 0
14750, 3530, 0, 0, 0
14850, 3460, 0, 0, 0
14950, 3450, 0, 0, 0
15050, 3500, 0, 0, 0
15150, 3630, 0, 0, 0
15249, 3353, 0, 0, 0
15349, 3550, 0, 0, 0
15449, 3480, 0, 0, 0
15549, 3520, 0, 0, 0
15649, 3480, 0, 0, 0
15750, 3510, 0, 0, 0
15850, 3490, 0, 0, 0
15950, 3430, 0, 0, 0
16050, 3510, 0, 0, 0
16150, 3520, 0, 0, 0
16249, 3575, 0, 0, 0
16349, 3430, 0, 0, 0
16449, 3400, 0, 0, 0
16549, 3380, 0, 0, 0
16649, 3450, 0, 0, 0
16750, 3530, 0, 0, 0
16850, 3440, 0, 0, 0
16950, 3520, 0, 0, 0
17050, 3460, 0, 0, 0
17150, 3640, 0, 0, 0
17249, 3454, 0, 0, 0
17349, 3520, 0, 0, 0
17449, 3480, 0, 0, 0
17549, 3590, 0, 0, 0
17650, 3580, 0, 0, 0
17749, 3535, 0, 0, 0
17849, 3550, 0, 0, 0
17949, 3560, 0, 0, 0
18049, 3470, 0, 0, 0
18149, 3460, 0, 0, 0
18249, 3540, 0, 0, 0
18349, 3440, 0, 0, 0
18449, 3580, 0, 0, 0
18550, 3480, 0, 0, 0
18650, 3580, 0, 0, 0
18749, 3464, 0, 0, 0
18849, 3570, 0, 0, 0
18949, 3530, 0, 0, 0
19049, 3520, 0, 0, 0
19149, 3540, 0, 0, 0
19249, 3440, 0, 0, 0
19349, 3550, 0, 0, 0
19449, 3420, 0, 0, 0
19550, 3550, 0, 0, 0
19650, 3540, 0, 0, 0
19749, 3414, 0, 0, 0
19849, 3540, 0, 0, 0
19949, 3490, 0, 0, 0
20049, 3520, 0, 0, 0
20149, 3490, 0, 0, 0
20249, 3490, 0, 0, 0
20349, 3620, 0, 0, 0
20449, 3460, 0, 0, 0
20550, 3570, 0, 0, 0
20650, 3580, 0, 0, 0
20749, 3575, 0, 0, 0
20849, 3440, 0, 0, 0
20949, 3390, 0, 0, 0
21049, 3390, 0, 0, 0
21149, 3470, 0, 0, 0
21249, 3470, 0, 0, 0
21349, 3460, 0, 0, 0
21449, 3440, 0, 0, 0
21550, 3450, 0, 0, 0
21650, 3340, 0, 0, 0
21749, 3515, 0, 0, 0
21849, 3410, 0, 0, 0
21949, 3610, 0, 0, 0
22049, 3450, 0, 0, 0
22149, 3550, 0, 0, 0
22249, 3540, 0, 0, 0
22349, 3520, 0, 0, 0
22449, 3510, 0, 0, 0
22550, 3470, 0, 0, 0
22650, 3470, 0, 0, 0
22749, 3404, 0, 0, 0
22849, 3500, 0, 0, 0
22949, 3480, 0, 0, 0
23049, 3390, 0, 0, 0
23149, 3470, 0, 0, 0
23249, 3570, 0, 0, 0
23349, 3490, 0, 0, 0
23449, 3520, 0, 0, 0
23550, 3580, 0, 0, 0
23650, 3460, 0, 0, 0
23749, 3595, 0, 0, 0
23849, 3540, 0, 0, 0
23949, 3510, 0, 0, 0
24049, 3410, 0, 0, 0
24149, 3480, 0, 0, 0
24249, 3460, 0, 0, 0
24349, 3450, 0, 0, 0
24449, 3410, 0, 0, 0
24550, 3490, 0, 0, 0
24650, 3530, 0, 0, 0
24749, 3555, 0, 0, 0
24849, 3560, 0, 0, 0
24949, 3590, 0, 0, 0
25049, 3660, 0, 0, 0
25149, 3540, 0, 0, 0
25249, 3640, 0, 0, 0
25349, 3550, 0, 0, 0
25449, 3630, 0, 0, 0
25550, 3530, 0, 0, 0
25650, 3480, 0, 0, 0
25749, 3404, 0, 0, 0
25849, 3600, 0, 0, 0
25949, 3440, 0, 0, 0
26049, 3560, 0, 0, 0
26149, 3510, 0, 0, 0
26249, 3430, 0, 0, 0
26349, 3500, 0, 0, 0
26449, 3540, 0, 0, 0
26550, 3530, 0, 0, 0
26650, 3550, 0, 0, 0
26749, 3363, 0, 0, 0
26849, 3460, 0, 0, 0
26949, 3580, 0, 0, 0
27049, 3530, 0, 0, 0
27149, 3470, 0, 0, 0
27249, 3470, 0, 0, 0
27349, 3630, 0, 0, 0
27449, 3440, 0, 0, 0
27550, 3530, 0, 0, 0
27650, 3460, 0, 0, 0
27749, 3434, 0, 0, 0
27849, 3520, 0, 0, 0
27949, 3430, 0, 0, 0
28049, 3470, 0, 0, 0
28149, 3540, 0, 0, 0
28249, 3590, 0, 0, 0
28349, 3540, 0, 0, 0
28449, 3540, 0, 0, 0
28550, 3420, 0, 0, 0
28650, 3460, 0, 0, 0
28749, 3404, 0, 0, 0
28849, 3520, 0, 0, 0
28949, 3560, 0, 0, 0
29049, 3560, 0, 0, 0
29149, 3460, 0, 0, 0
29249, 3540, 0, 0, 0
29349, 3710, 0, 0, 0
29449, 3440, 0, 0, 0
29550, 3420, 0, 0, 0
29650, 3420, 0, 0, 0
29749, 3333, 0, 0, 0
29849, 3390, 0, 0, 0
29949, 3480, 0, 0, 0
30049, 3450, 0, 0, 0
30149, 3680, 0, 0, 0
30249, 3560, 0, 0, 0
30349, 3490, 0, 0, 0
30449, 3550, 0, 0, 0
30550, 3460, 0, 0, 0
30650, 3540, 0, 0, 0
30749, 3525, 0, 0, 0
30849, 3290, 0, 0, 0
30949, 3600, 0, 0, 0
31049, 3610, 0, 0, 0
31149, 3560, 0, 0, 0
31249, 3330, 0, 0, 0
31349, 3470, 0, 0, 0
31450, 3400, 0, 0, 0
31550, 3640, 0, 0, 0
31650, 3560, 0, 0, 0
31749, 3525, 0, 0, 0
31849, 3420, 0, 0, 0
31949, 3490, 0, 0, 0
32049, 3550, 0, 0, 0
32149, 3520, 0, 0, 0
32249, 3580, 0, 0, 0
32349, 3490, 0, 0, 0
32450, 3530, 0, 0, 0
32550, 3590, 0, 0, 0
32650, 3480, 0, 0, 0
32749, 3565, 0, 0, 0
32849, 3650, 0, 0, 0
32949, 3410, 0, 0, 0
33049, 3380, 0, 0, 0
33149, 3540, 0, 0, 0
33249, 3500, 0, 0, 0
33349, 3530, 0, 0, 0
33450, 3590, 0, 0, 0
33550, 3570, 0, 0, 0
33650, 3600, 0, 0, 0
33749, 3363, 0, 0, 0
33849, 3600, 0, 0, 0
33949, 3520, 0, 0, 0
34049, 3610, 0, 0, 0
34149, 3620, 0, 0, 0
34249, 3510, 0, 0, 0
34349, 3590, 0, 0, 0
34449, 3380, 0, 0, 0
34550, 3590, 0, 0, 0
34650, 3540, 0, 0, 0
34749, 3616, 0, 0, 0
34849, 3430, 0, 0, 0
34949, 3660, 0, 0, 0
35049, 3400, 0, 0, 0
35149, 3340, 0, 0, 0
35249, 3380, 0, 0, 0
35349, 3450, 0, 0, 0
35450, 3560, 0, 0, 0
35550, 3550, 0, 0, 0
35650, 3420, 0, 0, 0
35749, 3232, 0, 0, 0
35849, 3330, 0, 0, 0
35949, 3620, 0, 0, 0
36049, 3520, 0, 0, 0
36149, 3480, 0, 0, 0
36249, 3540, 0, 0, 0
36349, 3520, 0, 0, 0
36449, 3550, 0, 0, 0
36550, 3540, 0, 0, 0
36650, 3490, 0, 0, 0
36749, 3474, 0, 0, 0
36849, 3540, 0, 0, 0
36949, 3500, 0, 0, 0
37049, 3470, 0, 0, 0
37149, 3610, 0, 0, 0
37249, 3510, 0, 0, 0
37350, 3520, 0, 0, 0
37450, 3510, 0, 0, 0
37550, 3640, 0, 0, 0
37650, 3690, 0, 0, 0
37749, 3565, 0, 0, 0
37849, 3450, 0, 0, 0
37949, 3430, 0, 0, 0
38049, 3490, 0, 0, 0
38149, 3410, 0, 0, 0
38250, 3640, 0, 0, 0
38350, 3660, 0, 0, 0
38450, 3450, 0, 0, 0
38550, 3520, 0, 0, 0
38650, 3470, 0, 0, 0
38749, 3525, 0, 0, 0
38849, 3560, 0, 0, 0
38949, 3510, 0, 0, 0
39049, 3580, 0, 0, 0
39149, 3610, 0, 0, 0
39250, 3580, 0, 0, 0
39350, 3430, 0, 0, 0
39450, 3500, 0, 0, 0
39550, 3490, 0, 0, 0
39650, 3660, 0, 0, 0
39749, 3575, 0, 0, 0
39849, 3560, 0, 0, 0
39949, 3540, 0, 0, 0
40049, 3600, 0, 0, 0
40149, 3470, 0, 0, 0
40250, 3480, 0, 0, 0
40350, 3440, 0, 0, 0
40450, 3590, 0, 0, 0
40550, 3630, 0, 0, 0
40650, 3550, 0, 0, 0
40749, 3595, 0, 0, 0
40849, 3520, 0, 0, 0
40949, 3490, 0, 0, 0
41049, 3500, 0, 0, 0
41149, 3430, 0, 0, 0
41250, 3530, 0, 0, 0
41350, 3610, 0, 0, 0
41450, 3590, 0, 0, 0
41550, 3560, 0, 0, 0
41650, 3510, 0, 0, 0
41749, 3545, 0, 0, 0
41849, 3470, 0, 0, 0
41949, 3680, 0, 0, 0
42049, 3550, 0, 0, 0
42149, 3550, 0, 0, 0
42250, 3470, 0, 0, 0
42350, 3480, 0, 0, 0
42450, 3550, 0, 0, 0
42550, 3600, 0, 0, 0
42650, 3490, 0, 0, 0
42749, 3595, 0, 0, 0
42849, 3590, 0, 0, 0
42949, 3570, 0, 0, 0
43049, 3540, 0, 0, 0
43149, 3530, 0, 0, 0
43250, 3520, 0, 0, 0
43350, 3490, 0, 0, 0
43450, 3430, 0, 0, 0
43550, 3540, 0, 0, 0
43650, 3520, 0, 0, 0
43749, 3515, 0, 0, 0
43849, 3530, 0, 0, 0
43949, 3590, 0, 0, 0
44049, 3540, 0, 0, 0
44150, 3400, 0, 0, 0
44250, 3530, 0, 0, 0
44350, 3590, 0, 0, 0
44450, 3520, 0, 0, 0
44550, 3550, 0, 0, 0
44650, 3660, 0, 0, 0
44749, 3525, 0, 0, 0
44849, 3520, 0, 0, 0
44949, 3730, 0, 0, 0
45050, 3420, 0, 0, 0
45150, 3630, 0, 0, 0
45249, 3474, 0, 0, 0
45349, 3570, 0, 0, 0
45449, 3590, 0, 0, 0
45549, 3550, 0, 0, 0
45649, 3530, 0, 0, 0
45749, 3430, 0, 0, 0
45849, 3530, 0, 0, 0
45949, 3610, 0, 0, 0
46050, 3530, 0, 0, 0
46150, 3530, 0, 0, 0
46249, 3525, 0, 0, 0
46349, 3490, 0, 0, 0
46449, 3560, 0, 0, 0
46549, 3680, 0, 0, 0
46649, 3580, 0, 0, 0
46749, 3660, 0, 0, 0
46849, 3580, 0, 0, 0
46949, 3520, 0, 0, 0
47050, 3520, 0, 0, 0
47150, 3550, 0, 0, 0
47249, 3555, 0, 0, 0
47349, 3470, 0, 0, 0
47449, 3500, 0, 0, 0
47549, 3510, 0, 0, 0
47649, 3680, 0, 0, 0
47749, 3360, 0, 0, 0
47849, 3470, 0, 0, 0
47949, 3460, 0, 0, 0
48050, 3570, 0, 0, 0
48150, 3420, 0, 0, 0
48249, 3515, 0, 0, 0
48349, 3540, 0, 0, 0
48449, 3520, 0, 0, 0
48549, 3380, 0, 0, 0
48649, 3520, 0, 0, 0
48749, 3630, 0, 0, 0
48849, 3410, 0, 0, 0
48949, 3600, 0, 0, 0
49050, 3580, 0, 0, 0
49150, 3500, 0, 0, 0
49249, 3585, 0, 0, 0
49349, 3550, 0, 0, 0
49449, 3590, 0, 0, 0
49549, 3420, 0, 0, 0
49649, 3470, 0, 0, 0
49749, 3590, 0, 0, 0
49849, 3410, 0, 0, 0
49949, 3690, 0, 0, 0
50050, 3570, 0, 0, 0
50150, 3420, 0, 0, 0
50249, 3494, 0, 0, 0
50349, 3520, 0, 0, 0
50449, 3550, 0, 0, 0
50549, 3590, 0, 0, 0
50649, 3570, 0, 0, 0
50749, 3620, 0, 0, 0
50849, 3560, 0, 0, 0
50949, 3410, 0, 0, 0
51050, 3660, 0, 0, 0
51150, 3540, 0, 0, 0
51249, 3595, 0, 0, 0
51349, 3500, 0, 0, 0
51449, 3620, 0, 0, 0
51549, 3470, 0, 0, 0
51649, 3360, 0, 0, 0
51749, 3360, 0, 0, 0
51849, 3600, 0, 0, 0
51949, 3460, 0, 0, 0
52050, 3480, 0, 0, 0
52150, 3540, 0, 0, 0
52249, 3505, 0, 0, 0
52349, 3470, 0, 0, 0
52449, 3440, 0, 0, 0
52549, 3670, 0, 0, 0
52649, 3570, 0, 0, 0
52749, 3520, 0, 0, 0
52849, 3640, 0, 0, 0
52950, 3510, 0, 0, 0
53050, 3550, 0, 0, 0
53150, 3620, 0, 0, 0
53249, 3494, 0, 0, 0
53349, 3510, 0, 0, 0
53449, 3400, 0, 0, 0
53549, 3600, 0, 0, 0
53649, 3500, 0, 0, 0
53750, 3460, 0, 0, 0
53850, 3410, 0, 0, 0
53950, 3500, 0, 0, 0
54050, 3590, 0, 0, 0
54150, 3550, 0, 0, 0
54249, 3575, 0, 0, 0
54349, 3560, 0, 0, 0
54449, 3550, 0, 0, 0
54549, 3530, 0, 0, 0
54649, 3460, 0, 0, 0
54750, 3570, 0, 0, 0
54850, 3600, 0, 0, 0
54950, 3680, 0, 0, 0
55050, 3520, 0, 0, 0
55150, 3500, 0, 0, 0
55249, 3565, 0, 0, 0
55349, 3460, 0, 0, 0
55449, 3550, 0, 0, 0
55549, 3460, 0, 0, 0
55650, 3630, 0, 0, 0
55749, 3464, 0, 0, 0
55849, 3480, 0, 0, 0
55949, 3570, 0, 0, 0
56049, 3440, 0, 0, 0
56149, 3450, 0, 0, 0
56249, 3540, 0, 0, 0
56349, 3420, 0, 0, 0
56449, 3520, 0, 0, 0
56550, 3510, 0, 0, 0
56650, 3510, 0, 0, 0
56749, 3616, 0, 0, 0
56849, 3440, 0, 0, 0
56949, 3470, 0, 0, 0
57049, 3460, 0, 0, 0
57149, 3580, 0, 0, 0
57249, 3510, 0, 0, 0
57349, 3380, 0, 0, 0
57449, 3470, 0, 0, 0
57550, 3410, 0, 0, 0
57650, 3490, 0, 0, 0
57749, 3555, 0, 0, 0
57849, 3400, 0, 0, 0
57949, 3360, 0, 0, 0
58049, 3530, 0, 0, 0
58149, 3510, 0, 0, 0
58249, 3580, 0, 0, 0
58349, 3600, 0, 0, 0
58449, 3380, 0, 0, 0
58550, 3560, 0, 0, 0
58650, 3470, 0, 0, 0
58749, 3444, 0, 0, 0
58849, 3550, 0, 0, 0
58949, 3560, 0, 0, 0
59049, 3630, 0, 0, 0
59149, 3610, 0, 0, 0
59249, 3620, 0, 0, 0
59349, 3600, 0, 0, 0
59449, 3480, 0, 0, 0
59550, 3570, 0, 0, 0
59650, 3550, 0, 0, 0
59749, 3444, 0, 0, 0
59849, 3400, 0, 0, 0
59949, 3410, 0, 0, 0
60049, 3550, 0, 0, 0
60149, 3400, 0, 0, 0
60249, 3360, 0, 0, 0
60349, 3420, 0, 0, 0
60450, 3320, 0, 0, 0
60550, 3500, 0, 0, 0
60650, 3400, 0, 0, 0
60749, 3575, 0, 0, 0
60849, 3490, 0, 0, 0
60949, 3500, 0, 0, 0
61049, 3380, 0, 0, 0
61149, 3500, 0, 0, 0
61249, 3540, 0, 0, 0
61349, 3410, 0, 0, 0
61450, 3480, 0, 0, 0
61550, 3450, 0, 0, 0
61650, 3360, 0, 0, 0
61749, 3414, 0, 0, 0
61849, 3480, 0, 0, 0
61949, 3500, 0, 0, 0
62049, 3450, 0, 0, 0
62149, 3560, 0, 0, 0
62250, 3460, 0, 0, 0
62350, 3410, 0, 0, 0
62450, 3490, 0, 0, 0
62550, 3490, 0, 0, 0
62650, 3420, 0, 0, 0
62749, 3626, 0, 0, 0
62849, 3410, 0, 0, 0
62949, 3440, 0, 0, 0
63049, 3380, 0, 0, 0
63149, 3520, 0, 0, 0
63250, 3550, 0, 0, 0
63350, 3460, 0, 0, 0
63450, 3310, 0, 0, 0
63550, 3390, 0, 0, 0
63650, 3340, 0, 0, 0
63749, 3353, 0, 0, 0
63849, 3360, 0, 0, 0
63949, 3600, 0, 0, 0
64049, 3400, 0, 0, 0
64149, 3410, 0, 0, 0
64250, 3510, 0, 0, 0
64350, 3360, 0, 0, 0
64450, 3370, 0, 0, 0
64550, 3480, 0, 0, 0
64650, 3410, 0, 0, 0
64749, 3242, 0, 0, 0
64849, 3400, 0, 0, 0
64949, 3450, 0, 0, 0
65049, 3580, 0, 0, 0
65149, 3410, 0, 0, 0
65250, 3590, 0, 0, 0
65350, 3390, 0, 0, 0
65450, 3460, 0, 0, 0
65550, 3470, 0, 0, 0
65650, 3560, 0, 0, 0
65749, 3595, 0, 0, 0
65849, 3510, 0, 0, 0
65949, 3490, 0, 0, 0
66049, 3540, 0, 0, 0
66149, 3430, 0, 0, 0
66250, 3390, 0, 0, 0
66350, 3370, 0, 0, 0
66450, 3510, 0, 0, 0
66550, 3520, 0, 0, 0
66650, 3500, 0, 0, 0
66749, 3464, 0, 0, 0
66849, 3540, 0, 0, 0
66949, 3510, 0, 0, 0
67050, 3470, 0, 0, 0
67150, 3390, 0, 0, 0
67249, 3575, 0, 0, 0
67349, 3560, 0, 0, 0
67449, 3590, 0, 0, 0
67549, 3550, 0, 0, 0
67649, 3480, 0, 0, 0
67749, 3470, 0, 0, 0
67849, 3510, 0, 0, 0
67949, 3460, 0, 0, 0
68050, 3480, 0, 0, 0
68150, 3580, 0, 0, 0
68249, 3515, 0, 0, 0
68349, 3670, 0, 0, 0
68449, 3600, 0, 0, 0
68549, 3530, 0, 0, 0
68649, 3400, 0, 0, 0
68749, 3460, 0, 0, 0
68849, 3490, 0, 0, 0
68949, 3540, 0, 0, 0
69050, 3560, 0, 0, 0
69150, 3590, 0, 0, 0
69249, 3404, 0, 0, 0
69349, 3430, 0, 0, 0
69449, 3540, 0, 0, 0
69549, 3490, 0, 0, 0
69649, 3500, 0, 0, 0
69749, 3500, 0, 0, 0
69849, 3430, 0, 0, 0
69949, 3480, 0, 0, 0
70050, 3460, 0, 0, 0
70150, 3500, 0, 0, 0
70249, 3434, 0, 0, 0
70349, 3530, 0, 0, 0
70449, 3410, 0, 0, 0
70549, 3550, 0, 0, 0
70649, 3420, 0, 0, 0
70749, 3360, 0, 0, 0
70849, 3380, 0, 0, 0
70949, 3500, 0, 0, 0
71050, 3550, 0, 0, 0
71150, 3420, 0, 0, 0
71249, 3494, 0, 0, 0
71349, 3470, 0, 0, 0
71449, 3430, 0, 0, 0
71549, 3460, 0, 0, 0
71649, 3630, 0, 0, 0
71749, 3570, 0, 0, 0
71849, 3550, 0, 0, 0
71949, 3410, 0, 0, 0
72050, 3490, 0, 0, 0
72150, 3390, 0, 0, 0
72249, 3595, 0, 0, 0
72349, 3450, 0, 0, 0
72449, 3510, 0, 0, 0
72549, 3550, 0, 0, 0
72649, 3330, 0, 0, 0
72749, 3580, 0, 0, 0
72849, 3620, 0, 0, 0
72949, 3520, 0, 0, 0
73050, 3470, 0, 0, 0
73150, 3540, 0, 0, 0
73249, 3444, 0, 0, 0
73349, 3410, 0, 0, 0
73449, 3310, 0, 0, 0
73549, 3500, 0, 0, 0
73649, 3380, 0, 0, 0
73749, 3440, 0, 0, 0
73849, 3370, 0, 0, 0
73949, 3460, 0, 0, 0
74050, 3480, 0, 0, 0
74150, 3380, 0, 0, 0
74249, 3474, 0, 0, 0
74349, 3360, 0, 0, 0
74449, 3420, 0, 0, 0
74549, 3590, 0, 0, 0
74649, 3560, 0, 0, 0
74749, 3330, 0, 0, 0
74849, 3430, 0, 0, 0
74949, 3290, 0, 0, 0
75050, 3420, 0, 0, 0
75150, 3490, 0, 0, 0
75249, 3535, 0, 0, 0
75349, 3580, 0, 0, 0
75449, 3370, 0, 0, 0
75549, 3270, 0, 0, 0
75649, 3340, 0, 0, 0
75749, 3380, 0, 0, 0
75849, 3500, 0, 0, 0
75949, 3360, 0, 0, 0
76050, 3540, 0, 0, 0
76150, 3450, 0, 0, 0
76249, 3353, 0, 0, 0
76349, 3530, 0, 0, 0
76449, 3500, 0, 0, 0
76549, 3380, 0, 0, 0
76649, 3520, 0, 0, 0
76749, 3360, 0, 0, 0
76849, 3490, 0, 0, 0
76949, 3420, 0, 0, 0
77050, 3450, 0, 0, 0
77150, 3440, 0, 0, 0
77249, 3595, 0, 0, 0
77349, 3450, 0, 0, 0
77449, 3560, 0, 0, 0
77549, 3590, 0, 0, 0
77649, 3570, 0, 0, 0
77749, 3440, 0, 0, 0
77849, 3500, 0, 0, 0
77949, 3510, 0, 0, 0
78050, 3480, 0, 0, 0
78150, 3510, 0, 0, 0
78249, 3545, 0, 0, 0
78349, 3470, 0, 0, 0
78449, 3550, 0, 0, 0
78549, 3390, 0, 0, 0
78649, 3420, 0, 0, 0
78749, 3520, 0, 0, 0
78849, 3540, 0, 0, 0
78949, 3360, 0, 0, 0
79050, 3570, 0, 0, 0
79150, 3360, 0, 0, 0
79249, 3555, 0, 0, 0
79349, 3450, 0, 0, 0
79449, 3470, 0, 0, 0
79549, 3590, 0, 0, 0
79649, 3590, 0, 0, 0
79749, 3440, 0, 0, 0
79849, 3510, 0, 0, 0
79949, 3500, 0, 0, 0
80050, 3480, 0, 0, 0
80150, 3460, 0, 0, 0
80249, 3444, 0, 0, 0
80349, 3310, 0, 0, 0
80449, 3570, 0, 0, 0
80549, 3600, 0, 0, 0
80649, 3460, 0, 0, 0
80749, 3570, 0, 0, 0
80849, 3510, 0, 0, 0
80949, 3500, 0, 0, 0
81050, 3370, 0, 0, 0
81150, 3420, 0, 0, 0
81249, 3464, 0, 0, 0
81349, 3400, 0, 0, 0
81449, 3500, 0, 0, 0
81549, 3480, 0, 0, 0
81649, 3510, 0, 0, 0
81749, 3450, 0, 0, 0
81849, 3500, 0, 0, 0
81949, 3600, 0, 0, 0
82050, 3490, 0, 0, 0
82150, 3430, 0, 0, 0
82249, 3363, 0, 0, 0
82349, 3460, 0, 0, 0
82449, 3470, 0, 0, 0
82549, 3470, 0, 0, 0
82649, 3610, 0, 0, 0
82749, 3600, 0, 0, 0
82849, 3460, 0, 0, 0
82949, 3500, 0, 0, 0
83050, 3450, 0, 0, 0
83150, 3340, 0, 0, 0
83249, 3424, 0, 0, 0
83349, 3410, 0, 0, 0
83449, 3520, 0, 0, 0
83549, 3450, 0, 0, 0
83649, 3480, 0, 0, 0
83749, 3500, 0, 0, 0
83849, 3450, 0, 0, 0
83949, 3540, 0, 0, 0
84050, 3480, 0, 0, 0
84150, 3510, 0, 0, 0
84249, 3414, 0, 0, 0
84349, 3550, 0, 0, 0
84449, 3460, 0, 0, 0
84549, 3460, 0, 0, 0
84649, 3460, 0, 0, 0
84749, 3580, 0, 0, 0
84849, 3430, 0, 0, 0
84949, 3380, 0, 0, 0
85050, 3350, 0, 0, 0
85150, 3550, 0, 0, 0
85249, 3464, 0, 0, 0
85349, 3360, 0, 0, 0
85449, 3590, 0, 0, 0
85549, 3500, 0, 0, 0
85649, 3580, 0, 0, 0
85749, 3570, 0, 0, 0
85849, 3420, 0, 0, 0
85949, 3440, 0, 0, 0
86050, 3420, 0, 0, 0
86150, 3470, 0, 0, 0
86249, 3454, 0, 0, 0
86349, 3430, 0, 0, 0
86449, 3410, 0, 0, 0
86549, 3480, 0, 0, 0
86649, 3440, 0, 0, 0
86749, 3460, 0, 0, 0
86849, 3530, 0, 0, 0
86949, 3490, 0, 0, 0
87050, 3560, 0, 0, 0
87150, 3450, 0, 0, 0
87249, 3373, 0, 0, 0
87349, 3590, 0, 0, 0
87449, 3500, 0, 0, 0
87549, 3460, 0, 0, 0
87649, 3500, 0, 0, 0
87749, 3560, 0, 0, 0
87849, 3430, 0, 0, 0
87949, 3600, 0, 0, 0
88050, 3570, 0, 0, 0
88150, 3510, 0, 0, 0
88249, 3545, 0, 0, 0
88349, 3440, 0, 0, 0
88449, 3530, 0, 0, 0
88549, 3500, 0, 0, 0
88649, 3450, 0, 0, 0
88749, 3420, 0, 0, 0
88849, 3480, 0, 0, 0
88949, 3490, 0, 0, 0
89050, 3490, 0, 0, 0
89150, 3450, 0, 0, 0
89249, 3383, 0, 0, 0
89349, 3460, 0, 0, 0
89449, 3560, 0, 0, 0
89549, 3530, 0, 0, 0
89649, 3680, 0, 0, 0
89749, 3590, 0, 0, 0
89849, 3490, 0, 0, 0
89949, 3430, 0, 0, 0
