250, 745472, 0, 0, 0
350, 778240, 0, 0, 0
450, 839680, 0, 0, 0
550, 778240, 0, 0, 0
650, 757760, 0, 0, 0
749, 765414, 0, 0, 0
849, 737280, 0, 0, 0
949, 721920, 0, 0, 0
1049, 762880, 0, 0, 0
1149, 768000, 0, 0, 0
1250, 721920, 0, 0, 0
1350, 727040, 0, 0, 0
1450, 742400, 0, 0, 0
1550, 788480, 0, 0, 0
1650, 798720, 0, 0, 0
1749, 765414, 0, 0, 0
1849, 747520, 0, 0, 0
1949, 778240, 0, 0, 0
2049, 747520, 0, 0, 0
2149, 752640, 0, 0, 0
2250, 783360, 0, 0, 0
2350, 803840, 0, 0, 0
2450, 762880, 0, 0, 0
2550, 788480, 0, 0, 0
2650, 788480, 0, 0, 0
2749, 780929, 0, 0, 0
2849, 768000, 0, 0, 0
2949, 778240, 0, 0, 0
3049, 788480, 0, 0, 0
3149, 798720, 0, 0, 0
3250, 798720, 0, 0, 0
3350, 778240, 0, 0, 0
3450, 793600, 0, 0, 0
3550, 768000, 0, 0, 0
3650, 768000, 0, 0, 0
3749, 734383, 0, 0, 0
3849, 701440, 0, 0, 0
3949, 747520, 0, 0, 0
4049, 742400, 0, 0, 0
4149, 737280, 0, 0, 0
4249, 747520, 0, 0, 0
4350, 762880, 0, 0, 0
4450, 721920, 0, 0, 0
4550, 747520, 0, 0, 0
4650, 752640, 0, 0, 0
4749, 791272, 0, 0, 0
4849, 747520, 0, 0, 0
4949, 737280, 0, 0, 0
5049, 783360, 0, 0, 0
5149, 793600, 0, 0, 0
5249, 762880, 0, 0, 0
5349, 716800, 0, 0, 0
5450, 701440, 0, 0, 0
5550, 747520, 0, 0, 0
5650, 737280, 0, 0, 0
5749, 718868, 0, 0, 0
5849, 757760, 0, 0, 0
5949, 732160, 0, 0, 0
6049, 737280, 0, 0, 0
6149, 768000, 0, 0, 0
6249, 773120, 0, 0, 0
6349, 757760, 0, 0, 0
6449, 773120, 0, 0, 0
6550, 778240, 0, 0, 0
6650, 808960, 0, 0, 0
6749, 796444, 0, 0, 0
6849, 778240, 0, 0, 0
6949, 737280, 0, 0, 0
7049, 768000, 0, 0, 0
7149, 768000, 0, 0, 0
7249, 793600, 0, 0, 0
7349, 742400, 0, 0, 0
7449, 808960, 0, 0, 0
7550, 768000, 0, 0, 0
7650, 757760, 0, 0, 0
7749, 786101, 0, 0, 0
7849, 742400, 0, 0, 0
7949, 773120, 0, 0, 0
8049, 732160, 0, 0, 0
8149, 752640, 0, 0, 0
8249, 732160, 0, 0, 0
8349, 706560, 0, 0, 0
8449, 732160, 0, 0, 0
8550, 727040, 0, 0, 0
8650, 721920, 0, 0, 0
8749, 734383, 0, 0, 0
8849, 742400, 0, 0, 0
8949, 778240, 0, 0, 0
9049, 773120, 0, 0, 0
9149, 757760, 0, 0, 0
9249, 778240, 0, 0, 0
9349, 742400, 0, 0, 0
9449, 793600, 0, 0, 0
9550, 762880, 0, 0, 0
9650, 747520, 0, 0, 0
9749, 775757, 0, 0, 0
9849, 747520, 0, 0, 0
9949, 701440, 0, 0, 0
10049, 752640, 0, 0, 0
10149, 737280, 0, 0, 0
10249, 737280, 0, 0, 0
10349, 788480, 0, 0, 0
10449, 757760, 0, 0, 0
10549, 773120, 0, 0, 0
10649, 773120, 0, 0, 0
10750, 783360, 0, 0, 0
10850, 773120, 0, 0, 0
10950, 773120, 0, 0, 0
11050, 762880, 0, 0, 0
11150, 732160, 0, 0, 0
11249, 755070, 0, 0, 0
11349, 762880, 0, 0, 0
11449, 768000, 0, 0, 0
11549, 793600, 0, 0, 0
11649, 808960, 0, 0, 0
11750, 732160, 0, 0, 0
11850, 752640, 0, 0, 0
11950, 762880, 0, 0, 0
12050, 742400, 0, 0, 0
12150, 773120, 0, 0, 0
12249, 791272, 0, 0, 0
12349, 721920, 0, 0, 0
12449, 788480, 0, 0, 0
12549, 773120, 0, 0, 0
12649, 778240, 0, 0, 0
12750, 737280, 0, 0, 0
12850, 742400, 0, 0, 0
12950, 757760, 0, 0, 0
13050, 747520, 0, 0, 0
13150, 742400, 0, 0, 0
13249, 755070, 0, 0, 0
13349, 762880, 0, 0, 0
13449, 783360, 0, 0, 0
13549, 783360, 0, 0, 0
13649, 732160, 0, 0, 0
13750, 762880, 0, 0, 0
13850, 757760, 0, 0, 0
13950, 716800, 0, 0, 0
14050, 721920, 0, 0, 0
14150, 737280, 0, 0, 0
14249, 744727, 0, 0, 0
14349, 768000, 0, 0, 0
14449, 793600, 0, 0, 0
14549, 737280, 0, 0, 0
14649, 783360, 0, 0, 0
14749, 737280, 0, 0, 0
14849, 773120, 0, 0, 0
14949, 768000, 0, 0, 0
15050, 783360, 0, 0, 0
15150, 768000, 0, 0, 0
15249, 749898, 0, 0, 0
15349, 752640, 0, 0, 0
15449, 762880, 0, 0, 0
15549, 793600, 0, 0, 0
15649, 773120, 0, 0, 0
15749, 757760, 0, 0, 0
15849, 732160, 0, 0, 0
15949, 716800, 0, 0, 0
16050, 752640, 0, 0, 0
16150, 732160, 0, 0, 0
16249, 765414, 0, 0, 0
16349, 747520, 0, 0, 0
16449, 742400, 0, 0, 0
16549, 732160, 0, 0, 0
16649, 747520, 0, 0, 0
16749, 752640, 0, 0, 0
16849, 737280, 0, 0, 0
16949, 793600, 0, 0, 0
17050, 768000, 0, 0, 0
17150, 757760, 0, 0, 0
17249, 765414, 0, 0, 0
17349, 803840, 0, 0, 0
17449, 783360, 0, 0, 0
17549, 773120, 0, 0, 0
17649, 778240, 0, 0, 0
17749, 747520, 0, 0, 0
17849, 778240, 0, 0, 0
17949, 762880, 0, 0, 0
18049, 747520, 0, 0, 0
18150, 762880, 0, 0, 0
18249, 786101, 0, 0, 0
18349, 788480, 0, 0, 0
18449, 793600, 0, 0, 0
18549, 798720, 0, 0, 0
18649, 768000, 0, 0, 0
18749, 768000, 0, 0, 0
18849, 742400, 0, 0, 0
18949, 737280, 0, 0, 0
19050, 716800, 0, 0, 0
19150, 706560, 0, 0, 0
19249, 734383, 0, 0, 0
19349, 757760, 0, 0, 0
19449, 762880, 0, 0, 0
19549, 762880, 0, 0, 0
19649, 762880, 0, 0, 0
19749, 762880, 0, 0, 0
19849, 706560, 0, 0, 0
19949, 721920, 0, 0, 0
20049, 757760, 0, 0, 0
20150, 762880, 0, 0, 0
20249, 770585, 0, 0, 0
20349, 757760, 0, 0, 0
20449, 747520, 0, 0, 0
20549, 752640, 0, 0, 0
20649, 742400, 0, 0, 0
20749, 737280, 0, 0, 0
20849, 768000, 0, 0, 0
20949, 727040, 0, 0, 0
21049, 706560, 0, 0, 0
21149, 727040, 0, 0, 0
21250, 727040, 0, 0, 0
21350, 747520, 0, 0, 0
21450, 732160, 0, 0, 0
21550, 768000, 0, 0, 0
21650, 747520, 0, 0, 0
21749, 786101, 0, 0, 0
21849, 773120, 0, 0, 0
21949, 768000, 0, 0, 0
22049, 773120, 0, 0, 0
22149, 742400, 0, 0, 0
22250, 732160, 0, 0, 0
22350, 737280, 0, 0, 0
22450, 742400, 0, 0, 0
22550, 803840, 0, 0, 0
22650, 721920, 0, 0, 0
22749, 760242, 0, 0, 0
22849, 742400, 0, 0, 0
22949, 778240, 0, 0, 0
23049, 691200, 0, 0, 0
23149, 727040, 0, 0, 0
23250, 727040, 0, 0, 0
23350, 742400, 0, 0, 0
23450, 768000, 0, 0, 0
23550, 721920, 0, 0, 0
23650, 727040, 0, 0, 0
23749, 713696, 0, 0, 0
23849, 742400, 0, 0, 0
23949, 752640, 0, 0, 0
24049, 737280, 0, 0, 0
24149, 773120, 0, 0, 0
24250, 762880, 0, 0, 0
24350, 783360, 0, 0, 0
24450, 762880, 0, 0, 0
24550, 773120, 0, 0, 0
24650, 793600, 0, 0, 0
24749, 749898, 0, 0, 0
24849, 778240, 0, 0, 0
24949, 783360, 0, 0, 0
25049, 737280, 0, 0, 0
25149, 768000, 0, 0, 0
25250, 747520, 0, 0, 0
25350, 773120, 0, 0, 0
25450, 752640, 0, 0, 0
25550, 788480, 0, 0, 0
25650, 757760, 0, 0, 0
25749, 755070, 0, 0, 0
25849, 752640, 0, 0, 0
25949, 727040, 0, 0, 0
26049, 757760, 0, 0, 0
26149, 768000, 0, 0, 0
26250, 752640, 0, 0, 0
26350, 793600, 0, 0, 0
26450, 757760, 0, 0, 0
26550, 752640, 0, 0, 0
26650, 778240, 0, 0, 0
26749, 780929, 0, 0, 0
26849, 737280, 0, 0, 0
26949, 737280, 0, 0, 0
27049, 747520, 0, 0, 0
27149, 742400, 0, 0, 0
27249, 732160, 0, 0, 0
27349, 721920, 0, 0, 0
27450, 752640, 0, 0, 0
27550, 742400, 0, 0, 0
27650, 747520, 0, 0, 0
27749, 760242, 0, 0, 0
27849, 742400, 0, 0, 0
27949, 737280, 0, 0, 0
28049, 793600, 0, 0, 0
28149, 757760, 0, 0, 0
28249, 762880, 0, 0, 0
28349, 762880, 0, 0, 0
28449, 762880, 0, 0, 0
28550, 757760, 0, 0, 0
28650, 803840, 0, 0, 0
28749, 770585, 0, 0, 0
28849, 798720, 0, 0, 0
28949, 732160, 0, 0, 0
29049, 773120, 0, 0, 0
29149, 757760, 0, 0, 0
29249, 773120, 0, 0, 0
29349, 814080, 0, 0, 0
29449, 783360, 0, 0, 0
29550, 773120, 0, 0, 0
29650, 768000, 0, 0, 0
29749, 765414, 0, 0, 0
29849, 783360, 0, 0, 0
29949, 762880, 0, 0, 0
30049, 727040, 0, 0, 0
30149, 768000, 0, 0, 0
30249, 721920, 0, 0, 0
30349, 727040, 0, 0, 0
30449, 727040, 0, 0, 0
30549, 721920, 0, 0, 0
30650, 788480, 0, 0, 0
30749, 739555, 0, 0, 0
30849, 783360, 0, 0, 0
30949, 757760, 0, 0, 0
31049, 737280, 0, 0, 0
31149, 768000, 0, 0, 0
31249, 762880, 0, 0, 0
31349, 762880, 0, 0, 0
31449, 768000, 0, 0, 0
31549, 747520, 0, 0, 0
31650, 783360, 0, 0, 0
31749, 801616, 0, 0, 0
31849, 778240, 0, 0, 0
31949, 793600, 0, 0, 0
32049, 742400, 0, 0, 0
32149, 768000, 0, 0, 0
32249, 793600, 0, 0, 0
32349, 773120, 0, 0, 0
32449, 788480, 0, 0, 0
32549, 778240, 0, 0, 0
32650, 757760, 0, 0, 0
32750, 752640, 0, 0, 0
32850, 716800, 0, 0, 0
32950, 773120, 0, 0, 0
33050, 752640, 0, 0, 0
33150, 757760, 0, 0, 0
33249, 729212, 0, 0, 0
33349, 762880, 0, 0, 0
33449, 742400, 0, 0, 0
33549, 711680, 0, 0, 0
33649, 737280, 0, 0, 0
33750, 732160, 0, 0, 0
33850, 721920, 0, 0, 0
33950, 737280, 0, 0, 0
34050, 768000, 0, 0, 0
34150, 727040, 0, 0, 0
34249, 775757, 0, 0, 0
34349, 752640, 0, 0, 0
34449, 778240, 0, 0, 0
34549, 778240, 0, 0, 0
34649, 788480, 0, 0, 0
34750, 778240, 0, 0, 0
34850, 757760, 0, 0, 0
34950, 757760, 0, 0, 0
35050, 727040, 0, 0, 0
35150, 742400, 0, 0, 0
35249, 708525, 0, 0, 0
35349, 752640, 0, 0, 0
35449, 773120, 0, 0, 0
35549, 747520, 0, 0, 0
35649, 778240, 0, 0, 0
35750, 798720, 0, 0, 0
35850, 762880, 0, 0, 0
35950, 757760, 0, 0, 0
36050, 778240, 0, 0, 0
36150, 778240, 0, 0, 0
36249, 770585, 0, 0, 0
36349, 747520, 0, 0, 0
36449, 762880, 0, 0, 0
36549, 721920, 0, 0, 0
36649, 732160, 0, 0, 0
36750, 762880, 0, 0, 0
36850, 747520, 0, 0, 0
36950, 788480, 0, 0, 0
37050, 773120, 0, 0, 0
37150, 762880, 0, 0, 0
37249, 749898, 0, 0, 0
37349, 721920, 0, 0, 0
37449, 773120, 0, 0, 0
37549, 732160, 0, 0, 0
37649, 819200, 0, 0, 0
37750, 742400, 0, 0, 0
37850, 732160, 0, 0, 0
37950, 716800, 0, 0, 0
38050, 727040, 0, 0, 0
38150, 732160, 0, 0, 0
38249, 786101, 0, 0, 0
38349, 747520, 0, 0, 0
38449, 783360, 0, 0, 0
38549, 706560, 0, 0, 0
38649, 721920, 0, 0, 0
38750, 762880, 0, 0, 0
38850, 762880, 0, 0, 0
38950, 737280, 0, 0, 0
39050, 814080, 0, 0, 0
39150, 773120, 0, 0, 0
39249, 734383, 0, 0, 0
39349, 757760, 0, 0, 0
39449, 778240, 0, 0, 0
39549, 773120, 0, 0, 0
39649, 762880, 0, 0, 0
39750, 768000, 0, 0, 0
39850, 798720, 0, 0, 0
39950, 752640, 0, 0, 0
40050, 783360, 0, 0, 0
40150, 768000, 0, 0, 0
40249, 744727, 0, 0, 0
40349, 783360, 0, 0, 0
40449, 742400, 0, 0, 0
40549, 768000, 0, 0, 0
40649, 747520, 0, 0, 0
40749, 778240, 0, 0, 0
40850, 752640, 0, 0, 0
40950, 783360, 0, 0, 0
41050, 773120, 0, 0, 0
41150, 757760, 0, 0, 0
41249, 765414, 0, 0, 0
41349, 778240, 0, 0, 0
41449, 808960, 0, 0, 0
41549, 793600, 0, 0, 0
41649, 814080, 0, 0, 0
41749, 768000, 0, 0, 0
41849, 778240, 0, 0, 0
41950, 762880, 0, 0, 0
42050, 762880, 0, 0, 0
42150, 747520, 0, 0, 0
42249, 734383, 0, 0, 0
42349, 716800, 0, 0, 0
42449, 778240, 0, 0, 0
42549, 711680, 0, 0, 0
42649, 773120, 0, 0, 0
42749, 773120, 0, 0, 0
42849, 788480, 0, 0, 0
42950, 803840, 0, 0, 0
43050, 808960, 0, 0, 0
43150, 783360, 0, 0, 0
43249, 780929, 0, 0, 0
43349, 727040, 0, 0, 0
43449, 716800, 0, 0, 0
43549, 757760, 0, 0, 0
43649, 737280, 0, 0, 0
43750, 747520, 0, 0, 0
43850, 727040, 0, 0, 0
43950, 732160, 0, 0, 0
44050, 747520, 0, 0, 0
44150, 778240, 0, 0, 0
44249, 724040, 0, 0, 0
44349, 768000, 0, 0, 0
44449, 788480, 0, 0, 0
44549, 773120, 0, 0, 0
44649, 742400, 0, 0, 0
44749, 757760, 0, 0, 0
44850, 778240, 0, 0, 0
44950, 778240, 0, 0, 0
45050, 793600, 0, 0, 0
45150, 793600, 0, 0, 0
45249, 760242, 0, 0, 0
45349, 742400, 0, 0, 0
45449, 778240, 0, 0, 0
45549, 773120, 0, 0, 0
45649, 747520, 0, 0, 0
45749, 773120, 0, 0, 0
45849, 747520, 0, 0, 0
45949, 803840, 0, 0, 0
46050, 742400, 0, 0, 0
46150, 721920, 0, 0, 0
46249, 744727, 0, 0, 0
46349, 727040, 0, 0, 0
46449, 752640, 0, 0, 0
46549, 778240, 0, 0, 0
46649, 768000, 0, 0, 0
46749, 742400, 0, 0, 0
46849, 752640, 0, 0, 0
46949, 762880, 0, 0, 0
47050, 732160, 0, 0, 0
47150, 757760, 0, 0, 0
47249, 755070, 0, 0, 0
47349, 783360, 0, 0, 0
47449, 783360, 0, 0, 0
47549, 742400, 0, 0, 0
47649, 788480, 0, 0, 0
47749, 783360, 0, 0, 0
47849, 732160, 0, 0, 0
47949, 737280, 0, 0, 0
48050, 773120, 0, 0, 0
48150, 732160, 0, 0, 0
48249, 765414, 0, 0, 0
48349, 762880, 0, 0, 0
48449, 788480, 0, 0, 0
48549, 768000, 0, 0, 0
48649, 773120, 0, 0, 0
48749, 788480, 0, 0, 0
48849, 752640, 0, 0, 0
48949, 757760, 0, 0, 0
49050, 742400, 0, 0, 0
49150, 778240, 0, 0, 0
49249, 775757, 0, 0, 0
49349, 737280, 0, 0, 0
49449, 778240, 0, 0, 0
49549, 752640, 0, 0, 0
49649, 773120, 0, 0, 0
49749, 793600, 0, 0, 0
49849, 747520, 0, 0, 0
49949, 727040, 0, 0, 0
50050, 711680, 0, 0, 0
50150, 721920, 0, 0, 0
50249, 729212, 0, 0, 0
50349, 716800, 0, 0, 0
50449, 747520, 0, 0, 0
50549, 783360, 0, 0, 0
50649, 747520, 0, 0, 0
50749, 762880, 0, 0, 0
50850, 757760, 0, 0, 0
50950, 773120, 0, 0, 0
51050, 737280, 0, 0, 0
51150, 727040, 0, 0, 0
51249, 744727, 0, 0, 0
51349, 742400, 0, 0, 0
51449, 768000, 0, 0, 0
51549, 798720, 0, 0, 0
51649, 768000, 0, 0, 0
51749, 691200, 0, 0, 0
51850, 757760, 0, 0, 0
51950, 737280, 0, 0, 0
52050, 768000, 0, 0, 0
52150, 752640, 0, 0, 0
52249, 770585, 0, 0, 0
52349, 737280, 0, 0, 0
52449, 737280, 0, 0, 0
52549, 732160, 0, 0, 0
52649, 696320, 0, 0, 0
52750, 757760, 0, 0, 0
52850, 721920, 0, 0, 0
52950, 773120, 0, 0, 0
53050, 721920, 0, 0, 0
53150, 737280, 0, 0, 0
53249, 734383, 0, 0, 0
53349, 701440, 0, 0, 0
53449, 711680, 0, 0, 0
53549, 762880, 0, 0, 0
53649, 737280, 0, 0, 0
53750, 788480, 0, 0, 0
53850, 737280, 0, 0, 0
53950, 768000, 0, 0, 0
54050, 783360, 0, 0, 0
54150, 742400, 0, 0, 0
54249, 744727, 0, 0, 0
54349, 778240, 0, 0, 0
54449, 783360, 0, 0, 0
54549, 773120, 0, 0, 0
54649, 778240, 0, 0, 0
54750, 747520, 0, 0, 0
54850, 778240, 0, 0, 0
54950, 757760, 0, 0, 0
55050, 768000, 0, 0, 0
55150, 737280, 0, 0, 0
55249, 729212, 0, 0, 0
55349, 773120, 0, 0, 0
55449, 711680, 0, 0, 0
55549, 783360, 0, 0, 0
55649, 819200, 0, 0, 0
55750, 788480, 0, 0, 0
55850, 757760, 0, 0, 0
55950, 721920, 0, 0, 0
56050, 768000, 0, 0, 0
56150, 783360, 0, 0, 0
56249, 780929, 0, 0, 0
56349, 773120, 0, 0, 0
56449, 819200, 0, 0, 0
56549, 783360, 0, 0, 0
56649, 788480, 0, 0, 0
56750, 793600, 0, 0, 0
56850, 814080, 0, 0, 0
56950, 762880, 0, 0, 0
57050, 803840, 0, 0, 0
57150, 732160, 0, 0, 0
57249, 739555, 0, 0, 0
57349, 732160, 0, 0, 0
57449, 737280, 0, 0, 0
57549, 737280, 0, 0, 0
57649, 757760, 0, 0, 0
57750, 762880, 0, 0, 0
57850, 762880, 0, 0, 0
57950, 742400, 0, 0, 0
58050, 757760, 0, 0, 0
58150, 773120, 0, 0, 0
58249, 724040, 0, 0, 0
58349, 721920, 0, 0, 0
58449, 727040, 0, 0, 0
58549, 752640, 0, 0, 0
58649, 742400, 0, 0, 0
58750, 732160, 0, 0, 0
58850, 727040, 0, 0, 0
58950, 721920, 0, 0, 0
59050, 742400, 0, 0, 0
59150, 773120, 0, 0, 0
59249, 755070, 0, 0, 0
59349, 742400, 0, 0, 0
59449, 721920, 0, 0, 0
59549, 747520, 0, 0, 0
59649, 742400, 0, 0, 0
59750, 752640, 0, 0, 0
59850, 788480, 0, 0, 0
59950, 757760, 0, 0, 0
60050, 757760, 0, 0, 0
60150, 793600, 0, 0, 0
60249, 755070, 0, 0, 0
60349, 747520, 0, 0, 0
60449, 773120, 0, 0, 0
60549, 788480, 0, 0, 0
60649, 762880, 0, 0, 0
60749, 757760, 0, 0, 0
60850, 742400, 0, 0, 0
60950, 721920, 0, 0, 0
61050, 752640, 0, 0, 0
61150, 721920, 0, 0, 0
61249, 724040, 0, 0, 0
61349, 768000, 0, 0, 0
61449, 747520, 0, 0, 0
61549, 721920, 0, 0, 0
61649, 762880, 0, 0, 0
61750, 747520, 0, 0, 0
61850, 737280, 0, 0, 0
61950, 757760, 0, 0, 0
62050, 778240, 0, 0, 0
62150, 762880, 0, 0, 0
62249, 744727, 0, 0, 0
62349, 773120, 0, 0, 0
62449, 732160, 0, 0, 0
62549, 742400, 0, 0, 0
62649, 747520, 0, 0, 0
62749, 752640, 0, 0, 0
62850, 757760, 0, 0, 0
62950, 778240, 0, 0, 0
63050, 752640, 0, 0, 0
63150, 737280, 0, 0, 0
63249, 755070, 0, 0, 0
63349, 762880, 0, 0, 0
63449, 773120, 0, 0, 0
63549, 716800, 0, 0, 0
63649, 727040, 0, 0, 0
63749, 727040, 0, 0, 0
63850, 732160, 0, 0, 0
63950, 778240, 0, 0, 0
64050, 757760, 0, 0, 0
64150, 752640, 0, 0, 0
64249, 749898, 0, 0, 0
64349, 727040, 0, 0, 0
64449, 768000, 0, 0, 0
64549, 778240, 0, 0, 0
64649, 762880, 0, 0, 0
64749, 716800, 0, 0, 0
64849, 742400, 0, 0, 0
64950, 762880, 0, 0, 0
65050, 752640, 0, 0, 0
65150, 747520, 0, 0, 0
65249, 755070, 0, 0, 0
65349, 732160, 0, 0, 0
65449, 742400, 0, 0, 0
65549, 747520, 0, 0, 0
65649, 747520, 0, 0, 0
65749, 747520, 0, 0, 0
65849, 727040, 0, 0, 0
65949, 696320, 0, 0, 0
66050, 716800, 0, 0, 0
66150, 732160, 0, 0, 0
66249, 718868, 0, 0, 0
66349, 752640, 0, 0, 0
66449, 778240, 0, 0, 0
66549, 778240, 0, 0, 0
66649, 773120, 0, 0, 0
66749, 747520, 0, 0, 0
66849, 768000, 0, 0, 0
66949, 762880, 0, 0, 0
67050, 742400, 0, 0, 0
67150, 711680, 0, 0, 0
67249, 760242, 0, 0, 0
67349, 757760, 0, 0, 0
67449, 727040, 0, 0, 0
67549, 727040, 0, 0, 0
67649, 757760, 0, 0, 0
67749, 762880, 0, 0, 0
67849, 742400, 0, 0, 0
67949, 798720, 0, 0, 0
68050, 793600, 0, 0, 0
68150, 768000, 0, 0, 0
68249, 755070, 0, 0, 0
68349, 778240, 0, 0, 0
68449, 783360, 0, 0, 0
68549, 793600, 0, 0, 0
68649, 701440, 0, 0, 0
68749, 747520, 0, 0, 0
68849, 752640, 0, 0, 0
68949, 778240, 0, 0, 0
69050, 793600, 0, 0, 0
69150, 783360, 0, 0, 0
69249, 729212, 0, 0, 0
69349, 721920, 0, 0, 0
69449, 742400, 0, 0, 0
69549, 752640, 0, 0, 0
69649, 742400, 0, 0, 0
69749, 747520, 0, 0, 0
69849, 727040, 0, 0, 0
69949, 737280, 0, 0, 0
70049, 706560, 0, 0, 0
70150, 721920, 0, 0, 0
70249, 734383, 0, 0, 0
70349, 732160, 0, 0, 0
70449, 737280, 0, 0, 0
70549, 757760, 0, 0, 0
70649, 778240, 0, 0, 0
70749, 773120, 0, 0, 0
70849, 732160, 0, 0, 0
70949, 727040, 0, 0, 0
71049, 757760, 0, 0, 0
71150, 757760, 0, 0, 0
71249, 780929, 0, 0, 0
71349, 737280, 0, 0, 0
71449, 732160, 0, 0, 0
71549, 732160, 0, 0, 0
71649, 742400, 0, 0, 0
71749, 778240, 0, 0, 0
71849, 778240, 0, 0, 0
71949, 747520, 0, 0, 0
72049, 752640, 0, 0, 0
72149, 742400, 0, 0, 0
72250, 711680, 0, 0, 0
72350, 706560, 0, 0, 0
72450, 742400, 0, 0, 0
72550, 691200, 0, 0, 0
72650, 721920, 0, 0, 0
72749, 796444, 0, 0, 0
72849, 757760, 0, 0, 0
72949, 747520, 0, 0, 0
73049, 721920, 0, 0, 0
73149, 742400, 0, 0, 0
73250, 727040, 0, 0, 0
73350, 721920, 0, 0, 0
73450, 716800, 0, 0, 0
73550, 737280, 0, 0, 0
73650, 716800, 0, 0, 0
73749, 693010, 0, 0, 0
73849, 737280, 0, 0, 0
73949, 752640, 0, 0, 0
74049, 742400, 0, 0, 0
74149, 768000, 0, 0, 0
74250, 773120, 0, 0, 0
74350, 762880, 0, 0, 0
74450, 762880, 0, 0, 0
74550, 762880, 0, 0, 0
74650, 752640, 0, 0, 0
74749, 744727, 0, 0, 0
74849, 737280, 0, 0, 0
74949, 747520, 0, 0, 0
75049, 768000, 0, 0, 0
75149, 747520, 0, 0, 0
75250, 778240, 0, 0, 0
75350, 788480, 0, 0, 0
75450, 803840, 0, 0, 0
75550, 778240, 0, 0, 0
75650, 783360, 0, 0, 0
75749, 765414, 0, 0, 0
75849, 762880, 0, 0, 0
75949, 727040, 0, 0, 0
76049, 711680, 0, 0, 0
76149, 747520, 0, 0, 0
76249, 742400, 0, 0, 0
76350, 757760, 0, 0, 0
76450, 752640, 0, 0, 0
76550, 757760, 0, 0, 0
76650, 742400, 0, 0, 0
76749, 786101, 0, 0, 0
76849, 783360, 0, 0, 0
76949, 742400, 0, 0, 0
77049, 727040, 0, 0, 0
77149, 737280, 0, 0, 0
77249, 732160, 0, 0, 0
77350, 768000, 0, 0, 0
77450, 783360, 0, 0, 0
77550, 742400, 0, 0, 0
77650, 773120, 0, 0, 0
77749, 770585, 0, 0, 0
77849, 737280, 0, 0, 0
77949, 732160, 0, 0, 0
78049, 778240, 0, 0, 0
78149, 747520, 0, 0, 0
78249, 773120, 0, 0, 0
78349, 814080, 0, 0, 0
78449, 788480, 0, 0, 0
78550, 788480, 0, 0, 0
78650, 773120, 0, 0, 0
78749, 765414, 0, 0, 0
78849, 783360, 0, 0, 0
78949, 793600, 0, 0, 0
79049, 737280, 0, 0, 0
79149, 732160, 0, 0, 0
79249, 783360, 0, 0, 0
79349, 788480, 0, 0, 0
79449, 783360, 0, 0, 0
79550, 773120, 0, 0, 0
79650, 737280, 0, 0, 0
79749, 755070, 0, 0, 0
79849, 737280, 0, 0, 0
79949, 721920, 0, 0, 0
80049, 732160, 0, 0, 0
80149, 747520, 0, 0, 0
80249, 742400, 0, 0, 0
80349, 721920, 0, 0, 0
80449, 721920, 0, 0, 0
80549, 732160, 0, 0, 0
80650, 762880, 0, 0, 0
80749, 770585, 0, 0, 0
80849, 727040, 0, 0, 0
80949, 711680, 0, 0, 0
81049, 747520, 0, 0, 0
81149, 778240, 0, 0, 0
81249, 752640, 0, 0, 0
81349, 716800, 0, 0, 0
81449, 783360, 0, 0, 0
81549, 716800, 0, 0, 0
81649, 773120, 0, 0, 0
81750, 768000, 0, 0, 0
81850, 757760, 0, 0, 0
81950, 747520, 0, 0, 0
82050, 752640, 0, 0, 0
82150, 716800, 0, 0, 0
82249, 796444, 0, 0, 0
82349, 793600, 0, 0, 0
82449, 742400, 0, 0, 0
82549, 727040, 0, 0, 0
82649, 773120, 0, 0, 0
82750, 768000, 0, 0, 0
82850, 732160, 0, 0, 0
82950, 747520, 0, 0, 0
83050, 798720, 0, 0, 0
83150, 757760, 0, 0, 0
83249, 760242, 0, 0, 0
83349, 768000, 0, 0, 0
83449, 778240, 0, 0, 0
83549, 747520, 0, 0, 0
83649, 768000, 0, 0, 0
83750, 752640, 0, 0, 0
83850, 778240, 0, 0, 0
83950, 737280, 0, 0, 0
84050, 793600, 0, 0, 0
84150, 752640, 0, 0, 0
84249, 760242, 0, 0, 0
84349, 706560, 0, 0, 0
84449, 732160, 0, 0, 0
84549, 747520, 0, 0, 0
84649, 721920, 0, 0, 0
84750, 752640, 0, 0, 0
84850, 768000, 0, 0, 0
84950, 762880, 0, 0, 0
85050, 768000, 0, 0, 0
85150, 757760, 0, 0, 0
85249, 724040, 0, 0, 0
85349, 721920, 0, 0, 0
85449, 752640, 0, 0, 0
85549, 737280, 0, 0, 0
85649, 737280, 0, 0, 0
85750, 732160, 0, 0, 0
85850, 752640, 0, 0, 0
85950, 768000, 0, 0, 0
86050, 768000, 0, 0, 0
86150, 727040, 0, 0, 0
86249, 713696, 0, 0, 0
86349, 737280, 0, 0, 0
86449, 732160, 0, 0, 0
86549, 742400, 0, 0, 0
86649, 711680, 0, 0, 0
86749, 701440, 0, 0, 0
86850, 742400, 0, 0, 0
86950, 778240, 0, 0, 0
87050, 778240, 0, 0, 0
87150, 793600, 0, 0, 0
87249, 729212, 0, 0, 0
87349, 737280, 0, 0, 0
87449, 716800, 0, 0, 0
87549, 732160, 0, 0, 0
87649, 716800, 0, 0, 0
87749, 716800, 0, 0, 0
87850, 732160, 0, 0, 0
87950, 742400, 0, 0, 0
88050, 732160, 0, 0, 0
88150, 732160, 0, 0, 0
88249, 749898, 0, 0, 0
88349, 742400, 0, 0, 0
88449, 732160, 0, 0, 0
88549, 727040, 0, 0, 0
88649, 721920, 0, 0, 0
88749, 752640, 0, 0, 0
88849, 798720, 0, 0, 0
88949, 752640, 0, 0, 0
89050, 788480, 0, 0, 0
89150, 778240, 0, 0, 0
89249, 760242, 0, 0, 0
89349, 716800, 0, 0, 0
89449, 706560, 0, 0, 0
89549, 773120, 0, 0, 0
89649, 747520, 0, 0, 0
89749, 742400, 0, 0, 0
89849, 757760, 0, 0, 0
89949, 757760, 0, 0, 0
