250, 320, 0, 0, 0
350, 320, 0, 0, 0
450, 310, 0, 0, 0
550, 320, 0, 0, 0
650, 310, 0, 0, 0
749, 313, 0, 0, 0
849, 320, 0, 0, 0
949, 330, 0, 0, 0
1050, 320, 0, 0, 0
1150, 330, 0, 0, 0
1249, 303, 0, 0, 0
1349, 300, 0, 0, 0
1449, 310, 0, 0, 0
1549, 310, 0, 0, 0
1649, 320, 0, 0, 0
1749, 310, 0, 0, 0
1849, 350, 0, 0, 0
1950, 310, 0, 0, 0
2050, 330, 0, 0, 0
2150, 330, 0, 0, 0
2249, 313, 0, 0, 0
2349, 330, 0, 0, 0
2449, 310, 0, 0, 0
2549, 300, 0, 0, 0
2649, 340, 0, 0, 0
2749, 310, 0, 0, 0
2850, 320, 0, 0, 0
2950, 330, 0, 0, 0
3050, 320, 0, 0, 0
3150, 320, 0, 0, 0
3249, 333, 0, 0, 0
3349, 330, 0, 0, 0
3449, 330, 0, 0, 0
3549, 310, 0, 0, 0
3649, 320, 0, 0, 0
3750, 320, 0, 0, 0
3850, 330, 0, 0, 0
3950, 330, 0, 0, 0
4050, 320, 0, 0, 0
4150, 330, 0, 0, 0
4249, 292, 0, 0, 0
4349, 320, 0, 0, 0
4449, 310, 0, 0, 0
4549, 320, 0, 0, 0
4649, 330, 0, 0, 0
4750, 320, 0, 0, 0
4850, 310, 0, 0, 0
4950, 300, 0, 0, 0
5050, 320, 0, 0, 0
5150, 300, 0, 0, 0
5249, 333, 0, 0, 0
5349, 310, 0, 0, 0
5449, 320, 0, 0, 0
5550, 300, 0, 0, 0
5650, 320, 0, 0, 0
5749, 323, 0, 0, 0
5849, 320, 0, 0, 0
5949, 330, 0, 0, 0
6049, 340, 0, 0, 0
6149, 310, 0, 0, 0
6249, 320, 0, 0, 0
6349, 330, 0, 0, 0
6449, 310, 0, 0, 0
6550, 330, 0, 0, 0
6650, 310, 0, 0, 0
6749, 323, 0, 0, 0
6849, 330, 0, 0, 0
6949, 320, 0, 0, 0
7049, 330, 0, 0, 0
7149, 320, 0, 0, 0
7249, 320, 0, 0, 0
7350, 300, 0, 0, 0
7450, 300, 0, 0, 0
7550, 310, 0, 0, 0
7650, 320, 0, 0, 0
7749, 323, 0, 0, 0
7849, 320, 0, 0, 0
7949, 300, 0, 0, 0
8049, 300, 0, 0, 0
8149, 310, 0, 0, 0
8249, 320, 0, 0, 0
8350, 320, 0, 0, 0
8450, 330, 0, 0, 0
8550, 310, 0, 0, 0
8650, 320, 0, 0, 0
8749, 323, 0, 0, 0
8849, 320, 0, 0, 0
8949, 310, 0, 0, 0
9049, 330, 0, 0, 0
9149, 320, 0, 0, 0
9250, 340, 0, 0, 0
9350, 320, 0, 0, 0
9450, 320, 0, 0, 0
9550, 340, 0, 0, 0
9650, 340, 0, 0, 0
9749, 333, 0, 0, 0
9849, 320, 0, 0, 0
9949, 310, 0, 0, 0
10050, 320, 0, 0, 0
10150, 320, 0, 0, 0
10249, 313, 0, 0, 0
10349, 320, 0, 0, 0
10449, 330, 0, 0, 0
10549, 330, 0, 0, 0
10649, 330, 0, 0, 0
10750, 330, 0, 0, 0
10850, 330, 0, 0, 0
10950, 330, 0, 0, 0
11050, 320, 0, 0, 0
11150, 320, 0, 0, 0
11249, 313, 0, 0, 0
11349, 310, 0, 0, 0
11449, 310, 0, 0, 0
11549, 310, 0, 0, 0
11649, 290, 0, 0, 0
11750, 280, 0, 0, 0
11850, 320, 0, 0, 0
11950, 310, 0, 0, 0
12050, 330, 0, 0, 0
12150, 320, 0, 0, 0
12249, 333, 0, 0, 0
12349, 310, 0, 0, 0
12449, 320, 0, 0, 0
12549, 350, 0, 0, 0
12650, 330, 0, 0, 0
12750, 310, 0, 0, 0
12850, 310, 0, 0, 0
12950, 310, 0, 0, 0
13050, 320, 0, 0, 0
13150, 320, 0, 0, 0
13249, 323, 0, 0, 0
13349, 320, 0, 0, 0
13449, 330, 0, 0, 0
13550, 310, 0, 0, 0
13650, 320, 0, 0, 0
13749, 323, 0, 0, 0
13849, 300, 0, 0, 0
13949, 330, 0, 0, 0
14049, 310, 0, 0, 0
14149, 310, 0, 0, 0
14249, 320, 0, 0, 0
14350, 320, 0, 0, 0
14450, 320, 0, 0, 0
14550, 320, 0, 0, 0
14650, 300, 0, 0, 0
14749, 313, 0, 0, 0
14849, 320, 0, 0, 0
14949, 310, 0, 0, 0
15049, 310, 0, 0, 0
15149, 310, 0, 0, 0
15250, 310, 0, 0, 0
15350, 300, 0, 0, 0
15450, 310, 0, 0, 0
15550, 310, 0, 0, 0
15650, 320, 0, 0, 0
15749, 303, 0, 0, 0
15849, 320, 0, 0, 0
15949, 310, 0, 0, 0
16049, 320, 0, 0, 0
16149, 320, 0, 0, 0
16250, 320, 0, 0, 0
16350, 310, 0, 0, 0
16450, 300, 0, 0, 0
16550, 310, 0, 0, 0
16650, 330, 0, 0, 0
16749, 333, 0, 0, 0
16849, 310, 0, 0, 0
16949, 320, 0, 0, 0
17050, 330, 0, 0, 0
17150, 310, 0, 0, 0
17249, 323, 0, 0, 0
17349, 340, 0, 0, 0
17449, 320, 0, 0, 0
17549, 320, 0, 0, 0
17649, 330, 0, 0, 0
17750, 330, 0, 0, 0
17850, 340, 0, 0, 0
17950, 330, 0, 0, 0
18050, 320, 0, 0, 0
18150, 310, 0, 0, 0
18249, 343, 0, 0, 0
18349, 330, 0, 0, 0
18449, 320, 0, 0, 0
18549, 310, 0, 0, 0
18649, 340, 0, 0, 0
18750, 310, 0, 0, 0
18850, 310, 0, 0, 0
18950, 330, 0, 0, 0
19050, 310, 0, 0, 0
19150, 330, 0, 0, 0
19249, 323, 0, 0, 0
19349, 330, 0, 0, 0
19449, 330, 0, 0, 0
19549, 330, 0, 0, 0
19649, 330, 0, 0, 0
19750, 320, 0, 0, 0
19850, 300, 0, 0, 0
19950, 330, 0, 0, 0
20050, 330, 0, 0, 0
20150, 310, 0, 0, 0
20249, 323, 0, 0, 0
20349, 310, 0, 0, 0
20449, 330, 0, 0, 0
20549, 330, 0, 0, 0
20650, 330, 0, 0, 0
20750, 310, 0, 0, 0
20850, 330, 0, 0, 0
20950, 330, 0, 0, 0
21050, 340, 0, 0, 0
21150, 320, 0, 0, 0
21249, 333, 0, 0, 0
21349, 310, 0, 0, 0
21449, 320, 0, 0, 0
21550, 320, 0, 0, 0
21650, 320, 0, 0, 0
21749, 333, 0, 0, 0
21849, 320, 0, 0, 0
21949, 330, 0, 0, 0
22049, 320, 0, 0, 0
22149, 320, 0, 0, 0
22249, 320, 0, 0, 0
22349, 310, 0, 0, 0
22449, 340, 0, 0, 0
22550, 310, 0, 0, 0
22650, 310, 0, 0, 0
22749, 323, 0, 0, 0
22849, 330, 0, 0, 0
22949, 310, 0, 0, 0
23049, 320, 0, 0, 0
23149, 330, 0, 0, 0
23249, 330, 0, 0, 0
23349, 330, 0, 0, 0
23450, 310, 0, 0, 0
23550, 320, 0, 0, 0
23650, 310, 0, 0, 0
23749, 323, 0, 0, 0
23849, 310, 0, 0, 0
23949, 320, 0, 0, 0
24049, 310, 0, 0, 0
24149, 300, 0, 0, 0
24249, 320, 0, 0, 0
24349, 310, 0, 0, 0
24450, 320, 0, 0, 0
24550, 320, 0, 0, 0
24650, 320, 0, 0, 0
24749, 313, 0, 0, 0
24849, 310, 0, 0, 0
24949, 310, 0, 0, 0
25049, 290, 0, 0, 0
25149, 320, 0, 0, 0
25250, 320, 0, 0, 0
25350, 330, 0, 0, 0
25450, 320, 0, 0, 0
25550, 320, 0, 0, 0
25650, 340, 0, 0, 0
25749, 323, 0, 0, 0
25849, 300, 0, 0, 0
25949, 350, 0, 0, 0
26049, 320, 0, 0, 0
26149, 330, 0, 0, 0
26250, 310, 0, 0, 0
26350, 320, 0, 0, 0
26450, 320, 0, 0, 0
26550, 310, 0, 0, 0
26650, 310, 0, 0, 0
26749, 323, 0, 0, 0
26849, 310, 0, 0, 0
26949, 310, 0, 0, 0
27050, 310, 0, 0, 0
27150, 300, 0, 0, 0
27249, 313, 0, 0, 0
27349, 310, 0, 0, 0
27449, 320, 0, 0, 0
27549, 310, 0, 0, 0
27649, 330, 0, 0, 0
27749, 310, 0, 0, 0
27849, 320, 0, 0, 0
27949, 310, 0, 0, 0
28050, 330, 0, 0, 0
28150, 300, 0, 0, 0
28249, 333, 0, 0, 0
28349, 320, 0, 0, 0
28449, 310, 0, 0, 0
28549, 330, 0, 0, 0
28649, 330, 0, 0, 0
28749, 320, 0, 0, 0
28849, 320, 0, 0, 0
28949, 330, 0, 0, 0
29050, 330, 0, 0, 0
29150, 330, 0, 0, 0
29249, 333, 0, 0, 0
29349, 330, 0, 0, 0
29449, 320, 0, 0, 0
29549, 330, 0, 0, 0
29649, 320, 0, 0, 0
29750, 320, 0, 0, 0
29850, 350, 0, 0, 0
29950, 320, 0, 0, 0
30050, 300, 0, 0, 0
30150, 320, 0, 0, 0
30249, 313, 0, 0, 0
30349, 330, 0, 0, 0
30449, 320, 0, 0, 0
30549, 320, 0, 0, 0
30649, 330, 0, 0, 0
30750, 310, 0, 0, 0
30850, 310, 0, 0, 0
30950, 310, 0, 0, 0
31050, 310, 0, 0, 0
31150, 320, 0, 0, 0
31249, 333, 0, 0, 0
31349, 320, 0, 0, 0
31449, 320, 0, 0, 0
31549, 310, 0, 0, 0
31650, 290, 0, 0, 0
31750, 320, 0, 0, 0
31850, 330, 0, 0, 0
31950, 310, 0, 0, 0
32050, 340, 0, 0, 0
32150, 340, 0, 0, 0
32249, 333, 0, 0, 0
32349, 310, 0, 0, 0
32449, 300, 0, 0, 0
32550, 320, 0, 0, 0
32650, 320, 0, 0, 0
32749, 333, 0, 0, 0
32849, 320, 0, 0, 0
32949, 320, 0, 0, 0
33049, 300, 0, 0, 0
33149, 310, 0, 0, 0
33249, 330, 0, 0, 0
33349, 330, 0, 0, 0
33449, 330, 0, 0, 0
33550, 330, 0, 0, 0
33650, 320, 0, 0, 0
33749, 313, 0, 0, 0
33849, 300, 0, 0, 0
33949, 320, 0, 0, 0
34049, 300, 0, 0, 0
34149, 310, 0, 0, 0
34249, 320, 0, 0, 0
34349, 320, 0, 0, 0
34450, 330, 0, 0, 0
34550, 300, 0, 0, 0
34650, 320, 0, 0, 0
34749, 323, 0, 0, 0
34849, 330, 0, 0, 0
34949, 320, 0, 0, 0
35049, 330, 0, 0, 0
35149, 340, 0, 0, 0
35250, 300, 0, 0, 0
35350, 330, 0, 0, 0
35450, 320, 0, 0, 0
35550, 300, 0, 0, 0
35650, 320, 0, 0, 0
35749, 282, 0, 0, 0
35849, 330, 0, 0, 0
35949, 310, 0, 0, 0
36049, 320, 0, 0, 0
36149, 300, 0, 0, 0
36250, 310, 0, 0, 0
36350, 320, 0, 0, 0
36450, 300, 0, 0, 0
36550, 330, 0, 0, 0
36650, 320, 0, 0, 0
36749, 323, 0, 0, 0
36849, 340, 0, 0, 0
36949, 320, 0, 0, 0
37049, 330, 0, 0, 0
37149, 330, 0, 0, 0
37250, 310, 0, 0, 0
37350, 320, 0, 0, 0
37450, 300, 0, 0, 0
37550, 310, 0, 0, 0
37650, 310, 0, 0, 0
37749, 303, 0, 0, 0
37849, 320, 0, 0, 0
37949, 330, 0, 0, 0
38050, 320, 0, 0, 0
38150, 320, 0, 0, 0
38250, 330, 0, 0, 0
38350, 320, 0, 0, 0
38450, 310, 0, 0, 0
38550, 320, 0, 0, 0
38650, 310, 0, 0, 0
38749, 313, 0, 0, 0
38849, 300, 0, 0, 0
38949, 310, 0, 0, 0
39050, 320, 0, 0, 0
39150, 340, 0, 0, 0
39249, 313, 0, 0, 0
39349, 320, 0, 0, 0
39449, 320, 0, 0, 0
39549, 340, 0, 0, 0
39649, 310, 0, 0, 0
39749, 310, 0, 0, 0
39849, 320, 0, 0, 0
39949, 310, 0, 0, 0
40050, 320, 0, 0, 0
40150, 310, 0, 0, 0
40249, 323, 0, 0, 0
40349, 310, 0, 0, 0
40449, 300, 0, 0, 0
40549, 320, 0, 0, 0
40649, 330, 0, 0, 0
40749, 310, 0, 0, 0
40849, 320, 0, 0, 0
40949, 300, 0, 0, 0
41050, 310, 0, 0, 0
41150, 310, 0, 0, 0
41249, 333, 0, 0, 0
41349, 340, 0, 0, 0
41449, 310, 0, 0, 0
41549, 310, 0, 0, 0
41649, 320, 0, 0, 0
41749, 310, 0, 0, 0
41850, 320, 0, 0, 0
41950, 330, 0, 0, 0
42050, 320, 0, 0, 0
42150, 310, 0, 0, 0
42249, 313, 0, 0, 0
42349, 320, 0, 0, 0
42449, 340, 0, 0, 0
42549, 310, 0, 0, 0
42649, 330, 0, 0, 0
42750, 320, 0, 0, 0
42850, 300, 0, 0, 0
42950, 310, 0, 0, 0
43050, 330, 0, 0, 0
43150, 330, 0, 0, 0
43249, 323, 0, 0, 0
43349, 320, 0, 0, 0
43449, 310, 0, 0, 0
43549, 330, 0, 0, 0
43649, 310, 0, 0, 0
43750, 310, 0, 0, 0
43850, 330, 0, 0, 0
43950, 340, 0, 0, 0
44050, 300, 0, 0, 0
44150, 330, 0, 0, 0
44249, 333, 0, 0, 0
44349, 340, 0, 0, 0
44449, 330, 0, 0, 0
44549, 330, 0, 0, 0
44649, 310, 0, 0, 0
44750, 330, 0, 0, 0
44850, 330, 0, 0, 0
44950, 330, 0, 0, 0
45050, 320, 0, 0, 0
45150, 310, 0, 0, 0
45249, 333, 0, 0, 0
45349, 340, 0, 0, 0
45449, 300, 0, 0, 0
45549, 320, 0, 0, 0
45650, 320, 0, 0, 0
45750, 320, 0, 0, 0
45850, 330, 0, 0, 0
45950, 320, 0, 0, 0
46050, 320, 0, 0, 0
46150, 330, 0, 0, 0
46249, 323, 0, 0, 0
46349, 330, 0, 0, 0
46449, 320, 0, 0, 0
46550, 320, 0, 0, 0
46650, 310, 0, 0, 0
46749, 313, 0, 0, 0
46849, 300, 0, 0, 0
46949, 320, 0, 0, 0
47049, 320, 0, 0, 0
47149, 320, 0, 0, 0
47249, 320, 0, 0, 0
47349, 320, 0, 0, 0
47449, 320, 0, 0, 0
47550, 300, 0, 0, 0
47650, 310, 0, 0, 0
47749, 313, 0, 0, 0
47849, 310, 0, 0, 0
47949, 310, 0, 0, 0
48049, 330, 0, 0, 0
48149, 330, 0, 0, 0
48249, 340, 0, 0, 0
48349, 330, 0, 0, 0
48449, 310, 0, 0, 0
48550, 320, 0, 0, 0
48650, 340, 0, 0, 0
48749, 333, 0, 0, 0
48849, 330, 0, 0, 0
48949, 320, 0, 0, 0
49049, 330, 0, 0, 0
49149, 300, 0, 0, 0
49249, 320, 0, 0, 0
49349, 320, 0, 0, 0
49449, 330, 0, 0, 0
49550, 320, 0, 0, 0
49650, 310, 0, 0, 0
49749, 292, 0, 0, 0
49849, 300, 0, 0, 0
49949, 310, 0, 0, 0
50049, 300, 0, 0, 0
50149, 310, 0, 0, 0
50249, 320, 0, 0, 0
50349, 320, 0, 0, 0
50449, 310, 0, 0, 0
50550, 310, 0, 0, 0
50650, 320, 0, 0, 0
50749, 303, 0, 0, 0
50849, 310, 0, 0, 0
50949, 300, 0, 0, 0
51049, 310, 0, 0, 0
51149, 310, 0, 0, 0
51249, 330, 0, 0, 0
51349, 320, 0, 0, 0
51450, 320, 0, 0, 0
51550, 310, 0, 0, 0
51650, 330, 0, 0, 0
51749, 323, 0, 0, 0
51849, 340, 0, 0, 0
51949, 310, 0, 0, 0
52049, 310, 0, 0, 0
52149, 320, 0, 0, 0
52249, 300, 0, 0, 0
52349, 300, 0, 0, 0
52450, 330, 0, 0, 0
52550, 310, 0, 0, 0
52650, 320, 0, 0, 0
52749, 323, 0, 0, 0
52849, 320, 0, 0, 0
52949, 310, 0, 0, 0
53049, 320, 0, 0, 0
53149, 320, 0, 0, 0
53249, 320, 0, 0, 0
53350, 310, 0, 0, 0
53450, 320, 0, 0, 0
53550, 330, 0, 0, 0
53650, 330, 0, 0, 0
53749, 323, 0, 0, 0
53849, 310, 0, 0, 0
53949, 330, 0, 0, 0
54049, 310, 0, 0, 0
54149, 320, 0, 0, 0
54250, 320, 0, 0, 0
54350, 310, 0, 0, 0
54450, 330, 0, 0, 0
54550, 340, 0, 0, 0
54650, 310, 0, 0, 0
54749, 313, 0, 0, 0
54849, 330, 0, 0, 0
54949, 320, 0, 0, 0
55049, 310, 0, 0, 0
55149, 320, 0, 0, 0
55250, 290, 0, 0, 0
55350, 320, 0, 0, 0
55450, 300, 0, 0, 0
55550, 310, 0, 0, 0
55650, 320, 0, 0, 0
55749, 333, 0, 0, 0
55849, 340, 0, 0, 0
55949, 310, 0, 0, 0
56050, 310, 0, 0, 0
56150, 310, 0, 0, 0
56249, 313, 0, 0, 0
56349, 320, 0, 0, 0
56449, 310, 0, 0, 0
56549, 330, 0, 0, 0
56649, 310, 0, 0, 0
56749, 320, 0, 0, 0
56849, 310, 0, 0, 0
56949, 300, 0, 0, 0
57050, 310, 0, 0, 0
57150, 330, 0, 0, 0
57249, 343, 0, 0, 0
57349, 320, 0, 0, 0
57449, 310, 0, 0, 0
57549, 300, 0, 0, 0
57649, 320, 0, 0, 0
57749, 320, 0, 0, 0
57849, 320, 0, 0, 0
57950, 320, 0, 0, 0
58050, 310, 0, 0, 0
58150, 310, 0, 0, 0
58249, 323, 0, 0, 0
58349, 320, 0, 0, 0
58449, 340, 0, 0, 0
58549, 330, 0, 0, 0
58649, 320, 0, 0, 0
58749, 320, 0, 0, 0
58850, 320, 0, 0, 0
58950, 310, 0, 0, 0
59050, 340, 0, 0, 0
59150, 330, 0, 0, 0
59249, 313, 0, 0, 0
59349, 310, 0, 0, 0
59449, 330, 0, 0, 0
59549, 310, 0, 0, 0
59649, 310, 0, 0, 0
59750, 320, 0, 0, 0
59850, 320, 0, 0, 0
59950, 310, 0, 0, 0
60050, 330, 0, 0, 0
60150, 330, 0, 0, 0
60249, 313, 0, 0, 0
60349, 320, 0, 0, 0
60449, 320, 0, 0, 0
60549, 320, 0, 0, 0
60650, 330, 0, 0, 0
60750, 330, 0, 0, 0
60850, 340, 0, 0, 0
60950, 340, 0, 0, 0
61050, 330, 0, 0, 0
61150, 320, 0, 0, 0
61249, 333, 0, 0, 0
61349, 310, 0, 0, 0
61449, 320, 0, 0, 0
61550, 310, 0, 0, 0
61650, 340, 0, 0, 0
61749, 323, 0, 0, 0
61849, 300, 0, 0, 0
61949, 340, 0, 0, 0
62049, 340, 0, 0, 0
62149, 320, 0, 0, 0
62249, 310, 0, 0, 0
62350, 320, 0, 0, 0
62450, 320, 0, 0, 0
62550, 310, 0, 0, 0
62650, 320, 0, 0, 0
62749, 313, 0, 0, 0
62849, 330, 0, 0, 0
62949, 320, 0, 0, 0
63049, 330, 0, 0, 0
63149, 310, 0, 0, 0
63249, 300, 0, 0, 0
63350, 320, 0, 0, 0
63450, 320, 0, 0, 0
63550, 330, 0, 0, 0
63650, 310, 0, 0, 0
63749, 313, 0, 0, 0
63849, 310, 0, 0, 0
63949, 320, 0, 0, 0
64049, 320, 0, 0, 0
64149, 330, 0, 0, 0
64250, 330, 0, 0, 0
64350, 320, 0, 0, 0
64450, 320, 0, 0, 0
64550, 320, 0, 0, 0
64650, 330, 0, 0, 0
64749, 323, 0, 0, 0
64849, 330, 0, 0, 0
64949, 330, 0, 0, 0
65050, 310, 0, 0, 0
65150, 310, 0, 0, 0
65249, 333, 0, 0, 0
65349, 320, 0, 0, 0
65449, 320, 0, 0, 0
65549, 310, 0, 0, 0
65649, 340, 0, 0, 0
65749, 330, 0, 0, 0
65849, 320, 0, 0, 0
65949, 310, 0, 0, 0
66050, 330, 0, 0, 0
66150, 320, 0, 0, 0
66249, 343, 0, 0, 0
66349, 330, 0, 0, 0
66449, 310, 0, 0, 0
66549, 330, 0, 0, 0
66649, 320, 0, 0, 0
66749, 320, 0, 0, 0
66849, 330, 0, 0, 0
66949, 310, 0, 0, 0
67050, 320, 0, 0, 0
67150, 320, 0, 0, 0
67249, 323, 0, 0, 0
67349, 340, 0, 0, 0
67449, 310, 0, 0, 0
67549, 300, 0, 0, 0
67649, 310, 0, 0, 0
67749, 310, 0, 0, 0
67849, 320, 0, 0, 0
67949, 330, 0, 0, 0
68050, 320, 0, 0, 0
68150, 310, 0, 0, 0
68249, 313, 0, 0, 0
68349, 330, 0, 0, 0
68449, 320, 0, 0, 0
68549, 340, 0, 0, 0
68649, 320, 0, 0, 0
68749, 320, 0, 0, 0
68849, 320, 0, 0, 0
68949, 330, 0, 0, 0
69050, 310, 0, 0, 0
69150, 330, 0, 0, 0
69249, 333, 0, 0, 0
69349, 320, 0, 0, 0
69449, 330, 0, 0, 0
69549, 330, 0, 0, 0
69649, 320, 0, 0, 0
69749, 330, 0, 0, 0
69849, 330, 0, 0, 0
69949, 330, 0, 0, 0
70050, 310, 0, 0, 0
70150, 320, 0, 0, 0
70250, 320, 0, 0, 0
70350, 320, 0, 0, 0
70450, 320, 0, 0, 0
70550, 330, 0, 0, 0
70650, 310, 0, 0, 0
70749, 313, 0, 0, 0
70849, 300, 0, 0, 0
70949, 350, 0, 0, 0
71050, 320, 0, 0, 0
71150, 310, 0, 0, 0
71249, 333, 0, 0, 0
71349, 300, 0, 0, 0
71449, 330, 0, 0, 0
71549, 320, 0, 0, 0
71649, 310, 0, 0, 0
71749, 310, 0, 0, 0
71849, 330, 0, 0, 0
71950, 320, 0, 0, 0
72050, 320, 0, 0, 0
72150, 320, 0, 0, 0
72249, 323, 0, 0, 0
72349, 300, 0, 0, 0
72449, 310, 0, 0, 0
72549, 330, 0, 0, 0
72649, 320, 0, 0, 0
72750, 320, 0, 0, 0
72850, 310, 0, 0, 0
72950, 320, 0, 0, 0
73050, 320, 0, 0, 0
73150, 330, 0, 0, 0
73249, 313, 0, 0, 0
73349, 330, 0, 0, 0
73449, 320, 0, 0, 0
73549, 320, 0, 0, 0
73649, 300, 0, 0, 0
73750, 310, 0, 0, 0
73850, 320, 0, 0, 0
73950, 320, 0, 0, 0
74050, 320, 0, 0, 0
74150, 290, 0, 0, 0
74249, 323, 0, 0, 0
74349, 320, 0, 0, 0
74449, 320, 0, 0, 0
74550, 320, 0, 0, 0
74650, 300, 0, 0, 0
74750, 310, 0, 0, 0
74850, 320, 0, 0, 0
74950, 310, 0, 0, 0
75050, 330, 0, 0, 0
75150, 300, 0, 0, 0
75249, 303, 0, 0, 0
75349, 300, 0, 0, 0
75449, 320, 0, 0, 0
75550, 320, 0, 0, 0
75650, 310, 0, 0, 0
75749, 303, 0, 0, 0
75849, 320, 0, 0, 0
75949, 310, 0, 0, 0
76049, 320, 0, 0, 0
76149, 320, 0, 0, 0
76249, 320, 0, 0, 0
76350, 320, 0, 0, 0
76450, 310, 0, 0, 0
76550, 300, 0, 0, 0
76650, 310, 0, 0, 0
76749, 313, 0, 0, 0
76849, 320, 0, 0, 0
76949, 330, 0, 0, 0
77049, 320, 0, 0, 0
77149, 310, 0, 0, 0
77250, 320, 0, 0, 0
77350, 310, 0, 0, 0
77450, 320, 0, 0, 0
77550, 310, 0, 0, 0
77650, 330, 0, 0, 0
77749, 313, 0, 0, 0
77849, 310, 0, 0, 0
77949, 310, 0, 0, 0
78050, 300, 0, 0, 0
78150, 310, 0, 0, 0
78250, 310, 0, 0, 0
78350, 330, 0, 0, 0
78450, 300, 0, 0, 0
78550, 320, 0, 0, 0
78650, 320, 0, 0, 0
78749, 323, 0, 0, 0
78849, 330, 0, 0, 0
78949, 310, 0, 0, 0
79050, 300, 0, 0, 0
79150, 300, 0, 0, 0
79249, 323, 0, 0, 0
79349, 310, 0, 0, 0
79449, 320, 0, 0, 0
79549, 310, 0, 0, 0
79649, 320, 0, 0, 0
79749, 320, 0, 0, 0
79849, 310, 0, 0, 0
79950, 310, 0, 0, 0
80050, 320, 0, 0, 0
80150, 300, 0, 0, 0
80249, 323, 0, 0, 0
80349, 310, 0, 0, 0
80449, 330, 0, 0, 0
80549, 320, 0, 0, 0
80649, 330, 0, 0, 0
80750, 340, 0, 0, 0
80850, 300, 0, 0, 0
80950, 300, 0, 0, 0
81050, 330, 0, 0, 0
81150, 330, 0, 0, 0
81249, 333, 0, 0, 0
81349, 310, 0, 0, 0
81449, 330, 0, 0, 0
81549, 330, 0, 0, 0
81649, 320, 0, 0, 0
81750, 310, 0, 0, 0
81850, 300, 0, 0, 0
81950, 300, 0, 0, 0
82050, 310, 0, 0, 0
82150, 340, 0, 0, 0
82249, 313, 0, 0, 0
82349, 310, 0, 0, 0
82449, 320, 0, 0, 0
82550, 320, 0, 0, 0
82650, 330, 0, 0, 0
82749, 323, 0, 0, 0
82849, 320, 0, 0, 0
82949, 320, 0, 0, 0
83049, 310, 0, 0, 0
83149, 340, 0, 0, 0
83249, 310, 0, 0, 0
83349, 310, 0, 0, 0
83449, 320, 0, 0, 0
83550, 320, 0, 0, 0
83650, 310, 0, 0, 0
83749, 313, 0, 0, 0
83849, 310, 0, 0, 0
83949, 330, 0, 0, 0
84049, 330, 0, 0, 0
84149, 320, 0, 0, 0
84249, 300, 0, 0, 0
84349, 320, 0, 0, 0
84450, 310, 0, 0, 0
84550, 330, 0, 0, 0
84650, 330, 0, 0, 0
84749, 323, 0, 0, 0
84849, 310, 0, 0, 0
84949, 310, 0, 0, 0
85049, 300, 0, 0, 0
85149, 320, 0, 0, 0
85249, 300, 0, 0, 0
85349, 320, 0, 0, 0
85450, 320, 0, 0, 0
85550, 320, 0, 0, 0
85650, 310, 0, 0, 0
85749, 323, 0, 0, 0
85849, 330, 0, 0, 0
85949, 320, 0, 0, 0
86049, 330, 0, 0, 0
86149, 320, 0, 0, 0
86250, 320, 0, 0, 0
86350, 310, 0, 0, 0
86450, 290, 0, 0, 0
86550, 340, 0, 0, 0
86650, 300, 0, 0, 0
86749, 313, 0, 0, 0
86849, 310, 0, 0, 0
86949, 340, 0, 0, 0
87049, 320, 0, 0, 0
87149, 330, 0, 0, 0
87250, 330, 0, 0, 0
87350, 310, 0, 0, 0
87450, 330, 0, 0, 0
87550, 320, 0, 0, 0
87650, 310, 0, 0, 0
87749, 323, 0, 0, 0
87849, 320, 0, 0, 0
87949, 300, 0, 0, 0
88049, 310, 0, 0, 0
88150, 310, 0, 0, 0
88250, 320, 0, 0, 0
88350, 310, 0, 0, 0
88450, 300, 0, 0, 0
88550, 330, 0, 0, 0
88650, 310, 0, 0, 0
88749, 303, 0, 0, 0
88849, 330, 0, 0, 0
88949, 320, 0, 0, 0
89050, 320, 0, 0, 0
89150, 310, 0, 0, 0
89249, 303, 0, 0, 0
89349, 320, 0, 0, 0
89449, 290, 0, 0, 0
89549, 300, 0, 0, 0
89649, 320, 0, 0, 0
89749, 310, 0, 0, 0
89849, 320, 0, 0, 0
89949, 300, 0, 0, 0
