100, 554835, 0, 0, 0
200, 595790, 0, 0, 0
300, 559322, 0, 0, 0
400, 563449, 0, 0, 0
500, 577609, 0, 0, 0
600, 549462, 0, 0, 0
700, 519840, 0, 0, 0
800, 541342, 0, 0, 0
900, 525568, 0, 0, 0
1000, 535637, 0, 0, 0
1100, 549974, 0, 0, 0
1200, 548152, 0, 0, 0
1300, 540252, 0, 0, 0
1400, 538239, 0, 0, 0
1500, 549291, 0, 0, 0
1600, 569399, 0, 0, 0
1700, 580261, 0, 0, 0
1800, 563965, 0, 0, 0
1900, 565682, 0, 0, 0
2000, 563982, 0, 0, 0
2100, 529933, 0, 0, 0
2200, 532077, 0, 0, 0
2300, 508085, 0, 0, 0
2400, 522048, 0, 0, 0
2500, 563905, 0, 0, 0
2600, 554946, 0, 0, 0
2700, 544953, 0, 0, 0
2800, 517416, 0, 0, 0
2900, 533944, 0, 0, 0
3000, 529340, 0, 0, 0
3100, 512092, 0, 0, 0
3200, 528569, 0, 0, 0
3300, 546032, 0, 0, 0
3400, 543167, 0, 0, 0
3500, 546023, 0, 0, 0
3600, 538940, 0, 0, 0
3700, 536786, 0, 0, 0
3800, 551319, 0, 0, 0
3900, 524099, 0, 0, 0
4000, 515696, 0, 0, 0
4100, 549551, 0, 0, 0
4200, 527184, 0, 0, 0
4300, 563748, 0, 0, 0
4400, 543055, 0, 0, 0
4500, 532534, 0, 0, 0
4600, 537800, 0, 0, 0
4700, 524431, 0, 0, 0
4800, 526608, 0, 0, 0
4900, 528354, 0, 0, 0
5000, 527003, 0, 0, 0
5100, 532693, 0, 0, 0
5200, 547785, 0, 0, 0
5300, 525961, 0, 0, 0
5400, 566012, 0, 0, 0
5500, 539806, 0, 0, 0
5600, 548549, 0, 0, 0
5700, 540139, 0, 0, 0
5800, 540195, 0, 0, 0
5900, 525015, 0, 0, 0
6000, 549261, 0, 0, 0
6100, 532678, 0, 0, 0
6200, 531410, 0, 0, 0
6300, 548465, 0, 0, 0
6400, 543348, 0, 0, 0
6500, 543613, 0, 0, 0
6600, 532359, 0, 0, 0
6700, 550726, 0, 0, 0
6800, 517759, 0, 0, 0
6900, 520697, 0, 0, 0
7000, 528827, 0, 0, 0
7100, 540331, 0, 0, 0
7200, 523650, 0, 0, 0
7300, 526184, 0, 0, 0
7400, 522438, 0, 0, 0
7500, 542015, 0, 0, 0
7600, 556003, 0, 0, 0
7700, 543116, 0, 0, 0
7800, 538826, 0, 0, 0
7900, 531974, 0, 0, 0
8000, 534583, 0, 0, 0
8100, 529834, 0, 0, 0
8200, 522695, 0, 0, 0
8300, 526874, 0, 0, 0
8400, 518996, 0, 0, 0
8500, 581291, 0, 0, 0
8600, 577222, 0, 0, 0
8700, 564404, 0, 0, 0
8800, 571878, 0, 0, 0
8900, 528185, 0, 0, 0
9000, 540091, 0, 0, 0
9100, 526343, 0, 0, 0
9200, 522547, 0, 0, 0
9300, 533116, 0, 0, 0
9400, 535700, 0, 0, 0
9500, 533744, 0, 0, 0
9600, 582739, 0, 0, 0
9700, 526646, 0, 0, 0
9800, 538528, 0, 0, 0
9900, 519679, 0, 0, 0
10000, 527613, 0, 0, 0
10100, 533159, 0, 0, 0
10200, 538055, 0, 0, 0
10300, 527061, 0, 0, 0
10400, 523469, 0, 0, 0
10500, 519904, 0, 0, 0
10600, 530969, 0, 0, 0
10700, 555288, 0, 0, 0
10800, 584039, 0, 0, 0
10900, 575780, 0, 0, 0
11000, 558272, 0, 0, 0
11100, 567589, 0, 0, 0
11200, 538732, 0, 0, 0
11300, 537218, 0, 0, 0
11400, 533961, 0, 0, 0
11500, 534130, 0, 0, 0
11600, 553747, 0, 0, 0
11700, 579620, 0, 0, 0
11800, 512627, 0, 0, 0
11900, 540010, 0, 0, 0
12000, 548624, 0, 0, 0
12100, 535997, 0, 0, 0
12200, 588410, 0, 0, 0
12300, 549950, 0, 0, 0
12400, 566920, 0, 0, 0
12500, 542598, 0, 0, 0
12600, 544813, 0, 0, 0
12700, 551493, 0, 0, 0
12800, 532833, 0, 0, 0
12900, 525284, 0, 0, 0
13000, 535893, 0, 0, 0
13100, 521654, 0, 0, 0
13200, 565858, 0, 0, 0
13300, 525101, 0, 0, 0
13400, 537108, 0, 0, 0
13500, 531660, 0, 0, 0
13600, 558272, 0, 0, 0
13700, 564734, 0, 0, 0
13800, 573189, 0, 0, 0
13900, 543319, 0, 0, 0
14000, 562539, 0, 0, 0
14100, 535229, 0, 0, 0
14200, 517016, 0, 0, 0
14300, 521371, 0, 0, 0
14400, 526264, 0, 0, 0
14500, 524917, 0, 0, 0
14600, 508457, 0, 0, 0
14700, 530338, 0, 0, 0
14800, 545772, 0, 0, 0
14900, 564031, 0, 0, 0
15000, 562381, 0, 0, 0
15100, 567996, 0, 0, 0
15200, 577352, 0, 0, 0
15300, 532925, 0, 0, 0
15400, 524176, 0, 0, 0
15500, 530497, 0, 0, 0
15600, 526445, 0, 0, 0
15700, 526012, 0, 0, 0
15800, 515711, 0, 0, 0
15900, 533248, 0, 0, 0
16000, 525728, 0, 0, 0
16100, 524951, 0, 0, 0
16200, 543929, 0, 0, 0
16300, 524837, 0, 0, 0
16400, 541863, 0, 0, 0
16500, 531082, 0, 0, 0
16600, 565791, 0, 0, 0
16700, 567774, 0, 0, 0
16800, 574968, 0, 0, 0
16900, 552692, 0, 0, 0
17000, 535871, 0, 0, 0
17100, 541983, 0, 0, 0
17200, 561714, 0, 0, 0
17300, 561672, 0, 0, 0
17400, 546794, 0, 0, 0
17500, 531291, 0, 0, 0
17600, 511513, 0, 0, 0
17700, 542351, 0, 0, 0
17800, 546287, 0, 0, 0
17900, 545058, 0, 0, 0
18000, 525798, 0, 0, 0
18100, 531746, 0, 0, 0
18200, 525577, 0, 0, 0
18300, 523111, 0, 0, 0
18400, 514626, 0, 0, 0
18500, 529452, 0, 0, 0
18600, 525799, 0, 0, 0
18700, 547026, 0, 0, 0
18800, 522452, 0, 0, 0
18900, 521944, 0, 0, 0
19000, 538456, 0, 0, 0
19100, 533539, 0, 0, 0
19200, 564888, 0, 0, 0
19300, 553093, 0, 0, 0
19400, 555646, 0, 0, 0
19500, 573347, 0, 0, 0
19600, 553597, 0, 0, 0
19700, 508161, 0, 0, 0
19800, 548091, 0, 0, 0
19900, 529089, 0, 0, 0
20000, 581470, 0, 0, 0
20100, 562508, 0, 0, 0
20200, 542873, 0, 0, 0
20300, 537524, 0, 0, 0
20400, 523747, 0, 0, 0
20500, 535189, 0, 0, 0
20600, 524374, 0, 0, 0
20700, 523421, 0, 0, 0
20800, 565578, 0, 0, 0
20900, 519725, 0, 0, 0
21000, 588515, 0, 0, 0
21100, 531225, 0, 0, 0
21200, 559074, 0, 0, 0
21300, 523480, 0, 0, 0
21400, 546601, 0, 0, 0
21500, 516184, 0, 0, 0
21600, 526608, 0, 0, 0
21700, 532043, 0, 0, 0
21800, 521098, 0, 0, 0
21900, 520978, 0, 0, 0
22000, 524436, 0, 0, 0
22100, 521564, 0, 0, 0
22200, 521342, 0, 0, 0
22300, 523213, 0, 0, 0
22400, 532724, 0, 0, 0
22500, 507408, 0, 0, 0
22600, 529681, 0, 0, 0
22700, 519642, 0, 0, 0
22800, 536157, 0, 0, 0
22900, 510964, 0, 0, 0
23000, 534921, 0, 0, 0
23100, 528659, 0, 0, 0
23200, 522562, 0, 0, 0
23300, 537155, 0, 0, 0
23400, 569609, 0, 0, 0
23500, 570297, 0, 0, 0
23600, 568707, 0, 0, 0
23700, 541074, 0, 0, 0
23800, 526570, 0, 0, 0
23900, 527892, 0, 0, 0
24000, 520725, 0, 0, 0
24100, 522197, 0, 0, 0
24200, 516345, 0, 0, 0
24300, 522846, 0, 0, 0
24400, 531055, 0, 0, 0
24500, 533872, 0, 0, 0
24600, 530600, 0, 0, 0
24700, 531588, 0, 0, 0
24800, 529213, 0, 0, 0
24900, 532975, 0, 0, 0
25000, 532651, 0, 0, 0
25100, 530691, 0, 0, 0
25200, 518368, 0, 0, 0
25300, 526139, 0, 0, 0
25400, 516917, 0, 0, 0
25500, 515961, 0, 0, 0
25600, 503358, 0, 0, 0
25700, 554336, 0, 0, 0
25800, 538325, 0, 0, 0
25900, 535296, 0, 0, 0
26000, 523046, 0, 0, 0
26100, 538770, 0, 0, 0
26200, 560234, 0, 0, 0
26300, 532846, 0, 0, 0
26400, 530292, 0, 0, 0
26500, 528055, 0, 0, 0
26600, 564411, 0, 0, 0
26700, 548584, 0, 0, 0
26800, 547382, 0, 0, 0
26900, 550862, 0, 0, 0
27000, 545346, 0, 0, 0
27100, 564260, 0, 0, 0
27200, 534771, 0, 0, 0
27300, 548202, 0, 0, 0
27400, 554044, 0, 0, 0
27500, 535319, 0, 0, 0
27600, 529881, 0, 0, 0
27700, 524587, 0, 0, 0
27800, 545354, 0, 0, 0
27900, 566845, 0, 0, 0
28000, 536486, 0, 0, 0
28100, 540039, 0, 0, 0
28200, 534301, 0, 0, 0
28300, 569081, 0, 0, 0
28400, 562978, 0, 0, 0
28500, 533695, 0, 0, 0
28600, 542205, 0, 0, 0
28700, 516889, 0, 0, 0
28800, 528078, 0, 0, 0
28900, 542321, 0, 0, 0
29000, 540754, 0, 0, 0
29100, 522990, 0, 0, 0
29200, 517601, 0, 0, 0
29300, 524787, 0, 0, 0
29400, 530012, 0, 0, 0
29500, 534254, 0, 0, 0
29600, 537307, 0, 0, 0
29700, 529108, 0, 0, 0
29800, 532364, 0, 0, 0
29900, 522455, 0, 0, 0
30000, 546461, 0, 0, 0
30100, 534252, 0, 0, 0
30200, 559226, 0, 0, 0
30300, 544864, 0, 0, 0
30400, 529270, 0, 0, 0
30500, 530659, 0, 0, 0
30600, 542649, 0, 0, 0
30700, 533592, 0, 0, 0
30800, 529368, 0, 0, 0
30900, 534322, 0, 0, 0
31000, 530167, 0, 0, 0
31100, 520826, 0, 0, 0
31200, 541627, 0, 0, 0
31300, 550317, 0, 0, 0
31400, 536092, 0, 0, 0
31500, 537726, 0, 0, 0
31600, 515597, 0, 0, 0
31700, 533387, 0, 0, 0
31800, 521548, 0, 0, 0
31900, 511962, 0, 0, 0
32000, 552591, 0, 0, 0
32100, 541454, 0, 0, 0
32200, 523090, 0, 0, 0
32300, 535738, 0, 0, 0
32400, 546046, 0, 0, 0
32500, 531913, 0, 0, 0
32600, 548404, 0, 0, 0
32700, 538877, 0, 0, 0
32800, 531624, 0, 0, 0
32900, 553045, 0, 0, 0
33000, 552467, 0, 0, 0
33100, 529195, 0, 0, 0
33200, 507903, 0, 0, 0
33300, 548816, 0, 0, 0
33400, 531091, 0, 0, 0
33500, 524597, 0, 0, 0
33600, 507828, 0, 0, 0
33700, 525725, 0, 0, 0
33800, 537901, 0, 0, 0
33900, 556214, 0, 0, 0
34000, 544358, 0, 0, 0
34100, 537126, 0, 0, 0
34200, 542457, 0, 0, 0
34300, 522509, 0, 0, 0
34400, 522279, 0, 0, 0
34500, 536322, 0, 0, 0
34600, 525357, 0, 0, 0
34700, 512651, 0, 0, 0
34800, 561088, 0, 0, 0
34900, 532732, 0, 0, 0
35000, 540709, 0, 0, 0
35100, 547488, 0, 0, 0
35200, 559288, 0, 0, 0
35300, 541049, 0, 0, 0
35400, 531682, 0, 0, 0
35500, 518815, 0, 0, 0
35600, 529038, 0, 0, 0
35700, 527704, 0, 0, 0
35800, 518342, 0, 0, 0
35900, 530633, 0, 0, 0
36000, 572532, 0, 0, 0
36100, 562290, 0, 0, 0
36200, 566910, 0, 0, 0
36300, 537994, 0, 0, 0
36400, 593597, 0, 0, 0
36500, 582011, 0, 0, 0
36600, 540777, 0, 0, 0
36700, 563713, 0, 0, 0
36800, 572353, 0, 0, 0
36900, 552517, 0, 0, 0
37000, 547458, 0, 0, 0
37100, 528470, 0, 0, 0
37200, 523220, 0, 0, 0
37300, 528595, 0, 0, 0
37400, 546329, 0, 0, 0
37500, 517923, 0, 0, 0
37600, 527407, 0, 0, 0
37700, 514914, 0, 0, 0
37800, 523878, 0, 0, 0
37900, 522385, 0, 0, 0
38000, 519596, 0, 0, 0
38100, 535237, 0, 0, 0
38200, 575077, 0, 0, 0
38300, 538041, 0, 0, 0
38400, 527931, 0, 0, 0
38500, 532286, 0, 0, 0
38600, 519061, 0, 0, 0
38700, 549326, 0, 0, 0
38800, 527467, 0, 0, 0
38900, 534265, 0, 0, 0
39000, 521018, 0, 0, 0
39100, 530374, 0, 0, 0
39200, 551555, 0, 0, 0
39300, 565686, 0, 0, 0
39400, 538797, 0, 0, 0
39500, 529835, 0, 0, 0
39600, 580841, 0, 0, 0
39700, 542078, 0, 0, 0
39800, 581924, 0, 0, 0
39900, 580547, 0, 0, 0
40000, 536838, 0, 0, 0
40100, 537478, 0, 0, 0
40200, 530055, 0, 0, 0
40300, 525145, 0, 0, 0
40400, 568769, 0, 0, 0
40500, 540058, 0, 0, 0
40600, 518745, 0, 0, 0
40700, 576774, 0, 0, 0
40800, 577319, 0, 0, 0
40900, 577239, 0, 0, 0
41000, 555203, 0, 0, 0
41100, 574487, 0, 0, 0
41200, 565253, 0, 0, 0
41300, 550413, 0, 0, 0
41400, 551029, 0, 0, 0
41500, 534662, 0, 0, 0
41600, 530698, 0, 0, 0
41700, 529969, 0, 0, 0
41800, 514608, 0, 0, 0
41900, 534583, 0, 0, 0
42000, 532980, 0, 0, 0
42100, 532453, 0, 0, 0
42200, 531343, 0, 0, 0
42300, 537884, 0, 0, 0
42400, 546585, 0, 0, 0
42500, 538149, 0, 0, 0
42600, 536635, 0, 0, 0
42700, 535781, 0, 0, 0
42800, 520122, 0, 0, 0
42900, 544848, 0, 0, 0
43000, 521148, 0, 0, 0
43100, 529028, 0, 0, 0
43200, 519563, 0, 0, 0
43300, 538500, 0, 0, 0
43400, 521727, 0, 0, 0
43500, 533772, 0, 0, 0
43600, 521882, 0, 0, 0
43700, 525766, 0, 0, 0
43800, 522251, 0, 0, 0
43900, 548251, 0, 0, 0
44000, 568067, 0, 0, 0
44100, 573152, 0, 0, 0
44200, 556135, 0, 0, 0
44300, 554296, 0, 0, 0
44400, 564975, 0, 0, 0
44500, 553316, 0, 0, 0
44600, 555322, 0, 0, 0
44700, 556391, 0, 0, 0
44800, 530686, 0, 0, 0
44900, 550943, 0, 0, 0
45000, 557832, 0, 0, 0
45100, 552270, 0, 0, 0
45200, 566827, 0, 0, 0
45300, 522960, 0, 0, 0
45400, 568777, 0, 0, 0
45500, 547900, 0, 0, 0
45600, 537464, 0, 0, 0
45700, 565156, 0, 0, 0
45800, 540591, 0, 0, 0
45900, 517937, 0, 0, 0
46000, 540527, 0, 0, 0
46100, 583808, 0, 0, 0
46200, 552416, 0, 0, 0
46300, 601113, 0, 0, 0
46400, 552593, 0, 0, 0
46500, 573356, 0, 0, 0
46600, 564590, 0, 0, 0
46700, 543325, 0, 0, 0
46800, 533058, 0, 0, 0
46900, 523275, 0, 0, 0
47000, 531730, 0, 0, 0
47100, 524331, 0, 0, 0
47200, 542324, 0, 0, 0
47300, 540238, 0, 0, 0
47400, 539496, 0, 0, 0
47500, 525991, 0, 0, 0
47600, 525648, 0, 0, 0
47700, 531550, 0, 0, 0
47800, 525329, 0, 0, 0
47900, 525688, 0, 0, 0
48000, 515051, 0, 0, 0
48100, 524014, 0, 0, 0
48200, 535205, 0, 0, 0
48300, 528949, 0, 0, 0
48400, 524205, 0, 0, 0
48500, 513081, 0, 0, 0
48600, 549843, 0, 0, 0
48700, 527903, 0, 0, 0
48800, 528661, 0, 0, 0
48900, 531690, 0, 0, 0
49000, 527570, 0, 0, 0
49100, 526257, 0, 0, 0
49200, 540481, 0, 0, 0
49300, 580315, 0, 0, 0
49400, 565309, 0, 0, 0
49500, 531327, 0, 0, 0
49600, 540538, 0, 0, 0
49700, 523958, 0, 0, 0
49800, 526862, 0, 0, 0
49900, 544162, 0, 0, 0
50000, 534039, 0, 0, 0
50100, 553447, 0, 0, 0
50200, 555274, 0, 0, 0
50300, 589598, 0, 0, 0
50400, 547783, 0, 0, 0
50500, 527131, 0, 0, 0
50600, 521131, 0, 0, 0
50700, 512613, 0, 0, 0
50800, 520661, 0, 0, 0
50900, 539535, 0, 0, 0
51000, 534874, 0, 0, 0
51100, 539549, 0, 0, 0
51200, 520175, 0, 0, 0
51300, 547124, 0, 0, 0
51400, 526084, 0, 0, 0
51500, 524051, 0, 0, 0
51600, 529000, 0, 0, 0
51700, 523386, 0, 0, 0
51800, 529540, 0, 0, 0
51900, 538834, 0, 0, 0
52000, 540568, 0, 0, 0
52100, 522456, 0, 0, 0
52200, 524640, 0, 0, 0
52300, 537827, 0, 0, 0
52400, 514651, 0, 0, 0
52500, 542909, 0, 0, 0
52600, 524977, 0, 0, 0
52700, 509788, 0, 0, 0
52800, 518392, 0, 0, 0
52900, 523126, 0, 0, 0
53000, 538662, 0, 0, 0
53100, 533031, 0, 0, 0
53200, 547963, 0, 0, 0
53300, 530983, 0, 0, 0
53400, 531311, 0, 0, 0
53500, 528987, 0, 0, 0
53600, 556334, 0, 0, 0
53700, 511737, 0, 0, 0
53800, 525990, 0, 0, 0
53900, 536903, 0, 0, 0
54000, 512185, 0, 0, 0
54100, 536366, 0, 0, 0
54200, 550983, 0, 0, 0
54300, 600740, 0, 0, 0
54400, 563081, 0, 0, 0
54500, 518061, 0, 0, 0
54600, 527281, 0, 0, 0
54700, 526648, 0, 0, 0
54800, 534873, 0, 0, 0
54900, 526922, 0, 0, 0
55000, 539474, 0, 0, 0
55100, 526669, 0, 0, 0
55200, 528148, 0, 0, 0
55300, 538222, 0, 0, 0
55400, 557612, 0, 0, 0
55500, 521415, 0, 0, 0
55600, 561759, 0, 0, 0
55700, 544186, 0, 0, 0
55800, 532098, 0, 0, 0
55900, 540041, 0, 0, 0
56000, 550713, 0, 0, 0
56100, 564761, 0, 0, 0
56200, 530906, 0, 0, 0
56300, 547798, 0, 0, 0
56400, 528564, 0, 0, 0
56500, 530916, 0, 0, 0
56600, 537749, 0, 0, 0
56700, 531568, 0, 0, 0
56800, 515276, 0, 0, 0
56900, 532297, 0, 0, 0
57000, 516938, 0, 0, 0
57100, 554664, 0, 0, 0
57200, 567539, 0, 0, 0
57300, 565380, 0, 0, 0
57400, 547892, 0, 0, 0
57500, 566227, 0, 0, 0
57600, 524058, 0, 0, 0
57700, 534084, 0, 0, 0
57800, 516431, 0, 0, 0
57900, 526886, 0, 0, 0
58000, 513195, 0, 0, 0
58100, 534282, 0, 0, 0
58200, 513662, 0, 0, 0
58300, 532068, 0, 0, 0
58400, 505529, 0, 0, 0
58500, 517643, 0, 0, 0
58600, 526524, 0, 0, 0
58700, 526485, 0, 0, 0
58800, 552284, 0, 0, 0
58900, 595818, 0, 0, 0
59000, 536543, 0, 0, 0
59100, 541537, 0, 0, 0
59200, 531988, 0, 0, 0
59300, 532742, 0, 0, 0
59400, 524012, 0, 0, 0
59500, 513891, 0, 0, 0
59600, 549071, 0, 0, 0
59700, 536394, 0, 0, 0
59800, 538705, 0, 0, 0
59900, 550776, 0, 0, 0
60000, 549100, 0, 0, 0
60100, 566600, 0, 0, 0
60200, 554376, 0, 0, 0
60300, 558752, 0, 0, 0
60400, 553955, 0, 0, 0
60500, 542487, 0, 0, 0
60600, 560124, 0, 0, 0
60700, 554055, 0, 0, 0
60800, 572132, 0, 0, 0
60900, 551063, 0, 0, 0
61000, 590325, 0, 0, 0
61100, 584764, 0, 0, 0
61200, 539572, 0, 0, 0
61300, 541112, 0, 0, 0
61400, 529939, 0, 0, 0
61500, 574347, 0, 0, 0
61600, 588702, 0, 0, 0
61700, 562085, 0, 0, 0
61800, 560866, 0, 0, 0
61900, 569944, 0, 0, 0
62000, 573040, 0, 0, 0
62100, 562096, 0, 0, 0
62200, 571468, 0, 0, 0
62300, 572234, 0, 0, 0
62400, 512682, 0, 0, 0
62500, 555490, 0, 0, 0
62600, 556724, 0, 0, 0
62700, 532879, 0, 0, 0
62800, 514922, 0, 0, 0
62900, 557500, 0, 0, 0
63000, 570971, 0, 0, 0
63100, 560019, 0, 0, 0
63200, 572052, 0, 0, 0
63300, 534015, 0, 0, 0
63400, 559206, 0, 0, 0
63500, 563018, 0, 0, 0
63600, 521065, 0, 0, 0
63700, 523143, 0, 0, 0
63800, 552085, 0, 0, 0
63900, 538749, 0, 0, 0
64000, 563131, 0, 0, 0
64100, 534577, 0, 0, 0
64200, 532019, 0, 0, 0
64300, 525408, 0, 0, 0
64400, 526024, 0, 0, 0
64500, 539250, 0, 0, 0
64600, 533226, 0, 0, 0
64700, 537474, 0, 0, 0
64800, 526676, 0, 0, 0
64900, 516350, 0, 0, 0
65000, 537678, 0, 0, 0
65100, 522379, 0, 0, 0
65200, 533018, 0, 0, 0
65300, 534319, 0, 0, 0
65400, 571116, 0, 0, 0
65500, 572045, 0, 0, 0
65600, 547994, 0, 0, 0
65700, 532555, 0, 0, 0
65800, 543828, 0, 0, 0
65900, 541891, 0, 0, 0
66000, 514655, 0, 0, 0
66100, 527998, 0, 0, 0
66200, 543327, 0, 0, 0
66300, 527196, 0, 0, 0
66400, 530865, 0, 0, 0
66500, 520456, 0, 0, 0
66600, 533785, 0, 0, 0
66700, 542406, 0, 0, 0
66800, 558843, 0, 0, 0
66900, 572445, 0, 0, 0
67000, 562560, 0, 0, 0
67100, 551257, 0, 0, 0
67200, 524110, 0, 0, 0
67300, 525733, 0, 0, 0
67400, 541689, 0, 0, 0
67500, 573159, 0, 0, 0
67600, 564042, 0, 0, 0
67700, 561800, 0, 0, 0
67800, 555847, 0, 0, 0
67900, 552898, 0, 0, 0
68000, 543958, 0, 0, 0
68100, 528728, 0, 0, 0
68200, 526578, 0, 0, 0
68300, 526043, 0, 0, 0
68400, 515797, 0, 0, 0
68500, 535150, 0, 0, 0
68600, 533039, 0, 0, 0
68700, 546645, 0, 0, 0
68800, 551359, 0, 0, 0
68900, 552217, 0, 0, 0
69000, 565901, 0, 0, 0
69100, 550019, 0, 0, 0
69200, 569834, 0, 0, 0
69300, 559805, 0, 0, 0
69400, 589143, 0, 0, 0
69500, 583956, 0, 0, 0
69600, 603028, 0, 0, 0
69700, 544357, 0, 0, 0
69800, 519520, 0, 0, 0
69900, 537070, 0, 0, 0
70000, 530058, 0, 0, 0
70100, 540557, 0, 0, 0
70200, 564314, 0, 0, 0
70300, 545266, 0, 0, 0
70400, 540776, 0, 0, 0
70500, 526944, 0, 0, 0
70600, 534377, 0, 0, 0
70700, 534526, 0, 0, 0
70800, 544197, 0, 0, 0
70900, 539774, 0, 0, 0
71000, 540757, 0, 0, 0
71100, 559656, 0, 0, 0
71200, 549217, 0, 0, 0
71300, 563881, 0, 0, 0
71400, 548268, 0, 0, 0
71500, 522578, 0, 0, 0
71600, 520547, 0, 0, 0
71700, 539318, 0, 0, 0
71800, 515990, 0, 0, 0
71900, 516645, 0, 0, 0
72000, 538909, 0, 0, 0
72100, 527902, 0, 0, 0
72200, 561785, 0, 0, 0
72300, 556856, 0, 0, 0
72400, 563375, 0, 0, 0
72500, 555977, 0, 0, 0
72600, 565093, 0, 0, 0
72700, 569160, 0, 0, 0
72800, 528923, 0, 0, 0
72900, 538865, 0, 0, 0
73000, 539463, 0, 0, 0
73100, 530832, 0, 0, 0
73200, 522626, 0, 0, 0
73300, 527715, 0, 0, 0
73400, 528792, 0, 0, 0
73500, 520723, 0, 0, 0
73600, 522805, 0, 0, 0
73700, 536911, 0, 0, 0
73800, 538063, 0, 0, 0
73900, 533799, 0, 0, 0
74000, 543938, 0, 0, 0
74100, 544075, 0, 0, 0
74200, 567730, 0, 0, 0
74300, 570024, 0, 0, 0
74400, 560772, 0, 0, 0
74500, 571280, 0, 0, 0
74600, 556898, 0, 0, 0
74700, 570863, 0, 0, 0
74800, 545215, 0, 0, 0
74900, 562725, 0, 0, 0
75000, 504767, 0, 0, 0
75100, 526075, 0, 0, 0
75200, 534734, 0, 0, 0
75300, 528112, 0, 0, 0
75400, 529811, 0, 0, 0
75500, 537554, 0, 0, 0
75600, 531080, 0, 0, 0
75700, 540488, 0, 0, 0
75800, 523177, 0, 0, 0
75900, 530746, 0, 0, 0
76000, 517473, 0, 0, 0
76100, 521682, 0, 0, 0
76200, 517888, 0, 0, 0
76300, 524560, 0, 0, 0
76400, 520480, 0, 0, 0
76500, 560220, 0, 0, 0
76600, 517601, 0, 0, 0
76700, 511145, 0, 0, 0
76800, 520666, 0, 0, 0
76900, 531451, 0, 0, 0
77000, 539126, 0, 0, 0
77100, 529971, 0, 0, 0
77200, 522304, 0, 0, 0
77300, 578144, 0, 0, 0
77400, 556882, 0, 0, 0
77500, 553805, 0, 0, 0
77600, 557410, 0, 0, 0
77700, 551296, 0, 0, 0
77800, 559002, 0, 0, 0
77900, 558397, 0, 0, 0
78000, 525853, 0, 0, 0
78100, 521996, 0, 0, 0
78200, 534440, 0, 0, 0
78300, 542307, 0, 0, 0
78400, 527661, 0, 0, 0
78500, 522640, 0, 0, 0
78600, 559004, 0, 0, 0
78700, 567790, 0, 0, 0
78800, 527276, 0, 0, 0
78900, 573214, 0, 0, 0
79000, 569800, 0, 0, 0
79100, 560591, 0, 0, 0
79200, 573655, 0, 0, 0
79300, 591531, 0, 0, 0
79400, 560823, 0, 0, 0
79500, 562648, 0, 0, 0
79600, 559703, 0, 0, 0
79700, 562832, 0, 0, 0
79800, 535511, 0, 0, 0
79900, 514050, 0, 0, 0
80000, 546741, 0, 0, 0
80100, 537548, 0, 0, 0
80200, 529628, 0, 0, 0
80300, 520108, 0, 0, 0
80400, 550747, 0, 0, 0
80500, 583880, 0, 0, 0
80600, 573498, 0, 0, 0
80700, 530958, 0, 0, 0
80800, 537994, 0, 0, 0
80900, 533151, 0, 0, 0
81000, 521720, 0, 0, 0
81100, 536330, 0, 0, 0
81200, 540856, 0, 0, 0
81300, 535293, 0, 0, 0
81400, 535527, 0, 0, 0
81500, 537701, 0, 0, 0
81600, 518650, 0, 0, 0
81700, 531500, 0, 0, 0
81800, 541942, 0, 0, 0
81900, 534399, 0, 0, 0
82000, 532680, 0, 0, 0
82100, 529462, 0, 0, 0
82200, 514034, 0, 0, 0
82300, 545530, 0, 0, 0
82400, 527909, 0, 0, 0
82500, 570767, 0, 0, 0
82600, 559924, 0, 0, 0
82700, 539799, 0, 0, 0
82800, 534860, 0, 0, 0
82900, 521767, 0, 0, 0
83000, 544427, 0, 0, 0
83100, 526254, 0, 0, 0
83200, 526565, 0, 0, 0
83300, 557038, 0, 0, 0
83400, 566327, 0, 0, 0
83500, 541376, 0, 0, 0
83600, 543229, 0, 0, 0
83700, 536394, 0, 0, 0
83800, 528760, 0, 0, 0
83900, 517682, 0, 0, 0
84000, 529485, 0, 0, 0
84100, 571449, 0, 0, 0
84200, 549322, 0, 0, 0
84300, 568467, 0, 0, 0
84400, 541036, 0, 0, 0
84500, 563028, 0, 0, 0
84600, 575858, 0, 0, 0
84700, 575301, 0, 0, 0
84800, 580348, 0, 0, 0
84900, 570562, 0, 0, 0
85000, 567761, 0, 0, 0
85100, 556082, 0, 0, 0
85200, 547145, 0, 0, 0
85300, 536079, 0, 0, 0
85400, 536064, 0, 0, 0
85500, 546675, 0, 0, 0
85600, 537196, 0, 0, 0
85700, 527431, 0, 0, 0
85800, 535338, 0, 0, 0
85900, 542825, 0, 0, 0
86000, 534025, 0, 0, 0
86100, 533732, 0, 0, 0
86200, 534758, 0, 0, 0
86300, 545162, 0, 0, 0
86400, 560381, 0, 0, 0
86500, 561282, 0, 0, 0
86600, 569030, 0, 0, 0
86700, 534615, 0, 0, 0
86800, 545094, 0, 0, 0
86900, 529558, 0, 0, 0
87000, 520909, 0, 0, 0
87100, 544441, 0, 0, 0
87200, 511293, 0, 0, 0
87300, 521004, 0, 0, 0
87400, 520049, 0, 0, 0
87500, 524601, 0, 0, 0
87600, 530835, 0, 0, 0
87700, 530967, 0, 0, 0
87800, 532689, 0, 0, 0
87900, 541989, 0, 0, 0
88000, 533941, 0, 0, 0
88100, 533499, 0, 0, 0
88200, 529819, 0, 0, 0
88300, 523465, 0, 0, 0
88400, 557147, 0, 0, 0
88500, 528532, 0, 0, 0
88600, 524034, 0, 0, 0
88700, 526848, 0, 0, 0
88800, 514820, 0, 0, 0
88900, 523968, 0, 0, 0
89000, 518777, 0, 0, 0
89100, 529361, 0, 0, 0
89200, 528978, 0, 0, 0
89300, 534725, 0, 0, 0
89400, 529701, 0, 0, 0
89500, 526484, 0, 0, 0
89600, 536628, 0, 0, 0
89700, 540438, 0, 0, 0
89800, 524917, 0, 0, 0
89900, 552018, 0, 0, 0
90000, 533414, 0, 0, 0
