100, 4614, 0, 0, 0
200, 4857, 0, 0, 0
300, 4828, 0, 0, 0
400, 4603, 0, 0, 0
500, 4718, 0, 0, 0
600, 4885, 0, 0, 0
700, 5143, 0, 0, 0
800, 4771, 0, 0, 0
900, 4617, 0, 0, 0
1000, 4777, 0, 0, 0
1100, 4827, 0, 0, 0
1200, 4591, 0, 0, 0
1300, 4839, 0, 0, 0
1400, 4798, 0, 0, 0
1500, 4878, 0, 0, 0
1600, 5099, 0, 0, 0
1700, 4678, 0, 0, 0
1800, 4782, 0, 0, 0
1900, 4903, 0, 0, 0
2000, 4828, 0, 0, 0
2100, 4763, 0, 0, 0
2200, 5111, 0, 0, 0
2300, 5030, 0, 0, 0
2400, 4941, 0, 0, 0
2500, 5042, 0, 0, 0
2600, 4974, 0, 0, 0
2700, 4849, 0, 0, 0
2800, 5010, 0, 0, 0
2900, 4580, 0, 0, 0
3000, 5283, 0, 0, 0
3100, 4896, 0, 0, 0
3200, 5058, 0, 0, 0
3300, 5101, 0, 0, 0
3400, 4932, 0, 0, 0
3500, 4733, 0, 0, 0
3600, 4698, 0, 0, 0
3700, 4945, 0, 0, 0
3800, 4728, 0, 0, 0
3900, 4947, 0, 0, 0
4000, 5182, 0, 0, 0
4100, 4956, 0, 0, 0
4200, 4546, 0, 0, 0
4300, 4878, 0, 0, 0
4400, 4634, 0, 0, 0
4500, 4923, 0, 0, 0
4600, 4912, 0, 0, 0
4700, 4861, 0, 0, 0
4800, 4566, 0, 0, 0
4900, 4720, 0, 0, 0
5000, 4947, 0, 0, 0
5100, 4865, 0, 0, 0
5200, 4633, 0, 0, 0
5300, 5110, 0, 0, 0
5400, 5080, 0, 0, 0
5500, 5223, 0, 0, 0
5600, 4915, 0, 0, 0
5700, 4735, 0, 0, 0
5800, 4436, 0, 0, 0
5900, 4314, 0, 0, 0
6000, 5161, 0, 0, 0
6100, 4878, 0, 0, 0
6200, 4631, 0, 0, 0
6300, 4929, 0, 0, 0
6400, 5012, 0, 0, 0
6500, 4801, 0, 0, 0
6600, 4854, 0, 0, 0
6700, 4800, 0, 0, 0
6800, 4630, 0, 0, 0
6900, 4490, 0, 0, 0
7000, 4788, 0, 0, 0
7100, 4641, 0, 0, 0
7200, 4961, 0, 0, 0
7300, 5184, 0, 0, 0
7400, 5046, 0, 0, 0
7500, 4882, 0, 0, 0
7600, 4952, 0, 0, 0
7700, 4669, 0, 0, 0
7800, 4770, 0, 0, 0
7900, 4594, 0, 0, 0
8000, 4775, 0, 0, 0
8100, 4938, 0, 0, 0
8200, 4908, 0, 0, 0
8300, 4795, 0, 0, 0
8400, 4940, 0, 0, 0
8500, 4853, 0, 0, 0
8600, 5036, 0, 0, 0
8700, 5059, 0, 0, 0
8800, 4685, 0, 0, 0
8900, 4893, 0, 0, 0
9000, 5075, 0, 0, 0
9100, 4739, 0, 0, 0
9200, 4884, 0, 0, 0
9300, 4723, 0, 0, 0
9400, 5149, 0, 0, 0
9500, 5036, 0, 0, 0
9600, 4891, 0, 0, 0
9700, 4817, 0, 0, 0
9800, 4573, 0, 0, 0
9900, 5005, 0, 0, 0
10000, 5078, 0, 0, 0
10100, 5356, 0, 0, 0
10200, 4618, 0, 0, 0
10300, 4843, 0, 0, 0
10400, 4900, 0, 0, 0
10500, 4682, 0, 0, 0
10600, 4572, 0, 0, 0
10700, 4624, 0, 0, 0
10800, 4585, 0, 0, 0
10900, 4652, 0, 0, 0
11000, 5072, 0, 0, 0
11100, 4765, 0, 0, 0
11200, 4780, 0, 0, 0
11300, 4721, 0, 0, 0
11400, 5165, 0, 0, 0
11500, 5182, 0, 0, 0
11600, 4728, 0, 0, 0
11700, 4987, 0, 0, 0
11800, 4829, 0, 0, 0
11900, 4824, 0, 0, 0
12000, 5097, 0, 0, 0
12100, 4702, 0, 0, 0
12200, 4795, 0, 0, 0
12300, 4655, 0, 0, 0
12400, 4555, 0, 0, 0
12500, 4859, 0, 0, 0
12600, 4785, 0, 0, 0
12700, 4467, 0, 0, 0
12800, 5081, 0, 0, 0
12900, 4997, 0, 0, 0
13000, 4733, 0, 0, 0
13100, 5144, 0, 0, 0
13200, 4944, 0, 0, 0
13300, 5109, 0, 0, 0
13400, 4715, 0, 0, 0
13500, 5322, 0, 0, 0
13600, 4961, 0, 0, 0
13700, 5233, 0, 0, 0
13800, 5011, 0, 0, 0
13900, 4911, 0, 0, 0
14000, 4808, 0, 0, 0
14100, 4598, 0, 0, 0
14200, 4807, 0, 0, 0
14300, 4974, 0, 0, 0
14401, 4766, 0, 0, 0
14500, 4848, 0, 0, 0
14600, 4836, 0, 0, 0
14700, 4934, 0, 0, 0
14800, 4770, 0, 0, 0
14900, 4733, 0, 0, 0
15000, 4386, 0, 0, 0
15100, 5417, 0, 0, 0
15200, 4668, 0, 0, 0
15300, 5014, 0, 0, 0
15400, 4470, 0, 0, 0
15500, 4519, 0, 0, 0
15600, 5047, 0, 0, 0
15700, 4642, 0, 0, 0
15800, 4522, 0, 0, 0
15900, 4684, 0, 0, 0
16000, 4578, 0, 0, 0
16100, 4479, 0, 0, 0
16200, 5061, 0, 0, 0
16300, 4921, 0, 0, 0
16400, 5087, 0, 0, 0
16500, 4347, 0, 0, 0
16600, 4608, 0, 0, 0
16700, 4661, 0, 0, 0
16800, 4846, 0, 0, 0
16900, 4501, 0, 0, 0
17000, 4855, 0, 0, 0
17100, 4442, 0, 0, 0
17200, 4902, 0, 0, 0
17300, 4631, 0, 0, 0
17400, 4675, 0, 0, 0
17500, 4883, 0, 0, 0
17600, 4798, 0, 0, 0
17700, 4924, 0, 0, 0
17800, 4514, 0, 0, 0
17900, 4516, 0, 0, 0
18000, 4888, 0, 0, 0
18100, 5002, 0, 0, 0
18200, 4965, 0, 0, 0
18300, 5329, 0, 0, 0
18400, 5001, 0, 0, 0
18500, 4882, 0, 0, 0
18600, 4960, 0, 0, 0
18700, 4794, 0, 0, 0
18800, 4417, 0, 0, 0
18900, 4870, 0, 0, 0
19000, 5012, 0, 0, 0
19100, 4956, 0, 0, 0
19200, 4873, 0, 0, 0
19300, 5032, 0, 0, 0
19400, 5097, 0, 0, 0
19500, 4944, 0, 0, 0
19600, 4508, 0, 0, 0
19700, 5003, 0, 0, 0
19800, 4540, 0, 0, 0
19900, 5200, 0, 0, 0
20000, 4788, 0, 0, 0
20100, 4666, 0, 0, 0
20200, 5036, 0, 0, 0
20300, 4571, 0, 0, 0
20400, 4635, 0, 0, 0
20500, 5132, 0, 0, 0
20600, 4719, 0, 0, 0
20700, 4866, 0, 0, 0
20800, 5243, 0, 0, 0
20900, 4843, 0, 0, 0
21000, 4708, 0, 0, 0
21100, 4454, 0, 0, 0
21200, 4786, 0, 0, 0
21300, 5088, 0, 0, 0
21400, 4394, 0, 0, 0
21500, 4500, 0, 0, 0
21600, 5077, 0, 0, 0
21700, 4622, 0, 0, 0
21800, 4810, 0, 0, 0
21900, 4981, 0, 0, 0
22000, 4896, 0, 0, 0
22100, 5065, 0, 0, 0
22200, 4968, 0, 0, 0
22300, 4988, 0, 0, 0
22400, 5094, 0, 0, 0
22500, 5117, 0, 0, 0
22600, 4682, 0, 0, 0
22700, 4929, 0, 0, 0
22800, 4866, 0, 0, 0
22900, 4800, 0, 0, 0
23000, 4663, 0, 0, 0
23100, 4837, 0, 0, 0
23200, 4607, 0, 0, 0
23300, 4909, 0, 0, 0
23400, 4833, 0, 0, 0
23500, 4882, 0, 0, 0
23600, 5008, 0, 0, 0
23700, 4900, 0, 0, 0
23800, 4405, 0, 0, 0
23900, 4980, 0, 0, 0
24000, 4738, 0, 0, 0
24100, 4853, 0, 0, 0
24200, 4777, 0, 0, 0
24300, 5172, 0, 0, 0
24400, 4687, 0, 0, 0
24500, 5034, 0, 0, 0
24600, 5091, 0, 0, 0
24700, 5128, 0, 0, 0
24800, 4848, 0, 0, 0
24900, 5186, 0, 0, 0
25000, 4976, 0, 0, 0
25100, 4671, 0, 0, 0
25200, 4752, 0, 0, 0
25300, 4654, 0, 0, 0
25400, 4807, 0, 0, 0
25500, 4505, 0, 0, 0
25600, 4714, 0, 0, 0
25700, 4576, 0, 0, 0
25800, 4966, 0, 0, 0
25900, 4956, 0, 0, 0
26000, 4764, 0, 0, 0
26100, 5063, 0, 0, 0
26200, 5102, 0, 0, 0
26300, 4992, 0, 0, 0
26400, 4638, 0, 0, 0
26500, 5321, 0, 0, 0
26600, 4985, 0, 0, 0
26700, 4797, 0, 0, 0
26800, 4612, 0, 0, 0
26900, 4891, 0, 0, 0
27000, 4741, 0, 0, 0
27100, 4844, 0, 0, 0
27200, 4854, 0, 0, 0
27300, 5009, 0, 0, 0
27400, 5017, 0, 0, 0
27500, 4580, 0, 0, 0
27600, 4432, 0, 0, 0
27700, 4752, 0, 0, 0
27800, 4878, 0, 0, 0
27900, 4602, 0, 0, 0
28000, 5013, 0, 0, 0
28100, 5148, 0, 0, 0
28200, 4714, 0, 0, 0
28300, 4376, 0, 0, 0
28400, 5040, 0, 0, 0
28500, 4995, 0, 0, 0
28600, 5316, 0, 0, 0
28700, 5047, 0, 0, 0
28800, 4922, 0, 0, 0
28900, 4894, 0, 0, 0
29000, 4748, 0, 0, 0
29100, 4722, 0, 0, 0
29200, 4574, 0, 0, 0
29300, 4712, 0, 0, 0
29400, 4968, 0, 0, 0
29500, 4903, 0, 0, 0
29600, 5052, 0, 0, 0
29700, 4920, 0, 0, 0
29800, 4518, 0, 0, 0
29900, 5016, 0, 0, 0
30000, 4588, 0, 0, 0
30100, 4787, 0, 0, 0
30200, 4801, 0, 0, 0
30300, 4946, 0, 0, 0
30400, 4940, 0, 0, 0
30500, 4860, 0, 0, 0
30600, 4855, 0, 0, 0
30700, 4468, 0, 0, 0
30800, 4922, 0, 0, 0
30900, 5289, 0, 0, 0
31000, 4637, 0, 0, 0
31100, 4780, 0, 0, 0
31200, 4255, 0, 0, 0
31300, 4833, 0, 0, 0
31400, 4741, 0, 0, 0
31500, 5056, 0, 0, 0
31600, 4352, 0, 0, 0
31700, 4841, 0, 0, 0
31800, 4764, 0, 0, 0
31900, 4734, 0, 0, 0
32000, 4871, 0, 0, 0
32100, 4744, 0, 0, 0
32200, 5143, 0, 0, 0
32300, 4749, 0, 0, 0
32400, 4844, 0, 0, 0
32500, 4692, 0, 0, 0
32600, 5442, 0, 0, 0
32700, 5090, 0, 0, 0
32800, 5018, 0, 0, 0
32900, 4894, 0, 0, 0
33000, 4745, 0, 0, 0
33100, 5168, 0, 0, 0
33200, 4476, 0, 0, 0
33300, 5088, 0, 0, 0
33400, 4684, 0, 0, 0
33500, 4521, 0, 0, 0
33600, 5241, 0, 0, 0
33700, 4441, 0, 0, 0
33800, 5385, 0, 0, 0
33900, 4554, 0, 0, 0
34000, 4966, 0, 0, 0
34100, 4872, 0, 0, 0
34200, 4711, 0, 0, 0
34300, 4285, 0, 0, 0
34400, 5227, 0, 0, 0
34500, 4693, 0, 0, 0
34600, 4419, 0, 0, 0
34700, 5024, 0, 0, 0
34800, 4460, 0, 0, 0
34900, 4800, 0, 0, 0
35000, 4781, 0, 0, 0
35100, 5159, 0, 0, 0
35200, 4885, 0, 0, 0
35300, 4764, 0, 0, 0
35400, 4973, 0, 0, 0
35500, 4855, 0, 0, 0
35600, 4692, 0, 0, 0
35700, 5122, 0, 0, 0
35800, 4493, 0, 0, 0
35900, 5180, 0, 0, 0
36000, 4993, 0, 0, 0
36100, 4531, 0, 0, 0
36200, 4769, 0, 0, 0
36300, 5215, 0, 0, 0
36400, 5055, 0, 0, 0
36500, 4551, 0, 0, 0
36600, 4850, 0, 0, 0
36700, 4910, 0, 0, 0
36800, 4928, 0, 0, 0
36900, 4996, 0, 0, 0
37000, 4764, 0, 0, 0
37100, 4989, 0, 0, 0
37200, 4983, 0, 0, 0
37300, 5276, 0, 0, 0
37400, 4952, 0, 0, 0
37500, 4923, 0, 0, 0
37600, 4838, 0, 0, 0
37700, 4688, 0, 0, 0
37800, 4816, 0, 0, 0
37900, 5251, 0, 0, 0
38000, 5185, 0, 0, 0
38100, 4924, 0, 0, 0
38200, 4386, 0, 0, 0
38300, 5048, 0, 0, 0
38400, 5108, 0, 0, 0
38500, 4770, 0, 0, 0
38600, 4977, 0, 0, 0
38700, 4967, 0, 0, 0
38800, 4761, 0, 0, 0
38900, 4362, 0, 0, 0
39000, 4915, 0, 0, 0
39100, 4358, 0, 0, 0
39200, 4792, 0, 0, 0
39300, 5092, 0, 0, 0
39400, 4609, 0, 0, 0
39500, 4565, 0, 0, 0
39600, 5027, 0, 0, 0
39700, 4594, 0, 0, 0
39800, 4683, 0, 0, 0
39900, 5011, 0, 0, 0
40000, 4442, 0, 0, 0
40100, 4787, 0, 0, 0
40200, 4755, 0, 0, 0
40300, 4690, 0, 0, 0
40400, 4814, 0, 0, 0
40500, 5045, 0, 0, 0
40600, 4592, 0, 0, 0
40700, 5105, 0, 0, 0
40800, 4951, 0, 0, 0
40900, 4375, 0, 0, 0
41000, 4771, 0, 0, 0
41100, 4569, 0, 0, 0
41200, 4470, 0, 0, 0
41300, 4775, 0, 0, 0
41400, 4512, 0, 0, 0
41500, 5177, 0, 0, 0
41600, 4796, 0, 0, 0
41700, 4434, 0, 0, 0
41800, 5125, 0, 0, 0
41900, 4759, 0, 0, 0
42000, 4707, 0, 0, 0
42100, 4661, 0, 0, 0
42200, 4884, 0, 0, 0
42300, 4794, 0, 0, 0
42400, 5079, 0, 0, 0
42500, 4536, 0, 0, 0
42600, 5044, 0, 0, 0
42700, 4718, 0, 0, 0
42800, 4735, 0, 0, 0
42900, 4866, 0, 0, 0
43000, 4857, 0, 0, 0
43100, 4708, 0, 0, 0
43200, 4573, 0, 0, 0
43300, 5004, 0, 0, 0
43400, 4822, 0, 0, 0
43500, 4800, 0, 0, 0
43600, 5078, 0, 0, 0
43700, 4758, 0, 0, 0
43800, 4865, 0, 0, 0
43900, 5016, 0, 0, 0
44000, 4844, 0, 0, 0
44100, 4676, 0, 0, 0
44200, 4822, 0, 0, 0
44300, 4941, 0, 0, 0
44400, 4799, 0, 0, 0
44500, 4733, 0, 0, 0
44600, 4807, 0, 0, 0
44700, 4534, 0, 0, 0
44800, 4884, 0, 0, 0
44900, 4881, 0, 0, 0
45000, 5063, 0, 0, 0
45100, 4874, 0, 0, 0
45200, 4738, 0, 0, 0
45300, 4678, 0, 0, 0
45400, 4857, 0, 0, 0
45500, 4889, 0, 0, 0
45600, 4878, 0, 0, 0
45700, 4465, 0, 0, 0
45800, 5101, 0, 0, 0
45900, 4608, 0, 0, 0
46000, 4763, 0, 0, 0
46100, 4897, 0, 0, 0
46200, 5162, 0, 0, 0
46300, 4447, 0, 0, 0
46400, 5018, 0, 0, 0
46500, 4631, 0, 0, 0
46600, 5072, 0, 0, 0
46700, 5010, 0, 0, 0
46800, 4737, 0, 0, 0
46900, 4610, 0, 0, 0
47000, 4876, 0, 0, 0
47100, 4870, 0, 0, 0
47200, 4987, 0, 0, 0
47300, 4774, 0, 0, 0
47400, 4392, 0, 0, 0
47500, 4486, 0, 0, 0
47600, 4675, 0, 0, 0
47700, 5009, 0, 0, 0
47800, 5069, 0, 0, 0
47900, 4690, 0, 0, 0
48000, 4768, 0, 0, 0
48100, 4718, 0, 0, 0
48200, 5046, 0, 0, 0
48300, 4800, 0, 0, 0
48400, 5213, 0, 0, 0
48500, 5030, 0, 0, 0
48600, 4786, 0, 0, 0
48700, 4655, 0, 0, 0
48800, 4826, 0, 0, 0
48900, 4933, 0, 0, 0
49000, 4479, 0, 0, 0
49100, 4689, 0, 0, 0
49200, 5075, 0, 0, 0
49300, 4721, 0, 0, 0
49400, 4648, 0, 0, 0
49500, 4905, 0, 0, 0
49600, 4766, 0, 0, 0
49700, 4824, 0, 0, 0
49800, 5023, 0, 0, 0
49900, 4830, 0, 0, 0
50000, 4791, 0, 0, 0
50100, 4386, 0, 0, 0
50200, 4812, 0, 0, 0
50300, 4876, 0, 0, 0
50400, 4401, 0, 0, 0
50500, 4807, 0, 0, 0
50600, 4860, 0, 0, 0
50700, 4906, 0, 0, 0
50800, 4801, 0, 0, 0
50900, 4998, 0, 0, 0
51000, 4906, 0, 0, 0
51100, 4630, 0, 0, 0
51200, 4333, 0, 0, 0
51300, 4784, 0, 0, 0
51400, 4393, 0, 0, 0
51500, 4760, 0, 0, 0
51600, 4584, 0, 0, 0
51700, 4861, 0, 0, 0
51800, 4919, 0, 0, 0
51900, 4955, 0, 0, 0
52000, 5076, 0, 0, 0
52100, 4918, 0, 0, 0
52200, 4643, 0, 0, 0
52300, 4489, 0, 0, 0
52400, 4807, 0, 0, 0
52500, 4842, 0, 0, 0
52600, 4786, 0, 0, 0
52700, 4873, 0, 0, 0
52800, 5329, 0, 0, 0
52900, 5052, 0, 0, 0
53000, 5079, 0, 0, 0
53100, 4765, 0, 0, 0
53200, 4764, 0, 0, 0
53300, 4968, 0, 0, 0
53400, 4654, 0, 0, 0
53500, 5000, 0, 0, 0
53600, 4907, 0, 0, 0
53700, 4950, 0, 0, 0
53800, 5112, 0, 0, 0
53900, 4884, 0, 0, 0
54000, 4500, 0, 0, 0
54100, 4828, 0, 0, 0
54200, 5346, 0, 0, 0
54300, 4700, 0, 0, 0
54400, 4831, 0, 0, 0
54500, 4784, 0, 0, 0
54600, 4686, 0, 0, 0
54700, 4680, 0, 0, 0
54800, 5004, 0, 0, 0
54900, 4864, 0, 0, 0
55000, 4605, 0, 0, 0
55100, 5082, 0, 0, 0
55200, 5181, 0, 0, 0
55300, 4908, 0, 0, 0
55400, 4736, 0, 0, 0
55500, 4855, 0, 0, 0
55600, 4594, 0, 0, 0
55700, 4660, 0, 0, 0
55800, 4870, 0, 0, 0
55900, 5078, 0, 0, 0
56000, 4557, 0, 0, 0
56100, 4832, 0, 0, 0
56200, 4401, 0, 0, 0
56300, 4470, 0, 0, 0
56400, 5226, 0, 0, 0
56500, 4367, 0, 0, 0
56600, 5116, 0, 0, 0
56700, 5261, 0, 0, 0
56800, 4441, 0, 0, 0
56900, 4776, 0, 0, 0
57000, 4456, 0, 0, 0
57100, 4424, 0, 0, 0
57200, 4766, 0, 0, 0
57300, 4656, 0, 0, 0
57400, 4704, 0, 0, 0
57500, 4734, 0, 0, 0
57600, 4091, 0, 0, 0
57700, 4332, 0, 0, 0
57800, 4557, 0, 0, 0
57900, 4903, 0, 0, 0
58000, 4880, 0, 0, 0
58100, 4565, 0, 0, 0
58200, 4656, 0, 0, 0
58300, 4597, 0, 0, 0
58400, 5026, 0, 0, 0
58500, 4831, 0, 0, 0
58600, 4953, 0, 0, 0
58700, 4825, 0, 0, 0
58800, 5171, 0, 0, 0
58900, 4346, 0, 0, 0
59000, 5219, 0, 0, 0
59100, 4818, 0, 0, 0
59200, 5233, 0, 0, 0
59300, 4759, 0, 0, 0
59400, 5036, 0, 0, 0
59500, 4825, 0, 0, 0
59600, 4423, 0, 0, 0
59700, 4860, 0, 0, 0
59800, 5128, 0, 0, 0
59900, 4900, 0, 0, 0
60000, 4649, 0, 0, 0
60100, 4730, 0, 0, 0
60200, 4993, 0, 0, 0
60300, 5197, 0, 0, 0
60400, 4958, 0, 0, 0
60500, 5261, 0, 0, 0
60600, 5034, 0, 0, 0
60700, 4686, 0, 0, 0
60800, 4670, 0, 0, 0
60900, 5161, 0, 0, 0
61000, 4663, 0, 0, 0
61100, 4829, 0, 0, 0
61200, 4913, 0, 0, 0
61300, 4547, 0, 0, 0
61400, 4611, 0, 0, 0
61500, 4839, 0, 0, 0
61600, 4775, 0, 0, 0
61700, 4411, 0, 0, 0
61800, 4454, 0, 0, 0
61900, 5230, 0, 0, 0
62000, 5011, 0, 0, 0
62100, 4796, 0, 0, 0
62200, 5115, 0, 0, 0
62300, 5036, 0, 0, 0
62400, 5167, 0, 0, 0
62500, 4565, 0, 0, 0
62600, 5213, 0, 0, 0
62700, 5205, 0, 0, 0
62800, 4729, 0, 0, 0
62900, 4794, 0, 0, 0
63000, 5362, 0, 0, 0
63100, 4953, 0, 0, 0
63200, 4825, 0, 0, 0
63300, 4843, 0, 0, 0
63400, 4993, 0, 0, 0
63500, 5134, 0, 0, 0
63600, 4713, 0, 0, 0
63700, 4949, 0, 0, 0
63800, 4893, 0, 0, 0
63900, 4951, 0, 0, 0
64000, 4821, 0, 0, 0
64100, 4880, 0, 0, 0
64200, 4817, 0, 0, 0
64300, 4812, 0, 0, 0
64400, 4799, 0, 0, 0
64500, 4722, 0, 0, 0
64600, 4801, 0, 0, 0
64700, 4770, 0, 0, 0
64800, 4837, 0, 0, 0
64900, 5110, 0, 0, 0
65000, 4967, 0, 0, 0
65100, 5206, 0, 0, 0
65200, 4691, 0, 0, 0
65300, 4941, 0, 0, 0
65400, 4854, 0, 0, 0
65500, 4693, 0, 0, 0
65600, 5030, 0, 0, 0
65700, 5071, 0, 0, 0
65800, 4702, 0, 0, 0
65900, 5711, 0, 0, 0
66000, 4913, 0, 0, 0
66100, 5181, 0, 0, 0
66200, 4834, 0, 0, 0
66300, 4612, 0, 0, 0
66400, 4879, 0, 0, 0
66500, 4986, 0, 0, 0
66600, 4317, 0, 0, 0
66700, 4563, 0, 0, 0
66800, 4947, 0, 0, 0
66900, 4901, 0, 0, 0
67000, 5259, 0, 0, 0
67100, 4954, 0, 0, 0
67200, 4477, 0, 0, 0
67300, 5332, 0, 0, 0
67400, 4916, 0, 0, 0
67500, 5206, 0, 0, 0
67600, 5119, 0, 0, 0
67700, 4967, 0, 0, 0
67800, 4775, 0, 0, 0
67900, 4941, 0, 0, 0
68000, 4945, 0, 0, 0
68100, 4757, 0, 0, 0
68200, 4775, 0, 0, 0
68300, 4618, 0, 0, 0
68400, 4553, 0, 0, 0
68500, 5252, 0, 0, 0
68600, 4539, 0, 0, 0
68700, 4977, 0, 0, 0
68800, 4607, 0, 0, 0
68900, 4480, 0, 0, 0
69000, 4790, 0, 0, 0
69100, 5189, 0, 0, 0
69200, 4990, 0, 0, 0
69300, 4894, 0, 0, 0
69400, 4936, 0, 0, 0
69500, 4806, 0, 0, 0
69600, 4144, 0, 0, 0
69700, 4694, 0, 0, 0
69800, 4829, 0, 0, 0
69900, 5121, 0, 0, 0
70000, 4870, 0, 0, 0
70100, 5092, 0, 0, 0
70200, 4549, 0, 0, 0
70300, 4800, 0, 0, 0
70400, 4966, 0, 0, 0
70500, 4981, 0, 0, 0
70600, 5187, 0, 0, 0
70700, 4908, 0, 0, 0
70800, 4737, 0, 0, 0
70900, 4912, 0, 0, 0
71000, 4923, 0, 0, 0
71100, 5237, 0, 0, 0
71200, 4292, 0, 0, 0
71300, 4713, 0, 0, 0
71400, 4776, 0, 0, 0
71500, 5008, 0, 0, 0
71600, 5002, 0, 0, 0
71700, 4775, 0, 0, 0
71800, 5040, 0, 0, 0
71900, 4637, 0, 0, 0
72000, 4813, 0, 0, 0
72100, 5078, 0, 0, 0
72200, 5037, 0, 0, 0
72300, 4807, 0, 0, 0
72400, 4958, 0, 0, 0
72500, 5132, 0, 0, 0
72600, 4722, 0, 0, 0
72700, 5055, 0, 0, 0
72800, 4346, 0, 0, 0
72900, 4914, 0, 0, 0
73000, 4675, 0, 0, 0
73100, 4636, 0, 0, 0
73200, 4872, 0, 0, 0
73300, 5082, 0, 0, 0
73400, 4988, 0, 0, 0
73500, 4938, 0, 0, 0
73600, 4759, 0, 0, 0
73700, 4688, 0, 0, 0
73800, 4745, 0, 0, 0
73900, 4383, 0, 0, 0
74000, 4728, 0, 0, 0
74100, 4625, 0, 0, 0
74200, 4736, 0, 0, 0
74300, 5076, 0, 0, 0
74400, 4989, 0, 0, 0
74500, 4849, 0, 0, 0
74600, 5077, 0, 0, 0
74700, 5064, 0, 0, 0
74800, 4882, 0, 0, 0
74900, 5314, 0, 0, 0
75000, 4642, 0, 0, 0
75100, 4972, 0, 0, 0
75200, 5155, 0, 0, 0
75300, 4791, 0, 0, 0
75400, 5087, 0, 0, 0
75500, 4781, 0, 0, 0
75600, 4877, 0, 0, 0
75700, 4411, 0, 0, 0
75800, 4475, 0, 0, 0
75900, 4850, 0, 0, 0
76000, 5386, 0, 0, 0
76100, 4824, 0, 0, 0
76200, 5209, 0, 0, 0
76300, 5030, 0, 0, 0
76400, 4520, 0, 0, 0
76500, 4436, 0, 0, 0
76600, 5000, 0, 0, 0
76700, 5040, 0, 0, 0
76800, 4752, 0, 0, 0
76900, 4567, 0, 0, 0
77000, 4760, 0, 0, 0
77100, 5088, 0, 0, 0
77200, 4519, 0, 0, 0
77300, 4666, 0, 0, 0
77400, 5314, 0, 0, 0
77500, 4336, 0, 0, 0
77600, 4950, 0, 0, 0
77700, 5021, 0, 0, 0
77800, 4459, 0, 0, 0
77900, 4657, 0, 0, 0
78000, 4988, 0, 0, 0
78100, 5120, 0, 0, 0
78200, 4755, 0, 0, 0
78300, 5104, 0, 0, 0
78400, 5113, 0, 0, 0
78500, 4882, 0, 0, 0
78600, 5363, 0, 0, 0
78700, 4871, 0, 0, 0
78800, 4699, 0, 0, 0
78900, 4615, 0, 0, 0
79000, 4869, 0, 0, 0
79100, 4798, 0, 0, 0
79200, 5060, 0, 0, 0
79300, 4647, 0, 0, 0
79400, 4712, 0, 0, 0
79500, 5185, 0, 0, 0
79600, 4795, 0, 0, 0
79700, 4813, 0, 0, 0
79800, 5110, 0, 0, 0
79900, 4700, 0, 0, 0
80000, 4613, 0, 0, 0
80100, 4691, 0, 0, 0
80200, 4846, 0, 0, 0
80300, 4870, 0, 0, 0
80400, 4585, 0, 0, 0
80500, 5253, 0, 0, 0
80600, 4806, 0, 0, 0
80700, 5252, 0, 0, 0
80800, 4882, 0, 0, 0
80900, 4915, 0, 0, 0
81000, 4862, 0, 0, 0
81100, 5000, 0, 0, 0
81200, 4926, 0, 0, 0
81300, 4564, 0, 0, 0
81400, 4707, 0, 0, 0
81500, 4436, 0, 0, 0
81600, 4714, 0, 0, 0
81700, 4906, 0, 0, 0
81800, 4900, 0, 0, 0
81900, 4540, 0, 0, 0
82000, 4627, 0, 0, 0
82100, 4972, 0, 0, 0
82200, 5288, 0, 0, 0
82300, 5134, 0, 0, 0
82400, 5124, 0, 0, 0
82500, 4599, 0, 0, 0
82600, 4143, 0, 0, 0
82700, 5007, 0, 0, 0
82800, 4336, 0, 0, 0
82900, 4536, 0, 0, 0
83000, 4935, 0, 0, 0
83100, 4774, 0, 0, 0
83200, 4724, 0, 0, 0
83300, 4691, 0, 0, 0
83400, 4639, 0, 0, 0
83500, 4842, 0, 0, 0
83600, 4644, 0, 0, 0
83700, 4868, 0, 0, 0
83800, 4763, 0, 0, 0
83900, 4617, 0, 0, 0
84000, 5126, 0, 0, 0
84100, 4928, 0, 0, 0
84200, 5195, 0, 0, 0
84300, 4771, 0, 0, 0
84400, 4712, 0, 0, 0
84500, 5082, 0, 0, 0
84600, 4826, 0, 0, 0
84700, 4750, 0, 0, 0
84800, 4811, 0, 0, 0
84900, 4850, 0, 0, 0
85000, 4611, 0, 0, 0
85100, 4787, 0, 0, 0
85200, 5129, 0, 0, 0
85300, 4539, 0, 0, 0
85400, 5003, 0, 0, 0
85500, 4487, 0, 0, 0
85600, 4701, 0, 0, 0
85700, 5146, 0, 0, 0
85800, 4833, 0, 0, 0
85900, 4698, 0, 0, 0
86000, 4911, 0, 0, 0
86100, 5047, 0, 0, 0
86200, 4332, 0, 0, 0
86300, 4531, 0, 0, 0
86400, 4954, 0, 0, 0
86500, 4652, 0, 0, 0
86600, 4758, 0, 0, 0
86700, 4724, 0, 0, 0
86800, 4560, 0, 0, 0
86900, 4966, 0, 0, 0
87000, 4898, 0, 0, 0
87100, 4872, 0, 0, 0
87200, 4986, 0, 0, 0
87300, 4772, 0, 0, 0
87400, 4903, 0, 0, 0
87500, 4751, 0, 0, 0
87600, 4846, 0, 0, 0
87700, 4703, 0, 0, 0
87800, 4994, 0, 0, 0
87900, 5092, 0, 0, 0
88000, 4903, 0, 0, 0
88100, 5353, 0, 0, 0
88200, 4672, 0, 0, 0
88300, 4734, 0, 0, 0
88400, 4958, 0, 0, 0
88500, 4618, 0, 0, 0
88600, 4997, 0, 0, 0
88700, 4832, 0, 0, 0
88800, 4923, 0, 0, 0
88900, 4890, 0, 0, 0
89000, 4875, 0, 0, 0
89100, 4613, 0, 0, 0
89200, 4752, 0, 0, 0
89300, 4900, 0, 0, 0
89400, 5116, 0, 0, 0
89500, 4924, 0, 0, 0
89600, 4955, 0, 0, 0
89700, 4690, 0, 0, 0
89800, 4893, 0, 0, 0
89900, 4670, 0, 0, 0
90000, 4619, 0, 0, 0
