100, 1945100, 0, 0, 0
200, 1945913, 0, 0, 0
300, 2072137, 0, 0, 0
400, 1946474, 0, 0, 0
500, 1962791, 0, 0, 0
600, 1974580, 0, 0, 0
700, 2003998, 0, 0, 0
800, 2112493, 0, 0, 0
901, 2110682, 0, 0, 0
1000, 2007870, 0, 0, 0
1100, 2057180, 0, 0, 0
1200, 1919144, 0, 0, 0
1300, 2023944, 0, 0, 0
1400, 2076075, 0, 0, 0
1501, 2076710, 0, 0, 0
1600, 2036012, 0, 0, 0
1700, 1990889, 0, 0, 0
1800, 2054627, 0, 0, 0
1900, 1964344, 0, 0, 0
2000, 2019691, 0, 0, 0
2101, 1986136, 0, 0, 0
2200, 2011773, 0, 0, 0
2301, 1999737, 0, 0, 0
2402, 1983842, 0, 0, 0
2500, 2001890, 0, 0, 0
2600, 2031364, 0, 0, 0
2700, 2051940, 0, 0, 0
2800, 2060827, 0, 0, 0
2901, 2029795, 0, 0, 0
3000, 2057106, 0, 0, 0
3100, 2043316, 0, 0, 0
3200, 2075639, 0, 0, 0
3300, 2042684, 0, 0, 0
3401, 2009703, 0, 0, 0
3500, 1921844, 0, 0, 0
3601, 2055668, 0, 0, 0
3700, 1906081, 0, 0, 0
3800, 2003564, 0, 0, 0
3901, 2026401, 0, 0, 0
4000, 2035190, 0, 0, 0
4101, 1999533, 0, 0, 0
4200, 2018962, 0, 0, 0
4300, 1976707, 0, 0, 0
4401, 2079501, 0, 0, 0
4500, 2126339, 0, 0, 0
4600, 2072516, 0, 0, 0
4700, 1986266, 0, 0, 0
4800, 2060550, 0, 0, 0
4900, 1985733, 0, 0, 0
5000, 1972013, 0, 0, 0
5100, 1979648, 0, 0, 0
5200, 2113035, 0, 0, 0
5301, 1975318, 0, 0, 0
5400, 2015622, 0, 0, 0
5500, 2024524, 0, 0, 0
5600, 1983836, 0, 0, 0
5700, 2038666, 0, 0, 0
5801, 2004976, 0, 0, 0
5900, 2056186, 0, 0, 0
6000, 1923010, 0, 0, 0
6100, 2015703, 0, 0, 0
6200, 2030279, 0, 0, 0
6300, 1955205, 0, 0, 0
6400, 2019406, 0, 0, 0
6500, 1935156, 0, 0, 0
6600, 2162832, 0, 0, 0
6701, 2055741, 0, 0, 0
6800, 1992384, 0, 0, 0
6900, 2097021, 0, 0, 0
7000, 1962504, 0, 0, 0
7100, 1918188, 0, 0, 0
7200, 2102046, 0, 0, 0
7300, 2040901, 0, 0, 0
7401, 2057204, 0, 0, 0
7501, 1942142, 0, 0, 0
7600, 1964094, 0, 0, 0
7700, 1918264, 0, 0, 0
7800, 2002129, 0, 0, 0
7901, 2051210, 0, 0, 0
8000, 1953828, 0, 0, 0
8101, 2073898, 0, 0, 0
8201, 2085105, 0, 0, 0
8300, 2036727, 0, 0, 0
8400, 1942347, 0, 0, 0
8500, 1918283, 0, 0, 0
8600, 1997118, 0, 0, 0
8701, 2022623, 0, 0, 0
8801, 2049194, 0, 0, 0
8901, 2156205, 0, 0, 0
9000, 2111229, 0, 0, 0
9100, 2080612, 0, 0, 0
9200, 2078652, 0, 0, 0
9300, 2044477, 0, 0, 0
9400, 1989087, 0, 0, 0
9500, 2043629, 0, 0, 0
9600, 2027596, 0, 0, 0
9701, 2041653, 0, 0, 0
9801, 1909086, 0, 0, 0
9900, 2051174, 0, 0, 0
10000, 1961972, 0, 0, 0
10101, 1976661, 0, 0, 0
10200, 2104861, 0, 0, 0
10301, 2059492, 0, 0, 0
10400, 2076437, 0, 0, 0
10500, 2024382, 0, 0, 0
10600, 2041859, 0, 0, 0
10700, 1981340, 0, 0, 0
10801, 2050530, 0, 0, 0
10900, 2005182, 0, 0, 0
11000, 2038565, 0, 0, 0
11100, 2043806, 0, 0, 0
11201, 1983615, 0, 0, 0
11301, 2016084, 0, 0, 0
11402, 2013463, 0, 0, 0
11500, 2068142, 0, 0, 0
11600, 2047676, 0, 0, 0
11700, 2035235, 0, 0, 0
11800, 2047853, 0, 0, 0
11900, 2071715, 0, 0, 0
12000, 2036093, 0, 0, 0
12100, 2059253, 0, 0, 0
12200, 2090614, 0, 0, 0
12300, 2057503, 0, 0, 0
12400, 2019814, 0, 0, 0
12500, 2013657, 0, 0, 0
12600, 1938490, 0, 0, 0
12700, 2063460, 0, 0, 0
12801, 1985960, 0, 0, 0
12900, 1960802, 0, 0, 0
13000, 2003182, 0, 0, 0
13100, 2072533, 0, 0, 0
13200, 1951148, 0, 0, 0
13300, 1961759, 0, 0, 0
13400, 2083144, 0, 0, 0
13500, 1935232, 0, 0, 0
13601, 2181624, 0, 0, 0
13700, 2034506, 0, 0, 0
13800, 2042868, 0, 0, 0
13900, 2012099, 0, 0, 0
14000, 2060733, 0, 0, 0
14101, 2062457, 0, 0, 0
14200, 2110354, 0, 0, 0
14300, 2063382, 0, 0, 0
14400, 1955816, 0, 0, 0
14500, 2021619, 0, 0, 0
14600, 2114516, 0, 0, 0
14700, 2158462, 0, 0, 0
14800, 1997824, 0, 0, 0
14900, 2056323, 0, 0, 0
15000, 2072594, 0, 0, 0
15100, 2005536, 0, 0, 0
15200, 1981330, 0, 0, 0
15300, 1982051, 0, 0, 0
15400, 1963385, 0, 0, 0
15500, 2049255, 0, 0, 0
15601, 1934908, 0, 0, 0
15700, 2002057, 0, 0, 0
15800, 2040443, 0, 0, 0
15900, 2045554, 0, 0, 0
16001, 1982338, 0, 0, 0
16100, 2011369, 0, 0, 0
16200, 1963411, 0, 0, 0
16300, 2069584, 0, 0, 0
16400, 2018795, 0, 0, 0
16500, 1993178, 0, 0, 0
16601, 2055172, 0, 0, 0
16700, 2036959, 0, 0, 0
16800, 1958736, 0, 0, 0
16900, 2082015, 0, 0, 0
17001, 2068664, 0, 0, 0
17100, 2062410, 0, 0, 0
17200, 1998523, 0, 0, 0
17300, 2041850, 0, 0, 0
17400, 2022665, 0, 0, 0
17500, 2004822, 0, 0, 0
17600, 2002471, 0, 0, 0
17700, 1966611, 0, 0, 0
17800, 2057950, 0, 0, 0
17901, 2022554, 0, 0, 0
18000, 2101075, 0, 0, 0
18100, 1931023, 0, 0, 0
18201, 1974756, 0, 0, 0
18300, 2050518, 0, 0, 0
18400, 1966228, 0, 0, 0
18500, 1909891, 0, 0, 0
18600, 1899551, 0, 0, 0
18700, 1982876, 0, 0, 0
18801, 1935352, 0, 0, 0
18900, 2089958, 0, 0, 0
19000, 2063922, 0, 0, 0
19100, 2158727, 0, 0, 0
19200, 1944770, 0, 0, 0
19300, 2012015, 0, 0, 0
19400, 1927138, 0, 0, 0
19500, 2028650, 0, 0, 0
19601, 2054911, 0, 0, 0
19701, 1919437, 0, 0, 0
19800, 1927851, 0, 0, 0
19900, 2127049, 0, 0, 0
20000, 2172574, 0, 0, 0
20101, 2110483, 0, 0, 0
20200, 2103583, 0, 0, 0
20300, 2026234, 0, 0, 0
20401, 2014631, 0, 0, 0
20500, 2066689, 0, 0, 0
20601, 1912208, 0, 0, 0
20700, 1991691, 0, 0, 0
20800, 2036524, 0, 0, 0
20901, 1970117, 0, 0, 0
21001, 2013881, 0, 0, 0
21100, 2066939, 0, 0, 0
21201, 2054833, 0, 0, 0
21300, 2027225, 0, 0, 0
21401, 2039646, 0, 0, 0
21500, 1995467, 0, 0, 0
21601, 2103223, 0, 0, 0
21700, 1893318, 0, 0, 0
21800, 1967502, 0, 0, 0
21901, 1987821, 0, 0, 0
22000, 2077516, 0, 0, 0
22100, 2057465, 0, 0, 0
22202, 2031962, 0, 0, 0
22302, 2002455, 0, 0, 0
22400, 2108507, 0, 0, 0
22500, 2016175, 0, 0, 0
22600, 2091271, 0, 0, 0
22700, 2002087, 0, 0, 0
22800, 1987068, 0, 0, 0
22900, 1992469, 0, 0, 0
23000, 1957932, 0, 0, 0
23100, 2000730, 0, 0, 0
23200, 1945787, 0, 0, 0
23301, 1995617, 0, 0, 0
23400, 2044865, 0, 0, 0
23501, 2008231, 0, 0, 0
23600, 2014837, 0, 0, 0
23700, 2029796, 0, 0, 0
23801, 1974237, 0, 0, 0
23900, 2055310, 0, 0, 0
24000, 2049681, 0, 0, 0
24100, 2040310, 0, 0, 0
24201, 1989685, 0, 0, 0
24300, 2075323, 0, 0, 0
24401, 1996870, 0, 0, 0
24500, 2017068, 0, 0, 0
24600, 1924926, 0, 0, 0
24700, 1954481, 0, 0, 0
24801, 1956464, 0, 0, 0
24900, 2005819, 0, 0, 0
25001, 1971669, 0, 0, 0
25100, 2064664, 0, 0, 0
25201, 2054964, 0, 0, 0
25300, 2041417, 0, 0, 0
25400, 1984609, 0, 0, 0
25500, 1953100, 0, 0, 0
25600, 2052672, 0, 0, 0
25700, 2127961, 0, 0, 0
25800, 2054130, 0, 0, 0
25900, 2028431, 0, 0, 0
26002, 2059582, 0, 0, 0
26101, 2000681, 0, 0, 0
26201, 2053893, 0, 0, 0
26301, 2002506, 0, 0, 0
26400, 2122950, 0, 0, 0
26500, 1923691, 0, 0, 0
26600, 2031555, 0, 0, 0
26700, 1980220, 0, 0, 0
26800, 2023683, 0, 0, 0
26900, 2023114, 0, 0, 0
27000, 2106711, 0, 0, 0
27100, 2007283, 0, 0, 0
27200, 2160937, 0, 0, 0
27301, 2030380, 0, 0, 0
27400, 2039956, 0, 0, 0
27500, 2004575, 0, 0, 0
27600, 2008359, 0, 0, 0
27700, 1958065, 0, 0, 0
27800, 2089560, 0, 0, 0
27900, 1924283, 0, 0, 0
28000, 1948730, 0, 0, 0
28101, 2016593, 0, 0, 0
28200, 2011697, 0, 0, 0
28300, 2025944, 0, 0, 0
28401, 2047495, 0, 0, 0
28500, 1942089, 0, 0, 0
28601, 2028414, 0, 0, 0
28700, 2057955, 0, 0, 0
28800, 1994471, 0, 0, 0
28901, 2043482, 0, 0, 0
29000, 1879580, 0, 0, 0
29100, 1976792, 0, 0, 0
29200, 1962679, 0, 0, 0
29300, 2018199, 0, 0, 0
29400, 2111961, 0, 0, 0
29500, 1924558, 0, 0, 0
29600, 2061238, 0, 0, 0
29700, 2006455, 0, 0, 0
29800, 2070059, 0, 0, 0
29901, 2197331, 0, 0, 0
30000, 2071725, 0, 0, 0
30100, 1971685, 0, 0, 0
30201, 2034316, 0, 0, 0
30300, 1933900, 0, 0, 0
30401, 2028090, 0, 0, 0
30500, 2102305, 0, 0, 0
30600, 2160916, 0, 0, 0
30700, 2081022, 0, 0, 0
30800, 1998010, 0, 0, 0
30900, 1955572, 0, 0, 0
31000, 2046592, 0, 0, 0
31100, 2126391, 0, 0, 0
31200, 2055394, 0, 0, 0
31300, 1975689, 0, 0, 0
31400, 2053020, 0, 0, 0
31502, 1985834, 0, 0, 0
31601, 2009119, 0, 0, 0
31700, 2010631, 0, 0, 0
31800, 2074480, 0, 0, 0
31901, 1989580, 0, 0, 0
32000, 2017567, 0, 0, 0
32100, 1927640, 0, 0, 0
32202, 2144780, 0, 0, 0
32300, 2000258, 0, 0, 0
32401, 1952427, 0, 0, 0
32501, 2147639, 0, 0, 0
32600, 1951966, 0, 0, 0
32700, 1962759, 0, 0, 0
32800, 1955576, 0, 0, 0
32901, 1955406, 0, 0, 0
33002, 2055938, 0, 0, 0
33100, 2068094, 0, 0, 0
33200, 2042224, 0, 0, 0
33300, 2022608, 0, 0, 0
33400, 1970242, 0, 0, 0
33500, 2027927, 0, 0, 0
33600, 1994841, 0, 0, 0
33700, 2007017, 0, 0, 0
33800, 1963132, 0, 0, 0
33901, 2052317, 0, 0, 0
34000, 2013977, 0, 0, 0
34100, 1978573, 0, 0, 0
34200, 2148668, 0, 0, 0
34300, 2059091, 0, 0, 0
34400, 2122062, 0, 0, 0
34500, 2085813, 0, 0, 0
34601, 2066773, 0, 0, 0
34700, 2101211, 0, 0, 0
34801, 2062280, 0, 0, 0
34900, 1998464, 0, 0, 0
35000, 2072262, 0, 0, 0
35100, 2035506, 0, 0, 0
35200, 2113792, 0, 0, 0
35301, 2039472, 0, 0, 0
35400, 2051256, 0, 0, 0
35500, 2057681, 0, 0, 0
35600, 2078481, 0, 0, 0
35700, 2001472, 0, 0, 0
35800, 2065024, 0, 0, 0
35900, 1974661, 0, 0, 0
36000, 1989784, 0, 0, 0
36100, 1976475, 0, 0, 0
36201, 1999578, 0, 0, 0
36300, 1999407, 0, 0, 0
36400, 1935704, 0, 0, 0
36500, 1981285, 0, 0, 0
36601, 2048248, 0, 0, 0
36700, 2068296, 0, 0, 0
36800, 2066271, 0, 0, 0
36900, 2004974, 0, 0, 0
37001, 1997564, 0, 0, 0
37100, 2022902, 0, 0, 0
37200, 2037056, 0, 0, 0
37300, 1987256, 0, 0, 0
37400, 2084036, 0, 0, 0
37500, 2090202, 0, 0, 0
37601, 1980094, 0, 0, 0
37702, 1965939, 0, 0, 0
37800, 1979765, 0, 0, 0
37900, 2062234, 0, 0, 0
38000, 1977075, 0, 0, 0
38100, 1978861, 0, 0, 0
38200, 1932718, 0, 0, 0
38300, 2045209, 0, 0, 0
38401, 2003641, 0, 0, 0
38500, 2144407, 0, 0, 0
38600, 2025077, 0, 0, 0
38700, 2104866, 0, 0, 0
38800, 2123897, 0, 0, 0
38900, 2035744, 0, 0, 0
39000, 1967937, 0, 0, 0
39100, 1919193, 0, 0, 0
39200, 2046206, 0, 0, 0
39301, 1944869, 0, 0, 0
39400, 1984260, 0, 0, 0
39501, 2159535, 0, 0, 0
39600, 2032285, 0, 0, 0
39700, 2121548, 0, 0, 0
39800, 2084225, 0, 0, 0
39901, 1936660, 0, 0, 0
40000, 2024628, 0, 0, 0
40100, 2144262, 0, 0, 0
40200, 2038799, 0, 0, 0
40300, 1956411, 0, 0, 0
40401, 1944683, 0, 0, 0
40500, 1975173, 0, 0, 0
40601, 1911869, 0, 0, 0
40700, 2029335, 0, 0, 0
40801, 1957944, 0, 0, 0
40900, 2111733, 0, 0, 0
41000, 1997944, 0, 0, 0
41100, 1963017, 0, 0, 0
41200, 2040636, 0, 0, 0
41301, 2090913, 0, 0, 0
41400, 1991453, 0, 0, 0
41500, 2057207, 0, 0, 0
41600, 2102578, 0, 0, 0
41700, 2005977, 0, 0, 0
41801, 1948272, 0, 0, 0
41900, 1992424, 0, 0, 0
42000, 1920731, 0, 0, 0
42100, 2091178, 0, 0, 0
42200, 2027478, 0, 0, 0
42301, 2135803, 0, 0, 0
42400, 1945141, 0, 0, 0
42501, 2022814, 0, 0, 0
42601, 2045474, 0, 0, 0
42700, 1942794, 0, 0, 0
42801, 2051873, 0, 0, 0
42900, 2087000, 0, 0, 0
43000, 2152023, 0, 0, 0
43101, 2053911, 0, 0, 0
43201, 1997058, 0, 0, 0
43301, 2038861, 0, 0, 0
43400, 2019597, 0, 0, 0
43500, 2145410, 0, 0, 0
43600, 2134714, 0, 0, 0
43700, 2178360, 0, 0, 0
43800, 2123590, 0, 0, 0
43900, 2085271, 0, 0, 0
44000, 2032894, 0, 0, 0
44101, 1961905, 0, 0, 0
44201, 1998695, 0, 0, 0
44300, 1951643, 0, 0, 0
44400, 1992305, 0, 0, 0
44500, 2002062, 0, 0, 0
44600, 2027859, 0, 0, 0
44700, 2070771, 0, 0, 0
44800, 1977501, 0, 0, 0
44900, 2019132, 0, 0, 0
45001, 1948671, 0, 0, 0
45100, 2052411, 0, 0, 0
45201, 2079527, 0, 0, 0
45300, 2072093, 0, 0, 0
45400, 2102912, 0, 0, 0
45500, 1969625, 0, 0, 0
45600, 2034973, 0, 0, 0
45700, 1995883, 0, 0, 0
45800, 1979833, 0, 0, 0
45900, 1907159, 0, 0, 0
46000, 1968269, 0, 0, 0
46100, 1933940, 0, 0, 0
46200, 1951343, 0, 0, 0
46300, 1994714, 0, 0, 0
46400, 1977946, 0, 0, 0
46501, 2067005, 0, 0, 0
46600, 2071483, 0, 0, 0
46700, 2018255, 0, 0, 0
46800, 1965994, 0, 0, 0
46900, 2069589, 0, 0, 0
47000, 1909920, 0, 0, 0
47100, 1935589, 0, 0, 0
47200, 2033601, 0, 0, 0
47300, 1930506, 0, 0, 0
47400, 2112012, 0, 0, 0
47500, 2005558, 0, 0, 0
47600, 2002017, 0, 0, 0
47701, 1987599, 0, 0, 0
47800, 1986352, 0, 0, 0
47901, 2010462, 0, 0, 0
48000, 1971883, 0, 0, 0
48100, 2099606, 0, 0, 0
48200, 1967280, 0, 0, 0
48300, 1945899, 0, 0, 0
48401, 1950805, 0, 0, 0
48500, 2063760, 0, 0, 0
48600, 1954327, 0, 0, 0
48700, 1969267, 0, 0, 0
48800, 1984951, 0, 0, 0
48900, 2032946, 0, 0, 0
49000, 2067737, 0, 0, 0
49100, 1988449, 0, 0, 0
49200, 2042507, 0, 0, 0
49300, 2000880, 0, 0, 0
49401, 2047888, 0, 0, 0
49500, 1942048, 0, 0, 0
49600, 1973440, 0, 0, 0
49701, 1978066, 0, 0, 0
49800, 1901890, 0, 0, 0
49900, 1907186, 0, 0, 0
50001, 2013463, 0, 0, 0
50100, 2071770, 0, 0, 0
50201, 1964084, 0, 0, 0
50300, 1949755, 0, 0, 0
50400, 2054487, 0, 0, 0
50500, 2058806, 0, 0, 0
50600, 2023999, 0, 0, 0
50700, 2006929, 0, 0, 0
50800, 2037948, 0, 0, 0
50900, 1917946, 0, 0, 0
51000, 1962548, 0, 0, 0
51100, 2029102, 0, 0, 0
51200, 1957104, 0, 0, 0
51300, 1937584, 0, 0, 0
51400, 1964024, 0, 0, 0
51500, 2036109, 0, 0, 0
51600, 2100479, 0, 0, 0
51700, 1924103, 0, 0, 0
51800, 1951850, 0, 0, 0
51900, 1987867, 0, 0, 0
52000, 2057571, 0, 0, 0
52100, 1965435, 0, 0, 0
52200, 1979787, 0, 0, 0
52300, 2027885, 0, 0, 0
52401, 1889258, 0, 0, 0
52500, 2003061, 0, 0, 0
52601, 2113362, 0, 0, 0
52700, 2008579, 0, 0, 0
52800, 1980761, 0, 0, 0
52900, 2098059, 0, 0, 0
53000, 2026315, 0, 0, 0
53100, 1933341, 0, 0, 0
53200, 2046425, 0, 0, 0
53300, 2141779, 0, 0, 0
53401, 1972433, 0, 0, 0
53500, 2029996, 0, 0, 0
53600, 1941041, 0, 0, 0
53701, 1983159, 0, 0, 0
53800, 1915364, 0, 0, 0
53901, 1991133, 0, 0, 0
54001, 2012826, 0, 0, 0
54100, 1970153, 0, 0, 0
54200, 2000322, 0, 0, 0
54300, 1997354, 0, 0, 0
54400, 2127481, 0, 0, 0
54500, 2057897, 0, 0, 0
54600, 2099260, 0, 0, 0
54700, 2036431, 0, 0, 0
54801, 1997928, 0, 0, 0
54900, 2017659, 0, 0, 0
55000, 1989454, 0, 0, 0
55101, 1976666, 0, 0, 0
55200, 2034972, 0, 0, 0
55300, 1930650, 0, 0, 0
55400, 1888310, 0, 0, 0
55500, 2035267, 0, 0, 0
55601, 2021731, 0, 0, 0
55701, 2071362, 0, 0, 0
55800, 2037046, 0, 0, 0
55900, 1947360, 0, 0, 0
56000, 2003836, 0, 0, 0
56100, 2044284, 0, 0, 0
56200, 1943092, 0, 0, 0
56300, 2051746, 0, 0, 0
56400, 2073463, 0, 0, 0
56500, 2035486, 0, 0, 0
56600, 1998006, 0, 0, 0
56701, 1994298, 0, 0, 0
56800, 1971524, 0, 0, 0
56900, 1993260, 0, 0, 0
57001, 2055633, 0, 0, 0
57100, 1995963, 0, 0, 0
57200, 2067992, 0, 0, 0
57301, 1977478, 0, 0, 0
57400, 2154726, 0, 0, 0
57500, 2053388, 0, 0, 0
57601, 2110796, 0, 0, 0
57700, 2090983, 0, 0, 0
57800, 1940479, 0, 0, 0
57900, 2034261, 0, 0, 0
58001, 2075729, 0, 0, 0
58101, 2057582, 0, 0, 0
58201, 1979679, 0, 0, 0
58300, 1969360, 0, 0, 0
58401, 2197654, 0, 0, 0
58500, 2000042, 0, 0, 0
58601, 1993302, 0, 0, 0
58700, 2039684, 0, 0, 0
58800, 2015024, 0, 0, 0
58900, 2004050, 0, 0, 0
59000, 1899975, 0, 0, 0
59101, 2024314, 0, 0, 0
59200, 1930305, 0, 0, 0
59301, 1966912, 0, 0, 0
59401, 2033315, 0, 0, 0
59500, 1995303, 0, 0, 0
59601, 2005230, 0, 0, 0
59700, 2163087, 0, 0, 0
59800, 1916153, 0, 0, 0
59900, 2147668, 0, 0, 0
60001, 2187116, 0, 0, 0
60100, 2135622, 0, 0, 0
60201, 1928729, 0, 0, 0
60300, 2074124, 0, 0, 0
60400, 1991063, 0, 0, 0
60501, 1989112, 0, 0, 0
60601, 2000224, 0, 0, 0
60701, 2072827, 0, 0, 0
60800, 1992341, 0, 0, 0
60900, 2022596, 0, 0, 0
61000, 1937064, 0, 0, 0
61100, 1955044, 0, 0, 0
61200, 1987852, 0, 0, 0
61300, 1990669, 0, 0, 0
61400, 1997495, 0, 0, 0
61500, 1998155, 0, 0, 0
61600, 2010076, 0, 0, 0
61700, 1927087, 0, 0, 0
61800, 1970486, 0, 0, 0
61900, 1941827, 0, 0, 0
62000, 1984681, 0, 0, 0
62100, 1988039, 0, 0, 0
62201, 2027267, 0, 0, 0
62300, 1963636, 0, 0, 0
62400, 2017207, 0, 0, 0
62500, 2044383, 0, 0, 0
62600, 2117600, 0, 0, 0
62700, 2003650, 0, 0, 0
62800, 2019140, 0, 0, 0
62900, 2019582, 0, 0, 0
63000, 1934432, 0, 0, 0
63101, 2015900, 0, 0, 0
63200, 1917753, 0, 0, 0
63301, 2002647, 0, 0, 0
63401, 2007726, 0, 0, 0
63501, 2012266, 0, 0, 0
63600, 2058350, 0, 0, 0
63701, 2029975, 0, 0, 0
63800, 1953043, 0, 0, 0
63901, 1983529, 0, 0, 0
64000, 2042224, 0, 0, 0
64100, 1993171, 0, 0, 0
64200, 1960825, 0, 0, 0
64301, 2013947, 0, 0, 0
64400, 2035916, 0, 0, 0
64500, 2015081, 0, 0, 0
64600, 1955155, 0, 0, 0
64701, 2112079, 0, 0, 0
64800, 2027536, 0, 0, 0
64901, 2141107, 0, 0, 0
65000, 1989517, 0, 0, 0
65101, 2046601, 0, 0, 0
65200, 2006110, 0, 0, 0
65300, 2069574, 0, 0, 0
65400, 2054840, 0, 0, 0
65501, 2021506, 0, 0, 0
65600, 2010229, 0, 0, 0
65701, 2001917, 0, 0, 0
65800, 2001078, 0, 0, 0
65901, 2024486, 0, 0, 0
66001, 2031536, 0, 0, 0
66100, 2071913, 0, 0, 0
66200, 2025533, 0, 0, 0
66300, 2008755, 0, 0, 0
66401, 2077193, 0, 0, 0
66500, 2038920, 0, 0, 0
66600, 2034457, 0, 0, 0
66700, 1976680, 0, 0, 0
66800, 1936984, 0, 0, 0
66900, 1980297, 0, 0, 0
67001, 2021370, 0, 0, 0
67100, 2071941, 0, 0, 0
67200, 2142402, 0, 0, 0
67300, 2081741, 0, 0, 0
67401, 2072528, 0, 0, 0
67500, 1965122, 0, 0, 0
67600, 2002048, 0, 0, 0
67700, 2023449, 0, 0, 0
67800, 2019199, 0, 0, 0
67900, 1983870, 0, 0, 0
68001, 1958589, 0, 0, 0
68100, 2024905, 0, 0, 0
68200, 1990576, 0, 0, 0
68300, 1924748, 0, 0, 0
68400, 2122172, 0, 0, 0
68500, 2071946, 0, 0, 0
68600, 2033108, 0, 0, 0
68700, 2086911, 0, 0, 0
68800, 2028450, 0, 0, 0
68900, 1970214, 0, 0, 0
69002, 2047061, 0, 0, 0
69100, 2016879, 0, 0, 0
69200, 1964791, 0, 0, 0
69300, 1957178, 0, 0, 0
69400, 2036364, 0, 0, 0
69500, 1989258, 0, 0, 0
69600, 2018038, 0, 0, 0
69700, 1946006, 0, 0, 0
69800, 1962649, 0, 0, 0
69900, 2056891, 0, 0, 0
70000, 2035892, 0, 0, 0
70101, 1972198, 0, 0, 0
70200, 2072895, 0, 0, 0
70300, 2030576, 0, 0, 0
70400, 1985540, 0, 0, 0
70500, 2015273, 0, 0, 0
70600, 1990494, 0, 0, 0
70700, 1963004, 0, 0, 0
70801, 1935960, 0, 0, 0
70900, 1949397, 0, 0, 0
71000, 2027700, 0, 0, 0
71101, 2013090, 0, 0, 0
71200, 2003688, 0, 0, 0
71300, 2050121, 0, 0, 0
71400, 2121609, 0, 0, 0
71500, 2169300, 0, 0, 0
71601, 2160271, 0, 0, 0
71700, 2087488, 0, 0, 0
71800, 1982081, 0, 0, 0
71900, 2071530, 0, 0, 0
72000, 2033268, 0, 0, 0
72101, 1962539, 0, 0, 0
72200, 1992004, 0, 0, 0
72300, 2033017, 0, 0, 0
72400, 2025039, 0, 0, 0
72501, 1925050, 0, 0, 0
72601, 2042161, 0, 0, 0
72700, 2070522, 0, 0, 0
72800, 2145797, 0, 0, 0
72900, 2110487, 0, 0, 0
73000, 2027865, 0, 0, 0
73100, 2041200, 0, 0, 0
73200, 2017712, 0, 0, 0
73300, 1944536, 0, 0, 0
73400, 1972994, 0, 0, 0
73500, 1931197, 0, 0, 0
73601, 2034366, 0, 0, 0
73701, 1975725, 0, 0, 0
73800, 1977358, 0, 0, 0
73900, 2035475, 0, 0, 0
74000, 2002764, 0, 0, 0
74100, 1914413, 0, 0, 0
74201, 2003115, 0, 0, 0
74300, 1971857, 0, 0, 0
74401, 2048284, 0, 0, 0
74500, 1996398, 0, 0, 0
74601, 2076085, 0, 0, 0
74701, 2084664, 0, 0, 0
74800, 2055185, 0, 0, 0
74901, 1949423, 0, 0, 0
75001, 1997035, 0, 0, 0
75100, 2091036, 0, 0, 0
75200, 2022177, 0, 0, 0
75300, 2002520, 0, 0, 0
75400, 1988494, 0, 0, 0
75500, 2051061, 0, 0, 0
75600, 2053185, 0, 0, 0
75700, 2048079, 0, 0, 0
75800, 2005445, 0, 0, 0
75900, 2098341, 0, 0, 0
76000, 2012287, 0, 0, 0
76100, 2079560, 0, 0, 0
76200, 2182575, 0, 0, 0
76300, 2033794, 0, 0, 0
76400, 2062956, 0, 0, 0
76500, 2099413, 0, 0, 0
76600, 2014329, 0, 0, 0
76701, 2135022, 0, 0, 0
76800, 2020561, 0, 0, 0
76900, 2046144, 0, 0, 0
77001, 2046117, 0, 0, 0
77100, 1941395, 0, 0, 0
77200, 2020574, 0, 0, 0
77300, 1936652, 0, 0, 0
77400, 1963621, 0, 0, 0
77500, 1978777, 0, 0, 0
77600, 2061761, 0, 0, 0
77700, 2024028, 0, 0, 0
77801, 2120472, 0, 0, 0
77900, 2006012, 0, 0, 0
78000, 1961405, 0, 0, 0
78100, 1972696, 0, 0, 0
78201, 2093879, 0, 0, 0
78300, 2058203, 0, 0, 0
78401, 2019277, 0, 0, 0
78501, 1997662, 0, 0, 0
78600, 1873810, 0, 0, 0
78700, 2008055, 0, 0, 0
78800, 1992751, 0, 0, 0
78900, 1971638, 0, 0, 0
79000, 1965100, 0, 0, 0
79100, 2003176, 0, 0, 0
79200, 2004121, 0, 0, 0
79300, 2054084, 0, 0, 0
79400, 1951118, 0, 0, 0
79501, 1946846, 0, 0, 0
79600, 2067768, 0, 0, 0
79700, 1915680, 0, 0, 0
79800, 1977824, 0, 0, 0
79901, 1999098, 0, 0, 0
80000, 2016283, 0, 0, 0
80100, 1864073, 0, 0, 0
80200, 1963732, 0, 0, 0
80301, 2072120, 0, 0, 0
80400, 2102241, 0, 0, 0
80500, 2014521, 0, 0, 0
80600, 2119726, 0, 0, 0
80700, 2005005, 0, 0, 0
80800, 2031943, 0, 0, 0
80900, 1992288, 0, 0, 0
81000, 2047856, 0, 0, 0
81100, 1969159, 0, 0, 0
81200, 2056110, 0, 0, 0
81300, 1887972, 0, 0, 0
81400, 1983631, 0, 0, 0
81501, 2004797, 0, 0, 0
81601, 2025503, 0, 0, 0
81700, 2041644, 0, 0, 0
81800, 1985887, 0, 0, 0
81901, 2003988, 0, 0, 0
82000, 2007293, 0, 0, 0
82100, 1997631, 0, 0, 0
82200, 1994270, 0, 0, 0
82300, 2071547, 0, 0, 0
82400, 2047556, 0, 0, 0
82500, 1995681, 0, 0, 0
82600, 1999618, 0, 0, 0
82701, 2049593, 0, 0, 0
82800, 2196473, 0, 0, 0
82901, 1993959, 0, 0, 0
83000, 1995104, 0, 0, 0
83100, 2087832, 0, 0, 0
83200, 1934540, 0, 0, 0
83300, 2099252, 0, 0, 0
83400, 1981929, 0, 0, 0
83500, 1991310, 0, 0, 0
83600, 1970967, 0, 0, 0
83700, 2029818, 0, 0, 0
83800, 1980948, 0, 0, 0
83900, 1937837, 0, 0, 0
84000, 1943293, 0, 0, 0
84100, 2032700, 0, 0, 0
84201, 2059758, 0, 0, 0
84300, 2046900, 0, 0, 0
84400, 1991044, 0, 0, 0
84501, 2002568, 0, 0, 0
84601, 2147787, 0, 0, 0
84700, 1976937, 0, 0, 0
84800, 2022422, 0, 0, 0
84900, 1981247, 0, 0, 0
85000, 1983798, 0, 0, 0
85101, 2075858, 0, 0, 0
85200, 2094062, 0, 0, 0
85301, 2085050, 0, 0, 0
85400, 1999081, 0, 0, 0
85500, 2021455, 0, 0, 0
85601, 1998079, 0, 0, 0
85700, 1976261, 0, 0, 0
85800, 2044698, 0, 0, 0
85900, 2114453, 0, 0, 0
86000, 2019725, 0, 0, 0
86100, 2044214, 0, 0, 0
86200, 1937385, 0, 0, 0
86300, 1997134, 0, 0, 0
86401, 2036748, 0, 0, 0
86500, 2018579, 0, 0, 0
86600, 2044466, 0, 0, 0
86700, 2047561, 0, 0, 0
86800, 2033987, 0, 0, 0
86900, 2094618, 0, 0, 0
87001, 2095581, 0, 0, 0
87100, 2052354, 0, 0, 0
87201, 2013120, 0, 0, 0
87300, 2038599, 0, 0, 0
87400, 2039225, 0, 0, 0
87500, 1980683, 0, 0, 0
87601, 1988730, 0, 0, 0
87700, 1987590, 0, 0, 0
87800, 2010310, 0, 0, 0
87900, 2000732, 0, 0, 0
88000, 2028323, 0, 0, 0
88101, 2015541, 0, 0, 0
88200, 2141731, 0, 0, 0
88300, 2061452, 0, 0, 0
88400, 1957453, 0, 0, 0
88501, 2045333, 0, 0, 0
88600, 1959900, 0, 0, 0
88700, 1964361, 0, 0, 0
88801, 1964943, 0, 0, 0
88900, 2104365, 0, 0, 0
89000, 2045753, 0, 0, 0
89100, 1918830, 0, 0, 0
89200, 2020785, 0, 0, 0
89300, 2007717, 0, 0, 0
89400, 1975805, 0, 0, 0
89501, 1962425, 0, 0, 0
89600, 2106039, 0, 0, 0
89700, 1975104, 0, 0, 0
89800, 1921830, 0, 0, 0
89900, 1992082, 0, 0, 0
90000, 1790059, 0, 0, 0
90001, 1455726, 0, 0, 0
