100, 4186664, 0, 0, 0
200, 4646144, 0, 0, 0
300, 4856689, 0, 0, 0
410, 3978013, 0, 0, 0
500, 6226486, 0, 0, 0
600, 4902838, 0, 0, 0
700, 4165199, 0, 0, 0
800, 4879296, 0, 0, 0
900, 6375373, 0, 0, 0
1000, 3757647, 0, 0, 0
1100, 4343742, 0, 0, 0
1200, 5849944, 0, 0, 0
1300, 4491172, 0, 0, 0
1400, 4028373, 0, 0, 0
1500, 4366711, 0, 0, 0
1600, 4064549, 0, 0, 0
1703, 5716144, 0, 0, 0
1801, 4397795, 0, 0, 0
1900, 7073007, 0, 0, 0
2000, 5463177, 0, 0, 0
2100, 4319890, 0, 0, 0
2200, 6312571, 0, 0, 0
2300, 5028371, 0, 0, 0
2400, 5671543, 0, 0, 0
2500, 5292449, 0, 0, 0
2600, 5022921, 0, 0, 0
2700, 3772309, 0, 0, 0
2800, 5480118, 0, 0, 0
2900, 6600541, 0, 0, 0
3000, 5222482, 0, 0, 0
3100, 7735972, 0, 0, 0
3200, 5206055, 0, 0, 0
3301, 3983547, 0, 0, 0
3400, 4950472, 0, 0, 0
3500, 5377437, 0, 0, 0
3600, 5007359, 0, 0, 0
3700, 5932497, 0, 0, 0
3800, 5515081, 0, 0, 0
3900, 5301575, 0, 0, 0
4000, 4762040, 0, 0, 0
4100, 4956223, 0, 0, 0
4200, 5567438, 0, 0, 0
4300, 5768179, 0, 0, 0
4400, 4591000, 0, 0, 0
4500, 4659873, 0, 0, 0
4600, 4989379, 0, 0, 0
4700, 4161097, 0, 0, 0
4800, 4697150, 0, 0, 0
4900, 4824793, 0, 0, 0
5000, 4829513, 0, 0, 0
5100, 4085586, 0, 0, 0
5200, 6475534, 0, 0, 0
5300, 4299987, 0, 0, 0
5400, 4082680, 0, 0, 0
5500, 6277754, 0, 0, 0
5602, 5804219, 0, 0, 0
5700, 4920950, 0, 0, 0
5800, 4315777, 0, 0, 0
5900, 4795279, 0, 0, 0
6000, 5392065, 0, 0, 0
6108, 5023765, 0, 0, 0
6200, 4944336, 0, 0, 0
6300, 4977657, 0, 0, 0
6400, 4748296, 0, 0, 0
6500, 5765104, 0, 0, 0
6600, 4503248, 0, 0, 0
6700, 4066264, 0, 0, 0
6800, 4147767, 0, 0, 0
6900, 4331066, 0, 0, 0
7000, 5935498, 0, 0, 0
7100, 5368731, 0, 0, 0
7200, 4615421, 0, 0, 0
7317, 4752278, 0, 0, 0
7400, 6770651, 0, 0, 0
7500, 4298054, 0, 0, 0
7600, 5080971, 0, 0, 0
7700, 4712674, 0, 0, 0
7800, 5448224, 0, 0, 0
7900, 6122355, 0, 0, 0
8000, 4018306, 0, 0, 0
8100, 4270478, 0, 0, 0
8202, 4592316, 0, 0, 0
8300, 4371442, 0, 0, 0
8400, 5073700, 0, 0, 0
8500, 6888724, 0, 0, 0
8600, 4645378, 0, 0, 0
8700, 4643519, 0, 0, 0
8800, 4169933, 0, 0, 0
8900, 6005067, 0, 0, 0
9000, 5393090, 0, 0, 0
9100, 5015332, 0, 0, 0
9205, 5909149, 0, 0, 0
9300, 6123345, 0, 0, 0
9401, 4815067, 0, 0, 0
9500, 5400663, 0, 0, 0
9600, 4976601, 0, 0, 0
9700, 5111216, 0, 0, 0
9800, 4888287, 0, 0, 0
9900, 4642282, 0, 0, 0
10000, 5119118, 0, 0, 0
10100, 4149927, 0, 0, 0
10200, 4881379, 0, 0, 0
10300, 4713769, 0, 0, 0
10400, 6667155, 0, 0, 0
10503, 5330157, 0, 0, 0
10600, 4456770, 0, 0, 0
10700, 5405703, 0, 0, 0
10800, 4984466, 0, 0, 0
10900, 4001579, 0, 0, 0
11000, 4845042, 0, 0, 0
11100, 4722024, 0, 0, 0
11200, 4390711, 0, 0, 0
11300, 4134868, 0, 0, 0
11400, 6048369, 0, 0, 0
11501, 5603143, 0, 0, 0
11600, 4202566, 0, 0, 0
11700, 3868409, 0, 0, 0
11800, 3992076, 0, 0, 0
11900, 7085189, 0, 0, 0
12000, 6193827, 0, 0, 0
12100, 5587031, 0, 0, 0
12200, 5606709, 0, 0, 0
12300, 5830124, 0, 0, 0
12400, 7469039, 0, 0, 0
12500, 4486577, 0, 0, 0
12614, 5294552, 0, 0, 0
12700, 8712114, 0, 0, 0
12800, 5454980, 0, 0, 0
12900, 4572217, 0, 0, 0
13000, 5254233, 0, 0, 0
13100, 3854557, 0, 0, 0
13200, 3856381, 0, 0, 0
13300, 4378231, 0, 0, 0
13400, 4653372, 0, 0, 0
13500, 6005569, 0, 0, 0
13600, 5378101, 0, 0, 0
13700, 4743452, 0, 0, 0
13802, 4379341, 0, 0, 0
13900, 4351910, 0, 0, 0
14000, 4734129, 0, 0, 0
14100, 5433493, 0, 0, 0
14200, 4896233, 0, 0, 0
14300, 4817324, 0, 0, 0
14400, 4239346, 0, 0, 0
14500, 4473418, 0, 0, 0
14600, 4799642, 0, 0, 0
14700, 4822928, 0, 0, 0
14800, 6638112, 0, 0, 0
14900, 6147847, 0, 0, 0
15000, 4263413, 0, 0, 0
15100, 3949601, 0, 0, 0
15200, 6786409, 0, 0, 0
15300, 5218268, 0, 0, 0
15400, 5831176, 0, 0, 0
15500, 4631225, 0, 0, 0
15600, 3821108, 0, 0, 0
15700, 6589936, 0, 0, 0
15800, 4528046, 0, 0, 0
15905, 5344672, 0, 0, 0
16000, 4381100, 0, 0, 0
16100, 4587759, 0, 0, 0
16200, 4169042, 0, 0, 0
16300, 5582339, 0, 0, 0
16400, 6268633, 0, 0, 0
16500, 6121692, 0, 0, 0
16600, 4533283, 0, 0, 0
16700, 4804545, 0, 0, 0
16800, 7581946, 0, 0, 0
16900, 4741957, 0, 0, 0
17000, 5466438, 0, 0, 0
17100, 4526248, 0, 0, 0
17200, 5088838, 0, 0, 0
17300, 7313444, 0, 0, 0
17400, 4497484, 0, 0, 0
17500, 4985862, 0, 0, 0
17600, 5186669, 0, 0, 0
17700, 6310050, 0, 0, 0
17800, 4608209, 0, 0, 0
17900, 4816924, 0, 0, 0
18000, 4970737, 0, 0, 0
18100, 5162076, 0, 0, 0
18200, 4148656, 0, 0, 0
18300, 4864997, 0, 0, 0
18400, 4329275, 0, 0, 0
18500, 6959046, 0, 0, 0
18600, 5983883, 0, 0, 0
18700, 5425246, 0, 0, 0
18800, 5034897, 0, 0, 0
18900, 4974094, 0, 0, 0
19000, 5324871, 0, 0, 0
19100, 4904333, 0, 0, 0
19200, 5129807, 0, 0, 0
19300, 5803365, 0, 0, 0
19400, 5196648, 0, 0, 0
19500, 5117205, 0, 0, 0
19602, 4889546, 0, 0, 0
19700, 4257938, 0, 0, 0
19800, 3622069, 0, 0, 0
19900, 5131029, 0, 0, 0
20000, 4349550, 0, 0, 0
20100, 5047356, 0, 0, 0
20200, 4063488, 0, 0, 0
20300, 5310201, 0, 0, 0
20404, 5311786, 0, 0, 0
20500, 3798067, 0, 0, 0
20600, 5311973, 0, 0, 0
20700, 5262250, 0, 0, 0
20800, 5004822, 0, 0, 0
20900, 4680987, 0, 0, 0
21000, 4356036, 0, 0, 0
21102, 5555704, 0, 0, 0
21200, 5380366, 0, 0, 0
21300, 4966489, 0, 0, 0
21400, 5170019, 0, 0, 0
21500, 6943695, 0, 0, 0
21600, 4664758, 0, 0, 0
21700, 4231995, 0, 0, 0
21800, 4321302, 0, 0, 0
21900, 5431296, 0, 0, 0
22000, 6315389, 0, 0, 0
22100, 5018160, 0, 0, 0
22200, 4292880, 0, 0, 0
22300, 6593204, 0, 0, 0
22400, 5043294, 0, 0, 0
22500, 6825794, 0, 0, 0
22600, 4335054, 0, 0, 0
22700, 4231868, 0, 0, 0
22800, 5284698, 0, 0, 0
22900, 6086945, 0, 0, 0
23007, 5334149, 0, 0, 0
23100, 5732486, 0, 0, 0
23200, 4817320, 0, 0, 0
23300, 4655993, 0, 0, 0
23400, 4400036, 0, 0, 0
23500, 5929768, 0, 0, 0
23600, 5653015, 0, 0, 0
23700, 5138219, 0, 0, 0
23800, 5111094, 0, 0, 0
23900, 4091434, 0, 0, 0
24000, 4790379, 0, 0, 0
24100, 5690527, 0, 0, 0
24200, 5329561, 0, 0, 0
24300, 4715457, 0, 0, 0
24404, 6385601, 0, 0, 0
24500, 4600344, 0, 0, 0
24600, 5346384, 0, 0, 0
24700, 4604210, 0, 0, 0
24800, 4746035, 0, 0, 0
24900, 4257040, 0, 0, 0
25000, 5448068, 0, 0, 0
25100, 4640039, 0, 0, 0
25200, 6364565, 0, 0, 0
25300, 4900063, 0, 0, 0
25400, 4963535, 0, 0, 0
25500, 4284528, 0, 0, 0
25600, 4603832, 0, 0, 0
25700, 4404082, 0, 0, 0
25800, 5111856, 0, 0, 0
25902, 5171508, 0, 0, 0
26000, 4743354, 0, 0, 0
26100, 4498017, 0, 0, 0
26200, 4620365, 0, 0, 0
26300, 5085772, 0, 0, 0
26400, 4260655, 0, 0, 0
26500, 5498765, 0, 0, 0
26600, 5122091, 0, 0, 0
26700, 5919464, 0, 0, 0
26800, 4729608, 0, 0, 0
26900, 5543171, 0, 0, 0
27000, 4433621, 0, 0, 0
27100, 5228133, 0, 0, 0
27200, 5248518, 0, 0, 0
27300, 4565086, 0, 0, 0
27401, 4624288, 0, 0, 0
27500, 5538616, 0, 0, 0
27600, 6286690, 0, 0, 0
27700, 4961168, 0, 0, 0
27809, 4604902, 0, 0, 0
27900, 4750322, 0, 0, 0
28000, 4353801, 0, 0, 0
28102, 4846707, 0, 0, 0
28202, 4292715, 0, 0, 0
28300, 8398566, 0, 0, 0
28400, 4966248, 0, 0, 0
28500, 3932968, 0, 0, 0
28600, 5350455, 0, 0, 0
28700, 4172802, 0, 0, 0
28800, 5510214, 0, 0, 0
28902, 4537831, 0, 0, 0
29000, 5456126, 0, 0, 0
29103, 5205474, 0, 0, 0
29200, 10069773, 0, 0, 0
29300, 5335817, 0, 0, 0
29400, 3861126, 0, 0, 0
29500, 4681850, 0, 0, 0
29600, 6073754, 0, 0, 0
29700, 5352837, 0, 0, 0
29800, 5326896, 0, 0, 0
29900, 4240852, 0, 0, 0
30000, 5087643, 0, 0, 0
30100, 5493030, 0, 0, 0
30200, 4907842, 0, 0, 0
30300, 4569397, 0, 0, 0
30400, 4576239, 0, 0, 0
30500, 5353300, 0, 0, 0
30600, 4994705, 0, 0, 0
30700, 6909600, 0, 0, 0
30800, 4420427, 0, 0, 0
30900, 4545751, 0, 0, 0
31000, 4883242, 0, 0, 0
31100, 4478699, 0, 0, 0
31200, 4369361, 0, 0, 0
31300, 5406760, 0, 0, 0
31400, 4847250, 0, 0, 0
31501, 5042163, 0, 0, 0
31600, 6444618, 0, 0, 0
31701, 5352355, 0, 0, 0
31800, 8313457, 0, 0, 0
31900, 4798678, 0, 0, 0
32000, 6374823, 0, 0, 0
32100, 5047896, 0, 0, 0
32200, 5733931, 0, 0, 0
32300, 6380744, 0, 0, 0
32400, 5959082, 0, 0, 0
32500, 5038824, 0, 0, 0
32600, 5746179, 0, 0, 0
32700, 6197879, 0, 0, 0
32800, 4562765, 0, 0, 0
32906, 4836368, 0, 0, 0
33000, 5267968, 0, 0, 0
33100, 4529092, 0, 0, 0
33200, 5171861, 0, 0, 0
33301, 4152184, 0, 0, 0
33400, 4802162, 0, 0, 0
33500, 5972838, 0, 0, 0
33600, 5022116, 0, 0, 0
33700, 4480684, 0, 0, 0
33800, 3814191, 0, 0, 0
33900, 4115951, 0, 0, 0
34000, 4632643, 0, 0, 0
34100, 4985686, 0, 0, 0
34200, 5625080, 0, 0, 0
34300, 5434768, 0, 0, 0
34401, 3676140, 0, 0, 0
34506, 5135793, 0, 0, 0
34600, 7731079, 0, 0, 0
34700, 5292008, 0, 0, 0
34800, 4113179, 0, 0, 0
34900, 5520296, 0, 0, 0
35011, 6565961, 0, 0, 0
35100, 5102774, 0, 0, 0
35200, 6567424, 0, 0, 0
35300, 5169151, 0, 0, 0
35405, 5645224, 0, 0, 0
35500, 5804113, 0, 0, 0
35600, 4798341, 0, 0, 0
35700, 5177262, 0, 0, 0
35803, 4479092, 0, 0, 0
35900, 5988702, 0, 0, 0
36000, 4996434, 0, 0, 0
36100, 4160622, 0, 0, 0
36200, 5632768, 0, 0, 0
36300, 6265378, 0, 0, 0
36400, 4285730, 0, 0, 0
36500, 4123250, 0, 0, 0
36600, 4041220, 0, 0, 0
36700, 4071441, 0, 0, 0
36800, 5168758, 0, 0, 0
36906, 4504900, 0, 0, 0
37000, 5635215, 0, 0, 0
37100, 6722953, 0, 0, 0
37200, 5255485, 0, 0, 0
37300, 5490988, 0, 0, 0
37400, 5304602, 0, 0, 0
37503, 5520948, 0, 0, 0
37600, 9317133, 0, 0, 0
37700, 4774373, 0, 0, 0
37800, 3990561, 0, 0, 0
37900, 4826987, 0, 0, 0
38000, 4255710, 0, 0, 0
38100, 5188408, 0, 0, 0
38200, 4457486, 0, 0, 0
38300, 4245805, 0, 0, 0
38400, 5164328, 0, 0, 0
38500, 4285537, 0, 0, 0
38600, 5563943, 0, 0, 0
38700, 5119857, 0, 0, 0
38800, 4081566, 0, 0, 0
38902, 4935406, 0, 0, 0
39000, 6195301, 0, 0, 0
39100, 4559831, 0, 0, 0
39200, 6139301, 0, 0, 0
39300, 6395703, 0, 0, 0
39400, 5706780, 0, 0, 0
39500, 4661612, 0, 0, 0
39600, 5418319, 0, 0, 0
39700, 3546033, 0, 0, 0
39800, 5358237, 0, 0, 0
39901, 5298820, 0, 0, 0
40000, 4721585, 0, 0, 0
40100, 5785410, 0, 0, 0
40200, 4674752, 0, 0, 0
40300, 5847849, 0, 0, 0
40400, 5591735, 0, 0, 0
40500, 5480086, 0, 0, 0
40600, 6320996, 0, 0, 0
40700, 6049022, 0, 0, 0
40800, 5487426, 0, 0, 0
40900, 4947185, 0, 0, 0
41000, 3894063, 0, 0, 0
41100, 4749455, 0, 0, 0
41200, 6663655, 0, 0, 0
41300, 4834489, 0, 0, 0
41400, 4113197, 0, 0, 0
41500, 5501197, 0, 0, 0
41600, 5493753, 0, 0, 0
41700, 4378777, 0, 0, 0
41800, 5410702, 0, 0, 0
41900, 7642329, 0, 0, 0
42000, 3805686, 0, 0, 0
42100, 4347016, 0, 0, 0
42200, 5639362, 0, 0, 0
42300, 4537102, 0, 0, 0
42400, 4315838, 0, 0, 0
42500, 5785621, 0, 0, 0
42600, 5271641, 0, 0, 0
42700, 5323320, 0, 0, 0
42800, 5588992, 0, 0, 0
42900, 4049476, 0, 0, 0
43002, 3831162, 0, 0, 0
43100, 4774301, 0, 0, 0
43200, 7748266, 0, 0, 0
43300, 6616192, 0, 0, 0
43400, 4750125, 0, 0, 0
43500, 6088948, 0, 0, 0
43600, 5103878, 0, 0, 0
43700, 4734773, 0, 0, 0
43800, 5045603, 0, 0, 0
43900, 5149286, 0, 0, 0
44000, 4744027, 0, 0, 0
44100, 6341161, 0, 0, 0
44205, 4085489, 0, 0, 0
44300, 5900631, 0, 0, 0
44400, 4405398, 0, 0, 0
44500, 4258917, 0, 0, 0
44600, 5185650, 0, 0, 0
44700, 5004349, 0, 0, 0
44800, 4885325, 0, 0, 0
44900, 4196917, 0, 0, 0
45000, 5130038, 0, 0, 0
45100, 5202289, 0, 0, 0
45200, 6434995, 0, 0, 0
45300, 4960081, 0, 0, 0
45400, 5599456, 0, 0, 0
45500, 4694686, 0, 0, 0
45600, 5814557, 0, 0, 0
45700, 6112933, 0, 0, 0
45800, 4234464, 0, 0, 0
45900, 5464992, 0, 0, 0
46000, 5805756, 0, 0, 0
46100, 4080356, 0, 0, 0
46200, 4341172, 0, 0, 0
46300, 4774197, 0, 0, 0
46400, 4919039, 0, 0, 0
46500, 5433801, 0, 0, 0
46600, 5137815, 0, 0, 0
46700, 5925347, 0, 0, 0
46800, 4616765, 0, 0, 0
46900, 5431022, 0, 0, 0
47000, 5099457, 0, 0, 0
47100, 4113623, 0, 0, 0
47200, 5875872, 0, 0, 0
47300, 4677405, 0, 0, 0
47400, 4782186, 0, 0, 0
47500, 5039790, 0, 0, 0
47600, 5129552, 0, 0, 0
47700, 4720489, 0, 0, 0
47800, 4253068, 0, 0, 0
47900, 5398942, 0, 0, 0
48000, 5238283, 0, 0, 0
48100, 5041289, 0, 0, 0
48200, 4316566, 0, 0, 0
48300, 5965418, 0, 0, 0
48400, 6183744, 0, 0, 0
48500, 4255330, 0, 0, 0
48600, 4881326, 0, 0, 0
48703, 5695503, 0, 0, 0
48800, 5421051, 0, 0, 0
48900, 5383967, 0, 0, 0
49000, 5916494, 0, 0, 0
49100, 3852218, 0, 0, 0
49205, 3947517, 0, 0, 0
49300, 5132260, 0, 0, 0
49400, 3805940, 0, 0, 0
49500, 5045348, 0, 0, 0
49600, 4571221, 0, 0, 0
49700, 4932635, 0, 0, 0
49800, 4354163, 0, 0, 0
49900, 5511666, 0, 0, 0
50000, 4061569, 0, 0, 0
50100, 6222441, 0, 0, 0
50200, 5287733, 0, 0, 0
50300, 9567444, 0, 0, 0
50400, 4523561, 0, 0, 0
50510, 5637149, 0, 0, 0
50600, 6501714, 0, 0, 0
50700, 5877186, 0, 0, 0
50800, 6577125, 0, 0, 0
50900, 5197699, 0, 0, 0
51000, 4703201, 0, 0, 0
51100, 4396653, 0, 0, 0
51200, 3755718, 0, 0, 0
51300, 4112065, 0, 0, 0
51400, 4617452, 0, 0, 0
51500, 4245777, 0, 0, 0
51600, 6740110, 0, 0, 0
51700, 4730931, 0, 0, 0
51800, 5700016, 0, 0, 0
51900, 4200507, 0, 0, 0
52000, 4698324, 0, 0, 0
52100, 5984567, 0, 0, 0
52200, 4599925, 0, 0, 0
52300, 4804958, 0, 0, 0
52400, 5960909, 0, 0, 0
52500, 4938583, 0, 0, 0
52600, 5223643, 0, 0, 0
52700, 5590960, 0, 0, 0
52800, 4548817, 0, 0, 0
52900, 4818958, 0, 0, 0
53000, 6288523, 0, 0, 0
53100, 4244752, 0, 0, 0
53200, 4505385, 0, 0, 0
53300, 4528874, 0, 0, 0
53400, 5643934, 0, 0, 0
53500, 4945460, 0, 0, 0
53600, 4047224, 0, 0, 0
53700, 4655347, 0, 0, 0
53800, 4121054, 0, 0, 0
53900, 4548896, 0, 0, 0
54000, 4583772, 0, 0, 0
54100, 5181272, 0, 0, 0
54200, 5111817, 0, 0, 0
54300, 5852073, 0, 0, 0
54400, 5358456, 0, 0, 0
54503, 4996186, 0, 0, 0
54600, 3888606, 0, 0, 0
54700, 5159397, 0, 0, 0
54800, 4555135, 0, 0, 0
54910, 4237487, 0, 0, 0
55000, 6188501, 0, 0, 0
55100, 5006919, 0, 0, 0
55200, 4459127, 0, 0, 0
55300, 8233377, 0, 0, 0
55400, 6202455, 0, 0, 0
55500, 8928067, 0, 0, 0
55600, 5050632, 0, 0, 0
55707, 4812297, 0, 0, 0
55800, 5117002, 0, 0, 0
55900, 4975729, 0, 0, 0
56000, 5778461, 0, 0, 0
56100, 6034241, 0, 0, 0
56200, 4658745, 0, 0, 0
56300, 4982264, 0, 0, 0
56400, 6297993, 0, 0, 0
56500, 7035386, 0, 0, 0
56600, 5411777, 0, 0, 0
56700, 4695042, 0, 0, 0
56800, 4215594, 0, 0, 0
56900, 4894585, 0, 0, 0
57000, 5487317, 0, 0, 0
57100, 6287680, 0, 0, 0
57200, 4367308, 0, 0, 0
57300, 4837460, 0, 0, 0
57400, 4711168, 0, 0, 0
57500, 4291764, 0, 0, 0
57600, 4205355, 0, 0, 0
57700, 3907394, 0, 0, 0
57800, 5012002, 0, 0, 0
57900, 5402772, 0, 0, 0
58000, 5091337, 0, 0, 0
58100, 4954600, 0, 0, 0
58200, 4049350, 0, 0, 0
58300, 4656509, 0, 0, 0
58400, 4733723, 0, 0, 0
58500, 5486027, 0, 0, 0
58600, 6298394, 0, 0, 0
58701, 5093266, 0, 0, 0
58800, 5092731, 0, 0, 0
58901, 3894549, 0, 0, 0
59000, 4328408, 0, 0, 0
59100, 5822882, 0, 0, 0
59200, 4496218, 0, 0, 0
59300, 5365222, 0, 0, 0
59400, 5076057, 0, 0, 0
59500, 4589113, 0, 0, 0
59600, 5261872, 0, 0, 0
59700, 4109803, 0, 0, 0
59800, 4331160, 0, 0, 0
59900, 4441571, 0, 0, 0
60000, 4368649, 0, 0, 0
60100, 4746512, 0, 0, 0
60200, 6253956, 0, 0, 0
60300, 6784300, 0, 0, 0
60400, 4442013, 0, 0, 0
60500, 5703901, 0, 0, 0
60600, 4741079, 0, 0, 0
60700, 5056500, 0, 0, 0
60800, 4398477, 0, 0, 0
60900, 4627115, 0, 0, 0
61000, 4593103, 0, 0, 0
61100, 5322964, 0, 0, 0
61200, 5538635, 0, 0, 0
61300, 6379263, 0, 0, 0
61400, 5025606, 0, 0, 0
61500, 5503653, 0, 0, 0
61601, 5914677, 0, 0, 0
61700, 5546251, 0, 0, 0
61800, 4135594, 0, 0, 0
61900, 4881815, 0, 0, 0
62000, 5217176, 0, 0, 0
62100, 3921312, 0, 0, 0
62200, 3696296, 0, 0, 0
62300, 4220724, 0, 0, 0
62411, 6661683, 0, 0, 0
62500, 6628817, 0, 0, 0
62600, 6708955, 0, 0, 0
62700, 4178662, 0, 0, 0
62800, 6752703, 0, 0, 0
62900, 4057882, 0, 0, 0
63000, 4809611, 0, 0, 0
63100, 4482330, 0, 0, 0
63200, 4884661, 0, 0, 0
63300, 4594169, 0, 0, 0
63400, 4810633, 0, 0, 0
63500, 4429282, 0, 0, 0
63600, 4713365, 0, 0, 0
63700, 5494652, 0, 0, 0
63800, 5135191, 0, 0, 0
63900, 5214601, 0, 0, 0
64001, 4603743, 0, 0, 0
64100, 5307937, 0, 0, 0
64200, 4492157, 0, 0, 0
64300, 5078310, 0, 0, 0
64400, 4215920, 0, 0, 0
64500, 4425064, 0, 0, 0
64600, 5047737, 0, 0, 0
64700, 5465968, 0, 0, 0
64800, 3867088, 0, 0, 0
64900, 4025569, 0, 0, 0
65000, 6353236, 0, 0, 0
65100, 4804878, 0, 0, 0
65200, 4038548, 0, 0, 0
65300, 4117755, 0, 0, 0
65400, 5827687, 0, 0, 0
65500, 4872717, 0, 0, 0
65600, 3959986, 0, 0, 0
65700, 4753785, 0, 0, 0
65801, 4610945, 0, 0, 0
65900, 8062584, 0, 0, 0
66000, 4694897, 0, 0, 0
66100, 5342615, 0, 0, 0
66200, 4639365, 0, 0, 0
66300, 5391381, 0, 0, 0
66403, 4489437, 0, 0, 0
66500, 5587633, 0, 0, 0
66610, 5882599, 0, 0, 0
66700, 6656342, 0, 0, 0
66800, 4824940, 0, 0, 0
66900, 4308743, 0, 0, 0
67000, 6119293, 0, 0, 0
67100, 8536357, 0, 0, 0
67200, 4594900, 0, 0, 0
67300, 5648513, 0, 0, 0
67400, 4628741, 0, 0, 0
67500, 4211354, 0, 0, 0
67600, 4960856, 0, 0, 0
67702, 4996895, 0, 0, 0
67800, 5629900, 0, 0, 0
67900, 4962159, 0, 0, 0
68000, 4809883, 0, 0, 0
68100, 4842277, 0, 0, 0
68200, 4764495, 0, 0, 0
68300, 4739534, 0, 0, 0
68400, 5413949, 0, 0, 0
68500, 5941097, 0, 0, 0
68600, 4957106, 0, 0, 0
68700, 4539820, 0, 0, 0
68800, 4609170, 0, 0, 0
68901, 6506920, 0, 0, 0
69000, 5640743, 0, 0, 0
69100, 6070446, 0, 0, 0
69200, 4519433, 0, 0, 0
69300, 4735568, 0, 0, 0
69400, 5214600, 0, 0, 0
69500, 5568288, 0, 0, 0
69600, 4426952, 0, 0, 0
69700, 4890328, 0, 0, 0
69800, 5391720, 0, 0, 0
69908, 4881211, 0, 0, 0
70000, 5532903, 0, 0, 0
70100, 5334584, 0, 0, 0
70200, 4305794, 0, 0, 0
70300, 4489006, 0, 0, 0
70400, 4700026, 0, 0, 0
70500, 5216273, 0, 0, 0
70600, 4154235, 0, 0, 0
70700, 4420625, 0, 0, 0
70800, 6126929, 0, 0, 0
70900, 7328843, 0, 0, 0
71000, 5087314, 0, 0, 0
71100, 4944939, 0, 0, 0
71200, 6486270, 0, 0, 0
71300, 5728940, 0, 0, 0
71400, 5433899, 0, 0, 0
71500, 4914321, 0, 0, 0
71600, 4736663, 0, 0, 0
71700, 6002736, 0, 0, 0
71800, 5096962, 0, 0, 0
71900, 4300840, 0, 0, 0
72000, 4418560, 0, 0, 0
72100, 4868660, 0, 0, 0
72200, 4438433, 0, 0, 0
72300, 5320071, 0, 0, 0
72400, 5839569, 0, 0, 0
72500, 4675890, 0, 0, 0
72600, 3717071, 0, 0, 0
72700, 5253259, 0, 0, 0
72800, 5989837, 0, 0, 0
72905, 6432767, 0, 0, 0
73000, 4226420, 0, 0, 0
73100, 4961115, 0, 0, 0
73200, 4447979, 0, 0, 0
73300, 5246141, 0, 0, 0
73401, 5299245, 0, 0, 0
73500, 5348986, 0, 0, 0
73600, 4686753, 0, 0, 0
73700, 4197768, 0, 0, 0
73801, 5254989, 0, 0, 0
73900, 4162801, 0, 0, 0
74005, 5279711, 0, 0, 0
74102, 6577883, 0, 0, 0
74202, 6547425, 0, 0, 0
74300, 4560526, 0, 0, 0
74400, 4992249, 0, 0, 0
74500, 4824322, 0, 0, 0
74600, 3688534, 0, 0, 0
74700, 3721952, 0, 0, 0
74800, 3851807, 0, 0, 0
74900, 4314886, 0, 0, 0
75000, 7610704, 0, 0, 0
75100, 4673939, 0, 0, 0
75200, 6475116, 0, 0, 0
75300, 4245471, 0, 0, 0
75400, 5068915, 0, 0, 0
75500, 4619690, 0, 0, 0
75600, 4884893, 0, 0, 0
75700, 4982535, 0, 0, 0
75801, 4944437, 0, 0, 0
75900, 4632834, 0, 0, 0
76000, 5517008, 0, 0, 0
76100, 5498223, 0, 0, 0
76200, 4005841, 0, 0, 0
76300, 4897522, 0, 0, 0
76400, 4637724, 0, 0, 0
76500, 5293366, 0, 0, 0
76600, 5649969, 0, 0, 0
76700, 4969764, 0, 0, 0
76800, 5047825, 0, 0, 0
76900, 6593793, 0, 0, 0
77000, 6144631, 0, 0, 0
77100, 4156752, 0, 0, 0
77200, 5785765, 0, 0, 0
77300, 4841663, 0, 0, 0
77400, 5618665, 0, 0, 0
77500, 5292513, 0, 0, 0
77600, 5418688, 0, 0, 0
77700, 5238025, 0, 0, 0
77800, 4985466, 0, 0, 0
77900, 7892975, 0, 0, 0
78005, 5870729, 0, 0, 0
78100, 6288811, 0, 0, 0
78200, 4354423, 0, 0, 0
78300, 4932279, 0, 0, 0
78400, 5514258, 0, 0, 0
78500, 4289771, 0, 0, 0
78600, 4890563, 0, 0, 0
78700, 4580415, 0, 0, 0
78800, 5075646, 0, 0, 0
78900, 5013292, 0, 0, 0
79000, 5324460, 0, 0, 0
79100, 4639258, 0, 0, 0
79200, 5854700, 0, 0, 0
79300, 5244166, 0, 0, 0
79406, 4131330, 0, 0, 0
79500, 5955538, 0, 0, 0
79600, 3579590, 0, 0, 0
79700, 5477101, 0, 0, 0
79800, 5027479, 0, 0, 0
79900, 5415148, 0, 0, 0
80000, 4704354, 0, 0, 0
80100, 4059120, 0, 0, 0
80200, 4661415, 0, 0, 0
80300, 5165052, 0, 0, 0
80400, 4616230, 0, 0, 0
80500, 5913916, 0, 0, 0
80600, 4766122, 0, 0, 0
80700, 6182978, 0, 0, 0
80800, 4262505, 0, 0, 0
80900, 4810267, 0, 0, 0
81000, 4949942, 0, 0, 0
81100, 5186564, 0, 0, 0
81200, 5890033, 0, 0, 0
81300, 5854779, 0, 0, 0
81400, 4743709, 0, 0, 0
81500, 7065163, 0, 0, 0
81600, 5073409, 0, 0, 0
81700, 4585621, 0, 0, 0
81801, 4352074, 0, 0, 0
81900, 4448341, 0, 0, 0
82000, 6296534, 0, 0, 0
82100, 4698386, 0, 0, 0
82200, 5590827, 0, 0, 0
82300, 4998398, 0, 0, 0
82400, 5783885, 0, 0, 0
82500, 5388199, 0, 0, 0
82600, 4819832, 0, 0, 0
82709, 6319937, 0, 0, 0
82800, 5750066, 0, 0, 0
82900, 5703193, 0, 0, 0
83000, 5710296, 0, 0, 0
83100, 5110983, 0, 0, 0
83200, 3954856, 0, 0, 0
83300, 4983722, 0, 0, 0
83400, 4442284, 0, 0, 0
83500, 6387066, 0, 0, 0
83600, 5589461, 0, 0, 0
83700, 5638700, 0, 0, 0
83800, 6674477, 0, 0, 0
83900, 4298671, 0, 0, 0
84000, 5359824, 0, 0, 0
84103, 5062502, 0, 0, 0
84200, 5777400, 0, 0, 0
84300, 5215494, 0, 0, 0
84400, 5760073, 0, 0, 0
84500, 5241461, 0, 0, 0
84600, 5999529, 0, 0, 0
84700, 4754070, 0, 0, 0
84800, 4853300, 0, 0, 0
84900, 6426313, 0, 0, 0
85000, 6226699, 0, 0, 0
85100, 4479285, 0, 0, 0
85203, 4777982, 0, 0, 0
85300, 4925485, 0, 0, 0
85400, 5116206, 0, 0, 0
85500, 6240661, 0, 0, 0
85600, 4250193, 0, 0, 0
85700, 6799076, 0, 0, 0
85800, 5615652, 0, 0, 0
85900, 4382334, 0, 0, 0
86000, 3932253, 0, 0, 0
86100, 4616526, 0, 0, 0
86200, 5336508, 0, 0, 0
86300, 5029034, 0, 0, 0
86400, 4393686, 0, 0, 0
86500, 5356653, 0, 0, 0
86601, 6580775, 0, 0, 0
86700, 6334108, 0, 0, 0
86800, 5696046, 0, 0, 0
86900, 4699072, 0, 0, 0
87000, 4569137, 0, 0, 0
87100, 4841978, 0, 0, 0
87200, 5253565, 0, 0, 0
87300, 4977222, 0, 0, 0
87400, 5580410, 0, 0, 0
87500, 4951881, 0, 0, 0
87600, 4416075, 0, 0, 0
87700, 3319521, 0, 0, 0
87800, 5979860, 0, 0, 0
87905, 5240594, 0, 0, 0
88000, 5827197, 0, 0, 0
88100, 4285114, 0, 0, 0
88200, 4341428, 0, 0, 0
88300, 4733985, 0, 0, 0
88400, 4770717, 0, 0, 0
88500, 4579421, 0, 0, 0
88600, 4838951, 0, 0, 0
88700, 5125755, 0, 0, 0
88800, 7237100, 0, 0, 0
88900, 5729152, 0, 0, 0
89000, 5407003, 0, 0, 0
89100, 11020329, 0, 0, 0
89200, 4245582, 0, 0, 0
89300, 7614681, 0, 0, 0
89400, 3674837, 0, 0, 0
89500, 6608242, 0, 0, 0
89600, 6471793, 0, 0, 0
89700, 4315074, 0, 0, 0
89800, 5020065, 0, 0, 0
89900, 4622118, 0, 0, 0
90000, 3831788, 0, 0, 0
90004, 6029330, 0, 0, 0
