250, 4948, 0, 0, 0
350, 4830, 0, 0, 0
450, 4840, 0, 0, 0
550, 4770, 0, 0, 0
650, 4710, 0, 0, 0
749, 4666, 0, 0, 0
849, 4740, 0, 0, 0
949, 4830, 0, 0, 0
1049, 4850, 0, 0, 0
1149, 4610, 0, 0, 0
1249, 4910, 0, 0, 0
1349, 4970, 0, 0, 0
1449, 4770, 0, 0, 0
1549, 4810, 0, 0, 0
1649, 4590, 0, 0, 0
1749, 4720, 0, 0, 0
1849, 4670, 0, 0, 0
1949, 4690, 0, 0, 0
2050, 4750, 0, 0, 0
2150, 4480, 0, 0, 0
2249, 4343, 0, 0, 0
2349, 4650, 0, 0, 0
2449, 4680, 0, 0, 0
2549, 4700, 0, 0, 0
2649, 4670, 0, 0, 0
2749, 4560, 0, 0, 0
2849, 4570, 0, 0, 0
2949, 4910, 0, 0, 0
3049, 4720, 0, 0, 0
3149, 4710, 0, 0, 0
3249, 4760, 0, 0, 0
3349, 4820, 0, 0, 0
3449, 4680, 0, 0, 0
3549, 4660, 0, 0, 0
3649, 4870, 0, 0, 0
3749, 4890, 0, 0, 0
3849, 4740, 0, 0, 0
3949, 4690, 0, 0, 0
4050, 4740, 0, 0, 0
4150, 4740, 0, 0, 0
4249, 4787, 0, 0, 0
4349, 4620, 0, 0, 0
4449, 4800, 0, 0, 0
4549, 4690, 0, 0, 0
4649, 4840, 0, 0, 0
4749, 4700, 0, 0, 0
4849, 4510, 0, 0, 0
4949, 4790, 0, 0, 0
5049, 4940, 0, 0, 0
5149, 4610, 0, 0, 0
5249, 4570, 0, 0, 0
5349, 4750, 0, 0, 0
5449, 4680, 0, 0, 0
5549, 4820, 0, 0, 0
5649, 4750, 0, 0, 0
5749, 4690, 0, 0, 0
5849, 4740, 0, 0, 0
5949, 4580, 0, 0, 0
6050, 4660, 0, 0, 0
6150, 4640, 0, 0, 0
6250, 4770, 0, 0, 0
6350, 4660, 0, 0, 0
6450, 4610, 0, 0, 0
6550, 4600, 0, 0, 0
6650, 4820, 0, 0, 0
6749, 4565, 0, 0, 0
6849, 4640, 0, 0, 0
6949, 4770, 0, 0, 0
7049, 4890, 0, 0, 0
7149, 4740, 0, 0, 0
7249, 4780, 0, 0, 0
7349, 4490, 0, 0, 0
7449, 4650, 0, 0, 0
7549, 4660, 0, 0, 0
7649, 4700, 0, 0, 0
7749, 4700, 0, 0, 0
7849, 4860, 0, 0, 0
7949, 4640, 0, 0, 0
8050, 4580, 0, 0, 0
8150, 4460, 0, 0, 0
8250, 4790, 0, 0, 0
8350, 4850, 0, 0, 0
8450, 4690, 0, 0, 0
8550, 4560, 0, 0, 0
8650, 4560, 0, 0, 0
8749, 4555, 0, 0, 0
8849, 4730, 0, 0, 0
8949, 4500, 0, 0, 0
9049, 4650, 0, 0, 0
9149, 4510, 0, 0, 0
9249, 4490, 0, 0, 0
9349, 4650, 0, 0, 0
9449, 4410, 0, 0, 0
9549, 4530, 0, 0, 0
9649, 4680, 0, 0, 0
9749, 4770, 0, 0, 0
9849, 4840, 0, 0, 0
9949, 4610, 0, 0, 0
10050, 4660, 0, 0, 0
10150, 4850, 0, 0, 0
10249, 4717, 0, 0, 0
10349, 4760, 0, 0, 0
10449, 4460, 0, 0, 0
10549, 4460, 0, 0, 0
10649, 4460, 0, 0, 0
10749, 4540, 0, 0, 0
10849, 4510, 0, 0, 0
10949, 4480, 0, 0, 0
11049, 4720, 0, 0, 0
11149, 4720, 0, 0, 0
11249, 4590, 0, 0, 0
11349, 4840, 0, 0, 0
11449, 4760, 0, 0, 0
11549, 4710, 0, 0, 0
11649, 4810, 0, 0, 0
11749, 4760, 0, 0, 0
11849, 4770, 0, 0, 0
11949, 4730, 0, 0, 0
12050, 4650, 0, 0, 0
12150, 4690, 0, 0, 0
12250, 4760, 0, 0, 0
12350, 4800, 0, 0, 0
12450, 4640, 0, 0, 0
12550, 4590, 0, 0, 0
12650, 4520, 0, 0, 0
12749, 4484, 0, 0, 0
12849, 4650, 0, 0, 0
12949, 4650, 0, 0, 0
13049, 4650, 0, 0, 0
13149, 4530, 0, 0, 0
13249, 4730, 0, 0, 0
13349, 4690, 0, 0, 0
13449, 4760, 0, 0, 0
13549, 4710, 0, 0, 0
13649, 4770, 0, 0, 0
13749, 4630, 0, 0, 0
13849, 4740, 0, 0, 0
13949, 4540, 0, 0, 0
14050, 4570, 0, 0, 0
14150, 4650, 0, 0, 0
14249, 4717, 0, 0, 0
14349, 4680, 0, 0, 0
14449, 4790, 0, 0, 0
14549, 4820, 0, 0, 0
14649, 4880, 0, 0, 0
14749, 4700, 0, 0, 0
14849, 4760, 0, 0, 0
14949, 4630, 0, 0, 0
15049, 4680, 0, 0, 0
15149, 4760, 0, 0, 0
15249, 4740, 0, 0, 0
15349, 4780, 0, 0, 0
15449, 4740, 0, 0, 0
15549, 4700, 0, 0, 0
15649, 4770, 0, 0, 0
15749, 4790, 0, 0, 0
15849, 4620, 0, 0, 0
15949, 4710, 0, 0, 0
16050, 4660, 0, 0, 0
16150, 4740, 0, 0, 0
16250, 4840, 0, 0, 0
16350, 4720, 0, 0, 0
16450, 4670, 0, 0, 0
16550, 4670, 0, 0, 0
16650, 4770, 0, 0, 0
16749, 4646, 0, 0, 0
16849, 4730, 0, 0, 0
16949, 4800, 0, 0, 0
17049, 4870, 0, 0, 0
17149, 4770, 0, 0, 0
17249, 4920, 0, 0, 0
17349, 4750, 0, 0, 0
17449, 4690, 0, 0, 0
17549, 4600, 0, 0, 0
17649, 4490, 0, 0, 0
17749, 4630, 0, 0, 0
17849, 4680, 0, 0, 0
17949, 4780, 0, 0, 0
18049, 4560, 0, 0, 0
18150, 4580, 0, 0, 0
18250, 4380, 0, 0, 0
18350, 4500, 0, 0, 0
18450, 4480, 0, 0, 0
18550, 4540, 0, 0, 0
18650, 4570, 0, 0, 0
18749, 4757, 0, 0, 0
18849, 4800, 0, 0, 0
18949, 4790, 0, 0, 0
19049, 4850, 0, 0, 0
19149, 4710, 0, 0, 0
19249, 4700, 0, 0, 0
19349, 4700, 0, 0, 0
19449, 4720, 0, 0, 0
19549, 4660, 0, 0, 0
19649, 4820, 0, 0, 0
19749, 4620, 0, 0, 0
19849, 4680, 0, 0, 0
19949, 4730, 0, 0, 0
20049, 4500, 0, 0, 0
20150, 4640, 0, 0, 0
20250, 4880, 0, 0, 0
20350, 4880, 0, 0, 0
20450, 4790, 0, 0, 0
20550, 4720, 0, 0, 0
20650, 4600, 0, 0, 0
20749, 4676, 0, 0, 0
20849, 4590, 0, 0, 0
20949, 4460, 0, 0, 0
21049, 4330, 0, 0, 0
21149, 4560, 0, 0, 0
21249, 4610, 0, 0, 0
21349, 4740, 0, 0, 0
21449, 4830, 0, 0, 0
21549, 4650, 0, 0, 0
21649, 4690, 0, 0, 0
21749, 4680, 0, 0, 0
21849, 4660, 0, 0, 0
21949, 4680, 0, 0, 0
22049, 4930, 0, 0, 0
22150, 4790, 0, 0, 0
22250, 4780, 0, 0, 0
22350, 4760, 0, 0, 0
22450, 4670, 0, 0, 0
22550, 4830, 0, 0, 0
22650, 4700, 0, 0, 0
22749, 4676, 0, 0, 0
22849, 4770, 0, 0, 0
22949, 4870, 0, 0, 0
23049, 4750, 0, 0, 0
23149, 4790, 0, 0, 0
23249, 4670, 0, 0, 0
23349, 4590, 0, 0, 0
23449, 4650, 0, 0, 0
23549, 4680, 0, 0, 0
23649, 4340, 0, 0, 0
23749, 4470, 0, 0, 0
23849, 4480, 0, 0, 0
23949, 4480, 0, 0, 0
24050, 4670, 0, 0, 0
24150, 4630, 0, 0, 0
24250, 4740, 0, 0, 0
24350, 4550, 0, 0, 0
24450, 4590, 0, 0, 0
24550, 4630, 0, 0, 0
24650, 4560, 0, 0, 0
24749, 4707, 0, 0, 0
24849, 4570, 0, 0, 0
24949, 4620, 0, 0, 0
25049, 4560, 0, 0, 0
25149, 4690, 0, 0, 0
25249, 4560, 0, 0, 0
25349, 4600, 0, 0, 0
25449, 4730, 0, 0, 0
25549, 4650, 0, 0, 0
25649, 4780, 0, 0, 0
25749, 4810, 0, 0, 0
25849, 4900, 0, 0, 0
25949, 5010, 0, 0, 0
26049, 4820, 0, 0, 0
26149, 4830, 0, 0, 0
26250, 4800, 0, 0, 0
26350, 4680, 0, 0, 0
26450, 4820, 0, 0, 0
26550, 4680, 0, 0, 0
26650, 4800, 0, 0, 0
26749, 4818, 0, 0, 0
26849, 4790, 0, 0, 0
26949, 4780, 0, 0, 0
27049, 4710, 0, 0, 0
27149, 4580, 0, 0, 0
27249, 4530, 0, 0, 0
27349, 4780, 0, 0, 0
27449, 4680, 0, 0, 0
27549, 4860, 0, 0, 0
27649, 4770, 0, 0, 0
27749, 4640, 0, 0, 0
27849, 4560, 0, 0, 0
27949, 4660, 0, 0, 0
28049, 4460, 0, 0, 0
28149, 4610, 0, 0, 0
28250, 4690, 0, 0, 0
28350, 4800, 0, 0, 0
28450, 4890, 0, 0, 0
28550, 4820, 0, 0, 0
28650, 4830, 0, 0, 0
28749, 4737, 0, 0, 0
28849, 4720, 0, 0, 0
28949, 4780, 0, 0, 0
29049, 4880, 0, 0, 0
29149, 4740, 0, 0, 0
29249, 4640, 0, 0, 0
29349, 4810, 0, 0, 0
29449, 4850, 0, 0, 0
29549, 4660, 0, 0, 0
29649, 4800, 0, 0, 0
29749, 4720, 0, 0, 0
29849, 4590, 0, 0, 0
29949, 4730, 0, 0, 0
30049, 4660, 0, 0, 0
30149, 4700, 0, 0, 0
30250, 4660, 0, 0, 0
30350, 4710, 0, 0, 0
30450, 4570, 0, 0, 0
30550, 4590, 0, 0, 0
30650, 4670, 0, 0, 0
30749, 4787, 0, 0, 0
30849, 4710, 0, 0, 0
30949, 4720, 0, 0, 0
31049, 4670, 0, 0, 0
31149, 4800, 0, 0, 0
31249, 4740, 0, 0, 0
31349, 4820, 0, 0, 0
31449, 4770, 0, 0, 0
31549, 4620, 0, 0, 0
31649, 4580, 0, 0, 0
31749, 4720, 0, 0, 0
31849, 4690, 0, 0, 0
31949, 4610, 0, 0, 0
32049, 4870, 0, 0, 0
32149, 4690, 0, 0, 0
32249, 4750, 0, 0, 0
32349, 4800, 0, 0, 0
32450, 4640, 0, 0, 0
32550, 4650, 0, 0, 0
32650, 4820, 0, 0, 0
32749, 4626, 0, 0, 0
32849, 4690, 0, 0, 0
32949, 4580, 0, 0, 0
33049, 4520, 0, 0, 0
33149, 4420, 0, 0, 0
33249, 4600, 0, 0, 0
33349, 4740, 0, 0, 0
33449, 4710, 0, 0, 0
33549, 4680, 0, 0, 0
33649, 4860, 0, 0, 0
33749, 4720, 0, 0, 0
33849, 4700, 0, 0, 0
33949, 4880, 0, 0, 0
34049, 4770, 0, 0, 0
34149, 4540, 0, 0, 0
34249, 4550, 0, 0, 0
34349, 4460, 0, 0, 0
34449, 4510, 0, 0, 0
34550, 4780, 0, 0, 0
34650, 4720, 0, 0, 0
34749, 4707, 0, 0, 0
34849, 4610, 0, 0, 0
34949, 4780, 0, 0, 0
35049, 4760, 0, 0, 0
35149, 4630, 0, 0, 0
35249, 4550, 0, 0, 0
35349, 4600, 0, 0, 0
35449, 4720, 0, 0, 0
35549, 4710, 0, 0, 0
35649, 4830, 0, 0, 0
35749, 4780, 0, 0, 0
35849, 4820, 0, 0, 0
35949, 4820, 0, 0, 0
36049, 4830, 0, 0, 0
36149, 4720, 0, 0, 0
36249, 4680, 0, 0, 0
36350, 4740, 0, 0, 0
36450, 4700, 0, 0, 0
36550, 4780, 0, 0, 0
36650, 4690, 0, 0, 0
36749, 4545, 0, 0, 0
36849, 4650, 0, 0, 0
36949, 4710, 0, 0, 0
37049, 4700, 0, 0, 0
37149, 4680, 0, 0, 0
37249, 4710, 0, 0, 0
37349, 4800, 0, 0, 0
37449, 4810, 0, 0, 0
37549, 4690, 0, 0, 0
37649, 4850, 0, 0, 0
37749, 4820, 0, 0, 0
37849, 4820, 0, 0, 0
37949, 4790, 0, 0, 0
38049, 4640, 0, 0, 0
38149, 4510, 0, 0, 0
38249, 4550, 0, 0, 0
38349, 4720, 0, 0, 0
38449, 4690, 0, 0, 0
38550, 4780, 0, 0, 0
38650, 4710, 0, 0, 0
38750, 4670, 0, 0, 0
38850, 4600, 0, 0, 0
38950, 4490, 0, 0, 0
39050, 4550, 0, 0, 0
39150, 4600, 0, 0, 0
39249, 4474, 0, 0, 0
39349, 4600, 0, 0, 0
39449, 4510, 0, 0, 0
39549, 4640, 0, 0, 0
39649, 4690, 0, 0, 0
39749, 4720, 0, 0, 0
39849, 4720, 0, 0, 0
39949, 4790, 0, 0, 0
40049, 4680, 0, 0, 0
40149, 4760, 0, 0, 0
40249, 4720, 0, 0, 0
40349, 4770, 0, 0, 0
40449, 4710, 0, 0, 0
40550, 4660, 0, 0, 0
40650, 4670, 0, 0, 0
40750, 4550, 0, 0, 0
40850, 4900, 0, 0, 0
40950, 4740, 0, 0, 0
41050, 4830, 0, 0, 0
41150, 4770, 0, 0, 0
41249, 4777, 0, 0, 0
41349, 4720, 0, 0, 0
41449, 4700, 0, 0, 0
41549, 4750, 0, 0, 0
41649, 4640, 0, 0, 0
41749, 4620, 0, 0, 0
41849, 4700, 0, 0, 0
41949, 4780, 0, 0, 0
42049, 4750, 0, 0, 0
42149, 4730, 0, 0, 0
42249, 4610, 0, 0, 0
42349, 4670, 0, 0, 0
42449, 4770, 0, 0, 0
42550, 4590, 0, 0, 0
42650, 4690, 0, 0, 0
42750, 4660, 0, 0, 0
42850, 4740, 0, 0, 0
42950, 4660, 0, 0, 0
43050, 4680, 0, 0, 0
43150, 4640, 0, 0, 0
43249, 4656, 0, 0, 0
43349, 4540, 0, 0, 0
43449, 4560, 0, 0, 0
43549, 4590, 0, 0, 0
43649, 4570, 0, 0, 0
43749, 4740, 0, 0, 0
43849, 4670, 0, 0, 0
43949, 4740, 0, 0, 0
44049, 4540, 0, 0, 0
44149, 4590, 0, 0, 0
44249, 4690, 0, 0, 0
44349, 4680, 0, 0, 0
44449, 4860, 0, 0, 0
44550, 4920, 0, 0, 0
44650, 4650, 0, 0, 0
44750, 4750, 0, 0, 0
44850, 4870, 0, 0, 0
44950, 4870, 0, 0, 0
45050, 4710, 0, 0, 0
45150, 4700, 0, 0, 0
45249, 4747, 0, 0, 0
45349, 4710, 0, 0, 0
45449, 4660, 0, 0, 0
45549, 4760, 0, 0, 0
45649, 4700, 0, 0, 0
45749, 4630, 0, 0, 0
45849, 4700, 0, 0, 0
45949, 4760, 0, 0, 0
46049, 4760, 0, 0, 0
46149, 4740, 0, 0, 0
46249, 4770, 0, 0, 0
46349, 4730, 0, 0, 0
46449, 4760, 0, 0, 0
46550, 4620, 0, 0, 0
46650, 4620, 0, 0, 0
46750, 4770, 0, 0, 0
46850, 4510, 0, 0, 0
46950, 4560, 0, 0, 0
47050, 4690, 0, 0, 0
47150, 4440, 0, 0, 0
47249, 4696, 0, 0, 0
47349, 4830, 0, 0, 0
47449, 4730, 0, 0, 0
47549, 4710, 0, 0, 0
47649, 4500, 0, 0, 0
47749, 4780, 0, 0, 0
47849, 4740, 0, 0, 0
47949, 4940, 0, 0, 0
48049, 4830, 0, 0, 0
48149, 4740, 0, 0, 0
48249, 4800, 0, 0, 0
48349, 4640, 0, 0, 0
48449, 4400, 0, 0, 0
48549, 4470, 0, 0, 0
48650, 4790, 0, 0, 0
48750, 4920, 0, 0, 0
48850, 4860, 0, 0, 0
48950, 4860, 0, 0, 0
49050, 4700, 0, 0, 0
49150, 4820, 0, 0, 0
49249, 4878, 0, 0, 0
49349, 4900, 0, 0, 0
49449, 4840, 0, 0, 0
49549, 4700, 0, 0, 0
49649, 4810, 0, 0, 0
49749, 4650, 0, 0, 0
49849, 4630, 0, 0, 0
49949, 4570, 0, 0, 0
50049, 4910, 0, 0, 0
50149, 4680, 0, 0, 0
50249, 4690, 0, 0, 0
50349, 4560, 0, 0, 0
50449, 4660, 0, 0, 0
50550, 4830, 0, 0, 0
50650, 4840, 0, 0, 0
50750, 4830, 0, 0, 0
50850, 4820, 0, 0, 0
50950, 4900, 0, 0, 0
51050, 4890, 0, 0, 0
51150, 4820, 0, 0, 0
51249, 4777, 0, 0, 0
51349, 4760, 0, 0, 0
51449, 4870, 0, 0, 0
51549, 4830, 0, 0, 0
51649, 4830, 0, 0, 0
51749, 4880, 0, 0, 0
51849, 4690, 0, 0, 0
51949, 4580, 0, 0, 0
52049, 4510, 0, 0, 0
52149, 4820, 0, 0, 0
52249, 4660, 0, 0, 0
52349, 4750, 0, 0, 0
52449, 4690, 0, 0, 0
52550, 4730, 0, 0, 0
52650, 4590, 0, 0, 0
52750, 4600, 0, 0, 0
52850, 4630, 0, 0, 0
52950, 4520, 0, 0, 0
53050, 4560, 0, 0, 0
53150, 4650, 0, 0, 0
53249, 4696, 0, 0, 0
53349, 4740, 0, 0, 0
53449, 4770, 0, 0, 0
53549, 4610, 0, 0, 0
53649, 4850, 0, 0, 0
53749, 4760, 0, 0, 0
53849, 4850, 0, 0, 0
53949, 4840, 0, 0, 0
54049, 4810, 0, 0, 0
54149, 4900, 0, 0, 0
54249, 4650, 0, 0, 0
54349, 4790, 0, 0, 0
54449, 4760, 0, 0, 0
54550, 4850, 0, 0, 0
54650, 4610, 0, 0, 0
54750, 4700, 0, 0, 0
54850, 4810, 0, 0, 0
54950, 4620, 0, 0, 0
55050, 4730, 0, 0, 0
55150, 4710, 0, 0, 0
55249, 4636, 0, 0, 0
55349, 4590, 0, 0, 0
55449, 4500, 0, 0, 0
55549, 4540, 0, 0, 0
55649, 4650, 0, 0, 0
55749, 4610, 0, 0, 0
55849, 4680, 0, 0, 0
55949, 4520, 0, 0, 0
56049, 4770, 0, 0, 0
56149, 4670, 0, 0, 0
56249, 4450, 0, 0, 0
56349, 4610, 0, 0, 0
56449, 4650, 0, 0, 0
56549, 4760, 0, 0, 0
56650, 4900, 0, 0, 0
56750, 4740, 0, 0, 0
56850, 4590, 0, 0, 0
56950, 4840, 0, 0, 0
57050, 4630, 0, 0, 0
57150, 4840, 0, 0, 0
57249, 4818, 0, 0, 0
57349, 4890, 0, 0, 0
57449, 4730, 0, 0, 0
57549, 4710, 0, 0, 0
57649, 4810, 0, 0, 0
57749, 4850, 0, 0, 0
57849, 4860, 0, 0, 0
57949, 4910, 0, 0, 0
58049, 4830, 0, 0, 0
58149, 4830, 0, 0, 0
58249, 4770, 0, 0, 0
58349, 4860, 0, 0, 0
58449, 4800, 0, 0, 0
58549, 4870, 0, 0, 0
58649, 4760, 0, 0, 0
58750, 4660, 0, 0, 0
58850, 4720, 0, 0, 0
58950, 4750, 0, 0, 0
59050, 4820, 0, 0, 0
59150, 4810, 0, 0, 0
59249, 4797, 0, 0, 0
59349, 4660, 0, 0, 0
59449, 4560, 0, 0, 0
59549, 4610, 0, 0, 0
59649, 4680, 0, 0, 0
59749, 4690, 0, 0, 0
59849, 4630, 0, 0, 0
59949, 4690, 0, 0, 0
60049, 4600, 0, 0, 0
60149, 4560, 0, 0, 0
60249, 4730, 0, 0, 0
60349, 4690, 0, 0, 0
60449, 4750, 0, 0, 0
60549, 4720, 0, 0, 0
60649, 4740, 0, 0, 0
60749, 4730, 0, 0, 0
60849, 4780, 0, 0, 0
60950, 4850, 0, 0, 0
61050, 4620, 0, 0, 0
61150, 4820, 0, 0, 0
61249, 4808, 0, 0, 0
61349, 4780, 0, 0, 0
61449, 4680, 0, 0, 0
61549, 4680, 0, 0, 0
61649, 4540, 0, 0, 0
61749, 4670, 0, 0, 0
61849, 4840, 0, 0, 0
61949, 4710, 0, 0, 0
62049, 4650, 0, 0, 0
62149, 4690, 0, 0, 0
62249, 4850, 0, 0, 0
62349, 4680, 0, 0, 0
62449, 4740, 0, 0, 0
62549, 4740, 0, 0, 0
62649, 4780, 0, 0, 0
62749, 4920, 0, 0, 0
62849, 4710, 0, 0, 0
62949, 4800, 0, 0, 0
63049, 4610, 0, 0, 0
63150, 4610, 0, 0, 0
63250, 4650, 0, 0, 0
63350, 4770, 0, 0, 0
63450, 4890, 0, 0, 0
63550, 4660, 0, 0, 0
63650, 4670, 0, 0, 0
63749, 4646, 0, 0, 0
63849, 4600, 0, 0, 0
63949, 4690, 0, 0, 0
64049, 4820, 0, 0, 0
64149, 4760, 0, 0, 0
64249, 4640, 0, 0, 0
64349, 4500, 0, 0, 0
64449, 4430, 0, 0, 0
64549, 4450, 0, 0, 0
64649, 4450, 0, 0, 0
64749, 4660, 0, 0, 0
64849, 4590, 0, 0, 0
64949, 4430, 0, 0, 0
65049, 4670, 0, 0, 0
65149, 4580, 0, 0, 0
65250, 4750, 0, 0, 0
65350, 4640, 0, 0, 0
65450, 4610, 0, 0, 0
65550, 4600, 0, 0, 0
65650, 4570, 0, 0, 0
65749, 4868, 0, 0, 0
65849, 4820, 0, 0, 0
65949, 4790, 0, 0, 0
66049, 4720, 0, 0, 0
66149, 4800, 0, 0, 0
66249, 4720, 0, 0, 0
66349, 4560, 0, 0, 0
66449, 4530, 0, 0, 0
66549, 4610, 0, 0, 0
66649, 4720, 0, 0, 0
66749, 4720, 0, 0, 0
66849, 4610, 0, 0, 0
66949, 4690, 0, 0, 0
67049, 4660, 0, 0, 0
67149, 4540, 0, 0, 0
67249, 4640, 0, 0, 0
67350, 4530, 0, 0, 0
67450, 4680, 0, 0, 0
67550, 4690, 0, 0, 0
67650, 4520, 0, 0, 0
67749, 4515, 0, 0, 0
67849, 4730, 0, 0, 0
67949, 4870, 0, 0, 0
68049, 4820, 0, 0, 0
68149, 4890, 0, 0, 0
68249, 4970, 0, 0, 0
68349, 4860, 0, 0, 0
68449, 4580, 0, 0, 0
68549, 4610, 0, 0, 0
68649, 4500, 0, 0, 0
68749, 4630, 0, 0, 0
68849, 5000, 0, 0, 0
68949, 4910, 0, 0, 0
69049, 4700, 0, 0, 0
69149, 4760, 0, 0, 0
69249, 4760, 0, 0, 0
69350, 4770, 0, 0, 0
69450, 4730, 0, 0, 0
69550, 4520, 0, 0, 0
69650, 4800, 0, 0, 0
69749, 4565, 0, 0, 0
69849, 4610, 0, 0, 0
69949, 4570, 0, 0, 0
70049, 4500, 0, 0, 0
70149, 4630, 0, 0, 0
70249, 4710, 0, 0, 0
70349, 4590, 0, 0, 0
70449, 4690, 0, 0, 0
70549, 4670, 0, 0, 0
70649, 4580, 0, 0, 0
70749, 4630, 0, 0, 0
70849, 4640, 0, 0, 0
70949, 4700, 0, 0, 0
71049, 4560, 0, 0, 0
71149, 4570, 0, 0, 0
71249, 4790, 0, 0, 0
71349, 4770, 0, 0, 0
71449, 4770, 0, 0, 0
71550, 4800, 0, 0, 0
71650, 4790, 0, 0, 0
71750, 4780, 0, 0, 0
71850, 4720, 0, 0, 0
71950, 4790, 0, 0, 0
72050, 4960, 0, 0, 0
72150, 4770, 0, 0, 0
72249, 4848, 0, 0, 0
72349, 4690, 0, 0, 0
72449, 4670, 0, 0, 0
72549, 4470, 0, 0, 0
72649, 4830, 0, 0, 0
72749, 4760, 0, 0, 0
72849, 4800, 0, 0, 0
72949, 4790, 0, 0, 0
73049, 4840, 0, 0, 0
73149, 4670, 0, 0, 0
73249, 4710, 0, 0, 0
73349, 4690, 0, 0, 0
73449, 4730, 0, 0, 0
73549, 4720, 0, 0, 0
73650, 4690, 0, 0, 0
73750, 4690, 0, 0, 0
73850, 4770, 0, 0, 0
73950, 4750, 0, 0, 0
74050, 4790, 0, 0, 0
74150, 4630, 0, 0, 0
74249, 4717, 0, 0, 0
74349, 4780, 0, 0, 0
74449, 4710, 0, 0, 0
74549, 4620, 0, 0, 0
74649, 4430, 0, 0, 0
74749, 4370, 0, 0, 0
74849, 4490, 0, 0, 0
74949, 4810, 0, 0, 0
75049, 4830, 0, 0, 0
75149, 4490, 0, 0, 0
75249, 4460, 0, 0, 0
75349, 4710, 0, 0, 0
75449, 4600, 0, 0, 0
75549, 4510, 0, 0, 0
75649, 4420, 0, 0, 0
75750, 4480, 0, 0, 0
75850, 4480, 0, 0, 0
75950, 4520, 0, 0, 0
76050, 4650, 0, 0, 0
76150, 4750, 0, 0, 0
76249, 4656, 0, 0, 0
76349, 4720, 0, 0, 0
76449, 4730, 0, 0, 0
76549, 4870, 0, 0, 0
76649, 4690, 0, 0, 0
76749, 4720, 0, 0, 0
76849, 4860, 0, 0, 0
76949, 4750, 0, 0, 0
77049, 4690, 0, 0, 0
77149, 4650, 0, 0, 0
77249, 4650, 0, 0, 0
77349, 4910, 0, 0, 0
77449, 4700, 0, 0, 0
77549, 4720, 0, 0, 0
77649, 4700, 0, 0, 0
77749, 4760, 0, 0, 0
77849, 4680, 0, 0, 0
77950, 4720, 0, 0, 0
78050, 4670, 0, 0, 0
78150, 4740, 0, 0, 0
78250, 4700, 0, 0, 0
78350, 4860, 0, 0, 0
78450, 4680, 0, 0, 0
78550, 4670, 0, 0, 0
78650, 4620, 0, 0, 0
78749, 4676, 0, 0, 0
78849, 4650, 0, 0, 0
78949, 4650, 0, 0, 0
79049, 4610, 0, 0, 0
79149, 4710, 0, 0, 0
79249, 4460, 0, 0, 0
79349, 4430, 0, 0, 0
79449, 4480, 0, 0, 0
79549, 4650, 0, 0, 0
79649, 4470, 0, 0, 0
79749, 4580, 0, 0, 0
79849, 4720, 0, 0, 0
79949, 4700, 0, 0, 0
80050, 4540, 0, 0, 0
80150, 4750, 0, 0, 0
80250, 4850, 0, 0, 0
80350, 4750, 0, 0, 0
80450, 4810, 0, 0, 0
80550, 4680, 0, 0, 0
80650, 4620, 0, 0, 0
80749, 4454, 0, 0, 0
80849, 4630, 0, 0, 0
80949, 4750, 0, 0, 0
81049, 4480, 0, 0, 0
81149, 4750, 0, 0, 0
81249, 4570, 0, 0, 0
81349, 4830, 0, 0, 0
81449, 4810, 0, 0, 0
81549, 4740, 0, 0, 0
81649, 4460, 0, 0, 0
81749, 4380, 0, 0, 0
81849, 4510, 0, 0, 0
81949, 4590, 0, 0, 0
82049, 4570, 0, 0, 0
82150, 4630, 0, 0, 0
82250, 4590, 0, 0, 0
82350, 4720, 0, 0, 0
82450, 4780, 0, 0, 0
82550, 4700, 0, 0, 0
82650, 4390, 0, 0, 0
82749, 4585, 0, 0, 0
82849, 4670, 0, 0, 0
82949, 4750, 0, 0, 0
83049, 4590, 0, 0, 0
83149, 4880, 0, 0, 0
83249, 4700, 0, 0, 0
83349, 4760, 0, 0, 0
83449, 4670, 0, 0, 0
83549, 4730, 0, 0, 0
83649, 4770, 0, 0, 0
83749, 4650, 0, 0, 0
83849, 4760, 0, 0, 0
83949, 4750, 0, 0, 0
84050, 4750, 0, 0, 0
84150, 4850, 0, 0, 0
84250, 4910, 0, 0, 0
84350, 4810, 0, 0, 0
84450, 4870, 0, 0, 0
84550, 4830, 0, 0, 0
84650, 4780, 0, 0, 0
84749, 4555, 0, 0, 0
84849, 4730, 0, 0, 0
84949, 4800, 0, 0, 0
85049, 4780, 0, 0, 0
85149, 4720, 0, 0, 0
85249, 4820, 0, 0, 0
85349, 4740, 0, 0, 0
85449, 4770, 0, 0, 0
85549, 4780, 0, 0, 0
85649, 4630, 0, 0, 0
85749, 4710, 0, 0, 0
85849, 4670, 0, 0, 0
85950, 4540, 0, 0, 0
86050, 4660, 0, 0, 0
86150, 4560, 0, 0, 0
86250, 4530, 0, 0, 0
86350, 4680, 0, 0, 0
86450, 4680, 0, 0, 0
86550, 4650, 0, 0, 0
86650, 4870, 0, 0, 0
86749, 4777, 0, 0, 0
86849, 4730, 0, 0, 0
86949, 4450, 0, 0, 0
87049, 4740, 0, 0, 0
87149, 4810, 0, 0, 0
87249, 4600, 0, 0, 0
87349, 4560, 0, 0, 0
87449, 4770, 0, 0, 0
87549, 4700, 0, 0, 0
87649, 4720, 0, 0, 0
87749, 4720, 0, 0, 0
87849, 4750, 0, 0, 0
87949, 4740, 0, 0, 0
88050, 4790, 0, 0, 0
88150, 4590, 0, 0, 0
88250, 4580, 0, 0, 0
88350, 4650, 0, 0, 0
88450, 4660, 0, 0, 0
88550, 4840, 0, 0, 0
88650, 4770, 0, 0, 0
88749, 4666, 0, 0, 0
88849, 4650, 0, 0, 0
88949, 4440, 0, 0, 0
89049, 4430, 0, 0, 0
89149, 4460, 0, 0, 0
89249, 4570, 0, 0, 0
89349, 4540, 0, 0, 0
89449, 4550, 0, 0, 0
89549, 4640, 0, 0, 0
89649, 4590, 0, 0, 0
89749, 4680, 0, 0, 0
89849, 4700, 0, 0, 0
89949, 4850, 0, 0, 0
