100, 2832078, 0, 0, 0
200, 2745109, 0, 0, 0
300, 3065484, 0, 0, 0
400, 2767357, 0, 0, 0
501, 2904542, 0, 0, 0
600, 3025984, 0, 0, 0
701, 2776050, 0, 0, 0
800, 3048696, 0, 0, 0
900, 2940750, 0, 0, 0
1000, 2850710, 0, 0, 0
1100, 2883037, 0, 0, 0
1201, 2819973, 0, 0, 0
1301, 2888861, 0, 0, 0
1401, 2925261, 0, 0, 0
1501, 2749510, 0, 0, 0
1600, 2754284, 0, 0, 0
1700, 2835834, 0, 0, 0
1802, 2884277, 0, 0, 0
1901, 3044212, 0, 0, 0
2000, 2781656, 0, 0, 0
2100, 2922564, 0, 0, 0
2201, 2894318, 0, 0, 0
2300, 2835862, 0, 0, 0
2400, 2976941, 0, 0, 0
2501, 3026661, 0, 0, 0
2600, 2918774, 0, 0, 0
2700, 2744179, 0, 0, 0
2800, 2903709, 0, 0, 0
2900, 2869788, 0, 0, 0
3000, 2784394, 0, 0, 0
3100, 2779504, 0, 0, 0
3200, 2868412, 0, 0, 0
3300, 2943142, 0, 0, 0
3400, 2896140, 0, 0, 0
3500, 2987224, 0, 0, 0
3602, 2848088, 0, 0, 0
3700, 3095971, 0, 0, 0
3800, 2829975, 0, 0, 0
3900, 2738258, 0, 0, 0
4000, 2747900, 0, 0, 0
4100, 2873284, 0, 0, 0
4201, 2751517, 0, 0, 0
4300, 2909495, 0, 0, 0
4400, 2914914, 0, 0, 0
4500, 2890316, 0, 0, 0
4602, 2862941, 0, 0, 0
4700, 2848374, 0, 0, 0
4800, 2815630, 0, 0, 0
4900, 2830218, 0, 0, 0
5000, 2856687, 0, 0, 0
5100, 2825994, 0, 0, 0
5200, 2846477, 0, 0, 0
5301, 2804662, 0, 0, 0
5400, 2952158, 0, 0, 0
5500, 2891558, 0, 0, 0
5601, 2877973, 0, 0, 0
5700, 2840343, 0, 0, 0
5801, 2943231, 0, 0, 0
5900, 2724253, 0, 0, 0
6000, 2929165, 0, 0, 0
6101, 2915117, 0, 0, 0
6200, 2814721, 0, 0, 0
6300, 2800230, 0, 0, 0
6401, 2940329, 0, 0, 0
6500, 2857391, 0, 0, 0
6601, 2849874, 0, 0, 0
6700, 2837654, 0, 0, 0
6801, 2790122, 0, 0, 0
6900, 2835458, 0, 0, 0
7000, 2847994, 0, 0, 0
7101, 3020360, 0, 0, 0
7200, 2893798, 0, 0, 0
7300, 2835723, 0, 0, 0
7400, 2974058, 0, 0, 0
7501, 2921609, 0, 0, 0
7600, 2775817, 0, 0, 0
7702, 2810132, 0, 0, 0
7800, 2823141, 0, 0, 0
7900, 2911446, 0, 0, 0
8001, 2800559, 0, 0, 0
8101, 2810495, 0, 0, 0
8200, 2637106, 0, 0, 0
8301, 2859622, 0, 0, 0
8400, 2964084, 0, 0, 0
8501, 2920242, 0, 0, 0
8600, 2884315, 0, 0, 0
8700, 2762717, 0, 0, 0
8800, 2804737, 0, 0, 0
8900, 2815923, 0, 0, 0
9000, 3008633, 0, 0, 0
9100, 2942231, 0, 0, 0
9201, 2875694, 0, 0, 0
9300, 2947651, 0, 0, 0
9400, 2967120, 0, 0, 0
9500, 2912962, 0, 0, 0
9601, 2726113, 0, 0, 0
9700, 2835138, 0, 0, 0
9800, 2703051, 0, 0, 0
9900, 2960493, 0, 0, 0
10001, 2856332, 0, 0, 0
10101, 2837092, 0, 0, 0
10200, 2974014, 0, 0, 0
10300, 3000430, 0, 0, 0
10400, 2765897, 0, 0, 0
10500, 2859361, 0, 0, 0
10601, 2901946, 0, 0, 0
10700, 3075901, 0, 0, 0
10800, 2922013, 0, 0, 0
10900, 2777318, 0, 0, 0
11000, 2703257, 0, 0, 0
11100, 2926136, 0, 0, 0
11200, 2797020, 0, 0, 0
11300, 2738209, 0, 0, 0
11401, 2889837, 0, 0, 0
11501, 2845134, 0, 0, 0
11600, 2939999, 0, 0, 0
11700, 2947560, 0, 0, 0
11800, 2938465, 0, 0, 0
11901, 2921376, 0, 0, 0
12000, 2835431, 0, 0, 0
12100, 2701816, 0, 0, 0
12200, 2963726, 0, 0, 0
12301, 2817818, 0, 0, 0
12400, 2646475, 0, 0, 0
12500, 2891083, 0, 0, 0
12601, 2925743, 0, 0, 0
12702, 2843593, 0, 0, 0
12800, 2907203, 0, 0, 0
12900, 2855429, 0, 0, 0
13000, 2824303, 0, 0, 0
13100, 2958857, 0, 0, 0
13200, 2931253, 0, 0, 0
13300, 2839760, 0, 0, 0
13400, 3002856, 0, 0, 0
13500, 2865184, 0, 0, 0
13601, 2861810, 0, 0, 0
13700, 2985614, 0, 0, 0
13800, 2969480, 0, 0, 0
13901, 2852266, 0, 0, 0
14000, 2768478, 0, 0, 0
14100, 2752506, 0, 0, 0
14200, 2841214, 0, 0, 0
14300, 2792002, 0, 0, 0
14400, 2839167, 0, 0, 0
14500, 2928098, 0, 0, 0
14600, 2805594, 0, 0, 0
14700, 2793309, 0, 0, 0
14800, 2851528, 0, 0, 0
14900, 2896864, 0, 0, 0
15000, 2921168, 0, 0, 0
15100, 2799952, 0, 0, 0
15200, 2714705, 0, 0, 0
15300, 2978623, 0, 0, 0
15400, 2982883, 0, 0, 0
15500, 2849435, 0, 0, 0
15600, 2946048, 0, 0, 0
15702, 2957055, 0, 0, 0
15802, 2886228, 0, 0, 0
15900, 2891479, 0, 0, 0
16001, 2800696, 0, 0, 0
16100, 2978589, 0, 0, 0
16200, 2782859, 0, 0, 0
16300, 2967662, 0, 0, 0
16400, 2879302, 0, 0, 0
16501, 2971791, 0, 0, 0
16600, 2799661, 0, 0, 0
16701, 2880432, 0, 0, 0
16801, 2951965, 0, 0, 0
16901, 2881791, 0, 0, 0
17000, 2710609, 0, 0, 0
17100, 2873023, 0, 0, 0
17200, 2775852, 0, 0, 0
17300, 2885066, 0, 0, 0
17400, 2972730, 0, 0, 0
17500, 2916449, 0, 0, 0
17600, 2959077, 0, 0, 0
17700, 2694775, 0, 0, 0
17800, 2907278, 0, 0, 0
17901, 2832708, 0, 0, 0
18000, 2867159, 0, 0, 0
18101, 2727834, 0, 0, 0
18200, 3101069, 0, 0, 0
18300, 2889212, 0, 0, 0
18400, 2826423, 0, 0, 0
18500, 2726047, 0, 0, 0
18600, 2741619, 0, 0, 0
18700, 2914131, 0, 0, 0
18800, 2768870, 0, 0, 0
18901, 2997967, 0, 0, 0
19000, 2900667, 0, 0, 0
19101, 3059116, 0, 0, 0
19200, 2789020, 0, 0, 0
19300, 2812189, 0, 0, 0
19400, 2878735, 0, 0, 0
19500, 2987891, 0, 0, 0
19600, 2986079, 0, 0, 0
19700, 2642200, 0, 0, 0
19800, 2954748, 0, 0, 0
19900, 2812553, 0, 0, 0
20000, 2849865, 0, 0, 0
20100, 2815853, 0, 0, 0
20200, 2870822, 0, 0, 0
20300, 2757250, 0, 0, 0
20400, 2762610, 0, 0, 0
20500, 2851428, 0, 0, 0
20600, 2949685, 0, 0, 0
20700, 2770377, 0, 0, 0
20802, 2677586, 0, 0, 0
20901, 2796179, 0, 0, 0
21000, 2911663, 0, 0, 0
21100, 2857536, 0, 0, 0
21200, 2722802, 0, 0, 0
21300, 2699234, 0, 0, 0
21401, 2767014, 0, 0, 0
21500, 2757859, 0, 0, 0
21602, 2875050, 0, 0, 0
21700, 2873482, 0, 0, 0
21800, 2802539, 0, 0, 0
21901, 2791981, 0, 0, 0
22000, 2982565, 0, 0, 0
22100, 2855518, 0, 0, 0
22200, 2747074, 0, 0, 0
22300, 2851010, 0, 0, 0
22400, 2940301, 0, 0, 0
22501, 2845360, 0, 0, 0
22600, 2891227, 0, 0, 0
22701, 2913945, 0, 0, 0
22800, 2747899, 0, 0, 0
22900, 2913074, 0, 0, 0
23000, 2809922, 0, 0, 0
23100, 2957246, 0, 0, 0
23200, 2914586, 0, 0, 0
23300, 2971223, 0, 0, 0
23400, 2800006, 0, 0, 0
23500, 2795828, 0, 0, 0
23601, 2748588, 0, 0, 0
23700, 2837756, 0, 0, 0
23800, 2997277, 0, 0, 0
23902, 2901758, 0, 0, 0
24000, 2903618, 0, 0, 0
24100, 2978067, 0, 0, 0
24200, 2716459, 0, 0, 0
24301, 2873126, 0, 0, 0
24401, 2795413, 0, 0, 0
24500, 2742297, 0, 0, 0
24600, 2779205, 0, 0, 0
24700, 2812249, 0, 0, 0
24801, 2818983, 0, 0, 0
24900, 2918569, 0, 0, 0
25000, 2830970, 0, 0, 0
25100, 2862023, 0, 0, 0
25200, 2869916, 0, 0, 0
25300, 3010874, 0, 0, 0
25400, 2847677, 0, 0, 0
25500, 2867881, 0, 0, 0
25600, 2923603, 0, 0, 0
25700, 2793493, 0, 0, 0
25801, 2714126, 0, 0, 0
25900, 2818730, 0, 0, 0
26000, 2902595, 0, 0, 0
26100, 2776217, 0, 0, 0
26200, 2750049, 0, 0, 0
26300, 2710403, 0, 0, 0
26400, 2970936, 0, 0, 0
26501, 2642460, 0, 0, 0
26600, 2768930, 0, 0, 0
26700, 2909654, 0, 0, 0
26800, 2947803, 0, 0, 0
26900, 2741305, 0, 0, 0
27001, 2791153, 0, 0, 0
27100, 2865929, 0, 0, 0
27201, 2989084, 0, 0, 0
27300, 2882853, 0, 0, 0
27401, 2895013, 0, 0, 0
27500, 2892283, 0, 0, 0
27600, 3157753, 0, 0, 0
27701, 2853152, 0, 0, 0
27800, 2820388, 0, 0, 0
27900, 2728071, 0, 0, 0
28001, 2800766, 0, 0, 0
28100, 2911242, 0, 0, 0
28201, 2749821, 0, 0, 0
28300, 2869541, 0, 0, 0
28400, 2867788, 0, 0, 0
28500, 3294729, 0, 0, 0
28600, 2805796, 0, 0, 0
28700, 2871363, 0, 0, 0
28800, 2676577, 0, 0, 0
28900, 2840888, 0, 0, 0
29000, 2801763, 0, 0, 0
29101, 2717037, 0, 0, 0
29200, 2966389, 0, 0, 0
29300, 2849040, 0, 0, 0
29401, 2910385, 0, 0, 0
29500, 3011114, 0, 0, 0
29601, 2813424, 0, 0, 0
29700, 2827127, 0, 0, 0
29800, 2832181, 0, 0, 0
29901, 2773894, 0, 0, 0
30000, 2797994, 0, 0, 0
30101, 2793512, 0, 0, 0
30200, 2757916, 0, 0, 0
30300, 2920341, 0, 0, 0
30402, 3057701, 0, 0, 0
30500, 2721670, 0, 0, 0
30600, 2712880, 0, 0, 0
30700, 2907236, 0, 0, 0
30800, 2887882, 0, 0, 0
30900, 2969176, 0, 0, 0
31000, 2651508, 0, 0, 0
31101, 2827103, 0, 0, 0
31200, 2843529, 0, 0, 0
31300, 2800973, 0, 0, 0
31400, 2750899, 0, 0, 0
31501, 2881439, 0, 0, 0
31600, 2925322, 0, 0, 0
31701, 2931875, 0, 0, 0
31800, 2948562, 0, 0, 0
31900, 2822750, 0, 0, 0
32000, 2741616, 0, 0, 0
32100, 2845277, 0, 0, 0
32200, 3038993, 0, 0, 0
32300, 2827944, 0, 0, 0
32400, 2773547, 0, 0, 0
32500, 2801436, 0, 0, 0
32600, 2803823, 0, 0, 0
32700, 2804969, 0, 0, 0
32800, 2909619, 0, 0, 0
32900, 2784503, 0, 0, 0
33000, 2912369, 0, 0, 0
33100, 2944039, 0, 0, 0
33201, 2927762, 0, 0, 0
33300, 2963997, 0, 0, 0
33401, 2775411, 0, 0, 0
33500, 2831491, 0, 0, 0
33600, 2863474, 0, 0, 0
33700, 2903845, 0, 0, 0
33800, 3025853, 0, 0, 0
33901, 2976897, 0, 0, 0
34000, 2758804, 0, 0, 0
34100, 2931853, 0, 0, 0
34200, 3108749, 0, 0, 0
34301, 2768279, 0, 0, 0
34400, 2839375, 0, 0, 0
34500, 2825432, 0, 0, 0
34600, 2979565, 0, 0, 0
34700, 2869410, 0, 0, 0
34801, 3072985, 0, 0, 0
34900, 2943002, 0, 0, 0
35000, 2897684, 0, 0, 0
35100, 2992222, 0, 0, 0
35200, 2957511, 0, 0, 0
35300, 2771968, 0, 0, 0
35401, 2817212, 0, 0, 0
35500, 2797028, 0, 0, 0
35600, 2778590, 0, 0, 0
35700, 2878238, 0, 0, 0
35800, 2764495, 0, 0, 0
35900, 2909669, 0, 0, 0
36001, 2758381, 0, 0, 0
36100, 2723286, 0, 0, 0
36200, 2877015, 0, 0, 0
36300, 2939371, 0, 0, 0
36400, 2734728, 0, 0, 0
36500, 2944653, 0, 0, 0
36600, 2899350, 0, 0, 0
36700, 2872858, 0, 0, 0
36800, 2931823, 0, 0, 0
36901, 2952889, 0, 0, 0
37000, 2760896, 0, 0, 0
37101, 2763037, 0, 0, 0
37201, 2835049, 0, 0, 0
37300, 3086517, 0, 0, 0
37400, 2875748, 0, 0, 0
37500, 2924860, 0, 0, 0
37600, 2681789, 0, 0, 0
37700, 2978170, 0, 0, 0
37800, 2790443, 0, 0, 0
37900, 2746056, 0, 0, 0
38001, 2864442, 0, 0, 0
38100, 2975001, 0, 0, 0
38201, 2843913, 0, 0, 0
38301, 2722920, 0, 0, 0
38400, 2810276, 0, 0, 0
38500, 2786145, 0, 0, 0
38600, 2943769, 0, 0, 0
38700, 2925780, 0, 0, 0
38800, 2903436, 0, 0, 0
38900, 2883323, 0, 0, 0
39000, 2947019, 0, 0, 0
39100, 2955295, 0, 0, 0
39200, 2844763, 0, 0, 0
39301, 2991924, 0, 0, 0
39400, 2924397, 0, 0, 0
39500, 2801163, 0, 0, 0
39600, 2992764, 0, 0, 0
39700, 2783478, 0, 0, 0
39800, 3032554, 0, 0, 0
39902, 2932073, 0, 0, 0
40000, 2963989, 0, 0, 0
40100, 2787449, 0, 0, 0
40201, 2891411, 0, 0, 0
40300, 2882658, 0, 0, 0
40400, 2963317, 0, 0, 0
40500, 2912058, 0, 0, 0
40600, 2840335, 0, 0, 0
40701, 2816112, 0, 0, 0
40800, 2645869, 0, 0, 0
40900, 2868208, 0, 0, 0
41000, 2759007, 0, 0, 0
41100, 2901390, 0, 0, 0
41201, 2896998, 0, 0, 0
41300, 2919417, 0, 0, 0
41401, 2839893, 0, 0, 0
41500, 2885007, 0, 0, 0
41600, 2865852, 0, 0, 0
41700, 2959421, 0, 0, 0
41801, 2731127, 0, 0, 0
41900, 2809592, 0, 0, 0
42001, 2853108, 0, 0, 0
42101, 2777745, 0, 0, 0
42200, 2675829, 0, 0, 0
42300, 2887238, 0, 0, 0
42400, 2781985, 0, 0, 0
42500, 2783141, 0, 0, 0
42600, 2871792, 0, 0, 0
42700, 2838981, 0, 0, 0
42800, 2806493, 0, 0, 0
42900, 2946527, 0, 0, 0
43000, 2891161, 0, 0, 0
43100, 2971521, 0, 0, 0
43200, 2875601, 0, 0, 0
43300, 2732216, 0, 0, 0
43400, 2775328, 0, 0, 0
43500, 2788966, 0, 0, 0
43600, 2668745, 0, 0, 0
43701, 2894144, 0, 0, 0
43801, 2891449, 0, 0, 0
43901, 2915195, 0, 0, 0
44000, 2884059, 0, 0, 0
44100, 2829187, 0, 0, 0
44200, 2903056, 0, 0, 0
44300, 2769671, 0, 0, 0
44400, 2825065, 0, 0, 0
44500, 2894245, 0, 0, 0
44600, 2786101, 0, 0, 0
44701, 2736758, 0, 0, 0
44800, 2783283, 0, 0, 0
44900, 2795838, 0, 0, 0
45000, 2894829, 0, 0, 0
45100, 2922603, 0, 0, 0
45200, 2765862, 0, 0, 0
45300, 2862858, 0, 0, 0
45400, 2870694, 0, 0, 0
45501, 2773938, 0, 0, 0
45600, 3015762, 0, 0, 0
45700, 2846225, 0, 0, 0
45800, 2741383, 0, 0, 0
45900, 2954842, 0, 0, 0
46000, 3052645, 0, 0, 0
46101, 2860385, 0, 0, 0
46201, 2924306, 0, 0, 0
46300, 2730828, 0, 0, 0
46400, 2830365, 0, 0, 0
46500, 2954409, 0, 0, 0
46600, 2908702, 0, 0, 0
46700, 2720245, 0, 0, 0
46800, 2843597, 0, 0, 0
46900, 2855362, 0, 0, 0
47000, 2832565, 0, 0, 0
47100, 2722823, 0, 0, 0
47200, 2715202, 0, 0, 0
47300, 2975523, 0, 0, 0
47401, 2996871, 0, 0, 0
47500, 2823599, 0, 0, 0
47600, 2785975, 0, 0, 0
47700, 2592756, 0, 0, 0
47801, 2792061, 0, 0, 0
47900, 2961398, 0, 0, 0
48000, 2720185, 0, 0, 0
48101, 2694415, 0, 0, 0
48201, 2841481, 0, 0, 0
48300, 2802911, 0, 0, 0
48400, 2945496, 0, 0, 0
48501, 2861898, 0, 0, 0
48600, 2940432, 0, 0, 0
48700, 2860642, 0, 0, 0
48800, 3027052, 0, 0, 0
48900, 2844958, 0, 0, 0
49000, 2888574, 0, 0, 0
49101, 2842153, 0, 0, 0
49200, 3014973, 0, 0, 0
49300, 2888780, 0, 0, 0
49400, 2710363, 0, 0, 0
49500, 2837119, 0, 0, 0
49600, 2971799, 0, 0, 0
49700, 2840225, 0, 0, 0
49801, 2696344, 0, 0, 0
49901, 2847254, 0, 0, 0
50001, 2805642, 0, 0, 0
50100, 2825585, 0, 0, 0
50200, 2932371, 0, 0, 0
50301, 2900638, 0, 0, 0
50401, 2861233, 0, 0, 0
50500, 3044518, 0, 0, 0
50600, 2918329, 0, 0, 0
50700, 2801396, 0, 0, 0
50801, 2889442, 0, 0, 0
50901, 2762658, 0, 0, 0
51001, 2865152, 0, 0, 0
51100, 2828557, 0, 0, 0
51200, 2862324, 0, 0, 0
51302, 2941376, 0, 0, 0
51400, 2876371, 0, 0, 0
51500, 2874165, 0, 0, 0
51601, 2867535, 0, 0, 0
51700, 2810163, 0, 0, 0
51801, 2824069, 0, 0, 0
51901, 2837277, 0, 0, 0
52000, 2811200, 0, 0, 0
52101, 2715312, 0, 0, 0
52200, 2707477, 0, 0, 0
52300, 2972158, 0, 0, 0
52400, 2832678, 0, 0, 0
52500, 2798588, 0, 0, 0
52600, 2887651, 0, 0, 0
52701, 2857513, 0, 0, 0
52800, 2934602, 0, 0, 0
52900, 2915072, 0, 0, 0
53000, 2946568, 0, 0, 0
53101, 2844317, 0, 0, 0
53200, 2843284, 0, 0, 0
53300, 3006615, 0, 0, 0
53401, 2931885, 0, 0, 0
53500, 2769634, 0, 0, 0
53600, 2792658, 0, 0, 0
53700, 2914546, 0, 0, 0
53800, 2934106, 0, 0, 0
53900, 2885987, 0, 0, 0
54000, 2908433, 0, 0, 0
54100, 2871812, 0, 0, 0
54200, 2770923, 0, 0, 0
54300, 2851461, 0, 0, 0
54400, 2799658, 0, 0, 0
54501, 2704755, 0, 0, 0
54600, 2870845, 0, 0, 0
54702, 2631827, 0, 0, 0
54800, 2738563, 0, 0, 0
54900, 3044528, 0, 0, 0
55000, 2811219, 0, 0, 0
55101, 2856708, 0, 0, 0
55200, 2755006, 0, 0, 0
55300, 2770636, 0, 0, 0
55401, 2870813, 0, 0, 0
55500, 2758723, 0, 0, 0
55600, 2746885, 0, 0, 0
55700, 2792744, 0, 0, 0
55800, 2921456, 0, 0, 0
55900, 3006009, 0, 0, 0
56000, 2749519, 0, 0, 0
56100, 2688962, 0, 0, 0
56201, 2925749, 0, 0, 0
56300, 2818734, 0, 0, 0
56400, 2748519, 0, 0, 0
56500, 2770396, 0, 0, 0
56601, 3008110, 0, 0, 0
56701, 2879306, 0, 0, 0
56801, 2935146, 0, 0, 0
56901, 2814528, 0, 0, 0
57000, 2778599, 0, 0, 0
57100, 2805485, 0, 0, 0
57200, 2898361, 0, 0, 0
57300, 2969861, 0, 0, 0
57401, 3033125, 0, 0, 0
57502, 2958410, 0, 0, 0
57601, 2907349, 0, 0, 0
57700, 2730434, 0, 0, 0
57800, 2958745, 0, 0, 0
57901, 2839659, 0, 0, 0
58001, 2844165, 0, 0, 0
58101, 2882264, 0, 0, 0
58201, 2902442, 0, 0, 0
58300, 2859740, 0, 0, 0
58400, 2821451, 0, 0, 0
58500, 2789337, 0, 0, 0
58601, 2851469, 0, 0, 0
58701, 2723735, 0, 0, 0
58800, 2755390, 0, 0, 0
58900, 2901145, 0, 0, 0
59000, 2779108, 0, 0, 0
59100, 2757738, 0, 0, 0
59201, 2744910, 0, 0, 0
59300, 2766182, 0, 0, 0
59400, 2769702, 0, 0, 0
59500, 2749888, 0, 0, 0
59600, 2790056, 0, 0, 0
59700, 2876740, 0, 0, 0
59800, 2779700, 0, 0, 0
59900, 2875735, 0, 0, 0
60001, 2736953, 0, 0, 0
60100, 2826754, 0, 0, 0
60200, 2976354, 0, 0, 0
60300, 2738337, 0, 0, 0
60401, 2861120, 0, 0, 0
60502, 2764938, 0, 0, 0
60600, 2908351, 0, 0, 0
60700, 2643556, 0, 0, 0
60800, 2759382, 0, 0, 0
60900, 2851652, 0, 0, 0
61000, 2829248, 0, 0, 0
61100, 2763831, 0, 0, 0
61200, 2849855, 0, 0, 0
61300, 2862226, 0, 0, 0
61400, 2772874, 0, 0, 0
61500, 2741279, 0, 0, 0
61601, 2945282, 0, 0, 0
61700, 2772173, 0, 0, 0
61800, 2707317, 0, 0, 0
61901, 2799954, 0, 0, 0
62000, 2818197, 0, 0, 0
62100, 2733665, 0, 0, 0
62200, 2767369, 0, 0, 0
62300, 2771983, 0, 0, 0
62401, 2707008, 0, 0, 0
62500, 2933106, 0, 0, 0
62600, 2916514, 0, 0, 0
62700, 2880125, 0, 0, 0
62800, 2922184, 0, 0, 0
62900, 2816622, 0, 0, 0
63000, 2783977, 0, 0, 0
63100, 2933789, 0, 0, 0
63200, 2856585, 0, 0, 0
63300, 3081693, 0, 0, 0
63401, 2839831, 0, 0, 0
63500, 2855596, 0, 0, 0
63600, 2842109, 0, 0, 0
63700, 2893596, 0, 0, 0
63800, 2811891, 0, 0, 0
63901, 2731653, 0, 0, 0
64001, 2879558, 0, 0, 0
64100, 2705409, 0, 0, 0
64201, 2997693, 0, 0, 0
64300, 2786804, 0, 0, 0
64401, 2794829, 0, 0, 0
64500, 2909748, 0, 0, 0
64600, 2879029, 0, 0, 0
64700, 2653773, 0, 0, 0
64800, 2841321, 0, 0, 0
64900, 2816289, 0, 0, 0
65001, 2733522, 0, 0, 0
65100, 2874163, 0, 0, 0
65201, 3017278, 0, 0, 0
65300, 2901717, 0, 0, 0
65400, 2741386, 0, 0, 0
65501, 2828120, 0, 0, 0
65600, 2887950, 0, 0, 0
65700, 2942533, 0, 0, 0
65800, 2873938, 0, 0, 0
65901, 2769489, 0, 0, 0
66001, 2751091, 0, 0, 0
66100, 2911962, 0, 0, 0
66200, 2897252, 0, 0, 0
66300, 2569342, 0, 0, 0
66401, 2858888, 0, 0, 0
66500, 2924052, 0, 0, 0
66600, 2774557, 0, 0, 0
66700, 2765999, 0, 0, 0
66800, 2915931, 0, 0, 0
66900, 2654622, 0, 0, 0
67000, 2786195, 0, 0, 0
67100, 2774304, 0, 0, 0
67200, 2763211, 0, 0, 0
67300, 2844512, 0, 0, 0
67401, 2970461, 0, 0, 0
67500, 2919592, 0, 0, 0
67601, 2885552, 0, 0, 0
67700, 2892376, 0, 0, 0
67800, 2852323, 0, 0, 0
67900, 2786083, 0, 0, 0
68000, 2811936, 0, 0, 0
68100, 2698388, 0, 0, 0
68200, 2905650, 0, 0, 0
68300, 2701387, 0, 0, 0
68400, 2841282, 0, 0, 0
68500, 2596538, 0, 0, 0
68600, 3010019, 0, 0, 0
68700, 2824068, 0, 0, 0
68800, 2920359, 0, 0, 0
68901, 3006826, 0, 0, 0
69000, 2897530, 0, 0, 0
69100, 2969077, 0, 0, 0
69200, 2678176, 0, 0, 0
69301, 2806414, 0, 0, 0
69401, 2903482, 0, 0, 0
69500, 3147961, 0, 0, 0
69600, 2742447, 0, 0, 0
69700, 2789520, 0, 0, 0
69801, 2829536, 0, 0, 0
69900, 2668594, 0, 0, 0
70000, 2881827, 0, 0, 0
70100, 2761148, 0, 0, 0
70200, 2966998, 0, 0, 0
70300, 2771053, 0, 0, 0
70402, 2959781, 0, 0, 0
70500, 2866349, 0, 0, 0
70601, 2739592, 0, 0, 0
70700, 2925281, 0, 0, 0
70800, 2810198, 0, 0, 0
70901, 2777747, 0, 0, 0
71001, 2965779, 0, 0, 0
71100, 3059108, 0, 0, 0
71200, 2898992, 0, 0, 0
71300, 2901485, 0, 0, 0
71400, 2959326, 0, 0, 0
71500, 2817715, 0, 0, 0
71600, 2850765, 0, 0, 0
71700, 2912714, 0, 0, 0
71801, 2751754, 0, 0, 0
71900, 2835122, 0, 0, 0
72001, 2998785, 0, 0, 0
72101, 2878799, 0, 0, 0
72200, 2990250, 0, 0, 0
72300, 3105474, 0, 0, 0
72400, 2802184, 0, 0, 0
72500, 2944534, 0, 0, 0
72600, 2733040, 0, 0, 0
72700, 2704141, 0, 0, 0
72800, 2882089, 0, 0, 0
72900, 2775116, 0, 0, 0
73000, 2922822, 0, 0, 0
73100, 2822816, 0, 0, 0
73200, 2773915, 0, 0, 0
73300, 2775114, 0, 0, 0
73400, 2926441, 0, 0, 0
73500, 2710662, 0, 0, 0
73600, 2978460, 0, 0, 0
73700, 2640774, 0, 0, 0
73800, 2895975, 0, 0, 0
73900, 2724298, 0, 0, 0
74001, 2838452, 0, 0, 0
74100, 2737774, 0, 0, 0
74200, 2914202, 0, 0, 0
74300, 2875497, 0, 0, 0
74401, 2903160, 0, 0, 0
74501, 2804077, 0, 0, 0
74601, 2801921, 0, 0, 0
74700, 2930863, 0, 0, 0
74802, 2880285, 0, 0, 0
74900, 2832307, 0, 0, 0
75000, 2955477, 0, 0, 0
75100, 2786661, 0, 0, 0
75200, 2767700, 0, 0, 0
75300, 2760395, 0, 0, 0
75400, 2868580, 0, 0, 0
75500, 2936000, 0, 0, 0
75600, 3023251, 0, 0, 0
75700, 2828879, 0, 0, 0
75800, 2889607, 0, 0, 0
75900, 2969456, 0, 0, 0
76001, 2886350, 0, 0, 0
76100, 2960555, 0, 0, 0
76201, 3079146, 0, 0, 0
76301, 2794807, 0, 0, 0
76400, 2861289, 0, 0, 0
76500, 2640709, 0, 0, 0
76600, 2795228, 0, 0, 0
76701, 2751978, 0, 0, 0
76800, 2927102, 0, 0, 0
76900, 2869018, 0, 0, 0
77000, 2818550, 0, 0, 0
77100, 2726825, 0, 0, 0
77200, 2901549, 0, 0, 0
77300, 2829127, 0, 0, 0
77401, 2675934, 0, 0, 0
77500, 2791532, 0, 0, 0
77600, 2755284, 0, 0, 0
77702, 2791167, 0, 0, 0
77800, 2663017, 0, 0, 0
77900, 2752462, 0, 0, 0
78000, 2740165, 0, 0, 0
78100, 2908437, 0, 0, 0
78201, 2830410, 0, 0, 0
78301, 2795953, 0, 0, 0
78400, 2829461, 0, 0, 0
78500, 2845781, 0, 0, 0
78600, 2783445, 0, 0, 0
78700, 2976206, 0, 0, 0
78800, 2809651, 0, 0, 0
78901, 2806985, 0, 0, 0
79000, 3243360, 0, 0, 0
79100, 2754319, 0, 0, 0
79200, 2819501, 0, 0, 0
79300, 2848644, 0, 0, 0
79400, 2871069, 0, 0, 0
79500, 2830231, 0, 0, 0
79601, 2800546, 0, 0, 0
79700, 2724791, 0, 0, 0
79800, 2999572, 0, 0, 0
79900, 2854225, 0, 0, 0
80000, 2790784, 0, 0, 0
80100, 2804394, 0, 0, 0
80200, 2874535, 0, 0, 0
80300, 2961108, 0, 0, 0
80400, 2865540, 0, 0, 0
80500, 2790288, 0, 0, 0
80600, 2882271, 0, 0, 0
80700, 3130640, 0, 0, 0
80800, 2792805, 0, 0, 0
80900, 2743282, 0, 0, 0
81000, 2858569, 0, 0, 0
81100, 2890368, 0, 0, 0
81200, 2819774, 0, 0, 0
81300, 3011319, 0, 0, 0
81400, 2711313, 0, 0, 0
81500, 2813910, 0, 0, 0
81600, 2904848, 0, 0, 0
81701, 2724329, 0, 0, 0
81800, 2839483, 0, 0, 0
81900, 2886275, 0, 0, 0
82001, 2864868, 0, 0, 0
82100, 2886256, 0, 0, 0
82200, 2843531, 0, 0, 0
82301, 2875700, 0, 0, 0
82400, 2788581, 0, 0, 0
82501, 2890314, 0, 0, 0
82601, 2752305, 0, 0, 0
82700, 2794411, 0, 0, 0
82800, 2918676, 0, 0, 0
82900, 2943997, 0, 0, 0
83000, 2825559, 0, 0, 0
83101, 2846667, 0, 0, 0
83201, 2900646, 0, 0, 0
83301, 2781803, 0, 0, 0
83400, 2808379, 0, 0, 0
83500, 2723637, 0, 0, 0
83600, 2728186, 0, 0, 0
83700, 2831914, 0, 0, 0
83801, 2975973, 0, 0, 0
83900, 2915943, 0, 0, 0
84001, 2829169, 0, 0, 0
84100, 3076102, 0, 0, 0
84200, 2733677, 0, 0, 0
84300, 2831097, 0, 0, 0
84400, 2952576, 0, 0, 0
84500, 2777459, 0, 0, 0
84600, 2789159, 0, 0, 0
84702, 2827519, 0, 0, 0
84801, 2930186, 0, 0, 0
84900, 2873699, 0, 0, 0
85000, 2898079, 0, 0, 0
85101, 2749379, 0, 0, 0
85200, 2910348, 0, 0, 0
85301, 2867323, 0, 0, 0
85400, 2787053, 0, 0, 0
85500, 2950063, 0, 0, 0
85600, 2886998, 0, 0, 0
85700, 3045372, 0, 0, 0
85800, 2826416, 0, 0, 0
85900, 3021019, 0, 0, 0
86000, 2820785, 0, 0, 0
86100, 2984267, 0, 0, 0
86200, 2697349, 0, 0, 0
86300, 2766108, 0, 0, 0
86401, 2898548, 0, 0, 0
86501, 2719967, 0, 0, 0
86600, 2882866, 0, 0, 0
86700, 2925233, 0, 0, 0
86800, 2852997, 0, 0, 0
86901, 2772580, 0, 0, 0
87000, 2734077, 0, 0, 0
87101, 2826173, 0, 0, 0
87200, 2760459, 0, 0, 0
87300, 2866284, 0, 0, 0
87400, 2858878, 0, 0, 0
87501, 2733849, 0, 0, 0
87600, 2924095, 0, 0, 0
87700, 2856310, 0, 0, 0
87800, 2949008, 0, 0, 0
87900, 2976842, 0, 0, 0
88000, 2814218, 0, 0, 0
88101, 2796530, 0, 0, 0
88200, 2759066, 0, 0, 0
88300, 2844951, 0, 0, 0
88400, 2715445, 0, 0, 0
88500, 2846879, 0, 0, 0
88601, 2870958, 0, 0, 0
88700, 2956633, 0, 0, 0
88801, 2763104, 0, 0, 0
88900, 2734325, 0, 0, 0
89001, 2864426, 0, 0, 0
89100, 2783261, 0, 0, 0
89201, 2849172, 0, 0, 0
89302, 2800176, 0, 0, 0
89400, 2791268, 0, 0, 0
89500, 2915463, 0, 0, 0
89600, 2823733, 0, 0, 0
89700, 2803704, 0, 0, 0
89800, 2849430, 0, 0, 0
89900, 2927194, 0, 0, 0
90000, 2150004, 0, 0, 0
90001, 1642547, 0, 0, 0
