100, 2393, 0, 0, 0
200, 2410, 0, 0, 0
300, 2362, 0, 0, 0
400, 2411, 0, 0, 0
500, 2554, 0, 0, 0
600, 2587, 0, 0, 0
700, 2560, 0, 0, 0
800, 2599, 0, 0, 0
900, 2356, 0, 0, 0
1000, 2319, 0, 0, 0
1100, 2394, 0, 0, 0
1200, 2742, 0, 0, 0
1300, 2738, 0, 0, 0
1400, 2676, 0, 0, 0
1500, 2641, 0, 0, 0
1600, 4188, 0, 0, 0
1700, 3214, 0, 0, 0
1800, 2411, 0, 0, 0
1900, 2531, 0, 0, 0
2000, 2632, 0, 0, 0
2100, 2689, 0, 0, 0
2200, 2419, 0, 0, 0
2300, 2760, 0, 0, 0
2400, 2684, 0, 0, 0
2500, 2783, 0, 0, 0
2600, 2886, 0, 0, 0
2700, 2523, 0, 0, 0
2800, 2533, 0, 0, 0
2900, 2534, 0, 0, 0
3000, 2622, 0, 0, 0
3100, 2657, 0, 0, 0
3200, 2596, 0, 0, 0
3300, 2884, 0, 0, 0
3400, 3207, 0, 0, 0
3500, 3292, 0, 0, 0
3600, 2643, 0, 0, 0
3700, 2786, 0, 0, 0
3800, 2975, 0, 0, 0
3900, 2707, 0, 0, 0
4000, 2861, 0, 0, 0
4100, 3031, 0, 0, 0
4200, 2380, 0, 0, 0
4300, 2692, 0, 0, 0
4400, 2685, 0, 0, 0
4500, 2661, 0, 0, 0
4600, 2740, 0, 0, 0
4700, 2516, 0, 0, 0
4800, 2462, 0, 0, 0
4900, 2651, 0, 0, 0
5000, 2566, 0, 0, 0
5100, 2471, 0, 0, 0
5200, 2763, 0, 0, 0
5300, 2687, 0, 0, 0
5400, 2602, 0, 0, 0
5500, 2718, 0, 0, 0
5600, 2771, 0, 0, 0
5700, 2491, 0, 0, 0
5800, 2837, 0, 0, 0
5900, 2722, 0, 0, 0
6000, 2695, 0, 0, 0
6100, 2627, 0, 0, 0
6200, 2486, 0, 0, 0
6300, 2912, 0, 0, 0
6400, 2457, 0, 0, 0
6500, 2646, 0, 0, 0
6600, 2766, 0, 0, 0
6700, 2644, 0, 0, 0
6800, 2479, 0, 0, 0
6900, 2338, 0, 0, 0
7000, 2403, 0, 0, 0
7100, 2543, 0, 0, 0
7200, 2707, 0, 0, 0
7300, 2493, 0, 0, 0
7400, 2766, 0, 0, 0
7500, 3017, 0, 0, 0
7600, 2642, 0, 0, 0
7700, 2902, 0, 0, 0
7800, 3126, 0, 0, 0
7900, 2788, 0, 0, 0
8000, 2961, 0, 0, 0
8100, 3084, 0, 0, 0
8200, 2719, 0, 0, 0
8300, 2874, 0, 0, 0
8400, 2834, 0, 0, 0
8500, 2830, 0, 0, 0
8600, 2959, 0, 0, 0
8700, 2660, 0, 0, 0
8800, 2730, 0, 0, 0
8900, 2550, 0, 0, 0
9000, 2913, 0, 0, 0
9100, 2611, 0, 0, 0
9200, 3146, 0, 0, 0
9300, 2663, 0, 0, 0
9400, 2694, 0, 0, 0
9500, 2529, 0, 0, 0
9600, 2599, 0, 0, 0
9700, 2518, 0, 0, 0
9800, 2707, 0, 0, 0
9900, 2578, 0, 0, 0
10000, 2641, 0, 0, 0
10100, 2764, 0, 0, 0
10200, 3792, 0, 0, 0
10300, 3936, 0, 0, 0
10400, 3899, 0, 0, 0
10500, 3984, 0, 0, 0
10600, 4183, 0, 0, 0
10700, 4170, 0, 0, 0
10800, 3137, 0, 0, 0
10900, 3476, 0, 0, 0
11000, 3082, 0, 0, 0
11100, 3047, 0, 0, 0
11200, 4224, 0, 0, 0
11300, 3982, 0, 0, 0
11400, 3998, 0, 0, 0
11500, 3675, 0, 0, 0
11600, 3442, 0, 0, 0
11700, 4268, 0, 0, 0
11800, 3320, 0, 0, 0
11900, 3258, 0, 0, 0
12000, 3615, 0, 0, 0
12100, 3279, 0, 0, 0
12200, 3237, 0, 0, 0
12300, 3724, 0, 0, 0
12400, 3676, 0, 0, 0
12500, 2619, 0, 0, 0
12600, 2782, 0, 0, 0
12700, 2303, 0, 0, 0
12800, 2400, 0, 0, 0
12900, 2524, 0, 0, 0
13000, 2438, 0, 0, 0
13100, 2639, 0, 0, 0
13200, 2608, 0, 0, 0
13300, 2617, 0, 0, 0
13400, 2851, 0, 0, 0
13500, 2569, 0, 0, 0
13600, 2945, 0, 0, 0
13700, 2912, 0, 0, 0
13800, 2641, 0, 0, 0
13900, 2800, 0, 0, 0
14000, 2832, 0, 0, 0
14100, 2821, 0, 0, 0
14200, 2490, 0, 0, 0
14300, 2695, 0, 0, 0
14400, 2732, 0, 0, 0
14500, 2658, 0, 0, 0
14600, 2386, 0, 0, 0
14700, 2366, 0, 0, 0
14800, 2408, 0, 0, 0
14900, 2456, 0, 0, 0
15000, 2449, 0, 0, 0
15100, 2588, 0, 0, 0
15200, 2598, 0, 0, 0
15300, 2824, 0, 0, 0
15400, 2794, 0, 0, 0
15500, 2685, 0, 0, 0
15600, 2739, 0, 0, 0
15700, 3362, 0, 0, 0
15800, 3366, 0, 0, 0
15900, 3710, 0, 0, 0
16000, 3786, 0, 0, 0
16100, 3614, 0, 0, 0
16200, 2934, 0, 0, 0
16300, 3117, 0, 0, 0
16400, 3563, 0, 0, 0
16500, 3272, 0, 0, 0
16600, 3310, 0, 0, 0
16700, 2553, 0, 0, 0
16800, 2557, 0, 0, 0
16900, 2721, 0, 0, 0
17000, 2456, 0, 0, 0
17100, 2322, 0, 0, 0
17200, 2462, 0, 0, 0
17300, 2526, 0, 0, 0
17400, 2465, 0, 0, 0
17500, 2467, 0, 0, 0
17600, 2506, 0, 0, 0
17700, 2405, 0, 0, 0
17800, 2379, 0, 0, 0
17900, 2489, 0, 0, 0
18000, 2334, 0, 0, 0
18100, 2679, 0, 0, 0
18200, 2436, 0, 0, 0
18300, 2390, 0, 0, 0
18400, 2748, 0, 0, 0
18500, 2767, 0, 0, 0
18600, 2700, 0, 0, 0
18700, 2786, 0, 0, 0
18800, 2397, 0, 0, 0
18900, 2511, 0, 0, 0
19000, 2381, 0, 0, 0
19100, 2652, 0, 0, 0
19200, 2806, 0, 0, 0
19300, 2471, 0, 0, 0
19400, 2489, 0, 0, 0
19500, 3061, 0, 0, 0
19600, 3139, 0, 0, 0
19700, 2710, 0, 0, 0
19800, 2766, 0, 0, 0
19900, 2646, 0, 0, 0
20000, 2568, 0, 0, 0
20100, 2991, 0, 0, 0
20200, 2906, 0, 0, 0
20300, 3109, 0, 0, 0
20400, 2956, 0, 0, 0
20500, 2896, 0, 0, 0
20600, 2871, 0, 0, 0
20700, 2760, 0, 0, 0
20800, 2781, 0, 0, 0
20900, 2911, 0, 0, 0
21000, 2816, 0, 0, 0
21100, 2672, 0, 0, 0
21200, 2765, 0, 0, 0
21300, 2743, 0, 0, 0
21400, 2724, 0, 0, 0
21500, 2824, 0, 0, 0
21600, 2828, 0, 0, 0
21700, 2719, 0, 0, 0
21800, 3560, 0, 0, 0
21900, 3698, 0, 0, 0
22000, 3319, 0, 0, 0
22100, 2947, 0, 0, 0
22200, 2705, 0, 0, 0
22300, 3128, 0, 0, 0
22400, 3255, 0, 0, 0
22500, 3459, 0, 0, 0
22600, 2710, 0, 0, 0
22700, 2664, 0, 0, 0
22800, 2571, 0, 0, 0
22900, 2572, 0, 0, 0
23000, 2254, 0, 0, 0
23100, 2356, 0, 0, 0
23200, 2550, 0, 0, 0
23300, 2659, 0, 0, 0
23400, 2432, 0, 0, 0
23500, 2703, 0, 0, 0
23600, 2634, 0, 0, 0
23700, 2674, 0, 0, 0
23800, 2781, 0, 0, 0
23900, 2909, 0, 0, 0
24000, 2949, 0, 0, 0
24100, 2987, 0, 0, 0
24200, 2884, 0, 0, 0
24300, 2738, 0, 0, 0
24400, 2671, 0, 0, 0
24500, 2637, 0, 0, 0
24600, 2883, 0, 0, 0
24700, 2855, 0, 0, 0
24800, 2751, 0, 0, 0
24900, 2730, 0, 0, 0
25000, 2588, 0, 0, 0
25100, 2805, 0, 0, 0
25200, 3314, 0, 0, 0
25300, 2758, 0, 0, 0
25400, 2910, 0, 0, 0
25500, 3056, 0, 0, 0
25600, 2783, 0, 0, 0
25700, 2809, 0, 0, 0
25800, 2829, 0, 0, 0
25900, 3002, 0, 0, 0
26000, 3145, 0, 0, 0
26100, 3588, 0, 0, 0
26200, 3678, 0, 0, 0
26300, 3138, 0, 0, 0
26400, 3167, 0, 0, 0
26500, 2826, 0, 0, 0
26600, 2488, 0, 0, 0
26700, 3171, 0, 0, 0
26800, 2795, 0, 0, 0
26900, 3171, 0, 0, 0
27000, 2561, 0, 0, 0
27100, 2996, 0, 0, 0
27200, 2984, 0, 0, 0
27300, 3142, 0, 0, 0
27400, 3148, 0, 0, 0
27500, 3901, 0, 0, 0
27600, 4289, 0, 0, 0
27700, 3358, 0, 0, 0
27800, 3598, 0, 0, 0
27900, 3942, 0, 0, 0
28000, 3910, 0, 0, 0
28100, 3257, 0, 0, 0
28200, 3180, 0, 0, 0
28300, 3743, 0, 0, 0
28400, 3530, 0, 0, 0
28500, 3024, 0, 0, 0
28600, 3176, 0, 0, 0
28700, 3997, 0, 0, 0
28800, 3991, 0, 0, 0
28900, 4248, 0, 0, 0
29000, 4276, 0, 0, 0
29100, 3839, 0, 0, 0
29200, 3896, 0, 0, 0
29300, 3338, 0, 0, 0
29400, 3482, 0, 0, 0
29500, 3844, 0, 0, 0
29600, 3292, 0, 0, 0
29700, 3490, 0, 0, 0
29800, 3509, 0, 0, 0
29900, 3812, 0, 0, 0
30000, 2896, 0, 0, 0
30100, 3229, 0, 0, 0
30200, 2950, 0, 0, 0
30300, 3662, 0, 0, 0
30400, 3346, 0, 0, 0
30500, 3008, 0, 0, 0
30600, 2913, 0, 0, 0
30700, 3407, 0, 0, 0
30800, 3151, 0, 0, 0
30900, 3395, 0, 0, 0
31000, 3222, 0, 0, 0
31100, 3122, 0, 0, 0
31200, 3473, 0, 0, 0
31300, 2807, 0, 0, 0
31400, 2976, 0, 0, 0
31500, 3232, 0, 0, 0
31600, 2635, 0, 0, 0
31700, 3124, 0, 0, 0
31800, 2906, 0, 0, 0
31900, 2733, 0, 0, 0
32000, 2508, 0, 0, 0
32100, 2736, 0, 0, 0
32200, 3147, 0, 0, 0
32300, 3405, 0, 0, 0
32400, 2935, 0, 0, 0
32500, 3467, 0, 0, 0
32600, 2906, 0, 0, 0
32700, 3414, 0, 0, 0
32800, 3550, 0, 0, 0
32900, 3700, 0, 0, 0
33000, 2987, 0, 0, 0
33100, 3065, 0, 0, 0
33200, 3161, 0, 0, 0
33300, 3093, 0, 0, 0
33400, 2859, 0, 0, 0
33500, 2651, 0, 0, 0
33600, 2672, 0, 0, 0
33700, 2695, 0, 0, 0
33800, 2591, 0, 0, 0
33900, 2741, 0, 0, 0
34000, 3114, 0, 0, 0
34100, 4175, 0, 0, 0
34200, 3907, 0, 0, 0
34300, 2915, 0, 0, 0
34400, 2756, 0, 0, 0
34500, 2963, 0, 0, 0
34600, 3108, 0, 0, 0
34700, 2426, 0, 0, 0
34800, 2608, 0, 0, 0
34900, 3397, 0, 0, 0
35000, 3144, 0, 0, 0
35100, 4474, 0, 0, 0
35200, 5285, 0, 0, 0
35300, 5375, 0, 0, 0
35400, 3673, 0, 0, 0
35500, 3006, 0, 0, 0
35600, 2966, 0, 0, 0
35700, 3013, 0, 0, 0
35800, 2525, 0, 0, 0
35900, 2911, 0, 0, 0
36000, 2617, 0, 0, 0
36100, 2939, 0, 0, 0
36200, 2828, 0, 0, 0
36300, 2985, 0, 0, 0
36400, 2609, 0, 0, 0
36500, 2728, 0, 0, 0
36600, 2577, 0, 0, 0
36700, 2595, 0, 0, 0
36800, 2874, 0, 0, 0
36900, 2740, 0, 0, 0
37000, 2999, 0, 0, 0
37100, 3137, 0, 0, 0
37200, 3782, 0, 0, 0
37300, 3665, 0, 0, 0
37400, 3776, 0, 0, 0
37500, 3861, 0, 0, 0
37600, 4000, 0, 0, 0
37700, 3452, 0, 0, 0
37800, 3340, 0, 0, 0
37900, 3318, 0, 0, 0
38000, 3383, 0, 0, 0
38100, 3618, 0, 0, 0
38200, 2703, 0, 0, 0
38300, 2808, 0, 0, 0
38400, 2697, 0, 0, 0
38500, 2889, 0, 0, 0
38600, 2718, 0, 0, 0
38700, 2650, 0, 0, 0
38800, 2974, 0, 0, 0
38900, 3013, 0, 0, 0
39000, 3052, 0, 0, 0
39100, 2970, 0, 0, 0
39200, 2746, 0, 0, 0
39300, 3001, 0, 0, 0
39400, 3523, 0, 0, 0
39500, 3307, 0, 0, 0
39600, 3813, 0, 0, 0
39700, 3191, 0, 0, 0
39800, 3212, 0, 0, 0
39900, 3374, 0, 0, 0
40000, 3345, 0, 0, 0
40100, 3384, 0, 0, 0
40200, 3523, 0, 0, 0
40300, 2765, 0, 0, 0
40400, 3530, 0, 0, 0
40500, 3360, 0, 0, 0
40600, 3408, 0, 0, 0
40700, 3519, 0, 0, 0
40800, 3540, 0, 0, 0
40900, 2918, 0, 0, 0
41000, 3432, 0, 0, 0
41100, 3658, 0, 0, 0
41200, 3358, 0, 0, 0
41300, 3331, 0, 0, 0
41400, 3297, 0, 0, 0
41500, 3138, 0, 0, 0
41600, 2936, 0, 0, 0
41700, 2346, 0, 0, 0
41800, 2548, 0, 0, 0
41900, 2446, 0, 0, 0
42000, 2538, 0, 0, 0
42100, 2329, 0, 0, 0
42200, 2370, 0, 0, 0
42300, 2365, 0, 0, 0
42400, 2265, 0, 0, 0
42500, 2272, 0, 0, 0
42600, 2306, 0, 0, 0
42700, 2504, 0, 0, 0
42800, 2656, 0, 0, 0
42900, 2495, 0, 0, 0
43000, 2573, 0, 0, 0
43100, 2659, 0, 0, 0
43200, 2629, 0, 0, 0
43300, 2436, 0, 0, 0
43400, 2786, 0, 0, 0
43500, 2719, 0, 0, 0
43600, 2735, 0, 0, 0
43700, 2767, 0, 0, 0
43800, 2715, 0, 0, 0
43900, 2854, 0, 0, 0
44000, 3205, 0, 0, 0
44100, 2795, 0, 0, 0
44200, 2614, 0, 0, 0
44300, 2865, 0, 0, 0
44400, 2592, 0, 0, 0
44500, 2765, 0, 0, 0
44600, 2486, 0, 0, 0
44700, 2862, 0, 0, 0
44800, 3967, 0, 0, 0
44900, 3449, 0, 0, 0
45000, 2616, 0, 0, 0
45100, 2599, 0, 0, 0
45200, 3128, 0, 0, 0
45300, 2967, 0, 0, 0
45400, 3269, 0, 0, 0
45500, 3186, 0, 0, 0
45600, 2419, 0, 0, 0
45700, 2616, 0, 0, 0
45800, 2661, 0, 0, 0
45900, 2738, 0, 0, 0
46000, 2816, 0, 0, 0
46100, 2823, 0, 0, 0
46200, 2888, 0, 0, 0
46300, 2927, 0, 0, 0
46400, 2816, 0, 0, 0
46500, 2519, 0, 0, 0
46600, 2565, 0, 0, 0
46700, 2823, 0, 0, 0
46800, 2983, 0, 0, 0
46900, 2698, 0, 0, 0
47000, 2493, 0, 0, 0
47100, 2486, 0, 0, 0
47200, 2253, 0, 0, 0
47300, 2341, 0, 0, 0
47400, 2359, 0, 0, 0
47500, 2615, 0, 0, 0
47600, 2754, 0, 0, 0
47700, 2841, 0, 0, 0
47800, 2644, 0, 0, 0
47900, 2731, 0, 0, 0
48000, 2777, 0, 0, 0
48100, 2521, 0, 0, 0
48200, 2807, 0, 0, 0
48300, 2643, 0, 0, 0
48400, 2662, 0, 0, 0
48500, 2806, 0, 0, 0
48600, 2651, 0, 0, 0
48700, 2712, 0, 0, 0
48800, 2945, 0, 0, 0
48900, 2855, 0, 0, 0
49000, 2774, 0, 0, 0
49100, 2855, 0, 0, 0
49200, 2683, 0, 0, 0
49300, 2894, 0, 0, 0
49400, 2854, 0, 0, 0
49500, 2741, 0, 0, 0
49600, 2946, 0, 0, 0
49700, 2519, 0, 0, 0
49800, 2447, 0, 0, 0
49900, 2384, 0, 0, 0
50000, 2405, 0, 0, 0
50100, 2399, 0, 0, 0
50200, 2665, 0, 0, 0
50300, 3771, 0, 0, 0
50400, 3888, 0, 0, 0
50500, 3289, 0, 0, 0
50600, 3416, 0, 0, 0
50700, 3458, 0, 0, 0
50800, 4238, 0, 0, 0
50900, 4224, 0, 0, 0
51000, 3718, 0, 0, 0
51100, 2970, 0, 0, 0
51200, 3250, 0, 0, 0
51300, 3456, 0, 0, 0
51400, 3128, 0, 0, 0
51500, 3419, 0, 0, 0
51600, 2961, 0, 0, 0
51700, 2833, 0, 0, 0
51800, 2928, 0, 0, 0
51900, 3099, 0, 0, 0
52000, 3067, 0, 0, 0
52100, 2821, 0, 0, 0
52200, 2956, 0, 0, 0
52300, 2743, 0, 0, 0
52400, 2713, 0, 0, 0
52500, 2672, 0, 0, 0
52600, 2684, 0, 0, 0
52700, 3182, 0, 0, 0
52800, 3985, 0, 0, 0
52900, 3950, 0, 0, 0
53000, 3324, 0, 0, 0
53100, 3030, 0, 0, 0
53200, 3217, 0, 0, 0
53300, 3404, 0, 0, 0
53400, 3378, 0, 0, 0
53500, 3183, 0, 0, 0
53600, 3203, 0, 0, 0
53700, 3773, 0, 0, 0
53800, 3683, 0, 0, 0
53900, 3364, 0, 0, 0
54000, 3485, 0, 0, 0
54100, 4045, 0, 0, 0
54200, 3979, 0, 0, 0
54300, 3940, 0, 0, 0
54400, 3589, 0, 0, 0
54500, 3572, 0, 0, 0
54600, 3671, 0, 0, 0
54700, 3702, 0, 0, 0
54800, 3707, 0, 0, 0
54900, 3319, 0, 0, 0
55000, 3055, 0, 0, 0
55100, 3446, 0, 0, 0
55200, 3341, 0, 0, 0
55300, 2657, 0, 0, 0
55400, 2647, 0, 0, 0
55500, 2838, 0, 0, 0
55600, 2629, 0, 0, 0
55700, 3054, 0, 0, 0
55800, 2925, 0, 0, 0
55900, 2550, 0, 0, 0
56000, 2806, 0, 0, 0
56100, 2514, 0, 0, 0
56200, 3109, 0, 0, 0
56300, 3361, 0, 0, 0
56400, 3942, 0, 0, 0
56500, 3296, 0, 0, 0
56600, 2862, 0, 0, 0
56700, 2852, 0, 0, 0
56800, 2778, 0, 0, 0
56900, 2618, 0, 0, 0
57000, 2732, 0, 0, 0
57100, 2643, 0, 0, 0
57200, 2854, 0, 0, 0
57300, 2393, 0, 0, 0
57400, 2452, 0, 0, 0
57500, 2329, 0, 0, 0
57600, 2393, 0, 0, 0
57700, 2257, 0, 0, 0
57800, 2557, 0, 0, 0
57900, 2490, 0, 0, 0
58000, 2628, 0, 0, 0
58100, 2526, 0, 0, 0
58200, 2668, 0, 0, 0
58300, 2469, 0, 0, 0
58400, 2487, 0, 0, 0
58500, 2625, 0, 0, 0
58600, 2500, 0, 0, 0
58700, 2576, 0, 0, 0
58800, 2632, 0, 0, 0
58900, 2220, 0, 0, 0
59000, 2379, 0, 0, 0
59100, 2303, 0, 0, 0
59200, 2558, 0, 0, 0
59300, 2593, 0, 0, 0
59400, 2843, 0, 0, 0
59500, 2774, 0, 0, 0
59600, 2468, 0, 0, 0
59700, 2739, 0, 0, 0
59800, 2658, 0, 0, 0
59900, 2429, 0, 0, 0
60000, 2546, 0, 0, 0
60100, 2386, 0, 0, 0
60200, 2430, 0, 0, 0
60300, 2806, 0, 0, 0
60400, 2922, 0, 0, 0
60500, 2986, 0, 0, 0
60600, 2874, 0, 0, 0
60700, 2860, 0, 0, 0
60800, 2988, 0, 0, 0
60900, 2721, 0, 0, 0
61000, 2851, 0, 0, 0
61100, 2862, 0, 0, 0
61200, 2528, 0, 0, 0
61300, 2252, 0, 0, 0
61400, 2549, 0, 0, 0
61500, 2382, 0, 0, 0
61600, 2431, 0, 0, 0
61700, 2522, 0, 0, 0
61800, 2327, 0, 0, 0
61900, 2500, 0, 0, 0
62000, 2619, 0, 0, 0
62100, 2699, 0, 0, 0
62200, 2558, 0, 0, 0
62300, 2704, 0, 0, 0
62400, 2645, 0, 0, 0
62500, 2554, 0, 0, 0
62600, 2492, 0, 0, 0
62700, 2467, 0, 0, 0
62800, 2560, 0, 0, 0
62900, 2624, 0, 0, 0
63000, 2686, 0, 0, 0
63100, 2784, 0, 0, 0
63200, 2730, 0, 0, 0
63300, 2674, 0, 0, 0
63400, 2882, 0, 0, 0
63500, 3078, 0, 0, 0
63600, 2711, 0, 0, 0
63700, 2568, 0, 0, 0
63800, 2517, 0, 0, 0
63900, 2761, 0, 0, 0
64000, 2748, 0, 0, 0
64100, 2662, 0, 0, 0
64200, 2832, 0, 0, 0
64300, 2810, 0, 0, 0
64400, 3204, 0, 0, 0
64500, 3020, 0, 0, 0
64600, 2974, 0, 0, 0
64700, 2488, 0, 0, 0
64800, 2484, 0, 0, 0
64900, 2745, 0, 0, 0
65000, 2638, 0, 0, 0
65100, 2580, 0, 0, 0
65200, 2531, 0, 0, 0
65300, 2702, 0, 0, 0
65400, 2735, 0, 0, 0
65500, 2613, 0, 0, 0
65600, 2437, 0, 0, 0
65700, 2771, 0, 0, 0
65800, 2575, 0, 0, 0
65900, 2632, 0, 0, 0
66000, 2588, 0, 0, 0
66100, 2929, 0, 0, 0
66200, 2681, 0, 0, 0
66300, 2706, 0, 0, 0
66400, 2863, 0, 0, 0
66500, 2737, 0, 0, 0
66600, 2588, 0, 0, 0
66700, 2775, 0, 0, 0
66800, 2765, 0, 0, 0
66900, 2781, 0, 0, 0
67000, 2908, 0, 0, 0
67100, 2874, 0, 0, 0
67200, 2904, 0, 0, 0
67300, 2470, 0, 0, 0
67400, 2393, 0, 0, 0
67500, 2361, 0, 0, 0
67600, 2183, 0, 0, 0
67700, 2312, 0, 0, 0
67800, 2675, 0, 0, 0
67900, 2661, 0, 0, 0
68000, 2678, 0, 0, 0
68100, 2658, 0, 0, 0
68200, 2553, 0, 0, 0
68300, 2614, 0, 0, 0
68400, 2844, 0, 0, 0
68500, 3013, 0, 0, 0
68600, 2670, 0, 0, 0
68700, 2836, 0, 0, 0
68800, 2660, 0, 0, 0
68900, 2479, 0, 0, 0
69000, 2896, 0, 0, 0
69100, 2471, 0, 0, 0
69200, 2667, 0, 0, 0
69300, 2617, 0, 0, 0
69400, 2886, 0, 0, 0
69500, 2801, 0, 0, 0
69600, 3066, 0, 0, 0
69700, 2687, 0, 0, 0
69800, 2696, 0, 0, 0
69900, 2534, 0, 0, 0
70000, 2459, 0, 0, 0
70100, 2557, 0, 0, 0
70200, 2215, 0, 0, 0
70300, 2721, 0, 0, 0
70400, 2768, 0, 0, 0
70500, 2945, 0, 0, 0
70600, 2786, 0, 0, 0
70700, 2506, 0, 0, 0
70800, 2565, 0, 0, 0
70900, 2313, 0, 0, 0
71000, 2559, 0, 0, 0
71100, 2870, 0, 0, 0
71200, 2858, 0, 0, 0
71300, 2725, 0, 0, 0
71400, 2623, 0, 0, 0
71500, 2752, 0, 0, 0
71600, 2663, 0, 0, 0
71700, 2353, 0, 0, 0
71800, 2456, 0, 0, 0
71900, 2428, 0, 0, 0
72000, 2365, 0, 0, 0
72100, 2754, 0, 0, 0
72200, 2528, 0, 0, 0
72300, 2821, 0, 0, 0
72400, 2723, 0, 0, 0
72500, 2567, 0, 0, 0
72600, 2353, 0, 0, 0
72700, 2642, 0, 0, 0
72800, 2705, 0, 0, 0
72900, 3384, 0, 0, 0
73000, 4193, 0, 0, 0
73100, 3568, 0, 0, 0
73200, 3127, 0, 0, 0
73300, 3238, 0, 0, 0
73400, 3424, 0, 0, 0
73500, 4077, 0, 0, 0
73600, 3732, 0, 0, 0
73700, 3363, 0, 0, 0
73800, 3983, 0, 0, 0
73900, 3663, 0, 0, 0
74000, 2784, 0, 0, 0
74100, 2604, 0, 0, 0
74200, 2872, 0, 0, 0
74300, 2673, 0, 0, 0
74400, 2723, 0, 0, 0
74500, 2625, 0, 0, 0
74600, 2693, 0, 0, 0
74700, 2288, 0, 0, 0
74800, 2244, 0, 0, 0
74900, 2443, 0, 0, 0
75000, 2396, 0, 0, 0
75100, 2220, 0, 0, 0
75200, 2446, 0, 0, 0
75300, 2464, 0, 0, 0
75400, 2435, 0, 0, 0
75500, 2153, 0, 0, 0
75600, 2260, 0, 0, 0
75700, 2304, 0, 0, 0
75800, 2223, 0, 0, 0
75900, 2565, 0, 0, 0
76000, 2432, 0, 0, 0
76100, 2602, 0, 0, 0
76200, 2708, 0, 0, 0
76300, 2606, 0, 0, 0
76400, 2902, 0, 0, 0
76500, 2786, 0, 0, 0
76600, 2759, 0, 0, 0
76700, 2709, 0, 0, 0
76800, 2919, 0, 0, 0
76900, 2685, 0, 0, 0
77000, 3012, 0, 0, 0
77100, 2747, 0, 0, 0
77200, 2559, 0, 0, 0
77300, 2505, 0, 0, 0
77400, 2456, 0, 0, 0
77500, 2417, 0, 0, 0
77600, 2961, 0, 0, 0
77700, 3050, 0, 0, 0
77800, 3188, 0, 0, 0
77900, 3432, 0, 0, 0
78000, 3575, 0, 0, 0
78100, 2946, 0, 0, 0
78200, 2993, 0, 0, 0
78300, 3016, 0, 0, 0
78400, 3280, 0, 0, 0
78500, 3032, 0, 0, 0
78600, 2940, 0, 0, 0
78700, 2594, 0, 0, 0
78800, 2904, 0, 0, 0
78900, 4258, 0, 0, 0
79000, 3753, 0, 0, 0
79100, 3970, 0, 0, 0
79200, 3297, 0, 0, 0
79300, 2938, 0, 0, 0
79400, 3221, 0, 0, 0
79500, 3025, 0, 0, 0
79600, 3251, 0, 0, 0
79700, 2604, 0, 0, 0
79800, 2545, 0, 0, 0
79900, 3600, 0, 0, 0
80000, 2871, 0, 0, 0
80100, 2658, 0, 0, 0
80200, 2633, 0, 0, 0
80300, 3087, 0, 0, 0
80400, 3024, 0, 0, 0
80500, 2659, 0, 0, 0
80600, 2912, 0, 0, 0
80700, 2849, 0, 0, 0
80800, 2903, 0, 0, 0
80900, 3063, 0, 0, 0
81000, 2895, 0, 0, 0
81100, 3096, 0, 0, 0
81200, 3095, 0, 0, 0
81300, 2667, 0, 0, 0
81400, 2939, 0, 0, 0
81500, 2687, 0, 0, 0
81600, 2723, 0, 0, 0
81700, 2957, 0, 0, 0
81800, 2672, 0, 0, 0
81900, 2748, 0, 0, 0
82000, 2877, 0, 0, 0
82100, 2965, 0, 0, 0
82200, 2938, 0, 0, 0
82300, 3193, 0, 0, 0
82400, 3157, 0, 0, 0
82500, 3083, 0, 0, 0
82600, 3484, 0, 0, 0
82700, 3824, 0, 0, 0
82800, 4081, 0, 0, 0
82900, 3263, 0, 0, 0
83000, 2719, 0, 0, 0
83100, 2564, 0, 0, 0
83200, 2752, 0, 0, 0
83300, 2709, 0, 0, 0
83400, 3027, 0, 0, 0
83500, 3357, 0, 0, 0
83600, 3380, 0, 0, 0
83700, 2987, 0, 0, 0
83800, 2918, 0, 0, 0
83900, 3542, 0, 0, 0
84000, 4095, 0, 0, 0
84100, 3896, 0, 0, 0
84200, 3549, 0, 0, 0
84300, 3263, 0, 0, 0
84400, 3274, 0, 0, 0
84500, 3148, 0, 0, 0
84600, 4139, 0, 0, 0
84700, 4079, 0, 0, 0
84800, 3439, 0, 0, 0
84900, 3309, 0, 0, 0
85000, 3347, 0, 0, 0
85100, 3295, 0, 0, 0
85200, 2712, 0, 0, 0
85300, 2589, 0, 0, 0
85400, 2603, 0, 0, 0
85500, 2579, 0, 0, 0
85600, 2650, 0, 0, 0
85700, 2476, 0, 0, 0
85800, 2646, 0, 0, 0
85900, 2830, 0, 0, 0
86000, 2746, 0, 0, 0
86100, 2469, 0, 0, 0
86200, 2702, 0, 0, 0
86300, 2644, 0, 0, 0
86400, 2406, 0, 0, 0
86500, 2710, 0, 0, 0
86600, 2569, 0, 0, 0
86700, 2830, 0, 0, 0
86800, 2734, 0, 0, 0
86900, 2625, 0, 0, 0
87000, 2858, 0, 0, 0
87100, 3085, 0, 0, 0
87200, 2967, 0, 0, 0
87300, 2883, 0, 0, 0
87400, 3081, 0, 0, 0
87500, 2685, 0, 0, 0
87600, 2637, 0, 0, 0
87700, 2790, 0, 0, 0
87800, 2422, 0, 0, 0
87900, 2373, 0, 0, 0
88000, 2649, 0, 0, 0
88100, 2449, 0, 0, 0
88200, 2784, 0, 0, 0
88300, 2448, 0, 0, 0
88400, 2418, 0, 0, 0
88500, 2478, 0, 0, 0
88600, 2874, 0, 0, 0
88700, 3219, 0, 0, 0
88800, 3249, 0, 0, 0
88900, 3289, 0, 0, 0
89000, 3338, 0, 0, 0
89100, 3240, 0, 0, 0
89200, 3644, 0, 0, 0
89300, 3771, 0, 0, 0
89400, 3359, 0, 0, 0
89500, 3596, 0, 0, 0
89600, 3394, 0, 0, 0
89700, 3328, 0, 0, 0
89800, 3425, 0, 0, 0
89900, 3501, 0, 0, 0
90000, 2541, 0, 0, 0
