100, 306498, 0, 0, 0
200, 304322, 0, 0, 0
300, 308079, 0, 0, 0
400, 305722, 0, 0, 0
500, 299541, 0, 0, 0
600, 294732, 0, 0, 0
700, 315175, 0, 0, 0
800, 307706, 0, 0, 0
900, 311671, 0, 0, 0
1000, 302345, 0, 0, 0
1100, 312709, 0, 0, 0
1200, 314711, 0, 0, 0
1300, 303147, 0, 0, 0
1400, 303918, 0, 0, 0
1500, 303248, 0, 0, 0
1600, 304347, 0, 0, 0
1700, 304864, 0, 0, 0
1800, 302040, 0, 0, 0
1900, 306264, 0, 0, 0
2000, 303287, 0, 0, 0
2100, 302249, 0, 0, 0
2200, 303541, 0, 0, 0
2300, 309380, 0, 0, 0
2400, 304650, 0, 0, 0
2500, 306826, 0, 0, 0
2600, 312682, 0, 0, 0
2700, 300917, 0, 0, 0
2800, 298353, 0, 0, 0
2900, 296970, 0, 0, 0
3000, 316950, 0, 0, 0
3100, 302929, 0, 0, 0
3200, 301988, 0, 0, 0
3300, 294239, 0, 0, 0
3400, 307144, 0, 0, 0
3500, 302552, 0, 0, 0
3600, 303656, 0, 0, 0
3700, 300035, 0, 0, 0
3800, 300304, 0, 0, 0
3900, 305284, 0, 0, 0
4000, 304993, 0, 0, 0
4100, 302677, 0, 0, 0
4200, 300233, 0, 0, 0
4300, 301919, 0, 0, 0
4400, 305093, 0, 0, 0
4500, 300880, 0, 0, 0
4600, 299975, 0, 0, 0
4700, 301263, 0, 0, 0
4800, 306556, 0, 0, 0
4900, 299752, 0, 0, 0
5000, 306245, 0, 0, 0
5100, 304383, 0, 0, 0
5200, 302905, 0, 0, 0
5300, 307041, 0, 0, 0
5400, 304618, 0, 0, 0
5500, 302408, 0, 0, 0
5600, 293481, 0, 0, 0
5700, 306911, 0, 0, 0
5800, 307790, 0, 0, 0
5900, 301107, 0, 0, 0
6000, 306900, 0, 0, 0
6100, 306278, 0, 0, 0
6200, 303762, 0, 0, 0
6300, 296747, 0, 0, 0
6400, 302205, 0, 0, 0
6500, 303637, 0, 0, 0
6600, 303241, 0, 0, 0
6700, 303736, 0, 0, 0
6800, 297879, 0, 0, 0
6900, 297978, 0, 0, 0
7000, 301724, 0, 0, 0
7102, 318509, 0, 0, 0
7200, 308009, 0, 0, 0
7300, 305318, 0, 0, 0
7400, 300206, 0, 0, 0
7500, 301758, 0, 0, 0
7600, 300387, 0, 0, 0
7700, 298425, 0, 0, 0
7800, 299182, 0, 0, 0
7900, 301299, 0, 0, 0
8000, 308763, 0, 0, 0
8100, 303866, 0, 0, 0
8200, 308516, 0, 0, 0
8300, 319237, 0, 0, 0
8400, 299843, 0, 0, 0
8500, 309893, 0, 0, 0
8600, 306145, 0, 0, 0
8700, 306343, 0, 0, 0
8800, 308595, 0, 0, 0
8900, 303762, 0, 0, 0
9000, 299579, 0, 0, 0
9100, 299786, 0, 0, 0
9200, 300814, 0, 0, 0
9300, 303141, 0, 0, 0
9400, 303145, 0, 0, 0
9500, 303925, 0, 0, 0
9600, 307795, 0, 0, 0
9700, 301888, 0, 0, 0
9800, 297117, 0, 0, 0
9900, 297623, 0, 0, 0
10000, 306271, 0, 0, 0
10100, 302790, 0, 0, 0
10200, 316330, 0, 0, 0
10300, 308325, 0, 0, 0
10400, 310647, 0, 0, 0
10500, 300211, 0, 0, 0
10600, 307742, 0, 0, 0
10700, 308025, 0, 0, 0
10800, 302432, 0, 0, 0
10900, 307677, 0, 0, 0
11000, 308678, 0, 0, 0
11100, 304726, 0, 0, 0
11200, 303418, 0, 0, 0
11300, 304579, 0, 0, 0
11400, 306436, 0, 0, 0
11500, 298933, 0, 0, 0
11600, 310410, 0, 0, 0
11700, 308940, 0, 0, 0
11800, 299849, 0, 0, 0
11900, 298111, 0, 0, 0
12000, 298762, 0, 0, 0
12100, 301583, 0, 0, 0
12200, 295987, 0, 0, 0
12300, 298707, 0, 0, 0
12400, 299998, 0, 0, 0
12500, 301961, 0, 0, 0
12600, 312629, 0, 0, 0
12700, 303086, 0, 0, 0
12800, 303648, 0, 0, 0
12900, 307908, 0, 0, 0
13000, 303037, 0, 0, 0
13100, 307941, 0, 0, 0
13200, 310617, 0, 0, 0
13300, 302457, 0, 0, 0
13400, 304723, 0, 0, 0
13500, 306726, 0, 0, 0
13600, 304945, 0, 0, 0
13700, 297479, 0, 0, 0
13800, 307467, 0, 0, 0
13900, 297429, 0, 0, 0
14000, 298843, 0, 0, 0
14100, 298536, 0, 0, 0
14200, 307361, 0, 0, 0
14300, 299367, 0, 0, 0
14400, 301679, 0, 0, 0
14500, 312621, 0, 0, 0
14600, 304870, 0, 0, 0
14700, 312583, 0, 0, 0
14800, 299914, 0, 0, 0
14900, 299581, 0, 0, 0
15000, 306691, 0, 0, 0
15100, 314578, 0, 0, 0
15200, 298086, 0, 0, 0
15300, 302158, 0, 0, 0
15400, 303616, 0, 0, 0
15500, 302726, 0, 0, 0
15600, 304138, 0, 0, 0
15700, 313472, 0, 0, 0
15800, 295845, 0, 0, 0
15900, 299495, 0, 0, 0
16000, 303268, 0, 0, 0
16100, 302284, 0, 0, 0
16200, 303990, 0, 0, 0
16300, 303548, 0, 0, 0
16400, 301878, 0, 0, 0
16500, 305877, 0, 0, 0
16600, 306503, 0, 0, 0
16700, 307833, 0, 0, 0
16800, 311207, 0, 0, 0
16900, 298975, 0, 0, 0
17000, 300096, 0, 0, 0
17100, 301071, 0, 0, 0
17200, 299832, 0, 0, 0
17300, 301214, 0, 0, 0
17400, 311625, 0, 0, 0
17500, 303584, 0, 0, 0
17600, 302486, 0, 0, 0
17700, 300408, 0, 0, 0
17800, 308193, 0, 0, 0
17900, 300699, 0, 0, 0
18000, 295390, 0, 0, 0
18100, 298256, 0, 0, 0
18200, 306831, 0, 0, 0
18300, 303656, 0, 0, 0
18400, 297163, 0, 0, 0
18500, 299857, 0, 0, 0
18600, 304924, 0, 0, 0
18700, 303420, 0, 0, 0
18800, 309370, 0, 0, 0
18900, 302447, 0, 0, 0
19000, 301902, 0, 0, 0
19100, 295947, 0, 0, 0
19200, 306273, 0, 0, 0
19300, 300433, 0, 0, 0
19400, 307958, 0, 0, 0
19500, 302408, 0, 0, 0
19600, 295717, 0, 0, 0
19700, 304547, 0, 0, 0
19800, 304369, 0, 0, 0
19900, 300548, 0, 0, 0
20000, 309222, 0, 0, 0
20100, 305195, 0, 0, 0
20200, 307204, 0, 0, 0
20300, 299991, 0, 0, 0
20400, 299627, 0, 0, 0
20500, 306097, 0, 0, 0
20600, 308727, 0, 0, 0
20700, 300733, 0, 0, 0
20800, 301050, 0, 0, 0
20900, 300488, 0, 0, 0
21000, 303456, 0, 0, 0
21100, 307641, 0, 0, 0
21200, 302968, 0, 0, 0
21300, 300142, 0, 0, 0
21400, 306848, 0, 0, 0
21500, 302157, 0, 0, 0
21600, 308543, 0, 0, 0
21700, 310513, 0, 0, 0
21800, 305732, 0, 0, 0
21900, 304470, 0, 0, 0
22000, 301926, 0, 0, 0
22100, 301248, 0, 0, 0
22200, 301595, 0, 0, 0
22300, 299986, 0, 0, 0
22400, 299841, 0, 0, 0
22500, 306053, 0, 0, 0
22600, 307053, 0, 0, 0
22700, 307962, 0, 0, 0
22800, 304896, 0, 0, 0
22900, 302490, 0, 0, 0
23000, 297727, 0, 0, 0
23100, 302104, 0, 0, 0
23200, 305608, 0, 0, 0
23300, 308595, 0, 0, 0
23400, 304232, 0, 0, 0
23500, 307436, 0, 0, 0
23600, 303232, 0, 0, 0
23700, 305469, 0, 0, 0
23800, 311827, 0, 0, 0
23900, 299093, 0, 0, 0
24000, 302959, 0, 0, 0
24100, 300237, 0, 0, 0
24200, 298658, 0, 0, 0
24300, 307247, 0, 0, 0
24400, 307701, 0, 0, 0
24500, 316320, 0, 0, 0
24600, 304037, 0, 0, 0
24700, 296047, 0, 0, 0
24800, 297908, 0, 0, 0
24900, 302640, 0, 0, 0
25000, 305654, 0, 0, 0
25100, 301766, 0, 0, 0
25200, 307353, 0, 0, 0
25300, 303756, 0, 0, 0
25400, 310194, 0, 0, 0
25500, 301171, 0, 0, 0
25600, 300097, 0, 0, 0
25700, 301139, 0, 0, 0
25800, 304429, 0, 0, 0
25900, 300320, 0, 0, 0
26000, 304142, 0, 0, 0
26100, 299521, 0, 0, 0
26200, 302495, 0, 0, 0
26300, 300428, 0, 0, 0
26400, 300012, 0, 0, 0
26500, 300942, 0, 0, 0
26600, 312876, 0, 0, 0
26700, 302407, 0, 0, 0
26800, 299616, 0, 0, 0
26900, 300918, 0, 0, 0
27000, 310312, 0, 0, 0
27100, 296377, 0, 0, 0
27200, 304241, 0, 0, 0
27300, 313244, 0, 0, 0
27400, 307803, 0, 0, 0
27500, 306953, 0, 0, 0
27600, 298544, 0, 0, 0
27700, 306774, 0, 0, 0
27800, 306805, 0, 0, 0
27900, 307530, 0, 0, 0
28000, 304312, 0, 0, 0
28100, 304600, 0, 0, 0
28200, 303057, 0, 0, 0
28300, 297838, 0, 0, 0
28400, 305071, 0, 0, 0
28500, 302568, 0, 0, 0
28600, 314593, 0, 0, 0
28700, 303367, 0, 0, 0
28800, 311325, 0, 0, 0
28900, 303926, 0, 0, 0
29000, 301153, 0, 0, 0
29100, 304324, 0, 0, 0
29200, 306947, 0, 0, 0
29300, 297148, 0, 0, 0
29400, 297222, 0, 0, 0
29500, 303866, 0, 0, 0
29600, 310057, 0, 0, 0
29700, 303566, 0, 0, 0
29800, 303777, 0, 0, 0
29900, 304640, 0, 0, 0
30000, 303302, 0, 0, 0
30100, 303704, 0, 0, 0
30200, 299268, 0, 0, 0
30300, 307319, 0, 0, 0
30400, 299564, 0, 0, 0
30500, 303899, 0, 0, 0
30600, 297946, 0, 0, 0
30700, 299394, 0, 0, 0
30800, 301818, 0, 0, 0
30900, 303230, 0, 0, 0
31000, 298738, 0, 0, 0
31100, 304141, 0, 0, 0
31200, 302475, 0, 0, 0
31300, 299369, 0, 0, 0
31400, 294604, 0, 0, 0
31500, 297783, 0, 0, 0
31600, 301998, 0, 0, 0
31700, 301572, 0, 0, 0
31800, 301222, 0, 0, 0
31900, 291575, 0, 0, 0
32000, 295229, 0, 0, 0
32100, 304592, 0, 0, 0
32200, 302590, 0, 0, 0
32300, 297459, 0, 0, 0
32400, 298974, 0, 0, 0
32500, 294627, 0, 0, 0
32600, 300017, 0, 0, 0
32700, 307594, 0, 0, 0
32800, 306344, 0, 0, 0
32900, 302631, 0, 0, 0
33000, 303068, 0, 0, 0
33100, 304705, 0, 0, 0
33200, 295286, 0, 0, 0
33300, 296290, 0, 0, 0
33400, 301006, 0, 0, 0
33500, 297048, 0, 0, 0
33600, 297946, 0, 0, 0
33700, 312057, 0, 0, 0
33800, 303321, 0, 0, 0
33900, 307990, 0, 0, 0
34000, 306143, 0, 0, 0
34100, 305938, 0, 0, 0
34200, 304377, 0, 0, 0
34300, 300298, 0, 0, 0
34400, 306845, 0, 0, 0
34500, 304114, 0, 0, 0
34600, 303777, 0, 0, 0
34700, 299059, 0, 0, 0
34800, 308602, 0, 0, 0
34900, 296987, 0, 0, 0
35000, 304286, 0, 0, 0
35100, 299456, 0, 0, 0
35200, 301999, 0, 0, 0
35300, 299578, 0, 0, 0
35400, 294735, 0, 0, 0
35500, 299689, 0, 0, 0
35600, 303618, 0, 0, 0
35700, 299252, 0, 0, 0
35800, 300407, 0, 0, 0
35900, 287342, 0, 0, 0
36000, 296060, 0, 0, 0
36100, 299041, 0, 0, 0
36200, 297744, 0, 0, 0
36300, 303405, 0, 0, 0
36400, 297753, 0, 0, 0
36500, 301639, 0, 0, 0
36600, 309407, 0, 0, 0
36700, 303811, 0, 0, 0
36800, 306808, 0, 0, 0
36900, 303753, 0, 0, 0
37000, 304435, 0, 0, 0
37100, 307119, 0, 0, 0
37200, 300764, 0, 0, 0
37300, 295335, 0, 0, 0
37400, 300887, 0, 0, 0
37500, 302493, 0, 0, 0
37600, 306775, 0, 0, 0
37700, 300238, 0, 0, 0
37800, 303330, 0, 0, 0
37900, 302332, 0, 0, 0
38000, 296039, 0, 0, 0
38100, 303530, 0, 0, 0
38200, 303131, 0, 0, 0
38300, 298192, 0, 0, 0
38400, 320371, 0, 0, 0
38500, 311244, 0, 0, 0
38600, 306767, 0, 0, 0
38700, 301172, 0, 0, 0
38800, 301768, 0, 0, 0
38900, 298449, 0, 0, 0
39000, 302800, 0, 0, 0
39100, 305529, 0, 0, 0
39200, 305265, 0, 0, 0
39300, 303804, 0, 0, 0
39400, 297008, 0, 0, 0
39500, 306382, 0, 0, 0
39600, 296104, 0, 0, 0
39700, 299191, 0, 0, 0
39800, 304605, 0, 0, 0
39900, 295446, 0, 0, 0
40000, 297208, 0, 0, 0
40100, 303448, 0, 0, 0
40200, 305575, 0, 0, 0
40300, 305725, 0, 0, 0
40400, 299844, 0, 0, 0
40500, 297521, 0, 0, 0
40600, 303248, 0, 0, 0
40700, 301293, 0, 0, 0
40800, 301519, 0, 0, 0
40900, 303210, 0, 0, 0
41000, 302306, 0, 0, 0
41100, 308347, 0, 0, 0
41200, 299654, 0, 0, 0
41300, 310483, 0, 0, 0
41400, 300723, 0, 0, 0
41500, 305279, 0, 0, 0
41600, 314673, 0, 0, 0
41700, 301956, 0, 0, 0
41800, 295613, 0, 0, 0
41900, 309488, 0, 0, 0
42000, 316791, 0, 0, 0
42100, 300282, 0, 0, 0
42200, 296771, 0, 0, 0
42300, 300218, 0, 0, 0
42400, 304135, 0, 0, 0
42500, 308748, 0, 0, 0
42600, 300140, 0, 0, 0
42700, 315101, 0, 0, 0
42800, 299630, 0, 0, 0
42900, 307013, 0, 0, 0
43000, 304958, 0, 0, 0
43100, 297859, 0, 0, 0
43200, 298733, 0, 0, 0
43300, 300548, 0, 0, 0
43400, 305337, 0, 0, 0
43500, 301842, 0, 0, 0
43600, 306562, 0, 0, 0
43700, 306212, 0, 0, 0
43800, 301994, 0, 0, 0
43900, 306942, 0, 0, 0
44000, 304068, 0, 0, 0
44100, 305061, 0, 0, 0
44200, 322085, 0, 0, 0
44300, 297815, 0, 0, 0
44400, 307905, 0, 0, 0
44500, 302274, 0, 0, 0
44600, 301782, 0, 0, 0
44700, 297284, 0, 0, 0
44800, 303867, 0, 0, 0
44900, 308928, 0, 0, 0
45000, 303918, 0, 0, 0
45100, 304735, 0, 0, 0
45200, 304251, 0, 0, 0
45300, 300297, 0, 0, 0
45400, 303632, 0, 0, 0
45500, 298058, 0, 0, 0
45600, 300124, 0, 0, 0
45700, 304599, 0, 0, 0
45800, 298847, 0, 0, 0
45900, 310537, 0, 0, 0
46000, 291906, 0, 0, 0
46100, 295586, 0, 0, 0
46200, 307489, 0, 0, 0
46300, 302847, 0, 0, 0
46400, 296873, 0, 0, 0
46500, 310847, 0, 0, 0
46600, 305945, 0, 0, 0
46700, 299888, 0, 0, 0
46800, 299370, 0, 0, 0
46900, 306571, 0, 0, 0
47000, 303848, 0, 0, 0
47100, 303863, 0, 0, 0
47200, 309194, 0, 0, 0
47300, 296863, 0, 0, 0
47400, 303737, 0, 0, 0
47500, 310850, 0, 0, 0
47600, 302248, 0, 0, 0
47700, 302235, 0, 0, 0
47800, 302753, 0, 0, 0
47900, 299620, 0, 0, 0
48000, 304930, 0, 0, 0
48100, 297892, 0, 0, 0
48200, 307001, 0, 0, 0
48300, 304045, 0, 0, 0
48400, 297399, 0, 0, 0
48500, 303909, 0, 0, 0
48600, 309411, 0, 0, 0
48700, 299097, 0, 0, 0
48800, 301884, 0, 0, 0
48900, 299954, 0, 0, 0
49000, 293260, 0, 0, 0
49100, 310811, 0, 0, 0
49200, 293483, 0, 0, 0
49300, 301484, 0, 0, 0
49400, 301658, 0, 0, 0
49500, 300002, 0, 0, 0
49600, 302151, 0, 0, 0
49700, 299044, 0, 0, 0
49800, 289919, 0, 0, 0
49900, 296093, 0, 0, 0
50000, 300080, 0, 0, 0
50100, 301892, 0, 0, 0
50200, 307198, 0, 0, 0
50300, 296284, 0, 0, 0
50400, 304422, 0, 0, 0
50500, 301693, 0, 0, 0
50600, 308621, 0, 0, 0
50700, 311051, 0, 0, 0
50800, 299915, 0, 0, 0
50900, 299106, 0, 0, 0
51000, 305574, 0, 0, 0
51100, 304411, 0, 0, 0
51200, 299191, 0, 0, 0
51300, 297223, 0, 0, 0
51400, 294218, 0, 0, 0
51500, 305730, 0, 0, 0
51600, 303066, 0, 0, 0
51700, 295217, 0, 0, 0
51800, 294707, 0, 0, 0
51900, 305615, 0, 0, 0
52000, 303766, 0, 0, 0
52100, 300776, 0, 0, 0
52200, 300848, 0, 0, 0
52300, 304206, 0, 0, 0
52400, 302628, 0, 0, 0
52500, 304960, 0, 0, 0
52600, 303953, 0, 0, 0
52700, 303245, 0, 0, 0
52800, 303629, 0, 0, 0
52900, 307946, 0, 0, 0
53000, 299166, 0, 0, 0
53100, 324583, 0, 0, 0
53200, 299379, 0, 0, 0
53300, 301825, 0, 0, 0
53400, 310039, 0, 0, 0
53500, 309225, 0, 0, 0
53600, 299261, 0, 0, 0
53700, 302587, 0, 0, 0
53800, 299195, 0, 0, 0
53900, 304605, 0, 0, 0
54000, 303720, 0, 0, 0
54100, 304716, 0, 0, 0
54200, 302749, 0, 0, 0
54300, 304754, 0, 0, 0
54400, 309779, 0, 0, 0
54500, 304785, 0, 0, 0
54600, 306620, 0, 0, 0
54700, 309974, 0, 0, 0
54800, 300432, 0, 0, 0
54900, 301576, 0, 0, 0
55000, 305688, 0, 0, 0
55100, 306205, 0, 0, 0
55200, 298957, 0, 0, 0
55300, 307721, 0, 0, 0
55400, 302578, 0, 0, 0
55500, 298955, 0, 0, 0
55600, 302654, 0, 0, 0
55700, 304187, 0, 0, 0
55800, 304952, 0, 0, 0
55900, 299931, 0, 0, 0
56000, 301847, 0, 0, 0
56100, 296021, 0, 0, 0
56200, 300493, 0, 0, 0
56300, 296689, 0, 0, 0
56400, 296377, 0, 0, 0
56500, 311056, 0, 0, 0
56600, 304615, 0, 0, 0
56700, 292544, 0, 0, 0
56800, 308598, 0, 0, 0
56900, 299374, 0, 0, 0
57000, 299700, 0, 0, 0
57100, 307179, 0, 0, 0
57200, 298217, 0, 0, 0
57300, 302020, 0, 0, 0
57400, 305226, 0, 0, 0
57500, 307081, 0, 0, 0
57600, 301887, 0, 0, 0
57700, 300089, 0, 0, 0
57800, 300459, 0, 0, 0
57900, 305259, 0, 0, 0
58000, 312303, 0, 0, 0
58100, 305896, 0, 0, 0
58200, 302774, 0, 0, 0
58300, 301217, 0, 0, 0
58400, 307891, 0, 0, 0
58500, 306703, 0, 0, 0
58600, 300091, 0, 0, 0
58700, 299763, 0, 0, 0
58800, 311209, 0, 0, 0
58900, 305590, 0, 0, 0
59000, 299513, 0, 0, 0
59100, 300525, 0, 0, 0
59200, 305867, 0, 0, 0
59300, 304605, 0, 0, 0
59400, 306443, 0, 0, 0
59500, 298071, 0, 0, 0
59600, 301779, 0, 0, 0
59700, 303426, 0, 0, 0
59800, 298531, 0, 0, 0
59900, 303924, 0, 0, 0
60000, 301575, 0, 0, 0
60100, 299299, 0, 0, 0
60200, 306446, 0, 0, 0
60300, 303444, 0, 0, 0
60400, 317608, 0, 0, 0
60500, 310257, 0, 0, 0
60600, 306329, 0, 0, 0
60700, 303118, 0, 0, 0
60800, 296634, 0, 0, 0
60900, 300631, 0, 0, 0
61000, 295970, 0, 0, 0
61100, 299071, 0, 0, 0
61200, 295271, 0, 0, 0
61300, 302333, 0, 0, 0
61400, 298053, 0, 0, 0
61500, 306039, 0, 0, 0
61600, 304494, 0, 0, 0
61700, 298264, 0, 0, 0
61800, 296398, 0, 0, 0
61900, 304812, 0, 0, 0
62000, 297777, 0, 0, 0
62100, 301364, 0, 0, 0
62200, 304046, 0, 0, 0
62300, 302947, 0, 0, 0
62400, 305406, 0, 0, 0
62500, 307393, 0, 0, 0
62600, 294337, 0, 0, 0
62700, 299960, 0, 0, 0
62800, 297043, 0, 0, 0
62900, 300916, 0, 0, 0
63000, 301714, 0, 0, 0
63100, 297597, 0, 0, 0
63200, 302114, 0, 0, 0
63300, 299569, 0, 0, 0
63400, 307449, 0, 0, 0
63500, 303858, 0, 0, 0
63600, 298882, 0, 0, 0
63700, 309140, 0, 0, 0
63800, 299385, 0, 0, 0
63900, 299901, 0, 0, 0
64000, 302397, 0, 0, 0
64100, 301462, 0, 0, 0
64200, 307345, 0, 0, 0
64300, 297053, 0, 0, 0
64400, 300371, 0, 0, 0
64500, 299874, 0, 0, 0
64600, 308266, 0, 0, 0
64700, 304005, 0, 0, 0
64800, 295983, 0, 0, 0
64900, 302247, 0, 0, 0
65000, 300631, 0, 0, 0
65100, 299873, 0, 0, 0
65200, 299616, 0, 0, 0
65300, 304743, 0, 0, 0
65400, 309278, 0, 0, 0
65500, 307206, 0, 0, 0
65600, 308428, 0, 0, 0
65700, 306759, 0, 0, 0
65800, 304539, 0, 0, 0
65900, 305623, 0, 0, 0
66000, 306390, 0, 0, 0
66100, 303173, 0, 0, 0
66200, 302382, 0, 0, 0
66300, 296059, 0, 0, 0
66400, 293745, 0, 0, 0
66500, 306437, 0, 0, 0
66600, 303031, 0, 0, 0
66700, 298306, 0, 0, 0
66800, 300737, 0, 0, 0
66900, 300004, 0, 0, 0
67000, 294998, 0, 0, 0
67100, 302408, 0, 0, 0
67200, 304787, 0, 0, 0
67300, 299260, 0, 0, 0
67400, 306056, 0, 0, 0
67500, 307746, 0, 0, 0
67600, 314398, 0, 0, 0
67700, 303383, 0, 0, 0
67800, 299486, 0, 0, 0
67900, 301538, 0, 0, 0
68000, 301826, 0, 0, 0
68100, 294811, 0, 0, 0
68200, 323577, 0, 0, 0
68300, 300484, 0, 0, 0
68400, 301283, 0, 0, 0
68500, 302616, 0, 0, 0
68600, 301246, 0, 0, 0
68700, 305758, 0, 0, 0
68800, 302722, 0, 0, 0
68900, 297993, 0, 0, 0
69000, 297612, 0, 0, 0
69100, 306278, 0, 0, 0
69200, 304854, 0, 0, 0
69300, 301771, 0, 0, 0
69400, 303323, 0, 0, 0
69500, 302262, 0, 0, 0
69600, 302072, 0, 0, 0
69700, 299927, 0, 0, 0
69800, 298550, 0, 0, 0
69900, 310451, 0, 0, 0
70000, 299029, 0, 0, 0
70100, 308660, 0, 0, 0
70200, 299807, 0, 0, 0
70300, 304395, 0, 0, 0
70400, 294078, 0, 0, 0
70500, 301512, 0, 0, 0
70600, 298633, 0, 0, 0
70700, 296897, 0, 0, 0
70800, 302094, 0, 0, 0
70900, 311348, 0, 0, 0
71000, 305058, 0, 0, 0
71100, 307667, 0, 0, 0
71200, 302480, 0, 0, 0
71300, 303102, 0, 0, 0
71400, 298652, 0, 0, 0
71500, 302547, 0, 0, 0
71600, 300387, 0, 0, 0
71700, 299638, 0, 0, 0
71800, 304225, 0, 0, 0
71900, 303366, 0, 0, 0
72000, 302831, 0, 0, 0
72100, 311316, 0, 0, 0
72200, 298235, 0, 0, 0
72300, 306451, 0, 0, 0
72400, 298223, 0, 0, 0
72500, 303240, 0, 0, 0
72600, 302924, 0, 0, 0
72700, 305908, 0, 0, 0
72800, 294418, 0, 0, 0
72900, 297364, 0, 0, 0
73000, 301427, 0, 0, 0
73100, 308662, 0, 0, 0
73200, 304979, 0, 0, 0
73300, 306570, 0, 0, 0
73400, 298774, 0, 0, 0
73500, 301291, 0, 0, 0
73600, 300429, 0, 0, 0
73700, 300800, 0, 0, 0
73800, 300171, 0, 0, 0
73900, 300566, 0, 0, 0
74000, 305621, 0, 0, 0
74100, 303615, 0, 0, 0
74200, 301446, 0, 0, 0
74300, 306223, 0, 0, 0
74400, 297766, 0, 0, 0
74500, 300085, 0, 0, 0
74600, 301149, 0, 0, 0
74700, 302171, 0, 0, 0
74800, 304535, 0, 0, 0
74900, 301161, 0, 0, 0
75000, 302814, 0, 0, 0
75100, 294361, 0, 0, 0
75200, 296428, 0, 0, 0
75300, 298191, 0, 0, 0
75400, 299359, 0, 0, 0
75500, 310025, 0, 0, 0
75600, 298262, 0, 0, 0
75700, 302010, 0, 0, 0
75800, 301463, 0, 0, 0
75900, 295714, 0, 0, 0
76000, 305145, 0, 0, 0
76100, 306689, 0, 0, 0
76200, 307849, 0, 0, 0
76300, 305264, 0, 0, 0
76400, 300475, 0, 0, 0
76500, 321720, 0, 0, 0
76600, 305220, 0, 0, 0
76700, 303347, 0, 0, 0
76800, 305340, 0, 0, 0
76900, 297087, 0, 0, 0
77000, 309391, 0, 0, 0
77100, 299377, 0, 0, 0
77200, 296294, 0, 0, 0
77300, 306561, 0, 0, 0
77400, 302386, 0, 0, 0
77500, 299161, 0, 0, 0
77600, 300459, 0, 0, 0
77700, 306339, 0, 0, 0
77800, 302954, 0, 0, 0
77900, 301999, 0, 0, 0
78000, 294109, 0, 0, 0
78100, 290897, 0, 0, 0
78200, 304689, 0, 0, 0
78300, 298823, 0, 0, 0
78400, 294084, 0, 0, 0
78500, 296010, 0, 0, 0
78600, 299218, 0, 0, 0
78700, 298388, 0, 0, 0
78800, 293856, 0, 0, 0
78900, 300832, 0, 0, 0
79000, 297851, 0, 0, 0
79100, 296298, 0, 0, 0
79200, 299547, 0, 0, 0
79300, 303725, 0, 0, 0
79400, 306602, 0, 0, 0
79500, 303576, 0, 0, 0
79600, 305042, 0, 0, 0
79700, 300857, 0, 0, 0
79800, 298970, 0, 0, 0
79900, 299549, 0, 0, 0
80000, 298995, 0, 0, 0
80100, 305544, 0, 0, 0
80200, 302334, 0, 0, 0
80300, 306085, 0, 0, 0
80400, 304040, 0, 0, 0
80500, 299661, 0, 0, 0
80600, 303899, 0, 0, 0
80700, 305475, 0, 0, 0
80800, 312759, 0, 0, 0
80900, 301518, 0, 0, 0
81000, 303699, 0, 0, 0
81100, 299422, 0, 0, 0
81200, 297160, 0, 0, 0
81300, 302959, 0, 0, 0
81400, 299883, 0, 0, 0
81500, 301500, 0, 0, 0
81600, 302243, 0, 0, 0
81700, 301686, 0, 0, 0
81800, 297722, 0, 0, 0
81900, 302021, 0, 0, 0
82000, 303557, 0, 0, 0
82100, 306300, 0, 0, 0
82200, 298294, 0, 0, 0
82300, 299296, 0, 0, 0
82400, 308389, 0, 0, 0
82500, 299688, 0, 0, 0
82600, 301476, 0, 0, 0
82700, 312276, 0, 0, 0
82800, 301506, 0, 0, 0
82900, 308386, 0, 0, 0
83000, 302761, 0, 0, 0
83100, 304700, 0, 0, 0
83200, 299502, 0, 0, 0
83300, 304593, 0, 0, 0
83400, 304198, 0, 0, 0
83500, 312622, 0, 0, 0
83600, 308009, 0, 0, 0
83700, 292334, 0, 0, 0
83800, 294213, 0, 0, 0
83900, 291967, 0, 0, 0
84000, 303752, 0, 0, 0
84100, 300490, 0, 0, 0
84200, 300722, 0, 0, 0
84300, 299181, 0, 0, 0
84400, 301296, 0, 0, 0
84500, 302988, 0, 0, 0
84600, 298172, 0, 0, 0
84700, 303821, 0, 0, 0
84800, 316518, 0, 0, 0
84900, 294797, 0, 0, 0
85000, 303358, 0, 0, 0
85100, 291687, 0, 0, 0
85200, 298218, 0, 0, 0
85300, 302035, 0, 0, 0
85400, 304684, 0, 0, 0
85500, 308425, 0, 0, 0
85600, 313525, 0, 0, 0
85700, 307823, 0, 0, 0
85800, 304994, 0, 0, 0
85900, 300385, 0, 0, 0
86000, 301322, 0, 0, 0
86100, 298495, 0, 0, 0
86200, 303531, 0, 0, 0
86300, 301090, 0, 0, 0
86400, 300294, 0, 0, 0
86500, 299671, 0, 0, 0
86600, 294808, 0, 0, 0
86700, 300840, 0, 0, 0
86800, 299328, 0, 0, 0
86900, 304388, 0, 0, 0
87000, 300440, 0, 0, 0
87100, 299060, 0, 0, 0
87200, 302717, 0, 0, 0
87300, 308314, 0, 0, 0
87400, 301393, 0, 0, 0
87500, 303976, 0, 0, 0
87600, 307525, 0, 0, 0
87700, 306546, 0, 0, 0
87800, 313575, 0, 0, 0
87900, 300543, 0, 0, 0
88000, 295809, 0, 0, 0
88100, 301490, 0, 0, 0
88200, 301401, 0, 0, 0
88300, 297591, 0, 0, 0
88400, 297361, 0, 0, 0
88500, 304711, 0, 0, 0
88600, 297939, 0, 0, 0
88700, 299215, 0, 0, 0
88800, 308623, 0, 0, 0
88900, 307844, 0, 0, 0
89000, 303366, 0, 0, 0
89100, 305703, 0, 0, 0
89200, 318775, 0, 0, 0
89300, 298286, 0, 0, 0
89400, 296918, 0, 0, 0
89500, 303672, 0, 0, 0
89600, 301337, 0, 0, 0
89700, 302029, 0, 0, 0
89800, 296435, 0, 0, 0
89900, 307504, 0, 0, 0
90000, 300396, 0, 0, 0
