100, 74720, 0, 0, 0
100, 30880, 1, 0, 0
200, 75840, 0, 0, 0
200, 30720, 1, 0, 0
301, 73440, 0, 0, 0
301, 33280, 1, 0, 0
400, 80484, 0, 0, 0
400, 28929, 1, 0, 0
500, 73920, 0, 0, 0
500, 33440, 1, 0, 0
600, 69120, 0, 0, 0
600, 32800, 1, 0, 0
700, 69760, 0, 0, 0
700, 32480, 1, 0, 0
800, 68320, 0, 0, 0
800, 23520, 1, 0, 0
900, 70400, 0, 0, 0
900, 29120, 1, 0, 0
999, 83878, 0, 0, 0
999, 34585, 1, 0, 0
1099, 74240, 0, 0, 0
1099, 31360, 1, 0, 0
1200, 76000, 0, 0, 0
1200, 33120, 1, 0, 0
1300, 73440, 0, 0, 0
1300, 31040, 1, 0, 0
1400, 76640, 0, 0, 0
1400, 29920, 1, 0, 0
1499, 68848, 0, 0, 0
1499, 27151, 1, 0, 0
1599, 67040, 0, 0, 0
1599, 29440, 1, 0, 0
1699, 63680, 0, 0, 0
1699, 26080, 1, 0, 0
1799, 72800, 0, 0, 0
1799, 30080, 1, 0, 0
1899, 61920, 0, 0, 0
1899, 27360, 1, 0, 0
1999, 70240, 0, 0, 0
1999, 31200, 1, 0, 0
2100, 72320, 0, 0, 0
2100, 34880, 1, 0, 0
2200, 72000, 0, 0, 0
2200, 31520, 1, 0, 0
2300, 83360, 0, 0, 0
2300, 30400, 1, 0, 0
2400, 71520, 0, 0, 0
2400, 32160, 1, 0, 0
2499, 79838, 0, 0, 0
2499, 31191, 1, 0, 0
2599, 68000, 0, 0, 0
2599, 30720, 1, 0, 0
2699, 64640, 0, 0, 0
2699, 31840, 1, 0, 0
2800, 75040, 0, 0, 0
2800, 34880, 1, 0, 0
2900, 73120, 0, 0, 0
2900, 33600, 1, 0, 0
2999, 77252, 0, 0, 0
2999, 32969, 1, 0, 0
3099, 74720, 0, 0, 0
3099, 32000, 1, 0, 0
3199, 68960, 0, 0, 0
3199, 31200, 1, 0, 0
3300, 67840, 0, 0, 0
3300, 29760, 1, 0, 0
3400, 68800, 0, 0, 0
3400, 34880, 1, 0, 0
3499, 80646, 0, 0, 0
3499, 29252, 1, 0, 0
3599, 76960, 0, 0, 0
3599, 33600, 1, 0, 0
3699, 76960, 0, 0, 0
3699, 31840, 1, 0, 0
3800, 66560, 0, 0, 0
3800, 30240, 1, 0, 0
3900, 69600, 0, 0, 0
3900, 28160, 1, 0, 0
3999, 71272, 0, 0, 0
3999, 29575, 1, 0, 0
4099, 70400, 0, 0, 0
4099, 33600, 1, 0, 0
4199, 74400, 0, 0, 0
4199, 30880, 1, 0, 0
4300, 76320, 0, 0, 0
4300, 32640, 1, 0, 0
4400, 80000, 0, 0, 0
4400, 33920, 1, 0, 0
4499, 69979, 0, 0, 0
4499, 33777, 1, 0, 0
4599, 65120, 0, 0, 0
4599, 32160, 1, 0, 0
4700, 74880, 0, 0, 0
4700, 32000, 1, 0, 0
4800, 73120, 0, 0, 0
4800, 32480, 1, 0, 0
4900, 67680, 0, 0, 0
4900, 30080, 1, 0, 0
4999, 69818, 0, 0, 0
4999, 27959, 1, 0, 0
5100, 64320, 0, 0, 0
5100, 26400, 1, 0, 0
5200, 72160, 0, 0, 0
5200, 35040, 1, 0, 0
5300, 76320, 0, 0, 0
5300, 27200, 1, 0, 0
5400, 73280, 0, 0, 0
5400, 30880, 1, 0, 0
5499, 70464, 0, 0, 0
5499, 33777, 1, 0, 0
5599, 67360, 0, 0, 0
5599, 33120, 1, 0, 0
5700, 68480, 0, 0, 0
5700, 31520, 1, 0, 0
5800, 65440, 0, 0, 0
5800, 23840, 1, 0, 0
5900, 72480, 0, 0, 0
5900, 28160, 1, 0, 0
5999, 72888, 0, 0, 0
5999, 31515, 1, 0, 0
6099, 70400, 0, 0, 0
6099, 32640, 1, 0, 0
6200, 63360, 0, 0, 0
6200, 33280, 1, 0, 0
6300, 74080, 0, 0, 0
6300, 32160, 1, 0, 0
6400, 74400, 0, 0, 0
6400, 30080, 1, 0, 0
6499, 65454, 0, 0, 0
6499, 29414, 1, 0, 0
6599, 62400, 0, 0, 0
6599, 32800, 1, 0, 0
6700, 68800, 0, 0, 0
6700, 29600, 1, 0, 0
6800, 68000, 0, 0, 0
6800, 27840, 1, 0, 0
6900, 71360, 0, 0, 0
6900, 32960, 1, 0, 0
6999, 73696, 0, 0, 0
6999, 28282, 1, 0, 0
7100, 67520, 0, 0, 0
7100, 28000, 1, 0, 0
7200, 83200, 0, 0, 0
7200, 30720, 1, 0, 0
7300, 73920, 0, 0, 0
7300, 30240, 1, 0, 0
7400, 69920, 0, 0, 0
7400, 32000, 1, 0, 0
7501, 73760, 0, 0, 0
7501, 35040, 1, 0, 0
7600, 68363, 0, 0, 0
7600, 33616, 1, 0, 0
7700, 67840, 0, 0, 0
7700, 30560, 1, 0, 0
7800, 62720, 0, 0, 0
7800, 29760, 1, 0, 0
7900, 72000, 0, 0, 0
7900, 35520, 1, 0, 0
7999, 78383, 0, 0, 0
7999, 30545, 1, 0, 0
8099, 79360, 0, 0, 0
8099, 33120, 1, 0, 0
8199, 64000, 0, 0, 0
8199, 35360, 1, 0, 0
8300, 71040, 0, 0, 0
8300, 29920, 1, 0, 0
8400, 90720, 0, 0, 0
8400, 33600, 1, 0, 0
8500, 61760, 0, 0, 0
8500, 28960, 1, 0, 0
8600, 75200, 0, 0, 0
8600, 32640, 1, 0, 0
8700, 74080, 0, 0, 0
8700, 32160, 1, 0, 0
8800, 69280, 0, 0, 0
8800, 30560, 1, 0, 0
8900, 72480, 0, 0, 0
8900, 31200, 1, 0, 0
8999, 75313, 0, 0, 0
8999, 30707, 1, 0, 0
9100, 70880, 0, 0, 0
9100, 31680, 1, 0, 0
9200, 67200, 0, 0, 0
9200, 30080, 1, 0, 0
9300, 73760, 0, 0, 0
9300, 29120, 1, 0, 0
9400, 78400, 0, 0, 0
9400, 32960, 1, 0, 0
9499, 71272, 0, 0, 0
9499, 34747, 1, 0, 0
9599, 65280, 0, 0, 0
9599, 33120, 1, 0, 0
9699, 71200, 0, 0, 0
9699, 31840, 1, 0, 0
9800, 79680, 0, 0, 0
9800, 33280, 1, 0, 0
9900, 74080, 0, 0, 0
9900, 32800, 1, 0, 0
10000, 76480, 0, 0, 0
10000, 32000, 1, 0, 0
10100, 72480, 0, 0, 0
10100, 32640, 1, 0, 0
10200, 60160, 0, 0, 0
10200, 25600, 1, 0, 0
10300, 78060, 0, 0, 0
10300, 30383, 1, 0, 0
10400, 72160, 0, 0, 0
10400, 29920, 1, 0, 0
10499, 73373, 0, 0, 0
10499, 26989, 1, 0, 0
10599, 75840, 0, 0, 0
10599, 31680, 1, 0, 0
10700, 68320, 0, 0, 0
10700, 30560, 1, 0, 0
10800, 79840, 0, 0, 0
10800, 29120, 1, 0, 0
10900, 72960, 0, 0, 0
10900, 31360, 1, 0, 0
10999, 81131, 0, 0, 0
10999, 28444, 1, 0, 0
11100, 68960, 0, 0, 0
11100, 26880, 1, 0, 0
11200, 69120, 0, 0, 0
11200, 30560, 1, 0, 0
11300, 72960, 0, 0, 0
11300, 32160, 1, 0, 0
11400, 77120, 0, 0, 0
11400, 33440, 1, 0, 0
11499, 68202, 0, 0, 0
11499, 30868, 1, 0, 0
11599, 61440, 0, 0, 0
11599, 32160, 1, 0, 0
11700, 67360, 0, 0, 0
11700, 31840, 1, 0, 0
11800, 65920, 0, 0, 0
11800, 30240, 1, 0, 0
11900, 73440, 0, 0, 0
11900, 30240, 1, 0, 0
12000, 68525, 0, 0, 0
12000, 30868, 1, 0, 0
12100, 72800, 0, 0, 0
12100, 30880, 1, 0, 0
12200, 75680, 0, 0, 0
12200, 34880, 1, 0, 0
12300, 72640, 0, 0, 0
12300, 30880, 1, 0, 0
12400, 71520, 0, 0, 0
12400, 31520, 1, 0, 0
12499, 64969, 0, 0, 0
12499, 31838, 1, 0, 0
12599, 75520, 0, 0, 0
12599, 32640, 1, 0, 0
12700, 75520, 0, 0, 0
12700, 34400, 1, 0, 0
12800, 73280, 0, 0, 0
12800, 33760, 1, 0, 0
12900, 71520, 0, 0, 0
12900, 33440, 1, 0, 0
12999, 81292, 0, 0, 0
12999, 38141, 1, 0, 0
13099, 78720, 0, 0, 0
13099, 34240, 1, 0, 0
13199, 76160, 0, 0, 0
13199, 34400, 1, 0, 0
13300, 78720, 0, 0, 0
13300, 33760, 1, 0, 0
13400, 76160, 0, 0, 0
13400, 29120, 1, 0, 0
13499, 78868, 0, 0, 0
13499, 33131, 1, 0, 0
13600, 82400, 0, 0, 0
13600, 36320, 1, 0, 0
13700, 76000, 0, 0, 0
13700, 27840, 1, 0, 0
13800, 68160, 0, 0, 0
13800, 31520, 1, 0, 0
13900, 67680, 0, 0, 0
13900, 31360, 1, 0, 0
13999, 75474, 0, 0, 0
13999, 31676, 1, 0, 0
14099, 73920, 0, 0, 0
14099, 29600, 1, 0, 0
14199, 70880, 0, 0, 0
14199, 30560, 1, 0, 0
14299, 62080, 0, 0, 0
14299, 29120, 1, 0, 0
14399, 71840, 0, 0, 0
14399, 29280, 1, 0, 0
14500, 74560, 0, 0, 0
14500, 35360, 1, 0, 0
14600, 69600, 0, 0, 0
14600, 30720, 1, 0, 0
14700, 60960, 0, 0, 0
14700, 32480, 1, 0, 0
14800, 72160, 0, 0, 0
14800, 32800, 1, 0, 0
14900, 79680, 0, 0, 0
14900, 32320, 1, 0, 0
14999, 78868, 0, 0, 0
14999, 29575, 1, 0, 0
15100, 75840, 0, 0, 0
15100, 32640, 1, 0, 0
15200, 68160, 0, 0, 0
15200, 30880, 1, 0, 0
15300, 71040, 0, 0, 0
15300, 32800, 1, 0, 0
15400, 66720, 0, 0, 0
15400, 32000, 1, 0, 0
15500, 75313, 0, 0, 0
15500, 28929, 1, 0, 0
15600, 71360, 0, 0, 0
15600, 28640, 1, 0, 0
15700, 66880, 0, 0, 0
15700, 32640, 1, 0, 0
15800, 75520, 0, 0, 0
15800, 28000, 1, 0, 0
15900, 78400, 0, 0, 0
15900, 32480, 1, 0, 0
15999, 71111, 0, 0, 0
15999, 34585, 1, 0, 0
16100, 67840, 0, 0, 0
16100, 33280, 1, 0, 0
16200, 74880, 0, 0, 0
16200, 31040, 1, 0, 0
16300, 69280, 0, 0, 0
16300, 29280, 1, 0, 0
16400, 76000, 0, 0, 0
16400, 33280, 1, 0, 0
16499, 73050, 0, 0, 0
16499, 31515, 1, 0, 0
16599, 81920, 0, 0, 0
16599, 27680, 1, 0, 0
16699, 67200, 0, 0, 0
16699, 31200, 1, 0, 0
16799, 72960, 0, 0, 0
16799, 32480, 1, 0, 0
16900, 68160, 0, 0, 0
16900, 31360, 1, 0, 0
16999, 71111, 0, 0, 0
16999, 31515, 1, 0, 0
17099, 75360, 0, 0, 0
17099, 30240, 1, 0, 0
17199, 65760, 0, 0, 0
17199, 29120, 1, 0, 0
17300, 69600, 0, 0, 0
17300, 31360, 1, 0, 0
17400, 71040, 0, 0, 0
17400, 29600, 1, 0, 0
17500, 74080, 0, 0, 0
17500, 32640, 1, 0, 0
17600, 68800, 0, 0, 0
17600, 31520, 1, 0, 0
17700, 74400, 0, 0, 0
17700, 31360, 1, 0, 0
17800, 81600, 0, 0, 0
17800, 32800, 1, 0, 0
17900, 71360, 0, 0, 0
17900, 32160, 1, 0, 0
17999, 74666, 0, 0, 0
17999, 29898, 1, 0, 0
18099, 84800, 0, 0, 0
18099, 33120, 1, 0, 0
18200, 80000, 0, 0, 0
18200, 35840, 1, 0, 0
18300, 69920, 0, 0, 0
18300, 30880, 1, 0, 0
18400, 78240, 0, 0, 0
18400, 30720, 1, 0, 0
18499, 79676, 0, 0, 0
18499, 31838, 1, 0, 0
18599, 73440, 0, 0, 0
18599, 27520, 1, 0, 0
18699, 74240, 0, 0, 0
18699, 31520, 1, 0, 0
18800, 65280, 0, 0, 0
18800, 28320, 1, 0, 0
18900, 63680, 0, 0, 0
18900, 28000, 1, 0, 0
18999, 80161, 0, 0, 0
18999, 34101, 1, 0, 0
19102, 69490, 0, 0, 0
19102, 32470, 1, 0, 0
19202, 76800, 0, 0, 0
19202, 31520, 1, 0, 0
19302, 80000, 0, 0, 0
19302, 29280, 1, 0, 0
19402, 77920, 0, 0, 0
19402, 29920, 1, 0, 0
19503, 77920, 0, 0, 0
19503, 32320, 1, 0, 0
19603, 73120, 0, 0, 0
19603, 32160, 1, 0, 0
19703, 75200, 0, 0, 0
19703, 31200, 1, 0, 0
19804, 82240, 0, 0, 0
19804, 33440, 1, 0, 0
19904, 76480, 0, 0, 0
19904, 30080, 1, 0, 0
20004, 77120, 0, 0, 0
20004, 32640, 1, 0, 0
20104, 69120, 0, 0, 0
20104, 32000, 1, 0, 0
20204, 73280, 0, 0, 0
20204, 29600, 1, 0, 0
20305, 69440, 0, 0, 0
20305, 30560, 1, 0, 0
20406, 72800, 0, 0, 0
20406, 32640, 1, 0, 0
20507, 81425, 0, 0, 0
20507, 31524, 1, 0, 0
20607, 66400, 0, 0, 0
20607, 32800, 1, 0, 0
20707, 71680, 0, 0, 0
20707, 32320, 1, 0, 0
20808, 72640, 0, 0, 0
20808, 30400, 1, 0, 0
20908, 74400, 0, 0, 0
20908, 34240, 1, 0, 0
21009, 66400, 0, 0, 0
21009, 30400, 1, 0, 0
21109, 73600, 0, 0, 0
21109, 28320, 1, 0, 0
21209, 74080, 0, 0, 0
21209, 31840, 1, 0, 0
21310, 75200, 0, 0, 0
21310, 34720, 1, 0, 0
21410, 77120, 0, 0, 0
21410, 31840, 1, 0, 0
21510, 64800, 0, 0, 0
21510, 27680, 1, 0, 0
21611, 75040, 0, 0, 0
21611, 29440, 1, 0, 0
21711, 69760, 0, 0, 0
21711, 30080, 1, 0, 0
21811, 78080, 0, 0, 0
21811, 32160, 1, 0, 0
21911, 72480, 0, 0, 0
21911, 28480, 1, 0, 0
22011, 67040, 0, 0, 0
22011, 30560, 1, 0, 0
22112, 69440, 0, 0, 0
22112, 27040, 1, 0, 0
22212, 71360, 0, 0, 0
22212, 29600, 1, 0, 0
22312, 77440, 0, 0, 0
22312, 29120, 1, 0, 0
22412, 80000, 0, 0, 0
22412, 31680, 1, 0, 0
22513, 75840, 0, 0, 0
22513, 31040, 1, 0, 0
22613, 82880, 0, 0, 0
22613, 37600, 1, 0, 0
22713, 76000, 0, 0, 0
22713, 32480, 1, 0, 0
22813, 82720, 0, 0, 0
22813, 29280, 1, 0, 0
22913, 70880, 0, 0, 0
22913, 33920, 1, 0, 0
23013, 73280, 0, 0, 0
23013, 32320, 1, 0, 0
23113, 66080, 0, 0, 0
23113, 32320, 1, 0, 0
23214, 76480, 0, 0, 0
23214, 31680, 1, 0, 0
23314, 80000, 0, 0, 0
23314, 32640, 1, 0, 0
23414, 75200, 0, 0, 0
23414, 30880, 1, 0, 0
23514, 70240, 0, 0, 0
23514, 34400, 1, 0, 0
23614, 76640, 0, 0, 0
23614, 31200, 1, 0, 0
23714, 69600, 0, 0, 0
23714, 32480, 1, 0, 0
23815, 74240, 0, 0, 0
23815, 29920, 1, 0, 0
23915, 67360, 0, 0, 0
23915, 32480, 1, 0, 0
24015, 65920, 0, 0, 0
24015, 28800, 1, 0, 0
24115, 72800, 0, 0, 0
24115, 25120, 1, 0, 0
24215, 72480, 0, 0, 0
24215, 33600, 1, 0, 0
24316, 67040, 0, 0, 0
24316, 27040, 1, 0, 0
24416, 63040, 0, 0, 0
24416, 26720, 1, 0, 0
24516, 64000, 0, 0, 0
24516, 30880, 1, 0, 0
24616, 69920, 0, 0, 0
24616, 31360, 1, 0, 0
24716, 67040, 0, 0, 0
24716, 30080, 1, 0, 0
24817, 75040, 0, 0, 0
24817, 30560, 1, 0, 0
24917, 82400, 0, 0, 0
24917, 33120, 1, 0, 0
25017, 67200, 0, 0, 0
25017, 32160, 1, 0, 0
25118, 76800, 0, 0, 0
25118, 33280, 1, 0, 0
25218, 68320, 0, 0, 0
25218, 31680, 1, 0, 0
25318, 62400, 0, 0, 0
25318, 30400, 1, 0, 0
25418, 69120, 0, 0, 0
25418, 28160, 1, 0, 0
25518, 70400, 0, 0, 0
25518, 32000, 1, 0, 0
25618, 66240, 0, 0, 0
25618, 26720, 1, 0, 0
25719, 69760, 0, 0, 0
25719, 33440, 1, 0, 0
25820, 74080, 0, 0, 0
25820, 33280, 1, 0, 0
25920, 78880, 0, 0, 0
25920, 30080, 1, 0, 0
26020, 70880, 0, 0, 0
26020, 34080, 1, 0, 0
26121, 68960, 0, 0, 0
26121, 33760, 1, 0, 0
26221, 71200, 0, 0, 0
26221, 28320, 1, 0, 0
26321, 73760, 0, 0, 0
26321, 27200, 1, 0, 0
26422, 80000, 0, 0, 0
26422, 32320, 1, 0, 0
26523, 67840, 0, 0, 0
26523, 32640, 1, 0, 0
26623, 70080, 0, 0, 0
26623, 32960, 1, 0, 0
26723, 72800, 0, 0, 0
26723, 25920, 1, 0, 0
26823, 77600, 0, 0, 0
26823, 29920, 1, 0, 0
26924, 69600, 0, 0, 0
26924, 34720, 1, 0, 0
27024, 76320, 0, 0, 0
27024, 27360, 1, 0, 0
27124, 74560, 0, 0, 0
27124, 31040, 1, 0, 0
27224, 75840, 0, 0, 0
27224, 31040, 1, 0, 0
27325, 80320, 0, 0, 0
27325, 28640, 1, 0, 0
27425, 74240, 0, 0, 0
27425, 31840, 1, 0, 0
27526, 82240, 0, 0, 0
27526, 31200, 1, 0, 0
27626, 71520, 0, 0, 0
27626, 35200, 1, 0, 0
27726, 62400, 0, 0, 0
27726, 29280, 1, 0, 0
27826, 63040, 0, 0, 0
27826, 31040, 1, 0, 0
27926, 66560, 0, 0, 0
27926, 27040, 1, 0, 0
28026, 64640, 0, 0, 0
28026, 31680, 1, 0, 0
28127, 62560, 0, 0, 0
28127, 25920, 1, 0, 0
28227, 61120, 0, 0, 0
28227, 29600, 1, 0, 0
28328, 73346, 0, 0, 0
28328, 34059, 1, 0, 0
28428, 73280, 0, 0, 0
28428, 32320, 1, 0, 0
28528, 75840, 0, 0, 0
28528, 34720, 1, 0, 0
28628, 79200, 0, 0, 0
28628, 32480, 1, 0, 0
28728, 68160, 0, 0, 0
28728, 30720, 1, 0, 0
28829, 70880, 0, 0, 0
28829, 28320, 1, 0, 0
28929, 64160, 0, 0, 0
28929, 29280, 1, 0, 0
29029, 73600, 0, 0, 0
29029, 28640, 1, 0, 0
29130, 76640, 0, 0, 0
29130, 32640, 1, 0, 0
29230, 79200, 0, 0, 0
29230, 35680, 1, 0, 0
29330, 71680, 0, 0, 0
29330, 33760, 1, 0, 0
29430, 69600, 0, 0, 0
29430, 29280, 1, 0, 0
29530, 77120, 0, 0, 0
29530, 30720, 1, 0, 0
29630, 70400, 0, 0, 0
29630, 33920, 1, 0, 0
29731, 77760, 0, 0, 0
29731, 32160, 1, 0, 0
29831, 75200, 0, 0, 0
29831, 31520, 1, 0, 0
29931, 65120, 0, 0, 0
29931, 32480, 1, 0, 0
30031, 73600, 0, 0, 0
30031, 28480, 1, 0, 0
30132, 69120, 0, 0, 0
30132, 30400, 1, 0, 0
30232, 67040, 0, 0, 0
30232, 32640, 1, 0, 0
30332, 69920, 0, 0, 0
30332, 30400, 1, 0, 0
30432, 72000, 0, 0, 0
30432, 33120, 1, 0, 0
30533, 78720, 0, 0, 0
30533, 30400, 1, 0, 0
30633, 76160, 0, 0, 0
30633, 34080, 1, 0, 0
30733, 79040, 0, 0, 0
30733, 29280, 1, 0, 0
30833, 69600, 0, 0, 0
30833, 33600, 1, 0, 0
30933, 73760, 0, 0, 0
30933, 28960, 1, 0, 0
31033, 62720, 0, 0, 0
31033, 29760, 1, 0, 0
31134, 67680, 0, 0, 0
31134, 29120, 1, 0, 0
31234, 68800, 0, 0, 0
31234, 33120, 1, 0, 0
31334, 73760, 0, 0, 0
31334, 35680, 1, 0, 0
31434, 62720, 0, 0, 0
31434, 30560, 1, 0, 0
31534, 62240, 0, 0, 0
31534, 30240, 1, 0, 0
31634, 77760, 0, 0, 0
31634, 33440, 1, 0, 0
31734, 68320, 0, 0, 0
31734, 31040, 1, 0, 0
31834, 74560, 0, 0, 0
31834, 32320, 1, 0, 0
31935, 77280, 0, 0, 0
31935, 33280, 1, 0, 0
32035, 73760, 0, 0, 0
32035, 30400, 1, 0, 0
32135, 78880, 0, 0, 0
32135, 28960, 1, 0, 0
32235, 75200, 0, 0, 0
32235, 33120, 1, 0, 0
32336, 74240, 0, 0, 0
32336, 28640, 1, 0, 0
32436, 63520, 0, 0, 0
32436, 31040, 1, 0, 0
32536, 74080, 0, 0, 0
32536, 30720, 1, 0, 0
32636, 77280, 0, 0, 0
32636, 31520, 1, 0, 0
32737, 78880, 0, 0, 0
32737, 29280, 1, 0, 0
32838, 74560, 0, 0, 0
32838, 32000, 1, 0, 0
32938, 81280, 0, 0, 0
32938, 29920, 1, 0, 0
33038, 78720, 0, 0, 0
33038, 31360, 1, 0, 0
33138, 74080, 0, 0, 0
33138, 32160, 1, 0, 0
33238, 77760, 0, 0, 0
33238, 30080, 1, 0, 0
33339, 73980, 0, 0, 0
33339, 38811, 1, 0, 0
33439, 78080, 0, 0, 0
33439, 33600, 1, 0, 0
33540, 80640, 0, 0, 0
33540, 31520, 1, 0, 0
33640, 74560, 0, 0, 0
33640, 29920, 1, 0, 0
33740, 68640, 0, 0, 0
33740, 31360, 1, 0, 0
33840, 72320, 0, 0, 0
33840, 32000, 1, 0, 0
33940, 66880, 0, 0, 0
33940, 27680, 1, 0, 0
34041, 70560, 0, 0, 0
34041, 28640, 1, 0, 0
34141, 70400, 0, 0, 0
34141, 30400, 1, 0, 0
34241, 70240, 0, 0, 0
34241, 35520, 1, 0, 0
34342, 75200, 0, 0, 0
34342, 30560, 1, 0, 0
34442, 71200, 0, 0, 0
34442, 33440, 1, 0, 0
34542, 75200, 0, 0, 0
34542, 29120, 1, 0, 0
34642, 82240, 0, 0, 0
34642, 32320, 1, 0, 0
34742, 74240, 0, 0, 0
34742, 31040, 1, 0, 0
34843, 74240, 0, 0, 0
34843, 28000, 1, 0, 0
34943, 60480, 0, 0, 0
34943, 26400, 1, 0, 0
35043, 61600, 0, 0, 0
35043, 20960, 1, 0, 0
35143, 75360, 0, 0, 0
35143, 33120, 1, 0, 0
35243, 67200, 0, 0, 0
35243, 34400, 1, 0, 0
35344, 83040, 0, 0, 0
35344, 33600, 1, 0, 0
35444, 76000, 0, 0, 0
35444, 30880, 1, 0, 0
35544, 81760, 0, 0, 0
35544, 29280, 1, 0, 0
35644, 68480, 0, 0, 0
35644, 35360, 1, 0, 0
35744, 68800, 0, 0, 0
35744, 31520, 1, 0, 0
35844, 80160, 0, 0, 0
35844, 29600, 1, 0, 0
35944, 74720, 0, 0, 0
35944, 32800, 1, 0, 0
36045, 60000, 0, 0, 0
36045, 26720, 1, 0, 0
36145, 71520, 0, 0, 0
36145, 31360, 1, 0, 0
36245, 76800, 0, 0, 0
36245, 34720, 1, 0, 0
36345, 61280, 0, 0, 0
36345, 27520, 1, 0, 0
36445, 64160, 0, 0, 0
36445, 27360, 1, 0, 0
36545, 66560, 0, 0, 0
36545, 32480, 1, 0, 0
36646, 74080, 0, 0, 0
36646, 29440, 1, 0, 0
36746, 65760, 0, 0, 0
36746, 30240, 1, 0, 0
36846, 80320, 0, 0, 0
36846, 29760, 1, 0, 0
36946, 80640, 0, 0, 0
36946, 29920, 1, 0, 0
37047, 73440, 0, 0, 0
37047, 29600, 1, 0, 0
37147, 66560, 0, 0, 0
37147, 29280, 1, 0, 0
37247, 71520, 0, 0, 0
37247, 31520, 1, 0, 0
37347, 56320, 0, 0, 0
37347, 23360, 1, 0, 0
37448, 78400, 0, 0, 0
37448, 33600, 1, 0, 0
37548, 70880, 0, 0, 0
37548, 26240, 1, 0, 0
37648, 62720, 0, 0, 0
37648, 24640, 1, 0, 0
37748, 62240, 0, 0, 0
37748, 32000, 1, 0, 0
37848, 63200, 0, 0, 0
37848, 28800, 1, 0, 0
37948, 68960, 0, 0, 0
37948, 31360, 1, 0, 0
38049, 71520, 0, 0, 0
38049, 29760, 1, 0, 0
38149, 79680, 0, 0, 0
38149, 33280, 1, 0, 0
38249, 72320, 0, 0, 0
38249, 33120, 1, 0, 0
38349, 65440, 0, 0, 0
38349, 27520, 1, 0, 0
38449, 60000, 0, 0, 0
38449, 30560, 1, 0, 0
38550, 60000, 0, 0, 0
38550, 29120, 1, 0, 0
38650, 80640, 0, 0, 0
38650, 33600, 1, 0, 0
38749, 66101, 0, 0, 0
38749, 26505, 1, 0, 0
38849, 67360, 0, 0, 0
38849, 33440, 1, 0, 0
38949, 72320, 0, 0, 0
38949, 31040, 1, 0, 0
39049, 75520, 0, 0, 0
39049, 27680, 1, 0, 0
39149, 72320, 0, 0, 0
39149, 29920, 1, 0, 0
39250, 66880, 0, 0, 0
39250, 30400, 1, 0, 0
39350, 73600, 0, 0, 0
39350, 29120, 1, 0, 0
39450, 71840, 0, 0, 0
39450, 32160, 1, 0, 0
39551, 78560, 0, 0, 0
39551, 32320, 1, 0, 0
39651, 72480, 0, 0, 0
39651, 29920, 1, 0, 0
39751, 72800, 0, 0, 0
39751, 32480, 1, 0, 0
39851, 70400, 0, 0, 0
39851, 33920, 1, 0, 0
39952, 62240, 0, 0, 0
39952, 22560, 1, 0, 0
40052, 71680, 0, 0, 0
40052, 27680, 1, 0, 0
40152, 81440, 0, 0, 0
40152, 32800, 1, 0, 0
40252, 72320, 0, 0, 0
40252, 32640, 1, 0, 0
40352, 68000, 0, 0, 0
40352, 35040, 1, 0, 0
40452, 81920, 0, 0, 0
40452, 32160, 1, 0, 0
40553, 72320, 0, 0, 0
40553, 33440, 1, 0, 0
40653, 72640, 0, 0, 0
40653, 28960, 1, 0, 0
40753, 71520, 0, 0, 0
40753, 29440, 1, 0, 0
40853, 73600, 0, 0, 0
40853, 28000, 1, 0, 0
40954, 78400, 0, 0, 0
40954, 31680, 1, 0, 0
41054, 70400, 0, 0, 0
41054, 32640, 1, 0, 0
41154, 70880, 0, 0, 0
41154, 32480, 1, 0, 0
41254, 72960, 0, 0, 0
41254, 31680, 1, 0, 0
41355, 69760, 0, 0, 0
41355, 34240, 1, 0, 0
41455, 78240, 0, 0, 0
41455, 30560, 1, 0, 0
41555, 77920, 0, 0, 0
41555, 33280, 1, 0, 0
41655, 70080, 0, 0, 0
41655, 29120, 1, 0, 0
41756, 71360, 0, 0, 0
41756, 29440, 1, 0, 0
41856, 66400, 0, 0, 0
41856, 28000, 1, 0, 0
41956, 67520, 0, 0, 0
41956, 35520, 1, 0, 0
42056, 72960, 0, 0, 0
42056, 33280, 1, 0, 0
42156, 76000, 0, 0, 0
42156, 33440, 1, 0, 0
42256, 72000, 0, 0, 0
42256, 35200, 1, 0, 0
42357, 72800, 0, 0, 0
42357, 32160, 1, 0, 0
42457, 72000, 0, 0, 0
42457, 31040, 1, 0, 0
42557, 76800, 0, 0, 0
42557, 33600, 1, 0, 0
42657, 80640, 0, 0, 0
42657, 31840, 1, 0, 0
42757, 69440, 0, 0, 0
42757, 30560, 1, 0, 0
42858, 74400, 0, 0, 0
42858, 32000, 1, 0, 0
42958, 71680, 0, 0, 0
42958, 32960, 1, 0, 0
43059, 75520, 0, 0, 0
43059, 34560, 1, 0, 0
43159, 71680, 0, 0, 0
43159, 32480, 1, 0, 0
43260, 68320, 0, 0, 0
43260, 32640, 1, 0, 0
43360, 68960, 0, 0, 0
43360, 29760, 1, 0, 0
43460, 77600, 0, 0, 0
43460, 30880, 1, 0, 0
43560, 69600, 0, 0, 0
43560, 33280, 1, 0, 0
43660, 70080, 0, 0, 0
43660, 31520, 1, 0, 0
43760, 74400, 0, 0, 0
43760, 30880, 1, 0, 0
43861, 70560, 0, 0, 0
43861, 29600, 1, 0, 0
43961, 66080, 0, 0, 0
43961, 33920, 1, 0, 0
44061, 75360, 0, 0, 0
44061, 33280, 1, 0, 0
44162, 60320, 0, 0, 0
44162, 22880, 1, 0, 0
44263, 66851, 0, 0, 0
44263, 29940, 1, 0, 0
44363, 61600, 0, 0, 0
44363, 28160, 1, 0, 0
44463, 73120, 0, 0, 0
44463, 32800, 1, 0, 0
44564, 65120, 0, 0, 0
44564, 29760, 1, 0, 0
44664, 72960, 0, 0, 0
44664, 31520, 1, 0, 0
44765, 68800, 0, 0, 0
44765, 29120, 1, 0, 0
44865, 71200, 0, 0, 0
44865, 30720, 1, 0, 0
44965, 65120, 0, 0, 0
44965, 31840, 1, 0, 0
45065, 72320, 0, 0, 0
45065, 34400, 1, 0, 0
45165, 76480, 0, 0, 0
45165, 29120, 1, 0, 0
45266, 65600, 0, 0, 0
45266, 31360, 1, 0, 0
45366, 64800, 0, 0, 0
45366, 30400, 1, 0, 0
45466, 65760, 0, 0, 0
45466, 29600, 1, 0, 0
45566, 76480, 0, 0, 0
45566, 32480, 1, 0, 0
45666, 67840, 0, 0, 0
45666, 27680, 1, 0, 0
45767, 80960, 0, 0, 0
45767, 34400, 1, 0, 0
45867, 73760, 0, 0, 0
45867, 32000, 1, 0, 0
45967, 73440, 0, 0, 0
45967, 30080, 1, 0, 0
46067, 71200, 0, 0, 0
46067, 34880, 1, 0, 0
46167, 80800, 0, 0, 0
46167, 29920, 1, 0, 0
46268, 68640, 0, 0, 0
46268, 32320, 1, 0, 0
46368, 78720, 0, 0, 0
46368, 35840, 1, 0, 0
46468, 78400, 0, 0, 0
46468, 31360, 1, 0, 0
46569, 72712, 0, 0, 0
46569, 32158, 1, 0, 0
46669, 80320, 0, 0, 0
46669, 28480, 1, 0, 0
46770, 80000, 0, 0, 0
46770, 29600, 1, 0, 0
46870, 64000, 0, 0, 0
46870, 31040, 1, 0, 0
46970, 82240, 0, 0, 0
46970, 35200, 1, 0, 0
47071, 71840, 0, 0, 0
47071, 29760, 1, 0, 0
47171, 77760, 0, 0, 0
47171, 31840, 1, 0, 0
47271, 65760, 0, 0, 0
47271, 31200, 1, 0, 0
47371, 74880, 0, 0, 0
47371, 32160, 1, 0, 0
47472, 73600, 0, 0, 0
47472, 31680, 1, 0, 0
47572, 76800, 0, 0, 0
47572, 34400, 1, 0, 0
47672, 79040, 0, 0, 0
47672, 32480, 1, 0, 0
47772, 78080, 0, 0, 0
47772, 29280, 1, 0, 0
47872, 63680, 0, 0, 0
47872, 28000, 1, 0, 0
47972, 64960, 0, 0, 0
47972, 30400, 1, 0, 0
48072, 60960, 0, 0, 0
48072, 26240, 1, 0, 0
48173, 62400, 0, 0, 0
48173, 30080, 1, 0, 0
48273, 71360, 0, 0, 0
48273, 30880, 1, 0, 0
48373, 76640, 0, 0, 0
48373, 31520, 1, 0, 0
48473, 74400, 0, 0, 0
48473, 32320, 1, 0, 0
48574, 76960, 0, 0, 0
48574, 31040, 1, 0, 0
48674, 72320, 0, 0, 0
48674, 30240, 1, 0, 0
48774, 75840, 0, 0, 0
48774, 31680, 1, 0, 0
48875, 71360, 0, 0, 0
48875, 30080, 1, 0, 0
48975, 75680, 0, 0, 0
48975, 29600, 1, 0, 0
49075, 64320, 0, 0, 0
49075, 29600, 1, 0, 0
49175, 70880, 0, 0, 0
49175, 31840, 1, 0, 0
49276, 80800, 0, 0, 0
49276, 33120, 1, 0, 0
49377, 71680, 0, 0, 0
49377, 30240, 1, 0, 0
49478, 74880, 0, 0, 0
49478, 30240, 1, 0, 0
49579, 74613, 0, 0, 0
49579, 35326, 1, 0, 0
49679, 65600, 0, 0, 0
49679, 34240, 1, 0, 0
49780, 68960, 0, 0, 0
49780, 34400, 1, 0, 0
49880, 68800, 0, 0, 0
49880, 25280, 1, 0, 0
49980, 72960, 0, 0, 0
49980, 31840, 1, 0, 0
50080, 77280, 0, 0, 0
50080, 32960, 1, 0, 0
50180, 79840, 0, 0, 0
50180, 33280, 1, 0, 0
50281, 69760, 0, 0, 0
50281, 32480, 1, 0, 0
50381, 75680, 0, 0, 0
50381, 33120, 1, 0, 0
50481, 73760, 0, 0, 0
50481, 27840, 1, 0, 0
50581, 69920, 0, 0, 0
50581, 26720, 1, 0, 0
50681, 78880, 0, 0, 0
50681, 33760, 1, 0, 0
50781, 66080, 0, 0, 0
50781, 31360, 1, 0, 0
50881, 78720, 0, 0, 0
50881, 32480, 1, 0, 0
50981, 56000, 0, 0, 0
50981, 29120, 1, 0, 0
51082, 71200, 0, 0, 0
51082, 34560, 1, 0, 0
51182, 70080, 0, 0, 0
51182, 32160, 1, 0, 0
51283, 78560, 0, 0, 0
51283, 37440, 1, 0, 0
51383, 66880, 0, 0, 0
51383, 32160, 1, 0, 0
51483, 68960, 0, 0, 0
51483, 30240, 1, 0, 0
51583, 74240, 0, 0, 0
51583, 33600, 1, 0, 0
51684, 78240, 0, 0, 0
51684, 35040, 1, 0, 0
51784, 73600, 0, 0, 0
51784, 32960, 1, 0, 0
51884, 73280, 0, 0, 0
51884, 34720, 1, 0, 0
51984, 77600, 0, 0, 0
51984, 27840, 1, 0, 0
52085, 76960, 0, 0, 0
52085, 27360, 1, 0, 0
52185, 76160, 0, 0, 0
52185, 30560, 1, 0, 0
52285, 80640, 0, 0, 0
52285, 28640, 1, 0, 0
52385, 80320, 0, 0, 0
52385, 33280, 1, 0, 0
52485, 65120, 0, 0, 0
52485, 30400, 1, 0, 0
52585, 77280, 0, 0, 0
52585, 32320, 1, 0, 0
52685, 78880, 0, 0, 0
52685, 33600, 1, 0, 0
52786, 68800, 0, 0, 0
52786, 29760, 1, 0, 0
52886, 77280, 0, 0, 0
52886, 31200, 1, 0, 0
52986, 65120, 0, 0, 0
52986, 31680, 1, 0, 0
53086, 67840, 0, 0, 0
53086, 30240, 1, 0, 0
53186, 72320, 0, 0, 0
53186, 28000, 1, 0, 0
53286, 79360, 0, 0, 0
53286, 32000, 1, 0, 0
53386, 73920, 0, 0, 0
53386, 31680, 1, 0, 0
53487, 72640, 0, 0, 0
53487, 32640, 1, 0, 0
53587, 81760, 0, 0, 0
53587, 32800, 1, 0, 0
53687, 76320, 0, 0, 0
53687, 31200, 1, 0, 0
53787, 67200, 0, 0, 0
53787, 29760, 1, 0, 0
53887, 76160, 0, 0, 0
53887, 33600, 1, 0, 0
53987, 72160, 0, 0, 0
53987, 29120, 1, 0, 0
54088, 78560, 0, 0, 0
54088, 28960, 1, 0, 0
54188, 65440, 0, 0, 0
54188, 28960, 1, 0, 0
54288, 81760, 0, 0, 0
54288, 34080, 1, 0, 0
54388, 75840, 0, 0, 0
54388, 27040, 1, 0, 0
54489, 68320, 0, 0, 0
54489, 29440, 1, 0, 0
54589, 70720, 0, 0, 0
54589, 27360, 1, 0, 0
54689, 73440, 0, 0, 0
54689, 30240, 1, 0, 0
54789, 72320, 0, 0, 0
54789, 30080, 1, 0, 0
54889, 70080, 0, 0, 0
54889, 27200, 1, 0, 0
54989, 60320, 0, 0, 0
54989, 23200, 1, 0, 0
55089, 69120, 0, 0, 0
55089, 30720, 1, 0, 0
55189, 80960, 0, 0, 0
55189, 31520, 1, 0, 0
55290, 75200, 0, 0, 0
55290, 33440, 1, 0, 0
55390, 68320, 0, 0, 0
55390, 31840, 1, 0, 0
55490, 73760, 0, 0, 0
55490, 33120, 1, 0, 0
55590, 61120, 0, 0, 0
55590, 23680, 1, 0, 0
55690, 81600, 0, 0, 0
55690, 30720, 1, 0, 0
55791, 67200, 0, 0, 0
55791, 28960, 1, 0, 0
55891, 65600, 0, 0, 0
55891, 29120, 1, 0, 0
55991, 73760, 0, 0, 0
55991, 34880, 1, 0, 0
56092, 73120, 0, 0, 0
56092, 32800, 1, 0, 0
56192, 68960, 0, 0, 0
56192, 31840, 1, 0, 0
56292, 70560, 0, 0, 0
56292, 31520, 1, 0, 0
56392, 77600, 0, 0, 0
56392, 34560, 1, 0, 0
56493, 70720, 0, 0, 0
56493, 30240, 1, 0, 0
56593, 78720, 0, 0, 0
56593, 35040, 1, 0, 0
56693, 80000, 0, 0, 0
56693, 35360, 1, 0, 0
56794, 72960, 0, 0, 0
56794, 33280, 1, 0, 0
56894, 68640, 0, 0, 0
56894, 29920, 1, 0, 0
56994, 81280, 0, 0, 0
56994, 30720, 1, 0, 0
57094, 67840, 0, 0, 0
57094, 27680, 1, 0, 0
57194, 70880, 0, 0, 0
57194, 28960, 1, 0, 0
57294, 70400, 0, 0, 0
57294, 31200, 1, 0, 0
57395, 81600, 0, 0, 0
57395, 34560, 1, 0, 0
57495, 75520, 0, 0, 0
57495, 35520, 1, 0, 0
57596, 67040, 0, 0, 0
57596, 31360, 1, 0, 0
57696, 72800, 0, 0, 0
57696, 30880, 1, 0, 0
57796, 76320, 0, 0, 0
57796, 31520, 1, 0, 0
57897, 77920, 0, 0, 0
57897, 32000, 1, 0, 0
57997, 84960, 0, 0, 0
57997, 32000, 1, 0, 0
58097, 72160, 0, 0, 0
58097, 28960, 1, 0, 0
58197, 80160, 0, 0, 0
58197, 37600, 1, 0, 0
58298, 87680, 0, 0, 0
58298, 32000, 1, 0, 0
58398, 65120, 0, 0, 0
58398, 29120, 1, 0, 0
58498, 69120, 0, 0, 0
58498, 29280, 1, 0, 0
58599, 78880, 0, 0, 0
58599, 32480, 1, 0, 0
58699, 83040, 0, 0, 0
58699, 34400, 1, 0, 0
58799, 68960, 0, 0, 0
58799, 29600, 1, 0, 0
58899, 77760, 0, 0, 0
58899, 32800, 1, 0, 0
58999, 77600, 0, 0, 0
58999, 33440, 1, 0, 0
59099, 78720, 0, 0, 0
59099, 32800, 1, 0, 0
59199, 70240, 0, 0, 0
59199, 31840, 1, 0, 0
59300, 69440, 0, 0, 0
59300, 27520, 1, 0, 0
59400, 68640, 0, 0, 0
59400, 28000, 1, 0, 0
59499, 73212, 0, 0, 0
59499, 31030, 1, 0, 0
59599, 64000, 0, 0, 0
59599, 30720, 1, 0, 0
59699, 70720, 0, 0, 0
59699, 32320, 1, 0, 0
59799, 72800, 0, 0, 0
59799, 27840, 1, 0, 0
59900, 65280, 0, 0, 0
59900, 31360, 1, 0, 0
59999, 63191, 0, 0, 0
59999, 28606, 1, 0, 0
60099, 61600, 0, 0, 0
60099, 27040, 1, 0, 0
60199, 66880, 0, 0, 0
60199, 29920, 1, 0, 0
60300, 76960, 0, 0, 0
60300, 33440, 1, 0, 0
60400, 71680, 0, 0, 0
60400, 31520, 1, 0, 0
60500, 73920, 0, 0, 0
60500, 32800, 1, 0, 0
60600, 71200, 0, 0, 0
60600, 31520, 1, 0, 0
60700, 71680, 0, 0, 0
60700, 30720, 1, 0, 0
60800, 74240, 0, 0, 0
60800, 32480, 1, 0, 0
60900, 67680, 0, 0, 0
60900, 28800, 1, 0, 0
60999, 79515, 0, 0, 0
60999, 31515, 1, 0, 0
61099, 65280, 0, 0, 0
61099, 29440, 1, 0, 0
61200, 71680, 0, 0, 0
61200, 24320, 1, 0, 0
61300, 85010, 0, 0, 0
61300, 31838, 1, 0, 0
61400, 84960, 0, 0, 0
61400, 34080, 1, 0, 0
61499, 69818, 0, 0, 0
61499, 31838, 1, 0, 0
61599, 66240, 0, 0, 0
61599, 28480, 1, 0, 0
61699, 70400, 0, 0, 0
61699, 30720, 1, 0, 0
61800, 65280, 0, 0, 0
61800, 31520, 1, 0, 0
61900, 76320, 0, 0, 0
61900, 34880, 1, 0, 0
61999, 74343, 0, 0, 0
61999, 28606, 1, 0, 0
62099, 70560, 0, 0, 0
62099, 29280, 1, 0, 0
62199, 76000, 0, 0, 0
62199, 31680, 1, 0, 0
62300, 70560, 0, 0, 0
62300, 32960, 1, 0, 0
62400, 75840, 0, 0, 0
62400, 32640, 1, 0, 0
62500, 68800, 0, 0, 0
62500, 30240, 1, 0, 0
62600, 76160, 0, 0, 0
62600, 28480, 1, 0, 0
62700, 81920, 0, 0, 0
62700, 30400, 1, 0, 0
62800, 71680, 0, 0, 0
62800, 32160, 1, 0, 0
62901, 68160, 0, 0, 0
62901, 32800, 1, 0, 0
63000, 72404, 0, 0, 0
63000, 30707, 1, 0, 0
63100, 74720, 0, 0, 0
63100, 31520, 1, 0, 0
63200, 76480, 0, 0, 0
63200, 31520, 1, 0, 0
63300, 74989, 0, 0, 0
63300, 33454, 1, 0, 0
63400, 79200, 0, 0, 0
63400, 31200, 1, 0, 0
63500, 77920, 0, 0, 0
63500, 31040, 1, 0, 0
63600, 74080, 0, 0, 0
63600, 33600, 1, 0, 0
63700, 70400, 0, 0, 0
63700, 30080, 1, 0, 0
63800, 71840, 0, 0, 0
63800, 31200, 1, 0, 0
63900, 70560, 0, 0, 0
63900, 30240, 1, 0, 0
63999, 64161, 0, 0, 0
63999, 29737, 1, 0, 0
64099, 79040, 0, 0, 0
64099, 33760, 1, 0, 0
64199, 78400, 0, 0, 0
64199, 28480, 1, 0, 0
64300, 63520, 0, 0, 0
64300, 29920, 1, 0, 0
64400, 79040, 0, 0, 0
64400, 33440, 1, 0, 0
64499, 74181, 0, 0, 0
64499, 28606, 1, 0, 0
64599, 81600, 0, 0, 0
64599, 30880, 1, 0, 0
64699, 68320, 0, 0, 0
64699, 33440, 1, 0, 0
64800, 75680, 0, 0, 0
64800, 30880, 1, 0, 0
64900, 72800, 0, 0, 0
64900, 28960, 1, 0, 0
64999, 71272, 0, 0, 0
64999, 27474, 1, 0, 0
65099, 74880, 0, 0, 0
65099, 32480, 1, 0, 0
65199, 66880, 0, 0, 0
65199, 27840, 1, 0, 0
65300, 72480, 0, 0, 0
65300, 25600, 1, 0, 0
65400, 65120, 0, 0, 0
65400, 30400, 1, 0, 0
65499, 77575, 0, 0, 0
65499, 29252, 1, 0, 0
65599, 70400, 0, 0, 0
65599, 27360, 1, 0, 0
65699, 72640, 0, 0, 0
65699, 28960, 1, 0, 0
65800, 72000, 0, 0, 0
65800, 32640, 1, 0, 0
65900, 79520, 0, 0, 0
65900, 33760, 1, 0, 0
65999, 69010, 0, 0, 0
65999, 31676, 1, 0, 0
66099, 72480, 0, 0, 0
66099, 31200, 1, 0, 0
66199, 73600, 0, 0, 0
66199, 33600, 1, 0, 0
66299, 68640, 0, 0, 0
66299, 36800, 1, 0, 0
66399, 76160, 0, 0, 0
66399, 30880, 1, 0, 0
66500, 66400, 0, 0, 0
66500, 33120, 1, 0, 0
66600, 72800, 0, 0, 0
66600, 30240, 1, 0, 0
66700, 76000, 0, 0, 0
66700, 33280, 1, 0, 0
66800, 76640, 0, 0, 0
66800, 30880, 1, 0, 0
66900, 85280, 0, 0, 0
66900, 32160, 1, 0, 0
66999, 72242, 0, 0, 0
66999, 33292, 1, 0, 0
67099, 68960, 0, 0, 0
67099, 34240, 1, 0, 0
67200, 79200, 0, 0, 0
67200, 31520, 1, 0, 0
67300, 71680, 0, 0, 0
67300, 30880, 1, 0, 0
67400, 65600, 0, 0, 0
67400, 29600, 1, 0, 0
67499, 68363, 0, 0, 0
67499, 27797, 1, 0, 0
67599, 68640, 0, 0, 0
67599, 33440, 1, 0, 0
67700, 73760, 0, 0, 0
67700, 30720, 1, 0, 0
67800, 76480, 0, 0, 0
67800, 34400, 1, 0, 0
67900, 76960, 0, 0, 0
67900, 32960, 1, 0, 0
67999, 84040, 0, 0, 0
67999, 32808, 1, 0, 0
68099, 88800, 0, 0, 0
68099, 36800, 1, 0, 0
68199, 62880, 0, 0, 0
68199, 29440, 1, 0, 0
68299, 78880, 0, 0, 0
68299, 32640, 1, 0, 0
68400, 75680, 0, 0, 0
68400, 30240, 1, 0, 0
68500, 71520, 0, 0, 0
68500, 33600, 1, 0, 0
68600, 72160, 0, 0, 0
68600, 24160, 1, 0, 0
68700, 82720, 0, 0, 0
68700, 26720, 1, 0, 0
68800, 71520, 0, 0, 0
68800, 28000, 1, 0, 0
68900, 72480, 0, 0, 0
68900, 27520, 1, 0, 0
68999, 72888, 0, 0, 0
68999, 33777, 1, 0, 0
69099, 65600, 0, 0, 0
69099, 28480, 1, 0, 0
69199, 69920, 0, 0, 0
69199, 30880, 1, 0, 0
69300, 80800, 0, 0, 0
69300, 32960, 1, 0, 0
69400, 76320, 0, 0, 0
69400, 35840, 1, 0, 0
69500, 84640, 0, 0, 0
69500, 35520, 1, 0, 0
69600, 78080, 0, 0, 0
69600, 35200, 1, 0, 0
69700, 75200, 0, 0, 0
69700, 32320, 1, 0, 0
69801, 77465, 0, 0, 0
69801, 30257, 1, 0, 0
69900, 70626, 0, 0, 0
69900, 32323, 1, 0, 0
70000, 66909, 0, 0, 0
70000, 29575, 1, 0, 0
70100, 68320, 0, 0, 0
70100, 30880, 1, 0, 0
70200, 72640, 0, 0, 0
70200, 32000, 1, 0, 0
70300, 72000, 0, 0, 0
70300, 26400, 1, 0, 0
70400, 76160, 0, 0, 0
70400, 32640, 1, 0, 0
70500, 65616, 0, 0, 0
70500, 27797, 1, 0, 0
70600, 76640, 0, 0, 0
70600, 32480, 1, 0, 0
70700, 71200, 0, 0, 0
70700, 29120, 1, 0, 0
70800, 68640, 0, 0, 0
70800, 28480, 1, 0, 0
70900, 77920, 0, 0, 0
70900, 32000, 1, 0, 0
70999, 76929, 0, 0, 0
70999, 31515, 1, 0, 0
71099, 70400, 0, 0, 0
71099, 33920, 1, 0, 0
71200, 61760, 0, 0, 0
71200, 30080, 1, 0, 0
71300, 74560, 0, 0, 0
71300, 32800, 1, 0, 0
71400, 74400, 0, 0, 0
71400, 30080, 1, 0, 0
71500, 67717, 0, 0, 0
71500, 26020, 1, 0, 0
71600, 71200, 0, 0, 0
71600, 33280, 1, 0, 0
71700, 68800, 0, 0, 0
71700, 32960, 1, 0, 0
71800, 75680, 0, 0, 0
71800, 36640, 1, 0, 0
71901, 74720, 0, 0, 0
71901, 30720, 1, 0, 0
72000, 68363, 0, 0, 0
72000, 28929, 1, 0, 0
72100, 76640, 0, 0, 0
72100, 32000, 1, 0, 0
72200, 77440, 0, 0, 0
72200, 35200, 1, 0, 0
72301, 72000, 0, 0, 0
72301, 29280, 1, 0, 0
72400, 66585, 0, 0, 0
72400, 32000, 1, 0, 0
72499, 72888, 0, 0, 0
72499, 28767, 1, 0, 0
72599, 79840, 0, 0, 0
72599, 30880, 1, 0, 0
72699, 73280, 0, 0, 0
72699, 33760, 1, 0, 0
72800, 67360, 0, 0, 0
72800, 29920, 1, 0, 0
72900, 67200, 0, 0, 0
72900, 32320, 1, 0, 0
73000, 74560, 0, 0, 0
73000, 30240, 1, 0, 0
73100, 73440, 0, 0, 0
73100, 27680, 1, 0, 0
73200, 77120, 0, 0, 0
73200, 29440, 1, 0, 0
73300, 71360, 0, 0, 0
73300, 35360, 1, 0, 0
73400, 76320, 0, 0, 0
73400, 30240, 1, 0, 0
73499, 67555, 0, 0, 0
73499, 31030, 1, 0, 0
73599, 70880, 0, 0, 0
73599, 30880, 1, 0, 0
73699, 71040, 0, 0, 0
73699, 29440, 1, 0, 0
73800, 69920, 0, 0, 0
73800, 31200, 1, 0, 0
73900, 77280, 0, 0, 0
73900, 36800, 1, 0, 0
74000, 85171, 0, 0, 0
74000, 32808, 1, 0, 0
74100, 79680, 0, 0, 0
74100, 32480, 1, 0, 0
74200, 66720, 0, 0, 0
74200, 29920, 1, 0, 0
74301, 78880, 0, 0, 0
74301, 32960, 1, 0, 0
74400, 73696, 0, 0, 0
74400, 30383, 1, 0, 0
74499, 73858, 0, 0, 0
74499, 31838, 1, 0, 0
74599, 68640, 0, 0, 0
74599, 33760, 1, 0, 0
74699, 73280, 0, 0, 0
74699, 31520, 1, 0, 0
74799, 78560, 0, 0, 0
74799, 30400, 1, 0, 0
74899, 75040, 0, 0, 0
74899, 28640, 1, 0, 0
74999, 69600, 0, 0, 0
74999, 30240, 1, 0, 0
75099, 69280, 0, 0, 0
75099, 27680, 1, 0, 0
75200, 67360, 0, 0, 0
75200, 29120, 1, 0, 0
75301, 71287, 0, 0, 0
75301, 29940, 1, 0, 0
75400, 67393, 0, 0, 0
75400, 29252, 1, 0, 0
75500, 71111, 0, 0, 0
75500, 29898, 1, 0, 0
75600, 74080, 0, 0, 0
75600, 33120, 1, 0, 0
75700, 76000, 0, 0, 0
75700, 31200, 1, 0, 0
75800, 78720, 0, 0, 0
75800, 28640, 1, 0, 0
75900, 69920, 0, 0, 0
75900, 31680, 1, 0, 0
76000, 73696, 0, 0, 0
76000, 32323, 1, 0, 0
76100, 76160, 0, 0, 0
76100, 33760, 1, 0, 0
76200, 79840, 0, 0, 0
76200, 31520, 1, 0, 0
76300, 72640, 0, 0, 0
76300, 31680, 1, 0, 0
76400, 77120, 0, 0, 0
76400, 32960, 1, 0, 0
76499, 68848, 0, 0, 0
76499, 32323, 1, 0, 0
76599, 82880, 0, 0, 0
76599, 34240, 1, 0, 0
76699, 77600, 0, 0, 0
76699, 31840, 1, 0, 0
76800, 74400, 0, 0, 0
76800, 28960, 1, 0, 0
76900, 64000, 0, 0, 0
76900, 28960, 1, 0, 0
77000, 72320, 0, 0, 0
77000, 28960, 1, 0, 0
77100, 75840, 0, 0, 0
77100, 34400, 1, 0, 0
77200, 70400, 0, 0, 0
77200, 32480, 1, 0, 0
77300, 71200, 0, 0, 0
77300, 29920, 1, 0, 0
77400, 74080, 0, 0, 0
77400, 35360, 1, 0, 0
77499, 79030, 0, 0, 0
77499, 29737, 1, 0, 0
77599, 72160, 0, 0, 0
77599, 32800, 1, 0, 0
77699, 73760, 0, 0, 0
77699, 35520, 1, 0, 0
77800, 69280, 0, 0, 0
77800, 29600, 1, 0, 0
77900, 66240, 0, 0, 0
77900, 31520, 1, 0, 0
77999, 72404, 0, 0, 0
77999, 32323, 1, 0, 0
78099, 78720, 0, 0, 0
78099, 33920, 1, 0, 0
78199, 78880, 0, 0, 0
78199, 36320, 1, 0, 0
78301, 71603, 0, 0, 0
78301, 32000, 1, 0, 0
78400, 66747, 0, 0, 0
78400, 32323, 1, 0, 0
78499, 76767, 0, 0, 0
78499, 32323, 1, 0, 0
78599, 76480, 0, 0, 0
78599, 29600, 1, 0, 0
78699, 75360, 0, 0, 0
78699, 30080, 1, 0, 0
78800, 78560, 0, 0, 0
78800, 26240, 1, 0, 0
78900, 77920, 0, 0, 0
78900, 29440, 1, 0, 0
79000, 70400, 0, 0, 0
79000, 31680, 1, 0, 0
79100, 77600, 0, 0, 0
79100, 33440, 1, 0, 0
79200, 72640, 0, 0, 0
79200, 30240, 1, 0, 0
79300, 74080, 0, 0, 0
79300, 32480, 1, 0, 0
79400, 70400, 0, 0, 0
79400, 33280, 1, 0, 0
79500, 65777, 0, 0, 0
79500, 34424, 1, 0, 0
79600, 76480, 0, 0, 0
79600, 37280, 1, 0, 0
79700, 70080, 0, 0, 0
79700, 36800, 1, 0, 0
79800, 78080, 0, 0, 0
79800, 33600, 1, 0, 0
79900, 68960, 0, 0, 0
79900, 29120, 1, 0, 0
79999, 69171, 0, 0, 0
79999, 31515, 1, 0, 0
80099, 67520, 0, 0, 0
80099, 31840, 1, 0, 0
80199, 66400, 0, 0, 0
80199, 26240, 1, 0, 0
80300, 66880, 0, 0, 0
80300, 36160, 1, 0, 0
80400, 78400, 0, 0, 0
80400, 33280, 1, 0, 0
80500, 75200, 0, 0, 0
80500, 25120, 1, 0, 0
80600, 71840, 0, 0, 0
80600, 28640, 1, 0, 0
80700, 69280, 0, 0, 0
80700, 27840, 1, 0, 0
80800, 69280, 0, 0, 0
80800, 30240, 1, 0, 0
80900, 62080, 0, 0, 0
80900, 34560, 1, 0, 0
81000, 75151, 0, 0, 0
81000, 34424, 1, 0, 0
81100, 69920, 0, 0, 0
81100, 29440, 1, 0, 0
81200, 62560, 0, 0, 0
81200, 28000, 1, 0, 0
81300, 75313, 0, 0, 0
81300, 38949, 1, 0, 0
81400, 74880, 0, 0, 0
81400, 29120, 1, 0, 0
81499, 70949, 0, 0, 0
81499, 31030, 1, 0, 0
81600, 82720, 0, 0, 0
81600, 35680, 1, 0, 0
81700, 79040, 0, 0, 0
81700, 30400, 1, 0, 0
81800, 74720, 0, 0, 0
81800, 27840, 1, 0, 0
81900, 78400, 0, 0, 0
81900, 28960, 1, 0, 0
81999, 65939, 0, 0, 0
81999, 28121, 1, 0, 0
82100, 73440, 0, 0, 0
82100, 30400, 1, 0, 0
82200, 69920, 0, 0, 0
82200, 30240, 1, 0, 0
82300, 75360, 0, 0, 0
82300, 34880, 1, 0, 0
82400, 79040, 0, 0, 0
82400, 35360, 1, 0, 0
82500, 73212, 0, 0, 0
82500, 27797, 1, 0, 0
82600, 69600, 0, 0, 0
82600, 32000, 1, 0, 0
82700, 69920, 0, 0, 0
82700, 28960, 1, 0, 0
82800, 72480, 0, 0, 0
82800, 32160, 1, 0, 0
82900, 74240, 0, 0, 0
82900, 30240, 1, 0, 0
83000, 70787, 0, 0, 0
83000, 30545, 1, 0, 0
83100, 70080, 0, 0, 0
83100, 30080, 1, 0, 0
83200, 71360, 0, 0, 0
83200, 31840, 1, 0, 0
83301, 84160, 0, 0, 0
83301, 34240, 1, 0, 0
83400, 73212, 0, 0, 0
83400, 30707, 1, 0, 0
83500, 72640, 0, 0, 0
83500, 32480, 1, 0, 0
83600, 63680, 0, 0, 0
83600, 30080, 1, 0, 0
83700, 69600, 0, 0, 0
83700, 28960, 1, 0, 0
83800, 70240, 0, 0, 0
83800, 32000, 1, 0, 0
83900, 72640, 0, 0, 0
83900, 29120, 1, 0, 0
84000, 76282, 0, 0, 0
84000, 30222, 1, 0, 0
84100, 57280, 0, 0, 0
84100, 26080, 1, 0, 0
84200, 73120, 0, 0, 0
84200, 29120, 1, 0, 0
84300, 76960, 0, 0, 0
84300, 31680, 1, 0, 0
84400, 70720, 0, 0, 0
84400, 34080, 1, 0, 0
84499, 72727, 0, 0, 0
84499, 32969, 1, 0, 0
84599, 69280, 0, 0, 0
84599, 31360, 1, 0, 0
84699, 78880, 0, 0, 0
84699, 32640, 1, 0, 0
84800, 67200, 0, 0, 0
84800, 30560, 1, 0, 0
84900, 85600, 0, 0, 0
84900, 28800, 1, 0, 0
84999, 76767, 0, 0, 0
84999, 33939, 1, 0, 0
85099, 64640, 0, 0, 0
85099, 26400, 1, 0, 0
85199, 73280, 0, 0, 0
85199, 28640, 1, 0, 0
85300, 68800, 0, 0, 0
85300, 31840, 1, 0, 0
85400, 72640, 0, 0, 0
85400, 33440, 1, 0, 0
85500, 70400, 0, 0, 0
85500, 30560, 1, 0, 0
85600, 74560, 0, 0, 0
85600, 30560, 1, 0, 0
85700, 78080, 0, 0, 0
85700, 31520, 1, 0, 0
85800, 68640, 0, 0, 0
85800, 31040, 1, 0, 0
85900, 72000, 0, 0, 0
85900, 24800, 1, 0, 0
85999, 77575, 0, 0, 0
85999, 32161, 1, 0, 0
86099, 78880, 0, 0, 0
86099, 30240, 1, 0, 0
86199, 74720, 0, 0, 0
86199, 28640, 1, 0, 0
86300, 71040, 0, 0, 0
86300, 34880, 1, 0, 0
86400, 84960, 0, 0, 0
86400, 32480, 1, 0, 0
86500, 70400, 0, 0, 0
86500, 32000, 1, 0, 0
86600, 69280, 0, 0, 0
86600, 28960, 1, 0, 0
86701, 76160, 0, 0, 0
86701, 33920, 1, 0, 0
86800, 77575, 0, 0, 0
86800, 35717, 1, 0, 0
86900, 71520, 0, 0, 0
86900, 31200, 1, 0, 0
86999, 76606, 0, 0, 0
86999, 32000, 1, 0, 0
87099, 67680, 0, 0, 0
87099, 30560, 1, 0, 0
87199, 66080, 0, 0, 0
87199, 28800, 1, 0, 0
87300, 75680, 0, 0, 0
87300, 34400, 1, 0, 0
87400, 64480, 0, 0, 0
87400, 30880, 1, 0, 0
87500, 72480, 0, 0, 0
87500, 30400, 1, 0, 0
87600, 72160, 0, 0, 0
87600, 34720, 1, 0, 0
87700, 79680, 0, 0, 0
87700, 34720, 1, 0, 0
87800, 73600, 0, 0, 0
87800, 28480, 1, 0, 0
87901, 66880, 0, 0, 0
87901, 30720, 1, 0, 0
88000, 71757, 0, 0, 0
88000, 33777, 1, 0, 0
88100, 65120, 0, 0, 0
88100, 25280, 1, 0, 0
88200, 69600, 0, 0, 0
88200, 31040, 1, 0, 0
88300, 68040, 0, 0, 0
88300, 33777, 1, 0, 0
88400, 67360, 0, 0, 0
88400, 31680, 1, 0, 0
88499, 69494, 0, 0, 0
88499, 35878, 1, 0, 0
88600, 68320, 0, 0, 0
88600, 30080, 1, 0, 0
88700, 72320, 0, 0, 0
88700, 30080, 1, 0, 0
88800, 62240, 0, 0, 0
88800, 29920, 1, 0, 0
88900, 77760, 0, 0, 0
88900, 33760, 1, 0, 0
88999, 70464, 0, 0, 0
88999, 29414, 1, 0, 0
89099, 69760, 0, 0, 0
89099, 31520, 1, 0, 0
89199, 71200, 0, 0, 0
89199, 36320, 1, 0, 0
89300, 64160, 0, 0, 0
89300, 31360, 1, 0, 0
89400, 64160, 0, 0, 0
89400, 29120, 1, 0, 0
89499, 71111, 0, 0, 0
89499, 34101, 1, 0, 0
89599, 63360, 0, 0, 0
89599, 30080, 1, 0, 0
89699, 68000, 0, 0, 0
89699, 30080, 1, 0, 0
89799, 77920, 0, 0, 0
89799, 33440, 1, 0, 0
89900, 76480, 0, 0, 0
89900, 33600, 1, 0, 0
89999, 76929, 0, 0, 0
89999, 31515, 1, 0, 0
