100, 607226, 0, 0, 0
200, 604906, 0, 0, 0
300, 611941, 0, 0, 0
400, 604898, 0, 0, 0
500, 615265, 0, 0, 0
600, 601739, 0, 0, 0
700, 609211, 0, 0, 0
800, 594945, 0, 0, 0
900, 602202, 0, 0, 0
1000, 587586, 0, 0, 0
1100, 613214, 0, 0, 0
1200, 600114, 0, 0, 0
1300, 600646, 0, 0, 0
1400, 614705, 0, 0, 0
1500, 609707, 0, 0, 0
1600, 595783, 0, 0, 0
1700, 605264, 0, 0, 0
1800, 621332, 0, 0, 0
1900, 620493, 0, 0, 0
2000, 625510, 0, 0, 0
2100, 600075, 0, 0, 0
2200, 612140, 0, 0, 0
2300, 614293, 0, 0, 0
2400, 604462, 0, 0, 0
2500, 605583, 0, 0, 0
2600, 625232, 0, 0, 0
2700, 587177, 0, 0, 0
2800, 598293, 0, 0, 0
2900, 613950, 0, 0, 0
3000, 622829, 0, 0, 0
3100, 574514, 0, 0, 0
3200, 582261, 0, 0, 0
3300, 583739, 0, 0, 0
3400, 622006, 0, 0, 0
3500, 600884, 0, 0, 0
3600, 611784, 0, 0, 0
3700, 606628, 0, 0, 0
3800, 604377, 0, 0, 0
3900, 602954, 0, 0, 0
4000, 604654, 0, 0, 0
4100, 605514, 0, 0, 0
4200, 596510, 0, 0, 0
4300, 606578, 0, 0, 0
4400, 601926, 0, 0, 0
4500, 598491, 0, 0, 0
4600, 595698, 0, 0, 0
4700, 592087, 0, 0, 0
4800, 607627, 0, 0, 0
4900, 660911, 0, 0, 0
5000, 634747, 0, 0, 0
5100, 630307, 0, 0, 0
5200, 620916, 0, 0, 0
5300, 632183, 0, 0, 0
5400, 617651, 0, 0, 0
5500, 625113, 0, 0, 0
5600, 620952, 0, 0, 0
5700, 600364, 0, 0, 0
5800, 589592, 0, 0, 0
5900, 614800, 0, 0, 0
6000, 605354, 0, 0, 0
6100, 618501, 0, 0, 0
6200, 615233, 0, 0, 0
6300, 639564, 0, 0, 0
6400, 613231, 0, 0, 0
6500, 606986, 0, 0, 0
6600, 598661, 0, 0, 0
6700, 609694, 0, 0, 0
6800, 607197, 0, 0, 0
6900, 615554, 0, 0, 0
7000, 621975, 0, 0, 0
7100, 611038, 0, 0, 0
7200, 575003, 0, 0, 0
7300, 589717, 0, 0, 0
7400, 605013, 0, 0, 0
7500, 588156, 0, 0, 0
7600, 626560, 0, 0, 0
7700, 596228, 0, 0, 0
7800, 607153, 0, 0, 0
7900, 606180, 0, 0, 0
8000, 585878, 0, 0, 0
8100, 601929, 0, 0, 0
8200, 597616, 0, 0, 0
8300, 610848, 0, 0, 0
8400, 605243, 0, 0, 0
8500, 598536, 0, 0, 0
8600, 594121, 0, 0, 0
8700, 605335, 0, 0, 0
8800, 587610, 0, 0, 0
8900, 592202, 0, 0, 0
9000, 625432, 0, 0, 0
9100, 611219, 0, 0, 0
9200, 590498, 0, 0, 0
9300, 592958, 0, 0, 0
9400, 599135, 0, 0, 0
9500, 614413, 0, 0, 0
9600, 609099, 0, 0, 0
9700, 606516, 0, 0, 0
9800, 601023, 0, 0, 0
9900, 608795, 0, 0, 0
10000, 598459, 0, 0, 0
10100, 638848, 0, 0, 0
10200, 616001, 0, 0, 0
10300, 602554, 0, 0, 0
10400, 629276, 0, 0, 0
10500, 616010, 0, 0, 0
10600, 632460, 0, 0, 0
10700, 615647, 0, 0, 0
10800, 593853, 0, 0, 0
10900, 611000, 0, 0, 0
11000, 609733, 0, 0, 0
11100, 621142, 0, 0, 0
11200, 619889, 0, 0, 0
11300, 616185, 0, 0, 0
11400, 582146, 0, 0, 0
11500, 609891, 0, 0, 0
11600, 588744, 0, 0, 0
11700, 606330, 0, 0, 0
11800, 603971, 0, 0, 0
11900, 592819, 0, 0, 0
12000, 603906, 0, 0, 0
12100, 608323, 0, 0, 0
12200, 597534, 0, 0, 0
12300, 599121, 0, 0, 0
12400, 590788, 0, 0, 0
12500, 596655, 0, 0, 0
12600, 578838, 0, 0, 0
12700, 593858, 0, 0, 0
12800, 588380, 0, 0, 0
12900, 594702, 0, 0, 0
13000, 628852, 0, 0, 0
13100, 583790, 0, 0, 0
13200, 616388, 0, 0, 0
13300, 606701, 0, 0, 0
13400, 611796, 0, 0, 0
13500, 616451, 0, 0, 0
13600, 606465, 0, 0, 0
13700, 610800, 0, 0, 0
13800, 616675, 0, 0, 0
13900, 611101, 0, 0, 0
14000, 615599, 0, 0, 0
14100, 603157, 0, 0, 0
14200, 619195, 0, 0, 0
14300, 600626, 0, 0, 0
14400, 609114, 0, 0, 0
14500, 605363, 0, 0, 0
14600, 600295, 0, 0, 0
14700, 599272, 0, 0, 0
14800, 596061, 0, 0, 0
14900, 605552, 0, 0, 0
15000, 592460, 0, 0, 0
15100, 607674, 0, 0, 0
15200, 594303, 0, 0, 0
15300, 609195, 0, 0, 0
15400, 622359, 0, 0, 0
15500, 595504, 0, 0, 0
15600, 602085, 0, 0, 0
15700, 602532, 0, 0, 0
15800, 618975, 0, 0, 0
15900, 620091, 0, 0, 0
16000, 604310, 0, 0, 0
16100, 614976, 0, 0, 0
16200, 615523, 0, 0, 0
16300, 603382, 0, 0, 0
16400, 611910, 0, 0, 0
16500, 628772, 0, 0, 0
16600, 632219, 0, 0, 0
16700, 630501, 0, 0, 0
16800, 615684, 0, 0, 0
16900, 614713, 0, 0, 0
17000, 592655, 0, 0, 0
17100, 619234, 0, 0, 0
17200, 643447, 0, 0, 0
17300, 625692, 0, 0, 0
17400, 616678, 0, 0, 0
17500, 656955, 0, 0, 0
17600, 615133, 0, 0, 0
17700, 597751, 0, 0, 0
17800, 599664, 0, 0, 0
17900, 594884, 0, 0, 0
18000, 605400, 0, 0, 0
18100, 620357, 0, 0, 0
18200, 580607, 0, 0, 0
18300, 588931, 0, 0, 0
18400, 580596, 0, 0, 0
18500, 579069, 0, 0, 0
18600, 580833, 0, 0, 0
18700, 604169, 0, 0, 0
18800, 592133, 0, 0, 0
18900, 596327, 0, 0, 0
19000, 596887, 0, 0, 0
19100, 633122, 0, 0, 0
19200, 599669, 0, 0, 0
19300, 607041, 0, 0, 0
19400, 607197, 0, 0, 0
19500, 603675, 0, 0, 0
19600, 586590, 0, 0, 0
19700, 581929, 0, 0, 0
19800, 614055, 0, 0, 0
19900, 639053, 0, 0, 0
20000, 596815, 0, 0, 0
20100, 604019, 0, 0, 0
20200, 603507, 0, 0, 0
20300, 594326, 0, 0, 0
20400, 616743, 0, 0, 0
20500, 601456, 0, 0, 0
20600, 593246, 0, 0, 0
20700, 631697, 0, 0, 0
20800, 597084, 0, 0, 0
20900, 613815, 0, 0, 0
21000, 585345, 0, 0, 0
21100, 588812, 0, 0, 0
21200, 612804, 0, 0, 0
21300, 604324, 0, 0, 0
21400, 567430, 0, 0, 0
21500, 594281, 0, 0, 0
21600, 601568, 0, 0, 0
21700, 604336, 0, 0, 0
21800, 606419, 0, 0, 0
21900, 625530, 0, 0, 0
22000, 618181, 0, 0, 0
22100, 610454, 0, 0, 0
22200, 600655, 0, 0, 0
22300, 608292, 0, 0, 0
22400, 601067, 0, 0, 0
22500, 617266, 0, 0, 0
22600, 618066, 0, 0, 0
22700, 608098, 0, 0, 0
22800, 615130, 0, 0, 0
22900, 621359, 0, 0, 0
23000, 648145, 0, 0, 0
23100, 654374, 0, 0, 0
23200, 688862, 0, 0, 0
23300, 611573, 0, 0, 0
23400, 622479, 0, 0, 0
23500, 624460, 0, 0, 0
23600, 615218, 0, 0, 0
23700, 613019, 0, 0, 0
23800, 633236, 0, 0, 0
23900, 609955, 0, 0, 0
24000, 597193, 0, 0, 0
24100, 615369, 0, 0, 0
24200, 603073, 0, 0, 0
24300, 594566, 0, 0, 0
24400, 600211, 0, 0, 0
24500, 604363, 0, 0, 0
24600, 603611, 0, 0, 0
24700, 593143, 0, 0, 0
24800, 602160, 0, 0, 0
24900, 597374, 0, 0, 0
25000, 588676, 0, 0, 0
25100, 605770, 0, 0, 0
25200, 632922, 0, 0, 0
25300, 612291, 0, 0, 0
25400, 586143, 0, 0, 0
25500, 607981, 0, 0, 0
25600, 606924, 0, 0, 0
25700, 617520, 0, 0, 0
25800, 601155, 0, 0, 0
25900, 596051, 0, 0, 0
26000, 613279, 0, 0, 0
26100, 600212, 0, 0, 0
26200, 611940, 0, 0, 0
26300, 626511, 0, 0, 0
26400, 615302, 0, 0, 0
26500, 598860, 0, 0, 0
26600, 601364, 0, 0, 0
26700, 604908, 0, 0, 0
26800, 600998, 0, 0, 0
26900, 610187, 0, 0, 0
27000, 592006, 0, 0, 0
27100, 598448, 0, 0, 0
27200, 624120, 0, 0, 0
27300, 595741, 0, 0, 0
27400, 604067, 0, 0, 0
27500, 616240, 0, 0, 0
27600, 597127, 0, 0, 0
27700, 596677, 0, 0, 0
27800, 599660, 0, 0, 0
27900, 594682, 0, 0, 0
28000, 602028, 0, 0, 0
28100, 609015, 0, 0, 0
28200, 596974, 0, 0, 0
28300, 611558, 0, 0, 0
28400, 600608, 0, 0, 0
28500, 618445, 0, 0, 0
28600, 597818, 0, 0, 0
28700, 626055, 0, 0, 0
28800, 607655, 0, 0, 0
28900, 608610, 0, 0, 0
29000, 623981, 0, 0, 0
29100, 597635, 0, 0, 0
29200, 594849, 0, 0, 0
29300, 595966, 0, 0, 0
29400, 604821, 0, 0, 0
29500, 603270, 0, 0, 0
29600, 602685, 0, 0, 0
29700, 605493, 0, 0, 0
29800, 615658, 0, 0, 0
29900, 596614, 0, 0, 0
30000, 609078, 0, 0, 0
30100, 611566, 0, 0, 0
30200, 613199, 0, 0, 0
30300, 611370, 0, 0, 0
30400, 589200, 0, 0, 0
30500, 610349, 0, 0, 0
30600, 624112, 0, 0, 0
30700, 603978, 0, 0, 0
30800, 629771, 0, 0, 0
30900, 592034, 0, 0, 0
31000, 607383, 0, 0, 0
31100, 595346, 0, 0, 0
31200, 610527, 0, 0, 0
31300, 606034, 0, 0, 0
31400, 611763, 0, 0, 0
31500, 611984, 0, 0, 0
31600, 598470, 0, 0, 0
31700, 601337, 0, 0, 0
31800, 621175, 0, 0, 0
31900, 611906, 0, 0, 0
32000, 614515, 0, 0, 0
32100, 605661, 0, 0, 0
32200, 607807, 0, 0, 0
32300, 610220, 0, 0, 0
32400, 600947, 0, 0, 0
32500, 642353, 0, 0, 0
32600, 605463, 0, 0, 0
32700, 608406, 0, 0, 0
32800, 605261, 0, 0, 0
32900, 599292, 0, 0, 0
33000, 592019, 0, 0, 0
33100, 604823, 0, 0, 0
33200, 606801, 0, 0, 0
33300, 568944, 0, 0, 0
33400, 630690, 0, 0, 0
33500, 601012, 0, 0, 0
33600, 616482, 0, 0, 0
33700, 614432, 0, 0, 0
33800, 621954, 0, 0, 0
33900, 619088, 0, 0, 0
34000, 625059, 0, 0, 0
34100, 630940, 0, 0, 0
34200, 628926, 0, 0, 0
34300, 620910, 0, 0, 0
34400, 640756, 0, 0, 0
34500, 628444, 0, 0, 0
34600, 630362, 0, 0, 0
34700, 619857, 0, 0, 0
34800, 626533, 0, 0, 0
34900, 627064, 0, 0, 0
35000, 626613, 0, 0, 0
35100, 632047, 0, 0, 0
35200, 620766, 0, 0, 0
35300, 621956, 0, 0, 0
35400, 615290, 0, 0, 0
35500, 634291, 0, 0, 0
35600, 650694, 0, 0, 0
35700, 640918, 0, 0, 0
35800, 635226, 0, 0, 0
35900, 664616, 0, 0, 0
36000, 656934, 0, 0, 0
36100, 651564, 0, 0, 0
36200, 620859, 0, 0, 0
36300, 630597, 0, 0, 0
36400, 628117, 0, 0, 0
36500, 632695, 0, 0, 0
36600, 642527, 0, 0, 0
36700, 657717, 0, 0, 0
36800, 653238, 0, 0, 0
36900, 594642, 0, 0, 0
37000, 653626, 0, 0, 0
37100, 626159, 0, 0, 0
37200, 608163, 0, 0, 0
37300, 580372, 0, 0, 0
37400, 634327, 0, 0, 0
37500, 603461, 0, 0, 0
37600, 626398, 0, 0, 0
37700, 628717, 0, 0, 0
37800, 641497, 0, 0, 0
37900, 618010, 0, 0, 0
38000, 608772, 0, 0, 0
38100, 612121, 0, 0, 0
38200, 598668, 0, 0, 0
38300, 601095, 0, 0, 0
38400, 610980, 0, 0, 0
38500, 596361, 0, 0, 0
38600, 595798, 0, 0, 0
38700, 613324, 0, 0, 0
38800, 623707, 0, 0, 0
38900, 618411, 0, 0, 0
39000, 621673, 0, 0, 0
39100, 624574, 0, 0, 0
39200, 606347, 0, 0, 0
39300, 590200, 0, 0, 0
39400, 594875, 0, 0, 0
39500, 623349, 0, 0, 0
39600, 567029, 0, 0, 0
39700, 566383, 0, 0, 0
39800, 602387, 0, 0, 0
39900, 582830, 0, 0, 0
40000, 614466, 0, 0, 0
40100, 593971, 0, 0, 0
40200, 606743, 0, 0, 0
40300, 619004, 0, 0, 0
40400, 637640, 0, 0, 0
40500, 603358, 0, 0, 0
40600, 630678, 0, 0, 0
40700, 611024, 0, 0, 0
40800, 638416, 0, 0, 0
40900, 649195, 0, 0, 0
41000, 636609, 0, 0, 0
41100, 636075, 0, 0, 0
41200, 642202, 0, 0, 0
41300, 632617, 0, 0, 0
41400, 607143, 0, 0, 0
41500, 604884, 0, 0, 0
41600, 629201, 0, 0, 0
41700, 619087, 0, 0, 0
41800, 610767, 0, 0, 0
41900, 603969, 0, 0, 0
42000, 601733, 0, 0, 0
42100, 613463, 0, 0, 0
42200, 608042, 0, 0, 0
42300, 609610, 0, 0, 0
42400, 645023, 0, 0, 0
42500, 611296, 0, 0, 0
42600, 610618, 0, 0, 0
42700, 669950, 0, 0, 0
42800, 603948, 0, 0, 0
42900, 621857, 0, 0, 0
43000, 618803, 0, 0, 0
43100, 621702, 0, 0, 0
43200, 613410, 0, 0, 0
43300, 619994, 0, 0, 0
43400, 614535, 0, 0, 0
43500, 604704, 0, 0, 0
43600, 614834, 0, 0, 0
43700, 619528, 0, 0, 0
43800, 623097, 0, 0, 0
43900, 611377, 0, 0, 0
44000, 612605, 0, 0, 0
44100, 608595, 0, 0, 0
44200, 624606, 0, 0, 0
44300, 600411, 0, 0, 0
44400, 579198, 0, 0, 0
44500, 595479, 0, 0, 0
44600, 606391, 0, 0, 0
44700, 612331, 0, 0, 0
44800, 624268, 0, 0, 0
44900, 597689, 0, 0, 0
45000, 609290, 0, 0, 0
45100, 613215, 0, 0, 0
45200, 605655, 0, 0, 0
45300, 607598, 0, 0, 0
45400, 624968, 0, 0, 0
45500, 621308, 0, 0, 0
45600, 589934, 0, 0, 0
45700, 598141, 0, 0, 0
45800, 605188, 0, 0, 0
45900, 597274, 0, 0, 0
46000, 602027, 0, 0, 0
46100, 598851, 0, 0, 0
46200, 586434, 0, 0, 0
46300, 599242, 0, 0, 0
46400, 618833, 0, 0, 0
46500, 597763, 0, 0, 0
46600, 584462, 0, 0, 0
46700, 595347, 0, 0, 0
46800, 617098, 0, 0, 0
46900, 615736, 0, 0, 0
47000, 621630, 0, 0, 0
47100, 600550, 0, 0, 0
47200, 597866, 0, 0, 0
47300, 591955, 0, 0, 0
47400, 621659, 0, 0, 0
47500, 628399, 0, 0, 0
47600, 598494, 0, 0, 0
47700, 629697, 0, 0, 0
47800, 606294, 0, 0, 0
47900, 606474, 0, 0, 0
48000, 571097, 0, 0, 0
48100, 597118, 0, 0, 0
48200, 613515, 0, 0, 0
48300, 604702, 0, 0, 0
48400, 609134, 0, 0, 0
48500, 625585, 0, 0, 0
48600, 590719, 0, 0, 0
48700, 610069, 0, 0, 0
48800, 602665, 0, 0, 0
48900, 615351, 0, 0, 0
49000, 614508, 0, 0, 0
49100, 612163, 0, 0, 0
49200, 608202, 0, 0, 0
49300, 597685, 0, 0, 0
49400, 611249, 0, 0, 0
49500, 603217, 0, 0, 0
49600, 596455, 0, 0, 0
49700, 608570, 0, 0, 0
49800, 613980, 0, 0, 0
49900, 610574, 0, 0, 0
50000, 604488, 0, 0, 0
50100, 612187, 0, 0, 0
50200, 609629, 0, 0, 0
50300, 604183, 0, 0, 0
50400, 585501, 0, 0, 0
50500, 606271, 0, 0, 0
50600, 609340, 0, 0, 0
50700, 610087, 0, 0, 0
50800, 590188, 0, 0, 0
50900, 617511, 0, 0, 0
51000, 619275, 0, 0, 0
51100, 625203, 0, 0, 0
51200, 598201, 0, 0, 0
51300, 643368, 0, 0, 0
51400, 603344, 0, 0, 0
51500, 604554, 0, 0, 0
51600, 556198, 0, 0, 0
51700, 611691, 0, 0, 0
51800, 606863, 0, 0, 0
51900, 568495, 0, 0, 0
52000, 620027, 0, 0, 0
52100, 588842, 0, 0, 0
52200, 581956, 0, 0, 0
52300, 617742, 0, 0, 0
52400, 607748, 0, 0, 0
52500, 597732, 0, 0, 0
52600, 575496, 0, 0, 0
52700, 583485, 0, 0, 0
52800, 605765, 0, 0, 0
52900, 591638, 0, 0, 0
53000, 602905, 0, 0, 0
53100, 597300, 0, 0, 0
53200, 575464, 0, 0, 0
53300, 595924, 0, 0, 0
53400, 628279, 0, 0, 0
53500, 613761, 0, 0, 0
53600, 601363, 0, 0, 0
53700, 594319, 0, 0, 0
53800, 594898, 0, 0, 0
53900, 610336, 0, 0, 0
54000, 599335, 0, 0, 0
54100, 587065, 0, 0, 0
54200, 603910, 0, 0, 0
54300, 627343, 0, 0, 0
54400, 607282, 0, 0, 0
54500, 587408, 0, 0, 0
54600, 611449, 0, 0, 0
54700, 608059, 0, 0, 0
54800, 603741, 0, 0, 0
54900, 615492, 0, 0, 0
55000, 601730, 0, 0, 0
55100, 588179, 0, 0, 0
55200, 596479, 0, 0, 0
55300, 602033, 0, 0, 0
55400, 619838, 0, 0, 0
55500, 615758, 0, 0, 0
55600, 628932, 0, 0, 0
55700, 603851, 0, 0, 0
55800, 625708, 0, 0, 0
55900, 598077, 0, 0, 0
56000, 613368, 0, 0, 0
56100, 596342, 0, 0, 0
56200, 627073, 0, 0, 0
56300, 642853, 0, 0, 0
56400, 620265, 0, 0, 0
56500, 607383, 0, 0, 0
56600, 616974, 0, 0, 0
56700, 617204, 0, 0, 0
56800, 605055, 0, 0, 0
56900, 580645, 0, 0, 0
57000, 578315, 0, 0, 0
57100, 604879, 0, 0, 0
57200, 623114, 0, 0, 0
57300, 610292, 0, 0, 0
57400, 622018, 0, 0, 0
57500, 628673, 0, 0, 0
57600, 602598, 0, 0, 0
57700, 593453, 0, 0, 0
57800, 582053, 0, 0, 0
57900, 602082, 0, 0, 0
58000, 601491, 0, 0, 0
58100, 609015, 0, 0, 0
58200, 596329, 0, 0, 0
58300, 594423, 0, 0, 0
58400, 613577, 0, 0, 0
58500, 604832, 0, 0, 0
58600, 605139, 0, 0, 0
58700, 609443, 0, 0, 0
58800, 587275, 0, 0, 0
58900, 607584, 0, 0, 0
59000, 603494, 0, 0, 0
59100, 608447, 0, 0, 0
59200, 606136, 0, 0, 0
59300, 626320, 0, 0, 0
59400, 615832, 0, 0, 0
59500, 606377, 0, 0, 0
59600, 611615, 0, 0, 0
59700, 596485, 0, 0, 0
59800, 606348, 0, 0, 0
59900, 606883, 0, 0, 0
60000, 589520, 0, 0, 0
60100, 587775, 0, 0, 0
60200, 587905, 0, 0, 0
60300, 612336, 0, 0, 0
60400, 576759, 0, 0, 0
60500, 604015, 0, 0, 0
60600, 598153, 0, 0, 0
60700, 615941, 0, 0, 0
60800, 629753, 0, 0, 0
60900, 608646, 0, 0, 0
61000, 621732, 0, 0, 0
61100, 631590, 0, 0, 0
61200, 629774, 0, 0, 0
61300, 593127, 0, 0, 0
61400, 593759, 0, 0, 0
61500, 609766, 0, 0, 0
61600, 604104, 0, 0, 0
61700, 604867, 0, 0, 0
61800, 617626, 0, 0, 0
61900, 620931, 0, 0, 0
62000, 615892, 0, 0, 0
62100, 588785, 0, 0, 0
62200, 596696, 0, 0, 0
62300, 621298, 0, 0, 0
62400, 613086, 0, 0, 0
62500, 606964, 0, 0, 0
62600, 603131, 0, 0, 0
62700, 620088, 0, 0, 0
62800, 609716, 0, 0, 0
62900, 600357, 0, 0, 0
63000, 595812, 0, 0, 0
63100, 596478, 0, 0, 0
63200, 588967, 0, 0, 0
63300, 613303, 0, 0, 0
63400, 609562, 0, 0, 0
63500, 599487, 0, 0, 0
63600, 611439, 0, 0, 0
63700, 587330, 0, 0, 0
63800, 598470, 0, 0, 0
63900, 585924, 0, 0, 0
64000, 593444, 0, 0, 0
64100, 606001, 0, 0, 0
64200, 602260, 0, 0, 0
64300, 594609, 0, 0, 0
64400, 610490, 0, 0, 0
64500, 601909, 0, 0, 0
64600, 601177, 0, 0, 0
64700, 594245, 0, 0, 0
64800, 596497, 0, 0, 0
64900, 603006, 0, 0, 0
65000, 614089, 0, 0, 0
65100, 575825, 0, 0, 0
65200, 594897, 0, 0, 0
65300, 609269, 0, 0, 0
65400, 625121, 0, 0, 0
65500, 616802, 0, 0, 0
65600, 623573, 0, 0, 0
65700, 591053, 0, 0, 0
65800, 602301, 0, 0, 0
65900, 588065, 0, 0, 0
66000, 591074, 0, 0, 0
66100, 607304, 0, 0, 0
66200, 609925, 0, 0, 0
66300, 578651, 0, 0, 0
66400, 592479, 0, 0, 0
66500, 620015, 0, 0, 0
66600, 602492, 0, 0, 0
66700, 626310, 0, 0, 0
66800, 599703, 0, 0, 0
66900, 609509, 0, 0, 0
67000, 618423, 0, 0, 0
67100, 612797, 0, 0, 0
67200, 602842, 0, 0, 0
67300, 594114, 0, 0, 0
67400, 605305, 0, 0, 0
67500, 586770, 0, 0, 0
67600, 608471, 0, 0, 0
67700, 627728, 0, 0, 0
67800, 611260, 0, 0, 0
67900, 603827, 0, 0, 0
68000, 624335, 0, 0, 0
68100, 628743, 0, 0, 0
68200, 629084, 0, 0, 0
68300, 627039, 0, 0, 0
68400, 617260, 0, 0, 0
68500, 602170, 0, 0, 0
68600, 606850, 0, 0, 0
68700, 606921, 0, 0, 0
68800, 606209, 0, 0, 0
68900, 619606, 0, 0, 0
69000, 602086, 0, 0, 0
69100, 594052, 0, 0, 0
69200, 610791, 0, 0, 0
69300, 614334, 0, 0, 0
69400, 606248, 0, 0, 0
69500, 606715, 0, 0, 0
69600, 639958, 0, 0, 0
69700, 609561, 0, 0, 0
69800, 613412, 0, 0, 0
69900, 629970, 0, 0, 0
70000, 586936, 0, 0, 0
70100, 634918, 0, 0, 0
70200, 599892, 0, 0, 0
70300, 611193, 0, 0, 0
70400, 605317, 0, 0, 0
70500, 603751, 0, 0, 0
70600, 594674, 0, 0, 0
70700, 603221, 0, 0, 0
70800, 602574, 0, 0, 0
70900, 597555, 0, 0, 0
71000, 604899, 0, 0, 0
71100, 584586, 0, 0, 0
71200, 605268, 0, 0, 0
71300, 592184, 0, 0, 0
71400, 589228, 0, 0, 0
71500, 610384, 0, 0, 0
71600, 572228, 0, 0, 0
71700, 603493, 0, 0, 0
71800, 624939, 0, 0, 0
71900, 601291, 0, 0, 0
72000, 598193, 0, 0, 0
72100, 635757, 0, 0, 0
72200, 612631, 0, 0, 0
72300, 611908, 0, 0, 0
72400, 608523, 0, 0, 0
72500, 593941, 0, 0, 0
72600, 607391, 0, 0, 0
72700, 590054, 0, 0, 0
72800, 624417, 0, 0, 0
72900, 606844, 0, 0, 0
73000, 627394, 0, 0, 0
73100, 610082, 0, 0, 0
73200, 617911, 0, 0, 0
73300, 592654, 0, 0, 0
73400, 609115, 0, 0, 0
73500, 619508, 0, 0, 0
73600, 613482, 0, 0, 0
73700, 613493, 0, 0, 0
73800, 626686, 0, 0, 0
73900, 591214, 0, 0, 0
74000, 619704, 0, 0, 0
74100, 636827, 0, 0, 0
74200, 649938, 0, 0, 0
74300, 647866, 0, 0, 0
74400, 642648, 0, 0, 0
74500, 643159, 0, 0, 0
74600, 649473, 0, 0, 0
74700, 646813, 0, 0, 0
74800, 642270, 0, 0, 0
74900, 636028, 0, 0, 0
75000, 629665, 0, 0, 0
75100, 629144, 0, 0, 0
75200, 613655, 0, 0, 0
75300, 631555, 0, 0, 0
75400, 625675, 0, 0, 0
75500, 614829, 0, 0, 0
75600, 607717, 0, 0, 0
75700, 617411, 0, 0, 0
75800, 617469, 0, 0, 0
75900, 637266, 0, 0, 0
76000, 614234, 0, 0, 0
76100, 616352, 0, 0, 0
76200, 596250, 0, 0, 0
76300, 610844, 0, 0, 0
76400, 604281, 0, 0, 0
76500, 629713, 0, 0, 0
76600, 614525, 0, 0, 0
76700, 586523, 0, 0, 0
76800, 600467, 0, 0, 0
76900, 603348, 0, 0, 0
77000, 610528, 0, 0, 0
77100, 599651, 0, 0, 0
77200, 582483, 0, 0, 0
77300, 609206, 0, 0, 0
77400, 599068, 0, 0, 0
77500, 597486, 0, 0, 0
77600, 596935, 0, 0, 0
77700, 599598, 0, 0, 0
77800, 625594, 0, 0, 0
77900, 611864, 0, 0, 0
78000, 596008, 0, 0, 0
78100, 614218, 0, 0, 0
78200, 596927, 0, 0, 0
78300, 621826, 0, 0, 0
78400, 613887, 0, 0, 0
78500, 596614, 0, 0, 0
78600, 603910, 0, 0, 0
78700, 599449, 0, 0, 0
78800, 611939, 0, 0, 0
78900, 622012, 0, 0, 0
79000, 548618, 0, 0, 0
79100, 593625, 0, 0, 0
79200, 609606, 0, 0, 0
79300, 610078, 0, 0, 0
79400, 593611, 0, 0, 0
79500, 588536, 0, 0, 0
79600, 590751, 0, 0, 0
79700, 595693, 0, 0, 0
79800, 606391, 0, 0, 0
79900, 597343, 0, 0, 0
80000, 583153, 0, 0, 0
80100, 595279, 0, 0, 0
80200, 617706, 0, 0, 0
80300, 610548, 0, 0, 0
80400, 604849, 0, 0, 0
80500, 586205, 0, 0, 0
80600, 587621, 0, 0, 0
80700, 609540, 0, 0, 0
80800, 621856, 0, 0, 0
80900, 597509, 0, 0, 0
81000, 604222, 0, 0, 0
81100, 621825, 0, 0, 0
81200, 604642, 0, 0, 0
81300, 605046, 0, 0, 0
81400, 597528, 0, 0, 0
81500, 634350, 0, 0, 0
81600, 617134, 0, 0, 0
81700, 608753, 0, 0, 0
81800, 618148, 0, 0, 0
81900, 591154, 0, 0, 0
82000, 592526, 0, 0, 0
82100, 613017, 0, 0, 0
82200, 626046, 0, 0, 0
82300, 597321, 0, 0, 0
82400, 607485, 0, 0, 0
82500, 628222, 0, 0, 0
82600, 615143, 0, 0, 0
82700, 605317, 0, 0, 0
82800, 593518, 0, 0, 0
82900, 607266, 0, 0, 0
83000, 622482, 0, 0, 0
83100, 611181, 0, 0, 0
83200, 594640, 0, 0, 0
83300, 608156, 0, 0, 0
83400, 633746, 0, 0, 0
83500, 616692, 0, 0, 0
83600, 621114, 0, 0, 0
83700, 638906, 0, 0, 0
83800, 624614, 0, 0, 0
83900, 616409, 0, 0, 0
84000, 631803, 0, 0, 0
84100, 641844, 0, 0, 0
84200, 591840, 0, 0, 0
84300, 604780, 0, 0, 0
84400, 611359, 0, 0, 0
84500, 614222, 0, 0, 0
84600, 622922, 0, 0, 0
84700, 600149, 0, 0, 0
84800, 595851, 0, 0, 0
84900, 595484, 0, 0, 0
85000, 592366, 0, 0, 0
85100, 596343, 0, 0, 0
85200, 585200, 0, 0, 0
85300, 585152, 0, 0, 0
85400, 607917, 0, 0, 0
85500, 611156, 0, 0, 0
85600, 625803, 0, 0, 0
85700, 618431, 0, 0, 0
85800, 650939, 0, 0, 0
85900, 606491, 0, 0, 0
86000, 593423, 0, 0, 0
86100, 608848, 0, 0, 0
86200, 598027, 0, 0, 0
86300, 606521, 0, 0, 0
86400, 602036, 0, 0, 0
86500, 602908, 0, 0, 0
86600, 618717, 0, 0, 0
86700, 602442, 0, 0, 0
86800, 609581, 0, 0, 0
86900, 596565, 0, 0, 0
87000, 600614, 0, 0, 0
87100, 605551, 0, 0, 0
87200, 601762, 0, 0, 0
87300, 624011, 0, 0, 0
87400, 604604, 0, 0, 0
87500, 613372, 0, 0, 0
87600, 622046, 0, 0, 0
87700, 607239, 0, 0, 0
87800, 617167, 0, 0, 0
87900, 602922, 0, 0, 0
88000, 615759, 0, 0, 0
88100, 588803, 0, 0, 0
88200, 597928, 0, 0, 0
88300, 590637, 0, 0, 0
88400, 629224, 0, 0, 0
88500, 597296, 0, 0, 0
88600, 603188, 0, 0, 0
88700, 580317, 0, 0, 0
88800, 599450, 0, 0, 0
88900, 604133, 0, 0, 0
89000, 608529, 0, 0, 0
89100, 606965, 0, 0, 0
89200, 621651, 0, 0, 0
89300, 625494, 0, 0, 0
89400, 586419, 0, 0, 0
89500, 610644, 0, 0, 0
89600, 609909, 0, 0, 0
89700, 623634, 0, 0, 0
89800, 598430, 0, 0, 0
89900, 609740, 0, 0, 0
90000, 587896, 0, 0, 0
