102, 4099329, 0, 0, 0
202, 3687568, 0, 0, 0
301, 4128376, 0, 0, 0
404, 3960444, 0, 0, 0
503, 4148161, 0, 0, 0
600, 3694408, 0, 0, 0
704, 3716008, 0, 0, 0
800, 4200230, 0, 0, 0
903, 3542149, 0, 0, 0
1002, 4482238, 0, 0, 0
1100, 4474803, 0, 0, 0
1200, 3974664, 0, 0, 0
1301, 3918973, 0, 0, 0
1401, 4137209, 0, 0, 0
1503, 3918203, 0, 0, 0
1600, 3880275, 0, 0, 0
1703, 4288155, 0, 0, 0
1801, 4269269, 0, 0, 0
1900, 3520773, 0, 0, 0
2003, 3967632, 0, 0, 0
2100, 4041241, 0, 0, 0
2203, 4289453, 0, 0, 0
2300, 3734586, 0, 0, 0
2402, 3767239, 0, 0, 0
2500, 4089594, 0, 0, 0
2602, 4237906, 0, 0, 0
2700, 4284815, 0, 0, 0
2800, 4518805, 0, 0, 0
2903, 4124751, 0, 0, 0
3002, 3967628, 0, 0, 0
3102, 3692266, 0, 0, 0
3204, 4092882, 0, 0, 0
3303, 3539262, 0, 0, 0
3404, 4392257, 0, 0, 0
3500, 4551861, 0, 0, 0
3600, 4186616, 0, 0, 0
3700, 4347040, 0, 0, 0
3803, 3784838, 0, 0, 0
3900, 5721588, 0, 0, 0
4001, 4231254, 0, 0, 0
4100, 3664724, 0, 0, 0
4201, 3575647, 0, 0, 0
4300, 3816888, 0, 0, 0
4400, 3867958, 0, 0, 0
4501, 4355971, 0, 0, 0
4601, 4003275, 0, 0, 0
4700, 3831592, 0, 0, 0
4803, 4668240, 0, 0, 0
4902, 3963870, 0, 0, 0
5000, 3924208, 0, 0, 0
5102, 4223081, 0, 0, 0
5202, 4194426, 0, 0, 0
5301, 4102061, 0, 0, 0
5402, 3874945, 0, 0, 0
5502, 3843224, 0, 0, 0
5600, 3761443, 0, 0, 0
5703, 3983802, 0, 0, 0
5800, 4225608, 0, 0, 0
5901, 4183618, 0, 0, 0
6002, 4230620, 0, 0, 0
6103, 4029508, 0, 0, 0
6204, 4021546, 0, 0, 0
6300, 3995627, 0, 0, 0
6402, 3921009, 0, 0, 0
6502, 4372228, 0, 0, 0
6603, 4037517, 0, 0, 0
6704, 3739406, 0, 0, 0
6801, 3869482, 0, 0, 0
6902, 4391631, 0, 0, 0
7005, 4271965, 0, 0, 0
7103, 3788864, 0, 0, 0
7203, 4173645, 0, 0, 0
7304, 4018155, 0, 0, 0
7405, 4594469, 0, 0, 0
7501, 4154692, 0, 0, 0
7600, 3676226, 0, 0, 0
7703, 3806587, 0, 0, 0
7803, 4194804, 0, 0, 0
7900, 3464006, 0, 0, 0
8003, 3789975, 0, 0, 0
8101, 3925193, 0, 0, 0
8201, 3847601, 0, 0, 0
8301, 4326190, 0, 0, 0
8400, 3812100, 0, 0, 0
8500, 4354962, 0, 0, 0
8601, 3733954, 0, 0, 0
8703, 4073496, 0, 0, 0
8800, 3756783, 0, 0, 0
8903, 3931464, 0, 0, 0
9001, 3937791, 0, 0, 0
9104, 4294669, 0, 0, 0
9202, 4882332, 0, 0, 0
9304, 3760850, 0, 0, 0
9400, 4616713, 0, 0, 0
9500, 4335347, 0, 0, 0
9601, 4203703, 0, 0, 0
9703, 3921293, 0, 0, 0
9802, 4096712, 0, 0, 0
9902, 4016648, 0, 0, 0
10000, 3896282, 0, 0, 0
10101, 3899398, 0, 0, 0
10201, 4346757, 0, 0, 0
10303, 4094548, 0, 0, 0
10401, 3757417, 0, 0, 0
10501, 4144871, 0, 0, 0
10603, 3928064, 0, 0, 0
10700, 4058344, 0, 0, 0
10802, 3638636, 0, 0, 0
10900, 3769530, 0, 0, 0
11000, 4329444, 0, 0, 0
11102, 4093531, 0, 0, 0
11200, 4257875, 0, 0, 0
11302, 4639840, 0, 0, 0
11403, 4043699, 0, 0, 0
11502, 3931296, 0, 0, 0
11602, 4025363, 0, 0, 0
11704, 4221084, 0, 0, 0
11806, 4105092, 0, 0, 0
11900, 3616917, 0, 0, 0
12005, 3869898, 0, 0, 0
12100, 3813970, 0, 0, 0
12202, 3644932, 0, 0, 0
12303, 3706058, 0, 0, 0
12401, 3943487, 0, 0, 0
12502, 5017679, 0, 0, 0
12605, 3995682, 0, 0, 0
12700, 3787595, 0, 0, 0
12802, 3920236, 0, 0, 0
12900, 4057847, 0, 0, 0
13001, 4069249, 0, 0, 0
13100, 3794431, 0, 0, 0
13201, 3881794, 0, 0, 0
13305, 3999188, 0, 0, 0
13400, 3504870, 0, 0, 0
13500, 3465855, 0, 0, 0
13600, 3984652, 0, 0, 0
13701, 4580241, 0, 0, 0
13805, 4163221, 0, 0, 0
13901, 4018226, 0, 0, 0
14000, 4104149, 0, 0, 0
14100, 4194695, 0, 0, 0
14202, 3885690, 0, 0, 0
14303, 3891506, 0, 0, 0
14400, 4636615, 0, 0, 0
14504, 6495302, 0, 0, 0
14600, 4793989, 0, 0, 0
14704, 3984051, 0, 0, 0
14802, 4476554, 0, 0, 0
14902, 4143868, 0, 0, 0
15001, 3984017, 0, 0, 0
15103, 3631476, 0, 0, 0
15201, 4472698, 0, 0, 0
15304, 4110139, 0, 0, 0
15402, 5743024, 0, 0, 0
15501, 4517086, 0, 0, 0
15600, 4115018, 0, 0, 0
15700, 4529858, 0, 0, 0
15803, 4298647, 0, 0, 0
15902, 3961010, 0, 0, 0
16002, 3863013, 0, 0, 0
16102, 4153441, 0, 0, 0
16201, 3946967, 0, 0, 0
16300, 3684745, 0, 0, 0
16401, 4014283, 0, 0, 0
16503, 3948121, 0, 0, 0
16603, 4323693, 0, 0, 0
16700, 4202025, 0, 0, 0
16800, 3859717, 0, 0, 0
16903, 3945710, 0, 0, 0
17001, 4091512, 0, 0, 0
17104, 3977853, 0, 0, 0
17201, 4377279, 0, 0, 0
17303, 4445636, 0, 0, 0
17403, 4157301, 0, 0, 0
17500, 4055211, 0, 0, 0
17600, 3998952, 0, 0, 0
17704, 4344360, 0, 0, 0
17805, 4382693, 0, 0, 0
17900, 3946753, 0, 0, 0
18001, 3883729, 0, 0, 0
18102, 5065877, 0, 0, 0
18202, 4162311, 0, 0, 0
18301, 3937544, 0, 0, 0
18402, 4054909, 0, 0, 0
18500, 4081851, 0, 0, 0
18600, 4530219, 0, 0, 0
18700, 4566554, 0, 0, 0
18803, 3937731, 0, 0, 0
18900, 4437432, 0, 0, 0
19003, 4277686, 0, 0, 0
19101, 3916384, 0, 0, 0
19203, 3935260, 0, 0, 0
19302, 5181648, 0, 0, 0
19401, 3814667, 0, 0, 0
19500, 3528001, 0, 0, 0
19601, 3759645, 0, 0, 0
19701, 4523182, 0, 0, 0
19800, 4133000, 0, 0, 0
19902, 4233115, 0, 0, 0
20004, 3408268, 0, 0, 0
20102, 3641096, 0, 0, 0
20204, 4063173, 0, 0, 0
20301, 4049810, 0, 0, 0
20405, 3840565, 0, 0, 0
20503, 4891855, 0, 0, 0
20602, 3834612, 0, 0, 0
20705, 4252973, 0, 0, 0
20804, 4501038, 0, 0, 0
20901, 3885384, 0, 0, 0
21000, 4148989, 0, 0, 0
21101, 4367836, 0, 0, 0
21202, 4228674, 0, 0, 0
21303, 4391763, 0, 0, 0
21400, 3865230, 0, 0, 0
21501, 3878385, 0, 0, 0
21600, 4141737, 0, 0, 0
21702, 4411760, 0, 0, 0
21803, 3866865, 0, 0, 0
21902, 3967626, 0, 0, 0
22004, 3798498, 0, 0, 0
22103, 3941798, 0, 0, 0
22201, 3773570, 0, 0, 0
22300, 3671358, 0, 0, 0
22404, 4315113, 0, 0, 0
22504, 4370537, 0, 0, 0
22605, 4368131, 0, 0, 0
22701, 4553728, 0, 0, 0
22801, 4346750, 0, 0, 0
22903, 3672530, 0, 0, 0
23004, 4003074, 0, 0, 0
23104, 4999933, 0, 0, 0
23200, 3999875, 0, 0, 0
23304, 3711047, 0, 0, 0
23401, 3895595, 0, 0, 0
23503, 4257442, 0, 0, 0
23600, 4212042, 0, 0, 0
23703, 4274212, 0, 0, 0
23803, 4015196, 0, 0, 0
23901, 4447677, 0, 0, 0
24001, 4333068, 0, 0, 0
24103, 4077801, 0, 0, 0
24201, 3657148, 0, 0, 0
24303, 4218798, 0, 0, 0
24400, 4049532, 0, 0, 0
24501, 3897792, 0, 0, 0
24605, 3837892, 0, 0, 0
24702, 4201292, 0, 0, 0
24801, 4306461, 0, 0, 0
24904, 3959784, 0, 0, 0
25000, 3690440, 0, 0, 0
25100, 4190563, 0, 0, 0
25200, 3703945, 0, 0, 0
25301, 3852984, 0, 0, 0
25401, 3857449, 0, 0, 0
25503, 4081509, 0, 0, 0
25601, 4090607, 0, 0, 0
25702, 3752279, 0, 0, 0
25800, 3737165, 0, 0, 0
25902, 3518156, 0, 0, 0
26001, 4310331, 0, 0, 0
26101, 4179628, 0, 0, 0
26202, 3883968, 0, 0, 0
26302, 3968600, 0, 0, 0
26402, 4018641, 0, 0, 0
26503, 4189199, 0, 0, 0
26601, 4115111, 0, 0, 0
26700, 4115724, 0, 0, 0
26802, 3913922, 0, 0, 0
26900, 3769725, 0, 0, 0
27000, 4148123, 0, 0, 0
27102, 3788810, 0, 0, 0
27200, 4094604, 0, 0, 0
27302, 4069996, 0, 0, 0
27403, 4045803, 0, 0, 0
27504, 3861877, 0, 0, 0
27602, 4285537, 0, 0, 0
27701, 4282389, 0, 0, 0
27802, 4212601, 0, 0, 0
27901, 3810040, 0, 0, 0
28002, 3735845, 0, 0, 0
28100, 3906112, 0, 0, 0
28200, 3845899, 0, 0, 0
28300, 3997859, 0, 0, 0
28405, 4197353, 0, 0, 0
28500, 4787494, 0, 0, 0
28601, 4005038, 0, 0, 0
28700, 4319343, 0, 0, 0
28804, 3846119, 0, 0, 0
28904, 4771917, 0, 0, 0
29003, 3949827, 0, 0, 0
29103, 4356464, 0, 0, 0
29201, 4279142, 0, 0, 0
29302, 3718238, 0, 0, 0
29403, 4379729, 0, 0, 0
29500, 3891917, 0, 0, 0
29601, 3594944, 0, 0, 0
29700, 3818905, 0, 0, 0
29802, 3517115, 0, 0, 0
29901, 4113052, 0, 0, 0
30002, 3876011, 0, 0, 0
30102, 4184599, 0, 0, 0
30202, 3979198, 0, 0, 0
30300, 4932652, 0, 0, 0
30403, 3935082, 0, 0, 0
30504, 3885098, 0, 0, 0
30600, 3843722, 0, 0, 0
30700, 4001426, 0, 0, 0
30803, 3969485, 0, 0, 0
30901, 4638651, 0, 0, 0
31001, 4586706, 0, 0, 0
31103, 3891666, 0, 0, 0
31203, 4162228, 0, 0, 0
31300, 4235303, 0, 0, 0
31402, 3774706, 0, 0, 0
31502, 4361436, 0, 0, 0
31600, 4634723, 0, 0, 0
31702, 4664604, 0, 0, 0
31800, 4668561, 0, 0, 0
31903, 4094072, 0, 0, 0
32001, 3789082, 0, 0, 0
32101, 4169495, 0, 0, 0
32202, 4038585, 0, 0, 0
32300, 4240375, 0, 0, 0
32400, 4003483, 0, 0, 0
32500, 4177542, 0, 0, 0
32603, 4444000, 0, 0, 0
32704, 3746588, 0, 0, 0
32802, 3618938, 0, 0, 0
32901, 4542872, 0, 0, 0
33002, 4026581, 0, 0, 0
33103, 3728270, 0, 0, 0
33201, 4479874, 0, 0, 0
33303, 4047754, 0, 0, 0
33402, 3824805, 0, 0, 0
33500, 3255914, 0, 0, 0
33600, 3334598, 0, 0, 0
33702, 3761813, 0, 0, 0
33801, 3809130, 0, 0, 0
33903, 3512623, 0, 0, 0
34001, 3526217, 0, 0, 0
34101, 3685674, 0, 0, 0
34204, 3556607, 0, 0, 0
34302, 4069072, 0, 0, 0
34402, 4374663, 0, 0, 0
34502, 4335451, 0, 0, 0
34600, 4067882, 0, 0, 0
34703, 4129271, 0, 0, 0
34803, 4014156, 0, 0, 0
34906, 3933400, 0, 0, 0
35002, 4195180, 0, 0, 0
35104, 3389374, 0, 0, 0
35201, 3593419, 0, 0, 0
35302, 4611789, 0, 0, 0
35401, 3785425, 0, 0, 0
35504, 3807703, 0, 0, 0
35602, 3913635, 0, 0, 0
35702, 3571181, 0, 0, 0
35803, 4034011, 0, 0, 0
35901, 3931867, 0, 0, 0
36000, 3978008, 0, 0, 0
36101, 4018880, 0, 0, 0
36203, 4259801, 0, 0, 0
36300, 4219839, 0, 0, 0
36400, 4165212, 0, 0, 0
36502, 4242440, 0, 0, 0
36601, 4309939, 0, 0, 0
36701, 4331767, 0, 0, 0
36803, 4627870, 0, 0, 0
36900, 3721944, 0, 0, 0
37003, 4117152, 0, 0, 0
37100, 4445440, 0, 0, 0
37202, 4065513, 0, 0, 0
37304, 4232025, 0, 0, 0
37401, 3906757, 0, 0, 0
37501, 4157950, 0, 0, 0
37602, 4025146, 0, 0, 0
37703, 4377148, 0, 0, 0
37803, 4021190, 0, 0, 0
37903, 4362641, 0, 0, 0
38002, 4488522, 0, 0, 0
38101, 3957318, 0, 0, 0
38208, 4445563, 0, 0, 0
38302, 4098848, 0, 0, 0
38402, 4350886, 0, 0, 0
38503, 4359773, 0, 0, 0
38603, 4017032, 0, 0, 0
38700, 4189457, 0, 0, 0
38803, 4314955, 0, 0, 0
38900, 4226333, 0, 0, 0
39000, 4333900, 0, 0, 0
39101, 4039742, 0, 0, 0
39201, 4329279, 0, 0, 0
39300, 4518619, 0, 0, 0
39401, 3749914, 0, 0, 0
39504, 4265967, 0, 0, 0
39600, 4025289, 0, 0, 0
39702, 4074341, 0, 0, 0
39801, 3959436, 0, 0, 0
39900, 3775440, 0, 0, 0
40004, 3728045, 0, 0, 0
40103, 3959476, 0, 0, 0
40203, 3841501, 0, 0, 0
40301, 3942458, 0, 0, 0
40400, 3949606, 0, 0, 0
40501, 3890672, 0, 0, 0
40602, 4195148, 0, 0, 0
40703, 3732847, 0, 0, 0
40800, 4202461, 0, 0, 0
40902, 4102292, 0, 0, 0
41002, 3999802, 0, 0, 0
41100, 5424311, 0, 0, 0
41201, 4613959, 0, 0, 0
41303, 4856272, 0, 0, 0
41400, 4370233, 0, 0, 0
41502, 4435976, 0, 0, 0
41601, 3986872, 0, 0, 0
41702, 4178008, 0, 0, 0
41803, 5069837, 0, 0, 0
41901, 4067828, 0, 0, 0
42002, 3882289, 0, 0, 0
42103, 4207202, 0, 0, 0
42203, 3562597, 0, 0, 0
42300, 3912287, 0, 0, 0
42400, 3686518, 0, 0, 0
42500, 3709299, 0, 0, 0
42600, 3697169, 0, 0, 0
42701, 4397033, 0, 0, 0
42801, 4352367, 0, 0, 0
42902, 4587387, 0, 0, 0
43000, 4074314, 0, 0, 0
43102, 3925640, 0, 0, 0
43202, 4344206, 0, 0, 0
43302, 4146576, 0, 0, 0
43402, 4171357, 0, 0, 0
43500, 4473124, 0, 0, 0
43600, 4175531, 0, 0, 0
43701, 3712863, 0, 0, 0
43801, 4007736, 0, 0, 0
43900, 4129620, 0, 0, 0
44001, 4025912, 0, 0, 0
44103, 4449598, 0, 0, 0
44200, 4015667, 0, 0, 0
44300, 3872999, 0, 0, 0
44403, 3668148, 0, 0, 0
44502, 3813227, 0, 0, 0
44602, 4173453, 0, 0, 0
44701, 3944378, 0, 0, 0
44800, 4290972, 0, 0, 0
44903, 4285048, 0, 0, 0
45003, 4766491, 0, 0, 0
45101, 3913748, 0, 0, 0
45203, 4099537, 0, 0, 0
45304, 4392337, 0, 0, 0
45400, 3554178, 0, 0, 0
45500, 3698285, 0, 0, 0
45601, 4046461, 0, 0, 0
45701, 3818733, 0, 0, 0
45800, 4305032, 0, 0, 0
45902, 3635301, 0, 0, 0
46002, 4185093, 0, 0, 0
46101, 3517271, 0, 0, 0
46201, 4190096, 0, 0, 0
46302, 3872674, 0, 0, 0
46401, 4141472, 0, 0, 0
46502, 4012753, 0, 0, 0
46601, 3961528, 0, 0, 0
46702, 4205394, 0, 0, 0
46801, 3817761, 0, 0, 0
46900, 3807798, 0, 0, 0
47003, 4111122, 0, 0, 0
47101, 4253461, 0, 0, 0
47200, 3424960, 0, 0, 0
47301, 3859799, 0, 0, 0
47404, 4321383, 0, 0, 0
47500, 3833445, 0, 0, 0
47603, 4271223, 0, 0, 0
47703, 3840392, 0, 0, 0
47800, 3878213, 0, 0, 0
47904, 4329712, 0, 0, 0
48001, 3878935, 0, 0, 0
48100, 3842151, 0, 0, 0
48202, 4069674, 0, 0, 0
48306, 4149092, 0, 0, 0
48402, 4361445, 0, 0, 0
48502, 4009358, 0, 0, 0
48603, 4189625, 0, 0, 0
48700, 4612662, 0, 0, 0
48800, 4184861, 0, 0, 0
48903, 3800865, 0, 0, 0
49001, 3767747, 0, 0, 0
49104, 3325813, 0, 0, 0
49200, 3692029, 0, 0, 0
49303, 4137410, 0, 0, 0
49401, 3730882, 0, 0, 0
49500, 3984892, 0, 0, 0
49603, 4693532, 0, 0, 0
49701, 3916961, 0, 0, 0
49801, 3832980, 0, 0, 0
49900, 3793150, 0, 0, 0
50003, 3815994, 0, 0, 0
50104, 3880892, 0, 0, 0
50201, 4232483, 0, 0, 0
50302, 4016381, 0, 0, 0
50402, 4386106, 0, 0, 0
50500, 3900722, 0, 0, 0
50600, 4763028, 0, 0, 0
50703, 4107528, 0, 0, 0
50802, 3552507, 0, 0, 0
50903, 4022758, 0, 0, 0
51001, 3652667, 0, 0, 0
51101, 4148512, 0, 0, 0
51200, 3975659, 0, 0, 0
51303, 4082095, 0, 0, 0
51400, 3730784, 0, 0, 0
51500, 4022689, 0, 0, 0
51604, 3992696, 0, 0, 0
51702, 3911419, 0, 0, 0
51800, 3616628, 0, 0, 0
51904, 3858256, 0, 0, 0
52001, 3741597, 0, 0, 0
52100, 3948661, 0, 0, 0
52202, 5094730, 0, 0, 0
52303, 4204134, 0, 0, 0
52400, 3751435, 0, 0, 0
52502, 3912392, 0, 0, 0
52600, 3617792, 0, 0, 0
52703, 4148635, 0, 0, 0
52801, 4247789, 0, 0, 0
52900, 3935787, 0, 0, 0
53000, 3869106, 0, 0, 0
53100, 4146507, 0, 0, 0
53201, 4390272, 0, 0, 0
53303, 3936508, 0, 0, 0
53402, 4101627, 0, 0, 0
53505, 4324191, 0, 0, 0
53600, 3922438, 0, 0, 0
53700, 4187283, 0, 0, 0
53802, 4257956, 0, 0, 0
53901, 4279302, 0, 0, 0
54001, 4544859, 0, 0, 0
54105, 4325446, 0, 0, 0
54203, 3753268, 0, 0, 0
54301, 3767247, 0, 0, 0
54403, 3658045, 0, 0, 0
54503, 4014795, 0, 0, 0
54601, 3899984, 0, 0, 0
54702, 3725889, 0, 0, 0
54803, 3887044, 0, 0, 0
54900, 3751746, 0, 0, 0
55005, 3730555, 0, 0, 0
55101, 3999991, 0, 0, 0
55202, 4046282, 0, 0, 0
55300, 4913836, 0, 0, 0
55402, 3621499, 0, 0, 0
55501, 4145342, 0, 0, 0
55600, 4282946, 0, 0, 0
55701, 3748042, 0, 0, 0
55801, 4342390, 0, 0, 0
55900, 4139702, 0, 0, 0
56000, 4331756, 0, 0, 0
56101, 4407401, 0, 0, 0
56204, 4104978, 0, 0, 0
56305, 4205141, 0, 0, 0
56405, 4353517, 0, 0, 0
56500, 4115856, 0, 0, 0
56603, 4113490, 0, 0, 0
56700, 3726455, 0, 0, 0
56806, 4443970, 0, 0, 0
56901, 4113414, 0, 0, 0
57001, 4363993, 0, 0, 0
57101, 3671833, 0, 0, 0
57202, 4210373, 0, 0, 0
57302, 4011563, 0, 0, 0
57402, 4780429, 0, 0, 0
57503, 4032221, 0, 0, 0
57601, 4453043, 0, 0, 0
57701, 4168338, 0, 0, 0
57803, 4226037, 0, 0, 0
57905, 4089665, 0, 0, 0
58003, 3625514, 0, 0, 0
58100, 4027946, 0, 0, 0
58203, 3970616, 0, 0, 0
58303, 4176229, 0, 0, 0
58400, 3706818, 0, 0, 0
58502, 3670850, 0, 0, 0
58600, 3759770, 0, 0, 0
58700, 4354660, 0, 0, 0
58800, 4312816, 0, 0, 0
58901, 3908441, 0, 0, 0
59004, 3797354, 0, 0, 0
59100, 3866484, 0, 0, 0
59204, 3985297, 0, 0, 0
59303, 3814112, 0, 0, 0
59400, 3867047, 0, 0, 0
59503, 4135804, 0, 0, 0
59602, 4104621, 0, 0, 0
59701, 3541636, 0, 0, 0
59801, 3998402, 0, 0, 0
59901, 4331094, 0, 0, 0
60001, 3122523, 0, 0, 0
