100, 690780, 0, 0, 0
200, 674392, 0, 0, 0
300, 693331, 0, 0, 0
400, 684394, 0, 0, 0
500, 684191, 0, 0, 0
600, 673475, 0, 0, 0
700, 658918, 0, 0, 0
800, 679413, 0, 0, 0
900, 658369, 0, 0, 0
1000, 697791, 0, 0, 0
1100, 699924, 0, 0, 0
1200, 681231, 0, 0, 0
1300, 691919, 0, 0, 0
1400, 682666, 0, 0, 0
1500, 671308, 0, 0, 0
1600, 704539, 0, 0, 0
1700, 698455, 0, 0, 0
1800, 679685, 0, 0, 0
1900, 670801, 0, 0, 0
2000, 689031, 0, 0, 0
2100, 681269, 0, 0, 0
2200, 670244, 0, 0, 0
2300, 681936, 0, 0, 0
2400, 680551, 0, 0, 0
2500, 682979, 0, 0, 0
2600, 684985, 0, 0, 0
2700, 669047, 0, 0, 0
2800, 696093, 0, 0, 0
2900, 672007, 0, 0, 0
3000, 681186, 0, 0, 0
3100, 684302, 0, 0, 0
3200, 682003, 0, 0, 0
3300, 688643, 0, 0, 0
3400, 678094, 0, 0, 0
3500, 665772, 0, 0, 0
3600, 662020, 0, 0, 0
3700, 659440, 0, 0, 0
3800, 661812, 0, 0, 0
3900, 671950, 0, 0, 0
4000, 653570, 0, 0, 0
4100, 670575, 0, 0, 0
4200, 652877, 0, 0, 0
4300, 655945, 0, 0, 0
4400, 657812, 0, 0, 0
4500, 659707, 0, 0, 0
4600, 660056, 0, 0, 0
4700, 668471, 0, 0, 0
4800, 659272, 0, 0, 0
4900, 653542, 0, 0, 0
5000, 659737, 0, 0, 0
5100, 659266, 0, 0, 0
5200, 668371, 0, 0, 0
5300, 682443, 0, 0, 0
5400, 674596, 0, 0, 0
5500, 660299, 0, 0, 0
5600, 683159, 0, 0, 0
5700, 679350, 0, 0, 0
5800, 686967, 0, 0, 0
5900, 693481, 0, 0, 0
6000, 683516, 0, 0, 0
6100, 692084, 0, 0, 0
6200, 693029, 0, 0, 0
6300, 685025, 0, 0, 0
6400, 698737, 0, 0, 0
6500, 685848, 0, 0, 0
6600, 697162, 0, 0, 0
6700, 685673, 0, 0, 0
6800, 701501, 0, 0, 0
6900, 677389, 0, 0, 0
7000, 705039, 0, 0, 0
7100, 706321, 0, 0, 0
7200, 688757, 0, 0, 0
7300, 695490, 0, 0, 0
7400, 681520, 0, 0, 0
7500, 681560, 0, 0, 0
7600, 663379, 0, 0, 0
7700, 665825, 0, 0, 0
7800, 675548, 0, 0, 0
7900, 663713, 0, 0, 0
8000, 686990, 0, 0, 0
8100, 685846, 0, 0, 0
8200, 683974, 0, 0, 0
8300, 689937, 0, 0, 0
8400, 666144, 0, 0, 0
8500, 660486, 0, 0, 0
8600, 678619, 0, 0, 0
8700, 679949, 0, 0, 0
8800, 664882, 0, 0, 0
8900, 679356, 0, 0, 0
9000, 666680, 0, 0, 0
9100, 687686, 0, 0, 0
9200, 691673, 0, 0, 0
9300, 675333, 0, 0, 0
9400, 681278, 0, 0, 0
9500, 698836, 0, 0, 0
9600, 684068, 0, 0, 0
9700, 683149, 0, 0, 0
9800, 679313, 0, 0, 0
9900, 663903, 0, 0, 0
10000, 676281, 0, 0, 0
10100, 679105, 0, 0, 0
10200, 665912, 0, 0, 0
10300, 674882, 0, 0, 0
10400, 690179, 0, 0, 0
10500, 688171, 0, 0, 0
10600, 664545, 0, 0, 0
10700, 662599, 0, 0, 0
10800, 669487, 0, 0, 0
10900, 669988, 0, 0, 0
11000, 671709, 0, 0, 0
11100, 650813, 0, 0, 0
11200, 649757, 0, 0, 0
11300, 658181, 0, 0, 0
11400, 681025, 0, 0, 0
11500, 695912, 0, 0, 0
11600, 688264, 0, 0, 0
11700, 692120, 0, 0, 0
11800, 685890, 0, 0, 0
11900, 700886, 0, 0, 0
12000, 717538, 0, 0, 0
12100, 703013, 0, 0, 0
12200, 671227, 0, 0, 0
12300, 679982, 0, 0, 0
12400, 702816, 0, 0, 0
12500, 682072, 0, 0, 0
12600, 698890, 0, 0, 0
12700, 711314, 0, 0, 0
12800, 666701, 0, 0, 0
12900, 680390, 0, 0, 0
13000, 664849, 0, 0, 0
13100, 666289, 0, 0, 0
13200, 667698, 0, 0, 0
13300, 664004, 0, 0, 0
13400, 663324, 0, 0, 0
13500, 662646, 0, 0, 0
13600, 664760, 0, 0, 0
13700, 663015, 0, 0, 0
13800, 658062, 0, 0, 0
13900, 705748, 0, 0, 0
14000, 670625, 0, 0, 0
14100, 678503, 0, 0, 0
14200, 666677, 0, 0, 0
14300, 679077, 0, 0, 0
14400, 682329, 0, 0, 0
14500, 668148, 0, 0, 0
14600, 676618, 0, 0, 0
14700, 676906, 0, 0, 0
14800, 669961, 0, 0, 0
14900, 673268, 0, 0, 0
15000, 692471, 0, 0, 0
15100, 681193, 0, 0, 0
15200, 693778, 0, 0, 0
15300, 672189, 0, 0, 0
15400, 658274, 0, 0, 0
15500, 651443, 0, 0, 0
15600, 649911, 0, 0, 0
15700, 652523, 0, 0, 0
15800, 656903, 0, 0, 0
15900, 660910, 0, 0, 0
16000, 673163, 0, 0, 0
16100, 667885, 0, 0, 0
16200, 668968, 0, 0, 0
16300, 660066, 0, 0, 0
16400, 667122, 0, 0, 0
16500, 666596, 0, 0, 0
16600, 668254, 0, 0, 0
16700, 642378, 0, 0, 0
16800, 665490, 0, 0, 0
16900, 656575, 0, 0, 0
17000, 669782, 0, 0, 0
17100, 668740, 0, 0, 0
17200, 655747, 0, 0, 0
17300, 650406, 0, 0, 0
17400, 685286, 0, 0, 0
17500, 672198, 0, 0, 0
17600, 650859, 0, 0, 0
17700, 662009, 0, 0, 0
17800, 631017, 0, 0, 0
17900, 665063, 0, 0, 0
18000, 676826, 0, 0, 0
18100, 680331, 0, 0, 0
18200, 668423, 0, 0, 0
18300, 672707, 0, 0, 0
18400, 641929, 0, 0, 0
18500, 663443, 0, 0, 0
18600, 669866, 0, 0, 0
18700, 672742, 0, 0, 0
18800, 668695, 0, 0, 0
18900, 674020, 0, 0, 0
19000, 667558, 0, 0, 0
19100, 670979, 0, 0, 0
19200, 646261, 0, 0, 0
19300, 664558, 0, 0, 0
19400, 667704, 0, 0, 0
19500, 662563, 0, 0, 0
19600, 673764, 0, 0, 0
19700, 671446, 0, 0, 0
19800, 656012, 0, 0, 0
19900, 663617, 0, 0, 0
20000, 673339, 0, 0, 0
20100, 655467, 0, 0, 0
20200, 665260, 0, 0, 0
20300, 664017, 0, 0, 0
20400, 675239, 0, 0, 0
20500, 665904, 0, 0, 0
20600, 660878, 0, 0, 0
20700, 664975, 0, 0, 0
20800, 681639, 0, 0, 0
20900, 679005, 0, 0, 0
21000, 665455, 0, 0, 0
21100, 690385, 0, 0, 0
21200, 661341, 0, 0, 0
21300, 668341, 0, 0, 0
21400, 669677, 0, 0, 0
21500, 662224, 0, 0, 0
21600, 678861, 0, 0, 0
21700, 673853, 0, 0, 0
21800, 682078, 0, 0, 0
21900, 683705, 0, 0, 0
22000, 696014, 0, 0, 0
22100, 688248, 0, 0, 0
22200, 682835, 0, 0, 0
22300, 675422, 0, 0, 0
22400, 692734, 0, 0, 0
22500, 668231, 0, 0, 0
22600, 682693, 0, 0, 0
22700, 673299, 0, 0, 0
22800, 682854, 0, 0, 0
22900, 663849, 0, 0, 0
23000, 668631, 0, 0, 0
23100, 663581, 0, 0, 0
23200, 670382, 0, 0, 0
23300, 669355, 0, 0, 0
23400, 692451, 0, 0, 0
23500, 678992, 0, 0, 0
23600, 683102, 0, 0, 0
23700, 676207, 0, 0, 0
23800, 689872, 0, 0, 0
23900, 682040, 0, 0, 0
24000, 688623, 0, 0, 0
24100, 680009, 0, 0, 0
24200, 682165, 0, 0, 0
24300, 668250, 0, 0, 0
24400, 674053, 0, 0, 0
24500, 686267, 0, 0, 0
24600, 681713, 0, 0, 0
24700, 688652, 0, 0, 0
24800, 670410, 0, 0, 0
24900, 687493, 0, 0, 0
25000, 659608, 0, 0, 0
25100, 677739, 0, 0, 0
25200, 661159, 0, 0, 0
25300, 677015, 0, 0, 0
25400, 669774, 0, 0, 0
25500, 675401, 0, 0, 0
25600, 666114, 0, 0, 0
25700, 658987, 0, 0, 0
25800, 676041, 0, 0, 0
25900, 659423, 0, 0, 0
26000, 662054, 0, 0, 0
26100, 655912, 0, 0, 0
26200, 689805, 0, 0, 0
26300, 679333, 0, 0, 0
26400, 677439, 0, 0, 0
26500, 666295, 0, 0, 0
26600, 684400, 0, 0, 0
26700, 674470, 0, 0, 0
26800, 688409, 0, 0, 0
26900, 679466, 0, 0, 0
27000, 700941, 0, 0, 0
27100, 703439, 0, 0, 0
27200, 692501, 0, 0, 0
27300, 684582, 0, 0, 0
27400, 695014, 0, 0, 0
27500, 699300, 0, 0, 0
27600, 688687, 0, 0, 0
27700, 703375, 0, 0, 0
27800, 690710, 0, 0, 0
27900, 702108, 0, 0, 0
28000, 700074, 0, 0, 0
28100, 708789, 0, 0, 0
28200, 729086, 0, 0, 0
28300, 701003, 0, 0, 0
28400, 703575, 0, 0, 0
28500, 696615, 0, 0, 0
28600, 711403, 0, 0, 0
28700, 689899, 0, 0, 0
28800, 695410, 0, 0, 0
28900, 684843, 0, 0, 0
29000, 709647, 0, 0, 0
29100, 706092, 0, 0, 0
29200, 701952, 0, 0, 0
29300, 704659, 0, 0, 0
29400, 712265, 0, 0, 0
29500, 691213, 0, 0, 0
29600, 694528, 0, 0, 0
29700, 699573, 0, 0, 0
29800, 712664, 0, 0, 0
29900, 701217, 0, 0, 0
30000, 694474, 0, 0, 0
30100, 714422, 0, 0, 0
30200, 690701, 0, 0, 0
30300, 703167, 0, 0, 0
30400, 692712, 0, 0, 0
30500, 700189, 0, 0, 0
30600, 695063, 0, 0, 0
30700, 689788, 0, 0, 0
30800, 691110, 0, 0, 0
30900, 690106, 0, 0, 0
31000, 686441, 0, 0, 0
31100, 691237, 0, 0, 0
31200, 677589, 0, 0, 0
31300, 686984, 0, 0, 0
31400, 688545, 0, 0, 0
31500, 691605, 0, 0, 0
31600, 702213, 0, 0, 0
31700, 692230, 0, 0, 0
31800, 690728, 0, 0, 0
31900, 694318, 0, 0, 0
32000, 711658, 0, 0, 0
32100, 704874, 0, 0, 0
32200, 716526, 0, 0, 0
32300, 714474, 0, 0, 0
32400, 696586, 0, 0, 0
32500, 704498, 0, 0, 0
32600, 704873, 0, 0, 0
32700, 702240, 0, 0, 0
32800, 711639, 0, 0, 0
32900, 706432, 0, 0, 0
33000, 701892, 0, 0, 0
33100, 699026, 0, 0, 0
33200, 695892, 0, 0, 0
33300, 694885, 0, 0, 0
33400, 705159, 0, 0, 0
33500, 688107, 0, 0, 0
33600, 695924, 0, 0, 0
33700, 708298, 0, 0, 0
33800, 714662, 0, 0, 0
33900, 702313, 0, 0, 0
34000, 707855, 0, 0, 0
34100, 715940, 0, 0, 0
34200, 711727, 0, 0, 0
34300, 681489, 0, 0, 0
34400, 699280, 0, 0, 0
34500, 720264, 0, 0, 0
34600, 707243, 0, 0, 0
34700, 707975, 0, 0, 0
34800, 703916, 0, 0, 0
34900, 710465, 0, 0, 0
35000, 712626, 0, 0, 0
35100, 684480, 0, 0, 0
35200, 684689, 0, 0, 0
35300, 701300, 0, 0, 0
35400, 715964, 0, 0, 0
35500, 707247, 0, 0, 0
35600, 721117, 0, 0, 0
35700, 697320, 0, 0, 0
35800, 700077, 0, 0, 0
35900, 706686, 0, 0, 0
36000, 713312, 0, 0, 0
36100, 711673, 0, 0, 0
36200, 730259, 0, 0, 0
36300, 716048, 0, 0, 0
36400, 710032, 0, 0, 0
36500, 734026, 0, 0, 0
36600, 703259, 0, 0, 0
36700, 703397, 0, 0, 0
36800, 711674, 0, 0, 0
36900, 716759, 0, 0, 0
37000, 731904, 0, 0, 0
37100, 799587, 0, 0, 0
37200, 698020, 0, 0, 0
37300, 695709, 0, 0, 0
37400, 690516, 0, 0, 0
37500, 689627, 0, 0, 0
37600, 668334, 0, 0, 0
37700, 670879, 0, 0, 0
37800, 661295, 0, 0, 0
37900, 696576, 0, 0, 0
38000, 682035, 0, 0, 0
38100, 689304, 0, 0, 0
38200, 679929, 0, 0, 0
38300, 719704, 0, 0, 0
38400, 720054, 0, 0, 0
38500, 718632, 0, 0, 0
38600, 721328, 0, 0, 0
38700, 725322, 0, 0, 0
38800, 717141, 0, 0, 0
38900, 711322, 0, 0, 0
39000, 718315, 0, 0, 0
39100, 722300, 0, 0, 0
39200, 707735, 0, 0, 0
39300, 708965, 0, 0, 0
39400, 705958, 0, 0, 0
39500, 696233, 0, 0, 0
39600, 701781, 0, 0, 0
39700, 698634, 0, 0, 0
39800, 706814, 0, 0, 0
39900, 688331, 0, 0, 0
40000, 655390, 0, 0, 0
40100, 657171, 0, 0, 0
40200, 657963, 0, 0, 0
40300, 653319, 0, 0, 0
40400, 652169, 0, 0, 0
40500, 655748, 0, 0, 0
40600, 660481, 0, 0, 0
40700, 658717, 0, 0, 0
40800, 678742, 0, 0, 0
40900, 677140, 0, 0, 0
41000, 665332, 0, 0, 0
41100, 675808, 0, 0, 0
41200, 670006, 0, 0, 0
41300, 670808, 0, 0, 0
41400, 691648, 0, 0, 0
41500, 673943, 0, 0, 0
41600, 681600, 0, 0, 0
41700, 658451, 0, 0, 0
41800, 657454, 0, 0, 0
41900, 666477, 0, 0, 0
42000, 669282, 0, 0, 0
42100, 657973, 0, 0, 0
42200, 674809, 0, 0, 0
42300, 666714, 0, 0, 0
42400, 668937, 0, 0, 0
42500, 659367, 0, 0, 0
42600, 648354, 0, 0, 0
42700, 663771, 0, 0, 0
42800, 664164, 0, 0, 0
42900, 668139, 0, 0, 0
43000, 685908, 0, 0, 0
43100, 671902, 0, 0, 0
43200, 668295, 0, 0, 0
43300, 667519, 0, 0, 0
43400, 659138, 0, 0, 0
43500, 678955, 0, 0, 0
43600, 666928, 0, 0, 0
43700, 667266, 0, 0, 0
43800, 656621, 0, 0, 0
43900, 708573, 0, 0, 0
44000, 662651, 0, 0, 0
44100, 674193, 0, 0, 0
44200, 697980, 0, 0, 0
44300, 669008, 0, 0, 0
44400, 666558, 0, 0, 0
44500, 668456, 0, 0, 0
44600, 666845, 0, 0, 0
44700, 663277, 0, 0, 0
44800, 662749, 0, 0, 0
44900, 666915, 0, 0, 0
45000, 670243, 0, 0, 0
45100, 659681, 0, 0, 0
45200, 668781, 0, 0, 0
45300, 666733, 0, 0, 0
45400, 671171, 0, 0, 0
45500, 669195, 0, 0, 0
45600, 668877, 0, 0, 0
45700, 677121, 0, 0, 0
45800, 690972, 0, 0, 0
45900, 684308, 0, 0, 0
46000, 705409, 0, 0, 0
46100, 692606, 0, 0, 0
46200, 674854, 0, 0, 0
46300, 684583, 0, 0, 0
46400, 669423, 0, 0, 0
46500, 671169, 0, 0, 0
46600, 673334, 0, 0, 0
46700, 663473, 0, 0, 0
46800, 660886, 0, 0, 0
46900, 663939, 0, 0, 0
47000, 670816, 0, 0, 0
47100, 679539, 0, 0, 0
47200, 667842, 0, 0, 0
47300, 660920, 0, 0, 0
47400, 657367, 0, 0, 0
47500, 662625, 0, 0, 0
47600, 665302, 0, 0, 0
47700, 664084, 0, 0, 0
47800, 665454, 0, 0, 0
47900, 659085, 0, 0, 0
48000, 673894, 0, 0, 0
48100, 655475, 0, 0, 0
48200, 648121, 0, 0, 0
48300, 660932, 0, 0, 0
48400, 684254, 0, 0, 0
48500, 668522, 0, 0, 0
48600, 658462, 0, 0, 0
48700, 659519, 0, 0, 0
48800, 666888, 0, 0, 0
48900, 648919, 0, 0, 0
49000, 677054, 0, 0, 0
49100, 660194, 0, 0, 0
49200, 663335, 0, 0, 0
49300, 658910, 0, 0, 0
49400, 651422, 0, 0, 0
49500, 641538, 0, 0, 0
49600, 657348, 0, 0, 0
49700, 664709, 0, 0, 0
49800, 658314, 0, 0, 0
49900, 658213, 0, 0, 0
50000, 681254, 0, 0, 0
50100, 671174, 0, 0, 0
50200, 671798, 0, 0, 0
50300, 693101, 0, 0, 0
50400, 704280, 0, 0, 0
50500, 701446, 0, 0, 0
50600, 677570, 0, 0, 0
50700, 684624, 0, 0, 0
50800, 687967, 0, 0, 0
50900, 674955, 0, 0, 0
51000, 697532, 0, 0, 0
51100, 667177, 0, 0, 0
51200, 674841, 0, 0, 0
51300, 678029, 0, 0, 0
51400, 685660, 0, 0, 0
51500, 674793, 0, 0, 0
51600, 679736, 0, 0, 0
51700, 665995, 0, 0, 0
51800, 680191, 0, 0, 0
51900, 685531, 0, 0, 0
52000, 675436, 0, 0, 0
52100, 683207, 0, 0, 0
52200, 673576, 0, 0, 0
52300, 672310, 0, 0, 0
52400, 674638, 0, 0, 0
52500, 700264, 0, 0, 0
52600, 700929, 0, 0, 0
52700, 695999, 0, 0, 0
52800, 688748, 0, 0, 0
52900, 681797, 0, 0, 0
53000, 693367, 0, 0, 0
53100, 677415, 0, 0, 0
53200, 684396, 0, 0, 0
53300, 666037, 0, 0, 0
53400, 677991, 0, 0, 0
53500, 667792, 0, 0, 0
53600, 673291, 0, 0, 0
53700, 683031, 0, 0, 0
53800, 681576, 0, 0, 0
53900, 680029, 0, 0, 0
54000, 677374, 0, 0, 0
54100, 661652, 0, 0, 0
54200, 648348, 0, 0, 0
54300, 644469, 0, 0, 0
54400, 656939, 0, 0, 0
54500, 657984, 0, 0, 0
54600, 660199, 0, 0, 0
54700, 668052, 0, 0, 0
54800, 684535, 0, 0, 0
54900, 662969, 0, 0, 0
55000, 681066, 0, 0, 0
55100, 676044, 0, 0, 0
55200, 678927, 0, 0, 0
55300, 667037, 0, 0, 0
55400, 665603, 0, 0, 0
55500, 658542, 0, 0, 0
55600, 657276, 0, 0, 0
55700, 671991, 0, 0, 0
55800, 662133, 0, 0, 0
55900, 681109, 0, 0, 0
56000, 668496, 0, 0, 0
56100, 675498, 0, 0, 0
56200, 643707, 0, 0, 0
56300, 666211, 0, 0, 0
56400, 654276, 0, 0, 0
56500, 648079, 0, 0, 0
56600, 650339, 0, 0, 0
56700, 687511, 0, 0, 0
56800, 656890, 0, 0, 0
56900, 670401, 0, 0, 0
57000, 668432, 0, 0, 0
57100, 672843, 0, 0, 0
57200, 676839, 0, 0, 0
57300, 670066, 0, 0, 0
57400, 662388, 0, 0, 0
57500, 655772, 0, 0, 0
57600, 650259, 0, 0, 0
57700, 647669, 0, 0, 0
57800, 644675, 0, 0, 0
57900, 661907, 0, 0, 0
58000, 684711, 0, 0, 0
58100, 682186, 0, 0, 0
58200, 702907, 0, 0, 0
58300, 680092, 0, 0, 0
58400, 681057, 0, 0, 0
58500, 682101, 0, 0, 0
58600, 679248, 0, 0, 0
58700, 674581, 0, 0, 0
58800, 685822, 0, 0, 0
58900, 692232, 0, 0, 0
59000, 666723, 0, 0, 0
59100, 668733, 0, 0, 0
59200, 674032, 0, 0, 0
59300, 678865, 0, 0, 0
59400, 677928, 0, 0, 0
59500, 678607, 0, 0, 0
59600, 673293, 0, 0, 0
59700, 694972, 0, 0, 0
59800, 671254, 0, 0, 0
59900, 666841, 0, 0, 0
60000, 678506, 0, 0, 0
60100, 680068, 0, 0, 0
60200, 677427, 0, 0, 0
60300, 675607, 0, 0, 0
60400, 678200, 0, 0, 0
60500, 694593, 0, 0, 0
60600, 673669, 0, 0, 0
60700, 678238, 0, 0, 0
60800, 688573, 0, 0, 0
60900, 693999, 0, 0, 0
61000, 664894, 0, 0, 0
61100, 687147, 0, 0, 0
61200, 672764, 0, 0, 0
61300, 685235, 0, 0, 0
61400, 678097, 0, 0, 0
61500, 676389, 0, 0, 0
61600, 683353, 0, 0, 0
61700, 689592, 0, 0, 0
61800, 659122, 0, 0, 0
61900, 663957, 0, 0, 0
62000, 666252, 0, 0, 0
62100, 681383, 0, 0, 0
62200, 657170, 0, 0, 0
62300, 668661, 0, 0, 0
62400, 660453, 0, 0, 0
62500, 660492, 0, 0, 0
62600, 659829, 0, 0, 0
62700, 657446, 0, 0, 0
62800, 676981, 0, 0, 0
62900, 660256, 0, 0, 0
63000, 654449, 0, 0, 0
63100, 682353, 0, 0, 0
63200, 662726, 0, 0, 0
63300, 672585, 0, 0, 0
63400, 668391, 0, 0, 0
63500, 688237, 0, 0, 0
63600, 665724, 0, 0, 0
63700, 677759, 0, 0, 0
63800, 667949, 0, 0, 0
63900, 675361, 0, 0, 0
64000, 666164, 0, 0, 0
64100, 670279, 0, 0, 0
64200, 654360, 0, 0, 0
64300, 663532, 0, 0, 0
64400, 675976, 0, 0, 0
64500, 668407, 0, 0, 0
64600, 687340, 0, 0, 0
64700, 677916, 0, 0, 0
64800, 662994, 0, 0, 0
64900, 656340, 0, 0, 0
65000, 667467, 0, 0, 0
65100, 648362, 0, 0, 0
65200, 659159, 0, 0, 0
65300, 663228, 0, 0, 0
65400, 656121, 0, 0, 0
65500, 656278, 0, 0, 0
65600, 661343, 0, 0, 0
65700, 658439, 0, 0, 0
65800, 661146, 0, 0, 0
65900, 661109, 0, 0, 0
66000, 688384, 0, 0, 0
66100, 664173, 0, 0, 0
66200, 663266, 0, 0, 0
66300, 654249, 0, 0, 0
66400, 658640, 0, 0, 0
66500, 682023, 0, 0, 0
66600, 676746, 0, 0, 0
66700, 673327, 0, 0, 0
66800, 670298, 0, 0, 0
66900, 677564, 0, 0, 0
67000, 671924, 0, 0, 0
67100, 674677, 0, 0, 0
67200, 672379, 0, 0, 0
67300, 650480, 0, 0, 0
67400, 654183, 0, 0, 0
67500, 667787, 0, 0, 0
67600, 673531, 0, 0, 0
67700, 659306, 0, 0, 0
67800, 661957, 0, 0, 0
67900, 655465, 0, 0, 0
68000, 658789, 0, 0, 0
68100, 669736, 0, 0, 0
68200, 669521, 0, 0, 0
68300, 666293, 0, 0, 0
68400, 664743, 0, 0, 0
68500, 669302, 0, 0, 0
68600, 672451, 0, 0, 0
68700, 669138, 0, 0, 0
68800, 662676, 0, 0, 0
68900, 665959, 0, 0, 0
69000, 685901, 0, 0, 0
69100, 665179, 0, 0, 0
69200, 659667, 0, 0, 0
69300, 676786, 0, 0, 0
69400, 656469, 0, 0, 0
69500, 661363, 0, 0, 0
69600, 667765, 0, 0, 0
69700, 660946, 0, 0, 0
69800, 661701, 0, 0, 0
69900, 719892, 0, 0, 0
70000, 662659, 0, 0, 0
70100, 652092, 0, 0, 0
70200, 668788, 0, 0, 0
70300, 680619, 0, 0, 0
70400, 674443, 0, 0, 0
70500, 667015, 0, 0, 0
70600, 667759, 0, 0, 0
70700, 664712, 0, 0, 0
70800, 663930, 0, 0, 0
70900, 670728, 0, 0, 0
71000, 657416, 0, 0, 0
71100, 653072, 0, 0, 0
71200, 667894, 0, 0, 0
71300, 675804, 0, 0, 0
71400, 670604, 0, 0, 0
71500, 664568, 0, 0, 0
71600, 664024, 0, 0, 0
71700, 665365, 0, 0, 0
71800, 656066, 0, 0, 0
71900, 665153, 0, 0, 0
72000, 731212, 0, 0, 0
72100, 678025, 0, 0, 0
72200, 685585, 0, 0, 0
72300, 686119, 0, 0, 0
72400, 669869, 0, 0, 0
72500, 668433, 0, 0, 0
72600, 674191, 0, 0, 0
72700, 689129, 0, 0, 0
72800, 683906, 0, 0, 0
72900, 697919, 0, 0, 0
73000, 683364, 0, 0, 0
73100, 681888, 0, 0, 0
73200, 690953, 0, 0, 0
73300, 698061, 0, 0, 0
73400, 690033, 0, 0, 0
73500, 695806, 0, 0, 0
73600, 697083, 0, 0, 0
73700, 684779, 0, 0, 0
73800, 694203, 0, 0, 0
73900, 700942, 0, 0, 0
74000, 687039, 0, 0, 0
74100, 681950, 0, 0, 0
74200, 694754, 0, 0, 0
74300, 692789, 0, 0, 0
74400, 683849, 0, 0, 0
74500, 685139, 0, 0, 0
74600, 676599, 0, 0, 0
74700, 674494, 0, 0, 0
74800, 686517, 0, 0, 0
74900, 677559, 0, 0, 0
75000, 673243, 0, 0, 0
75100, 671631, 0, 0, 0
75200, 692126, 0, 0, 0
75300, 695009, 0, 0, 0
75400, 696124, 0, 0, 0
75500, 696813, 0, 0, 0
75600, 678676, 0, 0, 0
75700, 677591, 0, 0, 0
75800, 686979, 0, 0, 0
75900, 674156, 0, 0, 0
76000, 694143, 0, 0, 0
76100, 676125, 0, 0, 0
76200, 702871, 0, 0, 0
76300, 704241, 0, 0, 0
76400, 700191, 0, 0, 0
76500, 688629, 0, 0, 0
76600, 695298, 0, 0, 0
76700, 687796, 0, 0, 0
76800, 697238, 0, 0, 0
76900, 708055, 0, 0, 0
77000, 713862, 0, 0, 0
77100, 698858, 0, 0, 0
77200, 700685, 0, 0, 0
77300, 686390, 0, 0, 0
77400, 701582, 0, 0, 0
77500, 681798, 0, 0, 0
77600, 672398, 0, 0, 0
77700, 687077, 0, 0, 0
77800, 674550, 0, 0, 0
77900, 685165, 0, 0, 0
78000, 693492, 0, 0, 0
78100, 680841, 0, 0, 0
78200, 684541, 0, 0, 0
78300, 689858, 0, 0, 0
78400, 699264, 0, 0, 0
78500, 701928, 0, 0, 0
78600, 702499, 0, 0, 0
78700, 662416, 0, 0, 0
78800, 654592, 0, 0, 0
78900, 675621, 0, 0, 0
79000, 669996, 0, 0, 0
79100, 676550, 0, 0, 0
79200, 686670, 0, 0, 0
79300, 692680, 0, 0, 0
79400, 683733, 0, 0, 0
79500, 681783, 0, 0, 0
79600, 675620, 0, 0, 0
79700, 685639, 0, 0, 0
79800, 689012, 0, 0, 0
79900, 677175, 0, 0, 0
80000, 682497, 0, 0, 0
80100, 671793, 0, 0, 0
80200, 676142, 0, 0, 0
80300, 685952, 0, 0, 0
80400, 683356, 0, 0, 0
80500, 670548, 0, 0, 0
80600, 691449, 0, 0, 0
80700, 687387, 0, 0, 0
80800, 694224, 0, 0, 0
80900, 693306, 0, 0, 0
81000, 673289, 0, 0, 0
81100, 680705, 0, 0, 0
81200, 655348, 0, 0, 0
81300, 675859, 0, 0, 0
81400, 665054, 0, 0, 0
81500, 662747, 0, 0, 0
81600, 669293, 0, 0, 0
81700, 662639, 0, 0, 0
81800, 650890, 0, 0, 0
81900, 662636, 0, 0, 0
82000, 683072, 0, 0, 0
82100, 689676, 0, 0, 0
82200, 688457, 0, 0, 0
82300, 687563, 0, 0, 0
82400, 661886, 0, 0, 0
82500, 661947, 0, 0, 0
82600, 672171, 0, 0, 0
82700, 658465, 0, 0, 0
82800, 655308, 0, 0, 0
82900, 658677, 0, 0, 0
83000, 676345, 0, 0, 0
83100, 696847, 0, 0, 0
83200, 680640, 0, 0, 0
83300, 692665, 0, 0, 0
83400, 670962, 0, 0, 0
83500, 667613, 0, 0, 0
83600, 667176, 0, 0, 0
83700, 656509, 0, 0, 0
83800, 687493, 0, 0, 0
83900, 667597, 0, 0, 0
84000, 665523, 0, 0, 0
84100, 660997, 0, 0, 0
84200, 672808, 0, 0, 0
84300, 665375, 0, 0, 0
84400, 659823, 0, 0, 0
84500, 655012, 0, 0, 0
84600, 655227, 0, 0, 0
84700, 676046, 0, 0, 0
84800, 673229, 0, 0, 0
84900, 662895, 0, 0, 0
85000, 660071, 0, 0, 0
85100, 697444, 0, 0, 0
85200, 654266, 0, 0, 0
85300, 665132, 0, 0, 0
85400, 669913, 0, 0, 0
85500, 656625, 0, 0, 0
85600, 656021, 0, 0, 0
85700, 648657, 0, 0, 0
85800, 659673, 0, 0, 0
85900, 661422, 0, 0, 0
86000, 657073, 0, 0, 0
86100, 658800, 0, 0, 0
86200, 655772, 0, 0, 0
86300, 652027, 0, 0, 0
86400, 639393, 0, 0, 0
86500, 664382, 0, 0, 0
86600, 659131, 0, 0, 0
86700, 651914, 0, 0, 0
86800, 645188, 0, 0, 0
86900, 664110, 0, 0, 0
87000, 666678, 0, 0, 0
87100, 658091, 0, 0, 0
87200, 647051, 0, 0, 0
87300, 692907, 0, 0, 0
87400, 640952, 0, 0, 0
87500, 670242, 0, 0, 0
87600, 653303, 0, 0, 0
87700, 659780, 0, 0, 0
87800, 655663, 0, 0, 0
87900, 668112, 0, 0, 0
88000, 661071, 0, 0, 0
88100, 654709, 0, 0, 0
88200, 648390, 0, 0, 0
88300, 661049, 0, 0, 0
88400, 658630, 0, 0, 0
88500, 648528, 0, 0, 0
88600, 641938, 0, 0, 0
88700, 641462, 0, 0, 0
88800, 664618, 0, 0, 0
88900, 657229, 0, 0, 0
89000, 639207, 0, 0, 0
89100, 657901, 0, 0, 0
89200, 671767, 0, 0, 0
89300, 654095, 0, 0, 0
89400, 654488, 0, 0, 0
89500, 640097, 0, 0, 0
89600, 657384, 0, 0, 0
89700, 680503, 0, 0, 0
89800, 648643, 0, 0, 0
89900, 654754, 0, 0, 0
90000, 668082, 0, 0, 0
