100, 6930532, 0, 0, 0
200, 6993317, 0, 0, 0
300, 7677036, 0, 0, 0
402, 7037023, 0, 0, 0
500, 6929059, 0, 0, 0
600, 6728492, 0, 0, 0
700, 6045482, 0, 0, 0
803, 6744579, 0, 0, 0
902, 6828440, 0, 0, 0
1000, 6487996, 0, 0, 0
1100, 6995240, 0, 0, 0
1201, 6448956, 0, 0, 0
1300, 7286907, 0, 0, 0
1401, 6344089, 0, 0, 0
1502, 6213253, 0, 0, 0
1601, 7147865, 0, 0, 0
1700, 6811400, 0, 0, 0
1800, 7145643, 0, 0, 0
1900, 6976075, 0, 0, 0
2001, 7120420, 0, 0, 0
2100, 6638344, 0, 0, 0
2200, 6473927, 0, 0, 0
2300, 7071090, 0, 0, 0
2400, 6714940, 0, 0, 0
2500, 6865073, 0, 0, 0
2600, 6693986, 0, 0, 0
2700, 7203008, 0, 0, 0
2800, 6442313, 0, 0, 0
2900, 6315487, 0, 0, 0
3001, 6077979, 0, 0, 0
3100, 6568639, 0, 0, 0
3200, 5930462, 0, 0, 0
3301, 6439791, 0, 0, 0
3400, 6424882, 0, 0, 0
3501, 6820481, 0, 0, 0
3600, 6938890, 0, 0, 0
3700, 6074929, 0, 0, 0
3800, 6409402, 0, 0, 0
3900, 6798703, 0, 0, 0
4001, 6107358, 0, 0, 0
4102, 6684158, 0, 0, 0
4200, 6521102, 0, 0, 0
4301, 6390095, 0, 0, 0
4400, 6232960, 0, 0, 0
4500, 7066774, 0, 0, 0
4600, 7229371, 0, 0, 0
4702, 6558447, 0, 0, 0
4800, 6537116, 0, 0, 0
4900, 6623489, 0, 0, 0
5001, 6298309, 0, 0, 0
5100, 6842049, 0, 0, 0
5200, 6847049, 0, 0, 0
5300, 6087599, 0, 0, 0
5400, 6828916, 0, 0, 0
5501, 5740846, 0, 0, 0
5601, 5644877, 0, 0, 0
5701, 7102403, 0, 0, 0
5800, 6935078, 0, 0, 0
5900, 6871973, 0, 0, 0
6000, 6149212, 0, 0, 0
6100, 6256158, 0, 0, 0
6200, 6953008, 0, 0, 0
6300, 6061082, 0, 0, 0
6401, 6709514, 0, 0, 0
6500, 5844283, 0, 0, 0
6601, 6832375, 0, 0, 0
6700, 6104952, 0, 0, 0
6801, 6662507, 0, 0, 0
6900, 6925388, 0, 0, 0
7000, 6630985, 0, 0, 0
7101, 6513814, 0, 0, 0
7200, 6967182, 0, 0, 0
7300, 6714401, 0, 0, 0
7400, 6940512, 0, 0, 0
7500, 6010866, 0, 0, 0
7601, 6935755, 0, 0, 0
7700, 6295843, 0, 0, 0
7800, 6334913, 0, 0, 0
7900, 6458394, 0, 0, 0
8002, 6638394, 0, 0, 0
8100, 7139130, 0, 0, 0
8200, 6636697, 0, 0, 0
8301, 5680266, 0, 0, 0
8401, 6053872, 0, 0, 0
8500, 6426911, 0, 0, 0
8601, 6630243, 0, 0, 0
8701, 6291198, 0, 0, 0
8800, 7055246, 0, 0, 0
8900, 6460833, 0, 0, 0
9000, 6725718, 0, 0, 0
9102, 6415375, 0, 0, 0
9200, 7339714, 0, 0, 0
9301, 6603972, 0, 0, 0
9400, 7178249, 0, 0, 0
9500, 6559648, 0, 0, 0
9600, 7050581, 0, 0, 0
9700, 6971026, 0, 0, 0
9801, 7218509, 0, 0, 0
9900, 6946636, 0, 0, 0
10000, 6258517, 0, 0, 0
10100, 6778236, 0, 0, 0
10200, 7154635, 0, 0, 0
10300, 6998831, 0, 0, 0
10400, 6565041, 0, 0, 0
10500, 5920054, 0, 0, 0
10600, 6072774, 0, 0, 0
10700, 6165873, 0, 0, 0
10800, 6918413, 0, 0, 0
10902, 6326823, 0, 0, 0
11002, 6804267, 0, 0, 0
11100, 7024092, 0, 0, 0
11200, 7854358, 0, 0, 0
11300, 6654019, 0, 0, 0
11400, 6533804, 0, 0, 0
11502, 6578546, 0, 0, 0
11600, 6341097, 0, 0, 0
11700, 6249992, 0, 0, 0
11801, 6690615, 0, 0, 0
11901, 6615787, 0, 0, 0
12000, 7612600, 0, 0, 0
12101, 7444213, 0, 0, 0
12200, 6426308, 0, 0, 0
12301, 6697676, 0, 0, 0
12401, 7150537, 0, 0, 0
12500, 7065955, 0, 0, 0
12601, 6798573, 0, 0, 0
12700, 6665577, 0, 0, 0
12801, 6793028, 0, 0, 0
12900, 6584629, 0, 0, 0
13002, 7294555, 0, 0, 0
13101, 7161877, 0, 0, 0
13201, 7260314, 0, 0, 0
13300, 6605117, 0, 0, 0
13400, 7075966, 0, 0, 0
13500, 5377643, 0, 0, 0
13602, 6423867, 0, 0, 0
13700, 6320271, 0, 0, 0
13800, 6868261, 0, 0, 0
13901, 6618495, 0, 0, 0
14000, 6903622, 0, 0, 0
14100, 6653908, 0, 0, 0
14201, 7146462, 0, 0, 0
14301, 5836999, 0, 0, 0
14400, 5919465, 0, 0, 0
14500, 6813544, 0, 0, 0
14600, 6794808, 0, 0, 0
14700, 6455662, 0, 0, 0
14800, 6361160, 0, 0, 0
14900, 6695869, 0, 0, 0
15000, 6304511, 0, 0, 0
15100, 6587258, 0, 0, 0
15202, 6818002, 0, 0, 0
15301, 6877719, 0, 0, 0
15401, 6485056, 0, 0, 0
15500, 5988572, 0, 0, 0
15600, 6824038, 0, 0, 0
15700, 7789096, 0, 0, 0
15801, 6331916, 0, 0, 0
15901, 6678218, 0, 0, 0
16000, 6589894, 0, 0, 0
16100, 6335794, 0, 0, 0
16200, 7135829, 0, 0, 0
16301, 6653208, 0, 0, 0
16400, 6563780, 0, 0, 0
16500, 6338106, 0, 0, 0
16601, 7528770, 0, 0, 0
16700, 6511223, 0, 0, 0
16801, 6948897, 0, 0, 0
16900, 6382120, 0, 0, 0
17000, 6330944, 0, 0, 0
17100, 6253824, 0, 0, 0
17201, 6810817, 0, 0, 0
17301, 7055709, 0, 0, 0
17401, 6957608, 0, 0, 0
17500, 6450872, 0, 0, 0
17601, 6510013, 0, 0, 0
17700, 6867098, 0, 0, 0
17800, 6060747, 0, 0, 0
17900, 6811912, 0, 0, 0
18001, 7178990, 0, 0, 0
18100, 7312822, 0, 0, 0
18201, 7021061, 0, 0, 0
18300, 6944862, 0, 0, 0
18400, 6195435, 0, 0, 0
18501, 7346614, 0, 0, 0
18600, 6152052, 0, 0, 0
18701, 6347621, 0, 0, 0
18801, 7413810, 0, 0, 0
18900, 6991122, 0, 0, 0
19000, 6318931, 0, 0, 0
19101, 6253499, 0, 0, 0
19201, 5872921, 0, 0, 0
19300, 6230634, 0, 0, 0
19400, 5713612, 0, 0, 0
19500, 6187332, 0, 0, 0
19600, 6012705, 0, 0, 0
19700, 6271792, 0, 0, 0
19800, 6549573, 0, 0, 0
19901, 6093066, 0, 0, 0
20000, 6030350, 0, 0, 0
20100, 7724561, 0, 0, 0
20200, 6264264, 0, 0, 0
20300, 6510092, 0, 0, 0
20400, 6324378, 0, 0, 0
20500, 5589727, 0, 0, 0
20601, 6237820, 0, 0, 0
20701, 6472103, 0, 0, 0
20800, 6552089, 0, 0, 0
20900, 6249683, 0, 0, 0
21000, 6592968, 0, 0, 0
21102, 6209487, 0, 0, 0
21200, 7163386, 0, 0, 0
21300, 6726728, 0, 0, 0
21400, 6184309, 0, 0, 0
21500, 5823318, 0, 0, 0
21600, 6695580, 0, 0, 0
21700, 6376588, 0, 0, 0
21801, 6868266, 0, 0, 0
21900, 6544180, 0, 0, 0
22001, 5941887, 0, 0, 0
22100, 6841838, 0, 0, 0
22201, 6823339, 0, 0, 0
22301, 7126627, 0, 0, 0
22400, 7237551, 0, 0, 0
22502, 8024634, 0, 0, 0
22600, 7197042, 0, 0, 0
22700, 6880502, 0, 0, 0
22800, 6433950, 0, 0, 0
22900, 6289203, 0, 0, 0
23000, 6227914, 0, 0, 0
23100, 6393521, 0, 0, 0
23200, 6699116, 0, 0, 0
23301, 7098751, 0, 0, 0
23400, 6319017, 0, 0, 0
23500, 6928221, 0, 0, 0
23600, 6068974, 0, 0, 0
23700, 6108520, 0, 0, 0
23800, 6312768, 0, 0, 0
23900, 6426945, 0, 0, 0
24000, 7449540, 0, 0, 0
24100, 6814861, 0, 0, 0
24200, 6789545, 0, 0, 0
24302, 6180806, 0, 0, 0
24400, 6913091, 0, 0, 0
24500, 6771002, 0, 0, 0
24602, 7074188, 0, 0, 0
24700, 6172186, 0, 0, 0
24800, 6540051, 0, 0, 0
24901, 7054384, 0, 0, 0
25000, 6651535, 0, 0, 0
25100, 5913370, 0, 0, 0
25200, 5852835, 0, 0, 0
25300, 6829207, 0, 0, 0
25401, 6301311, 0, 0, 0
25500, 7605713, 0, 0, 0
25600, 6351403, 0, 0, 0
25700, 6867066, 0, 0, 0
25800, 6818759, 0, 0, 0
25903, 7278591, 0, 0, 0
26000, 6898335, 0, 0, 0
26100, 6534409, 0, 0, 0
26200, 6073761, 0, 0, 0
26300, 6760566, 0, 0, 0
26400, 6075082, 0, 0, 0
26500, 6100684, 0, 0, 0
26600, 7092507, 0, 0, 0
26702, 7017963, 0, 0, 0
26800, 8145809, 0, 0, 0
26902, 6933313, 0, 0, 0
27000, 6278134, 0, 0, 0
27100, 6629398, 0, 0, 0
27200, 7053122, 0, 0, 0
27300, 6851643, 0, 0, 0
27400, 6516736, 0, 0, 0
27500, 6004122, 0, 0, 0
27600, 6079204, 0, 0, 0
27700, 6468905, 0, 0, 0
27801, 7555608, 0, 0, 0
27901, 6855786, 0, 0, 0
28001, 7066087, 0, 0, 0
28100, 7304976, 0, 0, 0
28200, 6927920, 0, 0, 0
28300, 6421539, 0, 0, 0
28401, 6560843, 0, 0, 0
28500, 6913140, 0, 0, 0
28601, 7163574, 0, 0, 0
28700, 6880453, 0, 0, 0
28801, 7096626, 0, 0, 0
28901, 6279161, 0, 0, 0
29001, 6817712, 0, 0, 0
29101, 6926359, 0, 0, 0
29200, 6225022, 0, 0, 0
29300, 6533937, 0, 0, 0
29400, 6430238, 0, 0, 0
29500, 6910603, 0, 0, 0
29601, 6572715, 0, 0, 0
29700, 7061635, 0, 0, 0
29800, 6777910, 0, 0, 0
29901, 6922484, 0, 0, 0
30000, 6977650, 0, 0, 0
30102, 7298315, 0, 0, 0
30200, 5825175, 0, 0, 0
30302, 7380828, 0, 0, 0
30401, 5742621, 0, 0, 0
30500, 6869281, 0, 0, 0
30602, 6723156, 0, 0, 0
30700, 6575791, 0, 0, 0
30800, 5317825, 0, 0, 0
30900, 6712596, 0, 0, 0
31001, 6784235, 0, 0, 0
31100, 6372486, 0, 0, 0
31200, 6806111, 0, 0, 0
31302, 7371358, 0, 0, 0
31400, 7301834, 0, 0, 0
31500, 6857525, 0, 0, 0
31600, 7384288, 0, 0, 0
31700, 6833435, 0, 0, 0
31801, 6464465, 0, 0, 0
31900, 7249874, 0, 0, 0
32000, 6996987, 0, 0, 0
32100, 6190641, 0, 0, 0
32200, 7411689, 0, 0, 0
32300, 7130166, 0, 0, 0
32400, 7042101, 0, 0, 0
32500, 7519793, 0, 0, 0
32601, 6607860, 0, 0, 0
32700, 6575460, 0, 0, 0
32800, 7155241, 0, 0, 0
32900, 7394198, 0, 0, 0
33000, 7267436, 0, 0, 0
33100, 7355021, 0, 0, 0
33202, 7155294, 0, 0, 0
33302, 6481836, 0, 0, 0
33400, 7148758, 0, 0, 0
33500, 6420667, 0, 0, 0
33600, 6866784, 0, 0, 0
33701, 6625478, 0, 0, 0
33802, 6248966, 0, 0, 0
33901, 6548619, 0, 0, 0
34000, 5874819, 0, 0, 0
34101, 5777367, 0, 0, 0
34200, 7019962, 0, 0, 0
34300, 6885033, 0, 0, 0
34400, 5688309, 0, 0, 0
34501, 5798262, 0, 0, 0
34600, 5989784, 0, 0, 0
34700, 7934208, 0, 0, 0
34800, 7467536, 0, 0, 0
34900, 6473393, 0, 0, 0
35000, 7020452, 0, 0, 0
35101, 6564049, 0, 0, 0
35200, 6979834, 0, 0, 0
35300, 7163372, 0, 0, 0
35400, 6582213, 0, 0, 0
35500, 6780481, 0, 0, 0
35600, 6597111, 0, 0, 0
35702, 6594406, 0, 0, 0
35800, 6555404, 0, 0, 0
35900, 6085880, 0, 0, 0
36002, 6730048, 0, 0, 0
36102, 6861160, 0, 0, 0
36202, 6772747, 0, 0, 0
36300, 6449165, 0, 0, 0
36402, 6675873, 0, 0, 0
36502, 6597614, 0, 0, 0
36600, 6690062, 0, 0, 0
36700, 6010266, 0, 0, 0
36802, 6541121, 0, 0, 0
36901, 6576705, 0, 0, 0
37000, 6272185, 0, 0, 0
37100, 7584314, 0, 0, 0
37201, 7117860, 0, 0, 0
37300, 7024005, 0, 0, 0
37402, 6737186, 0, 0, 0
37500, 6391838, 0, 0, 0
37600, 6860219, 0, 0, 0
37701, 6206870, 0, 0, 0
37800, 6988180, 0, 0, 0
37901, 7113665, 0, 0, 0
38000, 6362683, 0, 0, 0
38100, 5700541, 0, 0, 0
38200, 7245683, 0, 0, 0
38300, 6691814, 0, 0, 0
38401, 5779052, 0, 0, 0
38500, 6411188, 0, 0, 0
38601, 6638222, 0, 0, 0
38701, 7134715, 0, 0, 0
38801, 6333352, 0, 0, 0
38900, 6217300, 0, 0, 0
39001, 6300285, 0, 0, 0
39100, 6927664, 0, 0, 0
39200, 6649033, 0, 0, 0
39300, 7016979, 0, 0, 0
39402, 6460117, 0, 0, 0
39501, 7360227, 0, 0, 0
39600, 6631327, 0, 0, 0
39701, 6863180, 0, 0, 0
39800, 6891296, 0, 0, 0
39900, 7452081, 0, 0, 0
40000, 6379707, 0, 0, 0
40100, 7136954, 0, 0, 0
40200, 6739755, 0, 0, 0
40300, 7353486, 0, 0, 0
40401, 6275423, 0, 0, 0
40500, 7139002, 0, 0, 0
40601, 6695639, 0, 0, 0
40700, 7210267, 0, 0, 0
40800, 6877780, 0, 0, 0
40900, 6643592, 0, 0, 0
41000, 6128681, 0, 0, 0
41100, 7205413, 0, 0, 0
41202, 6437349, 0, 0, 0
41300, 6453242, 0, 0, 0
41400, 6190679, 0, 0, 0
41500, 6273914, 0, 0, 0
41600, 6499911, 0, 0, 0
41700, 6832579, 0, 0, 0
41801, 7167419, 0, 0, 0
41900, 7294904, 0, 0, 0
42000, 6669195, 0, 0, 0
42100, 7111265, 0, 0, 0
42200, 7682706, 0, 0, 0
42300, 6957177, 0, 0, 0
42400, 6609714, 0, 0, 0
42501, 6804855, 0, 0, 0
42600, 6544520, 0, 0, 0
42700, 7660741, 0, 0, 0
42800, 6959683, 0, 0, 0
42900, 7034299, 0, 0, 0
43001, 6868914, 0, 0, 0
43100, 6788018, 0, 0, 0
43201, 7620360, 0, 0, 0
43300, 6773951, 0, 0, 0
43403, 6987016, 0, 0, 0
43501, 7075661, 0, 0, 0
43600, 7400734, 0, 0, 0
43700, 6057833, 0, 0, 0
43801, 6604015, 0, 0, 0
43900, 6943307, 0, 0, 0
44000, 6689717, 0, 0, 0
44100, 6962089, 0, 0, 0
44200, 6739143, 0, 0, 0
44300, 6599067, 0, 0, 0
44400, 7019117, 0, 0, 0
44501, 6585841, 0, 0, 0
44600, 7089656, 0, 0, 0
44700, 7128067, 0, 0, 0
44800, 7226418, 0, 0, 0
44900, 6741773, 0, 0, 0
45000, 7013229, 0, 0, 0
45100, 6808935, 0, 0, 0
45200, 6847991, 0, 0, 0
45300, 6376922, 0, 0, 0
45400, 6387581, 0, 0, 0
45501, 5432811, 0, 0, 0
45600, 6702038, 0, 0, 0
45701, 7119749, 0, 0, 0
45800, 6542056, 0, 0, 0
45901, 7458069, 0, 0, 0
46001, 7034064, 0, 0, 0
46100, 6656005, 0, 0, 0
46203, 7166683, 0, 0, 0
46300, 8003924, 0, 0, 0
46400, 6214550, 0, 0, 0
46502, 6273947, 0, 0, 0
46600, 6133186, 0, 0, 0
46700, 6744333, 0, 0, 0
46800, 6082481, 0, 0, 0
46900, 7019422, 0, 0, 0
47002, 7462734, 0, 0, 0
47100, 6929452, 0, 0, 0
47200, 6441664, 0, 0, 0
47300, 6900422, 0, 0, 0
47400, 7103979, 0, 0, 0
47501, 6070858, 0, 0, 0
47601, 7414467, 0, 0, 0
47701, 6517476, 0, 0, 0
47800, 6582514, 0, 0, 0
47901, 7245675, 0, 0, 0
48000, 6938021, 0, 0, 0
48104, 6954838, 0, 0, 0
48200, 7245542, 0, 0, 0
48300, 7329179, 0, 0, 0
48400, 6440561, 0, 0, 0
48500, 7380703, 0, 0, 0
48601, 6507222, 0, 0, 0
48700, 6796122, 0, 0, 0
48801, 7346984, 0, 0, 0
48901, 6993815, 0, 0, 0
49000, 7013891, 0, 0, 0
49102, 6997471, 0, 0, 0
49200, 6936959, 0, 0, 0
49301, 6642172, 0, 0, 0
49401, 6730830, 0, 0, 0
49500, 8169311, 0, 0, 0
49601, 6377694, 0, 0, 0
49700, 7802504, 0, 0, 0
49801, 6796703, 0, 0, 0
49900, 7330811, 0, 0, 0
50000, 7739321, 0, 0, 0
50100, 7993314, 0, 0, 0
50201, 6911654, 0, 0, 0
50300, 7679068, 0, 0, 0
50401, 7510125, 0, 0, 0
50501, 6598283, 0, 0, 0
50602, 6477499, 0, 0, 0
50700, 7252687, 0, 0, 0
50800, 6829512, 0, 0, 0
50900, 7582682, 0, 0, 0
51001, 7324702, 0, 0, 0
51102, 7479303, 0, 0, 0
51200, 6401987, 0, 0, 0
51300, 9080399, 0, 0, 0
51400, 6781998, 0, 0, 0
51500, 6627184, 0, 0, 0
51600, 6552549, 0, 0, 0
51701, 6207378, 0, 0, 0
51801, 6585552, 0, 0, 0
51902, 7332360, 0, 0, 0
52000, 6623239, 0, 0, 0
52100, 7482097, 0, 0, 0
52201, 7217306, 0, 0, 0
52300, 6732057, 0, 0, 0
52400, 6593701, 0, 0, 0
52500, 6659612, 0, 0, 0
52600, 6254122, 0, 0, 0
52701, 6482556, 0, 0, 0
52800, 7048222, 0, 0, 0
52900, 7867194, 0, 0, 0
53001, 6175406, 0, 0, 0
53100, 6967055, 0, 0, 0
53200, 7344057, 0, 0, 0
53300, 6972511, 0, 0, 0
53400, 6711339, 0, 0, 0
53500, 6138247, 0, 0, 0
53601, 7208606, 0, 0, 0
53700, 7745654, 0, 0, 0
53800, 6364308, 0, 0, 0
53900, 5933683, 0, 0, 0
54002, 6456584, 0, 0, 0
54100, 6829698, 0, 0, 0
54201, 6447784, 0, 0, 0
54300, 6490068, 0, 0, 0
54401, 7381699, 0, 0, 0
54501, 6544206, 0, 0, 0
54601, 7210073, 0, 0, 0
54700, 7407615, 0, 0, 0
54800, 6776033, 0, 0, 0
54900, 6497244, 0, 0, 0
55000, 7183182, 0, 0, 0
55100, 6807231, 0, 0, 0
55200, 5993272, 0, 0, 0
55300, 6730213, 0, 0, 0
55400, 6727079, 0, 0, 0
55500, 7120867, 0, 0, 0
55600, 5926019, 0, 0, 0
55700, 6487986, 0, 0, 0
55800, 7067128, 0, 0, 0
55900, 6842173, 0, 0, 0
56000, 6993024, 0, 0, 0
56101, 6755578, 0, 0, 0
56201, 6544523, 0, 0, 0
56301, 7835813, 0, 0, 0
56400, 6615689, 0, 0, 0
56500, 6259668, 0, 0, 0
56600, 6316649, 0, 0, 0
56700, 5912109, 0, 0, 0
56800, 5840713, 0, 0, 0
56900, 6657408, 0, 0, 0
57000, 6935308, 0, 0, 0
57101, 7035546, 0, 0, 0
57200, 6513247, 0, 0, 0
57300, 6803209, 0, 0, 0
57401, 7947672, 0, 0, 0
57500, 7926199, 0, 0, 0
57600, 6652283, 0, 0, 0
57700, 6106505, 0, 0, 0
57801, 6589852, 0, 0, 0
57901, 6424880, 0, 0, 0
58000, 6713203, 0, 0, 0
58100, 7764175, 0, 0, 0
58201, 6775160, 0, 0, 0
58300, 6956004, 0, 0, 0
58400, 6983008, 0, 0, 0
58500, 6496803, 0, 0, 0
58600, 6195418, 0, 0, 0
58700, 6802672, 0, 0, 0
58801, 7276884, 0, 0, 0
58900, 6498713, 0, 0, 0
59000, 6507277, 0, 0, 0
59101, 7619099, 0, 0, 0
59200, 6918290, 0, 0, 0
59300, 6241294, 0, 0, 0
59402, 6600980, 0, 0, 0
59500, 6708085, 0, 0, 0
59600, 6659745, 0, 0, 0
59701, 7550036, 0, 0, 0
59800, 7850284, 0, 0, 0
59900, 7315521, 0, 0, 0
60001, 7315304, 0, 0, 0
60100, 6583506, 0, 0, 0
60200, 7413480, 0, 0, 0
60300, 7247459, 0, 0, 0
60401, 7705930, 0, 0, 0
60500, 7271744, 0, 0, 0
60600, 6552366, 0, 0, 0
60701, 6772471, 0, 0, 0
60800, 6336204, 0, 0, 0
60900, 7556189, 0, 0, 0
61001, 6415104, 0, 0, 0
61100, 6585085, 0, 0, 0
61201, 6351235, 0, 0, 0
61300, 7045523, 0, 0, 0
61400, 6148827, 0, 0, 0
61500, 6557697, 0, 0, 0
61600, 6607602, 0, 0, 0
61700, 6600085, 0, 0, 0
61800, 6163871, 0, 0, 0
61902, 6295736, 0, 0, 0
62000, 7787010, 0, 0, 0
62100, 7261559, 0, 0, 0
62200, 7118515, 0, 0, 0
62300, 5669100, 0, 0, 0
62400, 5919096, 0, 0, 0
62500, 5884344, 0, 0, 0
62600, 7228110, 0, 0, 0
62700, 7421582, 0, 0, 0
62800, 7173948, 0, 0, 0
62900, 6580488, 0, 0, 0
63000, 7263620, 0, 0, 0
63101, 6447747, 0, 0, 0
63200, 7080754, 0, 0, 0
63300, 7008109, 0, 0, 0
63401, 7414147, 0, 0, 0
63500, 7855804, 0, 0, 0
63600, 6319508, 0, 0, 0
63701, 6328999, 0, 0, 0
63800, 6234764, 0, 0, 0
63900, 7224224, 0, 0, 0
64000, 6455741, 0, 0, 0
64100, 5806621, 0, 0, 0
64200, 5995040, 0, 0, 0
64300, 5496540, 0, 0, 0
64400, 5394377, 0, 0, 0
64500, 6459220, 0, 0, 0
64600, 6676861, 0, 0, 0
64700, 6265490, 0, 0, 0
64801, 7885664, 0, 0, 0
64901, 5871767, 0, 0, 0
65000, 7575688, 0, 0, 0
65100, 6711502, 0, 0, 0
65201, 7424253, 0, 0, 0
65300, 7950271, 0, 0, 0
65402, 7253177, 0, 0, 0
65502, 7329171, 0, 0, 0
65601, 7358065, 0, 0, 0
65700, 7093807, 0, 0, 0
65801, 6895486, 0, 0, 0
65901, 7517056, 0, 0, 0
66001, 7143130, 0, 0, 0
66102, 7169544, 0, 0, 0
66200, 6907827, 0, 0, 0
66300, 6669493, 0, 0, 0
66400, 6640729, 0, 0, 0
66501, 5647721, 0, 0, 0
66601, 6350725, 0, 0, 0
66700, 5977881, 0, 0, 0
66801, 6533608, 0, 0, 0
66900, 7041195, 0, 0, 0
67001, 7734089, 0, 0, 0
67100, 7320353, 0, 0, 0
67201, 6553915, 0, 0, 0
67300, 6804791, 0, 0, 0
67400, 6299704, 0, 0, 0
67502, 6657640, 0, 0, 0
67600, 6741422, 0, 0, 0
67700, 6879832, 0, 0, 0
67802, 6863471, 0, 0, 0
67900, 6123513, 0, 0, 0
68000, 6475742, 0, 0, 0
68100, 6685412, 0, 0, 0
68201, 6803693, 0, 0, 0
68301, 7006755, 0, 0, 0
68400, 7669537, 0, 0, 0
68500, 6418069, 0, 0, 0
68600, 6663894, 0, 0, 0
68700, 7202036, 0, 0, 0
68800, 7357808, 0, 0, 0
68900, 6792601, 0, 0, 0
69001, 7032233, 0, 0, 0
69100, 6867690, 0, 0, 0
69201, 6755630, 0, 0, 0
69302, 6625540, 0, 0, 0
69401, 7416454, 0, 0, 0
69501, 5840724, 0, 0, 0
69600, 6612159, 0, 0, 0
69700, 6748210, 0, 0, 0
69800, 6849638, 0, 0, 0
69900, 6289668, 0, 0, 0
70000, 7006398, 0, 0, 0
70100, 7231956, 0, 0, 0
70200, 7344855, 0, 0, 0
70300, 6460321, 0, 0, 0
70400, 6169670, 0, 0, 0
70501, 7784717, 0, 0, 0
70601, 6882680, 0, 0, 0
70700, 5978472, 0, 0, 0
70800, 8233267, 0, 0, 0
70901, 8589740, 0, 0, 0
71000, 7196872, 0, 0, 0
71100, 6645655, 0, 0, 0
71200, 7154298, 0, 0, 0
71300, 6540674, 0, 0, 0
71400, 6965981, 0, 0, 0
71500, 7179594, 0, 0, 0
71601, 5484063, 0, 0, 0
71702, 6198172, 0, 0, 0
71801, 6924292, 0, 0, 0
71900, 6567640, 0, 0, 0
72000, 6966696, 0, 0, 0
72100, 7003201, 0, 0, 0
72200, 7337216, 0, 0, 0
72300, 7543831, 0, 0, 0
72400, 5832420, 0, 0, 0
72500, 6518569, 0, 0, 0
72601, 6742834, 0, 0, 0
72701, 6591090, 0, 0, 0
72801, 6975862, 0, 0, 0
72900, 6980087, 0, 0, 0
73000, 6913596, 0, 0, 0
73100, 6141991, 0, 0, 0
73200, 6740062, 0, 0, 0
73300, 6525306, 0, 0, 0
73400, 7296216, 0, 0, 0
73500, 6889783, 0, 0, 0
73600, 6946856, 0, 0, 0
73700, 6481653, 0, 0, 0
73800, 7030689, 0, 0, 0
73901, 7693743, 0, 0, 0
74000, 7331032, 0, 0, 0
74100, 6802186, 0, 0, 0
74200, 6675363, 0, 0, 0
74300, 7116872, 0, 0, 0
74400, 7145057, 0, 0, 0
74501, 7167980, 0, 0, 0
74600, 6725418, 0, 0, 0
74700, 7369732, 0, 0, 0
74800, 6934817, 0, 0, 0
74900, 6724388, 0, 0, 0
75000, 7061427, 0, 0, 0
75101, 6629874, 0, 0, 0
75201, 6993022, 0, 0, 0
75300, 7223151, 0, 0, 0
75400, 6862635, 0, 0, 0
75500, 6010984, 0, 0, 0
75601, 7258298, 0, 0, 0
75700, 6763866, 0, 0, 0
75800, 7163554, 0, 0, 0
75900, 6946804, 0, 0, 0
76000, 6560652, 0, 0, 0
76100, 7251887, 0, 0, 0
76200, 7130418, 0, 0, 0
76300, 6712590, 0, 0, 0
76401, 6823153, 0, 0, 0
76500, 6548119, 0, 0, 0
76600, 7865438, 0, 0, 0
76700, 6371222, 0, 0, 0
76800, 6917248, 0, 0, 0
76902, 6896676, 0, 0, 0
77000, 7722492, 0, 0, 0
77101, 6627419, 0, 0, 0
77200, 6243086, 0, 0, 0
77301, 7426740, 0, 0, 0
77401, 6355113, 0, 0, 0
77501, 7347533, 0, 0, 0
77600, 7125384, 0, 0, 0
77700, 6862591, 0, 0, 0
77800, 6997090, 0, 0, 0
77902, 6719158, 0, 0, 0
78001, 6269987, 0, 0, 0
78100, 6847656, 0, 0, 0
78201, 6263789, 0, 0, 0
78300, 6078896, 0, 0, 0
78400, 7643316, 0, 0, 0
78500, 6545459, 0, 0, 0
78601, 6900939, 0, 0, 0
78701, 7197392, 0, 0, 0
78800, 6688977, 0, 0, 0
78900, 6857668, 0, 0, 0
79004, 7301286, 0, 0, 0
79101, 7665236, 0, 0, 0
79200, 7483671, 0, 0, 0
79300, 7742513, 0, 0, 0
79400, 7487161, 0, 0, 0
79500, 7559607, 0, 0, 0
79600, 7164177, 0, 0, 0
79700, 6642536, 0, 0, 0
79800, 6927569, 0, 0, 0
79900, 7237607, 0, 0, 0
80000, 7389932, 0, 0, 0
80100, 7080521, 0, 0, 0
80201, 7020896, 0, 0, 0
80301, 6462394, 0, 0, 0
80400, 6440474, 0, 0, 0
80500, 6461277, 0, 0, 0
80601, 6782882, 0, 0, 0
80700, 5633140, 0, 0, 0
80801, 6481970, 0, 0, 0
80900, 6505667, 0, 0, 0
81001, 6165452, 0, 0, 0
81100, 7228941, 0, 0, 0
81200, 7437469, 0, 0, 0
81300, 6272530, 0, 0, 0
81400, 6185015, 0, 0, 0
81500, 6416188, 0, 0, 0
81600, 6182120, 0, 0, 0
81704, 7025017, 0, 0, 0
81800, 6930856, 0, 0, 0
81900, 6452053, 0, 0, 0
82001, 7049621, 0, 0, 0
82100, 7617517, 0, 0, 0
82200, 6937299, 0, 0, 0
82300, 6678658, 0, 0, 0
82400, 6810780, 0, 0, 0
82501, 7030713, 0, 0, 0
82600, 6498388, 0, 0, 0
82702, 6977206, 0, 0, 0
82801, 6520153, 0, 0, 0
82900, 6813092, 0, 0, 0
83000, 6167008, 0, 0, 0
83100, 7123261, 0, 0, 0
83201, 7538813, 0, 0, 0
83300, 7354691, 0, 0, 0
83400, 7322684, 0, 0, 0
83500, 6430678, 0, 0, 0
83601, 6114406, 0, 0, 0
83700, 6597374, 0, 0, 0
83800, 6220051, 0, 0, 0
83900, 6223070, 0, 0, 0
84000, 6328860, 0, 0, 0
84100, 7928183, 0, 0, 0
84201, 7431401, 0, 0, 0
84302, 6624553, 0, 0, 0
84400, 8582708, 0, 0, 0
84500, 6722412, 0, 0, 0
84600, 7253017, 0, 0, 0
84700, 6773399, 0, 0, 0
84800, 7032208, 0, 0, 0
84901, 7947485, 0, 0, 0
85002, 6976927, 0, 0, 0
85100, 6674807, 0, 0, 0
85200, 6654542, 0, 0, 0
85300, 7331235, 0, 0, 0
85400, 7885680, 0, 0, 0
85500, 5912024, 0, 0, 0
85600, 6784652, 0, 0, 0
85700, 6424887, 0, 0, 0
85801, 6944173, 0, 0, 0
85900, 6897302, 0, 0, 0
86000, 7174927, 0, 0, 0
86100, 6969426, 0, 0, 0
86200, 6753256, 0, 0, 0
86300, 7175845, 0, 0, 0
86400, 7286919, 0, 0, 0
86500, 6869402, 0, 0, 0
86600, 6791349, 0, 0, 0
86700, 6726195, 0, 0, 0
86800, 5805804, 0, 0, 0
86901, 5427102, 0, 0, 0
87001, 7004949, 0, 0, 0
87100, 6960078, 0, 0, 0
87201, 7009387, 0, 0, 0
87300, 6549259, 0, 0, 0
87400, 7012984, 0, 0, 0
87501, 7316834, 0, 0, 0
87600, 7362923, 0, 0, 0
87700, 6886937, 0, 0, 0
87801, 7642219, 0, 0, 0
87900, 6716527, 0, 0, 0
88000, 6594401, 0, 0, 0
88100, 7008854, 0, 0, 0
88200, 6883716, 0, 0, 0
88300, 6450087, 0, 0, 0
88401, 7524335, 0, 0, 0
88500, 7401413, 0, 0, 0
88600, 7734562, 0, 0, 0
88700, 6783913, 0, 0, 0
88800, 6755707, 0, 0, 0
88901, 6805261, 0, 0, 0
89001, 6939735, 0, 0, 0
89101, 7761085, 0, 0, 0
89200, 7202759, 0, 0, 0
89300, 6582472, 0, 0, 0
89401, 7641108, 0, 0, 0
89500, 6084188, 0, 0, 0
89600, 7493644, 0, 0, 0
89700, 7205226, 0, 0, 0
89801, 6958266, 0, 0, 0
89900, 7109120, 0, 0, 0
90000, 6831799, 0, 0, 0
90008, 15444770, 0, 0, 0
