101, 2192386, 0, 0, 0
201, 2131284, 0, 0, 0
301, 2217835, 0, 0, 0
401, 2266008, 0, 0, 0
500, 2295692, 0, 0, 0
601, 2204264, 0, 0, 0
701, 2165893, 0, 0, 0
800, 2254975, 0, 0, 0
902, 2155660, 0, 0, 0
1001, 2255831, 0, 0, 0
1100, 2244255, 0, 0, 0
1201, 2253280, 0, 0, 0
1302, 2228860, 0, 0, 0
1401, 2212799, 0, 0, 0
1500, 2191688, 0, 0, 0
1601, 2200724, 0, 0, 0
1701, 2171449, 0, 0, 0
1802, 2221843, 0, 0, 0
1902, 2283726, 0, 0, 0
2001, 2246456, 0, 0, 0
2101, 2317004, 0, 0, 0
2200, 2156490, 0, 0, 0
2301, 2180942, 0, 0, 0
2400, 2263846, 0, 0, 0
2501, 2281271, 0, 0, 0
2600, 2110496, 0, 0, 0
2701, 2203337, 0, 0, 0
2801, 2210682, 0, 0, 0
2900, 2240581, 0, 0, 0
3001, 2303089, 0, 0, 0
3100, 2143612, 0, 0, 0
3200, 2370608, 0, 0, 0
3300, 2134473, 0, 0, 0
3400, 2078678, 0, 0, 0
3501, 2192854, 0, 0, 0
3600, 2203039, 0, 0, 0
3701, 2196629, 0, 0, 0
3801, 2273090, 0, 0, 0
3902, 2325619, 0, 0, 0
4002, 2174055, 0, 0, 0
4101, 2163149, 0, 0, 0
4200, 2342037, 0, 0, 0
4300, 2224845, 0, 0, 0
4401, 2156787, 0, 0, 0
4501, 2169949, 0, 0, 0
4601, 2157506, 0, 0, 0
4701, 2186873, 0, 0, 0
4800, 2243776, 0, 0, 0
4901, 2178526, 0, 0, 0
5000, 2249438, 0, 0, 0
5101, 2162366, 0, 0, 0
5201, 2204535, 0, 0, 0
5300, 2250603, 0, 0, 0
5401, 2347685, 0, 0, 0
5500, 2293715, 0, 0, 0
5601, 2411796, 0, 0, 0
5700, 2202290, 0, 0, 0
5800, 2079091, 0, 0, 0
5900, 2169735, 0, 0, 0
6001, 2297260, 0, 0, 0
6100, 2244853, 0, 0, 0
6201, 2240668, 0, 0, 0
6301, 2320245, 0, 0, 0
6401, 2270787, 0, 0, 0
6500, 2207095, 0, 0, 0
6602, 2250894, 0, 0, 0
6701, 2198203, 0, 0, 0
6802, 2153003, 0, 0, 0
6900, 2273409, 0, 0, 0
7001, 2234370, 0, 0, 0
7100, 2300279, 0, 0, 0
7200, 2231018, 0, 0, 0
7301, 2229089, 0, 0, 0
7400, 2164486, 0, 0, 0
7501, 2091892, 0, 0, 0
7600, 2106331, 0, 0, 0
7700, 2311669, 0, 0, 0
7801, 2246311, 0, 0, 0
7900, 2360764, 0, 0, 0
8002, 2308402, 0, 0, 0
8102, 2234503, 0, 0, 0
8200, 2311976, 0, 0, 0
8301, 2209604, 0, 0, 0
8400, 2102732, 0, 0, 0
8500, 2162882, 0, 0, 0
8600, 2323870, 0, 0, 0
8700, 2225154, 0, 0, 0
8800, 2172124, 0, 0, 0
8901, 2250686, 0, 0, 0
9000, 2242484, 0, 0, 0
9100, 2264305, 0, 0, 0
9200, 2383195, 0, 0, 0
9300, 2223456, 0, 0, 0
9401, 2274704, 0, 0, 0
9500, 2197730, 0, 0, 0
9601, 2202484, 0, 0, 0
9700, 2200986, 0, 0, 0
9800, 2221334, 0, 0, 0
9900, 2311209, 0, 0, 0
10002, 2167697, 0, 0, 0
10100, 2139772, 0, 0, 0
10200, 2174906, 0, 0, 0
10300, 2219268, 0, 0, 0
10400, 2154723, 0, 0, 0
10500, 2236164, 0, 0, 0
10601, 2239511, 0, 0, 0
10701, 2364930, 0, 0, 0
10801, 2229468, 0, 0, 0
10900, 2105062, 0, 0, 0
11001, 2138118, 0, 0, 0
11101, 2322857, 0, 0, 0
11202, 2292460, 0, 0, 0
11300, 2243505, 0, 0, 0
11401, 2189657, 0, 0, 0
11500, 2303959, 0, 0, 0
11601, 2174433, 0, 0, 0
11700, 2249790, 0, 0, 0
11800, 2218138, 0, 0, 0
11900, 2273454, 0, 0, 0
12002, 2161344, 0, 0, 0
12101, 2207275, 0, 0, 0
12200, 2258275, 0, 0, 0
12302, 2298442, 0, 0, 0
12400, 2328023, 0, 0, 0
12501, 2154850, 0, 0, 0
12601, 2266632, 0, 0, 0
12701, 2226895, 0, 0, 0
12801, 2217873, 0, 0, 0
12901, 2259242, 0, 0, 0
13002, 2254295, 0, 0, 0
13100, 2122404, 0, 0, 0
13201, 2244117, 0, 0, 0
13301, 2173553, 0, 0, 0
13401, 2221130, 0, 0, 0
13501, 2169246, 0, 0, 0
13600, 2251538, 0, 0, 0
13701, 2194127, 0, 0, 0
13801, 2269254, 0, 0, 0
13901, 2256694, 0, 0, 0
14000, 2207386, 0, 0, 0
14102, 2207846, 0, 0, 0
14202, 2236005, 0, 0, 0
14302, 2252222, 0, 0, 0
14403, 2197998, 0, 0, 0
14501, 2167752, 0, 0, 0
14600, 2105358, 0, 0, 0
14701, 2146253, 0, 0, 0
14800, 2115295, 0, 0, 0
14900, 2129675, 0, 0, 0
15001, 2184787, 0, 0, 0
15101, 2177418, 0, 0, 0
15201, 2072601, 0, 0, 0
15301, 2275312, 0, 0, 0
15400, 2238220, 0, 0, 0
15501, 2251507, 0, 0, 0
15602, 2135487, 0, 0, 0
15700, 2285945, 0, 0, 0
15801, 2201894, 0, 0, 0
15900, 2183516, 0, 0, 0
16001, 2142783, 0, 0, 0
16101, 2270729, 0, 0, 0
16200, 2151855, 0, 0, 0
16301, 2162693, 0, 0, 0
16400, 2142426, 0, 0, 0
16501, 2293145, 0, 0, 0
16601, 2131151, 0, 0, 0
16700, 2286690, 0, 0, 0
16800, 2166836, 0, 0, 0
16901, 2155174, 0, 0, 0
17002, 2185794, 0, 0, 0
17101, 2255606, 0, 0, 0
17202, 2186546, 0, 0, 0
17301, 2249127, 0, 0, 0
17400, 2202207, 0, 0, 0
17500, 2131692, 0, 0, 0
17601, 2146497, 0, 0, 0
17700, 2249839, 0, 0, 0
17801, 2290087, 0, 0, 0
17900, 2297159, 0, 0, 0
18000, 2119798, 0, 0, 0
18101, 2101940, 0, 0, 0
18201, 2233335, 0, 0, 0
18301, 2261387, 0, 0, 0
18401, 2333625, 0, 0, 0
18501, 2375651, 0, 0, 0
18601, 2262024, 0, 0, 0
18702, 2239601, 0, 0, 0
18801, 2259961, 0, 0, 0
18900, 2233655, 0, 0, 0
19002, 2224129, 0, 0, 0
19101, 2248908, 0, 0, 0
19200, 2238082, 0, 0, 0
19301, 2257693, 0, 0, 0
19400, 2244085, 0, 0, 0
19501, 2186280, 0, 0, 0
19601, 2284008, 0, 0, 0
19700, 2286335, 0, 0, 0
19802, 2323194, 0, 0, 0
19900, 2221105, 0, 0, 0
20002, 2112268, 0, 0, 0
20100, 2292449, 0, 0, 0
20200, 2209134, 0, 0, 0
20300, 2171957, 0, 0, 0
20401, 2205012, 0, 0, 0
20502, 2190732, 0, 0, 0
20600, 2123465, 0, 0, 0
20700, 2130525, 0, 0, 0
20801, 2197319, 0, 0, 0
20900, 2229595, 0, 0, 0
21000, 2130022, 0, 0, 0
21101, 2203875, 0, 0, 0
21201, 2313717, 0, 0, 0
21301, 2231425, 0, 0, 0
21402, 2273851, 0, 0, 0
21502, 2176825, 0, 0, 0
21600, 2184225, 0, 0, 0
21700, 2168016, 0, 0, 0
21800, 2086013, 0, 0, 0
21901, 2245076, 0, 0, 0
22001, 2269090, 0, 0, 0
22101, 2204485, 0, 0, 0
22201, 2181173, 0, 0, 0
22301, 2168570, 0, 0, 0
22400, 2146124, 0, 0, 0
22502, 2169888, 0, 0, 0
22601, 2160995, 0, 0, 0
22700, 2244761, 0, 0, 0
22801, 2234546, 0, 0, 0
22901, 2324996, 0, 0, 0
23001, 2216319, 0, 0, 0
23101, 2326737, 0, 0, 0
23201, 2224919, 0, 0, 0
23301, 2311902, 0, 0, 0
23400, 2368094, 0, 0, 0
23500, 2202765, 0, 0, 0
23600, 2285083, 0, 0, 0
23701, 2193370, 0, 0, 0
23800, 2289781, 0, 0, 0
23901, 2254751, 0, 0, 0
24002, 2222036, 0, 0, 0
24100, 2341336, 0, 0, 0
24202, 2363536, 0, 0, 0
24300, 2287247, 0, 0, 0
24401, 2089783, 0, 0, 0
24500, 2256152, 0, 0, 0
24602, 2215602, 0, 0, 0
24701, 2251556, 0, 0, 0
24801, 2131538, 0, 0, 0
24900, 2041959, 0, 0, 0
25000, 2274105, 0, 0, 0
25100, 2183254, 0, 0, 0
25200, 2210418, 0, 0, 0
25300, 2268419, 0, 0, 0
25400, 2392738, 0, 0, 0
25500, 2274493, 0, 0, 0
25602, 2200847, 0, 0, 0
25701, 2106114, 0, 0, 0
25800, 2108679, 0, 0, 0
25901, 2196357, 0, 0, 0
26000, 2199094, 0, 0, 0
26101, 2147241, 0, 0, 0
26201, 2262796, 0, 0, 0
26301, 2219886, 0, 0, 0
26401, 2121557, 0, 0, 0
26501, 2265107, 0, 0, 0
26601, 2229946, 0, 0, 0
26701, 2118643, 0, 0, 0
26800, 2200713, 0, 0, 0
26902, 2210866, 0, 0, 0
27000, 2294018, 0, 0, 0
27101, 2244732, 0, 0, 0
27200, 2352380, 0, 0, 0
27301, 2134551, 0, 0, 0
27401, 2230295, 0, 0, 0
27501, 2275263, 0, 0, 0
27601, 2078695, 0, 0, 0
27701, 2213205, 0, 0, 0
27800, 2246785, 0, 0, 0
27901, 2151100, 0, 0, 0
28001, 2212533, 0, 0, 0
28100, 2193489, 0, 0, 0
28200, 2170313, 0, 0, 0
28301, 2293263, 0, 0, 0
28400, 2312230, 0, 0, 0
28500, 2211785, 0, 0, 0
28601, 2254414, 0, 0, 0
28701, 2304862, 0, 0, 0
28800, 2159345, 0, 0, 0
28900, 2260797, 0, 0, 0
29000, 2287130, 0, 0, 0
29100, 2255103, 0, 0, 0
29201, 2256733, 0, 0, 0
29301, 2219180, 0, 0, 0
29401, 2219882, 0, 0, 0
29500, 2191409, 0, 0, 0
29600, 2221428, 0, 0, 0
29701, 2245766, 0, 0, 0
29800, 2290870, 0, 0, 0
29902, 2308621, 0, 0, 0
30002, 2321261, 0, 0, 0
30102, 2220161, 0, 0, 0
30200, 2178135, 0, 0, 0
30301, 2306257, 0, 0, 0
30401, 2267088, 0, 0, 0
30500, 2191573, 0, 0, 0
30600, 2271461, 0, 0, 0
30702, 2214502, 0, 0, 0
30802, 2212245, 0, 0, 0
30900, 2240381, 0, 0, 0
31001, 2281968, 0, 0, 0
31100, 2242177, 0, 0, 0
31200, 2135341, 0, 0, 0
31300, 2329681, 0, 0, 0
31400, 2264276, 0, 0, 0
31500, 2312906, 0, 0, 0
31600, 2277514, 0, 0, 0
31700, 2172773, 0, 0, 0
31802, 2267731, 0, 0, 0
31900, 2183812, 0, 0, 0
32001, 2230031, 0, 0, 0
32100, 2353303, 0, 0, 0
32201, 2196012, 0, 0, 0
32301, 2124817, 0, 0, 0
32400, 2300551, 0, 0, 0
32500, 2274924, 0, 0, 0
32601, 2184898, 0, 0, 0
32701, 2231349, 0, 0, 0
32800, 2154128, 0, 0, 0
32900, 2208357, 0, 0, 0
33000, 2177530, 0, 0, 0
33100, 2129008, 0, 0, 0
33201, 2233382, 0, 0, 0
33302, 2183325, 0, 0, 0
33400, 2094235, 0, 0, 0
33501, 2290287, 0, 0, 0
33600, 2343513, 0, 0, 0
33701, 2245904, 0, 0, 0
33802, 2242234, 0, 0, 0
33901, 2194320, 0, 0, 0
34000, 2163359, 0, 0, 0
34100, 2314382, 0, 0, 0
34200, 2275201, 0, 0, 0
34300, 2427450, 0, 0, 0
34402, 2263014, 0, 0, 0
34501, 2168176, 0, 0, 0
34600, 2290396, 0, 0, 0
34701, 2240258, 0, 0, 0
34800, 2247799, 0, 0, 0
34901, 2189274, 0, 0, 0
35000, 2243025, 0, 0, 0
35100, 2226810, 0, 0, 0
35201, 2295806, 0, 0, 0
35301, 2364636, 0, 0, 0
35402, 2245072, 0, 0, 0
35500, 2243012, 0, 0, 0
35600, 2322290, 0, 0, 0
35700, 2219123, 0, 0, 0
35801, 2182590, 0, 0, 0
35901, 2164239, 0, 0, 0
36001, 2144261, 0, 0, 0
36100, 2189763, 0, 0, 0
36200, 2215477, 0, 0, 0
36301, 2156492, 0, 0, 0
36401, 2266884, 0, 0, 0
36501, 2256929, 0, 0, 0
36600, 2215079, 0, 0, 0
36700, 2319439, 0, 0, 0
36801, 2229075, 0, 0, 0
36900, 2159072, 0, 0, 0
37001, 2090355, 0, 0, 0
37101, 2225071, 0, 0, 0
37202, 2286572, 0, 0, 0
37301, 2210095, 0, 0, 0
37401, 2126910, 0, 0, 0
37502, 2090250, 0, 0, 0
37600, 2143464, 0, 0, 0
37700, 2224059, 0, 0, 0
37800, 2204099, 0, 0, 0
37901, 2198426, 0, 0, 0
38000, 2292990, 0, 0, 0
38101, 2289728, 0, 0, 0
38200, 2269065, 0, 0, 0
38301, 2235052, 0, 0, 0
38402, 2134686, 0, 0, 0
38502, 2186057, 0, 0, 0
38601, 2290260, 0, 0, 0
38701, 2178320, 0, 0, 0
38800, 2194748, 0, 0, 0
38902, 2208264, 0, 0, 0
39001, 2215227, 0, 0, 0
39101, 2266917, 0, 0, 0
39200, 2142779, 0, 0, 0
39300, 2125495, 0, 0, 0
39401, 2196294, 0, 0, 0
39501, 2258332, 0, 0, 0
39601, 2173677, 0, 0, 0
39700, 2149076, 0, 0, 0
39802, 2169147, 0, 0, 0
39901, 2191264, 0, 0, 0
40002, 2254626, 0, 0, 0
40100, 2212825, 0, 0, 0
40201, 2303019, 0, 0, 0
40300, 2246725, 0, 0, 0
40401, 2233356, 0, 0, 0
40500, 2119943, 0, 0, 0
40600, 2156160, 0, 0, 0
40700, 2174094, 0, 0, 0
40801, 2029262, 0, 0, 0
40902, 2246228, 0, 0, 0
41000, 2081123, 0, 0, 0
41100, 2169225, 0, 0, 0
41201, 2191590, 0, 0, 0
41300, 2233185, 0, 0, 0
41401, 2295090, 0, 0, 0
41500, 2118811, 0, 0, 0
41600, 2311840, 0, 0, 0
41700, 2171244, 0, 0, 0
41802, 2167552, 0, 0, 0
41900, 2177063, 0, 0, 0
42001, 2192854, 0, 0, 0
42101, 2216294, 0, 0, 0
42201, 2172074, 0, 0, 0
42301, 2088988, 0, 0, 0
42401, 2206720, 0, 0, 0
42500, 2208466, 0, 0, 0
42601, 2154946, 0, 0, 0
42701, 2361276, 0, 0, 0
42800, 2304083, 0, 0, 0
42901, 2104136, 0, 0, 0
43001, 2181546, 0, 0, 0
43100, 2289759, 0, 0, 0
43201, 2188942, 0, 0, 0
43300, 2243235, 0, 0, 0
43400, 2178101, 0, 0, 0
43501, 2204885, 0, 0, 0
43601, 2170117, 0, 0, 0
43700, 2140085, 0, 0, 0
43800, 2314802, 0, 0, 0
43900, 2217712, 0, 0, 0
44002, 2168998, 0, 0, 0
44102, 2172568, 0, 0, 0
44200, 2276137, 0, 0, 0
44302, 2215264, 0, 0, 0
44400, 2223382, 0, 0, 0
44501, 2158028, 0, 0, 0
44601, 2070359, 0, 0, 0
44701, 2134438, 0, 0, 0
44802, 2241380, 0, 0, 0
44900, 2181558, 0, 0, 0
45001, 2198032, 0, 0, 0
45100, 2290179, 0, 0, 0
45200, 2162471, 0, 0, 0
45301, 2106112, 0, 0, 0
45400, 2210869, 0, 0, 0
45502, 2157318, 0, 0, 0
45601, 2111343, 0, 0, 0
45700, 2297312, 0, 0, 0
45800, 2131190, 0, 0, 0
45901, 2139680, 0, 0, 0
46000, 2249152, 0, 0, 0
46100, 2255364, 0, 0, 0
46200, 2281558, 0, 0, 0
46300, 2274766, 0, 0, 0
46400, 2266900, 0, 0, 0
46501, 2195326, 0, 0, 0
46601, 2260297, 0, 0, 0
46701, 2169089, 0, 0, 0
46802, 2193063, 0, 0, 0
46902, 2324575, 0, 0, 0
47001, 2301249, 0, 0, 0
47100, 2153308, 0, 0, 0
47201, 2238747, 0, 0, 0
47301, 2237279, 0, 0, 0
47400, 2176739, 0, 0, 0
47501, 2203279, 0, 0, 0
47600, 2297601, 0, 0, 0
47702, 2265552, 0, 0, 0
47800, 2283129, 0, 0, 0
47902, 2248057, 0, 0, 0
48002, 2283211, 0, 0, 0
48102, 2273482, 0, 0, 0
48201, 2189724, 0, 0, 0
48300, 2156866, 0, 0, 0
48400, 2306275, 0, 0, 0
48501, 2196661, 0, 0, 0
48600, 2298815, 0, 0, 0
48701, 2295753, 0, 0, 0
48800, 2201853, 0, 0, 0
48902, 2209341, 0, 0, 0
49001, 2205195, 0, 0, 0
49101, 2209686, 0, 0, 0
49201, 2277651, 0, 0, 0
49300, 2361276, 0, 0, 0
49400, 2268158, 0, 0, 0
49500, 2215881, 0, 0, 0
49602, 2157414, 0, 0, 0
49700, 2291651, 0, 0, 0
49801, 2178827, 0, 0, 0
49901, 2338122, 0, 0, 0
50000, 2204037, 0, 0, 0
50101, 2133669, 0, 0, 0
50201, 2165047, 0, 0, 0
50300, 2250322, 0, 0, 0
50400, 2219094, 0, 0, 0
50501, 2342459, 0, 0, 0
50601, 2284162, 0, 0, 0
50701, 2264661, 0, 0, 0
50800, 2295262, 0, 0, 0
50900, 2273173, 0, 0, 0
51000, 2225139, 0, 0, 0
51102, 2170287, 0, 0, 0
51201, 2147294, 0, 0, 0
51301, 2215489, 0, 0, 0
51400, 2207402, 0, 0, 0
51502, 2304847, 0, 0, 0
51600, 2214485, 0, 0, 0
51701, 2254841, 0, 0, 0
51800, 2412724, 0, 0, 0
51900, 2205682, 0, 0, 0
52000, 2284372, 0, 0, 0
52101, 2228055, 0, 0, 0
52200, 2203097, 0, 0, 0
52301, 2296670, 0, 0, 0
52401, 2332171, 0, 0, 0
52501, 2250983, 0, 0, 0
52601, 2170478, 0, 0, 0
52701, 2270957, 0, 0, 0
52800, 2266271, 0, 0, 0
52902, 2202290, 0, 0, 0
53001, 2243036, 0, 0, 0
53100, 2313700, 0, 0, 0
53202, 2316038, 0, 0, 0
53300, 2210624, 0, 0, 0
53400, 2224731, 0, 0, 0
53500, 2271752, 0, 0, 0
53601, 2094835, 0, 0, 0
53700, 2207257, 0, 0, 0
53800, 2119130, 0, 0, 0
53901, 2156014, 0, 0, 0
54000, 2240840, 0, 0, 0
54100, 2177663, 0, 0, 0
54201, 2335501, 0, 0, 0
54301, 2221741, 0, 0, 0
54402, 2190344, 0, 0, 0
54500, 2092328, 0, 0, 0
54600, 2226701, 0, 0, 0
54700, 2313966, 0, 0, 0
54801, 2190360, 0, 0, 0
54901, 2266383, 0, 0, 0
55000, 2305948, 0, 0, 0
55101, 2234858, 0, 0, 0
55200, 2153803, 0, 0, 0
55300, 2187543, 0, 0, 0
55400, 2264789, 0, 0, 0
55502, 2249310, 0, 0, 0
55601, 2208830, 0, 0, 0
55700, 2358288, 0, 0, 0
55800, 2310502, 0, 0, 0
55900, 2222333, 0, 0, 0
56002, 2263918, 0, 0, 0
56102, 2266991, 0, 0, 0
56200, 2085380, 0, 0, 0
56301, 2155593, 0, 0, 0
56400, 2203914, 0, 0, 0
56500, 2204411, 0, 0, 0
56600, 2271924, 0, 0, 0
56700, 2132947, 0, 0, 0
56801, 2195108, 0, 0, 0
56901, 2163139, 0, 0, 0
57001, 2221832, 0, 0, 0
57100, 2198303, 0, 0, 0
57200, 2209512, 0, 0, 0
57300, 2271134, 0, 0, 0
57400, 2174267, 0, 0, 0
57500, 2270422, 0, 0, 0
57601, 2293195, 0, 0, 0
57701, 2235862, 0, 0, 0
57801, 2215222, 0, 0, 0
57902, 2229850, 0, 0, 0
58000, 2276644, 0, 0, 0
58100, 2234250, 0, 0, 0
58201, 2227394, 0, 0, 0
58301, 2227869, 0, 0, 0
58400, 2407683, 0, 0, 0
58501, 2237204, 0, 0, 0
58601, 2178164, 0, 0, 0
58701, 2178540, 0, 0, 0
58801, 2222000, 0, 0, 0
58900, 2244331, 0, 0, 0
59001, 2232444, 0, 0, 0
59100, 2194841, 0, 0, 0
59200, 2171133, 0, 0, 0
59300, 2288932, 0, 0, 0
59401, 2182555, 0, 0, 0
59501, 2324595, 0, 0, 0
59601, 2208063, 0, 0, 0
59701, 2290679, 0, 0, 0
59800, 2225896, 0, 0, 0
59900, 2192330, 0, 0, 0
60000, 2218776, 0, 0, 0
60101, 2337240, 0, 0, 0
60201, 2377419, 0, 0, 0
60300, 2345034, 0, 0, 0
60401, 2161235, 0, 0, 0
60500, 2180106, 0, 0, 0
60600, 2229839, 0, 0, 0
60700, 2325485, 0, 0, 0
60800, 2328076, 0, 0, 0
60900, 2217968, 0, 0, 0
61001, 2245459, 0, 0, 0
61102, 2380323, 0, 0, 0
61201, 2304972, 0, 0, 0
61301, 2236217, 0, 0, 0
61400, 2179086, 0, 0, 0
61500, 2131480, 0, 0, 0
61601, 2230419, 0, 0, 0
61702, 2196149, 0, 0, 0
61801, 2314556, 0, 0, 0
61900, 2246256, 0, 0, 0
62001, 2152300, 0, 0, 0
62101, 2199259, 0, 0, 0
62201, 2143220, 0, 0, 0
62302, 2287566, 0, 0, 0
62401, 2200868, 0, 0, 0
62502, 2278309, 0, 0, 0
62600, 2284235, 0, 0, 0
62700, 2328825, 0, 0, 0
62800, 2222754, 0, 0, 0
62900, 2205614, 0, 0, 0
63001, 2198211, 0, 0, 0
63100, 2353526, 0, 0, 0
63201, 2238933, 0, 0, 0
63300, 2203764, 0, 0, 0
63400, 2257268, 0, 0, 0
63501, 2305407, 0, 0, 0
63600, 2394923, 0, 0, 0
63700, 2326939, 0, 0, 0
63801, 2242767, 0, 0, 0
63901, 2185506, 0, 0, 0
64000, 2134284, 0, 0, 0
64100, 2229004, 0, 0, 0
64201, 2251396, 0, 0, 0
64300, 2236431, 0, 0, 0
64401, 2253295, 0, 0, 0
64501, 2169352, 0, 0, 0
64600, 2301072, 0, 0, 0
64702, 2300069, 0, 0, 0
64800, 2289660, 0, 0, 0
64900, 2176448, 0, 0, 0
65000, 2260060, 0, 0, 0
65102, 2211384, 0, 0, 0
65202, 2270350, 0, 0, 0
65300, 2139892, 0, 0, 0
65401, 2182380, 0, 0, 0
65501, 2136057, 0, 0, 0
65601, 2162321, 0, 0, 0
65701, 2121435, 0, 0, 0
65801, 2268031, 0, 0, 0
65900, 2365567, 0, 0, 0
66000, 2277998, 0, 0, 0
66101, 2237809, 0, 0, 0
66200, 2234503, 0, 0, 0
66301, 2301883, 0, 0, 0
66401, 2167347, 0, 0, 0
66501, 2131419, 0, 0, 0
66602, 2280134, 0, 0, 0
66700, 2333757, 0, 0, 0
66801, 2245491, 0, 0, 0
66900, 2195593, 0, 0, 0
67001, 2201234, 0, 0, 0
67100, 2196649, 0, 0, 0
67202, 2262653, 0, 0, 0
67300, 2328454, 0, 0, 0
67400, 2315200, 0, 0, 0
67500, 2085552, 0, 0, 0
67600, 2184604, 0, 0, 0
67700, 2070953, 0, 0, 0
67800, 2136028, 0, 0, 0
67900, 2212606, 0, 0, 0
68001, 2156043, 0, 0, 0
68101, 2172961, 0, 0, 0
68200, 2131025, 0, 0, 0
68301, 2298685, 0, 0, 0
68400, 2246911, 0, 0, 0
68501, 2355980, 0, 0, 0
68600, 2409315, 0, 0, 0
68701, 2286011, 0, 0, 0
68800, 2144521, 0, 0, 0
68900, 2281776, 0, 0, 0
69000, 2178314, 0, 0, 0
69101, 2240724, 0, 0, 0
69201, 2261665, 0, 0, 0
69300, 2301844, 0, 0, 0
69401, 2245882, 0, 0, 0
69501, 2217663, 0, 0, 0
69601, 2170109, 0, 0, 0
69701, 2181447, 0, 0, 0
69800, 2231399, 0, 0, 0
69901, 2198208, 0, 0, 0
70000, 2240375, 0, 0, 0
70100, 2234802, 0, 0, 0
70201, 2226948, 0, 0, 0
70301, 2289749, 0, 0, 0
70400, 2245139, 0, 0, 0
70502, 2354389, 0, 0, 0
70601, 2213653, 0, 0, 0
70700, 2350442, 0, 0, 0
70800, 2118731, 0, 0, 0
70900, 2278258, 0, 0, 0
71000, 2175508, 0, 0, 0
71101, 2130761, 0, 0, 0
71200, 2103139, 0, 0, 0
71301, 2112271, 0, 0, 0
71401, 2205886, 0, 0, 0
71500, 2261743, 0, 0, 0
71600, 2258608, 0, 0, 0
71701, 2301922, 0, 0, 0
71800, 2254949, 0, 0, 0
71901, 2329302, 0, 0, 0
72000, 2215472, 0, 0, 0
72101, 2183077, 0, 0, 0
72202, 2292435, 0, 0, 0
72300, 2233476, 0, 0, 0
72400, 2125758, 0, 0, 0
72501, 2232943, 0, 0, 0
72601, 2219978, 0, 0, 0
72701, 2180360, 0, 0, 0
72801, 2168183, 0, 0, 0
72900, 2138079, 0, 0, 0
73001, 2301023, 0, 0, 0
73102, 2193887, 0, 0, 0
73200, 2174517, 0, 0, 0
73301, 2359914, 0, 0, 0
73400, 2292536, 0, 0, 0
73501, 2104705, 0, 0, 0
73600, 2251857, 0, 0, 0
73702, 2154248, 0, 0, 0
73800, 2176788, 0, 0, 0
73901, 2245453, 0, 0, 0
74001, 2270056, 0, 0, 0
74100, 2154177, 0, 0, 0
74201, 2200590, 0, 0, 0
74301, 2212441, 0, 0, 0
74401, 2427984, 0, 0, 0
74502, 2206691, 0, 0, 0
74601, 2345819, 0, 0, 0
74702, 2283297, 0, 0, 0
74801, 2296366, 0, 0, 0
74900, 2208930, 0, 0, 0
75000, 2122381, 0, 0, 0
75100, 2212587, 0, 0, 0
75201, 2306810, 0, 0, 0
75300, 2185323, 0, 0, 0
75400, 2131438, 0, 0, 0
75502, 2210024, 0, 0, 0
75600, 2189275, 0, 0, 0
75702, 2265825, 0, 0, 0
75801, 2200715, 0, 0, 0
75901, 2157363, 0, 0, 0
76002, 2235864, 0, 0, 0
76101, 2160832, 0, 0, 0
76200, 2205119, 0, 0, 0
76301, 2135332, 0, 0, 0
76401, 2172386, 0, 0, 0
76500, 2301228, 0, 0, 0
76600, 2332967, 0, 0, 0
76701, 2280240, 0, 0, 0
76801, 2228903, 0, 0, 0
76900, 2338033, 0, 0, 0
77001, 2367761, 0, 0, 0
77101, 2314012, 0, 0, 0
77201, 2164922, 0, 0, 0
77300, 2241085, 0, 0, 0
77400, 2179368, 0, 0, 0
77502, 2209364, 0, 0, 0
77600, 2287048, 0, 0, 0
77700, 2312864, 0, 0, 0
77801, 2188943, 0, 0, 0
77902, 2201554, 0, 0, 0
78002, 2266111, 0, 0, 0
78100, 2335229, 0, 0, 0
78202, 2225386, 0, 0, 0
78301, 2296009, 0, 0, 0
78400, 2137232, 0, 0, 0
78502, 2167960, 0, 0, 0
78601, 2256719, 0, 0, 0
78700, 2245597, 0, 0, 0
78802, 2126231, 0, 0, 0
78900, 2130067, 0, 0, 0
79000, 2224294, 0, 0, 0
79100, 2303613, 0, 0, 0
79200, 2220982, 0, 0, 0
79302, 2431697, 0, 0, 0
79401, 2194433, 0, 0, 0
79500, 2253932, 0, 0, 0
79601, 2093959, 0, 0, 0
79702, 2196652, 0, 0, 0
79801, 2214480, 0, 0, 0
79901, 2219302, 0, 0, 0
80000, 2235215, 0, 0, 0
80100, 2264596, 0, 0, 0
80202, 2133204, 0, 0, 0
80300, 2221045, 0, 0, 0
80401, 2203190, 0, 0, 0
80501, 2159050, 0, 0, 0
80601, 2220152, 0, 0, 0
80702, 2288720, 0, 0, 0
80800, 2175337, 0, 0, 0
80901, 2201730, 0, 0, 0
81001, 2166095, 0, 0, 0
81101, 2266167, 0, 0, 0
81200, 2117483, 0, 0, 0
81300, 2080071, 0, 0, 0
81400, 2267836, 0, 0, 0
81500, 2213623, 0, 0, 0
81600, 2237675, 0, 0, 0
81701, 2183383, 0, 0, 0
81801, 2217794, 0, 0, 0
81900, 2194403, 0, 0, 0
82002, 2269632, 0, 0, 0
82100, 2233468, 0, 0, 0
82201, 2177112, 0, 0, 0
82300, 2197664, 0, 0, 0
82400, 2235951, 0, 0, 0
82500, 2205580, 0, 0, 0
82601, 2152557, 0, 0, 0
82701, 2261356, 0, 0, 0
82802, 2297698, 0, 0, 0
82901, 2156795, 0, 0, 0
83001, 2209723, 0, 0, 0
83101, 2275866, 0, 0, 0
83201, 2232840, 0, 0, 0
83300, 2137842, 0, 0, 0
83400, 2036186, 0, 0, 0
83501, 2255316, 0, 0, 0
83600, 2186364, 0, 0, 0
83702, 2125051, 0, 0, 0
83800, 2183167, 0, 0, 0
83900, 2174772, 0, 0, 0
84000, 2220145, 0, 0, 0
84101, 2179443, 0, 0, 0
84200, 2113948, 0, 0, 0
84300, 2215473, 0, 0, 0
84401, 2154847, 0, 0, 0
84500, 2150455, 0, 0, 0
84601, 2227507, 0, 0, 0
84700, 2313429, 0, 0, 0
84801, 2143703, 0, 0, 0
84901, 2224097, 0, 0, 0
85001, 2314056, 0, 0, 0
85100, 2304295, 0, 0, 0
85200, 2128745, 0, 0, 0
85300, 2216357, 0, 0, 0
85400, 2171752, 0, 0, 0
85502, 2211317, 0, 0, 0
85600, 2168181, 0, 0, 0
85702, 2169064, 0, 0, 0
85800, 2141673, 0, 0, 0
85901, 2236888, 0, 0, 0
86001, 2266509, 0, 0, 0
86101, 2212245, 0, 0, 0
86202, 2194767, 0, 0, 0
86301, 2252859, 0, 0, 0
86400, 2246284, 0, 0, 0
86500, 2175779, 0, 0, 0
86601, 2279348, 0, 0, 0
86701, 2236002, 0, 0, 0
86801, 2260324, 0, 0, 0
86900, 2157111, 0, 0, 0
87000, 2116968, 0, 0, 0
87100, 2185502, 0, 0, 0
87200, 2215209, 0, 0, 0
87301, 2194526, 0, 0, 0
87400, 2192010, 0, 0, 0
87502, 2114000, 0, 0, 0
87601, 2200514, 0, 0, 0
87700, 2120270, 0, 0, 0
87802, 2250153, 0, 0, 0
87901, 2194232, 0, 0, 0
88001, 2183805, 0, 0, 0
88100, 2285014, 0, 0, 0
88200, 2236610, 0, 0, 0
88300, 2263487, 0, 0, 0
88400, 2257305, 0, 0, 0
88501, 2247593, 0, 0, 0
88601, 2275888, 0, 0, 0
88701, 2264614, 0, 0, 0
88800, 2118661, 0, 0, 0
88900, 2263213, 0, 0, 0
89000, 2205900, 0, 0, 0
89100, 2145379, 0, 0, 0
89200, 2113093, 0, 0, 0
89301, 2305476, 0, 0, 0
89400, 2196699, 0, 0, 0
89500, 2219328, 0, 0, 0
89600, 2200284, 0, 0, 0
89701, 2205178, 0, 0, 0
89801, 2259969, 0, 0, 0
89900, 2150596, 0, 0, 0
90001, 2153507, 0, 0, 0
