250, 2664, 0, 0, 0
350, 2730, 0, 0, 0
450, 2500, 0, 0, 0
550, 2550, 0, 0, 0
650, 2600, 0, 0, 0
749, 2818, 0, 0, 0
849, 2800, 0, 0, 0
949, 2580, 0, 0, 0
1049, 2740, 0, 0, 0
1149, 2700, 0, 0, 0
1249, 2550, 0, 0, 0
1349, 2620, 0, 0, 0
1449, 2730, 0, 0, 0
1550, 2840, 0, 0, 0
1650, 2800, 0, 0, 0
1750, 2820, 0, 0, 0
1850, 2630, 0, 0, 0
1950, 2540, 0, 0, 0
2050, 2580, 0, 0, 0
2150, 2530, 0, 0, 0
2249, 2616, 0, 0, 0
2349, 2990, 0, 0, 0
2449, 2880, 0, 0, 0
2549, 2880, 0, 0, 0
2649, 2840, 0, 0, 0
2749, 2770, 0, 0, 0
2849, 2810, 0, 0, 0
2949, 2870, 0, 0, 0
3049, 2780, 0, 0, 0
3149, 2750, 0, 0, 0
3250, 2590, 0, 0, 0
3350, 2430, 0, 0, 0
3450, 2520, 0, 0, 0
3550, 2800, 0, 0, 0
3650, 2660, 0, 0, 0
3749, 2686, 0, 0, 0
3849, 2750, 0, 0, 0
3949, 2940, 0, 0, 0
4049, 2820, 0, 0, 0
4149, 2790, 0, 0, 0
4249, 2500, 0, 0, 0
4349, 2580, 0, 0, 0
4449, 2710, 0, 0, 0
4549, 2900, 0, 0, 0
4649, 2870, 0, 0, 0
4750, 2640, 0, 0, 0
4850, 2440, 0, 0, 0
4950, 2760, 0, 0, 0
5050, 2720, 0, 0, 0
5150, 2490, 0, 0, 0
5249, 2484, 0, 0, 0
5349, 2580, 0, 0, 0
5449, 2780, 0, 0, 0
5549, 2830, 0, 0, 0
5649, 2700, 0, 0, 0
5749, 2580, 0, 0, 0
5849, 2850, 0, 0, 0
5949, 2800, 0, 0, 0
6049, 2720, 0, 0, 0
6149, 2630, 0, 0, 0
6249, 2560, 0, 0, 0
6349, 2640, 0, 0, 0
6450, 2460, 0, 0, 0
6550, 2490, 0, 0, 0
6650, 2400, 0, 0, 0
6749, 2494, 0, 0, 0
6849, 2490, 0, 0, 0
6949, 2520, 0, 0, 0
7049, 2550, 0, 0, 0
7149, 2470, 0, 0, 0
7249, 2890, 0, 0, 0
7349, 2770, 0, 0, 0
7449, 2800, 0, 0, 0
7549, 2720, 0, 0, 0
7649, 2750, 0, 0, 0
7749, 2660, 0, 0, 0
7849, 2810, 0, 0, 0
7949, 2760, 0, 0, 0
8049, 2690, 0, 0, 0
8150, 2720, 0, 0, 0
8250, 2790, 0, 0, 0
8350, 2550, 0, 0, 0
8450, 2580, 0, 0, 0
8550, 2460, 0, 0, 0
8650, 2530, 0, 0, 0
8749, 2646, 0, 0, 0
8849, 2540, 0, 0, 0
8949, 2450, 0, 0, 0
9049, 2410, 0, 0, 0
9149, 2450, 0, 0, 0
9249, 2410, 0, 0, 0
9349, 2440, 0, 0, 0
9449, 2470, 0, 0, 0
9549, 2440, 0, 0, 0
9649, 2670, 0, 0, 0
9750, 2460, 0, 0, 0
9850, 2650, 0, 0, 0
9950, 2720, 0, 0, 0
10050, 2720, 0, 0, 0
10150, 2880, 0, 0, 0
10249, 2878, 0, 0, 0
10349, 2840, 0, 0, 0
10449, 2670, 0, 0, 0
10549, 2740, 0, 0, 0
10649, 2750, 0, 0, 0
10749, 2680, 0, 0, 0
10849, 2540, 0, 0, 0
10949, 2830, 0, 0, 0
11049, 2660, 0, 0, 0
11149, 2520, 0, 0, 0
11249, 2550, 0, 0, 0
11349, 2700, 0, 0, 0
11449, 2860, 0, 0, 0
11550, 2550, 0, 0, 0
11650, 2470, 0, 0, 0
11750, 2690, 0, 0, 0
11850, 2580, 0, 0, 0
11950, 2690, 0, 0, 0
12050, 2560, 0, 0, 0
12150, 2580, 0, 0, 0
12249, 2575, 0, 0, 0
12349, 2540, 0, 0, 0
12449, 2540, 0, 0, 0
12549, 2660, 0, 0, 0
12649, 2810, 0, 0, 0
12749, 2770, 0, 0, 0
12849, 2710, 0, 0, 0
12949, 2580, 0, 0, 0
13049, 2480, 0, 0, 0
13149, 2510, 0, 0, 0
13250, 2420, 0, 0, 0
13350, 2380, 0, 0, 0
13450, 2630, 0, 0, 0
13550, 2780, 0, 0, 0
13650, 2610, 0, 0, 0
13749, 2646, 0, 0, 0
13849, 2790, 0, 0, 0
13949, 2730, 0, 0, 0
14049, 2790, 0, 0, 0
14149, 2750, 0, 0, 0
14249, 2810, 0, 0, 0
14349, 2790, 0, 0, 0
14449, 2850, 0, 0, 0
14549, 2730, 0, 0, 0
14649, 2470, 0, 0, 0
14749, 2520, 0, 0, 0
14849, 2430, 0, 0, 0
14950, 2460, 0, 0, 0
15050, 2400, 0, 0, 0
15150, 2380, 0, 0, 0
15249, 2464, 0, 0, 0
15349, 2480, 0, 0, 0
15449, 2420, 0, 0, 0
15549, 2470, 0, 0, 0
15649, 2550, 0, 0, 0
15749, 2650, 0, 0, 0
15849, 2600, 0, 0, 0
15949, 2560, 0, 0, 0
16049, 2640, 0, 0, 0
16149, 2610, 0, 0, 0
16249, 2560, 0, 0, 0
16349, 2570, 0, 0, 0
16449, 2660, 0, 0, 0
16550, 2770, 0, 0, 0
16650, 2810, 0, 0, 0
16750, 2600, 0, 0, 0
16850, 2450, 0, 0, 0
16950, 2580, 0, 0, 0
17050, 2770, 0, 0, 0
17150, 2740, 0, 0, 0
17249, 2575, 0, 0, 0
17349, 2540, 0, 0, 0
17449, 2680, 0, 0, 0
17549, 2700, 0, 0, 0
17649, 2790, 0, 0, 0
17749, 2630, 0, 0, 0
17849, 2630, 0, 0, 0
17949, 2540, 0, 0, 0
18049, 2590, 0, 0, 0
18149, 2560, 0, 0, 0
18250, 2650, 0, 0, 0
18350, 2430, 0, 0, 0
18450, 2520, 0, 0, 0
18550, 2520, 0, 0, 0
18650, 2810, 0, 0, 0
18749, 2555, 0, 0, 0
18849, 2570, 0, 0, 0
18949, 2550, 0, 0, 0
19049, 2560, 0, 0, 0
19149, 2850, 0, 0, 0
19249, 2850, 0, 0, 0
19349, 2830, 0, 0, 0
19449, 2850, 0, 0, 0
19549, 2790, 0, 0, 0
19649, 2830, 0, 0, 0
19750, 2870, 0, 0, 0
19850, 2890, 0, 0, 0
19950, 2890, 0, 0, 0
20050, 2900, 0, 0, 0
20150, 2850, 0, 0, 0
20249, 2818, 0, 0, 0
20349, 2820, 0, 0, 0
20449, 2630, 0, 0, 0
20549, 2740, 0, 0, 0
20649, 2920, 0, 0, 0
20749, 2790, 0, 0, 0
20849, 2720, 0, 0, 0
20949, 2650, 0, 0, 0
21049, 2600, 0, 0, 0
21149, 2540, 0, 0, 0
21249, 2460, 0, 0, 0
21349, 2520, 0, 0, 0
21449, 2640, 0, 0, 0
21550, 2820, 0, 0, 0
21650, 2820, 0, 0, 0
21749, 2838, 0, 0, 0
21849, 2920, 0, 0, 0
21949, 2730, 0, 0, 0
22049, 2670, 0, 0, 0
22149, 2650, 0, 0, 0
22249, 2660, 0, 0, 0
22349, 2680, 0, 0, 0
22449, 2580, 0, 0, 0
22549, 2690, 0, 0, 0
22649, 2910, 0, 0, 0
22749, 2870, 0, 0, 0
22849, 2910, 0, 0, 0
22949, 2840, 0, 0, 0
23050, 2840, 0, 0, 0
23150, 2830, 0, 0, 0
23250, 2890, 0, 0, 0
23350, 2840, 0, 0, 0
23450, 2850, 0, 0, 0
23550, 2850, 0, 0, 0
23650, 2820, 0, 0, 0
23749, 2717, 0, 0, 0
23849, 2590, 0, 0, 0
23949, 2780, 0, 0, 0
24049, 2540, 0, 0, 0
24149, 2540, 0, 0, 0
24249, 2630, 0, 0, 0
24349, 2860, 0, 0, 0
24449, 2920, 0, 0, 0
24549, 2810, 0, 0, 0
24649, 2830, 0, 0, 0
24750, 2830, 0, 0, 0
24850, 2720, 0, 0, 0
24950, 2870, 0, 0, 0
25050, 2840, 0, 0, 0
25150, 2830, 0, 0, 0
25249, 2848, 0, 0, 0
25349, 2800, 0, 0, 0
25449, 2660, 0, 0, 0
25549, 2550, 0, 0, 0
25649, 2690, 0, 0, 0
25749, 2670, 0, 0, 0
25849, 2640, 0, 0, 0
25949, 2560, 0, 0, 0
26049, 2640, 0, 0, 0
26149, 2700, 0, 0, 0
26249, 2790, 0, 0, 0
26350, 2690, 0, 0, 0
26450, 2650, 0, 0, 0
26550, 2620, 0, 0, 0
26650, 2560, 0, 0, 0
26749, 2808, 0, 0, 0
26849, 2560, 0, 0, 0
26949, 2480, 0, 0, 0
27049, 2610, 0, 0, 0
27149, 2600, 0, 0, 0
27249, 2540, 0, 0, 0
27349, 2570, 0, 0, 0
27449, 2630, 0, 0, 0
27549, 2630, 0, 0, 0
27649, 2690, 0, 0, 0
27749, 2570, 0, 0, 0
27849, 2670, 0, 0, 0
27949, 2680, 0, 0, 0
28050, 2720, 0, 0, 0
28150, 2740, 0, 0, 0
28250, 2770, 0, 0, 0
28350, 2830, 0, 0, 0
28450, 2640, 0, 0, 0
28550, 2570, 0, 0, 0
28650, 2580, 0, 0, 0
28749, 2525, 0, 0, 0
28849, 2580, 0, 0, 0
28949, 2830, 0, 0, 0
29049, 2880, 0, 0, 0
29149, 2790, 0, 0, 0
29249, 2470, 0, 0, 0
29349, 2460, 0, 0, 0
29449, 2460, 0, 0, 0
29549, 2480, 0, 0, 0
29649, 2540, 0, 0, 0
29749, 2600, 0, 0, 0
29850, 2690, 0, 0, 0
29950, 2670, 0, 0, 0
30050, 2830, 0, 0, 0
30150, 2840, 0, 0, 0
30249, 2777, 0, 0, 0
30349, 2610, 0, 0, 0
30449, 2540, 0, 0, 0
30549, 2680, 0, 0, 0
30649, 2790, 0, 0, 0
30749, 2780, 0, 0, 0
30849, 2820, 0, 0, 0
30949, 2800, 0, 0, 0
31049, 2860, 0, 0, 0
31149, 2760, 0, 0, 0
31249, 2650, 0, 0, 0
31349, 2750, 0, 0, 0
31449, 2680, 0, 0, 0
31550, 2770, 0, 0, 0
31650, 2790, 0, 0, 0
31749, 2747, 0, 0, 0
31849, 2530, 0, 0, 0
31949, 2520, 0, 0, 0
32049, 2530, 0, 0, 0
32149, 2580, 0, 0, 0
32249, 2640, 0, 0, 0
32349, 2700, 0, 0, 0
32449, 2620, 0, 0, 0
32549, 2690, 0, 0, 0
32649, 2810, 0, 0, 0
32749, 2820, 0, 0, 0
32849, 2830, 0, 0, 0
32949, 2870, 0, 0, 0
33049, 2840, 0, 0, 0
33150, 2860, 0, 0, 0
33250, 2850, 0, 0, 0
33350, 2730, 0, 0, 0
33450, 2650, 0, 0, 0
33550, 2620, 0, 0, 0
33650, 2560, 0, 0, 0
33749, 2707, 0, 0, 0
33849, 2650, 0, 0, 0
33949, 2710, 0, 0, 0
34049, 2580, 0, 0, 0
34149, 2560, 0, 0, 0
34249, 2620, 0, 0, 0
34349, 2530, 0, 0, 0
34449, 2580, 0, 0, 0
34549, 2690, 0, 0, 0
34649, 2800, 0, 0, 0
34750, 2900, 0, 0, 0
34850, 2790, 0, 0, 0
34950, 2720, 0, 0, 0
35050, 2730, 0, 0, 0
35150, 2580, 0, 0, 0
35249, 2595, 0, 0, 0
35349, 2480, 0, 0, 0
35449, 2610, 0, 0, 0
35549, 2830, 0, 0, 0
35649, 2860, 0, 0, 0
35749, 2850, 0, 0, 0
35849, 2860, 0, 0, 0
35949, 2850, 0, 0, 0
36049, 2760, 0, 0, 0
36149, 2820, 0, 0, 0
36249, 2710, 0, 0, 0
36349, 2530, 0, 0, 0
36449, 2620, 0, 0, 0
36550, 2590, 0, 0, 0
36650, 2690, 0, 0, 0
36750, 2570, 0, 0, 0
36850, 2640, 0, 0, 0
36950, 2670, 0, 0, 0
37050, 2500, 0, 0, 0
37150, 2730, 0, 0, 0
37249, 2808, 0, 0, 0
37349, 2810, 0, 0, 0
37449, 2800, 0, 0, 0
37549, 2890, 0, 0, 0
37649, 2720, 0, 0, 0
37749, 2610, 0, 0, 0
37849, 2580, 0, 0, 0
37949, 2710, 0, 0, 0
38049, 2580, 0, 0, 0
38149, 2550, 0, 0, 0
38250, 2700, 0, 0, 0
38350, 2610, 0, 0, 0
38450, 2470, 0, 0, 0
38550, 2570, 0, 0, 0
38650, 2390, 0, 0, 0
38749, 2444, 0, 0, 0
38849, 2450, 0, 0, 0
38949, 2580, 0, 0, 0
39049, 2440, 0, 0, 0
39149, 2520, 0, 0, 0
39249, 2550, 0, 0, 0
39349, 2610, 0, 0, 0
39449, 2520, 0, 0, 0
39549, 2540, 0, 0, 0
39649, 2650, 0, 0, 0
39749, 2530, 0, 0, 0
39849, 2620, 0, 0, 0
39950, 2900, 0, 0, 0
40050, 2680, 0, 0, 0
40150, 2800, 0, 0, 0
40249, 2686, 0, 0, 0
40349, 2560, 0, 0, 0
40449, 2750, 0, 0, 0
40549, 2570, 0, 0, 0
40649, 2550, 0, 0, 0
40749, 2530, 0, 0, 0
40849, 2490, 0, 0, 0
40949, 2650, 0, 0, 0
41049, 2610, 0, 0, 0
41149, 2790, 0, 0, 0
41249, 2780, 0, 0, 0
41349, 2740, 0, 0, 0
41449, 2720, 0, 0, 0
41550, 2710, 0, 0, 0
41650, 2820, 0, 0, 0
41750, 2790, 0, 0, 0
41850, 2780, 0, 0, 0
41950, 2810, 0, 0, 0
42050, 2720, 0, 0, 0
42150, 2780, 0, 0, 0
42249, 2828, 0, 0, 0
42349, 2600, 0, 0, 0
42449, 2480, 0, 0, 0
42549, 2580, 0, 0, 0
42649, 2650, 0, 0, 0
42749, 2600, 0, 0, 0
42849, 2620, 0, 0, 0
42949, 2760, 0, 0, 0
43049, 2710, 0, 0, 0
43149, 2660, 0, 0, 0
43250, 2760, 0, 0, 0
43350, 2770, 0, 0, 0
43450, 2880, 0, 0, 0
43550, 2760, 0, 0, 0
43650, 2790, 0, 0, 0
43749, 2808, 0, 0, 0
43849, 2820, 0, 0, 0
43949, 2810, 0, 0, 0
44049, 2800, 0, 0, 0
44149, 2750, 0, 0, 0
44249, 2650, 0, 0, 0
44349, 2740, 0, 0, 0
44449, 2480, 0, 0, 0
44549, 2730, 0, 0, 0
44649, 2910, 0, 0, 0
44749, 2540, 0, 0, 0
44850, 2470, 0, 0, 0
44950, 2600, 0, 0, 0
45050, 2620, 0, 0, 0
45150, 2530, 0, 0, 0
45249, 2636, 0, 0, 0
45349, 2760, 0, 0, 0
45449, 2790, 0, 0, 0
45549, 2860, 0, 0, 0
45649, 2780, 0, 0, 0
45749, 2830, 0, 0, 0
45849, 2830, 0, 0, 0
45949, 2800, 0, 0, 0
46049, 2830, 0, 0, 0
46149, 2910, 0, 0, 0
46249, 2890, 0, 0, 0
46349, 2740, 0, 0, 0
46449, 2720, 0, 0, 0
46550, 2790, 0, 0, 0
46650, 2760, 0, 0, 0
46750, 2670, 0, 0, 0
46850, 2520, 0, 0, 0
46950, 2530, 0, 0, 0
47050, 2450, 0, 0, 0
47150, 2530, 0, 0, 0
47249, 2717, 0, 0, 0
47349, 2680, 0, 0, 0
47449, 2810, 0, 0, 0
47549, 2890, 0, 0, 0
47649, 2840, 0, 0, 0
47749, 2870, 0, 0, 0
47849, 2860, 0, 0, 0
47949, 2910, 0, 0, 0
48049, 2630, 0, 0, 0
48150, 2780, 0, 0, 0
48250, 2590, 0, 0, 0
48350, 2480, 0, 0, 0
48450, 2660, 0, 0, 0
48550, 2880, 0, 0, 0
48650, 2890, 0, 0, 0
48749, 2818, 0, 0, 0
48849, 2900, 0, 0, 0
48949, 2890, 0, 0, 0
49049, 2900, 0, 0, 0
49149, 2850, 0, 0, 0
49249, 2760, 0, 0, 0
49349, 2750, 0, 0, 0
49449, 2580, 0, 0, 0
49549, 2560, 0, 0, 0
49649, 2640, 0, 0, 0
49749, 2740, 0, 0, 0
49850, 2740, 0, 0, 0
49950, 2650, 0, 0, 0
50050, 2710, 0, 0, 0
50150, 2780, 0, 0, 0
50249, 2747, 0, 0, 0
50349, 2750, 0, 0, 0
50449, 2510, 0, 0, 0
50549, 2540, 0, 0, 0
50649, 2570, 0, 0, 0
50749, 2710, 0, 0, 0
50849, 2750, 0, 0, 0
50949, 2780, 0, 0, 0
51049, 2800, 0, 0, 0
51149, 2790, 0, 0, 0
51249, 2810, 0, 0, 0
51349, 2890, 0, 0, 0
51449, 2740, 0, 0, 0
51550, 2810, 0, 0, 0
51650, 2800, 0, 0, 0
51749, 2898, 0, 0, 0
51849, 2800, 0, 0, 0
51949, 2890, 0, 0, 0
52049, 2910, 0, 0, 0
52149, 2610, 0, 0, 0
52249, 2550, 0, 0, 0
52349, 2580, 0, 0, 0
52449, 2790, 0, 0, 0
52549, 2640, 0, 0, 0
52649, 2540, 0, 0, 0
52749, 2560, 0, 0, 0
52849, 2540, 0, 0, 0
52949, 2490, 0, 0, 0
53049, 2440, 0, 0, 0
53149, 2480, 0, 0, 0
53250, 2570, 0, 0, 0
53350, 2430, 0, 0, 0
53450, 2670, 0, 0, 0
53550, 2560, 0, 0, 0
53650, 2630, 0, 0, 0
53749, 2898, 0, 0, 0
53849, 2800, 0, 0, 0
53949, 2870, 0, 0, 0
54049, 2780, 0, 0, 0
54149, 2680, 0, 0, 0
54249, 2690, 0, 0, 0
54349, 2850, 0, 0, 0
54449, 2820, 0, 0, 0
54549, 2740, 0, 0, 0
54649, 2730, 0, 0, 0
54749, 2800, 0, 0, 0
54850, 2820, 0, 0, 0
54950, 2800, 0, 0, 0
55050, 2780, 0, 0, 0
55150, 2750, 0, 0, 0
55249, 2686, 0, 0, 0
55349, 2510, 0, 0, 0
55449, 2540, 0, 0, 0
55549, 2590, 0, 0, 0
55649, 2490, 0, 0, 0
55749, 2590, 0, 0, 0
55849, 2540, 0, 0, 0
55949, 2590, 0, 0, 0
56049, 2760, 0, 0, 0
56149, 2790, 0, 0, 0
56249, 2800, 0, 0, 0
56349, 2780, 0, 0, 0
56449, 2700, 0, 0, 0
56550, 2680, 0, 0, 0
56650, 2790, 0, 0, 0
56750, 2850, 0, 0, 0
56850, 2850, 0, 0, 0
56950, 2830, 0, 0, 0
57050, 2760, 0, 0, 0
57150, 2690, 0, 0, 0
57249, 2636, 0, 0, 0
57349, 2620, 0, 0, 0
57449, 2680, 0, 0, 0
57549, 2660, 0, 0, 0
57649, 2610, 0, 0, 0
57749, 2510, 0, 0, 0
57849, 2510, 0, 0, 0
57949, 2480, 0, 0, 0
58049, 2620, 0, 0, 0
58149, 2830, 0, 0, 0
58250, 2780, 0, 0, 0
58350, 2770, 0, 0, 0
58450, 2610, 0, 0, 0
58550, 2860, 0, 0, 0
58650, 2820, 0, 0, 0
58749, 2838, 0, 0, 0
58849, 2750, 0, 0, 0
58949, 2720, 0, 0, 0
59049, 2740, 0, 0, 0
59149, 2800, 0, 0, 0
59249, 2800, 0, 0, 0
59349, 2690, 0, 0, 0
59449, 2740, 0, 0, 0
59549, 2580, 0, 0, 0
59649, 2630, 0, 0, 0
59750, 2820, 0, 0, 0
59850, 2860, 0, 0, 0
59950, 2790, 0, 0, 0
60050, 2810, 0, 0, 0
60150, 2800, 0, 0, 0
60249, 2575, 0, 0, 0
60349, 2590, 0, 0, 0
60449, 2760, 0, 0, 0
60549, 2780, 0, 0, 0
60649, 2670, 0, 0, 0
60749, 2610, 0, 0, 0
60849, 2780, 0, 0, 0
60949, 2840, 0, 0, 0
61049, 2750, 0, 0, 0
61149, 2760, 0, 0, 0
61249, 2770, 0, 0, 0
61349, 2670, 0, 0, 0
61449, 2840, 0, 0, 0
61550, 2740, 0, 0, 0
61650, 2710, 0, 0, 0
61750, 2570, 0, 0, 0
61850, 2540, 0, 0, 0
61950, 2580, 0, 0, 0
62050, 2470, 0, 0, 0
62150, 2480, 0, 0, 0
62249, 2494, 0, 0, 0
62349, 2490, 0, 0, 0
62449, 2590, 0, 0, 0
62549, 2620, 0, 0, 0
62649, 2790, 0, 0, 0
62749, 2850, 0, 0, 0
62849, 2770, 0, 0, 0
62949, 2850, 0, 0, 0
63049, 2800, 0, 0, 0
63149, 2630, 0, 0, 0
63250, 2690, 0, 0, 0
63350, 2550, 0, 0, 0
63450, 2810, 0, 0, 0
63550, 2850, 0, 0, 0
63650, 2780, 0, 0, 0
63749, 2878, 0, 0, 0
63849, 2650, 0, 0, 0
63949, 2790, 0, 0, 0
64049, 2870, 0, 0, 0
64149, 2820, 0, 0, 0
64249, 2830, 0, 0, 0
64349, 2780, 0, 0, 0
64449, 2850, 0, 0, 0
64549, 2810, 0, 0, 0
64649, 2750, 0, 0, 0
64750, 2500, 0, 0, 0
64850, 2440, 0, 0, 0
64950, 2560, 0, 0, 0
65050, 2610, 0, 0, 0
65150, 2880, 0, 0, 0
65249, 2787, 0, 0, 0
65349, 2770, 0, 0, 0
65449, 2770, 0, 0, 0
65549, 2790, 0, 0, 0
65649, 2720, 0, 0, 0
65749, 2930, 0, 0, 0
65849, 2860, 0, 0, 0
65949, 2850, 0, 0, 0
66049, 2780, 0, 0, 0
66149, 2820, 0, 0, 0
66249, 2900, 0, 0, 0
66349, 2740, 0, 0, 0
66449, 2680, 0, 0, 0
66550, 2750, 0, 0, 0
66650, 2810, 0, 0, 0
66749, 2818, 0, 0, 0
66849, 2730, 0, 0, 0
66949, 2800, 0, 0, 0
67049, 2810, 0, 0, 0
67149, 2800, 0, 0, 0
67249, 2810, 0, 0, 0
67349, 2850, 0, 0, 0
67449, 2910, 0, 0, 0
67549, 2780, 0, 0, 0
67649, 2770, 0, 0, 0
67749, 2790, 0, 0, 0
67849, 2670, 0, 0, 0
67949, 2650, 0, 0, 0
68050, 2550, 0, 0, 0
68150, 2740, 0, 0, 0
68250, 2620, 0, 0, 0
68350, 2770, 0, 0, 0
68450, 2820, 0, 0, 0
68550, 2790, 0, 0, 0
68650, 2760, 0, 0, 0
68749, 2515, 0, 0, 0
68849, 2510, 0, 0, 0
68949, 2500, 0, 0, 0
69049, 2510, 0, 0, 0
69149, 2680, 0, 0, 0
69249, 2800, 0, 0, 0
69349, 2870, 0, 0, 0
69449, 2790, 0, 0, 0
69549, 2830, 0, 0, 0
69649, 2790, 0, 0, 0
69750, 2720, 0, 0, 0
69850, 2840, 0, 0, 0
69950, 2570, 0, 0, 0
70050, 2580, 0, 0, 0
70150, 2750, 0, 0, 0
70249, 2818, 0, 0, 0
70349, 2750, 0, 0, 0
70449, 2800, 0, 0, 0
70549, 2750, 0, 0, 0
70649, 2550, 0, 0, 0
70749, 2520, 0, 0, 0
70849, 2610, 0, 0, 0
70949, 2630, 0, 0, 0
71049, 2650, 0, 0, 0
71149, 2850, 0, 0, 0
71249, 2850, 0, 0, 0
71350, 2840, 0, 0, 0
71450, 2660, 0, 0, 0
71550, 2850, 0, 0, 0
71650, 2820, 0, 0, 0
71749, 2898, 0, 0, 0
71849, 2850, 0, 0, 0
71949, 2820, 0, 0, 0
72049, 2900, 0, 0, 0
72149, 2730, 0, 0, 0
72249, 2820, 0, 0, 0
72349, 2800, 0, 0, 0
72449, 2720, 0, 0, 0
72549, 2570, 0, 0, 0
72649, 2870, 0, 0, 0
72749, 2900, 0, 0, 0
72849, 2850, 0, 0, 0
72949, 2890, 0, 0, 0
73050, 2880, 0, 0, 0
73150, 2840, 0, 0, 0
73250, 2850, 0, 0, 0
73350, 2770, 0, 0, 0
73450, 2570, 0, 0, 0
73550, 2520, 0, 0, 0
73650, 2470, 0, 0, 0
73749, 2646, 0, 0, 0
73849, 2580, 0, 0, 0
73949, 2460, 0, 0, 0
74049, 2480, 0, 0, 0
74149, 2610, 0, 0, 0
74249, 2830, 0, 0, 0
74349, 2640, 0, 0, 0
74449, 2750, 0, 0, 0
74550, 2820, 0, 0, 0
74650, 2830, 0, 0, 0
74750, 2790, 0, 0, 0
74850, 2890, 0, 0, 0
74950, 2790, 0, 0, 0
75050, 2800, 0, 0, 0
75150, 2830, 0, 0, 0
75249, 2747, 0, 0, 0
75349, 2810, 0, 0, 0
75449, 2840, 0, 0, 0
75549, 2780, 0, 0, 0
75649, 2530, 0, 0, 0
75749, 2510, 0, 0, 0
75849, 2560, 0, 0, 0
75949, 2600, 0, 0, 0
76049, 2510, 0, 0, 0
76149, 2580, 0, 0, 0
76250, 2610, 0, 0, 0
76350, 2860, 0, 0, 0
76450, 2780, 0, 0, 0
76550, 2650, 0, 0, 0
76650, 2650, 0, 0, 0
76749, 2828, 0, 0, 0
76849, 2850, 0, 0, 0
76949, 2730, 0, 0, 0
77049, 2810, 0, 0, 0
77149, 2670, 0, 0, 0
77249, 2610, 0, 0, 0
77349, 2660, 0, 0, 0
77449, 2710, 0, 0, 0
77549, 2750, 0, 0, 0
77649, 2840, 0, 0, 0
77749, 2830, 0, 0, 0
77849, 2800, 0, 0, 0
77949, 2850, 0, 0, 0
78050, 2750, 0, 0, 0
78150, 2620, 0, 0, 0
78249, 2818, 0, 0, 0
78349, 2800, 0, 0, 0
78449, 2760, 0, 0, 0
78549, 2810, 0, 0, 0
78649, 2800, 0, 0, 0
78749, 2760, 0, 0, 0
78849, 2850, 0, 0, 0
78949, 2850, 0, 0, 0
79049, 2820, 0, 0, 0
79149, 2790, 0, 0, 0
79249, 2530, 0, 0, 0
79349, 2590, 0, 0, 0
79449, 2750, 0, 0, 0
79550, 2750, 0, 0, 0
79650, 2630, 0, 0, 0
79749, 2808, 0, 0, 0
79849, 2670, 0, 0, 0
79949, 2780, 0, 0, 0
80049, 2760, 0, 0, 0
80149, 2690, 0, 0, 0
80249, 2670, 0, 0, 0
80349, 2630, 0, 0, 0
80449, 2670, 0, 0, 0
80549, 2740, 0, 0, 0
80649, 2840, 0, 0, 0
80749, 2840, 0, 0, 0
80849, 2680, 0, 0, 0
80949, 2830, 0, 0, 0
81050, 2880, 0, 0, 0
81150, 2880, 0, 0, 0
81250, 2840, 0, 0, 0
81350, 2800, 0, 0, 0
81450, 2870, 0, 0, 0
81550, 2790, 0, 0, 0
81650, 2710, 0, 0, 0
81749, 2787, 0, 0, 0
81849, 2840, 0, 0, 0
81949, 2850, 0, 0, 0
82049, 2870, 0, 0, 0
82149, 2830, 0, 0, 0
82249, 2790, 0, 0, 0
82349, 2760, 0, 0, 0
82449, 2870, 0, 0, 0
82550, 2810, 0, 0, 0
82650, 2880, 0, 0, 0
82750, 2780, 0, 0, 0
82850, 2790, 0, 0, 0
82950, 2890, 0, 0, 0
83050, 2600, 0, 0, 0
83150, 2520, 0, 0, 0
83249, 2616, 0, 0, 0
83349, 2660, 0, 0, 0
83449, 2550, 0, 0, 0
83549, 2540, 0, 0, 0
83649, 2670, 0, 0, 0
83749, 2580, 0, 0, 0
83849, 2740, 0, 0, 0
83949, 2560, 0, 0, 0
84049, 2470, 0, 0, 0
84149, 2790, 0, 0, 0
84250, 2890, 0, 0, 0
84350, 2780, 0, 0, 0
84450, 2690, 0, 0, 0
84550, 2740, 0, 0, 0
84650, 2700, 0, 0, 0
84749, 2868, 0, 0, 0
84849, 2780, 0, 0, 0
84949, 2820, 0, 0, 0
85049, 2830, 0, 0, 0
85149, 2760, 0, 0, 0
85249, 2770, 0, 0, 0
85349, 2730, 0, 0, 0
85449, 2850, 0, 0, 0
85549, 2710, 0, 0, 0
85649, 2730, 0, 0, 0
85749, 2750, 0, 0, 0
85850, 2660, 0, 0, 0
85950, 2760, 0, 0, 0
86050, 2680, 0, 0, 0
86150, 2740, 0, 0, 0
86249, 2696, 0, 0, 0
86349, 2740, 0, 0, 0
86449, 2780, 0, 0, 0
86549, 2780, 0, 0, 0
86649, 2770, 0, 0, 0
86749, 2740, 0, 0, 0
86849, 2710, 0, 0, 0
86949, 2750, 0, 0, 0
87049, 2680, 0, 0, 0
87149, 2760, 0, 0, 0
87249, 2820, 0, 0, 0
87349, 2830, 0, 0, 0
87449, 2780, 0, 0, 0
87550, 2800, 0, 0, 0
87650, 2740, 0, 0, 0
87749, 2767, 0, 0, 0
87849, 2730, 0, 0, 0
87949, 2740, 0, 0, 0
88049, 2630, 0, 0, 0
88149, 2710, 0, 0, 0
88249, 2690, 0, 0, 0
88349, 2750, 0, 0, 0
88449, 2770, 0, 0, 0
88549, 2740, 0, 0, 0
88649, 2700, 0, 0, 0
88749, 2580, 0, 0, 0
88849, 2600, 0, 0, 0
88949, 2500, 0, 0, 0
89050, 2550, 0, 0, 0
89150, 2460, 0, 0, 0
89250, 2420, 0, 0, 0
89350, 2580, 0, 0, 0
89450, 2620, 0, 0, 0
89550, 2700, 0, 0, 0
89650, 2780, 0, 0, 0
89749, 2656, 0, 0, 0
89849, 2670, 0, 0, 0
89949, 2740, 0, 0, 0
