250, 6236, 0, 0, 0
350, 7240, 0, 0, 0
450, 7420, 0, 0, 0
550, 7950, 0, 0, 0
650, 8300, 0, 0, 0
749, 8494, 0, 0, 0
849, 8010, 0, 0, 0
949, 8430, 0, 0, 0
1049, 7830, 0, 0, 0
1149, 6700, 0, 0, 0
1249, 8170, 0, 0, 0
1349, 6530, 0, 0, 0
1449, 7230, 0, 0, 0
1549, 6220, 0, 0, 0
1649, 5270, 0, 0, 0
1750, 8090, 0, 0, 0
1850, 8250, 0, 0, 0
1950, 6860, 0, 0, 0
2050, 8320, 0, 0, 0
2150, 8520, 0, 0, 0
2249, 6919, 0, 0, 0
2349, 8690, 0, 0, 0
2449, 6080, 0, 0, 0
2549, 7460, 0, 0, 0
2649, 8670, 0, 0, 0
2749, 7740, 0, 0, 0
2849, 7030, 0, 0, 0
2949, 8380, 0, 0, 0
3049, 6570, 0, 0, 0
3149, 8230, 0, 0, 0
3249, 8290, 0, 0, 0
3350, 7060, 0, 0, 0
3450, 8770, 0, 0, 0
3550, 6580, 0, 0, 0
3650, 6100, 0, 0, 0
3749, 8292, 0, 0, 0
3849, 5580, 0, 0, 0
3949, 7940, 0, 0, 0
4049, 8230, 0, 0, 0
4149, 8760, 0, 0, 0
4249, 8570, 0, 0, 0
4349, 8460, 0, 0, 0
4449, 8180, 0, 0, 0
4549, 6960, 0, 0, 0
4649, 7470, 0, 0, 0
4749, 4390, 0, 0, 0
4849, 7840, 0, 0, 0
4949, 8120, 0, 0, 0
5049, 7480, 0, 0, 0
5150, 7910, 0, 0, 0
5249, 6212, 0, 0, 0
5349, 8100, 0, 0, 0
5449, 5720, 0, 0, 0
5549, 8570, 0, 0, 0
5649, 8570, 0, 0, 0
5749, 7000, 0, 0, 0
5849, 6760, 0, 0, 0
5949, 6920, 0, 0, 0
6049, 7890, 0, 0, 0
6149, 7300, 0, 0, 0
6249, 8250, 0, 0, 0
6349, 8260, 0, 0, 0
6449, 8470, 0, 0, 0
6549, 8470, 0, 0, 0
6649, 7290, 0, 0, 0
6749, 8370, 0, 0, 0
6849, 8280, 0, 0, 0
6950, 7690, 0, 0, 0
7050, 6780, 0, 0, 0
7150, 5590, 0, 0, 0
7249, 7888, 0, 0, 0
7349, 8030, 0, 0, 0
7449, 8600, 0, 0, 0
7549, 7050, 0, 0, 0
7649, 7530, 0, 0, 0
7749, 7850, 0, 0, 0
7849, 8280, 0, 0, 0
7949, 8220, 0, 0, 0
8049, 7550, 0, 0, 0
8149, 8600, 0, 0, 0
8249, 8610, 0, 0, 0
8349, 8430, 0, 0, 0
8449, 7000, 0, 0, 0
8550, 8640, 0, 0, 0
8650, 8460, 0, 0, 0
8749, 8434, 0, 0, 0
8849, 5950, 0, 0, 0
8949, 5480, 0, 0, 0
9049, 3910, 0, 0, 0
9149, 8300, 0, 0, 0
9249, 8420, 0, 0, 0
9349, 8110, 0, 0, 0
9449, 6130, 0, 0, 0
9549, 6330, 0, 0, 0
9649, 7330, 0, 0, 0
9749, 5990, 0, 0, 0
9849, 5040, 0, 0, 0
9949, 8230, 0, 0, 0
10049, 7680, 0, 0, 0
10149, 7820, 0, 0, 0
10250, 7850, 0, 0, 0
10350, 8470, 0, 0, 0
10450, 6850, 0, 0, 0
10550, 7960, 0, 0, 0
10650, 8340, 0, 0, 0
10749, 8303, 0, 0, 0
10849, 6680, 0, 0, 0
10949, 7650, 0, 0, 0
11049, 7750, 0, 0, 0
11149, 8120, 0, 0, 0
11249, 7460, 0, 0, 0
11349, 8270, 0, 0, 0
11449, 8480, 0, 0, 0
11549, 6360, 0, 0, 0
11649, 8220, 0, 0, 0
11750, 6240, 0, 0, 0
11850, 7410, 0, 0, 0
11950, 8380, 0, 0, 0
12050, 8140, 0, 0, 0
12150, 6880, 0, 0, 0
12249, 8464, 0, 0, 0
12349, 8390, 0, 0, 0
12449, 8690, 0, 0, 0
12549, 8030, 0, 0, 0
12649, 8260, 0, 0, 0
12749, 8320, 0, 0, 0
12849, 8260, 0, 0, 0
12949, 7450, 0, 0, 0
13049, 7010, 0, 0, 0
13149, 8530, 0, 0, 0
13249, 7590, 0, 0, 0
13349, 7250, 0, 0, 0
13449, 8450, 0, 0, 0
13550, 6780, 0, 0, 0
13650, 7780, 0, 0, 0
13749, 7363, 0, 0, 0
13849, 8450, 0, 0, 0
13949, 7730, 0, 0, 0
14049, 5520, 0, 0, 0
14149, 7490, 0, 0, 0
14249, 8330, 0, 0, 0
14349, 7150, 0, 0, 0
14449, 7300, 0, 0, 0
14549, 7840, 0, 0, 0
14649, 7440, 0, 0, 0
14749, 8420, 0, 0, 0
14849, 7500, 0, 0, 0
14949, 8570, 0, 0, 0
15049, 6550, 0, 0, 0
15149, 7290, 0, 0, 0
15250, 4880, 0, 0, 0
15350, 7700, 0, 0, 0
15450, 6270, 0, 0, 0
15550, 8330, 0, 0, 0
15650, 6440, 0, 0, 0
15749, 5969, 0, 0, 0
15849, 8560, 0, 0, 0
15949, 7800, 0, 0, 0
16049, 8320, 0, 0, 0
16149, 8090, 0, 0, 0
16249, 6330, 0, 0, 0
16349, 7760, 0, 0, 0
16449, 6660, 0, 0, 0
16549, 7890, 0, 0, 0
16649, 6700, 0, 0, 0
16749, 6200, 0, 0, 0
16849, 8230, 0, 0, 0
16950, 6620, 0, 0, 0
17050, 6640, 0, 0, 0
17150, 8470, 0, 0, 0
17249, 6949, 0, 0, 0
17349, 8410, 0, 0, 0
17449, 8280, 0, 0, 0
17549, 4970, 0, 0, 0
17649, 7730, 0, 0, 0
17749, 5030, 0, 0, 0
17849, 7080, 0, 0, 0
17949, 6510, 0, 0, 0
18049, 8120, 0, 0, 0
18149, 8020, 0, 0, 0
18249, 6170, 0, 0, 0
18349, 6110, 0, 0, 0
18449, 7250, 0, 0, 0
18549, 7990, 0, 0, 0
18650, 4830, 0, 0, 0
18750, 7620, 0, 0, 0
18850, 6260, 0, 0, 0
18950, 7150, 0, 0, 0
19050, 8650, 0, 0, 0
19150, 7550, 0, 0, 0
19249, 5757, 0, 0, 0
19349, 7590, 0, 0, 0
19449, 7260, 0, 0, 0
19549, 6950, 0, 0, 0
19649, 6950, 0, 0, 0
19749, 6840, 0, 0, 0
19849, 7900, 0, 0, 0
19949, 7100, 0, 0, 0
20049, 6710, 0, 0, 0
20149, 8410, 0, 0, 0
20249, 7940, 0, 0, 0
20349, 7560, 0, 0, 0
20450, 7590, 0, 0, 0
20550, 8580, 0, 0, 0
20650, 8630, 0, 0, 0
20749, 8111, 0, 0, 0
20849, 7990, 0, 0, 0
20949, 8690, 0, 0, 0
21049, 8470, 0, 0, 0
21149, 8470, 0, 0, 0
21249, 8370, 0, 0, 0
21349, 6660, 0, 0, 0
21449, 8120, 0, 0, 0
21549, 7420, 0, 0, 0
21649, 8600, 0, 0, 0
21749, 8280, 0, 0, 0
21849, 7130, 0, 0, 0
21949, 7430, 0, 0, 0
22049, 7690, 0, 0, 0
22149, 7840, 0, 0, 0
22250, 5680, 0, 0, 0
22350, 7250, 0, 0, 0
22450, 7580, 0, 0, 0
22550, 6500, 0, 0, 0
22650, 8130, 0, 0, 0
22749, 8565, 0, 0, 0
22849, 8590, 0, 0, 0
22949, 8110, 0, 0, 0
23049, 8000, 0, 0, 0
23149, 8200, 0, 0, 0
23249, 8220, 0, 0, 0
23349, 7390, 0, 0, 0
23449, 7570, 0, 0, 0
23549, 5960, 0, 0, 0
23649, 6570, 0, 0, 0
23749, 6870, 0, 0, 0
23849, 6890, 0, 0, 0
23949, 8050, 0, 0, 0
24050, 8150, 0, 0, 0
24150, 8330, 0, 0, 0
24249, 8444, 0, 0, 0
24349, 8240, 0, 0, 0
24449, 8160, 0, 0, 0
24549, 8080, 0, 0, 0
24649, 7880, 0, 0, 0
24749, 7180, 0, 0, 0
24849, 3640, 0, 0, 0
24949, 4360, 0, 0, 0
25049, 7690, 0, 0, 0
25149, 6340, 0, 0, 0
25249, 8320, 0, 0, 0
25349, 8390, 0, 0, 0
25449, 6700, 0, 0, 0
25549, 7970, 0, 0, 0
25649, 8190, 0, 0, 0
25750, 8320, 0, 0, 0
25850, 8340, 0, 0, 0
25950, 6360, 0, 0, 0
26050, 7630, 0, 0, 0
26150, 8450, 0, 0, 0
26249, 8676, 0, 0, 0
26349, 6940, 0, 0, 0
26449, 7590, 0, 0, 0
26549, 7440, 0, 0, 0
26649, 8280, 0, 0, 0
26749, 7600, 0, 0, 0
26849, 7830, 0, 0, 0
26949, 7490, 0, 0, 0
27049, 8200, 0, 0, 0
27149, 8130, 0, 0, 0
27249, 7040, 0, 0, 0
27349, 8910, 0, 0, 0
27449, 7510, 0, 0, 0
27550, 7970, 0, 0, 0
27650, 7270, 0, 0, 0
27749, 8080, 0, 0, 0
27849, 6010, 0, 0, 0
27949, 6610, 0, 0, 0
28049, 7970, 0, 0, 0
28149, 8530, 0, 0, 0
28249, 8070, 0, 0, 0
28349, 6410, 0, 0, 0
28449, 8330, 0, 0, 0
28549, 7460, 0, 0, 0
28649, 7110, 0, 0, 0
28749, 7950, 0, 0, 0
28849, 8260, 0, 0, 0
28949, 6770, 0, 0, 0
29049, 4310, 0, 0, 0
29149, 7860, 0, 0, 0
29250, 7960, 0, 0, 0
29350, 6440, 0, 0, 0
29450, 7920, 0, 0, 0
29550, 5750, 0, 0, 0
29650, 7120, 0, 0, 0
29749, 8252, 0, 0, 0
29849, 8280, 0, 0, 0
29949, 6250, 0, 0, 0
30049, 6140, 0, 0, 0
30149, 8660, 0, 0, 0
30249, 8310, 0, 0, 0
30349, 5660, 0, 0, 0
30449, 8400, 0, 0, 0
30549, 7200, 0, 0, 0
30649, 8520, 0, 0, 0
30749, 8200, 0, 0, 0
30849, 8050, 0, 0, 0
30949, 7710, 0, 0, 0
31049, 8410, 0, 0, 0
31149, 8610, 0, 0, 0
31250, 8420, 0, 0, 0
31350, 7160, 0, 0, 0
31450, 7290, 0, 0, 0
31550, 5380, 0, 0, 0
31650, 6870, 0, 0, 0
31749, 8858, 0, 0, 0
31849, 6720, 0, 0, 0
31949, 6880, 0, 0, 0
32049, 8150, 0, 0, 0
32149, 7720, 0, 0, 0
32249, 6140, 0, 0, 0
32349, 8270, 0, 0, 0
32449, 8290, 0, 0, 0
32549, 7950, 0, 0, 0
32649, 8000, 0, 0, 0
32749, 8450, 0, 0, 0
32849, 7710, 0, 0, 0
32949, 7200, 0, 0, 0
33050, 8310, 0, 0, 0
33150, 8410, 0, 0, 0
33249, 8313, 0, 0, 0
33349, 8180, 0, 0, 0
33449, 8520, 0, 0, 0
33549, 8110, 0, 0, 0
33649, 6820, 0, 0, 0
33749, 6910, 0, 0, 0
33849, 7070, 0, 0, 0
33949, 7550, 0, 0, 0
34049, 7370, 0, 0, 0
34149, 7960, 0, 0, 0
34249, 6990, 0, 0, 0
34349, 5670, 0, 0, 0
34449, 6580, 0, 0, 0
34549, 8700, 0, 0, 0
34649, 8590, 0, 0, 0
34750, 7040, 0, 0, 0
34850, 8230, 0, 0, 0
34950, 6950, 0, 0, 0
35050, 8300, 0, 0, 0
35150, 6690, 0, 0, 0
35249, 7696, 0, 0, 0
35349, 7940, 0, 0, 0
35449, 7720, 0, 0, 0
35549, 6150, 0, 0, 0
35649, 8230, 0, 0, 0
35749, 7140, 0, 0, 0
35849, 7660, 0, 0, 0
35949, 8220, 0, 0, 0
36049, 8260, 0, 0, 0
36149, 8470, 0, 0, 0
36250, 7020, 0, 0, 0
36350, 8540, 0, 0, 0
36450, 8330, 0, 0, 0
36550, 7880, 0, 0, 0
36650, 7880, 0, 0, 0
36749, 7292, 0, 0, 0
36849, 7150, 0, 0, 0
36949, 8350, 0, 0, 0
37049, 7940, 0, 0, 0
37149, 6820, 0, 0, 0
37249, 7100, 0, 0, 0
37349, 7500, 0, 0, 0
37449, 8380, 0, 0, 0
37549, 7760, 0, 0, 0
37649, 6770, 0, 0, 0
37749, 7880, 0, 0, 0
37849, 8450, 0, 0, 0
37949, 7060, 0, 0, 0
38050, 8330, 0, 0, 0
38150, 6580, 0, 0, 0
38249, 8232, 0, 0, 0
38349, 6680, 0, 0, 0
38449, 6080, 0, 0, 0
38549, 6280, 0, 0, 0
38649, 6160, 0, 0, 0
38749, 8290, 0, 0, 0
38849, 8590, 0, 0, 0
38949, 7580, 0, 0, 0
39049, 8510, 0, 0, 0
39149, 7490, 0, 0, 0
39249, 5570, 0, 0, 0
39349, 6630, 0, 0, 0
39449, 8400, 0, 0, 0
39549, 8570, 0, 0, 0
39649, 6840, 0, 0, 0
39749, 5480, 0, 0, 0
39850, 7320, 0, 0, 0
39950, 8310, 0, 0, 0
40050, 8450, 0, 0, 0
40150, 8570, 0, 0, 0
40249, 4717, 0, 0, 0
40349, 8200, 0, 0, 0
40449, 8350, 0, 0, 0
40549, 7770, 0, 0, 0
40649, 7670, 0, 0, 0
40749, 7940, 0, 0, 0
40849, 8220, 0, 0, 0
40949, 7370, 0, 0, 0
41049, 8430, 0, 0, 0
41149, 7540, 0, 0, 0
41249, 8740, 0, 0, 0
41349, 6700, 0, 0, 0
41449, 7280, 0, 0, 0
41549, 8740, 0, 0, 0
41649, 7480, 0, 0, 0
41750, 8020, 0, 0, 0
41850, 8450, 0, 0, 0
41950, 7910, 0, 0, 0
42050, 8350, 0, 0, 0
42150, 6860, 0, 0, 0
42249, 6363, 0, 0, 0
42349, 8520, 0, 0, 0
42449, 8160, 0, 0, 0
42549, 6670, 0, 0, 0
42649, 7800, 0, 0, 0
42749, 8610, 0, 0, 0
42849, 7260, 0, 0, 0
42949, 8390, 0, 0, 0
43049, 8260, 0, 0, 0
43149, 7230, 0, 0, 0
43249, 7960, 0, 0, 0
43349, 8530, 0, 0, 0
43450, 8240, 0, 0, 0
43550, 6730, 0, 0, 0
43650, 6200, 0, 0, 0
43749, 6767, 0, 0, 0
43849, 7690, 0, 0, 0
43949, 7960, 0, 0, 0
44049, 8180, 0, 0, 0
44149, 8630, 0, 0, 0
44249, 7340, 0, 0, 0
44349, 8350, 0, 0, 0
44449, 8230, 0, 0, 0
44549, 5670, 0, 0, 0
44649, 8310, 0, 0, 0
44749, 8400, 0, 0, 0
44849, 6660, 0, 0, 0
44949, 8370, 0, 0, 0
45049, 6370, 0, 0, 0
45149, 8670, 0, 0, 0
45250, 8400, 0, 0, 0
45350, 7260, 0, 0, 0
45450, 8430, 0, 0, 0
45550, 7220, 0, 0, 0
45650, 8430, 0, 0, 0
45749, 6949, 0, 0, 0
45849, 8440, 0, 0, 0
45949, 7820, 0, 0, 0
46049, 7890, 0, 0, 0
46149, 6850, 0, 0, 0
46249, 8720, 0, 0, 0
46349, 8540, 0, 0, 0
46449, 7040, 0, 0, 0
46549, 7760, 0, 0, 0
46649, 6210, 0, 0, 0
46749, 6920, 0, 0, 0
46849, 7480, 0, 0, 0
46949, 7760, 0, 0, 0
47050, 8060, 0, 0, 0
47150, 6170, 0, 0, 0
47249, 7141, 0, 0, 0
47349, 8570, 0, 0, 0
47449, 8450, 0, 0, 0
47549, 4800, 0, 0, 0
47649, 7200, 0, 0, 0
47749, 7730, 0, 0, 0
47849, 8250, 0, 0, 0
47949, 6370, 0, 0, 0
48049, 8140, 0, 0, 0
48149, 6370, 0, 0, 0
48249, 8810, 0, 0, 0
48349, 8200, 0, 0, 0
48449, 8460, 0, 0, 0
48549, 8330, 0, 0, 0
48650, 8560, 0, 0, 0
48750, 8140, 0, 0, 0
48850, 8580, 0, 0, 0
48950, 7600, 0, 0, 0
49050, 8680, 0, 0, 0
49150, 8280, 0, 0, 0
49249, 6757, 0, 0, 0
49349, 4940, 0, 0, 0
49449, 8220, 0, 0, 0
49549, 8600, 0, 0, 0
49649, 8200, 0, 0, 0
49749, 6590, 0, 0, 0
49849, 6000, 0, 0, 0
49949, 7730, 0, 0, 0
50049, 7300, 0, 0, 0
50149, 7560, 0, 0, 0
50249, 7650, 0, 0, 0
50350, 6650, 0, 0, 0
50450, 7910, 0, 0, 0
50550, 8430, 0, 0, 0
50650, 8270, 0, 0, 0
50749, 8424, 0, 0, 0
50849, 8530, 0, 0, 0
50949, 8520, 0, 0, 0
51049, 8320, 0, 0, 0
51149, 8320, 0, 0, 0
51249, 8380, 0, 0, 0
51349, 5850, 0, 0, 0
51449, 7040, 0, 0, 0
51549, 7140, 0, 0, 0
51649, 6850, 0, 0, 0
51749, 7070, 0, 0, 0
51849, 6500, 0, 0, 0
51949, 8420, 0, 0, 0
52049, 8920, 0, 0, 0
52149, 8650, 0, 0, 0
52250, 7520, 0, 0, 0
52350, 8500, 0, 0, 0
52450, 7630, 0, 0, 0
52550, 8680, 0, 0, 0
52650, 8020, 0, 0, 0
52749, 5313, 0, 0, 0
52849, 8130, 0, 0, 0
52949, 8060, 0, 0, 0
53049, 8500, 0, 0, 0
53149, 6460, 0, 0, 0
53249, 8380, 0, 0, 0
53349, 7630, 0, 0, 0
53449, 6290, 0, 0, 0
53549, 6440, 0, 0, 0
53649, 6500, 0, 0, 0
53749, 7270, 0, 0, 0
53849, 8580, 0, 0, 0
53949, 8430, 0, 0, 0
54050, 8240, 0, 0, 0
54150, 8380, 0, 0, 0
54249, 7060, 0, 0, 0
54349, 8060, 0, 0, 0
54449, 8110, 0, 0, 0
54549, 8700, 0, 0, 0
54649, 8720, 0, 0, 0
54749, 7510, 0, 0, 0
54849, 8320, 0, 0, 0
54949, 7580, 0, 0, 0
55049, 7810, 0, 0, 0
55149, 5860, 0, 0, 0
55249, 8400, 0, 0, 0
55349, 7920, 0, 0, 0
55449, 5830, 0, 0, 0
55549, 6420, 0, 0, 0
55649, 7240, 0, 0, 0
55750, 7200, 0, 0, 0
55850, 8280, 0, 0, 0
55950, 8220, 0, 0, 0
56050, 7560, 0, 0, 0
56150, 8650, 0, 0, 0
56249, 7111, 0, 0, 0
56349, 8250, 0, 0, 0
56449, 7840, 0, 0, 0
56549, 7010, 0, 0, 0
56649, 5870, 0, 0, 0
56749, 4830, 0, 0, 0
56849, 7990, 0, 0, 0
56949, 8110, 0, 0, 0
57049, 8290, 0, 0, 0
57149, 6710, 0, 0, 0
57249, 8020, 0, 0, 0
57349, 8300, 0, 0, 0
57449, 7460, 0, 0, 0
57550, 8630, 0, 0, 0
57650, 7580, 0, 0, 0
57749, 8565, 0, 0, 0
57849, 8660, 0, 0, 0
57949, 5220, 0, 0, 0
58049, 5860, 0, 0, 0
58149, 6670, 0, 0, 0
58249, 8150, 0, 0, 0
58349, 6470, 0, 0, 0
58449, 5820, 0, 0, 0
58549, 7940, 0, 0, 0
58649, 7710, 0, 0, 0
58749, 6680, 0, 0, 0
58849, 7220, 0, 0, 0
58949, 6180, 0, 0, 0
59049, 7100, 0, 0, 0
59149, 4950, 0, 0, 0
59249, 6490, 0, 0, 0
59350, 8550, 0, 0, 0
59450, 8220, 0, 0, 0
59550, 8130, 0, 0, 0
59650, 8480, 0, 0, 0
59749, 8151, 0, 0, 0
59849, 8420, 0, 0, 0
59949, 7210, 0, 0, 0
60049, 7780, 0, 0, 0
60149, 8200, 0, 0, 0
60249, 8690, 0, 0, 0
60349, 8530, 0, 0, 0
60449, 8540, 0, 0, 0
60549, 7990, 0, 0, 0
60649, 6090, 0, 0, 0
60749, 5460, 0, 0, 0
60849, 6800, 0, 0, 0
60949, 5220, 0, 0, 0
61050, 8030, 0, 0, 0
61150, 7020, 0, 0, 0
61249, 8585, 0, 0, 0
61349, 7890, 0, 0, 0
61449, 7490, 0, 0, 0
61549, 5820, 0, 0, 0
61649, 6500, 0, 0, 0
61749, 7870, 0, 0, 0
61849, 6950, 0, 0, 0
61949, 8310, 0, 0, 0
62049, 8430, 0, 0, 0
62149, 6550, 0, 0, 0
62249, 8350, 0, 0, 0
62349, 7480, 0, 0, 0
62449, 7630, 0, 0, 0
62549, 7750, 0, 0, 0
62649, 5860, 0, 0, 0
62750, 6540, 0, 0, 0
62850, 6590, 0, 0, 0
62950, 6580, 0, 0, 0
63050, 8560, 0, 0, 0
63150, 5900, 0, 0, 0
63249, 6474, 0, 0, 0
63349, 7030, 0, 0, 0
63449, 8340, 0, 0, 0
63549, 6560, 0, 0, 0
63649, 8500, 0, 0, 0
63749, 8680, 0, 0, 0
63849, 7940, 0, 0, 0
63949, 7320, 0, 0, 0
64049, 8190, 0, 0, 0
64149, 8410, 0, 0, 0
64249, 7810, 0, 0, 0
64349, 8340, 0, 0, 0
64449, 5810, 0, 0, 0
64550, 7720, 0, 0, 0
64650, 8380, 0, 0, 0
64749, 8585, 0, 0, 0
64849, 8380, 0, 0, 0
64949, 8560, 0, 0, 0
65049, 8550, 0, 0, 0
65149, 7860, 0, 0, 0
65249, 6510, 0, 0, 0
65349, 8040, 0, 0, 0
65449, 6730, 0, 0, 0
65549, 8220, 0, 0, 0
65649, 8520, 0, 0, 0
65749, 7230, 0, 0, 0
65849, 7830, 0, 0, 0
65949, 7020, 0, 0, 0
66049, 8100, 0, 0, 0
66150, 8160, 0, 0, 0
66250, 6760, 0, 0, 0
66350, 8390, 0, 0, 0
66450, 8600, 0, 0, 0
66550, 7800, 0, 0, 0
66650, 6910, 0, 0, 0
66749, 8393, 0, 0, 0
66849, 7840, 0, 0, 0
66949, 6690, 0, 0, 0
67049, 6870, 0, 0, 0
67149, 6970, 0, 0, 0
67249, 8530, 0, 0, 0
67349, 8690, 0, 0, 0
67449, 7980, 0, 0, 0
67549, 8230, 0, 0, 0
67649, 6790, 0, 0, 0
67749, 7080, 0, 0, 0
67849, 6900, 0, 0, 0
67950, 7980, 0, 0, 0
68050, 8600, 0, 0, 0
68150, 6610, 0, 0, 0
68249, 7858, 0, 0, 0
68349, 4990, 0, 0, 0
68449, 8280, 0, 0, 0
68549, 7520, 0, 0, 0
68649, 8060, 0, 0, 0
68749, 6400, 0, 0, 0
68849, 8640, 0, 0, 0
68949, 6300, 0, 0, 0
69049, 7490, 0, 0, 0
69149, 7930, 0, 0, 0
69249, 4500, 0, 0, 0
69349, 6800, 0, 0, 0
69449, 3830, 0, 0, 0
69549, 8270, 0, 0, 0
69649, 7370, 0, 0, 0
69750, 7250, 0, 0, 0
69850, 8250, 0, 0, 0
69950, 8390, 0, 0, 0
70050, 8500, 0, 0, 0
70150, 7000, 0, 0, 0
70249, 8111, 0, 0, 0
70349, 8550, 0, 0, 0
70449, 8160, 0, 0, 0
70549, 7440, 0, 0, 0
70649, 7180, 0, 0, 0
70749, 7930, 0, 0, 0
70849, 8160, 0, 0, 0
70949, 6940, 0, 0, 0
71049, 8470, 0, 0, 0
71149, 8200, 0, 0, 0
71249, 5620, 0, 0, 0
71349, 7000, 0, 0, 0
71449, 6990, 0, 0, 0
71550, 8410, 0, 0, 0
71650, 8500, 0, 0, 0
71749, 8363, 0, 0, 0
71849, 7730, 0, 0, 0
71949, 8160, 0, 0, 0
72049, 8450, 0, 0, 0
72149, 6530, 0, 0, 0
72249, 8430, 0, 0, 0
72349, 7350, 0, 0, 0
72449, 8570, 0, 0, 0
72549, 8640, 0, 0, 0
72649, 8360, 0, 0, 0
72749, 6800, 0, 0, 0
72849, 8460, 0, 0, 0
72949, 8630, 0, 0, 0
73049, 8260, 0, 0, 0
73149, 8730, 0, 0, 0
73249, 8670, 0, 0, 0
73350, 6530, 0, 0, 0
73450, 6970, 0, 0, 0
73550, 7470, 0, 0, 0
73650, 8750, 0, 0, 0
73749, 8212, 0, 0, 0
73849, 4650, 0, 0, 0
73949, 6300, 0, 0, 0
74049, 7090, 0, 0, 0
74149, 6040, 0, 0, 0
74249, 8300, 0, 0, 0
74349, 7850, 0, 0, 0
74449, 7020, 0, 0, 0
74549, 6890, 0, 0, 0
74649, 8160, 0, 0, 0
74749, 8120, 0, 0, 0
74849, 6670, 0, 0, 0
74949, 7330, 0, 0, 0
75050, 7920, 0, 0, 0
75150, 7960, 0, 0, 0
75249, 6939, 0, 0, 0
75349, 7630, 0, 0, 0
75449, 8440, 0, 0, 0
75549, 6560, 0, 0, 0
75649, 8440, 0, 0, 0
75749, 8060, 0, 0, 0
75849, 8430, 0, 0, 0
75949, 8470, 0, 0, 0
76049, 7170, 0, 0, 0
76149, 6830, 0, 0, 0
76249, 7860, 0, 0, 0
76349, 8360, 0, 0, 0
76449, 7160, 0, 0, 0
76549, 5450, 0, 0, 0
76649, 8360, 0, 0, 0
76750, 8280, 0, 0, 0
76850, 7700, 0, 0, 0
76950, 7970, 0, 0, 0
77050, 7050, 0, 0, 0
77150, 8380, 0, 0, 0
77249, 7454, 0, 0, 0
77349, 7050, 0, 0, 0
77449, 5950, 0, 0, 0
77549, 7170, 0, 0, 0
77649, 8380, 0, 0, 0
77749, 7450, 0, 0, 0
77849, 8190, 0, 0, 0
77949, 7630, 0, 0, 0
78049, 7150, 0, 0, 0
78149, 8600, 0, 0, 0
78249, 8280, 0, 0, 0
78349, 5290, 0, 0, 0
78449, 6730, 0, 0, 0
78550, 7220, 0, 0, 0
78650, 8800, 0, 0, 0
78750, 8310, 0, 0, 0
78850, 6840, 0, 0, 0
78950, 5160, 0, 0, 0
79050, 7710, 0, 0, 0
79150, 8650, 0, 0, 0
79249, 6616, 0, 0, 0
79349, 6910, 0, 0, 0
79449, 8160, 0, 0, 0
79549, 8050, 0, 0, 0
79649, 8320, 0, 0, 0
79749, 8600, 0, 0, 0
79849, 7370, 0, 0, 0
79949, 6010, 0, 0, 0
80049, 8320, 0, 0, 0
80149, 8200, 0, 0, 0
80249, 8170, 0, 0, 0
80349, 7750, 0, 0, 0
80449, 7680, 0, 0, 0
80550, 8290, 0, 0, 0
80650, 8320, 0, 0, 0
80749, 8444, 0, 0, 0
80849, 7670, 0, 0, 0
80949, 7890, 0, 0, 0
81049, 7460, 0, 0, 0
81149, 7160, 0, 0, 0
81249, 8000, 0, 0, 0
81349, 8680, 0, 0, 0
81449, 7290, 0, 0, 0
81549, 8640, 0, 0, 0
81649, 6380, 0, 0, 0
81749, 7860, 0, 0, 0
81849, 7140, 0, 0, 0
81949, 8350, 0, 0, 0
82049, 8690, 0, 0, 0
82149, 8110, 0, 0, 0
82250, 7940, 0, 0, 0
82350, 6400, 0, 0, 0
82450, 7250, 0, 0, 0
82550, 7360, 0, 0, 0
82650, 8220, 0, 0, 0
82749, 7030, 0, 0, 0
82849, 7620, 0, 0, 0
82949, 8510, 0, 0, 0
83049, 8260, 0, 0, 0
83149, 8060, 0, 0, 0
83249, 7140, 0, 0, 0
83349, 8360, 0, 0, 0
83449, 8450, 0, 0, 0
83549, 8100, 0, 0, 0
83649, 8260, 0, 0, 0
83749, 8710, 0, 0, 0
83849, 7140, 0, 0, 0
83949, 5700, 0, 0, 0
84049, 8290, 0, 0, 0
84149, 8340, 0, 0, 0
84250, 8160, 0, 0, 0
84350, 8090, 0, 0, 0
84450, 7710, 0, 0, 0
84550, 7720, 0, 0, 0
84650, 8230, 0, 0, 0
84749, 8353, 0, 0, 0
84849, 7990, 0, 0, 0
84949, 8140, 0, 0, 0
85049, 8500, 0, 0, 0
85149, 7580, 0, 0, 0
85249, 8070, 0, 0, 0
85349, 4440, 0, 0, 0
85449, 8230, 0, 0, 0
85549, 8150, 0, 0, 0
85649, 7580, 0, 0, 0
85749, 8630, 0, 0, 0
85849, 8230, 0, 0, 0
85949, 5140, 0, 0, 0
86050, 7520, 0, 0, 0
86150, 8020, 0, 0, 0
86249, 7434, 0, 0, 0
86349, 8320, 0, 0, 0
86449, 8370, 0, 0, 0
86549, 8710, 0, 0, 0
86649, 8250, 0, 0, 0
86749, 6650, 0, 0, 0
86849, 6990, 0, 0, 0
86949, 8030, 0, 0, 0
87049, 7530, 0, 0, 0
87149, 8520, 0, 0, 0
87249, 5940, 0, 0, 0
87349, 8540, 0, 0, 0
87449, 8510, 0, 0, 0
87549, 7870, 0, 0, 0
87650, 6740, 0, 0, 0
87750, 7830, 0, 0, 0
87850, 8350, 0, 0, 0
87950, 6240, 0, 0, 0
88050, 7170, 0, 0, 0
88150, 6640, 0, 0, 0
88249, 5575, 0, 0, 0
88349, 7990, 0, 0, 0
88449, 8580, 0, 0, 0
88549, 8550, 0, 0, 0
88649, 7470, 0, 0, 0
88749, 6470, 0, 0, 0
88849, 6690, 0, 0, 0
88949, 8060, 0, 0, 0
89049, 7400, 0, 0, 0
89149, 8910, 0, 0, 0
89249, 8400, 0, 0, 0
89350, 8150, 0, 0, 0
89450, 7640, 0, 0, 0
89550, 6470, 0, 0, 0
89650, 8100, 0, 0, 0
89749, 8505, 0, 0, 0
89849, 7870, 0, 0, 0
89949, 7890, 0, 0, 0
