100, 4238, 0, 0, 0
200, 4675, 0, 0, 0
300, 4958, 0, 0, 0
400, 4483, 0, 0, 0
500, 4857, 0, 0, 0
600, 4443, 0, 0, 0
700, 4810, 0, 0, 0
800, 4370, 0, 0, 0
900, 4319, 0, 0, 0
1000, 4868, 0, 0, 0
1100, 4858, 0, 0, 0
1200, 4859, 0, 0, 0
1300, 5017, 0, 0, 0
1400, 5211, 0, 0, 0
1500, 4904, 0, 0, 0
1600, 4552, 0, 0, 0
1700, 5028, 0, 0, 0
1800, 5185, 0, 0, 0
1900, 5187, 0, 0, 0
2000, 4652, 0, 0, 0
2100, 4777, 0, 0, 0
2200, 4688, 0, 0, 0
2300, 4516, 0, 0, 0
2400, 4505, 0, 0, 0
2500, 4841, 0, 0, 0
2600, 4697, 0, 0, 0
2700, 4239, 0, 0, 0
2800, 4313, 0, 0, 0
2900, 4734, 0, 0, 0
3000, 4913, 0, 0, 0
3100, 4959, 0, 0, 0
3200, 4614, 0, 0, 0
3300, 5275, 0, 0, 0
3400, 4499, 0, 0, 0
3500, 4831, 0, 0, 0
3600, 5064, 0, 0, 0
3701, 4541, 0, 0, 0
3800, 4221, 0, 0, 0
3900, 4966, 0, 0, 0
4000, 5031, 0, 0, 0
4100, 4649, 0, 0, 0
4200, 4848, 0, 0, 0
4300, 4616, 0, 0, 0
4400, 4602, 0, 0, 0
4500, 5121, 0, 0, 0
4600, 4338, 0, 0, 0
4700, 4217, 0, 0, 0
4800, 4861, 0, 0, 0
4900, 4130, 0, 0, 0
5000, 5110, 0, 0, 0
5100, 4718, 0, 0, 0
5200, 4587, 0, 0, 0
5300, 5045, 0, 0, 0
5400, 4363, 0, 0, 0
5500, 5246, 0, 0, 0
5600, 4310, 0, 0, 0
5700, 4672, 0, 0, 0
5800, 4489, 0, 0, 0
5900, 4836, 0, 0, 0
6000, 5005, 0, 0, 0
6100, 4706, 0, 0, 0
6200, 4715, 0, 0, 0
6300, 4376, 0, 0, 0
6400, 4604, 0, 0, 0
6500, 4654, 0, 0, 0
6600, 5217, 0, 0, 0
6700, 4812, 0, 0, 0
6800, 5134, 0, 0, 0
6900, 5351, 0, 0, 0
7000, 4422, 0, 0, 0
7100, 4138, 0, 0, 0
7200, 4783, 0, 0, 0
7300, 4702, 0, 0, 0
7400, 4395, 0, 0, 0
7500, 4285, 0, 0, 0
7600, 5218, 0, 0, 0
7700, 5073, 0, 0, 0
7800, 4946, 0, 0, 0
7900, 5304, 0, 0, 0
8000, 4744, 0, 0, 0
8100, 4523, 0, 0, 0
8200, 4924, 0, 0, 0
8300, 4042, 0, 0, 0
8400, 4486, 0, 0, 0
8500, 4504, 0, 0, 0
8600, 5053, 0, 0, 0
8700, 4959, 0, 0, 0
8800, 4837, 0, 0, 0
8900, 4856, 0, 0, 0
9000, 4800, 0, 0, 0
9100, 4994, 0, 0, 0
9200, 5184, 0, 0, 0
9300, 4989, 0, 0, 0
9400, 4847, 0, 0, 0
9500, 4491, 0, 0, 0
9600, 4525, 0, 0, 0
9700, 4810, 0, 0, 0
9800, 5040, 0, 0, 0
9900, 5044, 0, 0, 0
10000, 5294, 0, 0, 0
10100, 4448, 0, 0, 0
10200, 4874, 0, 0, 0
10300, 4417, 0, 0, 0
10400, 4735, 0, 0, 0
10500, 4632, 0, 0, 0
10600, 4924, 0, 0, 0
10700, 4691, 0, 0, 0
10800, 4716, 0, 0, 0
10900, 4693, 0, 0, 0
11000, 4436, 0, 0, 0
11100, 5056, 0, 0, 0
11200, 4665, 0, 0, 0
11300, 4483, 0, 0, 0
11400, 5193, 0, 0, 0
11500, 3818, 0, 0, 0
11600, 4820, 0, 0, 0
11700, 5271, 0, 0, 0
11800, 4683, 0, 0, 0
11900, 4614, 0, 0, 0
12000, 4925, 0, 0, 0
12100, 4408, 0, 0, 0
12200, 4265, 0, 0, 0
12300, 5060, 0, 0, 0
12400, 5194, 0, 0, 0
12500, 4303, 0, 0, 0
12600, 5178, 0, 0, 0
12700, 4679, 0, 0, 0
12800, 4764, 0, 0, 0
12900, 4221, 0, 0, 0
13000, 4862, 0, 0, 0
13100, 4867, 0, 0, 0
13200, 4667, 0, 0, 0
13300, 4516, 0, 0, 0
13400, 5016, 0, 0, 0
13500, 4296, 0, 0, 0
13600, 4698, 0, 0, 0
13700, 4261, 0, 0, 0
13800, 4792, 0, 0, 0
13900, 4259, 0, 0, 0
14000, 4982, 0, 0, 0
14100, 4676, 0, 0, 0
14200, 4635, 0, 0, 0
14300, 4491, 0, 0, 0
14400, 5023, 0, 0, 0
14500, 5026, 0, 0, 0
14600, 4610, 0, 0, 0
14700, 4443, 0, 0, 0
14800, 4950, 0, 0, 0
14900, 4481, 0, 0, 0
15000, 5074, 0, 0, 0
15100, 5046, 0, 0, 0
15200, 5473, 0, 0, 0
15300, 4509, 0, 0, 0
15400, 4889, 0, 0, 0
15500, 4272, 0, 0, 0
15600, 5205, 0, 0, 0
15700, 4920, 0, 0, 0
15800, 4263, 0, 0, 0
15900, 4598, 0, 0, 0
16000, 4350, 0, 0, 0
16100, 4742, 0, 0, 0
16200, 4937, 0, 0, 0
16300, 4794, 0, 0, 0
16400, 4421, 0, 0, 0
16500, 4624, 0, 0, 0
16600, 4946, 0, 0, 0
16700, 4901, 0, 0, 0
16800, 5113, 0, 0, 0
16900, 4717, 0, 0, 0
17000, 4772, 0, 0, 0
17100, 5232, 0, 0, 0
17200, 4667, 0, 0, 0
17300, 4643, 0, 0, 0
17400, 4759, 0, 0, 0
17500, 4941, 0, 0, 0
17600, 5502, 0, 0, 0
17700, 4628, 0, 0, 0
17800, 4348, 0, 0, 0
17900, 4306, 0, 0, 0
18000, 5028, 0, 0, 0
18100, 4533, 0, 0, 0
18200, 5046, 0, 0, 0
18300, 4286, 0, 0, 0
18400, 4857, 0, 0, 0
18500, 5248, 0, 0, 0
18600, 4619, 0, 0, 0
18700, 5063, 0, 0, 0
18800, 5112, 0, 0, 0
18900, 4910, 0, 0, 0
19000, 4704, 0, 0, 0
19100, 5101, 0, 0, 0
19200, 5264, 0, 0, 0
19300, 5050, 0, 0, 0
19400, 4678, 0, 0, 0
19500, 4670, 0, 0, 0
19601, 5000, 0, 0, 0
19700, 4318, 0, 0, 0
19800, 4435, 0, 0, 0
19900, 4689, 0, 0, 0
20000, 4757, 0, 0, 0
20100, 4936, 0, 0, 0
20200, 4588, 0, 0, 0
20300, 4806, 0, 0, 0
20400, 4375, 0, 0, 0
20500, 4926, 0, 0, 0
20600, 5100, 0, 0, 0
20700, 5600, 0, 0, 0
20800, 4510, 0, 0, 0
20900, 4051, 0, 0, 0
21000, 4880, 0, 0, 0
21100, 4799, 0, 0, 0
21200, 4703, 0, 0, 0
21300, 5047, 0, 0, 0
21400, 5068, 0, 0, 0
21500, 5216, 0, 0, 0
21600, 4797, 0, 0, 0
21700, 4642, 0, 0, 0
21800, 4137, 0, 0, 0
21900, 5188, 0, 0, 0
22000, 4830, 0, 0, 0
22100, 4498, 0, 0, 0
22200, 5001, 0, 0, 0
22300, 5231, 0, 0, 0
22400, 4528, 0, 0, 0
22500, 5207, 0, 0, 0
22600, 4779, 0, 0, 0
22700, 4260, 0, 0, 0
22800, 5045, 0, 0, 0
22900, 4916, 0, 0, 0
23000, 4582, 0, 0, 0
23100, 4264, 0, 0, 0
23200, 4956, 0, 0, 0
23300, 4567, 0, 0, 0
23400, 5017, 0, 0, 0
23500, 4793, 0, 0, 0
23600, 4759, 0, 0, 0
23700, 4924, 0, 0, 0
23800, 5236, 0, 0, 0
23900, 4851, 0, 0, 0
24000, 4672, 0, 0, 0
24100, 4684, 0, 0, 0
24200, 4737, 0, 0, 0
24300, 4859, 0, 0, 0
24400, 4733, 0, 0, 0
24500, 4916, 0, 0, 0
24600, 4804, 0, 0, 0
24700, 4759, 0, 0, 0
24800, 4724, 0, 0, 0
24900, 5160, 0, 0, 0
25000, 4534, 0, 0, 0
25100, 4724, 0, 0, 0
25200, 4336, 0, 0, 0
25300, 4526, 0, 0, 0
25400, 5114, 0, 0, 0
25500, 5164, 0, 0, 0
25600, 5095, 0, 0, 0
25700, 4919, 0, 0, 0
25800, 4526, 0, 0, 0
25900, 4787, 0, 0, 0
26000, 4738, 0, 0, 0
26100, 4769, 0, 0, 0
26200, 4776, 0, 0, 0
26300, 4524, 0, 0, 0
26400, 4566, 0, 0, 0
26500, 4767, 0, 0, 0
26600, 5060, 0, 0, 0
26700, 5044, 0, 0, 0
26800, 4999, 0, 0, 0
26900, 4582, 0, 0, 0
27000, 4713, 0, 0, 0
27100, 4794, 0, 0, 0
27200, 4653, 0, 0, 0
27300, 4910, 0, 0, 0
27400, 5047, 0, 0, 0
27500, 4506, 0, 0, 0
27600, 4396, 0, 0, 0
27700, 4522, 0, 0, 0
27800, 4480, 0, 0, 0
27900, 4966, 0, 0, 0
28000, 4548, 0, 0, 0
28100, 4387, 0, 0, 0
28200, 4160, 0, 0, 0
28300, 4935, 0, 0, 0
28400, 5467, 0, 0, 0
28500, 4887, 0, 0, 0
28600, 4654, 0, 0, 0
28700, 4509, 0, 0, 0
28800, 4784, 0, 0, 0
28900, 4734, 0, 0, 0
29000, 4887, 0, 0, 0
29100, 4626, 0, 0, 0
29200, 4787, 0, 0, 0
29300, 4375, 0, 0, 0
29400, 4609, 0, 0, 0
29500, 4623, 0, 0, 0
29600, 4682, 0, 0, 0
29700, 4773, 0, 0, 0
29800, 4724, 0, 0, 0
29900, 4652, 0, 0, 0
30000, 4508, 0, 0, 0
30100, 4196, 0, 0, 0
30200, 4470, 0, 0, 0
30300, 4725, 0, 0, 0
30400, 5075, 0, 0, 0
30500, 4802, 0, 0, 0
30600, 4701, 0, 0, 0
30700, 4462, 0, 0, 0
30800, 4613, 0, 0, 0
30900, 4972, 0, 0, 0
31000, 4528, 0, 0, 0
31100, 4898, 0, 0, 0
31200, 4749, 0, 0, 0
31300, 5191, 0, 0, 0
31400, 4564, 0, 0, 0
31500, 4703, 0, 0, 0
31600, 4816, 0, 0, 0
31700, 4815, 0, 0, 0
31800, 4291, 0, 0, 0
31900, 5013, 0, 0, 0
32000, 4904, 0, 0, 0
32100, 4519, 0, 0, 0
32200, 4481, 0, 0, 0
32300, 4411, 0, 0, 0
32400, 4944, 0, 0, 0
32500, 4771, 0, 0, 0
32600, 4221, 0, 0, 0
32700, 4595, 0, 0, 0
32800, 5124, 0, 0, 0
32900, 5580, 0, 0, 0
33000, 4778, 0, 0, 0
33100, 4574, 0, 0, 0
33200, 5079, 0, 0, 0
33300, 5125, 0, 0, 0
33400, 5033, 0, 0, 0
33500, 4911, 0, 0, 0
33600, 4678, 0, 0, 0
33700, 4889, 0, 0, 0
33800, 4485, 0, 0, 0
33900, 5136, 0, 0, 0
34000, 4329, 0, 0, 0
34100, 4267, 0, 0, 0
34200, 4489, 0, 0, 0
34300, 4686, 0, 0, 0
34400, 4559, 0, 0, 0
34500, 4529, 0, 0, 0
34600, 4826, 0, 0, 0
34700, 4519, 0, 0, 0
34800, 4575, 0, 0, 0
34900, 4654, 0, 0, 0
35000, 5275, 0, 0, 0
35100, 4503, 0, 0, 0
35200, 4806, 0, 0, 0
35300, 4958, 0, 0, 0
35400, 5147, 0, 0, 0
35500, 5142, 0, 0, 0
35600, 4466, 0, 0, 0
35700, 4666, 0, 0, 0
35800, 4187, 0, 0, 0
35900, 4546, 0, 0, 0
36000, 4730, 0, 0, 0
36100, 5398, 0, 0, 0
36200, 5095, 0, 0, 0
36300, 5427, 0, 0, 0
36400, 4895, 0, 0, 0
36500, 4687, 0, 0, 0
36600, 5493, 0, 0, 0
36700, 5060, 0, 0, 0
36800, 5098, 0, 0, 0
36900, 4065, 0, 0, 0
37000, 4299, 0, 0, 0
37100, 5380, 0, 0, 0
37200, 4820, 0, 0, 0
37300, 4373, 0, 0, 0
37400, 5436, 0, 0, 0
37500, 5283, 0, 0, 0
37600, 4747, 0, 0, 0
37700, 5110, 0, 0, 0
37800, 4874, 0, 0, 0
37900, 4779, 0, 0, 0
38000, 4949, 0, 0, 0
38100, 4943, 0, 0, 0
38200, 5221, 0, 0, 0
38300, 4769, 0, 0, 0
38400, 4449, 0, 0, 0
38500, 4370, 0, 0, 0
38600, 5027, 0, 0, 0
38700, 4509, 0, 0, 0
38800, 4557, 0, 0, 0
38900, 4579, 0, 0, 0
39000, 5188, 0, 0, 0
39100, 5045, 0, 0, 0
39200, 5050, 0, 0, 0
39300, 4975, 0, 0, 0
39400, 4699, 0, 0, 0
39500, 4578, 0, 0, 0
39600, 5088, 0, 0, 0
39700, 4869, 0, 0, 0
39800, 4864, 0, 0, 0
39900, 5036, 0, 0, 0
40000, 4614, 0, 0, 0
40100, 4647, 0, 0, 0
40200, 4665, 0, 0, 0
40300, 4597, 0, 0, 0
40400, 4708, 0, 0, 0
40500, 4715, 0, 0, 0
40600, 5120, 0, 0, 0
40700, 4818, 0, 0, 0
40800, 4569, 0, 0, 0
40900, 4673, 0, 0, 0
41000, 4789, 0, 0, 0
41100, 4714, 0, 0, 0
41200, 4641, 0, 0, 0
41300, 5118, 0, 0, 0
41400, 5260, 0, 0, 0
41501, 4821, 0, 0, 0
41600, 5113, 0, 0, 0
41700, 4875, 0, 0, 0
41801, 4700, 0, 0, 0
41900, 5028, 0, 0, 0
42000, 5304, 0, 0, 0
42100, 4726, 0, 0, 0
42200, 4890, 0, 0, 0
42300, 5014, 0, 0, 0
42400, 4581, 0, 0, 0
42500, 3907, 0, 0, 0
42600, 4877, 0, 0, 0
42700, 5213, 0, 0, 0
42800, 4460, 0, 0, 0
42900, 4981, 0, 0, 0
43000, 4719, 0, 0, 0
43100, 4617, 0, 0, 0
43200, 4539, 0, 0, 0
43300, 4755, 0, 0, 0
43401, 4803, 0, 0, 0
43500, 4446, 0, 0, 0
43600, 4913, 0, 0, 0
43700, 4199, 0, 0, 0
43800, 4495, 0, 0, 0
43900, 4467, 0, 0, 0
44000, 5062, 0, 0, 0
44100, 4806, 0, 0, 0
44200, 4581, 0, 0, 0
44300, 4587, 0, 0, 0
44400, 4074, 0, 0, 0
44500, 5181, 0, 0, 0
44600, 5085, 0, 0, 0
44700, 4399, 0, 0, 0
44800, 5112, 0, 0, 0
44900, 4218, 0, 0, 0
45000, 4892, 0, 0, 0
45100, 4460, 0, 0, 0
45200, 4453, 0, 0, 0
45300, 5034, 0, 0, 0
45400, 5115, 0, 0, 0
45500, 4921, 0, 0, 0
45600, 4506, 0, 0, 0
45700, 4836, 0, 0, 0
45800, 4916, 0, 0, 0
45901, 5006, 0, 0, 0
46000, 4841, 0, 0, 0
46100, 4716, 0, 0, 0
46200, 4552, 0, 0, 0
46300, 5213, 0, 0, 0
46400, 4623, 0, 0, 0
46500, 4586, 0, 0, 0
46600, 5017, 0, 0, 0
46700, 5161, 0, 0, 0
46800, 4725, 0, 0, 0
46900, 5117, 0, 0, 0
47000, 4575, 0, 0, 0
47100, 5059, 0, 0, 0
47200, 4504, 0, 0, 0
47300, 4701, 0, 0, 0
47400, 4948, 0, 0, 0
47500, 5362, 0, 0, 0
47600, 5311, 0, 0, 0
47700, 5125, 0, 0, 0
47800, 4810, 0, 0, 0
47900, 4996, 0, 0, 0
48000, 4492, 0, 0, 0
48100, 4842, 0, 0, 0
48200, 4376, 0, 0, 0
48300, 4578, 0, 0, 0
48400, 4281, 0, 0, 0
48500, 4846, 0, 0, 0
48600, 4882, 0, 0, 0
48700, 4352, 0, 0, 0
48800, 4688, 0, 0, 0
48900, 4696, 0, 0, 0
49000, 4668, 0, 0, 0
49100, 4626, 0, 0, 0
49200, 4609, 0, 0, 0
49300, 4634, 0, 0, 0
49400, 4839, 0, 0, 0
49500, 4921, 0, 0, 0
49600, 5110, 0, 0, 0
49700, 4414, 0, 0, 0
49800, 5007, 0, 0, 0
49900, 5130, 0, 0, 0
50000, 4567, 0, 0, 0
50100, 5052, 0, 0, 0
50200, 4884, 0, 0, 0
50300, 4356, 0, 0, 0
50400, 4518, 0, 0, 0
50500, 4842, 0, 0, 0
50600, 4727, 0, 0, 0
50700, 5205, 0, 0, 0
50800, 4557, 0, 0, 0
50900, 5008, 0, 0, 0
51000, 4962, 0, 0, 0
51100, 4221, 0, 0, 0
51200, 5304, 0, 0, 0
51300, 4778, 0, 0, 0
51400, 4935, 0, 0, 0
51500, 4786, 0, 0, 0
51600, 4867, 0, 0, 0
51700, 4592, 0, 0, 0
51800, 4876, 0, 0, 0
51900, 4793, 0, 0, 0
52000, 4478, 0, 0, 0
52100, 4557, 0, 0, 0
52200, 4722, 0, 0, 0
52300, 5071, 0, 0, 0
52400, 4721, 0, 0, 0
52500, 4430, 0, 0, 0
52600, 4669, 0, 0, 0
52700, 4685, 0, 0, 0
52800, 4726, 0, 0, 0
52900, 4193, 0, 0, 0
53000, 4915, 0, 0, 0
53100, 4943, 0, 0, 0
53200, 4984, 0, 0, 0
53300, 4849, 0, 0, 0
53400, 4160, 0, 0, 0
53500, 4736, 0, 0, 0
53600, 4573, 0, 0, 0
53700, 4259, 0, 0, 0
53800, 4975, 0, 0, 0
53900, 4686, 0, 0, 0
54000, 4917, 0, 0, 0
54100, 4217, 0, 0, 0
54200, 4472, 0, 0, 0
54300, 4900, 0, 0, 0
54400, 5001, 0, 0, 0
54500, 4395, 0, 0, 0
54600, 4783, 0, 0, 0
54700, 4989, 0, 0, 0
54800, 4712, 0, 0, 0
54900, 4602, 0, 0, 0
55000, 4837, 0, 0, 0
55100, 5074, 0, 0, 0
55200, 4386, 0, 0, 0
55300, 4959, 0, 0, 0
55400, 4837, 0, 0, 0
55500, 4358, 0, 0, 0
55600, 4577, 0, 0, 0
55700, 4517, 0, 0, 0
55800, 4646, 0, 0, 0
55900, 4738, 0, 0, 0
56000, 4660, 0, 0, 0
56100, 4819, 0, 0, 0
56200, 4540, 0, 0, 0
56300, 5011, 0, 0, 0
56400, 4695, 0, 0, 0
56500, 4533, 0, 0, 0
56600, 5163, 0, 0, 0
56700, 4469, 0, 0, 0
56800, 4672, 0, 0, 0
56900, 4288, 0, 0, 0
57000, 4577, 0, 0, 0
57100, 4612, 0, 0, 0
57200, 5232, 0, 0, 0
57300, 4983, 0, 0, 0
57400, 4525, 0, 0, 0
57500, 4478, 0, 0, 0
57600, 5062, 0, 0, 0
57700, 4922, 0, 0, 0
57800, 4813, 0, 0, 0
57900, 5385, 0, 0, 0
58000, 4488, 0, 0, 0
58100, 4685, 0, 0, 0
58201, 5753, 0, 0, 0
58300, 4496, 0, 0, 0
58400, 4254, 0, 0, 0
58500, 4472, 0, 0, 0
58600, 4621, 0, 0, 0
58700, 4547, 0, 0, 0
58800, 4404, 0, 0, 0
58900, 4517, 0, 0, 0
59000, 4199, 0, 0, 0
59100, 5242, 0, 0, 0
59200, 4706, 0, 0, 0
59300, 4385, 0, 0, 0
59400, 4691, 0, 0, 0
59500, 4559, 0, 0, 0
59600, 5143, 0, 0, 0
59700, 4986, 0, 0, 0
59800, 4804, 0, 0, 0
59900, 5328, 0, 0, 0
60000, 5101, 0, 0, 0
60100, 4858, 0, 0, 0
60200, 4223, 0, 0, 0
60300, 4547, 0, 0, 0
60400, 4692, 0, 0, 0
60500, 4839, 0, 0, 0
60601, 4989, 0, 0, 0
60700, 4565, 0, 0, 0
60800, 5190, 0, 0, 0
60900, 4708, 0, 0, 0
61000, 4799, 0, 0, 0
61100, 4701, 0, 0, 0
61200, 4694, 0, 0, 0
61300, 4844, 0, 0, 0
61400, 4848, 0, 0, 0
61500, 6450, 0, 0, 0
61600, 5483, 0, 0, 0
61700, 4872, 0, 0, 0
61800, 4687, 0, 0, 0
61900, 4771, 0, 0, 0
62000, 5402, 0, 0, 0
62100, 4839, 0, 0, 0
62200, 4784, 0, 0, 0
62300, 4208, 0, 0, 0
62400, 4244, 0, 0, 0
62500, 4219, 0, 0, 0
62600, 5125, 0, 0, 0
62700, 4289, 0, 0, 0
62800, 4851, 0, 0, 0
62900, 5128, 0, 0, 0
63000, 4838, 0, 0, 0
63100, 4667, 0, 0, 0
63200, 5162, 0, 0, 0
63300, 4699, 0, 0, 0
63400, 4614, 0, 0, 0
63500, 5140, 0, 0, 0
63600, 4931, 0, 0, 0
63700, 4878, 0, 0, 0
63800, 4999, 0, 0, 0
63900, 4836, 0, 0, 0
64000, 4132, 0, 0, 0
64100, 4696, 0, 0, 0
64200, 4811, 0, 0, 0
64300, 5335, 0, 0, 0
64400, 4629, 0, 0, 0
64500, 4695, 0, 0, 0
64600, 4351, 0, 0, 0
64700, 4683, 0, 0, 0
64800, 5108, 0, 0, 0
64900, 5206, 0, 0, 0
65000, 4803, 0, 0, 0
65100, 4814, 0, 0, 0
65200, 4256, 0, 0, 0
65300, 4959, 0, 0, 0
65400, 4513, 0, 0, 0
65500, 4860, 0, 0, 0
65600, 4911, 0, 0, 0
65700, 4732, 0, 0, 0
65800, 5246, 0, 0, 0
65900, 4718, 0, 0, 0
66000, 5218, 0, 0, 0
66100, 5260, 0, 0, 0
66200, 4939, 0, 0, 0
66300, 4292, 0, 0, 0
66400, 4859, 0, 0, 0
66500, 4584, 0, 0, 0
66600, 4718, 0, 0, 0
66700, 4243, 0, 0, 0
66800, 4881, 0, 0, 0
66900, 4902, 0, 0, 0
67000, 4641, 0, 0, 0
67100, 4338, 0, 0, 0
67200, 4819, 0, 0, 0
67300, 4500, 0, 0, 0
67400, 4851, 0, 0, 0
67500, 4694, 0, 0, 0
67600, 5261, 0, 0, 0
67700, 4494, 0, 0, 0
67800, 4628, 0, 0, 0
67900, 4398, 0, 0, 0
68000, 5076, 0, 0, 0
68100, 4639, 0, 0, 0
68200, 4896, 0, 0, 0
68300, 4387, 0, 0, 0
68400, 4781, 0, 0, 0
68500, 4780, 0, 0, 0
68600, 4648, 0, 0, 0
68701, 4561, 0, 0, 0
68800, 3979, 0, 0, 0
68900, 5052, 0, 0, 0
69000, 5103, 0, 0, 0
69100, 4467, 0, 0, 0
69200, 4944, 0, 0, 0
69300, 4542, 0, 0, 0
69400, 5294, 0, 0, 0
69500, 4564, 0, 0, 0
69600, 5198, 0, 0, 0
69700, 5238, 0, 0, 0
69800, 4921, 0, 0, 0
69900, 5052, 0, 0, 0
70000, 5019, 0, 0, 0
70100, 4867, 0, 0, 0
70200, 4876, 0, 0, 0
70300, 4282, 0, 0, 0
70400, 4891, 0, 0, 0
70500, 4596, 0, 0, 0
70600, 4706, 0, 0, 0
70700, 4765, 0, 0, 0
70800, 4899, 0, 0, 0
70900, 5182, 0, 0, 0
71000, 4208, 0, 0, 0
71100, 4940, 0, 0, 0
71200, 4660, 0, 0, 0
71300, 4855, 0, 0, 0
71400, 5037, 0, 0, 0
71500, 4548, 0, 0, 0
71600, 4924, 0, 0, 0
71700, 4693, 0, 0, 0
71800, 5057, 0, 0, 0
71900, 5104, 0, 0, 0
72000, 4903, 0, 0, 0
72100, 4716, 0, 0, 0
72200, 4487, 0, 0, 0
72300, 5099, 0, 0, 0
72400, 4880, 0, 0, 0
72500, 5160, 0, 0, 0
72600, 4935, 0, 0, 0
72700, 4103, 0, 0, 0
72800, 4700, 0, 0, 0
72900, 4654, 0, 0, 0
73000, 4614, 0, 0, 0
73100, 4972, 0, 0, 0
73200, 5158, 0, 0, 0
73300, 4417, 0, 0, 0
73400, 4494, 0, 0, 0
73500, 4919, 0, 0, 0
73600, 4917, 0, 0, 0
73700, 4232, 0, 0, 0
73800, 4667, 0, 0, 0
73900, 4616, 0, 0, 0
74000, 4567, 0, 0, 0
74100, 4504, 0, 0, 0
74200, 4648, 0, 0, 0
74300, 4832, 0, 0, 0
74400, 4785, 0, 0, 0
74500, 5091, 0, 0, 0
74600, 5317, 0, 0, 0
74700, 4331, 0, 0, 0
74800, 4730, 0, 0, 0
74900, 4683, 0, 0, 0
75000, 4502, 0, 0, 0
75100, 5223, 0, 0, 0
75200, 5435, 0, 0, 0
75300, 4220, 0, 0, 0
75400, 4563, 0, 0, 0
75500, 4819, 0, 0, 0
75600, 4576, 0, 0, 0
75700, 4912, 0, 0, 0
75800, 5135, 0, 0, 0
75900, 4631, 0, 0, 0
76000, 4658, 0, 0, 0
76100, 4754, 0, 0, 0
76200, 4700, 0, 0, 0
76300, 4623, 0, 0, 0
76400, 4664, 0, 0, 0
76500, 4579, 0, 0, 0
76600, 4344, 0, 0, 0
76700, 4376, 0, 0, 0
76800, 5121, 0, 0, 0
76900, 4314, 0, 0, 0
77000, 4771, 0, 0, 0
77100, 4680, 0, 0, 0
77200, 4688, 0, 0, 0
77300, 4653, 0, 0, 0
77400, 5222, 0, 0, 0
77500, 4931, 0, 0, 0
77600, 5017, 0, 0, 0
77700, 4890, 0, 0, 0
77800, 4718, 0, 0, 0
77901, 4846, 0, 0, 0
78000, 4636, 0, 0, 0
78100, 4115, 0, 0, 0
78200, 4934, 0, 0, 0
78300, 5009, 0, 0, 0
78400, 4684, 0, 0, 0
78500, 4526, 0, 0, 0
78600, 4892, 0, 0, 0
78700, 4933, 0, 0, 0
78800, 5202, 0, 0, 0
78900, 4326, 0, 0, 0
79000, 4112, 0, 0, 0
79100, 4546, 0, 0, 0
79201, 4796, 0, 0, 0
79300, 4652, 0, 0, 0
79400, 5199, 0, 0, 0
79500, 4643, 0, 0, 0
79600, 4646, 0, 0, 0
79700, 4927, 0, 0, 0
79800, 4664, 0, 0, 0
79900, 4506, 0, 0, 0
80000, 4336, 0, 0, 0
80100, 5222, 0, 0, 0
80201, 4908, 0, 0, 0
80300, 4663, 0, 0, 0
80400, 4797, 0, 0, 0
80500, 4416, 0, 0, 0
80600, 4189, 0, 0, 0
80700, 4528, 0, 0, 0
80800, 4913, 0, 0, 0
80900, 4394, 0, 0, 0
81000, 5086, 0, 0, 0
81100, 4147, 0, 0, 0
81200, 4496, 0, 0, 0
81300, 4562, 0, 0, 0
81400, 4764, 0, 0, 0
81500, 4389, 0, 0, 0
81600, 4771, 0, 0, 0
81700, 4610, 0, 0, 0
81800, 4081, 0, 0, 0
81900, 5016, 0, 0, 0
82000, 5158, 0, 0, 0
82100, 4757, 0, 0, 0
82200, 4680, 0, 0, 0
82300, 4848, 0, 0, 0
82400, 4351, 0, 0, 0
82500, 4856, 0, 0, 0
82600, 4516, 0, 0, 0
82700, 4151, 0, 0, 0
82800, 4861, 0, 0, 0
82900, 5215, 0, 0, 0
83000, 4987, 0, 0, 0
83100, 4956, 0, 0, 0
83200, 4358, 0, 0, 0
83300, 5131, 0, 0, 0
83400, 4866, 0, 0, 0
83500, 5180, 0, 0, 0
83600, 4947, 0, 0, 0
83700, 5205, 0, 0, 0
83800, 4528, 0, 0, 0
83900, 4506, 0, 0, 0
84000, 5064, 0, 0, 0
84100, 4560, 0, 0, 0
84200, 5330, 0, 0, 0
84300, 4626, 0, 0, 0
84400, 4883, 0, 0, 0
84500, 5383, 0, 0, 0
84600, 4362, 0, 0, 0
84700, 4561, 0, 0, 0
84800, 4820, 0, 0, 0
84900, 4525, 0, 0, 0
85000, 4102, 0, 0, 0
85100, 4315, 0, 0, 0
85200, 4194, 0, 0, 0
85300, 5267, 0, 0, 0
85400, 4578, 0, 0, 0
85500, 5304, 0, 0, 0
85600, 4660, 0, 0, 0
85700, 5023, 0, 0, 0
85801, 5460, 0, 0, 0
85900, 4619, 0, 0, 0
86000, 5192, 0, 0, 0
86100, 4501, 0, 0, 0
86200, 4811, 0, 0, 0
86300, 5591, 0, 0, 0
86400, 5065, 0, 0, 0
86500, 5011, 0, 0, 0
86600, 4215, 0, 0, 0
86700, 4749, 0, 0, 0
86800, 4399, 0, 0, 0
86900, 4628, 0, 0, 0
87000, 4947, 0, 0, 0
87100, 4054, 0, 0, 0
87200, 4337, 0, 0, 0
87300, 4888, 0, 0, 0
87400, 5045, 0, 0, 0
87500, 4979, 0, 0, 0
87600, 4364, 0, 0, 0
87700, 4923, 0, 0, 0
87800, 4669, 0, 0, 0
87900, 4893, 0, 0, 0
88000, 4928, 0, 0, 0
88100, 4708, 0, 0, 0
88200, 4698, 0, 0, 0
88300, 4604, 0, 0, 0
88400, 4212, 0, 0, 0
88500, 4944, 0, 0, 0
88600, 4438, 0, 0, 0
88700, 4554, 0, 0, 0
88800, 5076, 0, 0, 0
88900, 4765, 0, 0, 0
89000, 4454, 0, 0, 0
89100, 4392, 0, 0, 0
89200, 4378, 0, 0, 0
89300, 4425, 0, 0, 0
89400, 4781, 0, 0, 0
89500, 4806, 0, 0, 0
89600, 4781, 0, 0, 0
89700, 4714, 0, 0, 0
89800, 4465, 0, 0, 0
89900, 5228, 0, 0, 0
90001, 4442, 0, 0, 0
