250, 2608, 0, 0, 0
350, 2670, 0, 0, 0
450, 2840, 0, 0, 0
551, 2600, 0, 0, 0
651, 2700, 0, 0, 0
751, 2390, 0, 0, 0
851, 2900, 0, 0, 0
951, 2740, 0, 0, 0
1051, 3030, 0, 0, 0
1151, 2740, 0, 0, 0
1252, 2960, 0, 0, 0
1352, 2610, 0, 0, 0
1452, 2700, 0, 0, 0
1552, 3150, 0, 0, 0
1652, 2640, 0, 0, 0
1753, 2710, 0, 0, 0
1853, 2580, 0, 0, 0
1953, 2540, 0, 0, 0
2053, 2710, 0, 0, 0
2153, 2830, 0, 0, 0
2253, 2880, 0, 0, 0
2354, 2600, 0, 0, 0
2454, 2660, 0, 0, 0
2554, 2350, 0, 0, 0
2654, 2580, 0, 0, 0
2754, 2660, 0, 0, 0
2854, 2530, 0, 0, 0
2954, 2370, 0, 0, 0
3055, 2300, 0, 0, 0
3155, 2520, 0, 0, 0
3255, 2760, 0, 0, 0
3355, 2720, 0, 0, 0
3455, 2610, 0, 0, 0
3556, 2640, 0, 0, 0
3656, 2640, 0, 0, 0
3756, 2650, 0, 0, 0
3856, 2820, 0, 0, 0
3956, 2450, 0, 0, 0
4056, 2500, 0, 0, 0
4156, 2380, 0, 0, 0
4257, 2760, 0, 0, 0
4357, 2910, 0, 0, 0
4457, 2580, 0, 0, 0
4557, 2480, 0, 0, 0
4657, 2950, 0, 0, 0
4758, 2560, 0, 0, 0
4858, 2570, 0, 0, 0
4958, 2450, 0, 0, 0
5058, 2410, 0, 0, 0
5158, 2650, 0, 0, 0
5259, 2430, 0, 0, 0
5359, 2830, 0, 0, 0
5459, 2680, 0, 0, 0
5559, 2650, 0, 0, 0
5659, 2460, 0, 0, 0
5760, 2540, 0, 0, 0
5860, 2560, 0, 0, 0
5960, 2740, 0, 0, 0
6060, 3030, 0, 0, 0
6160, 2500, 0, 0, 0
6261, 2630, 0, 0, 0
6361, 2660, 0, 0, 0
6461, 2270, 0, 0, 0
6561, 2490, 0, 0, 0
6661, 2610, 0, 0, 0
6762, 2550, 0, 0, 0
6862, 2970, 0, 0, 0
6962, 2660, 0, 0, 0
7062, 2670, 0, 0, 0
7162, 2630, 0, 0, 0
7263, 2640, 0, 0, 0
7363, 2650, 0, 0, 0
7463, 2490, 0, 0, 0
7563, 2790, 0, 0, 0
7663, 2670, 0, 0, 0
7764, 2570, 0, 0, 0
7864, 2430, 0, 0, 0
7964, 2590, 0, 0, 0
8064, 2970, 0, 0, 0
8164, 2480, 0, 0, 0
8265, 2820, 0, 0, 0
8365, 2520, 0, 0, 0
8465, 2740, 0, 0, 0
8565, 2550, 0, 0, 0
8665, 2760, 0, 0, 0
8766, 2760, 0, 0, 0
8866, 2510, 0, 0, 0
8966, 2820, 0, 0, 0
9066, 2430, 0, 0, 0
9166, 2370, 0, 0, 0
9267, 2730, 0, 0, 0
9367, 2390, 0, 0, 0
9467, 2530, 0, 0, 0
9567, 2430, 0, 0, 0
9667, 2400, 0, 0, 0
9768, 2500, 0, 0, 0
9868, 2540, 0, 0, 0
9968, 2390, 0, 0, 0
10068, 2630, 0, 0, 0
10168, 2610, 0, 0, 0
10269, 2660, 0, 0, 0
10369, 2470, 0, 0, 0
10469, 2240, 0, 0, 0
10569, 2440, 0, 0, 0
10670, 3220, 0, 0, 0
10770, 2580, 0, 0, 0
10870, 2980, 0, 0, 0
10970, 2720, 0, 0, 0
11071, 2560, 0, 0, 0
11171, 2560, 0, 0, 0
11271, 2860, 0, 0, 0
11371, 2420, 0, 0, 0
11471, 2790, 0, 0, 0
11572, 2750, 0, 0, 0
11672, 2770, 0, 0, 0
11772, 2870, 0, 0, 0
11872, 2540, 0, 0, 0
11972, 2730, 0, 0, 0
12073, 2570, 0, 0, 0
12173, 2520, 0, 0, 0
12273, 2640, 0, 0, 0
12373, 2890, 0, 0, 0
12473, 2200, 0, 0, 0
12574, 2560, 0, 0, 0
12674, 3020, 0, 0, 0
12774, 2790, 0, 0, 0
12874, 2460, 0, 0, 0
12974, 2650, 0, 0, 0
13075, 2750, 0, 0, 0
13175, 2590, 0, 0, 0
13275, 2620, 0, 0, 0
13375, 2440, 0, 0, 0
13475, 2470, 0, 0, 0
13576, 3080, 0, 0, 0
13676, 2680, 0, 0, 0
13776, 2520, 0, 0, 0
13876, 2480, 0, 0, 0
13976, 3280, 0, 0, 0
14077, 2480, 0, 0, 0
14177, 2350, 0, 0, 0
14277, 2510, 0, 0, 0
14377, 2400, 0, 0, 0
14477, 2320, 0, 0, 0
14578, 2610, 0, 0, 0
14678, 2680, 0, 0, 0
14778, 2650, 0, 0, 0
14878, 2590, 0, 0, 0
14978, 2200, 0, 0, 0
15079, 2400, 0, 0, 0
15179, 2550, 0, 0, 0
15279, 2570, 0, 0, 0
15379, 2800, 0, 0, 0
15480, 2720, 0, 0, 0
15580, 2510, 0, 0, 0
15680, 2660, 0, 0, 0
15780, 2910, 0, 0, 0
15880, 2350, 0, 0, 0
15981, 2940, 0, 0, 0
16081, 2720, 0, 0, 0
16181, 3030, 0, 0, 0
16281, 2740, 0, 0, 0
16382, 2880, 0, 0, 0
16482, 2620, 0, 0, 0
16583, 2750, 0, 0, 0
16683, 2560, 0, 0, 0
16783, 2600, 0, 0, 0
16883, 2530, 0, 0, 0
16983, 2720, 0, 0, 0
17084, 2850, 0, 0, 0
17184, 2720, 0, 0, 0
17284, 2680, 0, 0, 0
17384, 2430, 0, 0, 0
17484, 2870, 0, 0, 0
17585, 2700, 0, 0, 0
17685, 2560, 0, 0, 0
17785, 2370, 0, 0, 0
17885, 2870, 0, 0, 0
17985, 2620, 0, 0, 0
18086, 2600, 0, 0, 0
18186, 2680, 0, 0, 0
18286, 2600, 0, 0, 0
18386, 2830, 0, 0, 0
18486, 2280, 0, 0, 0
18587, 2770, 0, 0, 0
18687, 2650, 0, 0, 0
18787, 2460, 0, 0, 0
18887, 2430, 0, 0, 0
18987, 2780, 0, 0, 0
19088, 2650, 0, 0, 0
19188, 2820, 0, 0, 0
19288, 2640, 0, 0, 0
19388, 2580, 0, 0, 0
19489, 2860, 0, 0, 0
19589, 2640, 0, 0, 0
19689, 2650, 0, 0, 0
19790, 2410, 0, 0, 0
19890, 2810, 0, 0, 0
19990, 2510, 0, 0, 0
20090, 2710, 0, 0, 0
20190, 2550, 0, 0, 0
20291, 2550, 0, 0, 0
20391, 2870, 0, 0, 0
20491, 2490, 0, 0, 0
20592, 2710, 0, 0, 0
20692, 2760, 0, 0, 0
20792, 2650, 0, 0, 0
20892, 2420, 0, 0, 0
20992, 2620, 0, 0, 0
21093, 2490, 0, 0, 0
21193, 2720, 0, 0, 0
21293, 2520, 0, 0, 0
21393, 2800, 0, 0, 0
21493, 2390, 0, 0, 0
21594, 2600, 0, 0, 0
21694, 2690, 0, 0, 0
21794, 2880, 0, 0, 0
21894, 2490, 0, 0, 0
21994, 2540, 0, 0, 0
22095, 2490, 0, 0, 0
22195, 2640, 0, 0, 0
22295, 2670, 0, 0, 0
22395, 2650, 0, 0, 0
22495, 2560, 0, 0, 0
22596, 2280, 0, 0, 0
22696, 2800, 0, 0, 0
22796, 2730, 0, 0, 0
22896, 2640, 0, 0, 0
22996, 2650, 0, 0, 0
23097, 2560, 0, 0, 0
23197, 2620, 0, 0, 0
23298, 2600, 0, 0, 0
23398, 2730, 0, 0, 0
23498, 2600, 0, 0, 0
23598, 2450, 0, 0, 0
23698, 2910, 0, 0, 0
23799, 2480, 0, 0, 0
23899, 2670, 0, 0, 0
23999, 2570, 0, 0, 0
24099, 2820, 0, 0, 0
24199, 2840, 0, 0, 0
24300, 3010, 0, 0, 0
24400, 2790, 0, 0, 0
24499, 2707, 0, 0, 0
24599, 2640, 0, 0, 0
24699, 2440, 0, 0, 0
24800, 2890, 0, 0, 0
24900, 2310, 0, 0, 0
25000, 2580, 0, 0, 0
25100, 2930, 0, 0, 0
25200, 2670, 0, 0, 0
25300, 2570, 0, 0, 0
25400, 2450, 0, 0, 0
25500, 2646, 0, 0, 0
25600, 2690, 0, 0, 0
25700, 2640, 0, 0, 0
25800, 2740, 0, 0, 0
25900, 2330, 0, 0, 0
26000, 2525, 0, 0, 0
26100, 2870, 0, 0, 0
26200, 2700, 0, 0, 0
26300, 2720, 0, 0, 0
26400, 2690, 0, 0, 0
26499, 2696, 0, 0, 0
26599, 2710, 0, 0, 0
26700, 2550, 0, 0, 0
26800, 2390, 0, 0, 0
26900, 2560, 0, 0, 0
26999, 2747, 0, 0, 0
27099, 2450, 0, 0, 0
27199, 2340, 0, 0, 0
27300, 2440, 0, 0, 0
27400, 2430, 0, 0, 0
27499, 2868, 0, 0, 0
27599, 2780, 0, 0, 0
27699, 2640, 0, 0, 0
27800, 2700, 0, 0, 0
27900, 2640, 0, 0, 0
28000, 2770, 0, 0, 0
28100, 2310, 0, 0, 0
28200, 2720, 0, 0, 0
28300, 2470, 0, 0, 0
28400, 2560, 0, 0, 0
28500, 2818, 0, 0, 0
28600, 2810, 0, 0, 0
28700, 2530, 0, 0, 0
28800, 2630, 0, 0, 0
28900, 2700, 0, 0, 0
29000, 2646, 0, 0, 0
29100, 2230, 0, 0, 0
29200, 2620, 0, 0, 0
29300, 2950, 0, 0, 0
29400, 2500, 0, 0, 0
29499, 2454, 0, 0, 0
29599, 2780, 0, 0, 0
29700, 2610, 0, 0, 0
29800, 2680, 0, 0, 0
29900, 2710, 0, 0, 0
29999, 2484, 0, 0, 0
30099, 2670, 0, 0, 0
30200, 2700, 0, 0, 0
30300, 2690, 0, 0, 0
30400, 2550, 0, 0, 0
30499, 2363, 0, 0, 0
30599, 2900, 0, 0, 0
30699, 2890, 0, 0, 0
30800, 2950, 0, 0, 0
30900, 2580, 0, 0, 0
30999, 2777, 0, 0, 0
31099, 2430, 0, 0, 0
31199, 2680, 0, 0, 0
31300, 2420, 0, 0, 0
31400, 2570, 0, 0, 0
31499, 2545, 0, 0, 0
31599, 2530, 0, 0, 0
31699, 2950, 0, 0, 0
31800, 2680, 0, 0, 0
31900, 2890, 0, 0, 0
31999, 3030, 0, 0, 0
32099, 2940, 0, 0, 0
32199, 2630, 0, 0, 0
32300, 2600, 0, 0, 0
32400, 2360, 0, 0, 0
32499, 2626, 0, 0, 0
32599, 2480, 0, 0, 0
32699, 2760, 0, 0, 0
32800, 2520, 0, 0, 0
32900, 2450, 0, 0, 0
32999, 2515, 0, 0, 0
33099, 2850, 0, 0, 0
33199, 2520, 0, 0, 0
33299, 2740, 0, 0, 0
33400, 2680, 0, 0, 0
33500, 2630, 0, 0, 0
33600, 2390, 0, 0, 0
33700, 2650, 0, 0, 0
33800, 2600, 0, 0, 0
33900, 2610, 0, 0, 0
34000, 2848, 0, 0, 0
34100, 2700, 0, 0, 0
34200, 2600, 0, 0, 0
34300, 2860, 0, 0, 0
34400, 2710, 0, 0, 0
34499, 2484, 0, 0, 0
34599, 2630, 0, 0, 0
34700, 2680, 0, 0, 0
34800, 2610, 0, 0, 0
34900, 2500, 0, 0, 0
34999, 2595, 0, 0, 0
35099, 2670, 0, 0, 0
35199, 2820, 0, 0, 0
35300, 2870, 0, 0, 0
35400, 2450, 0, 0, 0
35499, 2757, 0, 0, 0
35599, 2680, 0, 0, 0
35699, 2990, 0, 0, 0
35800, 2380, 0, 0, 0
35900, 2780, 0, 0, 0
35999, 2616, 0, 0, 0
36099, 2820, 0, 0, 0
36199, 2600, 0, 0, 0
36299, 2470, 0, 0, 0
36400, 2290, 0, 0, 0
36500, 2550, 0, 0, 0
36600, 2740, 0, 0, 0
36700, 2630, 0, 0, 0
36800, 2500, 0, 0, 0
36900, 2780, 0, 0, 0
37000, 2686, 0, 0, 0
37100, 2770, 0, 0, 0
37200, 2820, 0, 0, 0
37300, 2690, 0, 0, 0
37400, 2360, 0, 0, 0
37500, 2696, 0, 0, 0
37600, 2670, 0, 0, 0
37700, 2530, 0, 0, 0
37800, 2600, 0, 0, 0
37900, 2670, 0, 0, 0
37999, 2777, 0, 0, 0
38100, 2490, 0, 0, 0
38200, 2520, 0, 0, 0
38300, 2470, 0, 0, 0
38400, 2820, 0, 0, 0
38500, 2666, 0, 0, 0
38600, 2540, 0, 0, 0
38700, 2660, 0, 0, 0
38800, 2530, 0, 0, 0
38900, 2620, 0, 0, 0
38999, 2515, 0, 0, 0
39099, 2540, 0, 0, 0
39199, 2700, 0, 0, 0
39300, 2430, 0, 0, 0
39400, 2500, 0, 0, 0
39499, 2444, 0, 0, 0
39599, 2490, 0, 0, 0
39699, 2590, 0, 0, 0
39799, 2580, 0, 0, 0
39899, 2060, 0, 0, 0
40000, 2370, 0, 0, 0
40100, 2620, 0, 0, 0
40200, 2570, 0, 0, 0
40300, 2850, 0, 0, 0
40400, 2260, 0, 0, 0
40499, 2363, 0, 0, 0
40600, 2540, 0, 0, 0
40700, 2270, 0, 0, 0
40800, 2130, 0, 0, 0
40900, 2680, 0, 0, 0
40999, 2676, 0, 0, 0
41099, 2560, 0, 0, 0
41199, 2460, 0, 0, 0
41300, 2310, 0, 0, 0
41400, 2600, 0, 0, 0
41499, 2858, 0, 0, 0
41599, 2330, 0, 0, 0
41699, 2570, 0, 0, 0
41800, 2540, 0, 0, 0
41900, 2420, 0, 0, 0
41999, 2848, 0, 0, 0
42099, 2500, 0, 0, 0
42199, 2820, 0, 0, 0
42300, 2580, 0, 0, 0
42400, 2440, 0, 0, 0
42499, 2454, 0, 0, 0
42599, 2850, 0, 0, 0
42699, 2500, 0, 0, 0
42800, 2560, 0, 0, 0
42900, 2770, 0, 0, 0
43000, 2818, 0, 0, 0
43100, 2540, 0, 0, 0
43200, 2980, 0, 0, 0
43300, 2740, 0, 0, 0
43400, 2590, 0, 0, 0
43500, 2656, 0, 0, 0
43600, 2470, 0, 0, 0
43700, 2720, 0, 0, 0
43800, 2420, 0, 0, 0
43900, 2770, 0, 0, 0
44000, 2919, 0, 0, 0
44100, 2690, 0, 0, 0
44200, 2660, 0, 0, 0
44300, 2790, 0, 0, 0
44400, 2770, 0, 0, 0
44499, 2727, 0, 0, 0
44599, 2790, 0, 0, 0
44699, 2010, 0, 0, 0
44800, 2800, 0, 0, 0
44900, 2250, 0, 0, 0
44999, 2555, 0, 0, 0
45099, 2800, 0, 0, 0
45199, 2640, 0, 0, 0
45300, 2400, 0, 0, 0
45400, 2890, 0, 0, 0
45499, 2848, 0, 0, 0
45599, 2330, 0, 0, 0
45699, 2750, 0, 0, 0
45800, 2370, 0, 0, 0
45900, 2710, 0, 0, 0
45999, 2414, 0, 0, 0
46099, 2550, 0, 0, 0
46199, 2780, 0, 0, 0
46300, 2690, 0, 0, 0
46400, 2730, 0, 0, 0
46500, 2580, 0, 0, 0
46600, 2870, 0, 0, 0
46700, 2720, 0, 0, 0
46800, 2960, 0, 0, 0
46900, 2710, 0, 0, 0
47000, 2666, 0, 0, 0
47100, 2700, 0, 0, 0
47200, 2910, 0, 0, 0
47300, 2790, 0, 0, 0
47400, 2250, 0, 0, 0
47499, 2363, 0, 0, 0
47600, 2620, 0, 0, 0
47700, 2300, 0, 0, 0
47800, 2600, 0, 0, 0
47900, 2990, 0, 0, 0
47999, 2676, 0, 0, 0
48099, 2620, 0, 0, 0
48199, 2510, 0, 0, 0
48300, 2890, 0, 0, 0
48400, 2580, 0, 0, 0
48499, 2424, 0, 0, 0
48599, 2820, 0, 0, 0
48699, 2800, 0, 0, 0
48800, 2470, 0, 0, 0
48900, 2730, 0, 0, 0
49000, 2790, 0, 0, 0
49100, 2690, 0, 0, 0
49200, 2890, 0, 0, 0
49300, 2590, 0, 0, 0
49400, 2530, 0, 0, 0
49500, 2373, 0, 0, 0
49600, 2660, 0, 0, 0
49700, 2830, 0, 0, 0
49800, 2640, 0, 0, 0
49900, 2610, 0, 0, 0
49999, 2898, 0, 0, 0
50099, 2730, 0, 0, 0
50200, 2700, 0, 0, 0
50300, 2670, 0, 0, 0
50400, 2610, 0, 0, 0
50500, 2545, 0, 0, 0
50600, 2510, 0, 0, 0
50700, 2460, 0, 0, 0
50800, 2560, 0, 0, 0
50900, 2460, 0, 0, 0
50999, 2545, 0, 0, 0
51099, 2780, 0, 0, 0
51199, 2550, 0, 0, 0
51300, 2990, 0, 0, 0
51400, 2660, 0, 0, 0
51499, 2535, 0, 0, 0
51600, 2610, 0, 0, 0
51700, 2560, 0, 0, 0
51800, 2700, 0, 0, 0
51900, 2610, 0, 0, 0
51999, 2505, 0, 0, 0
52099, 2560, 0, 0, 0
52199, 2620, 0, 0, 0
52300, 2960, 0, 0, 0
52400, 2850, 0, 0, 0
52499, 3010, 0, 0, 0
52599, 2690, 0, 0, 0
52699, 2720, 0, 0, 0
52800, 2630, 0, 0, 0
52900, 2360, 0, 0, 0
52999, 2666, 0, 0, 0
53099, 2800, 0, 0, 0
53199, 2450, 0, 0, 0
53300, 2560, 0, 0, 0
53400, 2660, 0, 0, 0
53500, 2370, 0, 0, 0
53600, 2600, 0, 0, 0
53700, 2550, 0, 0, 0
53800, 2450, 0, 0, 0
53900, 2570, 0, 0, 0
54000, 2606, 0, 0, 0
54100, 2480, 0, 0, 0
54200, 2540, 0, 0, 0
54300, 2680, 0, 0, 0
54400, 2750, 0, 0, 0
54499, 2777, 0, 0, 0
54599, 2670, 0, 0, 0
54699, 2630, 0, 0, 0
54800, 2180, 0, 0, 0
54900, 2680, 0, 0, 0
54999, 2393, 0, 0, 0
55099, 2570, 0, 0, 0
55200, 2590, 0, 0, 0
55300, 2470, 0, 0, 0
55400, 2530, 0, 0, 0
55499, 2505, 0, 0, 0
55599, 2570, 0, 0, 0
55700, 2650, 0, 0, 0
55800, 2510, 0, 0, 0
55900, 2820, 0, 0, 0
55999, 2737, 0, 0, 0
56100, 2620, 0, 0, 0
56200, 2740, 0, 0, 0
56300, 2560, 0, 0, 0
56400, 2390, 0, 0, 0
56499, 2656, 0, 0, 0
56599, 2710, 0, 0, 0
56699, 2330, 0, 0, 0
56800, 2360, 0, 0, 0
56900, 2640, 0, 0, 0
56999, 2444, 0, 0, 0
57099, 2320, 0, 0, 0
57199, 2560, 0, 0, 0
57300, 2500, 0, 0, 0
57400, 2790, 0, 0, 0
57499, 2454, 0, 0, 0
57599, 2420, 0, 0, 0
57699, 2340, 0, 0, 0
57800, 2480, 0, 0, 0
57900, 2580, 0, 0, 0
57999, 2606, 0, 0, 0
58100, 2640, 0, 0, 0
58200, 2950, 0, 0, 0
58300, 2580, 0, 0, 0
58400, 2710, 0, 0, 0
58499, 2505, 0, 0, 0
58599, 2540, 0, 0, 0
58699, 2610, 0, 0, 0
58800, 2580, 0, 0, 0
58900, 2570, 0, 0, 0
58999, 2575, 0, 0, 0
59099, 2530, 0, 0, 0
59199, 2410, 0, 0, 0
59300, 2090, 0, 0, 0
59400, 2420, 0, 0, 0
59499, 2494, 0, 0, 0
59599, 2550, 0, 0, 0
59699, 2460, 0, 0, 0
59800, 2470, 0, 0, 0
59900, 2150, 0, 0, 0
59999, 2555, 0, 0, 0
60100, 2370, 0, 0, 0
60200, 2770, 0, 0, 0
60300, 2790, 0, 0, 0
60400, 2540, 0, 0, 0
60500, 2565, 0, 0, 0
60600, 2800, 0, 0, 0
60700, 2570, 0, 0, 0
60800, 2450, 0, 0, 0
60900, 2010, 0, 0, 0
60999, 2323, 0, 0, 0
61099, 2490, 0, 0, 0
61200, 2490, 0, 0, 0
61300, 2390, 0, 0, 0
61400, 2300, 0, 0, 0
61499, 2515, 0, 0, 0
61599, 2400, 0, 0, 0
61699, 2340, 0, 0, 0
61800, 2630, 0, 0, 0
61900, 2540, 0, 0, 0
61999, 2585, 0, 0, 0
62100, 2350, 0, 0, 0
62200, 2190, 0, 0, 0
62300, 2580, 0, 0, 0
62400, 2560, 0, 0, 0
62499, 2747, 0, 0, 0
62599, 2560, 0, 0, 0
62699, 2450, 0, 0, 0
62800, 2730, 0, 0, 0
62900, 2650, 0, 0, 0
62999, 2868, 0, 0, 0
63099, 2740, 0, 0, 0
63199, 2590, 0, 0, 0
63300, 2430, 0, 0, 0
63400, 2240, 0, 0, 0
63500, 2520, 0, 0, 0
63600, 2680, 0, 0, 0
63700, 2470, 0, 0, 0
63800, 2260, 0, 0, 0
63900, 2360, 0, 0, 0
64000, 2474, 0, 0, 0
64100, 2640, 0, 0, 0
64200, 2680, 0, 0, 0
64300, 2400, 0, 0, 0
64400, 2670, 0, 0, 0
64499, 2303, 0, 0, 0
64599, 2590, 0, 0, 0
64699, 2340, 0, 0, 0
64800, 2720, 0, 0, 0
64900, 2540, 0, 0, 0
64999, 2525, 0, 0, 0
65099, 2600, 0, 0, 0
65199, 2750, 0, 0, 0
65299, 2630, 0, 0, 0
65400, 2610, 0, 0, 0
65500, 2620, 0, 0, 0
65600, 2620, 0, 0, 0
65700, 2460, 0, 0, 0
65800, 2620, 0, 0, 0
65900, 2780, 0, 0, 0
65999, 2303, 0, 0, 0
66100, 2560, 0, 0, 0
66200, 2500, 0, 0, 0
66300, 2340, 0, 0, 0
66400, 2470, 0, 0, 0
66499, 2575, 0, 0, 0
66599, 2610, 0, 0, 0
66699, 2350, 0, 0, 0
66800, 2860, 0, 0, 0
66900, 2590, 0, 0, 0
66999, 2525, 0, 0, 0
67099, 2710, 0, 0, 0
67199, 2860, 0, 0, 0
67299, 2860, 0, 0, 0
67400, 2600, 0, 0, 0
67500, 2550, 0, 0, 0
67600, 2600, 0, 0, 0
67700, 2530, 0, 0, 0
67800, 2600, 0, 0, 0
67900, 2830, 0, 0, 0
68000, 2373, 0, 0, 0
68100, 2360, 0, 0, 0
68200, 2450, 0, 0, 0
68300, 2570, 0, 0, 0
68400, 2510, 0, 0, 0
68499, 2383, 0, 0, 0
68599, 2370, 0, 0, 0
68700, 2690, 0, 0, 0
68800, 2650, 0, 0, 0
68900, 2500, 0, 0, 0
68999, 2666, 0, 0, 0
69099, 2540, 0, 0, 0
69200, 2760, 0, 0, 0
69300, 2820, 0, 0, 0
69400, 2510, 0, 0, 0
69499, 2424, 0, 0, 0
69599, 2740, 0, 0, 0
69699, 2850, 0, 0, 0
69800, 2490, 0, 0, 0
69900, 2710, 0, 0, 0
69999, 2686, 0, 0, 0
70099, 2760, 0, 0, 0
70199, 2760, 0, 0, 0
70300, 2780, 0, 0, 0
70400, 2760, 0, 0, 0
70499, 2636, 0, 0, 0
70599, 2500, 0, 0, 0
70699, 2640, 0, 0, 0
70799, 2740, 0, 0, 0
70900, 2500, 0, 0, 0
71000, 2590, 0, 0, 0
71100, 2480, 0, 0, 0
71201, 2350, 0, 0, 0
71300, 2373, 0, 0, 0
71400, 2490, 0, 0, 0
71499, 2969, 0, 0, 0
71599, 2250, 0, 0, 0
71699, 2400, 0, 0, 0
71800, 2840, 0, 0, 0
71900, 2430, 0, 0, 0
71999, 2131, 0, 0, 0
72099, 2860, 0, 0, 0
72199, 2700, 0, 0, 0
72300, 2470, 0, 0, 0
72400, 2500, 0, 0, 0
72499, 2565, 0, 0, 0
72599, 2750, 0, 0, 0
72699, 2810, 0, 0, 0
72800, 2430, 0, 0, 0
72900, 2390, 0, 0, 0
72999, 2797, 0, 0, 0
73099, 2670, 0, 0, 0
73199, 2520, 0, 0, 0
73300, 2300, 0, 0, 0
73400, 2830, 0, 0, 0
73499, 2565, 0, 0, 0
73599, 2330, 0, 0, 0
73699, 2440, 0, 0, 0
73800, 2540, 0, 0, 0
73900, 2490, 0, 0, 0
74000, 2720, 0, 0, 0
74100, 2560, 0, 0, 0
74200, 2450, 0, 0, 0
74300, 2450, 0, 0, 0
74400, 2570, 0, 0, 0
74500, 2777, 0, 0, 0
74600, 2600, 0, 0, 0
74700, 2120, 0, 0, 0
74800, 2570, 0, 0, 0
74900, 2540, 0, 0, 0
75000, 2868, 0, 0, 0
75100, 2150, 0, 0, 0
75200, 2370, 0, 0, 0
75300, 2650, 0, 0, 0
75400, 2830, 0, 0, 0
75499, 2707, 0, 0, 0
75599, 2530, 0, 0, 0
75699, 2660, 0, 0, 0
75800, 2760, 0, 0, 0
75900, 2670, 0, 0, 0
75999, 2616, 0, 0, 0
76099, 2490, 0, 0, 0
76199, 2620, 0, 0, 0
76300, 2650, 0, 0, 0
76400, 2500, 0, 0, 0
76499, 2717, 0, 0, 0
76599, 2770, 0, 0, 0
76699, 2690, 0, 0, 0
76800, 2380, 0, 0, 0
76900, 2280, 0, 0, 0
76999, 2383, 0, 0, 0
77099, 2590, 0, 0, 0
77199, 2680, 0, 0, 0
77300, 2840, 0, 0, 0
77400, 2780, 0, 0, 0
77500, 2650, 0, 0, 0
77600, 2490, 0, 0, 0
77700, 2560, 0, 0, 0
77800, 2666, 0, 0, 0
77900, 2560, 0, 0, 0
77999, 2393, 0, 0, 0
78099, 2520, 0, 0, 0
78199, 2680, 0, 0, 0
78300, 2550, 0, 0, 0
78400, 2460, 0, 0, 0
78500, 2540, 0, 0, 0
78600, 2330, 0, 0, 0
78700, 2660, 0, 0, 0
78800, 2610, 0, 0, 0
78900, 2540, 0, 0, 0
79000, 2515, 0, 0, 0
79100, 2630, 0, 0, 0
79200, 2770, 0, 0, 0
79300, 2630, 0, 0, 0
79400, 2780, 0, 0, 0
79499, 2555, 0, 0, 0
79599, 2160, 0, 0, 0
79700, 2630, 0, 0, 0
79800, 2390, 0, 0, 0
79900, 2560, 0, 0, 0
79999, 2737, 0, 0, 0
80099, 2150, 0, 0, 0
80199, 2280, 0, 0, 0
80300, 2290, 0, 0, 0
80400, 2690, 0, 0, 0
80499, 2282, 0, 0, 0
80599, 2540, 0, 0, 0
80699, 2600, 0, 0, 0
80800, 2460, 0, 0, 0
80900, 2420, 0, 0, 0
80999, 2535, 0, 0, 0
81099, 2700, 0, 0, 0
81199, 2690, 0, 0, 0
81300, 2610, 0, 0, 0
81400, 2630, 0, 0, 0
81499, 2181, 0, 0, 0
81599, 2410, 0, 0, 0
81699, 2690, 0, 0, 0
81800, 2440, 0, 0, 0
81900, 2620, 0, 0, 0
82000, 2870, 0, 0, 0
82100, 2680, 0, 0, 0
82200, 2500, 0, 0, 0
82301, 2650, 0, 0, 0
82400, 2353, 0, 0, 0
82500, 2070, 0, 0, 0
82600, 2840, 0, 0, 0
82700, 2560, 0, 0, 0
82800, 2410, 0, 0, 0
82901, 2530, 0, 0, 0
83000, 2141, 0, 0, 0
83100, 2520, 0, 0, 0
83200, 2770, 0, 0, 0
83300, 2700, 0, 0, 0
83400, 2720, 0, 0, 0
83500, 2525, 0, 0, 0
83600, 2650, 0, 0, 0
83700, 2370, 0, 0, 0
83800, 2600, 0, 0, 0
83900, 2710, 0, 0, 0
84000, 2595, 0, 0, 0
84100, 2280, 0, 0, 0
84200, 2640, 0, 0, 0
84300, 2490, 0, 0, 0
84400, 2430, 0, 0, 0
84500, 2575, 0, 0, 0
84600, 2330, 0, 0, 0
84700, 2380, 0, 0, 0
84800, 2470, 0, 0, 0
84900, 2700, 0, 0, 0
85000, 2616, 0, 0, 0
85100, 2400, 0, 0, 0
85200, 2900, 0, 0, 0
85301, 2880, 0, 0, 0
85401, 2190, 0, 0, 0
85500, 2626, 0, 0, 0
85600, 2500, 0, 0, 0
85700, 2400, 0, 0, 0
85800, 2270, 0, 0, 0
85900, 2660, 0, 0, 0
86000, 2383, 0, 0, 0
86100, 2940, 0, 0, 0
86200, 2450, 0, 0, 0
86300, 2600, 0, 0, 0
86400, 2590, 0, 0, 0
86500, 2404, 0, 0, 0
86600, 2710, 0, 0, 0
86700, 2720, 0, 0, 0
86800, 2530, 0, 0, 0
86900, 2580, 0, 0, 0
86999, 2363, 0, 0, 0
87099, 2540, 0, 0, 0
87199, 2570, 0, 0, 0
87300, 2240, 0, 0, 0
87400, 2340, 0, 0, 0
87499, 2444, 0, 0, 0
87599, 2600, 0, 0, 0
87699, 2580, 0, 0, 0
87800, 2410, 0, 0, 0
87900, 2390, 0, 0, 0
87999, 2525, 0, 0, 0
88099, 2510, 0, 0, 0
88199, 2420, 0, 0, 0
88300, 2670, 0, 0, 0
88400, 2450, 0, 0, 0
88499, 2404, 0, 0, 0
88600, 2460, 0, 0, 0
88700, 2650, 0, 0, 0
88800, 2540, 0, 0, 0
88900, 2730, 0, 0, 0
88999, 2666, 0, 0, 0
89099, 2610, 0, 0, 0
89199, 2700, 0, 0, 0
89300, 2450, 0, 0, 0
89400, 2440, 0, 0, 0
89499, 2717, 0, 0, 0
89599, 2470, 0, 0, 0
89700, 2540, 0, 0, 0
89800, 2590, 0, 0, 0
89900, 2640, 0, 0, 0
89999, 2626, 0, 0, 0
