118, 9856, 0, 0, 0
204, 9076, 0, 0, 0
303, 11088, 0, 0, 0
412, 10233, 0, 0, 0
501, 11077, 0, 0, 0
615, 8432, 0, 0, 0
704, 9692, 0, 0, 0
800, 9662, 0, 0, 0
903, 11770, 0, 0, 0
1004, 11040, 0, 0, 0
1110, 11648, 0, 0, 0
1213, 12079, 0, 0, 0
1314, 10793, 0, 0, 0
1403, 10253, 0, 0, 0
1503, 9499, 0, 0, 0
1601, 8292, 0, 0, 0
1713, 8408, 0, 0, 0
1802, 11421, 0, 0, 0
1901, 11025, 0, 0, 0
2000, 10595, 0, 0, 0
2106, 9026, 0, 0, 0
2204, 11494, 0, 0, 0
2307, 12976, 0, 0, 0
2401, 11739, 0, 0, 0
2501, 9614, 0, 0, 0
2603, 9546, 0, 0, 0
2700, 11994, 0, 0, 0
2802, 10608, 0, 0, 0
2903, 9961, 0, 0, 0
3006, 9724, 0, 0, 0
3104, 11918, 0, 0, 0
3205, 9848, 0, 0, 0
3308, 9749, 0, 0, 0
3412, 12557, 0, 0, 0
3508, 10193, 0, 0, 0
3602, 11079, 0, 0, 0
3701, 10624, 0, 0, 0
3811, 10887, 0, 0, 0
3906, 9141, 0, 0, 0
4009, 10910, 0, 0, 0
4102, 10195, 0, 0, 0
4210, 11493, 0, 0, 0
4302, 10266, 0, 0, 0
4405, 11003, 0, 0, 0
4500, 11861, 0, 0, 0
4600, 10014, 0, 0, 0
4702, 9705, 0, 0, 0
4809, 11112, 0, 0, 0
4904, 10312, 0, 0, 0
5000, 11614, 0, 0, 0
5102, 11274, 0, 0, 0
5201, 10684, 0, 0, 0
5306, 10235, 0, 0, 0
5400, 9246, 0, 0, 0
5535, 7240, 0, 0, 0
5600, 8004, 0, 0, 0
5701, 10477, 0, 0, 0
5812, 11031, 0, 0, 0
5900, 10907, 0, 0, 0
6002, 13813, 0, 0, 0
6103, 10976, 0, 0, 0
6202, 11245, 0, 0, 0
6312, 11507, 0, 0, 0
6411, 12688, 0, 0, 0
6508, 12952, 0, 0, 0
6611, 11093, 0, 0, 0
6706, 12871, 0, 0, 0
6804, 10374, 0, 0, 0
6902, 10060, 0, 0, 0
7010, 10305, 0, 0, 0
7115, 7775, 0, 0, 0
7202, 12638, 0, 0, 0
7301, 8857, 0, 0, 0
7408, 14506, 0, 0, 0
7508, 10577, 0, 0, 0
7607, 10725, 0, 0, 0
7716, 10515, 0, 0, 0
7800, 8262, 0, 0, 0
7906, 8861, 0, 0, 0
8003, 8021, 0, 0, 0
8113, 9953, 0, 0, 0
8204, 10521, 0, 0, 0
8302, 9730, 0, 0, 0
8401, 9469, 0, 0, 0
8505, 11988, 0, 0, 0
8605, 11845, 0, 0, 0
8701, 11000, 0, 0, 0
8807, 13198, 0, 0, 0
8902, 9099, 0, 0, 0
9011, 8626, 0, 0, 0
9109, 9424, 0, 0, 0
9202, 9030, 0, 0, 0
9305, 11776, 0, 0, 0
9404, 10159, 0, 0, 0
9513, 9596, 0, 0, 0
9604, 10619, 0, 0, 0
9701, 9465, 0, 0, 0
9812, 11486, 0, 0, 0
9913, 8105, 0, 0, 0
10002, 11678, 0, 0, 0
10105, 10883, 0, 0, 0
10207, 10791, 0, 0, 0
10303, 11000, 0, 0, 0
10403, 12675, 0, 0, 0
10504, 10174, 0, 0, 0
10605, 9094, 0, 0, 0
10700, 9030, 0, 0, 0
10803, 7600, 0, 0, 0
10905, 11365, 0, 0, 0
11006, 11129, 0, 0, 0
11103, 12297, 0, 0, 0
11212, 9639, 0, 0, 0
11305, 11275, 0, 0, 0
11405, 10828, 0, 0, 0
11503, 10653, 0, 0, 0
11600, 13091, 0, 0, 0
11702, 12050, 0, 0, 0
11812, 10374, 0, 0, 0
11909, 9592, 0, 0, 0
12000, 8973, 0, 0, 0
12104, 9314, 0, 0, 0
12203, 8935, 0, 0, 0
12307, 8090, 0, 0, 0
12403, 13624, 0, 0, 0
12501, 10304, 0, 0, 0
12601, 11340, 0, 0, 0
12706, 11579, 0, 0, 0
12824, 9458, 0, 0, 0
12904, 9688, 0, 0, 0
13005, 9621, 0, 0, 0
13100, 12582, 0, 0, 0
13204, 9477, 0, 0, 0
13303, 12333, 0, 0, 0
13413, 11443, 0, 0, 0
13507, 10195, 0, 0, 0
13601, 10778, 0, 0, 0
13700, 12429, 0, 0, 0
13805, 10819, 0, 0, 0
13901, 9531, 0, 0, 0
14001, 12492, 0, 0, 0
14102, 10708, 0, 0, 0
14201, 10448, 0, 0, 0
14303, 10106, 0, 0, 0
14406, 10580, 0, 0, 0
14511, 11647, 0, 0, 0
14600, 9544, 0, 0, 0
14702, 11805, 0, 0, 0
14802, 8969, 0, 0, 0
14912, 9494, 0, 0, 0
15001, 7449, 0, 0, 0
15107, 11261, 0, 0, 0
15200, 9526, 0, 0, 0
15304, 9514, 0, 0, 0
15410, 9635, 0, 0, 0
15508, 10988, 0, 0, 0
15608, 11018, 0, 0, 0
15708, 12743, 0, 0, 0
15805, 10068, 0, 0, 0
15912, 8808, 0, 0, 0
16005, 12276, 0, 0, 0
16100, 9274, 0, 0, 0
16206, 11127, 0, 0, 0
16300, 11182, 0, 0, 0
16407, 9704, 0, 0, 0
16500, 8916, 0, 0, 0
16602, 9088, 0, 0, 0
16700, 11367, 0, 0, 0
16803, 11313, 0, 0, 0
16907, 9463, 0, 0, 0
17003, 10519, 0, 0, 0
17113, 10047, 0, 0, 0
17201, 8187, 0, 0, 0
17312, 9208, 0, 0, 0
17403, 9077, 0, 0, 0
17505, 10361, 0, 0, 0
17608, 9781, 0, 0, 0
17700, 10365, 0, 0, 0
17802, 11735, 0, 0, 0
17904, 11410, 0, 0, 0
18003, 10857, 0, 0, 0
18100, 10338, 0, 0, 0
18208, 11218, 0, 0, 0
18303, 10078, 0, 0, 0
18416, 10957, 0, 0, 0
18507, 13157, 0, 0, 0
18604, 10896, 0, 0, 0
18710, 10775, 0, 0, 0
18801, 10986, 0, 0, 0
18900, 12134, 0, 0, 0
19000, 9934, 0, 0, 0
19101, 11372, 0, 0, 0
19221, 11372, 0, 0, 0
19301, 11801, 0, 0, 0
19406, 12807, 0, 0, 0
19506, 10395, 0, 0, 0
19604, 11632, 0, 0, 0
19704, 9550, 0, 0, 0
19805, 9167, 0, 0, 0
19904, 11018, 0, 0, 0
20001, 10434, 0, 0, 0
20105, 11596, 0, 0, 0
20200, 9157, 0, 0, 0
20302, 11806, 0, 0, 0
20403, 8252, 0, 0, 0
20510, 11736, 0, 0, 0
20609, 9783, 0, 0, 0
20706, 10655, 0, 0, 0
20814, 12128, 0, 0, 0
20903, 10190, 0, 0, 0
21002, 12248, 0, 0, 0
21110, 14488, 0, 0, 0
21200, 11990, 0, 0, 0
21306, 10974, 0, 0, 0
21412, 10643, 0, 0, 0
21506, 10964, 0, 0, 0
21602, 12612, 0, 0, 0
21707, 12950, 0, 0, 0
21810, 9489, 0, 0, 0
21900, 10135, 0, 0, 0
22006, 8681, 0, 0, 0
22100, 10071, 0, 0, 0
22209, 10403, 0, 0, 0
22309, 12340, 0, 0, 0
22400, 11368, 0, 0, 0
22505, 11015, 0, 0, 0
22610, 11329, 0, 0, 0
22705, 10208, 0, 0, 0
22806, 13902, 0, 0, 0
22904, 13313, 0, 0, 0
23004, 10635, 0, 0, 0
23106, 10846, 0, 0, 0
23202, 10423, 0, 0, 0
23302, 11099, 0, 0, 0
23400, 10689, 0, 0, 0
23505, 10630, 0, 0, 0
23614, 9250, 0, 0, 0
23709, 12032, 0, 0, 0
23800, 11730, 0, 0, 0
23902, 9804, 0, 0, 0
24000, 11674, 0, 0, 0
24106, 11809, 0, 0, 0
24203, 9758, 0, 0, 0
24311, 10083, 0, 0, 0
24403, 9133, 0, 0, 0
24504, 11195, 0, 0, 0
24606, 9497, 0, 0, 0
24703, 11022, 0, 0, 0
24802, 9546, 0, 0, 0
24912, 9519, 0, 0, 0
25008, 8551, 0, 0, 0
25118, 10548, 0, 0, 0
25200, 11737, 0, 0, 0
25306, 9265, 0, 0, 0
25401, 11501, 0, 0, 0
25501, 9791, 0, 0, 0
25606, 11002, 0, 0, 0
25719, 10981, 0, 0, 0
25809, 12538, 0, 0, 0
25902, 9742, 0, 0, 0
26001, 11087, 0, 0, 0
26102, 11032, 0, 0, 0
26207, 9622, 0, 0, 0
26304, 8994, 0, 0, 0
26406, 9500, 0, 0, 0
26502, 11078, 0, 0, 0
26605, 9855, 0, 0, 0
26702, 9706, 0, 0, 0
26802, 11622, 0, 0, 0
26916, 9934, 0, 0, 0
27007, 10272, 0, 0, 0
27104, 10298, 0, 0, 0
27201, 8705, 0, 0, 0
27314, 9104, 0, 0, 0
27405, 9770, 0, 0, 0
27518, 9695, 0, 0, 0
27607, 8839, 0, 0, 0
27704, 11621, 0, 0, 0
27806, 12460, 0, 0, 0
27900, 13912, 0, 0, 0
28002, 10306, 0, 0, 0
28101, 12021, 0, 0, 0
28200, 12165, 0, 0, 0
28300, 11314, 0, 0, 0
28402, 11517, 0, 0, 0
28500, 9725, 0, 0, 0
28601, 9233, 0, 0, 0
28711, 11533, 0, 0, 0
28800, 10858, 0, 0, 0
28905, 11589, 0, 0, 0
29004, 9484, 0, 0, 0
29106, 11938, 0, 0, 0
29201, 13011, 0, 0, 0
29301, 10010, 0, 0, 0
29411, 9196, 0, 0, 0
29502, 10412, 0, 0, 0
29604, 9578, 0, 0, 0
29707, 9239, 0, 0, 0
29804, 10729, 0, 0, 0
29900, 10240, 0, 0, 0
30009, 13124, 0, 0, 0
30100, 8659, 0, 0, 0
30201, 9389, 0, 0, 0
30315, 8795, 0, 0, 0
30404, 10075, 0, 0, 0
30500, 8209, 0, 0, 0
30604, 9300, 0, 0, 0
30702, 10138, 0, 0, 0
30810, 10556, 0, 0, 0
30912, 11455, 0, 0, 0
31004, 9638, 0, 0, 0
31106, 10635, 0, 0, 0
31204, 8853, 0, 0, 0
31303, 9563, 0, 0, 0
31403, 11209, 0, 0, 0
31503, 10871, 0, 0, 0
31601, 10879, 0, 0, 0
31710, 9895, 0, 0, 0
31803, 9775, 0, 0, 0
31907, 8579, 0, 0, 0
32009, 6352, 0, 0, 0
32103, 11382, 0, 0, 0
32207, 12750, 0, 0, 0
32312, 12562, 0, 0, 0
32401, 11881, 0, 0, 0
32501, 10041, 0, 0, 0
32602, 9970, 0, 0, 0
32705, 8323, 0, 0, 0
32801, 9948, 0, 0, 0
32900, 9724, 0, 0, 0
33001, 11303, 0, 0, 0
33101, 10430, 0, 0, 0
33211, 11201, 0, 0, 0
33305, 11873, 0, 0, 0
33400, 10856, 0, 0, 0
33508, 13575, 0, 0, 0
33607, 9241, 0, 0, 0
33708, 10054, 0, 0, 0
33803, 8646, 0, 0, 0
33903, 10432, 0, 0, 0
34001, 11428, 0, 0, 0
34107, 10575, 0, 0, 0
34201, 10847, 0, 0, 0
34307, 10137, 0, 0, 0
34408, 12124, 0, 0, 0
34511, 11689, 0, 0, 0
34610, 8384, 0, 0, 0
34706, 8807, 0, 0, 0
34804, 10917, 0, 0, 0
34905, 10536, 0, 0, 0
35002, 11324, 0, 0, 0
35102, 10446, 0, 0, 0
35202, 10889, 0, 0, 0
35300, 10463, 0, 0, 0
35400, 10652, 0, 0, 0
35505, 11895, 0, 0, 0
35603, 7137, 0, 0, 0
35704, 11453, 0, 0, 0
35803, 13479, 0, 0, 0
35906, 8807, 0, 0, 0
36005, 11650, 0, 0, 0
36104, 10856, 0, 0, 0
36210, 11072, 0, 0, 0
36301, 9667, 0, 0, 0
36400, 9675, 0, 0, 0
36506, 10404, 0, 0, 0
36601, 8729, 0, 0, 0
36703, 11951, 0, 0, 0
36804, 10024, 0, 0, 0
36907, 10019, 0, 0, 0
37000, 10552, 0, 0, 0
37105, 10403, 0, 0, 0
37206, 11930, 0, 0, 0
37302, 9431, 0, 0, 0
37408, 12238, 0, 0, 0
37503, 10519, 0, 0, 0
37601, 10323, 0, 0, 0
37713, 11552, 0, 0, 0
37801, 10421, 0, 0, 0
37904, 8463, 0, 0, 0
38009, 10133, 0, 0, 0
38104, 12561, 0, 0, 0
38224, 10373, 0, 0, 0
38307, 10901, 0, 0, 0
38409, 10577, 0, 0, 0
38506, 11099, 0, 0, 0
38610, 10912, 0, 0, 0
38701, 10596, 0, 0, 0
38811, 12746, 0, 0, 0
38908, 13758, 0, 0, 0
39010, 11066, 0, 0, 0
39103, 11284, 0, 0, 0
39203, 10865, 0, 0, 0
39301, 10300, 0, 0, 0
39400, 10803, 0, 0, 0
39502, 10213, 0, 0, 0
39607, 12361, 0, 0, 0
39703, 11196, 0, 0, 0
39813, 9932, 0, 0, 0
39905, 10645, 0, 0, 0
40003, 11816, 0, 0, 0
40101, 13299, 0, 0, 0
40201, 11264, 0, 0, 0
40302, 12651, 0, 0, 0
40412, 10535, 0, 0, 0
40501, 10581, 0, 0, 0
40601, 11357, 0, 0, 0
40705, 9157, 0, 0, 0
40800, 8797, 0, 0, 0
40907, 11297, 0, 0, 0
41004, 8610, 0, 0, 0
41102, 12993, 0, 0, 0
41206, 10500, 0, 0, 0
41307, 10938, 0, 0, 0
41402, 12055, 0, 0, 0
41500, 11687, 0, 0, 0
41606, 9768, 0, 0, 0
41701, 12081, 0, 0, 0
41810, 10262, 0, 0, 0
41906, 9593, 0, 0, 0
42005, 11922, 0, 0, 0
42105, 10317, 0, 0, 0
42202, 8877, 0, 0, 0
42308, 9430, 0, 0, 0
42404, 9303, 0, 0, 0
42506, 11004, 0, 0, 0
42600, 9694, 0, 0, 0
42712, 10437, 0, 0, 0
42804, 9629, 0, 0, 0
42907, 9368, 0, 0, 0
43016, 8137, 0, 0, 0
43102, 11127, 0, 0, 0
43212, 12817, 0, 0, 0
43308, 11804, 0, 0, 0
43431, 11008, 0, 0, 0
43510, 9846, 0, 0, 0
43618, 7865, 0, 0, 0
43701, 9114, 0, 0, 0
43800, 8832, 0, 0, 0
43911, 8905, 0, 0, 0
44000, 10506, 0, 0, 0
44109, 11569, 0, 0, 0
44202, 8097, 0, 0, 0
44302, 12362, 0, 0, 0
44401, 11905, 0, 0, 0
44503, 12412, 0, 0, 0
44600, 12167, 0, 0, 0
44703, 12055, 0, 0, 0
44802, 9086, 0, 0, 0
44912, 10965, 0, 0, 0
45012, 9861, 0, 0, 0
45112, 12545, 0, 0, 0
45200, 8828, 0, 0, 0
45310, 11017, 0, 0, 0
45408, 10379, 0, 0, 0
45513, 11442, 0, 0, 0
45611, 11360, 0, 0, 0
45701, 9951, 0, 0, 0
45803, 12336, 0, 0, 0
45900, 10784, 0, 0, 0
46002, 10026, 0, 0, 0
46101, 9639, 0, 0, 0
46205, 13246, 0, 0, 0
46303, 9643, 0, 0, 0
46411, 9613, 0, 0, 0
46512, 11909, 0, 0, 0
46601, 10599, 0, 0, 0
46700, 11178, 0, 0, 0
46800, 9545, 0, 0, 0
46900, 8655, 0, 0, 0
47001, 10880, 0, 0, 0
47109, 11765, 0, 0, 0
47204, 10749, 0, 0, 0
47302, 12199, 0, 0, 0
47414, 10222, 0, 0, 0
47508, 10974, 0, 0, 0
47601, 8438, 0, 0, 0
47700, 11247, 0, 0, 0
47802, 13818, 0, 0, 0
47906, 10302, 0, 0, 0
48001, 11649, 0, 0, 0
48105, 11438, 0, 0, 0
48200, 9632, 0, 0, 0
48300, 10208, 0, 0, 0
48407, 12243, 0, 0, 0
48504, 12676, 0, 0, 0
48601, 10014, 0, 0, 0
48707, 8931, 0, 0, 0
48819, 10647, 0, 0, 0
48908, 13052, 0, 0, 0
49004, 8690, 0, 0, 0
49104, 10646, 0, 0, 0
49208, 11136, 0, 0, 0
49302, 10236, 0, 0, 0
49403, 10988, 0, 0, 0
49507, 9794, 0, 0, 0
49600, 10757, 0, 0, 0
49705, 9903, 0, 0, 0
49800, 9910, 0, 0, 0
49909, 11713, 0, 0, 0
50004, 8884, 0, 0, 0
50103, 11598, 0, 0, 0
50206, 6694, 0, 0, 0
50300, 9422, 0, 0, 0
50400, 10609, 0, 0, 0
50510, 9726, 0, 0, 0
50602, 8044, 0, 0, 0
50713, 11343, 0, 0, 0
50803, 9613, 0, 0, 0
50901, 11014, 0, 0, 0
51006, 11441, 0, 0, 0
51105, 12003, 0, 0, 0
51206, 9619, 0, 0, 0
51302, 9136, 0, 0, 0
51407, 12038, 0, 0, 0
51508, 9939, 0, 0, 0
51621, 9878, 0, 0, 0
51700, 10138, 0, 0, 0
51801, 10691, 0, 0, 0
51906, 11158, 0, 0, 0
52001, 9413, 0, 0, 0
52103, 10046, 0, 0, 0
52200, 10893, 0, 0, 0
52300, 10625, 0, 0, 0
52404, 10409, 0, 0, 0
52501, 13301, 0, 0, 0
52602, 10587, 0, 0, 0
52708, 11440, 0, 0, 0
52805, 11706, 0, 0, 0
52906, 10810, 0, 0, 0
53002, 8595, 0, 0, 0
53114, 10610, 0, 0, 0
53203, 11467, 0, 0, 0
53304, 12180, 0, 0, 0
53400, 13327, 0, 0, 0
53502, 10145, 0, 0, 0
53612, 12027, 0, 0, 0
53703, 12791, 0, 0, 0
53804, 13064, 0, 0, 0
53905, 11023, 0, 0, 0
54001, 12624, 0, 0, 0
54101, 10837, 0, 0, 0
54213, 11020, 0, 0, 0
54306, 9151, 0, 0, 0
54408, 10838, 0, 0, 0
54503, 10727, 0, 0, 0
54604, 11963, 0, 0, 0
54703, 11784, 0, 0, 0
54811, 8604, 0, 0, 0
54917, 11299, 0, 0, 0
55013, 10443, 0, 0, 0
55105, 12115, 0, 0, 0
55204, 11064, 0, 0, 0
55303, 10142, 0, 0, 0
55410, 10482, 0, 0, 0
55510, 10437, 0, 0, 0
55600, 15242, 0, 0, 0
55700, 10748, 0, 0, 0
55803, 11816, 0, 0, 0
55906, 10744, 0, 0, 0
56004, 10547, 0, 0, 0
56103, 11191, 0, 0, 0
56203, 14378, 0, 0, 0
56303, 11606, 0, 0, 0
56402, 10426, 0, 0, 0
56501, 12682, 0, 0, 0
56602, 10186, 0, 0, 0
56701, 10973, 0, 0, 0
56805, 11266, 0, 0, 0
56901, 12083, 0, 0, 0
57004, 12878, 0, 0, 0
57100, 8554, 0, 0, 0
57210, 10287, 0, 0, 0
57302, 12767, 0, 0, 0
57413, 12417, 0, 0, 0
57502, 11564, 0, 0, 0
57608, 11235, 0, 0, 0
57703, 12382, 0, 0, 0
57805, 12246, 0, 0, 0
57912, 8392, 0, 0, 0
58006, 11697, 0, 0, 0
58114, 11840, 0, 0, 0
58202, 11797, 0, 0, 0
58303, 12721, 0, 0, 0
58402, 10757, 0, 0, 0
58503, 12048, 0, 0, 0
58600, 9702, 0, 0, 0
58706, 9009, 0, 0, 0
58801, 10133, 0, 0, 0
58902, 10293, 0, 0, 0
59006, 11164, 0, 0, 0
59101, 11623, 0, 0, 0
59218, 10986, 0, 0, 0
59300, 11631, 0, 0, 0
59406, 10526, 0, 0, 0
59500, 10770, 0, 0, 0
59613, 12171, 0, 0, 0
59703, 11095, 0, 0, 0
59812, 10255, 0, 0, 0
59905, 8227, 0, 0, 0
60009, 7638, 0, 0, 0
