100, 2442755, 0, 0, 0
200, 2356437, 0, 0, 0
300, 2382363, 0, 0, 0
401, 2386561, 0, 0, 0
501, 2435318, 0, 0, 0
601, 2380628, 0, 0, 0
701, 2424481, 0, 0, 0
800, 2448729, 0, 0, 0
901, 2397199, 0, 0, 0
1000, 2398645, 0, 0, 0
1100, 2317923, 0, 0, 0
1200, 2431423, 0, 0, 0
1301, 2410202, 0, 0, 0
1402, 2376540, 0, 0, 0
1500, 2502655, 0, 0, 0
1602, 2373022, 0, 0, 0
1701, 2288472, 0, 0, 0
1800, 2300424, 0, 0, 0
1901, 2289658, 0, 0, 0
2001, 2307523, 0, 0, 0
2101, 2432400, 0, 0, 0
2200, 2405679, 0, 0, 0
2301, 2447473, 0, 0, 0
2400, 2464756, 0, 0, 0
2501, 2400240, 0, 0, 0
2601, 2311782, 0, 0, 0
2702, 2440123, 0, 0, 0
2802, 2372747, 0, 0, 0
2900, 2387506, 0, 0, 0
3000, 2307189, 0, 0, 0
3101, 2337690, 0, 0, 0
3201, 2224116, 0, 0, 0
3302, 2277204, 0, 0, 0
3400, 2498582, 0, 0, 0
3502, 2426601, 0, 0, 0
3600, 2436823, 0, 0, 0
3700, 2323899, 0, 0, 0
3802, 2402627, 0, 0, 0
3901, 2202393, 0, 0, 0
4000, 2399484, 0, 0, 0
4100, 2434685, 0, 0, 0
4201, 2456725, 0, 0, 0
4302, 2445505, 0, 0, 0
4400, 2321176, 0, 0, 0
4502, 2363609, 0, 0, 0
4600, 2385545, 0, 0, 0
4701, 2390515, 0, 0, 0
4801, 2365110, 0, 0, 0
4902, 2385228, 0, 0, 0
5000, 2396564, 0, 0, 0
5102, 2421890, 0, 0, 0
5201, 2449306, 0, 0, 0
5300, 2455808, 0, 0, 0
5401, 2394921, 0, 0, 0
5502, 2454147, 0, 0, 0
5600, 2343334, 0, 0, 0
5700, 2466079, 0, 0, 0
5800, 2277767, 0, 0, 0
5902, 2401933, 0, 0, 0
6000, 2569715, 0, 0, 0
6100, 2445217, 0, 0, 0
6201, 2435633, 0, 0, 0
6301, 2431509, 0, 0, 0
6401, 2329822, 0, 0, 0
6502, 2319801, 0, 0, 0
6601, 2251682, 0, 0, 0
6701, 2363110, 0, 0, 0
6801, 2264654, 0, 0, 0
6900, 2303402, 0, 0, 0
7002, 2406256, 0, 0, 0
7100, 2437828, 0, 0, 0
7200, 2488336, 0, 0, 0
7301, 2585169, 0, 0, 0
7401, 2493032, 0, 0, 0
7501, 2431996, 0, 0, 0
7602, 2569827, 0, 0, 0
7700, 2381761, 0, 0, 0
7800, 2442406, 0, 0, 0
7900, 2423221, 0, 0, 0
8000, 2479131, 0, 0, 0
8101, 2344262, 0, 0, 0
8202, 2392653, 0, 0, 0
8300, 2447471, 0, 0, 0
8400, 2472229, 0, 0, 0
8501, 2407520, 0, 0, 0
8602, 2435049, 0, 0, 0
8701, 2403400, 0, 0, 0
8801, 2492166, 0, 0, 0
8900, 2414970, 0, 0, 0
9001, 2345789, 0, 0, 0
9101, 2419109, 0, 0, 0
9201, 2427945, 0, 0, 0
9301, 2481109, 0, 0, 0
9400, 2298538, 0, 0, 0
9500, 2256401, 0, 0, 0
9600, 2443680, 0, 0, 0
9700, 2264552, 0, 0, 0
9800, 2351727, 0, 0, 0
9900, 2449568, 0, 0, 0
10001, 2500964, 0, 0, 0
10102, 2447267, 0, 0, 0
10200, 2454301, 0, 0, 0
10301, 2342226, 0, 0, 0
10401, 2418650, 0, 0, 0
10500, 2539594, 0, 0, 0
10601, 2378037, 0, 0, 0
10700, 2400096, 0, 0, 0
10801, 2467956, 0, 0, 0
10901, 2266403, 0, 0, 0
11001, 2306351, 0, 0, 0
11102, 2348722, 0, 0, 0
11201, 2455799, 0, 0, 0
11300, 2408243, 0, 0, 0
11402, 2344917, 0, 0, 0
11500, 2381992, 0, 0, 0
11601, 2475700, 0, 0, 0
11701, 2363513, 0, 0, 0
11800, 2530272, 0, 0, 0
11900, 2414807, 0, 0, 0
12002, 2362171, 0, 0, 0
12101, 2412743, 0, 0, 0
12200, 2403797, 0, 0, 0
12300, 2375361, 0, 0, 0
12401, 2389408, 0, 0, 0
12500, 2401361, 0, 0, 0
12600, 2428276, 0, 0, 0
12700, 2432201, 0, 0, 0
12800, 2371734, 0, 0, 0
12900, 2373033, 0, 0, 0
13001, 2448855, 0, 0, 0
13100, 2420973, 0, 0, 0
13201, 2396219, 0, 0, 0
13301, 2464638, 0, 0, 0
13401, 2490251, 0, 0, 0
13502, 2514591, 0, 0, 0
13600, 2376496, 0, 0, 0
13702, 2429766, 0, 0, 0
13801, 2458802, 0, 0, 0
13900, 2355214, 0, 0, 0
14001, 2505447, 0, 0, 0
14100, 2596132, 0, 0, 0
14200, 2426339, 0, 0, 0
14302, 2247663, 0, 0, 0
14402, 2269331, 0, 0, 0
14500, 2441683, 0, 0, 0
14601, 2394450, 0, 0, 0
14700, 2465713, 0, 0, 0
14801, 2524817, 0, 0, 0
14900, 2459901, 0, 0, 0
15000, 2492656, 0, 0, 0
15101, 2509147, 0, 0, 0
15201, 2414410, 0, 0, 0
15301, 2486027, 0, 0, 0
15400, 2419021, 0, 0, 0
15501, 2338785, 0, 0, 0
15600, 2335906, 0, 0, 0
15700, 2315016, 0, 0, 0
15800, 2282181, 0, 0, 0
15900, 2309385, 0, 0, 0
16002, 2409370, 0, 0, 0
16100, 2454311, 0, 0, 0
16200, 2407064, 0, 0, 0
16301, 2407591, 0, 0, 0
16400, 2341573, 0, 0, 0
16500, 2314362, 0, 0, 0
16601, 2391724, 0, 0, 0
16700, 2420368, 0, 0, 0
16802, 2461801, 0, 0, 0
16900, 2499471, 0, 0, 0
17002, 2550026, 0, 0, 0
17100, 2429260, 0, 0, 0
17200, 2372009, 0, 0, 0
17302, 2418845, 0, 0, 0
17401, 2415492, 0, 0, 0
17501, 2417219, 0, 0, 0
17602, 2471403, 0, 0, 0
17700, 2320916, 0, 0, 0
17801, 2391419, 0, 0, 0
17900, 2516977, 0, 0, 0
18002, 2548337, 0, 0, 0
18101, 2655210, 0, 0, 0
18201, 2429325, 0, 0, 0
18302, 2448325, 0, 0, 0
18401, 2368306, 0, 0, 0
18500, 2327286, 0, 0, 0
18600, 2375865, 0, 0, 0
18700, 2323243, 0, 0, 0
18801, 2392538, 0, 0, 0
18900, 2526330, 0, 0, 0
19001, 2516295, 0, 0, 0
19102, 2327701, 0, 0, 0
19201, 2603187, 0, 0, 0
19300, 2413407, 0, 0, 0
19400, 2431637, 0, 0, 0
19502, 2346642, 0, 0, 0
19601, 2303373, 0, 0, 0
19700, 2405603, 0, 0, 0
19802, 2252329, 0, 0, 0
19900, 2385787, 0, 0, 0
20000, 2373885, 0, 0, 0
20100, 2212769, 0, 0, 0
20200, 2312440, 0, 0, 0
20300, 2478079, 0, 0, 0
20400, 2501795, 0, 0, 0
20500, 2619739, 0, 0, 0
20601, 2516965, 0, 0, 0
20700, 2527512, 0, 0, 0
20802, 2537905, 0, 0, 0
20901, 2463749, 0, 0, 0
21001, 2476858, 0, 0, 0
21100, 2418855, 0, 0, 0
21202, 2402055, 0, 0, 0
21301, 2455773, 0, 0, 0
21400, 2475948, 0, 0, 0
21501, 2518677, 0, 0, 0
21601, 2489684, 0, 0, 0
21700, 2390594, 0, 0, 0
21800, 2260030, 0, 0, 0
21901, 2288523, 0, 0, 0
22000, 2361637, 0, 0, 0
22102, 2471307, 0, 0, 0
22201, 2459281, 0, 0, 0
22302, 2230408, 0, 0, 0
22401, 2598489, 0, 0, 0
22501, 2440581, 0, 0, 0
22600, 2286229, 0, 0, 0
22701, 2335970, 0, 0, 0
22802, 2390085, 0, 0, 0
22901, 2529598, 0, 0, 0
23002, 2387376, 0, 0, 0
23101, 2546174, 0, 0, 0
23200, 2394354, 0, 0, 0
23301, 2403633, 0, 0, 0
23400, 2453957, 0, 0, 0
23500, 2430073, 0, 0, 0
23601, 2444041, 0, 0, 0
23701, 2488197, 0, 0, 0
23801, 2441574, 0, 0, 0
23900, 2456622, 0, 0, 0
24001, 2398015, 0, 0, 0
24101, 2374110, 0, 0, 0
24200, 2353905, 0, 0, 0
24301, 2388620, 0, 0, 0
24402, 2380302, 0, 0, 0
24501, 2351006, 0, 0, 0
24601, 2380361, 0, 0, 0
24700, 2294599, 0, 0, 0
24801, 2394204, 0, 0, 0
24900, 2456835, 0, 0, 0
25000, 2488279, 0, 0, 0
25102, 2475853, 0, 0, 0
25200, 2331284, 0, 0, 0
25300, 2424094, 0, 0, 0
25402, 2249397, 0, 0, 0
25500, 2329724, 0, 0, 0
25602, 2301605, 0, 0, 0
25700, 2326221, 0, 0, 0
25800, 2432395, 0, 0, 0
25900, 2497999, 0, 0, 0
26001, 2443304, 0, 0, 0
26102, 2514637, 0, 0, 0
26201, 2419447, 0, 0, 0
26302, 2503058, 0, 0, 0
26402, 2418030, 0, 0, 0
26500, 2391169, 0, 0, 0
26602, 2297871, 0, 0, 0
26700, 2341772, 0, 0, 0
26802, 2524929, 0, 0, 0
26901, 2349712, 0, 0, 0
27001, 2499367, 0, 0, 0
27102, 2275581, 0, 0, 0
27200, 2385257, 0, 0, 0
27300, 2275133, 0, 0, 0
27401, 2440123, 0, 0, 0
27502, 2352718, 0, 0, 0
27601, 2449683, 0, 0, 0
27700, 2297276, 0, 0, 0
27801, 2407127, 0, 0, 0
27900, 2329643, 0, 0, 0
28001, 2336485, 0, 0, 0
28101, 2331035, 0, 0, 0
28202, 2388400, 0, 0, 0
28302, 2485171, 0, 0, 0
28401, 2531120, 0, 0, 0
28501, 2435735, 0, 0, 0
28600, 2394327, 0, 0, 0
28700, 2422285, 0, 0, 0
28800, 2447247, 0, 0, 0
28900, 2313560, 0, 0, 0
29001, 2387971, 0, 0, 0
29100, 2464945, 0, 0, 0
29200, 2313263, 0, 0, 0
29302, 2414734, 0, 0, 0
29400, 2513267, 0, 0, 0
29500, 2426939, 0, 0, 0
29602, 2533558, 0, 0, 0
29702, 2437991, 0, 0, 0
29800, 2371555, 0, 0, 0
29900, 2436519, 0, 0, 0
30000, 2471946, 0, 0, 0
30101, 2283384, 0, 0, 0
30201, 2439091, 0, 0, 0
30301, 2424638, 0, 0, 0
30401, 2426919, 0, 0, 0
30502, 2443049, 0, 0, 0
30601, 2369161, 0, 0, 0
30700, 2445719, 0, 0, 0
30802, 2485219, 0, 0, 0
30900, 2368297, 0, 0, 0
31000, 2388138, 0, 0, 0
31100, 2431260, 0, 0, 0
31201, 2449602, 0, 0, 0
31301, 2428575, 0, 0, 0
31400, 2508782, 0, 0, 0
31501, 2461836, 0, 0, 0
31600, 2464835, 0, 0, 0
31700, 2378299, 0, 0, 0
31800, 2318090, 0, 0, 0
31902, 2459980, 0, 0, 0
32000, 2505158, 0, 0, 0
32100, 2433898, 0, 0, 0
32202, 2462979, 0, 0, 0
32300, 2519613, 0, 0, 0
32400, 2357634, 0, 0, 0
32500, 2439972, 0, 0, 0
32600, 2434551, 0, 0, 0
32700, 2408843, 0, 0, 0
32800, 2380180, 0, 0, 0
32900, 2427908, 0, 0, 0
33000, 2378046, 0, 0, 0
33101, 2499005, 0, 0, 0
33202, 2392158, 0, 0, 0
33300, 2565900, 0, 0, 0
33400, 2374887, 0, 0, 0
33502, 2433267, 0, 0, 0
33601, 2459083, 0, 0, 0
33701, 2609413, 0, 0, 0
33800, 2414628, 0, 0, 0
33900, 2316041, 0, 0, 0
34001, 2392916, 0, 0, 0
34101, 2417561, 0, 0, 0
34201, 2438487, 0, 0, 0
34301, 2488571, 0, 0, 0
34402, 2435945, 0, 0, 0
34501, 2480598, 0, 0, 0
34601, 2471924, 0, 0, 0
34701, 2384650, 0, 0, 0
34802, 2500331, 0, 0, 0
34901, 2403564, 0, 0, 0
35001, 2263049, 0, 0, 0
35102, 2523411, 0, 0, 0
35200, 2385557, 0, 0, 0
35300, 2360002, 0, 0, 0
35400, 2558228, 0, 0, 0
35501, 2460599, 0, 0, 0
35601, 2427398, 0, 0, 0
35700, 2450106, 0, 0, 0
35800, 2493145, 0, 0, 0
35901, 2452637, 0, 0, 0
36000, 2303952, 0, 0, 0
36100, 2543183, 0, 0, 0
36201, 2452731, 0, 0, 0
36301, 2431695, 0, 0, 0
36401, 2470021, 0, 0, 0
36500, 2469604, 0, 0, 0
36600, 2501618, 0, 0, 0
36701, 2496927, 0, 0, 0
36802, 2515117, 0, 0, 0
36901, 2468901, 0, 0, 0
37000, 2545524, 0, 0, 0
37100, 2418016, 0, 0, 0
37201, 2332949, 0, 0, 0
37300, 2525858, 0, 0, 0
37401, 2292403, 0, 0, 0
37500, 2354218, 0, 0, 0
37600, 2313493, 0, 0, 0
37701, 2280639, 0, 0, 0
37802, 2457126, 0, 0, 0
37900, 2495702, 0, 0, 0
38000, 2436994, 0, 0, 0
38101, 2375378, 0, 0, 0
38201, 2489468, 0, 0, 0
38300, 2528778, 0, 0, 0
38401, 2396359, 0, 0, 0
38501, 2379773, 0, 0, 0
38600, 2391714, 0, 0, 0
38701, 2395218, 0, 0, 0
38800, 2369212, 0, 0, 0
38901, 2435124, 0, 0, 0
39000, 2416308, 0, 0, 0
39101, 2383906, 0, 0, 0
39201, 2490168, 0, 0, 0
39300, 2481398, 0, 0, 0
39401, 2560663, 0, 0, 0
39501, 2378869, 0, 0, 0
39601, 2378295, 0, 0, 0
39701, 2481843, 0, 0, 0
39800, 2518067, 0, 0, 0
39901, 2351943, 0, 0, 0
40002, 2388772, 0, 0, 0
40100, 2447536, 0, 0, 0
40200, 2419789, 0, 0, 0
40301, 2402652, 0, 0, 0
40400, 2527151, 0, 0, 0
40501, 2503542, 0, 0, 0
40601, 2495653, 0, 0, 0
40701, 2479773, 0, 0, 0
40800, 2339979, 0, 0, 0
40901, 2350746, 0, 0, 0
41000, 2461181, 0, 0, 0
41102, 2470626, 0, 0, 0
41200, 2439267, 0, 0, 0
41301, 2458116, 0, 0, 0
41401, 2435058, 0, 0, 0
41501, 2479746, 0, 0, 0
41600, 2523483, 0, 0, 0
41700, 2491430, 0, 0, 0
41801, 2460737, 0, 0, 0
41902, 2381515, 0, 0, 0
42000, 2333822, 0, 0, 0
42100, 2486251, 0, 0, 0
42201, 2518048, 0, 0, 0
42301, 2431630, 0, 0, 0
42402, 2380717, 0, 0, 0
42502, 2429799, 0, 0, 0
42602, 2494934, 0, 0, 0
42700, 2336522, 0, 0, 0
42801, 2500841, 0, 0, 0
42900, 2415739, 0, 0, 0
43001, 2331311, 0, 0, 0
43100, 2394912, 0, 0, 0
43200, 2441076, 0, 0, 0
43301, 2387165, 0, 0, 0
43401, 2481870, 0, 0, 0
43502, 2457807, 0, 0, 0
43600, 2443482, 0, 0, 0
43700, 2358845, 0, 0, 0
43800, 2386142, 0, 0, 0
43900, 2492530, 0, 0, 0
44000, 2414650, 0, 0, 0
44101, 2386199, 0, 0, 0
44201, 2444394, 0, 0, 0
44300, 2293363, 0, 0, 0
44401, 2274573, 0, 0, 0
44501, 2480513, 0, 0, 0
44601, 2490500, 0, 0, 0
44700, 2526619, 0, 0, 0
44800, 2327272, 0, 0, 0
44900, 2376206, 0, 0, 0
45001, 2329324, 0, 0, 0
45102, 2388337, 0, 0, 0
45201, 2473508, 0, 0, 0
45301, 2496048, 0, 0, 0
45400, 2505866, 0, 0, 0
45501, 2455629, 0, 0, 0
45601, 2433681, 0, 0, 0
45701, 2490286, 0, 0, 0
45801, 2486237, 0, 0, 0
45901, 2419918, 0, 0, 0
46000, 2484461, 0, 0, 0
46101, 2319098, 0, 0, 0
46201, 2494935, 0, 0, 0
46302, 2332709, 0, 0, 0
46401, 2411757, 0, 0, 0
46500, 2395206, 0, 0, 0
46600, 2499775, 0, 0, 0
46700, 2378291, 0, 0, 0
46800, 2420156, 0, 0, 0
46902, 2417517, 0, 0, 0
47002, 2433181, 0, 0, 0
47101, 2341850, 0, 0, 0
47200, 2405844, 0, 0, 0
47300, 2277767, 0, 0, 0
47401, 2500290, 0, 0, 0
47501, 2434727, 0, 0, 0
47601, 2307325, 0, 0, 0
47700, 2356781, 0, 0, 0
47802, 2251167, 0, 0, 0
47901, 2420321, 0, 0, 0
48001, 2365943, 0, 0, 0
48101, 2554978, 0, 0, 0
48200, 2453506, 0, 0, 0
48301, 2337206, 0, 0, 0
48400, 2307591, 0, 0, 0
48500, 2369373, 0, 0, 0
48600, 2427154, 0, 0, 0
48700, 2364518, 0, 0, 0
48800, 2439855, 0, 0, 0
48901, 2329559, 0, 0, 0
49000, 2346527, 0, 0, 0
49101, 2381253, 0, 0, 0
49202, 2357004, 0, 0, 0
49300, 2365296, 0, 0, 0
49400, 2559991, 0, 0, 0
49501, 2522796, 0, 0, 0
49601, 2307654, 0, 0, 0
49700, 2468285, 0, 0, 0
49801, 2393929, 0, 0, 0
49901, 2428323, 0, 0, 0
50001, 2363969, 0, 0, 0
50101, 2492778, 0, 0, 0
50201, 2361190, 0, 0, 0
50302, 2456592, 0, 0, 0
50400, 2368094, 0, 0, 0
50501, 2472140, 0, 0, 0
50602, 2273701, 0, 0, 0
50700, 2443568, 0, 0, 0
50801, 2397388, 0, 0, 0
50900, 2411184, 0, 0, 0
51001, 2327093, 0, 0, 0
51101, 2377274, 0, 0, 0
51200, 2459534, 0, 0, 0
51300, 2423070, 0, 0, 0
51400, 2433148, 0, 0, 0
51501, 2443209, 0, 0, 0
51600, 2473084, 0, 0, 0
51701, 2503362, 0, 0, 0
51800, 2525732, 0, 0, 0
51901, 2412493, 0, 0, 0
52001, 2301957, 0, 0, 0
52101, 2489569, 0, 0, 0
52200, 2363982, 0, 0, 0
52302, 2290846, 0, 0, 0
52401, 2306019, 0, 0, 0
52500, 2396402, 0, 0, 0
52601, 2462621, 0, 0, 0
52702, 2494594, 0, 0, 0
52801, 2474059, 0, 0, 0
52900, 2397097, 0, 0, 0
53000, 2497219, 0, 0, 0
53101, 2398063, 0, 0, 0
53200, 2355982, 0, 0, 0
53301, 2557595, 0, 0, 0
53400, 2352217, 0, 0, 0
53502, 2415601, 0, 0, 0
53602, 2421878, 0, 0, 0
53701, 2402611, 0, 0, 0
53801, 2501895, 0, 0, 0
53900, 2516873, 0, 0, 0
54002, 2472679, 0, 0, 0
54100, 2392987, 0, 0, 0
54200, 2378605, 0, 0, 0
54301, 2384481, 0, 0, 0
54400, 2346698, 0, 0, 0
54501, 2384485, 0, 0, 0
54601, 2276930, 0, 0, 0
54701, 2369658, 0, 0, 0
54802, 2493835, 0, 0, 0
54900, 2502183, 0, 0, 0
55000, 2439201, 0, 0, 0
55101, 2518125, 0, 0, 0
55202, 2378057, 0, 0, 0
55300, 2440111, 0, 0, 0
55401, 2461975, 0, 0, 0
55502, 2507019, 0, 0, 0
55601, 2404701, 0, 0, 0
55701, 2449315, 0, 0, 0
55800, 2459472, 0, 0, 0
55901, 2393188, 0, 0, 0
56001, 2369371, 0, 0, 0
56100, 2396727, 0, 0, 0
56200, 2445068, 0, 0, 0
56300, 2305940, 0, 0, 0
56401, 2513894, 0, 0, 0
56502, 2346346, 0, 0, 0
56600, 2503424, 0, 0, 0
56700, 2482951, 0, 0, 0
56801, 2503656, 0, 0, 0
56902, 2519651, 0, 0, 0
57000, 2434723, 0, 0, 0
57101, 2467745, 0, 0, 0
57201, 2535613, 0, 0, 0
57301, 2489117, 0, 0, 0
57400, 2353096, 0, 0, 0
57500, 2370841, 0, 0, 0
57600, 2429588, 0, 0, 0
57700, 2274868, 0, 0, 0
57800, 2254154, 0, 0, 0
57902, 2663347, 0, 0, 0
58001, 2460818, 0, 0, 0
58100, 2306864, 0, 0, 0
58200, 2321516, 0, 0, 0
58301, 2382535, 0, 0, 0
58401, 2482606, 0, 0, 0
58501, 2494529, 0, 0, 0
58602, 2442277, 0, 0, 0
58702, 2499438, 0, 0, 0
58801, 2410204, 0, 0, 0
58901, 2482969, 0, 0, 0
59001, 2419522, 0, 0, 0
59100, 2464193, 0, 0, 0
59201, 2519580, 0, 0, 0
59301, 2432100, 0, 0, 0
59402, 2450570, 0, 0, 0
59500, 2370354, 0, 0, 0
59600, 2325155, 0, 0, 0
59700, 2382216, 0, 0, 0
59801, 2507856, 0, 0, 0
59902, 2391508, 0, 0, 0
60000, 2320937, 0, 0, 0
60101, 2502891, 0, 0, 0
60200, 2353946, 0, 0, 0
60301, 2462417, 0, 0, 0
60401, 2427469, 0, 0, 0
60500, 2327146, 0, 0, 0
60601, 2413019, 0, 0, 0
60701, 2471881, 0, 0, 0
60801, 2386544, 0, 0, 0
60900, 2338270, 0, 0, 0
61002, 2311393, 0, 0, 0
61100, 2377079, 0, 0, 0
61201, 2400500, 0, 0, 0
61300, 2511050, 0, 0, 0
61400, 2431130, 0, 0, 0
61500, 2283378, 0, 0, 0
61600, 2312386, 0, 0, 0
61701, 2326158, 0, 0, 0
61800, 2362487, 0, 0, 0
61901, 2339497, 0, 0, 0
62001, 2319156, 0, 0, 0
62100, 2461223, 0, 0, 0
62201, 2378856, 0, 0, 0
62301, 2439649, 0, 0, 0
62400, 2412651, 0, 0, 0
62501, 2387887, 0, 0, 0
62601, 2429790, 0, 0, 0
62701, 2417104, 0, 0, 0
62800, 2348361, 0, 0, 0
62901, 2395976, 0, 0, 0
63001, 2492460, 0, 0, 0
63101, 2316111, 0, 0, 0
63200, 2393770, 0, 0, 0
63301, 2529572, 0, 0, 0
63400, 2403251, 0, 0, 0
63501, 2452976, 0, 0, 0
63600, 2511569, 0, 0, 0
63700, 2328855, 0, 0, 0
63801, 2379751, 0, 0, 0
63900, 2424397, 0, 0, 0
64001, 2380524, 0, 0, 0
64101, 2383550, 0, 0, 0
64201, 2359756, 0, 0, 0
64300, 2541402, 0, 0, 0
64402, 2479097, 0, 0, 0
64501, 2503226, 0, 0, 0
64602, 2456013, 0, 0, 0
64702, 2381356, 0, 0, 0
64800, 2390424, 0, 0, 0
64902, 2342552, 0, 0, 0
65001, 2406862, 0, 0, 0
65101, 2377020, 0, 0, 0
65202, 2388366, 0, 0, 0
65301, 2357225, 0, 0, 0
65401, 2419675, 0, 0, 0
65501, 2381464, 0, 0, 0
65600, 2390088, 0, 0, 0
65701, 2343308, 0, 0, 0
65801, 2436093, 0, 0, 0
65900, 2281037, 0, 0, 0
66002, 2470646, 0, 0, 0
66101, 2421596, 0, 0, 0
66202, 2436901, 0, 0, 0
66301, 2470100, 0, 0, 0
66401, 2270618, 0, 0, 0
66502, 2396337, 0, 0, 0
66600, 2424476, 0, 0, 0
66700, 2440934, 0, 0, 0
66800, 2493547, 0, 0, 0
66901, 2431426, 0, 0, 0
67001, 2505271, 0, 0, 0
67101, 2428444, 0, 0, 0
67201, 2433118, 0, 0, 0
67301, 2360353, 0, 0, 0
67402, 2450060, 0, 0, 0
67500, 2568130, 0, 0, 0
67600, 2370621, 0, 0, 0
67700, 2371759, 0, 0, 0
67801, 2335482, 0, 0, 0
67900, 2239719, 0, 0, 0
68002, 2357706, 0, 0, 0
68102, 2264381, 0, 0, 0
68200, 2332687, 0, 0, 0
68300, 2312859, 0, 0, 0
68401, 2346039, 0, 0, 0
68500, 2356105, 0, 0, 0
68601, 2433008, 0, 0, 0
68700, 2424352, 0, 0, 0
68800, 2418792, 0, 0, 0
68901, 2382742, 0, 0, 0
69002, 2402404, 0, 0, 0
69102, 2489142, 0, 0, 0
69200, 2507402, 0, 0, 0
69300, 2420389, 0, 0, 0
69400, 2322183, 0, 0, 0
69501, 2344266, 0, 0, 0
69601, 2368752, 0, 0, 0
69702, 2388110, 0, 0, 0
69801, 2419116, 0, 0, 0
69900, 2588442, 0, 0, 0
70001, 2454025, 0, 0, 0
70101, 2415563, 0, 0, 0
70200, 2476418, 0, 0, 0
70301, 2522437, 0, 0, 0
70401, 2466490, 0, 0, 0
70501, 2446052, 0, 0, 0
70601, 2467870, 0, 0, 0
70700, 2465862, 0, 0, 0
70801, 2290889, 0, 0, 0
70902, 2398623, 0, 0, 0
71001, 2525567, 0, 0, 0
71100, 2299729, 0, 0, 0
71200, 2413392, 0, 0, 0
71301, 2448576, 0, 0, 0
71401, 2435108, 0, 0, 0
71500, 2407384, 0, 0, 0
71600, 2431509, 0, 0, 0
71702, 2528824, 0, 0, 0
71801, 2416087, 0, 0, 0
71901, 2470999, 0, 0, 0
72000, 2414798, 0, 0, 0
72100, 2369893, 0, 0, 0
72200, 2422838, 0, 0, 0
72301, 2403052, 0, 0, 0
72401, 2495239, 0, 0, 0
72501, 2411463, 0, 0, 0
72601, 2372245, 0, 0, 0
72702, 2454096, 0, 0, 0
72802, 2495518, 0, 0, 0
72901, 2358650, 0, 0, 0
73001, 2354404, 0, 0, 0
73101, 2429443, 0, 0, 0
73201, 2436072, 0, 0, 0
73301, 2420710, 0, 0, 0
73401, 2563654, 0, 0, 0
73500, 2416431, 0, 0, 0
73600, 2552734, 0, 0, 0
73702, 2459947, 0, 0, 0
73801, 2349128, 0, 0, 0
73901, 2369893, 0, 0, 0
74000, 2473108, 0, 0, 0
74101, 2382621, 0, 0, 0
74202, 2398078, 0, 0, 0
74301, 2401722, 0, 0, 0
74400, 2303438, 0, 0, 0
74501, 2438766, 0, 0, 0
74601, 2443404, 0, 0, 0
74701, 2355527, 0, 0, 0
74801, 2334452, 0, 0, 0
74900, 2388869, 0, 0, 0
75001, 2348864, 0, 0, 0
75100, 2406935, 0, 0, 0
75201, 2373484, 0, 0, 0
75301, 2393664, 0, 0, 0
75401, 2420159, 0, 0, 0
75501, 2369866, 0, 0, 0
75601, 2365895, 0, 0, 0
75702, 2635948, 0, 0, 0
75801, 2617680, 0, 0, 0
75900, 2589807, 0, 0, 0
76001, 2494024, 0, 0, 0
76102, 2465686, 0, 0, 0
76202, 2364373, 0, 0, 0
76301, 2398468, 0, 0, 0
76400, 2303954, 0, 0, 0
76500, 2322369, 0, 0, 0
76601, 2391390, 0, 0, 0
76700, 2286244, 0, 0, 0
76800, 2304073, 0, 0, 0
76902, 2415485, 0, 0, 0
77001, 2426330, 0, 0, 0
77101, 2300692, 0, 0, 0
77201, 2426055, 0, 0, 0
77301, 2438938, 0, 0, 0
77400, 2454202, 0, 0, 0
77500, 2493090, 0, 0, 0
77600, 2265698, 0, 0, 0
77701, 2277359, 0, 0, 0
77802, 2334918, 0, 0, 0
77901, 2539063, 0, 0, 0
78001, 2478944, 0, 0, 0
78101, 2431129, 0, 0, 0
78201, 2446554, 0, 0, 0
78300, 2466928, 0, 0, 0
78400, 2487835, 0, 0, 0
78501, 2508592, 0, 0, 0
78601, 2552504, 0, 0, 0
78700, 2342754, 0, 0, 0
78800, 2373266, 0, 0, 0
78902, 2295826, 0, 0, 0
79000, 2339985, 0, 0, 0
79101, 2290403, 0, 0, 0
79202, 2323726, 0, 0, 0
79300, 2393321, 0, 0, 0
79400, 2300368, 0, 0, 0
79501, 2583960, 0, 0, 0
79600, 2413296, 0, 0, 0
79701, 2386496, 0, 0, 0
79800, 2287521, 0, 0, 0
79902, 2359522, 0, 0, 0
80000, 2456119, 0, 0, 0
80101, 2439196, 0, 0, 0
80202, 2445993, 0, 0, 0
80302, 2502988, 0, 0, 0
80401, 2350371, 0, 0, 0
80501, 2471368, 0, 0, 0
80602, 2397037, 0, 0, 0
80701, 2543784, 0, 0, 0
80802, 2494309, 0, 0, 0
80902, 2430198, 0, 0, 0
81002, 2445681, 0, 0, 0
81101, 2457411, 0, 0, 0
81201, 2322354, 0, 0, 0
81301, 2364190, 0, 0, 0
81401, 2256038, 0, 0, 0
81500, 2417253, 0, 0, 0
81601, 2334077, 0, 0, 0
81700, 2395957, 0, 0, 0
81801, 2338813, 0, 0, 0
81900, 2359032, 0, 0, 0
82000, 2424955, 0, 0, 0
82102, 2413858, 0, 0, 0
82200, 2451614, 0, 0, 0
82300, 2470128, 0, 0, 0
82401, 2462887, 0, 0, 0
82501, 2435600, 0, 0, 0
82600, 2518128, 0, 0, 0
82700, 2488831, 0, 0, 0
82800, 2373392, 0, 0, 0
82901, 2345004, 0, 0, 0
83000, 2392574, 0, 0, 0
83101, 2333375, 0, 0, 0
83201, 2326712, 0, 0, 0
83300, 2594143, 0, 0, 0
83401, 2439113, 0, 0, 0
83501, 2431769, 0, 0, 0
83601, 2372394, 0, 0, 0
83701, 2427655, 0, 0, 0
83800, 2339346, 0, 0, 0
83902, 2375448, 0, 0, 0
84000, 2327172, 0, 0, 0
84100, 2420008, 0, 0, 0
84201, 2515196, 0, 0, 0
84301, 2438834, 0, 0, 0
84401, 2479892, 0, 0, 0
84501, 2420117, 0, 0, 0
84601, 2485417, 0, 0, 0
84700, 2525322, 0, 0, 0
84800, 2497057, 0, 0, 0
84900, 2438455, 0, 0, 0
85000, 2427178, 0, 0, 0
85100, 2428813, 0, 0, 0
85202, 2404840, 0, 0, 0
85300, 2448488, 0, 0, 0
85400, 2423749, 0, 0, 0
85501, 2449884, 0, 0, 0
85601, 2550637, 0, 0, 0
85703, 2536753, 0, 0, 0
85800, 2484023, 0, 0, 0
85902, 2530882, 0, 0, 0
86000, 2453785, 0, 0, 0
86101, 2505361, 0, 0, 0
86201, 2431416, 0, 0, 0
86301, 2440415, 0, 0, 0
86401, 2430238, 0, 0, 0
86501, 2430516, 0, 0, 0
86601, 2479671, 0, 0, 0
86701, 2417066, 0, 0, 0
86800, 2357835, 0, 0, 0
86900, 2492009, 0, 0, 0
87002, 2527380, 0, 0, 0
87100, 2575421, 0, 0, 0
87201, 2507160, 0, 0, 0
87300, 2298129, 0, 0, 0
87401, 2334192, 0, 0, 0
87500, 2337793, 0, 0, 0
87601, 2249601, 0, 0, 0
87702, 2268720, 0, 0, 0
87802, 2489947, 0, 0, 0
87901, 2292833, 0, 0, 0
88000, 2310198, 0, 0, 0
88102, 2404985, 0, 0, 0
88202, 2552588, 0, 0, 0
88300, 2439574, 0, 0, 0
88400, 2436652, 0, 0, 0
88501, 2347524, 0, 0, 0
88600, 2385742, 0, 0, 0
88700, 2320133, 0, 0, 0
88800, 2310807, 0, 0, 0
88901, 2297845, 0, 0, 0
89001, 2258955, 0, 0, 0
89101, 2315771, 0, 0, 0
89200, 2397290, 0, 0, 0
89302, 2360848, 0, 0, 0
89401, 2402971, 0, 0, 0
89501, 2372126, 0, 0, 0
89600, 2422487, 0, 0, 0
89700, 2485880, 0, 0, 0
89801, 2348678, 0, 0, 0
89901, 2371723, 0, 0, 0
90001, 2295091, 0, 0, 0
