250, 2168, 0, 0, 0
350, 2220, 0, 0, 0
450, 2220, 0, 0, 0
550, 2300, 0, 0, 0
650, 2320, 0, 0, 0
749, 2202, 0, 0, 0
849, 2230, 0, 0, 0
949, 2190, 0, 0, 0
1050, 2270, 0, 0, 0
1150, 2260, 0, 0, 0
1249, 2292, 0, 0, 0
1349, 2140, 0, 0, 0
1449, 2190, 0, 0, 0
1549, 2310, 0, 0, 0
1649, 2230, 0, 0, 0
1749, 2200, 0, 0, 0
1849, 2300, 0, 0, 0
1949, 2250, 0, 0, 0
2049, 2320, 0, 0, 0
2150, 2220, 0, 0, 0
2249, 2111, 0, 0, 0
2349, 2260, 0, 0, 0
2449, 2200, 0, 0, 0
2549, 2300, 0, 0, 0
2649, 2270, 0, 0, 0
2749, 2270, 0, 0, 0
2849, 2360, 0, 0, 0
2949, 2230, 0, 0, 0
3050, 2250, 0, 0, 0
3150, 2230, 0, 0, 0
3249, 2242, 0, 0, 0
3349, 2220, 0, 0, 0
3449, 2170, 0, 0, 0
3549, 2070, 0, 0, 0
3649, 2270, 0, 0, 0
3749, 2220, 0, 0, 0
3849, 2300, 0, 0, 0
3949, 2150, 0, 0, 0
4050, 2210, 0, 0, 0
4150, 2230, 0, 0, 0
4249, 2191, 0, 0, 0
4349, 2220, 0, 0, 0
4449, 2300, 0, 0, 0
4549, 2280, 0, 0, 0
4649, 2250, 0, 0, 0
4749, 2250, 0, 0, 0
4849, 2290, 0, 0, 0
4949, 2310, 0, 0, 0
5050, 2280, 0, 0, 0
5150, 2180, 0, 0, 0
5249, 2222, 0, 0, 0
5349, 2240, 0, 0, 0
5449, 2200, 0, 0, 0
5549, 2150, 0, 0, 0
5649, 2220, 0, 0, 0
5749, 2390, 0, 0, 0
5849, 2200, 0, 0, 0
5949, 2190, 0, 0, 0
6049, 2190, 0, 0, 0
6150, 2230, 0, 0, 0
6250, 2200, 0, 0, 0
6350, 2220, 0, 0, 0
6450, 2220, 0, 0, 0
6550, 2220, 0, 0, 0
6650, 2160, 0, 0, 0
6749, 2282, 0, 0, 0
6849, 2270, 0, 0, 0
6949, 2130, 0, 0, 0
7049, 2290, 0, 0, 0
7149, 2210, 0, 0, 0
7250, 2260, 0, 0, 0
7350, 2190, 0, 0, 0
7450, 2140, 0, 0, 0
7550, 2220, 0, 0, 0
7650, 2250, 0, 0, 0
7749, 2171, 0, 0, 0
7849, 2220, 0, 0, 0
7949, 2190, 0, 0, 0
8049, 2280, 0, 0, 0
8149, 2220, 0, 0, 0
8250, 2170, 0, 0, 0
8350, 2110, 0, 0, 0
8450, 2150, 0, 0, 0
8550, 2250, 0, 0, 0
8650, 2270, 0, 0, 0
8749, 2252, 0, 0, 0
8849, 2190, 0, 0, 0
8949, 2240, 0, 0, 0
9049, 2260, 0, 0, 0
9149, 2220, 0, 0, 0
9250, 2310, 0, 0, 0
9350, 2270, 0, 0, 0
9450, 2240, 0, 0, 0
9550, 2250, 0, 0, 0
9650, 2250, 0, 0, 0
9749, 2202, 0, 0, 0
9849, 2190, 0, 0, 0
9949, 2300, 0, 0, 0
10049, 2260, 0, 0, 0
10149, 2230, 0, 0, 0
10250, 2140, 0, 0, 0
10350, 2100, 0, 0, 0
10450, 2280, 0, 0, 0
10550, 2200, 0, 0, 0
10650, 2240, 0, 0, 0
10749, 2323, 0, 0, 0
10849, 2250, 0, 0, 0
10949, 2260, 0, 0, 0
11049, 2260, 0, 0, 0
11149, 2270, 0, 0, 0
11250, 2220, 0, 0, 0
11350, 2210, 0, 0, 0
11450, 2190, 0, 0, 0
11550, 2230, 0, 0, 0
11650, 2200, 0, 0, 0
11749, 2313, 0, 0, 0
11849, 2220, 0, 0, 0
11949, 2220, 0, 0, 0
12049, 2260, 0, 0, 0
12149, 2260, 0, 0, 0
12250, 2290, 0, 0, 0
12350, 2220, 0, 0, 0
12450, 2290, 0, 0, 0
12550, 2260, 0, 0, 0
12650, 2240, 0, 0, 0
12749, 2212, 0, 0, 0
12849, 2130, 0, 0, 0
12949, 2280, 0, 0, 0
13049, 2190, 0, 0, 0
13149, 2270, 0, 0, 0
13250, 2280, 0, 0, 0
13350, 2280, 0, 0, 0
13450, 2220, 0, 0, 0
13550, 2320, 0, 0, 0
13650, 2240, 0, 0, 0
13749, 2131, 0, 0, 0
13849, 2240, 0, 0, 0
13949, 2300, 0, 0, 0
14049, 2280, 0, 0, 0
14149, 2220, 0, 0, 0
14250, 2130, 0, 0, 0
14350, 2190, 0, 0, 0
14450, 2280, 0, 0, 0
14550, 2270, 0, 0, 0
14650, 2190, 0, 0, 0
14749, 2090, 0, 0, 0
14849, 2370, 0, 0, 0
14949, 2150, 0, 0, 0
15049, 2220, 0, 0, 0
15149, 2180, 0, 0, 0
15250, 2260, 0, 0, 0
15350, 2160, 0, 0, 0
15450, 2170, 0, 0, 0
15550, 2240, 0, 0, 0
15650, 2220, 0, 0, 0
15749, 2111, 0, 0, 0
15849, 2260, 0, 0, 0
15949, 2150, 0, 0, 0
16049, 2260, 0, 0, 0
16150, 2170, 0, 0, 0
16250, 2250, 0, 0, 0
16350, 2240, 0, 0, 0
16450, 2180, 0, 0, 0
16550, 2210, 0, 0, 0
16650, 2190, 0, 0, 0
16749, 2272, 0, 0, 0
16849, 2140, 0, 0, 0
16949, 2240, 0, 0, 0
17049, 2310, 0, 0, 0
17150, 2230, 0, 0, 0
17250, 2180, 0, 0, 0
17350, 2190, 0, 0, 0
17450, 2290, 0, 0, 0
17550, 2280, 0, 0, 0
17650, 2290, 0, 0, 0
17749, 2010, 0, 0, 0
17849, 2210, 0, 0, 0
17949, 2260, 0, 0, 0
18049, 2250, 0, 0, 0
18149, 2240, 0, 0, 0
18250, 2190, 0, 0, 0
18350, 2120, 0, 0, 0
18450, 2250, 0, 0, 0
18550, 2220, 0, 0, 0
18650, 2180, 0, 0, 0
18749, 2272, 0, 0, 0
18849, 2170, 0, 0, 0
18949, 2290, 0, 0, 0
19049, 2290, 0, 0, 0
19150, 2200, 0, 0, 0
19250, 2260, 0, 0, 0
19350, 2220, 0, 0, 0
19450, 2180, 0, 0, 0
19550, 2130, 0, 0, 0
19650, 2270, 0, 0, 0
19749, 2222, 0, 0, 0
19849, 2380, 0, 0, 0
19949, 2080, 0, 0, 0
20049, 2270, 0, 0, 0
20150, 2220, 0, 0, 0
20250, 2200, 0, 0, 0
20350, 2230, 0, 0, 0
20450, 2330, 0, 0, 0
20550, 2240, 0, 0, 0
20650, 2250, 0, 0, 0
20749, 2242, 0, 0, 0
20849, 2220, 0, 0, 0
20949, 2210, 0, 0, 0
21049, 2110, 0, 0, 0
21149, 2190, 0, 0, 0
21250, 2240, 0, 0, 0
21350, 2250, 0, 0, 0
21450, 2190, 0, 0, 0
21550, 2200, 0, 0, 0
21650, 2280, 0, 0, 0
21749, 2101, 0, 0, 0
21849, 2230, 0, 0, 0
21949, 2090, 0, 0, 0
22049, 2270, 0, 0, 0
22149, 2200, 0, 0, 0
22250, 2240, 0, 0, 0
22350, 2260, 0, 0, 0
22450, 2240, 0, 0, 0
22550, 2220, 0, 0, 0
22650, 2300, 0, 0, 0
22749, 2303, 0, 0, 0
22849, 2290, 0, 0, 0
22949, 2290, 0, 0, 0
23049, 2270, 0, 0, 0
23149, 2150, 0, 0, 0
23250, 2240, 0, 0, 0
23350, 2180, 0, 0, 0
23450, 2210, 0, 0, 0
23550, 2170, 0, 0, 0
23650, 2160, 0, 0, 0
23749, 2181, 0, 0, 0
23849, 2190, 0, 0, 0
23949, 2240, 0, 0, 0
24049, 2200, 0, 0, 0
24149, 2180, 0, 0, 0
24250, 2270, 0, 0, 0
24350, 2320, 0, 0, 0
24450, 2240, 0, 0, 0
24550, 2270, 0, 0, 0
24650, 2210, 0, 0, 0
24749, 2292, 0, 0, 0
24849, 2270, 0, 0, 0
24949, 2230, 0, 0, 0
25049, 2310, 0, 0, 0
25149, 2300, 0, 0, 0
25250, 2250, 0, 0, 0
25350, 2270, 0, 0, 0
25450, 2270, 0, 0, 0
25550, 2220, 0, 0, 0
25650, 2220, 0, 0, 0
25749, 2262, 0, 0, 0
25849, 2320, 0, 0, 0
25949, 2200, 0, 0, 0
26049, 2260, 0, 0, 0
26150, 2240, 0, 0, 0
26250, 2180, 0, 0, 0
26350, 2230, 0, 0, 0
26450, 2180, 0, 0, 0
26550, 2300, 0, 0, 0
26650, 2220, 0, 0, 0
26749, 2181, 0, 0, 0
26849, 2130, 0, 0, 0
26949, 2210, 0, 0, 0
27049, 2120, 0, 0, 0
27150, 2270, 0, 0, 0
27250, 2260, 0, 0, 0
27350, 2200, 0, 0, 0
27450, 2290, 0, 0, 0
27550, 2230, 0, 0, 0
27650, 2250, 0, 0, 0
27749, 2252, 0, 0, 0
27849, 2230, 0, 0, 0
27949, 2250, 0, 0, 0
28050, 2260, 0, 0, 0
28150, 2260, 0, 0, 0
28249, 2181, 0, 0, 0
28349, 2220, 0, 0, 0
28449, 2260, 0, 0, 0
28549, 2170, 0, 0, 0
28649, 2310, 0, 0, 0
28749, 2190, 0, 0, 0
28849, 2190, 0, 0, 0
28949, 2170, 0, 0, 0
29050, 2260, 0, 0, 0
29150, 2210, 0, 0, 0
29249, 2161, 0, 0, 0
29349, 2150, 0, 0, 0
29449, 2210, 0, 0, 0
29549, 2300, 0, 0, 0
29649, 2230, 0, 0, 0
29749, 2200, 0, 0, 0
29849, 2210, 0, 0, 0
29949, 2110, 0, 0, 0
30050, 2170, 0, 0, 0
30150, 2280, 0, 0, 0
30249, 2353, 0, 0, 0
30349, 2340, 0, 0, 0
30449, 2230, 0, 0, 0
30549, 2190, 0, 0, 0
30649, 2250, 0, 0, 0
30749, 2220, 0, 0, 0
30849, 2220, 0, 0, 0
30949, 2190, 0, 0, 0
31050, 2230, 0, 0, 0
31150, 2270, 0, 0, 0
31249, 2161, 0, 0, 0
31349, 2120, 0, 0, 0
31449, 2270, 0, 0, 0
31549, 1360, 0, 0, 0
31649, 2170, 0, 0, 0
31749, 2150, 0, 0, 0
31849, 2180, 0, 0, 0
31950, 2250, 0, 0, 0
32050, 2220, 0, 0, 0
32150, 2280, 0, 0, 0
32249, 2202, 0, 0, 0
32349, 2310, 0, 0, 0
32449, 2220, 0, 0, 0
32549, 2280, 0, 0, 0
32649, 2240, 0, 0, 0
32749, 2230, 0, 0, 0
32850, 2180, 0, 0, 0
32950, 2300, 0, 0, 0
33050, 2270, 0, 0, 0
33150, 2160, 0, 0, 0
33249, 2303, 0, 0, 0
33349, 2160, 0, 0, 0
33449, 2150, 0, 0, 0
33549, 2270, 0, 0, 0
33649, 2240, 0, 0, 0
33749, 2270, 0, 0, 0
33850, 2270, 0, 0, 0
33950, 2150, 0, 0, 0
34050, 2300, 0, 0, 0
34150, 2270, 0, 0, 0
34249, 2333, 0, 0, 0
34349, 2260, 0, 0, 0
34449, 2170, 0, 0, 0
34549, 2240, 0, 0, 0
34649, 2160, 0, 0, 0
34750, 2230, 0, 0, 0
34850, 2160, 0, 0, 0
34950, 2200, 0, 0, 0
35050, 2250, 0, 0, 0
35150, 2220, 0, 0, 0
35249, 2282, 0, 0, 0
35349, 2190, 0, 0, 0
35449, 2220, 0, 0, 0
35549, 2240, 0, 0, 0
35649, 2190, 0, 0, 0
35750, 2180, 0, 0, 0
35850, 2230, 0, 0, 0
35950, 2230, 0, 0, 0
36050, 2230, 0, 0, 0
36150, 2180, 0, 0, 0
36249, 2242, 0, 0, 0
36349, 2170, 0, 0, 0
36449, 2260, 0, 0, 0
36549, 2170, 0, 0, 0
36649, 2200, 0, 0, 0
36750, 2190, 0, 0, 0
36850, 2210, 0, 0, 0
36950, 2160, 0, 0, 0
37050, 2220, 0, 0, 0
37150, 2180, 0, 0, 0
37249, 2282, 0, 0, 0
37349, 2230, 0, 0, 0
37449, 2200, 0, 0, 0
37549, 2320, 0, 0, 0
37649, 2210, 0, 0, 0
37750, 2300, 0, 0, 0
37850, 2250, 0, 0, 0
37950, 2230, 0, 0, 0
38050, 2280, 0, 0, 0
38150, 2260, 0, 0, 0
38249, 2222, 0, 0, 0
38349, 2230, 0, 0, 0
38449, 2180, 0, 0, 0
38550, 2200, 0, 0, 0
38650, 2190, 0, 0, 0
38749, 2272, 0, 0, 0
38849, 2200, 0, 0, 0
38949, 2220, 0, 0, 0
39049, 2230, 0, 0, 0
39149, 2200, 0, 0, 0
39249, 2220, 0, 0, 0
39349, 2150, 0, 0, 0
39449, 2160, 0, 0, 0
39550, 2170, 0, 0, 0
39650, 2260, 0, 0, 0
39750, 2310, 0, 0, 0
39850, 2190, 0, 0, 0
39950, 2190, 0, 0, 0
40050, 2220, 0, 0, 0
40150, 2300, 0, 0, 0
40249, 2282, 0, 0, 0
40349, 2260, 0, 0, 0
40449, 2280, 0, 0, 0
40550, 2180, 0, 0, 0
40650, 2050, 0, 0, 0
40749, 2222, 0, 0, 0
40849, 2200, 0, 0, 0
40949, 2160, 0, 0, 0
41049, 2280, 0, 0, 0
41149, 2260, 0, 0, 0
41249, 2210, 0, 0, 0
41349, 2300, 0, 0, 0
41449, 2210, 0, 0, 0
41550, 2140, 0, 0, 0
41650, 2210, 0, 0, 0
41749, 2252, 0, 0, 0
41849, 2200, 0, 0, 0
41949, 2180, 0, 0, 0
42049, 2230, 0, 0, 0
42149, 2250, 0, 0, 0
42249, 2120, 0, 0, 0
42349, 2170, 0, 0, 0
42449, 2230, 0, 0, 0
42550, 2220, 0, 0, 0
42650, 2260, 0, 0, 0
42749, 2222, 0, 0, 0
42849, 2250, 0, 0, 0
42949, 2260, 0, 0, 0
43049, 2340, 0, 0, 0
43149, 2250, 0, 0, 0
43249, 2260, 0, 0, 0
43349, 2170, 0, 0, 0
43449, 2300, 0, 0, 0
43550, 2220, 0, 0, 0
43650, 2300, 0, 0, 0
43749, 2242, 0, 0, 0
43849, 2090, 0, 0, 0
43949, 2230, 0, 0, 0
44049, 2250, 0, 0, 0
44149, 2260, 0, 0, 0
44249, 2260, 0, 0, 0
44349, 2200, 0, 0, 0
44449, 2220, 0, 0, 0
44550, 2110, 0, 0, 0
44650, 2300, 0, 0, 0
44749, 2272, 0, 0, 0
44849, 2220, 0, 0, 0
44949, 2260, 0, 0, 0
45049, 2290, 0, 0, 0
45149, 2200, 0, 0, 0
45249, 2220, 0, 0, 0
45349, 2200, 0, 0, 0
45450, 2250, 0, 0, 0
45550, 2260, 0, 0, 0
45650, 2240, 0, 0, 0
45749, 2252, 0, 0, 0
45849, 2220, 0, 0, 0
45949, 2210, 0, 0, 0
46049, 2240, 0, 0, 0
46149, 2210, 0, 0, 0
46249, 2180, 0, 0, 0
46349, 2160, 0, 0, 0
46449, 2180, 0, 0, 0
46550, 2220, 0, 0, 0
46650, 2190, 0, 0, 0
46749, 2212, 0, 0, 0
46849, 2190, 0, 0, 0
46949, 2210, 0, 0, 0
47049, 2290, 0, 0, 0
47149, 2300, 0, 0, 0
47249, 2190, 0, 0, 0
47349, 2260, 0, 0, 0
47450, 2150, 0, 0, 0
47550, 2290, 0, 0, 0
47650, 2190, 0, 0, 0
47749, 2202, 0, 0, 0
47849, 2260, 0, 0, 0
47949, 2250, 0, 0, 0
48049, 2230, 0, 0, 0
48149, 2310, 0, 0, 0
48250, 2220, 0, 0, 0
48350, 2200, 0, 0, 0
48450, 2190, 0, 0, 0
48550, 2230, 0, 0, 0
48650, 2200, 0, 0, 0
48749, 2262, 0, 0, 0
48849, 2230, 0, 0, 0
48949, 2340, 0, 0, 0
49049, 2220, 0, 0, 0
49149, 2160, 0, 0, 0
49250, 2220, 0, 0, 0
49350, 2230, 0, 0, 0
49450, 2260, 0, 0, 0
49550, 2190, 0, 0, 0
49650, 2110, 0, 0, 0
49749, 2272, 0, 0, 0
49849, 2260, 0, 0, 0
49949, 2180, 0, 0, 0
50049, 2270, 0, 0, 0
50149, 2170, 0, 0, 0
50250, 2190, 0, 0, 0
50350, 2170, 0, 0, 0
50450, 2200, 0, 0, 0
50550, 2280, 0, 0, 0
50650, 2250, 0, 0, 0
50749, 2191, 0, 0, 0
50849, 2210, 0, 0, 0
50949, 2260, 0, 0, 0
51049, 2250, 0, 0, 0
51149, 2200, 0, 0, 0
51250, 2260, 0, 0, 0
51350, 2210, 0, 0, 0
51450, 2180, 0, 0, 0
51550, 2180, 0, 0, 0
51650, 2130, 0, 0, 0
51749, 2232, 0, 0, 0
51849, 2220, 0, 0, 0
51949, 2240, 0, 0, 0
52049, 2230, 0, 0, 0
52149, 2190, 0, 0, 0
52250, 2170, 0, 0, 0
52350, 2240, 0, 0, 0
52450, 2220, 0, 0, 0
52550, 2240, 0, 0, 0
52650, 2170, 0, 0, 0
52749, 2202, 0, 0, 0
52849, 2200, 0, 0, 0
52949, 2300, 0, 0, 0
53049, 2210, 0, 0, 0
53149, 2180, 0, 0, 0
53250, 2250, 0, 0, 0
53350, 2100, 0, 0, 0
53450, 2160, 0, 0, 0
53550, 2240, 0, 0, 0
53650, 2150, 0, 0, 0
53749, 2222, 0, 0, 0
53849, 2190, 0, 0, 0
53949, 2010, 0, 0, 0
54049, 2230, 0, 0, 0
54150, 2000, 0, 0, 0
54250, 1930, 0, 0, 0
54350, 2070, 0, 0, 0
54450, 2020, 0, 0, 0
54550, 1890, 0, 0, 0
54650, 1950, 0, 0, 0
54749, 1888, 0, 0, 0
54849, 2180, 0, 0, 0
54949, 2130, 0, 0, 0
55049, 2160, 0, 0, 0
55150, 2250, 0, 0, 0
55250, 2090, 0, 0, 0
55350, 2150, 0, 0, 0
55450, 2190, 0, 0, 0
55550, 2250, 0, 0, 0
55650, 2260, 0, 0, 0
55749, 2111, 0, 0, 0
55849, 2160, 0, 0, 0
55949, 2280, 0, 0, 0
56049, 2270, 0, 0, 0
56150, 2300, 0, 0, 0
56250, 2180, 0, 0, 0
56350, 2190, 0, 0, 0
56450, 2330, 0, 0, 0
56550, 2170, 0, 0, 0
56650, 2150, 0, 0, 0
56749, 2171, 0, 0, 0
56849, 2080, 0, 0, 0
56949, 2140, 0, 0, 0
57049, 2200, 0, 0, 0
57150, 2110, 0, 0, 0
57250, 2260, 0, 0, 0
57350, 2250, 0, 0, 0
57450, 2160, 0, 0, 0
57550, 2180, 0, 0, 0
57650, 2190, 0, 0, 0
57749, 2151, 0, 0, 0
57849, 2220, 0, 0, 0
57949, 2270, 0, 0, 0
58049, 2250, 0, 0, 0
58150, 2180, 0, 0, 0
58250, 2230, 0, 0, 0
58350, 2220, 0, 0, 0
58450, 2110, 0, 0, 0
58550, 2260, 0, 0, 0
58650, 2190, 0, 0, 0
58749, 2303, 0, 0, 0
58849, 2230, 0, 0, 0
58949, 2230, 0, 0, 0
59049, 2270, 0, 0, 0
59150, 2110, 0, 0, 0
59250, 2050, 0, 0, 0
59350, 2220, 0, 0, 0
59450, 2130, 0, 0, 0
59550, 2240, 0, 0, 0
59650, 2170, 0, 0, 0
59749, 2161, 0, 0, 0
59849, 2150, 0, 0, 0
59949, 2200, 0, 0, 0
60049, 2190, 0, 0, 0
60150, 2270, 0, 0, 0
60250, 2240, 0, 0, 0
60350, 2150, 0, 0, 0
60450, 2270, 0, 0, 0
60550, 2110, 0, 0, 0
60650, 2150, 0, 0, 0
60749, 2050, 0, 0, 0
60849, 2200, 0, 0, 0
60949, 2250, 0, 0, 0
61050, 2200, 0, 0, 0
61150, 2220, 0, 0, 0
61250, 2280, 0, 0, 0
61350, 2170, 0, 0, 0
61450, 2250, 0, 0, 0
61550, 2270, 0, 0, 0
61650, 2160, 0, 0, 0
61749, 2222, 0, 0, 0
61849, 2190, 0, 0, 0
61949, 2200, 0, 0, 0
62050, 2250, 0, 0, 0
62150, 2050, 0, 0, 0
62249, 2151, 0, 0, 0
62349, 2220, 0, 0, 0
62449, 2140, 0, 0, 0
62549, 2170, 0, 0, 0
62649, 2230, 0, 0, 0
62749, 2190, 0, 0, 0
62849, 2180, 0, 0, 0
62949, 2240, 0, 0, 0
63050, 2200, 0, 0, 0
63150, 2260, 0, 0, 0
63249, 2171, 0, 0, 0
63349, 2270, 0, 0, 0
63449, 2200, 0, 0, 0
63549, 2220, 0, 0, 0
63649, 2170, 0, 0, 0
63749, 2190, 0, 0, 0
63849, 2240, 0, 0, 0
63949, 2240, 0, 0, 0
64050, 2230, 0, 0, 0
64150, 2240, 0, 0, 0
64249, 2232, 0, 0, 0
64349, 2230, 0, 0, 0
64449, 2180, 0, 0, 0
64549, 2240, 0, 0, 0
64649, 2160, 0, 0, 0
64749, 2200, 0, 0, 0
64849, 2250, 0, 0, 0
64949, 2290, 0, 0, 0
65050, 2270, 0, 0, 0
65150, 2250, 0, 0, 0
65249, 2202, 0, 0, 0
65349, 2270, 0, 0, 0
65449, 2160, 0, 0, 0
65549, 2220, 0, 0, 0
65649, 2270, 0, 0, 0
65749, 2180, 0, 0, 0
65849, 2170, 0, 0, 0
65949, 2220, 0, 0, 0
66050, 2210, 0, 0, 0
66150, 2260, 0, 0, 0
66249, 2232, 0, 0, 0
66349, 2220, 0, 0, 0
66449, 2210, 0, 0, 0
66549, 2260, 0, 0, 0
66649, 2180, 0, 0, 0
66749, 2130, 0, 0, 0
66849, 2200, 0, 0, 0
66949, 2230, 0, 0, 0
67050, 2190, 0, 0, 0
67150, 2100, 0, 0, 0
67249, 2232, 0, 0, 0
67349, 2230, 0, 0, 0
67449, 2230, 0, 0, 0
67549, 2230, 0, 0, 0
67649, 2280, 0, 0, 0
67749, 2260, 0, 0, 0
67849, 2180, 0, 0, 0
67950, 2230, 0, 0, 0
68050, 2120, 0, 0, 0
68150, 2280, 0, 0, 0
68249, 2212, 0, 0, 0
68349, 2290, 0, 0, 0
68449, 2250, 0, 0, 0
68549, 2270, 0, 0, 0
68649, 2220, 0, 0, 0
68749, 2160, 0, 0, 0
68849, 2190, 0, 0, 0
68950, 2280, 0, 0, 0
69050, 2210, 0, 0, 0
69150, 2210, 0, 0, 0
69249, 2191, 0, 0, 0
69349, 2250, 0, 0, 0
69449, 2200, 0, 0, 0
69549, 2250, 0, 0, 0
69649, 2320, 0, 0, 0
69749, 2260, 0, 0, 0
69849, 2250, 0, 0, 0
69949, 2230, 0, 0, 0
70050, 2240, 0, 0, 0
70150, 2190, 0, 0, 0
70249, 2252, 0, 0, 0
70349, 2270, 0, 0, 0
70449, 2260, 0, 0, 0
70549, 2250, 0, 0, 0
70649, 2330, 0, 0, 0
70749, 2290, 0, 0, 0
70850, 2180, 0, 0, 0
70950, 2180, 0, 0, 0
71050, 2150, 0, 0, 0
71150, 2160, 0, 0, 0
71249, 2252, 0, 0, 0
71349, 2210, 0, 0, 0
71449, 2220, 0, 0, 0
71549, 2270, 0, 0, 0
71649, 2220, 0, 0, 0
71749, 2260, 0, 0, 0
71849, 2280, 0, 0, 0
71950, 2210, 0, 0, 0
72050, 2210, 0, 0, 0
72150, 2210, 0, 0, 0
72249, 2191, 0, 0, 0
72349, 1950, 0, 0, 0
72449, 2330, 0, 0, 0
72549, 2180, 0, 0, 0
72649, 2220, 0, 0, 0
72749, 2270, 0, 0, 0
72850, 2200, 0, 0, 0
72950, 2220, 0, 0, 0
73050, 2030, 0, 0, 0
73150, 2170, 0, 0, 0
73249, 2252, 0, 0, 0
73349, 2260, 0, 0, 0
73449, 2150, 0, 0, 0
73549, 2210, 0, 0, 0
73649, 2280, 0, 0, 0
73749, 2230, 0, 0, 0
73850, 2240, 0, 0, 0
73950, 2220, 0, 0, 0
74050, 2270, 0, 0, 0
74150, 2280, 0, 0, 0
74249, 2222, 0, 0, 0
74349, 2240, 0, 0, 0
74449, 2200, 0, 0, 0
74549, 2220, 0, 0, 0
74649, 2140, 0, 0, 0
74750, 2240, 0, 0, 0
74850, 2230, 0, 0, 0
74950, 2160, 0, 0, 0
75050, 2330, 0, 0, 0
75150, 2270, 0, 0, 0
75249, 2292, 0, 0, 0
75349, 2220, 0, 0, 0
75449, 2240, 0, 0, 0
75549, 2260, 0, 0, 0
75649, 2190, 0, 0, 0
75750, 2290, 0, 0, 0
75850, 2180, 0, 0, 0
75950, 2290, 0, 0, 0
76050, 2280, 0, 0, 0
76150, 2190, 0, 0, 0
76249, 2222, 0, 0, 0
76349, 2290, 0, 0, 0
76449, 2270, 0, 0, 0
76549, 2260, 0, 0, 0
76649, 2160, 0, 0, 0
76750, 2310, 0, 0, 0
76850, 2280, 0, 0, 0
76950, 2210, 0, 0, 0
77050, 2250, 0, 0, 0
77150, 2240, 0, 0, 0
77249, 2212, 0, 0, 0
77349, 2280, 0, 0, 0
77449, 2240, 0, 0, 0
77549, 2260, 0, 0, 0
77649, 2230, 0, 0, 0
77750, 2150, 0, 0, 0
77850, 2300, 0, 0, 0
77950, 2310, 0, 0, 0
78050, 2210, 0, 0, 0
78150, 2190, 0, 0, 0
78249, 2181, 0, 0, 0
78349, 2170, 0, 0, 0
78449, 2210, 0, 0, 0
78549, 2190, 0, 0, 0
78649, 2210, 0, 0, 0
78750, 2190, 0, 0, 0
78850, 2210, 0, 0, 0
78950, 2220, 0, 0, 0
79050, 2200, 0, 0, 0
79150, 2240, 0, 0, 0
79249, 2282, 0, 0, 0
79349, 2240, 0, 0, 0
79449, 2180, 0, 0, 0
79549, 2120, 0, 0, 0
79649, 2170, 0, 0, 0
79750, 2220, 0, 0, 0
79850, 2220, 0, 0, 0
79950, 2240, 0, 0, 0
80050, 2230, 0, 0, 0
80150, 2200, 0, 0, 0
80249, 2222, 0, 0, 0
80349, 2160, 0, 0, 0
80449, 2170, 0, 0, 0
80549, 2250, 0, 0, 0
80649, 2230, 0, 0, 0
80750, 2310, 0, 0, 0
80850, 2200, 0, 0, 0
80950, 2130, 0, 0, 0
81050, 2340, 0, 0, 0
81150, 2190, 0, 0, 0
81249, 2313, 0, 0, 0
81349, 2230, 0, 0, 0
81449, 2300, 0, 0, 0
81549, 2260, 0, 0, 0
81650, 2260, 0, 0, 0
81750, 2290, 0, 0, 0
81850, 2240, 0, 0, 0
81950, 2130, 0, 0, 0
82050, 2190, 0, 0, 0
82150, 2140, 0, 0, 0
82249, 2232, 0, 0, 0
82349, 2200, 0, 0, 0
82449, 2180, 0, 0, 0
82550, 2240, 0, 0, 0
82650, 2250, 0, 0, 0
82750, 2140, 0, 0, 0
82850, 2260, 0, 0, 0
82950, 2290, 0, 0, 0
83050, 2230, 0, 0, 0
83150, 2270, 0, 0, 0
83249, 2272, 0, 0, 0
83349, 2210, 0, 0, 0
83449, 2290, 0, 0, 0
83550, 2210, 0, 0, 0
83650, 2260, 0, 0, 0
83749, 2232, 0, 0, 0
83849, 2170, 0, 0, 0
83949, 2320, 0, 0, 0
84049, 2250, 0, 0, 0
84149, 2190, 0, 0, 0
84249, 2250, 0, 0, 0
84349, 2270, 0, 0, 0
84449, 2230, 0, 0, 0
84550, 2170, 0, 0, 0
84650, 2210, 0, 0, 0
84749, 2242, 0, 0, 0
84849, 2140, 0, 0, 0
84949, 2230, 0, 0, 0
85049, 2210, 0, 0, 0
85149, 2210, 0, 0, 0
85249, 2170, 0, 0, 0
85349, 2140, 0, 0, 0
85449, 2270, 0, 0, 0
85550, 2220, 0, 0, 0
85650, 2210, 0, 0, 0
85749, 2222, 0, 0, 0
85849, 2300, 0, 0, 0
85949, 2230, 0, 0, 0
86049, 2270, 0, 0, 0
86149, 2240, 0, 0, 0
86249, 2210, 0, 0, 0
86349, 2250, 0, 0, 0
86449, 2240, 0, 0, 0
86550, 2290, 0, 0, 0
86650, 2240, 0, 0, 0
86749, 2262, 0, 0, 0
86849, 2190, 0, 0, 0
86949, 2260, 0, 0, 0
87049, 2330, 0, 0, 0
87149, 2250, 0, 0, 0
87249, 2250, 0, 0, 0
87349, 2210, 0, 0, 0
87449, 2230, 0, 0, 0
87550, 2180, 0, 0, 0
87650, 2180, 0, 0, 0
87749, 2282, 0, 0, 0
87849, 2150, 0, 0, 0
87949, 2260, 0, 0, 0
88049, 2310, 0, 0, 0
88149, 2270, 0, 0, 0
88249, 2110, 0, 0, 0
88349, 2020, 0, 0, 0
88449, 2240, 0, 0, 0
88550, 2210, 0, 0, 0
88650, 2260, 0, 0, 0
88749, 2080, 0, 0, 0
88849, 2260, 0, 0, 0
88949, 2300, 0, 0, 0
89049, 2200, 0, 0, 0
89149, 2110, 0, 0, 0
89249, 2210, 0, 0, 0
89349, 2190, 0, 0, 0
89449, 2170, 0, 0, 0
89550, 2280, 0, 0, 0
89650, 2230, 0, 0, 0
89749, 2242, 0, 0, 0
89849, 2200, 0, 0, 0
89949, 2150, 0, 0, 0
