100, 4013, 0, 0, 0
200, 3938, 0, 0, 0
301, 4104, 0, 0, 0
400, 4342, 0, 0, 0
501, 3724, 0, 0, 0
600, 4224, 0, 0, 0
700, 3306, 0, 0, 0
800, 3609, 0, 0, 0
901, 3945, 0, 0, 0
1000, 3042, 0, 0, 0
1100, 3479, 0, 0, 0
1200, 3371, 0, 0, 0
1300, 4012, 0, 0, 0
1401, 4254, 0, 0, 0
1500, 4836, 0, 0, 0
1600, 4152, 0, 0, 0
1700, 4413, 0, 0, 0
1800, 4191, 0, 0, 0
1901, 3799, 0, 0, 0
2000, 3146, 0, 0, 0
2100, 3142, 0, 0, 0
2200, 4415, 0, 0, 0
2300, 4437, 0, 0, 0
2400, 3114, 0, 0, 0
2500, 3924, 0, 0, 0
2600, 3038, 0, 0, 0
2700, 4624, 0, 0, 0
2800, 3604, 0, 0, 0
2901, 4341, 0, 0, 0
3000, 4448, 0, 0, 0
3100, 5211, 0, 0, 0
3200, 4888, 0, 0, 0
3301, 4739, 0, 0, 0
3400, 4801, 0, 0, 0
3500, 4899, 0, 0, 0
3601, 5073, 0, 0, 0
3700, 5093, 0, 0, 0
3800, 5227, 0, 0, 0
3900, 5543, 0, 0, 0
4000, 5857, 0, 0, 0
4100, 5473, 0, 0, 0
4200, 4015, 0, 0, 0
4300, 4467, 0, 0, 0
4401, 3678, 0, 0, 0
4500, 3783, 0, 0, 0
4600, 3802, 0, 0, 0
4700, 3882, 0, 0, 0
4800, 3932, 0, 0, 0
4900, 3629, 0, 0, 0
5000, 4107, 0, 0, 0
5100, 3392, 0, 0, 0
5200, 4104, 0, 0, 0
5300, 6024, 0, 0, 0
5401, 4626, 0, 0, 0
5500, 4427, 0, 0, 0
5600, 4338, 0, 0, 0
5700, 5559, 0, 0, 0
5800, 4383, 0, 0, 0
5900, 3960, 0, 0, 0
6000, 3986, 0, 0, 0
6100, 4503, 0, 0, 0
6200, 4607, 0, 0, 0
6300, 4522, 0, 0, 0
6400, 4197, 0, 0, 0
6500, 4935, 0, 0, 0
6600, 4852, 0, 0, 0
6700, 4068, 0, 0, 0
6800, 4402, 0, 0, 0
6900, 4426, 0, 0, 0
7000, 4828, 0, 0, 0
7100, 4239, 0, 0, 0
7200, 5327, 0, 0, 0
7302, 4781, 0, 0, 0
7400, 3983, 0, 0, 0
7500, 4318, 0, 0, 0
7600, 4212, 0, 0, 0
7700, 5891, 0, 0, 0
7800, 5227, 0, 0, 0
7900, 4170, 0, 0, 0
8000, 4069, 0, 0, 0
8100, 4051, 0, 0, 0
8200, 4434, 0, 0, 0
8300, 4773, 0, 0, 0
8400, 4584, 0, 0, 0
8500, 3935, 0, 0, 0
8600, 4789, 0, 0, 0
8701, 4026, 0, 0, 0
8800, 3701, 0, 0, 0
8900, 3585, 0, 0, 0
9001, 4741, 0, 0, 0
9100, 4084, 0, 0, 0
9200, 4727, 0, 0, 0
9300, 4539, 0, 0, 0
9400, 4421, 0, 0, 0
9500, 2911, 0, 0, 0
9600, 3393, 0, 0, 0
9700, 3951, 0, 0, 0
9800, 4076, 0, 0, 0
9900, 4046, 0, 0, 0
10000, 3893, 0, 0, 0
10100, 3943, 0, 0, 0
10200, 4274, 0, 0, 0
10300, 4307, 0, 0, 0
10400, 5794, 0, 0, 0
10500, 4164, 0, 0, 0
10600, 3401, 0, 0, 0
10701, 3440, 0, 0, 0
10800, 3836, 0, 0, 0
10900, 4491, 0, 0, 0
11000, 3363, 0, 0, 0
11100, 2644, 0, 0, 0
11200, 3308, 0, 0, 0
11300, 3732, 0, 0, 0
11400, 3868, 0, 0, 0
11501, 4011, 0, 0, 0
11600, 4302, 0, 0, 0
11700, 3924, 0, 0, 0
11800, 3960, 0, 0, 0
11900, 3274, 0, 0, 0
12001, 4168, 0, 0, 0
12100, 4294, 0, 0, 0
12200, 4686, 0, 0, 0
12301, 4337, 0, 0, 0
12400, 4761, 0, 0, 0
12500, 4411, 0, 0, 0
12601, 4941, 0, 0, 0
12700, 3916, 0, 0, 0
12801, 3971, 0, 0, 0
12901, 3887, 0, 0, 0
13000, 3916, 0, 0, 0
13100, 4894, 0, 0, 0
13200, 5010, 0, 0, 0
13300, 3915, 0, 0, 0
13400, 4422, 0, 0, 0
13501, 3815, 0, 0, 0
13600, 4209, 0, 0, 0
13700, 3803, 0, 0, 0
13801, 4364, 0, 0, 0
13901, 4329, 0, 0, 0
14000, 3688, 0, 0, 0
14100, 4847, 0, 0, 0
14200, 4499, 0, 0, 0
14300, 4022, 0, 0, 0
14400, 4501, 0, 0, 0
14500, 4300, 0, 0, 0
14600, 3670, 0, 0, 0
14700, 3998, 0, 0, 0
14800, 4311, 0, 0, 0
14901, 3412, 0, 0, 0
15000, 4034, 0, 0, 0
15100, 4220, 0, 0, 0
15200, 4247, 0, 0, 0
15300, 4869, 0, 0, 0
15400, 3757, 0, 0, 0
15500, 4014, 0, 0, 0
15600, 3217, 0, 0, 0
15700, 3864, 0, 0, 0
15800, 4100, 0, 0, 0
15900, 4088, 0, 0, 0
16000, 4477, 0, 0, 0
16100, 4256, 0, 0, 0
16200, 4264, 0, 0, 0
16300, 4475, 0, 0, 0
16401, 4522, 0, 0, 0
16500, 4610, 0, 0, 0
16601, 4454, 0, 0, 0
16700, 4146, 0, 0, 0
16800, 4363, 0, 0, 0
16900, 4301, 0, 0, 0
17000, 3354, 0, 0, 0
17100, 4212, 0, 0, 0
17200, 4750, 0, 0, 0
17300, 4589, 0, 0, 0
17400, 3693, 0, 0, 0
17500, 4397, 0, 0, 0
17600, 4146, 0, 0, 0
17700, 4534, 0, 0, 0
17800, 4031, 0, 0, 0
17900, 3538, 0, 0, 0
18000, 3961, 0, 0, 0
18101, 4000, 0, 0, 0
18200, 4252, 0, 0, 0
18300, 3521, 0, 0, 0
18400, 3846, 0, 0, 0
18500, 3522, 0, 0, 0
18601, 4467, 0, 0, 0
18700, 3534, 0, 0, 0
18800, 3079, 0, 0, 0
18901, 3129, 0, 0, 0
19000, 4559, 0, 0, 0
19100, 4004, 0, 0, 0
19200, 4039, 0, 0, 0
19300, 3302, 0, 0, 0
19401, 5035, 0, 0, 0
19501, 4877, 0, 0, 0
19600, 4668, 0, 0, 0
19700, 4418, 0, 0, 0
19800, 4424, 0, 0, 0
19900, 4099, 0, 0, 0
20000, 4743, 0, 0, 0
20100, 4805, 0, 0, 0
20200, 5110, 0, 0, 0
20300, 4679, 0, 0, 0
20400, 5007, 0, 0, 0
20500, 4838, 0, 0, 0
20600, 4398, 0, 0, 0
20701, 4425, 0, 0, 0
20800, 4186, 0, 0, 0
20901, 4666, 0, 0, 0
21000, 4213, 0, 0, 0
21100, 4137, 0, 0, 0
21201, 3709, 0, 0, 0
21300, 3660, 0, 0, 0
21400, 4066, 0, 0, 0
21500, 4001, 0, 0, 0
21600, 4136, 0, 0, 0
21701, 4444, 0, 0, 0
21800, 3668, 0, 0, 0
21900, 4327, 0, 0, 0
22000, 4054, 0, 0, 0
22100, 4677, 0, 0, 0
22201, 4576, 0, 0, 0
22300, 4381, 0, 0, 0
22400, 3630, 0, 0, 0
22500, 4164, 0, 0, 0
22600, 4042, 0, 0, 0
22701, 6024, 0, 0, 0
22800, 3713, 0, 0, 0
22901, 3776, 0, 0, 0
23001, 4900, 0, 0, 0
23100, 3625, 0, 0, 0
23200, 3826, 0, 0, 0
23300, 4320, 0, 0, 0
23400, 4756, 0, 0, 0
23500, 4728, 0, 0, 0
23600, 3929, 0, 0, 0
23700, 4753, 0, 0, 0
23800, 3463, 0, 0, 0
23900, 3529, 0, 0, 0
24000, 3127, 0, 0, 0
24100, 3835, 0, 0, 0
24200, 3752, 0, 0, 0
24300, 4788, 0, 0, 0
24400, 5116, 0, 0, 0
24500, 4630, 0, 0, 0
24600, 4155, 0, 0, 0
24700, 4789, 0, 0, 0
24801, 3574, 0, 0, 0
24901, 3858, 0, 0, 0
25000, 4278, 0, 0, 0
25100, 3754, 0, 0, 0
25200, 3920, 0, 0, 0
25300, 4715, 0, 0, 0
25400, 3357, 0, 0, 0
25500, 3532, 0, 0, 0
25600, 4092, 0, 0, 0
25700, 3880, 0, 0, 0
25800, 3940, 0, 0, 0
25900, 3657, 0, 0, 0
26000, 3665, 0, 0, 0
26100, 4135, 0, 0, 0
26200, 4253, 0, 0, 0
26301, 3954, 0, 0, 0
26400, 4443, 0, 0, 0
26501, 3937, 0, 0, 0
26601, 4007, 0, 0, 0
26700, 4111, 0, 0, 0
26800, 3949, 0, 0, 0
26900, 4169, 0, 0, 0
27000, 4119, 0, 0, 0
27101, 4734, 0, 0, 0
27200, 5121, 0, 0, 0
27300, 4161, 0, 0, 0
27400, 4354, 0, 0, 0
27500, 4459, 0, 0, 0
27601, 3451, 0, 0, 0
27700, 4027, 0, 0, 0
27800, 3788, 0, 0, 0
27900, 3871, 0, 0, 0
28000, 3611, 0, 0, 0
28100, 3826, 0, 0, 0
28200, 3479, 0, 0, 0
28300, 3722, 0, 0, 0
28400, 4329, 0, 0, 0
28500, 5040, 0, 0, 0
28600, 4359, 0, 0, 0
28700, 3523, 0, 0, 0
28801, 4167, 0, 0, 0
28900, 4217, 0, 0, 0
29000, 4161, 0, 0, 0
29100, 4108, 0, 0, 0
29200, 4243, 0, 0, 0
29300, 3309, 0, 0, 0
29400, 3669, 0, 0, 0
29500, 4670, 0, 0, 0
29600, 4720, 0, 0, 0
29701, 4495, 0, 0, 0
29800, 4189, 0, 0, 0
29900, 4148, 0, 0, 0
30000, 4728, 0, 0, 0
30101, 4266, 0, 0, 0
30200, 4149, 0, 0, 0
30300, 4546, 0, 0, 0
30400, 3979, 0, 0, 0
30500, 5994, 0, 0, 0
30600, 4853, 0, 0, 0
30700, 4075, 0, 0, 0
30800, 3588, 0, 0, 0
30900, 3526, 0, 0, 0
31000, 3658, 0, 0, 0
31100, 4533, 0, 0, 0
31200, 4761, 0, 0, 0
31300, 3849, 0, 0, 0
31401, 4158, 0, 0, 0
31500, 5110, 0, 0, 0
31600, 5036, 0, 0, 0
31700, 5359, 0, 0, 0
31800, 4516, 0, 0, 0
31900, 4060, 0, 0, 0
32000, 4315, 0, 0, 0
32100, 3663, 0, 0, 0
32200, 3387, 0, 0, 0
32300, 4627, 0, 0, 0
32400, 4134, 0, 0, 0
32500, 3635, 0, 0, 0
32600, 4481, 0, 0, 0
32700, 4201, 0, 0, 0
32800, 4403, 0, 0, 0
32900, 4101, 0, 0, 0
33000, 3502, 0, 0, 0
33100, 2926, 0, 0, 0
33201, 3575, 0, 0, 0
33300, 4611, 0, 0, 0
33400, 4711, 0, 0, 0
33500, 5016, 0, 0, 0
33601, 4280, 0, 0, 0
33700, 4320, 0, 0, 0
33800, 3945, 0, 0, 0
33900, 4280, 0, 0, 0
34000, 4371, 0, 0, 0
34100, 4415, 0, 0, 0
34200, 4236, 0, 0, 0
34300, 4020, 0, 0, 0
34400, 4657, 0, 0, 0
34500, 4168, 0, 0, 0
34600, 4084, 0, 0, 0
34700, 3384, 0, 0, 0
34800, 3866, 0, 0, 0
34900, 4395, 0, 0, 0
35000, 4574, 0, 0, 0
35101, 4398, 0, 0, 0
35200, 4612, 0, 0, 0
35301, 4036, 0, 0, 0
35400, 4250, 0, 0, 0
35500, 4159, 0, 0, 0
35600, 3793, 0, 0, 0
35700, 3859, 0, 0, 0
35800, 3694, 0, 0, 0
35900, 4429, 0, 0, 0
36000, 4786, 0, 0, 0
36101, 4103, 0, 0, 0
36200, 3957, 0, 0, 0
36301, 4244, 0, 0, 0
36400, 3983, 0, 0, 0
36501, 4410, 0, 0, 0
36600, 4984, 0, 0, 0
36700, 5591, 0, 0, 0
36800, 4700, 0, 0, 0
36901, 4163, 0, 0, 0
37000, 4529, 0, 0, 0
37100, 3758, 0, 0, 0
37200, 4186, 0, 0, 0
37300, 4176, 0, 0, 0
37401, 4236, 0, 0, 0
37500, 4301, 0, 0, 0
37600, 4776, 0, 0, 0
37700, 5418, 0, 0, 0
37800, 4701, 0, 0, 0
37900, 4887, 0, 0, 0
38001, 4860, 0, 0, 0
38100, 4237, 0, 0, 0
38200, 4612, 0, 0, 0
38301, 4184, 0, 0, 0
38400, 3641, 0, 0, 0
38500, 3330, 0, 0, 0
38600, 3941, 0, 0, 0
38700, 3663, 0, 0, 0
38800, 4225, 0, 0, 0
38901, 4293, 0, 0, 0
39000, 5420, 0, 0, 0
39100, 4543, 0, 0, 0
39201, 4657, 0, 0, 0
39300, 4583, 0, 0, 0
39400, 5411, 0, 0, 0
39500, 4878, 0, 0, 0
39600, 4282, 0, 0, 0
39700, 3943, 0, 0, 0
39800, 4395, 0, 0, 0
39900, 4263, 0, 0, 0
40000, 4431, 0, 0, 0
40100, 4218, 0, 0, 0
40200, 4367, 0, 0, 0
40300, 4205, 0, 0, 0
40400, 4697, 0, 0, 0
40500, 4308, 0, 0, 0
40600, 3869, 0, 0, 0
40700, 4647, 0, 0, 0
40800, 4489, 0, 0, 0
40900, 4080, 0, 0, 0
41000, 3879, 0, 0, 0
41100, 4431, 0, 0, 0
41201, 4371, 0, 0, 0
41300, 4411, 0, 0, 0
41400, 4830, 0, 0, 0
41500, 5412, 0, 0, 0
41600, 4832, 0, 0, 0
41700, 4632, 0, 0, 0
41800, 5298, 0, 0, 0
41900, 4463, 0, 0, 0
42001, 4816, 0, 0, 0
42100, 4936, 0, 0, 0
42200, 3996, 0, 0, 0
42300, 3821, 0, 0, 0
42400, 4256, 0, 0, 0
42501, 4154, 0, 0, 0
42600, 5066, 0, 0, 0
42700, 4348, 0, 0, 0
42800, 4628, 0, 0, 0
42900, 4058, 0, 0, 0
43000, 3958, 0, 0, 0
43100, 4887, 0, 0, 0
43201, 4678, 0, 0, 0
43301, 4264, 0, 0, 0
43400, 3686, 0, 0, 0
43500, 4321, 0, 0, 0
43600, 4142, 0, 0, 0
43700, 4031, 0, 0, 0
43801, 4575, 0, 0, 0
43901, 3346, 0, 0, 0
44000, 4442, 0, 0, 0
44100, 4958, 0, 0, 0
44201, 4699, 0, 0, 0
44300, 5135, 0, 0, 0
44400, 3727, 0, 0, 0
44500, 4059, 0, 0, 0
44600, 3836, 0, 0, 0
44700, 3716, 0, 0, 0
44800, 4525, 0, 0, 0
44900, 4242, 0, 0, 0
45000, 4300, 0, 0, 0
45100, 4452, 0, 0, 0
45200, 4324, 0, 0, 0
45300, 4427, 0, 0, 0
45400, 3706, 0, 0, 0
45500, 4868, 0, 0, 0
45601, 5210, 0, 0, 0
45701, 4494, 0, 0, 0
45800, 4579, 0, 0, 0
45901, 4978, 0, 0, 0
46000, 5155, 0, 0, 0
46100, 5118, 0, 0, 0
46200, 4387, 0, 0, 0
46300, 3815, 0, 0, 0
46400, 4275, 0, 0, 0
46500, 3767, 0, 0, 0
46600, 4619, 0, 0, 0
46700, 4542, 0, 0, 0
46800, 3826, 0, 0, 0
46900, 4561, 0, 0, 0
47001, 4422, 0, 0, 0
47100, 4660, 0, 0, 0
47200, 4264, 0, 0, 0
47300, 3767, 0, 0, 0
47401, 4097, 0, 0, 0
47500, 3907, 0, 0, 0
47600, 3227, 0, 0, 0
47700, 3788, 0, 0, 0
47801, 3482, 0, 0, 0
47900, 3356, 0, 0, 0
48000, 3299, 0, 0, 0
48100, 3442, 0, 0, 0
48200, 3788, 0, 0, 0
48300, 3712, 0, 0, 0
48400, 3607, 0, 0, 0
48500, 4360, 0, 0, 0
48600, 4016, 0, 0, 0
48700, 3988, 0, 0, 0
48800, 4187, 0, 0, 0
48900, 4285, 0, 0, 0
49000, 4503, 0, 0, 0
49101, 4214, 0, 0, 0
49200, 4256, 0, 0, 0
49300, 3731, 0, 0, 0
49401, 4112, 0, 0, 0
49500, 3678, 0, 0, 0
49600, 5677, 0, 0, 0
49700, 4333, 0, 0, 0
49800, 4272, 0, 0, 0
49900, 3913, 0, 0, 0
50000, 3813, 0, 0, 0
50100, 4310, 0, 0, 0
50200, 3726, 0, 0, 0
50300, 4526, 0, 0, 0
50400, 4336, 0, 0, 0
50500, 4535, 0, 0, 0
50600, 4557, 0, 0, 0
50700, 4444, 0, 0, 0
50800, 3753, 0, 0, 0
50900, 3905, 0, 0, 0
51000, 4752, 0, 0, 0
51100, 3480, 0, 0, 0
51200, 4368, 0, 0, 0
51300, 5180, 0, 0, 0
51400, 3890, 0, 0, 0
51500, 4769, 0, 0, 0
51601, 3834, 0, 0, 0
51700, 4065, 0, 0, 0
51800, 3626, 0, 0, 0
51901, 3775, 0, 0, 0
52000, 3307, 0, 0, 0
52101, 3842, 0, 0, 0
52200, 4000, 0, 0, 0
52300, 4191, 0, 0, 0
52400, 3848, 0, 0, 0
52500, 4187, 0, 0, 0
52601, 4145, 0, 0, 0
52700, 3604, 0, 0, 0
52800, 4278, 0, 0, 0
52901, 3985, 0, 0, 0
53000, 4428, 0, 0, 0
53100, 4140, 0, 0, 0
53200, 3461, 0, 0, 0
53300, 4763, 0, 0, 0
53400, 4936, 0, 0, 0
53500, 4706, 0, 0, 0
53600, 3191, 0, 0, 0
53701, 4523, 0, 0, 0
53800, 4612, 0, 0, 0
53900, 4240, 0, 0, 0
54000, 4386, 0, 0, 0
54100, 3677, 0, 0, 0
54201, 6537, 0, 0, 0
54300, 4295, 0, 0, 0
54400, 3794, 0, 0, 0
54500, 3855, 0, 0, 0
54601, 3470, 0, 0, 0
54700, 3986, 0, 0, 0
54800, 3984, 0, 0, 0
54900, 4000, 0, 0, 0
55001, 3670, 0, 0, 0
55100, 4088, 0, 0, 0
55200, 4584, 0, 0, 0
55300, 4225, 0, 0, 0
55400, 3666, 0, 0, 0
55500, 3287, 0, 0, 0
55600, 3691, 0, 0, 0
55700, 3578, 0, 0, 0
55800, 3580, 0, 0, 0
55900, 3482, 0, 0, 0
56001, 4268, 0, 0, 0
56100, 3835, 0, 0, 0
56200, 3434, 0, 0, 0
56300, 3789, 0, 0, 0
56401, 3733, 0, 0, 0
56500, 3996, 0, 0, 0
56601, 4410, 0, 0, 0
56701, 3744, 0, 0, 0
56800, 5056, 0, 0, 0
56900, 4208, 0, 0, 0
57000, 3882, 0, 0, 0
57100, 4154, 0, 0, 0
57200, 4231, 0, 0, 0
57300, 4193, 0, 0, 0
57400, 3860, 0, 0, 0
57500, 5141, 0, 0, 0
57600, 4650, 0, 0, 0
57701, 4812, 0, 0, 0
57800, 4652, 0, 0, 0
57900, 4297, 0, 0, 0
58000, 4722, 0, 0, 0
58100, 4679, 0, 0, 0
58200, 4204, 0, 0, 0
58300, 4153, 0, 0, 0
58400, 3835, 0, 0, 0
58500, 4831, 0, 0, 0
58600, 4163, 0, 0, 0
58700, 3858, 0, 0, 0
58800, 3092, 0, 0, 0
58900, 3952, 0, 0, 0
59000, 4899, 0, 0, 0
59100, 5069, 0, 0, 0
59200, 3953, 0, 0, 0
59300, 4204, 0, 0, 0
59401, 3299, 0, 0, 0
59500, 3375, 0, 0, 0
59600, 3622, 0, 0, 0
59701, 3810, 0, 0, 0
59801, 4155, 0, 0, 0
59900, 4248, 0, 0, 0
60000, 3752, 0, 0, 0
60100, 4243, 0, 0, 0
60200, 3980, 0, 0, 0
60300, 4476, 0, 0, 0
60400, 3921, 0, 0, 0
60500, 4287, 0, 0, 0
60601, 3488, 0, 0, 0
60700, 3778, 0, 0, 0
60801, 3772, 0, 0, 0
60900, 3904, 0, 0, 0
61000, 3624, 0, 0, 0
61100, 4112, 0, 0, 0
61200, 4275, 0, 0, 0
61301, 3994, 0, 0, 0
61400, 3836, 0, 0, 0
61500, 4586, 0, 0, 0
61601, 4848, 0, 0, 0
61700, 4986, 0, 0, 0
61800, 4783, 0, 0, 0
61900, 4414, 0, 0, 0
62000, 5864, 0, 0, 0
62100, 4421, 0, 0, 0
62200, 3498, 0, 0, 0
62301, 3806, 0, 0, 0
62400, 3486, 0, 0, 0
62500, 3620, 0, 0, 0
62600, 4230, 0, 0, 0
62700, 4334, 0, 0, 0
62800, 4041, 0, 0, 0
62900, 4255, 0, 0, 0
63001, 4234, 0, 0, 0
63101, 3972, 0, 0, 0
63200, 3831, 0, 0, 0
63300, 5006, 0, 0, 0
63401, 4336, 0, 0, 0
63500, 4757, 0, 0, 0
63600, 4659, 0, 0, 0
63700, 4688, 0, 0, 0
63801, 4068, 0, 0, 0
63900, 4097, 0, 0, 0
64000, 3876, 0, 0, 0
64100, 4157, 0, 0, 0
64200, 4386, 0, 0, 0
64300, 4167, 0, 0, 0
64401, 4464, 0, 0, 0
64500, 4241, 0, 0, 0
64600, 3603, 0, 0, 0
64700, 3877, 0, 0, 0
64800, 3550, 0, 0, 0
64900, 4249, 0, 0, 0
65000, 4250, 0, 0, 0
65100, 5166, 0, 0, 0
65200, 4001, 0, 0, 0
65300, 4528, 0, 0, 0
65401, 4595, 0, 0, 0
65500, 4257, 0, 0, 0
65600, 4367, 0, 0, 0
65700, 4370, 0, 0, 0
65800, 4179, 0, 0, 0
65900, 4685, 0, 0, 0
66000, 4081, 0, 0, 0
66100, 4386, 0, 0, 0
66200, 4150, 0, 0, 0
66300, 5025, 0, 0, 0
66400, 3659, 0, 0, 0
66500, 3829, 0, 0, 0
66600, 4462, 0, 0, 0
66700, 4475, 0, 0, 0
66800, 4518, 0, 0, 0
66900, 4129, 0, 0, 0
67000, 4130, 0, 0, 0
67101, 4288, 0, 0, 0
67200, 4590, 0, 0, 0
67300, 4829, 0, 0, 0
67400, 4095, 0, 0, 0
67501, 4988, 0, 0, 0
67600, 4277, 0, 0, 0
67700, 4298, 0, 0, 0
67800, 3408, 0, 0, 0
67900, 2903, 0, 0, 0
68000, 3917, 0, 0, 0
68100, 4397, 0, 0, 0
68200, 4210, 0, 0, 0
68300, 3891, 0, 0, 0
68400, 3481, 0, 0, 0
68500, 3830, 0, 0, 0
68600, 4192, 0, 0, 0
68700, 3962, 0, 0, 0
68800, 4253, 0, 0, 0
68900, 3913, 0, 0, 0
69001, 4446, 0, 0, 0
69101, 4234, 0, 0, 0
69200, 4108, 0, 0, 0
69300, 4246, 0, 0, 0
69400, 4431, 0, 0, 0
69500, 3497, 0, 0, 0
69600, 4696, 0, 0, 0
69700, 3947, 0, 0, 0
69801, 4103, 0, 0, 0
69901, 3455, 0, 0, 0
70000, 3581, 0, 0, 0
70100, 3892, 0, 0, 0
70200, 4128, 0, 0, 0
70300, 3990, 0, 0, 0
70400, 3804, 0, 0, 0
70500, 3908, 0, 0, 0
70601, 3562, 0, 0, 0
70700, 4350, 0, 0, 0
70800, 4035, 0, 0, 0
70900, 4301, 0, 0, 0
71000, 4276, 0, 0, 0
71100, 3449, 0, 0, 0
71201, 3412, 0, 0, 0
71300, 3692, 0, 0, 0
71400, 2970, 0, 0, 0
71500, 3862, 0, 0, 0
71600, 3839, 0, 0, 0
71701, 3978, 0, 0, 0
71800, 3590, 0, 0, 0
71900, 4301, 0, 0, 0
72000, 3904, 0, 0, 0
72100, 4480, 0, 0, 0
72201, 3289, 0, 0, 0
72300, 4016, 0, 0, 0
72400, 4300, 0, 0, 0
72500, 4161, 0, 0, 0
72600, 4190, 0, 0, 0
72700, 3571, 0, 0, 0
72800, 4028, 0, 0, 0
72900, 4074, 0, 0, 0
73000, 3928, 0, 0, 0
73100, 3743, 0, 0, 0
73200, 4260, 0, 0, 0
73300, 4724, 0, 0, 0
73400, 4394, 0, 0, 0
73500, 4801, 0, 0, 0
73600, 3828, 0, 0, 0
73700, 4141, 0, 0, 0
73800, 3647, 0, 0, 0
73900, 3650, 0, 0, 0
74000, 4177, 0, 0, 0
74100, 3848, 0, 0, 0
74200, 3903, 0, 0, 0
74300, 3429, 0, 0, 0
74400, 4103, 0, 0, 0
74500, 3284, 0, 0, 0
74600, 3815, 0, 0, 0
74700, 4984, 0, 0, 0
74800, 4150, 0, 0, 0
74901, 4383, 0, 0, 0
75000, 3958, 0, 0, 0
75100, 5401, 0, 0, 0
75200, 3486, 0, 0, 0
75301, 3884, 0, 0, 0
75401, 5011, 0, 0, 0
75500, 4900, 0, 0, 0
75600, 4441, 0, 0, 0
75701, 4513, 0, 0, 0
75801, 3455, 0, 0, 0
75901, 4873, 0, 0, 0
76000, 4183, 0, 0, 0
76100, 4369, 0, 0, 0
76200, 4851, 0, 0, 0
76300, 3666, 0, 0, 0
76400, 4709, 0, 0, 0
76500, 4068, 0, 0, 0
76600, 4208, 0, 0, 0
76700, 4352, 0, 0, 0
76800, 3445, 0, 0, 0
76900, 4528, 0, 0, 0
77000, 5007, 0, 0, 0
77101, 5426, 0, 0, 0
77200, 4586, 0, 0, 0
77300, 4381, 0, 0, 0
77400, 3629, 0, 0, 0
77500, 3204, 0, 0, 0
77600, 3623, 0, 0, 0
77700, 4791, 0, 0, 0
77800, 3685, 0, 0, 0
77900, 4355, 0, 0, 0
78000, 4553, 0, 0, 0
78100, 5196, 0, 0, 0
78200, 4325, 0, 0, 0
78300, 3851, 0, 0, 0
78400, 4656, 0, 0, 0
78500, 3619, 0, 0, 0
78600, 3247, 0, 0, 0
78700, 4593, 0, 0, 0
78800, 4410, 0, 0, 0
78901, 4365, 0, 0, 0
79000, 4340, 0, 0, 0
79101, 3981, 0, 0, 0
79200, 4025, 0, 0, 0
79300, 4103, 0, 0, 0
79400, 4747, 0, 0, 0
79500, 5015, 0, 0, 0
79600, 4263, 0, 0, 0
79700, 4303, 0, 0, 0
79801, 5220, 0, 0, 0
79900, 4577, 0, 0, 0
80000, 4540, 0, 0, 0
80100, 4390, 0, 0, 0
80200, 4450, 0, 0, 0
80300, 5195, 0, 0, 0
80400, 3984, 0, 0, 0
80500, 3485, 0, 0, 0
80600, 3469, 0, 0, 0
80700, 3317, 0, 0, 0
80800, 3758, 0, 0, 0
80900, 3509, 0, 0, 0
81000, 3895, 0, 0, 0
81100, 3917, 0, 0, 0
81200, 4127, 0, 0, 0
81300, 3813, 0, 0, 0
81400, 4800, 0, 0, 0
81500, 4791, 0, 0, 0
81600, 3974, 0, 0, 0
81700, 4370, 0, 0, 0
81801, 3564, 0, 0, 0
81900, 3609, 0, 0, 0
82000, 4118, 0, 0, 0
82100, 4180, 0, 0, 0
82200, 3691, 0, 0, 0
82300, 4490, 0, 0, 0
82400, 3481, 0, 0, 0
82500, 4060, 0, 0, 0
82600, 3476, 0, 0, 0
82700, 4655, 0, 0, 0
82800, 5536, 0, 0, 0
82900, 5491, 0, 0, 0
83001, 4988, 0, 0, 0
83101, 3613, 0, 0, 0
83200, 3242, 0, 0, 0
83300, 3980, 0, 0, 0
83400, 4165, 0, 0, 0
83500, 4248, 0, 0, 0
83600, 4434, 0, 0, 0
83700, 4053, 0, 0, 0
83800, 3727, 0, 0, 0
83901, 4316, 0, 0, 0
84000, 4186, 0, 0, 0
84100, 4542, 0, 0, 0
84200, 4716, 0, 0, 0
84300, 4326, 0, 0, 0
84400, 4519, 0, 0, 0
84500, 5066, 0, 0, 0
84600, 5103, 0, 0, 0
84700, 3887, 0, 0, 0
84800, 3770, 0, 0, 0
84901, 3861, 0, 0, 0
85000, 5205, 0, 0, 0
85101, 5361, 0, 0, 0
85200, 4626, 0, 0, 0
85300, 3637, 0, 0, 0
85400, 4227, 0, 0, 0
85500, 3913, 0, 0, 0
85600, 3921, 0, 0, 0
85700, 4289, 0, 0, 0
85800, 3698, 0, 0, 0
85900, 4260, 0, 0, 0
86000, 3965, 0, 0, 0
86100, 3948, 0, 0, 0
86200, 3815, 0, 0, 0
86301, 4197, 0, 0, 0
86400, 4023, 0, 0, 0
86500, 4168, 0, 0, 0
86600, 3387, 0, 0, 0
86700, 4523, 0, 0, 0
86801, 4161, 0, 0, 0
86900, 3980, 0, 0, 0
87000, 4630, 0, 0, 0
87100, 4123, 0, 0, 0
87200, 4503, 0, 0, 0
87300, 4369, 0, 0, 0
87400, 3704, 0, 0, 0
87500, 3919, 0, 0, 0
87600, 4487, 0, 0, 0
87700, 4310, 0, 0, 0
87800, 3908, 0, 0, 0
87900, 5008, 0, 0, 0
88001, 4858, 0, 0, 0
88100, 4877, 0, 0, 0
88200, 4988, 0, 0, 0
88301, 5565, 0, 0, 0
88400, 4561, 0, 0, 0
88500, 4534, 0, 0, 0
88600, 4434, 0, 0, 0
88700, 5322, 0, 0, 0
88800, 4120, 0, 0, 0
88900, 4226, 0, 0, 0
89000, 4356, 0, 0, 0
89101, 4652, 0, 0, 0
89200, 4090, 0, 0, 0
89300, 4053, 0, 0, 0
89400, 4484, 0, 0, 0
89500, 4224, 0, 0, 0
89600, 4023, 0, 0, 0
89700, 4150, 0, 0, 0
89800, 4236, 0, 0, 0
89901, 4123, 0, 0, 0
90001, 3737, 0, 0, 0
