250, 1416, 0, 0, 0
350, 1300, 0, 0, 0
450, 1320, 0, 0, 0
550, 1210, 0, 0, 0
650, 1410, 0, 0, 0
749, 1434, 0, 0, 0
849, 1290, 0, 0, 0
949, 1510, 0, 0, 0
1049, 1420, 0, 0, 0
1149, 1500, 0, 0, 0
1250, 1440, 0, 0, 0
1350, 1200, 0, 0, 0
1450, 1340, 0, 0, 0
1550, 1390, 0, 0, 0
1650, 1310, 0, 0, 0
1749, 1434, 0, 0, 0
1849, 1340, 0, 0, 0
1949, 1560, 0, 0, 0
2049, 1460, 0, 0, 0
2149, 1300, 0, 0, 0
2250, 1240, 0, 0, 0
2350, 1390, 0, 0, 0
2450, 1490, 0, 0, 0
2550, 1180, 0, 0, 0
2650, 1420, 0, 0, 0
2749, 1424, 0, 0, 0
2849, 1450, 0, 0, 0
2949, 1400, 0, 0, 0
3049, 1420, 0, 0, 0
3149, 1230, 0, 0, 0
3249, 1340, 0, 0, 0
3349, 1370, 0, 0, 0
3450, 1460, 0, 0, 0
3550, 1390, 0, 0, 0
3650, 1350, 0, 0, 0
3749, 1373, 0, 0, 0
3849, 1250, 0, 0, 0
3949, 1400, 0, 0, 0
4049, 1330, 0, 0, 0
4149, 1320, 0, 0, 0
4249, 1470, 0, 0, 0
4349, 1540, 0, 0, 0
4449, 1130, 0, 0, 0
4550, 1230, 0, 0, 0
4650, 1190, 0, 0, 0
4749, 1353, 0, 0, 0
4849, 1340, 0, 0, 0
4949, 1360, 0, 0, 0
5049, 1170, 0, 0, 0
5149, 1440, 0, 0, 0
5249, 1120, 0, 0, 0
5349, 1470, 0, 0, 0
5449, 1400, 0, 0, 0
5550, 1290, 0, 0, 0
5650, 1350, 0, 0, 0
5749, 1353, 0, 0, 0
5849, 1370, 0, 0, 0
5949, 1390, 0, 0, 0
6049, 1310, 0, 0, 0
6149, 1290, 0, 0, 0
6249, 1330, 0, 0, 0
6349, 1420, 0, 0, 0
6449, 1380, 0, 0, 0
6549, 1410, 0, 0, 0
6650, 1330, 0, 0, 0
6749, 1383, 0, 0, 0
6849, 1420, 0, 0, 0
6949, 1170, 0, 0, 0
7049, 1200, 0, 0, 0
7149, 1270, 0, 0, 0
7249, 1380, 0, 0, 0
7349, 1280, 0, 0, 0
7449, 1460, 0, 0, 0
7549, 1330, 0, 0, 0
7649, 1370, 0, 0, 0
7750, 1400, 0, 0, 0
7850, 1390, 0, 0, 0
7950, 1480, 0, 0, 0
8050, 1440, 0, 0, 0
8150, 1450, 0, 0, 0
8249, 1222, 0, 0, 0
8349, 1370, 0, 0, 0
8449, 1370, 0, 0, 0
8549, 1440, 0, 0, 0
8649, 1270, 0, 0, 0
8749, 1440, 0, 0, 0
8850, 1180, 0, 0, 0
8950, 1180, 0, 0, 0
9050, 1180, 0, 0, 0
9150, 1240, 0, 0, 0
9249, 1050, 0, 0, 0
9349, 1430, 0, 0, 0
9449, 1320, 0, 0, 0
9549, 1160, 0, 0, 0
9649, 1290, 0, 0, 0
9749, 1370, 0, 0, 0
9849, 1320, 0, 0, 0
9950, 1280, 0, 0, 0
10050, 1350, 0, 0, 0
10150, 1250, 0, 0, 0
10249, 1484, 0, 0, 0
10349, 1410, 0, 0, 0
10449, 1490, 0, 0, 0
10549, 1330, 0, 0, 0
10649, 1440, 0, 0, 0
10749, 1480, 0, 0, 0
10849, 1360, 0, 0, 0
10950, 1300, 0, 0, 0
11050, 1520, 0, 0, 0
11150, 1380, 0, 0, 0
11249, 1373, 0, 0, 0
11349, 1290, 0, 0, 0
11449, 1430, 0, 0, 0
11549, 1370, 0, 0, 0
11649, 1430, 0, 0, 0
11749, 1430, 0, 0, 0
11849, 1320, 0, 0, 0
11949, 1260, 0, 0, 0
12050, 1460, 0, 0, 0
12150, 1340, 0, 0, 0
12249, 1515, 0, 0, 0
12349, 1330, 0, 0, 0
12449, 1350, 0, 0, 0
12549, 1450, 0, 0, 0
12649, 1390, 0, 0, 0
12749, 1430, 0, 0, 0
12849, 1460, 0, 0, 0
12949, 1420, 0, 0, 0
13050, 1350, 0, 0, 0
13150, 1410, 0, 0, 0
13249, 1404, 0, 0, 0
13349, 1370, 0, 0, 0
13449, 1250, 0, 0, 0
13549, 1370, 0, 0, 0
13649, 1460, 0, 0, 0
13749, 1370, 0, 0, 0
13849, 1370, 0, 0, 0
13949, 1300, 0, 0, 0
14050, 1210, 0, 0, 0
14150, 1380, 0, 0, 0
14249, 1383, 0, 0, 0
14349, 1280, 0, 0, 0
14449, 1390, 0, 0, 0
14549, 1100, 0, 0, 0
14649, 1380, 0, 0, 0
14749, 1280, 0, 0, 0
14849, 1280, 0, 0, 0
14949, 1390, 0, 0, 0
15049, 1440, 0, 0, 0
15149, 1290, 0, 0, 0
15250, 1060, 0, 0, 0
15350, 1400, 0, 0, 0
15450, 1320, 0, 0, 0
15550, 1200, 0, 0, 0
15650, 1480, 0, 0, 0
15749, 1353, 0, 0, 0
15849, 1200, 0, 0, 0
15949, 1490, 0, 0, 0
16049, 1440, 0, 0, 0
16149, 1390, 0, 0, 0
16250, 1470, 0, 0, 0
16350, 1280, 0, 0, 0
16450, 1390, 0, 0, 0
16550, 1450, 0, 0, 0
16650, 1370, 0, 0, 0
16749, 1202, 0, 0, 0
16849, 1410, 0, 0, 0
16949, 1260, 0, 0, 0
17049, 1380, 0, 0, 0
17149, 1320, 0, 0, 0
17250, 1470, 0, 0, 0
17350, 1150, 0, 0, 0
17450, 1330, 0, 0, 0
17550, 1300, 0, 0, 0
17650, 1390, 0, 0, 0
17749, 1414, 0, 0, 0
17849, 1310, 0, 0, 0
17949, 1410, 0, 0, 0
18049, 1280, 0, 0, 0
18149, 1390, 0, 0, 0
18250, 1540, 0, 0, 0
18350, 1340, 0, 0, 0
18450, 1410, 0, 0, 0
18550, 1220, 0, 0, 0
18650, 1440, 0, 0, 0
18749, 1404, 0, 0, 0
18849, 1360, 0, 0, 0
18949, 1070, 0, 0, 0
19049, 1310, 0, 0, 0
19149, 1300, 0, 0, 0
19249, 1380, 0, 0, 0
19349, 1300, 0, 0, 0
19450, 1290, 0, 0, 0
19550, 1520, 0, 0, 0
19650, 1560, 0, 0, 0
19749, 1404, 0, 0, 0
19849, 1440, 0, 0, 0
19949, 1500, 0, 0, 0
20049, 1420, 0, 0, 0
20149, 1540, 0, 0, 0
20249, 1350, 0, 0, 0
20349, 1390, 0, 0, 0
20450, 1540, 0, 0, 0
20550, 1200, 0, 0, 0
20650, 1330, 0, 0, 0
20749, 1343, 0, 0, 0
20849, 1180, 0, 0, 0
20949, 1290, 0, 0, 0
21049, 1400, 0, 0, 0
21149, 1400, 0, 0, 0
21249, 1330, 0, 0, 0
21349, 1430, 0, 0, 0
21449, 1450, 0, 0, 0
21550, 1400, 0, 0, 0
21650, 1170, 0, 0, 0
21749, 1282, 0, 0, 0
21849, 1470, 0, 0, 0
21949, 1420, 0, 0, 0
22049, 1260, 0, 0, 0
22149, 1290, 0, 0, 0
22249, 1490, 0, 0, 0
22349, 1410, 0, 0, 0
22449, 1540, 0, 0, 0
22550, 1500, 0, 0, 0
22650, 1460, 0, 0, 0
22749, 1494, 0, 0, 0
22849, 1300, 0, 0, 0
22949, 1280, 0, 0, 0
23049, 1400, 0, 0, 0
23149, 1380, 0, 0, 0
23249, 1390, 0, 0, 0
23349, 1240, 0, 0, 0
23449, 1340, 0, 0, 0
23550, 1270, 0, 0, 0
23650, 1290, 0, 0, 0
23749, 1393, 0, 0, 0
23849, 1520, 0, 0, 0
23949, 1400, 0, 0, 0
24049, 1280, 0, 0, 0
24149, 1440, 0, 0, 0
24249, 1360, 0, 0, 0
24349, 1420, 0, 0, 0
24449, 1160, 0, 0, 0
24549, 1450, 0, 0, 0
24650, 1450, 0, 0, 0
24750, 1410, 0, 0, 0
24850, 1230, 0, 0, 0
24950, 1420, 0, 0, 0
25050, 1290, 0, 0, 0
25150, 1360, 0, 0, 0
25249, 1484, 0, 0, 0
25349, 1390, 0, 0, 0
25449, 1320, 0, 0, 0
25549, 1380, 0, 0, 0
25649, 1580, 0, 0, 0
25750, 1450, 0, 0, 0
25850, 1400, 0, 0, 0
25950, 1320, 0, 0, 0
26050, 1230, 0, 0, 0
26150, 1310, 0, 0, 0
26249, 1454, 0, 0, 0
26349, 1430, 0, 0, 0
26449, 1400, 0, 0, 0
26549, 1410, 0, 0, 0
26649, 1390, 0, 0, 0
26749, 1240, 0, 0, 0
26849, 1370, 0, 0, 0
26949, 1400, 0, 0, 0
27050, 1470, 0, 0, 0
27150, 1320, 0, 0, 0
27249, 1434, 0, 0, 0
27349, 1240, 0, 0, 0
27449, 1420, 0, 0, 0
27549, 1360, 0, 0, 0
27649, 1440, 0, 0, 0
27749, 1410, 0, 0, 0
27849, 1400, 0, 0, 0
27949, 1330, 0, 0, 0
28050, 1230, 0, 0, 0
28150, 1300, 0, 0, 0
28249, 1414, 0, 0, 0
28349, 1410, 0, 0, 0
28449, 1200, 0, 0, 0
28549, 1430, 0, 0, 0
28649, 1520, 0, 0, 0
28749, 1380, 0, 0, 0
28849, 1400, 0, 0, 0
28949, 1370, 0, 0, 0
29049, 1460, 0, 0, 0
29150, 1420, 0, 0, 0
29249, 1292, 0, 0, 0
29349, 1480, 0, 0, 0
29449, 1450, 0, 0, 0
29549, 1300, 0, 0, 0
29649, 1230, 0, 0, 0
29749, 1450, 0, 0, 0
29849, 1130, 0, 0, 0
29949, 1370, 0, 0, 0
30049, 1460, 0, 0, 0
30149, 1330, 0, 0, 0
30250, 1410, 0, 0, 0
30350, 1310, 0, 0, 0
30450, 1280, 0, 0, 0
30550, 1400, 0, 0, 0
30650, 1410, 0, 0, 0
30749, 1505, 0, 0, 0
30849, 1460, 0, 0, 0
30949, 1520, 0, 0, 0
31049, 1400, 0, 0, 0
31149, 1360, 0, 0, 0
31250, 1400, 0, 0, 0
31350, 1500, 0, 0, 0
31450, 1420, 0, 0, 0
31550, 1280, 0, 0, 0
31650, 1380, 0, 0, 0
31749, 1444, 0, 0, 0
31849, 1460, 0, 0, 0
31949, 1280, 0, 0, 0
32049, 1470, 0, 0, 0
32149, 1440, 0, 0, 0
32250, 1390, 0, 0, 0
32350, 1350, 0, 0, 0
32450, 1390, 0, 0, 0
32550, 1270, 0, 0, 0
32650, 1500, 0, 0, 0
32749, 1454, 0, 0, 0
32849, 1280, 0, 0, 0
32949, 1400, 0, 0, 0
33049, 1330, 0, 0, 0
33149, 1250, 0, 0, 0
33249, 1470, 0, 0, 0
33350, 1270, 0, 0, 0
33450, 1510, 0, 0, 0
33550, 1340, 0, 0, 0
33650, 1430, 0, 0, 0
33749, 1414, 0, 0, 0
33849, 1490, 0, 0, 0
33949, 1310, 0, 0, 0
34049, 1350, 0, 0, 0
34149, 1360, 0, 0, 0
34249, 1330, 0, 0, 0
34349, 1260, 0, 0, 0
34450, 1410, 0, 0, 0
34550, 1390, 0, 0, 0
34650, 1400, 0, 0, 0
34749, 1121, 0, 0, 0
34849, 1380, 0, 0, 0
34949, 1510, 0, 0, 0
35049, 1290, 0, 0, 0
35149, 1440, 0, 0, 0
35249, 1290, 0, 0, 0
35349, 1290, 0, 0, 0
35449, 1190, 0, 0, 0
35550, 1360, 0, 0, 0
35650, 1440, 0, 0, 0
35749, 1535, 0, 0, 0
35849, 1450, 0, 0, 0
35949, 1490, 0, 0, 0
36049, 1210, 0, 0, 0
36149, 1550, 0, 0, 0
36249, 1330, 0, 0, 0
36349, 1260, 0, 0, 0
36449, 1310, 0, 0, 0
36549, 1190, 0, 0, 0
36649, 1270, 0, 0, 0
36750, 1290, 0, 0, 0
36850, 1460, 0, 0, 0
36950, 1200, 0, 0, 0
37050, 1200, 0, 0, 0
37150, 1320, 0, 0, 0
37249, 1282, 0, 0, 0
37349, 1400, 0, 0, 0
37449, 1490, 0, 0, 0
37549, 1380, 0, 0, 0
37649, 1410, 0, 0, 0
37750, 1340, 0, 0, 0
37850, 1310, 0, 0, 0
37950, 1360, 0, 0, 0
38050, 1090, 0, 0, 0
38150, 1250, 0, 0, 0
38249, 1292, 0, 0, 0
38349, 1310, 0, 0, 0
38449, 1250, 0, 0, 0
38549, 1310, 0, 0, 0
38649, 1280, 0, 0, 0
38750, 1430, 0, 0, 0
38850, 1280, 0, 0, 0
38950, 1290, 0, 0, 0
39050, 1500, 0, 0, 0
39150, 1450, 0, 0, 0
39249, 1292, 0, 0, 0
39349, 1360, 0, 0, 0
39449, 1370, 0, 0, 0
39549, 1440, 0, 0, 0
39649, 1350, 0, 0, 0
39749, 1320, 0, 0, 0
39850, 1340, 0, 0, 0
39950, 1170, 0, 0, 0
40050, 1360, 0, 0, 0
40150, 1270, 0, 0, 0
40249, 1444, 0, 0, 0
40349, 1410, 0, 0, 0
40449, 1560, 0, 0, 0
40549, 1450, 0, 0, 0
40649, 1330, 0, 0, 0
40749, 1420, 0, 0, 0
40849, 1420, 0, 0, 0
40950, 1380, 0, 0, 0
41050, 1350, 0, 0, 0
41150, 1230, 0, 0, 0
41249, 1323, 0, 0, 0
41349, 1430, 0, 0, 0
41449, 1300, 0, 0, 0
41549, 1470, 0, 0, 0
41649, 1380, 0, 0, 0
41749, 1360, 0, 0, 0
41849, 1420, 0, 0, 0
41949, 1420, 0, 0, 0
42050, 1410, 0, 0, 0
42150, 1320, 0, 0, 0
42249, 1333, 0, 0, 0
42349, 1240, 0, 0, 0
42449, 1390, 0, 0, 0
42549, 1390, 0, 0, 0
42649, 1330, 0, 0, 0
42749, 1410, 0, 0, 0
42849, 1420, 0, 0, 0
42949, 1460, 0, 0, 0
43050, 1310, 0, 0, 0
43150, 1160, 0, 0, 0
43249, 1404, 0, 0, 0
43349, 1240, 0, 0, 0
43449, 1410, 0, 0, 0
43549, 1380, 0, 0, 0
43649, 1280, 0, 0, 0
43749, 1380, 0, 0, 0
43849, 1420, 0, 0, 0
43949, 1180, 0, 0, 0
44049, 1320, 0, 0, 0
44149, 1490, 0, 0, 0
44250, 1130, 0, 0, 0
44350, 1330, 0, 0, 0
44450, 1220, 0, 0, 0
44550, 1520, 0, 0, 0
44650, 1140, 0, 0, 0
44749, 1393, 0, 0, 0
44849, 1340, 0, 0, 0
44949, 1510, 0, 0, 0
45049, 1450, 0, 0, 0
45149, 1350, 0, 0, 0
45250, 1290, 0, 0, 0
45350, 1140, 0, 0, 0
45450, 1320, 0, 0, 0
45550, 1140, 0, 0, 0
45650, 1460, 0, 0, 0
45749, 1282, 0, 0, 0
45849, 1470, 0, 0, 0
45949, 1380, 0, 0, 0
46049, 1430, 0, 0, 0
46149, 1430, 0, 0, 0
46249, 1310, 0, 0, 0
46349, 1470, 0, 0, 0
46450, 1400, 0, 0, 0
46550, 1290, 0, 0, 0
46650, 1210, 0, 0, 0
46749, 1373, 0, 0, 0
46849, 1300, 0, 0, 0
46949, 1540, 0, 0, 0
47049, 1380, 0, 0, 0
47149, 1490, 0, 0, 0
47249, 1090, 0, 0, 0
47349, 1340, 0, 0, 0
47449, 1350, 0, 0, 0
47550, 1320, 0, 0, 0
47650, 1330, 0, 0, 0
47749, 1252, 0, 0, 0
47849, 1270, 0, 0, 0
47949, 1360, 0, 0, 0
48049, 1350, 0, 0, 0
48149, 1450, 0, 0, 0
48249, 1420, 0, 0, 0
48349, 1200, 0, 0, 0
48449, 1320, 0, 0, 0
48550, 1450, 0, 0, 0
48650, 1440, 0, 0, 0
48749, 1404, 0, 0, 0
48849, 1410, 0, 0, 0
48949, 1100, 0, 0, 0
49049, 1360, 0, 0, 0
49149, 1570, 0, 0, 0
49249, 1220, 0, 0, 0
49349, 1390, 0, 0, 0
49449, 1310, 0, 0, 0
49550, 1130, 0, 0, 0
49650, 1400, 0, 0, 0
49749, 1454, 0, 0, 0
49849, 1380, 0, 0, 0
49949, 1280, 0, 0, 0
50049, 1400, 0, 0, 0
50149, 1400, 0, 0, 0
50249, 1380, 0, 0, 0
50349, 1400, 0, 0, 0
50449, 1450, 0, 0, 0
50550, 1210, 0, 0, 0
50650, 1410, 0, 0, 0
50749, 1282, 0, 0, 0
50849, 1420, 0, 0, 0
50949, 1350, 0, 0, 0
51049, 1180, 0, 0, 0
51149, 1380, 0, 0, 0
51249, 1430, 0, 0, 0
51349, 1240, 0, 0, 0
51449, 1340, 0, 0, 0
51549, 1560, 0, 0, 0
51649, 1520, 0, 0, 0
51750, 1020, 0, 0, 0
51850, 1460, 0, 0, 0
51950, 1180, 0, 0, 0
52050, 1450, 0, 0, 0
52150, 1320, 0, 0, 0
52249, 1303, 0, 0, 0
52349, 1340, 0, 0, 0
52449, 1320, 0, 0, 0
52549, 1450, 0, 0, 0
52649, 1170, 0, 0, 0
52750, 1350, 0, 0, 0
52850, 1300, 0, 0, 0
52950, 1360, 0, 0, 0
53050, 1290, 0, 0, 0
53150, 1240, 0, 0, 0
53249, 1464, 0, 0, 0
53349, 1470, 0, 0, 0
53449, 1500, 0, 0, 0
53549, 1150, 0, 0, 0
53649, 1540, 0, 0, 0
53750, 1410, 0, 0, 0
53850, 1450, 0, 0, 0
53950, 1490, 0, 0, 0
54050, 1320, 0, 0, 0
54150, 1510, 0, 0, 0
54249, 1393, 0, 0, 0
54349, 1580, 0, 0, 0
54449, 1460, 0, 0, 0
54549, 1240, 0, 0, 0
54649, 1290, 0, 0, 0
54750, 1340, 0, 0, 0
54850, 1290, 0, 0, 0
54950, 1380, 0, 0, 0
55050, 1210, 0, 0, 0
55150, 1300, 0, 0, 0
55249, 1353, 0, 0, 0
55349, 1450, 0, 0, 0
55449, 1270, 0, 0, 0
55549, 1360, 0, 0, 0
55649, 1370, 0, 0, 0
55749, 1180, 0, 0, 0
55849, 1340, 0, 0, 0
55949, 1370, 0, 0, 0
56050, 1350, 0, 0, 0
56150, 1490, 0, 0, 0
56249, 1232, 0, 0, 0
56349, 1400, 0, 0, 0
56449, 1440, 0, 0, 0
56549, 1320, 0, 0, 0
56649, 1360, 0, 0, 0
56749, 1400, 0, 0, 0
56849, 1360, 0, 0, 0
56949, 1340, 0, 0, 0
57050, 1330, 0, 0, 0
57150, 1470, 0, 0, 0
57249, 1606, 0, 0, 0
57349, 1430, 0, 0, 0
57449, 1360, 0, 0, 0
57549, 1280, 0, 0, 0
57649, 1490, 0, 0, 0
57749, 1460, 0, 0, 0
57849, 1430, 0, 0, 0
57949, 1310, 0, 0, 0
58049, 1430, 0, 0, 0
58149, 1420, 0, 0, 0
58250, 1400, 0, 0, 0
58350, 1330, 0, 0, 0
58450, 1420, 0, 0, 0
58550, 1350, 0, 0, 0
58650, 1360, 0, 0, 0
58749, 1313, 0, 0, 0
58849, 1110, 0, 0, 0
58949, 1390, 0, 0, 0
59049, 1580, 0, 0, 0
59149, 1320, 0, 0, 0
59250, 1320, 0, 0, 0
59350, 1480, 0, 0, 0
59450, 1540, 0, 0, 0
59550, 1420, 0, 0, 0
59650, 1250, 0, 0, 0
59749, 1292, 0, 0, 0
59849, 1290, 0, 0, 0
59949, 1370, 0, 0, 0
60049, 1250, 0, 0, 0
60149, 1290, 0, 0, 0
60249, 1450, 0, 0, 0
60350, 1610, 0, 0, 0
60450, 1270, 0, 0, 0
60550, 1340, 0, 0, 0
60650, 1300, 0, 0, 0
60749, 1393, 0, 0, 0
60849, 1430, 0, 0, 0
60949, 1360, 0, 0, 0
61049, 1290, 0, 0, 0
61149, 1350, 0, 0, 0
61249, 1440, 0, 0, 0
61350, 1480, 0, 0, 0
61450, 1360, 0, 0, 0
61550, 1210, 0, 0, 0
61650, 880, 0, 0, 0
61749, 1323, 0, 0, 0
61849, 1460, 0, 0, 0
61949, 1270, 0, 0, 0
62049, 1370, 0, 0, 0
62149, 1290, 0, 0, 0
62249, 1430, 0, 0, 0
62349, 1520, 0, 0, 0
62449, 1400, 0, 0, 0
62550, 1560, 0, 0, 0
62650, 1340, 0, 0, 0
62749, 1313, 0, 0, 0
62849, 1510, 0, 0, 0
62949, 1380, 0, 0, 0
63049, 1390, 0, 0, 0
63149, 1510, 0, 0, 0
63249, 1480, 0, 0, 0
63349, 1440, 0, 0, 0
63449, 1350, 0, 0, 0
63550, 1400, 0, 0, 0
63650, 1390, 0, 0, 0
63749, 1181, 0, 0, 0
63849, 1380, 0, 0, 0
63949, 1220, 0, 0, 0
64049, 1100, 0, 0, 0
64149, 1330, 0, 0, 0
64249, 1280, 0, 0, 0
64349, 1470, 0, 0, 0
64449, 1470, 0, 0, 0
64550, 1490, 0, 0, 0
64650, 1420, 0, 0, 0
64749, 1424, 0, 0, 0
64849, 1260, 0, 0, 0
64949, 1350, 0, 0, 0
65049, 1340, 0, 0, 0
65149, 1490, 0, 0, 0
65249, 1310, 0, 0, 0
65349, 1390, 0, 0, 0
65449, 1300, 0, 0, 0
65550, 1460, 0, 0, 0
65650, 1320, 0, 0, 0
65749, 1333, 0, 0, 0
65849, 1370, 0, 0, 0
65949, 1370, 0, 0, 0
66049, 1240, 0, 0, 0
66149, 1220, 0, 0, 0
66249, 1100, 0, 0, 0
66349, 1320, 0, 0, 0
66449, 1440, 0, 0, 0
66549, 1200, 0, 0, 0
66649, 1250, 0, 0, 0
66750, 1310, 0, 0, 0
66850, 1360, 0, 0, 0
66950, 1140, 0, 0, 0
67050, 1280, 0, 0, 0
67150, 1290, 0, 0, 0
67249, 1323, 0, 0, 0
67349, 1060, 0, 0, 0
67449, 1140, 0, 0, 0
67549, 1140, 0, 0, 0
67649, 1360, 0, 0, 0
67750, 1470, 0, 0, 0
67850, 1210, 0, 0, 0
67950, 1210, 0, 0, 0
68050, 1210, 0, 0, 0
68150, 1380, 0, 0, 0
68249, 1222, 0, 0, 0
68349, 1290, 0, 0, 0
68449, 1260, 0, 0, 0
68549, 1350, 0, 0, 0
68649, 1340, 0, 0, 0
68749, 1180, 0, 0, 0
68849, 1130, 0, 0, 0
68949, 1300, 0, 0, 0
69050, 1300, 0, 0, 0
69150, 1450, 0, 0, 0
69249, 1303, 0, 0, 0
69349, 1160, 0, 0, 0
69449, 1260, 0, 0, 0
69549, 1240, 0, 0, 0
69649, 1290, 0, 0, 0
69749, 1440, 0, 0, 0
69849, 1380, 0, 0, 0
69949, 1290, 0, 0, 0
70050, 1320, 0, 0, 0
70150, 1290, 0, 0, 0
70249, 1252, 0, 0, 0
70349, 1070, 0, 0, 0
70449, 1340, 0, 0, 0
70549, 1280, 0, 0, 0
70649, 1200, 0, 0, 0
70749, 1340, 0, 0, 0
70849, 1190, 0, 0, 0
70949, 1390, 0, 0, 0
71050, 1090, 0, 0, 0
71150, 1220, 0, 0, 0
71249, 1202, 0, 0, 0
71349, 1370, 0, 0, 0
71449, 1150, 0, 0, 0
71549, 1240, 0, 0, 0
71649, 1300, 0, 0, 0
71749, 1290, 0, 0, 0
71849, 1240, 0, 0, 0
71949, 1250, 0, 0, 0
72049, 1200, 0, 0, 0
72149, 1110, 0, 0, 0
72250, 1420, 0, 0, 0
72350, 1260, 0, 0, 0
72450, 1290, 0, 0, 0
72550, 1480, 0, 0, 0
72650, 1370, 0, 0, 0
72749, 1222, 0, 0, 0
72849, 1410, 0, 0, 0
72949, 1360, 0, 0, 0
73049, 1400, 0, 0, 0
73149, 1370, 0, 0, 0
73250, 1180, 0, 0, 0
73350, 1330, 0, 0, 0
73450, 1190, 0, 0, 0
73550, 1440, 0, 0, 0
73650, 1400, 0, 0, 0
73749, 1313, 0, 0, 0
73849, 1370, 0, 0, 0
73949, 1160, 0, 0, 0
74049, 1370, 0, 0, 0
74149, 1230, 0, 0, 0
74250, 1210, 0, 0, 0
74350, 1180, 0, 0, 0
74450, 1340, 0, 0, 0
74550, 1360, 0, 0, 0
74650, 1310, 0, 0, 0
74749, 1282, 0, 0, 0
74849, 1430, 0, 0, 0
74949, 1310, 0, 0, 0
75049, 1250, 0, 0, 0
75149, 1390, 0, 0, 0
75250, 1210, 0, 0, 0
75350, 1450, 0, 0, 0
75450, 1320, 0, 0, 0
75550, 1220, 0, 0, 0
75650, 1290, 0, 0, 0
75749, 1050, 0, 0, 0
75849, 1320, 0, 0, 0
75949, 1350, 0, 0, 0
76049, 1330, 0, 0, 0
76149, 1310, 0, 0, 0
76250, 1270, 0, 0, 0
76350, 1290, 0, 0, 0
76450, 1440, 0, 0, 0
76550, 1290, 0, 0, 0
76650, 1440, 0, 0, 0
76749, 1525, 0, 0, 0
76849, 1030, 0, 0, 0
76949, 1260, 0, 0, 0
77049, 1290, 0, 0, 0
77149, 1270, 0, 0, 0
77249, 1230, 0, 0, 0
77349, 1340, 0, 0, 0
77450, 1380, 0, 0, 0
77550, 1240, 0, 0, 0
77650, 1320, 0, 0, 0
77749, 1232, 0, 0, 0
77849, 1310, 0, 0, 0
77949, 1370, 0, 0, 0
78049, 1290, 0, 0, 0
78149, 1230, 0, 0, 0
78249, 1400, 0, 0, 0
78349, 1130, 0, 0, 0
78449, 1440, 0, 0, 0
78550, 1430, 0, 0, 0
78650, 1010, 0, 0, 0
78749, 1333, 0, 0, 0
78849, 1390, 0, 0, 0
78949, 1250, 0, 0, 0
79049, 1310, 0, 0, 0
79149, 1380, 0, 0, 0
79249, 1340, 0, 0, 0
79349, 1380, 0, 0, 0
79449, 1580, 0, 0, 0
79549, 1300, 0, 0, 0
79650, 1230, 0, 0, 0
79749, 1303, 0, 0, 0
79849, 1220, 0, 0, 0
79949, 1410, 0, 0, 0
80049, 1170, 0, 0, 0
80149, 1250, 0, 0, 0
80249, 1330, 0, 0, 0
80349, 1280, 0, 0, 0
80449, 1120, 0, 0, 0
80549, 1330, 0, 0, 0
80649, 1330, 0, 0, 0
80750, 1460, 0, 0, 0
80850, 1170, 0, 0, 0
80950, 1290, 0, 0, 0
81050, 1400, 0, 0, 0
81150, 1330, 0, 0, 0
81249, 1393, 0, 0, 0
81349, 1410, 0, 0, 0
81449, 1190, 0, 0, 0
81549, 1450, 0, 0, 0
81649, 1250, 0, 0, 0
81750, 1370, 0, 0, 0
81850, 1330, 0, 0, 0
81950, 1410, 0, 0, 0
82050, 1220, 0, 0, 0
82150, 1360, 0, 0, 0
82249, 1303, 0, 0, 0
82349, 1280, 0, 0, 0
82449, 1490, 0, 0, 0
82549, 1360, 0, 0, 0
82649, 1390, 0, 0, 0
82749, 1130, 0, 0, 0
82850, 1430, 0, 0, 0
82950, 1320, 0, 0, 0
83050, 1210, 0, 0, 0
83150, 1220, 0, 0, 0
83249, 1161, 0, 0, 0
83349, 1340, 0, 0, 0
83449, 1260, 0, 0, 0
83549, 1290, 0, 0, 0
83649, 1220, 0, 0, 0
83749, 1250, 0, 0, 0
83849, 1150, 0, 0, 0
83949, 1140, 0, 0, 0
84050, 1160, 0, 0, 0
84150, 1280, 0, 0, 0
84249, 1323, 0, 0, 0
84349, 1190, 0, 0, 0
84449, 1340, 0, 0, 0
84549, 1350, 0, 0, 0
84649, 1410, 0, 0, 0
84749, 1320, 0, 0, 0
84849, 1230, 0, 0, 0
84949, 1380, 0, 0, 0
85050, 1320, 0, 0, 0
85150, 1220, 0, 0, 0
85249, 1343, 0, 0, 0
85349, 1300, 0, 0, 0
85449, 1310, 0, 0, 0
85549, 1380, 0, 0, 0
85649, 1360, 0, 0, 0
85749, 1310, 0, 0, 0
85849, 1380, 0, 0, 0
85949, 1480, 0, 0, 0
86049, 1400, 0, 0, 0
86150, 1340, 0, 0, 0
86250, 1340, 0, 0, 0
86350, 1410, 0, 0, 0
86450, 1240, 0, 0, 0
86550, 1450, 0, 0, 0
86650, 1420, 0, 0, 0
86749, 1282, 0, 0, 0
86849, 1240, 0, 0, 0
86949, 1440, 0, 0, 0
87049, 1250, 0, 0, 0
87149, 1300, 0, 0, 0
87250, 1120, 0, 0, 0
87350, 1220, 0, 0, 0
87450, 1320, 0, 0, 0
87550, 1350, 0, 0, 0
87650, 1280, 0, 0, 0
87749, 1313, 0, 0, 0
87849, 1390, 0, 0, 0
87949, 1350, 0, 0, 0
88049, 1260, 0, 0, 0
88149, 1350, 0, 0, 0
88249, 1360, 0, 0, 0
88350, 1320, 0, 0, 0
88450, 1320, 0, 0, 0
88550, 1200, 0, 0, 0
88650, 1340, 0, 0, 0
88749, 1212, 0, 0, 0
88849, 1330, 0, 0, 0
88949, 1150, 0, 0, 0
89049, 1320, 0, 0, 0
89149, 1320, 0, 0, 0
89249, 1440, 0, 0, 0
89350, 1360, 0, 0, 0
89450, 1250, 0, 0, 0
89550, 1210, 0, 0, 0
89650, 1240, 0, 0, 0
89749, 1373, 0, 0, 0
89849, 1310, 0, 0, 0
89949, 1210, 0, 0, 0
