100, 2732933, 0, 0, 0
200, 2784226, 0, 0, 0
300, 2779554, 0, 0, 0
400, 2663910, 0, 0, 0
500, 2724014, 0, 0, 0
600, 2686542, 0, 0, 0
701, 2829144, 0, 0, 0
800, 2835234, 0, 0, 0
900, 2707026, 0, 0, 0
1000, 2693377, 0, 0, 0
1100, 2780518, 0, 0, 0
1200, 2686083, 0, 0, 0
1300, 2631196, 0, 0, 0
1400, 2651971, 0, 0, 0
1501, 2787060, 0, 0, 0
1600, 2747643, 0, 0, 0
1700, 2761261, 0, 0, 0
1802, 2728860, 0, 0, 0
1900, 2744274, 0, 0, 0
2000, 2778174, 0, 0, 0
2100, 2764682, 0, 0, 0
2201, 2692098, 0, 0, 0
2300, 2697626, 0, 0, 0
2400, 2708751, 0, 0, 0
2500, 2691127, 0, 0, 0
2600, 2737017, 0, 0, 0
2700, 2927309, 0, 0, 0
2800, 2721343, 0, 0, 0
2900, 2869461, 0, 0, 0
3000, 2813866, 0, 0, 0
3100, 2793741, 0, 0, 0
3200, 2689093, 0, 0, 0
3300, 2563476, 0, 0, 0
3400, 2668228, 0, 0, 0
3500, 2782278, 0, 0, 0
3600, 2750194, 0, 0, 0
3700, 2727157, 0, 0, 0
3800, 2656874, 0, 0, 0
3900, 2771766, 0, 0, 0
4000, 2747477, 0, 0, 0
4100, 2848323, 0, 0, 0
4201, 2803687, 0, 0, 0
4300, 2641421, 0, 0, 0
4400, 2802583, 0, 0, 0
4500, 2732140, 0, 0, 0
4600, 2768056, 0, 0, 0
4701, 2750255, 0, 0, 0
4801, 2886509, 0, 0, 0
4900, 2614647, 0, 0, 0
5000, 2737639, 0, 0, 0
5100, 2856757, 0, 0, 0
5200, 2762426, 0, 0, 0
5300, 2969824, 0, 0, 0
5400, 2831535, 0, 0, 0
5500, 2804283, 0, 0, 0
5600, 2631564, 0, 0, 0
5701, 2761604, 0, 0, 0
5800, 2795092, 0, 0, 0
5900, 2836097, 0, 0, 0
6000, 2897024, 0, 0, 0
6100, 2627105, 0, 0, 0
6200, 2763264, 0, 0, 0
6300, 2790541, 0, 0, 0
6400, 2767416, 0, 0, 0
6500, 2725292, 0, 0, 0
6600, 2649561, 0, 0, 0
6700, 2678644, 0, 0, 0
6800, 2765008, 0, 0, 0
6900, 2769064, 0, 0, 0
7000, 2792642, 0, 0, 0
7101, 2750818, 0, 0, 0
7201, 2743496, 0, 0, 0
7300, 2761356, 0, 0, 0
7400, 2853704, 0, 0, 0
7500, 2619359, 0, 0, 0
7600, 2772182, 0, 0, 0
7700, 2685820, 0, 0, 0
7800, 2608477, 0, 0, 0
7900, 2665589, 0, 0, 0
8000, 2896382, 0, 0, 0
8100, 2855326, 0, 0, 0
8201, 2697947, 0, 0, 0
8301, 2822594, 0, 0, 0
8400, 2640216, 0, 0, 0
8500, 2787605, 0, 0, 0
8600, 2618361, 0, 0, 0
8700, 2685436, 0, 0, 0
8800, 2712826, 0, 0, 0
8900, 2809568, 0, 0, 0
9000, 2652131, 0, 0, 0
9100, 2639515, 0, 0, 0
9200, 2568047, 0, 0, 0
9300, 2706930, 0, 0, 0
9400, 2887945, 0, 0, 0
9500, 2650276, 0, 0, 0
9600, 2754797, 0, 0, 0
9700, 2667774, 0, 0, 0
9800, 2701738, 0, 0, 0
9900, 2598546, 0, 0, 0
10000, 2569934, 0, 0, 0
10101, 2798385, 0, 0, 0
10200, 2837186, 0, 0, 0
10300, 2737768, 0, 0, 0
10401, 2724551, 0, 0, 0
10500, 2596888, 0, 0, 0
10600, 2805612, 0, 0, 0
10700, 2683354, 0, 0, 0
10800, 2905635, 0, 0, 0
10900, 2671732, 0, 0, 0
11000, 2763993, 0, 0, 0
11100, 2774367, 0, 0, 0
11201, 2645330, 0, 0, 0
11301, 3043330, 0, 0, 0
11400, 2818864, 0, 0, 0
11500, 2563380, 0, 0, 0
11600, 2794979, 0, 0, 0
11701, 2782321, 0, 0, 0
11800, 2771017, 0, 0, 0
11900, 2724408, 0, 0, 0
12000, 2664788, 0, 0, 0
12100, 2878732, 0, 0, 0
12200, 2690727, 0, 0, 0
12300, 2781772, 0, 0, 0
12400, 2782109, 0, 0, 0
12500, 2650642, 0, 0, 0
12600, 2679186, 0, 0, 0
12700, 2787438, 0, 0, 0
12800, 2883219, 0, 0, 0
12900, 2850574, 0, 0, 0
13001, 2953486, 0, 0, 0
13100, 2768460, 0, 0, 0
13200, 2749249, 0, 0, 0
13300, 2821946, 0, 0, 0
13400, 2905394, 0, 0, 0
13500, 2714723, 0, 0, 0
13601, 2868659, 0, 0, 0
13700, 2733069, 0, 0, 0
13801, 2768529, 0, 0, 0
13900, 2780578, 0, 0, 0
14000, 2732833, 0, 0, 0
14100, 2761506, 0, 0, 0
14200, 2844556, 0, 0, 0
14300, 2552549, 0, 0, 0
14400, 2756126, 0, 0, 0
14500, 2806122, 0, 0, 0
14600, 2644348, 0, 0, 0
14700, 2725594, 0, 0, 0
14800, 2659084, 0, 0, 0
14900, 2708080, 0, 0, 0
15000, 2680762, 0, 0, 0
15100, 2719873, 0, 0, 0
15200, 2761543, 0, 0, 0
15300, 2918947, 0, 0, 0
15400, 2650254, 0, 0, 0
15501, 2760301, 0, 0, 0
15600, 2887826, 0, 0, 0
15700, 2651070, 0, 0, 0
15800, 2656918, 0, 0, 0
15900, 2631884, 0, 0, 0
16000, 2669775, 0, 0, 0
16100, 2705329, 0, 0, 0
16200, 2799440, 0, 0, 0
16300, 2778141, 0, 0, 0
16400, 2540050, 0, 0, 0
16500, 2707897, 0, 0, 0
16601, 2718012, 0, 0, 0
16700, 2816366, 0, 0, 0
16800, 3109879, 0, 0, 0
16900, 2718229, 0, 0, 0
17000, 2824773, 0, 0, 0
17101, 2750535, 0, 0, 0
17200, 2756362, 0, 0, 0
17300, 2707436, 0, 0, 0
17400, 2692785, 0, 0, 0
17500, 2691574, 0, 0, 0
17601, 3013892, 0, 0, 0
17700, 2640048, 0, 0, 0
17800, 2527741, 0, 0, 0
17900, 2640345, 0, 0, 0
18000, 2676610, 0, 0, 0
18100, 2707458, 0, 0, 0
18200, 2746968, 0, 0, 0
18300, 2677944, 0, 0, 0
18400, 2794280, 0, 0, 0
18500, 2732524, 0, 0, 0
18600, 2885107, 0, 0, 0
18700, 2887331, 0, 0, 0
18800, 2646510, 0, 0, 0
18900, 2519070, 0, 0, 0
19000, 2796818, 0, 0, 0
19101, 2737397, 0, 0, 0
19200, 2616479, 0, 0, 0
19300, 2825911, 0, 0, 0
19400, 2752466, 0, 0, 0
19501, 2930112, 0, 0, 0
19600, 2978025, 0, 0, 0
19700, 2730323, 0, 0, 0
19800, 2748518, 0, 0, 0
19900, 3015018, 0, 0, 0
20000, 2759132, 0, 0, 0
20100, 2753983, 0, 0, 0
20200, 2746443, 0, 0, 0
20300, 2714582, 0, 0, 0
20400, 2700963, 0, 0, 0
20500, 2777857, 0, 0, 0
20600, 2751952, 0, 0, 0
20700, 2737790, 0, 0, 0
20800, 2797508, 0, 0, 0
20901, 2882492, 0, 0, 0
21000, 2792764, 0, 0, 0
21100, 2903235, 0, 0, 0
21200, 2862629, 0, 0, 0
21301, 2687177, 0, 0, 0
21400, 2805618, 0, 0, 0
21500, 2684097, 0, 0, 0
21600, 2790482, 0, 0, 0
21700, 2764489, 0, 0, 0
21800, 2821359, 0, 0, 0
21900, 2904218, 0, 0, 0
22001, 2806068, 0, 0, 0
22100, 2666765, 0, 0, 0
22200, 2630153, 0, 0, 0
22300, 2901171, 0, 0, 0
22400, 2802674, 0, 0, 0
22500, 2786184, 0, 0, 0
22600, 2845099, 0, 0, 0
22700, 2660570, 0, 0, 0
22800, 2741483, 0, 0, 0
22900, 2682824, 0, 0, 0
23000, 2636425, 0, 0, 0
23100, 2673901, 0, 0, 0
23201, 2747814, 0, 0, 0
23300, 2824910, 0, 0, 0
23400, 2683162, 0, 0, 0
23500, 3027541, 0, 0, 0
23600, 2734341, 0, 0, 0
23700, 2666406, 0, 0, 0
23800, 2880921, 0, 0, 0
23901, 2861903, 0, 0, 0
24000, 2825975, 0, 0, 0
24100, 2719630, 0, 0, 0
24200, 2689316, 0, 0, 0
24300, 2610382, 0, 0, 0
24400, 2660447, 0, 0, 0
24500, 2605285, 0, 0, 0
24600, 2664370, 0, 0, 0
24700, 2816463, 0, 0, 0
24800, 2646120, 0, 0, 0
24901, 2815435, 0, 0, 0
25000, 2850559, 0, 0, 0
25100, 2720253, 0, 0, 0
25200, 2668942, 0, 0, 0
25300, 2918421, 0, 0, 0
25401, 2877979, 0, 0, 0
25500, 2592841, 0, 0, 0
25600, 2788707, 0, 0, 0
25700, 2776959, 0, 0, 0
25800, 2778273, 0, 0, 0
25900, 2716669, 0, 0, 0
26000, 2859523, 0, 0, 0
26100, 2864368, 0, 0, 0
26200, 2796996, 0, 0, 0
26300, 2635453, 0, 0, 0
26401, 2821078, 0, 0, 0
26500, 2628913, 0, 0, 0
26600, 2832696, 0, 0, 0
26700, 2764478, 0, 0, 0
26800, 2754504, 0, 0, 0
26900, 2763235, 0, 0, 0
27000, 2686233, 0, 0, 0
27100, 2782971, 0, 0, 0
27200, 2610846, 0, 0, 0
27300, 2589582, 0, 0, 0
27400, 2825888, 0, 0, 0
27500, 2581282, 0, 0, 0
27600, 2720711, 0, 0, 0
27700, 2689027, 0, 0, 0
27800, 3299785, 0, 0, 0
27900, 2576484, 0, 0, 0
28000, 2637961, 0, 0, 0
28100, 2799008, 0, 0, 0
28200, 2763538, 0, 0, 0
28300, 2829970, 0, 0, 0
28400, 2821793, 0, 0, 0
28500, 2832904, 0, 0, 0
28600, 2734278, 0, 0, 0
28701, 2799196, 0, 0, 0
28800, 2676752, 0, 0, 0
28901, 2960037, 0, 0, 0
29000, 2693912, 0, 0, 0
29101, 2745395, 0, 0, 0
29200, 2599608, 0, 0, 0
29300, 2807811, 0, 0, 0
29400, 2832695, 0, 0, 0
29500, 2778351, 0, 0, 0
29600, 2721994, 0, 0, 0
29700, 2662979, 0, 0, 0
29800, 2657933, 0, 0, 0
29900, 2761767, 0, 0, 0
30000, 2774069, 0, 0, 0
30100, 2836431, 0, 0, 0
30200, 2722660, 0, 0, 0
30300, 2730772, 0, 0, 0
30400, 2573350, 0, 0, 0
30500, 2562327, 0, 0, 0
30600, 2771368, 0, 0, 0
30701, 2727714, 0, 0, 0
30800, 2542601, 0, 0, 0
30900, 2789281, 0, 0, 0
31001, 2765548, 0, 0, 0
31100, 2794700, 0, 0, 0
31201, 2619465, 0, 0, 0
31301, 2678654, 0, 0, 0
31401, 2601785, 0, 0, 0
31500, 2644392, 0, 0, 0
31600, 2798710, 0, 0, 0
31700, 2756931, 0, 0, 0
31800, 2713490, 0, 0, 0
31901, 2606563, 0, 0, 0
32000, 2877203, 0, 0, 0
32100, 2859591, 0, 0, 0
32200, 2588655, 0, 0, 0
32300, 2775382, 0, 0, 0
32400, 2653265, 0, 0, 0
32500, 2805132, 0, 0, 0
32601, 2592137, 0, 0, 0
32701, 2641975, 0, 0, 0
32801, 2715781, 0, 0, 0
32900, 2595250, 0, 0, 0
33001, 2798054, 0, 0, 0
33101, 2686258, 0, 0, 0
33200, 2560094, 0, 0, 0
33300, 2575806, 0, 0, 0
33400, 2682721, 0, 0, 0
33500, 2674997, 0, 0, 0
33600, 2715293, 0, 0, 0
33700, 2655099, 0, 0, 0
33800, 2781024, 0, 0, 0
33900, 2901144, 0, 0, 0
34001, 2787628, 0, 0, 0
34100, 2775324, 0, 0, 0
34200, 2689889, 0, 0, 0
34300, 2741700, 0, 0, 0
34400, 2658075, 0, 0, 0
34500, 2644435, 0, 0, 0
34600, 2588452, 0, 0, 0
34700, 2970844, 0, 0, 0
34800, 2750232, 0, 0, 0
34900, 2773884, 0, 0, 0
35000, 2742127, 0, 0, 0
35100, 2719595, 0, 0, 0
35200, 2732701, 0, 0, 0
35300, 2730208, 0, 0, 0
35400, 2582631, 0, 0, 0
35500, 2723562, 0, 0, 0
35600, 2592859, 0, 0, 0
35700, 2812297, 0, 0, 0
35801, 2684747, 0, 0, 0
35900, 2822330, 0, 0, 0
36000, 2711282, 0, 0, 0
36101, 2572364, 0, 0, 0
36200, 2761026, 0, 0, 0
36301, 2682943, 0, 0, 0
36400, 2764521, 0, 0, 0
36501, 2798468, 0, 0, 0
36600, 2781208, 0, 0, 0
36700, 2760893, 0, 0, 0
36800, 2817506, 0, 0, 0
36900, 2711332, 0, 0, 0
37000, 2608866, 0, 0, 0
37100, 2864440, 0, 0, 0
37200, 2608865, 0, 0, 0
37300, 2565220, 0, 0, 0
37400, 2715705, 0, 0, 0
37500, 2685856, 0, 0, 0
37600, 2834484, 0, 0, 0
37700, 2731458, 0, 0, 0
37801, 2706918, 0, 0, 0
37900, 2659659, 0, 0, 0
38000, 2661448, 0, 0, 0
38100, 2795789, 0, 0, 0
38200, 2612341, 0, 0, 0
38300, 2671137, 0, 0, 0
38400, 2782202, 0, 0, 0
38500, 2778884, 0, 0, 0
38600, 2826800, 0, 0, 0
38700, 2723989, 0, 0, 0
38800, 2706824, 0, 0, 0
38900, 2875749, 0, 0, 0
39000, 2742218, 0, 0, 0
39100, 2774690, 0, 0, 0
39200, 2625487, 0, 0, 0
39300, 2672829, 0, 0, 0
39400, 2620872, 0, 0, 0
39500, 2667654, 0, 0, 0
39600, 2576361, 0, 0, 0
39700, 2785506, 0, 0, 0
39800, 2787731, 0, 0, 0
39900, 2715676, 0, 0, 0
40000, 2560026, 0, 0, 0
40100, 2720773, 0, 0, 0
40201, 2737369, 0, 0, 0
40300, 2593665, 0, 0, 0
40400, 2650497, 0, 0, 0
40500, 2892941, 0, 0, 0
40600, 2743347, 0, 0, 0
40700, 2658162, 0, 0, 0
40801, 2890272, 0, 0, 0
40900, 2703172, 0, 0, 0
41000, 2674912, 0, 0, 0
41100, 2693658, 0, 0, 0
41200, 2791572, 0, 0, 0
41300, 2698980, 0, 0, 0
41400, 2731374, 0, 0, 0
41500, 2586768, 0, 0, 0
41600, 2869380, 0, 0, 0
41700, 2822167, 0, 0, 0
41800, 2646238, 0, 0, 0
41900, 2698382, 0, 0, 0
42000, 2748351, 0, 0, 0
42101, 2614217, 0, 0, 0
42200, 2578915, 0, 0, 0
42300, 2791390, 0, 0, 0
42400, 2692611, 0, 0, 0
42500, 2773848, 0, 0, 0
42600, 2760652, 0, 0, 0
42700, 2534447, 0, 0, 0
42801, 2614736, 0, 0, 0
42901, 2736493, 0, 0, 0
43000, 2794257, 0, 0, 0
43100, 2696994, 0, 0, 0
43200, 2847566, 0, 0, 0
43300, 2672302, 0, 0, 0
43400, 2650688, 0, 0, 0
43500, 2829316, 0, 0, 0
43600, 2725034, 0, 0, 0
43700, 2852447, 0, 0, 0
43800, 2764868, 0, 0, 0
43900, 2564927, 0, 0, 0
44000, 2821389, 0, 0, 0
44100, 2737091, 0, 0, 0
44200, 2795033, 0, 0, 0
44300, 2750242, 0, 0, 0
44400, 2744581, 0, 0, 0
44500, 2800302, 0, 0, 0
44600, 2883721, 0, 0, 0
44700, 2669511, 0, 0, 0
44800, 2570259, 0, 0, 0
44900, 2652964, 0, 0, 0
45001, 2740016, 0, 0, 0
45100, 2727080, 0, 0, 0
45200, 2744598, 0, 0, 0
45300, 2637864, 0, 0, 0
45400, 2499770, 0, 0, 0
45501, 2842747, 0, 0, 0
45600, 2674666, 0, 0, 0
45700, 2646749, 0, 0, 0
45800, 2778824, 0, 0, 0
45900, 2839866, 0, 0, 0
46000, 2782168, 0, 0, 0
46100, 2607181, 0, 0, 0
46200, 2675896, 0, 0, 0
46300, 2692270, 0, 0, 0
46400, 2710744, 0, 0, 0
46500, 2808043, 0, 0, 0
46600, 2644614, 0, 0, 0
46700, 2745550, 0, 0, 0
46800, 2643676, 0, 0, 0
46901, 2725314, 0, 0, 0
47000, 2743821, 0, 0, 0
47100, 2748458, 0, 0, 0
47200, 2849663, 0, 0, 0
47300, 2621182, 0, 0, 0
47400, 2687412, 0, 0, 0
47500, 2730805, 0, 0, 0
47600, 2684344, 0, 0, 0
47700, 2630624, 0, 0, 0
47800, 2589701, 0, 0, 0
47900, 2679157, 0, 0, 0
48000, 2646610, 0, 0, 0
48100, 2634191, 0, 0, 0
48200, 2763751, 0, 0, 0
48300, 2641040, 0, 0, 0
48400, 2646492, 0, 0, 0
48500, 2730057, 0, 0, 0
48600, 2657489, 0, 0, 0
48701, 2801127, 0, 0, 0
48800, 2782382, 0, 0, 0
48900, 2679902, 0, 0, 0
49001, 2812463, 0, 0, 0
49100, 2679648, 0, 0, 0
49200, 2552745, 0, 0, 0
49300, 2748611, 0, 0, 0
49400, 2740660, 0, 0, 0
49500, 2661978, 0, 0, 0
49601, 2677398, 0, 0, 0
49700, 2655085, 0, 0, 0
49800, 2653894, 0, 0, 0
49900, 2655054, 0, 0, 0
50000, 2850119, 0, 0, 0
50100, 2738231, 0, 0, 0
50200, 2723579, 0, 0, 0
50300, 2763431, 0, 0, 0
50400, 2649212, 0, 0, 0
50500, 2780308, 0, 0, 0
50600, 2813472, 0, 0, 0
50700, 2709521, 0, 0, 0
50800, 2629715, 0, 0, 0
50900, 2603107, 0, 0, 0
51000, 2681979, 0, 0, 0
51100, 2865073, 0, 0, 0
51200, 2794654, 0, 0, 0
51300, 2676319, 0, 0, 0
51400, 2518141, 0, 0, 0
51500, 2624299, 0, 0, 0
51601, 2764067, 0, 0, 0
51701, 2893325, 0, 0, 0
51800, 2908936, 0, 0, 0
51900, 2799032, 0, 0, 0
52001, 2646286, 0, 0, 0
52100, 2791673, 0, 0, 0
52200, 2703187, 0, 0, 0
52300, 2748406, 0, 0, 0
52400, 2665316, 0, 0, 0
52500, 2753779, 0, 0, 0
52600, 2754343, 0, 0, 0
52700, 2742452, 0, 0, 0
52800, 2679749, 0, 0, 0
52901, 2767245, 0, 0, 0
53000, 2617826, 0, 0, 0
53100, 2821714, 0, 0, 0
53200, 2618513, 0, 0, 0
53300, 2566523, 0, 0, 0
53400, 2619136, 0, 0, 0
53500, 2790773, 0, 0, 0
53600, 2609493, 0, 0, 0
53700, 2511538, 0, 0, 0
53800, 2640680, 0, 0, 0
53900, 2690540, 0, 0, 0
54000, 2851039, 0, 0, 0
54100, 2698213, 0, 0, 0
54200, 2713258, 0, 0, 0
54300, 2651579, 0, 0, 0
54400, 2530189, 0, 0, 0
54500, 2651265, 0, 0, 0
54600, 2627399, 0, 0, 0
54700, 2532739, 0, 0, 0
54800, 2637979, 0, 0, 0
54900, 2671066, 0, 0, 0
55000, 2737104, 0, 0, 0
55100, 2687766, 0, 0, 0
55200, 2830480, 0, 0, 0
55301, 2618525, 0, 0, 0
55400, 2755236, 0, 0, 0
55500, 2716735, 0, 0, 0
55600, 2721642, 0, 0, 0
55700, 2904820, 0, 0, 0
55801, 2772936, 0, 0, 0
55900, 2803148, 0, 0, 0
56000, 2684583, 0, 0, 0
56100, 2724305, 0, 0, 0
56200, 2724396, 0, 0, 0
56300, 2755713, 0, 0, 0
56400, 2738029, 0, 0, 0
56500, 2685527, 0, 0, 0
56600, 2616036, 0, 0, 0
56700, 2717718, 0, 0, 0
56800, 2740439, 0, 0, 0
56901, 2627973, 0, 0, 0
57000, 2672282, 0, 0, 0
57100, 2756258, 0, 0, 0
57200, 2593080, 0, 0, 0
57300, 2675840, 0, 0, 0
57400, 2754922, 0, 0, 0
57500, 2662762, 0, 0, 0
57600, 2635615, 0, 0, 0
57700, 2715108, 0, 0, 0
57800, 2754248, 0, 0, 0
57900, 2712342, 0, 0, 0
58000, 2628201, 0, 0, 0
58100, 2650168, 0, 0, 0
58200, 2650654, 0, 0, 0
58300, 2779367, 0, 0, 0
58401, 2615439, 0, 0, 0
58500, 2639477, 0, 0, 0
58601, 2833536, 0, 0, 0
58700, 2753220, 0, 0, 0
58800, 2744902, 0, 0, 0
58900, 2573983, 0, 0, 0
59000, 2787093, 0, 0, 0
59100, 2581590, 0, 0, 0
59200, 2577152, 0, 0, 0
59300, 2753637, 0, 0, 0
59400, 2728212, 0, 0, 0
59500, 2732320, 0, 0, 0
59601, 2764693, 0, 0, 0
59700, 2837342, 0, 0, 0
59800, 2638813, 0, 0, 0
59900, 2689005, 0, 0, 0
60000, 2716695, 0, 0, 0
60100, 2571900, 0, 0, 0
60201, 2719402, 0, 0, 0
60300, 2682618, 0, 0, 0
60400, 2811303, 0, 0, 0
60500, 2765300, 0, 0, 0
60601, 2727035, 0, 0, 0
60700, 2705398, 0, 0, 0
60800, 2780310, 0, 0, 0
60900, 2704698, 0, 0, 0
61000, 2728733, 0, 0, 0
61100, 2718045, 0, 0, 0
61200, 2818800, 0, 0, 0
61300, 2799605, 0, 0, 0
61400, 2770281, 0, 0, 0
61500, 2636434, 0, 0, 0
61600, 2699749, 0, 0, 0
61701, 2833995, 0, 0, 0
61800, 2689166, 0, 0, 0
61901, 2787252, 0, 0, 0
62000, 2626902, 0, 0, 0
62100, 2665573, 0, 0, 0
62200, 2694219, 0, 0, 0
62300, 2709238, 0, 0, 0
62400, 2648373, 0, 0, 0
62500, 2644051, 0, 0, 0
62600, 2691853, 0, 0, 0
62700, 2799837, 0, 0, 0
62800, 2803857, 0, 0, 0
62900, 2570721, 0, 0, 0
63000, 2823362, 0, 0, 0
63100, 2766464, 0, 0, 0
63200, 2509760, 0, 0, 0
63300, 2745096, 0, 0, 0
63400, 2649379, 0, 0, 0
63500, 2666247, 0, 0, 0
63600, 2757488, 0, 0, 0
63700, 2641857, 0, 0, 0
63800, 2801836, 0, 0, 0
63900, 2790147, 0, 0, 0
64000, 2744690, 0, 0, 0
64100, 2618577, 0, 0, 0
64200, 2528373, 0, 0, 0
64300, 2579869, 0, 0, 0
64400, 2718225, 0, 0, 0
64500, 2786104, 0, 0, 0
64601, 2618108, 0, 0, 0
64700, 2661223, 0, 0, 0
64800, 2829769, 0, 0, 0
64901, 2744254, 0, 0, 0
65000, 2811158, 0, 0, 0
65100, 2750090, 0, 0, 0
65201, 2701471, 0, 0, 0
65300, 2567355, 0, 0, 0
65400, 2718088, 0, 0, 0
65500, 2791655, 0, 0, 0
65600, 2802438, 0, 0, 0
65700, 2592526, 0, 0, 0
65800, 2704464, 0, 0, 0
65900, 2689222, 0, 0, 0
66000, 2766778, 0, 0, 0
66100, 2691771, 0, 0, 0
66200, 2808460, 0, 0, 0
66300, 2715428, 0, 0, 0
66400, 2730566, 0, 0, 0
66500, 2825873, 0, 0, 0
66600, 2771612, 0, 0, 0
66700, 2614933, 0, 0, 0
66800, 2696952, 0, 0, 0
66900, 2678901, 0, 0, 0
67000, 2739615, 0, 0, 0
67100, 2716805, 0, 0, 0
67200, 2612656, 0, 0, 0
67300, 2714087, 0, 0, 0
67400, 2737814, 0, 0, 0
67500, 2696534, 0, 0, 0
67600, 2554290, 0, 0, 0
67700, 2648104, 0, 0, 0
67800, 2675230, 0, 0, 0
67900, 2675343, 0, 0, 0
68000, 2676985, 0, 0, 0
68100, 2679793, 0, 0, 0
68200, 2626965, 0, 0, 0
68300, 2667146, 0, 0, 0
68400, 2643457, 0, 0, 0
68500, 2871788, 0, 0, 0
68600, 2514384, 0, 0, 0
68700, 2685708, 0, 0, 0
68800, 2464598, 0, 0, 0
68900, 2682181, 0, 0, 0
69000, 2635660, 0, 0, 0
69100, 2774893, 0, 0, 0
69200, 2616827, 0, 0, 0
69300, 2778247, 0, 0, 0
69400, 2713909, 0, 0, 0
69500, 2531111, 0, 0, 0
69600, 2599028, 0, 0, 0
69701, 2666919, 0, 0, 0
69800, 2824214, 0, 0, 0
69900, 2647134, 0, 0, 0
70000, 2613057, 0, 0, 0
70101, 2760556, 0, 0, 0
70200, 2858425, 0, 0, 0
70300, 2621057, 0, 0, 0
70400, 2680006, 0, 0, 0
70500, 2668835, 0, 0, 0
70600, 2765651, 0, 0, 0
70701, 2626737, 0, 0, 0
70800, 2864488, 0, 0, 0
70900, 2797779, 0, 0, 0
71000, 2866433, 0, 0, 0
71100, 2535997, 0, 0, 0
71201, 2694126, 0, 0, 0
71300, 2711254, 0, 0, 0
71400, 2735439, 0, 0, 0
71501, 2748489, 0, 0, 0
71600, 2704531, 0, 0, 0
71700, 2638634, 0, 0, 0
71800, 2600858, 0, 0, 0
71900, 2839705, 0, 0, 0
72000, 2660487, 0, 0, 0
72100, 2731662, 0, 0, 0
72201, 2528552, 0, 0, 0
72300, 2728006, 0, 0, 0
72400, 2790413, 0, 0, 0
72500, 2748697, 0, 0, 0
72600, 2584930, 0, 0, 0
72700, 2562698, 0, 0, 0
72800, 2646898, 0, 0, 0
72901, 2626816, 0, 0, 0
73000, 2654176, 0, 0, 0
73100, 2619844, 0, 0, 0
73200, 2789008, 0, 0, 0
73300, 2831289, 0, 0, 0
73400, 2798757, 0, 0, 0
73500, 2797734, 0, 0, 0
73601, 2658582, 0, 0, 0
73700, 2802740, 0, 0, 0
73800, 2691803, 0, 0, 0
73900, 2555509, 0, 0, 0
74000, 2613692, 0, 0, 0
74100, 2667961, 0, 0, 0
74200, 2788728, 0, 0, 0
74300, 2614979, 0, 0, 0
74400, 2745894, 0, 0, 0
74500, 2773920, 0, 0, 0
74600, 2714698, 0, 0, 0
74700, 2662651, 0, 0, 0
74800, 2627748, 0, 0, 0
74900, 2892239, 0, 0, 0
75000, 2921123, 0, 0, 0
75100, 2799862, 0, 0, 0
75200, 2775842, 0, 0, 0
75301, 2714261, 0, 0, 0
75400, 2690885, 0, 0, 0
75500, 2656845, 0, 0, 0
75600, 2562869, 0, 0, 0
75700, 2645959, 0, 0, 0
75800, 2713249, 0, 0, 0
75900, 2744951, 0, 0, 0
76000, 2679436, 0, 0, 0
76100, 2825929, 0, 0, 0
76200, 2756065, 0, 0, 0
76300, 2686285, 0, 0, 0
76400, 2734546, 0, 0, 0
76500, 2734805, 0, 0, 0
76600, 2685082, 0, 0, 0
76700, 2821920, 0, 0, 0
76801, 2692051, 0, 0, 0
76900, 2777421, 0, 0, 0
77000, 2784762, 0, 0, 0
77100, 2737994, 0, 0, 0
77200, 2569042, 0, 0, 0
77301, 2955990, 0, 0, 0
77400, 2938421, 0, 0, 0
77500, 2745474, 0, 0, 0
77600, 2718133, 0, 0, 0
77700, 2876618, 0, 0, 0
77801, 2629696, 0, 0, 0
77900, 2841489, 0, 0, 0
78000, 2887269, 0, 0, 0
78101, 2820043, 0, 0, 0
78200, 2641500, 0, 0, 0
78300, 2722509, 0, 0, 0
78400, 2846633, 0, 0, 0
78500, 2807524, 0, 0, 0
78600, 2744793, 0, 0, 0
78700, 2684359, 0, 0, 0
78800, 2840424, 0, 0, 0
78900, 2723922, 0, 0, 0
79001, 2802417, 0, 0, 0
79100, 2889420, 0, 0, 0
79200, 2808727, 0, 0, 0
79300, 2910758, 0, 0, 0
79400, 2793982, 0, 0, 0
79500, 2658073, 0, 0, 0
79600, 2896747, 0, 0, 0
79700, 2703962, 0, 0, 0
79800, 2725456, 0, 0, 0
79900, 2745049, 0, 0, 0
80000, 2740837, 0, 0, 0
80101, 2927420, 0, 0, 0
80200, 2785374, 0, 0, 0
80300, 2684921, 0, 0, 0
80400, 2765936, 0, 0, 0
80500, 2855929, 0, 0, 0
80600, 2705219, 0, 0, 0
80700, 2857326, 0, 0, 0
80800, 2674324, 0, 0, 0
80900, 2643366, 0, 0, 0
81000, 2881996, 0, 0, 0
81100, 2795993, 0, 0, 0
81200, 2624888, 0, 0, 0
81300, 2802922, 0, 0, 0
81400, 2782213, 0, 0, 0
81500, 2798401, 0, 0, 0
81600, 2685564, 0, 0, 0
81700, 2885520, 0, 0, 0
81801, 2880966, 0, 0, 0
81900, 2959745, 0, 0, 0
82000, 2877142, 0, 0, 0
82100, 2707523, 0, 0, 0
82200, 2656457, 0, 0, 0
82300, 2773378, 0, 0, 0
82400, 2686322, 0, 0, 0
82500, 2807498, 0, 0, 0
82600, 2991507, 0, 0, 0
82701, 2837277, 0, 0, 0
82800, 2956269, 0, 0, 0
82900, 2757045, 0, 0, 0
83000, 2821399, 0, 0, 0
83101, 2488066, 0, 0, 0
83200, 2717690, 0, 0, 0
83300, 2796704, 0, 0, 0
83401, 2805452, 0, 0, 0
83500, 2861105, 0, 0, 0
83600, 2836293, 0, 0, 0
83701, 2555705, 0, 0, 0
83800, 2740741, 0, 0, 0
83900, 2710660, 0, 0, 0
84001, 2934911, 0, 0, 0
84100, 2919236, 0, 0, 0
84200, 2840365, 0, 0, 0
84300, 2751960, 0, 0, 0
84400, 2748073, 0, 0, 0
84500, 2616424, 0, 0, 0
84600, 2856454, 0, 0, 0
84700, 2918447, 0, 0, 0
84800, 2804265, 0, 0, 0
84900, 2844447, 0, 0, 0
85000, 2632294, 0, 0, 0
85100, 2667450, 0, 0, 0
85200, 2719399, 0, 0, 0
85300, 2728009, 0, 0, 0
85400, 2673715, 0, 0, 0
85500, 2751900, 0, 0, 0
85600, 2517358, 0, 0, 0
85701, 2844470, 0, 0, 0
85800, 2641210, 0, 0, 0
85900, 2807550, 0, 0, 0
86000, 2640052, 0, 0, 0
86100, 2792723, 0, 0, 0
86200, 2715733, 0, 0, 0
86300, 2722362, 0, 0, 0
86400, 2792333, 0, 0, 0
86500, 2737223, 0, 0, 0
86600, 2893213, 0, 0, 0
86700, 2799112, 0, 0, 0
86800, 2846551, 0, 0, 0
86900, 2739057, 0, 0, 0
87000, 2683417, 0, 0, 0
87100, 2684770, 0, 0, 0
87200, 2854206, 0, 0, 0
87300, 2694841, 0, 0, 0
87400, 2789865, 0, 0, 0
87501, 2833215, 0, 0, 0
87600, 2665295, 0, 0, 0
87701, 2682706, 0, 0, 0
87800, 2711684, 0, 0, 0
87900, 2710131, 0, 0, 0
88000, 2529338, 0, 0, 0
88100, 2647937, 0, 0, 0
88200, 2817445, 0, 0, 0
88300, 2666611, 0, 0, 0
88400, 2606963, 0, 0, 0
88500, 2684069, 0, 0, 0
88600, 2769344, 0, 0, 0
88700, 2796746, 0, 0, 0
88800, 2777019, 0, 0, 0
88900, 2897604, 0, 0, 0
89000, 2857943, 0, 0, 0
89100, 2683421, 0, 0, 0
89200, 2619615, 0, 0, 0
89300, 2705319, 0, 0, 0
89401, 2860951, 0, 0, 0
89501, 2751365, 0, 0, 0
89600, 2732675, 0, 0, 0
89700, 2666576, 0, 0, 0
89800, 2708359, 0, 0, 0
89900, 2736780, 0, 0, 0
90000, 2809711, 0, 0, 0
90002, 3077784, 0, 0, 0
