250, 17408, 0, 0, 0
250, 37376, 1, 0, 0
350, 13440, 0, 0, 0
350, 42240, 1, 0, 0
450, 21760, 0, 0, 0
450, 36480, 1, 0, 0
550, 19840, 0, 0, 0
550, 37120, 1, 0, 0
650, 16000, 0, 0, 0
650, 39680, 1, 0, 0
749, 17454, 0, 0, 0
749, 39434, 1, 0, 0
849, 16000, 0, 0, 0
849, 40320, 1, 0, 0
949, 17280, 0, 0, 0
949, 40320, 1, 0, 0
1049, 17920, 0, 0, 0
1049, 38400, 1, 0, 0
1149, 16000, 0, 0, 0
1149, 40320, 1, 0, 0
1249, 15360, 0, 0, 0
1249, 39680, 1, 0, 0
1349, 14080, 0, 0, 0
1349, 41600, 1, 0, 0
1449, 15360, 0, 0, 0
1449, 40960, 1, 0, 0
1549, 14080, 0, 0, 0
1549, 41600, 1, 0, 0
1649, 17920, 0, 0, 0
1649, 39680, 1, 0, 0
1749, 14080, 0, 0, 0
1749, 44160, 1, 0, 0
1849, 16640, 0, 0, 0
1849, 37760, 1, 0, 0
1949, 16000, 0, 0, 0
1949, 37120, 1, 0, 0
2049, 13440, 0, 0, 0
2049, 41600, 1, 0, 0
2149, 19840, 0, 0, 0
2149, 35840, 1, 0, 0
2249, 14720, 0, 0, 0
2249, 40320, 1, 0, 0
2350, 19200, 0, 0, 0
2350, 37120, 1, 0, 0
2450, 17280, 0, 0, 0
2450, 40320, 1, 0, 0
2550, 14080, 0, 0, 0
2550, 37760, 1, 0, 0
2650, 11520, 0, 0, 0
2650, 40320, 1, 0, 0
2749, 14868, 0, 0, 0
2749, 40080, 1, 0, 0
2849, 16000, 0, 0, 0
2849, 41600, 1, 0, 0
2949, 17280, 0, 0, 0
2949, 36480, 1, 0, 0
3049, 16640, 0, 0, 0
3049, 39040, 1, 0, 0
3149, 20480, 0, 0, 0
3149, 40320, 1, 0, 0
3249, 19840, 0, 0, 0
3249, 39680, 1, 0, 0
3349, 15360, 0, 0, 0
3349, 41600, 1, 0, 0
3449, 22400, 0, 0, 0
3449, 35840, 1, 0, 0
3549, 19200, 0, 0, 0
3549, 39680, 1, 0, 0
3649, 19200, 0, 0, 0
3649, 39040, 1, 0, 0
3749, 19200, 0, 0, 0
3749, 40320, 1, 0, 0
3849, 17920, 0, 0, 0
3849, 38400, 1, 0, 0
3949, 14720, 0, 0, 0
3949, 41600, 1, 0, 0
4049, 21760, 0, 0, 0
4049, 36480, 1, 0, 0
4149, 19840, 0, 0, 0
4149, 37120, 1, 0, 0
4249, 20480, 0, 0, 0
4249, 38400, 1, 0, 0
4349, 16000, 0, 0, 0
4349, 40960, 1, 0, 0
4449, 17920, 0, 0, 0
4449, 39680, 1, 0, 0
4549, 12160, 0, 0, 0
4549, 42240, 1, 0, 0
4649, 23680, 0, 0, 0
4649, 37120, 1, 0, 0
4750, 17280, 0, 0, 0
4750, 39680, 1, 0, 0
4850, 14080, 0, 0, 0
4850, 41600, 1, 0, 0
4950, 16640, 0, 0, 0
4950, 39040, 1, 0, 0
5050, 15360, 0, 0, 0
5050, 40320, 1, 0, 0
5150, 16000, 0, 0, 0
5150, 38400, 1, 0, 0
5249, 20040, 0, 0, 0
5249, 37494, 1, 0, 0
5349, 12800, 0, 0, 0
5349, 42240, 1, 0, 0
5449, 18560, 0, 0, 0
5449, 39040, 1, 0, 0
5549, 23680, 0, 0, 0
5549, 37120, 1, 0, 0
5649, 15360, 0, 0, 0
5649, 39680, 1, 0, 0
5749, 13440, 0, 0, 0
5749, 39680, 1, 0, 0
5849, 16640, 0, 0, 0
5849, 38400, 1, 0, 0
5949, 17280, 0, 0, 0
5949, 38400, 1, 0, 0
6049, 19200, 0, 0, 0
6049, 36480, 1, 0, 0
6149, 14720, 0, 0, 0
6149, 37760, 1, 0, 0
6249, 13440, 0, 0, 0
6249, 37760, 1, 0, 0
6349, 24320, 0, 0, 0
6349, 33280, 1, 0, 0
6449, 19200, 0, 0, 0
6449, 37120, 1, 0, 0
6549, 20480, 0, 0, 0
6549, 35840, 1, 0, 0
6649, 14080, 0, 0, 0
6649, 42240, 1, 0, 0
6749, 20480, 0, 0, 0
6749, 35840, 1, 0, 0
6849, 16640, 0, 0, 0
6849, 38400, 1, 0, 0
6949, 17920, 0, 0, 0
6949, 35200, 1, 0, 0
7050, 19840, 0, 0, 0
7050, 36480, 1, 0, 0
7150, 19200, 0, 0, 0
7150, 34560, 1, 0, 0
7249, 12282, 0, 0, 0
7249, 42020, 1, 0, 0
7349, 19840, 0, 0, 0
7349, 35840, 1, 0, 0
7449, 16640, 0, 0, 0
7449, 37760, 1, 0, 0
7549, 11520, 0, 0, 0
7549, 45440, 1, 0, 0
7649, 17280, 0, 0, 0
7649, 40320, 1, 0, 0
7749, 17280, 0, 0, 0
7749, 38400, 1, 0, 0
7849, 19200, 0, 0, 0
7849, 39680, 1, 0, 0
7949, 15360, 0, 0, 0
7949, 40320, 1, 0, 0
8049, 12800, 0, 0, 0
8049, 40960, 1, 0, 0
8149, 16000, 0, 0, 0
8149, 38400, 1, 0, 0
8249, 15360, 0, 0, 0
8249, 42240, 1, 0, 0
8349, 11520, 0, 0, 0
8349, 43520, 1, 0, 0
8449, 18560, 0, 0, 0
8449, 39040, 1, 0, 0
8549, 16000, 0, 0, 0
8549, 39040, 1, 0, 0
8649, 16640, 0, 0, 0
8649, 38400, 1, 0, 0
8749, 14080, 0, 0, 0
8749, 40960, 1, 0, 0
8849, 14720, 0, 0, 0
8849, 40960, 1, 0, 0
8949, 11520, 0, 0, 0
8949, 42880, 1, 0, 0
9049, 14720, 0, 0, 0
9049, 41600, 1, 0, 0
9149, 19200, 0, 0, 0
9149, 36480, 1, 0, 0
9250, 15360, 0, 0, 0
9250, 39680, 1, 0, 0
9350, 18560, 0, 0, 0
9350, 39680, 1, 0, 0
9450, 17280, 0, 0, 0
9450, 39040, 1, 0, 0
9550, 17920, 0, 0, 0
9550, 37760, 1, 0, 0
9650, 15360, 0, 0, 0
9650, 40960, 1, 0, 0
9749, 19393, 0, 0, 0
9749, 37494, 1, 0, 0
9849, 18560, 0, 0, 0
9849, 38400, 1, 0, 0
9949, 19840, 0, 0, 0
9949, 37120, 1, 0, 0
10049, 16000, 0, 0, 0
10049, 39680, 1, 0, 0
10149, 19200, 0, 0, 0
10149, 39680, 1, 0, 0
10249, 17920, 0, 0, 0
10249, 40960, 1, 0, 0
10349, 13440, 0, 0, 0
10349, 40960, 1, 0, 0
10449, 17280, 0, 0, 0
10449, 39680, 1, 0, 0
10549, 14080, 0, 0, 0
10549, 40320, 1, 0, 0
10649, 19840, 0, 0, 0
10649, 37760, 1, 0, 0
10749, 12160, 0, 0, 0
10749, 42240, 1, 0, 0
10849, 22400, 0, 0, 0
10849, 35840, 1, 0, 0
10949, 17280, 0, 0, 0
10949, 40960, 1, 0, 0
11049, 17280, 0, 0, 0
11049, 40320, 1, 0, 0
11149, 23040, 0, 0, 0
11149, 34560, 1, 0, 0
11249, 21760, 0, 0, 0
11249, 37760, 1, 0, 0
11349, 15360, 0, 0, 0
11349, 41600, 1, 0, 0
11449, 15360, 0, 0, 0
11449, 40960, 1, 0, 0
11550, 17920, 0, 0, 0
11550, 35840, 1, 0, 0
11650, 19200, 0, 0, 0
11650, 38400, 1, 0, 0
11749, 18747, 0, 0, 0
11749, 38787, 1, 0, 0
11849, 19840, 0, 0, 0
11849, 35840, 1, 0, 0
11949, 16640, 0, 0, 0
11949, 39680, 1, 0, 0
12049, 19200, 0, 0, 0
12049, 37760, 1, 0, 0
12149, 21120, 0, 0, 0
12149, 36480, 1, 0, 0
12249, 17280, 0, 0, 0
12249, 40320, 1, 0, 0
12349, 23040, 0, 0, 0
12349, 34560, 1, 0, 0
12449, 14720, 0, 0, 0
12449, 40320, 1, 0, 0
12549, 21760, 0, 0, 0
12549, 36480, 1, 0, 0
12649, 17280, 0, 0, 0
12649, 40320, 1, 0, 0
12749, 14720, 0, 0, 0
12749, 41600, 1, 0, 0
12849, 18560, 0, 0, 0
12849, 39680, 1, 0, 0
12949, 14720, 0, 0, 0
12949, 39680, 1, 0, 0
13049, 14080, 0, 0, 0
13049, 39680, 1, 0, 0
13149, 12800, 0, 0, 0
13149, 44160, 1, 0, 0
13249, 11520, 0, 0, 0
13249, 42880, 1, 0, 0
13349, 10880, 0, 0, 0
13349, 44160, 1, 0, 0
13449, 16000, 0, 0, 0
13449, 36480, 1, 0, 0
13549, 16000, 0, 0, 0
13549, 39680, 1, 0, 0
13649, 15360, 0, 0, 0
13649, 38400, 1, 0, 0
13749, 16640, 0, 0, 0
13749, 40960, 1, 0, 0
13849, 13440, 0, 0, 0
13849, 38400, 1, 0, 0
13949, 18560, 0, 0, 0
13949, 37760, 1, 0, 0
14050, 20480, 0, 0, 0
14050, 37120, 1, 0, 0
14150, 18560, 0, 0, 0
14150, 40320, 1, 0, 0
14249, 15515, 0, 0, 0
14249, 40727, 1, 0, 0
14349, 12800, 0, 0, 0
14349, 40960, 1, 0, 0
14449, 14720, 0, 0, 0
14449, 40320, 1, 0, 0
14549, 19200, 0, 0, 0
14549, 38400, 1, 0, 0
14649, 12160, 0, 0, 0
14649, 41600, 1, 0, 0
14749, 12800, 0, 0, 0
14749, 42240, 1, 0, 0
14849, 19840, 0, 0, 0
14849, 36480, 1, 0, 0
14949, 24320, 0, 0, 0
14949, 32000, 1, 0, 0
15049, 14720, 0, 0, 0
15049, 39680, 1, 0, 0
15149, 12800, 0, 0, 0
15149, 40960, 1, 0, 0
15249, 21120, 0, 0, 0
15249, 36480, 1, 0, 0
15349, 16640, 0, 0, 0
15349, 39680, 1, 0, 0
15449, 16000, 0, 0, 0
15449, 36480, 1, 0, 0
15549, 15360, 0, 0, 0
15549, 40320, 1, 0, 0
15649, 11520, 0, 0, 0
15649, 42240, 1, 0, 0
15749, 17920, 0, 0, 0
15749, 39680, 1, 0, 0
15849, 12160, 0, 0, 0
15849, 40320, 1, 0, 0
15949, 12800, 0, 0, 0
15949, 41600, 1, 0, 0
16049, 19840, 0, 0, 0
16049, 36480, 1, 0, 0
16149, 11520, 0, 0, 0
16149, 42240, 1, 0, 0
16249, 16640, 0, 0, 0
16249, 39680, 1, 0, 0
16350, 16000, 0, 0, 0
16350, 37760, 1, 0, 0
16450, 17920, 0, 0, 0
16450, 38400, 1, 0, 0
16550, 19200, 0, 0, 0
16550, 37760, 1, 0, 0
16650, 12160, 0, 0, 0
16650, 40960, 1, 0, 0
16749, 16808, 0, 0, 0
16749, 39434, 1, 0, 0
16849, 17280, 0, 0, 0
16849, 39040, 1, 0, 0
16949, 17920, 0, 0, 0
16949, 39040, 1, 0, 0
17049, 16000, 0, 0, 0
17049, 39680, 1, 0, 0
17149, 16640, 0, 0, 0
17149, 39040, 1, 0, 0
17249, 13440, 0, 0, 0
17249, 39680, 1, 0, 0
17349, 15360, 0, 0, 0
17349, 38400, 1, 0, 0
17449, 16000, 0, 0, 0
17449, 37120, 1, 0, 0
17549, 21120, 0, 0, 0
17549, 39040, 1, 0, 0
17649, 20480, 0, 0, 0
17649, 35840, 1, 0, 0
17749, 10880, 0, 0, 0
17749, 40320, 1, 0, 0
17849, 13440, 0, 0, 0
17849, 39680, 1, 0, 0
17949, 16640, 0, 0, 0
17949, 40320, 1, 0, 0
18049, 17920, 0, 0, 0
18049, 39040, 1, 0, 0
18149, 18560, 0, 0, 0
18149, 39040, 1, 0, 0
18249, 13440, 0, 0, 0
18249, 44800, 1, 0, 0
18349, 17920, 0, 0, 0
18349, 39040, 1, 0, 0
18449, 25600, 0, 0, 0
18449, 36480, 1, 0, 0
18549, 14720, 0, 0, 0
18549, 41600, 1, 0, 0
18649, 16640, 0, 0, 0
18649, 37760, 1, 0, 0
18750, 19840, 0, 0, 0
18750, 35840, 1, 0, 0
18850, 17280, 0, 0, 0
18850, 39040, 1, 0, 0
18950, 16640, 0, 0, 0
18950, 41600, 1, 0, 0
19050, 19840, 0, 0, 0
19050, 37760, 1, 0, 0
19150, 17920, 0, 0, 0
19150, 37760, 1, 0, 0
19249, 16808, 0, 0, 0
19249, 39434, 1, 0, 0
19349, 10880, 0, 0, 0
19349, 42880, 1, 0, 0
19449, 24960, 0, 0, 0
19449, 35200, 1, 0, 0
19549, 10240, 0, 0, 0
19549, 45440, 1, 0, 0
19649, 18560, 0, 0, 0
19649, 38400, 1, 0, 0
19749, 13440, 0, 0, 0
19749, 42240, 1, 0, 0
19849, 22400, 0, 0, 0
19849, 35200, 1, 0, 0
19949, 17280, 0, 0, 0
19949, 39040, 1, 0, 0
20049, 19200, 0, 0, 0
20049, 38400, 1, 0, 0
20149, 17280, 0, 0, 0
20149, 39680, 1, 0, 0
20249, 16000, 0, 0, 0
20249, 39680, 1, 0, 0
20349, 16000, 0, 0, 0
20349, 38400, 1, 0, 0
20449, 14720, 0, 0, 0
20449, 39680, 1, 0, 0
20549, 17920, 0, 0, 0
20549, 39680, 1, 0, 0
20649, 14080, 0, 0, 0
20649, 42880, 1, 0, 0
20749, 21120, 0, 0, 0
20749, 39040, 1, 0, 0
20849, 15360, 0, 0, 0
20849, 39680, 1, 0, 0
20949, 16640, 0, 0, 0
20949, 39680, 1, 0, 0
21050, 19200, 0, 0, 0
21050, 37120, 1, 0, 0
21150, 13440, 0, 0, 0
21150, 42240, 1, 0, 0
21249, 24565, 0, 0, 0
21249, 34909, 1, 0, 0
21349, 16000, 0, 0, 0
21349, 38400, 1, 0, 0
21449, 16640, 0, 0, 0
21449, 37120, 1, 0, 0
21549, 17280, 0, 0, 0
21549, 39040, 1, 0, 0
21649, 16000, 0, 0, 0
21649, 40960, 1, 0, 0
21749, 16640, 0, 0, 0
21749, 39680, 1, 0, 0
21849, 17920, 0, 0, 0
21849, 39680, 1, 0, 0
21949, 17280, 0, 0, 0
21949, 36480, 1, 0, 0
22049, 18560, 0, 0, 0
22049, 37760, 1, 0, 0
22149, 12160, 0, 0, 0
22149, 42880, 1, 0, 0
22249, 18560, 0, 0, 0
22249, 38400, 1, 0, 0
22349, 16640, 0, 0, 0
22349, 39040, 1, 0, 0
22449, 16640, 0, 0, 0
22449, 36480, 1, 0, 0
22549, 16640, 0, 0, 0
22549, 40320, 1, 0, 0
22649, 10880, 0, 0, 0
22649, 41600, 1, 0, 0
22749, 15360, 0, 0, 0
22749, 36480, 1, 0, 0
22849, 18560, 0, 0, 0
22849, 37760, 1, 0, 0
22949, 17920, 0, 0, 0
22949, 40960, 1, 0, 0
23049, 16000, 0, 0, 0
23049, 37120, 1, 0, 0
23149, 20480, 0, 0, 0
23149, 37120, 1, 0, 0
23249, 16000, 0, 0, 0
23249, 39680, 1, 0, 0
23349, 19200, 0, 0, 0
23349, 33920, 1, 0, 0
23450, 16640, 0, 0, 0
23450, 38400, 1, 0, 0
23550, 16640, 0, 0, 0
23550, 38400, 1, 0, 0
23650, 23040, 0, 0, 0
23650, 35200, 1, 0, 0
23749, 14222, 0, 0, 0
23749, 38141, 1, 0, 0
23849, 19200, 0, 0, 0
23849, 39680, 1, 0, 0
23949, 17920, 0, 0, 0
23949, 37120, 1, 0, 0
24049, 12800, 0, 0, 0
24049, 42240, 1, 0, 0
24149, 16000, 0, 0, 0
24149, 39680, 1, 0, 0
24249, 16000, 0, 0, 0
24249, 38400, 1, 0, 0
24349, 19840, 0, 0, 0
24349, 36480, 1, 0, 0
24449, 14720, 0, 0, 0
24449, 39680, 1, 0, 0
24549, 14720, 0, 0, 0
24549, 41600, 1, 0, 0
24649, 16640, 0, 0, 0
24649, 39680, 1, 0, 0
24749, 16000, 0, 0, 0
24749, 40320, 1, 0, 0
24849, 21120, 0, 0, 0
24849, 34560, 1, 0, 0
24949, 14080, 0, 0, 0
24949, 41600, 1, 0, 0
25049, 19200, 0, 0, 0
25049, 38400, 1, 0, 0
25149, 17280, 0, 0, 0
25149, 39680, 1, 0, 0
25249, 17920, 0, 0, 0
25249, 37120, 1, 0, 0
25349, 18560, 0, 0, 0
25349, 36480, 1, 0, 0
25449, 10880, 0, 0, 0
25449, 39040, 1, 0, 0
25549, 13440, 0, 0, 0
25549, 40960, 1, 0, 0
25650, 9600, 0, 0, 0
25650, 42880, 1, 0, 0
25750, 21760, 0, 0, 0
25750, 35200, 1, 0, 0
25850, 17920, 0, 0, 0
25850, 39040, 1, 0, 0
25950, 21120, 0, 0, 0
25950, 36480, 1, 0, 0
26050, 17920, 0, 0, 0
26050, 37760, 1, 0, 0
26150, 16640, 0, 0, 0
26150, 36480, 1, 0, 0
26249, 19393, 0, 0, 0
26249, 36848, 1, 0, 0
26349, 14080, 0, 0, 0
26349, 41600, 1, 0, 0
26449, 16000, 0, 0, 0
26449, 38400, 1, 0, 0
26549, 16000, 0, 0, 0
26549, 40320, 1, 0, 0
26649, 18560, 0, 0, 0
26649, 39040, 1, 0, 0
26749, 18560, 0, 0, 0
26749, 36480, 1, 0, 0
26849, 20480, 0, 0, 0
26849, 37120, 1, 0, 0
26949, 15360, 0, 0, 0
26949, 39040, 1, 0, 0
27049, 16000, 0, 0, 0
27049, 37760, 1, 0, 0
27149, 14080, 0, 0, 0
27149, 39680, 1, 0, 0
27249, 12800, 0, 0, 0
27249, 40960, 1, 0, 0
27349, 17920, 0, 0, 0
27349, 39680, 1, 0, 0
27449, 17920, 0, 0, 0
27449, 35840, 1, 0, 0
27549, 16640, 0, 0, 0
27549, 38400, 1, 0, 0
27649, 19840, 0, 0, 0
27649, 37120, 1, 0, 0
27749, 16000, 0, 0, 0
27749, 39680, 1, 0, 0
27849, 11520, 0, 0, 0
27849, 40960, 1, 0, 0
27950, 20480, 0, 0, 0
27950, 37120, 1, 0, 0
28050, 16000, 0, 0, 0
28050, 39040, 1, 0, 0
28150, 17920, 0, 0, 0
28150, 37120, 1, 0, 0
28249, 18101, 0, 0, 0
28249, 37494, 1, 0, 0
28349, 16000, 0, 0, 0
28349, 37760, 1, 0, 0
28449, 17280, 0, 0, 0
28449, 37120, 1, 0, 0
28549, 20480, 0, 0, 0
28549, 34560, 1, 0, 0
28649, 17920, 0, 0, 0
28649, 37120, 1, 0, 0
28749, 18560, 0, 0, 0
28749, 37120, 1, 0, 0
28849, 15360, 0, 0, 0
28849, 37760, 1, 0, 0
28949, 15360, 0, 0, 0
28949, 37760, 1, 0, 0
29049, 14080, 0, 0, 0
29049, 40960, 1, 0, 0
29149, 17280, 0, 0, 0
29149, 38400, 1, 0, 0
29249, 16000, 0, 0, 0
29249, 38400, 1, 0, 0
29349, 23040, 0, 0, 0
29349, 34560, 1, 0, 0
29449, 19200, 0, 0, 0
29449, 39680, 1, 0, 0
29549, 16640, 0, 0, 0
29549, 37760, 1, 0, 0
29649, 14720, 0, 0, 0
29649, 39680, 1, 0, 0
29749, 12160, 0, 0, 0
29749, 43520, 1, 0, 0
29849, 21120, 0, 0, 0
29849, 36480, 1, 0, 0
29949, 12160, 0, 0, 0
29949, 42880, 1, 0, 0
30049, 20480, 0, 0, 0
30049, 37760, 1, 0, 0
30149, 21760, 0, 0, 0
30149, 36480, 1, 0, 0
30250, 13440, 0, 0, 0
30250, 43520, 1, 0, 0
30350, 17280, 0, 0, 0
30350, 39040, 1, 0, 0
30450, 23040, 0, 0, 0
30450, 33920, 1, 0, 0
30550, 19200, 0, 0, 0
30550, 37760, 1, 0, 0
30650, 17280, 0, 0, 0
30650, 40320, 1, 0, 0
30749, 20686, 0, 0, 0
30749, 39434, 1, 0, 0
30849, 21760, 0, 0, 0
30849, 38400, 1, 0, 0
30949, 18560, 0, 0, 0
30949, 39040, 1, 0, 0
31049, 13440, 0, 0, 0
31049, 42240, 1, 0, 0
31149, 17280, 0, 0, 0
31149, 39040, 1, 0, 0
31249, 14080, 0, 0, 0
31249, 38400, 1, 0, 0
31349, 20480, 0, 0, 0
31349, 37760, 1, 0, 0
31449, 17920, 0, 0, 0
31449, 39040, 1, 0, 0
31549, 16640, 0, 0, 0
31549, 39680, 1, 0, 0
31649, 15360, 0, 0, 0
31649, 39040, 1, 0, 0
31749, 9600, 0, 0, 0
31749, 44160, 1, 0, 0
31849, 16640, 0, 0, 0
31849, 36480, 1, 0, 0
31949, 14720, 0, 0, 0
31949, 41600, 1, 0, 0
32049, 17920, 0, 0, 0
32049, 37760, 1, 0, 0
32149, 23680, 0, 0, 0
32149, 33280, 1, 0, 0
32249, 17280, 0, 0, 0
32249, 37760, 1, 0, 0
32349, 13440, 0, 0, 0
32349, 40960, 1, 0, 0
32449, 19200, 0, 0, 0
32449, 35200, 1, 0, 0
32550, 21760, 0, 0, 0
32550, 36480, 1, 0, 0
32650, 12160, 0, 0, 0
32650, 41600, 1, 0, 0
32749, 17454, 0, 0, 0
32749, 38787, 1, 0, 0
32849, 16000, 0, 0, 0
32849, 39680, 1, 0, 0
32949, 13440, 0, 0, 0
32949, 39680, 1, 0, 0
33049, 20480, 0, 0, 0
33049, 37120, 1, 0, 0
33149, 12800, 0, 0, 0
33149, 42240, 1, 0, 0
33249, 15360, 0, 0, 0
33249, 40960, 1, 0, 0
33349, 16000, 0, 0, 0
33349, 42240, 1, 0, 0
33449, 14720, 0, 0, 0
33449, 37760, 1, 0, 0
33549, 16000, 0, 0, 0
33549, 39040, 1, 0, 0
33649, 16640, 0, 0, 0
33649, 40320, 1, 0, 0
33749, 20480, 0, 0, 0
33749, 40960, 1, 0, 0
33849, 19840, 0, 0, 0
33849, 38400, 1, 0, 0
33949, 10880, 0, 0, 0
33949, 43520, 1, 0, 0
34049, 14080, 0, 0, 0
34049, 39040, 1, 0, 0
34149, 15360, 0, 0, 0
34149, 37760, 1, 0, 0
34249, 19840, 0, 0, 0
34249, 35200, 1, 0, 0
34349, 17920, 0, 0, 0
34349, 38400, 1, 0, 0
34449, 23040, 0, 0, 0
34449, 35200, 1, 0, 0
34549, 18560, 0, 0, 0
34549, 38400, 1, 0, 0
34649, 15360, 0, 0, 0
34649, 40960, 1, 0, 0
34749, 13440, 0, 0, 0
34749, 40320, 1, 0, 0
34850, 14080, 0, 0, 0
34850, 39040, 1, 0, 0
34950, 14720, 0, 0, 0
34950, 40960, 1, 0, 0
35050, 15360, 0, 0, 0
35050, 37760, 1, 0, 0
35150, 18560, 0, 0, 0
35150, 37120, 1, 0, 0
35249, 14868, 0, 0, 0
35249, 40080, 1, 0, 0
35349, 16000, 0, 0, 0
35349, 39680, 1, 0, 0
35449, 14720, 0, 0, 0
35449, 38400, 1, 0, 0
35549, 17280, 0, 0, 0
35549, 38400, 1, 0, 0
35649, 15360, 0, 0, 0
35649, 39680, 1, 0, 0
35749, 10880, 0, 0, 0
35749, 41600, 1, 0, 0
35849, 10240, 0, 0, 0
35849, 42240, 1, 0, 0
35949, 19840, 0, 0, 0
35949, 35840, 1, 0, 0
36049, 16640, 0, 0, 0
36049, 39040, 1, 0, 0
36149, 19200, 0, 0, 0
36149, 40320, 1, 0, 0
36249, 13440, 0, 0, 0
36249, 40960, 1, 0, 0
36349, 14720, 0, 0, 0
36349, 40320, 1, 0, 0
36449, 14080, 0, 0, 0
36449, 38400, 1, 0, 0
36549, 16640, 0, 0, 0
36549, 37120, 1, 0, 0
36649, 18560, 0, 0, 0
36649, 35840, 1, 0, 0
36749, 19840, 0, 0, 0
36749, 38400, 1, 0, 0
36849, 18560, 0, 0, 0
36849, 35840, 1, 0, 0
36949, 17280, 0, 0, 0
36949, 38400, 1, 0, 0
37050, 17280, 0, 0, 0
37050, 37120, 1, 0, 0
37150, 12160, 0, 0, 0
37150, 39680, 1, 0, 0
37249, 12929, 0, 0, 0
37249, 36848, 1, 0, 0
37349, 21120, 0, 0, 0
37349, 33920, 1, 0, 0
37449, 14720, 0, 0, 0
37449, 38400, 1, 0, 0
37549, 15360, 0, 0, 0
37549, 36480, 1, 0, 0
37649, 18560, 0, 0, 0
37649, 37760, 1, 0, 0
37749, 20480, 0, 0, 0
37749, 37760, 1, 0, 0
37849, 12800, 0, 0, 0
37849, 42240, 1, 0, 0
37949, 16000, 0, 0, 0
37949, 39040, 1, 0, 0
38049, 9600, 0, 0, 0
38049, 44800, 1, 0, 0
38149, 16000, 0, 0, 0
38149, 39040, 1, 0, 0
38249, 14080, 0, 0, 0
38249, 40320, 1, 0, 0
38349, 14720, 0, 0, 0
38349, 41600, 1, 0, 0
38449, 17920, 0, 0, 0
38449, 37760, 1, 0, 0
38549, 10880, 0, 0, 0
38549, 44160, 1, 0, 0
38649, 19840, 0, 0, 0
38649, 37120, 1, 0, 0
38749, 16640, 0, 0, 0
38749, 38400, 1, 0, 0
38849, 14080, 0, 0, 0
38849, 40960, 1, 0, 0
38949, 19200, 0, 0, 0
38949, 39040, 1, 0, 0
39049, 16640, 0, 0, 0
39049, 39040, 1, 0, 0
39149, 16640, 0, 0, 0
39149, 39040, 1, 0, 0
39249, 14720, 0, 0, 0
39249, 38400, 1, 0, 0
39350, 16000, 0, 0, 0
39350, 39680, 1, 0, 0
39450, 14720, 0, 0, 0
39450, 41600, 1, 0, 0
39550, 19840, 0, 0, 0
39550, 37760, 1, 0, 0
39650, 14720, 0, 0, 0
39650, 39680, 1, 0, 0
39749, 20686, 0, 0, 0
39749, 35555, 1, 0, 0
39849, 17280, 0, 0, 0
39849, 41600, 1, 0, 0
39949, 17920, 0, 0, 0
39949, 37120, 1, 0, 0
40049, 17920, 0, 0, 0
40049, 36480, 1, 0, 0
40149, 17280, 0, 0, 0
40149, 37120, 1, 0, 0
40249, 23680, 0, 0, 0
40249, 32640, 1, 0, 0
40349, 12160, 0, 0, 0
40349, 43520, 1, 0, 0
40449, 14720, 0, 0, 0
40449, 39040, 1, 0, 0
40549, 15360, 0, 0, 0
40549, 42240, 1, 0, 0
40649, 16640, 0, 0, 0
40649, 40320, 1, 0, 0
40749, 15360, 0, 0, 0
40749, 40320, 1, 0, 0
40849, 16640, 0, 0, 0
40849, 37760, 1, 0, 0
40949, 19840, 0, 0, 0
40949, 37120, 1, 0, 0
41049, 19200, 0, 0, 0
41049, 37120, 1, 0, 0
41149, 12160, 0, 0, 0
41149, 41600, 1, 0, 0
41249, 12160, 0, 0, 0
41249, 40960, 1, 0, 0
41349, 17280, 0, 0, 0
41349, 37120, 1, 0, 0
41449, 12800, 0, 0, 0
41449, 40960, 1, 0, 0
41549, 13440, 0, 0, 0
41549, 42240, 1, 0, 0
41649, 20480, 0, 0, 0
41649, 37120, 1, 0, 0
41750, 17280, 0, 0, 0
41750, 37760, 1, 0, 0
41850, 17280, 0, 0, 0
41850, 37760, 1, 0, 0
41950, 19200, 0, 0, 0
41950, 37760, 1, 0, 0
42050, 16000, 0, 0, 0
42050, 40320, 1, 0, 0
42150, 16000, 0, 0, 0
42150, 38400, 1, 0, 0
42249, 7757, 0, 0, 0
42249, 45898, 1, 0, 0
42349, 12160, 0, 0, 0
42349, 42240, 1, 0, 0
42449, 18560, 0, 0, 0
42449, 38400, 1, 0, 0
42549, 16000, 0, 0, 0
42549, 39680, 1, 0, 0
42649, 14720, 0, 0, 0
42649, 40320, 1, 0, 0
42749, 15360, 0, 0, 0
42749, 39680, 1, 0, 0
42849, 15360, 0, 0, 0
42849, 39680, 1, 0, 0
42949, 24320, 0, 0, 0
42949, 35840, 1, 0, 0
43049, 11520, 0, 0, 0
43049, 42880, 1, 0, 0
43149, 13440, 0, 0, 0
43149, 40320, 1, 0, 0
43249, 18560, 0, 0, 0
43249, 36480, 1, 0, 0
43349, 16640, 0, 0, 0
43349, 37760, 1, 0, 0
43449, 18560, 0, 0, 0
43449, 36480, 1, 0, 0
43549, 16640, 0, 0, 0
43549, 37120, 1, 0, 0
43649, 17280, 0, 0, 0
43649, 37760, 1, 0, 0
43749, 16000, 0, 0, 0
43749, 38400, 1, 0, 0
43849, 14720, 0, 0, 0
43849, 40320, 1, 0, 0
43949, 15360, 0, 0, 0
43949, 40960, 1, 0, 0
44050, 14720, 0, 0, 0
44050, 40960, 1, 0, 0
44150, 21760, 0, 0, 0
44150, 35840, 1, 0, 0
44249, 18747, 0, 0, 0
44249, 38141, 1, 0, 0
44349, 14080, 0, 0, 0
44349, 42240, 1, 0, 0
44449, 14720, 0, 0, 0
44449, 38400, 1, 0, 0
44549, 13440, 0, 0, 0
44549, 40320, 1, 0, 0
44649, 14080, 0, 0, 0
44649, 37120, 1, 0, 0
44749, 16640, 0, 0, 0
44749, 36480, 1, 0, 0
44849, 19840, 0, 0, 0
44849, 37120, 1, 0, 0
44949, 20480, 0, 0, 0
44949, 36480, 1, 0, 0
45049, 16640, 0, 0, 0
45049, 38400, 1, 0, 0
45149, 17920, 0, 0, 0
45149, 35840, 1, 0, 0
45249, 17280, 0, 0, 0
45249, 36480, 1, 0, 0
45349, 17920, 0, 0, 0
45349, 37760, 1, 0, 0
45449, 17920, 0, 0, 0
45449, 34560, 1, 0, 0
45549, 19840, 0, 0, 0
45549, 33920, 1, 0, 0
45649, 16000, 0, 0, 0
45649, 40320, 1, 0, 0
45749, 18560, 0, 0, 0
45749, 34560, 1, 0, 0
45849, 10880, 0, 0, 0
45849, 41600, 1, 0, 0
45949, 17280, 0, 0, 0
45949, 37760, 1, 0, 0
46049, 13440, 0, 0, 0
46049, 39040, 1, 0, 0
46149, 18560, 0, 0, 0
46149, 36480, 1, 0, 0
46249, 16000, 0, 0, 0
46249, 40320, 1, 0, 0
46349, 12800, 0, 0, 0
46349, 42880, 1, 0, 0
46450, 21760, 0, 0, 0
46450, 35840, 1, 0, 0
46550, 16000, 0, 0, 0
46550, 37760, 1, 0, 0
46650, 13440, 0, 0, 0
46650, 41600, 1, 0, 0
46749, 14868, 0, 0, 0
46749, 38787, 1, 0, 0
46849, 16000, 0, 0, 0
46849, 39040, 1, 0, 0
46949, 19840, 0, 0, 0
46949, 36480, 1, 0, 0
47049, 16000, 0, 0, 0
47049, 39040, 1, 0, 0
47149, 20480, 0, 0, 0
47149, 35840, 1, 0, 0
47249, 16640, 0, 0, 0
47249, 35840, 1, 0, 0
47349, 17280, 0, 0, 0
47349, 39040, 1, 0, 0
47449, 14080, 0, 0, 0
47449, 38400, 1, 0, 0
47549, 12800, 0, 0, 0
47549, 38400, 1, 0, 0
47649, 16640, 0, 0, 0
47649, 40320, 1, 0, 0
47749, 16000, 0, 0, 0
47749, 39040, 1, 0, 0
47849, 12160, 0, 0, 0
47849, 40320, 1, 0, 0
47949, 19840, 0, 0, 0
47949, 36480, 1, 0, 0
48049, 14720, 0, 0, 0
48049, 41600, 1, 0, 0
48149, 17280, 0, 0, 0
48149, 36480, 1, 0, 0
48249, 17280, 0, 0, 0
48249, 40960, 1, 0, 0
48349, 14720, 0, 0, 0
48349, 39680, 1, 0, 0
48449, 17920, 0, 0, 0
48449, 37120, 1, 0, 0
48549, 11520, 0, 0, 0
48549, 40960, 1, 0, 0
48649, 10240, 0, 0, 0
48649, 43520, 1, 0, 0
48750, 17920, 0, 0, 0
48750, 35840, 1, 0, 0
48850, 13440, 0, 0, 0
48850, 40320, 1, 0, 0
48950, 19200, 0, 0, 0
48950, 38400, 1, 0, 0
49050, 19840, 0, 0, 0
49050, 37120, 1, 0, 0
49150, 19840, 0, 0, 0
49150, 37760, 1, 0, 0
49249, 16161, 0, 0, 0
49249, 38787, 1, 0, 0
49349, 20480, 0, 0, 0
49349, 36480, 1, 0, 0
49449, 17280, 0, 0, 0
49449, 39040, 1, 0, 0
49549, 19200, 0, 0, 0
49549, 33920, 1, 0, 0
49649, 11520, 0, 0, 0
49649, 43520, 1, 0, 0
49749, 20480, 0, 0, 0
49749, 35200, 1, 0, 0
49849, 16000, 0, 0, 0
49849, 40320, 1, 0, 0
49949, 14720, 0, 0, 0
49949, 40320, 1, 0, 0
50049, 12800, 0, 0, 0
50049, 39040, 1, 0, 0
50149, 15360, 0, 0, 0
50149, 35200, 1, 0, 0
50249, 15360, 0, 0, 0
50249, 40320, 1, 0, 0
50349, 16000, 0, 0, 0
50349, 39680, 1, 0, 0
50449, 22400, 0, 0, 0
50449, 35840, 1, 0, 0
50549, 19840, 0, 0, 0
50549, 34560, 1, 0, 0
50649, 13440, 0, 0, 0
50649, 42240, 1, 0, 0
50749, 16000, 0, 0, 0
50749, 37120, 1, 0, 0
50849, 19840, 0, 0, 0
50849, 36480, 1, 0, 0
50949, 15360, 0, 0, 0
50949, 40320, 1, 0, 0
51050, 15360, 0, 0, 0
51050, 39040, 1, 0, 0
51150, 19200, 0, 0, 0
51150, 37760, 1, 0, 0
51249, 18101, 0, 0, 0
51249, 37494, 1, 0, 0
51349, 13440, 0, 0, 0
51349, 40960, 1, 0, 0
51449, 14080, 0, 0, 0
51449, 40960, 1, 0, 0
51549, 14720, 0, 0, 0
51549, 40320, 1, 0, 0
51649, 15360, 0, 0, 0
51649, 37120, 1, 0, 0
51749, 12160, 0, 0, 0
51749, 43520, 1, 0, 0
51849, 12800, 0, 0, 0
51849, 39680, 1, 0, 0
51949, 17920, 0, 0, 0
51949, 37120, 1, 0, 0
52049, 16000, 0, 0, 0
52049, 37120, 1, 0, 0
52149, 21120, 0, 0, 0
52149, 36480, 1, 0, 0
52249, 16000, 0, 0, 0
52249, 39040, 1, 0, 0
52349, 15360, 0, 0, 0
52349, 38400, 1, 0, 0
52449, 12800, 0, 0, 0
52449, 39040, 1, 0, 0
52549, 18560, 0, 0, 0
52549, 39040, 1, 0, 0
52649, 19200, 0, 0, 0
52649, 35200, 1, 0, 0
52749, 16000, 0, 0, 0
52749, 39040, 1, 0, 0
52849, 21120, 0, 0, 0
52849, 34560, 1, 0, 0
52949, 19840, 0, 0, 0
52949, 36480, 1, 0, 0
53049, 14720, 0, 0, 0
53049, 39040, 1, 0, 0
53149, 12160, 0, 0, 0
53149, 39040, 1, 0, 0
53249, 12800, 0, 0, 0
53249, 39680, 1, 0, 0
53349, 17920, 0, 0, 0
53349, 34560, 1, 0, 0
53450, 16000, 0, 0, 0
53450, 39680, 1, 0, 0
53550, 17280, 0, 0, 0
53550, 38400, 1, 0, 0
53650, 14080, 0, 0, 0
53650, 38400, 1, 0, 0
53749, 18101, 0, 0, 0
53749, 36848, 1, 0, 0
53849, 15360, 0, 0, 0
53849, 39680, 1, 0, 0
53949, 24320, 0, 0, 0
53949, 35200, 1, 0, 0
54049, 9600, 0, 0, 0
54049, 42240, 1, 0, 0
54149, 19840, 0, 0, 0
54149, 36480, 1, 0, 0
54249, 17920, 0, 0, 0
54249, 37760, 1, 0, 0
54349, 17280, 0, 0, 0
54349, 35840, 1, 0, 0
54449, 16640, 0, 0, 0
54449, 37760, 1, 0, 0
54549, 12800, 0, 0, 0
54549, 42880, 1, 0, 0
54649, 19200, 0, 0, 0
54649, 37120, 1, 0, 0
54749, 16000, 0, 0, 0
54749, 39680, 1, 0, 0
54849, 14080, 0, 0, 0
54849, 41600, 1, 0, 0
54949, 12800, 0, 0, 0
54949, 39040, 1, 0, 0
55049, 16000, 0, 0, 0
55049, 39680, 1, 0, 0
55149, 14080, 0, 0, 0
55149, 41600, 1, 0, 0
55249, 23040, 0, 0, 0
55249, 36480, 1, 0, 0
55349, 16640, 0, 0, 0
55349, 39680, 1, 0, 0
55449, 14080, 0, 0, 0
55449, 40960, 1, 0, 0
55549, 16640, 0, 0, 0
55549, 39680, 1, 0, 0
55649, 16000, 0, 0, 0
55649, 43520, 1, 0, 0
55749, 17920, 0, 0, 0
55749, 39040, 1, 0, 0
55849, 20480, 0, 0, 0
55849, 38400, 1, 0, 0
55949, 15360, 0, 0, 0
55949, 38400, 1, 0, 0
56050, 18560, 0, 0, 0
56050, 37760, 1, 0, 0
56150, 16640, 0, 0, 0
56150, 38400, 1, 0, 0
56249, 15515, 0, 0, 0
56249, 40727, 1, 0, 0
56349, 21760, 0, 0, 0
56349, 35200, 1, 0, 0
56449, 25600, 0, 0, 0
56449, 33920, 1, 0, 0
56549, 13440, 0, 0, 0
56549, 40960, 1, 0, 0
56649, 15360, 0, 0, 0
56649, 40320, 1, 0, 0
56749, 12800, 0, 0, 0
56749, 41600, 1, 0, 0
56849, 16640, 0, 0, 0
56849, 38400, 1, 0, 0
56949, 16000, 0, 0, 0
56949, 41600, 1, 0, 0
57049, 17280, 0, 0, 0
57049, 41600, 1, 0, 0
57149, 18560, 0, 0, 0
57149, 37760, 1, 0, 0
57249, 16640, 0, 0, 0
57249, 39040, 1, 0, 0
57349, 12160, 0, 0, 0
57349, 42880, 1, 0, 0
57449, 15360, 0, 0, 0
57449, 39040, 1, 0, 0
57549, 14720, 0, 0, 0
57549, 39680, 1, 0, 0
57649, 15360, 0, 0, 0
57649, 40960, 1, 0, 0
57749, 16000, 0, 0, 0
57749, 40320, 1, 0, 0
57849, 16000, 0, 0, 0
57849, 39680, 1, 0, 0
57949, 17280, 0, 0, 0
57949, 37120, 1, 0, 0
58049, 12800, 0, 0, 0
58049, 42880, 1, 0, 0
58149, 14720, 0, 0, 0
58149, 39680, 1, 0, 0
58249, 15360, 0, 0, 0
58249, 40320, 1, 0, 0
58349, 19840, 0, 0, 0
58349, 36480, 1, 0, 0
58449, 21760, 0, 0, 0
58449, 36480, 1, 0, 0
58550, 15360, 0, 0, 0
58550, 38400, 1, 0, 0
58650, 14080, 0, 0, 0
58650, 39680, 1, 0, 0
58749, 18747, 0, 0, 0
58749, 39434, 1, 0, 0
58849, 19200, 0, 0, 0
58849, 39040, 1, 0, 0
58949, 18560, 0, 0, 0
58949, 40320, 1, 0, 0
59049, 17920, 0, 0, 0
59049, 37760, 1, 0, 0
59149, 14720, 0, 0, 0
59149, 40960, 1, 0, 0
59249, 13440, 0, 0, 0
59249, 37760, 1, 0, 0
59349, 16640, 0, 0, 0
59349, 40320, 1, 0, 0
59449, 23040, 0, 0, 0
59449, 37120, 1, 0, 0
59549, 18560, 0, 0, 0
59549, 36480, 1, 0, 0
59649, 15360, 0, 0, 0
59649, 39040, 1, 0, 0
59749, 10880, 0, 0, 0
59749, 44800, 1, 0, 0
59849, 22400, 0, 0, 0
59849, 34560, 1, 0, 0
59949, 17920, 0, 0, 0
59949, 39680, 1, 0, 0
