250, 148480, 0, 0, 0
350, 185600, 0, 0, 0
450, 191360, 0, 0, 0
550, 207360, 0, 0, 0
650, 264960, 0, 0, 0
749, 229494, 0, 0, 0
849, 252800, 0, 0, 0
949, 265600, 0, 0, 0
1049, 141440, 0, 0, 0
1149, 224640, 0, 0, 0
1249, 182400, 0, 0, 0
1349, 219520, 0, 0, 0
1449, 228480, 0, 0, 0
1550, 184320, 0, 0, 0
1650, 163200, 0, 0, 0
1749, 239191, 0, 0, 0
1849, 212480, 0, 0, 0
1949, 221440, 0, 0, 0
2049, 221440, 0, 0, 0
2149, 208000, 0, 0, 0
2249, 129280, 0, 0, 0
2349, 206720, 0, 0, 0
2449, 202240, 0, 0, 0
2549, 184960, 0, 0, 0
2649, 202240, 0, 0, 0
2749, 202240, 0, 0, 0
2849, 256640, 0, 0, 0
2949, 101120, 0, 0, 0
3050, 204800, 0, 0, 0
3150, 216320, 0, 0, 0
3249, 244363, 0, 0, 0
3349, 208000, 0, 0, 0
3449, 266880, 0, 0, 0
3549, 235520, 0, 0, 0
3649, 221440, 0, 0, 0
3749, 86400, 0, 0, 0
3849, 180480, 0, 0, 0
3949, 182400, 0, 0, 0
4049, 240000, 0, 0, 0
4149, 178560, 0, 0, 0
4249, 201600, 0, 0, 0
4349, 162560, 0, 0, 0
4449, 151040, 0, 0, 0
4550, 252800, 0, 0, 0
4650, 191360, 0, 0, 0
4749, 194585, 0, 0, 0
4849, 208640, 0, 0, 0
4949, 233600, 0, 0, 0
5049, 248960, 0, 0, 0
5149, 138240, 0, 0, 0
5249, 145280, 0, 0, 0
5349, 142080, 0, 0, 0
5449, 222720, 0, 0, 0
5549, 269440, 0, 0, 0
5649, 146560, 0, 0, 0
5749, 205440, 0, 0, 0
5849, 97920, 0, 0, 0
5949, 273280, 0, 0, 0
6050, 158080, 0, 0, 0
6150, 248960, 0, 0, 0
6249, 210101, 0, 0, 0
6349, 149120, 0, 0, 0
6449, 184960, 0, 0, 0
6549, 189440, 0, 0, 0
6649, 158720, 0, 0, 0
6749, 241920, 0, 0, 0
6849, 170880, 0, 0, 0
6949, 193280, 0, 0, 0
7049, 236160, 0, 0, 0
7149, 198400, 0, 0, 0
7249, 188800, 0, 0, 0
7349, 160000, 0, 0, 0
7449, 201600, 0, 0, 0
7550, 159360, 0, 0, 0
7650, 231680, 0, 0, 0
7749, 230141, 0, 0, 0
7849, 192000, 0, 0, 0
7949, 217600, 0, 0, 0
8049, 158080, 0, 0, 0
8149, 80640, 0, 0, 0
8249, 157440, 0, 0, 0
8349, 192640, 0, 0, 0
8449, 194560, 0, 0, 0
8549, 138880, 0, 0, 0
8649, 165760, 0, 0, 0
8749, 120960, 0, 0, 0
8849, 156160, 0, 0, 0
8949, 183680, 0, 0, 0
9050, 204800, 0, 0, 0
9150, 192000, 0, 0, 0
9249, 170020, 0, 0, 0
9349, 177920, 0, 0, 0
9449, 215040, 0, 0, 0
9549, 188160, 0, 0, 0
9649, 215040, 0, 0, 0
9749, 257920, 0, 0, 0
9849, 236160, 0, 0, 0
9949, 153600, 0, 0, 0
10049, 186880, 0, 0, 0
10149, 211840, 0, 0, 0
10249, 138880, 0, 0, 0
10349, 241920, 0, 0, 0
10449, 244480, 0, 0, 0
10550, 269440, 0, 0, 0
10650, 252800, 0, 0, 0
10749, 239838, 0, 0, 0
10849, 173440, 0, 0, 0
10949, 228480, 0, 0, 0
11049, 225280, 0, 0, 0
11149, 96000, 0, 0, 0
11249, 194560, 0, 0, 0
11349, 221440, 0, 0, 0
11449, 200960, 0, 0, 0
11549, 146560, 0, 0, 0
11649, 127360, 0, 0, 0
11749, 131200, 0, 0, 0
11849, 110080, 0, 0, 0
11949, 192000, 0, 0, 0
12050, 274560, 0, 0, 0
12150, 164480, 0, 0, 0
12249, 237898, 0, 0, 0
12349, 218240, 0, 0, 0
12449, 207360, 0, 0, 0
12549, 199680, 0, 0, 0
12649, 243200, 0, 0, 0
12749, 138240, 0, 0, 0
12849, 151680, 0, 0, 0
12949, 216960, 0, 0, 0
13049, 125440, 0, 0, 0
13149, 215680, 0, 0, 0
13249, 139520, 0, 0, 0
13349, 128000, 0, 0, 0
13449, 209280, 0, 0, 0
13550, 186240, 0, 0, 0
13650, 257280, 0, 0, 0
13749, 210747, 0, 0, 0
13849, 190720, 0, 0, 0
13949, 167680, 0, 0, 0
14049, 193280, 0, 0, 0
14149, 248320, 0, 0, 0
14249, 241920, 0, 0, 0
14349, 232960, 0, 0, 0
14449, 202880, 0, 0, 0
14549, 214400, 0, 0, 0
14649, 192640, 0, 0, 0
14749, 115200, 0, 0, 0
14849, 242560, 0, 0, 0
14949, 204800, 0, 0, 0
15049, 119040, 0, 0, 0
15150, 189440, 0, 0, 0
15250, 242560, 0, 0, 0
15350, 222720, 0, 0, 0
15450, 197760, 0, 0, 0
15550, 196480, 0, 0, 0
15650, 214400, 0, 0, 0
15749, 170666, 0, 0, 0
15849, 245120, 0, 0, 0
15949, 229760, 0, 0, 0
16049, 179840, 0, 0, 0
16149, 158080, 0, 0, 0
16249, 235520, 0, 0, 0
16349, 235520, 0, 0, 0
16449, 81920, 0, 0, 0
16549, 142080, 0, 0, 0
16649, 185600, 0, 0, 0
16750, 201600, 0, 0, 0
16850, 248960, 0, 0, 0
16950, 227840, 0, 0, 0
17050, 188800, 0, 0, 0
17150, 227200, 0, 0, 0
17249, 186181, 0, 0, 0
17349, 152960, 0, 0, 0
17449, 227200, 0, 0, 0
17549, 225280, 0, 0, 0
17649, 173440, 0, 0, 0
17749, 233600, 0, 0, 0
17849, 186240, 0, 0, 0
17949, 148480, 0, 0, 0
18049, 152320, 0, 0, 0
18149, 94080, 0, 0, 0
18250, 145280, 0, 0, 0
18350, 222720, 0, 0, 0
18450, 120320, 0, 0, 0
18550, 263040, 0, 0, 0
18650, 258560, 0, 0, 0
18749, 168727, 0, 0, 0
18849, 284800, 0, 0, 0
18949, 104960, 0, 0, 0
19049, 205440, 0, 0, 0
19149, 216960, 0, 0, 0
19249, 243840, 0, 0, 0
19349, 243840, 0, 0, 0
19449, 148480, 0, 0, 0
19549, 135680, 0, 0, 0
19649, 239360, 0, 0, 0
19749, 208000, 0, 0, 0
19850, 250880, 0, 0, 0
19950, 144640, 0, 0, 0
20050, 200320, 0, 0, 0
20150, 165760, 0, 0, 0
20249, 187474, 0, 0, 0
20349, 166400, 0, 0, 0
20449, 193920, 0, 0, 0
20549, 180480, 0, 0, 0
20649, 150400, 0, 0, 0
20749, 212480, 0, 0, 0
20849, 221440, 0, 0, 0
20949, 190720, 0, 0, 0
21049, 122240, 0, 0, 0
21149, 252800, 0, 0, 0
21249, 207360, 0, 0, 0
21350, 96640, 0, 0, 0
21450, 105600, 0, 0, 0
21550, 247680, 0, 0, 0
21650, 254080, 0, 0, 0
21749, 169373, 0, 0, 0
21849, 222720, 0, 0, 0
21949, 222080, 0, 0, 0
22049, 184320, 0, 0, 0
22149, 225920, 0, 0, 0
22249, 170880, 0, 0, 0
22349, 138240, 0, 0, 0
22449, 184960, 0, 0, 0
22549, 210560, 0, 0, 0
22649, 153600, 0, 0, 0
22749, 217600, 0, 0, 0
22850, 254720, 0, 0, 0
22950, 160000, 0, 0, 0
23050, 165120, 0, 0, 0
23150, 219520, 0, 0, 0
23249, 118303, 0, 0, 0
23349, 163200, 0, 0, 0
23449, 207360, 0, 0, 0
23549, 193920, 0, 0, 0
23649, 219520, 0, 0, 0
23749, 151040, 0, 0, 0
23849, 229760, 0, 0, 0
23949, 218880, 0, 0, 0
24049, 183040, 0, 0, 0
24149, 272640, 0, 0, 0
24250, 236800, 0, 0, 0
24350, 115200, 0, 0, 0
24450, 122880, 0, 0, 0
24550, 220800, 0, 0, 0
24650, 186880, 0, 0, 0
24749, 186181, 0, 0, 0
24849, 156160, 0, 0, 0
24949, 184960, 0, 0, 0
25049, 177920, 0, 0, 0
25149, 204800, 0, 0, 0
25249, 170240, 0, 0, 0
25349, 257920, 0, 0, 0
25449, 271360, 0, 0, 0
25549, 241280, 0, 0, 0
25649, 258560, 0, 0, 0
25750, 149120, 0, 0, 0
25850, 269440, 0, 0, 0
25950, 166400, 0, 0, 0
26050, 239360, 0, 0, 0
26150, 215680, 0, 0, 0
26249, 146747, 0, 0, 0
26349, 254720, 0, 0, 0
26449, 236160, 0, 0, 0
26549, 113920, 0, 0, 0
26649, 197120, 0, 0, 0
26749, 241920, 0, 0, 0
26849, 151680, 0, 0, 0
26949, 221440, 0, 0, 0
27049, 209280, 0, 0, 0
27149, 123520, 0, 0, 0
27250, 227840, 0, 0, 0
27350, 97280, 0, 0, 0
27450, 129280, 0, 0, 0
27550, 92160, 0, 0, 0
27650, 133120, 0, 0, 0
27749, 164202, 0, 0, 0
27849, 288640, 0, 0, 0
27949, 227840, 0, 0, 0
28049, 230400, 0, 0, 0
28149, 177280, 0, 0, 0
28249, 206080, 0, 0, 0
28349, 205440, 0, 0, 0
28449, 225280, 0, 0, 0
28549, 219520, 0, 0, 0
28649, 172160, 0, 0, 0
28749, 184320, 0, 0, 0
28850, 238720, 0, 0, 0
28950, 235520, 0, 0, 0
29050, 173440, 0, 0, 0
29150, 189440, 0, 0, 0
29249, 239191, 0, 0, 0
29349, 151040, 0, 0, 0
29449, 193280, 0, 0, 0
29549, 176000, 0, 0, 0
29649, 151680, 0, 0, 0
29749, 86400, 0, 0, 0
29849, 209920, 0, 0, 0
29949, 141440, 0, 0, 0
30049, 135040, 0, 0, 0
30149, 215040, 0, 0, 0
30249, 227200, 0, 0, 0
30349, 165120, 0, 0, 0
30449, 232320, 0, 0, 0
30550, 128000, 0, 0, 0
30650, 248320, 0, 0, 0
30749, 209454, 0, 0, 0
30849, 208640, 0, 0, 0
30949, 202240, 0, 0, 0
31049, 126720, 0, 0, 0
31149, 189440, 0, 0, 0
31249, 245760, 0, 0, 0
31349, 151040, 0, 0, 0
31449, 170240, 0, 0, 0
31549, 179840, 0, 0, 0
31649, 128000, 0, 0, 0
31749, 195840, 0, 0, 0
31849, 245760, 0, 0, 0
31949, 201600, 0, 0, 0
32049, 220160, 0, 0, 0
32150, 204160, 0, 0, 0
32250, 243200, 0, 0, 0
32350, 178560, 0, 0, 0
32450, 197760, 0, 0, 0
32550, 183680, 0, 0, 0
32650, 225920, 0, 0, 0
32749, 187474, 0, 0, 0
32849, 172800, 0, 0, 0
32949, 177280, 0, 0, 0
33049, 209280, 0, 0, 0
33149, 108160, 0, 0, 0
33249, 181760, 0, 0, 0
33349, 188800, 0, 0, 0
33449, 245760, 0, 0, 0
33549, 272640, 0, 0, 0
33649, 206720, 0, 0, 0
33750, 205440, 0, 0, 0
33850, 186240, 0, 0, 0
33950, 222720, 0, 0, 0
34050, 186880, 0, 0, 0
34150, 234880, 0, 0, 0
34249, 195878, 0, 0, 0
34349, 219520, 0, 0, 0
34449, 248960, 0, 0, 0
34549, 269440, 0, 0, 0
34649, 218880, 0, 0, 0
34749, 264320, 0, 0, 0
34849, 230400, 0, 0, 0
34949, 208640, 0, 0, 0
35049, 222080, 0, 0, 0
35149, 200960, 0, 0, 0
35250, 176000, 0, 0, 0
35350, 161280, 0, 0, 0
35450, 215040, 0, 0, 0
35550, 227200, 0, 0, 0
35650, 162560, 0, 0, 0
35749, 179070, 0, 0, 0
35849, 161920, 0, 0, 0
35949, 213120, 0, 0, 0
36049, 133120, 0, 0, 0
36149, 235520, 0, 0, 0
36249, 224640, 0, 0, 0
36349, 205440, 0, 0, 0
36449, 184960, 0, 0, 0
36549, 166400, 0, 0, 0
36649, 175360, 0, 0, 0
36749, 183040, 0, 0, 0
36850, 129920, 0, 0, 0
36950, 231040, 0, 0, 0
37050, 209280, 0, 0, 0
37150, 238720, 0, 0, 0
37249, 212686, 0, 0, 0
37349, 131200, 0, 0, 0
37449, 186240, 0, 0, 0
37549, 188800, 0, 0, 0
37649, 241920, 0, 0, 0
37749, 218880, 0, 0, 0
37849, 157440, 0, 0, 0
37949, 215680, 0, 0, 0
38049, 112640, 0, 0, 0
38149, 152960, 0, 0, 0
38249, 155520, 0, 0, 0
38350, 188160, 0, 0, 0
38450, 183040, 0, 0, 0
38550, 172800, 0, 0, 0
38650, 225280, 0, 0, 0
38749, 195232, 0, 0, 0
38849, 201600, 0, 0, 0
38949, 228480, 0, 0, 0
39049, 199040, 0, 0, 0
39149, 161280, 0, 0, 0
39249, 165760, 0, 0, 0
39349, 161280, 0, 0, 0
39449, 170880, 0, 0, 0
39549, 233600, 0, 0, 0
39649, 158080, 0, 0, 0
39749, 179840, 0, 0, 0
39850, 195200, 0, 0, 0
39950, 216960, 0, 0, 0
40050, 232960, 0, 0, 0
40150, 190080, 0, 0, 0
40249, 224969, 0, 0, 0
40349, 215040, 0, 0, 0
40449, 169600, 0, 0, 0
40549, 185600, 0, 0, 0
40649, 257920, 0, 0, 0
40749, 216960, 0, 0, 0
40849, 238720, 0, 0, 0
40949, 239360, 0, 0, 0
41049, 168320, 0, 0, 0
41149, 177280, 0, 0, 0
41249, 214400, 0, 0, 0
41350, 222720, 0, 0, 0
41450, 183040, 0, 0, 0
41550, 205440, 0, 0, 0
41650, 106240, 0, 0, 0
41749, 264404, 0, 0, 0
41849, 189440, 0, 0, 0
41949, 220800, 0, 0, 0
42049, 211840, 0, 0, 0
42149, 130560, 0, 0, 0
42249, 238080, 0, 0, 0
42349, 183040, 0, 0, 0
42449, 153600, 0, 0, 0
42549, 151040, 0, 0, 0
42649, 174080, 0, 0, 0
42749, 248320, 0, 0, 0
42849, 140160, 0, 0, 0
42950, 174080, 0, 0, 0
43050, 186240, 0, 0, 0
43150, 195200, 0, 0, 0
43249, 203636, 0, 0, 0
43349, 204160, 0, 0, 0
43449, 215040, 0, 0, 0
43549, 254080, 0, 0, 0
43649, 132480, 0, 0, 0
43749, 237440, 0, 0, 0
43849, 106880, 0, 0, 0
43949, 129920, 0, 0, 0
44049, 253440, 0, 0, 0
44149, 164480, 0, 0, 0
44249, 247040, 0, 0, 0
44349, 276480, 0, 0, 0
44449, 158080, 0, 0, 0
44550, 261760, 0, 0, 0
44650, 190080, 0, 0, 0
44749, 184242, 0, 0, 0
44849, 261760, 0, 0, 0
44949, 147840, 0, 0, 0
45049, 279680, 0, 0, 0
45149, 175360, 0, 0, 0
45249, 206720, 0, 0, 0
45349, 266240, 0, 0, 0
45449, 163200, 0, 0, 0
45549, 240640, 0, 0, 0
45649, 226560, 0, 0, 0
45749, 161280, 0, 0, 0
45849, 257920, 0, 0, 0
45949, 253440, 0, 0, 0
46050, 203520, 0, 0, 0
46150, 220160, 0, 0, 0
46249, 301252, 0, 0, 0
46349, 261760, 0, 0, 0
46449, 263680, 0, 0, 0
46549, 206720, 0, 0, 0
46649, 188800, 0, 0, 0
46749, 226560, 0, 0, 0
46849, 175360, 0, 0, 0
46949, 236160, 0, 0, 0
47049, 205440, 0, 0, 0
47149, 55040, 0, 0, 0
47249, 184320, 0, 0, 0
47349, 204160, 0, 0, 0
47449, 181760, 0, 0, 0
47550, 181120, 0, 0, 0
47650, 190080, 0, 0, 0
47749, 207515, 0, 0, 0
47849, 206720, 0, 0, 0
47949, 213120, 0, 0, 0
48049, 185600, 0, 0, 0
48149, 254720, 0, 0, 0
48249, 229760, 0, 0, 0
48349, 282240, 0, 0, 0
48449, 194560, 0, 0, 0
48549, 182400, 0, 0, 0
48649, 248960, 0, 0, 0
48749, 167680, 0, 0, 0
48849, 227840, 0, 0, 0
48949, 197120, 0, 0, 0
49050, 186880, 0, 0, 0
49150, 197760, 0, 0, 0
49249, 224323, 0, 0, 0
49349, 203520, 0, 0, 0
49449, 71680, 0, 0, 0
49549, 198400, 0, 0, 0
49649, 214400, 0, 0, 0
49749, 205440, 0, 0, 0
49849, 204160, 0, 0, 0
49949, 144640, 0, 0, 0
50049, 60800, 0, 0, 0
50149, 97280, 0, 0, 0
50249, 133120, 0, 0, 0
50349, 258560, 0, 0, 0
50449, 213760, 0, 0, 0
50549, 217600, 0, 0, 0
50649, 248960, 0, 0, 0
50750, 249600, 0, 0, 0
50850, 206720, 0, 0, 0
50950, 104960, 0, 0, 0
51050, 202880, 0, 0, 0
51150, 256000, 0, 0, 0
51249, 188121, 0, 0, 0
51349, 126720, 0, 0, 0
51449, 160000, 0, 0, 0
51549, 258560, 0, 0, 0
51649, 250880, 0, 0, 0
51749, 190080, 0, 0, 0
51849, 102400, 0, 0, 0
51949, 151680, 0, 0, 0
52049, 163200, 0, 0, 0
52149, 154240, 0, 0, 0
52250, 231040, 0, 0, 0
52350, 214400, 0, 0, 0
52450, 151040, 0, 0, 0
52550, 190080, 0, 0, 0
52650, 146560, 0, 0, 0
52749, 230141, 0, 0, 0
52849, 200960, 0, 0, 0
52949, 222080, 0, 0, 0
53049, 154240, 0, 0, 0
53149, 193280, 0, 0, 0
53249, 220800, 0, 0, 0
53349, 160640, 0, 0, 0
53449, 230400, 0, 0, 0
53549, 180480, 0, 0, 0
53650, 192640, 0, 0, 0
53750, 165760, 0, 0, 0
53850, 206080, 0, 0, 0
53950, 181760, 0, 0, 0
54050, 155520, 0, 0, 0
54150, 167040, 0, 0, 0
54249, 185535, 0, 0, 0
54349, 199040, 0, 0, 0
54449, 120320, 0, 0, 0
54549, 177280, 0, 0, 0
54649, 243840, 0, 0, 0
54749, 174080, 0, 0, 0
54849, 188800, 0, 0, 0
54949, 227840, 0, 0, 0
55049, 254720, 0, 0, 0
55150, 209280, 0, 0, 0
55250, 158080, 0, 0, 0
55350, 238080, 0, 0, 0
55450, 223360, 0, 0, 0
55550, 149760, 0, 0, 0
55650, 180480, 0, 0, 0
55749, 121535, 0, 0, 0
55849, 182400, 0, 0, 0
55949, 199040, 0, 0, 0
56049, 215040, 0, 0, 0
56149, 158080, 0, 0, 0
56249, 178560, 0, 0, 0
56349, 245760, 0, 0, 0
56449, 190720, 0, 0, 0
56549, 270720, 0, 0, 0
56650, 198400, 0, 0, 0
56750, 182400, 0, 0, 0
56850, 177920, 0, 0, 0
56950, 184320, 0, 0, 0
57050, 226560, 0, 0, 0
57150, 185600, 0, 0, 0
57249, 250828, 0, 0, 0
57349, 149120, 0, 0, 0
57449, 224640, 0, 0, 0
57549, 224000, 0, 0, 0
57649, 205440, 0, 0, 0
57749, 156160, 0, 0, 0
57849, 163200, 0, 0, 0
57949, 187520, 0, 0, 0
58050, 207360, 0, 0, 0
58150, 176640, 0, 0, 0
58249, 220444, 0, 0, 0
58349, 198400, 0, 0, 0
58449, 177280, 0, 0, 0
58549, 147200, 0, 0, 0
58649, 109440, 0, 0, 0
58749, 205440, 0, 0, 0
58849, 202880, 0, 0, 0
58949, 232320, 0, 0, 0
59049, 225280, 0, 0, 0
59149, 215680, 0, 0, 0
59249, 254720, 0, 0, 0
59349, 126080, 0, 0, 0
59449, 216960, 0, 0, 0
59550, 221440, 0, 0, 0
59650, 227200, 0, 0, 0
59749, 199111, 0, 0, 0
59849, 179200, 0, 0, 0
59949, 225920, 0, 0, 0
60049, 168960, 0, 0, 0
60149, 176000, 0, 0, 0
60249, 247680, 0, 0, 0
60349, 233600, 0, 0, 0
60449, 196480, 0, 0, 0
60549, 128640, 0, 0, 0
60649, 204160, 0, 0, 0
60749, 102400, 0, 0, 0
60849, 172800, 0, 0, 0
60949, 186240, 0, 0, 0
61050, 147840, 0, 0, 0
61150, 273280, 0, 0, 0
61249, 241131, 0, 0, 0
61349, 176000, 0, 0, 0
61449, 253440, 0, 0, 0
61549, 231680, 0, 0, 0
61649, 178560, 0, 0, 0
61749, 198400, 0, 0, 0
61849, 254720, 0, 0, 0
61949, 149120, 0, 0, 0
62049, 231040, 0, 0, 0
62149, 185600, 0, 0, 0
62249, 245760, 0, 0, 0
62349, 162560, 0, 0, 0
62449, 268800, 0, 0, 0
62549, 194560, 0, 0, 0
62650, 240640, 0, 0, 0
62749, 208161, 0, 0, 0
62849, 250880, 0, 0, 0
62949, 215040, 0, 0, 0
63049, 161280, 0, 0, 0
63149, 196480, 0, 0, 0
63249, 113280, 0, 0, 0
63349, 181120, 0, 0, 0
63449, 206080, 0, 0, 0
63549, 194560, 0, 0, 0
63649, 187520, 0, 0, 0
63749, 196480, 0, 0, 0
63849, 257280, 0, 0, 0
63949, 201600, 0, 0, 0
64049, 263040, 0, 0, 0
64149, 211840, 0, 0, 0
64250, 193920, 0, 0, 0
64350, 253440, 0, 0, 0
64450, 256640, 0, 0, 0
64550, 184320, 0, 0, 0
64650, 204160, 0, 0, 0
64749, 150626, 0, 0, 0
64849, 136960, 0, 0, 0
64949, 136320, 0, 0, 0
65049, 161920, 0, 0, 0
65149, 194560, 0, 0, 0
65249, 268800, 0, 0, 0
65349, 140800, 0, 0, 0
65449, 146560, 0, 0, 0
65549, 261760, 0, 0, 0
65649, 191360, 0, 0, 0
65750, 142720, 0, 0, 0
65850, 220160, 0, 0, 0
65950, 197760, 0, 0, 0
66050, 133760, 0, 0, 0
66150, 183680, 0, 0, 0
66249, 219797, 0, 0, 0
66349, 158080, 0, 0, 0
66449, 230400, 0, 0, 0
66549, 209920, 0, 0, 0
66649, 113920, 0, 0, 0
66749, 198400, 0, 0, 0
66849, 240000, 0, 0, 0
66949, 169600, 0, 0, 0
67049, 163840, 0, 0, 0
67149, 174080, 0, 0, 0
67249, 273280, 0, 0, 0
67350, 227200, 0, 0, 0
67450, 279040, 0, 0, 0
67550, 195200, 0, 0, 0
67650, 192640, 0, 0, 0
67749, 190060, 0, 0, 0
67849, 250240, 0, 0, 0
67949, 166400, 0, 0, 0
68049, 145280, 0, 0, 0
68149, 184320, 0, 0, 0
68249, 242560, 0, 0, 0
68349, 299520, 0, 0, 0
68449, 122240, 0, 0, 0
68549, 92800, 0, 0, 0
68649, 195840, 0, 0, 0
68749, 229120, 0, 0, 0
68850, 143360, 0, 0, 0
68950, 243200, 0, 0, 0
69050, 247680, 0, 0, 0
69150, 232320, 0, 0, 0
69249, 299313, 0, 0, 0
69349, 234880, 0, 0, 0
69449, 192640, 0, 0, 0
69549, 200320, 0, 0, 0
69649, 154240, 0, 0, 0
69749, 187520, 0, 0, 0
69849, 184960, 0, 0, 0
69949, 141440, 0, 0, 0
70049, 220160, 0, 0, 0
70149, 178560, 0, 0, 0
70250, 206720, 0, 0, 0
70350, 232960, 0, 0, 0
70450, 211840, 0, 0, 0
70550, 173440, 0, 0, 0
70650, 194560, 0, 0, 0
70749, 248888, 0, 0, 0
70849, 115200, 0, 0, 0
70949, 183040, 0, 0, 0
71049, 200320, 0, 0, 0
71149, 202240, 0, 0, 0
71249, 151040, 0, 0, 0
71349, 209280, 0, 0, 0
71449, 237440, 0, 0, 0
71549, 245760, 0, 0, 0
71649, 233600, 0, 0, 0
71750, 215040, 0, 0, 0
71850, 167680, 0, 0, 0
71950, 212480, 0, 0, 0
72050, 143360, 0, 0, 0
72150, 215680, 0, 0, 0
72249, 254060, 0, 0, 0
72349, 196480, 0, 0, 0
72449, 226560, 0, 0, 0
72549, 285440, 0, 0, 0
72649, 171520, 0, 0, 0
72749, 244480, 0, 0, 0
72849, 181760, 0, 0, 0
72949, 158720, 0, 0, 0
73049, 164480, 0, 0, 0
73149, 170240, 0, 0, 0
73250, 195840, 0, 0, 0
73350, 214400, 0, 0, 0
73450, 247040, 0, 0, 0
73550, 250880, 0, 0, 0
73650, 181760, 0, 0, 0
73749, 165494, 0, 0, 0
73849, 178560, 0, 0, 0
73949, 190720, 0, 0, 0
74049, 198400, 0, 0, 0
74149, 257280, 0, 0, 0
74249, 235520, 0, 0, 0
74349, 199040, 0, 0, 0
74449, 76160, 0, 0, 0
74549, 186240, 0, 0, 0
74649, 206720, 0, 0, 0
74750, 225920, 0, 0, 0
74850, 171520, 0, 0, 0
74950, 178560, 0, 0, 0
75050, 247040, 0, 0, 0
75150, 186240, 0, 0, 0
75249, 260525, 0, 0, 0
75349, 196480, 0, 0, 0
75449, 120960, 0, 0, 0
75549, 188160, 0, 0, 0
75649, 174720, 0, 0, 0
75749, 215680, 0, 0, 0
75849, 258560, 0, 0, 0
75949, 155520, 0, 0, 0
76049, 151040, 0, 0, 0
76149, 203520, 0, 0, 0
76250, 218240, 0, 0, 0
76350, 197120, 0, 0, 0
76450, 224640, 0, 0, 0
76550, 225280, 0, 0, 0
76650, 224000, 0, 0, 0
76749, 206868, 0, 0, 0
76849, 142080, 0, 0, 0
76949, 225920, 0, 0, 0
77049, 234240, 0, 0, 0
77149, 229760, 0, 0, 0
77249, 109440, 0, 0, 0
77349, 245760, 0, 0, 0
77449, 190080, 0, 0, 0
77549, 221440, 0, 0, 0
77649, 260480, 0, 0, 0
77749, 258560, 0, 0, 0
77849, 254720, 0, 0, 0
77950, 225920, 0, 0, 0
78050, 161280, 0, 0, 0
78150, 110720, 0, 0, 0
78249, 197818, 0, 0, 0
78349, 236800, 0, 0, 0
78449, 240000, 0, 0, 0
78549, 263680, 0, 0, 0
78649, 196480, 0, 0, 0
78749, 225920, 0, 0, 0
78849, 105600, 0, 0, 0
78949, 163840, 0, 0, 0
79049, 170240, 0, 0, 0
79149, 201600, 0, 0, 0
79249, 249600, 0, 0, 0
79349, 195200, 0, 0, 0
79449, 131840, 0, 0, 0
79550, 174720, 0, 0, 0
79650, 163840, 0, 0, 0
79749, 202343, 0, 0, 0
79849, 175360, 0, 0, 0
79949, 192640, 0, 0, 0
80049, 184320, 0, 0, 0
80149, 190720, 0, 0, 0
80249, 204160, 0, 0, 0
80349, 186880, 0, 0, 0
80449, 231680, 0, 0, 0
80549, 186880, 0, 0, 0
80649, 200960, 0, 0, 0
80749, 261120, 0, 0, 0
80849, 124800, 0, 0, 0
80950, 203520, 0, 0, 0
81050, 162560, 0, 0, 0
81150, 213120, 0, 0, 0
81249, 202989, 0, 0, 0
81349, 259200, 0, 0, 0
81449, 192000, 0, 0, 0
81549, 199040, 0, 0, 0
81649, 222720, 0, 0, 0
81749, 255360, 0, 0, 0
81849, 226560, 0, 0, 0
81949, 216320, 0, 0, 0
82049, 131840, 0, 0, 0
82149, 227200, 0, 0, 0
82249, 145920, 0, 0, 0
82350, 164480, 0, 0, 0
82450, 202240, 0, 0, 0
82550, 232960, 0, 0, 0
82650, 149760, 0, 0, 0
82749, 182949, 0, 0, 0
82849, 154240, 0, 0, 0
82949, 170880, 0, 0, 0
83049, 252160, 0, 0, 0
83149, 254080, 0, 0, 0
83249, 175360, 0, 0, 0
83349, 219520, 0, 0, 0
83449, 200960, 0, 0, 0
83549, 210560, 0, 0, 0
83649, 213760, 0, 0, 0
83749, 272640, 0, 0, 0
83849, 246400, 0, 0, 0
83950, 236160, 0, 0, 0
84050, 244480, 0, 0, 0
84150, 139520, 0, 0, 0
84249, 213979, 0, 0, 0
84349, 261760, 0, 0, 0
84449, 184320, 0, 0, 0
84549, 177920, 0, 0, 0
84649, 217600, 0, 0, 0
84749, 217600, 0, 0, 0
84849, 194560, 0, 0, 0
84949, 145920, 0, 0, 0
85049, 192000, 0, 0, 0
85149, 174080, 0, 0, 0
85249, 132480, 0, 0, 0
85349, 162560, 0, 0, 0
85449, 145280, 0, 0, 0
85550, 168960, 0, 0, 0
85650, 225280, 0, 0, 0
85749, 228848, 0, 0, 0
85849, 192000, 0, 0, 0
85949, 260480, 0, 0, 0
86049, 232960, 0, 0, 0
86149, 186880, 0, 0, 0
86249, 291200, 0, 0, 0
86349, 183040, 0, 0, 0
86449, 176000, 0, 0, 0
86549, 241280, 0, 0, 0
86649, 230400, 0, 0, 0
86749, 126720, 0, 0, 0
86849, 170240, 0, 0, 0
86949, 224640, 0, 0, 0
87050, 181760, 0, 0, 0
87150, 167040, 0, 0, 0
87249, 168080, 0, 0, 0
87349, 208640, 0, 0, 0
87449, 204160, 0, 0, 0
87549, 202880, 0, 0, 0
87649, 193920, 0, 0, 0
87749, 156160, 0, 0, 0
87849, 140800, 0, 0, 0
87949, 288000, 0, 0, 0
88049, 169600, 0, 0, 0
88149, 239360, 0, 0, 0
88249, 243200, 0, 0, 0
88349, 210560, 0, 0, 0
88449, 262400, 0, 0, 0
88550, 161920, 0, 0, 0
88650, 206720, 0, 0, 0
88749, 206868, 0, 0, 0
88849, 227840, 0, 0, 0
88949, 224640, 0, 0, 0
89049, 204800, 0, 0, 0
89149, 227200, 0, 0, 0
89249, 149760, 0, 0, 0
89349, 183680, 0, 0, 0
89449, 224000, 0, 0, 0
89549, 149760, 0, 0, 0
89649, 170880, 0, 0, 0
89749, 176640, 0, 0, 0
89849, 151040, 0, 0, 0
89949, 155520, 0, 0, 0
