102, 12957, 0, 0, 0
201, 11483, 0, 0, 0
300, 12381, 0, 0, 0
400, 10456, 0, 0, 0
500, 11670, 0, 0, 0
600, 10817, 0, 0, 0
700, 10849, 0, 0, 0
801, 13172, 0, 0, 0
901, 14118, 0, 0, 0
1000, 11032, 0, 0, 0
1100, 12473, 0, 0, 0
1200, 11908, 0, 0, 0
1301, 10502, 0, 0, 0
1400, 11694, 0, 0, 0
1500, 14254, 0, 0, 0
1600, 12518, 0, 0, 0
1700, 10756, 0, 0, 0
1800, 12541, 0, 0, 0
1900, 12055, 0, 0, 0
2000, 10477, 0, 0, 0
2100, 10193, 0, 0, 0
2200, 11650, 0, 0, 0
2300, 12737, 0, 0, 0
2400, 12474, 0, 0, 0
2505, 12143, 0, 0, 0
2600, 12617, 0, 0, 0
2700, 12387, 0, 0, 0
2800, 12272, 0, 0, 0
2900, 12943, 0, 0, 0
3000, 11272, 0, 0, 0
3102, 11517, 0, 0, 0
3200, 11874, 0, 0, 0
3300, 14165, 0, 0, 0
3404, 12024, 0, 0, 0
3500, 13352, 0, 0, 0
3601, 10554, 0, 0, 0
3700, 10825, 0, 0, 0
3800, 12973, 0, 0, 0
3900, 9974, 0, 0, 0
4000, 12366, 0, 0, 0
4101, 11851, 0, 0, 0
4200, 11747, 0, 0, 0
4302, 11132, 0, 0, 0
4403, 12151, 0, 0, 0
4500, 11076, 0, 0, 0
4601, 11314, 0, 0, 0
4700, 12882, 0, 0, 0
4800, 13453, 0, 0, 0
4900, 11696, 0, 0, 0
5001, 12423, 0, 0, 0
5100, 12166, 0, 0, 0
5204, 10666, 0, 0, 0
5301, 10113, 0, 0, 0
5400, 10194, 0, 0, 0
5500, 11402, 0, 0, 0
5602, 12558, 0, 0, 0
5702, 10809, 0, 0, 0
5800, 11109, 0, 0, 0
5901, 12154, 0, 0, 0
6000, 11777, 0, 0, 0
6100, 12035, 0, 0, 0
6201, 11987, 0, 0, 0
6301, 11370, 0, 0, 0
6400, 11362, 0, 0, 0
6501, 10666, 0, 0, 0
6600, 14210, 0, 0, 0
6700, 12063, 0, 0, 0
6800, 12031, 0, 0, 0
6900, 11943, 0, 0, 0
7000, 11169, 0, 0, 0
7100, 12076, 0, 0, 0
7201, 12442, 0, 0, 0
7300, 11249, 0, 0, 0
7400, 12522, 0, 0, 0
7500, 10846, 0, 0, 0
7600, 12196, 0, 0, 0
7700, 13476, 0, 0, 0
7802, 12319, 0, 0, 0
7901, 10113, 0, 0, 0
8000, 12457, 0, 0, 0
8106, 10540, 0, 0, 0
8201, 11230, 0, 0, 0
8300, 11874, 0, 0, 0
8401, 11624, 0, 0, 0
8501, 13431, 0, 0, 0
8602, 13728, 0, 0, 0
8701, 11919, 0, 0, 0
8800, 11648, 0, 0, 0
8900, 10759, 0, 0, 0
9001, 13386, 0, 0, 0
9105, 12330, 0, 0, 0
9205, 12812, 0, 0, 0
9301, 10110, 0, 0, 0
9400, 11559, 0, 0, 0
9501, 12229, 0, 0, 0
9600, 11385, 0, 0, 0
9700, 11539, 0, 0, 0
9800, 11183, 0, 0, 0
9900, 12359, 0, 0, 0
10003, 11454, 0, 0, 0
10100, 10691, 0, 0, 0
10200, 11661, 0, 0, 0
10301, 11816, 0, 0, 0
10400, 11401, 0, 0, 0
10500, 10536, 0, 0, 0
10600, 12565, 0, 0, 0
10700, 10937, 0, 0, 0
10800, 13166, 0, 0, 0
10902, 12571, 0, 0, 0
11000, 11806, 0, 0, 0
11102, 10763, 0, 0, 0
11206, 10050, 0, 0, 0
11300, 12871, 0, 0, 0
11402, 11928, 0, 0, 0
11503, 10307, 0, 0, 0
11601, 12044, 0, 0, 0
11700, 11440, 0, 0, 0
11800, 12327, 0, 0, 0
11902, 12313, 0, 0, 0
12002, 11058, 0, 0, 0
12100, 11823, 0, 0, 0
12201, 11661, 0, 0, 0
12300, 11590, 0, 0, 0
12400, 11637, 0, 0, 0
12501, 13023, 0, 0, 0
12602, 10431, 0, 0, 0
12700, 11797, 0, 0, 0
12800, 12165, 0, 0, 0
12901, 11196, 0, 0, 0
13000, 10954, 0, 0, 0
13101, 11827, 0, 0, 0
13200, 12711, 0, 0, 0
13310, 10844, 0, 0, 0
13400, 10309, 0, 0, 0
13505, 12530, 0, 0, 0
13600, 11515, 0, 0, 0
13703, 10201, 0, 0, 0
13802, 9533, 0, 0, 0
13900, 11417, 0, 0, 0
14001, 10005, 0, 0, 0
14105, 10601, 0, 0, 0
14203, 12397, 0, 0, 0
14302, 12126, 0, 0, 0
14405, 11837, 0, 0, 0
14504, 11767, 0, 0, 0
14600, 11096, 0, 0, 0
14701, 10705, 0, 0, 0
14800, 11195, 0, 0, 0
14901, 13407, 0, 0, 0
15000, 11711, 0, 0, 0
15100, 11824, 0, 0, 0
15200, 12128, 0, 0, 0
15300, 11211, 0, 0, 0
15400, 13523, 0, 0, 0
15500, 11889, 0, 0, 0
15600, 9961, 0, 0, 0
15701, 11592, 0, 0, 0
15800, 10748, 0, 0, 0
15901, 12912, 0, 0, 0
16000, 10041, 0, 0, 0
16100, 11491, 0, 0, 0
16200, 11805, 0, 0, 0
16300, 10494, 0, 0, 0
16401, 10676, 0, 0, 0
16500, 12826, 0, 0, 0
16600, 10451, 0, 0, 0
16700, 13740, 0, 0, 0
16800, 10903, 0, 0, 0
16900, 11812, 0, 0, 0
17002, 11756, 0, 0, 0
17101, 10408, 0, 0, 0
17200, 11534, 0, 0, 0
17300, 10341, 0, 0, 0
17401, 11641, 0, 0, 0
17500, 11714, 0, 0, 0
17600, 12787, 0, 0, 0
17700, 11938, 0, 0, 0
17803, 11116, 0, 0, 0
17900, 13201, 0, 0, 0
18000, 13147, 0, 0, 0
18100, 11462, 0, 0, 0
18200, 11751, 0, 0, 0
18301, 13307, 0, 0, 0
18400, 13437, 0, 0, 0
18501, 11830, 0, 0, 0
18600, 12331, 0, 0, 0
18701, 10408, 0, 0, 0
18800, 11897, 0, 0, 0
18900, 12629, 0, 0, 0
19001, 12895, 0, 0, 0
19100, 11882, 0, 0, 0
19200, 11078, 0, 0, 0
19300, 12345, 0, 0, 0
19402, 12066, 0, 0, 0
19501, 10515, 0, 0, 0
19601, 11880, 0, 0, 0
19700, 12101, 0, 0, 0
19800, 11537, 0, 0, 0
19900, 13685, 0, 0, 0
20002, 12050, 0, 0, 0
20102, 11655, 0, 0, 0
20200, 10833, 0, 0, 0
20300, 11725, 0, 0, 0
20401, 12067, 0, 0, 0
20500, 13202, 0, 0, 0
20600, 12285, 0, 0, 0
20701, 11002, 0, 0, 0
20804, 12818, 0, 0, 0
20900, 12733, 0, 0, 0
21000, 11933, 0, 0, 0
21100, 11938, 0, 0, 0
21200, 11882, 0, 0, 0
21301, 11419, 0, 0, 0
21400, 10563, 0, 0, 0
21504, 12975, 0, 0, 0
21600, 12667, 0, 0, 0
21705, 10649, 0, 0, 0
21801, 13037, 0, 0, 0
21901, 12174, 0, 0, 0
22000, 14282, 0, 0, 0
22100, 11436, 0, 0, 0
22200, 12680, 0, 0, 0
22301, 11585, 0, 0, 0
22404, 12923, 0, 0, 0
22501, 10116, 0, 0, 0
22601, 13286, 0, 0, 0
22700, 9656, 0, 0, 0
22801, 12280, 0, 0, 0
22900, 11036, 0, 0, 0
23003, 11344, 0, 0, 0
23102, 11799, 0, 0, 0
23206, 11758, 0, 0, 0
23301, 12180, 0, 0, 0
23400, 11726, 0, 0, 0
23500, 12068, 0, 0, 0
23600, 11710, 0, 0, 0
23700, 12327, 0, 0, 0
23800, 11736, 0, 0, 0
23900, 13194, 0, 0, 0
24000, 12340, 0, 0, 0
24100, 11898, 0, 0, 0
24200, 12577, 0, 0, 0
24302, 11099, 0, 0, 0
24400, 12958, 0, 0, 0
24500, 12342, 0, 0, 0
24601, 11581, 0, 0, 0
24700, 12454, 0, 0, 0
24804, 12286, 0, 0, 0
24901, 12243, 0, 0, 0
25000, 10854, 0, 0, 0
25100, 11488, 0, 0, 0
25200, 12426, 0, 0, 0
25301, 12265, 0, 0, 0
25400, 12212, 0, 0, 0
25500, 11528, 0, 0, 0
25600, 12036, 0, 0, 0
25700, 13730, 0, 0, 0
25800, 11306, 0, 0, 0
25900, 11822, 0, 0, 0
26000, 11957, 0, 0, 0
26100, 12082, 0, 0, 0
26200, 13179, 0, 0, 0
26300, 13308, 0, 0, 0
26401, 11862, 0, 0, 0
26500, 12546, 0, 0, 0
26600, 13254, 0, 0, 0
26700, 12291, 0, 0, 0
26804, 12898, 0, 0, 0
26901, 11308, 0, 0, 0
27002, 12945, 0, 0, 0
27100, 13510, 0, 0, 0
27200, 11014, 0, 0, 0
27302, 13911, 0, 0, 0
27400, 10525, 0, 0, 0
27500, 12931, 0, 0, 0
27606, 10903, 0, 0, 0
27700, 13315, 0, 0, 0
27800, 12342, 0, 0, 0
27900, 11711, 0, 0, 0
28000, 12716, 0, 0, 0
28100, 12597, 0, 0, 0
28200, 10869, 0, 0, 0
28300, 10591, 0, 0, 0
28401, 12722, 0, 0, 0
28501, 11328, 0, 0, 0
28600, 11153, 0, 0, 0
28700, 11437, 0, 0, 0
28800, 11861, 0, 0, 0
28900, 13417, 0, 0, 0
29000, 11250, 0, 0, 0
29111, 12475, 0, 0, 0
29201, 11969, 0, 0, 0
29300, 12855, 0, 0, 0
29400, 12126, 0, 0, 0
29501, 13829, 0, 0, 0
29601, 11184, 0, 0, 0
29700, 12698, 0, 0, 0
29801, 13220, 0, 0, 0
29900, 11511, 0, 0, 0
30002, 12435, 0, 0, 0
30100, 11834, 0, 0, 0
30201, 11299, 0, 0, 0
30300, 11333, 0, 0, 0
30400, 13636, 0, 0, 0
30500, 9631, 0, 0, 0
30600, 12282, 0, 0, 0
30700, 12823, 0, 0, 0
30800, 12737, 0, 0, 0
30902, 13121, 0, 0, 0
31002, 11919, 0, 0, 0
31100, 11552, 0, 0, 0
31200, 13304, 0, 0, 0
31300, 12866, 0, 0, 0
31401, 11825, 0, 0, 0
31500, 12434, 0, 0, 0
31600, 11980, 0, 0, 0
31703, 12206, 0, 0, 0
31804, 12527, 0, 0, 0
31900, 11189, 0, 0, 0
32000, 9825, 0, 0, 0
32100, 13082, 0, 0, 0
32200, 10042, 0, 0, 0
32300, 12925, 0, 0, 0
32400, 12936, 0, 0, 0
32503, 11832, 0, 0, 0
32600, 11958, 0, 0, 0
32701, 13175, 0, 0, 0
32804, 12324, 0, 0, 0
32900, 11269, 0, 0, 0
33000, 10784, 0, 0, 0
33102, 11990, 0, 0, 0
33201, 12835, 0, 0, 0
33300, 10949, 0, 0, 0
33400, 10798, 0, 0, 0
33501, 13050, 0, 0, 0
33600, 15364, 0, 0, 0
33700, 11205, 0, 0, 0
33801, 11938, 0, 0, 0
33900, 11252, 0, 0, 0
34001, 14593, 0, 0, 0
34101, 12225, 0, 0, 0
34201, 10704, 0, 0, 0
34301, 12823, 0, 0, 0
34401, 12581, 0, 0, 0
34500, 12612, 0, 0, 0
34600, 11633, 0, 0, 0
34700, 12161, 0, 0, 0
34800, 12600, 0, 0, 0
34900, 12051, 0, 0, 0
35001, 12860, 0, 0, 0
35100, 11613, 0, 0, 0
35200, 12596, 0, 0, 0
35300, 12017, 0, 0, 0
35400, 11566, 0, 0, 0
35500, 12487, 0, 0, 0
35600, 11977, 0, 0, 0
35701, 11551, 0, 0, 0
35800, 11554, 0, 0, 0
35900, 10306, 0, 0, 0
36001, 13147, 0, 0, 0
36100, 12778, 0, 0, 0
36200, 12909, 0, 0, 0
36300, 12438, 0, 0, 0
36401, 11716, 0, 0, 0
36500, 11704, 0, 0, 0
36600, 13173, 0, 0, 0
36703, 12975, 0, 0, 0
36800, 12156, 0, 0, 0
36900, 11810, 0, 0, 0
37001, 10660, 0, 0, 0
37101, 11811, 0, 0, 0
37212, 10725, 0, 0, 0
37300, 11485, 0, 0, 0
37402, 11080, 0, 0, 0
37503, 14921, 0, 0, 0
37601, 11237, 0, 0, 0
37701, 12082, 0, 0, 0
37804, 10867, 0, 0, 0
37900, 11650, 0, 0, 0
38000, 12302, 0, 0, 0
38100, 11880, 0, 0, 0
38200, 10341, 0, 0, 0
38300, 12812, 0, 0, 0
38402, 12223, 0, 0, 0
38500, 11651, 0, 0, 0
38601, 11600, 0, 0, 0
38700, 13625, 0, 0, 0
38803, 12257, 0, 0, 0
38901, 11012, 0, 0, 0
39000, 11686, 0, 0, 0
39103, 13056, 0, 0, 0
39200, 11656, 0, 0, 0
39300, 11900, 0, 0, 0
39401, 10931, 0, 0, 0
39500, 12019, 0, 0, 0
39600, 11558, 0, 0, 0
39700, 11540, 0, 0, 0
39801, 15090, 0, 0, 0
39900, 13398, 0, 0, 0
40000, 12256, 0, 0, 0
40100, 10869, 0, 0, 0
40200, 12110, 0, 0, 0
40305, 11553, 0, 0, 0
40400, 12573, 0, 0, 0
40502, 12293, 0, 0, 0
40601, 12616, 0, 0, 0
40700, 11834, 0, 0, 0
40801, 12994, 0, 0, 0
40902, 12909, 0, 0, 0
41000, 13034, 0, 0, 0
41102, 10941, 0, 0, 0
41200, 12464, 0, 0, 0
41300, 12037, 0, 0, 0
41400, 9976, 0, 0, 0
41500, 11626, 0, 0, 0
41600, 10313, 0, 0, 0
41700, 10172, 0, 0, 0
41800, 12044, 0, 0, 0
41900, 11435, 0, 0, 0
42000, 10293, 0, 0, 0
42101, 11964, 0, 0, 0
42202, 9888, 0, 0, 0
42300, 11847, 0, 0, 0
42400, 11942, 0, 0, 0
42501, 10660, 0, 0, 0
42600, 13254, 0, 0, 0
42700, 11982, 0, 0, 0
42801, 12306, 0, 0, 0
42900, 12177, 0, 0, 0
43000, 12855, 0, 0, 0
43100, 12196, 0, 0, 0
43200, 11681, 0, 0, 0
43300, 11964, 0, 0, 0
43400, 12423, 0, 0, 0
43500, 12150, 0, 0, 0
43600, 11419, 0, 0, 0
43702, 11263, 0, 0, 0
43801, 12936, 0, 0, 0
43900, 12808, 0, 0, 0
44000, 10599, 0, 0, 0
44101, 12791, 0, 0, 0
44200, 12406, 0, 0, 0
44300, 11306, 0, 0, 0
44400, 12468, 0, 0, 0
44500, 13361, 0, 0, 0
44600, 10720, 0, 0, 0
44700, 12847, 0, 0, 0
44800, 11261, 0, 0, 0
44900, 11359, 0, 0, 0
45000, 12789, 0, 0, 0
45102, 12423, 0, 0, 0
45200, 12369, 0, 0, 0
45301, 12643, 0, 0, 0
45409, 11183, 0, 0, 0
45500, 12473, 0, 0, 0
45600, 11522, 0, 0, 0
45705, 12411, 0, 0, 0
45800, 11910, 0, 0, 0
45901, 12499, 0, 0, 0
46000, 11629, 0, 0, 0
46100, 10769, 0, 0, 0
46200, 12899, 0, 0, 0
46300, 12399, 0, 0, 0
46400, 12130, 0, 0, 0
46500, 10274, 0, 0, 0
46600, 12199, 0, 0, 0
46700, 12921, 0, 0, 0
46800, 11657, 0, 0, 0
46900, 12664, 0, 0, 0
47001, 12204, 0, 0, 0
47100, 12724, 0, 0, 0
47200, 13236, 0, 0, 0
47300, 12389, 0, 0, 0
47400, 12161, 0, 0, 0
47501, 12589, 0, 0, 0
47600, 12065, 0, 0, 0
47702, 11880, 0, 0, 0
47800, 11564, 0, 0, 0
47904, 11143, 0, 0, 0
48000, 14564, 0, 0, 0
48100, 13252, 0, 0, 0
48200, 11837, 0, 0, 0
48300, 11855, 0, 0, 0
48400, 10595, 0, 0, 0
48500, 11040, 0, 0, 0
48603, 12549, 0, 0, 0
48700, 11616, 0, 0, 0
48801, 12918, 0, 0, 0
48900, 11515, 0, 0, 0
49001, 11821, 0, 0, 0
49100, 10628, 0, 0, 0
49201, 12450, 0, 0, 0
49301, 11160, 0, 0, 0
49400, 10580, 0, 0, 0
49500, 10474, 0, 0, 0
49601, 12383, 0, 0, 0
49701, 11486, 0, 0, 0
49800, 10344, 0, 0, 0
49900, 11321, 0, 0, 0
50000, 12573, 0, 0, 0
50100, 10085, 0, 0, 0
50200, 12343, 0, 0, 0
50300, 13400, 0, 0, 0
50405, 12795, 0, 0, 0
50503, 10580, 0, 0, 0
50601, 11572, 0, 0, 0
50702, 10581, 0, 0, 0
50800, 11001, 0, 0, 0
50901, 12288, 0, 0, 0
51000, 11192, 0, 0, 0
51102, 12930, 0, 0, 0
51200, 11050, 0, 0, 0
51302, 13396, 0, 0, 0
51400, 11305, 0, 0, 0
51501, 11746, 0, 0, 0
51600, 11018, 0, 0, 0
51700, 11179, 0, 0, 0
51804, 11620, 0, 0, 0
51900, 8693, 0, 0, 0
52001, 12403, 0, 0, 0
52100, 10586, 0, 0, 0
52201, 12703, 0, 0, 0
52309, 12443, 0, 0, 0
52402, 12163, 0, 0, 0
52500, 12855, 0, 0, 0
52604, 12063, 0, 0, 0
52700, 14032, 0, 0, 0
52800, 10456, 0, 0, 0
52900, 12765, 0, 0, 0
53000, 11174, 0, 0, 0
53102, 17729, 0, 0, 0
53200, 11991, 0, 0, 0
53302, 11691, 0, 0, 0
53400, 12452, 0, 0, 0
53501, 11987, 0, 0, 0
53601, 12631, 0, 0, 0
53700, 10970, 0, 0, 0
53804, 11362, 0, 0, 0
53900, 12645, 0, 0, 0
54000, 12777, 0, 0, 0
54101, 12548, 0, 0, 0
54200, 11272, 0, 0, 0
54300, 12411, 0, 0, 0
54400, 12380, 0, 0, 0
54501, 14120, 0, 0, 0
54601, 12142, 0, 0, 0
54701, 12288, 0, 0, 0
54800, 12520, 0, 0, 0
54900, 13327, 0, 0, 0
55000, 13295, 0, 0, 0
55100, 11112, 0, 0, 0
55202, 14325, 0, 0, 0
55300, 12285, 0, 0, 0
55401, 11463, 0, 0, 0
55501, 12497, 0, 0, 0
55607, 11788, 0, 0, 0
55701, 12333, 0, 0, 0
55800, 12689, 0, 0, 0
55901, 11645, 0, 0, 0
56001, 12845, 0, 0, 0
56101, 11297, 0, 0, 0
56201, 15456, 0, 0, 0
56302, 11124, 0, 0, 0
56401, 13192, 0, 0, 0
56501, 11037, 0, 0, 0
56601, 9143, 0, 0, 0
56707, 11160, 0, 0, 0
56803, 11725, 0, 0, 0
56901, 12249, 0, 0, 0
57000, 11798, 0, 0, 0
57100, 12626, 0, 0, 0
57200, 11711, 0, 0, 0
57302, 11242, 0, 0, 0
57400, 11759, 0, 0, 0
57500, 12414, 0, 0, 0
57600, 12596, 0, 0, 0
57700, 12602, 0, 0, 0
57800, 11144, 0, 0, 0
57901, 12454, 0, 0, 0
58000, 13434, 0, 0, 0
58103, 12879, 0, 0, 0
58207, 12050, 0, 0, 0
58302, 11937, 0, 0, 0
58400, 11969, 0, 0, 0
58500, 11690, 0, 0, 0
58600, 10943, 0, 0, 0
58700, 11773, 0, 0, 0
58802, 14091, 0, 0, 0
58900, 10682, 0, 0, 0
59001, 12572, 0, 0, 0
59100, 12402, 0, 0, 0
59201, 12569, 0, 0, 0
59300, 12147, 0, 0, 0
59400, 11809, 0, 0, 0
59501, 12292, 0, 0, 0
59600, 11722, 0, 0, 0
59701, 11600, 0, 0, 0
59800, 11669, 0, 0, 0
59900, 13024, 0, 0, 0
60000, 13570, 0, 0, 0
60100, 12037, 0, 0, 0
60201, 11262, 0, 0, 0
60300, 13060, 0, 0, 0
60400, 12026, 0, 0, 0
60500, 11451, 0, 0, 0
60600, 11178, 0, 0, 0
60700, 11942, 0, 0, 0
60801, 11903, 0, 0, 0
60901, 12282, 0, 0, 0
61000, 11725, 0, 0, 0
61100, 10334, 0, 0, 0
61200, 9845, 0, 0, 0
61306, 12621, 0, 0, 0
61402, 11198, 0, 0, 0
61501, 13914, 0, 0, 0
61600, 11426, 0, 0, 0
61700, 13020, 0, 0, 0
61801, 11024, 0, 0, 0
61901, 10834, 0, 0, 0
62001, 11833, 0, 0, 0
62103, 12002, 0, 0, 0
62200, 13192, 0, 0, 0
62301, 11974, 0, 0, 0
62400, 12664, 0, 0, 0
62500, 12672, 0, 0, 0
62600, 12452, 0, 0, 0
62700, 10864, 0, 0, 0
62800, 11877, 0, 0, 0
62900, 10784, 0, 0, 0
63002, 13411, 0, 0, 0
63100, 12317, 0, 0, 0
63200, 12599, 0, 0, 0
63300, 11918, 0, 0, 0
63409, 10986, 0, 0, 0
63500, 11661, 0, 0, 0
63600, 11089, 0, 0, 0
63705, 12661, 0, 0, 0
63802, 11240, 0, 0, 0
63900, 11792, 0, 0, 0
64002, 12276, 0, 0, 0
64102, 11045, 0, 0, 0
64200, 12673, 0, 0, 0
64300, 10416, 0, 0, 0
64400, 11905, 0, 0, 0
64500, 12810, 0, 0, 0
64600, 11932, 0, 0, 0
64700, 11226, 0, 0, 0
64800, 12097, 0, 0, 0
64905, 11886, 0, 0, 0
65001, 9994, 0, 0, 0
65100, 10648, 0, 0, 0
65200, 11147, 0, 0, 0
65301, 13291, 0, 0, 0
65400, 12117, 0, 0, 0
65501, 11683, 0, 0, 0
65601, 11348, 0, 0, 0
65703, 10929, 0, 0, 0
65800, 12096, 0, 0, 0
65900, 11252, 0, 0, 0
66000, 13419, 0, 0, 0
66100, 13649, 0, 0, 0
66201, 14055, 0, 0, 0
66301, 11154, 0, 0, 0
66400, 12644, 0, 0, 0
66503, 10938, 0, 0, 0
66600, 13405, 0, 0, 0
66702, 15504, 0, 0, 0
66801, 12719, 0, 0, 0
66900, 13577, 0, 0, 0
67000, 11075, 0, 0, 0
67100, 11621, 0, 0, 0
67200, 10772, 0, 0, 0
67300, 12503, 0, 0, 0
67407, 11502, 0, 0, 0
67501, 12957, 0, 0, 0
67600, 11543, 0, 0, 0
67700, 11248, 0, 0, 0
67800, 11463, 0, 0, 0
67900, 11094, 0, 0, 0
68001, 11541, 0, 0, 0
68101, 12228, 0, 0, 0
68201, 10945, 0, 0, 0
68300, 12104, 0, 0, 0
68402, 15437, 0, 0, 0
68501, 13413, 0, 0, 0
68600, 10970, 0, 0, 0
68701, 11045, 0, 0, 0
68800, 11957, 0, 0, 0
68900, 15342, 0, 0, 0
69000, 13077, 0, 0, 0
69100, 12295, 0, 0, 0
69200, 13525, 0, 0, 0
69300, 12449, 0, 0, 0
69401, 12120, 0, 0, 0
69500, 11592, 0, 0, 0
69600, 10986, 0, 0, 0
69700, 10744, 0, 0, 0
69800, 12327, 0, 0, 0
69900, 11187, 0, 0, 0
70000, 11484, 0, 0, 0
70100, 10091, 0, 0, 0
70200, 11044, 0, 0, 0
70300, 11331, 0, 0, 0
70400, 12649, 0, 0, 0
70500, 11610, 0, 0, 0
70601, 10779, 0, 0, 0
70700, 12029, 0, 0, 0
70800, 12853, 0, 0, 0
70900, 12666, 0, 0, 0
71000, 11303, 0, 0, 0
71100, 12117, 0, 0, 0
71200, 11434, 0, 0, 0
71300, 11506, 0, 0, 0
71400, 11433, 0, 0, 0
71500, 11897, 0, 0, 0
71600, 11878, 0, 0, 0
71700, 11684, 0, 0, 0
71801, 11157, 0, 0, 0
71900, 11418, 0, 0, 0
72001, 12659, 0, 0, 0
72101, 11864, 0, 0, 0
72200, 11527, 0, 0, 0
72303, 11379, 0, 0, 0
72400, 12700, 0, 0, 0
72500, 14224, 0, 0, 0
72600, 13534, 0, 0, 0
72702, 10999, 0, 0, 0
72801, 15670, 0, 0, 0
72900, 14226, 0, 0, 0
73000, 10363, 0, 0, 0
73100, 14684, 0, 0, 0
73200, 11667, 0, 0, 0
73300, 10541, 0, 0, 0
73400, 11552, 0, 0, 0
73500, 11710, 0, 0, 0
73600, 12497, 0, 0, 0
73701, 11875, 0, 0, 0
73800, 11577, 0, 0, 0
73902, 12093, 0, 0, 0
74000, 13470, 0, 0, 0
74103, 11677, 0, 0, 0
74200, 12252, 0, 0, 0
74300, 12610, 0, 0, 0
74400, 11539, 0, 0, 0
74502, 11914, 0, 0, 0
74603, 14071, 0, 0, 0
74701, 12944, 0, 0, 0
74804, 13492, 0, 0, 0
74900, 12644, 0, 0, 0
75000, 11776, 0, 0, 0
75101, 11596, 0, 0, 0
75200, 10948, 0, 0, 0
75300, 12118, 0, 0, 0
75400, 12150, 0, 0, 0
75500, 11554, 0, 0, 0
75602, 12658, 0, 0, 0
75700, 13199, 0, 0, 0
75800, 11399, 0, 0, 0
75900, 14429, 0, 0, 0
76000, 12798, 0, 0, 0
76100, 11462, 0, 0, 0
76200, 11221, 0, 0, 0
76300, 10971, 0, 0, 0
76400, 11495, 0, 0, 0
76500, 12499, 0, 0, 0
76600, 12559, 0, 0, 0
76700, 11133, 0, 0, 0
76800, 13603, 0, 0, 0
76900, 11104, 0, 0, 0
77003, 11770, 0, 0, 0
77101, 11980, 0, 0, 0
77201, 14180, 0, 0, 0
77301, 12138, 0, 0, 0
77400, 11878, 0, 0, 0
77500, 13181, 0, 0, 0
77600, 11978, 0, 0, 0
77700, 12040, 0, 0, 0
77800, 11620, 0, 0, 0
77900, 12313, 0, 0, 0
78002, 11612, 0, 0, 0
78100, 12778, 0, 0, 0
78200, 14067, 0, 0, 0
78300, 12417, 0, 0, 0
78400, 12699, 0, 0, 0
78500, 12638, 0, 0, 0
78600, 11963, 0, 0, 0
78700, 12422, 0, 0, 0
78801, 12798, 0, 0, 0
78900, 12640, 0, 0, 0
79001, 11623, 0, 0, 0
79100, 15381, 0, 0, 0
79200, 11732, 0, 0, 0
79301, 12944, 0, 0, 0
79403, 12232, 0, 0, 0
79500, 12658, 0, 0, 0
79602, 13488, 0, 0, 0
79700, 12629, 0, 0, 0
79805, 12382, 0, 0, 0
79900, 11178, 0, 0, 0
80000, 12930, 0, 0, 0
80106, 10356, 0, 0, 0
80201, 13860, 0, 0, 0
80300, 14381, 0, 0, 0
80404, 12573, 0, 0, 0
80501, 12429, 0, 0, 0
80600, 11948, 0, 0, 0
80700, 12436, 0, 0, 0
80801, 12137, 0, 0, 0
80900, 12185, 0, 0, 0
81000, 12742, 0, 0, 0
81102, 12562, 0, 0, 0
81200, 11732, 0, 0, 0
81302, 10961, 0, 0, 0
81400, 12071, 0, 0, 0
81500, 12727, 0, 0, 0
81600, 12947, 0, 0, 0
81700, 12554, 0, 0, 0
81803, 12600, 0, 0, 0
81900, 11664, 0, 0, 0
82000, 13126, 0, 0, 0
82100, 11589, 0, 0, 0
82200, 12333, 0, 0, 0
82300, 12855, 0, 0, 0
82401, 10262, 0, 0, 0
82500, 12974, 0, 0, 0
82600, 12933, 0, 0, 0
82700, 10853, 0, 0, 0
82800, 12131, 0, 0, 0
82900, 12572, 0, 0, 0
83000, 12101, 0, 0, 0
83100, 11334, 0, 0, 0
83200, 13339, 0, 0, 0
83302, 11016, 0, 0, 0
83400, 10113, 0, 0, 0
83501, 12506, 0, 0, 0
83600, 12143, 0, 0, 0
83702, 13528, 0, 0, 0
83800, 14356, 0, 0, 0
83900, 10784, 0, 0, 0
84000, 12838, 0, 0, 0
84100, 11517, 0, 0, 0
84202, 13165, 0, 0, 0
84304, 11369, 0, 0, 0
84402, 11472, 0, 0, 0
84500, 10033, 0, 0, 0
84600, 11184, 0, 0, 0
84702, 11296, 0, 0, 0
84800, 13051, 0, 0, 0
84900, 12491, 0, 0, 0
85000, 11603, 0, 0, 0
85100, 13431, 0, 0, 0
85200, 14315, 0, 0, 0
85301, 11855, 0, 0, 0
85400, 13165, 0, 0, 0
85501, 11350, 0, 0, 0
85601, 11870, 0, 0, 0
85700, 12204, 0, 0, 0
85800, 11158, 0, 0, 0
85901, 12710, 0, 0, 0
86002, 10060, 0, 0, 0
86100, 11042, 0, 0, 0
86202, 9301, 0, 0, 0
86300, 9750, 0, 0, 0
86401, 12353, 0, 0, 0
86501, 10797, 0, 0, 0
86600, 12460, 0, 0, 0
86700, 11681, 0, 0, 0
86800, 10857, 0, 0, 0
86913, 11801, 0, 0, 0
87000, 10057, 0, 0, 0
87100, 13297, 0, 0, 0
87200, 12138, 0, 0, 0
87301, 12118, 0, 0, 0
87400, 11866, 0, 0, 0
87503, 11122, 0, 0, 0
87600, 13457, 0, 0, 0
87700, 12117, 0, 0, 0
87800, 12482, 0, 0, 0
87900, 10220, 0, 0, 0
88000, 12063, 0, 0, 0
88100, 11206, 0, 0, 0
88200, 12077, 0, 0, 0
88300, 11369, 0, 0, 0
88401, 11567, 0, 0, 0
88500, 11157, 0, 0, 0
88600, 11118, 0, 0, 0
88703, 12315, 0, 0, 0
88801, 10515, 0, 0, 0
88900, 11552, 0, 0, 0
89005, 10958, 0, 0, 0
89100, 12851, 0, 0, 0
89203, 11707, 0, 0, 0
89301, 11527, 0, 0, 0
89400, 13253, 0, 0, 0
89500, 12371, 0, 0, 0
89600, 11008, 0, 0, 0
89700, 12394, 0, 0, 0
89800, 12009, 0, 0, 0
89900, 11052, 0, 0, 0
90007, 10941, 0, 0, 0
