100, 693307, 0, 0, 0
200, 686610, 0, 0, 0
300, 719143, 0, 0, 0
400, 699707, 0, 0, 0
500, 701357, 0, 0, 0
600, 702808, 0, 0, 0
700, 670148, 0, 0, 0
800, 694670, 0, 0, 0
900, 721298, 0, 0, 0
1000, 710775, 0, 0, 0
1100, 737131, 0, 0, 0
1200, 719550, 0, 0, 0
1300, 733941, 0, 0, 0
1400, 700955, 0, 0, 0
1500, 687930, 0, 0, 0
1600, 699803, 0, 0, 0
1700, 731923, 0, 0, 0
1800, 703105, 0, 0, 0
1900, 693888, 0, 0, 0
2000, 703783, 0, 0, 0
2100, 683429, 0, 0, 0
2200, 705812, 0, 0, 0
2300, 731835, 0, 0, 0
2400, 705602, 0, 0, 0
2500, 724999, 0, 0, 0
2600, 706381, 0, 0, 0
2700, 711503, 0, 0, 0
2800, 722175, 0, 0, 0
2900, 723258, 0, 0, 0
3000, 715722, 0, 0, 0
3100, 723289, 0, 0, 0
3200, 710589, 0, 0, 0
3300, 700159, 0, 0, 0
3400, 713261, 0, 0, 0
3500, 701354, 0, 0, 0
3600, 701221, 0, 0, 0
3700, 746718, 0, 0, 0
3800, 718414, 0, 0, 0
3900, 736535, 0, 0, 0
4000, 725993, 0, 0, 0
4100, 715522, 0, 0, 0
4200, 708990, 0, 0, 0
4300, 708877, 0, 0, 0
4400, 699628, 0, 0, 0
4500, 731271, 0, 0, 0
4600, 715798, 0, 0, 0
4700, 701208, 0, 0, 0
4800, 720736, 0, 0, 0
4900, 725400, 0, 0, 0
5000, 721186, 0, 0, 0
5100, 723848, 0, 0, 0
5200, 701947, 0, 0, 0
5300, 716499, 0, 0, 0
5400, 715286, 0, 0, 0
5500, 730258, 0, 0, 0
5600, 739012, 0, 0, 0
5700, 704319, 0, 0, 0
5800, 726046, 0, 0, 0
5900, 716009, 0, 0, 0
6000, 690719, 0, 0, 0
6100, 712548, 0, 0, 0
6200, 696559, 0, 0, 0
6300, 713987, 0, 0, 0
6400, 691856, 0, 0, 0
6500, 700367, 0, 0, 0
6600, 715161, 0, 0, 0
6700, 714408, 0, 0, 0
6800, 717944, 0, 0, 0
6900, 731327, 0, 0, 0
7000, 707179, 0, 0, 0
7100, 731949, 0, 0, 0
7200, 687579, 0, 0, 0
7300, 704501, 0, 0, 0
7400, 697642, 0, 0, 0
7500, 729364, 0, 0, 0
7600, 736724, 0, 0, 0
7700, 723257, 0, 0, 0
7800, 705237, 0, 0, 0
7900, 710283, 0, 0, 0
8000, 709058, 0, 0, 0
8100, 703334, 0, 0, 0
8200, 722511, 0, 0, 0
8300, 732397, 0, 0, 0
8400, 707869, 0, 0, 0
8500, 715917, 0, 0, 0
8600, 717385, 0, 0, 0
8700, 732896, 0, 0, 0
8800, 709144, 0, 0, 0
8900, 698677, 0, 0, 0
9000, 690187, 0, 0, 0
9100, 697067, 0, 0, 0
9200, 714637, 0, 0, 0
9300, 695849, 0, 0, 0
9400, 688080, 0, 0, 0
9500, 713176, 0, 0, 0
9600, 682396, 0, 0, 0
9700, 675380, 0, 0, 0
9800, 691800, 0, 0, 0
9900, 691568, 0, 0, 0
10000, 723246, 0, 0, 0
10100, 711466, 0, 0, 0
10200, 708822, 0, 0, 0
10300, 712916, 0, 0, 0
10400, 688308, 0, 0, 0
10500, 704812, 0, 0, 0
10600, 717954, 0, 0, 0
10700, 733994, 0, 0, 0
10800, 713911, 0, 0, 0
10900, 708822, 0, 0, 0
11000, 692870, 0, 0, 0
11100, 669900, 0, 0, 0
11200, 704052, 0, 0, 0
11300, 699111, 0, 0, 0
11400, 690108, 0, 0, 0
11500, 712957, 0, 0, 0
11600, 717121, 0, 0, 0
11700, 720422, 0, 0, 0
11800, 695157, 0, 0, 0
11900, 681812, 0, 0, 0
12000, 706397, 0, 0, 0
12100, 713859, 0, 0, 0
12200, 730301, 0, 0, 0
12300, 701557, 0, 0, 0
12400, 710105, 0, 0, 0
12500, 698959, 0, 0, 0
12601, 706335, 0, 0, 0
12700, 727237, 0, 0, 0
12800, 700166, 0, 0, 0
12900, 707429, 0, 0, 0
13000, 718169, 0, 0, 0
13100, 739933, 0, 0, 0
13200, 716934, 0, 0, 0
13300, 700118, 0, 0, 0
13400, 737381, 0, 0, 0
13500, 725843, 0, 0, 0
13600, 715035, 0, 0, 0
13700, 724645, 0, 0, 0
13800, 705377, 0, 0, 0
13900, 697682, 0, 0, 0
14000, 694153, 0, 0, 0
14100, 694168, 0, 0, 0
14200, 736102, 0, 0, 0
14300, 715608, 0, 0, 0
14400, 702405, 0, 0, 0
14500, 687295, 0, 0, 0
14600, 671637, 0, 0, 0
14700, 708440, 0, 0, 0
14800, 686650, 0, 0, 0
14900, 711009, 0, 0, 0
15000, 723960, 0, 0, 0
15100, 703583, 0, 0, 0
15200, 686047, 0, 0, 0
15300, 699357, 0, 0, 0
15400, 702611, 0, 0, 0
15500, 706026, 0, 0, 0
15600, 722045, 0, 0, 0
15700, 703263, 0, 0, 0
15800, 691354, 0, 0, 0
15900, 683118, 0, 0, 0
16000, 722793, 0, 0, 0
16100, 705999, 0, 0, 0
16200, 719116, 0, 0, 0
16300, 713651, 0, 0, 0
16400, 718790, 0, 0, 0
16500, 717089, 0, 0, 0
16600, 725196, 0, 0, 0
16700, 727122, 0, 0, 0
16800, 721330, 0, 0, 0
16900, 709413, 0, 0, 0
17000, 712242, 0, 0, 0
17100, 714414, 0, 0, 0
17200, 729050, 0, 0, 0
17300, 722795, 0, 0, 0
17400, 676342, 0, 0, 0
17500, 721303, 0, 0, 0
17601, 704054, 0, 0, 0
17700, 703303, 0, 0, 0
17800, 703973, 0, 0, 0
17900, 695426, 0, 0, 0
18000, 697506, 0, 0, 0
18100, 698554, 0, 0, 0
18200, 714507, 0, 0, 0
18300, 696431, 0, 0, 0
18400, 701063, 0, 0, 0
18500, 670637, 0, 0, 0
18600, 679362, 0, 0, 0
18700, 703847, 0, 0, 0
18800, 701044, 0, 0, 0
18900, 687886, 0, 0, 0
19000, 682486, 0, 0, 0
19100, 704585, 0, 0, 0
19200, 732107, 0, 0, 0
19300, 721367, 0, 0, 0
19400, 708140, 0, 0, 0
19500, 692000, 0, 0, 0
19600, 724237, 0, 0, 0
19700, 709010, 0, 0, 0
19800, 708161, 0, 0, 0
19900, 731242, 0, 0, 0
20000, 700906, 0, 0, 0
20100, 699350, 0, 0, 0
20200, 699687, 0, 0, 0
20300, 710364, 0, 0, 0
20400, 724597, 0, 0, 0
20500, 730909, 0, 0, 0
20600, 706409, 0, 0, 0
20700, 708490, 0, 0, 0
20800, 689690, 0, 0, 0
20900, 700662, 0, 0, 0
21000, 735578, 0, 0, 0
21100, 737839, 0, 0, 0
21200, 695636, 0, 0, 0
21300, 734479, 0, 0, 0
21400, 719914, 0, 0, 0
21500, 693553, 0, 0, 0
21600, 747210, 0, 0, 0
21700, 726674, 0, 0, 0
21800, 716101, 0, 0, 0
21900, 728576, 0, 0, 0
22000, 699010, 0, 0, 0
22100, 715449, 0, 0, 0
22200, 685826, 0, 0, 0
22300, 705296, 0, 0, 0
22400, 702697, 0, 0, 0
22500, 691480, 0, 0, 0
22600, 697661, 0, 0, 0
22700, 704884, 0, 0, 0
22800, 681960, 0, 0, 0
22900, 699446, 0, 0, 0
23000, 681034, 0, 0, 0
23100, 703270, 0, 0, 0
23200, 694170, 0, 0, 0
23300, 704766, 0, 0, 0
23400, 698783, 0, 0, 0
23500, 700357, 0, 0, 0
23600, 714132, 0, 0, 0
23700, 710544, 0, 0, 0
23800, 692341, 0, 0, 0
23900, 705301, 0, 0, 0
24000, 702062, 0, 0, 0
24100, 702326, 0, 0, 0
24200, 725147, 0, 0, 0
24300, 719481, 0, 0, 0
24400, 729181, 0, 0, 0
24500, 725856, 0, 0, 0
24600, 722174, 0, 0, 0
24700, 705573, 0, 0, 0
24800, 699014, 0, 0, 0
24900, 696735, 0, 0, 0
25000, 739361, 0, 0, 0
25100, 726511, 0, 0, 0
25200, 679044, 0, 0, 0
25300, 718933, 0, 0, 0
25400, 724971, 0, 0, 0
25500, 719677, 0, 0, 0
25600, 693215, 0, 0, 0
25700, 699315, 0, 0, 0
25800, 701689, 0, 0, 0
25900, 695638, 0, 0, 0
26001, 702638, 0, 0, 0
26100, 716624, 0, 0, 0
26200, 718432, 0, 0, 0
26300, 702528, 0, 0, 0
26400, 699598, 0, 0, 0
26500, 714208, 0, 0, 0
26600, 718630, 0, 0, 0
26700, 705048, 0, 0, 0
26800, 680621, 0, 0, 0
26900, 722571, 0, 0, 0
27000, 707172, 0, 0, 0
27100, 713458, 0, 0, 0
27200, 720049, 0, 0, 0
27300, 673952, 0, 0, 0
27400, 702898, 0, 0, 0
27500, 739224, 0, 0, 0
27600, 700861, 0, 0, 0
27700, 698424, 0, 0, 0
27800, 703640, 0, 0, 0
27900, 681406, 0, 0, 0
28000, 703932, 0, 0, 0
28100, 734839, 0, 0, 0
28200, 723964, 0, 0, 0
28300, 710815, 0, 0, 0
28400, 695713, 0, 0, 0
28500, 735871, 0, 0, 0
28600, 720430, 0, 0, 0
28700, 732293, 0, 0, 0
28800, 727886, 0, 0, 0
28900, 716989, 0, 0, 0
29000, 668486, 0, 0, 0
29100, 698738, 0, 0, 0
29200, 690372, 0, 0, 0
29300, 698477, 0, 0, 0
29400, 702408, 0, 0, 0
29500, 725174, 0, 0, 0
29600, 696110, 0, 0, 0
29700, 680113, 0, 0, 0
29800, 700179, 0, 0, 0
29900, 728066, 0, 0, 0
30000, 729480, 0, 0, 0
30100, 698083, 0, 0, 0
30200, 705550, 0, 0, 0
30300, 690995, 0, 0, 0
30400, 707878, 0, 0, 0
30500, 708699, 0, 0, 0
30600, 678927, 0, 0, 0
30700, 697485, 0, 0, 0
30800, 689412, 0, 0, 0
30900, 696664, 0, 0, 0
31000, 677057, 0, 0, 0
31100, 692888, 0, 0, 0
31200, 707524, 0, 0, 0
31300, 690430, 0, 0, 0
31400, 693698, 0, 0, 0
31500, 694904, 0, 0, 0
31600, 697214, 0, 0, 0
31700, 694956, 0, 0, 0
31800, 697531, 0, 0, 0
31900, 711843, 0, 0, 0
32000, 761257, 0, 0, 0
32100, 706802, 0, 0, 0
32200, 734735, 0, 0, 0
32300, 747895, 0, 0, 0
32400, 736500, 0, 0, 0
32500, 706344, 0, 0, 0
32600, 735184, 0, 0, 0
32700, 733129, 0, 0, 0
32800, 730336, 0, 0, 0
32900, 692593, 0, 0, 0
33000, 716393, 0, 0, 0
33100, 699086, 0, 0, 0
33200, 704896, 0, 0, 0
33300, 705971, 0, 0, 0
33400, 727724, 0, 0, 0
33500, 710936, 0, 0, 0
33600, 720120, 0, 0, 0
33700, 720761, 0, 0, 0
33800, 691475, 0, 0, 0
33900, 703458, 0, 0, 0
34000, 700880, 0, 0, 0
34100, 747469, 0, 0, 0
34200, 726310, 0, 0, 0
34300, 714126, 0, 0, 0
34400, 686834, 0, 0, 0
34500, 704814, 0, 0, 0
34600, 727359, 0, 0, 0
34700, 713130, 0, 0, 0
34800, 730510, 0, 0, 0
34900, 722399, 0, 0, 0
35000, 734534, 0, 0, 0
35100, 698075, 0, 0, 0
35200, 699217, 0, 0, 0
35300, 684947, 0, 0, 0
35400, 703651, 0, 0, 0
35500, 705174, 0, 0, 0
35600, 698185, 0, 0, 0
35700, 711038, 0, 0, 0
35800, 720954, 0, 0, 0
35900, 721493, 0, 0, 0
36000, 707019, 0, 0, 0
36100, 698062, 0, 0, 0
36200, 681630, 0, 0, 0
36300, 737274, 0, 0, 0
36400, 706971, 0, 0, 0
36500, 737819, 0, 0, 0
36600, 714824, 0, 0, 0
36700, 743930, 0, 0, 0
36800, 729447, 0, 0, 0
36900, 725238, 0, 0, 0
37000, 734146, 0, 0, 0
37100, 770278, 0, 0, 0
37200, 724407, 0, 0, 0
37300, 696916, 0, 0, 0
37400, 712300, 0, 0, 0
37500, 721682, 0, 0, 0
37600, 683960, 0, 0, 0
37700, 705790, 0, 0, 0
37800, 695053, 0, 0, 0
37900, 694774, 0, 0, 0
38000, 708251, 0, 0, 0
38100, 700288, 0, 0, 0
38200, 692083, 0, 0, 0
38300, 700948, 0, 0, 0
38400, 725578, 0, 0, 0
38500, 707916, 0, 0, 0
38600, 684340, 0, 0, 0
38700, 703522, 0, 0, 0
38800, 712894, 0, 0, 0
38900, 734651, 0, 0, 0
39000, 725398, 0, 0, 0
39100, 719690, 0, 0, 0
39200, 701485, 0, 0, 0
39300, 693195, 0, 0, 0
39400, 694227, 0, 0, 0
39501, 700568, 0, 0, 0
39600, 711175, 0, 0, 0
39700, 728585, 0, 0, 0
39800, 697629, 0, 0, 0
39900, 708240, 0, 0, 0
40000, 689914, 0, 0, 0
40100, 714829, 0, 0, 0
40200, 704499, 0, 0, 0
40300, 711698, 0, 0, 0
40400, 719086, 0, 0, 0
40500, 712383, 0, 0, 0
40600, 723755, 0, 0, 0
40700, 693332, 0, 0, 0
40800, 707788, 0, 0, 0
40900, 708979, 0, 0, 0
41000, 707032, 0, 0, 0
41100, 692538, 0, 0, 0
41200, 709258, 0, 0, 0
41300, 708871, 0, 0, 0
41400, 697407, 0, 0, 0
41500, 717120, 0, 0, 0
41600, 709787, 0, 0, 0
41700, 720264, 0, 0, 0
41800, 726415, 0, 0, 0
41900, 711244, 0, 0, 0
42000, 707606, 0, 0, 0
42100, 702949, 0, 0, 0
42200, 706724, 0, 0, 0
42300, 712260, 0, 0, 0
42400, 720051, 0, 0, 0
42500, 700939, 0, 0, 0
42600, 729777, 0, 0, 0
42700, 721763, 0, 0, 0
42800, 710230, 0, 0, 0
42900, 717050, 0, 0, 0
43000, 715791, 0, 0, 0
43100, 726853, 0, 0, 0
43200, 706681, 0, 0, 0
43300, 706069, 0, 0, 0
43400, 695229, 0, 0, 0
43500, 708067, 0, 0, 0
43600, 696205, 0, 0, 0
43700, 705908, 0, 0, 0
43800, 686964, 0, 0, 0
43900, 701231, 0, 0, 0
44000, 695605, 0, 0, 0
44100, 729720, 0, 0, 0
44200, 689661, 0, 0, 0
44300, 710871, 0, 0, 0
44400, 705207, 0, 0, 0
44500, 713512, 0, 0, 0
44600, 700526, 0, 0, 0
44700, 706075, 0, 0, 0
44800, 734918, 0, 0, 0
44900, 713159, 0, 0, 0
45000, 704951, 0, 0, 0
45100, 710031, 0, 0, 0
45200, 692321, 0, 0, 0
45300, 680264, 0, 0, 0
45400, 695741, 0, 0, 0
45500, 716860, 0, 0, 0
45600, 717940, 0, 0, 0
45700, 732511, 0, 0, 0
45800, 723222, 0, 0, 0
45900, 723246, 0, 0, 0
46000, 718373, 0, 0, 0
46100, 760977, 0, 0, 0
46200, 697740, 0, 0, 0
46300, 712989, 0, 0, 0
46400, 695244, 0, 0, 0
46500, 715543, 0, 0, 0
46600, 702041, 0, 0, 0
46700, 691790, 0, 0, 0
46800, 695770, 0, 0, 0
46900, 721173, 0, 0, 0
47000, 698634, 0, 0, 0
47100, 689499, 0, 0, 0
47200, 737646, 0, 0, 0
47300, 731465, 0, 0, 0
47400, 705721, 0, 0, 0
47500, 706423, 0, 0, 0
47600, 673773, 0, 0, 0
47700, 703373, 0, 0, 0
47800, 717764, 0, 0, 0
47900, 723752, 0, 0, 0
48000, 726326, 0, 0, 0
48100, 708430, 0, 0, 0
48200, 716779, 0, 0, 0
48300, 723515, 0, 0, 0
48400, 728370, 0, 0, 0
48500, 731450, 0, 0, 0
48600, 714540, 0, 0, 0
48700, 691193, 0, 0, 0
48800, 697066, 0, 0, 0
48900, 701775, 0, 0, 0
49000, 714776, 0, 0, 0
49100, 704103, 0, 0, 0
49200, 695436, 0, 0, 0
49300, 713412, 0, 0, 0
49400, 706616, 0, 0, 0
49500, 704157, 0, 0, 0
49600, 711849, 0, 0, 0
49700, 721350, 0, 0, 0
49800, 686480, 0, 0, 0
49900, 675596, 0, 0, 0
50000, 699163, 0, 0, 0
50100, 690328, 0, 0, 0
50200, 709775, 0, 0, 0
50300, 708656, 0, 0, 0
50400, 716011, 0, 0, 0
50500, 728209, 0, 0, 0
50600, 712706, 0, 0, 0
50700, 716658, 0, 0, 0
50800, 703735, 0, 0, 0
50900, 760575, 0, 0, 0
51000, 689267, 0, 0, 0
51100, 719230, 0, 0, 0
51200, 737935, 0, 0, 0
51300, 724917, 0, 0, 0
51400, 705987, 0, 0, 0
51500, 718628, 0, 0, 0
51600, 712636, 0, 0, 0
51700, 713307, 0, 0, 0
51800, 721883, 0, 0, 0
51900, 698689, 0, 0, 0
52000, 706314, 0, 0, 0
52100, 687219, 0, 0, 0
52200, 735689, 0, 0, 0
52300, 697003, 0, 0, 0
52400, 709988, 0, 0, 0
52500, 713709, 0, 0, 0
52600, 694766, 0, 0, 0
52700, 719014, 0, 0, 0
52800, 692975, 0, 0, 0
52900, 702246, 0, 0, 0
53000, 693166, 0, 0, 0
53100, 706737, 0, 0, 0
53200, 707144, 0, 0, 0
53300, 691811, 0, 0, 0
53400, 673431, 0, 0, 0
53500, 705037, 0, 0, 0
53600, 695947, 0, 0, 0
53700, 708123, 0, 0, 0
53800, 709755, 0, 0, 0
53900, 717201, 0, 0, 0
54000, 730846, 0, 0, 0
54100, 726875, 0, 0, 0
54200, 717945, 0, 0, 0
54300, 699195, 0, 0, 0
54400, 721812, 0, 0, 0
54500, 703836, 0, 0, 0
54600, 712621, 0, 0, 0
54700, 740367, 0, 0, 0
54800, 728192, 0, 0, 0
54900, 729528, 0, 0, 0
55000, 709631, 0, 0, 0
55100, 717320, 0, 0, 0
55200, 704660, 0, 0, 0
55300, 726744, 0, 0, 0
55400, 679625, 0, 0, 0
55500, 695920, 0, 0, 0
55600, 686958, 0, 0, 0
55700, 688065, 0, 0, 0
55800, 702050, 0, 0, 0
55900, 718440, 0, 0, 0
56000, 698890, 0, 0, 0
56100, 727446, 0, 0, 0
56200, 726495, 0, 0, 0
56300, 717716, 0, 0, 0
56400, 729117, 0, 0, 0
56500, 696673, 0, 0, 0
56600, 732264, 0, 0, 0
56700, 730957, 0, 0, 0
56800, 711738, 0, 0, 0
56900, 707186, 0, 0, 0
57000, 720708, 0, 0, 0
57100, 726846, 0, 0, 0
57200, 733764, 0, 0, 0
57300, 703012, 0, 0, 0
57400, 703133, 0, 0, 0
57500, 704117, 0, 0, 0
57600, 713595, 0, 0, 0
57700, 677795, 0, 0, 0
57800, 684780, 0, 0, 0
57900, 680426, 0, 0, 0
58000, 714303, 0, 0, 0
58100, 709540, 0, 0, 0
58200, 737967, 0, 0, 0
58300, 734289, 0, 0, 0
58400, 699288, 0, 0, 0
58500, 708345, 0, 0, 0
58600, 725758, 0, 0, 0
58700, 751937, 0, 0, 0
58800, 735552, 0, 0, 0
58900, 716724, 0, 0, 0
59000, 728852, 0, 0, 0
59100, 700739, 0, 0, 0
59200, 698456, 0, 0, 0
59300, 709873, 0, 0, 0
59400, 705381, 0, 0, 0
59500, 710260, 0, 0, 0
59600, 704582, 0, 0, 0
59700, 709885, 0, 0, 0
59800, 733064, 0, 0, 0
59900, 700871, 0, 0, 0
60000, 695813, 0, 0, 0
60100, 711784, 0, 0, 0
60200, 707094, 0, 0, 0
60300, 693084, 0, 0, 0
60400, 696670, 0, 0, 0
60500, 719473, 0, 0, 0
60600, 698140, 0, 0, 0
60700, 718387, 0, 0, 0
60800, 689283, 0, 0, 0
60900, 699395, 0, 0, 0
61000, 714294, 0, 0, 0
61100, 710683, 0, 0, 0
61201, 698456, 0, 0, 0
61300, 699273, 0, 0, 0
61400, 699987, 0, 0, 0
61500, 705971, 0, 0, 0
61600, 713816, 0, 0, 0
61700, 680672, 0, 0, 0
61800, 698846, 0, 0, 0
61900, 704657, 0, 0, 0
62000, 696756, 0, 0, 0
62100, 701554, 0, 0, 0
62200, 719631, 0, 0, 0
62300, 716210, 0, 0, 0
62400, 706509, 0, 0, 0
62500, 708397, 0, 0, 0
62600, 704468, 0, 0, 0
62700, 711469, 0, 0, 0
62800, 694247, 0, 0, 0
62900, 697114, 0, 0, 0
63000, 721925, 0, 0, 0
63100, 703901, 0, 0, 0
63200, 682881, 0, 0, 0
63300, 724853, 0, 0, 0
63400, 725020, 0, 0, 0
63500, 733104, 0, 0, 0
63600, 711055, 0, 0, 0
63700, 698566, 0, 0, 0
63800, 734070, 0, 0, 0
63900, 741458, 0, 0, 0
64000, 716539, 0, 0, 0
64100, 703491, 0, 0, 0
64200, 676773, 0, 0, 0
64300, 692371, 0, 0, 0
64400, 686949, 0, 0, 0
64500, 742761, 0, 0, 0
64600, 712160, 0, 0, 0
64700, 707219, 0, 0, 0
64800, 725519, 0, 0, 0
64900, 702802, 0, 0, 0
65000, 693038, 0, 0, 0
65100, 692951, 0, 0, 0
65200, 714730, 0, 0, 0
65300, 720144, 0, 0, 0
65400, 696497, 0, 0, 0
65500, 676080, 0, 0, 0
65600, 693955, 0, 0, 0
65700, 701763, 0, 0, 0
65800, 705773, 0, 0, 0
65900, 696690, 0, 0, 0
66000, 689741, 0, 0, 0
66100, 702946, 0, 0, 0
66200, 726267, 0, 0, 0
66300, 699628, 0, 0, 0
66400, 709723, 0, 0, 0
66500, 709790, 0, 0, 0
66600, 716662, 0, 0, 0
66700, 745028, 0, 0, 0
66800, 718608, 0, 0, 0
66900, 737016, 0, 0, 0
67000, 672017, 0, 0, 0
67100, 719977, 0, 0, 0
67200, 717436, 0, 0, 0
67300, 726590, 0, 0, 0
67400, 726845, 0, 0, 0
67500, 714348, 0, 0, 0
67600, 703111, 0, 0, 0
67700, 691671, 0, 0, 0
67800, 676498, 0, 0, 0
67900, 703197, 0, 0, 0
68000, 709303, 0, 0, 0
68100, 714337, 0, 0, 0
68200, 704519, 0, 0, 0
68300, 709549, 0, 0, 0
68400, 726652, 0, 0, 0
68500, 722578, 0, 0, 0
68600, 718875, 0, 0, 0
68700, 693723, 0, 0, 0
68800, 723407, 0, 0, 0
68900, 711390, 0, 0, 0
69000, 713943, 0, 0, 0
69100, 701925, 0, 0, 0
69200, 707030, 0, 0, 0
69300, 698839, 0, 0, 0
69400, 705161, 0, 0, 0
69500, 674182, 0, 0, 0
69600, 673859, 0, 0, 0
69700, 667989, 0, 0, 0
69801, 705121, 0, 0, 0
69900, 704392, 0, 0, 0
70000, 721974, 0, 0, 0
70100, 693585, 0, 0, 0
70200, 703358, 0, 0, 0
70300, 729411, 0, 0, 0
70400, 741880, 0, 0, 0
70500, 710290, 0, 0, 0
70600, 710621, 0, 0, 0
70700, 669942, 0, 0, 0
70800, 681702, 0, 0, 0
70900, 733645, 0, 0, 0
71000, 741984, 0, 0, 0
71100, 726328, 0, 0, 0
71200, 718813, 0, 0, 0
71300, 723840, 0, 0, 0
71400, 722334, 0, 0, 0
71500, 724055, 0, 0, 0
71600, 706558, 0, 0, 0
71700, 719118, 0, 0, 0
71800, 727573, 0, 0, 0
71900, 704178, 0, 0, 0
72000, 699150, 0, 0, 0
72100, 717648, 0, 0, 0
72200, 715382, 0, 0, 0
72300, 692110, 0, 0, 0
72400, 683609, 0, 0, 0
72500, 683866, 0, 0, 0
72600, 727930, 0, 0, 0
72700, 731444, 0, 0, 0
72800, 713844, 0, 0, 0
72901, 730880, 0, 0, 0
73000, 732763, 0, 0, 0
73100, 709529, 0, 0, 0
73200, 708075, 0, 0, 0
73300, 718888, 0, 0, 0
73400, 736367, 0, 0, 0
73500, 698462, 0, 0, 0
73600, 701659, 0, 0, 0
73700, 687092, 0, 0, 0
73800, 689596, 0, 0, 0
73900, 685371, 0, 0, 0
74000, 685628, 0, 0, 0
74100, 695821, 0, 0, 0
74200, 687749, 0, 0, 0
74300, 688631, 0, 0, 0
74400, 696136, 0, 0, 0
74500, 721639, 0, 0, 0
74600, 711555, 0, 0, 0
74700, 708233, 0, 0, 0
74800, 713812, 0, 0, 0
74900, 697169, 0, 0, 0
75000, 698223, 0, 0, 0
75100, 706050, 0, 0, 0
75200, 705036, 0, 0, 0
75300, 716408, 0, 0, 0
75400, 722098, 0, 0, 0
75500, 725147, 0, 0, 0
75600, 719591, 0, 0, 0
75700, 696140, 0, 0, 0
75800, 677882, 0, 0, 0
75900, 715540, 0, 0, 0
76000, 721077, 0, 0, 0
76100, 687287, 0, 0, 0
76200, 700920, 0, 0, 0
76300, 697445, 0, 0, 0
76400, 706313, 0, 0, 0
76500, 698395, 0, 0, 0
76600, 692753, 0, 0, 0
76700, 709466, 0, 0, 0
76800, 691253, 0, 0, 0
76900, 684450, 0, 0, 0
77000, 723781, 0, 0, 0
77100, 735158, 0, 0, 0
77200, 699662, 0, 0, 0
77300, 720219, 0, 0, 0
77400, 698511, 0, 0, 0
77500, 692087, 0, 0, 0
77600, 693555, 0, 0, 0
77700, 699649, 0, 0, 0
77800, 699721, 0, 0, 0
77900, 691394, 0, 0, 0
78000, 688006, 0, 0, 0
78100, 686102, 0, 0, 0
78200, 718041, 0, 0, 0
78300, 725023, 0, 0, 0
78400, 695042, 0, 0, 0
78500, 713585, 0, 0, 0
78600, 692799, 0, 0, 0
78700, 694001, 0, 0, 0
78800, 678814, 0, 0, 0
78900, 709148, 0, 0, 0
79000, 692280, 0, 0, 0
79100, 709516, 0, 0, 0
79200, 664141, 0, 0, 0
79300, 692228, 0, 0, 0
79400, 723009, 0, 0, 0
79500, 700625, 0, 0, 0
79600, 707633, 0, 0, 0
79700, 705272, 0, 0, 0
79800, 700598, 0, 0, 0
79900, 689031, 0, 0, 0
80000, 683434, 0, 0, 0
80100, 722530, 0, 0, 0
80200, 699792, 0, 0, 0
80300, 705072, 0, 0, 0
80400, 716578, 0, 0, 0
80500, 727093, 0, 0, 0
80600, 744943, 0, 0, 0
80700, 740953, 0, 0, 0
80800, 694336, 0, 0, 0
80900, 697700, 0, 0, 0
81000, 720693, 0, 0, 0
81100, 701806, 0, 0, 0
81200, 695264, 0, 0, 0
81300, 705742, 0, 0, 0
81400, 697623, 0, 0, 0
81500, 692355, 0, 0, 0
81600, 697847, 0, 0, 0
81700, 725635, 0, 0, 0
81800, 725206, 0, 0, 0
81900, 732509, 0, 0, 0
82000, 726561, 0, 0, 0
82100, 689892, 0, 0, 0
82200, 707768, 0, 0, 0
82300, 717489, 0, 0, 0
82400, 697391, 0, 0, 0
82500, 715045, 0, 0, 0
82600, 732053, 0, 0, 0
82700, 712498, 0, 0, 0
82800, 710547, 0, 0, 0
82900, 722042, 0, 0, 0
83000, 722325, 0, 0, 0
83100, 689136, 0, 0, 0
83200, 675518, 0, 0, 0
83300, 693907, 0, 0, 0
83400, 716373, 0, 0, 0
83500, 702747, 0, 0, 0
83600, 751056, 0, 0, 0
83700, 703567, 0, 0, 0
83800, 704007, 0, 0, 0
83900, 700908, 0, 0, 0
84000, 694337, 0, 0, 0
84100, 699310, 0, 0, 0
84200, 703117, 0, 0, 0
84300, 701377, 0, 0, 0
84400, 699585, 0, 0, 0
84500, 718897, 0, 0, 0
84600, 735260, 0, 0, 0
84700, 729998, 0, 0, 0
84800, 716166, 0, 0, 0
84900, 693187, 0, 0, 0
85000, 732344, 0, 0, 0
85100, 725001, 0, 0, 0
85200, 692030, 0, 0, 0
85300, 706234, 0, 0, 0
85400, 710661, 0, 0, 0
85500, 697687, 0, 0, 0
85600, 728663, 0, 0, 0
85700, 709134, 0, 0, 0
85800, 715969, 0, 0, 0
85900, 679200, 0, 0, 0
86000, 688288, 0, 0, 0
86100, 702953, 0, 0, 0
86200, 726376, 0, 0, 0
86300, 737523, 0, 0, 0
86400, 695281, 0, 0, 0
86500, 714533, 0, 0, 0
86600, 694736, 0, 0, 0
86700, 711451, 0, 0, 0
86800, 709466, 0, 0, 0
86900, 699211, 0, 0, 0
87000, 729958, 0, 0, 0
87100, 714558, 0, 0, 0
87200, 697166, 0, 0, 0
87300, 727455, 0, 0, 0
87400, 696455, 0, 0, 0
87500, 724792, 0, 0, 0
87600, 699522, 0, 0, 0
87700, 712810, 0, 0, 0
87800, 691664, 0, 0, 0
87900, 692307, 0, 0, 0
88000, 701891, 0, 0, 0
88100, 708237, 0, 0, 0
88200, 700415, 0, 0, 0
88300, 709697, 0, 0, 0
88400, 717626, 0, 0, 0
88500, 724485, 0, 0, 0
88600, 699759, 0, 0, 0
88700, 713927, 0, 0, 0
88800, 711995, 0, 0, 0
88900, 720174, 0, 0, 0
89000, 693201, 0, 0, 0
89100, 716650, 0, 0, 0
89200, 689698, 0, 0, 0
89300, 727505, 0, 0, 0
89400, 721780, 0, 0, 0
89500, 707945, 0, 0, 0
89600, 692499, 0, 0, 0
89700, 700039, 0, 0, 0
89800, 706760, 0, 0, 0
89900, 725812, 0, 0, 0
90000, 726741, 0, 0, 0
