101, 2790, 0, 0, 0
200, 3185, 0, 0, 0
300, 3556, 0, 0, 0
400, 3516, 0, 0, 0
500, 3778, 0, 0, 0
600, 3461, 0, 0, 0
700, 3742, 0, 0, 0
800, 3310, 0, 0, 0
900, 3457, 0, 0, 0
1000, 3590, 0, 0, 0
1100, 3386, 0, 0, 0
1200, 3376, 0, 0, 0
1300, 4802, 0, 0, 0
1400, 4473, 0, 0, 0
1500, 4584, 0, 0, 0
1600, 3419, 0, 0, 0
1700, 3123, 0, 0, 0
1800, 3027, 0, 0, 0
1900, 3536, 0, 0, 0
2000, 3246, 0, 0, 0
2100, 2784, 0, 0, 0
2200, 3036, 0, 0, 0
2300, 3188, 0, 0, 0
2400, 3096, 0, 0, 0
2500, 2996, 0, 0, 0
2600, 2983, 0, 0, 0
2700, 2923, 0, 0, 0
2800, 2976, 0, 0, 0
2900, 2506, 0, 0, 0
3000, 2663, 0, 0, 0
3100, 2825, 0, 0, 0
3200, 3284, 0, 0, 0
3300, 3691, 0, 0, 0
3400, 3117, 0, 0, 0
3500, 3187, 0, 0, 0
3600, 2923, 0, 0, 0
3700, 3168, 0, 0, 0
3800, 3060, 0, 0, 0
3900, 2683, 0, 0, 0
4000, 2979, 0, 0, 0
4100, 2949, 0, 0, 0
4200, 3085, 0, 0, 0
4300, 2574, 0, 0, 0
4400, 2762, 0, 0, 0
4500, 3255, 0, 0, 0
4600, 2983, 0, 0, 0
4700, 2997, 0, 0, 0
4800, 3728, 0, 0, 0
4900, 3304, 0, 0, 0
5000, 3669, 0, 0, 0
5100, 4079, 0, 0, 0
5200, 4155, 0, 0, 0
5300, 4507, 0, 0, 0
5400, 3894, 0, 0, 0
5500, 3129, 0, 0, 0
5600, 2889, 0, 0, 0
5700, 3371, 0, 0, 0
5800, 3353, 0, 0, 0
5900, 2903, 0, 0, 0
6000, 3525, 0, 0, 0
6100, 3713, 0, 0, 0
6200, 3463, 0, 0, 0
6300, 3208, 0, 0, 0
6400, 3873, 0, 0, 0
6500, 4328, 0, 0, 0
6600, 3992, 0, 0, 0
6700, 3457, 0, 0, 0
6800, 3833, 0, 0, 0
6900, 3640, 0, 0, 0
7000, 3827, 0, 0, 0
7100, 4033, 0, 0, 0
7200, 4172, 0, 0, 0
7300, 4150, 0, 0, 0
7400, 3960, 0, 0, 0
7500, 3374, 0, 0, 0
7600, 3323, 0, 0, 0
7700, 3803, 0, 0, 0
7800, 4010, 0, 0, 0
7900, 3601, 0, 0, 0
8000, 3196, 0, 0, 0
8100, 3144, 0, 0, 0
8200, 3120, 0, 0, 0
8300, 3218, 0, 0, 0
8400, 2974, 0, 0, 0
8500, 2879, 0, 0, 0
8600, 3134, 0, 0, 0
8700, 3089, 0, 0, 0
8800, 2841, 0, 0, 0
8900, 3287, 0, 0, 0
9000, 3174, 0, 0, 0
9100, 2895, 0, 0, 0
9200, 2833, 0, 0, 0
9300, 2717, 0, 0, 0
9400, 2901, 0, 0, 0
9500, 2944, 0, 0, 0
9600, 3015, 0, 0, 0
9700, 2939, 0, 0, 0
9800, 2874, 0, 0, 0
9900, 2876, 0, 0, 0
10000, 2737, 0, 0, 0
10100, 3390, 0, 0, 0
10200, 3286, 0, 0, 0
10300, 2884, 0, 0, 0
10400, 2761, 0, 0, 0
10500, 2627, 0, 0, 0
10600, 3565, 0, 0, 0
10700, 3119, 0, 0, 0
10800, 2722, 0, 0, 0
10900, 2784, 0, 0, 0
11000, 2715, 0, 0, 0
11100, 2835, 0, 0, 0
11200, 2934, 0, 0, 0
11300, 2875, 0, 0, 0
11400, 3118, 0, 0, 0
11500, 3023, 0, 0, 0
11600, 2877, 0, 0, 0
11700, 3146, 0, 0, 0
11800, 2968, 0, 0, 0
11900, 3340, 0, 0, 0
12000, 2981, 0, 0, 0
12100, 3331, 0, 0, 0
12200, 2900, 0, 0, 0
12300, 2826, 0, 0, 0
12400, 3025, 0, 0, 0
12500, 3085, 0, 0, 0
12600, 3296, 0, 0, 0
12700, 3261, 0, 0, 0
12800, 3471, 0, 0, 0
12900, 4490, 0, 0, 0
13000, 3213, 0, 0, 0
13100, 3164, 0, 0, 0
13200, 3290, 0, 0, 0
13300, 3345, 0, 0, 0
13400, 4045, 0, 0, 0
13500, 3800, 0, 0, 0
13600, 3448, 0, 0, 0
13700, 3246, 0, 0, 0
13800, 3059, 0, 0, 0
13900, 3540, 0, 0, 0
14000, 2979, 0, 0, 0
14100, 3193, 0, 0, 0
14200, 3561, 0, 0, 0
14300, 3649, 0, 0, 0
14400, 3323, 0, 0, 0
14500, 3501, 0, 0, 0
14600, 3498, 0, 0, 0
14700, 3520, 0, 0, 0
14800, 3288, 0, 0, 0
14900, 3019, 0, 0, 0
15000, 3541, 0, 0, 0
15100, 3525, 0, 0, 0
15200, 3690, 0, 0, 0
15300, 3638, 0, 0, 0
15400, 3727, 0, 0, 0
15500, 3440, 0, 0, 0
15600, 3499, 0, 0, 0
15700, 3806, 0, 0, 0
15800, 3496, 0, 0, 0
15900, 3407, 0, 0, 0
16000, 3415, 0, 0, 0
16100, 3267, 0, 0, 0
16200, 3722, 0, 0, 0
16300, 3756, 0, 0, 0
16400, 3719, 0, 0, 0
16500, 3185, 0, 0, 0
16600, 3211, 0, 0, 0
16700, 3677, 0, 0, 0
16800, 3688, 0, 0, 0
16900, 3449, 0, 0, 0
17000, 3405, 0, 0, 0
17100, 3582, 0, 0, 0
17200, 3576, 0, 0, 0
17300, 3754, 0, 0, 0
17400, 3947, 0, 0, 0
17500, 3417, 0, 0, 0
17600, 3651, 0, 0, 0
17700, 4099, 0, 0, 0
17800, 3240, 0, 0, 0
17900, 3464, 0, 0, 0
18000, 2957, 0, 0, 0
18100, 3604, 0, 0, 0
18200, 3420, 0, 0, 0
18300, 3271, 0, 0, 0
18400, 3549, 0, 0, 0
18500, 3442, 0, 0, 0
18600, 2982, 0, 0, 0
18700, 3541, 0, 0, 0
18800, 3129, 0, 0, 0
18900, 3287, 0, 0, 0
19000, 3688, 0, 0, 0
19100, 3623, 0, 0, 0
19200, 3392, 0, 0, 0
19300, 3390, 0, 0, 0
19400, 3773, 0, 0, 0
19500, 3607, 0, 0, 0
19600, 3740, 0, 0, 0
19700, 3604, 0, 0, 0
19800, 3562, 0, 0, 0
19900, 3501, 0, 0, 0
20000, 3031, 0, 0, 0
20100, 3609, 0, 0, 0
20200, 2756, 0, 0, 0
20300, 3031, 0, 0, 0
20400, 3094, 0, 0, 0
20500, 2604, 0, 0, 0
20600, 3169, 0, 0, 0
20700, 3107, 0, 0, 0
20800, 3275, 0, 0, 0
20900, 2763, 0, 0, 0
21000, 3670, 0, 0, 0
21100, 3551, 0, 0, 0
21200, 3125, 0, 0, 0
21300, 3183, 0, 0, 0
21400, 3331, 0, 0, 0
21500, 2992, 0, 0, 0
21600, 3418, 0, 0, 0
21700, 2959, 0, 0, 0
21800, 3323, 0, 0, 0
21900, 3205, 0, 0, 0
22000, 3042, 0, 0, 0
22100, 3037, 0, 0, 0
22200, 3468, 0, 0, 0
22300, 3367, 0, 0, 0
22400, 3210, 0, 0, 0
22500, 2984, 0, 0, 0
22600, 3291, 0, 0, 0
22700, 3356, 0, 0, 0
22800, 3355, 0, 0, 0
22900, 2768, 0, 0, 0
23000, 3185, 0, 0, 0
23100, 3532, 0, 0, 0
23200, 3408, 0, 0, 0
23300, 3458, 0, 0, 0
23400, 3229, 0, 0, 0
23500, 3067, 0, 0, 0
23600, 3104, 0, 0, 0
23700, 3144, 0, 0, 0
23800, 2841, 0, 0, 0
23900, 2777, 0, 0, 0
24000, 3010, 0, 0, 0
24100, 2902, 0, 0, 0
24200, 3267, 0, 0, 0
24300, 4105, 0, 0, 0
24400, 4063, 0, 0, 0
24500, 4212, 0, 0, 0
24600, 4437, 0, 0, 0
24700, 4649, 0, 0, 0
24800, 4244, 0, 0, 0
24900, 4818, 0, 0, 0
25000, 4300, 0, 0, 0
25100, 3731, 0, 0, 0
25200, 2962, 0, 0, 0
25300, 2778, 0, 0, 0
25400, 3160, 0, 0, 0
25500, 2836, 0, 0, 0
25600, 3225, 0, 0, 0
25700, 3015, 0, 0, 0
25800, 3092, 0, 0, 0
25900, 3010, 0, 0, 0
26000, 3074, 0, 0, 0
26100, 3247, 0, 0, 0
26200, 3013, 0, 0, 0
26301, 2835, 0, 0, 0
26400, 3045, 0, 0, 0
26500, 3022, 0, 0, 0
26600, 2756, 0, 0, 0
26700, 3563, 0, 0, 0
26800, 3014, 0, 0, 0
26900, 3290, 0, 0, 0
27000, 3221, 0, 0, 0
27100, 3416, 0, 0, 0
27200, 3225, 0, 0, 0
27300, 3459, 0, 0, 0
27400, 3772, 0, 0, 0
27500, 3140, 0, 0, 0
27600, 3174, 0, 0, 0
27700, 3679, 0, 0, 0
27800, 3693, 0, 0, 0
27900, 3004, 0, 0, 0
28000, 3454, 0, 0, 0
28100, 3449, 0, 0, 0
28200, 3412, 0, 0, 0
28300, 3510, 0, 0, 0
28400, 3284, 0, 0, 0
28500, 3101, 0, 0, 0
28600, 3487, 0, 0, 0
28700, 3254, 0, 0, 0
28800, 3201, 0, 0, 0
28900, 3463, 0, 0, 0
29000, 3538, 0, 0, 0
29100, 3290, 0, 0, 0
29200, 3466, 0, 0, 0
29300, 3386, 0, 0, 0
29400, 2917, 0, 0, 0
29500, 3371, 0, 0, 0
29600, 3434, 0, 0, 0
29700, 3325, 0, 0, 0
29800, 3272, 0, 0, 0
29900, 2964, 0, 0, 0
30000, 3349, 0, 0, 0
30100, 2912, 0, 0, 0
30200, 3174, 0, 0, 0
30300, 3051, 0, 0, 0
30400, 2994, 0, 0, 0
30500, 2776, 0, 0, 0
30600, 3253, 0, 0, 0
30700, 3628, 0, 0, 0
30800, 3407, 0, 0, 0
30900, 3305, 0, 0, 0
31000, 3013, 0, 0, 0
31100, 3436, 0, 0, 0
31200, 2993, 0, 0, 0
31300, 3017, 0, 0, 0
31400, 2881, 0, 0, 0
31500, 3479, 0, 0, 0
31600, 3720, 0, 0, 0
31700, 4202, 0, 0, 0
31800, 4160, 0, 0, 0
31900, 4295, 0, 0, 0
32000, 3856, 0, 0, 0
32100, 4332, 0, 0, 0
32200, 4154, 0, 0, 0
32300, 4326, 0, 0, 0
32400, 4433, 0, 0, 0
32500, 4117, 0, 0, 0
32600, 3906, 0, 0, 0
32700, 3919, 0, 0, 0
32800, 4220, 0, 0, 0
32900, 4218, 0, 0, 0
33000, 4309, 0, 0, 0
33100, 4482, 0, 0, 0
33200, 4156, 0, 0, 0
33300, 4208, 0, 0, 0
33400, 4310, 0, 0, 0
33500, 4407, 0, 0, 0
33600, 4586, 0, 0, 0
33700, 3174, 0, 0, 0
33800, 3284, 0, 0, 0
33900, 3251, 0, 0, 0
34000, 3357, 0, 0, 0
34100, 3565, 0, 0, 0
34200, 4871, 0, 0, 0
34300, 4442, 0, 0, 0
34400, 4437, 0, 0, 0
34500, 3931, 0, 0, 0
34600, 4197, 0, 0, 0
34700, 3910, 0, 0, 0
34800, 4629, 0, 0, 0
34900, 4221, 0, 0, 0
35000, 4031, 0, 0, 0
35100, 3836, 0, 0, 0
35200, 3208, 0, 0, 0
35300, 2534, 0, 0, 0
35400, 3521, 0, 0, 0
35500, 3249, 0, 0, 0
35600, 3002, 0, 0, 0
35700, 2966, 0, 0, 0
35800, 3162, 0, 0, 0
35900, 3033, 0, 0, 0
36000, 2930, 0, 0, 0
36100, 3785, 0, 0, 0
36200, 3130, 0, 0, 0
36300, 2807, 0, 0, 0
36400, 2991, 0, 0, 0
36500, 2921, 0, 0, 0
36600, 2961, 0, 0, 0
36700, 2860, 0, 0, 0
36800, 2879, 0, 0, 0
36900, 2969, 0, 0, 0
37000, 3434, 0, 0, 0
37100, 3340, 0, 0, 0
37201, 3052, 0, 0, 0
37300, 2846, 0, 0, 0
37400, 2879, 0, 0, 0
37500, 3218, 0, 0, 0
37600, 2635, 0, 0, 0
37700, 2634, 0, 0, 0
37800, 2973, 0, 0, 0
37900, 3098, 0, 0, 0
38000, 3155, 0, 0, 0
38100, 3367, 0, 0, 0
38200, 3566, 0, 0, 0
38300, 3084, 0, 0, 0
38400, 3013, 0, 0, 0
38500, 3150, 0, 0, 0
38600, 3408, 0, 0, 0
38700, 3529, 0, 0, 0
38800, 2999, 0, 0, 0
38900, 3110, 0, 0, 0
39000, 3303, 0, 0, 0
39100, 2900, 0, 0, 0
39200, 4122, 0, 0, 0
39300, 4575, 0, 0, 0
39400, 4714, 0, 0, 0
39500, 4475, 0, 0, 0
39600, 4420, 0, 0, 0
39700, 4336, 0, 0, 0
39800, 4268, 0, 0, 0
39900, 3783, 0, 0, 0
40000, 4231, 0, 0, 0
40100, 4948, 0, 0, 0
40200, 4115, 0, 0, 0
40300, 4109, 0, 0, 0
40400, 4420, 0, 0, 0
40500, 4126, 0, 0, 0
40600, 3414, 0, 0, 0
40700, 3386, 0, 0, 0
40800, 3062, 0, 0, 0
40900, 2587, 0, 0, 0
41000, 2709, 0, 0, 0
41100, 2685, 0, 0, 0
41200, 2649, 0, 0, 0
41301, 2751, 0, 0, 0
41400, 3050, 0, 0, 0
41500, 3125, 0, 0, 0
41600, 2774, 0, 0, 0
41700, 2657, 0, 0, 0
41800, 3150, 0, 0, 0
41900, 2812, 0, 0, 0
42000, 2836, 0, 0, 0
42100, 2589, 0, 0, 0
42201, 2522, 0, 0, 0
42300, 2472, 0, 0, 0
42400, 2417, 0, 0, 0
42500, 2766, 0, 0, 0
42600, 3201, 0, 0, 0
42700, 3919, 0, 0, 0
42800, 4355, 0, 0, 0
42900, 3954, 0, 0, 0
43000, 4195, 0, 0, 0
43100, 4104, 0, 0, 0
43200, 3918, 0, 0, 0
43300, 3034, 0, 0, 0
43400, 3105, 0, 0, 0
43500, 3315, 0, 0, 0
43600, 2664, 0, 0, 0
43700, 2920, 0, 0, 0
43800, 2862, 0, 0, 0
43901, 2824, 0, 0, 0
44000, 3498, 0, 0, 0
44100, 3622, 0, 0, 0
44200, 3530, 0, 0, 0
44300, 3374, 0, 0, 0
44400, 3345, 0, 0, 0
44500, 2988, 0, 0, 0
44600, 2968, 0, 0, 0
44700, 2911, 0, 0, 0
44801, 2825, 0, 0, 0
44900, 3209, 0, 0, 0
45000, 3417, 0, 0, 0
45100, 3773, 0, 0, 0
45200, 4538, 0, 0, 0
45300, 3389, 0, 0, 0
45400, 3113, 0, 0, 0
45500, 3246, 0, 0, 0
45600, 3348, 0, 0, 0
45700, 3611, 0, 0, 0
45800, 3423, 0, 0, 0
45900, 3686, 0, 0, 0
46000, 3334, 0, 0, 0
46100, 2820, 0, 0, 0
46200, 2821, 0, 0, 0
46300, 2753, 0, 0, 0
46400, 3151, 0, 0, 0
46500, 2913, 0, 0, 0
46600, 2385, 0, 0, 0
46700, 3087, 0, 0, 0
46800, 2623, 0, 0, 0
46900, 3100, 0, 0, 0
47000, 3330, 0, 0, 0
47100, 3307, 0, 0, 0
47200, 3239, 0, 0, 0
47300, 3067, 0, 0, 0
47400, 2756, 0, 0, 0
47500, 2999, 0, 0, 0
47600, 2903, 0, 0, 0
47700, 3361, 0, 0, 0
47800, 3342, 0, 0, 0
47900, 3388, 0, 0, 0
48000, 3943, 0, 0, 0
48100, 3581, 0, 0, 0
48200, 3526, 0, 0, 0
48300, 3591, 0, 0, 0
48400, 3310, 0, 0, 0
48500, 3376, 0, 0, 0
48600, 3659, 0, 0, 0
48701, 3854, 0, 0, 0
48800, 4304, 0, 0, 0
48900, 4533, 0, 0, 0
49001, 4678, 0, 0, 0
49101, 4435, 0, 0, 0
49200, 4555, 0, 0, 0
49300, 4703, 0, 0, 0
49400, 4904, 0, 0, 0
49500, 4513, 0, 0, 0
49600, 3824, 0, 0, 0
49700, 3234, 0, 0, 0
49800, 3285, 0, 0, 0
49900, 2980, 0, 0, 0
50000, 3050, 0, 0, 0
50100, 3234, 0, 0, 0
50201, 2991, 0, 0, 0
50300, 3481, 0, 0, 0
50400, 3209, 0, 0, 0
50500, 3785, 0, 0, 0
50600, 3760, 0, 0, 0
50700, 3548, 0, 0, 0
50800, 3345, 0, 0, 0
50900, 3214, 0, 0, 0
51000, 3137, 0, 0, 0
51100, 2877, 0, 0, 0
51200, 3366, 0, 0, 0
51300, 3563, 0, 0, 0
51400, 3683, 0, 0, 0
51500, 3330, 0, 0, 0
51600, 3065, 0, 0, 0
51700, 3197, 0, 0, 0
51800, 3781, 0, 0, 0
51900, 3120, 0, 0, 0
52000, 3030, 0, 0, 0
52100, 3368, 0, 0, 0
52200, 3398, 0, 0, 0
52300, 3452, 0, 0, 0
52400, 3488, 0, 0, 0
52500, 3612, 0, 0, 0
52600, 3771, 0, 0, 0
52700, 4150, 0, 0, 0
52800, 4398, 0, 0, 0
52900, 4792, 0, 0, 0
53000, 4276, 0, 0, 0
53100, 4689, 0, 0, 0
53200, 4236, 0, 0, 0
53300, 4793, 0, 0, 0
53400, 4529, 0, 0, 0
53500, 4279, 0, 0, 0
53600, 4886, 0, 0, 0
53700, 4240, 0, 0, 0
53800, 4410, 0, 0, 0
53900, 4377, 0, 0, 0
54000, 4514, 0, 0, 0
54100, 4576, 0, 0, 0
54200, 4523, 0, 0, 0
54300, 4906, 0, 0, 0
54400, 4203, 0, 0, 0
54500, 4104, 0, 0, 0
54600, 3886, 0, 0, 0
54700, 4551, 0, 0, 0
54800, 2967, 0, 0, 0
54900, 2778, 0, 0, 0
55000, 2746, 0, 0, 0
55100, 3381, 0, 0, 0
55200, 2954, 0, 0, 0
55300, 3034, 0, 0, 0
55400, 3965, 0, 0, 0
55500, 4184, 0, 0, 0
55600, 3959, 0, 0, 0
55700, 3348, 0, 0, 0
55800, 2818, 0, 0, 0
55900, 3044, 0, 0, 0
56000, 3177, 0, 0, 0
56100, 3021, 0, 0, 0
56200, 3122, 0, 0, 0
56300, 3481, 0, 0, 0
56400, 3562, 0, 0, 0
56500, 3213, 0, 0, 0
56600, 3590, 0, 0, 0
56700, 3449, 0, 0, 0
56800, 3647, 0, 0, 0
56900, 3523, 0, 0, 0
57000, 2855, 0, 0, 0
57100, 3640, 0, 0, 0
57200, 3580, 0, 0, 0
57300, 3287, 0, 0, 0
57400, 3549, 0, 0, 0
57500, 3401, 0, 0, 0
57600, 3569, 0, 0, 0
57700, 3250, 0, 0, 0
57800, 3064, 0, 0, 0
57900, 3062, 0, 0, 0
58000, 3276, 0, 0, 0
58101, 3241, 0, 0, 0
58200, 3017, 0, 0, 0
58300, 3316, 0, 0, 0
58400, 3530, 0, 0, 0
58500, 4766, 0, 0, 0
58600, 4073, 0, 0, 0
58700, 3429, 0, 0, 0
58800, 3303, 0, 0, 0
58900, 4136, 0, 0, 0
59000, 3886, 0, 0, 0
59100, 3972, 0, 0, 0
59200, 3314, 0, 0, 0
59300, 3075, 0, 0, 0
59400, 3323, 0, 0, 0
59500, 3519, 0, 0, 0
59600, 2876, 0, 0, 0
59700, 3239, 0, 0, 0
59800, 3254, 0, 0, 0
59900, 3031, 0, 0, 0
60000, 3268, 0, 0, 0
60100, 3344, 0, 0, 0
60200, 2973, 0, 0, 0
60300, 3653, 0, 0, 0
60400, 3797, 0, 0, 0
60500, 4271, 0, 0, 0
60600, 3700, 0, 0, 0
60700, 4034, 0, 0, 0
60800, 4734, 0, 0, 0
60900, 4739, 0, 0, 0
61000, 4715, 0, 0, 0
61100, 5020, 0, 0, 0
61200, 3923, 0, 0, 0
61300, 2433, 0, 0, 0
61400, 2858, 0, 0, 0
61500, 3026, 0, 0, 0
61600, 3276, 0, 0, 0
61700, 3547, 0, 0, 0
61800, 3519, 0, 0, 0
61900, 3564, 0, 0, 0
62000, 3512, 0, 0, 0
62100, 3545, 0, 0, 0
62200, 3332, 0, 0, 0
62300, 3034, 0, 0, 0
62400, 2957, 0, 0, 0
62500, 3051, 0, 0, 0
62600, 3202, 0, 0, 0
62700, 2593, 0, 0, 0
62800, 2909, 0, 0, 0
62900, 3282, 0, 0, 0
63000, 3303, 0, 0, 0
63100, 3187, 0, 0, 0
63200, 3356, 0, 0, 0
63300, 2840, 0, 0, 0
63400, 3026, 0, 0, 0
63500, 2865, 0, 0, 0
63600, 2935, 0, 0, 0
63700, 3116, 0, 0, 0
63800, 3298, 0, 0, 0
63900, 2874, 0, 0, 0
64000, 3090, 0, 0, 0
64100, 2884, 0, 0, 0
64200, 2597, 0, 0, 0
64300, 3167, 0, 0, 0
64400, 3298, 0, 0, 0
64500, 2887, 0, 0, 0
64600, 2753, 0, 0, 0
64700, 2832, 0, 0, 0
64800, 3546, 0, 0, 0
64900, 2854, 0, 0, 0
65000, 3159, 0, 0, 0
65100, 3105, 0, 0, 0
65200, 3448, 0, 0, 0
65300, 3126, 0, 0, 0
65400, 2891, 0, 0, 0
65500, 2775, 0, 0, 0
65600, 2795, 0, 0, 0
65700, 2964, 0, 0, 0
65800, 2757, 0, 0, 0
65900, 2807, 0, 0, 0
66000, 2375, 0, 0, 0
66100, 2431, 0, 0, 0
66200, 2894, 0, 0, 0
66300, 2922, 0, 0, 0
66400, 2933, 0, 0, 0
66500, 2916, 0, 0, 0
66600, 2611, 0, 0, 0
66700, 2579, 0, 0, 0
66800, 2630, 0, 0, 0
66900, 2942, 0, 0, 0
67000, 2792, 0, 0, 0
67100, 2840, 0, 0, 0
67200, 2804, 0, 0, 0
67300, 3066, 0, 0, 0
67400, 2889, 0, 0, 0
67500, 3182, 0, 0, 0
67600, 2858, 0, 0, 0
67700, 2762, 0, 0, 0
67800, 2700, 0, 0, 0
67900, 2852, 0, 0, 0
68000, 2930, 0, 0, 0
68100, 2745, 0, 0, 0
68200, 2861, 0, 0, 0
68300, 2774, 0, 0, 0
68400, 3511, 0, 0, 0
68500, 3859, 0, 0, 0
68600, 4436, 0, 0, 0
68700, 4427, 0, 0, 0
68800, 4887, 0, 0, 0
68900, 3937, 0, 0, 0
69000, 3861, 0, 0, 0
69100, 3599, 0, 0, 0
69200, 4135, 0, 0, 0
69300, 4176, 0, 0, 0
69400, 4724, 0, 0, 0
69500, 4550, 0, 0, 0
69600, 4508, 0, 0, 0
69700, 4600, 0, 0, 0
69800, 4003, 0, 0, 0
69900, 4286, 0, 0, 0
70000, 4154, 0, 0, 0
70100, 3842, 0, 0, 0
70200, 4056, 0, 0, 0
70300, 4429, 0, 0, 0
70400, 3237, 0, 0, 0
70500, 3187, 0, 0, 0
70600, 3534, 0, 0, 0
70700, 2949, 0, 0, 0
70800, 3424, 0, 0, 0
70900, 3538, 0, 0, 0
71000, 3339, 0, 0, 0
71101, 3080, 0, 0, 0
71200, 2945, 0, 0, 0
71300, 3740, 0, 0, 0
71400, 3591, 0, 0, 0
71500, 3428, 0, 0, 0
71600, 3340, 0, 0, 0
71700, 3004, 0, 0, 0
71800, 3328, 0, 0, 0
71900, 3554, 0, 0, 0
72000, 3237, 0, 0, 0
72100, 3007, 0, 0, 0
72200, 3206, 0, 0, 0
72300, 3501, 0, 0, 0
72400, 3962, 0, 0, 0
72500, 3538, 0, 0, 0
72600, 3550, 0, 0, 0
72700, 3489, 0, 0, 0
72800, 3285, 0, 0, 0
72901, 3169, 0, 0, 0
73000, 3610, 0, 0, 0
73100, 3501, 0, 0, 0
73200, 3319, 0, 0, 0
73300, 3311, 0, 0, 0
73400, 3306, 0, 0, 0
73500, 3266, 0, 0, 0
73600, 3265, 0, 0, 0
73700, 3104, 0, 0, 0
73800, 3238, 0, 0, 0
73900, 3495, 0, 0, 0
74000, 3446, 0, 0, 0
74100, 3493, 0, 0, 0
74200, 3124, 0, 0, 0
74300, 3503, 0, 0, 0
74400, 3652, 0, 0, 0
74500, 3414, 0, 0, 0
74601, 3688, 0, 0, 0
74700, 3196, 0, 0, 0
74800, 3127, 0, 0, 0
74900, 3577, 0, 0, 0
75000, 3823, 0, 0, 0
75100, 4112, 0, 0, 0
75200, 3085, 0, 0, 0
75300, 3606, 0, 0, 0
75400, 3869, 0, 0, 0
75500, 3516, 0, 0, 0
75600, 3743, 0, 0, 0
75700, 3721, 0, 0, 0
75800, 3434, 0, 0, 0
75900, 3699, 0, 0, 0
76000, 4193, 0, 0, 0
76100, 4104, 0, 0, 0
76200, 4600, 0, 0, 0
76300, 4124, 0, 0, 0
76400, 4377, 0, 0, 0
76500, 3979, 0, 0, 0
76600, 4727, 0, 0, 0
76700, 4922, 0, 0, 0
76800, 4340, 0, 0, 0
76900, 2978, 0, 0, 0
77000, 2823, 0, 0, 0
77100, 3381, 0, 0, 0
77200, 3229, 0, 0, 0
77300, 3652, 0, 0, 0
77400, 3646, 0, 0, 0
77500, 3292, 0, 0, 0
77600, 3251, 0, 0, 0
77700, 3585, 0, 0, 0
77800, 3292, 0, 0, 0
77900, 3217, 0, 0, 0
78000, 3340, 0, 0, 0
78100, 3747, 0, 0, 0
78200, 3567, 0, 0, 0
78300, 3700, 0, 0, 0
78400, 3318, 0, 0, 0
78500, 2713, 0, 0, 0
78600, 3563, 0, 0, 0
78700, 3485, 0, 0, 0
78800, 3085, 0, 0, 0
78900, 3198, 0, 0, 0
79000, 3228, 0, 0, 0
79100, 3144, 0, 0, 0
79200, 3274, 0, 0, 0
79300, 3176, 0, 0, 0
79400, 3136, 0, 0, 0
79500, 2873, 0, 0, 0
79600, 3168, 0, 0, 0
79700, 2513, 0, 0, 0
79800, 2753, 0, 0, 0
79900, 2906, 0, 0, 0
80000, 2909, 0, 0, 0
80100, 2672, 0, 0, 0
80200, 3394, 0, 0, 0
80300, 2985, 0, 0, 0
80400, 2769, 0, 0, 0
80500, 3676, 0, 0, 0
80600, 3039, 0, 0, 0
80700, 3040, 0, 0, 0
80800, 3261, 0, 0, 0
80900, 3048, 0, 0, 0
81000, 3152, 0, 0, 0
81100, 3086, 0, 0, 0
81200, 3022, 0, 0, 0
81300, 3384, 0, 0, 0
81400, 3421, 0, 0, 0
81500, 3493, 0, 0, 0
81600, 3017, 0, 0, 0
81700, 3347, 0, 0, 0
81800, 3686, 0, 0, 0
81900, 3266, 0, 0, 0
82000, 3104, 0, 0, 0
82100, 4054, 0, 0, 0
82200, 3320, 0, 0, 0
82300, 3310, 0, 0, 0
82400, 4095, 0, 0, 0
82500, 3729, 0, 0, 0
82600, 3789, 0, 0, 0
82700, 3882, 0, 0, 0
82800, 3800, 0, 0, 0
82900, 3447, 0, 0, 0
83000, 3719, 0, 0, 0
83100, 3341, 0, 0, 0
83200, 3553, 0, 0, 0
83300, 3036, 0, 0, 0
83400, 2763, 0, 0, 0
83500, 3155, 0, 0, 0
83600, 3096, 0, 0, 0
83700, 2883, 0, 0, 0
83801, 3326, 0, 0, 0
83900, 3265, 0, 0, 0
84000, 3147, 0, 0, 0
84100, 2923, 0, 0, 0
84200, 3036, 0, 0, 0
84300, 2789, 0, 0, 0
84400, 3101, 0, 0, 0
84500, 3392, 0, 0, 0
84600, 3278, 0, 0, 0
84700, 3351, 0, 0, 0
84800, 3056, 0, 0, 0
84900, 3451, 0, 0, 0
85000, 3564, 0, 0, 0
85100, 3422, 0, 0, 0
85200, 3663, 0, 0, 0
85300, 3604, 0, 0, 0
85400, 3212, 0, 0, 0
85500, 3226, 0, 0, 0
85600, 3644, 0, 0, 0
85700, 3021, 0, 0, 0
85800, 3357, 0, 0, 0
85900, 3496, 0, 0, 0
86000, 3484, 0, 0, 0
86100, 3358, 0, 0, 0
86200, 3792, 0, 0, 0
86300, 3560, 0, 0, 0
86400, 3822, 0, 0, 0
86500, 3877, 0, 0, 0
86600, 3590, 0, 0, 0
86700, 3597, 0, 0, 0
86801, 3818, 0, 0, 0
86900, 3130, 0, 0, 0
87000, 3384, 0, 0, 0
87100, 2983, 0, 0, 0
87200, 3052, 0, 0, 0
87300, 3219, 0, 0, 0
87400, 2941, 0, 0, 0
87500, 3200, 0, 0, 0
87600, 3503, 0, 0, 0
87700, 3185, 0, 0, 0
87800, 3201, 0, 0, 0
87900, 3496, 0, 0, 0
88000, 3891, 0, 0, 0
88100, 3549, 0, 0, 0
88200, 3707, 0, 0, 0
88300, 3223, 0, 0, 0
88400, 3566, 0, 0, 0
88500, 3087, 0, 0, 0
88600, 3314, 0, 0, 0
88700, 3176, 0, 0, 0
88800, 3151, 0, 0, 0
88900, 3241, 0, 0, 0
89000, 3269, 0, 0, 0
89100, 2835, 0, 0, 0
89200, 2973, 0, 0, 0
89300, 3625, 0, 0, 0
89400, 3352, 0, 0, 0
89500, 3352, 0, 0, 0
89600, 3375, 0, 0, 0
89700, 3974, 0, 0, 0
89800, 3594, 0, 0, 0
89900, 3103, 0, 0, 0
90000, 3180, 0, 0, 0
