100, 4559, 0, 0, 0
200, 4114, 0, 0, 0
300, 4195, 0, 0, 0
401, 3945, 0, 0, 0
500, 3378, 0, 0, 0
600, 2513, 0, 0, 0
701, 2594, 0, 0, 0
800, 3537, 0, 0, 0
901, 3636, 0, 0, 0
1001, 3358, 0, 0, 0
1100, 3335, 0, 0, 0
1200, 2880, 0, 0, 0
1300, 2322, 0, 0, 0
1401, 2526, 0, 0, 0
1500, 2291, 0, 0, 0
1600, 2379, 0, 0, 0
1701, 2311, 0, 0, 0
1801, 2263, 0, 0, 0
1900, 2430, 0, 0, 0
2000, 2566, 0, 0, 0
2100, 2448, 0, 0, 0
2200, 2318, 0, 0, 0
2300, 2545, 0, 0, 0
2400, 2323, 0, 0, 0
2501, 2318, 0, 0, 0
2600, 2442, 0, 0, 0
2700, 2468, 0, 0, 0
2800, 2302, 0, 0, 0
2900, 2244, 0, 0, 0
3000, 2460, 0, 0, 0
3100, 2393, 0, 0, 0
3200, 2418, 0, 0, 0
3300, 2370, 0, 0, 0
3400, 2196, 0, 0, 0
3500, 2264, 0, 0, 0
3600, 2444, 0, 0, 0
3700, 2410, 0, 0, 0
3800, 2421, 0, 0, 0
3900, 2312, 0, 0, 0
4001, 2496, 0, 0, 0
4100, 2538, 0, 0, 0
4200, 2373, 0, 0, 0
4300, 2385, 0, 0, 0
4400, 2577, 0, 0, 0
4500, 2412, 0, 0, 0
4600, 2511, 0, 0, 0
4701, 2391, 0, 0, 0
4800, 2497, 0, 0, 0
4900, 2513, 0, 0, 0
5001, 2448, 0, 0, 0
5100, 2592, 0, 0, 0
5200, 2652, 0, 0, 0
5300, 2647, 0, 0, 0
5400, 2692, 0, 0, 0
5500, 2666, 0, 0, 0
5600, 2716, 0, 0, 0
5700, 2654, 0, 0, 0
5800, 2548, 0, 0, 0
5900, 2664, 0, 0, 0
6000, 2613, 0, 0, 0
6100, 2692, 0, 0, 0
6200, 2623, 0, 0, 0
6300, 2554, 0, 0, 0
6400, 2560, 0, 0, 0
6501, 2712, 0, 0, 0
6600, 2372, 0, 0, 0
6701, 2579, 0, 0, 0
6800, 2671, 0, 0, 0
6900, 2558, 0, 0, 0
7000, 2559, 0, 0, 0
7101, 2503, 0, 0, 0
7200, 2584, 0, 0, 0
7300, 2731, 0, 0, 0
7401, 2474, 0, 0, 0
7500, 2499, 0, 0, 0
7600, 2588, 0, 0, 0
7700, 2561, 0, 0, 0
7800, 2510, 0, 0, 0
7901, 2454, 0, 0, 0
8001, 2499, 0, 0, 0
8100, 2511, 0, 0, 0
8200, 2385, 0, 0, 0
8300, 2463, 0, 0, 0
8400, 2687, 0, 0, 0
8500, 2548, 0, 0, 0
8600, 2552, 0, 0, 0
8701, 2511, 0, 0, 0
8800, 2549, 0, 0, 0
8900, 2474, 0, 0, 0
9000, 2469, 0, 0, 0
9101, 2529, 0, 0, 0
9201, 2524, 0, 0, 0
9300, 2429, 0, 0, 0
9400, 2522, 0, 0, 0
9501, 2592, 0, 0, 0
9600, 2486, 0, 0, 0
9700, 2507, 0, 0, 0
9800, 2611, 0, 0, 0
9900, 2468, 0, 0, 0
10000, 2496, 0, 0, 0
10100, 2638, 0, 0, 0
10200, 2534, 0, 0, 0
10300, 2596, 0, 0, 0
10401, 2581, 0, 0, 0
10500, 2492, 0, 0, 0
10600, 2463, 0, 0, 0
10700, 2812, 0, 0, 0
10800, 2407, 0, 0, 0
10900, 2573, 0, 0, 0
11000, 2494, 0, 0, 0
11100, 2447, 0, 0, 0
11200, 2474, 0, 0, 0
11300, 2535, 0, 0, 0
11400, 2445, 0, 0, 0
11500, 2401, 0, 0, 0
11600, 2366, 0, 0, 0
11700, 2558, 0, 0, 0
11800, 2384, 0, 0, 0
11901, 2428, 0, 0, 0
12000, 2899, 0, 0, 0
12100, 2498, 0, 0, 0
12200, 2860, 0, 0, 0
12300, 2763, 0, 0, 0
12400, 2810, 0, 0, 0
12500, 2892, 0, 0, 0
12601, 2675, 0, 0, 0
12700, 2823, 0, 0, 0
12800, 2871, 0, 0, 0
12900, 2830, 0, 0, 0
13000, 2955, 0, 0, 0
13100, 3041, 0, 0, 0
13201, 2845, 0, 0, 0
13300, 2899, 0, 0, 0
13400, 2836, 0, 0, 0
13500, 2845, 0, 0, 0
13601, 2671, 0, 0, 0
13701, 2466, 0, 0, 0
13800, 2654, 0, 0, 0
13901, 2616, 0, 0, 0
14000, 2644, 0, 0, 0
14100, 2848, 0, 0, 0
14200, 2734, 0, 0, 0
14300, 2744, 0, 0, 0
14400, 2752, 0, 0, 0
14501, 2738, 0, 0, 0
14600, 2932, 0, 0, 0
14700, 2675, 0, 0, 0
14801, 2653, 0, 0, 0
14901, 2575, 0, 0, 0
15000, 2645, 0, 0, 0
15100, 2522, 0, 0, 0
15200, 2575, 0, 0, 0
15300, 2627, 0, 0, 0
15400, 2740, 0, 0, 0
15500, 2552, 0, 0, 0
15601, 2547, 0, 0, 0
15700, 2553, 0, 0, 0
15800, 2536, 0, 0, 0
15901, 2698, 0, 0, 0
16000, 2705, 0, 0, 0
16100, 2521, 0, 0, 0
16200, 2615, 0, 0, 0
16300, 2516, 0, 0, 0
16401, 2572, 0, 0, 0
16500, 2590, 0, 0, 0
16600, 2563, 0, 0, 0
16700, 2596, 0, 0, 0
16801, 2519, 0, 0, 0
16900, 2652, 0, 0, 0
17000, 2631, 0, 0, 0
17100, 2532, 0, 0, 0
17200, 2830, 0, 0, 0
17300, 2759, 0, 0, 0
17400, 2856, 0, 0, 0
17500, 2901, 0, 0, 0
17600, 2778, 0, 0, 0
17700, 2899, 0, 0, 0
17800, 2891, 0, 0, 0
17900, 2834, 0, 0, 0
18000, 2852, 0, 0, 0
18100, 2883, 0, 0, 0
18201, 2871, 0, 0, 0
18300, 2798, 0, 0, 0
18400, 2849, 0, 0, 0
18501, 2861, 0, 0, 0
18600, 2885, 0, 0, 0
18700, 2699, 0, 0, 0
18800, 2841, 0, 0, 0
18901, 2798, 0, 0, 0
19000, 2674, 0, 0, 0
19101, 2742, 0, 0, 0
19201, 2535, 0, 0, 0
19301, 2837, 0, 0, 0
19400, 2956, 0, 0, 0
19501, 2958, 0, 0, 0
19600, 2623, 0, 0, 0
19701, 2506, 0, 0, 0
19800, 2637, 0, 0, 0
19901, 2791, 0, 0, 0
20000, 2587, 0, 0, 0
20100, 2764, 0, 0, 0
20200, 2781, 0, 0, 0
20300, 2746, 0, 0, 0
20401, 2538, 0, 0, 0
20500, 2548, 0, 0, 0
20600, 2606, 0, 0, 0
20700, 2595, 0, 0, 0
20800, 2594, 0, 0, 0
20901, 2816, 0, 0, 0
21000, 2637, 0, 0, 0
21100, 2647, 0, 0, 0
21200, 2581, 0, 0, 0
21300, 2461, 0, 0, 0
21400, 2621, 0, 0, 0
21500, 2417, 0, 0, 0
21600, 2570, 0, 0, 0
21701, 2668, 0, 0, 0
21800, 2756, 0, 0, 0
21900, 2521, 0, 0, 0
22001, 2500, 0, 0, 0
22100, 2595, 0, 0, 0
22200, 2657, 0, 0, 0
22300, 2915, 0, 0, 0
22400, 2759, 0, 0, 0
22500, 3411, 0, 0, 0
22600, 3376, 0, 0, 0
22700, 3270, 0, 0, 0
22800, 3360, 0, 0, 0
22900, 3334, 0, 0, 0
23000, 3384, 0, 0, 0
23100, 3400, 0, 0, 0
23200, 3258, 0, 0, 0
23300, 3102, 0, 0, 0
23401, 3260, 0, 0, 0
23500, 4084, 0, 0, 0
23601, 4299, 0, 0, 0
23700, 4097, 0, 0, 0
23800, 3976, 0, 0, 0
23901, 4171, 0, 0, 0
24000, 3458, 0, 0, 0
24100, 2437, 0, 0, 0
24200, 2255, 0, 0, 0
24300, 2408, 0, 0, 0
24400, 3117, 0, 0, 0
24500, 3575, 0, 0, 0
24601, 2964, 0, 0, 0
24700, 2302, 0, 0, 0
24801, 2279, 0, 0, 0
24900, 2971, 0, 0, 0
25000, 3747, 0, 0, 0
25100, 3368, 0, 0, 0
25200, 3098, 0, 0, 0
25300, 3385, 0, 0, 0
25400, 2423, 0, 0, 0
25500, 2347, 0, 0, 0
25600, 2307, 0, 0, 0
25700, 2439, 0, 0, 0
25800, 2324, 0, 0, 0
25900, 2432, 0, 0, 0
26001, 2453, 0, 0, 0
26100, 2398, 0, 0, 0
26200, 2394, 0, 0, 0
26300, 2376, 0, 0, 0
26400, 2420, 0, 0, 0
26500, 2256, 0, 0, 0
26601, 2374, 0, 0, 0
26700, 2482, 0, 0, 0
26801, 2612, 0, 0, 0
26900, 2432, 0, 0, 0
27000, 2496, 0, 0, 0
27100, 2450, 0, 0, 0
27200, 2496, 0, 0, 0
27300, 2386, 0, 0, 0
27401, 2366, 0, 0, 0
27500, 2443, 0, 0, 0
27600, 2371, 0, 0, 0
27701, 2350, 0, 0, 0
27800, 2430, 0, 0, 0
27900, 2328, 0, 0, 0
28000, 2445, 0, 0, 0
28100, 2438, 0, 0, 0
28200, 2459, 0, 0, 0
28301, 2623, 0, 0, 0
28400, 2552, 0, 0, 0
28500, 2634, 0, 0, 0
28600, 2436, 0, 0, 0
28700, 2570, 0, 0, 0
28800, 2566, 0, 0, 0
28900, 2725, 0, 0, 0
29001, 2398, 0, 0, 0
29100, 2526, 0, 0, 0
29200, 2555, 0, 0, 0
29300, 2675, 0, 0, 0
29401, 2520, 0, 0, 0
29501, 2849, 0, 0, 0
29600, 2803, 0, 0, 0
29700, 2842, 0, 0, 0
29800, 2750, 0, 0, 0
29900, 2675, 0, 0, 0
30000, 2513, 0, 0, 0
30100, 2900, 0, 0, 0
30200, 2720, 0, 0, 0
30300, 2547, 0, 0, 0
30400, 2483, 0, 0, 0
30500, 2506, 0, 0, 0
30600, 2532, 0, 0, 0
30700, 2645, 0, 0, 0
30800, 2611, 0, 0, 0
30901, 2428, 0, 0, 0
31000, 2456, 0, 0, 0
31101, 2461, 0, 0, 0
31200, 2317, 0, 0, 0
31300, 2451, 0, 0, 0
31400, 2660, 0, 0, 0
31500, 2459, 0, 0, 0
31600, 2436, 0, 0, 0
31701, 2504, 0, 0, 0
31800, 2453, 0, 0, 0
31900, 2475, 0, 0, 0
32000, 2356, 0, 0, 0
32101, 2588, 0, 0, 0
32200, 2456, 0, 0, 0
32300, 2410, 0, 0, 0
32400, 4675, 0, 0, 0
32500, 4047, 0, 0, 0
32601, 3946, 0, 0, 0
32701, 3961, 0, 0, 0
32800, 4078, 0, 0, 0
32900, 3870, 0, 0, 0
33000, 3967, 0, 0, 0
33101, 3800, 0, 0, 0
33200, 3916, 0, 0, 0
33300, 3997, 0, 0, 0
33400, 4179, 0, 0, 0
33501, 3969, 0, 0, 0
33600, 3254, 0, 0, 0
33700, 2106, 0, 0, 0
33800, 2126, 0, 0, 0
33900, 2222, 0, 0, 0
34000, 2135, 0, 0, 0
34100, 2414, 0, 0, 0
34200, 2654, 0, 0, 0
34300, 2588, 0, 0, 0
34400, 2704, 0, 0, 0
34500, 2768, 0, 0, 0
34600, 2640, 0, 0, 0
34701, 2567, 0, 0, 0
34801, 2297, 0, 0, 0
34901, 2290, 0, 0, 0
35000, 2449, 0, 0, 0
35100, 2354, 0, 0, 0
35200, 2257, 0, 0, 0
35300, 2369, 0, 0, 0
35401, 2300, 0, 0, 0
35500, 2514, 0, 0, 0
35600, 2380, 0, 0, 0
35700, 2384, 0, 0, 0
35800, 2225, 0, 0, 0
35900, 2410, 0, 0, 0
36000, 2736, 0, 0, 0
36100, 2529, 0, 0, 0
36200, 2650, 0, 0, 0
36301, 2631, 0, 0, 0
36401, 2650, 0, 0, 0
36501, 2478, 0, 0, 0
36600, 2575, 0, 0, 0
36700, 2563, 0, 0, 0
36800, 2604, 0, 0, 0
36900, 2636, 0, 0, 0
37001, 2366, 0, 0, 0
37101, 2632, 0, 0, 0
37200, 2619, 0, 0, 0
37300, 2616, 0, 0, 0
37400, 2494, 0, 0, 0
37500, 2340, 0, 0, 0
37600, 2720, 0, 0, 0
37701, 2727, 0, 0, 0
37800, 2634, 0, 0, 0
37900, 2619, 0, 0, 0
38000, 2643, 0, 0, 0
38100, 2430, 0, 0, 0
38200, 2419, 0, 0, 0
38301, 2623, 0, 0, 0
38400, 2441, 0, 0, 0
38500, 2640, 0, 0, 0
38600, 2488, 0, 0, 0
38700, 2328, 0, 0, 0
38800, 2392, 0, 0, 0
38900, 2759, 0, 0, 0
39000, 2783, 0, 0, 0
39100, 2869, 0, 0, 0
39200, 2980, 0, 0, 0
39300, 2773, 0, 0, 0
39401, 2952, 0, 0, 0
39501, 2936, 0, 0, 0
39600, 3021, 0, 0, 0
39701, 3006, 0, 0, 0
39800, 3002, 0, 0, 0
39900, 2940, 0, 0, 0
40001, 3386, 0, 0, 0
40101, 3308, 0, 0, 0
40200, 3035, 0, 0, 0
40300, 2946, 0, 0, 0
40400, 3371, 0, 0, 0
40500, 3551, 0, 0, 0
40600, 2806, 0, 0, 0
40700, 2727, 0, 0, 0
40800, 3011, 0, 0, 0
40900, 2977, 0, 0, 0
41001, 3035, 0, 0, 0
41101, 2814, 0, 0, 0
41200, 2782, 0, 0, 0
41300, 2909, 0, 0, 0
41400, 2692, 0, 0, 0
41500, 2254, 0, 0, 0
41601, 2849, 0, 0, 0
41700, 2624, 0, 0, 0
41800, 2538, 0, 0, 0
41900, 2513, 0, 0, 0
42001, 2939, 0, 0, 0
42100, 2732, 0, 0, 0
42200, 2817, 0, 0, 0
42300, 2928, 0, 0, 0
42400, 2756, 0, 0, 0
42500, 3203, 0, 0, 0
42601, 3222, 0, 0, 0
42701, 3220, 0, 0, 0
42800, 3006, 0, 0, 0
42901, 2980, 0, 0, 0
43001, 3429, 0, 0, 0
43101, 3853, 0, 0, 0
43200, 3326, 0, 0, 0
43300, 3568, 0, 0, 0
43400, 3405, 0, 0, 0
43500, 3538, 0, 0, 0
43600, 3424, 0, 0, 0
43701, 3325, 0, 0, 0
43801, 3253, 0, 0, 0
43900, 3389, 0, 0, 0
44000, 3124, 0, 0, 0
44100, 3298, 0, 0, 0
44201, 2716, 0, 0, 0
44300, 2520, 0, 0, 0
44400, 2598, 0, 0, 0
44500, 2603, 0, 0, 0
44601, 3003, 0, 0, 0
44700, 2659, 0, 0, 0
44801, 3248, 0, 0, 0
44901, 3188, 0, 0, 0
45000, 3519, 0, 0, 0
45100, 3565, 0, 0, 0
45200, 3512, 0, 0, 0
45301, 3307, 0, 0, 0
45400, 3704, 0, 0, 0
45500, 3635, 0, 0, 0
45600, 3666, 0, 0, 0
45700, 3678, 0, 0, 0
45800, 3578, 0, 0, 0
45900, 3646, 0, 0, 0
46000, 3294, 0, 0, 0
46101, 3450, 0, 0, 0
46201, 3656, 0, 0, 0
46300, 3516, 0, 0, 0
46401, 3449, 0, 0, 0
46501, 3498, 0, 0, 0
46600, 3680, 0, 0, 0
46701, 3541, 0, 0, 0
46800, 3406, 0, 0, 0
46900, 3591, 0, 0, 0
47000, 3477, 0, 0, 0
47100, 3391, 0, 0, 0
47200, 3365, 0, 0, 0
47300, 3327, 0, 0, 0
47400, 3586, 0, 0, 0
47501, 3525, 0, 0, 0
47600, 3635, 0, 0, 0
47700, 3714, 0, 0, 0
47801, 3444, 0, 0, 0
47901, 3420, 0, 0, 0
48000, 3450, 0, 0, 0
48100, 3356, 0, 0, 0
48200, 2499, 0, 0, 0
48300, 2404, 0, 0, 0
48401, 2255, 0, 0, 0
48500, 2224, 0, 0, 0
48600, 2361, 0, 0, 0
48700, 2607, 0, 0, 0
48801, 2381, 0, 0, 0
48900, 2451, 0, 0, 0
49001, 2464, 0, 0, 0
49100, 2588, 0, 0, 0
49200, 2366, 0, 0, 0
49300, 2376, 0, 0, 0
49400, 2431, 0, 0, 0
49500, 2488, 0, 0, 0
49601, 2349, 0, 0, 0
49700, 2226, 0, 0, 0
49800, 2222, 0, 0, 0
49900, 2262, 0, 0, 0
50000, 2613, 0, 0, 0
50100, 2287, 0, 0, 0
50200, 2434, 0, 0, 0
50300, 2370, 0, 0, 0
50400, 2258, 0, 0, 0
50500, 2229, 0, 0, 0
50600, 2050, 0, 0, 0
50700, 2100, 0, 0, 0
50800, 2337, 0, 0, 0
50900, 2396, 0, 0, 0
51000, 2477, 0, 0, 0
51100, 2660, 0, 0, 0
51200, 2603, 0, 0, 0
51301, 2656, 0, 0, 0
51401, 2489, 0, 0, 0
51501, 2524, 0, 0, 0
51600, 2579, 0, 0, 0
51700, 2322, 0, 0, 0
51800, 2534, 0, 0, 0
51900, 2428, 0, 0, 0
52000, 2704, 0, 0, 0
52101, 2266, 0, 0, 0
52200, 2206, 0, 0, 0
52301, 2418, 0, 0, 0
52400, 2465, 0, 0, 0
52500, 2558, 0, 0, 0
52600, 2547, 0, 0, 0
52701, 2415, 0, 0, 0
52800, 2379, 0, 0, 0
52900, 2848, 0, 0, 0
53000, 2843, 0, 0, 0
53101, 3432, 0, 0, 0
53200, 3500, 0, 0, 0
53300, 2832, 0, 0, 0
53400, 3551, 0, 0, 0
53500, 3189, 0, 0, 0
53600, 3284, 0, 0, 0
53700, 3232, 0, 0, 0
53801, 3157, 0, 0, 0
53900, 3218, 0, 0, 0
54000, 2948, 0, 0, 0
54100, 3297, 0, 0, 0
54200, 3420, 0, 0, 0
54300, 3335, 0, 0, 0
54400, 3230, 0, 0, 0
54500, 3199, 0, 0, 0
54600, 3183, 0, 0, 0
54700, 3259, 0, 0, 0
54800, 3228, 0, 0, 0
54900, 3194, 0, 0, 0
55000, 3182, 0, 0, 0
55100, 3236, 0, 0, 0
55201, 3348, 0, 0, 0
55300, 3270, 0, 0, 0
55400, 3082, 0, 0, 0
55500, 2140, 0, 0, 0
55600, 2159, 0, 0, 0
55700, 2166, 0, 0, 0
55800, 2193, 0, 0, 0
55900, 2461, 0, 0, 0
56000, 2447, 0, 0, 0
56100, 2648, 0, 0, 0
56200, 2560, 0, 0, 0
56300, 2423, 0, 0, 0
56400, 2175, 0, 0, 0
56500, 2202, 0, 0, 0
56600, 2144, 0, 0, 0
56700, 2162, 0, 0, 0
56801, 2185, 0, 0, 0
56900, 2111, 0, 0, 0
57001, 2115, 0, 0, 0
57100, 2226, 0, 0, 0
57200, 2093, 0, 0, 0
57300, 2228, 0, 0, 0
57400, 2165, 0, 0, 0
57500, 2134, 0, 0, 0
57601, 2204, 0, 0, 0
57701, 2330, 0, 0, 0
57800, 2291, 0, 0, 0
57900, 2276, 0, 0, 0
58001, 2302, 0, 0, 0
58100, 2231, 0, 0, 0
58200, 2149, 0, 0, 0
58300, 2347, 0, 0, 0
58400, 2522, 0, 0, 0
58500, 2226, 0, 0, 0
58600, 2113, 0, 0, 0
58700, 2105, 0, 0, 0
58800, 2338, 0, 0, 0
58900, 2226, 0, 0, 0
59000, 2183, 0, 0, 0
59100, 2127, 0, 0, 0
59200, 2217, 0, 0, 0
59301, 2126, 0, 0, 0
59400, 2226, 0, 0, 0
59500, 2179, 0, 0, 0
59601, 2227, 0, 0, 0
59701, 2361, 0, 0, 0
59800, 2182, 0, 0, 0
59900, 2136, 0, 0, 0
60000, 2210, 0, 0, 0
60101, 2149, 0, 0, 0
60200, 2269, 0, 0, 0
60300, 2285, 0, 0, 0
60400, 2063, 0, 0, 0
60500, 2182, 0, 0, 0
60601, 2107, 0, 0, 0
60700, 2180, 0, 0, 0
60800, 2314, 0, 0, 0
60900, 2141, 0, 0, 0
61000, 2182, 0, 0, 0
61100, 2174, 0, 0, 0
61201, 2204, 0, 0, 0
61300, 2357, 0, 0, 0
61401, 2280, 0, 0, 0
61501, 2423, 0, 0, 0
61600, 2109, 0, 0, 0
61701, 2114, 0, 0, 0
61800, 2052, 0, 0, 0
61900, 2108, 0, 0, 0
62000, 2123, 0, 0, 0
62100, 2402, 0, 0, 0
62201, 2191, 0, 0, 0
62300, 2218, 0, 0, 0
62401, 2119, 0, 0, 0
62500, 2312, 0, 0, 0
62600, 2472, 0, 0, 0
62700, 2404, 0, 0, 0
62801, 2212, 0, 0, 0
62901, 2224, 0, 0, 0
63000, 2172, 0, 0, 0
63101, 2198, 0, 0, 0
63200, 2188, 0, 0, 0
63300, 2123, 0, 0, 0
63400, 2233, 0, 0, 0
63500, 2310, 0, 0, 0
63600, 2169, 0, 0, 0
63701, 2174, 0, 0, 0
63800, 2159, 0, 0, 0
63900, 2171, 0, 0, 0
64000, 2125, 0, 0, 0
64100, 2496, 0, 0, 0
64200, 3012, 0, 0, 0
64300, 2950, 0, 0, 0
64400, 2916, 0, 0, 0
64501, 2976, 0, 0, 0
64600, 2979, 0, 0, 0
64700, 3100, 0, 0, 0
64800, 3854, 0, 0, 0
64900, 3727, 0, 0, 0
65001, 3755, 0, 0, 0
65100, 4031, 0, 0, 0
65200, 3801, 0, 0, 0
65301, 3823, 0, 0, 0
65401, 3828, 0, 0, 0
65500, 3844, 0, 0, 0
65601, 3837, 0, 0, 0
65700, 3872, 0, 0, 0
65801, 3754, 0, 0, 0
65900, 3768, 0, 0, 0
66001, 3737, 0, 0, 0
66101, 3952, 0, 0, 0
66200, 3960, 0, 0, 0
66300, 3882, 0, 0, 0
66400, 4002, 0, 0, 0
66500, 4040, 0, 0, 0
66600, 3842, 0, 0, 0
66700, 4053, 0, 0, 0
66800, 4051, 0, 0, 0
66900, 3956, 0, 0, 0
67000, 3920, 0, 0, 0
67100, 4162, 0, 0, 0
67200, 4087, 0, 0, 0
67301, 4124, 0, 0, 0
67401, 3991, 0, 0, 0
67500, 4003, 0, 0, 0
67600, 3992, 0, 0, 0
67700, 3982, 0, 0, 0
67800, 3996, 0, 0, 0
67900, 4182, 0, 0, 0
68000, 4034, 0, 0, 0
68101, 4005, 0, 0, 0
68200, 3946, 0, 0, 0
68301, 4105, 0, 0, 0
68400, 2251, 0, 0, 0
68501, 2375, 0, 0, 0
68600, 2142, 0, 0, 0
68701, 2489, 0, 0, 0
68800, 2555, 0, 0, 0
68901, 2412, 0, 0, 0
69001, 2520, 0, 0, 0
69100, 2448, 0, 0, 0
69200, 2454, 0, 0, 0
69300, 2478, 0, 0, 0
69400, 2505, 0, 0, 0
69500, 2500, 0, 0, 0
69600, 2460, 0, 0, 0
69700, 2468, 0, 0, 0
69801, 2446, 0, 0, 0
69901, 2437, 0, 0, 0
70000, 2403, 0, 0, 0
70100, 2545, 0, 0, 0
70200, 2479, 0, 0, 0
70300, 2595, 0, 0, 0
70400, 3889, 0, 0, 0
70500, 3716, 0, 0, 0
70600, 3363, 0, 0, 0
70700, 3791, 0, 0, 0
70800, 3880, 0, 0, 0
70900, 3890, 0, 0, 0
71000, 4077, 0, 0, 0
71100, 3871, 0, 0, 0
71201, 4248, 0, 0, 0
71300, 3958, 0, 0, 0
71400, 3891, 0, 0, 0
71501, 4006, 0, 0, 0
71600, 4016, 0, 0, 0
71700, 4014, 0, 0, 0
71801, 4638, 0, 0, 0
71900, 4042, 0, 0, 0
72000, 4165, 0, 0, 0
72100, 3820, 0, 0, 0
72200, 3169, 0, 0, 0
72300, 3515, 0, 0, 0
72401, 3305, 0, 0, 0
72500, 3418, 0, 0, 0
72600, 3288, 0, 0, 0
72701, 3358, 0, 0, 0
72800, 3408, 0, 0, 0
72900, 2939, 0, 0, 0
73000, 3034, 0, 0, 0
73100, 3420, 0, 0, 0
73200, 2992, 0, 0, 0
73300, 3132, 0, 0, 0
73400, 3317, 0, 0, 0
73500, 3224, 0, 0, 0
73601, 2063, 0, 0, 0
73701, 2205, 0, 0, 0
73800, 2361, 0, 0, 0
73900, 2352, 0, 0, 0
74000, 2336, 0, 0, 0
74100, 2235, 0, 0, 0
74200, 2256, 0, 0, 0
74301, 2367, 0, 0, 0
74400, 2418, 0, 0, 0
74501, 3368, 0, 0, 0
74600, 3400, 0, 0, 0
74700, 3482, 0, 0, 0
74800, 3101, 0, 0, 0
74900, 3335, 0, 0, 0
75000, 3334, 0, 0, 0
75101, 3176, 0, 0, 0
75201, 3436, 0, 0, 0
75300, 3404, 0, 0, 0
75400, 3289, 0, 0, 0
75501, 3185, 0, 0, 0
75600, 2860, 0, 0, 0
75700, 2467, 0, 0, 0
75800, 3209, 0, 0, 0
75901, 3322, 0, 0, 0
76001, 3375, 0, 0, 0
76100, 3572, 0, 0, 0
76201, 4079, 0, 0, 0
76300, 3394, 0, 0, 0
76400, 3581, 0, 0, 0
76501, 3316, 0, 0, 0
76600, 3376, 0, 0, 0
76700, 3656, 0, 0, 0
76800, 3908, 0, 0, 0
76901, 4135, 0, 0, 0
77001, 4316, 0, 0, 0
77100, 4036, 0, 0, 0
77200, 4117, 0, 0, 0
77301, 4016, 0, 0, 0
77401, 4158, 0, 0, 0
77500, 4188, 0, 0, 0
77601, 4152, 0, 0, 0
77700, 4212, 0, 0, 0
77800, 4376, 0, 0, 0
77900, 3885, 0, 0, 0
78000, 3518, 0, 0, 0
78101, 3582, 0, 0, 0
78200, 2702, 0, 0, 0
78301, 2655, 0, 0, 0
78400, 3025, 0, 0, 0
78500, 2850, 0, 0, 0
78601, 2999, 0, 0, 0
78700, 2802, 0, 0, 0
78800, 2491, 0, 0, 0
78900, 2926, 0, 0, 0
79000, 3049, 0, 0, 0
79100, 2850, 0, 0, 0
79200, 2807, 0, 0, 0
79301, 2715, 0, 0, 0
79400, 2693, 0, 0, 0
79501, 3393, 0, 0, 0
79600, 3411, 0, 0, 0
79700, 3284, 0, 0, 0
79800, 3285, 0, 0, 0
79901, 2579, 0, 0, 0
80000, 2673, 0, 0, 0
80100, 2492, 0, 0, 0
80200, 2657, 0, 0, 0
80301, 2812, 0, 0, 0
80401, 2748, 0, 0, 0
80500, 2660, 0, 0, 0
80601, 2845, 0, 0, 0
80700, 2956, 0, 0, 0
80801, 2966, 0, 0, 0
80900, 3473, 0, 0, 0
81000, 3357, 0, 0, 0
81100, 3155, 0, 0, 0
81200, 2577, 0, 0, 0
81300, 2774, 0, 0, 0
81400, 3380, 0, 0, 0
81501, 2971, 0, 0, 0
81600, 3051, 0, 0, 0
81700, 3206, 0, 0, 0
81801, 3804, 0, 0, 0
81900, 3882, 0, 0, 0
82001, 4155, 0, 0, 0
82100, 3470, 0, 0, 0
82200, 3398, 0, 0, 0
82300, 3476, 0, 0, 0
82401, 3586, 0, 0, 0
82501, 2658, 0, 0, 0
82601, 2388, 0, 0, 0
82700, 2476, 0, 0, 0
82800, 2521, 0, 0, 0
82901, 2474, 0, 0, 0
83000, 2346, 0, 0, 0
83100, 2394, 0, 0, 0
83200, 2432, 0, 0, 0
83300, 2333, 0, 0, 0
83400, 2420, 0, 0, 0
83501, 2431, 0, 0, 0
83600, 2424, 0, 0, 0
83700, 2495, 0, 0, 0
83800, 2365, 0, 0, 0
83900, 2690, 0, 0, 0
84000, 2520, 0, 0, 0
84101, 2721, 0, 0, 0
84201, 2531, 0, 0, 0
84300, 2386, 0, 0, 0
84400, 2471, 0, 0, 0
84500, 2252, 0, 0, 0
84601, 2335, 0, 0, 0
84700, 2347, 0, 0, 0
84800, 2508, 0, 0, 0
84900, 2218, 0, 0, 0
85000, 2523, 0, 0, 0
85101, 2418, 0, 0, 0
85200, 2410, 0, 0, 0
85300, 2248, 0, 0, 0
85400, 2333, 0, 0, 0
85500, 2248, 0, 0, 0
85600, 2269, 0, 0, 0
85700, 2299, 0, 0, 0
85800, 2268, 0, 0, 0
85900, 2259, 0, 0, 0
86001, 2189, 0, 0, 0
86100, 2169, 0, 0, 0
86200, 2192, 0, 0, 0
86300, 2341, 0, 0, 0
86400, 2312, 0, 0, 0
86500, 2295, 0, 0, 0
86600, 2363, 0, 0, 0
86700, 2189, 0, 0, 0
86801, 2279, 0, 0, 0
86901, 2467, 0, 0, 0
87000, 2363, 0, 0, 0
87100, 2664, 0, 0, 0
87200, 2374, 0, 0, 0
87301, 2287, 0, 0, 0
87400, 2292, 0, 0, 0
87501, 2410, 0, 0, 0
87600, 2429, 0, 0, 0
87700, 2440, 0, 0, 0
87800, 2391, 0, 0, 0
87900, 2458, 0, 0, 0
88000, 2441, 0, 0, 0
88100, 2447, 0, 0, 0
88200, 2476, 0, 0, 0
88300, 2213, 0, 0, 0
88400, 2230, 0, 0, 0
88500, 2538, 0, 0, 0
88600, 2351, 0, 0, 0
88700, 2292, 0, 0, 0
88801, 2363, 0, 0, 0
88900, 2330, 0, 0, 0
89000, 2387, 0, 0, 0
89100, 2304, 0, 0, 0
89201, 2407, 0, 0, 0
89300, 2274, 0, 0, 0
89401, 2251, 0, 0, 0
89500, 2514, 0, 0, 0
89601, 2430, 0, 0, 0
89700, 2427, 0, 0, 0
89800, 2515, 0, 0, 0
89901, 2404, 0, 0, 0
90001, 2350, 0, 0, 0
