101, 3621927, 0, 0, 0
201, 3818953, 0, 0, 0
302, 3743913, 0, 0, 0
400, 3520189, 0, 0, 0
504, 3681526, 0, 0, 0
604, 3840922, 0, 0, 0
701, 3761363, 0, 0, 0
803, 3746021, 0, 0, 0
900, 3595633, 0, 0, 0
1001, 3750618, 0, 0, 0
1101, 3585389, 0, 0, 0
1203, 4075551, 0, 0, 0
1302, 3800430, 0, 0, 0
1402, 3828119, 0, 0, 0
1503, 3751307, 0, 0, 0
1602, 3805060, 0, 0, 0
1702, 3690029, 0, 0, 0
1802, 3588776, 0, 0, 0
1902, 3695621, 0, 0, 0
2000, 3619457, 0, 0, 0
2101, 3609879, 0, 0, 0
2202, 3487470, 0, 0, 0
2301, 3781542, 0, 0, 0
2403, 3916211, 0, 0, 0
2500, 3903537, 0, 0, 0
2601, 3857449, 0, 0, 0
2703, 3794077, 0, 0, 0
2800, 3721261, 0, 0, 0
2901, 3878196, 0, 0, 0
3000, 3670292, 0, 0, 0
3102, 3925086, 0, 0, 0
3201, 4124650, 0, 0, 0
3301, 3702453, 0, 0, 0
3400, 3924766, 0, 0, 0
3503, 3953434, 0, 0, 0
3603, 3844591, 0, 0, 0
3700, 3888711, 0, 0, 0
3802, 3632005, 0, 0, 0
3902, 3840710, 0, 0, 0
4000, 4089211, 0, 0, 0
4101, 3876349, 0, 0, 0
4201, 3710794, 0, 0, 0
4301, 3699532, 0, 0, 0
4403, 3911634, 0, 0, 0
4500, 4043719, 0, 0, 0
4602, 3941444, 0, 0, 0
4702, 3971846, 0, 0, 0
4802, 3844941, 0, 0, 0
4900, 3779097, 0, 0, 0
5002, 3911761, 0, 0, 0
5102, 3844097, 0, 0, 0
5202, 3843720, 0, 0, 0
5303, 3599731, 0, 0, 0
5403, 3600271, 0, 0, 0
5502, 3922111, 0, 0, 0
5601, 3821342, 0, 0, 0
5700, 3680635, 0, 0, 0
5802, 3904795, 0, 0, 0
5901, 3517700, 0, 0, 0
6001, 3862496, 0, 0, 0
6102, 3743350, 0, 0, 0
6201, 3785920, 0, 0, 0
6300, 4138595, 0, 0, 0
6402, 3912519, 0, 0, 0
6503, 3755301, 0, 0, 0
6602, 3771598, 0, 0, 0
6703, 3737094, 0, 0, 0
6801, 3925461, 0, 0, 0
6903, 3777629, 0, 0, 0
7000, 4031741, 0, 0, 0
7102, 4105217, 0, 0, 0
7203, 3724142, 0, 0, 0
7301, 3764397, 0, 0, 0
7401, 3585763, 0, 0, 0
7500, 3642048, 0, 0, 0
7602, 3791244, 0, 0, 0
7703, 3874584, 0, 0, 0
7800, 4024025, 0, 0, 0
7900, 3876201, 0, 0, 0
8000, 3685261, 0, 0, 0
8100, 3846978, 0, 0, 0
8202, 3642824, 0, 0, 0
8303, 3869113, 0, 0, 0
8401, 3912430, 0, 0, 0
8502, 3903559, 0, 0, 0
8602, 3816593, 0, 0, 0
8700, 3643495, 0, 0, 0
8801, 3869218, 0, 0, 0
8900, 3685919, 0, 0, 0
9000, 3966342, 0, 0, 0
9102, 3794493, 0, 0, 0
9202, 4139934, 0, 0, 0
9300, 3781479, 0, 0, 0
9400, 3832931, 0, 0, 0
9501, 3884619, 0, 0, 0
9602, 4026792, 0, 0, 0
9702, 4180472, 0, 0, 0
9800, 3903159, 0, 0, 0
9900, 3708821, 0, 0, 0
10000, 3829382, 0, 0, 0
10103, 3816753, 0, 0, 0
10202, 3826530, 0, 0, 0
10301, 3933351, 0, 0, 0
10401, 3873537, 0, 0, 0
10502, 4033798, 0, 0, 0
10603, 3854029, 0, 0, 0
10701, 3626028, 0, 0, 0
10802, 3745198, 0, 0, 0
10900, 3639376, 0, 0, 0
11000, 3833167, 0, 0, 0
11103, 3806751, 0, 0, 0
11201, 3913821, 0, 0, 0
11302, 3758106, 0, 0, 0
11400, 3898753, 0, 0, 0
11502, 3646003, 0, 0, 0
11603, 3868926, 0, 0, 0
11703, 3584550, 0, 0, 0
11800, 3703104, 0, 0, 0
11901, 3764161, 0, 0, 0
12000, 3656508, 0, 0, 0
12103, 3817046, 0, 0, 0
12201, 3762808, 0, 0, 0
12300, 3642758, 0, 0, 0
12403, 3680020, 0, 0, 0
12500, 3888986, 0, 0, 0
12602, 4251390, 0, 0, 0
12702, 4003246, 0, 0, 0
12800, 3918474, 0, 0, 0
12902, 3924690, 0, 0, 0
13002, 3811684, 0, 0, 0
13101, 3822098, 0, 0, 0
13202, 3880714, 0, 0, 0
13300, 3630142, 0, 0, 0
13402, 3760637, 0, 0, 0
13503, 3488028, 0, 0, 0
13602, 3793212, 0, 0, 0
13701, 3663415, 0, 0, 0
13800, 3555752, 0, 0, 0
13901, 3590890, 0, 0, 0
14001, 3443353, 0, 0, 0
14100, 3686043, 0, 0, 0
14200, 3442505, 0, 0, 0
14303, 3521822, 0, 0, 0
14402, 3531160, 0, 0, 0
14500, 3398312, 0, 0, 0
14601, 3748271, 0, 0, 0
14702, 3452144, 0, 0, 0
14801, 3307674, 0, 0, 0
14902, 3496764, 0, 0, 0
15002, 3426209, 0, 0, 0
15103, 3605907, 0, 0, 0
15204, 3594736, 0, 0, 0
15303, 3971299, 0, 0, 0
15402, 3536854, 0, 0, 0
15500, 3385629, 0, 0, 0
15601, 3483007, 0, 0, 0
15700, 3382145, 0, 0, 0
15802, 3534518, 0, 0, 0
15902, 3558589, 0, 0, 0
16003, 3609074, 0, 0, 0
16105, 3623903, 0, 0, 0
16201, 3702518, 0, 0, 0
16302, 3621340, 0, 0, 0
16402, 3438423, 0, 0, 0
16500, 3258048, 0, 0, 0
16603, 3421611, 0, 0, 0
16702, 3543686, 0, 0, 0
16800, 3491984, 0, 0, 0
16901, 3480913, 0, 0, 0
17002, 3493388, 0, 0, 0
17100, 3481872, 0, 0, 0
17200, 3708552, 0, 0, 0
17300, 3549325, 0, 0, 0
17400, 3598641, 0, 0, 0
17503, 3660749, 0, 0, 0
17603, 3705816, 0, 0, 0
17702, 3537787, 0, 0, 0
17800, 3623422, 0, 0, 0
17900, 3712588, 0, 0, 0
18002, 3745674, 0, 0, 0
18102, 3467308, 0, 0, 0
18201, 3524591, 0, 0, 0
18300, 3305202, 0, 0, 0
18401, 3718788, 0, 0, 0
18502, 3362735, 0, 0, 0
18601, 3415510, 0, 0, 0
18702, 3610587, 0, 0, 0
18803, 3480697, 0, 0, 0
18900, 3469080, 0, 0, 0
19001, 3345298, 0, 0, 0
19103, 3669373, 0, 0, 0
19203, 3435873, 0, 0, 0
19303, 3550483, 0, 0, 0
19401, 3498784, 0, 0, 0
19502, 3630630, 0, 0, 0
19604, 3485365, 0, 0, 0
19700, 3450721, 0, 0, 0
19802, 3516165, 0, 0, 0
19903, 3591902, 0, 0, 0
20002, 3419520, 0, 0, 0
20103, 3717424, 0, 0, 0
20202, 3665540, 0, 0, 0
20302, 3714715, 0, 0, 0
20401, 3526655, 0, 0, 0
20501, 3332767, 0, 0, 0
20602, 3591306, 0, 0, 0
20700, 3655347, 0, 0, 0
20801, 3351390, 0, 0, 0
20902, 3378879, 0, 0, 0
21001, 3528527, 0, 0, 0
21100, 3282044, 0, 0, 0
21203, 3333767, 0, 0, 0
21300, 3439706, 0, 0, 0
21402, 3526095, 0, 0, 0
21501, 3293285, 0, 0, 0
21603, 3506339, 0, 0, 0
21700, 3757449, 0, 0, 0
21800, 3222915, 0, 0, 0
21900, 3443108, 0, 0, 0
22000, 3679535, 0, 0, 0
22102, 3635597, 0, 0, 0
22201, 3297700, 0, 0, 0
22302, 3475872, 0, 0, 0
22402, 3450865, 0, 0, 0
22500, 3497997, 0, 0, 0
22601, 3765619, 0, 0, 0
22700, 3523940, 0, 0, 0
22801, 3471796, 0, 0, 0
22901, 3559046, 0, 0, 0
23001, 3598511, 0, 0, 0
23102, 3337007, 0, 0, 0
23203, 3745609, 0, 0, 0
23301, 3513283, 0, 0, 0
23400, 3525702, 0, 0, 0
23501, 3475513, 0, 0, 0
23601, 3590186, 0, 0, 0
23701, 3435386, 0, 0, 0
23801, 3695137, 0, 0, 0
23902, 3469658, 0, 0, 0
24001, 3669023, 0, 0, 0
24100, 3434262, 0, 0, 0
24200, 3414688, 0, 0, 0
24301, 3633504, 0, 0, 0
24401, 3423988, 0, 0, 0
24504, 3555653, 0, 0, 0
24601, 3738082, 0, 0, 0
24701, 3453624, 0, 0, 0
24800, 3661342, 0, 0, 0
24901, 3604876, 0, 0, 0
25001, 3557517, 0, 0, 0
25101, 3553504, 0, 0, 0
25201, 3461177, 0, 0, 0
25302, 3599989, 0, 0, 0
25402, 3341238, 0, 0, 0
25502, 3690555, 0, 0, 0
25601, 3651701, 0, 0, 0
25700, 3442718, 0, 0, 0
25802, 3502850, 0, 0, 0
25900, 3622433, 0, 0, 0
26001, 3599434, 0, 0, 0
26101, 3574242, 0, 0, 0
26202, 3737166, 0, 0, 0
26300, 3622002, 0, 0, 0
26401, 3618186, 0, 0, 0
26500, 3532112, 0, 0, 0
26602, 3504981, 0, 0, 0
26702, 3703041, 0, 0, 0
26803, 3595104, 0, 0, 0
26901, 3639823, 0, 0, 0
27002, 3615470, 0, 0, 0
27100, 3373913, 0, 0, 0
27200, 3677777, 0, 0, 0
27301, 3611071, 0, 0, 0
27400, 3668021, 0, 0, 0
27500, 3339635, 0, 0, 0
27600, 3693010, 0, 0, 0
27701, 3590860, 0, 0, 0
27803, 3408925, 0, 0, 0
27901, 3511000, 0, 0, 0
28001, 3697811, 0, 0, 0
28101, 3559433, 0, 0, 0
28201, 3339132, 0, 0, 0
28300, 3415716, 0, 0, 0
28401, 3466045, 0, 0, 0
28501, 3428908, 0, 0, 0
28600, 3667104, 0, 0, 0
28701, 3766079, 0, 0, 0
28804, 3518528, 0, 0, 0
28901, 3611447, 0, 0, 0
29001, 3453087, 0, 0, 0
29101, 3549915, 0, 0, 0
29203, 3630939, 0, 0, 0
29301, 3502085, 0, 0, 0
29402, 3617405, 0, 0, 0
29501, 3667209, 0, 0, 0
29602, 3594405, 0, 0, 0
29701, 3399012, 0, 0, 0
29800, 3547574, 0, 0, 0
29901, 3499442, 0, 0, 0
30001, 3330956, 0, 0, 0
30101, 3546898, 0, 0, 0
30202, 3362723, 0, 0, 0
30303, 3612487, 0, 0, 0
30404, 3717815, 0, 0, 0
30501, 3339926, 0, 0, 0
30601, 3475663, 0, 0, 0
30701, 3546497, 0, 0, 0
30804, 3325780, 0, 0, 0
30902, 3930287, 0, 0, 0
31001, 3528345, 0, 0, 0
31101, 3689005, 0, 0, 0
31202, 3491804, 0, 0, 0
31302, 3571998, 0, 0, 0
31401, 3407122, 0, 0, 0
31503, 3511408, 0, 0, 0
31601, 3506827, 0, 0, 0
31700, 3795728, 0, 0, 0
31803, 3425053, 0, 0, 0
31903, 3713425, 0, 0, 0
32000, 3460441, 0, 0, 0
32106, 3632420, 0, 0, 0
32203, 3759101, 0, 0, 0
32303, 3427867, 0, 0, 0
32400, 3579479, 0, 0, 0
32500, 3588949, 0, 0, 0
32602, 3653280, 0, 0, 0
32701, 3525516, 0, 0, 0
32800, 3512348, 0, 0, 0
32901, 3879806, 0, 0, 0
33001, 3454747, 0, 0, 0
33102, 3493110, 0, 0, 0
33201, 3395251, 0, 0, 0
33301, 3588526, 0, 0, 0
33403, 3494675, 0, 0, 0
33500, 3598714, 0, 0, 0
33601, 3603056, 0, 0, 0
33704, 3543919, 0, 0, 0
33801, 3343948, 0, 0, 0
33901, 3556775, 0, 0, 0
34003, 3401227, 0, 0, 0
34102, 3659286, 0, 0, 0
34201, 3685015, 0, 0, 0
34303, 3520127, 0, 0, 0
34400, 3444337, 0, 0, 0
34504, 3455447, 0, 0, 0
34601, 3467444, 0, 0, 0
34700, 3666722, 0, 0, 0
34800, 3566661, 0, 0, 0
34900, 3570462, 0, 0, 0
35003, 3426162, 0, 0, 0
35101, 3275074, 0, 0, 0
35200, 3529368, 0, 0, 0
35300, 3721327, 0, 0, 0
35400, 3695207, 0, 0, 0
35500, 3696566, 0, 0, 0
35602, 3635708, 0, 0, 0
35702, 3574126, 0, 0, 0
35801, 3664978, 0, 0, 0
35902, 3603748, 0, 0, 0
36002, 3453970, 0, 0, 0
36103, 3336848, 0, 0, 0
36201, 3520403, 0, 0, 0
36301, 3443719, 0, 0, 0
36403, 3760126, 0, 0, 0
36503, 3560808, 0, 0, 0
36602, 3439606, 0, 0, 0
36701, 3639306, 0, 0, 0
36800, 3553196, 0, 0, 0
36903, 3670507, 0, 0, 0
37002, 3536787, 0, 0, 0
37102, 3432361, 0, 0, 0
37202, 3589714, 0, 0, 0
37302, 3539945, 0, 0, 0
37400, 3529618, 0, 0, 0
37500, 3674539, 0, 0, 0
37600, 3574043, 0, 0, 0
37701, 3623166, 0, 0, 0
37801, 3536929, 0, 0, 0
37901, 3702737, 0, 0, 0
38004, 3433660, 0, 0, 0
38101, 3484290, 0, 0, 0
38200, 3664910, 0, 0, 0
38300, 3561340, 0, 0, 0
38402, 3644038, 0, 0, 0
38500, 3494173, 0, 0, 0
38600, 3565462, 0, 0, 0
38700, 3577889, 0, 0, 0
38800, 3825198, 0, 0, 0
38901, 3473940, 0, 0, 0
39001, 3588340, 0, 0, 0
39102, 3450547, 0, 0, 0
39202, 3471895, 0, 0, 0
39301, 3670553, 0, 0, 0
39401, 3548261, 0, 0, 0
39500, 3525085, 0, 0, 0
39600, 3578723, 0, 0, 0
39702, 3790227, 0, 0, 0
39800, 3375786, 0, 0, 0
39900, 3573875, 0, 0, 0
40003, 3642990, 0, 0, 0
40100, 3480635, 0, 0, 0
40203, 3673996, 0, 0, 0
40303, 3440012, 0, 0, 0
40403, 3693687, 0, 0, 0
40502, 3554738, 0, 0, 0
40600, 3483307, 0, 0, 0
40700, 3713509, 0, 0, 0
40800, 3679577, 0, 0, 0
40902, 3540551, 0, 0, 0
41001, 3630329, 0, 0, 0
41102, 3364933, 0, 0, 0
41201, 3546116, 0, 0, 0
41303, 3898077, 0, 0, 0
41401, 3406921, 0, 0, 0
41503, 3503741, 0, 0, 0
41601, 3499610, 0, 0, 0
41701, 3230499, 0, 0, 0
41802, 3713781, 0, 0, 0
41902, 3581889, 0, 0, 0
42001, 3531254, 0, 0, 0
42104, 3655574, 0, 0, 0
42203, 3545507, 0, 0, 0
42302, 3415363, 0, 0, 0
42401, 3664419, 0, 0, 0
42504, 3533419, 0, 0, 0
42602, 3503326, 0, 0, 0
42702, 3440180, 0, 0, 0
42800, 3651731, 0, 0, 0
42900, 3572729, 0, 0, 0
43000, 3565761, 0, 0, 0
43101, 3470666, 0, 0, 0
43201, 3331812, 0, 0, 0
43303, 3396083, 0, 0, 0
43402, 3523235, 0, 0, 0
43500, 3649750, 0, 0, 0
43602, 3490059, 0, 0, 0
43700, 3763609, 0, 0, 0
43800, 3327920, 0, 0, 0
43901, 3390845, 0, 0, 0
44000, 3388117, 0, 0, 0
44102, 3537311, 0, 0, 0
44201, 3532213, 0, 0, 0
44300, 3505553, 0, 0, 0
44402, 3523106, 0, 0, 0
44500, 3379763, 0, 0, 0
44602, 3651521, 0, 0, 0
44701, 3653555, 0, 0, 0
44801, 3566656, 0, 0, 0
44902, 3473793, 0, 0, 0
45002, 3699151, 0, 0, 0
45102, 3722789, 0, 0, 0
45202, 3849751, 0, 0, 0
45302, 3560983, 0, 0, 0
45403, 3344392, 0, 0, 0
45502, 3302476, 0, 0, 0
45603, 3355648, 0, 0, 0
45700, 3358556, 0, 0, 0
45800, 3688109, 0, 0, 0
45903, 3552323, 0, 0, 0
46003, 3588766, 0, 0, 0
46100, 3444199, 0, 0, 0
46202, 3416132, 0, 0, 0
46300, 3618260, 0, 0, 0
46401, 3490449, 0, 0, 0
46501, 3444093, 0, 0, 0
46603, 3748304, 0, 0, 0
46702, 3419864, 0, 0, 0
46802, 3439213, 0, 0, 0
46901, 3416512, 0, 0, 0
47000, 3305618, 0, 0, 0
47101, 3460173, 0, 0, 0
47201, 3474614, 0, 0, 0
47301, 3542628, 0, 0, 0
47402, 3384891, 0, 0, 0
47501, 3667518, 0, 0, 0
47602, 3468248, 0, 0, 0
47701, 3533994, 0, 0, 0
47802, 3377350, 0, 0, 0
47900, 3592729, 0, 0, 0
48001, 3604031, 0, 0, 0
48102, 3627533, 0, 0, 0
48201, 3640599, 0, 0, 0
48301, 3458535, 0, 0, 0
48402, 3615837, 0, 0, 0
48500, 3349731, 0, 0, 0
48601, 3372805, 0, 0, 0
48700, 3534980, 0, 0, 0
48802, 3788899, 0, 0, 0
48901, 3810083, 0, 0, 0
49002, 3731243, 0, 0, 0
49101, 3514362, 0, 0, 0
49202, 3478761, 0, 0, 0
49301, 3536067, 0, 0, 0
49400, 3555923, 0, 0, 0
49500, 3554987, 0, 0, 0
49602, 3503461, 0, 0, 0
49700, 3373491, 0, 0, 0
49802, 3777570, 0, 0, 0
49902, 3442632, 0, 0, 0
50002, 3729396, 0, 0, 0
50103, 3450013, 0, 0, 0
50202, 3406755, 0, 0, 0
50301, 3438392, 0, 0, 0
50401, 3681291, 0, 0, 0
50502, 3473063, 0, 0, 0
50601, 3541140, 0, 0, 0
50701, 3463790, 0, 0, 0
50800, 3660571, 0, 0, 0
50902, 3763594, 0, 0, 0
51000, 3484124, 0, 0, 0
51100, 3703537, 0, 0, 0
51202, 3526959, 0, 0, 0
51300, 3618560, 0, 0, 0
51400, 3436352, 0, 0, 0
51502, 3639923, 0, 0, 0
51600, 3516346, 0, 0, 0
51700, 3678031, 0, 0, 0
51803, 3689924, 0, 0, 0
51900, 3573573, 0, 0, 0
52000, 3580912, 0, 0, 0
52102, 3658636, 0, 0, 0
52201, 3293947, 0, 0, 0
52302, 3363744, 0, 0, 0
52400, 3736617, 0, 0, 0
52501, 3371017, 0, 0, 0
52602, 3487194, 0, 0, 0
52701, 3516437, 0, 0, 0
52800, 3543373, 0, 0, 0
52902, 3503397, 0, 0, 0
53002, 3733861, 0, 0, 0
53101, 3500299, 0, 0, 0
53204, 3810509, 0, 0, 0
53302, 3638820, 0, 0, 0
53401, 3820127, 0, 0, 0
53502, 3471936, 0, 0, 0
53600, 3628588, 0, 0, 0
53702, 3643245, 0, 0, 0
53801, 3400529, 0, 0, 0
53903, 3653037, 0, 0, 0
54001, 3478725, 0, 0, 0
54103, 3526354, 0, 0, 0
54203, 3326734, 0, 0, 0
54303, 3450070, 0, 0, 0
54403, 3567404, 0, 0, 0
54502, 3537925, 0, 0, 0
54602, 3683224, 0, 0, 0
54700, 3788009, 0, 0, 0
54803, 3541403, 0, 0, 0
54900, 3727473, 0, 0, 0
55000, 3449549, 0, 0, 0
55103, 3522896, 0, 0, 0
55203, 3577317, 0, 0, 0
55300, 3610842, 0, 0, 0
55400, 3429554, 0, 0, 0
55502, 3636394, 0, 0, 0
55602, 3461861, 0, 0, 0
55702, 3433419, 0, 0, 0
55800, 3377659, 0, 0, 0
55900, 3447742, 0, 0, 0
56000, 3436100, 0, 0, 0
56103, 3666021, 0, 0, 0
56200, 3489663, 0, 0, 0
56300, 3565342, 0, 0, 0
56402, 3626243, 0, 0, 0
56500, 3631643, 0, 0, 0
56602, 3389063, 0, 0, 0
56703, 3479192, 0, 0, 0
56801, 3525371, 0, 0, 0
56903, 3497125, 0, 0, 0
57004, 3740232, 0, 0, 0
57101, 3591674, 0, 0, 0
57203, 3519973, 0, 0, 0
57301, 3490364, 0, 0, 0
57403, 3523982, 0, 0, 0
57506, 3404638, 0, 0, 0
57600, 3639811, 0, 0, 0
57701, 3604163, 0, 0, 0
57802, 3588023, 0, 0, 0
57900, 3654282, 0, 0, 0
58001, 3731829, 0, 0, 0
58102, 3610916, 0, 0, 0
58201, 3380999, 0, 0, 0
58300, 3548351, 0, 0, 0
58400, 3582773, 0, 0, 0
58501, 3334543, 0, 0, 0
58601, 3457362, 0, 0, 0
58700, 3538704, 0, 0, 0
58802, 3506896, 0, 0, 0
58900, 3399103, 0, 0, 0
59000, 3568934, 0, 0, 0
59100, 3414491, 0, 0, 0
59201, 3509431, 0, 0, 0
59303, 3485056, 0, 0, 0
59400, 3598204, 0, 0, 0
59501, 3376933, 0, 0, 0
59602, 3468567, 0, 0, 0
59700, 3510640, 0, 0, 0
59800, 3426901, 0, 0, 0
59902, 3934732, 0, 0, 0
60000, 3496716, 0, 0, 0
60101, 3495530, 0, 0, 0
60201, 3555936, 0, 0, 0
60300, 3514291, 0, 0, 0
60401, 3492138, 0, 0, 0
60502, 3603499, 0, 0, 0
60600, 3621965, 0, 0, 0
60700, 3459579, 0, 0, 0
60800, 3569831, 0, 0, 0
60903, 3408489, 0, 0, 0
61001, 3498172, 0, 0, 0
61100, 3555853, 0, 0, 0
61200, 3542445, 0, 0, 0
61302, 3544250, 0, 0, 0
61401, 3639280, 0, 0, 0
61502, 3383514, 0, 0, 0
61602, 3420039, 0, 0, 0
61702, 3585704, 0, 0, 0
61800, 3606969, 0, 0, 0
61900, 3569426, 0, 0, 0
62002, 3656892, 0, 0, 0
62101, 3803622, 0, 0, 0
62202, 3367315, 0, 0, 0
62302, 3681684, 0, 0, 0
62403, 3382594, 0, 0, 0
62501, 3626397, 0, 0, 0
62602, 3609818, 0, 0, 0
62702, 3441312, 0, 0, 0
62802, 3816080, 0, 0, 0
62901, 3562115, 0, 0, 0
63002, 3704135, 0, 0, 0
63102, 3700950, 0, 0, 0
63203, 3630973, 0, 0, 0
63305, 3613798, 0, 0, 0
63401, 3692270, 0, 0, 0
63500, 3409151, 0, 0, 0
63601, 3768061, 0, 0, 0
63704, 3406417, 0, 0, 0
63801, 3744500, 0, 0, 0
63901, 3558526, 0, 0, 0
64000, 3680551, 0, 0, 0
64102, 3497840, 0, 0, 0
64203, 3745350, 0, 0, 0
64302, 3525164, 0, 0, 0
64403, 3603448, 0, 0, 0
64502, 3540358, 0, 0, 0
64602, 3444527, 0, 0, 0
64701, 3538993, 0, 0, 0
64802, 3487331, 0, 0, 0
64900, 3375065, 0, 0, 0
65000, 3443951, 0, 0, 0
65100, 3553677, 0, 0, 0
65200, 3346547, 0, 0, 0
65301, 3599162, 0, 0, 0
65400, 3539033, 0, 0, 0
65503, 3659444, 0, 0, 0
65602, 3529281, 0, 0, 0
65704, 3784362, 0, 0, 0
65802, 3633022, 0, 0, 0
65903, 3608990, 0, 0, 0
66001, 3466375, 0, 0, 0
66103, 3520933, 0, 0, 0
66202, 3548792, 0, 0, 0
66300, 3928887, 0, 0, 0
66400, 3684494, 0, 0, 0
66501, 3610037, 0, 0, 0
66600, 3648902, 0, 0, 0
66703, 3549314, 0, 0, 0
66801, 3510793, 0, 0, 0
66903, 3623303, 0, 0, 0
67002, 3677862, 0, 0, 0
67100, 3630924, 0, 0, 0
67201, 3584973, 0, 0, 0
67303, 3663639, 0, 0, 0
67402, 3531825, 0, 0, 0
67503, 3879238, 0, 0, 0
67602, 3512032, 0, 0, 0
67701, 3417598, 0, 0, 0
67804, 3666670, 0, 0, 0
67903, 3688337, 0, 0, 0
68001, 3377058, 0, 0, 0
68102, 3601020, 0, 0, 0
68200, 3612015, 0, 0, 0
68301, 3630460, 0, 0, 0
68400, 3498981, 0, 0, 0
68501, 3742111, 0, 0, 0
68601, 3473243, 0, 0, 0
68702, 3579434, 0, 0, 0
68802, 3571286, 0, 0, 0
68903, 3596803, 0, 0, 0
69000, 3458305, 0, 0, 0
69101, 3386948, 0, 0, 0
69202, 3603165, 0, 0, 0
69301, 3305313, 0, 0, 0
69402, 3577434, 0, 0, 0
69501, 3537565, 0, 0, 0
69600, 3556804, 0, 0, 0
69703, 3665557, 0, 0, 0
69800, 3577291, 0, 0, 0
69902, 3409149, 0, 0, 0
70003, 3342167, 0, 0, 0
70102, 3565679, 0, 0, 0
70200, 3474699, 0, 0, 0
70300, 3589712, 0, 0, 0
70400, 3556001, 0, 0, 0
70500, 3450325, 0, 0, 0
70601, 3459208, 0, 0, 0
70702, 3498069, 0, 0, 0
70801, 3543538, 0, 0, 0
70900, 3506283, 0, 0, 0
71000, 3340076, 0, 0, 0
71104, 3574954, 0, 0, 0
71201, 3246729, 0, 0, 0
71300, 3643028, 0, 0, 0
71401, 3624027, 0, 0, 0
71500, 3394088, 0, 0, 0
71601, 3392931, 0, 0, 0
71700, 3514883, 0, 0, 0
71800, 3428527, 0, 0, 0
71903, 3684204, 0, 0, 0
72003, 3564264, 0, 0, 0
72101, 3760179, 0, 0, 0
72201, 3591269, 0, 0, 0
72302, 3482988, 0, 0, 0
72402, 3430006, 0, 0, 0
72500, 3641317, 0, 0, 0
72602, 3512062, 0, 0, 0
72701, 3398977, 0, 0, 0
72802, 3478452, 0, 0, 0
72902, 3699300, 0, 0, 0
73002, 3346395, 0, 0, 0
73100, 3780277, 0, 0, 0
73201, 3456757, 0, 0, 0
73301, 3451934, 0, 0, 0
73402, 3495309, 0, 0, 0
73502, 3556409, 0, 0, 0
73602, 3445083, 0, 0, 0
73700, 3614492, 0, 0, 0
73801, 3273903, 0, 0, 0
73902, 3346695, 0, 0, 0
74001, 3414471, 0, 0, 0
74101, 3456088, 0, 0, 0
74201, 3564547, 0, 0, 0
74302, 3731593, 0, 0, 0
74401, 3530207, 0, 0, 0
74501, 3464521, 0, 0, 0
74602, 3854345, 0, 0, 0
74702, 3713902, 0, 0, 0
74800, 3647029, 0, 0, 0
74900, 3560440, 0, 0, 0
75003, 3659013, 0, 0, 0
75100, 3735544, 0, 0, 0
75202, 3903396, 0, 0, 0
75304, 3524371, 0, 0, 0
75400, 3694978, 0, 0, 0
75502, 3497177, 0, 0, 0
75603, 3742096, 0, 0, 0
75701, 3404421, 0, 0, 0
75801, 3543250, 0, 0, 0
75900, 3409992, 0, 0, 0
76000, 3439358, 0, 0, 0
76100, 3456628, 0, 0, 0
76200, 3710604, 0, 0, 0
76303, 3536174, 0, 0, 0
76400, 3746128, 0, 0, 0
76502, 3509527, 0, 0, 0
76601, 3671992, 0, 0, 0
76700, 3513268, 0, 0, 0
76801, 3476264, 0, 0, 0
76902, 3746462, 0, 0, 0
77001, 3677261, 0, 0, 0
77102, 3735160, 0, 0, 0
77200, 3509374, 0, 0, 0
77301, 3714984, 0, 0, 0
77400, 3421312, 0, 0, 0
77501, 3862910, 0, 0, 0
77602, 3484977, 0, 0, 0
77700, 3499536, 0, 0, 0
77801, 3603299, 0, 0, 0
77900, 3427802, 0, 0, 0
78000, 3433103, 0, 0, 0
78102, 3506337, 0, 0, 0
78203, 3602232, 0, 0, 0
78302, 3409132, 0, 0, 0
78400, 3773116, 0, 0, 0
78500, 3454494, 0, 0, 0
78602, 3519925, 0, 0, 0
78700, 3491648, 0, 0, 0
78802, 3636096, 0, 0, 0
78900, 3507905, 0, 0, 0
79001, 3481001, 0, 0, 0
79101, 3439389, 0, 0, 0
79201, 3337869, 0, 0, 0
79301, 3321953, 0, 0, 0
79402, 3606686, 0, 0, 0
79501, 3533882, 0, 0, 0
79602, 3464751, 0, 0, 0
79700, 3388292, 0, 0, 0
79800, 3322844, 0, 0, 0
79902, 3418876, 0, 0, 0
80000, 3495602, 0, 0, 0
80101, 3339839, 0, 0, 0
80201, 3596815, 0, 0, 0
80302, 3457162, 0, 0, 0
80401, 3424331, 0, 0, 0
80502, 3586596, 0, 0, 0
80600, 3401105, 0, 0, 0
80700, 3453173, 0, 0, 0
80800, 3447170, 0, 0, 0
80903, 3655931, 0, 0, 0
81000, 3454992, 0, 0, 0
81101, 3614766, 0, 0, 0
81203, 3774617, 0, 0, 0
81301, 3646106, 0, 0, 0
81403, 3617976, 0, 0, 0
81503, 3686050, 0, 0, 0
81601, 3505301, 0, 0, 0
81700, 3433175, 0, 0, 0
81800, 3435851, 0, 0, 0
81901, 3594394, 0, 0, 0
82001, 3462197, 0, 0, 0
82101, 3703428, 0, 0, 0
82201, 3429906, 0, 0, 0
82302, 3493857, 0, 0, 0
82400, 3764015, 0, 0, 0
82501, 3581252, 0, 0, 0
82604, 3436454, 0, 0, 0
82701, 3719338, 0, 0, 0
82800, 3533833, 0, 0, 0
82903, 3678856, 0, 0, 0
83002, 3434103, 0, 0, 0
83105, 3538333, 0, 0, 0
83200, 3653359, 0, 0, 0
83300, 3563537, 0, 0, 0
83402, 3388876, 0, 0, 0
83502, 3438976, 0, 0, 0
83601, 3676592, 0, 0, 0
83701, 3436678, 0, 0, 0
83803, 3513588, 0, 0, 0
83901, 3276004, 0, 0, 0
84000, 3426950, 0, 0, 0
84102, 3512462, 0, 0, 0
84200, 3596262, 0, 0, 0
84302, 3648911, 0, 0, 0
84402, 3715119, 0, 0, 0
84502, 3329465, 0, 0, 0
84601, 3518770, 0, 0, 0
84703, 3524215, 0, 0, 0
84803, 3698860, 0, 0, 0
84900, 3456793, 0, 0, 0
85003, 3548772, 0, 0, 0
85101, 3520457, 0, 0, 0
85200, 3393974, 0, 0, 0
85303, 3433320, 0, 0, 0
85402, 3539779, 0, 0, 0
85500, 3500190, 0, 0, 0
85600, 3677623, 0, 0, 0
85702, 3771511, 0, 0, 0
85802, 3473365, 0, 0, 0
85904, 3487748, 0, 0, 0
86000, 3553282, 0, 0, 0
86100, 3359277, 0, 0, 0
86201, 3586488, 0, 0, 0
86301, 3431728, 0, 0, 0
86402, 3500037, 0, 0, 0
86501, 3643701, 0, 0, 0
86601, 3472637, 0, 0, 0
86701, 3418969, 0, 0, 0
86800, 3561618, 0, 0, 0
86903, 3649092, 0, 0, 0
87002, 3433923, 0, 0, 0
87100, 3474868, 0, 0, 0
87200, 3461558, 0, 0, 0
87302, 3494546, 0, 0, 0
87401, 3304554, 0, 0, 0
87503, 3401300, 0, 0, 0
87600, 3453125, 0, 0, 0
87702, 3521689, 0, 0, 0
87800, 3499476, 0, 0, 0
87903, 3427543, 0, 0, 0
88003, 3574382, 0, 0, 0
88100, 3574720, 0, 0, 0
88201, 3489539, 0, 0, 0
88301, 3590469, 0, 0, 0
88401, 3698351, 0, 0, 0
88502, 3588285, 0, 0, 0
88600, 3630698, 0, 0, 0
88702, 3771981, 0, 0, 0
88801, 3406691, 0, 0, 0
88901, 3465382, 0, 0, 0
89002, 3448476, 0, 0, 0
89103, 3606284, 0, 0, 0
89202, 3553970, 0, 0, 0
89300, 3478404, 0, 0, 0
89400, 3570882, 0, 0, 0
89503, 3671144, 0, 0, 0
89602, 3690279, 0, 0, 0
89700, 3256099, 0, 0, 0
89800, 3577590, 0, 0, 0
89902, 3509295, 0, 0, 0
90002, 3544018, 0, 0, 0
