100, 13918690, 0, 0, 0
200, 16239823, 0, 0, 0
300, 19113277, 0, 0, 0
400, 16710491, 0, 0, 0
501, 19298379, 0, 0, 0
600, 15958940, 0, 0, 0
700, 15342204, 0, 0, 0
800, 12258897, 0, 0, 0
900, 13315659, 0, 0, 0
1001, 15253753, 0, 0, 0
1100, 14775592, 0, 0, 0
1200, 13675170, 0, 0, 0
1300, 14878907, 0, 0, 0
1400, 11933134, 0, 0, 0
1500, 17409757, 0, 0, 0
1600, 15112380, 0, 0, 0
1701, 17371615, 0, 0, 0
1800, 16296316, 0, 0, 0
1900, 14630480, 0, 0, 0
2001, 14228014, 0, 0, 0
2100, 14339303, 0, 0, 0
2200, 11918466, 0, 0, 0
2300, 15019385, 0, 0, 0
2400, 12294522, 0, 0, 0
2500, 13754864, 0, 0, 0
2603, 12713850, 0, 0, 0
2701, 12488827, 0, 0, 0
2801, 14992196, 0, 0, 0
2900, 11729089, 0, 0, 0
3000, 11900589, 0, 0, 0
3100, 12130287, 0, 0, 0
3200, 15521260, 0, 0, 0
3300, 13633386, 0, 0, 0
3400, 14267485, 0, 0, 0
3500, 19081628, 0, 0, 0
3600, 12898691, 0, 0, 0
3701, 14425145, 0, 0, 0
3800, 27903052, 0, 0, 0
3901, 16279662, 0, 0, 0
4000, 15565523, 0, 0, 0
4100, 16529583, 0, 0, 0
4200, 13678321, 0, 0, 0
4303, 14052038, 0, 0, 0
4400, 14238213, 0, 0, 0
4500, 12766792, 0, 0, 0
4600, 13882623, 0, 0, 0
4700, 14988847, 0, 0, 0
4800, 17396198, 0, 0, 0
4903, 17099439, 0, 0, 0
5001, 14125605, 0, 0, 0
5102, 18984137, 0, 0, 0
5201, 15526198, 0, 0, 0
5300, 19342395, 0, 0, 0
5400, 14439005, 0, 0, 0
5501, 13114407, 0, 0, 0
5600, 18470385, 0, 0, 0
5700, 15727603, 0, 0, 0
5800, 12985687, 0, 0, 0
5900, 20275448, 0, 0, 0
6000, 15008187, 0, 0, 0
6101, 15337467, 0, 0, 0
6200, 15953398, 0, 0, 0
6301, 14734613, 0, 0, 0
6400, 14055611, 0, 0, 0
6500, 14545426, 0, 0, 0
6600, 10410736, 0, 0, 0
6700, 22597187, 0, 0, 0
6800, 14761426, 0, 0, 0
6901, 13598785, 0, 0, 0
7000, 17382664, 0, 0, 0
7100, 16076978, 0, 0, 0
7200, 18187102, 0, 0, 0
7300, 23147611, 0, 0, 0
7400, 19252493, 0, 0, 0
7501, 5577436, 0, 0, 0
7600, 20631212, 0, 0, 0
7701, 12460985, 0, 0, 0
7803, 18767021, 0, 0, 0
7902, 18243127, 0, 0, 0
8000, 21876653, 0, 0, 0
8102, 18799527, 0, 0, 0
8201, 20791987, 0, 0, 0
8300, 15706902, 0, 0, 0
8407, 20312033, 0, 0, 0
8503, 15281673, 0, 0, 0
8600, 14755695, 0, 0, 0
8701, 13207807, 0, 0, 0
8800, 14350220, 0, 0, 0
8900, 14657030, 0, 0, 0
9000, 18892777, 0, 0, 0
9104, 13372849, 0, 0, 0
9201, 17358883, 0, 0, 0
9300, 19001381, 0, 0, 0
9400, 18583107, 0, 0, 0
9500, 18569761, 0, 0, 0
9600, 11480391, 0, 0, 0
9700, 19952488, 0, 0, 0
9802, 14461039, 0, 0, 0
9900, 16308165, 0, 0, 0
10001, 10832197, 0, 0, 0
10101, 14569239, 0, 0, 0
10201, 17757516, 0, 0, 0
10301, 13929161, 0, 0, 0
10400, 13688146, 0, 0, 0
10500, 19936050, 0, 0, 0
10600, 16276291, 0, 0, 0
10700, 16874793, 0, 0, 0
10800, 18389356, 0, 0, 0
10900, 13529208, 0, 0, 0
11002, 18376833, 0, 0, 0
11100, 20398222, 0, 0, 0
11200, 16297874, 0, 0, 0
11301, 15196249, 0, 0, 0
11400, 11895719, 0, 0, 0
11500, 12266271, 0, 0, 0
11601, 17975207, 0, 0, 0
11702, 18882633, 0, 0, 0
11800, 17170107, 0, 0, 0
11900, 12506755, 0, 0, 0
12000, 19311611, 0, 0, 0
12100, 18917663, 0, 0, 0
12200, 17417555, 0, 0, 0
12300, 16911566, 0, 0, 0
12400, 14308222, 0, 0, 0
12500, 17452139, 0, 0, 0
12604, 14521136, 0, 0, 0
12700, 18865470, 0, 0, 0
12800, 12992322, 0, 0, 0
12900, 18422802, 0, 0, 0
13000, 13810639, 0, 0, 0
13100, 15031227, 0, 0, 0
13201, 11409117, 0, 0, 0
13301, 11787152, 0, 0, 0
13400, 15499701, 0, 0, 0
13500, 13153065, 0, 0, 0
13600, 15936521, 0, 0, 0
13700, 12490168, 0, 0, 0
13800, 15602678, 0, 0, 0
13900, 14931301, 0, 0, 0
14000, 16571182, 0, 0, 0
14101, 12428596, 0, 0, 0
14200, 16313320, 0, 0, 0
14300, 17268795, 0, 0, 0
14400, 8234007, 0, 0, 0
14500, 13714030, 0, 0, 0
14603, 15517124, 0, 0, 0
14700, 19180229, 0, 0, 0
14800, 14785773, 0, 0, 0
14900, 14884498, 0, 0, 0
15001, 11857582, 0, 0, 0
15100, 12118161, 0, 0, 0
15200, 12181856, 0, 0, 0
15300, 13723567, 0, 0, 0
15400, 14394634, 0, 0, 0
15500, 17377973, 0, 0, 0
15600, 13243985, 0, 0, 0
15701, 12316999, 0, 0, 0
15800, 15355557, 0, 0, 0
15902, 12058995, 0, 0, 0
16001, 19658052, 0, 0, 0
16100, 19726227, 0, 0, 0
16203, 12217505, 0, 0, 0
16300, 16343415, 0, 0, 0
16401, 16059917, 0, 0, 0
16500, 20552936, 0, 0, 0
16600, 14478364, 0, 0, 0
16700, 13900036, 0, 0, 0
16800, 14648714, 0, 0, 0
16900, 13836165, 0, 0, 0
17000, 15602561, 0, 0, 0
17100, 15359387, 0, 0, 0
17200, 13088602, 0, 0, 0
17301, 13888631, 0, 0, 0
17400, 22804116, 0, 0, 0
17500, 14470503, 0, 0, 0
17600, 11767375, 0, 0, 0
17700, 15370722, 0, 0, 0
17800, 12633323, 0, 0, 0
17900, 13668258, 0, 0, 0
18000, 12069987, 0, 0, 0
18100, 18960972, 0, 0, 0
18200, 13604528, 0, 0, 0
18300, 13622988, 0, 0, 0
18401, 19690425, 0, 0, 0
18500, 12370972, 0, 0, 0
18600, 13596773, 0, 0, 0
18700, 13473435, 0, 0, 0
18801, 16778700, 0, 0, 0
18900, 20442487, 0, 0, 0
19001, 12386055, 0, 0, 0
19100, 19664429, 0, 0, 0
19200, 15520154, 0, 0, 0
19300, 10172866, 0, 0, 0
19401, 10923326, 0, 0, 0
19500, 14282327, 0, 0, 0
19601, 11436402, 0, 0, 0
19700, 12921737, 0, 0, 0
19800, 15826132, 0, 0, 0
19903, 12944978, 0, 0, 0
20000, 14065752, 0, 0, 0
20100, 11893777, 0, 0, 0
20200, 14594344, 0, 0, 0
20300, 16434250, 0, 0, 0
20400, 13041793, 0, 0, 0
20504, 18180481, 0, 0, 0
20601, 14426634, 0, 0, 0
20700, 12367727, 0, 0, 0
20800, 16915688, 0, 0, 0
20900, 13374407, 0, 0, 0
21001, 14116290, 0, 0, 0
21100, 11011924, 0, 0, 0
21200, 12447527, 0, 0, 0
21302, 12370807, 0, 0, 0
21401, 15300861, 0, 0, 0
21500, 12867743, 0, 0, 0
21600, 13641720, 0, 0, 0
21701, 13658251, 0, 0, 0
21800, 17401839, 0, 0, 0
21900, 13264799, 0, 0, 0
22000, 16881093, 0, 0, 0
22100, 16431101, 0, 0, 0
22200, 14636593, 0, 0, 0
22300, 12325153, 0, 0, 0
22400, 10808337, 0, 0, 0
22500, 15036022, 0, 0, 0
22600, 17134805, 0, 0, 0
22700, 14006911, 0, 0, 0
22800, 11848489, 0, 0, 0
22915, 12940206, 0, 0, 0
23000, 18317304, 0, 0, 0
23100, 14664614, 0, 0, 0
23201, 12053324, 0, 0, 0
23300, 16014642, 0, 0, 0
23400, 15636286, 0, 0, 0
23500, 14611285, 0, 0, 0
23600, 18192964, 0, 0, 0
23702, 10955859, 0, 0, 0
23800, 18277452, 0, 0, 0
23900, 15256247, 0, 0, 0
24009, 18046890, 0, 0, 0
24100, 19696813, 0, 0, 0
24200, 17345287, 0, 0, 0
24302, 11881155, 0, 0, 0
24400, 18922853, 0, 0, 0
24500, 13565592, 0, 0, 0
24600, 16547314, 0, 0, 0
24700, 10020906, 0, 0, 0
24801, 12170534, 0, 0, 0
24900, 14709168, 0, 0, 0
25000, 18593594, 0, 0, 0
25100, 12317801, 0, 0, 0
25200, 17133338, 0, 0, 0
25300, 13677646, 0, 0, 0
25400, 11372826, 0, 0, 0
25500, 14673713, 0, 0, 0
25600, 14446808, 0, 0, 0
25700, 14817525, 0, 0, 0
25802, 14133867, 0, 0, 0
25900, 13475444, 0, 0, 0
26000, 16749476, 0, 0, 0
26100, 16336660, 0, 0, 0
26200, 11114200, 0, 0, 0
26300, 13741173, 0, 0, 0
26402, 12382940, 0, 0, 0
26500, 13996835, 0, 0, 0
26600, 17292049, 0, 0, 0
26700, 20764449, 0, 0, 0
26804, 11977300, 0, 0, 0
26900, 17082854, 0, 0, 0
27001, 16176260, 0, 0, 0
27100, 16146586, 0, 0, 0
27204, 14197304, 0, 0, 0
27300, 16790571, 0, 0, 0
27400, 16526767, 0, 0, 0
27501, 12371149, 0, 0, 0
27600, 19765456, 0, 0, 0
27700, 16666796, 0, 0, 0
27800, 13140264, 0, 0, 0
27900, 18405129, 0, 0, 0
28000, 18990573, 0, 0, 0
28100, 13270166, 0, 0, 0
28201, 16706142, 0, 0, 0
28301, 15073109, 0, 0, 0
28400, 13543669, 0, 0, 0
28509, 14828005, 0, 0, 0
28600, 22678248, 0, 0, 0
28700, 16600420, 0, 0, 0
28800, 17351925, 0, 0, 0
28901, 19001251, 0, 0, 0
29000, 18205620, 0, 0, 0
29100, 11723299, 0, 0, 0
29200, 19155381, 0, 0, 0
29300, 13722512, 0, 0, 0
29400, 15529108, 0, 0, 0
29501, 13251427, 0, 0, 0
29600, 14792353, 0, 0, 0
29700, 19670147, 0, 0, 0
29800, 12384385, 0, 0, 0
29900, 11440678, 0, 0, 0
30000, 13854125, 0, 0, 0
30100, 15925352, 0, 0, 0
30203, 12864391, 0, 0, 0
30300, 13738773, 0, 0, 0
30400, 9988882, 0, 0, 0
30500, 15431852, 0, 0, 0
30602, 13745167, 0, 0, 0
30700, 14385531, 0, 0, 0
30800, 10349859, 0, 0, 0
30901, 15962422, 0, 0, 0
31002, 18296711, 0, 0, 0
31100, 13232972, 0, 0, 0
31200, 14128834, 0, 0, 0
31300, 13336021, 0, 0, 0
31400, 8898491, 0, 0, 0
31500, 12254366, 0, 0, 0
31604, 13927685, 0, 0, 0
31700, 18148014, 0, 0, 0
31800, 13284778, 0, 0, 0
31900, 12709718, 0, 0, 0
32000, 16656938, 0, 0, 0
32100, 16019561, 0, 0, 0
32200, 13627149, 0, 0, 0
32300, 9643679, 0, 0, 0
32401, 12015335, 0, 0, 0
32500, 13732886, 0, 0, 0
32600, 11110318, 0, 0, 0
32700, 12969628, 0, 0, 0
32800, 12662113, 0, 0, 0
32901, 13948096, 0, 0, 0
33000, 12691758, 0, 0, 0
33100, 13286048, 0, 0, 0
33200, 16976490, 0, 0, 0
33300, 12794131, 0, 0, 0
33400, 12065511, 0, 0, 0
33502, 14545367, 0, 0, 0
33600, 16584567, 0, 0, 0
33700, 13027228, 0, 0, 0
33801, 14493117, 0, 0, 0
33900, 16508672, 0, 0, 0
34000, 12514890, 0, 0, 0
34100, 13578593, 0, 0, 0
34200, 16585153, 0, 0, 0
34300, 12456846, 0, 0, 0
34400, 12000258, 0, 0, 0
34502, 11360660, 0, 0, 0
34600, 11654182, 0, 0, 0
34700, 16949733, 0, 0, 0
34800, 18667012, 0, 0, 0
34900, 15009881, 0, 0, 0
35000, 17223169, 0, 0, 0
35100, 12655841, 0, 0, 0
35200, 12782261, 0, 0, 0
35300, 13652522, 0, 0, 0
35400, 14221954, 0, 0, 0
35500, 21678097, 0, 0, 0
35600, 17234304, 0, 0, 0
35700, 13829927, 0, 0, 0
35800, 14319665, 0, 0, 0
35900, 10945733, 0, 0, 0
36000, 11923850, 0, 0, 0
36100, 14355878, 0, 0, 0
36203, 13160156, 0, 0, 0
36300, 15109296, 0, 0, 0
36400, 13901625, 0, 0, 0
36500, 10201726, 0, 0, 0
36600, 14314663, 0, 0, 0
36700, 11936170, 0, 0, 0
36800, 13254862, 0, 0, 0
36900, 12811470, 0, 0, 0
37001, 15788305, 0, 0, 0
37100, 15383719, 0, 0, 0
37200, 14703145, 0, 0, 0
37300, 11405833, 0, 0, 0
37400, 12454040, 0, 0, 0
37500, 10258503, 0, 0, 0
37600, 12770016, 0, 0, 0
37700, 15110150, 0, 0, 0
37801, 16297785, 0, 0, 0
37900, 11539895, 0, 0, 0
38002, 12864276, 0, 0, 0
38100, 11317478, 0, 0, 0
38201, 12665317, 0, 0, 0
38301, 17337576, 0, 0, 0
38402, 12242118, 0, 0, 0
38500, 14742774, 0, 0, 0
38602, 14677213, 0, 0, 0
38700, 14446644, 0, 0, 0
38800, 13149608, 0, 0, 0
38900, 12442925, 0, 0, 0
39000, 12748253, 0, 0, 0
39101, 9547631, 0, 0, 0
39200, 17138704, 0, 0, 0
39300, 17099463, 0, 0, 0
39400, 12382599, 0, 0, 0
39501, 10120304, 0, 0, 0
39602, 12007616, 0, 0, 0
39700, 16999027, 0, 0, 0
39800, 16874920, 0, 0, 0
39900, 11696646, 0, 0, 0
40000, 18557510, 0, 0, 0
40100, 15279313, 0, 0, 0
40201, 17846983, 0, 0, 0
40300, 15330752, 0, 0, 0
40400, 11820381, 0, 0, 0
40504, 10414338, 0, 0, 0
40600, 15086155, 0, 0, 0
40703, 11268479, 0, 0, 0
40801, 15194414, 0, 0, 0
40904, 10615217, 0, 0, 0
41000, 15848547, 0, 0, 0
41100, 17210869, 0, 0, 0
41200, 14811009, 0, 0, 0
41300, 13327202, 0, 0, 0
41400, 13961770, 0, 0, 0
41500, 16161731, 0, 0, 0
41600, 13634266, 0, 0, 0
41700, 12145120, 0, 0, 0
41800, 11152881, 0, 0, 0
41900, 11930912, 0, 0, 0
42003, 13469285, 0, 0, 0
42100, 13395613, 0, 0, 0
42200, 15207458, 0, 0, 0
42300, 12452852, 0, 0, 0
42401, 14103958, 0, 0, 0
42500, 13939229, 0, 0, 0
42601, 13787365, 0, 0, 0
42700, 10212901, 0, 0, 0
42800, 18690130, 0, 0, 0
42900, 13155099, 0, 0, 0
43000, 10112676, 0, 0, 0
43100, 13919478, 0, 0, 0
43200, 16340701, 0, 0, 0
43300, 18682840, 0, 0, 0
43400, 20202026, 0, 0, 0
43500, 10076254, 0, 0, 0
43600, 23116178, 0, 0, 0
43701, 16416385, 0, 0, 0
43800, 13511972, 0, 0, 0
43900, 15595494, 0, 0, 0
44000, 12777887, 0, 0, 0
44100, 13143289, 0, 0, 0
44200, 12041406, 0, 0, 0
44301, 9679270, 0, 0, 0
44400, 11094056, 0, 0, 0
44501, 11372111, 0, 0, 0
44600, 18246084, 0, 0, 0
44700, 12585733, 0, 0, 0
44811, 11324420, 0, 0, 0
44901, 15181416, 0, 0, 0
45001, 20170873, 0, 0, 0
45121, 14918697, 0, 0, 0
45200, 21607493, 0, 0, 0
45300, 16114659, 0, 0, 0
45400, 21694100, 0, 0, 0
45516, 10526419, 0, 0, 0
45601, 16567095, 0, 0, 0
45703, 17805912, 0, 0, 0
45804, 15296256, 0, 0, 0
45903, 14913833, 0, 0, 0
46001, 13515946, 0, 0, 0
46100, 16778166, 0, 0, 0
46202, 10587863, 0, 0, 0
46300, 16813208, 0, 0, 0
46400, 14056540, 0, 0, 0
46500, 14099056, 0, 0, 0
46600, 11288029, 0, 0, 0
46700, 14166899, 0, 0, 0
46800, 17398967, 0, 0, 0
46900, 14504136, 0, 0, 0
47000, 11625105, 0, 0, 0
47100, 18045590, 0, 0, 0
47201, 8852428, 0, 0, 0
47300, 16848744, 0, 0, 0
47400, 14833105, 0, 0, 0
47500, 15321792, 0, 0, 0
47603, 11945954, 0, 0, 0
47700, 15375361, 0, 0, 0
47800, 11151349, 0, 0, 0
47900, 14755904, 0, 0, 0
48000, 16100851, 0, 0, 0
48102, 13936998, 0, 0, 0
48200, 11127215, 0, 0, 0
48310, 11357255, 0, 0, 0
48400, 18119662, 0, 0, 0
48500, 16776629, 0, 0, 0
48600, 12800621, 0, 0, 0
48700, 11404379, 0, 0, 0
48800, 13793837, 0, 0, 0
48900, 13438435, 0, 0, 0
49001, 15977876, 0, 0, 0
49100, 14805267, 0, 0, 0
49200, 11086322, 0, 0, 0
49300, 17523040, 0, 0, 0
49400, 13787407, 0, 0, 0
49502, 11017132, 0, 0, 0
49600, 18537575, 0, 0, 0
49700, 12271836, 0, 0, 0
49800, 14536873, 0, 0, 0
49900, 11828076, 0, 0, 0
50000, 14793536, 0, 0, 0
50100, 13627542, 0, 0, 0
50201, 12271864, 0, 0, 0
50300, 14531779, 0, 0, 0
50400, 12465472, 0, 0, 0
50500, 13761867, 0, 0, 0
50600, 15445944, 0, 0, 0
50700, 18752410, 0, 0, 0
50800, 12876837, 0, 0, 0
50900, 14459800, 0, 0, 0
51000, 19471861, 0, 0, 0
51105, 11105724, 0, 0, 0
51200, 18878631, 0, 0, 0
51300, 14134467, 0, 0, 0
51400, 15981348, 0, 0, 0
51500, 15972775, 0, 0, 0
51600, 18896734, 0, 0, 0
51700, 21191425, 0, 0, 0
51800, 21854895, 0, 0, 0
51900, 16855145, 0, 0, 0
52000, 9363191, 0, 0, 0
52100, 20645381, 0, 0, 0
52201, 11547740, 0, 0, 0
52300, 13355760, 0, 0, 0
52400, 11910903, 0, 0, 0
52500, 15996083, 0, 0, 0
52600, 14022939, 0, 0, 0
52700, 16702654, 0, 0, 0
52802, 11125239, 0, 0, 0
52900, 15214100, 0, 0, 0
53000, 13052810, 0, 0, 0
53100, 15766027, 0, 0, 0
53200, 15141356, 0, 0, 0
53300, 12098010, 0, 0, 0
53400, 17136727, 0, 0, 0
53500, 14195311, 0, 0, 0
53600, 15308561, 0, 0, 0
53700, 15318500, 0, 0, 0
53800, 12929140, 0, 0, 0
53900, 13119523, 0, 0, 0
54000, 13890836, 0, 0, 0
54100, 13325330, 0, 0, 0
54200, 14252537, 0, 0, 0
54300, 12799327, 0, 0, 0
54401, 16225311, 0, 0, 0
54501, 10323243, 0, 0, 0
54600, 13211346, 0, 0, 0
54700, 13147484, 0, 0, 0
54800, 13463647, 0, 0, 0
54901, 12378077, 0, 0, 0
55000, 10564672, 0, 0, 0
55100, 11669026, 0, 0, 0
55200, 13641905, 0, 0, 0
55300, 11949055, 0, 0, 0
55400, 11965215, 0, 0, 0
55500, 15171676, 0, 0, 0
55600, 13743310, 0, 0, 0
55700, 12044425, 0, 0, 0
55800, 17061415, 0, 0, 0
55900, 11661292, 0, 0, 0
56002, 16344927, 0, 0, 0
56100, 15358756, 0, 0, 0
56201, 13223133, 0, 0, 0
56300, 15970430, 0, 0, 0
56400, 11557934, 0, 0, 0
56500, 16132877, 0, 0, 0
56600, 15011161, 0, 0, 0
56701, 17409939, 0, 0, 0
56802, 13699028, 0, 0, 0
56906, 18830067, 0, 0, 0
57000, 18952931, 0, 0, 0
57100, 13664864, 0, 0, 0
57200, 13756094, 0, 0, 0
57300, 12222787, 0, 0, 0
57400, 14151629, 0, 0, 0
57501, 10327333, 0, 0, 0
57600, 16615986, 0, 0, 0
57700, 9721710, 0, 0, 0
57800, 18121323, 0, 0, 0
57901, 11713812, 0, 0, 0
58000, 13650234, 0, 0, 0
58100, 10490147, 0, 0, 0
58200, 14401980, 0, 0, 0
58300, 16721958, 0, 0, 0
58400, 11259163, 0, 0, 0
58500, 16082759, 0, 0, 0
58600, 15700728, 0, 0, 0
58700, 12923363, 0, 0, 0
58800, 15799118, 0, 0, 0
58900, 10394104, 0, 0, 0
59000, 11776710, 0, 0, 0
59100, 12030094, 0, 0, 0
59200, 10258988, 0, 0, 0
59300, 14723498, 0, 0, 0
59400, 16106574, 0, 0, 0
59500, 11835569, 0, 0, 0
59601, 12486061, 0, 0, 0
59700, 11450820, 0, 0, 0
59801, 12564321, 0, 0, 0
59900, 16192651, 0, 0, 0
60001, 12849393, 0, 0, 0
60100, 10049477, 0, 0, 0
60200, 14287970, 0, 0, 0
60300, 17661904, 0, 0, 0
60400, 12040972, 0, 0, 0
60500, 13853685, 0, 0, 0
60600, 12054205, 0, 0, 0
60700, 14651726, 0, 0, 0
60800, 12320255, 0, 0, 0
60900, 12377033, 0, 0, 0
61000, 18727850, 0, 0, 0
61100, 19064894, 0, 0, 0
61200, 8703259, 0, 0, 0
61301, 14037890, 0, 0, 0
61401, 11453259, 0, 0, 0
61500, 17016408, 0, 0, 0
61600, 15685485, 0, 0, 0
61700, 17482740, 0, 0, 0
61801, 12859475, 0, 0, 0
61900, 16047284, 0, 0, 0
62000, 15339928, 0, 0, 0
62100, 13977844, 0, 0, 0
62200, 12123763, 0, 0, 0
62300, 15605701, 0, 0, 0
62400, 10418499, 0, 0, 0
62500, 15478126, 0, 0, 0
62600, 13645199, 0, 0, 0
62700, 15457724, 0, 0, 0
62800, 12552678, 0, 0, 0
62900, 16163674, 0, 0, 0
63000, 12117060, 0, 0, 0
63100, 14027389, 0, 0, 0
63200, 15133127, 0, 0, 0
63300, 14260228, 0, 0, 0
63401, 14280858, 0, 0, 0
63500, 14648399, 0, 0, 0
63600, 11910896, 0, 0, 0
63700, 13365777, 0, 0, 0
63800, 14007638, 0, 0, 0
63902, 9859063, 0, 0, 0
64000, 20588210, 0, 0, 0
64100, 13459124, 0, 0, 0
64200, 12739312, 0, 0, 0
64300, 14006526, 0, 0, 0
64400, 13919486, 0, 0, 0
64500, 12587896, 0, 0, 0
64605, 12694840, 0, 0, 0
64700, 14559622, 0, 0, 0
64800, 11928656, 0, 0, 0
64900, 13768206, 0, 0, 0
65000, 15397778, 0, 0, 0
65100, 13304203, 0, 0, 0
65200, 17560499, 0, 0, 0
65300, 15689531, 0, 0, 0
65401, 10986413, 0, 0, 0
65500, 15541421, 0, 0, 0
65600, 19860415, 0, 0, 0
65700, 11620532, 0, 0, 0
65800, 14141109, 0, 0, 0
65903, 9710966, 0, 0, 0
66000, 16287577, 0, 0, 0
66100, 14291687, 0, 0, 0
66200, 14132099, 0, 0, 0
66300, 9661853, 0, 0, 0
66400, 16558317, 0, 0, 0
66502, 12820007, 0, 0, 0
66600, 17403685, 0, 0, 0
66700, 15839424, 0, 0, 0
66801, 10571233, 0, 0, 0
66900, 15271592, 0, 0, 0
67000, 14854455, 0, 0, 0
67100, 18515874, 0, 0, 0
67201, 12505586, 0, 0, 0
67300, 12954933, 0, 0, 0
67400, 10630159, 0, 0, 0
67503, 13682660, 0, 0, 0
67600, 13456708, 0, 0, 0
67700, 10229384, 0, 0, 0
67800, 13078643, 0, 0, 0
67902, 14678343, 0, 0, 0
68000, 21432677, 0, 0, 0
68100, 13625595, 0, 0, 0
68200, 13808999, 0, 0, 0
68300, 15422416, 0, 0, 0
68400, 12301358, 0, 0, 0
68500, 13221641, 0, 0, 0
68600, 13607745, 0, 0, 0
68700, 11243226, 0, 0, 0
68800, 12110558, 0, 0, 0
68900, 15772115, 0, 0, 0
69000, 16925513, 0, 0, 0
69100, 14846281, 0, 0, 0
69201, 17807861, 0, 0, 0
69300, 15044786, 0, 0, 0
69406, 11650586, 0, 0, 0
69501, 12246467, 0, 0, 0
69600, 18093125, 0, 0, 0
69700, 11566414, 0, 0, 0
69800, 14843409, 0, 0, 0
69900, 16031648, 0, 0, 0
70000, 13212588, 0, 0, 0
70100, 12230919, 0, 0, 0
70200, 13867577, 0, 0, 0
70301, 14392933, 0, 0, 0
70400, 11427088, 0, 0, 0
70500, 10087895, 0, 0, 0
70600, 16966402, 0, 0, 0
70700, 14787471, 0, 0, 0
70800, 12351384, 0, 0, 0
70900, 10870205, 0, 0, 0
71000, 14333504, 0, 0, 0
71100, 18652435, 0, 0, 0
71200, 16234649, 0, 0, 0
71300, 12037650, 0, 0, 0
71400, 13574567, 0, 0, 0
71501, 13474245, 0, 0, 0
71600, 17020696, 0, 0, 0
71700, 16154250, 0, 0, 0
71800, 10316856, 0, 0, 0
71902, 13330281, 0, 0, 0
72000, 17464539, 0, 0, 0
72101, 13984189, 0, 0, 0
72200, 13783532, 0, 0, 0
72300, 14394219, 0, 0, 0
72400, 16869949, 0, 0, 0
72500, 12575623, 0, 0, 0
72600, 14680911, 0, 0, 0
72701, 14190003, 0, 0, 0
72800, 15457720, 0, 0, 0
72900, 13943397, 0, 0, 0
73000, 19903540, 0, 0, 0
73100, 20159562, 0, 0, 0
73200, 16295632, 0, 0, 0
73300, 14901148, 0, 0, 0
73400, 13029019, 0, 0, 0
73500, 13838750, 0, 0, 0
73600, 15038505, 0, 0, 0
73700, 11856156, 0, 0, 0
73800, 12836579, 0, 0, 0
73901, 10939782, 0, 0, 0
74000, 15972946, 0, 0, 0
74100, 14759717, 0, 0, 0
74200, 12662571, 0, 0, 0
74300, 13550089, 0, 0, 0
74402, 13815148, 0, 0, 0
74505, 13219182, 0, 0, 0
74600, 16141228, 0, 0, 0
74700, 12581314, 0, 0, 0
74800, 17500177, 0, 0, 0
74900, 12869266, 0, 0, 0
75001, 10516375, 0, 0, 0
75100, 21130334, 0, 0, 0
75200, 15828811, 0, 0, 0
75300, 10592754, 0, 0, 0
75401, 14920662, 0, 0, 0
75500, 14110909, 0, 0, 0
75600, 15918869, 0, 0, 0
75701, 13476173, 0, 0, 0
75800, 14000001, 0, 0, 0
75900, 11395200, 0, 0, 0
76000, 13409797, 0, 0, 0
76100, 12682660, 0, 0, 0
76200, 16464703, 0, 0, 0
76300, 15242979, 0, 0, 0
76400, 11249952, 0, 0, 0
76500, 15100706, 0, 0, 0
76600, 12933336, 0, 0, 0
76700, 11806739, 0, 0, 0
76800, 14362471, 0, 0, 0
76906, 13438188, 0, 0, 0
77000, 14149632, 0, 0, 0
77100, 11565853, 0, 0, 0
77200, 12621559, 0, 0, 0
77300, 11929284, 0, 0, 0
77400, 14270921, 0, 0, 0
77500, 10370499, 0, 0, 0
77600, 15038305, 0, 0, 0
77700, 10430689, 0, 0, 0
77800, 16069249, 0, 0, 0
77900, 12782035, 0, 0, 0
78000, 12239526, 0, 0, 0
78100, 12089425, 0, 0, 0
78200, 18945439, 0, 0, 0
78302, 15171932, 0, 0, 0
78400, 15127005, 0, 0, 0
78500, 12870429, 0, 0, 0
78600, 15231959, 0, 0, 0
78700, 11682927, 0, 0, 0
78800, 14729623, 0, 0, 0
78900, 10134778, 0, 0, 0
79000, 20881355, 0, 0, 0
79101, 11042133, 0, 0, 0
79200, 15901974, 0, 0, 0
79300, 13346265, 0, 0, 0
79400, 11677203, 0, 0, 0
79500, 16441318, 0, 0, 0
79600, 11899274, 0, 0, 0
79702, 12128621, 0, 0, 0
79800, 19619234, 0, 0, 0
79900, 15690717, 0, 0, 0
80000, 13142352, 0, 0, 0
80100, 13436858, 0, 0, 0
80201, 9171306, 0, 0, 0
80300, 15396308, 0, 0, 0
80400, 14443702, 0, 0, 0
80500, 13311137, 0, 0, 0
80602, 13009151, 0, 0, 0
80700, 19337816, 0, 0, 0
80801, 14431810, 0, 0, 0
80909, 13845833, 0, 0, 0
81000, 15100143, 0, 0, 0
81100, 17958783, 0, 0, 0
81200, 13625587, 0, 0, 0
81301, 11379639, 0, 0, 0
81400, 14771094, 0, 0, 0
81500, 14305749, 0, 0, 0
81600, 12217183, 0, 0, 0
81700, 11911134, 0, 0, 0
81800, 12903772, 0, 0, 0
81900, 14121519, 0, 0, 0
82000, 12671882, 0, 0, 0
82100, 14879580, 0, 0, 0
82200, 13458660, 0, 0, 0
82300, 9891647, 0, 0, 0
82400, 17655648, 0, 0, 0
82500, 14689448, 0, 0, 0
82600, 10756855, 0, 0, 0
82700, 13915930, 0, 0, 0
82800, 17949639, 0, 0, 0
82900, 17032766, 0, 0, 0
83000, 20868385, 0, 0, 0
83100, 15529261, 0, 0, 0
83200, 15762723, 0, 0, 0
83300, 14187285, 0, 0, 0
83400, 12631988, 0, 0, 0
83501, 12033738, 0, 0, 0
83600, 17524469, 0, 0, 0
83700, 14332438, 0, 0, 0
83800, 13923993, 0, 0, 0
83901, 17359324, 0, 0, 0
84001, 14905975, 0, 0, 0
84107, 16067863, 0, 0, 0
84200, 18186363, 0, 0, 0
84300, 16892317, 0, 0, 0
84400, 12955805, 0, 0, 0
84500, 13771845, 0, 0, 0
84600, 12733364, 0, 0, 0
84701, 14120758, 0, 0, 0
84800, 17080940, 0, 0, 0
84900, 12803549, 0, 0, 0
85001, 15102011, 0, 0, 0
85106, 11555991, 0, 0, 0
85200, 15150543, 0, 0, 0
85300, 10770368, 0, 0, 0
85400, 17461081, 0, 0, 0
85500, 15766130, 0, 0, 0
85600, 11860002, 0, 0, 0
85700, 12471906, 0, 0, 0
85800, 13538489, 0, 0, 0
85900, 13205139, 0, 0, 0
86001, 9834141, 0, 0, 0
86100, 15405349, 0, 0, 0
86200, 15888148, 0, 0, 0
86300, 13044037, 0, 0, 0
86400, 16335491, 0, 0, 0
86500, 10882792, 0, 0, 0
86600, 14464579, 0, 0, 0
86700, 12599589, 0, 0, 0
86800, 11845466, 0, 0, 0
86900, 10447006, 0, 0, 0
87000, 17830512, 0, 0, 0
87100, 11174147, 0, 0, 0
87200, 11763225, 0, 0, 0
87301, 12827401, 0, 0, 0
87400, 16265938, 0, 0, 0
87500, 10973528, 0, 0, 0
87600, 12984784, 0, 0, 0
87702, 11234529, 0, 0, 0
87801, 14739622, 0, 0, 0
87900, 19368747, 0, 0, 0
88001, 13690091, 0, 0, 0
88100, 16071906, 0, 0, 0
88200, 19902929, 0, 0, 0
88300, 12535171, 0, 0, 0
88401, 12900602, 0, 0, 0
88500, 16259830, 0, 0, 0
88609, 17186782, 0, 0, 0
88701, 16626055, 0, 0, 0
88800, 17945113, 0, 0, 0
88901, 20118247, 0, 0, 0
89001, 13195497, 0, 0, 0
89100, 18012789, 0, 0, 0
89202, 16282705, 0, 0, 0
89300, 21476163, 0, 0, 0
89400, 16031322, 0, 0, 0
89500, 15464989, 0, 0, 0
89600, 14775309, 0, 0, 0
89700, 10626030, 0, 0, 0
89800, 15194927, 0, 0, 0
89900, 11468093, 0, 0, 0
90000, 10187777, 0, 0, 0
90016, 21581061, 0, 0, 0
