250, 13824, 0, 0, 0
350, 13920, 0, 0, 0
450, 13760, 0, 0, 0
550, 14000, 0, 0, 0
650, 14000, 0, 0, 0
749, 14141, 0, 0, 0
849, 14160, 0, 0, 0
949, 14160, 0, 0, 0
1049, 13840, 0, 0, 0
1149, 13600, 0, 0, 0
1249, 13680, 0, 0, 0
1350, 14000, 0, 0, 0
1450, 13680, 0, 0, 0
1550, 13280, 0, 0, 0
1650, 13040, 0, 0, 0
1749, 13656, 0, 0, 0
1849, 13200, 0, 0, 0
1949, 13280, 0, 0, 0
2049, 13600, 0, 0, 0
2149, 12880, 0, 0, 0
2249, 13680, 0, 0, 0
2349, 13440, 0, 0, 0
2449, 13680, 0, 0, 0
2549, 14080, 0, 0, 0
2649, 14320, 0, 0, 0
2749, 13840, 0, 0, 0
2850, 13920, 0, 0, 0
2950, 13760, 0, 0, 0
3050, 13760, 0, 0, 0
3150, 13600, 0, 0, 0
3249, 13737, 0, 0, 0
3349, 13600, 0, 0, 0
3449, 13040, 0, 0, 0
3549, 14320, 0, 0, 0
3649, 13120, 0, 0, 0
3749, 13360, 0, 0, 0
3849, 13920, 0, 0, 0
3949, 13520, 0, 0, 0
4049, 13200, 0, 0, 0
4149, 12640, 0, 0, 0
4250, 13680, 0, 0, 0
4350, 14400, 0, 0, 0
4450, 13440, 0, 0, 0
4550, 14080, 0, 0, 0
4650, 14400, 0, 0, 0
4749, 14141, 0, 0, 0
4849, 13440, 0, 0, 0
4949, 14000, 0, 0, 0
5049, 14320, 0, 0, 0
5149, 13920, 0, 0, 0
5249, 13120, 0, 0, 0
5349, 13200, 0, 0, 0
5449, 13520, 0, 0, 0
5549, 13120, 0, 0, 0
5649, 13360, 0, 0, 0
5750, 13360, 0, 0, 0
5850, 12720, 0, 0, 0
5950, 12880, 0, 0, 0
6050, 13760, 0, 0, 0
6150, 13520, 0, 0, 0
6249, 13656, 0, 0, 0
6349, 13680, 0, 0, 0
6449, 13680, 0, 0, 0
6549, 13200, 0, 0, 0
6649, 13520, 0, 0, 0
6749, 13520, 0, 0, 0
6849, 13920, 0, 0, 0
6949, 13520, 0, 0, 0
7050, 13680, 0, 0, 0
7150, 13600, 0, 0, 0
7249, 13333, 0, 0, 0
7349, 13600, 0, 0, 0
7449, 13520, 0, 0, 0
7549, 13440, 0, 0, 0
7649, 14080, 0, 0, 0
7749, 14000, 0, 0, 0
7849, 13920, 0, 0, 0
7949, 13840, 0, 0, 0
8050, 13920, 0, 0, 0
8150, 13840, 0, 0, 0
8249, 13252, 0, 0, 0
8349, 13760, 0, 0, 0
8449, 13520, 0, 0, 0
8550, 14000, 0, 0, 0
8650, 13600, 0, 0, 0
8749, 13979, 0, 0, 0
8849, 13440, 0, 0, 0
8949, 13440, 0, 0, 0
9049, 13520, 0, 0, 0
9149, 12960, 0, 0, 0
9249, 13600, 0, 0, 0
9349, 14160, 0, 0, 0
9449, 14400, 0, 0, 0
9549, 13680, 0, 0, 0
9649, 13760, 0, 0, 0
9750, 13760, 0, 0, 0
9850, 13920, 0, 0, 0
9950, 14000, 0, 0, 0
10050, 12880, 0, 0, 0
10150, 13280, 0, 0, 0
10249, 13494, 0, 0, 0
10349, 13600, 0, 0, 0
10449, 13360, 0, 0, 0
10549, 13840, 0, 0, 0
10649, 13440, 0, 0, 0
10749, 13600, 0, 0, 0
10849, 14160, 0, 0, 0
10949, 13440, 0, 0, 0
11049, 13360, 0, 0, 0
11149, 13120, 0, 0, 0
11250, 13680, 0, 0, 0
11350, 13920, 0, 0, 0
11450, 14240, 0, 0, 0
11550, 14080, 0, 0, 0
11650, 13680, 0, 0, 0
11749, 13252, 0, 0, 0
11849, 14080, 0, 0, 0
11949, 13520, 0, 0, 0
12050, 13600, 0, 0, 0
12150, 13520, 0, 0, 0
12249, 13979, 0, 0, 0
12349, 13920, 0, 0, 0
12449, 13200, 0, 0, 0
12549, 14240, 0, 0, 0
12649, 14080, 0, 0, 0
12749, 14080, 0, 0, 0
12849, 14080, 0, 0, 0
12949, 13840, 0, 0, 0
13049, 14000, 0, 0, 0
13149, 13600, 0, 0, 0
13249, 13920, 0, 0, 0
13349, 13840, 0, 0, 0
13450, 13840, 0, 0, 0
13550, 14160, 0, 0, 0
13650, 14400, 0, 0, 0
13749, 15030, 0, 0, 0
13849, 14640, 0, 0, 0
13949, 14480, 0, 0, 0
14049, 14480, 0, 0, 0
14149, 14000, 0, 0, 0
14249, 14000, 0, 0, 0
14349, 14240, 0, 0, 0
14449, 13920, 0, 0, 0
14549, 13840, 0, 0, 0
14649, 14160, 0, 0, 0
14749, 13760, 0, 0, 0
14849, 13360, 0, 0, 0
14949, 13840, 0, 0, 0
15050, 13760, 0, 0, 0
15150, 14080, 0, 0, 0
15249, 13737, 0, 0, 0
15349, 13520, 0, 0, 0
15449, 14160, 0, 0, 0
15549, 13440, 0, 0, 0
15649, 14160, 0, 0, 0
15749, 14320, 0, 0, 0
15849, 13280, 0, 0, 0
15949, 13200, 0, 0, 0
16049, 14000, 0, 0, 0
16149, 13760, 0, 0, 0
16249, 13520, 0, 0, 0
16349, 13920, 0, 0, 0
16449, 13520, 0, 0, 0
16550, 14240, 0, 0, 0
16650, 13600, 0, 0, 0
16749, 13656, 0, 0, 0
16849, 13440, 0, 0, 0
16949, 13760, 0, 0, 0
17049, 14160, 0, 0, 0
17149, 13760, 0, 0, 0
17249, 13440, 0, 0, 0
17349, 13440, 0, 0, 0
17449, 13520, 0, 0, 0
17550, 13600, 0, 0, 0
17650, 13680, 0, 0, 0
17749, 13575, 0, 0, 0
17849, 13840, 0, 0, 0
17949, 13680, 0, 0, 0
18049, 13680, 0, 0, 0
18149, 13840, 0, 0, 0
18249, 13360, 0, 0, 0
18349, 13520, 0, 0, 0
18449, 13360, 0, 0, 0
18549, 13360, 0, 0, 0
18649, 13520, 0, 0, 0
18749, 13760, 0, 0, 0
18849, 13760, 0, 0, 0
18949, 13280, 0, 0, 0
19049, 13280, 0, 0, 0
19149, 13760, 0, 0, 0
19250, 13600, 0, 0, 0
19350, 14480, 0, 0, 0
19450, 13120, 0, 0, 0
19550, 13600, 0, 0, 0
19650, 13840, 0, 0, 0
19749, 14545, 0, 0, 0
19849, 14160, 0, 0, 0
19949, 13440, 0, 0, 0
20049, 14560, 0, 0, 0
20149, 13280, 0, 0, 0
20249, 13840, 0, 0, 0
20349, 13360, 0, 0, 0
20449, 14080, 0, 0, 0
20549, 13840, 0, 0, 0
20649, 13680, 0, 0, 0
20750, 14080, 0, 0, 0
20850, 14160, 0, 0, 0
20950, 13760, 0, 0, 0
21050, 14320, 0, 0, 0
21150, 14480, 0, 0, 0
21249, 14141, 0, 0, 0
21349, 13760, 0, 0, 0
21449, 14640, 0, 0, 0
21549, 14240, 0, 0, 0
21649, 13600, 0, 0, 0
21749, 14480, 0, 0, 0
21849, 13760, 0, 0, 0
21949, 14160, 0, 0, 0
22049, 14240, 0, 0, 0
22149, 14400, 0, 0, 0
22249, 14640, 0, 0, 0
22349, 14720, 0, 0, 0
22449, 14080, 0, 0, 0
22549, 14400, 0, 0, 0
22650, 13840, 0, 0, 0
22749, 13414, 0, 0, 0
22849, 14000, 0, 0, 0
22949, 13920, 0, 0, 0
23049, 14240, 0, 0, 0
23149, 14160, 0, 0, 0
23249, 13360, 0, 0, 0
23349, 13840, 0, 0, 0
23449, 13040, 0, 0, 0
23549, 13280, 0, 0, 0
23649, 14240, 0, 0, 0
23749, 13600, 0, 0, 0
23849, 13280, 0, 0, 0
23949, 12960, 0, 0, 0
24050, 13360, 0, 0, 0
24150, 14000, 0, 0, 0
24249, 13818, 0, 0, 0
24349, 13760, 0, 0, 0
24449, 13120, 0, 0, 0
24549, 13680, 0, 0, 0
24649, 13280, 0, 0, 0
24750, 13760, 0, 0, 0
24850, 13760, 0, 0, 0
24950, 13760, 0, 0, 0
25050, 14080, 0, 0, 0
25150, 14480, 0, 0, 0
25249, 13737, 0, 0, 0
25350, 13600, 0, 0, 0
25450, 13360, 0, 0, 0
25550, 13680, 0, 0, 0
25650, 14080, 0, 0, 0
25749, 13979, 0, 0, 0
25849, 13920, 0, 0, 0
25949, 13760, 0, 0, 0
26049, 13280, 0, 0, 0
26149, 13440, 0, 0, 0
26250, 13520, 0, 0, 0
26350, 13840, 0, 0, 0
26450, 13360, 0, 0, 0
26550, 13920, 0, 0, 0
26650, 13600, 0, 0, 0
26749, 13898, 0, 0, 0
26849, 13600, 0, 0, 0
26949, 14160, 0, 0, 0
27049, 14080, 0, 0, 0
27149, 13760, 0, 0, 0
27250, 14000, 0, 0, 0
27350, 13600, 0, 0, 0
27450, 14080, 0, 0, 0
27550, 13520, 0, 0, 0
27650, 13520, 0, 0, 0
27749, 14464, 0, 0, 0
27849, 13600, 0, 0, 0
27949, 13680, 0, 0, 0
28049, 14080, 0, 0, 0
28150, 14080, 0, 0, 0
28249, 13898, 0, 0, 0
28349, 14000, 0, 0, 0
28449, 13600, 0, 0, 0
28549, 13840, 0, 0, 0
28649, 14080, 0, 0, 0
28749, 13200, 0, 0, 0
28849, 13920, 0, 0, 0
28949, 14080, 0, 0, 0
29049, 13200, 0, 0, 0
29150, 14400, 0, 0, 0
29249, 13979, 0, 0, 0
29349, 13680, 0, 0, 0
29449, 13680, 0, 0, 0
29549, 14320, 0, 0, 0
29649, 13520, 0, 0, 0
29749, 14160, 0, 0, 0
29849, 14400, 0, 0, 0
29949, 14480, 0, 0, 0
30049, 14240, 0, 0, 0
30149, 14480, 0, 0, 0
30250, 14240, 0, 0, 0
30350, 13920, 0, 0, 0
30450, 13440, 0, 0, 0
30550, 13760, 0, 0, 0
30650, 13920, 0, 0, 0
30749, 14060, 0, 0, 0
30849, 14000, 0, 0, 0
30949, 14160, 0, 0, 0
31049, 13680, 0, 0, 0
31149, 14000, 0, 0, 0
31249, 13840, 0, 0, 0
31349, 13200, 0, 0, 0
31449, 13600, 0, 0, 0
31549, 13920, 0, 0, 0
31649, 14240, 0, 0, 0
31749, 13920, 0, 0, 0
31849, 14160, 0, 0, 0
31950, 13440, 0, 0, 0
32050, 13840, 0, 0, 0
32150, 14080, 0, 0, 0
32249, 14222, 0, 0, 0
32349, 14400, 0, 0, 0
32449, 13840, 0, 0, 0
32549, 13920, 0, 0, 0
32650, 14320, 0, 0, 0
32749, 13737, 0, 0, 0
32849, 13440, 0, 0, 0
32949, 13680, 0, 0, 0
33049, 13280, 0, 0, 0
33149, 12960, 0, 0, 0
33249, 13280, 0, 0, 0
33349, 13680, 0, 0, 0
33449, 13440, 0, 0, 0
33549, 14000, 0, 0, 0
33649, 13680, 0, 0, 0
33750, 12960, 0, 0, 0
33850, 14000, 0, 0, 0
33950, 13680, 0, 0, 0
34050, 13040, 0, 0, 0
34150, 13360, 0, 0, 0
34249, 13656, 0, 0, 0
34349, 13440, 0, 0, 0
34449, 13120, 0, 0, 0
34549, 13440, 0, 0, 0
34649, 13520, 0, 0, 0
34749, 13520, 0, 0, 0
34849, 14720, 0, 0, 0
34949, 13600, 0, 0, 0
35049, 13360, 0, 0, 0
35149, 13840, 0, 0, 0
35250, 13600, 0, 0, 0
35350, 13520, 0, 0, 0
35450, 13040, 0, 0, 0
35550, 13760, 0, 0, 0
35650, 13840, 0, 0, 0
35749, 13656, 0, 0, 0
35849, 13520, 0, 0, 0
35950, 12720, 0, 0, 0
36050, 12880, 0, 0, 0
36150, 13040, 0, 0, 0
36249, 12686, 0, 0, 0
36349, 13120, 0, 0, 0
36449, 12560, 0, 0, 0
36549, 12720, 0, 0, 0
36649, 13280, 0, 0, 0
36749, 13414, 0, 0, 0
36849, 13440, 0, 0, 0
36949, 13840, 0, 0, 0
37049, 14080, 0, 0, 0
37149, 13760, 0, 0, 0
37249, 13280, 0, 0, 0
37349, 13600, 0, 0, 0
37449, 13600, 0, 0, 0
37550, 13520, 0, 0, 0
37650, 13520, 0, 0, 0
37749, 13171, 0, 0, 0
37849, 13040, 0, 0, 0
37949, 13120, 0, 0, 0
38049, 13520, 0, 0, 0
38149, 13600, 0, 0, 0
38250, 13360, 0, 0, 0
38350, 13280, 0, 0, 0
38450, 13520, 0, 0, 0
38550, 14080, 0, 0, 0
38650, 13600, 0, 0, 0
38750, 13494, 0, 0, 0
38850, 13600, 0, 0, 0
38950, 13440, 0, 0, 0
39050, 13600, 0, 0, 0
39150, 13440, 0, 0, 0
39249, 13979, 0, 0, 0
39349, 13360, 0, 0, 0
39449, 13360, 0, 0, 0
39549, 13520, 0, 0, 0
39649, 12720, 0, 0, 0
39750, 13360, 0, 0, 0
39850, 13360, 0, 0, 0
39950, 13600, 0, 0, 0
40050, 13120, 0, 0, 0
40150, 12960, 0, 0, 0
40249, 12686, 0, 0, 0
40349, 13280, 0, 0, 0
40449, 13440, 0, 0, 0
40550, 12880, 0, 0, 0
40650, 12880, 0, 0, 0
40749, 13090, 0, 0, 0
40849, 13280, 0, 0, 0
40949, 13200, 0, 0, 0
41049, 13440, 0, 0, 0
41149, 13200, 0, 0, 0
41249, 13520, 0, 0, 0
41349, 13120, 0, 0, 0
41449, 13440, 0, 0, 0
41549, 13040, 0, 0, 0
41649, 12960, 0, 0, 0
41750, 13440, 0, 0, 0
41850, 12880, 0, 0, 0
41950, 13040, 0, 0, 0
42050, 13200, 0, 0, 0
42150, 13440, 0, 0, 0
42249, 13414, 0, 0, 0
42349, 13680, 0, 0, 0
42449, 13120, 0, 0, 0
42549, 13280, 0, 0, 0
42649, 13440, 0, 0, 0
42749, 13280, 0, 0, 0
42849, 13920, 0, 0, 0
42950, 13200, 0, 0, 0
43050, 12960, 0, 0, 0
43150, 13440, 0, 0, 0
43249, 13252, 0, 0, 0
43349, 13600, 0, 0, 0
43449, 13680, 0, 0, 0
43550, 13440, 0, 0, 0
43650, 13120, 0, 0, 0
43749, 12929, 0, 0, 0
43849, 13680, 0, 0, 0
43949, 13200, 0, 0, 0
44049, 12640, 0, 0, 0
44149, 13360, 0, 0, 0
44249, 13040, 0, 0, 0
44349, 13120, 0, 0, 0
44450, 13520, 0, 0, 0
44550, 13680, 0, 0, 0
44650, 12640, 0, 0, 0
44749, 13333, 0, 0, 0
44849, 13120, 0, 0, 0
44949, 13840, 0, 0, 0
45049, 13360, 0, 0, 0
45149, 13360, 0, 0, 0
45249, 12720, 0, 0, 0
45349, 13280, 0, 0, 0
45449, 13040, 0, 0, 0
45549, 12720, 0, 0, 0
45650, 12160, 0, 0, 0
45749, 12767, 0, 0, 0
45849, 12880, 0, 0, 0
45949, 13440, 0, 0, 0
46049, 13280, 0, 0, 0
46149, 13440, 0, 0, 0
46249, 13200, 0, 0, 0
46350, 13440, 0, 0, 0
46450, 13280, 0, 0, 0
46550, 13040, 0, 0, 0
46650, 13200, 0, 0, 0
46749, 12929, 0, 0, 0
46849, 13520, 0, 0, 0
46949, 13040, 0, 0, 0
47049, 12880, 0, 0, 0
47149, 12800, 0, 0, 0
47249, 12880, 0, 0, 0
47350, 12880, 0, 0, 0
47450, 12880, 0, 0, 0
47550, 13040, 0, 0, 0
47650, 12880, 0, 0, 0
47749, 12525, 0, 0, 0
47849, 12560, 0, 0, 0
47949, 12800, 0, 0, 0
48049, 12720, 0, 0, 0
48149, 12800, 0, 0, 0
48250, 13040, 0, 0, 0
48350, 13040, 0, 0, 0
48450, 12640, 0, 0, 0
48550, 13120, 0, 0, 0
48650, 12720, 0, 0, 0
48749, 12606, 0, 0, 0
48849, 12880, 0, 0, 0
48949, 12320, 0, 0, 0
49049, 12960, 0, 0, 0
49149, 12160, 0, 0, 0
49250, 12000, 0, 0, 0
49350, 12640, 0, 0, 0
49450, 12480, 0, 0, 0
49550, 12400, 0, 0, 0
49650, 11840, 0, 0, 0
49749, 13090, 0, 0, 0
49849, 12560, 0, 0, 0
49949, 12480, 0, 0, 0
50049, 12160, 0, 0, 0
50149, 12080, 0, 0, 0
50250, 12880, 0, 0, 0
50350, 12720, 0, 0, 0
50450, 12720, 0, 0, 0
50550, 12800, 0, 0, 0
50650, 12480, 0, 0, 0
50749, 12363, 0, 0, 0
50849, 12320, 0, 0, 0
50949, 12800, 0, 0, 0
51050, 12880, 0, 0, 0
51150, 13120, 0, 0, 0
51249, 13090, 0, 0, 0
51349, 12560, 0, 0, 0
51449, 12640, 0, 0, 0
51549, 12240, 0, 0, 0
51649, 12720, 0, 0, 0
51749, 12400, 0, 0, 0
51849, 12480, 0, 0, 0
51950, 12800, 0, 0, 0
52050, 13120, 0, 0, 0
52150, 12720, 0, 0, 0
52249, 13656, 0, 0, 0
52349, 12800, 0, 0, 0
52450, 12720, 0, 0, 0
52550, 12880, 0, 0, 0
52650, 12240, 0, 0, 0
52749, 12929, 0, 0, 0
52849, 12960, 0, 0, 0
52949, 12800, 0, 0, 0
53049, 12400, 0, 0, 0
53150, 12080, 0, 0, 0
53249, 12929, 0, 0, 0
53349, 12480, 0, 0, 0
53449, 12800, 0, 0, 0
53549, 13440, 0, 0, 0
53649, 13600, 0, 0, 0
53749, 12800, 0, 0, 0
53850, 13120, 0, 0, 0
53950, 12960, 0, 0, 0
54050, 12560, 0, 0, 0
54150, 12720, 0, 0, 0
54249, 12121, 0, 0, 0
54349, 12560, 0, 0, 0
54450, 13200, 0, 0, 0
54550, 13040, 0, 0, 0
54650, 13520, 0, 0, 0
54749, 13010, 0, 0, 0
54849, 12720, 0, 0, 0
54949, 13360, 0, 0, 0
55049, 13600, 0, 0, 0
55149, 13200, 0, 0, 0
55250, 13280, 0, 0, 0
55350, 13200, 0, 0, 0
55450, 13680, 0, 0, 0
55550, 13760, 0, 0, 0
55650, 13280, 0, 0, 0
55749, 12606, 0, 0, 0
55849, 12720, 0, 0, 0
55949, 12800, 0, 0, 0
56049, 13040, 0, 0, 0
56149, 12560, 0, 0, 0
56249, 12240, 0, 0, 0
56350, 12960, 0, 0, 0
56450, 12800, 0, 0, 0
56550, 13200, 0, 0, 0
56650, 13200, 0, 0, 0
56749, 12929, 0, 0, 0
56849, 13120, 0, 0, 0
56949, 12880, 0, 0, 0
57049, 13040, 0, 0, 0
57149, 13200, 0, 0, 0
57249, 13120, 0, 0, 0
57349, 13440, 0, 0, 0
57449, 13040, 0, 0, 0
57549, 13600, 0, 0, 0
57650, 12560, 0, 0, 0
57750, 12960, 0, 0, 0
57850, 13360, 0, 0, 0
57950, 12640, 0, 0, 0
58050, 13120, 0, 0, 0
58150, 12880, 0, 0, 0
58249, 12686, 0, 0, 0
58349, 13200, 0, 0, 0
58449, 13040, 0, 0, 0
58549, 12560, 0, 0, 0
58649, 13040, 0, 0, 0
58749, 13040, 0, 0, 0
58849, 13280, 0, 0, 0
58950, 13040, 0, 0, 0
59050, 12800, 0, 0, 0
59150, 12720, 0, 0, 0
59249, 12282, 0, 0, 0
59349, 12800, 0, 0, 0
59449, 12720, 0, 0, 0
59549, 12480, 0, 0, 0
59649, 12400, 0, 0, 0
59749, 12560, 0, 0, 0
59849, 12720, 0, 0, 0
59950, 12800, 0, 0, 0
60050, 12720, 0, 0, 0
60150, 12880, 0, 0, 0
60249, 12686, 0, 0, 0
60349, 12800, 0, 0, 0
60449, 13120, 0, 0, 0
60549, 12720, 0, 0, 0
60649, 13280, 0, 0, 0
60749, 12800, 0, 0, 0
60849, 13280, 0, 0, 0
60949, 12800, 0, 0, 0
61049, 12880, 0, 0, 0
61149, 12880, 0, 0, 0
61249, 12880, 0, 0, 0
61349, 12800, 0, 0, 0
61449, 13200, 0, 0, 0
61550, 12160, 0, 0, 0
61650, 12480, 0, 0, 0
61749, 12525, 0, 0, 0
61849, 12480, 0, 0, 0
61949, 12560, 0, 0, 0
62049, 12720, 0, 0, 0
62149, 13120, 0, 0, 0
62250, 12560, 0, 0, 0
62350, 12720, 0, 0, 0
62450, 12320, 0, 0, 0
62550, 12560, 0, 0, 0
62650, 12480, 0, 0, 0
62749, 12040, 0, 0, 0
62849, 12480, 0, 0, 0
62949, 12880, 0, 0, 0
63049, 12400, 0, 0, 0
63149, 12560, 0, 0, 0
63249, 12880, 0, 0, 0
63350, 12880, 0, 0, 0
63450, 12960, 0, 0, 0
63550, 13440, 0, 0, 0
63650, 12560, 0, 0, 0
63749, 13252, 0, 0, 0
63849, 12800, 0, 0, 0
63949, 12800, 0, 0, 0
64049, 13200, 0, 0, 0
64149, 12720, 0, 0, 0
64250, 13040, 0, 0, 0
64350, 12240, 0, 0, 0
64450, 12720, 0, 0, 0
64550, 12560, 0, 0, 0
64650, 12800, 0, 0, 0
64749, 13252, 0, 0, 0
64849, 12320, 0, 0, 0
64949, 12720, 0, 0, 0
65049, 13360, 0, 0, 0
65150, 12560, 0, 0, 0
65249, 13090, 0, 0, 0
65349, 13040, 0, 0, 0
65449, 13760, 0, 0, 0
65549, 13040, 0, 0, 0
65649, 13520, 0, 0, 0
65749, 12800, 0, 0, 0
65849, 13280, 0, 0, 0
65949, 13600, 0, 0, 0
66049, 13120, 0, 0, 0
66149, 13120, 0, 0, 0
66250, 13280, 0, 0, 0
66350, 12560, 0, 0, 0
66450, 12800, 0, 0, 0
66550, 12320, 0, 0, 0
66650, 12720, 0, 0, 0
66749, 13010, 0, 0, 0
66849, 12800, 0, 0, 0
66949, 12960, 0, 0, 0
67049, 13440, 0, 0, 0
67149, 13040, 0, 0, 0
67249, 12880, 0, 0, 0
67349, 13120, 0, 0, 0
67449, 13360, 0, 0, 0
67549, 13040, 0, 0, 0
67650, 12720, 0, 0, 0
67749, 13010, 0, 0, 0
67849, 12560, 0, 0, 0
67949, 12560, 0, 0, 0
68049, 13040, 0, 0, 0
68149, 12640, 0, 0, 0
68249, 12560, 0, 0, 0
68349, 13120, 0, 0, 0
68450, 13360, 0, 0, 0
68550, 12720, 0, 0, 0
68650, 12560, 0, 0, 0
68749, 12686, 0, 0, 0
68849, 12800, 0, 0, 0
68949, 12480, 0, 0, 0
69049, 12640, 0, 0, 0
69149, 13360, 0, 0, 0
69249, 13680, 0, 0, 0
69349, 13280, 0, 0, 0
69449, 12880, 0, 0, 0
69550, 12960, 0, 0, 0
69650, 12800, 0, 0, 0
69749, 12929, 0, 0, 0
69849, 12880, 0, 0, 0
69949, 12480, 0, 0, 0
70049, 12640, 0, 0, 0
70149, 12480, 0, 0, 0
70249, 13280, 0, 0, 0
70349, 12400, 0, 0, 0
70449, 12400, 0, 0, 0
70549, 13200, 0, 0, 0
70649, 13040, 0, 0, 0
70750, 12880, 0, 0, 0
70850, 12480, 0, 0, 0
70950, 12640, 0, 0, 0
71050, 13280, 0, 0, 0
71150, 13360, 0, 0, 0
71249, 13090, 0, 0, 0
71349, 12880, 0, 0, 0
71449, 12720, 0, 0, 0
71549, 12560, 0, 0, 0
71649, 12400, 0, 0, 0
71750, 12480, 0, 0, 0
71850, 13040, 0, 0, 0
71950, 13280, 0, 0, 0
72050, 12800, 0, 0, 0
72150, 12800, 0, 0, 0
72249, 13171, 0, 0, 0
72349, 12560, 0, 0, 0
72449, 13200, 0, 0, 0
72549, 12960, 0, 0, 0
72649, 12480, 0, 0, 0
72749, 12960, 0, 0, 0
72849, 12800, 0, 0, 0
72949, 12880, 0, 0, 0
73049, 13120, 0, 0, 0
73149, 12720, 0, 0, 0
73250, 13280, 0, 0, 0
73350, 13200, 0, 0, 0
73450, 13280, 0, 0, 0
73550, 13520, 0, 0, 0
73650, 13760, 0, 0, 0
73749, 12929, 0, 0, 0
73849, 12320, 0, 0, 0
73949, 12240, 0, 0, 0
74049, 12400, 0, 0, 0
74149, 12800, 0, 0, 0
74249, 12560, 0, 0, 0
74349, 12640, 0, 0, 0
74450, 13120, 0, 0, 0
74550, 12960, 0, 0, 0
74650, 12720, 0, 0, 0
74749, 12525, 0, 0, 0
74849, 13440, 0, 0, 0
74949, 13040, 0, 0, 0
75049, 13200, 0, 0, 0
75149, 12480, 0, 0, 0
75250, 13120, 0, 0, 0
75350, 12720, 0, 0, 0
75450, 12880, 0, 0, 0
75550, 13120, 0, 0, 0
75650, 12800, 0, 0, 0
75749, 13171, 0, 0, 0
75849, 13040, 0, 0, 0
75949, 12720, 0, 0, 0
76049, 13280, 0, 0, 0
76149, 13200, 0, 0, 0
76249, 12880, 0, 0, 0
76350, 12320, 0, 0, 0
76450, 12400, 0, 0, 0
76550, 13040, 0, 0, 0
76650, 12240, 0, 0, 0
76749, 12767, 0, 0, 0
76849, 13120, 0, 0, 0
76949, 13360, 0, 0, 0
77049, 12640, 0, 0, 0
77149, 12640, 0, 0, 0
77249, 12720, 0, 0, 0
77349, 12320, 0, 0, 0
77449, 12880, 0, 0, 0
77550, 12640, 0, 0, 0
77650, 13200, 0, 0, 0
77749, 13171, 0, 0, 0
77849, 13440, 0, 0, 0
77949, 12960, 0, 0, 0
78049, 12880, 0, 0, 0
78149, 12480, 0, 0, 0
78249, 12240, 0, 0, 0
78349, 12400, 0, 0, 0
78449, 12720, 0, 0, 0
78550, 13120, 0, 0, 0
78650, 12800, 0, 0, 0
78749, 12848, 0, 0, 0
78849, 12480, 0, 0, 0
78949, 12800, 0, 0, 0
79049, 12960, 0, 0, 0
79149, 13040, 0, 0, 0
79249, 12880, 0, 0, 0
79349, 12640, 0, 0, 0
79449, 12480, 0, 0, 0
79549, 12320, 0, 0, 0
79649, 12160, 0, 0, 0
79749, 12320, 0, 0, 0
79849, 12400, 0, 0, 0
79949, 12560, 0, 0, 0
80050, 12480, 0, 0, 0
80150, 12320, 0, 0, 0
80249, 12606, 0, 0, 0
80349, 12320, 0, 0, 0
80449, 12960, 0, 0, 0
80549, 12560, 0, 0, 0
80649, 12640, 0, 0, 0
80749, 12240, 0, 0, 0
80849, 12720, 0, 0, 0
80949, 12640, 0, 0, 0
81049, 12080, 0, 0, 0
81149, 12560, 0, 0, 0
81249, 12400, 0, 0, 0
81349, 12720, 0, 0, 0
81449, 12880, 0, 0, 0
81550, 12720, 0, 0, 0
81650, 13040, 0, 0, 0
81749, 12686, 0, 0, 0
81849, 12640, 0, 0, 0
81949, 12720, 0, 0, 0
82049, 12560, 0, 0, 0
82149, 12480, 0, 0, 0
82250, 12880, 0, 0, 0
82350, 12640, 0, 0, 0
82450, 12640, 0, 0, 0
82550, 12720, 0, 0, 0
82650, 12720, 0, 0, 0
82749, 13171, 0, 0, 0
82849, 13120, 0, 0, 0
82949, 13280, 0, 0, 0
83049, 12640, 0, 0, 0
83149, 12960, 0, 0, 0
83250, 12560, 0, 0, 0
83350, 12880, 0, 0, 0
83450, 13280, 0, 0, 0
83550, 13280, 0, 0, 0
83650, 13280, 0, 0, 0
83749, 12848, 0, 0, 0
83849, 12960, 0, 0, 0
83949, 12560, 0, 0, 0
84049, 13040, 0, 0, 0
84149, 13120, 0, 0, 0
84249, 13520, 0, 0, 0
84349, 12880, 0, 0, 0
84449, 12960, 0, 0, 0
84549, 13040, 0, 0, 0
84649, 12960, 0, 0, 0
84749, 12880, 0, 0, 0
84850, 13040, 0, 0, 0
84950, 12880, 0, 0, 0
85050, 13200, 0, 0, 0
85150, 12880, 0, 0, 0
85249, 12444, 0, 0, 0
85349, 12800, 0, 0, 0
85449, 12400, 0, 0, 0
85549, 12960, 0, 0, 0
85649, 13280, 0, 0, 0
85750, 12640, 0, 0, 0
85850, 12880, 0, 0, 0
85950, 12720, 0, 0, 0
86050, 13040, 0, 0, 0
86150, 13040, 0, 0, 0
86249, 12686, 0, 0, 0
86349, 12720, 0, 0, 0
86449, 13120, 0, 0, 0
86550, 12560, 0, 0, 0
86650, 13120, 0, 0, 0
86749, 12767, 0, 0, 0
86849, 12400, 0, 0, 0
86949, 12640, 0, 0, 0
87049, 12880, 0, 0, 0
87149, 12480, 0, 0, 0
87249, 13040, 0, 0, 0
87349, 12720, 0, 0, 0
87450, 12480, 0, 0, 0
87550, 12320, 0, 0, 0
87650, 12480, 0, 0, 0
87749, 12767, 0, 0, 0
87849, 13040, 0, 0, 0
87949, 12480, 0, 0, 0
88049, 12720, 0, 0, 0
88150, 12480, 0, 0, 0
88250, 12240, 0, 0, 0
88350, 12720, 0, 0, 0
88450, 12880, 0, 0, 0
88550, 12720, 0, 0, 0
88650, 13040, 0, 0, 0
88749, 12606, 0, 0, 0
88849, 12640, 0, 0, 0
88949, 12480, 0, 0, 0
89049, 12960, 0, 0, 0
89149, 12720, 0, 0, 0
89249, 12480, 0, 0, 0
89349, 12640, 0, 0, 0
89449, 12160, 0, 0, 0
89549, 12880, 0, 0, 0
89649, 12960, 0, 0, 0
89749, 13040, 0, 0, 0
89850, 12400, 0, 0, 0
89950, 12880, 0, 0, 0
