250, 92544, 0, 0, 0
350, 98240, 0, 0, 0
450, 98880, 0, 0, 0
550, 97280, 0, 0, 0
650, 94720, 0, 0, 0
749, 96000, 0, 0, 0
849, 91840, 0, 0, 0
949, 91520, 0, 0, 0
1049, 95360, 0, 0, 0
1149, 99520, 0, 0, 0
1250, 99520, 0, 0, 0
1350, 97600, 0, 0, 0
1450, 95680, 0, 0, 0
1550, 97600, 0, 0, 0
1650, 96320, 0, 0, 0
1749, 96646, 0, 0, 0
1849, 94400, 0, 0, 0
1949, 95680, 0, 0, 0
2049, 100800, 0, 0, 0
2149, 100480, 0, 0, 0
2249, 98560, 0, 0, 0
2349, 93120, 0, 0, 0
2449, 99840, 0, 0, 0
2550, 96000, 0, 0, 0
2650, 96640, 0, 0, 0
2749, 94707, 0, 0, 0
2849, 93120, 0, 0, 0
2949, 97280, 0, 0, 0
3049, 97280, 0, 0, 0
3149, 96640, 0, 0, 0
3249, 101440, 0, 0, 0
3349, 96960, 0, 0, 0
3449, 99200, 0, 0, 0
3549, 98240, 0, 0, 0
3649, 99520, 0, 0, 0
3750, 105600, 0, 0, 0
3850, 101440, 0, 0, 0
3950, 100800, 0, 0, 0
4050, 97600, 0, 0, 0
4150, 95360, 0, 0, 0
4249, 100525, 0, 0, 0
4349, 93760, 0, 0, 0
4449, 95360, 0, 0, 0
4549, 104640, 0, 0, 0
4649, 103360, 0, 0, 0
4750, 94400, 0, 0, 0
4850, 96320, 0, 0, 0
4950, 96000, 0, 0, 0
5050, 100160, 0, 0, 0
5150, 97600, 0, 0, 0
5249, 96000, 0, 0, 0
5349, 94080, 0, 0, 0
5449, 95040, 0, 0, 0
5549, 96320, 0, 0, 0
5649, 96640, 0, 0, 0
5749, 94400, 0, 0, 0
5849, 100160, 0, 0, 0
5949, 100800, 0, 0, 0
6050, 97920, 0, 0, 0
6150, 96640, 0, 0, 0
6249, 98262, 0, 0, 0
6349, 94400, 0, 0, 0
6449, 93440, 0, 0, 0
6549, 96640, 0, 0, 0
6649, 93440, 0, 0, 0
6749, 95360, 0, 0, 0
6849, 98880, 0, 0, 0
6949, 98240, 0, 0, 0
7049, 94720, 0, 0, 0
7150, 95040, 0, 0, 0
7249, 94383, 0, 0, 0
7349, 96960, 0, 0, 0
7449, 93120, 0, 0, 0
7549, 96000, 0, 0, 0
7649, 97280, 0, 0, 0
7749, 98240, 0, 0, 0
7849, 102400, 0, 0, 0
7949, 101760, 0, 0, 0
8049, 98240, 0, 0, 0
8149, 101440, 0, 0, 0
8250, 103680, 0, 0, 0
8350, 103360, 0, 0, 0
8450, 99520, 0, 0, 0
8550, 96000, 0, 0, 0
8650, 96320, 0, 0, 0
8749, 97616, 0, 0, 0
8849, 102720, 0, 0, 0
8949, 98560, 0, 0, 0
9049, 90240, 0, 0, 0
9149, 96000, 0, 0, 0
9249, 100160, 0, 0, 0
9349, 102720, 0, 0, 0
9449, 95680, 0, 0, 0
9550, 97280, 0, 0, 0
9650, 95680, 0, 0, 0
9749, 97292, 0, 0, 0
9849, 94080, 0, 0, 0
9949, 93120, 0, 0, 0
10049, 93120, 0, 0, 0
10149, 98560, 0, 0, 0
10249, 98880, 0, 0, 0
10349, 99520, 0, 0, 0
10449, 98560, 0, 0, 0
10549, 102720, 0, 0, 0
10649, 101120, 0, 0, 0
10750, 100160, 0, 0, 0
10850, 96960, 0, 0, 0
10950, 95040, 0, 0, 0
11050, 93120, 0, 0, 0
11150, 92480, 0, 0, 0
11249, 98262, 0, 0, 0
11349, 100480, 0, 0, 0
11449, 92800, 0, 0, 0
11549, 94720, 0, 0, 0
11649, 99520, 0, 0, 0
11749, 97920, 0, 0, 0
11850, 95360, 0, 0, 0
11950, 95680, 0, 0, 0
12050, 96320, 0, 0, 0
12150, 96960, 0, 0, 0
12249, 100848, 0, 0, 0
12349, 100800, 0, 0, 0
12449, 99520, 0, 0, 0
12549, 94080, 0, 0, 0
12649, 94400, 0, 0, 0
12749, 95360, 0, 0, 0
12849, 92800, 0, 0, 0
12949, 95360, 0, 0, 0
13050, 96320, 0, 0, 0
13150, 98240, 0, 0, 0
13249, 101171, 0, 0, 0
13349, 95360, 0, 0, 0
13449, 95680, 0, 0, 0
13549, 95680, 0, 0, 0
13649, 95680, 0, 0, 0
13749, 93760, 0, 0, 0
13849, 93760, 0, 0, 0
13949, 94720, 0, 0, 0
14049, 97280, 0, 0, 0
14149, 98240, 0, 0, 0
14250, 102080, 0, 0, 0
14350, 97600, 0, 0, 0
14450, 103680, 0, 0, 0
14550, 101760, 0, 0, 0
14650, 103680, 0, 0, 0
14749, 98585, 0, 0, 0
14849, 98560, 0, 0, 0
14949, 98240, 0, 0, 0
15049, 96960, 0, 0, 0
15149, 95680, 0, 0, 0
15250, 96320, 0, 0, 0
15350, 96960, 0, 0, 0
15450, 97920, 0, 0, 0
15550, 99840, 0, 0, 0
15650, 103040, 0, 0, 0
15749, 101494, 0, 0, 0
15849, 97600, 0, 0, 0
15949, 95360, 0, 0, 0
16049, 94720, 0, 0, 0
16149, 90240, 0, 0, 0
16249, 92160, 0, 0, 0
16349, 98880, 0, 0, 0
16449, 94720, 0, 0, 0
16550, 94720, 0, 0, 0
16650, 92480, 0, 0, 0
16749, 94060, 0, 0, 0
16849, 95360, 0, 0, 0
16949, 98560, 0, 0, 0
17049, 97920, 0, 0, 0
17149, 96320, 0, 0, 0
17249, 96640, 0, 0, 0
17349, 97280, 0, 0, 0
17449, 102080, 0, 0, 0
17549, 100160, 0, 0, 0
17649, 93760, 0, 0, 0
17750, 96320, 0, 0, 0
17850, 98560, 0, 0, 0
17950, 96000, 0, 0, 0
18050, 95360, 0, 0, 0
18150, 92480, 0, 0, 0
18249, 96969, 0, 0, 0
18349, 95680, 0, 0, 0
18449, 101440, 0, 0, 0
18549, 102080, 0, 0, 0
18649, 99200, 0, 0, 0
18749, 96960, 0, 0, 0
18850, 98880, 0, 0, 0
18950, 97280, 0, 0, 0
19050, 95040, 0, 0, 0
19150, 103040, 0, 0, 0
19249, 101494, 0, 0, 0
19349, 102720, 0, 0, 0
19449, 97600, 0, 0, 0
19549, 96960, 0, 0, 0
19649, 95040, 0, 0, 0
19749, 93440, 0, 0, 0
19849, 96960, 0, 0, 0
19949, 97600, 0, 0, 0
20050, 96000, 0, 0, 0
20150, 97600, 0, 0, 0
20249, 101171, 0, 0, 0
20349, 100800, 0, 0, 0
20449, 95040, 0, 0, 0
20549, 93760, 0, 0, 0
20649, 93440, 0, 0, 0
20749, 95360, 0, 0, 0
20849, 94720, 0, 0, 0
20949, 94720, 0, 0, 0
21049, 94720, 0, 0, 0
21149, 94400, 0, 0, 0
21250, 92800, 0, 0, 0
21350, 103680, 0, 0, 0
21450, 104000, 0, 0, 0
21550, 101120, 0, 0, 0
21650, 96960, 0, 0, 0
21749, 100525, 0, 0, 0
21849, 101440, 0, 0, 0
21949, 96960, 0, 0, 0
22049, 104640, 0, 0, 0
22149, 101120, 0, 0, 0
22249, 94720, 0, 0, 0
22350, 97600, 0, 0, 0
22450, 103040, 0, 0, 0
22550, 103040, 0, 0, 0
22650, 103680, 0, 0, 0
22749, 102787, 0, 0, 0
22849, 104640, 0, 0, 0
22949, 96640, 0, 0, 0
23049, 95040, 0, 0, 0
23149, 95360, 0, 0, 0
23249, 98560, 0, 0, 0
23349, 97600, 0, 0, 0
23449, 102080, 0, 0, 0
23550, 98880, 0, 0, 0
23650, 94720, 0, 0, 0
23749, 95676, 0, 0, 0
23849, 92480, 0, 0, 0
23949, 97920, 0, 0, 0
24049, 93760, 0, 0, 0
24149, 93440, 0, 0, 0
24249, 96000, 0, 0, 0
24349, 98560, 0, 0, 0
24449, 102400, 0, 0, 0
24549, 98880, 0, 0, 0
24649, 95360, 0, 0, 0
24750, 96640, 0, 0, 0
24850, 95360, 0, 0, 0
24950, 93120, 0, 0, 0
25050, 96320, 0, 0, 0
25150, 95360, 0, 0, 0
25249, 97292, 0, 0, 0
25349, 101440, 0, 0, 0
25449, 104960, 0, 0, 0
25549, 99840, 0, 0, 0
25649, 92800, 0, 0, 0
25749, 94080, 0, 0, 0
25849, 94080, 0, 0, 0
25949, 93760, 0, 0, 0
26050, 96000, 0, 0, 0
26150, 99200, 0, 0, 0
26249, 96000, 0, 0, 0
26349, 95360, 0, 0, 0
26449, 96960, 0, 0, 0
26549, 96960, 0, 0, 0
26649, 96000, 0, 0, 0
26749, 97280, 0, 0, 0
26849, 96320, 0, 0, 0
26949, 96640, 0, 0, 0
27050, 100800, 0, 0, 0
27150, 101440, 0, 0, 0
27249, 101171, 0, 0, 0
27349, 96960, 0, 0, 0
27449, 93120, 0, 0, 0
27549, 95680, 0, 0, 0
27649, 93760, 0, 0, 0
27749, 95680, 0, 0, 0
27849, 95680, 0, 0, 0
27949, 96000, 0, 0, 0
28049, 96000, 0, 0, 0
28149, 101440, 0, 0, 0
28250, 104640, 0, 0, 0
28350, 94720, 0, 0, 0
28450, 92800, 0, 0, 0
28550, 96960, 0, 0, 0
28650, 95680, 0, 0, 0
28749, 96323, 0, 0, 0
28849, 97600, 0, 0, 0
28949, 98560, 0, 0, 0
29049, 94080, 0, 0, 0
29149, 93120, 0, 0, 0
29249, 93120, 0, 0, 0
29349, 96960, 0, 0, 0
29449, 95680, 0, 0, 0
29550, 93760, 0, 0, 0
29650, 98880, 0, 0, 0
29749, 96323, 0, 0, 0
29849, 95360, 0, 0, 0
29949, 95040, 0, 0, 0
30049, 96320, 0, 0, 0
30149, 97280, 0, 0, 0
30249, 100800, 0, 0, 0
30349, 98240, 0, 0, 0
30449, 96640, 0, 0, 0
30549, 93440, 0, 0, 0
30650, 94400, 0, 0, 0
30749, 96969, 0, 0, 0
30849, 97600, 0, 0, 0
30949, 96320, 0, 0, 0
31049, 96960, 0, 0, 0
31149, 96640, 0, 0, 0
31249, 96640, 0, 0, 0
31349, 97280, 0, 0, 0
31449, 95360, 0, 0, 0
31549, 100480, 0, 0, 0
31649, 96320, 0, 0, 0
31750, 93440, 0, 0, 0
31850, 96960, 0, 0, 0
31950, 95360, 0, 0, 0
32050, 96000, 0, 0, 0
32150, 96320, 0, 0, 0
32249, 95353, 0, 0, 0
32349, 92800, 0, 0, 0
32449, 96960, 0, 0, 0
32549, 100800, 0, 0, 0
32649, 104320, 0, 0, 0
32749, 101120, 0, 0, 0
32849, 100480, 0, 0, 0
32949, 95360, 0, 0, 0
33050, 95680, 0, 0, 0
33150, 94080, 0, 0, 0
33249, 95676, 0, 0, 0
33349, 96000, 0, 0, 0
33449, 94720, 0, 0, 0
33549, 96000, 0, 0, 0
33649, 99200, 0, 0, 0
33749, 101120, 0, 0, 0
33849, 97280, 0, 0, 0
33949, 93760, 0, 0, 0
34049, 97280, 0, 0, 0
34149, 100160, 0, 0, 0
34250, 102400, 0, 0, 0
34350, 94720, 0, 0, 0
34450, 101760, 0, 0, 0
34550, 103040, 0, 0, 0
34650, 101120, 0, 0, 0
34749, 102141, 0, 0, 0
34849, 99520, 0, 0, 0
34949, 96960, 0, 0, 0
35049, 95360, 0, 0, 0
35149, 95680, 0, 0, 0
35249, 97600, 0, 0, 0
35349, 96640, 0, 0, 0
35450, 95680, 0, 0, 0
35550, 103360, 0, 0, 0
35650, 100480, 0, 0, 0
35749, 98909, 0, 0, 0
35849, 97920, 0, 0, 0
35949, 95360, 0, 0, 0
36049, 94720, 0, 0, 0
36149, 93760, 0, 0, 0
36249, 95360, 0, 0, 0
36349, 102400, 0, 0, 0
36449, 101440, 0, 0, 0
36549, 95360, 0, 0, 0
36650, 93440, 0, 0, 0
36749, 94060, 0, 0, 0
36849, 96640, 0, 0, 0
36949, 94400, 0, 0, 0
37049, 95360, 0, 0, 0
37149, 95040, 0, 0, 0
37249, 96000, 0, 0, 0
37349, 96320, 0, 0, 0
37449, 96320, 0, 0, 0
37549, 99840, 0, 0, 0
37649, 93760, 0, 0, 0
37750, 97600, 0, 0, 0
37850, 97920, 0, 0, 0
37950, 96640, 0, 0, 0
38050, 97920, 0, 0, 0
38150, 92800, 0, 0, 0
38249, 95676, 0, 0, 0
38349, 95360, 0, 0, 0
38449, 94720, 0, 0, 0
38549, 102080, 0, 0, 0
38649, 103360, 0, 0, 0
38749, 100160, 0, 0, 0
38849, 99840, 0, 0, 0
38950, 94400, 0, 0, 0
39050, 96320, 0, 0, 0
39150, 95360, 0, 0, 0
39249, 100848, 0, 0, 0
39349, 97920, 0, 0, 0
39449, 101120, 0, 0, 0
39549, 102400, 0, 0, 0
39649, 99840, 0, 0, 0
39749, 97280, 0, 0, 0
39849, 97600, 0, 0, 0
39949, 94080, 0, 0, 0
40049, 99840, 0, 0, 0
40150, 99520, 0, 0, 0
40249, 95030, 0, 0, 0
40349, 93760, 0, 0, 0
40449, 95040, 0, 0, 0
40549, 92480, 0, 0, 0
40649, 99840, 0, 0, 0
40749, 101120, 0, 0, 0
40849, 96320, 0, 0, 0
40949, 96000, 0, 0, 0
41049, 90880, 0, 0, 0
41149, 96000, 0, 0, 0
41250, 96640, 0, 0, 0
41350, 93440, 0, 0, 0
41450, 95040, 0, 0, 0
41550, 99200, 0, 0, 0
41650, 94080, 0, 0, 0
41749, 91151, 0, 0, 0
41849, 95360, 0, 0, 0
41949, 97280, 0, 0, 0
42049, 95680, 0, 0, 0
42149, 94400, 0, 0, 0
42249, 92480, 0, 0, 0
42349, 87680, 0, 0, 0
42449, 87360, 0, 0, 0
42550, 87360, 0, 0, 0
42650, 85120, 0, 0, 0
42749, 85656, 0, 0, 0
42849, 92160, 0, 0, 0
42949, 92480, 0, 0, 0
43049, 90240, 0, 0, 0
43149, 92160, 0, 0, 0
43249, 89920, 0, 0, 0
43349, 98240, 0, 0, 0
43449, 96000, 0, 0, 0
43549, 90880, 0, 0, 0
43649, 92480, 0, 0, 0
43750, 90880, 0, 0, 0
43850, 92160, 0, 0, 0
43950, 89920, 0, 0, 0
44050, 89280, 0, 0, 0
44150, 90880, 0, 0, 0
44249, 89212, 0, 0, 0
44349, 88000, 0, 0, 0
44449, 92480, 0, 0, 0
44549, 97600, 0, 0, 0
44649, 98240, 0, 0, 0
44750, 94400, 0, 0, 0
44850, 89280, 0, 0, 0
44950, 88960, 0, 0, 0
45050, 90560, 0, 0, 0
45150, 95040, 0, 0, 0
45249, 97292, 0, 0, 0
45349, 96000, 0, 0, 0
45449, 90560, 0, 0, 0
45549, 90880, 0, 0, 0
45649, 90880, 0, 0, 0
45749, 91200, 0, 0, 0
45849, 92160, 0, 0, 0
45949, 92160, 0, 0, 0
46050, 92800, 0, 0, 0
46150, 93760, 0, 0, 0
46249, 92444, 0, 0, 0
46349, 95360, 0, 0, 0
46449, 98240, 0, 0, 0
46549, 91840, 0, 0, 0
46649, 89920, 0, 0, 0
46749, 91520, 0, 0, 0
46849, 89920, 0, 0, 0
46949, 91840, 0, 0, 0
47049, 91520, 0, 0, 0
47149, 94720, 0, 0, 0
47250, 90240, 0, 0, 0
47350, 96640, 0, 0, 0
47450, 89920, 0, 0, 0
47550, 90880, 0, 0, 0
47650, 90240, 0, 0, 0
47749, 95030, 0, 0, 0
47849, 90560, 0, 0, 0
47949, 88320, 0, 0, 0
48049, 90240, 0, 0, 0
48149, 96320, 0, 0, 0
48249, 91520, 0, 0, 0
48349, 90880, 0, 0, 0
48449, 90880, 0, 0, 0
48550, 93120, 0, 0, 0
48650, 91200, 0, 0, 0
48749, 92767, 0, 0, 0
48849, 97280, 0, 0, 0
48949, 97920, 0, 0, 0
49049, 95680, 0, 0, 0
49149, 92800, 0, 0, 0
49249, 94400, 0, 0, 0
49349, 95680, 0, 0, 0
49449, 96000, 0, 0, 0
49550, 91840, 0, 0, 0
49650, 90880, 0, 0, 0
49749, 95353, 0, 0, 0
49849, 96000, 0, 0, 0
49949, 91520, 0, 0, 0
50049, 90880, 0, 0, 0
50149, 89920, 0, 0, 0
50249, 92160, 0, 0, 0
50349, 94080, 0, 0, 0
50449, 90880, 0, 0, 0
50549, 91520, 0, 0, 0
50649, 90880, 0, 0, 0
50750, 93120, 0, 0, 0
50850, 90560, 0, 0, 0
50950, 91200, 0, 0, 0
51050, 93760, 0, 0, 0
51150, 97600, 0, 0, 0
51249, 92444, 0, 0, 0
51349, 91200, 0, 0, 0
51449, 94080, 0, 0, 0
51549, 92800, 0, 0, 0
51649, 93760, 0, 0, 0
51749, 93760, 0, 0, 0
51849, 95360, 0, 0, 0
51949, 92160, 0, 0, 0
52050, 94080, 0, 0, 0
52150, 95040, 0, 0, 0
52249, 95676, 0, 0, 0
52349, 94720, 0, 0, 0
52449, 92160, 0, 0, 0
52549, 91840, 0, 0, 0
52649, 89280, 0, 0, 0
52749, 91520, 0, 0, 0
52849, 90560, 0, 0, 0
52949, 89600, 0, 0, 0
53050, 91840, 0, 0, 0
53150, 97600, 0, 0, 0
53249, 100525, 0, 0, 0
53349, 95040, 0, 0, 0
53449, 91840, 0, 0, 0
53549, 90560, 0, 0, 0
53649, 91520, 0, 0, 0
53749, 96320, 0, 0, 0
53849, 90560, 0, 0, 0
53949, 96320, 0, 0, 0
54049, 98240, 0, 0, 0
54149, 93120, 0, 0, 0
54250, 93760, 0, 0, 0
54350, 92160, 0, 0, 0
54450, 91200, 0, 0, 0
54550, 98560, 0, 0, 0
54650, 96000, 0, 0, 0
54749, 93414, 0, 0, 0
54849, 89280, 0, 0, 0
54949, 92160, 0, 0, 0
55049, 93440, 0, 0, 0
55149, 91200, 0, 0, 0
55249, 92800, 0, 0, 0
55349, 93440, 0, 0, 0
55449, 90880, 0, 0, 0
55550, 93760, 0, 0, 0
55650, 96960, 0, 0, 0
55749, 93414, 0, 0, 0
55849, 91840, 0, 0, 0
55949, 90560, 0, 0, 0
56049, 93120, 0, 0, 0
56149, 95680, 0, 0, 0
56249, 95040, 0, 0, 0
56349, 92160, 0, 0, 0
56449, 90560, 0, 0, 0
56549, 89920, 0, 0, 0
56649, 89600, 0, 0, 0
56750, 87040, 0, 0, 0
56850, 88640, 0, 0, 0
56950, 90880, 0, 0, 0
57050, 92160, 0, 0, 0
57150, 97600, 0, 0, 0
57249, 96000, 0, 0, 0
57349, 89600, 0, 0, 0
57449, 93760, 0, 0, 0
57549, 91840, 0, 0, 0
57649, 90560, 0, 0, 0
57749, 93120, 0, 0, 0
57849, 94400, 0, 0, 0
57950, 90560, 0, 0, 0
58050, 89920, 0, 0, 0
58150, 89920, 0, 0, 0
58249, 96969, 0, 0, 0
58349, 100800, 0, 0, 0
58449, 96000, 0, 0, 0
58549, 91520, 0, 0, 0
58649, 92480, 0, 0, 0
58749, 92160, 0, 0, 0
58849, 95360, 0, 0, 0
58949, 98560, 0, 0, 0
59050, 93120, 0, 0, 0
59150, 90880, 0, 0, 0
59249, 90828, 0, 0, 0
59349, 91840, 0, 0, 0
59449, 91520, 0, 0, 0
59549, 90240, 0, 0, 0
59649, 91840, 0, 0, 0
59749, 95360, 0, 0, 0
59849, 96960, 0, 0, 0
59949, 100160, 0, 0, 0
60049, 94400, 0, 0, 0
60149, 91200, 0, 0, 0
60250, 91520, 0, 0, 0
60350, 90560, 0, 0, 0
60450, 90240, 0, 0, 0
60550, 94080, 0, 0, 0
60650, 89280, 0, 0, 0
60749, 91151, 0, 0, 0
60849, 90240, 0, 0, 0
60949, 92160, 0, 0, 0
61049, 91840, 0, 0, 0
61149, 88000, 0, 0, 0
61249, 90240, 0, 0, 0
61349, 91840, 0, 0, 0
61450, 88000, 0, 0, 0
61550, 94080, 0, 0, 0
61650, 93760, 0, 0, 0
61749, 93090, 0, 0, 0
61849, 92160, 0, 0, 0
61949, 99200, 0, 0, 0
62049, 98240, 0, 0, 0
62149, 98240, 0, 0, 0
62249, 99840, 0, 0, 0
62349, 100160, 0, 0, 0
62449, 95040, 0, 0, 0
62550, 92480, 0, 0, 0
62650, 92480, 0, 0, 0
62749, 90828, 0, 0, 0
62849, 92160, 0, 0, 0
62949, 90240, 0, 0, 0
63049, 94080, 0, 0, 0
63149, 93760, 0, 0, 0
63249, 94080, 0, 0, 0
63349, 93760, 0, 0, 0
63449, 91200, 0, 0, 0
63549, 92160, 0, 0, 0
63649, 91520, 0, 0, 0
63750, 98560, 0, 0, 0
63850, 98880, 0, 0, 0
63950, 94720, 0, 0, 0
64050, 91520, 0, 0, 0
64150, 91840, 0, 0, 0
64249, 88888, 0, 0, 0
64349, 91200, 0, 0, 0
64449, 96000, 0, 0, 0
64549, 89920, 0, 0, 0
64649, 92800, 0, 0, 0
64749, 91840, 0, 0, 0
64849, 91520, 0, 0, 0
64949, 91840, 0, 0, 0
65050, 92160, 0, 0, 0
65150, 93760, 0, 0, 0
65249, 89858, 0, 0, 0
65349, 90560, 0, 0, 0
65449, 90240, 0, 0, 0
65549, 89920, 0, 0, 0
65649, 90560, 0, 0, 0
65749, 89280, 0, 0, 0
65849, 88640, 0, 0, 0
65949, 89280, 0, 0, 0
66049, 93120, 0, 0, 0
66149, 97920, 0, 0, 0
66250, 100800, 0, 0, 0
66350, 92800, 0, 0, 0
66450, 93760, 0, 0, 0
66550, 94080, 0, 0, 0
66650, 90560, 0, 0, 0
66749, 93090, 0, 0, 0
66849, 94400, 0, 0, 0
66949, 92160, 0, 0, 0
67049, 91200, 0, 0, 0
67149, 91840, 0, 0, 0
67249, 96000, 0, 0, 0
67349, 93440, 0, 0, 0
67450, 96320, 0, 0, 0
67550, 98240, 0, 0, 0
67650, 96960, 0, 0, 0
67749, 92121, 0, 0, 0
67849, 91200, 0, 0, 0
67949, 92800, 0, 0, 0
68049, 91840, 0, 0, 0
68149, 91520, 0, 0, 0
68249, 91520, 0, 0, 0
68349, 91520, 0, 0, 0
68449, 94720, 0, 0, 0
68550, 93760, 0, 0, 0
68650, 93440, 0, 0, 0
68749, 95353, 0, 0, 0
68849, 98880, 0, 0, 0
68949, 97280, 0, 0, 0
69049, 89920, 0, 0, 0
69149, 91840, 0, 0, 0
69249, 89600, 0, 0, 0
69349, 92800, 0, 0, 0
69449, 92160, 0, 0, 0
69549, 93760, 0, 0, 0
69649, 90560, 0, 0, 0
69750, 91520, 0, 0, 0
69850, 90240, 0, 0, 0
69950, 92800, 0, 0, 0
70050, 96320, 0, 0, 0
70150, 99840, 0, 0, 0
70249, 93737, 0, 0, 0
70349, 94080, 0, 0, 0
70449, 95680, 0, 0, 0
70549, 94080, 0, 0, 0
70649, 96640, 0, 0, 0
70749, 96640, 0, 0, 0
70849, 99840, 0, 0, 0
70950, 93760, 0, 0, 0
71050, 95680, 0, 0, 0
71150, 93440, 0, 0, 0
71249, 95676, 0, 0, 0
71349, 90240, 0, 0, 0
71449, 93120, 0, 0, 0
71549, 90240, 0, 0, 0
71649, 92160, 0, 0, 0
71749, 91200, 0, 0, 0
71849, 92800, 0, 0, 0
71949, 95360, 0, 0, 0
72050, 92480, 0, 0, 0
72150, 94720, 0, 0, 0
72249, 96000, 0, 0, 0
72349, 94080, 0, 0, 0
72449, 93760, 0, 0, 0
72549, 90880, 0, 0, 0
72649, 92480, 0, 0, 0
72749, 93760, 0, 0, 0
72849, 89920, 0, 0, 0
72949, 89600, 0, 0, 0
73049, 90240, 0, 0, 0
73149, 92800, 0, 0, 0
73250, 95040, 0, 0, 0
73350, 93440, 0, 0, 0
73450, 93120, 0, 0, 0
73550, 93120, 0, 0, 0
73650, 91520, 0, 0, 0
73749, 91797, 0, 0, 0
73849, 91200, 0, 0, 0
73949, 89920, 0, 0, 0
74049, 89280, 0, 0, 0
74149, 92800, 0, 0, 0
74249, 94080, 0, 0, 0
74350, 91520, 0, 0, 0
74450, 96000, 0, 0, 0
74550, 94080, 0, 0, 0
74650, 100480, 0, 0, 0
74749, 99555, 0, 0, 0
74849, 98560, 0, 0, 0
74949, 95360, 0, 0, 0
75049, 90240, 0, 0, 0
75149, 95360, 0, 0, 0
75249, 96000, 0, 0, 0
75349, 94720, 0, 0, 0
75449, 95040, 0, 0, 0
75550, 93440, 0, 0, 0
75650, 90880, 0, 0, 0
75749, 91797, 0, 0, 0
75849, 93120, 0, 0, 0
75949, 89920, 0, 0, 0
76049, 91840, 0, 0, 0
76149, 92160, 0, 0, 0
76249, 94400, 0, 0, 0
76349, 93120, 0, 0, 0
76449, 90560, 0, 0, 0
76549, 93760, 0, 0, 0
76649, 93440, 0, 0, 0
76750, 93440, 0, 0, 0
76850, 91840, 0, 0, 0
76950, 92480, 0, 0, 0
77050, 92160, 0, 0, 0
77150, 94720, 0, 0, 0
77249, 92767, 0, 0, 0
77349, 90880, 0, 0, 0
77449, 100160, 0, 0, 0
77549, 90880, 0, 0, 0
77649, 94400, 0, 0, 0
77750, 90560, 0, 0, 0
77850, 93760, 0, 0, 0
77950, 93760, 0, 0, 0
78050, 92800, 0, 0, 0
78150, 92800, 0, 0, 0
78249, 92444, 0, 0, 0
78349, 92160, 0, 0, 0
78449, 96320, 0, 0, 0
78549, 91840, 0, 0, 0
78649, 92160, 0, 0, 0
78749, 92800, 0, 0, 0
78849, 92800, 0, 0, 0
78949, 93760, 0, 0, 0
79050, 99200, 0, 0, 0
79150, 97280, 0, 0, 0
79249, 98262, 0, 0, 0
79349, 92480, 0, 0, 0
79449, 93760, 0, 0, 0
79549, 96000, 0, 0, 0
79649, 94720, 0, 0, 0
79749, 94400, 0, 0, 0
79849, 94400, 0, 0, 0
79949, 91520, 0, 0, 0
80049, 99200, 0, 0, 0
80150, 94080, 0, 0, 0
80250, 99200, 0, 0, 0
80350, 94720, 0, 0, 0
80450, 95680, 0, 0, 0
80550, 91200, 0, 0, 0
80650, 90880, 0, 0, 0
80749, 92444, 0, 0, 0
80849, 90240, 0, 0, 0
80949, 92480, 0, 0, 0
81049, 99520, 0, 0, 0
81149, 93120, 0, 0, 0
81250, 93120, 0, 0, 0
81350, 93440, 0, 0, 0
81450, 92160, 0, 0, 0
81550, 94720, 0, 0, 0
81650, 95360, 0, 0, 0
81749, 99555, 0, 0, 0
81849, 98880, 0, 0, 0
81949, 99200, 0, 0, 0
82049, 94080, 0, 0, 0
82149, 93440, 0, 0, 0
82249, 100480, 0, 0, 0
82349, 100160, 0, 0, 0
82449, 96640, 0, 0, 0
82550, 96640, 0, 0, 0
82650, 98240, 0, 0, 0
82749, 93414, 0, 0, 0
82849, 91520, 0, 0, 0
82949, 91200, 0, 0, 0
83049, 94400, 0, 0, 0
83149, 98880, 0, 0, 0
83249, 99840, 0, 0, 0
83349, 93760, 0, 0, 0
83449, 97600, 0, 0, 0
83549, 95040, 0, 0, 0
83650, 95360, 0, 0, 0
83749, 94383, 0, 0, 0
83849, 98240, 0, 0, 0
83949, 94720, 0, 0, 0
84049, 91520, 0, 0, 0
84149, 94080, 0, 0, 0
84249, 89600, 0, 0, 0
84349, 90880, 0, 0, 0
84449, 92480, 0, 0, 0
84549, 91520, 0, 0, 0
84649, 92800, 0, 0, 0
84750, 91840, 0, 0, 0
84850, 93120, 0, 0, 0
84950, 92480, 0, 0, 0
85050, 91200, 0, 0, 0
85150, 93120, 0, 0, 0
85249, 92121, 0, 0, 0
85349, 91200, 0, 0, 0
85449, 90880, 0, 0, 0
85549, 96320, 0, 0, 0
85649, 94080, 0, 0, 0
85749, 92480, 0, 0, 0
85849, 94400, 0, 0, 0
85949, 91520, 0, 0, 0
86050, 90240, 0, 0, 0
86150, 93760, 0, 0, 0
86249, 96323, 0, 0, 0
86349, 93120, 0, 0, 0
86449, 96000, 0, 0, 0
86549, 93440, 0, 0, 0
86649, 94720, 0, 0, 0
86749, 95040, 0, 0, 0
86849, 92800, 0, 0, 0
86949, 95040, 0, 0, 0
87049, 93120, 0, 0, 0
87149, 91840, 0, 0, 0
87250, 96320, 0, 0, 0
87350, 92160, 0, 0, 0
87450, 101120, 0, 0, 0
87550, 97920, 0, 0, 0
87650, 93440, 0, 0, 0
87749, 91151, 0, 0, 0
87849, 91200, 0, 0, 0
87949, 92160, 0, 0, 0
88049, 96640, 0, 0, 0
88149, 97600, 0, 0, 0
88249, 94720, 0, 0, 0
88350, 89280, 0, 0, 0
88450, 90880, 0, 0, 0
88550, 91840, 0, 0, 0
88650, 93760, 0, 0, 0
88749, 94707, 0, 0, 0
88849, 93440, 0, 0, 0
88949, 96960, 0, 0, 0
89049, 93760, 0, 0, 0
89149, 91840, 0, 0, 0
89249, 94400, 0, 0, 0
89349, 98880, 0, 0, 0
89449, 96000, 0, 0, 0
89550, 91840, 0, 0, 0
89650, 91840, 0, 0, 0
89749, 91151, 0, 0, 0
89849, 91840, 0, 0, 0
89949, 91200, 0, 0, 0
