250, 872448, 0, 0, 0
350, 880640, 0, 0, 0
450, 901120, 0, 0, 0
551, 778240, 0, 0, 0
651, 614400, 0, 0, 0
750, 506828, 0, 0, 0
850, 563200, 0, 0, 0
950, 952320, 0, 0, 0
1051, 747520, 0, 0, 0
1151, 849920, 0, 0, 0
1251, 839680, 0, 0, 0
1352, 634880, 0, 0, 0
1452, 573440, 0, 0, 0
1553, 922613, 0, 0, 0
1653, 1044480, 0, 0, 0
1753, 983040, 0, 0, 0
1853, 829440, 0, 0, 0
1953, 921600, 0, 0, 0
2054, 1157120, 0, 0, 0
2154, 747520, 0, 0, 0
2254, 552960, 0, 0, 0
2354, 512000, 0, 0, 0
2454, 1116160, 0, 0, 0
2555, 1013760, 0, 0, 0
2655, 706560, 0, 0, 0
2755, 552960, 0, 0, 0
2855, 808960, 0, 0, 0
2956, 808960, 0, 0, 0
3056, 1064960, 0, 0, 0
3156, 624640, 0, 0, 0
3257, 706560, 0, 0, 0
3357, 1034240, 0, 0, 0
3458, 552960, 0, 0, 0
3558, 880640, 0, 0, 0
3658, 870400, 0, 0, 0
3759, 675840, 0, 0, 0
3859, 778240, 0, 0, 0
3959, 768000, 0, 0, 0
4059, 1044480, 0, 0, 0
4159, 921600, 0, 0, 0
4260, 819200, 0, 0, 0
4360, 1054720, 0, 0, 0
4460, 942080, 0, 0, 0
4561, 604160, 0, 0, 0
4661, 890880, 0, 0, 0
4761, 829440, 0, 0, 0
4861, 788480, 0, 0, 0
4961, 911360, 0, 0, 0
5061, 808960, 0, 0, 0
5162, 1075200, 0, 0, 0
5262, 1003520, 0, 0, 0
5363, 829440, 0, 0, 0
5463, 696320, 0, 0, 0
5564, 768000, 0, 0, 0
5664, 962560, 0, 0, 0
5764, 716800, 0, 0, 0
5864, 1239040, 0, 0, 0
5964, 808960, 0, 0, 0
6065, 993280, 0, 0, 0
6165, 1064960, 0, 0, 0
6266, 716800, 0, 0, 0
6366, 624640, 0, 0, 0
6466, 1167360, 0, 0, 0
6566, 880640, 0, 0, 0
6666, 727040, 0, 0, 0
6766, 1249280, 0, 0, 0
6867, 501760, 0, 0, 0
6967, 593920, 0, 0, 0
7067, 542720, 0, 0, 0
7167, 716800, 0, 0, 0
7268, 1075200, 0, 0, 0
7368, 819200, 0, 0, 0
7468, 1013760, 0, 0, 0
7569, 808960, 0, 0, 0
7669, 942080, 0, 0, 0
7769, 1064960, 0, 0, 0
7869, 1013760, 0, 0, 0
7970, 972800, 0, 0, 0
8070, 1116160, 0, 0, 0
8170, 542720, 0, 0, 0
8270, 737280, 0, 0, 0
8370, 1116160, 0, 0, 0
8470, 655360, 0, 0, 0
8571, 747520, 0, 0, 0
8671, 901120, 0, 0, 0
8772, 880640, 0, 0, 0
8872, 1064960, 0, 0, 0
8972, 1249280, 0, 0, 0
9072, 737280, 0, 0, 0
9173, 911360, 0, 0, 0
9273, 993280, 0, 0, 0
9373, 829440, 0, 0, 0
9473, 1064960, 0, 0, 0
9573, 1034240, 0, 0, 0
9673, 870400, 0, 0, 0
9774, 931840, 0, 0, 0
9874, 1331200, 0, 0, 0
9974, 1013760, 0, 0, 0
10075, 501760, 0, 0, 0
10175, 860160, 0, 0, 0
10275, 993280, 0, 0, 0
10375, 481280, 0, 0, 0
10475, 911360, 0, 0, 0
10575, 921600, 0, 0, 0
10676, 798720, 0, 0, 0
10776, 808960, 0, 0, 0
10876, 983040, 0, 0, 0
10977, 655360, 0, 0, 0
11077, 860160, 0, 0, 0
11177, 604160, 0, 0, 0
11277, 1003520, 0, 0, 0
11377, 665600, 0, 0, 0
11477, 921600, 0, 0, 0
11578, 501760, 0, 0, 0
11678, 829440, 0, 0, 0
11778, 808960, 0, 0, 0
11878, 901120, 0, 0, 0
11978, 1024000, 0, 0, 0
12079, 880640, 0, 0, 0
12179, 1208320, 0, 0, 0
12279, 1085440, 0, 0, 0
12379, 1075200, 0, 0, 0
12479, 737280, 0, 0, 0
12580, 1003520, 0, 0, 0
12680, 727040, 0, 0, 0
12780, 1351680, 0, 0, 0
12880, 768000, 0, 0, 0
12980, 491520, 0, 0, 0
13081, 962560, 0, 0, 0
13181, 942080, 0, 0, 0
13282, 780673, 0, 0, 0
13382, 1024000, 0, 0, 0
13483, 880640, 0, 0, 0
13583, 645120, 0, 0, 0
13683, 849920, 0, 0, 0
13783, 870400, 0, 0, 0
13884, 1075200, 0, 0, 0
13984, 1003520, 0, 0, 0
14085, 870400, 0, 0, 0
14185, 757760, 0, 0, 0
14286, 819200, 0, 0, 0
14386, 1003520, 0, 0, 0
14486, 921600, 0, 0, 0
14586, 716800, 0, 0, 0
14686, 890880, 0, 0, 0
14787, 696320, 0, 0, 0
14887, 860160, 0, 0, 0
14987, 839680, 0, 0, 0
15088, 788480, 0, 0, 0
15188, 1034240, 0, 0, 0
15288, 808960, 0, 0, 0
15388, 798720, 0, 0, 0
15488, 737280, 0, 0, 0
15589, 645120, 0, 0, 0
15689, 849920, 0, 0, 0
15790, 819200, 0, 0, 0
15890, 808960, 0, 0, 0
15990, 1003520, 0, 0, 0
16090, 1034240, 0, 0, 0
16190, 481280, 0, 0, 0
16291, 890880, 0, 0, 0
16391, 747520, 0, 0, 0
16491, 798720, 0, 0, 0
16591, 716800, 0, 0, 0
16692, 788480, 0, 0, 0
16792, 1034240, 0, 0, 0
16892, 942080, 0, 0, 0
16993, 952320, 0, 0, 0
17093, 829440, 0, 0, 0
17193, 706560, 0, 0, 0
17293, 890880, 0, 0, 0
17393, 931840, 0, 0, 0
17494, 1054720, 0, 0, 0
17594, 901120, 0, 0, 0
17694, 768000, 0, 0, 0
17794, 614400, 0, 0, 0
17895, 931840, 0, 0, 0
17995, 706560, 0, 0, 0
18095, 911360, 0, 0, 0
18195, 552960, 0, 0, 0
18296, 1146880, 0, 0, 0
18396, 798720, 0, 0, 0
18496, 942080, 0, 0, 0
18596, 747520, 0, 0, 0
18696, 1003520, 0, 0, 0
18797, 1054415, 0, 0, 0
18898, 839680, 0, 0, 0
18998, 880640, 0, 0, 0
19099, 750257, 0, 0, 0
19199, 1095680, 0, 0, 0
19299, 931840, 0, 0, 0
19400, 532480, 0, 0, 0
19500, 901120, 0, 0, 0
19600, 860160, 0, 0, 0
19701, 768000, 0, 0, 0
19801, 1126400, 0, 0, 0
19900, 796444, 0, 0, 0
19999, 724040, 0, 0, 0
20099, 952320, 0, 0, 0
20200, 788480, 0, 0, 0
20300, 819200, 0, 0, 0
20400, 983040, 0, 0, 0
20501, 1054720, 0, 0, 0
20600, 734383, 0, 0, 0
20700, 839680, 0, 0, 0
20800, 962560, 0, 0, 0
20900, 778240, 0, 0, 0
20999, 1168808, 0, 0, 0
21099, 788480, 0, 0, 0
21199, 1218560, 0, 0, 0
21300, 800950, 0, 0, 0
21401, 983040, 0, 0, 0
21500, 765414, 0, 0, 0
21600, 727040, 0, 0, 0
21700, 778240, 0, 0, 0
21801, 849920, 0, 0, 0
21900, 506828, 0, 0, 0
22000, 860160, 0, 0, 0
22100, 849920, 0, 0, 0
22200, 829440, 0, 0, 0
22300, 1105920, 0, 0, 0
22401, 675840, 0, 0, 0
22500, 1148121, 0, 0, 0
22600, 1095680, 0, 0, 0
22700, 645120, 0, 0, 0
22801, 993280, 0, 0, 0
22900, 661979, 0, 0, 0
22999, 1034343, 0, 0, 0
23100, 849920, 0, 0, 0
23200, 696320, 0, 0, 0
23300, 798720, 0, 0, 0
23400, 798720, 0, 0, 0
23500, 962560, 0, 0, 0
23601, 880640, 0, 0, 0
23700, 930909, 0, 0, 0
23800, 778240, 0, 0, 0
23900, 972800, 0, 0, 0
23999, 889535, 0, 0, 0
24100, 624640, 0, 0, 0
24200, 819200, 0, 0, 0
24300, 827474, 0, 0, 0
24400, 1095680, 0, 0, 0
24500, 778240, 0, 0, 0
24600, 870400, 0, 0, 0
24700, 870400, 0, 0, 0
24800, 817131, 0, 0, 0
24900, 901120, 0, 0, 0
24999, 868848, 0, 0, 0
25099, 266240, 0, 0, 0
25199, 778240, 0, 0, 0
25300, 737280, 0, 0, 0
25400, 1013760, 0, 0, 0
25501, 1249280, 0, 0, 0
25600, 1024000, 0, 0, 0
25700, 901120, 0, 0, 0
25800, 1218560, 0, 0, 0
25900, 614400, 0, 0, 0
25999, 744727, 0, 0, 0
26099, 1105920, 0, 0, 0
26199, 911360, 0, 0, 0
26300, 634880, 0, 0, 0
26400, 1003520, 0, 0, 0
26500, 798720, 0, 0, 0
26600, 389120, 0, 0, 0
26700, 798720, 0, 0, 0
26800, 848161, 0, 0, 0
26900, 798720, 0, 0, 0
26999, 1241212, 0, 0, 0
27099, 931840, 0, 0, 0
27199, 1239040, 0, 0, 0
27300, 819200, 0, 0, 0
27400, 778240, 0, 0, 0
27500, 808960, 0, 0, 0
27600, 675840, 0, 0, 0
27700, 747520, 0, 0, 0
27800, 1208320, 0, 0, 0
27901, 1054720, 0, 0, 0
28000, 1044686, 0, 0, 0
28100, 1290240, 0, 0, 0
28200, 1044480, 0, 0, 0
28300, 983040, 0, 0, 0
28401, 1013760, 0, 0, 0
28500, 641292, 0, 0, 0
28600, 655360, 0, 0, 0
28700, 839680, 0, 0, 0
28800, 798720, 0, 0, 0
28901, 1013760, 0, 0, 0
29000, 889535, 0, 0, 0
29100, 849920, 0, 0, 0
29200, 880640, 0, 0, 0
29300, 768000, 0, 0, 0
29400, 522240, 0, 0, 0
29501, 972800, 0, 0, 0
29600, 992969, 0, 0, 0
29700, 880640, 0, 0, 0
29800, 962560, 0, 0, 0
29900, 1105920, 0, 0, 0
30000, 682666, 0, 0, 0
30100, 686080, 0, 0, 0
30200, 993280, 0, 0, 0
30300, 837818, 0, 0, 0
30400, 819200, 0, 0, 0
30500, 860160, 0, 0, 0
30600, 942080, 0, 0, 0
30700, 819200, 0, 0, 0
30800, 665600, 0, 0, 0
30900, 911360, 0, 0, 0
31000, 817131, 0, 0, 0
31101, 624640, 0, 0, 0
31200, 1003313, 0, 0, 0
31300, 1239040, 0, 0, 0
31400, 706560, 0, 0, 0
31500, 901120, 0, 0, 0
31600, 634880, 0, 0, 0
31700, 1157120, 0, 0, 0
31800, 848161, 0, 0, 0
31900, 1218560, 0, 0, 0
31999, 610262, 0, 0, 0
32099, 1003520, 0, 0, 0
32199, 952320, 0, 0, 0
32300, 747520, 0, 0, 0
32400, 942080, 0, 0, 0
32501, 634880, 0, 0, 0
32600, 651636, 0, 0, 0
32700, 1228800, 0, 0, 0
32800, 993280, 0, 0, 0
32900, 522240, 0, 0, 0
32999, 579232, 0, 0, 0
33099, 993280, 0, 0, 0
33199, 716800, 0, 0, 0
33300, 839680, 0, 0, 0
33400, 1218560, 0, 0, 0
33500, 614400, 0, 0, 0
33600, 624640, 0, 0, 0
33700, 563200, 0, 0, 0
33801, 563200, 0, 0, 0
33900, 693010, 0, 0, 0
33999, 827474, 0, 0, 0
34099, 430080, 0, 0, 0
34199, 593920, 0, 0, 0
34300, 563200, 0, 0, 0
34400, 737280, 0, 0, 0
34500, 962560, 0, 0, 0
34600, 1054720, 0, 0, 0
34700, 921600, 0, 0, 0
34800, 434424, 0, 0, 0
34900, 696320, 0, 0, 0
34999, 951595, 0, 0, 0
35099, 747520, 0, 0, 0
35200, 542720, 0, 0, 0
35300, 706560, 0, 0, 0
35401, 583680, 0, 0, 0
35500, 858505, 0, 0, 0
35600, 593920, 0, 0, 0
35700, 962560, 0, 0, 0
35800, 471040, 0, 0, 0
35900, 1034240, 0, 0, 0
36000, 641292, 0, 0, 0
36100, 962560, 0, 0, 0
36200, 849920, 0, 0, 0
36300, 747520, 0, 0, 0
36400, 1054720, 0, 0, 0
36500, 1044480, 0, 0, 0
36600, 768000, 0, 0, 0
36701, 1105920, 0, 0, 0
36800, 858505, 0, 0, 0
36900, 552960, 0, 0, 0
36999, 941252, 0, 0, 0
37100, 1003520, 0, 0, 0
37200, 696320, 0, 0, 0
37300, 860160, 0, 0, 0
37400, 645120, 0, 0, 0
37500, 1085440, 0, 0, 0
37600, 911360, 0, 0, 0
37701, 552960, 0, 0, 0
37800, 961939, 0, 0, 0
37901, 983040, 0, 0, 0
38000, 558545, 0, 0, 0
38100, 1382400, 0, 0, 0
38200, 573440, 0, 0, 0
38300, 1220525, 0, 0, 0
38400, 1064960, 0, 0, 0
38500, 757760, 0, 0, 0
38600, 737280, 0, 0, 0
38700, 696320, 0, 0, 0
38800, 983040, 0, 0, 0
38900, 563200, 0, 0, 0
39000, 1075717, 0, 0, 0
39100, 962560, 0, 0, 0
39200, 931840, 0, 0, 0
39303, 1014058, 0, 0, 0
39404, 655360, 0, 0, 0
39505, 1239040, 0, 0, 0
39605, 962560, 0, 0, 0
39705, 880640, 0, 0, 0
39806, 1003520, 0, 0, 0
39906, 706560, 0, 0, 0
40006, 921600, 0, 0, 0
40106, 1095680, 0, 0, 0
40206, 952320, 0, 0, 0
40307, 655360, 0, 0, 0
40407, 1024000, 0, 0, 0
40507, 1075200, 0, 0, 0
40608, 1208320, 0, 0, 0
40708, 993280, 0, 0, 0
40808, 880640, 0, 0, 0
40909, 768000, 0, 0, 0
41009, 645120, 0, 0, 0
41110, 655360, 0, 0, 0
41210, 655360, 0, 0, 0
41310, 624640, 0, 0, 0
41410, 1024000, 0, 0, 0
41511, 870400, 0, 0, 0
41611, 829440, 0, 0, 0
41711, 768000, 0, 0, 0
41811, 1413120, 0, 0, 0
41912, 1484800, 0, 0, 0
42012, 1003520, 0, 0, 0
42112, 665600, 0, 0, 0
42212, 532480, 0, 0, 0
42312, 788480, 0, 0, 0
42413, 1095680, 0, 0, 0
42513, 1054720, 0, 0, 0
42613, 1105920, 0, 0, 0
42713, 1095680, 0, 0, 0
42814, 1024000, 0, 0, 0
42914, 839680, 0, 0, 0
43014, 706560, 0, 0, 0
43115, 890880, 0, 0, 0
43215, 890880, 0, 0, 0
43315, 1064960, 0, 0, 0
43415, 747520, 0, 0, 0
43516, 788480, 0, 0, 0
43616, 808960, 0, 0, 0
43716, 808960, 0, 0, 0
43817, 829440, 0, 0, 0
43917, 491520, 0, 0, 0
44017, 962560, 0, 0, 0
44118, 1003520, 0, 0, 0
44218, 696320, 0, 0, 0
44318, 747520, 0, 0, 0
44418, 860160, 0, 0, 0
44518, 645120, 0, 0, 0
44618, 819200, 0, 0, 0
44719, 808960, 0, 0, 0
44819, 716800, 0, 0, 0
44919, 583680, 0, 0, 0
45019, 1034240, 0, 0, 0
45120, 1167360, 0, 0, 0
45220, 1044480, 0, 0, 0
45320, 921600, 0, 0, 0
45421, 696320, 0, 0, 0
45521, 686080, 0, 0, 0
45621, 727040, 0, 0, 0
45721, 1228800, 0, 0, 0
45822, 962560, 0, 0, 0
45922, 901120, 0, 0, 0
46022, 768000, 0, 0, 0
46122, 655360, 0, 0, 0
46222, 942080, 0, 0, 0
46323, 542720, 0, 0, 0
46423, 1013760, 0, 0, 0
46523, 1157120, 0, 0, 0
46623, 645120, 0, 0, 0
46724, 870400, 0, 0, 0
46824, 829440, 0, 0, 0
46924, 860160, 0, 0, 0
47024, 962560, 0, 0, 0
47125, 1239040, 0, 0, 0
47225, 1157120, 0, 0, 0
47326, 1187840, 0, 0, 0
47426, 1085440, 0, 0, 0
47528, 1034039, 0, 0, 0
47629, 532480, 0, 0, 0
47729, 1116160, 0, 0, 0
47829, 737280, 0, 0, 0
47929, 727040, 0, 0, 0
48029, 870400, 0, 0, 0
48131, 451764, 0, 0, 0
48232, 942080, 0, 0, 0
48332, 1259520, 0, 0, 0
48432, 849920, 0, 0, 0
48533, 819200, 0, 0, 0
48633, 849920, 0, 0, 0
48733, 1249280, 0, 0, 0
48833, 1024000, 0, 0, 0
48934, 911360, 0, 0, 0
49034, 880640, 0, 0, 0
49134, 768000, 0, 0, 0
49234, 931840, 0, 0, 0
49335, 983040, 0, 0, 0
49436, 1146880, 0, 0, 0
49536, 880640, 0, 0, 0
49637, 583680, 0, 0, 0
49737, 901120, 0, 0, 0
49838, 1116160, 0, 0, 0
49938, 788480, 0, 0, 0
50039, 880640, 0, 0, 0
50139, 901120, 0, 0, 0
50239, 696320, 0, 0, 0
50340, 942080, 0, 0, 0
50440, 808960, 0, 0, 0
50540, 808960, 0, 0, 0
50641, 839680, 0, 0, 0
50741, 931840, 0, 0, 0
50841, 931840, 0, 0, 0
50941, 880640, 0, 0, 0
51042, 942080, 0, 0, 0
51143, 729980, 0, 0, 0
51243, 1034240, 0, 0, 0
51343, 604160, 0, 0, 0
51443, 542720, 0, 0, 0
51544, 798720, 0, 0, 0
51644, 1075200, 0, 0, 0
51744, 655360, 0, 0, 0
51844, 778240, 0, 0, 0
51945, 890880, 0, 0, 0
52045, 1013760, 0, 0, 0
52146, 696320, 0, 0, 0
52246, 1054720, 0, 0, 0
52347, 931840, 0, 0, 0
52447, 491520, 0, 0, 0
52548, 696320, 0, 0, 0
52648, 706560, 0, 0, 0
52748, 890880, 0, 0, 0
52849, 798720, 0, 0, 0
52949, 686080, 0, 0, 0
53049, 1034240, 0, 0, 0
53149, 880640, 0, 0, 0
53250, 849920, 0, 0, 0
53350, 747520, 0, 0, 0
53450, 931840, 0, 0, 0
53551, 655360, 0, 0, 0
53651, 839680, 0, 0, 0
53750, 1034343, 0, 0, 0
53852, 831366, 0, 0, 0
53952, 921600, 0, 0, 0
54053, 750257, 0, 0, 0
54154, 675840, 0, 0, 0
54254, 839680, 0, 0, 0
54354, 1013760, 0, 0, 0
54454, 1136640, 0, 0, 0
54557, 622431, 0, 0, 0
54657, 727040, 0, 0, 0
54757, 962560, 0, 0, 0
54857, 1024000, 0, 0, 0
54958, 860160, 0, 0, 0
55058, 1024000, 0, 0, 0
55158, 901120, 0, 0, 0
55258, 1024000, 0, 0, 0
55358, 911360, 0, 0, 0
55459, 727040, 0, 0, 0
55560, 669148, 0, 0, 0
55660, 1075200, 0, 0, 0
55760, 942080, 0, 0, 0
55860, 716800, 0, 0, 0
55960, 880640, 0, 0, 0
56061, 798720, 0, 0, 0
56161, 768000, 0, 0, 0
56261, 696320, 0, 0, 0
56362, 1013760, 0, 0, 0
56462, 911360, 0, 0, 0
56562, 389120, 0, 0, 0
56662, 686080, 0, 0, 0
56763, 1003520, 0, 0, 0
56863, 522240, 0, 0, 0
56963, 962560, 0, 0, 0
57063, 870400, 0, 0, 0
57164, 1044480, 0, 0, 0
57264, 962560, 0, 0, 0
57364, 849920, 0, 0, 0
57465, 757760, 0, 0, 0
57565, 921600, 0, 0, 0
57665, 747520, 0, 0, 0
57766, 819200, 0, 0, 0
57866, 931840, 0, 0, 0
57966, 788480, 0, 0, 0
58067, 829440, 0, 0, 0
58167, 890880, 0, 0, 0
58267, 675840, 0, 0, 0
58368, 972800, 0, 0, 0
58468, 706560, 0, 0, 0
58569, 1034240, 0, 0, 0
58669, 768000, 0, 0, 0
58769, 993280, 0, 0, 0
58871, 648871, 0, 0, 0
58971, 880640, 0, 0, 0
59071, 788480, 0, 0, 0
59172, 788480, 0, 0, 0
59273, 770534, 0, 0, 0
59374, 841504, 0, 0, 0
59474, 962560, 0, 0, 0
59575, 849920, 0, 0, 0
59675, 706560, 0, 0, 0
59776, 808960, 0, 0, 0
59876, 614400, 0, 0, 0
59976, 808960, 0, 0, 0
60076, 839680, 0, 0, 0
60179, 1194666, 0, 0, 0
60280, 686080, 0, 0, 0
60380, 1024000, 0, 0, 0
60480, 849920, 0, 0, 0
60580, 665600, 0, 0, 0
60681, 942891, 0, 0, 0
60782, 512000, 0, 0, 0
60883, 645120, 0, 0, 0
60983, 706560, 0, 0, 0
61083, 890880, 0, 0, 0
61183, 849920, 0, 0, 0
61283, 1095680, 0, 0, 0
61383, 655360, 0, 0, 0
61483, 1085440, 0, 0, 0
61584, 798720, 0, 0, 0
61684, 737280, 0, 0, 0
61784, 768000, 0, 0, 0
61885, 839680, 0, 0, 0
61985, 788480, 0, 0, 0
62085, 1013760, 0, 0, 0
62185, 911360, 0, 0, 0
62286, 911360, 0, 0, 0
62386, 645120, 0, 0, 0
62486, 686080, 0, 0, 0
62587, 770534, 0, 0, 0
62688, 798720, 0, 0, 0
62788, 911360, 0, 0, 0
62888, 1013760, 0, 0, 0
62989, 1157120, 0, 0, 0
63089, 829440, 0, 0, 0
63189, 921600, 0, 0, 0
63290, 890880, 0, 0, 0
63390, 962560, 0, 0, 0
63491, 819200, 0, 0, 0
63591, 839680, 0, 0, 0
63691, 829440, 0, 0, 0
63792, 1085440, 0, 0, 0
63892, 788480, 0, 0, 0
63992, 829440, 0, 0, 0
64092, 686080, 0, 0, 0
64192, 1064960, 0, 0, 0
64293, 686080, 0, 0, 0
64393, 768000, 0, 0, 0
64493, 860160, 0, 0, 0
64594, 839680, 0, 0, 0
64694, 911360, 0, 0, 0
64794, 942080, 0, 0, 0
64894, 942080, 0, 0, 0
64995, 849920, 0, 0, 0
65096, 1024000, 0, 0, 0
65196, 1024000, 0, 0, 0
65296, 860160, 0, 0, 0
65396, 942080, 0, 0, 0
65496, 1003520, 0, 0, 0
65597, 962560, 0, 0, 0
65697, 808960, 0, 0, 0
65798, 798720, 0, 0, 0
65898, 921600, 0, 0, 0
65998, 808960, 0, 0, 0
66098, 512000, 0, 0, 0
66199, 1167360, 0, 0, 0
66299, 716800, 0, 0, 0
66399, 1085440, 0, 0, 0
66500, 699564, 0, 0, 0
66600, 778240, 0, 0, 0
66700, 1075200, 0, 0, 0
66800, 1137777, 0, 0, 0
66900, 860160, 0, 0, 0
66999, 930909, 0, 0, 0
67100, 727040, 0, 0, 0
67200, 839680, 0, 0, 0
67300, 1075200, 0, 0, 0
67400, 849920, 0, 0, 0
67500, 890880, 0, 0, 0
67600, 880640, 0, 0, 0
67700, 716800, 0, 0, 0
67800, 703353, 0, 0, 0
67900, 675840, 0, 0, 0
67999, 724040, 0, 0, 0
68099, 1126400, 0, 0, 0
68199, 593920, 0, 0, 0
68300, 1024000, 0, 0, 0
68401, 952320, 0, 0, 0
68500, 755070, 0, 0, 0
68600, 952320, 0, 0, 0
68701, 819200, 0, 0, 0
68800, 775757, 0, 0, 0
68900, 706560, 0, 0, 0
68999, 1013656, 0, 0, 0
69099, 634880, 0, 0, 0
69200, 849920, 0, 0, 0
69300, 1075200, 0, 0, 0
69400, 686080, 0, 0, 0
69500, 645120, 0, 0, 0
69601, 911360, 0, 0, 0
69700, 827474, 0, 0, 0
69800, 879191, 0, 0, 0
69900, 1075200, 0, 0, 0
69999, 817131, 0, 0, 0
70099, 1044480, 0, 0, 0
70199, 808960, 0, 0, 0
70299, 1146880, 0, 0, 0
70400, 1044480, 0, 0, 0
70500, 532480, 0, 0, 0
70600, 1013760, 0, 0, 0
70700, 501760, 0, 0, 0
70800, 378880, 0, 0, 0
70900, 1320960, 0, 0, 0
71000, 330989, 0, 0, 0
71100, 1034240, 0, 0, 0
71200, 1177600, 0, 0, 0
71300, 808960, 0, 0, 0
71400, 1331200, 0, 0, 0
71500, 1280000, 0, 0, 0
71600, 1392640, 0, 0, 0
71700, 378880, 0, 0, 0
71801, 768000, 0, 0, 0
71900, 734383, 0, 0, 0
71999, 786101, 0, 0, 0
72099, 604160, 0, 0, 0
72199, 890880, 0, 0, 0
72300, 1136640, 0, 0, 0
72400, 122880, 0, 0, 0
72500, 727040, 0, 0, 0
72600, 604160, 0, 0, 0
72700, 471040, 0, 0, 0
72800, 1085440, 0, 0, 0
72900, 1280000, 0, 0, 0
73001, 747520, 0, 0, 0
73100, 517171, 0, 0, 0
73200, 993280, 0, 0, 0
73300, 403393, 0, 0, 0
73400, 1218560, 0, 0, 0
73500, 1269760, 0, 0, 0
73600, 1382400, 0, 0, 0
73700, 655360, 0, 0, 0
73800, 614400, 0, 0, 0
73901, 1064960, 0, 0, 0
74000, 1117090, 0, 0, 0
74100, 798720, 0, 0, 0
74200, 655360, 0, 0, 0
74300, 1054720, 0, 0, 0
74400, 1044480, 0, 0, 0
74501, 1269760, 0, 0, 0
74600, 1044686, 0, 0, 0
74700, 655360, 0, 0, 0
74800, 982626, 0, 0, 0
74900, 686080, 0, 0, 0
74999, 868848, 0, 0, 0
75100, 624640, 0, 0, 0
75200, 942080, 0, 0, 0
75300, 655360, 0, 0, 0
75400, 716800, 0, 0, 0
75500, 819200, 0, 0, 0
75600, 501760, 0, 0, 0
75700, 921600, 0, 0, 0
75800, 910222, 0, 0, 0
75900, 1064960, 0, 0, 0
75999, 703353, 0, 0, 0
76100, 778240, 0, 0, 0
76200, 890880, 0, 0, 0
76300, 1198080, 0, 0, 0
76400, 1095680, 0, 0, 0
76501, 983040, 0, 0, 0
76600, 1210181, 0, 0, 0
76700, 819200, 0, 0, 0
76800, 1034343, 0, 0, 0
76900, 880640, 0, 0, 0
77000, 880640, 0, 0, 0
77100, 972800, 0, 0, 0
77200, 819200, 0, 0, 0
77300, 778240, 0, 0, 0
77400, 1095680, 0, 0, 0
77500, 839680, 0, 0, 0
77601, 655360, 0, 0, 0
77700, 879191, 0, 0, 0
77800, 819200, 0, 0, 0
77900, 931840, 0, 0, 0
78000, 827474, 0, 0, 0
78100, 942080, 0, 0, 0
78200, 675840, 0, 0, 0
78300, 827474, 0, 0, 0
78400, 1013760, 0, 0, 0
78500, 604160, 0, 0, 0
78600, 798720, 0, 0, 0
78701, 821227, 0, 0, 0
78800, 992969, 0, 0, 0
78901, 829440, 0, 0, 0
79002, 860160, 0, 0, 0
79102, 614400, 0, 0, 0
79202, 972800, 0, 0, 0
79302, 931840, 0, 0, 0
79403, 716800, 0, 0, 0
79503, 788480, 0, 0, 0
79603, 757760, 0, 0, 0
79703, 911360, 0, 0, 0
79804, 911360, 0, 0, 0
79904, 1054720, 0, 0, 0
80005, 778240, 0, 0, 0
80105, 768000, 0, 0, 0
80205, 798720, 0, 0, 0
80306, 921600, 0, 0, 0
80406, 645120, 0, 0, 0
80506, 798720, 0, 0, 0
80606, 880640, 0, 0, 0
80706, 798720, 0, 0, 0
80807, 768000, 0, 0, 0
80907, 542720, 0, 0, 0
81007, 993280, 0, 0, 0
81107, 645120, 0, 0, 0
81208, 972800, 0, 0, 0
81308, 552960, 0, 0, 0
81408, 829440, 0, 0, 0
81509, 911360, 0, 0, 0
81609, 778240, 0, 0, 0
81709, 880640, 0, 0, 0
81810, 608316, 0, 0, 0
81911, 952320, 0, 0, 0
82011, 1269760, 0, 0, 0
82111, 1064960, 0, 0, 0
82211, 747520, 0, 0, 0
82312, 696320, 0, 0, 0
82412, 593920, 0, 0, 0
82512, 747520, 0, 0, 0
82613, 829440, 0, 0, 0
82713, 778240, 0, 0, 0
82813, 1085440, 0, 0, 0
82914, 1013760, 0, 0, 0
83014, 962560, 0, 0, 0
83115, 880640, 0, 0, 0
83218, 864932, 0, 0, 0
83318, 1167360, 0, 0, 0
83419, 942080, 0, 0, 0
83519, 911360, 0, 0, 0
83619, 1075200, 0, 0, 0
83720, 870400, 0, 0, 0
83820, 757760, 0, 0, 0
83920, 921600, 0, 0, 0
84021, 880640, 0, 0, 0
84121, 788480, 0, 0, 0
84221, 860160, 0, 0, 0
84322, 1413120, 0, 0, 0
84422, 1054720, 0, 0, 0
84523, 798720, 0, 0, 0
84623, 983040, 0, 0, 0
84724, 727040, 0, 0, 0
84824, 747520, 0, 0, 0
84925, 819200, 0, 0, 0
85025, 808960, 0, 0, 0
85125, 624640, 0, 0, 0
85225, 532480, 0, 0, 0
85326, 757760, 0, 0, 0
85426, 675840, 0, 0, 0
85526, 839680, 0, 0, 0
85627, 819200, 0, 0, 0
85727, 450560, 0, 0, 0
85827, 1064960, 0, 0, 0
85927, 798720, 0, 0, 0
86028, 849920, 0, 0, 0
86128, 604160, 0, 0, 0
86228, 757760, 0, 0, 0
86328, 706560, 0, 0, 0
86428, 768000, 0, 0, 0
86529, 829440, 0, 0, 0
86629, 1320960, 0, 0, 0
86729, 911360, 0, 0, 0
86830, 911360, 0, 0, 0
86930, 1187840, 0, 0, 0
87031, 860160, 0, 0, 0
87131, 1044480, 0, 0, 0
87232, 880640, 0, 0, 0
87332, 849920, 0, 0, 0
87432, 1239040, 0, 0, 0
87533, 819200, 0, 0, 0
87633, 563200, 0, 0, 0
87733, 788480, 0, 0, 0
87833, 675840, 0, 0, 0
87933, 860160, 0, 0, 0
88034, 624640, 0, 0, 0
88134, 737280, 0, 0, 0
88234, 1239040, 0, 0, 0
88335, 962560, 0, 0, 0
88435, 389120, 0, 0, 0
88536, 645120, 0, 0, 0
88636, 1085440, 0, 0, 0
88736, 768000, 0, 0, 0
88837, 839680, 0, 0, 0
88937, 573440, 0, 0, 0
89037, 1064960, 0, 0, 0
89137, 737280, 0, 0, 0
89237, 1054720, 0, 0, 0
89338, 870400, 0, 0, 0
89438, 880640, 0, 0, 0
89542, 708923, 0, 0, 0
89642, 778240, 0, 0, 0
89742, 1085440, 0, 0, 0
89843, 1116160, 0, 0, 0
89943, 1198080, 0, 0, 0
90043, 1013760, 0, 0, 0
