250, 16896, 0, 0, 0
350, 16860, 0, 0, 0
450, 12820, 0, 0, 0
550, 18030, 0, 0, 0
650, 20850, 0, 0, 0
749, 15676, 0, 0, 0
849, 14110, 0, 0, 0
949, 18990, 0, 0, 0
1049, 10370, 0, 0, 0
1149, 13680, 0, 0, 0
1249, 16260, 0, 0, 0
1349, 10420, 0, 0, 0
1449, 11380, 0, 0, 0
1550, 14800, 0, 0, 0
1650, 16110, 0, 0, 0
1749, 17121, 0, 0, 0
1849, 17880, 0, 0, 0
1949, 12390, 0, 0, 0
2049, 15750, 0, 0, 0
2149, 12350, 0, 0, 0
2249, 12370, 0, 0, 0
2349, 15310, 0, 0, 0
2449, 16090, 0, 0, 0
2549, 15450, 0, 0, 0
2649, 13530, 0, 0, 0
2749, 11530, 0, 0, 0
2849, 12080, 0, 0, 0
2949, 8090, 0, 0, 0
3050, 9660, 0, 0, 0
3150, 18790, 0, 0, 0
3249, 13666, 0, 0, 0
3349, 17910, 0, 0, 0
3449, 11170, 0, 0, 0
3549, 19400, 0, 0, 0
3649, 19130, 0, 0, 0
3749, 18120, 0, 0, 0
3849, 19390, 0, 0, 0
3949, 13330, 0, 0, 0
4049, 13410, 0, 0, 0
4149, 17030, 0, 0, 0
4250, 15460, 0, 0, 0
4350, 14590, 0, 0, 0
4450, 11950, 0, 0, 0
4550, 14370, 0, 0, 0
4650, 16870, 0, 0, 0
4749, 9222, 0, 0, 0
4849, 8630, 0, 0, 0
4949, 15480, 0, 0, 0
5049, 12750, 0, 0, 0
5149, 12270, 0, 0, 0
5249, 17670, 0, 0, 0
5349, 19940, 0, 0, 0
5449, 18350, 0, 0, 0
5549, 15670, 0, 0, 0
5650, 6460, 0, 0, 0
5750, 12030, 0, 0, 0
5850, 16950, 0, 0, 0
5950, 14790, 0, 0, 0
6050, 18520, 0, 0, 0
6150, 16890, 0, 0, 0
6249, 5848, 0, 0, 0
6349, 11880, 0, 0, 0
6449, 9900, 0, 0, 0
6549, 12680, 0, 0, 0
6649, 7940, 0, 0, 0
6749, 16460, 0, 0, 0
6849, 15340, 0, 0, 0
6949, 10540, 0, 0, 0
7050, 18120, 0, 0, 0
7150, 15020, 0, 0, 0
7249, 12202, 0, 0, 0
7349, 10830, 0, 0, 0
7449, 12240, 0, 0, 0
7549, 13840, 0, 0, 0
7649, 17910, 0, 0, 0
7749, 17050, 0, 0, 0
7849, 14470, 0, 0, 0
7949, 15050, 0, 0, 0
8049, 14520, 0, 0, 0
8149, 17000, 0, 0, 0
8249, 16170, 0, 0, 0
8349, 17150, 0, 0, 0
8449, 8160, 0, 0, 0
8550, 5700, 0, 0, 0
8650, 15330, 0, 0, 0
8749, 15585, 0, 0, 0
8849, 9450, 0, 0, 0
8949, 19560, 0, 0, 0
9049, 18360, 0, 0, 0
9149, 16890, 0, 0, 0
9249, 17040, 0, 0, 0
9349, 15600, 0, 0, 0
9449, 10520, 0, 0, 0
9549, 11140, 0, 0, 0
9649, 17040, 0, 0, 0
9749, 21120, 0, 0, 0
9849, 17610, 0, 0, 0
9949, 11310, 0, 0, 0
10050, 15000, 0, 0, 0
10150, 20780, 0, 0, 0
10249, 11525, 0, 0, 0
10349, 9280, 0, 0, 0
10449, 13820, 0, 0, 0
10549, 9600, 0, 0, 0
10649, 16800, 0, 0, 0
10749, 12760, 0, 0, 0
10849, 14540, 0, 0, 0
10949, 13400, 0, 0, 0
11049, 15960, 0, 0, 0
11149, 13660, 0, 0, 0
11249, 15820, 0, 0, 0
11349, 12590, 0, 0, 0
11449, 15440, 0, 0, 0
11550, 10760, 0, 0, 0
11650, 13620, 0, 0, 0
11749, 14353, 0, 0, 0
11849, 17050, 0, 0, 0
11949, 14960, 0, 0, 0
12049, 15870, 0, 0, 0
12149, 14010, 0, 0, 0
12249, 14890, 0, 0, 0
12349, 18340, 0, 0, 0
12449, 14680, 0, 0, 0
12549, 14470, 0, 0, 0
12649, 18770, 0, 0, 0
12749, 14830, 0, 0, 0
12849, 19720, 0, 0, 0
12949, 14770, 0, 0, 0
13050, 11300, 0, 0, 0
13150, 18840, 0, 0, 0
13249, 17262, 0, 0, 0
13349, 14350, 0, 0, 0
13449, 6900, 0, 0, 0
13549, 19020, 0, 0, 0
13649, 15200, 0, 0, 0
13749, 16150, 0, 0, 0
13849, 15980, 0, 0, 0
13949, 12500, 0, 0, 0
14049, 16540, 0, 0, 0
14149, 15980, 0, 0, 0
14249, 12860, 0, 0, 0
14349, 10850, 0, 0, 0
14449, 8640, 0, 0, 0
14550, 9660, 0, 0, 0
14650, 15660, 0, 0, 0
14749, 17656, 0, 0, 0
14849, 18300, 0, 0, 0
14949, 11790, 0, 0, 0
15049, 17250, 0, 0, 0
15149, 16700, 0, 0, 0
15249, 16970, 0, 0, 0
15349, 15640, 0, 0, 0
15449, 18090, 0, 0, 0
15549, 17470, 0, 0, 0
15649, 12130, 0, 0, 0
15749, 17960, 0, 0, 0
15849, 19520, 0, 0, 0
15949, 15040, 0, 0, 0
16050, 12650, 0, 0, 0
16150, 15620, 0, 0, 0
16249, 17252, 0, 0, 0
16349, 13430, 0, 0, 0
16449, 13380, 0, 0, 0
16549, 10700, 0, 0, 0
16649, 16680, 0, 0, 0
16749, 12180, 0, 0, 0
16849, 18220, 0, 0, 0
16949, 16230, 0, 0, 0
17049, 16210, 0, 0, 0
17149, 16640, 0, 0, 0
17249, 13940, 0, 0, 0
17349, 14200, 0, 0, 0
17449, 14470, 0, 0, 0
17550, 13850, 0, 0, 0
17650, 10780, 0, 0, 0
17749, 16000, 0, 0, 0
17849, 7680, 0, 0, 0
17949, 9550, 0, 0, 0
18049, 14410, 0, 0, 0
18149, 20620, 0, 0, 0
18249, 13760, 0, 0, 0
18349, 8050, 0, 0, 0
18449, 11820, 0, 0, 0
18549, 12020, 0, 0, 0
18649, 15290, 0, 0, 0
18749, 12830, 0, 0, 0
18849, 13590, 0, 0, 0
18950, 11800, 0, 0, 0
19050, 15330, 0, 0, 0
19150, 14820, 0, 0, 0
19249, 12131, 0, 0, 0
19349, 16720, 0, 0, 0
19449, 13620, 0, 0, 0
19549, 14330, 0, 0, 0
19649, 15360, 0, 0, 0
19749, 19080, 0, 0, 0
19849, 10200, 0, 0, 0
19949, 15630, 0, 0, 0
20049, 19420, 0, 0, 0
20149, 19510, 0, 0, 0
20249, 17240, 0, 0, 0
20349, 15230, 0, 0, 0
20450, 11160, 0, 0, 0
20550, 14440, 0, 0, 0
20650, 15830, 0, 0, 0
20749, 16989, 0, 0, 0
20849, 13970, 0, 0, 0
20949, 13620, 0, 0, 0
21049, 13500, 0, 0, 0
21149, 18030, 0, 0, 0
21249, 9980, 0, 0, 0
21349, 11650, 0, 0, 0
21449, 17290, 0, 0, 0
21549, 17180, 0, 0, 0
21649, 14790, 0, 0, 0
21749, 18680, 0, 0, 0
21849, 15280, 0, 0, 0
21950, 15330, 0, 0, 0
22050, 10690, 0, 0, 0
22150, 19530, 0, 0, 0
22249, 15010, 0, 0, 0
22349, 16000, 0, 0, 0
22449, 14430, 0, 0, 0
22549, 16250, 0, 0, 0
22649, 13040, 0, 0, 0
22749, 17890, 0, 0, 0
22849, 16070, 0, 0, 0
22949, 16430, 0, 0, 0
23049, 17270, 0, 0, 0
23149, 10660, 0, 0, 0
23250, 16220, 0, 0, 0
23350, 15590, 0, 0, 0
23450, 13940, 0, 0, 0
23550, 13230, 0, 0, 0
23650, 14520, 0, 0, 0
23749, 14636, 0, 0, 0
23849, 14700, 0, 0, 0
23949, 13530, 0, 0, 0
24049, 13630, 0, 0, 0
24149, 14190, 0, 0, 0
24249, 12130, 0, 0, 0
24349, 17320, 0, 0, 0
24449, 17420, 0, 0, 0
24549, 11980, 0, 0, 0
24649, 9220, 0, 0, 0
24749, 16570, 0, 0, 0
24850, 16840, 0, 0, 0
24950, 14450, 0, 0, 0
25050, 18600, 0, 0, 0
25150, 16710, 0, 0, 0
25249, 7454, 0, 0, 0
25349, 14380, 0, 0, 0
25449, 14070, 0, 0, 0
25549, 14030, 0, 0, 0
25649, 17380, 0, 0, 0
25749, 14870, 0, 0, 0
25849, 16380, 0, 0, 0
25949, 16430, 0, 0, 0
26049, 13820, 0, 0, 0
26149, 15440, 0, 0, 0
26249, 13930, 0, 0, 0
26350, 12830, 0, 0, 0
26450, 17250, 0, 0, 0
26550, 19600, 0, 0, 0
26650, 17840, 0, 0, 0
26749, 15242, 0, 0, 0
26849, 16640, 0, 0, 0
26949, 13310, 0, 0, 0
27049, 17990, 0, 0, 0
27149, 18020, 0, 0, 0
27249, 11690, 0, 0, 0
27349, 19430, 0, 0, 0
27449, 16230, 0, 0, 0
27549, 10200, 0, 0, 0
27649, 15140, 0, 0, 0
27750, 15700, 0, 0, 0
27850, 12370, 0, 0, 0
27950, 11620, 0, 0, 0
28050, 17280, 0, 0, 0
28150, 13180, 0, 0, 0
28249, 19363, 0, 0, 0
28349, 18410, 0, 0, 0
28449, 16090, 0, 0, 0
28549, 11880, 0, 0, 0
28649, 9390, 0, 0, 0
28749, 15300, 0, 0, 0
28849, 17780, 0, 0, 0
28949, 13860, 0, 0, 0
29049, 15200, 0, 0, 0
29149, 9880, 0, 0, 0
29250, 20330, 0, 0, 0
29350, 18190, 0, 0, 0
29450, 19370, 0, 0, 0
29550, 17860, 0, 0, 0
29650, 16920, 0, 0, 0
29749, 17292, 0, 0, 0
29849, 15200, 0, 0, 0
29949, 13140, 0, 0, 0
30049, 13090, 0, 0, 0
30149, 14690, 0, 0, 0
30249, 12580, 0, 0, 0
30349, 12720, 0, 0, 0
30449, 13130, 0, 0, 0
30549, 10650, 0, 0, 0
30649, 14820, 0, 0, 0
30750, 18430, 0, 0, 0
30850, 10480, 0, 0, 0
30950, 11520, 0, 0, 0
31050, 10500, 0, 0, 0
31150, 16020, 0, 0, 0
31249, 11111, 0, 0, 0
31349, 14240, 0, 0, 0
31449, 13580, 0, 0, 0
31549, 17610, 0, 0, 0
31649, 15260, 0, 0, 0
31749, 11390, 0, 0, 0
31849, 13780, 0, 0, 0
31949, 10050, 0, 0, 0
32049, 17160, 0, 0, 0
32149, 17200, 0, 0, 0
32250, 11440, 0, 0, 0
32350, 11680, 0, 0, 0
32450, 12700, 0, 0, 0
32550, 13820, 0, 0, 0
32650, 15550, 0, 0, 0
32749, 14898, 0, 0, 0
32849, 18650, 0, 0, 0
32949, 19040, 0, 0, 0
33049, 13150, 0, 0, 0
33149, 12270, 0, 0, 0
33249, 15030, 0, 0, 0
33349, 16330, 0, 0, 0
33449, 17000, 0, 0, 0
33549, 14360, 0, 0, 0
33649, 10270, 0, 0, 0
33750, 14860, 0, 0, 0
33850, 11710, 0, 0, 0
33950, 14770, 0, 0, 0
34050, 18550, 0, 0, 0
34150, 6510, 0, 0, 0
34249, 10828, 0, 0, 0
34349, 14900, 0, 0, 0
34449, 11340, 0, 0, 0
34549, 16250, 0, 0, 0
34649, 13960, 0, 0, 0
34749, 9700, 0, 0, 0
34849, 12560, 0, 0, 0
34949, 15370, 0, 0, 0
35049, 13990, 0, 0, 0
35149, 9540, 0, 0, 0
35250, 15640, 0, 0, 0
35350, 13100, 0, 0, 0
35450, 14240, 0, 0, 0
35550, 14880, 0, 0, 0
35650, 9120, 0, 0, 0
35749, 15050, 0, 0, 0
35849, 15210, 0, 0, 0
35949, 17450, 0, 0, 0
36049, 18490, 0, 0, 0
36149, 12670, 0, 0, 0
36249, 12030, 0, 0, 0
36349, 10330, 0, 0, 0
36449, 17610, 0, 0, 0
36549, 12030, 0, 0, 0
36649, 17820, 0, 0, 0
36750, 9190, 0, 0, 0
36850, 15280, 0, 0, 0
36950, 17200, 0, 0, 0
37050, 11560, 0, 0, 0
37150, 15080, 0, 0, 0
37249, 13525, 0, 0, 0
37349, 7120, 0, 0, 0
37449, 13440, 0, 0, 0
37549, 14580, 0, 0, 0
37649, 13990, 0, 0, 0
37749, 10860, 0, 0, 0
37849, 16110, 0, 0, 0
37949, 14540, 0, 0, 0
38049, 17040, 0, 0, 0
38149, 15090, 0, 0, 0
38250, 9920, 0, 0, 0
38350, 7480, 0, 0, 0
38450, 15950, 0, 0, 0
38550, 11560, 0, 0, 0
38650, 13490, 0, 0, 0
38749, 16919, 0, 0, 0
38849, 15610, 0, 0, 0
38949, 15030, 0, 0, 0
39049, 16430, 0, 0, 0
39149, 16760, 0, 0, 0
39249, 20160, 0, 0, 0
39349, 14980, 0, 0, 0
39449, 16450, 0, 0, 0
39550, 16280, 0, 0, 0
39650, 13740, 0, 0, 0
39749, 15353, 0, 0, 0
39849, 19170, 0, 0, 0
39949, 13210, 0, 0, 0
40049, 13800, 0, 0, 0
40149, 14520, 0, 0, 0
40249, 12970, 0, 0, 0
40349, 9250, 0, 0, 0
40449, 20300, 0, 0, 0
40549, 18410, 0, 0, 0
40649, 15700, 0, 0, 0
40749, 16070, 0, 0, 0
40849, 10860, 0, 0, 0
40949, 17850, 0, 0, 0
41049, 15310, 0, 0, 0
41150, 16960, 0, 0, 0
41250, 10880, 0, 0, 0
41350, 16220, 0, 0, 0
41450, 16950, 0, 0, 0
41550, 15120, 0, 0, 0
41650, 12970, 0, 0, 0
41749, 14030, 0, 0, 0
41849, 19100, 0, 0, 0
41949, 16500, 0, 0, 0
42049, 17140, 0, 0, 0
42149, 18910, 0, 0, 0
42249, 16610, 0, 0, 0
42349, 14520, 0, 0, 0
42449, 19010, 0, 0, 0
42549, 15740, 0, 0, 0
42649, 13840, 0, 0, 0
42750, 14450, 0, 0, 0
42850, 11290, 0, 0, 0
42950, 14770, 0, 0, 0
43050, 16030, 0, 0, 0
43150, 16980, 0, 0, 0
43249, 16131, 0, 0, 0
43349, 14550, 0, 0, 0
43449, 19170, 0, 0, 0
43549, 13270, 0, 0, 0
43649, 9760, 0, 0, 0
43749, 9890, 0, 0, 0
43849, 10410, 0, 0, 0
43949, 15340, 0, 0, 0
44049, 11190, 0, 0, 0
44149, 13370, 0, 0, 0
44250, 11890, 0, 0, 0
44350, 15650, 0, 0, 0
44450, 6680, 0, 0, 0
44550, 15860, 0, 0, 0
44650, 14020, 0, 0, 0
44749, 10494, 0, 0, 0
44849, 15770, 0, 0, 0
44949, 12930, 0, 0, 0
45049, 16570, 0, 0, 0
45149, 14270, 0, 0, 0
45249, 17190, 0, 0, 0
45349, 16250, 0, 0, 0
45449, 14750, 0, 0, 0
45549, 13410, 0, 0, 0
45649, 17680, 0, 0, 0
45750, 15650, 0, 0, 0
45850, 16820, 0, 0, 0
45950, 18250, 0, 0, 0
46050, 13140, 0, 0, 0
46150, 16550, 0, 0, 0
46249, 18252, 0, 0, 0
46349, 18640, 0, 0, 0
46449, 18400, 0, 0, 0
46549, 17510, 0, 0, 0
46649, 14680, 0, 0, 0
46749, 14090, 0, 0, 0
46849, 15530, 0, 0, 0
46949, 14900, 0, 0, 0
47049, 15300, 0, 0, 0
47149, 10790, 0, 0, 0
47250, 9040, 0, 0, 0
47350, 14740, 0, 0, 0
47450, 10530, 0, 0, 0
47550, 19330, 0, 0, 0
47650, 9660, 0, 0, 0
47749, 13575, 0, 0, 0
47849, 17300, 0, 0, 0
47949, 18120, 0, 0, 0
48049, 13630, 0, 0, 0
48149, 17640, 0, 0, 0
48249, 18790, 0, 0, 0
48349, 12650, 0, 0, 0
48449, 13450, 0, 0, 0
48549, 13030, 0, 0, 0
48649, 16890, 0, 0, 0
48750, 17760, 0, 0, 0
48850, 16170, 0, 0, 0
48950, 14020, 0, 0, 0
49050, 15440, 0, 0, 0
49150, 15730, 0, 0, 0
49249, 14323, 0, 0, 0
49349, 15330, 0, 0, 0
49449, 12380, 0, 0, 0
49549, 17140, 0, 0, 0
49649, 18840, 0, 0, 0
49749, 16520, 0, 0, 0
49849, 15640, 0, 0, 0
49949, 12650, 0, 0, 0
50049, 16460, 0, 0, 0
50149, 10790, 0, 0, 0
50250, 14750, 0, 0, 0
50350, 13420, 0, 0, 0
50450, 17770, 0, 0, 0
50550, 17690, 0, 0, 0
50650, 18670, 0, 0, 0
50749, 11141, 0, 0, 0
50849, 16660, 0, 0, 0
50949, 11970, 0, 0, 0
51049, 15590, 0, 0, 0
51149, 16350, 0, 0, 0
51249, 8460, 0, 0, 0
51349, 15640, 0, 0, 0
51449, 14940, 0, 0, 0
51549, 18540, 0, 0, 0
51649, 10270, 0, 0, 0
51750, 17320, 0, 0, 0
51850, 20320, 0, 0, 0
51950, 17250, 0, 0, 0
52050, 18680, 0, 0, 0
52150, 11800, 0, 0, 0
52249, 17020, 0, 0, 0
52349, 17880, 0, 0, 0
52449, 15450, 0, 0, 0
52549, 16530, 0, 0, 0
52649, 16840, 0, 0, 0
52749, 10100, 0, 0, 0
52849, 12080, 0, 0, 0
52949, 11940, 0, 0, 0
53050, 10460, 0, 0, 0
53150, 10400, 0, 0, 0
53249, 16929, 0, 0, 0
53349, 16250, 0, 0, 0
53449, 13170, 0, 0, 0
53549, 12480, 0, 0, 0
53649, 11360, 0, 0, 0
53749, 10750, 0, 0, 0
53849, 11850, 0, 0, 0
53949, 10930, 0, 0, 0
54049, 14770, 0, 0, 0
54149, 15560, 0, 0, 0
54249, 14760, 0, 0, 0
54349, 14270, 0, 0, 0
54449, 13970, 0, 0, 0
54549, 12530, 0, 0, 0
54650, 9920, 0, 0, 0
54750, 7640, 0, 0, 0
54850, 21030, 0, 0, 0
54950, 11620, 0, 0, 0
55050, 14470, 0, 0, 0
55150, 12080, 0, 0, 0
55249, 17040, 0, 0, 0
55349, 10790, 0, 0, 0
55449, 9580, 0, 0, 0
55549, 19240, 0, 0, 0
55649, 11400, 0, 0, 0
55749, 14410, 0, 0, 0
55849, 12070, 0, 0, 0
55949, 13710, 0, 0, 0
56049, 17120, 0, 0, 0
56150, 15170, 0, 0, 0
56250, 16170, 0, 0, 0
56350, 9720, 0, 0, 0
56450, 18130, 0, 0, 0
56550, 13190, 0, 0, 0
56650, 15910, 0, 0, 0
56749, 16303, 0, 0, 0
56849, 19590, 0, 0, 0
56949, 16600, 0, 0, 0
57049, 16360, 0, 0, 0
57149, 13670, 0, 0, 0
57249, 10110, 0, 0, 0
57349, 13270, 0, 0, 0
57449, 17090, 0, 0, 0
57549, 12170, 0, 0, 0
57649, 13770, 0, 0, 0
57750, 11120, 0, 0, 0
57850, 11260, 0, 0, 0
57950, 13950, 0, 0, 0
58050, 11070, 0, 0, 0
58150, 18900, 0, 0, 0
58249, 14737, 0, 0, 0
58349, 15620, 0, 0, 0
58449, 16020, 0, 0, 0
58549, 8770, 0, 0, 0
58649, 13970, 0, 0, 0
58749, 14000, 0, 0, 0
58849, 18150, 0, 0, 0
58949, 18370, 0, 0, 0
59049, 12850, 0, 0, 0
59149, 17780, 0, 0, 0
59250, 17990, 0, 0, 0
59350, 14840, 0, 0, 0
59450, 8490, 0, 0, 0
59550, 11870, 0, 0, 0
59650, 14120, 0, 0, 0
59749, 11838, 0, 0, 0
59849, 13040, 0, 0, 0
59949, 12360, 0, 0, 0
60049, 11220, 0, 0, 0
60149, 10650, 0, 0, 0
60249, 8380, 0, 0, 0
60349, 10240, 0, 0, 0
60449, 9530, 0, 0, 0
60549, 19170, 0, 0, 0
60650, 17930, 0, 0, 0
60750, 16200, 0, 0, 0
60850, 15360, 0, 0, 0
60950, 17860, 0, 0, 0
61050, 14550, 0, 0, 0
61150, 14250, 0, 0, 0
61249, 16282, 0, 0, 0
61349, 14840, 0, 0, 0
61449, 16550, 0, 0, 0
61549, 12590, 0, 0, 0
61649, 12180, 0, 0, 0
61749, 19330, 0, 0, 0
61849, 19950, 0, 0, 0
61949, 15100, 0, 0, 0
62049, 7040, 0, 0, 0
62150, 8940, 0, 0, 0
62250, 12630, 0, 0, 0
62350, 16100, 0, 0, 0
62450, 13280, 0, 0, 0
62550, 11500, 0, 0, 0
62650, 13680, 0, 0, 0
62749, 10818, 0, 0, 0
62849, 14990, 0, 0, 0
62949, 11360, 0, 0, 0
63049, 14570, 0, 0, 0
63149, 15780, 0, 0, 0
63249, 16240, 0, 0, 0
63349, 12600, 0, 0, 0
63449, 11580, 0, 0, 0
63549, 12890, 0, 0, 0
63649, 7950, 0, 0, 0
63750, 12970, 0, 0, 0
63850, 12960, 0, 0, 0
63950, 12460, 0, 0, 0
64050, 13250, 0, 0, 0
64150, 18640, 0, 0, 0
64249, 12818, 0, 0, 0
64349, 16950, 0, 0, 0
64449, 14800, 0, 0, 0
64549, 15980, 0, 0, 0
64649, 15000, 0, 0, 0
64749, 11290, 0, 0, 0
64849, 11780, 0, 0, 0
64949, 18720, 0, 0, 0
65049, 16140, 0, 0, 0
65149, 17300, 0, 0, 0
65250, 15860, 0, 0, 0
65350, 14710, 0, 0, 0
65450, 18160, 0, 0, 0
65550, 17050, 0, 0, 0
65650, 10590, 0, 0, 0
65749, 15616, 0, 0, 0
65849, 17270, 0, 0, 0
65949, 11520, 0, 0, 0
66049, 9360, 0, 0, 0
66149, 11730, 0, 0, 0
66249, 7670, 0, 0, 0
66349, 14670, 0, 0, 0
66449, 11870, 0, 0, 0
66549, 13610, 0, 0, 0
66649, 18020, 0, 0, 0
66750, 18580, 0, 0, 0
66850, 12750, 0, 0, 0
66950, 14640, 0, 0, 0
67050, 17960, 0, 0, 0
67150, 16330, 0, 0, 0
67249, 11292, 0, 0, 0
67349, 11320, 0, 0, 0
67449, 13840, 0, 0, 0
67549, 8920, 0, 0, 0
67649, 14540, 0, 0, 0
67749, 14300, 0, 0, 0
67849, 11260, 0, 0, 0
67949, 17010, 0, 0, 0
68049, 10650, 0, 0, 0
68149, 12180, 0, 0, 0
68249, 12520, 0, 0, 0
68350, 10920, 0, 0, 0
68450, 19140, 0, 0, 0
68550, 13420, 0, 0, 0
68650, 15090, 0, 0, 0
68749, 14262, 0, 0, 0
68849, 18880, 0, 0, 0
68949, 14710, 0, 0, 0
69049, 18540, 0, 0, 0
69149, 17250, 0, 0, 0
69249, 14820, 0, 0, 0
69349, 18460, 0, 0, 0
69449, 13240, 0, 0, 0
69549, 15450, 0, 0, 0
69649, 16990, 0, 0, 0
69749, 16260, 0, 0, 0
69849, 18150, 0, 0, 0
69949, 14120, 0, 0, 0
70050, 18630, 0, 0, 0
70150, 15050, 0, 0, 0
70249, 12353, 0, 0, 0
70349, 16350, 0, 0, 0
70449, 10070, 0, 0, 0
70549, 16660, 0, 0, 0
70649, 8520, 0, 0, 0
70749, 13970, 0, 0, 0
70849, 7960, 0, 0, 0
70949, 17860, 0, 0, 0
71049, 12230, 0, 0, 0
71149, 14370, 0, 0, 0
71249, 12620, 0, 0, 0
71349, 14230, 0, 0, 0
71449, 13760, 0, 0, 0
71550, 12000, 0, 0, 0
71650, 8010, 0, 0, 0
71749, 9777, 0, 0, 0
71849, 15380, 0, 0, 0
71949, 18020, 0, 0, 0
72049, 16330, 0, 0, 0
72149, 17840, 0, 0, 0
72249, 12440, 0, 0, 0
72349, 13710, 0, 0, 0
72449, 18850, 0, 0, 0
72549, 15930, 0, 0, 0
72649, 20840, 0, 0, 0
72749, 19240, 0, 0, 0
72849, 14740, 0, 0, 0
72949, 14010, 0, 0, 0
73050, 15060, 0, 0, 0
73150, 9120, 0, 0, 0
73249, 16343, 0, 0, 0
73349, 16580, 0, 0, 0
73449, 7960, 0, 0, 0
73549, 13370, 0, 0, 0
73649, 13040, 0, 0, 0
73749, 14990, 0, 0, 0
73849, 17600, 0, 0, 0
73949, 15110, 0, 0, 0
74049, 12170, 0, 0, 0
74149, 8380, 0, 0, 0
74249, 7920, 0, 0, 0
74349, 17170, 0, 0, 0
74449, 17260, 0, 0, 0
74550, 12520, 0, 0, 0
74650, 9800, 0, 0, 0
74749, 9626, 0, 0, 0
74849, 16470, 0, 0, 0
74949, 17270, 0, 0, 0
75049, 17750, 0, 0, 0
75149, 15330, 0, 0, 0
75249, 12270, 0, 0, 0
75349, 16670, 0, 0, 0
75449, 17360, 0, 0, 0
75549, 13220, 0, 0, 0
75649, 15760, 0, 0, 0
75749, 10340, 0, 0, 0
75849, 17500, 0, 0, 0
75949, 14310, 0, 0, 0
76050, 11040, 0, 0, 0
76150, 9930, 0, 0, 0
76249, 19141, 0, 0, 0
76349, 17140, 0, 0, 0
76449, 16620, 0, 0, 0
76549, 17480, 0, 0, 0
76649, 19120, 0, 0, 0
76749, 19640, 0, 0, 0
76849, 15060, 0, 0, 0
76949, 17940, 0, 0, 0
77049, 15220, 0, 0, 0
77149, 17000, 0, 0, 0
77249, 17160, 0, 0, 0
77349, 15860, 0, 0, 0
77449, 16730, 0, 0, 0
77550, 20720, 0, 0, 0
77650, 21030, 0, 0, 0
77749, 12737, 0, 0, 0
77849, 8200, 0, 0, 0
77949, 17810, 0, 0, 0
78049, 15220, 0, 0, 0
78149, 12210, 0, 0, 0
78249, 16000, 0, 0, 0
78349, 14960, 0, 0, 0
78449, 14110, 0, 0, 0
78549, 18830, 0, 0, 0
78649, 19520, 0, 0, 0
78749, 16370, 0, 0, 0
78849, 8780, 0, 0, 0
78950, 8850, 0, 0, 0
79050, 14340, 0, 0, 0
79150, 18020, 0, 0, 0
79249, 16020, 0, 0, 0
79349, 18120, 0, 0, 0
79449, 14500, 0, 0, 0
79549, 9770, 0, 0, 0
79649, 15900, 0, 0, 0
79749, 13310, 0, 0, 0
79849, 13950, 0, 0, 0
79949, 16040, 0, 0, 0
80049, 11150, 0, 0, 0
80149, 18270, 0, 0, 0
80250, 18860, 0, 0, 0
80350, 16410, 0, 0, 0
80450, 14740, 0, 0, 0
80550, 17590, 0, 0, 0
80650, 14700, 0, 0, 0
80749, 15919, 0, 0, 0
80849, 13760, 0, 0, 0
80949, 11170, 0, 0, 0
81049, 15660, 0, 0, 0
81149, 14240, 0, 0, 0
81249, 14700, 0, 0, 0
81349, 15990, 0, 0, 0
81449, 13250, 0, 0, 0
81549, 11230, 0, 0, 0
81649, 10900, 0, 0, 0
81750, 15780, 0, 0, 0
81850, 14210, 0, 0, 0
81950, 15690, 0, 0, 0
82050, 18940, 0, 0, 0
82150, 12580, 0, 0, 0
82249, 10585, 0, 0, 0
82349, 19060, 0, 0, 0
82449, 16890, 0, 0, 0
82549, 13860, 0, 0, 0
82649, 18240, 0, 0, 0
82749, 12760, 0, 0, 0
82849, 8580, 0, 0, 0
82949, 14300, 0, 0, 0
83049, 10830, 0, 0, 0
83149, 17140, 0, 0, 0
83249, 11440, 0, 0, 0
83350, 9530, 0, 0, 0
83450, 9080, 0, 0, 0
83550, 13690, 0, 0, 0
83650, 15040, 0, 0, 0
83749, 11363, 0, 0, 0
83849, 9780, 0, 0, 0
83949, 17800, 0, 0, 0
84049, 14930, 0, 0, 0
84149, 18740, 0, 0, 0
84249, 12990, 0, 0, 0
84349, 11360, 0, 0, 0
84449, 13590, 0, 0, 0
84549, 10350, 0, 0, 0
84649, 15670, 0, 0, 0
84749, 18540, 0, 0, 0
84849, 17360, 0, 0, 0
84949, 14770, 0, 0, 0
85050, 17670, 0, 0, 0
85150, 7260, 0, 0, 0
85249, 15191, 0, 0, 0
85349, 15960, 0, 0, 0
85449, 17530, 0, 0, 0
85549, 14060, 0, 0, 0
85649, 11820, 0, 0, 0
85749, 14130, 0, 0, 0
85849, 14460, 0, 0, 0
85949, 14630, 0, 0, 0
86049, 8770, 0, 0, 0
86149, 8500, 0, 0, 0
86249, 14990, 0, 0, 0
86349, 10350, 0, 0, 0
86449, 14730, 0, 0, 0
86550, 15660, 0, 0, 0
86650, 16510, 0, 0, 0
86749, 16000, 0, 0, 0
86849, 19090, 0, 0, 0
86949, 16720, 0, 0, 0
87049, 19340, 0, 0, 0
87149, 17250, 0, 0, 0
87249, 19250, 0, 0, 0
87349, 17480, 0, 0, 0
87449, 10110, 0, 0, 0
87549, 13940, 0, 0, 0
87649, 15130, 0, 0, 0
87749, 17240, 0, 0, 0
87849, 18620, 0, 0, 0
87950, 16870, 0, 0, 0
88050, 14880, 0, 0, 0
88150, 16130, 0, 0, 0
88249, 17717, 0, 0, 0
88349, 15860, 0, 0, 0
88449, 10860, 0, 0, 0
88549, 13640, 0, 0, 0
88649, 13360, 0, 0, 0
88749, 7710, 0, 0, 0
88849, 15110, 0, 0, 0
88949, 8930, 0, 0, 0
89049, 7550, 0, 0, 0
89149, 13920, 0, 0, 0
89249, 17400, 0, 0, 0
89349, 18970, 0, 0, 0
89449, 9060, 0, 0, 0
89550, 14330, 0, 0, 0
89650, 17300, 0, 0, 0
89749, 16828, 0, 0, 0
89849, 14850, 0, 0, 0
89949, 13900, 0, 0, 0
