100, 308899, 0, 0, 0
200, 307291, 0, 0, 0
300, 316009, 0, 0, 0
400, 316340, 0, 0, 0
500, 312439, 0, 0, 0
600, 309399, 0, 0, 0
700, 308682, 0, 0, 0
800, 308504, 0, 0, 0
900, 312627, 0, 0, 0
1000, 316216, 0, 0, 0
1100, 313182, 0, 0, 0
1200, 318434, 0, 0, 0
1300, 314694, 0, 0, 0
1400, 317947, 0, 0, 0
1500, 308458, 0, 0, 0
1600, 311093, 0, 0, 0
1700, 308589, 0, 0, 0
1800, 311729, 0, 0, 0
1900, 314259, 0, 0, 0
2000, 301074, 0, 0, 0
2100, 324303, 0, 0, 0
2200, 313269, 0, 0, 0
2300, 316025, 0, 0, 0
2400, 315745, 0, 0, 0
2500, 311304, 0, 0, 0
2600, 314390, 0, 0, 0
2700, 309168, 0, 0, 0
2800, 314231, 0, 0, 0
2900, 314699, 0, 0, 0
3000, 308886, 0, 0, 0
3100, 311313, 0, 0, 0
3200, 313831, 0, 0, 0
3300, 310371, 0, 0, 0
3400, 310832, 0, 0, 0
3500, 306467, 0, 0, 0
3600, 316068, 0, 0, 0
3700, 303253, 0, 0, 0
3800, 315321, 0, 0, 0
3900, 319416, 0, 0, 0
4000, 308856, 0, 0, 0
4100, 310947, 0, 0, 0
4200, 306597, 0, 0, 0
4300, 310018, 0, 0, 0
4400, 310118, 0, 0, 0
4500, 316486, 0, 0, 0
4600, 311396, 0, 0, 0
4700, 312520, 0, 0, 0
4800, 320280, 0, 0, 0
4900, 315499, 0, 0, 0
5000, 295310, 0, 0, 0
5100, 309489, 0, 0, 0
5200, 313267, 0, 0, 0
5300, 312714, 0, 0, 0
5400, 305122, 0, 0, 0
5500, 311762, 0, 0, 0
5600, 321517, 0, 0, 0
5700, 313827, 0, 0, 0
5800, 320908, 0, 0, 0
5900, 316927, 0, 0, 0
6000, 314119, 0, 0, 0
6100, 315093, 0, 0, 0
6200, 316072, 0, 0, 0
6300, 312662, 0, 0, 0
6400, 309794, 0, 0, 0
6500, 310933, 0, 0, 0
6600, 297329, 0, 0, 0
6700, 313614, 0, 0, 0
6800, 308386, 0, 0, 0
6900, 317018, 0, 0, 0
7000, 319487, 0, 0, 0
7100, 298421, 0, 0, 0
7200, 309102, 0, 0, 0
7300, 307995, 0, 0, 0
7400, 305968, 0, 0, 0
7500, 316333, 0, 0, 0
7600, 313849, 0, 0, 0
7700, 312068, 0, 0, 0
7800, 311559, 0, 0, 0
7900, 310622, 0, 0, 0
8000, 302893, 0, 0, 0
8100, 305790, 0, 0, 0
8200, 311339, 0, 0, 0
8300, 311740, 0, 0, 0
8400, 308461, 0, 0, 0
8500, 320784, 0, 0, 0
8600, 306058, 0, 0, 0
8700, 314951, 0, 0, 0
8800, 310786, 0, 0, 0
8900, 313190, 0, 0, 0
9000, 324183, 0, 0, 0
9100, 312966, 0, 0, 0
9200, 315409, 0, 0, 0
9300, 316302, 0, 0, 0
9400, 305859, 0, 0, 0
9500, 312757, 0, 0, 0
9600, 322588, 0, 0, 0
9700, 306614, 0, 0, 0
9800, 309778, 0, 0, 0
9900, 306437, 0, 0, 0
10000, 312710, 0, 0, 0
10100, 308470, 0, 0, 0
10200, 312600, 0, 0, 0
10300, 317027, 0, 0, 0
10400, 313614, 0, 0, 0
10500, 309880, 0, 0, 0
10600, 300403, 0, 0, 0
10700, 320792, 0, 0, 0
10800, 314593, 0, 0, 0
10900, 320355, 0, 0, 0
11000, 304898, 0, 0, 0
11100, 304874, 0, 0, 0
11200, 310943, 0, 0, 0
11300, 312448, 0, 0, 0
11400, 312507, 0, 0, 0
11500, 311732, 0, 0, 0
11600, 314629, 0, 0, 0
11700, 304241, 0, 0, 0
11800, 304512, 0, 0, 0
11900, 312397, 0, 0, 0
12000, 309666, 0, 0, 0
12100, 317372, 0, 0, 0
12200, 308990, 0, 0, 0
12300, 308952, 0, 0, 0
12400, 309407, 0, 0, 0
12500, 310862, 0, 0, 0
12600, 316834, 0, 0, 0
12700, 312770, 0, 0, 0
12800, 306487, 0, 0, 0
12900, 306643, 0, 0, 0
13000, 312525, 0, 0, 0
13100, 310452, 0, 0, 0
13200, 312528, 0, 0, 0
13300, 316250, 0, 0, 0
13400, 310145, 0, 0, 0
13500, 317711, 0, 0, 0
13600, 309731, 0, 0, 0
13700, 307542, 0, 0, 0
13800, 314171, 0, 0, 0
13900, 311156, 0, 0, 0
14000, 315164, 0, 0, 0
14100, 324818, 0, 0, 0
14200, 321935, 0, 0, 0
14300, 299897, 0, 0, 0
14400, 314042, 0, 0, 0
14500, 308772, 0, 0, 0
14600, 310791, 0, 0, 0
14700, 306144, 0, 0, 0
14800, 323063, 0, 0, 0
14900, 315250, 0, 0, 0
15000, 313297, 0, 0, 0
15100, 306824, 0, 0, 0
15200, 313271, 0, 0, 0
15300, 308073, 0, 0, 0
15400, 309084, 0, 0, 0
15500, 323838, 0, 0, 0
15600, 308994, 0, 0, 0
15700, 304840, 0, 0, 0
15800, 320018, 0, 0, 0
15900, 310168, 0, 0, 0
16000, 317416, 0, 0, 0
16100, 304013, 0, 0, 0
16200, 312118, 0, 0, 0
16300, 317557, 0, 0, 0
16400, 302784, 0, 0, 0
16500, 312563, 0, 0, 0
16600, 305141, 0, 0, 0
16700, 310366, 0, 0, 0
16800, 306467, 0, 0, 0
16900, 308946, 0, 0, 0
17000, 313754, 0, 0, 0
17100, 317314, 0, 0, 0
17200, 319020, 0, 0, 0
17300, 309102, 0, 0, 0
17400, 315014, 0, 0, 0
17500, 307180, 0, 0, 0
17600, 302668, 0, 0, 0
17700, 312478, 0, 0, 0
17800, 318386, 0, 0, 0
17900, 302668, 0, 0, 0
18000, 311198, 0, 0, 0
18100, 308967, 0, 0, 0
18200, 314322, 0, 0, 0
18300, 308284, 0, 0, 0
18400, 324159, 0, 0, 0
18500, 313024, 0, 0, 0
18600, 301844, 0, 0, 0
18700, 307825, 0, 0, 0
18800, 314919, 0, 0, 0
18900, 307059, 0, 0, 0
19000, 302456, 0, 0, 0
19100, 309756, 0, 0, 0
19200, 314312, 0, 0, 0
19300, 312308, 0, 0, 0
19400, 307294, 0, 0, 0
19500, 319285, 0, 0, 0
19600, 312999, 0, 0, 0
19700, 306683, 0, 0, 0
19800, 305307, 0, 0, 0
19900, 301509, 0, 0, 0
20000, 304377, 0, 0, 0
20100, 312098, 0, 0, 0
20200, 301523, 0, 0, 0
20300, 302541, 0, 0, 0
20400, 312546, 0, 0, 0
20500, 303456, 0, 0, 0
20600, 315774, 0, 0, 0
20700, 314661, 0, 0, 0
20800, 297799, 0, 0, 0
20900, 313967, 0, 0, 0
21000, 300101, 0, 0, 0
21100, 304645, 0, 0, 0
21200, 311690, 0, 0, 0
21300, 308099, 0, 0, 0
21400, 308010, 0, 0, 0
21500, 312020, 0, 0, 0
21600, 305219, 0, 0, 0
21700, 313833, 0, 0, 0
21800, 319859, 0, 0, 0
21900, 314116, 0, 0, 0
22000, 304020, 0, 0, 0
22100, 297748, 0, 0, 0
22200, 316899, 0, 0, 0
22300, 303719, 0, 0, 0
22400, 308289, 0, 0, 0
22500, 311467, 0, 0, 0
22600, 321251, 0, 0, 0
22700, 306462, 0, 0, 0
22800, 308588, 0, 0, 0
22900, 306692, 0, 0, 0
23000, 312765, 0, 0, 0
23100, 307255, 0, 0, 0
23200, 307422, 0, 0, 0
23300, 302025, 0, 0, 0
23400, 317292, 0, 0, 0
23500, 307056, 0, 0, 0
23600, 306052, 0, 0, 0
23700, 314401, 0, 0, 0
23800, 307302, 0, 0, 0
23900, 307126, 0, 0, 0
24000, 312897, 0, 0, 0
24100, 308221, 0, 0, 0
24200, 314392, 0, 0, 0
24300, 310101, 0, 0, 0
24400, 314109, 0, 0, 0
24500, 315558, 0, 0, 0
24600, 313773, 0, 0, 0
24700, 308333, 0, 0, 0
24800, 311948, 0, 0, 0
24900, 310835, 0, 0, 0
25000, 301736, 0, 0, 0
25100, 313893, 0, 0, 0
25200, 307951, 0, 0, 0
25300, 309715, 0, 0, 0
25400, 311912, 0, 0, 0
25500, 306229, 0, 0, 0
25600, 311967, 0, 0, 0
25700, 311724, 0, 0, 0
25800, 312026, 0, 0, 0
25900, 307969, 0, 0, 0
26000, 317034, 0, 0, 0
26100, 311362, 0, 0, 0
26200, 302245, 0, 0, 0
26300, 311220, 0, 0, 0
26400, 315439, 0, 0, 0
26500, 318306, 0, 0, 0
26600, 304380, 0, 0, 0
26700, 317367, 0, 0, 0
26800, 309778, 0, 0, 0
26900, 304163, 0, 0, 0
27000, 317287, 0, 0, 0
27100, 314465, 0, 0, 0
27200, 305029, 0, 0, 0
27300, 312005, 0, 0, 0
27400, 315959, 0, 0, 0
27500, 313866, 0, 0, 0
27600, 317237, 0, 0, 0
27700, 314107, 0, 0, 0
27800, 305575, 0, 0, 0
27900, 305401, 0, 0, 0
28000, 312848, 0, 0, 0
28100, 304237, 0, 0, 0
28200, 300575, 0, 0, 0
28300, 313808, 0, 0, 0
28400, 308323, 0, 0, 0
28500, 313586, 0, 0, 0
28600, 316589, 0, 0, 0
28700, 318802, 0, 0, 0
28800, 307503, 0, 0, 0
28900, 308623, 0, 0, 0
29000, 304265, 0, 0, 0
29100, 312583, 0, 0, 0
29200, 307039, 0, 0, 0
29300, 303218, 0, 0, 0
29400, 314475, 0, 0, 0
29500, 302312, 0, 0, 0
29600, 312621, 0, 0, 0
29700, 311734, 0, 0, 0
29800, 312207, 0, 0, 0
29900, 311913, 0, 0, 0
30000, 316954, 0, 0, 0
30100, 313159, 0, 0, 0
30200, 310131, 0, 0, 0
30300, 314347, 0, 0, 0
30400, 309589, 0, 0, 0
30500, 317476, 0, 0, 0
30600, 314154, 0, 0, 0
30700, 307633, 0, 0, 0
30800, 302234, 0, 0, 0
30900, 313422, 0, 0, 0
31000, 312881, 0, 0, 0
31100, 311029, 0, 0, 0
31200, 311454, 0, 0, 0
31300, 307836, 0, 0, 0
31400, 307468, 0, 0, 0
31500, 317426, 0, 0, 0
31600, 303929, 0, 0, 0
31700, 302614, 0, 0, 0
31800, 302468, 0, 0, 0
31900, 325068, 0, 0, 0
32000, 305574, 0, 0, 0
32100, 310689, 0, 0, 0
32200, 318077, 0, 0, 0
32300, 313219, 0, 0, 0
32400, 309895, 0, 0, 0
32500, 306909, 0, 0, 0
32600, 307880, 0, 0, 0
32700, 307126, 0, 0, 0
32800, 307541, 0, 0, 0
32900, 310629, 0, 0, 0
33000, 315644, 0, 0, 0
33100, 313124, 0, 0, 0
33200, 312488, 0, 0, 0
33300, 320753, 0, 0, 0
33400, 313093, 0, 0, 0
33500, 306949, 0, 0, 0
33600, 302095, 0, 0, 0
33700, 309357, 0, 0, 0
33800, 303573, 0, 0, 0
33900, 313302, 0, 0, 0
34000, 314681, 0, 0, 0
34100, 315958, 0, 0, 0
34200, 304798, 0, 0, 0
34300, 306250, 0, 0, 0
34400, 315979, 0, 0, 0
34500, 308997, 0, 0, 0
34600, 312797, 0, 0, 0
34700, 310893, 0, 0, 0
34800, 306488, 0, 0, 0
34900, 315187, 0, 0, 0
35000, 312021, 0, 0, 0
35100, 304896, 0, 0, 0
35200, 308253, 0, 0, 0
35300, 309553, 0, 0, 0
35400, 315432, 0, 0, 0
35500, 311801, 0, 0, 0
35600, 320842, 0, 0, 0
35700, 308745, 0, 0, 0
35800, 318577, 0, 0, 0
35900, 305326, 0, 0, 0
36000, 302348, 0, 0, 0
36100, 321050, 0, 0, 0
36200, 313024, 0, 0, 0
36300, 304590, 0, 0, 0
36400, 316815, 0, 0, 0
36500, 312115, 0, 0, 0
36600, 308914, 0, 0, 0
36700, 315261, 0, 0, 0
36800, 307411, 0, 0, 0
36900, 303281, 0, 0, 0
37000, 315109, 0, 0, 0
37100, 312505, 0, 0, 0
37200, 319316, 0, 0, 0
37300, 308241, 0, 0, 0
37400, 314483, 0, 0, 0
37501, 319542, 0, 0, 0
37600, 313665, 0, 0, 0
37700, 322503, 0, 0, 0
37800, 306821, 0, 0, 0
37900, 314829, 0, 0, 0
38000, 313321, 0, 0, 0
38100, 315947, 0, 0, 0
38200, 312228, 0, 0, 0
38300, 311601, 0, 0, 0
38400, 307527, 0, 0, 0
38500, 312337, 0, 0, 0
38600, 311626, 0, 0, 0
38700, 316970, 0, 0, 0
38800, 310538, 0, 0, 0
38900, 309543, 0, 0, 0
39000, 311020, 0, 0, 0
39100, 310824, 0, 0, 0
39200, 307278, 0, 0, 0
39300, 305159, 0, 0, 0
39400, 303867, 0, 0, 0
39500, 311727, 0, 0, 0
39600, 306787, 0, 0, 0
39700, 318130, 0, 0, 0
39800, 308502, 0, 0, 0
39900, 310402, 0, 0, 0
40000, 318609, 0, 0, 0
40100, 313684, 0, 0, 0
40200, 305072, 0, 0, 0
40300, 308512, 0, 0, 0
40400, 317275, 0, 0, 0
40500, 303990, 0, 0, 0
40600, 306250, 0, 0, 0
40700, 308023, 0, 0, 0
40800, 317167, 0, 0, 0
40900, 311159, 0, 0, 0
41000, 312778, 0, 0, 0
41100, 318439, 0, 0, 0
41200, 310004, 0, 0, 0
41300, 312341, 0, 0, 0
41400, 314948, 0, 0, 0
41500, 316599, 0, 0, 0
41600, 312192, 0, 0, 0
41700, 321878, 0, 0, 0
41800, 312277, 0, 0, 0
41900, 308991, 0, 0, 0
42000, 306481, 0, 0, 0
42100, 318810, 0, 0, 0
42200, 313621, 0, 0, 0
42300, 317126, 0, 0, 0
42400, 318938, 0, 0, 0
42500, 312970, 0, 0, 0
42600, 309271, 0, 0, 0
42700, 309365, 0, 0, 0
42800, 305237, 0, 0, 0
42900, 310184, 0, 0, 0
43000, 315445, 0, 0, 0
43100, 316121, 0, 0, 0
43200, 304830, 0, 0, 0
43300, 307482, 0, 0, 0
43400, 305110, 0, 0, 0
43500, 306697, 0, 0, 0
43600, 306988, 0, 0, 0
43700, 318867, 0, 0, 0
43800, 311631, 0, 0, 0
43900, 319266, 0, 0, 0
44000, 301514, 0, 0, 0
44100, 302974, 0, 0, 0
44200, 302363, 0, 0, 0
44300, 312666, 0, 0, 0
44400, 312743, 0, 0, 0
44500, 306462, 0, 0, 0
44600, 311447, 0, 0, 0
44700, 311938, 0, 0, 0
44800, 310422, 0, 0, 0
44900, 307426, 0, 0, 0
45000, 313235, 0, 0, 0
45100, 311342, 0, 0, 0
45200, 316580, 0, 0, 0
45300, 316936, 0, 0, 0
45400, 319667, 0, 0, 0
45500, 315579, 0, 0, 0
45600, 306057, 0, 0, 0
45700, 313282, 0, 0, 0
45800, 310720, 0, 0, 0
45900, 308497, 0, 0, 0
46000, 312142, 0, 0, 0
46100, 306998, 0, 0, 0
46200, 313352, 0, 0, 0
46300, 307157, 0, 0, 0
46400, 309892, 0, 0, 0
46500, 312811, 0, 0, 0
46600, 313568, 0, 0, 0
46700, 302926, 0, 0, 0
46800, 308640, 0, 0, 0
46900, 315390, 0, 0, 0
47000, 326276, 0, 0, 0
47100, 310399, 0, 0, 0
47200, 302828, 0, 0, 0
47300, 316107, 0, 0, 0
47400, 315458, 0, 0, 0
47500, 313548, 0, 0, 0
47600, 304365, 0, 0, 0
47700, 309010, 0, 0, 0
47800, 301225, 0, 0, 0
47900, 308980, 0, 0, 0
48000, 312824, 0, 0, 0
48100, 317234, 0, 0, 0
48200, 307708, 0, 0, 0
48300, 309826, 0, 0, 0
48400, 318556, 0, 0, 0
48500, 314815, 0, 0, 0
48600, 330042, 0, 0, 0
48700, 311688, 0, 0, 0
48800, 314747, 0, 0, 0
48900, 305852, 0, 0, 0
49000, 315882, 0, 0, 0
49100, 307581, 0, 0, 0
49200, 310388, 0, 0, 0
49300, 313306, 0, 0, 0
49400, 312964, 0, 0, 0
49500, 312290, 0, 0, 0
49600, 317965, 0, 0, 0
49700, 309954, 0, 0, 0
49800, 328321, 0, 0, 0
49900, 306858, 0, 0, 0
50000, 307116, 0, 0, 0
50100, 308852, 0, 0, 0
50200, 319819, 0, 0, 0
50300, 327727, 0, 0, 0
50400, 304032, 0, 0, 0
50500, 313640, 0, 0, 0
50600, 317123, 0, 0, 0
50700, 312968, 0, 0, 0
50800, 318487, 0, 0, 0
50900, 309772, 0, 0, 0
51000, 307043, 0, 0, 0
51100, 317733, 0, 0, 0
51200, 316555, 0, 0, 0
51300, 312734, 0, 0, 0
51400, 307696, 0, 0, 0
51500, 307279, 0, 0, 0
51600, 312078, 0, 0, 0
51700, 312934, 0, 0, 0
51800, 316840, 0, 0, 0
51900, 307472, 0, 0, 0
52000, 305425, 0, 0, 0
52100, 303351, 0, 0, 0
52200, 311801, 0, 0, 0
52300, 303597, 0, 0, 0
52400, 316077, 0, 0, 0
52500, 305132, 0, 0, 0
52600, 303697, 0, 0, 0
52700, 308875, 0, 0, 0
52800, 314848, 0, 0, 0
52900, 309737, 0, 0, 0
53000, 312885, 0, 0, 0
53100, 315231, 0, 0, 0
53200, 308027, 0, 0, 0
53300, 300409, 0, 0, 0
53400, 304094, 0, 0, 0
53500, 317264, 0, 0, 0
53600, 300038, 0, 0, 0
53700, 305795, 0, 0, 0
53800, 305187, 0, 0, 0
53900, 319048, 0, 0, 0
54000, 308551, 0, 0, 0
54100, 310778, 0, 0, 0
54200, 309288, 0, 0, 0
54300, 313971, 0, 0, 0
54400, 306992, 0, 0, 0
54500, 303583, 0, 0, 0
54600, 311740, 0, 0, 0
54700, 316087, 0, 0, 0
54800, 314201, 0, 0, 0
54900, 318208, 0, 0, 0
55000, 315658, 0, 0, 0
55100, 312236, 0, 0, 0
55200, 310702, 0, 0, 0
55300, 326413, 0, 0, 0
55400, 307974, 0, 0, 0
55500, 311787, 0, 0, 0
55600, 312676, 0, 0, 0
55700, 317549, 0, 0, 0
55800, 307452, 0, 0, 0
55900, 302917, 0, 0, 0
56000, 306138, 0, 0, 0
56100, 307756, 0, 0, 0
56200, 307967, 0, 0, 0
56300, 314062, 0, 0, 0
56400, 312851, 0, 0, 0
56500, 306592, 0, 0, 0
56600, 299769, 0, 0, 0
56700, 307844, 0, 0, 0
56800, 308993, 0, 0, 0
56900, 313239, 0, 0, 0
57000, 317038, 0, 0, 0
57100, 307880, 0, 0, 0
57200, 313629, 0, 0, 0
57300, 305729, 0, 0, 0
57400, 304267, 0, 0, 0
57500, 308627, 0, 0, 0
57600, 305664, 0, 0, 0
57700, 318534, 0, 0, 0
57800, 314138, 0, 0, 0
57900, 314086, 0, 0, 0
58000, 309882, 0, 0, 0
58100, 304905, 0, 0, 0
58200, 321255, 0, 0, 0
58300, 312694, 0, 0, 0
58400, 314182, 0, 0, 0
58500, 314603, 0, 0, 0
58600, 312905, 0, 0, 0
58700, 311509, 0, 0, 0
58800, 309542, 0, 0, 0
58900, 310983, 0, 0, 0
59000, 306810, 0, 0, 0
59100, 310331, 0, 0, 0
59200, 303223, 0, 0, 0
59300, 309680, 0, 0, 0
59400, 311193, 0, 0, 0
59500, 305629, 0, 0, 0
59600, 315788, 0, 0, 0
59700, 314002, 0, 0, 0
59800, 319198, 0, 0, 0
59900, 307222, 0, 0, 0
60000, 324100, 0, 0, 0
60100, 313907, 0, 0, 0
60200, 315569, 0, 0, 0
60300, 308877, 0, 0, 0
60400, 314793, 0, 0, 0
60500, 312374, 0, 0, 0
60600, 311814, 0, 0, 0
60700, 306381, 0, 0, 0
60800, 313052, 0, 0, 0
60900, 312564, 0, 0, 0
61000, 313792, 0, 0, 0
61100, 318027, 0, 0, 0
61200, 312842, 0, 0, 0
61300, 302938, 0, 0, 0
61400, 299705, 0, 0, 0
61500, 315977, 0, 0, 0
61600, 310739, 0, 0, 0
61700, 301662, 0, 0, 0
61800, 310262, 0, 0, 0
61900, 310667, 0, 0, 0
62000, 306481, 0, 0, 0
62100, 310354, 0, 0, 0
62200, 315208, 0, 0, 0
62300, 310493, 0, 0, 0
62400, 307840, 0, 0, 0
62500, 314933, 0, 0, 0
62600, 304771, 0, 0, 0
62700, 312059, 0, 0, 0
62800, 315767, 0, 0, 0
62900, 306956, 0, 0, 0
63000, 311758, 0, 0, 0
63100, 301823, 0, 0, 0
63200, 308440, 0, 0, 0
63300, 306964, 0, 0, 0
63400, 317916, 0, 0, 0
63500, 313623, 0, 0, 0
63600, 305396, 0, 0, 0
63700, 311875, 0, 0, 0
63800, 307028, 0, 0, 0
63900, 310060, 0, 0, 0
64000, 311352, 0, 0, 0
64100, 310289, 0, 0, 0
64200, 317028, 0, 0, 0
64300, 313180, 0, 0, 0
64400, 299363, 0, 0, 0
64500, 311928, 0, 0, 0
64600, 313018, 0, 0, 0
64700, 318265, 0, 0, 0
64800, 303415, 0, 0, 0
64900, 306525, 0, 0, 0
65000, 312349, 0, 0, 0
65100, 312071, 0, 0, 0
65200, 308890, 0, 0, 0
65300, 313207, 0, 0, 0
65400, 312987, 0, 0, 0
65500, 306888, 0, 0, 0
65600, 310562, 0, 0, 0
65700, 318392, 0, 0, 0
65800, 316402, 0, 0, 0
65900, 304094, 0, 0, 0
66000, 307580, 0, 0, 0
66100, 304972, 0, 0, 0
66200, 312718, 0, 0, 0
66300, 307593, 0, 0, 0
66400, 314871, 0, 0, 0
66500, 312793, 0, 0, 0
66600, 317272, 0, 0, 0
66700, 317413, 0, 0, 0
66800, 312551, 0, 0, 0
66900, 310245, 0, 0, 0
67000, 310665, 0, 0, 0
67100, 301775, 0, 0, 0
67200, 317776, 0, 0, 0
67300, 308166, 0, 0, 0
67400, 308701, 0, 0, 0
67500, 311097, 0, 0, 0
67600, 306545, 0, 0, 0
67700, 311637, 0, 0, 0
67800, 311338, 0, 0, 0
67900, 307062, 0, 0, 0
68000, 321244, 0, 0, 0
68100, 313720, 0, 0, 0
68200, 297795, 0, 0, 0
68300, 303693, 0, 0, 0
68400, 316505, 0, 0, 0
68500, 309962, 0, 0, 0
68600, 319969, 0, 0, 0
68700, 306763, 0, 0, 0
68800, 307427, 0, 0, 0
68900, 322210, 0, 0, 0
69000, 315537, 0, 0, 0
69100, 301297, 0, 0, 0
69200, 309458, 0, 0, 0
69300, 312887, 0, 0, 0
69400, 316361, 0, 0, 0
69500, 312168, 0, 0, 0
69600, 320492, 0, 0, 0
69700, 313411, 0, 0, 0
69800, 308251, 0, 0, 0
69900, 308853, 0, 0, 0
70000, 309163, 0, 0, 0
70100, 306014, 0, 0, 0
70200, 317167, 0, 0, 0
70300, 314305, 0, 0, 0
70400, 317652, 0, 0, 0
70500, 310472, 0, 0, 0
70600, 310266, 0, 0, 0
70700, 307320, 0, 0, 0
70800, 312354, 0, 0, 0
70900, 312635, 0, 0, 0
71000, 310687, 0, 0, 0
71100, 305856, 0, 0, 0
71200, 309967, 0, 0, 0
71300, 312577, 0, 0, 0
71400, 310653, 0, 0, 0
71500, 310031, 0, 0, 0
71600, 311957, 0, 0, 0
71700, 306297, 0, 0, 0
71800, 302388, 0, 0, 0
71900, 306008, 0, 0, 0
72000, 309922, 0, 0, 0
72100, 314431, 0, 0, 0
72200, 319278, 0, 0, 0
72300, 314308, 0, 0, 0
72400, 311996, 0, 0, 0
72500, 309675, 0, 0, 0
72600, 305998, 0, 0, 0
72700, 304428, 0, 0, 0
72800, 311017, 0, 0, 0
72900, 301134, 0, 0, 0
73000, 318334, 0, 0, 0
73100, 307237, 0, 0, 0
73200, 318794, 0, 0, 0
73300, 317379, 0, 0, 0
73400, 306585, 0, 0, 0
73500, 316330, 0, 0, 0
73600, 312270, 0, 0, 0
73700, 314750, 0, 0, 0
73800, 317834, 0, 0, 0
73900, 311944, 0, 0, 0
74000, 306812, 0, 0, 0
74100, 308262, 0, 0, 0
74200, 311033, 0, 0, 0
74300, 305097, 0, 0, 0
74400, 313892, 0, 0, 0
74500, 310957, 0, 0, 0
74600, 311361, 0, 0, 0
74700, 316271, 0, 0, 0
74800, 307494, 0, 0, 0
74900, 308399, 0, 0, 0
75000, 305162, 0, 0, 0
75100, 319321, 0, 0, 0
75200, 314070, 0, 0, 0
75300, 312058, 0, 0, 0
75400, 304554, 0, 0, 0
75500, 319397, 0, 0, 0
75600, 314069, 0, 0, 0
75700, 312006, 0, 0, 0
75800, 310120, 0, 0, 0
75900, 318480, 0, 0, 0
76000, 312759, 0, 0, 0
76100, 320275, 0, 0, 0
76200, 301718, 0, 0, 0
76300, 311947, 0, 0, 0
76400, 313202, 0, 0, 0
76500, 309346, 0, 0, 0
76600, 302280, 0, 0, 0
76700, 311394, 0, 0, 0
76800, 308636, 0, 0, 0
76900, 300705, 0, 0, 0
77000, 304536, 0, 0, 0
77100, 312213, 0, 0, 0
77200, 312355, 0, 0, 0
77300, 308808, 0, 0, 0
77400, 318031, 0, 0, 0
77500, 311993, 0, 0, 0
77600, 311746, 0, 0, 0
77700, 306004, 0, 0, 0
77800, 306564, 0, 0, 0
77900, 305681, 0, 0, 0
78000, 306682, 0, 0, 0
78100, 304927, 0, 0, 0
78200, 315403, 0, 0, 0
78300, 323014, 0, 0, 0
78400, 309852, 0, 0, 0
78500, 303839, 0, 0, 0
78600, 304761, 0, 0, 0
78700, 312992, 0, 0, 0
78800, 311396, 0, 0, 0
78900, 299768, 0, 0, 0
79000, 300240, 0, 0, 0
79100, 306367, 0, 0, 0
79200, 301206, 0, 0, 0
79300, 307492, 0, 0, 0
79400, 311022, 0, 0, 0
79500, 305905, 0, 0, 0
79600, 308352, 0, 0, 0
79700, 300145, 0, 0, 0
79800, 311363, 0, 0, 0
79900, 309482, 0, 0, 0
80000, 315938, 0, 0, 0
80100, 311775, 0, 0, 0
80200, 293464, 0, 0, 0
80300, 300806, 0, 0, 0
80400, 301634, 0, 0, 0
80500, 320085, 0, 0, 0
80600, 305128, 0, 0, 0
80700, 311268, 0, 0, 0
80800, 319496, 0, 0, 0
80900, 312072, 0, 0, 0
81000, 314730, 0, 0, 0
81100, 309743, 0, 0, 0
81200, 308019, 0, 0, 0
81300, 319623, 0, 0, 0
81400, 316712, 0, 0, 0
81500, 303387, 0, 0, 0
81600, 305757, 0, 0, 0
81700, 313918, 0, 0, 0
81800, 316592, 0, 0, 0
81900, 306744, 0, 0, 0
82000, 306184, 0, 0, 0
82100, 306662, 0, 0, 0
82200, 311107, 0, 0, 0
82300, 318137, 0, 0, 0
82400, 309870, 0, 0, 0
82500, 303487, 0, 0, 0
82600, 309130, 0, 0, 0
82700, 311320, 0, 0, 0
82800, 302476, 0, 0, 0
82900, 308285, 0, 0, 0
83000, 317916, 0, 0, 0
83100, 307544, 0, 0, 0
83200, 313388, 0, 0, 0
83300, 316004, 0, 0, 0
83400, 315901, 0, 0, 0
83500, 313744, 0, 0, 0
83600, 308534, 0, 0, 0
83700, 318861, 0, 0, 0
83800, 316920, 0, 0, 0
83900, 310364, 0, 0, 0
84000, 314234, 0, 0, 0
84100, 312889, 0, 0, 0
84200, 304353, 0, 0, 0
84300, 312232, 0, 0, 0
84400, 307160, 0, 0, 0
84500, 309720, 0, 0, 0
84600, 305975, 0, 0, 0
84700, 305967, 0, 0, 0
84800, 318721, 0, 0, 0
84900, 313694, 0, 0, 0
85000, 310972, 0, 0, 0
85100, 310789, 0, 0, 0
85200, 309700, 0, 0, 0
85300, 310419, 0, 0, 0
85400, 312272, 0, 0, 0
85500, 310521, 0, 0, 0
85600, 308527, 0, 0, 0
85700, 336536, 0, 0, 0
85800, 311896, 0, 0, 0
85900, 308720, 0, 0, 0
86000, 307190, 0, 0, 0
86100, 314182, 0, 0, 0
86200, 316015, 0, 0, 0
86300, 317375, 0, 0, 0
86400, 312290, 0, 0, 0
86500, 307163, 0, 0, 0
86600, 312287, 0, 0, 0
86700, 299578, 0, 0, 0
86800, 310038, 0, 0, 0
86900, 312105, 0, 0, 0
87000, 303442, 0, 0, 0
87100, 308083, 0, 0, 0
87200, 310173, 0, 0, 0
87300, 310702, 0, 0, 0
87400, 310516, 0, 0, 0
87500, 307737, 0, 0, 0
87600, 296796, 0, 0, 0
87700, 309409, 0, 0, 0
87800, 313925, 0, 0, 0
87900, 311850, 0, 0, 0
88000, 307379, 0, 0, 0
88100, 307114, 0, 0, 0
88200, 314581, 0, 0, 0
88300, 318308, 0, 0, 0
88400, 311938, 0, 0, 0
88500, 312549, 0, 0, 0
88600, 306461, 0, 0, 0
88700, 317112, 0, 0, 0
88800, 306139, 0, 0, 0
88900, 308479, 0, 0, 0
89000, 318244, 0, 0, 0
89100, 308880, 0, 0, 0
89200, 306768, 0, 0, 0
89300, 313094, 0, 0, 0
89400, 306213, 0, 0, 0
89500, 307451, 0, 0, 0
89600, 313778, 0, 0, 0
89700, 315734, 0, 0, 0
89800, 304468, 0, 0, 0
89900, 312316, 0, 0, 0
90000, 310369, 0, 0, 0
