250, 559104, 0, 0, 0
350, 532480, 0, 0, 0
450, 532480, 0, 0, 0
550, 501760, 0, 0, 0
650, 517120, 0, 0, 0
749, 579232, 0, 0, 0
849, 558080, 0, 0, 0
949, 599040, 0, 0, 0
1049, 537600, 0, 0, 0
1149, 599040, 0, 0, 0
1250, 588800, 0, 0, 0
1350, 512000, 0, 0, 0
1450, 619520, 0, 0, 0
1550, 578560, 0, 0, 0
1650, 604160, 0, 0, 0
1749, 506828, 0, 0, 0
1849, 476160, 0, 0, 0
1949, 471040, 0, 0, 0
2049, 583680, 0, 0, 0
2149, 563200, 0, 0, 0
2250, 568320, 0, 0, 0
2350, 552960, 0, 0, 0
2450, 481280, 0, 0, 0
2550, 512000, 0, 0, 0
2650, 542720, 0, 0, 0
2749, 568888, 0, 0, 0
2849, 532480, 0, 0, 0
2949, 547840, 0, 0, 0
3049, 537600, 0, 0, 0
3149, 506880, 0, 0, 0
3249, 599040, 0, 0, 0
3350, 563200, 0, 0, 0
3450, 578560, 0, 0, 0
3550, 542720, 0, 0, 0
3650, 609280, 0, 0, 0
3749, 429252, 0, 0, 0
3849, 522240, 0, 0, 0
3949, 460800, 0, 0, 0
4049, 593920, 0, 0, 0
4149, 506880, 0, 0, 0
4249, 476160, 0, 0, 0
4349, 568320, 0, 0, 0
4449, 558080, 0, 0, 0
4549, 563200, 0, 0, 0
4649, 634880, 0, 0, 0
4750, 588800, 0, 0, 0
4850, 532480, 0, 0, 0
4950, 578560, 0, 0, 0
5050, 563200, 0, 0, 0
5150, 563200, 0, 0, 0
5249, 537858, 0, 0, 0
5349, 501760, 0, 0, 0
5449, 558080, 0, 0, 0
5549, 624640, 0, 0, 0
5649, 542720, 0, 0, 0
5749, 552960, 0, 0, 0
5849, 568320, 0, 0, 0
5949, 512000, 0, 0, 0
6050, 532480, 0, 0, 0
6150, 552960, 0, 0, 0
6249, 506828, 0, 0, 0
6349, 547840, 0, 0, 0
6449, 450560, 0, 0, 0
6549, 552960, 0, 0, 0
6649, 588800, 0, 0, 0
6749, 599040, 0, 0, 0
6849, 481280, 0, 0, 0
6949, 558080, 0, 0, 0
7049, 563200, 0, 0, 0
7149, 588800, 0, 0, 0
7249, 465920, 0, 0, 0
7350, 496640, 0, 0, 0
7450, 491520, 0, 0, 0
7550, 527360, 0, 0, 0
7650, 506880, 0, 0, 0
7749, 506828, 0, 0, 0
7849, 604160, 0, 0, 0
7949, 547840, 0, 0, 0
8049, 532480, 0, 0, 0
8149, 609280, 0, 0, 0
8249, 552960, 0, 0, 0
8349, 424960, 0, 0, 0
8449, 460800, 0, 0, 0
8549, 552960, 0, 0, 0
8649, 486400, 0, 0, 0
8750, 537600, 0, 0, 0
8850, 624640, 0, 0, 0
8950, 578560, 0, 0, 0
9050, 573440, 0, 0, 0
9150, 522240, 0, 0, 0
9249, 630949, 0, 0, 0
9349, 563200, 0, 0, 0
9449, 563200, 0, 0, 0
9549, 573440, 0, 0, 0
9649, 583680, 0, 0, 0
9749, 578560, 0, 0, 0
9849, 455680, 0, 0, 0
9949, 593920, 0, 0, 0
10050, 558080, 0, 0, 0
10150, 593920, 0, 0, 0
10249, 501656, 0, 0, 0
10349, 578560, 0, 0, 0
10449, 629760, 0, 0, 0
10549, 573440, 0, 0, 0
10649, 552960, 0, 0, 0
10749, 558080, 0, 0, 0
10849, 604160, 0, 0, 0
10949, 547840, 0, 0, 0
11049, 522240, 0, 0, 0
11149, 558080, 0, 0, 0
11250, 552960, 0, 0, 0
11350, 522240, 0, 0, 0
11450, 563200, 0, 0, 0
11550, 491520, 0, 0, 0
11650, 435200, 0, 0, 0
11749, 486141, 0, 0, 0
11849, 465920, 0, 0, 0
11949, 604160, 0, 0, 0
12049, 506880, 0, 0, 0
12149, 522240, 0, 0, 0
12249, 501760, 0, 0, 0
12349, 501760, 0, 0, 0
12449, 547840, 0, 0, 0
12550, 445440, 0, 0, 0
12650, 481280, 0, 0, 0
12749, 553373, 0, 0, 0
12849, 558080, 0, 0, 0
12949, 537600, 0, 0, 0
13049, 573440, 0, 0, 0
13149, 568320, 0, 0, 0
13249, 537600, 0, 0, 0
13349, 522240, 0, 0, 0
13449, 512000, 0, 0, 0
13549, 512000, 0, 0, 0
13649, 593920, 0, 0, 0
13750, 547840, 0, 0, 0
13850, 547840, 0, 0, 0
13950, 568320, 0, 0, 0
14050, 604160, 0, 0, 0
14150, 501760, 0, 0, 0
14249, 579232, 0, 0, 0
14349, 568320, 0, 0, 0
14449, 460800, 0, 0, 0
14549, 609280, 0, 0, 0
14649, 547840, 0, 0, 0
14749, 547840, 0, 0, 0
14849, 599040, 0, 0, 0
14949, 491520, 0, 0, 0
15050, 593920, 0, 0, 0
15150, 604160, 0, 0, 0
15249, 563717, 0, 0, 0
15349, 665600, 0, 0, 0
15449, 522240, 0, 0, 0
15549, 512000, 0, 0, 0
15649, 604160, 0, 0, 0
15749, 399360, 0, 0, 0
15849, 573440, 0, 0, 0
15949, 563200, 0, 0, 0
16049, 501760, 0, 0, 0
16149, 588800, 0, 0, 0
16250, 558080, 0, 0, 0
16350, 501760, 0, 0, 0
16450, 491520, 0, 0, 0
16550, 645120, 0, 0, 0
16650, 563200, 0, 0, 0
16749, 599919, 0, 0, 0
16849, 568320, 0, 0, 0
16949, 604160, 0, 0, 0
17049, 496640, 0, 0, 0
17149, 527360, 0, 0, 0
17249, 558080, 0, 0, 0
17349, 573440, 0, 0, 0
17449, 501760, 0, 0, 0
17550, 527360, 0, 0, 0
17650, 558080, 0, 0, 0
17749, 594747, 0, 0, 0
17849, 547840, 0, 0, 0
17949, 573440, 0, 0, 0
18049, 599040, 0, 0, 0
18149, 650240, 0, 0, 0
18249, 537600, 0, 0, 0
18349, 486400, 0, 0, 0
18449, 537600, 0, 0, 0
18549, 578560, 0, 0, 0
18649, 517120, 0, 0, 0
18750, 527360, 0, 0, 0
18850, 588800, 0, 0, 0
18950, 573440, 0, 0, 0
19050, 491520, 0, 0, 0
19150, 604160, 0, 0, 0
19249, 605090, 0, 0, 0
19349, 465920, 0, 0, 0
19449, 563200, 0, 0, 0
19549, 563200, 0, 0, 0
19649, 512000, 0, 0, 0
19749, 496640, 0, 0, 0
19849, 527360, 0, 0, 0
19949, 460800, 0, 0, 0
20050, 506880, 0, 0, 0
20150, 634880, 0, 0, 0
20249, 656808, 0, 0, 0
20349, 455680, 0, 0, 0
20449, 532480, 0, 0, 0
20549, 547840, 0, 0, 0
20649, 527360, 0, 0, 0
20749, 481280, 0, 0, 0
20849, 491520, 0, 0, 0
20949, 609280, 0, 0, 0
21049, 512000, 0, 0, 0
21149, 522240, 0, 0, 0
21250, 486400, 0, 0, 0
21350, 517120, 0, 0, 0
21450, 547840, 0, 0, 0
21550, 471040, 0, 0, 0
21650, 512000, 0, 0, 0
21749, 537858, 0, 0, 0
21849, 568320, 0, 0, 0
21949, 409600, 0, 0, 0
22049, 558080, 0, 0, 0
22149, 563200, 0, 0, 0
22249, 537600, 0, 0, 0
22349, 573440, 0, 0, 0
22450, 506880, 0, 0, 0
22550, 460800, 0, 0, 0
22650, 573440, 0, 0, 0
22749, 480969, 0, 0, 0
22849, 552960, 0, 0, 0
22949, 634880, 0, 0, 0
23049, 593920, 0, 0, 0
23149, 476160, 0, 0, 0
23249, 537600, 0, 0, 0
23349, 537600, 0, 0, 0
23449, 455680, 0, 0, 0
23549, 527360, 0, 0, 0
23649, 440320, 0, 0, 0
23750, 522240, 0, 0, 0
23850, 542720, 0, 0, 0
23950, 501760, 0, 0, 0
24050, 604160, 0, 0, 0
24150, 629760, 0, 0, 0
24249, 548202, 0, 0, 0
24349, 563200, 0, 0, 0
24449, 542720, 0, 0, 0
24549, 501760, 0, 0, 0
24649, 517120, 0, 0, 0
24749, 522240, 0, 0, 0
24849, 542720, 0, 0, 0
24950, 568320, 0, 0, 0
25050, 568320, 0, 0, 0
25150, 532480, 0, 0, 0
25249, 506828, 0, 0, 0
25349, 537600, 0, 0, 0
25449, 573440, 0, 0, 0
25549, 640000, 0, 0, 0
25649, 481280, 0, 0, 0
25750, 588800, 0, 0, 0
25850, 563200, 0, 0, 0
25950, 573440, 0, 0, 0
26050, 588800, 0, 0, 0
26150, 578560, 0, 0, 0
26249, 543030, 0, 0, 0
26349, 486400, 0, 0, 0
26449, 527360, 0, 0, 0
26549, 578560, 0, 0, 0
26649, 471040, 0, 0, 0
26749, 512000, 0, 0, 0
26849, 501760, 0, 0, 0
26949, 624640, 0, 0, 0
27050, 532480, 0, 0, 0
27150, 532480, 0, 0, 0
27249, 620606, 0, 0, 0
27349, 532480, 0, 0, 0
27449, 583680, 0, 0, 0
27549, 476160, 0, 0, 0
27649, 552960, 0, 0, 0
27749, 558080, 0, 0, 0
27849, 542720, 0, 0, 0
27949, 522240, 0, 0, 0
28049, 537600, 0, 0, 0
28150, 481280, 0, 0, 0
28249, 568888, 0, 0, 0
28349, 583680, 0, 0, 0
28449, 552960, 0, 0, 0
28549, 573440, 0, 0, 0
28649, 496640, 0, 0, 0
28749, 568320, 0, 0, 0
28849, 527360, 0, 0, 0
28949, 583680, 0, 0, 0
29049, 496640, 0, 0, 0
29149, 573440, 0, 0, 0
29250, 583680, 0, 0, 0
29350, 501760, 0, 0, 0
29450, 501760, 0, 0, 0
29550, 599040, 0, 0, 0
29650, 588800, 0, 0, 0
29749, 568888, 0, 0, 0
29849, 552960, 0, 0, 0
29949, 547840, 0, 0, 0
30049, 593920, 0, 0, 0
30149, 650240, 0, 0, 0
30249, 527360, 0, 0, 0
30349, 522240, 0, 0, 0
30450, 578560, 0, 0, 0
30550, 583680, 0, 0, 0
30650, 578560, 0, 0, 0
30749, 599919, 0, 0, 0
30849, 491520, 0, 0, 0
30949, 552960, 0, 0, 0
31049, 532480, 0, 0, 0
31149, 496640, 0, 0, 0
31249, 532480, 0, 0, 0
31349, 542720, 0, 0, 0
31449, 501760, 0, 0, 0
31550, 496640, 0, 0, 0
31650, 604160, 0, 0, 0
31749, 584404, 0, 0, 0
31849, 527360, 0, 0, 0
31949, 547840, 0, 0, 0
32049, 476160, 0, 0, 0
32149, 491520, 0, 0, 0
32249, 537600, 0, 0, 0
32349, 588800, 0, 0, 0
32449, 517120, 0, 0, 0
32549, 573440, 0, 0, 0
32650, 558080, 0, 0, 0
32749, 486141, 0, 0, 0
32849, 506880, 0, 0, 0
32949, 573440, 0, 0, 0
33049, 563200, 0, 0, 0
33149, 455680, 0, 0, 0
33249, 471040, 0, 0, 0
33349, 552960, 0, 0, 0
33449, 522240, 0, 0, 0
33549, 532480, 0, 0, 0
33649, 604160, 0, 0, 0
33750, 568320, 0, 0, 0
33850, 471040, 0, 0, 0
33950, 552960, 0, 0, 0
34050, 583680, 0, 0, 0
34150, 578560, 0, 0, 0
34249, 517171, 0, 0, 0
34349, 496640, 0, 0, 0
34449, 624640, 0, 0, 0
34549, 501760, 0, 0, 0
34649, 552960, 0, 0, 0
34749, 563200, 0, 0, 0
34849, 593920, 0, 0, 0
34949, 414720, 0, 0, 0
35050, 563200, 0, 0, 0
35150, 486400, 0, 0, 0
35249, 548202, 0, 0, 0
35349, 532480, 0, 0, 0
35449, 588800, 0, 0, 0
35549, 604160, 0, 0, 0
35649, 481280, 0, 0, 0
35749, 563200, 0, 0, 0
35849, 527360, 0, 0, 0
35949, 547840, 0, 0, 0
36049, 465920, 0, 0, 0
36150, 558080, 0, 0, 0
36249, 568888, 0, 0, 0
36349, 501760, 0, 0, 0
36449, 624640, 0, 0, 0
36549, 624640, 0, 0, 0
36649, 619520, 0, 0, 0
36749, 465920, 0, 0, 0
36849, 563200, 0, 0, 0
36949, 552960, 0, 0, 0
37049, 609280, 0, 0, 0
37149, 440320, 0, 0, 0
37250, 527360, 0, 0, 0
37350, 558080, 0, 0, 0
37450, 522240, 0, 0, 0
37550, 517120, 0, 0, 0
37650, 547840, 0, 0, 0
37749, 568888, 0, 0, 0
37849, 604160, 0, 0, 0
37949, 522240, 0, 0, 0
38049, 481280, 0, 0, 0
38149, 547840, 0, 0, 0
38250, 542720, 0, 0, 0
38350, 491520, 0, 0, 0
38450, 501760, 0, 0, 0
38550, 481280, 0, 0, 0
38650, 496640, 0, 0, 0
38749, 543030, 0, 0, 0
38849, 624640, 0, 0, 0
38949, 593920, 0, 0, 0
39049, 593920, 0, 0, 0
39149, 460800, 0, 0, 0
39249, 609280, 0, 0, 0
39350, 599040, 0, 0, 0
39450, 496640, 0, 0, 0
39550, 599040, 0, 0, 0
39650, 522240, 0, 0, 0
39749, 584404, 0, 0, 0
39849, 455680, 0, 0, 0
39949, 537600, 0, 0, 0
40049, 517120, 0, 0, 0
40149, 634880, 0, 0, 0
40249, 629760, 0, 0, 0
40349, 552960, 0, 0, 0
40449, 614400, 0, 0, 0
40550, 512000, 0, 0, 0
40650, 532480, 0, 0, 0
40749, 558545, 0, 0, 0
40849, 629760, 0, 0, 0
40949, 558080, 0, 0, 0
41049, 578560, 0, 0, 0
41149, 563200, 0, 0, 0
41249, 542720, 0, 0, 0
41349, 496640, 0, 0, 0
41449, 537600, 0, 0, 0
41550, 522240, 0, 0, 0
41650, 604160, 0, 0, 0
41749, 574060, 0, 0, 0
41849, 552960, 0, 0, 0
41949, 563200, 0, 0, 0
42049, 501760, 0, 0, 0
42149, 563200, 0, 0, 0
42249, 593920, 0, 0, 0
42349, 552960, 0, 0, 0
42449, 430080, 0, 0, 0
42549, 558080, 0, 0, 0
42649, 527360, 0, 0, 0
42750, 604160, 0, 0, 0
42850, 547840, 0, 0, 0
42950, 527360, 0, 0, 0
43050, 512000, 0, 0, 0
43150, 537600, 0, 0, 0
43249, 449939, 0, 0, 0
43349, 552960, 0, 0, 0
43449, 583680, 0, 0, 0
43549, 501760, 0, 0, 0
43649, 440320, 0, 0, 0
43749, 506880, 0, 0, 0
43849, 440320, 0, 0, 0
43949, 450560, 0, 0, 0
44050, 568320, 0, 0, 0
44150, 558080, 0, 0, 0
44249, 584404, 0, 0, 0
44349, 599040, 0, 0, 0
44449, 542720, 0, 0, 0
44549, 460800, 0, 0, 0
44649, 604160, 0, 0, 0
44749, 563200, 0, 0, 0
44849, 593920, 0, 0, 0
44949, 640000, 0, 0, 0
45050, 640000, 0, 0, 0
45150, 496640, 0, 0, 0
45249, 579232, 0, 0, 0
45349, 568320, 0, 0, 0
45449, 563200, 0, 0, 0
45549, 471040, 0, 0, 0
45649, 604160, 0, 0, 0
45749, 527360, 0, 0, 0
45849, 599040, 0, 0, 0
45949, 517120, 0, 0, 0
46049, 583680, 0, 0, 0
46149, 501760, 0, 0, 0
46250, 496640, 0, 0, 0
46350, 465920, 0, 0, 0
46450, 547840, 0, 0, 0
46550, 547840, 0, 0, 0
46650, 629760, 0, 0, 0
46749, 661979, 0, 0, 0
46849, 547840, 0, 0, 0
46949, 573440, 0, 0, 0
47049, 476160, 0, 0, 0
47149, 537600, 0, 0, 0
47249, 496640, 0, 0, 0
47350, 512000, 0, 0, 0
47450, 604160, 0, 0, 0
47550, 578560, 0, 0, 0
47650, 624640, 0, 0, 0
47749, 553373, 0, 0, 0
47849, 517120, 0, 0, 0
47949, 624640, 0, 0, 0
48049, 506880, 0, 0, 0
48149, 573440, 0, 0, 0
48249, 481280, 0, 0, 0
48349, 542720, 0, 0, 0
48449, 609280, 0, 0, 0
48550, 542720, 0, 0, 0
48650, 512000, 0, 0, 0
48749, 501656, 0, 0, 0
48849, 532480, 0, 0, 0
48949, 476160, 0, 0, 0
49049, 537600, 0, 0, 0
49149, 501760, 0, 0, 0
49249, 563200, 0, 0, 0
49349, 558080, 0, 0, 0
49449, 486400, 0, 0, 0
49549, 460800, 0, 0, 0
49650, 604160, 0, 0, 0
49749, 537858, 0, 0, 0
49849, 573440, 0, 0, 0
49949, 481280, 0, 0, 0
50049, 552960, 0, 0, 0
50149, 517120, 0, 0, 0
50249, 435200, 0, 0, 0
50349, 578560, 0, 0, 0
50449, 573440, 0, 0, 0
50549, 532480, 0, 0, 0
50649, 599040, 0, 0, 0
50750, 568320, 0, 0, 0
50850, 512000, 0, 0, 0
50950, 491520, 0, 0, 0
51050, 578560, 0, 0, 0
51150, 547840, 0, 0, 0
51249, 543030, 0, 0, 0
51349, 552960, 0, 0, 0
51449, 558080, 0, 0, 0
51549, 558080, 0, 0, 0
51649, 542720, 0, 0, 0
51749, 552960, 0, 0, 0
51849, 629760, 0, 0, 0
51949, 501760, 0, 0, 0
52050, 578560, 0, 0, 0
52150, 547840, 0, 0, 0
52249, 615434, 0, 0, 0
52349, 599040, 0, 0, 0
52449, 563200, 0, 0, 0
52549, 501760, 0, 0, 0
52649, 609280, 0, 0, 0
52749, 568320, 0, 0, 0
52849, 481280, 0, 0, 0
52949, 593920, 0, 0, 0
53049, 501760, 0, 0, 0
53149, 522240, 0, 0, 0
53250, 573440, 0, 0, 0
53350, 578560, 0, 0, 0
53450, 588800, 0, 0, 0
53550, 552960, 0, 0, 0
53650, 517120, 0, 0, 0
53749, 532686, 0, 0, 0
53849, 532480, 0, 0, 0
53949, 547840, 0, 0, 0
54049, 532480, 0, 0, 0
54149, 583680, 0, 0, 0
54249, 506880, 0, 0, 0
54349, 506880, 0, 0, 0
54449, 517120, 0, 0, 0
54550, 506880, 0, 0, 0
54650, 537600, 0, 0, 0
54749, 574060, 0, 0, 0
54849, 537600, 0, 0, 0
54949, 588800, 0, 0, 0
55049, 512000, 0, 0, 0
55149, 583680, 0, 0, 0
55249, 588800, 0, 0, 0
55349, 568320, 0, 0, 0
55449, 588800, 0, 0, 0
55550, 578560, 0, 0, 0
55650, 614400, 0, 0, 0
55749, 599919, 0, 0, 0
55849, 491520, 0, 0, 0
55949, 532480, 0, 0, 0
56049, 496640, 0, 0, 0
56149, 527360, 0, 0, 0
56249, 460800, 0, 0, 0
56349, 568320, 0, 0, 0
56449, 614400, 0, 0, 0
56549, 558080, 0, 0, 0
56650, 537600, 0, 0, 0
56749, 522343, 0, 0, 0
56849, 604160, 0, 0, 0
56949, 532480, 0, 0, 0
57049, 629760, 0, 0, 0
57149, 486400, 0, 0, 0
57249, 517120, 0, 0, 0
57349, 583680, 0, 0, 0
57449, 629760, 0, 0, 0
57549, 614400, 0, 0, 0
57649, 604160, 0, 0, 0
57749, 578560, 0, 0, 0
57850, 583680, 0, 0, 0
57950, 573440, 0, 0, 0
58050, 558080, 0, 0, 0
58150, 593920, 0, 0, 0
58249, 589575, 0, 0, 0
58349, 512000, 0, 0, 0
58449, 537600, 0, 0, 0
58549, 501760, 0, 0, 0
58649, 471040, 0, 0, 0
58749, 619520, 0, 0, 0
58849, 588800, 0, 0, 0
58949, 573440, 0, 0, 0
59050, 619520, 0, 0, 0
59150, 634880, 0, 0, 0
59249, 599919, 0, 0, 0
59349, 604160, 0, 0, 0
59449, 542720, 0, 0, 0
59549, 593920, 0, 0, 0
59649, 593920, 0, 0, 0
59749, 588800, 0, 0, 0
59849, 547840, 0, 0, 0
59949, 558080, 0, 0, 0
60049, 578560, 0, 0, 0
60149, 537600, 0, 0, 0
60250, 578560, 0, 0, 0
60350, 609280, 0, 0, 0
60450, 537600, 0, 0, 0
60550, 614400, 0, 0, 0
60650, 604160, 0, 0, 0
60749, 594747, 0, 0, 0
60849, 542720, 0, 0, 0
60949, 547840, 0, 0, 0
61049, 512000, 0, 0, 0
61149, 532480, 0, 0, 0
61250, 547840, 0, 0, 0
61350, 522240, 0, 0, 0
61450, 568320, 0, 0, 0
61550, 604160, 0, 0, 0
61650, 506880, 0, 0, 0
61749, 625777, 0, 0, 0
61849, 629760, 0, 0, 0
61949, 588800, 0, 0, 0
62049, 522240, 0, 0, 0
62149, 593920, 0, 0, 0
62249, 512000, 0, 0, 0
62349, 445440, 0, 0, 0
62450, 491520, 0, 0, 0
62550, 573440, 0, 0, 0
62650, 547840, 0, 0, 0
62749, 682666, 0, 0, 0
62849, 460800, 0, 0, 0
62949, 501760, 0, 0, 0
63049, 522240, 0, 0, 0
63149, 481280, 0, 0, 0
63249, 542720, 0, 0, 0
63349, 593920, 0, 0, 0
63450, 588800, 0, 0, 0
63550, 588800, 0, 0, 0
63650, 578560, 0, 0, 0
63749, 512000, 0, 0, 0
63849, 517120, 0, 0, 0
63949, 573440, 0, 0, 0
64049, 650240, 0, 0, 0
64149, 640000, 0, 0, 0
64249, 568320, 0, 0, 0
64349, 552960, 0, 0, 0
64449, 481280, 0, 0, 0
64549, 491520, 0, 0, 0
64649, 537600, 0, 0, 0
64750, 506880, 0, 0, 0
64850, 578560, 0, 0, 0
64950, 527360, 0, 0, 0
65050, 588800, 0, 0, 0
65150, 512000, 0, 0, 0
65249, 512000, 0, 0, 0
65349, 491520, 0, 0, 0
65449, 532480, 0, 0, 0
65549, 599040, 0, 0, 0
65649, 609280, 0, 0, 0
65749, 609280, 0, 0, 0
65849, 542720, 0, 0, 0
65950, 588800, 0, 0, 0
66050, 563200, 0, 0, 0
66150, 563200, 0, 0, 0
66249, 517171, 0, 0, 0
66349, 558080, 0, 0, 0
66449, 522240, 0, 0, 0
66549, 527360, 0, 0, 0
66649, 573440, 0, 0, 0
66749, 629760, 0, 0, 0
66849, 542720, 0, 0, 0
66949, 537600, 0, 0, 0
67050, 614400, 0, 0, 0
67150, 527360, 0, 0, 0
67249, 589575, 0, 0, 0
67349, 552960, 0, 0, 0
67449, 568320, 0, 0, 0
67549, 460800, 0, 0, 0
67649, 542720, 0, 0, 0
67749, 506880, 0, 0, 0
67849, 583680, 0, 0, 0
67950, 532480, 0, 0, 0
68050, 542720, 0, 0, 0
68150, 568320, 0, 0, 0
68249, 574060, 0, 0, 0
68349, 512000, 0, 0, 0
68449, 486400, 0, 0, 0
68549, 588800, 0, 0, 0
68649, 624640, 0, 0, 0
68749, 609280, 0, 0, 0
68849, 476160, 0, 0, 0
68949, 558080, 0, 0, 0
69049, 604160, 0, 0, 0
69150, 496640, 0, 0, 0
69249, 610262, 0, 0, 0
69349, 619520, 0, 0, 0
69449, 578560, 0, 0, 0
69549, 568320, 0, 0, 0
69649, 573440, 0, 0, 0
69749, 547840, 0, 0, 0
69849, 599040, 0, 0, 0
69949, 486400, 0, 0, 0
70049, 593920, 0, 0, 0
70149, 547840, 0, 0, 0
70249, 527360, 0, 0, 0
70350, 522240, 0, 0, 0
70450, 558080, 0, 0, 0
70550, 634880, 0, 0, 0
70650, 583680, 0, 0, 0
70749, 630949, 0, 0, 0
70849, 532480, 0, 0, 0
70949, 512000, 0, 0, 0
71049, 512000, 0, 0, 0
71149, 517120, 0, 0, 0
71249, 588800, 0, 0, 0
71349, 568320, 0, 0, 0
71449, 527360, 0, 0, 0
71550, 501760, 0, 0, 0
71650, 578560, 0, 0, 0
71749, 563717, 0, 0, 0
71849, 588800, 0, 0, 0
71949, 486400, 0, 0, 0
72049, 629760, 0, 0, 0
72149, 573440, 0, 0, 0
72249, 578560, 0, 0, 0
72349, 491520, 0, 0, 0
72449, 558080, 0, 0, 0
72549, 522240, 0, 0, 0
72649, 481280, 0, 0, 0
72750, 491520, 0, 0, 0
72850, 527360, 0, 0, 0
72950, 552960, 0, 0, 0
73050, 573440, 0, 0, 0
73150, 496640, 0, 0, 0
73249, 605090, 0, 0, 0
73349, 435200, 0, 0, 0
73449, 563200, 0, 0, 0
73549, 496640, 0, 0, 0
73649, 588800, 0, 0, 0
73749, 517120, 0, 0, 0
73849, 619520, 0, 0, 0
73949, 624640, 0, 0, 0
74050, 522240, 0, 0, 0
74150, 512000, 0, 0, 0
74249, 589575, 0, 0, 0
74349, 552960, 0, 0, 0
74449, 522240, 0, 0, 0
74549, 558080, 0, 0, 0
74649, 558080, 0, 0, 0
74749, 599040, 0, 0, 0
74849, 547840, 0, 0, 0
74949, 588800, 0, 0, 0
75049, 609280, 0, 0, 0
75149, 614400, 0, 0, 0
75250, 578560, 0, 0, 0
75350, 604160, 0, 0, 0
75450, 558080, 0, 0, 0
75550, 542720, 0, 0, 0
75650, 527360, 0, 0, 0
75749, 594747, 0, 0, 0
75849, 619520, 0, 0, 0
75949, 496640, 0, 0, 0
76049, 573440, 0, 0, 0
76149, 522240, 0, 0, 0
76249, 527360, 0, 0, 0
76349, 512000, 0, 0, 0
76450, 430080, 0, 0, 0
76550, 522240, 0, 0, 0
76650, 471040, 0, 0, 0
76749, 610262, 0, 0, 0
76849, 583680, 0, 0, 0
76949, 619520, 0, 0, 0
77049, 552960, 0, 0, 0
77149, 537600, 0, 0, 0
77249, 537600, 0, 0, 0
77349, 573440, 0, 0, 0
77449, 558080, 0, 0, 0
77549, 537600, 0, 0, 0
77650, 491520, 0, 0, 0
77749, 506828, 0, 0, 0
77849, 404480, 0, 0, 0
77949, 563200, 0, 0, 0
78049, 522240, 0, 0, 0
78149, 624640, 0, 0, 0
78249, 563200, 0, 0, 0
78349, 486400, 0, 0, 0
78449, 486400, 0, 0, 0
78549, 522240, 0, 0, 0
78649, 491520, 0, 0, 0
78750, 573440, 0, 0, 0
78850, 471040, 0, 0, 0
78950, 476160, 0, 0, 0
79050, 593920, 0, 0, 0
79150, 435200, 0, 0, 0
79249, 501656, 0, 0, 0
79349, 552960, 0, 0, 0
79449, 460800, 0, 0, 0
79549, 573440, 0, 0, 0
79649, 552960, 0, 0, 0
79749, 465920, 0, 0, 0
79849, 537600, 0, 0, 0
79950, 496640, 0, 0, 0
80050, 593920, 0, 0, 0
80150, 573440, 0, 0, 0
80249, 486141, 0, 0, 0
80349, 506880, 0, 0, 0
80449, 460800, 0, 0, 0
80549, 568320, 0, 0, 0
80649, 552960, 0, 0, 0
80749, 527360, 0, 0, 0
80849, 573440, 0, 0, 0
80949, 424960, 0, 0, 0
81049, 512000, 0, 0, 0
81149, 506880, 0, 0, 0
81250, 476160, 0, 0, 0
81350, 568320, 0, 0, 0
81450, 460800, 0, 0, 0
81550, 491520, 0, 0, 0
81650, 517120, 0, 0, 0
81749, 522343, 0, 0, 0
81849, 578560, 0, 0, 0
81949, 537600, 0, 0, 0
82049, 435200, 0, 0, 0
82149, 491520, 0, 0, 0
82249, 609280, 0, 0, 0
82350, 532480, 0, 0, 0
82450, 599040, 0, 0, 0
82550, 491520, 0, 0, 0
82650, 455680, 0, 0, 0
82749, 465454, 0, 0, 0
82849, 537600, 0, 0, 0
82949, 517120, 0, 0, 0
83049, 501760, 0, 0, 0
83149, 512000, 0, 0, 0
83249, 501760, 0, 0, 0
83349, 414720, 0, 0, 0
83449, 517120, 0, 0, 0
83550, 537600, 0, 0, 0
83650, 552960, 0, 0, 0
83749, 480969, 0, 0, 0
83849, 445440, 0, 0, 0
83949, 537600, 0, 0, 0
84049, 522240, 0, 0, 0
84149, 552960, 0, 0, 0
84249, 517120, 0, 0, 0
84349, 568320, 0, 0, 0
84449, 547840, 0, 0, 0
84549, 568320, 0, 0, 0
84649, 481280, 0, 0, 0
84750, 532480, 0, 0, 0
84850, 542720, 0, 0, 0
84950, 527360, 0, 0, 0
85050, 552960, 0, 0, 0
85150, 501760, 0, 0, 0
85249, 512000, 0, 0, 0
85349, 583680, 0, 0, 0
85449, 578560, 0, 0, 0
85549, 481280, 0, 0, 0
85649, 527360, 0, 0, 0
85749, 563200, 0, 0, 0
85849, 558080, 0, 0, 0
85949, 542720, 0, 0, 0
86050, 501760, 0, 0, 0
86150, 552960, 0, 0, 0
86249, 543030, 0, 0, 0
86349, 491520, 0, 0, 0
86449, 455680, 0, 0, 0
86549, 547840, 0, 0, 0
86649, 491520, 0, 0, 0
86749, 512000, 0, 0, 0
86849, 583680, 0, 0, 0
86949, 522240, 0, 0, 0
87049, 532480, 0, 0, 0
87149, 486400, 0, 0, 0
87250, 552960, 0, 0, 0
87350, 506880, 0, 0, 0
87450, 506880, 0, 0, 0
87550, 460800, 0, 0, 0
87650, 522240, 0, 0, 0
87749, 439595, 0, 0, 0
87849, 537600, 0, 0, 0
87949, 588800, 0, 0, 0
88049, 547840, 0, 0, 0
88149, 471040, 0, 0, 0
88249, 404480, 0, 0, 0
88349, 552960, 0, 0, 0
88449, 471040, 0, 0, 0
88549, 563200, 0, 0, 0
88650, 501760, 0, 0, 0
88749, 475797, 0, 0, 0
88849, 542720, 0, 0, 0
88949, 471040, 0, 0, 0
89049, 419840, 0, 0, 0
89149, 496640, 0, 0, 0
89249, 486400, 0, 0, 0
89349, 491520, 0, 0, 0
89449, 501760, 0, 0, 0
89549, 558080, 0, 0, 0
89649, 465920, 0, 0, 0
89750, 450560, 0, 0, 0
89850, 547840, 0, 0, 0
89950, 506880, 0, 0, 0
