100, 18434724, 0, 0, 0
200, 27386055, 0, 0, 0
300, 18151240, 0, 0, 0
400, 17106918, 0, 0, 0
517, 21058255, 0, 0, 0
600, 31450795, 0, 0, 0
700, 19756701, 0, 0, 0
800, 32969382, 0, 0, 0
901, 25159408, 0, 0, 0
1000, 21404658, 0, 0, 0
1101, 19492342, 0, 0, 0
1200, 14747735, 0, 0, 0
1300, 23301265, 0, 0, 0
1401, 27276830, 0, 0, 0
1502, 52539157, 0, 0, 0
1601, 25934823, 0, 0, 0
1700, 17802518, 0, 0, 0
1800, 21588251, 0, 0, 0
1900, 14263690, 0, 0, 0
2000, 19614800, 0, 0, 0
2100, 25822895, 0, 0, 0
2200, 17090186, 0, 0, 0
2300, 13610575, 0, 0, 0
2400, 12656863, 0, 0, 0
2501, 20131756, 0, 0, 0
2600, 21189036, 0, 0, 0
2700, 40434292, 0, 0, 0
2800, 15035705, 0, 0, 0
2900, 22223458, 0, 0, 0
3000, 47944680, 0, 0, 0
3100, 27440890, 0, 0, 0
3201, 14180753, 0, 0, 0
3302, 24620891, 0, 0, 0
3402, 22978285, 0, 0, 0
3502, 20391570, 0, 0, 0
3600, 11620585, 0, 0, 0
3700, 18668788, 0, 0, 0
3800, 20278121, 0, 0, 0
3901, 32898938, 0, 0, 0
4000, 27017355, 0, 0, 0
4100, 14011176, 0, 0, 0
4200, 17849875, 0, 0, 0
4300, 24503420, 0, 0, 0
4400, 24997116, 0, 0, 0
4500, 16300902, 0, 0, 0
4600, 25741905, 0, 0, 0
4702, 19235325, 0, 0, 0
4800, 17527018, 0, 0, 0
4900, 16561805, 0, 0, 0
5001, 25472974, 0, 0, 0
5100, 19431315, 0, 0, 0
5200, 24012441, 0, 0, 0
5300, 34124954, 0, 0, 0
5400, 16341155, 0, 0, 0
5500, 22305780, 0, 0, 0
5600, 17479505, 0, 0, 0
5701, 16775617, 0, 0, 0
5800, 16964825, 0, 0, 0
5900, 16337146, 0, 0, 0
6000, 16766683, 0, 0, 0
6100, 15477473, 0, 0, 0
6200, 26644584, 0, 0, 0
6300, 14447689, 0, 0, 0
6400, 17810761, 0, 0, 0
6500, 28179589, 0, 0, 0
6600, 34241263, 0, 0, 0
6701, 20067522, 0, 0, 0
6800, 24701517, 0, 0, 0
6900, 15814907, 0, 0, 0
7000, 26935326, 0, 0, 0
7100, 30074389, 0, 0, 0
7202, 30369926, 0, 0, 0
7300, 19866720, 0, 0, 0
7400, 30422208, 0, 0, 0
7502, 19035291, 0, 0, 0
7600, 19220456, 0, 0, 0
7705, 14937559, 0, 0, 0
7800, 26735932, 0, 0, 0
7900, 22425998, 0, 0, 0
8000, 16285473, 0, 0, 0
8101, 33211223, 0, 0, 0
8200, 21144120, 0, 0, 0
8300, 23463862, 0, 0, 0
8400, 11793322, 0, 0, 0
8500, 19004968, 0, 0, 0
8600, 20616117, 0, 0, 0
8700, 14608109, 0, 0, 0
8801, 17715933, 0, 0, 0
8900, 32329360, 0, 0, 0
9000, 41058444, 0, 0, 0
9100, 16711574, 0, 0, 0
9207, 19130735, 0, 0, 0
9302, 27421017, 0, 0, 0
9400, 49253284, 0, 0, 0
9500, 42467564, 0, 0, 0
9600, 16048446, 0, 0, 0
9702, 16362599, 0, 0, 0
9800, 24443414, 0, 0, 0
9913, 39354766, 0, 0, 0
10000, 18058544, 0, 0, 0
10106, 46469967, 0, 0, 0
10200, 37380752, 0, 0, 0
10300, 21055100, 0, 0, 0
10400, 14835155, 0, 0, 0
10500, 20869627, 0, 0, 0
10600, 25625177, 0, 0, 0
10700, 13316685, 0, 0, 0
10800, 15778643, 0, 0, 0
10900, 20356439, 0, 0, 0
11000, 25645119, 0, 0, 0
11100, 17300408, 0, 0, 0
11200, 15431985, 0, 0, 0
11300, 10342802, 0, 0, 0
11400, 26792542, 0, 0, 0
11500, 18435378, 0, 0, 0
11600, 25090193, 0, 0, 0
11700, 20099856, 0, 0, 0
11800, 16149894, 0, 0, 0
11900, 15484028, 0, 0, 0
12000, 19553342, 0, 0, 0
12100, 27162219, 0, 0, 0
12200, 25497876, 0, 0, 0
12300, 17167727, 0, 0, 0
12401, 24465472, 0, 0, 0
12501, 17091507, 0, 0, 0
12610, 18484613, 0, 0, 0
12700, 22500385, 0, 0, 0
12800, 30835605, 0, 0, 0
12900, 20162364, 0, 0, 0
13000, 24240419, 0, 0, 0
13100, 11287835, 0, 0, 0
13202, 17608155, 0, 0, 0
13300, 38091866, 0, 0, 0
13401, 12893201, 0, 0, 0
13500, 23048858, 0, 0, 0
13600, 28478050, 0, 0, 0
13707, 16085482, 0, 0, 0
13800, 28316973, 0, 0, 0
13900, 20153595, 0, 0, 0
14001, 18725395, 0, 0, 0
14100, 21013918, 0, 0, 0
14200, 15463383, 0, 0, 0
14300, 22148105, 0, 0, 0
14400, 15754204, 0, 0, 0
14500, 26287581, 0, 0, 0
14600, 16246165, 0, 0, 0
14700, 15764309, 0, 0, 0
14800, 23455733, 0, 0, 0
14900, 27865914, 0, 0, 0
15000, 22346030, 0, 0, 0
15100, 19297319, 0, 0, 0
15201, 15929564, 0, 0, 0
15341, 26110188, 0, 0, 0
15400, 48436314, 0, 0, 0
15500, 13042540, 0, 0, 0
15609, 38494778, 0, 0, 0
15700, 26056827, 0, 0, 0
15800, 10605211, 0, 0, 0
15900, 17904450, 0, 0, 0
16001, 12141693, 0, 0, 0
16100, 21616633, 0, 0, 0
16200, 20148843, 0, 0, 0
16300, 18924161, 0, 0, 0
16400, 18974102, 0, 0, 0
16500, 15275605, 0, 0, 0
16600, 17715990, 0, 0, 0
16700, 14969415, 0, 0, 0
16800, 19231882, 0, 0, 0
16900, 15744232, 0, 0, 0
17000, 21333663, 0, 0, 0
17100, 31322767, 0, 0, 0
17200, 33407144, 0, 0, 0
17300, 21847264, 0, 0, 0
17401, 28634488, 0, 0, 0
17500, 18901734, 0, 0, 0
17600, 14711693, 0, 0, 0
17700, 17544306, 0, 0, 0
17801, 15070655, 0, 0, 0
17900, 21314115, 0, 0, 0
18000, 20254784, 0, 0, 0
18100, 22327452, 0, 0, 0
18200, 17854316, 0, 0, 0
18301, 20228023, 0, 0, 0
18408, 21693278, 0, 0, 0
18500, 45282210, 0, 0, 0
18600, 12783937, 0, 0, 0
18706, 28905674, 0, 0, 0
18800, 30008413, 0, 0, 0
18904, 16522839, 0, 0, 0
19000, 38351196, 0, 0, 0
19100, 21393809, 0, 0, 0
19200, 16043583, 0, 0, 0
19300, 26920844, 0, 0, 0
19400, 21930419, 0, 0, 0
19500, 18502443, 0, 0, 0
19600, 19083615, 0, 0, 0
19701, 15704679, 0, 0, 0
19800, 18098724, 0, 0, 0
19900, 19889556, 0, 0, 0
20000, 15365807, 0, 0, 0
20101, 19254480, 0, 0, 0
20200, 23437013, 0, 0, 0
20300, 16337690, 0, 0, 0
20400, 17597517, 0, 0, 0
20500, 19406686, 0, 0, 0
20600, 19359492, 0, 0, 0
20705, 12081492, 0, 0, 0
20800, 19476859, 0, 0, 0
20900, 18062272, 0, 0, 0
21000, 17053007, 0, 0, 0
21100, 23090843, 0, 0, 0
21200, 18640107, 0, 0, 0
21300, 28324039, 0, 0, 0
21400, 17552687, 0, 0, 0
21500, 18738190, 0, 0, 0
21600, 16528143, 0, 0, 0
21700, 19381597, 0, 0, 0
21800, 21653744, 0, 0, 0
21900, 13881870, 0, 0, 0
22000, 16433680, 0, 0, 0
22101, 15404614, 0, 0, 0
22200, 23236839, 0, 0, 0
22300, 18112621, 0, 0, 0
22400, 17222554, 0, 0, 0
22500, 16543991, 0, 0, 0
22600, 15304699, 0, 0, 0
22700, 23821892, 0, 0, 0
22802, 28726270, 0, 0, 0
22900, 21717105, 0, 0, 0
23001, 22818056, 0, 0, 0
23100, 14490903, 0, 0, 0
23200, 39598259, 0, 0, 0
23301, 16216076, 0, 0, 0
23400, 21924165, 0, 0, 0
23500, 17976785, 0, 0, 0
23600, 14686652, 0, 0, 0
23700, 13946374, 0, 0, 0
23800, 30201209, 0, 0, 0
23900, 12201075, 0, 0, 0
24000, 14223507, 0, 0, 0
24100, 23395391, 0, 0, 0
24203, 26554030, 0, 0, 0
24300, 28636175, 0, 0, 0
24400, 10611415, 0, 0, 0
24500, 20078320, 0, 0, 0
24600, 16422618, 0, 0, 0
24700, 17033306, 0, 0, 0
24800, 23142088, 0, 0, 0
24901, 17959897, 0, 0, 0
25000, 19363473, 0, 0, 0
25100, 25818227, 0, 0, 0
25201, 21339456, 0, 0, 0
25305, 30296935, 0, 0, 0
25400, 17314093, 0, 0, 0
25500, 26659444, 0, 0, 0
25601, 21495148, 0, 0, 0
25700, 23693410, 0, 0, 0
25803, 19369208, 0, 0, 0
25900, 20597461, 0, 0, 0
26000, 16429388, 0, 0, 0
26100, 19729829, 0, 0, 0
26201, 22407992, 0, 0, 0
26300, 14983058, 0, 0, 0
26401, 16296713, 0, 0, 0
26501, 20560612, 0, 0, 0
26600, 21678774, 0, 0, 0
26700, 16867753, 0, 0, 0
26800, 12287230, 0, 0, 0
26900, 17409204, 0, 0, 0
27000, 17741874, 0, 0, 0
27100, 18144539, 0, 0, 0
27200, 16707929, 0, 0, 0
27301, 18984988, 0, 0, 0
27400, 16030772, 0, 0, 0
27500, 17950083, 0, 0, 0
27600, 19989578, 0, 0, 0
27700, 17994673, 0, 0, 0
27800, 11828782, 0, 0, 0
27900, 27607243, 0, 0, 0
28000, 17032841, 0, 0, 0
28100, 27697664, 0, 0, 0
28203, 16129420, 0, 0, 0
28300, 36203099, 0, 0, 0
28400, 26394465, 0, 0, 0
28500, 20789148, 0, 0, 0
28600, 18823589, 0, 0, 0
28700, 27887565, 0, 0, 0
28800, 20474307, 0, 0, 0
28900, 16289015, 0, 0, 0
29000, 12813703, 0, 0, 0
29100, 15887187, 0, 0, 0
29200, 14795235, 0, 0, 0
29300, 17798119, 0, 0, 0
29400, 22168895, 0, 0, 0
29500, 30046313, 0, 0, 0
29600, 19490334, 0, 0, 0
29700, 19824413, 0, 0, 0
29800, 15590812, 0, 0, 0
29900, 16985349, 0, 0, 0
30000, 18706203, 0, 0, 0
30102, 11013671, 0, 0, 0
30200, 32648667, 0, 0, 0
30300, 15946851, 0, 0, 0
30400, 22955445, 0, 0, 0
30500, 16240483, 0, 0, 0
30600, 23007819, 0, 0, 0
30700, 19379921, 0, 0, 0
30800, 22218662, 0, 0, 0
30900, 28294291, 0, 0, 0
31000, 19371224, 0, 0, 0
31100, 23788056, 0, 0, 0
31201, 21630697, 0, 0, 0
31300, 19535395, 0, 0, 0
31400, 20137713, 0, 0, 0
31500, 14536424, 0, 0, 0
31600, 19717854, 0, 0, 0
31700, 18664357, 0, 0, 0
31800, 34711295, 0, 0, 0
31900, 16630248, 0, 0, 0
32001, 22498549, 0, 0, 0
32100, 18730574, 0, 0, 0
32201, 25899072, 0, 0, 0
32300, 16012122, 0, 0, 0
32401, 23339069, 0, 0, 0
32500, 20349123, 0, 0, 0
32600, 16486529, 0, 0, 0
32701, 21239137, 0, 0, 0
32834, 26917226, 0, 0, 0
32900, 40974326, 0, 0, 0
33000, 16585450, 0, 0, 0
33101, 21096918, 0, 0, 0
33200, 23002854, 0, 0, 0
33300, 12859865, 0, 0, 0
33400, 23335769, 0, 0, 0
33502, 19595160, 0, 0, 0
33601, 24686793, 0, 0, 0
33701, 27714348, 0, 0, 0
33800, 12665275, 0, 0, 0
33901, 19121717, 0, 0, 0
34000, 26826449, 0, 0, 0
34100, 17868913, 0, 0, 0
34200, 16943223, 0, 0, 0
34300, 14635553, 0, 0, 0
34400, 19946511, 0, 0, 0
34504, 15124458, 0, 0, 0
34600, 30804497, 0, 0, 0
34741, 16476165, 0, 0, 0
34801, 28387925, 0, 0, 0
34900, 20408377, 0, 0, 0
35000, 18483406, 0, 0, 0
35100, 24152043, 0, 0, 0
35200, 20347746, 0, 0, 0
35300, 20803163, 0, 0, 0
35401, 23866535, 0, 0, 0
35500, 22792299, 0, 0, 0
35600, 24255770, 0, 0, 0
35700, 17066712, 0, 0, 0
35800, 22893815, 0, 0, 0
35900, 25031283, 0, 0, 0
36000, 23705771, 0, 0, 0
36100, 21070581, 0, 0, 0
36200, 11141312, 0, 0, 0
36300, 20724846, 0, 0, 0
36400, 14889332, 0, 0, 0
36500, 19690148, 0, 0, 0
36600, 16835690, 0, 0, 0
36701, 24317715, 0, 0, 0
36801, 23673303, 0, 0, 0
36900, 17998172, 0, 0, 0
37000, 17180425, 0, 0, 0
37100, 19565443, 0, 0, 0
37200, 32528923, 0, 0, 0
37300, 27380190, 0, 0, 0
37400, 26759230, 0, 0, 0
37500, 15559746, 0, 0, 0
37600, 25265779, 0, 0, 0
37700, 26197671, 0, 0, 0
37800, 35070021, 0, 0, 0
37901, 15377780, 0, 0, 0
38000, 21728303, 0, 0, 0
38100, 20151848, 0, 0, 0
38201, 36826463, 0, 0, 0
38300, 20897869, 0, 0, 0
38400, 22348803, 0, 0, 0
38500, 16960673, 0, 0, 0
38600, 14692345, 0, 0, 0
38701, 17233220, 0, 0, 0
38800, 33907754, 0, 0, 0
38900, 14877846, 0, 0, 0
39000, 17772276, 0, 0, 0
39100, 12986128, 0, 0, 0
39200, 21679020, 0, 0, 0
39300, 30385968, 0, 0, 0
39400, 20484116, 0, 0, 0
39500, 28737717, 0, 0, 0
39601, 17509758, 0, 0, 0
39701, 30263674, 0, 0, 0
39800, 28802522, 0, 0, 0
39900, 20243597, 0, 0, 0
40000, 20990022, 0, 0, 0
40100, 18560332, 0, 0, 0
40200, 20298495, 0, 0, 0
40300, 16785361, 0, 0, 0
40400, 15687956, 0, 0, 0
40500, 24551779, 0, 0, 0
40600, 19324545, 0, 0, 0
40706, 36944575, 0, 0, 0
40800, 16740899, 0, 0, 0
40900, 19190923, 0, 0, 0
41000, 21460317, 0, 0, 0
41100, 20177160, 0, 0, 0
41200, 17572454, 0, 0, 0
41301, 15593736, 0, 0, 0
41400, 16941529, 0, 0, 0
41500, 18313307, 0, 0, 0
41600, 14861738, 0, 0, 0
41700, 22886280, 0, 0, 0
41800, 13751024, 0, 0, 0
41900, 18710176, 0, 0, 0
42000, 23125410, 0, 0, 0
42101, 39734134, 0, 0, 0
42200, 28862513, 0, 0, 0
42300, 34076117, 0, 0, 0
42400, 20860616, 0, 0, 0
42500, 15294353, 0, 0, 0
42600, 19035464, 0, 0, 0
42700, 17795618, 0, 0, 0
42800, 12549034, 0, 0, 0
42900, 17014362, 0, 0, 0
43000, 17401635, 0, 0, 0
43100, 20453826, 0, 0, 0
43200, 19536989, 0, 0, 0
43307, 18084406, 0, 0, 0
43404, 36026236, 0, 0, 0
43500, 31120993, 0, 0, 0
43600, 16284140, 0, 0, 0
43700, 11995871, 0, 0, 0
43800, 20738503, 0, 0, 0
43900, 15528360, 0, 0, 0
44002, 15662491, 0, 0, 0
44101, 33381806, 0, 0, 0
44200, 19371664, 0, 0, 0
44300, 25890263, 0, 0, 0
44400, 18570853, 0, 0, 0
44505, 17073603, 0, 0, 0
44600, 26223876, 0, 0, 0
44700, 18843901, 0, 0, 0
44801, 20041262, 0, 0, 0
44900, 17054409, 0, 0, 0
45000, 23020816, 0, 0, 0
45100, 22787059, 0, 0, 0
45200, 22551512, 0, 0, 0
45300, 44400755, 0, 0, 0
45401, 21823586, 0, 0, 0
45501, 15686155, 0, 0, 0
45600, 16654479, 0, 0, 0
45700, 22642969, 0, 0, 0
45800, 32903054, 0, 0, 0
45900, 18019236, 0, 0, 0
46000, 13994628, 0, 0, 0
46111, 46465997, 0, 0, 0
46200, 32294585, 0, 0, 0
46300, 24032246, 0, 0, 0
46400, 20059925, 0, 0, 0
46500, 19027032, 0, 0, 0
46600, 12808475, 0, 0, 0
46700, 15161393, 0, 0, 0
46800, 20384470, 0, 0, 0
46900, 14911582, 0, 0, 0
47000, 17437747, 0, 0, 0
47100, 20333720, 0, 0, 0
47200, 30131236, 0, 0, 0
47300, 25267977, 0, 0, 0
47400, 23785152, 0, 0, 0
47500, 15029893, 0, 0, 0
47600, 24383324, 0, 0, 0
47700, 15985655, 0, 0, 0
47800, 21862641, 0, 0, 0
47900, 16270675, 0, 0, 0
48000, 20580838, 0, 0, 0
48102, 16509435, 0, 0, 0
48200, 45380449, 0, 0, 0
48302, 21381572, 0, 0, 0
48400, 24791117, 0, 0, 0
48500, 16496087, 0, 0, 0
48601, 13361786, 0, 0, 0
48700, 30112764, 0, 0, 0
48800, 17079410, 0, 0, 0
48900, 15658365, 0, 0, 0
49000, 19236965, 0, 0, 0
49100, 20105797, 0, 0, 0
49200, 17948061, 0, 0, 0
49300, 15292692, 0, 0, 0
49401, 17207545, 0, 0, 0
49500, 16837484, 0, 0, 0
49600, 24000477, 0, 0, 0
49700, 26394006, 0, 0, 0
49800, 16578546, 0, 0, 0
49900, 19482277, 0, 0, 0
50002, 17835504, 0, 0, 0
50100, 27159969, 0, 0, 0
50200, 26517125, 0, 0, 0
50302, 19093287, 0, 0, 0
50400, 22216206, 0, 0, 0
50500, 16432113, 0, 0, 0
50601, 16948120, 0, 0, 0
50700, 20774443, 0, 0, 0
50800, 17719334, 0, 0, 0
50900, 26921791, 0, 0, 0
51000, 13368676, 0, 0, 0
51100, 22762699, 0, 0, 0
51204, 14921292, 0, 0, 0
51302, 15758990, 0, 0, 0
51400, 23276132, 0, 0, 0
51500, 16994805, 0, 0, 0
51600, 19580926, 0, 0, 0
51700, 16742424, 0, 0, 0
51800, 25074045, 0, 0, 0
51907, 21864013, 0, 0, 0
52000, 20899105, 0, 0, 0
52100, 19237881, 0, 0, 0
52200, 20682085, 0, 0, 0
52300, 16917673, 0, 0, 0
52410, 16375808, 0, 0, 0
52500, 66242063, 0, 0, 0
52601, 28678521, 0, 0, 0
52700, 24555992, 0, 0, 0
52800, 25339219, 0, 0, 0
52901, 23179565, 0, 0, 0
53000, 32162403, 0, 0, 0
53100, 23615319, 0, 0, 0
53201, 16987962, 0, 0, 0
53300, 19294593, 0, 0, 0
53400, 20518139, 0, 0, 0
53500, 16928126, 0, 0, 0
53608, 19608031, 0, 0, 0
53700, 50221391, 0, 0, 0
53800, 14826821, 0, 0, 0
53900, 17423670, 0, 0, 0
54000, 25751353, 0, 0, 0
54100, 20274911, 0, 0, 0
54200, 16379600, 0, 0, 0
54300, 16739317, 0, 0, 0
54400, 21747764, 0, 0, 0
54500, 23596844, 0, 0, 0
54600, 23673938, 0, 0, 0
54700, 18850668, 0, 0, 0
54807, 23086497, 0, 0, 0
54905, 27025885, 0, 0, 0
55000, 17646205, 0, 0, 0
55100, 26479688, 0, 0, 0
55200, 17875117, 0, 0, 0
55300, 13989311, 0, 0, 0
55400, 24614873, 0, 0, 0
55500, 20837386, 0, 0, 0
55600, 21530430, 0, 0, 0
55700, 18153351, 0, 0, 0
55801, 26252850, 0, 0, 0
55900, 25388630, 0, 0, 0
56000, 20500191, 0, 0, 0
56100, 14059319, 0, 0, 0
56200, 16682513, 0, 0, 0
56300, 13011281, 0, 0, 0
56400, 19946070, 0, 0, 0
56500, 15074933, 0, 0, 0
56600, 17241064, 0, 0, 0
56700, 18571764, 0, 0, 0
56800, 26897551, 0, 0, 0
56900, 22833117, 0, 0, 0
57006, 19221313, 0, 0, 0
57100, 38400060, 0, 0, 0
57201, 17838860, 0, 0, 0
57300, 13913238, 0, 0, 0
57400, 16920357, 0, 0, 0
57500, 21032333, 0, 0, 0
57600, 19924410, 0, 0, 0
57700, 16854866, 0, 0, 0
57800, 22465741, 0, 0, 0
57900, 11660148, 0, 0, 0
58000, 25238957, 0, 0, 0
58100, 13998511, 0, 0, 0
58200, 17774453, 0, 0, 0
58300, 17487199, 0, 0, 0
58401, 15450836, 0, 0, 0
58501, 20117488, 0, 0, 0
58600, 15742594, 0, 0, 0
58701, 18655314, 0, 0, 0
58800, 17863425, 0, 0, 0
58900, 19052381, 0, 0, 0
59000, 19793378, 0, 0, 0
59100, 20063385, 0, 0, 0
59200, 14281238, 0, 0, 0
59301, 14733346, 0, 0, 0
59400, 24185829, 0, 0, 0
59502, 14307311, 0, 0, 0
59600, 17573874, 0, 0, 0
59700, 17803173, 0, 0, 0
59800, 18994709, 0, 0, 0
59900, 21178044, 0, 0, 0
60000, 19227607, 0, 0, 0
60100, 20355973, 0, 0, 0
60200, 16487084, 0, 0, 0
60300, 21618215, 0, 0, 0
60400, 28554630, 0, 0, 0
60500, 35094091, 0, 0, 0
60600, 29743288, 0, 0, 0
60700, 20407696, 0, 0, 0
60800, 16974577, 0, 0, 0
60900, 13905167, 0, 0, 0
61000, 17038942, 0, 0, 0
61100, 17578490, 0, 0, 0
61200, 19587176, 0, 0, 0
61305, 14567241, 0, 0, 0
61406, 26284311, 0, 0, 0
61500, 14020632, 0, 0, 0
61600, 28362568, 0, 0, 0
61700, 16625111, 0, 0, 0
61800, 17795076, 0, 0, 0
61900, 21605825, 0, 0, 0
62000, 18360994, 0, 0, 0
62101, 23916505, 0, 0, 0
62200, 20894023, 0, 0, 0
62300, 16883065, 0, 0, 0
62400, 14988478, 0, 0, 0
62501, 28820516, 0, 0, 0
62600, 21437356, 0, 0, 0
62700, 13838678, 0, 0, 0
62800, 10660440, 0, 0, 0
62900, 20831738, 0, 0, 0
63000, 12123680, 0, 0, 0
63101, 18558835, 0, 0, 0
63200, 18409383, 0, 0, 0
63300, 12782848, 0, 0, 0
63400, 26597364, 0, 0, 0
63500, 18123057, 0, 0, 0
63600, 16036060, 0, 0, 0
63700, 17470801, 0, 0, 0
63800, 17675418, 0, 0, 0
63900, 17049896, 0, 0, 0
64000, 16557392, 0, 0, 0
64105, 26171001, 0, 0, 0
64200, 20179212, 0, 0, 0
64300, 15444224, 0, 0, 0
64400, 14214241, 0, 0, 0
64500, 22423248, 0, 0, 0
64600, 30010524, 0, 0, 0
64700, 14472342, 0, 0, 0
64800, 21959582, 0, 0, 0
64900, 17275931, 0, 0, 0
65000, 13973376, 0, 0, 0
65100, 15814618, 0, 0, 0
65200, 20815814, 0, 0, 0
65303, 21370987, 0, 0, 0
65400, 26769961, 0, 0, 0
65500, 21614190, 0, 0, 0
65600, 18336113, 0, 0, 0
65701, 15279173, 0, 0, 0
65800, 22280299, 0, 0, 0
65900, 18680188, 0, 0, 0
66001, 24061549, 0, 0, 0
66100, 22343088, 0, 0, 0
66200, 14541704, 0, 0, 0
66300, 15200884, 0, 0, 0
66400, 20678858, 0, 0, 0
66500, 26896559, 0, 0, 0
66600, 27221924, 0, 0, 0
66700, 24451265, 0, 0, 0
66800, 21640486, 0, 0, 0
66900, 25048418, 0, 0, 0
67000, 30680794, 0, 0, 0
67100, 11189656, 0, 0, 0
67200, 34870684, 0, 0, 0
67300, 26736452, 0, 0, 0
67400, 12448497, 0, 0, 0
67500, 18561753, 0, 0, 0
67600, 22556730, 0, 0, 0
67700, 13579173, 0, 0, 0
67802, 9689147, 0, 0, 0
67900, 23467067, 0, 0, 0
68001, 18060991, 0, 0, 0
68100, 27577723, 0, 0, 0
68200, 15620137, 0, 0, 0
68300, 24568688, 0, 0, 0
68400, 21001242, 0, 0, 0
68502, 25542754, 0, 0, 0
68604, 24879578, 0, 0, 0
68700, 27885997, 0, 0, 0
68800, 17235377, 0, 0, 0
68900, 17894803, 0, 0, 0
69000, 16016678, 0, 0, 0
69100, 20105273, 0, 0, 0
69201, 20706476, 0, 0, 0
69300, 15878860, 0, 0, 0
69400, 19287197, 0, 0, 0
69500, 26229848, 0, 0, 0
69600, 17288893, 0, 0, 0
69700, 18597192, 0, 0, 0
69800, 16453128, 0, 0, 0
69900, 29073082, 0, 0, 0
70000, 16656417, 0, 0, 0
70100, 15486922, 0, 0, 0
70202, 16382564, 0, 0, 0
70300, 33528587, 0, 0, 0
70400, 16285590, 0, 0, 0
70500, 14869397, 0, 0, 0
70600, 26192744, 0, 0, 0
70700, 20115259, 0, 0, 0
70800, 26355565, 0, 0, 0
70903, 21883297, 0, 0, 0
71000, 35028430, 0, 0, 0
71100, 15667889, 0, 0, 0
71200, 21590998, 0, 0, 0
71300, 17197259, 0, 0, 0
71400, 15268549, 0, 0, 0
71539, 18454411, 0, 0, 0
71600, 39350630, 0, 0, 0
71700, 19251146, 0, 0, 0
71800, 10412591, 0, 0, 0
71901, 25231486, 0, 0, 0
72000, 36755884, 0, 0, 0
72100, 16131324, 0, 0, 0
72200, 24651528, 0, 0, 0
72300, 21489894, 0, 0, 0
72400, 16872942, 0, 0, 0
72500, 17580975, 0, 0, 0
72602, 14572439, 0, 0, 0
72700, 19510942, 0, 0, 0
72800, 20980816, 0, 0, 0
72901, 20841759, 0, 0, 0
73000, 22439181, 0, 0, 0
73100, 17548061, 0, 0, 0
73200, 16351471, 0, 0, 0
73300, 17845016, 0, 0, 0
73415, 17006108, 0, 0, 0
73500, 29158879, 0, 0, 0
73600, 13739030, 0, 0, 0
73700, 17654981, 0, 0, 0
73800, 21252247, 0, 0, 0
73900, 19216588, 0, 0, 0
74000, 17050699, 0, 0, 0
74100, 18958155, 0, 0, 0
74200, 12273555, 0, 0, 0
74300, 17726031, 0, 0, 0
74404, 11881322, 0, 0, 0
74501, 27855321, 0, 0, 0
74600, 20659547, 0, 0, 0
74700, 20107089, 0, 0, 0
74800, 25459970, 0, 0, 0
74902, 22333056, 0, 0, 0
75000, 23305213, 0, 0, 0
75100, 41486931, 0, 0, 0
75200, 25918085, 0, 0, 0
75300, 16978862, 0, 0, 0
75400, 22244230, 0, 0, 0
75500, 25693794, 0, 0, 0
75600, 19825538, 0, 0, 0
75701, 10152251, 0, 0, 0
75800, 23116811, 0, 0, 0
75904, 16024519, 0, 0, 0
76000, 25307690, 0, 0, 0
76100, 25362832, 0, 0, 0
76200, 29141549, 0, 0, 0
76302, 18413685, 0, 0, 0
76400, 22171449, 0, 0, 0
76500, 13761893, 0, 0, 0
76600, 14470055, 0, 0, 0
76700, 19373652, 0, 0, 0
76800, 15749987, 0, 0, 0
76900, 22757323, 0, 0, 0
77000, 20484201, 0, 0, 0
77101, 28124926, 0, 0, 0
77200, 23977328, 0, 0, 0
77300, 28839151, 0, 0, 0
77400, 15138634, 0, 0, 0
77500, 17162368, 0, 0, 0
77602, 15417360, 0, 0, 0
77700, 20506434, 0, 0, 0
77801, 20536627, 0, 0, 0
77900, 21237767, 0, 0, 0
78000, 28613910, 0, 0, 0
78100, 19669565, 0, 0, 0
78200, 19823139, 0, 0, 0
78303, 15864644, 0, 0, 0
78400, 21785810, 0, 0, 0
78500, 21799316, 0, 0, 0
78600, 13680354, 0, 0, 0
78700, 26001008, 0, 0, 0
78800, 17192460, 0, 0, 0
78900, 19272975, 0, 0, 0
79000, 20184272, 0, 0, 0
79100, 13749186, 0, 0, 0
79200, 27893231, 0, 0, 0
79301, 17037169, 0, 0, 0
79400, 25210068, 0, 0, 0
79500, 23429061, 0, 0, 0
79600, 22136512, 0, 0, 0
79700, 19124291, 0, 0, 0
79800, 16875716, 0, 0, 0
79900, 16991077, 0, 0, 0
80001, 18305706, 0, 0, 0
80105, 19094082, 0, 0, 0
80200, 37131002, 0, 0, 0
80300, 29379385, 0, 0, 0
80401, 62321861, 0, 0, 0
80500, 28819505, 0, 0, 0
80606, 17503544, 0, 0, 0
80700, 32441337, 0, 0, 0
80800, 22477924, 0, 0, 0
80900, 12756126, 0, 0, 0
81000, 20492005, 0, 0, 0
81100, 20311556, 0, 0, 0
81200, 17498563, 0, 0, 0
81301, 29125131, 0, 0, 0
81401, 39121446, 0, 0, 0
81500, 23250605, 0, 0, 0
81600, 34661556, 0, 0, 0
81700, 22022192, 0, 0, 0
81800, 29994797, 0, 0, 0
81900, 26706748, 0, 0, 0
82001, 25902114, 0, 0, 0
82100, 35347291, 0, 0, 0
82200, 21578544, 0, 0, 0
82300, 16392499, 0, 0, 0
82400, 17240305, 0, 0, 0
82502, 17625819, 0, 0, 0
82603, 26535574, 0, 0, 0
82700, 13775549, 0, 0, 0
82800, 18981503, 0, 0, 0
82900, 16127322, 0, 0, 0
83000, 16263724, 0, 0, 0
83100, 10647401, 0, 0, 0
83200, 20677063, 0, 0, 0
83300, 15558129, 0, 0, 0
83403, 37918644, 0, 0, 0
83500, 21423683, 0, 0, 0
83600, 17341940, 0, 0, 0
83700, 20712071, 0, 0, 0
83800, 18892857, 0, 0, 0
83901, 18806311, 0, 0, 0
84000, 15360270, 0, 0, 0
84100, 19565089, 0, 0, 0
84200, 24958371, 0, 0, 0
84300, 17758371, 0, 0, 0
84401, 13263887, 0, 0, 0
84500, 17310007, 0, 0, 0
84600, 15810102, 0, 0, 0
84701, 15299697, 0, 0, 0
84800, 7949345, 0, 0, 0
84900, 25441916, 0, 0, 0
85000, 17272127, 0, 0, 0
85100, 24352510, 0, 0, 0
85200, 30583107, 0, 0, 0
85311, 26063771, 0, 0, 0
85400, 26901013, 0, 0, 0
85500, 18170165, 0, 0, 0
85600, 24900505, 0, 0, 0
85700, 22467667, 0, 0, 0
85801, 21033487, 0, 0, 0
85900, 20713216, 0, 0, 0
86000, 21300761, 0, 0, 0
86101, 49080016, 0, 0, 0
86200, 19421878, 0, 0, 0
86300, 24822369, 0, 0, 0
86400, 28018562, 0, 0, 0
86500, 25721965, 0, 0, 0
86600, 17807922, 0, 0, 0
86705, 14827201, 0, 0, 0
86803, 25022982, 0, 0, 0
86900, 20055288, 0, 0, 0
87000, 18290252, 0, 0, 0
87100, 19394028, 0, 0, 0
87200, 15737783, 0, 0, 0
87300, 28333969, 0, 0, 0
87400, 25804307, 0, 0, 0
87500, 12849414, 0, 0, 0
87600, 19967571, 0, 0, 0
87700, 18059149, 0, 0, 0
87800, 26630182, 0, 0, 0
87900, 12568838, 0, 0, 0
88000, 19735408, 0, 0, 0
88100, 25367169, 0, 0, 0
88200, 26991803, 0, 0, 0
88300, 27855100, 0, 0, 0
88416, 12299549, 0, 0, 0
88502, 102730461, 0, 0, 0
88600, 19285083, 0, 0, 0
88700, 23757003, 0, 0, 0
88800, 20991631, 0, 0, 0
88900, 23166256, 0, 0, 0
89000, 19914814, 0, 0, 0
89100, 16427152, 0, 0, 0
89201, 20826504, 0, 0, 0
89300, 18937792, 0, 0, 0
89400, 18929407, 0, 0, 0
89500, 22918767, 0, 0, 0
89600, 24556314, 0, 0, 0
89700, 22761022, 0, 0, 0
89800, 32431487, 0, 0, 0
89900, 14158152, 0, 0, 0
90000, 34490832, 0, 0, 0
90060, 102044140, 0, 0, 0
