250, 134912, 0, 0, 0
250, 60928, 1, 0, 0
350, 131200, 0, 0, 0
350, 56320, 1, 0, 0
450, 134400, 0, 0, 0
450, 58240, 1, 0, 0
550, 147200, 0, 0, 0
550, 56320, 1, 0, 0
650, 131840, 0, 0, 0
650, 58880, 1, 0, 0
749, 133818, 0, 0, 0
749, 63353, 1, 0, 0
849, 148480, 0, 0, 0
849, 54400, 1, 0, 0
949, 140800, 0, 0, 0
949, 60800, 1, 0, 0
1049, 132480, 0, 0, 0
1049, 62720, 1, 0, 0
1150, 142080, 0, 0, 0
1150, 60160, 1, 0, 0
1250, 127360, 0, 0, 0
1250, 65280, 1, 0, 0
1350, 140160, 0, 0, 0
1350, 59520, 1, 0, 0
1450, 146560, 0, 0, 0
1450, 53760, 1, 0, 0
1550, 137600, 0, 0, 0
1550, 61440, 1, 0, 0
1650, 123520, 0, 0, 0
1650, 67840, 1, 0, 0
1749, 124767, 0, 0, 0
1749, 65292, 1, 0, 0
1849, 149760, 0, 0, 0
1849, 52480, 1, 0, 0
1950, 140800, 0, 0, 0
1950, 58880, 1, 0, 0
2050, 124800, 0, 0, 0
2050, 67200, 1, 0, 0
2150, 145280, 0, 0, 0
2150, 58880, 1, 0, 0
2249, 128646, 0, 0, 0
2249, 62707, 1, 0, 0
2349, 130560, 0, 0, 0
2349, 63360, 1, 0, 0
2449, 127360, 0, 0, 0
2449, 64640, 1, 0, 0
2549, 136960, 0, 0, 0
2549, 55040, 1, 0, 0
2649, 135040, 0, 0, 0
2649, 51840, 1, 0, 0
2749, 149120, 0, 0, 0
2749, 55040, 1, 0, 0
2850, 131840, 0, 0, 0
2850, 65280, 1, 0, 0
2950, 145280, 0, 0, 0
2950, 53760, 1, 0, 0
3050, 147200, 0, 0, 0
3050, 57600, 1, 0, 0
3150, 129920, 0, 0, 0
3150, 67200, 1, 0, 0
3249, 138989, 0, 0, 0
3249, 62060, 1, 0, 0
3349, 126080, 0, 0, 0
3349, 63360, 1, 0, 0
3449, 132480, 0, 0, 0
3449, 62080, 1, 0, 0
3549, 135680, 0, 0, 0
3549, 62080, 1, 0, 0
3649, 142080, 0, 0, 0
3649, 60160, 1, 0, 0
3750, 140160, 0, 0, 0
3750, 62080, 1, 0, 0
3850, 138240, 0, 0, 0
3850, 59520, 1, 0, 0
3950, 139520, 0, 0, 0
3950, 55680, 1, 0, 0
4050, 129920, 0, 0, 0
4050, 60160, 1, 0, 0
4150, 153600, 0, 0, 0
4150, 51840, 1, 0, 0
4249, 143515, 0, 0, 0
4249, 55595, 1, 0, 0
4349, 144000, 0, 0, 0
4349, 53120, 1, 0, 0
4449, 135040, 0, 0, 0
4449, 64000, 1, 0, 0
4549, 145280, 0, 0, 0
4549, 57600, 1, 0, 0
4650, 136960, 0, 0, 0
4650, 59520, 1, 0, 0
4750, 156800, 0, 0, 0
4750, 48640, 1, 0, 0
4850, 138240, 0, 0, 0
4850, 66560, 1, 0, 0
4950, 143360, 0, 0, 0
4950, 57600, 1, 0, 0
5050, 121600, 0, 0, 0
5050, 63360, 1, 0, 0
5150, 139520, 0, 0, 0
5150, 59520, 1, 0, 0
5249, 148040, 0, 0, 0
5249, 58828, 1, 0, 0
5349, 150400, 0, 0, 0
5349, 56960, 1, 0, 0
5449, 147840, 0, 0, 0
5449, 53760, 1, 0, 0
5549, 137600, 0, 0, 0
5549, 61440, 1, 0, 0
5649, 127360, 0, 0, 0
5649, 64000, 1, 0, 0
5750, 122880, 0, 0, 0
5750, 67200, 1, 0, 0
5850, 131200, 0, 0, 0
5850, 61440, 1, 0, 0
5950, 138880, 0, 0, 0
5950, 62080, 1, 0, 0
6050, 136960, 0, 0, 0
6050, 62080, 1, 0, 0
6150, 123520, 0, 0, 0
6150, 71680, 1, 0, 0
6249, 143515, 0, 0, 0
6249, 58181, 1, 0, 0
6349, 133760, 0, 0, 0
6349, 60800, 1, 0, 0
6449, 133760, 0, 0, 0
6449, 64640, 1, 0, 0
6550, 131840, 0, 0, 0
6550, 60160, 1, 0, 0
6650, 129920, 0, 0, 0
6650, 60160, 1, 0, 0
6749, 133171, 0, 0, 0
6749, 57535, 1, 0, 0
6849, 135040, 0, 0, 0
6849, 59520, 1, 0, 0
6949, 135680, 0, 0, 0
6949, 60800, 1, 0, 0
7049, 144640, 0, 0, 0
7049, 63360, 1, 0, 0
7149, 142720, 0, 0, 0
7149, 55680, 1, 0, 0
7249, 136320, 0, 0, 0
7249, 65280, 1, 0, 0
7349, 128000, 0, 0, 0
7349, 63360, 1, 0, 0
7450, 134400, 0, 0, 0
7450, 61440, 1, 0, 0
7550, 131840, 0, 0, 0
7550, 63360, 1, 0, 0
7650, 138240, 0, 0, 0
7650, 62720, 1, 0, 0
7749, 137050, 0, 0, 0
7749, 59474, 1, 0, 0
7849, 144000, 0, 0, 0
7849, 55040, 1, 0, 0
7949, 145280, 0, 0, 0
7949, 57600, 1, 0, 0
8049, 140800, 0, 0, 0
8049, 60800, 1, 0, 0
8149, 141440, 0, 0, 0
8149, 59520, 1, 0, 0
8249, 146560, 0, 0, 0
8249, 53120, 1, 0, 0
8349, 149760, 0, 0, 0
8349, 53760, 1, 0, 0
8449, 139520, 0, 0, 0
8449, 59520, 1, 0, 0
8550, 149120, 0, 0, 0
8550, 57600, 1, 0, 0
8650, 151680, 0, 0, 0
8650, 53120, 1, 0, 0
8749, 135111, 0, 0, 0
8749, 60121, 1, 0, 0
8849, 138240, 0, 0, 0
8849, 62080, 1, 0, 0
8949, 134400, 0, 0, 0
8949, 62080, 1, 0, 0
9049, 134400, 0, 0, 0
9049, 63360, 1, 0, 0
9149, 138880, 0, 0, 0
9149, 53120, 1, 0, 0
9249, 145920, 0, 0, 0
9249, 57600, 1, 0, 0
9349, 131840, 0, 0, 0
9349, 61440, 1, 0, 0
9449, 142080, 0, 0, 0
9449, 63360, 1, 0, 0
9550, 138880, 0, 0, 0
9550, 57600, 1, 0, 0
9650, 146560, 0, 0, 0
9650, 57600, 1, 0, 0
9749, 138989, 0, 0, 0
9749, 58828, 1, 0, 0
9849, 128000, 0, 0, 0
9849, 67200, 1, 0, 0
9949, 147840, 0, 0, 0
9949, 55040, 1, 0, 0
10049, 136960, 0, 0, 0
10049, 62720, 1, 0, 0
10149, 126720, 0, 0, 0
10149, 65920, 1, 0, 0
10249, 130560, 0, 0, 0
10249, 65280, 1, 0, 0
10350, 130560, 0, 0, 0
10350, 56320, 1, 0, 0
10450, 140160, 0, 0, 0
10450, 53120, 1, 0, 0
10550, 144640, 0, 0, 0
10550, 55040, 1, 0, 0
10650, 144640, 0, 0, 0
10650, 55680, 1, 0, 0
10749, 149979, 0, 0, 0
10749, 56888, 1, 0, 0
10849, 136960, 0, 0, 0
10849, 61440, 1, 0, 0
10949, 146560, 0, 0, 0
10949, 54400, 1, 0, 0
11049, 117760, 0, 0, 0
11049, 65920, 1, 0, 0
11150, 143360, 0, 0, 0
11150, 55680, 1, 0, 0
11250, 137600, 0, 0, 0
11250, 58880, 1, 0, 0
11350, 145280, 0, 0, 0
11350, 52480, 1, 0, 0
11450, 130560, 0, 0, 0
11450, 57600, 1, 0, 0
11550, 137600, 0, 0, 0
11550, 57600, 1, 0, 0
11650, 129280, 0, 0, 0
11650, 65280, 1, 0, 0
11749, 144808, 0, 0, 0
11749, 56888, 1, 0, 0
11849, 144000, 0, 0, 0
11849, 56320, 1, 0, 0
11949, 136320, 0, 0, 0
11949, 60800, 1, 0, 0
12050, 121600, 0, 0, 0
12050, 68480, 1, 0, 0
12150, 139520, 0, 0, 0
12150, 57600, 1, 0, 0
12249, 151272, 0, 0, 0
12249, 50424, 1, 0, 0
12349, 134400, 0, 0, 0
12349, 59520, 1, 0, 0
12449, 135040, 0, 0, 0
12449, 61440, 1, 0, 0
12549, 131200, 0, 0, 0
12549, 60160, 1, 0, 0
12649, 145920, 0, 0, 0
12649, 54400, 1, 0, 0
12749, 142720, 0, 0, 0
12749, 51840, 1, 0, 0
12849, 131840, 0, 0, 0
12849, 61440, 1, 0, 0
12949, 140160, 0, 0, 0
12949, 60160, 1, 0, 0
13050, 130560, 0, 0, 0
13050, 60800, 1, 0, 0
13150, 136320, 0, 0, 0
13150, 60800, 1, 0, 0
13249, 135757, 0, 0, 0
13249, 62060, 1, 0, 0
13349, 131840, 0, 0, 0
13349, 62720, 1, 0, 0
13449, 143360, 0, 0, 0
13449, 56960, 1, 0, 0
13549, 145280, 0, 0, 0
13549, 54400, 1, 0, 0
13649, 146560, 0, 0, 0
13649, 54400, 1, 0, 0
13749, 135040, 0, 0, 0
13749, 60160, 1, 0, 0
13850, 126080, 0, 0, 0
13850, 68480, 1, 0, 0
13950, 133760, 0, 0, 0
13950, 62080, 1, 0, 0
14050, 140160, 0, 0, 0
14050, 60160, 1, 0, 0
14150, 151040, 0, 0, 0
14150, 53120, 1, 0, 0
14249, 162909, 0, 0, 0
14249, 51070, 1, 0, 0
14349, 147840, 0, 0, 0
14349, 51840, 1, 0, 0
14449, 138880, 0, 0, 0
14449, 54400, 1, 0, 0
14549, 152960, 0, 0, 0
14549, 55680, 1, 0, 0
14649, 136320, 0, 0, 0
14649, 58240, 1, 0, 0
14749, 136320, 0, 0, 0
14749, 62720, 1, 0, 0
14850, 136960, 0, 0, 0
14850, 60800, 1, 0, 0
14950, 141440, 0, 0, 0
14950, 56960, 1, 0, 0
15050, 156160, 0, 0, 0
15050, 52480, 1, 0, 0
15150, 139520, 0, 0, 0
15150, 56960, 1, 0, 0
15249, 146101, 0, 0, 0
15249, 54949, 1, 0, 0
15349, 133760, 0, 0, 0
15349, 58880, 1, 0, 0
15449, 129280, 0, 0, 0
15449, 59520, 1, 0, 0
15549, 135680, 0, 0, 0
15549, 64000, 1, 0, 0
15649, 144000, 0, 0, 0
15649, 53120, 1, 0, 0
15750, 152960, 0, 0, 0
15750, 53120, 1, 0, 0
15850, 127360, 0, 0, 0
15850, 63360, 1, 0, 0
15950, 124160, 0, 0, 0
15950, 67200, 1, 0, 0
16050, 142720, 0, 0, 0
16050, 58240, 1, 0, 0
16150, 145280, 0, 0, 0
16150, 57600, 1, 0, 0
16249, 133171, 0, 0, 0
16249, 61414, 1, 0, 0
16349, 129920, 0, 0, 0
16349, 58880, 1, 0, 0
16449, 136960, 0, 0, 0
16449, 59520, 1, 0, 0
16549, 136960, 0, 0, 0
16549, 59520, 1, 0, 0
16649, 140160, 0, 0, 0
16649, 55040, 1, 0, 0
16749, 133120, 0, 0, 0
16749, 60160, 1, 0, 0
16850, 130560, 0, 0, 0
16850, 63360, 1, 0, 0
16950, 130560, 0, 0, 0
16950, 60800, 1, 0, 0
17050, 151040, 0, 0, 0
17050, 55040, 1, 0, 0
17150, 145280, 0, 0, 0
17150, 56960, 1, 0, 0
17249, 131878, 0, 0, 0
17249, 60767, 1, 0, 0
17349, 133120, 0, 0, 0
17349, 62720, 1, 0, 0
17449, 138880, 0, 0, 0
17449, 58240, 1, 0, 0
17549, 133120, 0, 0, 0
17549, 64640, 1, 0, 0
17649, 122240, 0, 0, 0
17649, 70400, 1, 0, 0
17749, 128640, 0, 0, 0
17749, 66560, 1, 0, 0
17849, 140160, 0, 0, 0
17849, 58240, 1, 0, 0
17950, 122880, 0, 0, 0
17950, 66560, 1, 0, 0
18050, 136960, 0, 0, 0
18050, 58880, 1, 0, 0
18150, 128000, 0, 0, 0
18150, 58240, 1, 0, 0
18249, 137050, 0, 0, 0
18249, 59474, 1, 0, 0
18349, 133120, 0, 0, 0
18349, 64000, 1, 0, 0
18449, 143360, 0, 0, 0
18449, 57600, 1, 0, 0
18549, 147840, 0, 0, 0
18549, 54400, 1, 0, 0
18649, 125440, 0, 0, 0
18649, 62080, 1, 0, 0
18749, 122880, 0, 0, 0
18749, 66560, 1, 0, 0
18850, 145920, 0, 0, 0
18850, 56320, 1, 0, 0
18950, 131200, 0, 0, 0
18950, 61440, 1, 0, 0
19050, 124800, 0, 0, 0
19050, 63360, 1, 0, 0
19150, 131840, 0, 0, 0
19150, 64000, 1, 0, 0
19249, 157737, 0, 0, 0
19249, 51717, 1, 0, 0
19349, 147840, 0, 0, 0
19349, 54400, 1, 0, 0
19449, 129920, 0, 0, 0
19449, 63360, 1, 0, 0
19549, 136960, 0, 0, 0
19549, 60800, 1, 0, 0
19650, 144000, 0, 0, 0
19650, 60800, 1, 0, 0
19749, 146747, 0, 0, 0
19749, 60121, 1, 0, 0
19849, 147200, 0, 0, 0
19849, 55040, 1, 0, 0
19949, 144640, 0, 0, 0
19949, 53760, 1, 0, 0
20049, 129920, 0, 0, 0
20049, 63360, 1, 0, 0
20149, 130560, 0, 0, 0
20149, 64640, 1, 0, 0
20249, 156800, 0, 0, 0
20249, 51840, 1, 0, 0
20349, 135680, 0, 0, 0
20349, 61440, 1, 0, 0
20449, 136320, 0, 0, 0
20449, 54400, 1, 0, 0
20550, 131200, 0, 0, 0
20550, 62720, 1, 0, 0
20650, 144640, 0, 0, 0
20650, 57600, 1, 0, 0
20749, 148686, 0, 0, 0
20749, 56888, 1, 0, 0
20849, 142720, 0, 0, 0
20849, 60800, 1, 0, 0
20949, 120320, 0, 0, 0
20949, 61440, 1, 0, 0
21049, 140800, 0, 0, 0
21049, 61440, 1, 0, 0
21149, 128640, 0, 0, 0
21149, 65920, 1, 0, 0
21250, 144000, 0, 0, 0
21250, 58240, 1, 0, 0
21350, 124160, 0, 0, 0
21350, 59520, 1, 0, 0
21450, 136320, 0, 0, 0
21450, 62720, 1, 0, 0
21550, 144640, 0, 0, 0
21550, 56320, 1, 0, 0
21650, 163200, 0, 0, 0
21650, 48640, 1, 0, 0
21749, 139636, 0, 0, 0
21749, 60767, 1, 0, 0
21849, 147840, 0, 0, 0
21849, 53760, 1, 0, 0
21949, 129920, 0, 0, 0
21949, 68480, 1, 0, 0
22049, 141440, 0, 0, 0
22049, 60160, 1, 0, 0
22149, 143360, 0, 0, 0
22149, 55040, 1, 0, 0
22250, 156800, 0, 0, 0
22250, 54400, 1, 0, 0
22350, 144000, 0, 0, 0
22350, 58240, 1, 0, 0
22450, 151680, 0, 0, 0
22450, 49280, 1, 0, 0
22550, 135680, 0, 0, 0
22550, 58880, 1, 0, 0
22650, 138240, 0, 0, 0
22650, 59520, 1, 0, 0
22749, 147393, 0, 0, 0
22749, 56242, 1, 0, 0
22849, 144640, 0, 0, 0
22849, 61440, 1, 0, 0
22949, 150400, 0, 0, 0
22949, 62720, 1, 0, 0
23049, 136320, 0, 0, 0
23049, 63360, 1, 0, 0
23150, 140800, 0, 0, 0
23150, 60800, 1, 0, 0
23250, 132480, 0, 0, 0
23250, 65280, 1, 0, 0
23350, 135680, 0, 0, 0
23350, 64640, 1, 0, 0
23450, 148480, 0, 0, 0
23450, 56960, 1, 0, 0
23550, 129280, 0, 0, 0
23550, 60800, 1, 0, 0
23650, 134400, 0, 0, 0
23650, 62720, 1, 0, 0
23749, 131878, 0, 0, 0
23749, 59474, 1, 0, 0
23849, 135680, 0, 0, 0
23849, 64000, 1, 0, 0
23949, 149760, 0, 0, 0
23949, 55680, 1, 0, 0
24050, 139520, 0, 0, 0
24050, 60160, 1, 0, 0
24150, 152960, 0, 0, 0
24150, 55680, 1, 0, 0
24249, 138989, 0, 0, 0
24249, 61414, 1, 0, 0
24349, 144000, 0, 0, 0
24349, 55680, 1, 0, 0
24449, 135040, 0, 0, 0
24449, 60160, 1, 0, 0
24549, 130560, 0, 0, 0
24549, 60800, 1, 0, 0
24649, 135680, 0, 0, 0
24649, 59520, 1, 0, 0
24749, 117120, 0, 0, 0
24749, 66560, 1, 0, 0
24849, 142720, 0, 0, 0
24849, 53120, 1, 0, 0
24949, 136960, 0, 0, 0
24949, 59520, 1, 0, 0
25050, 138240, 0, 0, 0
25050, 60800, 1, 0, 0
25150, 141440, 0, 0, 0
25150, 56960, 1, 0, 0
25249, 125414, 0, 0, 0
25249, 60121, 1, 0, 0
25349, 118400, 0, 0, 0
25349, 66560, 1, 0, 0
25449, 128640, 0, 0, 0
25449, 62720, 1, 0, 0
25549, 128640, 0, 0, 0
25549, 62080, 1, 0, 0
25649, 132480, 0, 0, 0
25649, 64640, 1, 0, 0
25750, 135680, 0, 0, 0
25750, 57600, 1, 0, 0
25850, 135680, 0, 0, 0
25850, 58240, 1, 0, 0
25950, 150400, 0, 0, 0
25950, 53760, 1, 0, 0
26050, 145920, 0, 0, 0
26050, 54400, 1, 0, 0
26150, 124160, 0, 0, 0
26150, 62080, 1, 0, 0
26250, 123474, 0, 0, 0
26250, 62707, 1, 0, 0
26350, 129920, 0, 0, 0
26350, 65920, 1, 0, 0
26450, 147200, 0, 0, 0
26450, 53760, 1, 0, 0
26550, 147200, 0, 0, 0
26550, 55040, 1, 0, 0
26650, 136320, 0, 0, 0
26650, 59520, 1, 0, 0
26749, 137696, 0, 0, 0
26749, 56242, 1, 0, 0
26849, 131840, 0, 0, 0
26849, 62720, 1, 0, 0
26949, 149120, 0, 0, 0
26949, 58240, 1, 0, 0
27050, 135680, 0, 0, 0
27050, 59520, 1, 0, 0
27150, 144000, 0, 0, 0
27150, 58880, 1, 0, 0
27250, 145280, 0, 0, 0
27250, 55040, 1, 0, 0
27350, 124800, 0, 0, 0
27350, 64000, 1, 0, 0
27451, 132480, 0, 0, 0
27451, 62080, 1, 0, 0
27551, 150400, 0, 0, 0
27551, 51840, 1, 0, 0
27651, 139520, 0, 0, 0
27651, 58880, 1, 0, 0
27750, 144808, 0, 0, 0
27750, 58828, 1, 0, 0
27850, 145920, 0, 0, 0
27850, 55040, 1, 0, 0
27950, 151680, 0, 0, 0
27950, 53120, 1, 0, 0
28050, 122240, 0, 0, 0
28050, 67200, 1, 0, 0
28150, 140160, 0, 0, 0
28150, 56320, 1, 0, 0
28250, 136960, 0, 0, 0
28250, 64000, 1, 0, 0
28351, 147840, 0, 0, 0
28351, 54400, 1, 0, 0
28451, 142720, 0, 0, 0
28451, 58240, 1, 0, 0
28551, 142080, 0, 0, 0
28551, 57600, 1, 0, 0
28651, 135680, 0, 0, 0
28651, 53120, 1, 0, 0
28750, 146747, 0, 0, 0
28750, 56242, 1, 0, 0
28850, 131840, 0, 0, 0
28850, 60800, 1, 0, 0
28950, 135040, 0, 0, 0
28950, 59520, 1, 0, 0
29050, 135040, 0, 0, 0
29050, 60800, 1, 0, 0
29150, 127360, 0, 0, 0
29150, 63360, 1, 0, 0
29250, 154240, 0, 0, 0
29250, 55040, 1, 0, 0
29350, 136960, 0, 0, 0
29350, 55680, 1, 0, 0
29451, 155520, 0, 0, 0
29451, 55040, 1, 0, 0
29551, 149120, 0, 0, 0
29551, 53760, 1, 0, 0
29651, 145280, 0, 0, 0
29651, 56320, 1, 0, 0
29750, 128000, 0, 0, 0
29750, 65939, 1, 0, 0
29850, 138880, 0, 0, 0
29850, 55040, 1, 0, 0
29950, 140160, 0, 0, 0
29950, 60800, 1, 0, 0
30050, 152320, 0, 0, 0
30050, 55680, 1, 0, 0
30150, 142720, 0, 0, 0
30150, 59520, 1, 0, 0
30250, 134400, 0, 0, 0
30250, 64000, 1, 0, 0
30350, 126080, 0, 0, 0
30350, 64640, 1, 0, 0
30450, 134400, 0, 0, 0
30450, 65920, 1, 0, 0
30551, 139520, 0, 0, 0
30551, 63360, 1, 0, 0
30651, 138880, 0, 0, 0
30651, 56960, 1, 0, 0
30750, 125414, 0, 0, 0
30750, 61414, 1, 0, 0
30850, 131200, 0, 0, 0
30850, 63360, 1, 0, 0
30950, 130560, 0, 0, 0
30950, 62080, 1, 0, 0
31050, 145920, 0, 0, 0
31050, 54400, 1, 0, 0
31150, 133120, 0, 0, 0
31150, 58240, 1, 0, 0
31250, 141440, 0, 0, 0
31250, 56320, 1, 0, 0
31350, 133120, 0, 0, 0
31350, 60800, 1, 0, 0
31451, 132480, 0, 0, 0
31451, 65920, 1, 0, 0
31551, 135040, 0, 0, 0
31551, 58880, 1, 0, 0
31651, 146560, 0, 0, 0
31651, 56960, 1, 0, 0
31750, 151272, 0, 0, 0
31750, 53010, 1, 0, 0
31850, 145920, 0, 0, 0
31850, 58240, 1, 0, 0
31950, 144000, 0, 0, 0
31950, 55040, 1, 0, 0
32050, 144640, 0, 0, 0
32050, 55680, 1, 0, 0
32150, 134400, 0, 0, 0
32150, 58240, 1, 0, 0
32251, 128640, 0, 0, 0
32251, 65280, 1, 0, 0
32351, 122880, 0, 0, 0
32351, 66560, 1, 0, 0
32451, 144000, 0, 0, 0
32451, 55680, 1, 0, 0
32551, 140800, 0, 0, 0
32551, 55040, 1, 0, 0
32651, 129280, 0, 0, 0
32651, 64640, 1, 0, 0
32750, 142868, 0, 0, 0
32750, 56888, 1, 0, 0
32850, 117760, 0, 0, 0
32850, 67840, 1, 0, 0
32950, 142720, 0, 0, 0
32950, 58880, 1, 0, 0
33050, 142080, 0, 0, 0
33050, 53760, 1, 0, 0
33151, 145280, 0, 0, 0
33151, 58240, 1, 0, 0
33251, 129920, 0, 0, 0
33251, 62080, 1, 0, 0
33351, 128640, 0, 0, 0
33351, 66560, 1, 0, 0
33451, 125440, 0, 0, 0
33451, 65920, 1, 0, 0
33551, 128000, 0, 0, 0
33551, 70400, 1, 0, 0
33651, 126720, 0, 0, 0
33651, 67840, 1, 0, 0
33750, 148040, 0, 0, 0
33750, 52363, 1, 0, 0
33851, 149760, 0, 0, 0
33851, 51840, 1, 0, 0
33951, 147840, 0, 0, 0
33951, 55680, 1, 0, 0
34051, 136320, 0, 0, 0
34051, 59520, 1, 0, 0
34151, 136320, 0, 0, 0
34151, 58880, 1, 0, 0
34250, 125414, 0, 0, 0
34250, 60121, 1, 0, 0
34350, 145920, 0, 0, 0
34350, 51200, 1, 0, 0
34450, 143360, 0, 0, 0
34450, 52480, 1, 0, 0
34550, 125440, 0, 0, 0
34550, 65920, 1, 0, 0
34650, 140800, 0, 0, 0
34650, 57600, 1, 0, 0
34751, 143360, 0, 0, 0
34751, 51200, 1, 0, 0
34851, 135680, 0, 0, 0
34851, 62080, 1, 0, 0
34951, 132480, 0, 0, 0
34951, 62720, 1, 0, 0
35051, 147200, 0, 0, 0
35051, 53120, 1, 0, 0
35151, 145920, 0, 0, 0
35151, 52480, 1, 0, 0
35250, 138989, 0, 0, 0
35250, 59474, 1, 0, 0
35350, 123520, 0, 0, 0
35350, 64000, 1, 0, 0
35450, 139520, 0, 0, 0
35450, 54400, 1, 0, 0
35550, 132480, 0, 0, 0
35550, 64000, 1, 0, 0
35650, 127360, 0, 0, 0
35650, 63360, 1, 0, 0
35751, 135680, 0, 0, 0
35751, 60800, 1, 0, 0
35851, 140800, 0, 0, 0
35851, 61440, 1, 0, 0
35951, 156160, 0, 0, 0
35951, 51840, 1, 0, 0
36051, 133760, 0, 0, 0
36051, 56960, 1, 0, 0
36151, 138240, 0, 0, 0
36151, 58240, 1, 0, 0
36250, 141575, 0, 0, 0
36250, 54303, 1, 0, 0
36350, 145280, 0, 0, 0
36350, 56960, 1, 0, 0
36450, 135680, 0, 0, 0
36450, 56320, 1, 0, 0
36550, 142080, 0, 0, 0
36550, 59520, 1, 0, 0
36651, 140800, 0, 0, 0
36651, 56960, 1, 0, 0
36751, 146560, 0, 0, 0
36751, 57600, 1, 0, 0
36851, 138880, 0, 0, 0
36851, 63360, 1, 0, 0
36952, 128640, 0, 0, 0
36952, 65920, 1, 0, 0
37052, 150400, 0, 0, 0
37052, 53760, 1, 0, 0
37152, 145280, 0, 0, 0
37152, 53120, 1, 0, 0
37252, 133120, 0, 0, 0
37252, 58880, 1, 0, 0
37352, 138880, 0, 0, 0
37352, 56960, 1, 0, 0
37452, 136960, 0, 0, 0
37452, 55680, 1, 0, 0
37552, 129920, 0, 0, 0
37552, 62720, 1, 0, 0
37652, 144640, 0, 0, 0
37652, 54400, 1, 0, 0
37753, 145280, 0, 0, 0
37753, 58240, 1, 0, 0
37853, 143360, 0, 0, 0
37853, 54400, 1, 0, 0
37953, 128000, 0, 0, 0
37953, 59520, 1, 0, 0
38053, 139520, 0, 0, 0
38053, 60160, 1, 0, 0
38153, 137600, 0, 0, 0
38153, 57600, 1, 0, 0
38253, 133120, 0, 0, 0
38253, 55040, 1, 0, 0
38353, 142720, 0, 0, 0
38353, 55680, 1, 0, 0
38453, 129280, 0, 0, 0
38453, 68480, 1, 0, 0
38553, 126720, 0, 0, 0
38553, 66560, 1, 0, 0
38654, 138240, 0, 0, 0
38654, 59520, 1, 0, 0
38754, 128000, 0, 0, 0
38754, 62720, 1, 0, 0
38854, 142080, 0, 0, 0
38854, 57600, 1, 0, 0
38954, 133120, 0, 0, 0
38954, 60800, 1, 0, 0
39054, 160000, 0, 0, 0
39054, 49280, 1, 0, 0
39154, 138240, 0, 0, 0
39154, 56320, 1, 0, 0
39254, 146560, 0, 0, 0
39254, 56320, 1, 0, 0
39354, 124800, 0, 0, 0
39354, 65920, 1, 0, 0
39454, 142720, 0, 0, 0
39454, 55040, 1, 0, 0
39555, 142720, 0, 0, 0
39555, 57600, 1, 0, 0
39655, 152960, 0, 0, 0
39655, 53120, 1, 0, 0
39755, 126080, 0, 0, 0
39755, 68480, 1, 0, 0
39855, 126080, 0, 0, 0
39855, 71040, 1, 0, 0
39955, 136960, 0, 0, 0
39955, 56320, 1, 0, 0
40055, 136320, 0, 0, 0
40055, 61440, 1, 0, 0
40155, 135680, 0, 0, 0
40155, 62080, 1, 0, 0
40255, 138240, 0, 0, 0
40255, 63360, 1, 0, 0
40355, 131200, 0, 0, 0
40355, 60800, 1, 0, 0
40455, 133120, 0, 0, 0
40455, 64640, 1, 0, 0
40556, 138880, 0, 0, 0
40556, 60160, 1, 0, 0
40656, 146560, 0, 0, 0
40656, 59520, 1, 0, 0
40756, 129920, 0, 0, 0
40756, 64640, 1, 0, 0
40856, 150400, 0, 0, 0
40856, 53120, 1, 0, 0
40956, 133120, 0, 0, 0
40956, 62720, 1, 0, 0
41056, 130560, 0, 0, 0
41056, 60800, 1, 0, 0
41156, 144640, 0, 0, 0
41156, 63360, 1, 0, 0
41256, 132480, 0, 0, 0
41256, 62720, 1, 0, 0
41356, 130560, 0, 0, 0
41356, 65280, 1, 0, 0
41456, 131200, 0, 0, 0
41456, 63360, 1, 0, 0
41557, 146560, 0, 0, 0
41557, 54400, 1, 0, 0
41657, 149120, 0, 0, 0
41657, 49280, 1, 0, 0
41757, 138240, 0, 0, 0
41757, 59520, 1, 0, 0
41857, 138880, 0, 0, 0
41857, 63360, 1, 0, 0
41957, 133760, 0, 0, 0
41957, 65280, 1, 0, 0
42057, 156160, 0, 0, 0
42057, 52480, 1, 0, 0
42157, 129920, 0, 0, 0
42157, 59520, 1, 0, 0
42258, 141440, 0, 0, 0
42258, 59520, 1, 0, 0
42358, 126720, 0, 0, 0
42358, 62080, 1, 0, 0
42458, 140800, 0, 0, 0
42458, 58240, 1, 0, 0
42558, 143360, 0, 0, 0
42558, 56960, 1, 0, 0
42658, 133120, 0, 0, 0
42658, 60800, 1, 0, 0
42758, 144640, 0, 0, 0
42758, 51840, 1, 0, 0
42859, 128000, 0, 0, 0
42859, 62720, 1, 0, 0
42959, 131200, 0, 0, 0
42959, 67840, 1, 0, 0
43059, 138880, 0, 0, 0
43059, 60800, 1, 0, 0
43159, 147840, 0, 0, 0
43159, 53760, 1, 0, 0
43259, 138240, 0, 0, 0
43259, 63360, 1, 0, 0
43359, 143360, 0, 0, 0
43359, 58880, 1, 0, 0
43459, 134400, 0, 0, 0
43459, 60160, 1, 0, 0
43559, 144640, 0, 0, 0
43559, 54400, 1, 0, 0
43660, 137600, 0, 0, 0
43660, 63360, 1, 0, 0
43760, 130560, 0, 0, 0
43760, 67840, 1, 0, 0
43860, 135040, 0, 0, 0
43860, 65280, 1, 0, 0
43960, 136320, 0, 0, 0
43960, 63360, 1, 0, 0
44060, 130560, 0, 0, 0
44060, 62720, 1, 0, 0
44160, 136960, 0, 0, 0
44160, 61440, 1, 0, 0
44260, 146560, 0, 0, 0
44260, 58240, 1, 0, 0
44360, 140160, 0, 0, 0
44360, 62720, 1, 0, 0
44460, 138880, 0, 0, 0
44460, 60160, 1, 0, 0
44561, 132480, 0, 0, 0
44561, 59520, 1, 0, 0
44661, 143360, 0, 0, 0
44661, 57600, 1, 0, 0
44761, 136960, 0, 0, 0
44761, 62720, 1, 0, 0
44861, 142720, 0, 0, 0
44861, 56960, 1, 0, 0
44961, 145920, 0, 0, 0
44961, 59520, 1, 0, 0
45062, 139520, 0, 0, 0
45062, 60800, 1, 0, 0
45162, 132480, 0, 0, 0
45162, 62080, 1, 0, 0
45262, 150400, 0, 0, 0
45262, 56960, 1, 0, 0
45362, 140160, 0, 0, 0
45362, 57600, 1, 0, 0
45462, 135040, 0, 0, 0
45462, 57600, 1, 0, 0
45562, 136960, 0, 0, 0
45562, 57600, 1, 0, 0
45662, 142080, 0, 0, 0
45662, 52480, 1, 0, 0
45763, 133120, 0, 0, 0
45763, 60160, 1, 0, 0
45863, 126080, 0, 0, 0
45863, 67200, 1, 0, 0
45963, 125440, 0, 0, 0
45963, 60160, 1, 0, 0
46063, 125440, 0, 0, 0
46063, 64000, 1, 0, 0
46163, 134400, 0, 0, 0
46163, 66560, 1, 0, 0
46263, 140800, 0, 0, 0
46263, 57600, 1, 0, 0
46363, 145280, 0, 0, 0
46363, 51840, 1, 0, 0
46463, 141440, 0, 0, 0
46463, 56320, 1, 0, 0
46563, 145280, 0, 0, 0
46563, 56960, 1, 0, 0
46664, 137600, 0, 0, 0
46664, 58880, 1, 0, 0
46764, 132480, 0, 0, 0
46764, 60160, 1, 0, 0
46864, 145920, 0, 0, 0
46864, 56320, 1, 0, 0
46964, 130560, 0, 0, 0
46964, 69120, 1, 0, 0
47064, 138880, 0, 0, 0
47064, 61440, 1, 0, 0
47164, 123520, 0, 0, 0
47164, 63360, 1, 0, 0
47265, 129920, 0, 0, 0
47265, 65280, 1, 0, 0
47365, 146560, 0, 0, 0
47365, 53760, 1, 0, 0
47465, 132480, 0, 0, 0
47465, 62720, 1, 0, 0
47565, 140800, 0, 0, 0
47565, 57600, 1, 0, 0
47665, 141440, 0, 0, 0
47665, 58880, 1, 0, 0
47765, 135680, 0, 0, 0
47765, 59520, 1, 0, 0
47865, 140160, 0, 0, 0
47865, 64640, 1, 0, 0
47965, 129920, 0, 0, 0
47965, 68480, 1, 0, 0
48065, 122240, 0, 0, 0
48065, 63360, 1, 0, 0
48165, 140800, 0, 0, 0
48165, 58240, 1, 0, 0
48266, 141440, 0, 0, 0
48266, 62720, 1, 0, 0
48366, 140800, 0, 0, 0
48366, 60800, 1, 0, 0
48466, 138240, 0, 0, 0
48466, 57600, 1, 0, 0
48566, 138240, 0, 0, 0
48566, 61440, 1, 0, 0
48666, 136320, 0, 0, 0
48666, 61440, 1, 0, 0
48766, 145280, 0, 0, 0
48766, 58240, 1, 0, 0
48866, 151680, 0, 0, 0
48866, 53760, 1, 0, 0
48967, 143360, 0, 0, 0
48967, 57600, 1, 0, 0
49067, 137600, 0, 0, 0
49067, 60800, 1, 0, 0
49167, 151040, 0, 0, 0
49167, 51200, 1, 0, 0
49267, 140800, 0, 0, 0
49267, 56320, 1, 0, 0
49367, 142080, 0, 0, 0
49367, 58880, 1, 0, 0
49467, 136320, 0, 0, 0
49467, 53760, 1, 0, 0
49567, 129280, 0, 0, 0
49567, 64640, 1, 0, 0
49668, 137600, 0, 0, 0
49668, 55040, 1, 0, 0
49768, 133120, 0, 0, 0
49768, 64000, 1, 0, 0
49868, 128640, 0, 0, 0
49868, 60800, 1, 0, 0
49968, 129920, 0, 0, 0
49968, 67200, 1, 0, 0
50068, 119680, 0, 0, 0
50068, 64640, 1, 0, 0
50168, 144000, 0, 0, 0
50168, 58880, 1, 0, 0
50268, 137600, 0, 0, 0
50268, 57600, 1, 0, 0
50368, 132480, 0, 0, 0
50368, 63360, 1, 0, 0
50468, 131200, 0, 0, 0
50468, 65280, 1, 0, 0
50569, 137600, 0, 0, 0
50569, 53760, 1, 0, 0
50669, 126080, 0, 0, 0
50669, 67840, 1, 0, 0
50769, 126080, 0, 0, 0
50769, 64000, 1, 0, 0
50869, 149760, 0, 0, 0
50869, 55680, 1, 0, 0
50969, 138880, 0, 0, 0
50969, 58240, 1, 0, 0
51069, 142720, 0, 0, 0
51069, 53120, 1, 0, 0
51169, 128000, 0, 0, 0
51169, 63360, 1, 0, 0
51270, 129280, 0, 0, 0
51270, 63360, 1, 0, 0
51370, 124160, 0, 0, 0
51370, 69760, 1, 0, 0
51470, 142080, 0, 0, 0
51470, 59520, 1, 0, 0
51570, 133760, 0, 0, 0
51570, 61440, 1, 0, 0
51670, 143360, 0, 0, 0
51670, 57600, 1, 0, 0
51770, 145920, 0, 0, 0
51770, 54400, 1, 0, 0
51870, 148480, 0, 0, 0
51870, 56320, 1, 0, 0
51970, 123520, 0, 0, 0
51970, 63360, 1, 0, 0
52071, 145280, 0, 0, 0
52071, 56960, 1, 0, 0
52171, 137600, 0, 0, 0
52171, 64000, 1, 0, 0
52271, 145920, 0, 0, 0
52271, 56960, 1, 0, 0
52371, 136960, 0, 0, 0
52371, 60160, 1, 0, 0
52471, 133760, 0, 0, 0
52471, 58880, 1, 0, 0
52571, 144640, 0, 0, 0
52571, 56320, 1, 0, 0
52671, 126720, 0, 0, 0
52671, 66560, 1, 0, 0
52771, 134400, 0, 0, 0
52771, 56960, 1, 0, 0
52872, 133760, 0, 0, 0
52872, 58240, 1, 0, 0
52972, 153600, 0, 0, 0
52972, 50560, 1, 0, 0
53072, 129920, 0, 0, 0
53072, 63360, 1, 0, 0
53172, 135680, 0, 0, 0
53172, 63360, 1, 0, 0
53272, 142720, 0, 0, 0
53272, 60160, 1, 0, 0
53372, 136960, 0, 0, 0
53372, 66560, 1, 0, 0
53472, 136320, 0, 0, 0
53472, 58880, 1, 0, 0
53572, 146560, 0, 0, 0
53572, 53760, 1, 0, 0
53672, 136960, 0, 0, 0
53672, 55680, 1, 0, 0
53772, 132480, 0, 0, 0
53772, 60800, 1, 0, 0
53873, 136960, 0, 0, 0
53873, 56320, 1, 0, 0
53973, 147200, 0, 0, 0
53973, 55680, 1, 0, 0
54073, 141440, 0, 0, 0
54073, 60800, 1, 0, 0
54173, 113280, 0, 0, 0
54173, 72960, 1, 0, 0
54273, 125440, 0, 0, 0
54273, 65920, 1, 0, 0
54373, 135040, 0, 0, 0
54373, 58240, 1, 0, 0
54473, 139520, 0, 0, 0
54473, 58880, 1, 0, 0
54573, 132480, 0, 0, 0
54573, 67840, 1, 0, 0
54673, 131840, 0, 0, 0
54673, 59520, 1, 0, 0
54773, 134400, 0, 0, 0
54773, 52480, 1, 0, 0
54874, 145280, 0, 0, 0
54874, 51200, 1, 0, 0
54974, 133760, 0, 0, 0
54974, 65280, 1, 0, 0
55074, 130560, 0, 0, 0
55074, 65280, 1, 0, 0
55174, 133120, 0, 0, 0
55174, 61440, 1, 0, 0
55274, 142720, 0, 0, 0
55274, 57600, 1, 0, 0
55374, 140160, 0, 0, 0
55374, 58240, 1, 0, 0
55474, 138240, 0, 0, 0
55474, 57600, 1, 0, 0
55574, 132480, 0, 0, 0
55574, 64000, 1, 0, 0
55674, 147840, 0, 0, 0
55674, 51840, 1, 0, 0
55774, 136960, 0, 0, 0
55774, 58240, 1, 0, 0
55874, 141440, 0, 0, 0
55874, 54400, 1, 0, 0
55975, 140160, 0, 0, 0
55975, 59520, 1, 0, 0
56075, 138880, 0, 0, 0
56075, 54400, 1, 0, 0
56175, 161920, 0, 0, 0
56175, 49280, 1, 0, 0
56275, 133760, 0, 0, 0
56275, 59520, 1, 0, 0
56375, 130560, 0, 0, 0
56375, 60160, 1, 0, 0
56475, 142080, 0, 0, 0
56475, 55680, 1, 0, 0
56575, 146560, 0, 0, 0
56575, 55040, 1, 0, 0
56675, 131200, 0, 0, 0
56675, 65920, 1, 0, 0
56776, 144000, 0, 0, 0
56776, 58880, 1, 0, 0
56876, 151040, 0, 0, 0
56876, 50560, 1, 0, 0
56976, 137600, 0, 0, 0
56976, 58240, 1, 0, 0
57076, 142080, 0, 0, 0
57076, 60160, 1, 0, 0
57176, 155520, 0, 0, 0
57176, 56960, 1, 0, 0
57276, 163840, 0, 0, 0
57276, 48000, 1, 0, 0
57376, 127360, 0, 0, 0
57376, 63360, 1, 0, 0
57476, 152320, 0, 0, 0
57476, 53120, 1, 0, 0
57577, 138880, 0, 0, 0
57577, 60800, 1, 0, 0
57677, 140800, 0, 0, 0
57677, 58880, 1, 0, 0
57777, 135680, 0, 0, 0
57777, 59520, 1, 0, 0
57877, 122240, 0, 0, 0
57877, 63360, 1, 0, 0
57977, 138880, 0, 0, 0
57977, 57600, 1, 0, 0
58077, 142720, 0, 0, 0
58077, 59520, 1, 0, 0
58177, 135040, 0, 0, 0
58177, 61440, 1, 0, 0
58277, 130560, 0, 0, 0
58277, 59520, 1, 0, 0
58377, 129280, 0, 0, 0
58377, 56320, 1, 0, 0
58478, 117760, 0, 0, 0
58478, 65920, 1, 0, 0
58578, 126720, 0, 0, 0
58578, 65920, 1, 0, 0
58678, 125440, 0, 0, 0
58678, 64000, 1, 0, 0
58778, 144000, 0, 0, 0
58778, 58880, 1, 0, 0
58878, 130560, 0, 0, 0
58878, 64000, 1, 0, 0
58978, 135680, 0, 0, 0
58978, 56960, 1, 0, 0
59078, 150400, 0, 0, 0
59078, 57600, 1, 0, 0
59178, 124800, 0, 0, 0
59178, 60160, 1, 0, 0
59279, 128640, 0, 0, 0
59279, 62720, 1, 0, 0
59379, 146560, 0, 0, 0
59379, 53120, 1, 0, 0
59479, 142720, 0, 0, 0
59479, 59520, 1, 0, 0
59579, 133120, 0, 0, 0
59579, 59520, 1, 0, 0
59679, 131200, 0, 0, 0
59679, 60160, 1, 0, 0
59779, 138240, 0, 0, 0
59779, 63360, 1, 0, 0
59879, 145280, 0, 0, 0
59879, 59520, 1, 0, 0
59979, 128640, 0, 0, 0
59979, 60160, 1, 0, 0
60079, 144640, 0, 0, 0
60079, 53120, 1, 0, 0
60179, 120320, 0, 0, 0
60179, 61440, 1, 0, 0
60280, 131840, 0, 0, 0
60280, 58880, 1, 0, 0
60380, 119680, 0, 0, 0
60380, 63360, 1, 0, 0
60480, 133120, 0, 0, 0
60480, 57600, 1, 0, 0
60580, 136960, 0, 0, 0
60580, 58240, 1, 0, 0
60680, 128000, 0, 0, 0
60680, 64640, 1, 0, 0
60780, 124160, 0, 0, 0
60780, 62080, 1, 0, 0
60880, 142720, 0, 0, 0
60880, 56320, 1, 0, 0
60980, 120960, 0, 0, 0
60980, 63360, 1, 0, 0
61081, 138240, 0, 0, 0
61081, 60160, 1, 0, 0
61181, 131840, 0, 0, 0
61181, 64000, 1, 0, 0
61281, 142080, 0, 0, 0
61281, 55680, 1, 0, 0
61381, 126080, 0, 0, 0
61381, 63360, 1, 0, 0
61481, 131200, 0, 0, 0
61481, 61440, 1, 0, 0
61581, 132480, 0, 0, 0
61581, 60800, 1, 0, 0
61681, 133120, 0, 0, 0
61681, 58880, 1, 0, 0
61781, 144640, 0, 0, 0
61781, 55680, 1, 0, 0
61881, 125440, 0, 0, 0
61881, 68480, 1, 0, 0
61981, 140160, 0, 0, 0
61981, 62080, 1, 0, 0
62082, 146560, 0, 0, 0
62082, 55680, 1, 0, 0
62182, 136960, 0, 0, 0
62182, 56960, 1, 0, 0
62282, 127360, 0, 0, 0
62282, 65280, 1, 0, 0
62382, 160000, 0, 0, 0
62382, 49280, 1, 0, 0
62482, 137600, 0, 0, 0
62482, 62080, 1, 0, 0
62582, 134400, 0, 0, 0
62582, 59520, 1, 0, 0
62682, 144640, 0, 0, 0
62682, 56960, 1, 0, 0
62782, 133760, 0, 0, 0
62782, 58880, 1, 0, 0
62882, 142720, 0, 0, 0
62882, 58240, 1, 0, 0
62983, 144000, 0, 0, 0
62983, 58880, 1, 0, 0
63083, 151040, 0, 0, 0
63083, 52480, 1, 0, 0
63183, 131840, 0, 0, 0
63183, 64000, 1, 0, 0
63283, 133120, 0, 0, 0
63283, 59520, 1, 0, 0
63383, 135680, 0, 0, 0
63383, 59520, 1, 0, 0
63483, 142080, 0, 0, 0
63483, 59520, 1, 0, 0
63583, 128000, 0, 0, 0
63583, 60800, 1, 0, 0
63683, 134400, 0, 0, 0
63683, 56960, 1, 0, 0
63783, 140800, 0, 0, 0
63783, 56320, 1, 0, 0
63884, 140160, 0, 0, 0
63884, 56320, 1, 0, 0
63984, 136960, 0, 0, 0
63984, 56960, 1, 0, 0
64084, 127360, 0, 0, 0
64084, 56960, 1, 0, 0
64184, 133760, 0, 0, 0
64184, 55040, 1, 0, 0
64284, 144640, 0, 0, 0
64284, 58880, 1, 0, 0
64384, 116480, 0, 0, 0
64384, 67200, 1, 0, 0
64484, 143360, 0, 0, 0
64484, 56320, 1, 0, 0
64584, 136960, 0, 0, 0
64584, 56960, 1, 0, 0
64684, 131840, 0, 0, 0
64684, 62080, 1, 0, 0
64784, 132480, 0, 0, 0
64784, 60800, 1, 0, 0
64885, 133120, 0, 0, 0
64885, 58240, 1, 0, 0
64985, 143360, 0, 0, 0
64985, 54400, 1, 0, 0
65085, 114560, 0, 0, 0
65085, 69760, 1, 0, 0
65185, 125440, 0, 0, 0
65185, 65280, 1, 0, 0
65285, 131840, 0, 0, 0
65285, 65280, 1, 0, 0
65385, 141440, 0, 0, 0
65385, 55680, 1, 0, 0
65485, 135680, 0, 0, 0
65485, 58240, 1, 0, 0
65585, 137600, 0, 0, 0
65585, 56960, 1, 0, 0
65685, 133760, 0, 0, 0
65685, 56960, 1, 0, 0
65786, 143360, 0, 0, 0
65786, 51200, 1, 0, 0
65886, 136960, 0, 0, 0
65886, 58240, 1, 0, 0
65986, 134400, 0, 0, 0
65986, 60160, 1, 0, 0
66086, 140800, 0, 0, 0
66086, 58880, 1, 0, 0
66186, 136320, 0, 0, 0
66186, 56320, 1, 0, 0
66286, 131200, 0, 0, 0
66286, 58240, 1, 0, 0
66386, 139520, 0, 0, 0
66386, 60800, 1, 0, 0
66486, 127360, 0, 0, 0
66486, 68480, 1, 0, 0
66586, 131840, 0, 0, 0
66586, 65280, 1, 0, 0
66686, 126080, 0, 0, 0
66686, 69120, 1, 0, 0
66787, 157440, 0, 0, 0
66787, 46720, 1, 0, 0
66887, 144640, 0, 0, 0
66887, 55680, 1, 0, 0
66987, 135680, 0, 0, 0
66987, 62080, 1, 0, 0
67087, 148480, 0, 0, 0
67087, 55680, 1, 0, 0
67187, 142720, 0, 0, 0
67187, 58240, 1, 0, 0
67288, 122880, 0, 0, 0
67288, 64640, 1, 0, 0
67388, 139520, 0, 0, 0
67388, 58880, 1, 0, 0
67488, 141440, 0, 0, 0
67488, 54400, 1, 0, 0
67588, 147200, 0, 0, 0
67588, 56320, 1, 0, 0
67688, 131200, 0, 0, 0
67688, 56960, 1, 0, 0
67788, 142720, 0, 0, 0
67788, 54400, 1, 0, 0
67888, 119680, 0, 0, 0
67888, 66560, 1, 0, 0
67988, 134400, 0, 0, 0
67988, 61440, 1, 0, 0
68088, 128640, 0, 0, 0
68088, 60800, 1, 0, 0
68189, 129920, 0, 0, 0
68189, 61440, 1, 0, 0
68289, 131840, 0, 0, 0
68289, 62720, 1, 0, 0
68389, 149760, 0, 0, 0
68389, 53760, 1, 0, 0
68489, 136960, 0, 0, 0
68489, 57600, 1, 0, 0
68589, 120960, 0, 0, 0
68589, 64640, 1, 0, 0
68689, 146560, 0, 0, 0
68689, 56960, 1, 0, 0
68789, 145920, 0, 0, 0
68789, 55040, 1, 0, 0
68889, 122880, 0, 0, 0
68889, 69120, 1, 0, 0
68990, 136320, 0, 0, 0
68990, 55040, 1, 0, 0
69090, 148480, 0, 0, 0
69090, 55040, 1, 0, 0
69190, 156160, 0, 0, 0
69190, 51840, 1, 0, 0
69290, 144000, 0, 0, 0
69290, 53760, 1, 0, 0
69390, 138880, 0, 0, 0
69390, 56320, 1, 0, 0
69490, 126080, 0, 0, 0
69490, 67200, 1, 0, 0
69590, 144640, 0, 0, 0
69590, 57600, 1, 0, 0
69690, 128000, 0, 0, 0
69690, 62720, 1, 0, 0
69790, 131840, 0, 0, 0
69790, 60160, 1, 0, 0
69890, 131840, 0, 0, 0
69890, 60800, 1, 0, 0
69991, 126080, 0, 0, 0
69991, 65280, 1, 0, 0
70091, 143360, 0, 0, 0
70091, 52480, 1, 0, 0
70191, 138880, 0, 0, 0
70191, 56960, 1, 0, 0
70291, 139520, 0, 0, 0
70291, 55680, 1, 0, 0
70391, 130560, 0, 0, 0
70391, 60160, 1, 0, 0
70491, 140160, 0, 0, 0
70491, 55040, 1, 0, 0
70591, 116480, 0, 0, 0
70591, 64640, 1, 0, 0
70691, 136320, 0, 0, 0
70691, 56960, 1, 0, 0
70792, 129280, 0, 0, 0
70792, 58880, 1, 0, 0
70892, 148480, 0, 0, 0
70892, 53120, 1, 0, 0
70992, 138880, 0, 0, 0
70992, 60160, 1, 0, 0
71092, 136320, 0, 0, 0
71092, 56960, 1, 0, 0
71192, 129920, 0, 0, 0
71192, 60160, 1, 0, 0
71292, 131200, 0, 0, 0
71292, 60800, 1, 0, 0
71392, 131200, 0, 0, 0
71392, 62720, 1, 0, 0
71493, 140800, 0, 0, 0
71493, 56320, 1, 0, 0
71593, 137600, 0, 0, 0
71593, 56320, 1, 0, 0
71693, 143360, 0, 0, 0
71693, 55040, 1, 0, 0
71793, 134400, 0, 0, 0
71793, 58880, 1, 0, 0
71893, 143360, 0, 0, 0
71893, 55040, 1, 0, 0
71993, 128000, 0, 0, 0
71993, 64000, 1, 0, 0
72093, 135040, 0, 0, 0
72093, 60160, 1, 0, 0
72193, 145280, 0, 0, 0
72193, 55040, 1, 0, 0
72294, 131200, 0, 0, 0
72294, 62720, 1, 0, 0
72394, 143360, 0, 0, 0
72394, 55040, 1, 0, 0
72494, 146560, 0, 0, 0
72494, 48000, 1, 0, 0
72594, 131200, 0, 0, 0
72594, 59520, 1, 0, 0
72694, 136960, 0, 0, 0
72694, 54400, 1, 0, 0
72794, 134400, 0, 0, 0
72794, 64640, 1, 0, 0
72894, 134400, 0, 0, 0
72894, 58880, 1, 0, 0
72994, 132480, 0, 0, 0
72994, 60160, 1, 0, 0
73094, 138880, 0, 0, 0
73094, 58240, 1, 0, 0
73194, 145280, 0, 0, 0
73194, 51840, 1, 0, 0
73295, 138880, 0, 0, 0
73295, 58240, 1, 0, 0
73395, 139520, 0, 0, 0
73395, 55680, 1, 0, 0
73495, 149120, 0, 0, 0
73495, 48000, 1, 0, 0
73595, 139520, 0, 0, 0
73595, 55680, 1, 0, 0
73695, 143360, 0, 0, 0
73695, 56320, 1, 0, 0
73795, 132480, 0, 0, 0
73795, 59520, 1, 0, 0
73895, 127360, 0, 0, 0
73895, 58880, 1, 0, 0
73995, 131200, 0, 0, 0
73995, 54400, 1, 0, 0
74095, 124160, 0, 0, 0
74095, 62080, 1, 0, 0
74195, 138240, 0, 0, 0
74195, 57600, 1, 0, 0
74296, 135040, 0, 0, 0
74296, 58240, 1, 0, 0
74396, 136960, 0, 0, 0
74396, 55680, 1, 0, 0
74496, 138240, 0, 0, 0
74496, 53760, 1, 0, 0
74596, 129280, 0, 0, 0
74596, 63360, 1, 0, 0
74696, 128640, 0, 0, 0
74696, 61440, 1, 0, 0
74796, 140800, 0, 0, 0
74796, 56960, 1, 0, 0
74896, 140800, 0, 0, 0
74896, 56960, 1, 0, 0
74996, 144000, 0, 0, 0
74996, 55040, 1, 0, 0
75096, 147200, 0, 0, 0
75096, 51840, 1, 0, 0
75197, 151040, 0, 0, 0
75197, 53760, 1, 0, 0
75297, 140800, 0, 0, 0
75297, 59520, 1, 0, 0
75397, 131840, 0, 0, 0
75397, 60800, 1, 0, 0
75497, 146560, 0, 0, 0
75497, 49280, 1, 0, 0
75597, 128640, 0, 0, 0
75597, 61440, 1, 0, 0
75697, 134400, 0, 0, 0
75697, 65920, 1, 0, 0
75798, 146560, 0, 0, 0
75798, 53120, 1, 0, 0
75898, 143360, 0, 0, 0
75898, 53120, 1, 0, 0
75998, 131840, 0, 0, 0
75998, 60800, 1, 0, 0
76098, 140800, 0, 0, 0
76098, 58240, 1, 0, 0
76198, 142720, 0, 0, 0
76198, 55040, 1, 0, 0
76298, 144640, 0, 0, 0
76298, 56320, 1, 0, 0
76398, 143360, 0, 0, 0
76398, 59520, 1, 0, 0
76498, 140800, 0, 0, 0
76498, 58880, 1, 0, 0
76598, 147200, 0, 0, 0
76598, 55680, 1, 0, 0
76698, 126080, 0, 0, 0
76698, 62080, 1, 0, 0
76799, 131840, 0, 0, 0
76799, 58240, 1, 0, 0
76899, 145280, 0, 0, 0
76899, 55040, 1, 0, 0
76999, 142720, 0, 0, 0
76999, 57600, 1, 0, 0
77099, 124800, 0, 0, 0
77099, 65920, 1, 0, 0
77199, 132480, 0, 0, 0
77199, 63360, 1, 0, 0
77299, 142720, 0, 0, 0
77299, 53120, 1, 0, 0
77399, 142720, 0, 0, 0
77399, 56960, 1, 0, 0
77499, 133120, 0, 0, 0
77499, 65280, 1, 0, 0
77599, 133120, 0, 0, 0
77599, 64640, 1, 0, 0
77699, 160640, 0, 0, 0
77699, 48000, 1, 0, 0
77800, 122240, 0, 0, 0
77800, 65920, 1, 0, 0
77900, 126080, 0, 0, 0
77900, 57600, 1, 0, 0
78000, 120960, 0, 0, 0
78000, 62720, 1, 0, 0
78100, 136960, 0, 0, 0
78100, 56320, 1, 0, 0
78200, 128000, 0, 0, 0
78200, 63360, 1, 0, 0
78300, 144000, 0, 0, 0
78300, 52480, 1, 0, 0
78400, 124160, 0, 0, 0
78400, 58880, 1, 0, 0
78500, 130560, 0, 0, 0
78500, 65280, 1, 0, 0
78600, 145920, 0, 0, 0
78600, 54400, 1, 0, 0
78700, 136320, 0, 0, 0
78700, 58240, 1, 0, 0
78800, 138880, 0, 0, 0
78800, 60160, 1, 0, 0
78900, 132480, 0, 0, 0
78900, 56320, 1, 0, 0
79001, 139520, 0, 0, 0
79001, 52480, 1, 0, 0
79100, 138343, 0, 0, 0
79100, 55595, 1, 0, 0
79200, 126080, 0, 0, 0
79200, 62080, 1, 0, 0
79300, 134400, 0, 0, 0
79300, 60160, 1, 0, 0
79400, 131840, 0, 0, 0
79400, 62080, 1, 0, 0
79500, 127360, 0, 0, 0
79500, 63360, 1, 0, 0
79600, 149760, 0, 0, 0
79600, 51840, 1, 0, 0
79700, 138240, 0, 0, 0
79700, 56320, 1, 0, 0
79800, 129920, 0, 0, 0
79800, 58880, 1, 0, 0
79900, 142720, 0, 0, 0
79900, 55680, 1, 0, 0
80000, 137600, 0, 0, 0
80000, 55680, 1, 0, 0
80100, 137600, 0, 0, 0
80100, 55680, 1, 0, 0
80200, 131200, 0, 0, 0
80200, 57600, 1, 0, 0
80300, 137600, 0, 0, 0
80300, 60160, 1, 0, 0
80401, 135680, 0, 0, 0
80401, 58880, 1, 0, 0
80500, 146101, 0, 0, 0
80500, 53656, 1, 0, 0
80600, 149760, 0, 0, 0
80600, 54400, 1, 0, 0
80700, 135680, 0, 0, 0
80700, 60160, 1, 0, 0
80800, 135040, 0, 0, 0
80800, 57600, 1, 0, 0
80900, 128000, 0, 0, 0
80900, 64000, 1, 0, 0
81000, 144640, 0, 0, 0
81000, 53760, 1, 0, 0
81100, 154240, 0, 0, 0
81100, 53120, 1, 0, 0
81200, 131840, 0, 0, 0
81200, 63360, 1, 0, 0
81300, 135680, 0, 0, 0
81300, 57600, 1, 0, 0
81400, 148480, 0, 0, 0
81400, 55680, 1, 0, 0
81500, 144000, 0, 0, 0
81500, 50560, 1, 0, 0
81600, 142080, 0, 0, 0
81600, 52480, 1, 0, 0
81700, 140800, 0, 0, 0
81700, 56960, 1, 0, 0
81800, 131878, 0, 0, 0
81800, 56888, 1, 0, 0
81900, 140800, 0, 0, 0
81900, 54400, 1, 0, 0
82000, 140800, 0, 0, 0
82000, 55040, 1, 0, 0
82100, 126720, 0, 0, 0
82100, 64000, 1, 0, 0
82200, 133120, 0, 0, 0
82200, 59520, 1, 0, 0
82300, 137600, 0, 0, 0
82300, 62720, 1, 0, 0
82400, 143360, 0, 0, 0
82400, 55040, 1, 0, 0
82500, 144640, 0, 0, 0
82500, 57600, 1, 0, 0
82600, 140800, 0, 0, 0
82600, 54400, 1, 0, 0
82700, 138240, 0, 0, 0
82700, 51840, 1, 0, 0
82800, 128000, 0, 0, 0
82800, 62720, 1, 0, 0
82900, 136960, 0, 0, 0
82900, 58240, 1, 0, 0
83001, 139520, 0, 0, 0
83001, 62080, 1, 0, 0
83100, 128646, 0, 0, 0
83100, 65292, 1, 0, 0
83200, 126080, 0, 0, 0
83200, 67840, 1, 0, 0
83300, 138240, 0, 0, 0
83300, 56960, 1, 0, 0
83400, 133120, 0, 0, 0
83400, 57600, 1, 0, 0
83500, 141440, 0, 0, 0
83500, 58240, 1, 0, 0
83600, 121600, 0, 0, 0
83600, 60800, 1, 0, 0
83700, 144000, 0, 0, 0
83700, 55680, 1, 0, 0
83800, 149760, 0, 0, 0
83800, 48000, 1, 0, 0
83900, 129920, 0, 0, 0
83900, 59520, 1, 0, 0
84001, 141440, 0, 0, 0
84001, 54400, 1, 0, 0
84100, 125414, 0, 0, 0
84100, 62707, 1, 0, 0
84200, 120960, 0, 0, 0
84200, 67200, 1, 0, 0
84300, 149120, 0, 0, 0
84300, 50560, 1, 0, 0
84400, 136960, 0, 0, 0
84400, 60160, 1, 0, 0
84500, 126720, 0, 0, 0
84500, 64000, 1, 0, 0
84600, 140800, 0, 0, 0
84600, 61440, 1, 0, 0
84700, 140160, 0, 0, 0
84700, 55040, 1, 0, 0
84800, 142720, 0, 0, 0
84800, 57600, 1, 0, 0
84900, 128640, 0, 0, 0
84900, 64000, 1, 0, 0
85001, 126080, 0, 0, 0
85001, 64000, 1, 0, 0
85100, 144808, 0, 0, 0
85100, 54303, 1, 0, 0
85200, 133120, 0, 0, 0
85200, 59520, 1, 0, 0
85300, 149760, 0, 0, 0
85300, 51840, 1, 0, 0
85400, 133120, 0, 0, 0
85400, 49920, 1, 0, 0
85500, 131200, 0, 0, 0
85500, 60800, 1, 0, 0
85600, 120960, 0, 0, 0
85600, 60800, 1, 0, 0
85700, 145920, 0, 0, 0
85700, 54400, 1, 0, 0
85800, 134400, 0, 0, 0
85800, 54400, 1, 0, 0
85900, 138240, 0, 0, 0
85900, 55040, 1, 0, 0
86001, 128640, 0, 0, 0
86001, 60160, 1, 0, 0
86100, 127353, 0, 0, 0
86100, 60121, 1, 0, 0
86200, 134400, 0, 0, 0
86200, 58880, 1, 0, 0
86300, 126720, 0, 0, 0
86300, 64000, 1, 0, 0
86400, 140800, 0, 0, 0
86400, 58880, 1, 0, 0
86500, 127360, 0, 0, 0
86500, 63360, 1, 0, 0
86600, 131840, 0, 0, 0
86600, 53760, 1, 0, 0
86700, 135680, 0, 0, 0
86700, 58240, 1, 0, 0
86800, 135040, 0, 0, 0
86800, 58240, 1, 0, 0
86900, 145280, 0, 0, 0
86900, 51840, 1, 0, 0
87000, 131840, 0, 0, 0
87000, 55040, 1, 0, 0
87101, 133760, 0, 0, 0
87101, 53760, 1, 0, 0
87200, 132525, 0, 0, 0
87200, 59474, 1, 0, 0
87300, 119040, 0, 0, 0
87300, 62080, 1, 0, 0
87400, 133120, 0, 0, 0
87400, 60160, 1, 0, 0
87500, 130560, 0, 0, 0
87500, 57600, 1, 0, 0
87600, 136960, 0, 0, 0
87600, 55680, 1, 0, 0
87700, 123520, 0, 0, 0
87700, 56320, 1, 0, 0
87800, 119040, 0, 0, 0
87800, 61440, 1, 0, 0
87900, 135680, 0, 0, 0
87900, 56960, 1, 0, 0
88001, 108800, 0, 0, 0
88001, 69760, 1, 0, 0
88100, 140929, 0, 0, 0
88100, 56242, 1, 0, 0
88200, 140160, 0, 0, 0
88200, 50560, 1, 0, 0
88300, 131840, 0, 0, 0
88300, 56960, 1, 0, 0
88400, 133760, 0, 0, 0
88400, 57600, 1, 0, 0
88500, 127360, 0, 0, 0
88500, 58880, 1, 0, 0
88600, 135040, 0, 0, 0
88600, 53120, 1, 0, 0
88700, 121600, 0, 0, 0
88700, 62720, 1, 0, 0
88800, 131840, 0, 0, 0
88800, 56320, 1, 0, 0
88900, 132480, 0, 0, 0
88900, 63360, 1, 0, 0
89000, 130560, 0, 0, 0
89000, 58240, 1, 0, 0
89100, 133760, 0, 0, 0
89100, 52480, 1, 0, 0
89201, 129920, 0, 0, 0
89201, 57600, 1, 0, 0
89300, 140282, 0, 0, 0
89300, 52363, 1, 0, 0
89400, 130560, 0, 0, 0
89400, 62720, 1, 0, 0
89500, 126720, 0, 0, 0
89500, 56320, 1, 0, 0
89600, 122880, 0, 0, 0
89600, 63360, 1, 0, 0
89700, 127360, 0, 0, 0
89700, 61440, 1, 0, 0
89800, 136320, 0, 0, 0
89800, 58880, 1, 0, 0
89900, 145280, 0, 0, 0
89900, 55680, 1, 0, 0
90000, 144000, 0, 0, 0
90000, 52480, 1, 0, 0
