100, 1690, 0, 0, 0
200, 1850, 0, 0, 0
301, 1760, 0, 0, 0
400, 1737, 0, 0, 0
499, 1838, 0, 0, 0
599, 1680, 0, 0, 0
699, 1420, 0, 0, 0
799, 1810, 0, 0, 0
899, 1730, 0, 0, 0
1000, 1950, 0, 0, 0
1100, 1820, 0, 0, 0
1200, 1750, 0, 0, 0
1300, 1670, 0, 0, 0
1402, 1712, 0, 0, 0
1502, 1820, 0, 0, 0
1602, 1770, 0, 0, 0
1702, 1800, 0, 0, 0
1803, 1890, 0, 0, 0
1903, 1800, 0, 0, 0
2003, 1730, 0, 0, 0
2103, 1960, 0, 0, 0
2203, 1780, 0, 0, 0
2303, 1830, 0, 0, 0
2404, 1800, 0, 0, 0
2504, 1850, 0, 0, 0
2604, 1570, 0, 0, 0
2704, 1670, 0, 0, 0
2804, 1770, 0, 0, 0
2904, 2020, 0, 0, 0
3005, 1780, 0, 0, 0
3105, 1700, 0, 0, 0
3205, 1680, 0, 0, 0
3305, 1890, 0, 0, 0
3405, 1870, 0, 0, 0
3506, 1990, 0, 0, 0
3606, 1970, 0, 0, 0
3706, 1780, 0, 0, 0
3807, 1851, 0, 0, 0
3907, 1990, 0, 0, 0
4008, 1730, 0, 0, 0
4108, 1860, 0, 0, 0
4208, 1810, 0, 0, 0
4308, 1880, 0, 0, 0
4408, 1780, 0, 0, 0
4509, 1790, 0, 0, 0
4609, 1640, 0, 0, 0
4709, 1860, 0, 0, 0
4809, 1590, 0, 0, 0
4909, 1940, 0, 0, 0
5009, 2130, 0, 0, 0
5110, 1750, 0, 0, 0
5210, 1900, 0, 0, 0
5310, 1790, 0, 0, 0
5410, 1820, 0, 0, 0
5510, 1850, 0, 0, 0
5611, 2030, 0, 0, 0
5711, 1530, 0, 0, 0
5811, 2020, 0, 0, 0
5912, 2100, 0, 0, 0
6012, 1720, 0, 0, 0
6113, 1810, 0, 0, 0
6213, 2100, 0, 0, 0
6313, 2040, 0, 0, 0
6413, 1930, 0, 0, 0
6513, 1880, 0, 0, 0
6614, 1880, 0, 0, 0
6714, 1760, 0, 0, 0
6814, 1670, 0, 0, 0
6914, 1900, 0, 0, 0
7014, 1910, 0, 0, 0
7114, 1730, 0, 0, 0
7214, 1840, 0, 0, 0
7315, 1650, 0, 0, 0
7415, 1920, 0, 0, 0
7515, 1970, 0, 0, 0
7615, 1760, 0, 0, 0
7715, 1910, 0, 0, 0
7815, 1990, 0, 0, 0
7915, 1760, 0, 0, 0
8015, 1820, 0, 0, 0
8116, 1760, 0, 0, 0
8216, 1760, 0, 0, 0
8316, 1710, 0, 0, 0
8416, 1810, 0, 0, 0
8516, 1850, 0, 0, 0
8617, 1810, 0, 0, 0
8717, 1820, 0, 0, 0
8817, 1750, 0, 0, 0
8917, 1860, 0, 0, 0
9017, 1730, 0, 0, 0
9117, 1900, 0, 0, 0
9217, 1920, 0, 0, 0
9318, 2080, 0, 0, 0
9418, 1850, 0, 0, 0
9518, 2020, 0, 0, 0
9618, 2130, 0, 0, 0
9718, 1850, 0, 0, 0
9819, 2000, 0, 0, 0
9919, 2000, 0, 0, 0
10019, 1840, 0, 0, 0
10119, 1890, 0, 0, 0
10220, 1870, 0, 0, 0
10320, 1930, 0, 0, 0
10420, 1760, 0, 0, 0
10520, 1870, 0, 0, 0
10620, 1990, 0, 0, 0
10721, 1880, 0, 0, 0
10821, 1840, 0, 0, 0
10921, 1860, 0, 0, 0
11021, 1940, 0, 0, 0
11122, 1680, 0, 0, 0
11222, 1870, 0, 0, 0
11322, 1670, 0, 0, 0
11422, 1880, 0, 0, 0
11523, 1740, 0, 0, 0
11623, 1850, 0, 0, 0
11723, 1870, 0, 0, 0
11823, 1640, 0, 0, 0
11923, 1810, 0, 0, 0
12024, 1850, 0, 0, 0
12124, 1650, 0, 0, 0
12224, 1790, 0, 0, 0
12324, 2300, 0, 0, 0
12424, 1730, 0, 0, 0
12524, 1920, 0, 0, 0
12624, 1810, 0, 0, 0
12724, 1400, 0, 0, 0
12825, 1740, 0, 0, 0
12925, 1850, 0, 0, 0
13026, 1780, 0, 0, 0
13126, 1870, 0, 0, 0
13226, 1660, 0, 0, 0
13326, 1930, 0, 0, 0
13426, 1850, 0, 0, 0
13527, 1840, 0, 0, 0
13627, 1680, 0, 0, 0
13727, 2020, 0, 0, 0
13827, 1700, 0, 0, 0
13927, 1780, 0, 0, 0
14027, 1820, 0, 0, 0
14127, 1840, 0, 0, 0
14227, 1810, 0, 0, 0
14328, 2160, 0, 0, 0
14428, 1830, 0, 0, 0
14528, 1860, 0, 0, 0
14628, 2060, 0, 0, 0
14729, 1970, 0, 0, 0
14829, 2030, 0, 0, 0
14929, 1830, 0, 0, 0
15030, 1790, 0, 0, 0
15130, 1870, 0, 0, 0
15230, 1960, 0, 0, 0
15331, 1750, 0, 0, 0
15431, 2070, 0, 0, 0
15531, 1860, 0, 0, 0
15632, 2130, 0, 0, 0
15732, 1930, 0, 0, 0
15832, 1890, 0, 0, 0
15932, 1870, 0, 0, 0
16032, 1820, 0, 0, 0
16132, 1910, 0, 0, 0
16232, 1870, 0, 0, 0
16333, 1700, 0, 0, 0
16433, 1720, 0, 0, 0
16533, 1840, 0, 0, 0
16633, 1920, 0, 0, 0
16733, 1830, 0, 0, 0
16833, 1930, 0, 0, 0
16933, 1780, 0, 0, 0
17033, 1730, 0, 0, 0
17134, 1590, 0, 0, 0
17234, 1630, 0, 0, 0
17335, 1700, 0, 0, 0
17435, 1910, 0, 0, 0
17535, 1940, 0, 0, 0
17635, 2050, 0, 0, 0
17735, 1880, 0, 0, 0
17835, 1990, 0, 0, 0
17935, 1760, 0, 0, 0
18036, 1830, 0, 0, 0
18136, 1820, 0, 0, 0
18236, 1880, 0, 0, 0
18336, 1910, 0, 0, 0
18437, 1800, 0, 0, 0
18537, 1800, 0, 0, 0
18637, 1840, 0, 0, 0
18737, 1780, 0, 0, 0
18839, 1742, 0, 0, 0
18939, 1890, 0, 0, 0
19039, 1980, 0, 0, 0
19139, 1790, 0, 0, 0
19240, 1840, 0, 0, 0
19340, 1860, 0, 0, 0
19440, 1960, 0, 0, 0
19540, 1660, 0, 0, 0
19640, 1760, 0, 0, 0
19741, 1450, 0, 0, 0
19841, 1890, 0, 0, 0
19941, 1800, 0, 0, 0
20042, 1580, 0, 0, 0
20142, 1840, 0, 0, 0
20242, 1950, 0, 0, 0
20342, 2060, 0, 0, 0
20442, 2000, 0, 0, 0
20542, 1740, 0, 0, 0
20642, 1700, 0, 0, 0
20742, 1480, 0, 0, 0
20843, 2010, 0, 0, 0
20943, 1890, 0, 0, 0
21044, 2000, 0, 0, 0
21144, 1900, 0, 0, 0
21244, 2020, 0, 0, 0
21344, 2130, 0, 0, 0
21444, 1920, 0, 0, 0
21545, 1840, 0, 0, 0
21645, 2170, 0, 0, 0
21745, 1950, 0, 0, 0
21845, 1960, 0, 0, 0
21945, 1870, 0, 0, 0
22046, 1840, 0, 0, 0
22146, 1930, 0, 0, 0
22246, 1850, 0, 0, 0
22347, 1820, 0, 0, 0
22447, 1910, 0, 0, 0
22547, 1870, 0, 0, 0
22647, 1610, 0, 0, 0
22747, 2010, 0, 0, 0
22848, 1520, 0, 0, 0
22948, 1820, 0, 0, 0
23048, 1640, 0, 0, 0
23149, 1590, 0, 0, 0
23249, 1660, 0, 0, 0
23349, 1730, 0, 0, 0
23450, 1520, 0, 0, 0
23550, 1920, 0, 0, 0
23650, 1740, 0, 0, 0
23749, 1878, 0, 0, 0
23849, 1820, 0, 0, 0
23949, 1700, 0, 0, 0
24050, 1940, 0, 0, 0
24150, 1980, 0, 0, 0
24249, 1838, 0, 0, 0
24349, 1810, 0, 0, 0
24450, 1750, 0, 0, 0
24550, 2080, 0, 0, 0
24650, 1830, 0, 0, 0
24749, 1727, 0, 0, 0
24849, 1770, 0, 0, 0
24949, 1750, 0, 0, 0
25049, 1930, 0, 0, 0
25149, 1700, 0, 0, 0
25250, 2050, 0, 0, 0
25350, 1730, 0, 0, 0
25450, 1810, 0, 0, 0
25550, 1890, 0, 0, 0
25650, 1840, 0, 0, 0
25749, 1686, 0, 0, 0
25849, 1880, 0, 0, 0
25949, 1980, 0, 0, 0
26050, 1850, 0, 0, 0
26150, 1680, 0, 0, 0
26249, 1767, 0, 0, 0
26349, 1830, 0, 0, 0
26449, 1860, 0, 0, 0
26549, 1950, 0, 0, 0
26649, 1750, 0, 0, 0
26749, 1990, 0, 0, 0
26851, 1900, 0, 0, 0
26951, 1820, 0, 0, 0
27051, 1610, 0, 0, 0
27151, 2250, 0, 0, 0
27251, 1710, 0, 0, 0
27351, 1880, 0, 0, 0
27451, 1650, 0, 0, 0
27551, 1530, 0, 0, 0
27651, 1990, 0, 0, 0
27751, 1760, 0, 0, 0
27852, 1780, 0, 0, 0
27952, 1830, 0, 0, 0
28052, 1980, 0, 0, 0
28152, 1780, 0, 0, 0
28253, 1800, 0, 0, 0
28353, 1900, 0, 0, 0
28453, 1890, 0, 0, 0
28554, 1770, 0, 0, 0
28654, 2030, 0, 0, 0
28754, 1790, 0, 0, 0
28854, 1730, 0, 0, 0
28954, 1780, 0, 0, 0
29054, 1800, 0, 0, 0
29154, 1940, 0, 0, 0
29255, 1770, 0, 0, 0
29355, 1800, 0, 0, 0
29455, 1890, 0, 0, 0
29555, 1900, 0, 0, 0
29655, 2090, 0, 0, 0
29755, 1890, 0, 0, 0
29856, 1870, 0, 0, 0
29956, 1830, 0, 0, 0
30056, 1840, 0, 0, 0
30156, 1970, 0, 0, 0
30256, 1790, 0, 0, 0
30356, 1940, 0, 0, 0
30457, 1880, 0, 0, 0
30557, 1910, 0, 0, 0
30657, 1840, 0, 0, 0
30757, 1820, 0, 0, 0
30857, 1980, 0, 0, 0
30957, 1880, 0, 0, 0
31058, 1930, 0, 0, 0
31158, 1860, 0, 0, 0
31258, 1900, 0, 0, 0
31358, 1980, 0, 0, 0
31458, 1800, 0, 0, 0
31558, 2130, 0, 0, 0
31658, 1960, 0, 0, 0
31759, 1910, 0, 0, 0
31859, 2010, 0, 0, 0
31960, 2060, 0, 0, 0
32060, 1950, 0, 0, 0
32160, 2130, 0, 0, 0
32260, 1860, 0, 0, 0
32361, 1800, 0, 0, 0
32461, 2010, 0, 0, 0
32561, 1760, 0, 0, 0
32661, 1870, 0, 0, 0
32761, 2010, 0, 0, 0
32861, 1940, 0, 0, 0
32961, 1760, 0, 0, 0
33062, 1820, 0, 0, 0
33162, 2080, 0, 0, 0
33262, 1890, 0, 0, 0
33362, 1750, 0, 0, 0
33463, 2050, 0, 0, 0
33563, 1970, 0, 0, 0
33663, 1980, 0, 0, 0
33763, 1860, 0, 0, 0
33864, 1780, 0, 0, 0
33965, 1790, 0, 0, 0
34066, 1930, 0, 0, 0
34166, 1760, 0, 0, 0
34266, 1780, 0, 0, 0
34366, 1870, 0, 0, 0
34467, 1810, 0, 0, 0
34567, 1950, 0, 0, 0
34667, 2000, 0, 0, 0
34767, 1940, 0, 0, 0
34867, 1970, 0, 0, 0
34967, 2020, 0, 0, 0
35068, 2030, 0, 0, 0
35168, 1740, 0, 0, 0
35268, 2120, 0, 0, 0
35369, 1960, 0, 0, 0
35469, 1940, 0, 0, 0
35569, 2050, 0, 0, 0
35669, 1910, 0, 0, 0
35770, 1880, 0, 0, 0
35870, 1730, 0, 0, 0
35970, 1870, 0, 0, 0
36071, 1820, 0, 0, 0
36171, 1920, 0, 0, 0
36271, 1730, 0, 0, 0
36371, 1990, 0, 0, 0
36471, 1770, 0, 0, 0
36572, 1800, 0, 0, 0
36672, 1710, 0, 0, 0
36772, 1710, 0, 0, 0
36872, 1800, 0, 0, 0
36972, 1720, 0, 0, 0
37073, 1750, 0, 0, 0
37173, 2050, 0, 0, 0
37273, 1800, 0, 0, 0
37373, 1730, 0, 0, 0
37474, 1840, 0, 0, 0
37574, 1880, 0, 0, 0
37674, 1980, 0, 0, 0
37775, 1700, 0, 0, 0
37875, 1990, 0, 0, 0
37975, 1670, 0, 0, 0
38075, 1880, 0, 0, 0
38175, 1910, 0, 0, 0
38276, 1680, 0, 0, 0
38376, 1960, 0, 0, 0
38476, 1710, 0, 0, 0
38576, 1890, 0, 0, 0
38676, 1820, 0, 0, 0
38776, 1840, 0, 0, 0
38876, 1590, 0, 0, 0
38976, 2050, 0, 0, 0
39076, 1800, 0, 0, 0
39177, 1900, 0, 0, 0
39277, 1920, 0, 0, 0
39377, 1900, 0, 0, 0
39477, 1820, 0, 0, 0
39577, 1600, 0, 0, 0
39677, 1750, 0, 0, 0
39777, 1770, 0, 0, 0
39877, 1910, 0, 0, 0
39978, 1850, 0, 0, 0
40078, 1780, 0, 0, 0
40178, 2000, 0, 0, 0
40278, 1740, 0, 0, 0
40378, 1900, 0, 0, 0
40479, 1950, 0, 0, 0
40579, 1720, 0, 0, 0
40679, 1900, 0, 0, 0
40779, 2050, 0, 0, 0
40879, 1800, 0, 0, 0
40979, 1880, 0, 0, 0
41079, 1870, 0, 0, 0
41180, 2070, 0, 0, 0
41280, 2040, 0, 0, 0
41380, 1880, 0, 0, 0
41480, 1920, 0, 0, 0
41580, 2020, 0, 0, 0
41680, 2160, 0, 0, 0
41781, 1710, 0, 0, 0
41881, 1930, 0, 0, 0
41981, 1740, 0, 0, 0
42081, 1910, 0, 0, 0
42181, 1730, 0, 0, 0
42281, 1730, 0, 0, 0
42381, 1670, 0, 0, 0
42481, 1740, 0, 0, 0
42582, 1740, 0, 0, 0
42682, 1920, 0, 0, 0
42783, 1750, 0, 0, 0
42883, 1880, 0, 0, 0
42983, 1730, 0, 0, 0
43083, 1780, 0, 0, 0
43184, 1640, 0, 0, 0
43284, 1710, 0, 0, 0
43384, 1810, 0, 0, 0
43484, 1740, 0, 0, 0
43584, 1890, 0, 0, 0
43684, 1850, 0, 0, 0
43784, 1830, 0, 0, 0
43885, 1950, 0, 0, 0
43985, 1850, 0, 0, 0
44085, 1920, 0, 0, 0
44186, 1530, 0, 0, 0
44286, 1800, 0, 0, 0
44388, 1851, 0, 0, 0
44488, 1880, 0, 0, 0
44588, 1710, 0, 0, 0
44688, 1930, 0, 0, 0
44788, 1730, 0, 0, 0
44889, 1860, 0, 0, 0
44989, 1660, 0, 0, 0
45089, 1840, 0, 0, 0
45189, 1950, 0, 0, 0
45289, 1890, 0, 0, 0
45389, 1820, 0, 0, 0
45489, 1750, 0, 0, 0
45590, 1810, 0, 0, 0
45691, 1680, 0, 0, 0
45791, 1830, 0, 0, 0
45891, 1760, 0, 0, 0
45992, 1730, 0, 0, 0
46092, 1790, 0, 0, 0
46192, 1810, 0, 0, 0
46292, 1880, 0, 0, 0
46392, 1740, 0, 0, 0
46492, 1840, 0, 0, 0
46593, 1910, 0, 0, 0
46693, 1930, 0, 0, 0
46793, 1850, 0, 0, 0
46894, 1780, 0, 0, 0
46994, 1870, 0, 0, 0
47094, 1810, 0, 0, 0
47194, 1690, 0, 0, 0
47295, 1650, 0, 0, 0
47395, 1800, 0, 0, 0
47495, 1800, 0, 0, 0
47595, 1760, 0, 0, 0
47696, 1950, 0, 0, 0
47796, 1770, 0, 0, 0
47896, 1780, 0, 0, 0
47996, 1650, 0, 0, 0
48096, 1820, 0, 0, 0
48196, 1860, 0, 0, 0
48297, 1520, 0, 0, 0
48397, 1920, 0, 0, 0
48498, 1970, 0, 0, 0
48598, 1810, 0, 0, 0
48698, 1780, 0, 0, 0
48799, 1730, 0, 0, 0
48899, 1930, 0, 0, 0
48999, 1860, 0, 0, 0
49099, 1820, 0, 0, 0
49199, 1850, 0, 0, 0
49300, 1810, 0, 0, 0
49400, 1780, 0, 0, 0
49499, 1575, 0, 0, 0
49599, 1910, 0, 0, 0
49699, 1830, 0, 0, 0
49799, 1700, 0, 0, 0
49899, 1850, 0, 0, 0
50000, 1710, 0, 0, 0
50100, 1670, 0, 0, 0
50200, 1840, 0, 0, 0
50300, 1800, 0, 0, 0
50400, 1520, 0, 0, 0
50499, 1767, 0, 0, 0
50599, 1840, 0, 0, 0
50700, 1980, 0, 0, 0
50800, 2160, 0, 0, 0
50900, 1880, 0, 0, 0
50999, 1898, 0, 0, 0
51099, 1780, 0, 0, 0
51199, 2190, 0, 0, 0
51299, 1940, 0, 0, 0
51400, 1630, 0, 0, 0
51500, 2060, 0, 0, 0
51600, 1700, 0, 0, 0
51700, 2100, 0, 0, 0
51800, 1800, 0, 0, 0
51900, 1880, 0, 0, 0
52000, 1858, 0, 0, 0
52100, 1890, 0, 0, 0
52200, 1770, 0, 0, 0
52300, 1910, 0, 0, 0
52400, 1840, 0, 0, 0
52499, 1656, 0, 0, 0
52599, 1890, 0, 0, 0
52699, 1830, 0, 0, 0
52799, 1800, 0, 0, 0
52900, 1920, 0, 0, 0
53000, 1888, 0, 0, 0
53100, 1790, 0, 0, 0
53200, 1790, 0, 0, 0
53300, 1910, 0, 0, 0
53400, 1950, 0, 0, 0
53499, 2121, 0, 0, 0
53599, 1890, 0, 0, 0
53699, 1740, 0, 0, 0
53799, 1820, 0, 0, 0
53900, 1830, 0, 0, 0
54000, 1990, 0, 0, 0
54100, 1990, 0, 0, 0
54200, 1790, 0, 0, 0
54300, 1880, 0, 0, 0
54400, 1880, 0, 0, 0
54499, 1757, 0, 0, 0
54599, 1870, 0, 0, 0
54699, 1870, 0, 0, 0
54800, 1860, 0, 0, 0
54900, 1850, 0, 0, 0
54999, 1787, 0, 0, 0
55099, 1690, 0, 0, 0
55199, 1760, 0, 0, 0
55300, 1740, 0, 0, 0
55400, 1800, 0, 0, 0
55500, 1740, 0, 0, 0
55600, 1750, 0, 0, 0
55700, 1930, 0, 0, 0
55801, 1690, 0, 0, 0
55900, 1868, 0, 0, 0
55999, 1707, 0, 0, 0
56099, 1910, 0, 0, 0
56199, 1860, 0, 0, 0
56299, 1920, 0, 0, 0
56400, 1610, 0, 0, 0
56500, 1820, 0, 0, 0
56600, 1690, 0, 0, 0
56700, 1570, 0, 0, 0
56800, 1870, 0, 0, 0
56900, 1750, 0, 0, 0
56999, 2000, 0, 0, 0
57099, 1660, 0, 0, 0
57199, 1910, 0, 0, 0
57300, 1920, 0, 0, 0
57400, 1970, 0, 0, 0
57499, 1727, 0, 0, 0
57599, 1890, 0, 0, 0
57700, 1700, 0, 0, 0
57800, 1820, 0, 0, 0
57900, 1750, 0, 0, 0
57999, 1787, 0, 0, 0
58099, 1850, 0, 0, 0
58199, 1870, 0, 0, 0
58300, 1840, 0, 0, 0
58400, 1950, 0, 0, 0
58499, 1797, 0, 0, 0
58599, 1810, 0, 0, 0
58699, 1910, 0, 0, 0
58799, 1970, 0, 0, 0
58899, 1920, 0, 0, 0
59000, 1990, 0, 0, 0
59100, 1990, 0, 0, 0
59200, 1970, 0, 0, 0
59300, 1860, 0, 0, 0
59400, 1780, 0, 0, 0
59499, 1787, 0, 0, 0
59599, 1840, 0, 0, 0
59700, 1850, 0, 0, 0
59800, 1690, 0, 0, 0
59900, 1790, 0, 0, 0
59999, 1808, 0, 0, 0
60099, 1790, 0, 0, 0
60199, 1830, 0, 0, 0
60299, 1810, 0, 0, 0
60399, 1790, 0, 0, 0
60500, 1770, 0, 0, 0
60600, 1810, 0, 0, 0
60700, 1720, 0, 0, 0
60801, 1930, 0, 0, 0
60900, 1747, 0, 0, 0
60999, 1757, 0, 0, 0
61099, 1650, 0, 0, 0
61199, 1780, 0, 0, 0
61299, 1760, 0, 0, 0
61399, 1870, 0, 0, 0
61500, 1680, 0, 0, 0
61600, 1930, 0, 0, 0
61700, 1910, 0, 0, 0
61800, 1740, 0, 0, 0
61900, 2060, 0, 0, 0
61999, 1686, 0, 0, 0
62099, 1860, 0, 0, 0
62199, 2010, 0, 0, 0
62300, 1860, 0, 0, 0
62400, 1860, 0, 0, 0
62499, 1808, 0, 0, 0
62599, 1860, 0, 0, 0
62699, 1790, 0, 0, 0
62800, 1880, 0, 0, 0
62900, 1890, 0, 0, 0
62999, 1838, 0, 0, 0
63099, 1800, 0, 0, 0
63199, 1810, 0, 0, 0
63299, 1690, 0, 0, 0
63399, 1770, 0, 0, 0
63499, 1560, 0, 0, 0
63599, 1640, 0, 0, 0
63700, 1800, 0, 0, 0
63800, 2170, 0, 0, 0
63900, 1820, 0, 0, 0
63999, 1868, 0, 0, 0
64099, 1850, 0, 0, 0
64199, 1730, 0, 0, 0
64299, 1840, 0, 0, 0
64400, 1820, 0, 0, 0
64499, 2020, 0, 0, 0
64599, 1800, 0, 0, 0
64699, 1890, 0, 0, 0
64799, 1770, 0, 0, 0
64900, 1820, 0, 0, 0
64999, 2000, 0, 0, 0
65099, 1730, 0, 0, 0
65199, 1800, 0, 0, 0
65300, 2000, 0, 0, 0
65400, 1630, 0, 0, 0
65499, 1777, 0, 0, 0
65599, 1750, 0, 0, 0
65699, 1890, 0, 0, 0
65799, 1600, 0, 0, 0
65899, 1790, 0, 0, 0
65999, 1860, 0, 0, 0
66099, 1830, 0, 0, 0
66200, 1890, 0, 0, 0
66300, 1870, 0, 0, 0
66400, 1870, 0, 0, 0
66499, 1777, 0, 0, 0
66599, 1840, 0, 0, 0
66699, 1800, 0, 0, 0
66799, 1950, 0, 0, 0
66899, 1750, 0, 0, 0
67000, 1710, 0, 0, 0
67100, 2020, 0, 0, 0
67200, 1980, 0, 0, 0
67300, 1770, 0, 0, 0
67400, 1800, 0, 0, 0
67499, 1787, 0, 0, 0
67599, 1590, 0, 0, 0
67700, 1820, 0, 0, 0
67800, 1850, 0, 0, 0
67900, 1780, 0, 0, 0
67999, 2090, 0, 0, 0
68099, 1620, 0, 0, 0
68200, 1920, 0, 0, 0
68300, 1960, 0, 0, 0
68400, 2100, 0, 0, 0
68499, 1828, 0, 0, 0
68600, 1730, 0, 0, 0
68700, 2030, 0, 0, 0
68800, 1880, 0, 0, 0
68900, 1840, 0, 0, 0
68999, 1707, 0, 0, 0
69099, 1980, 0, 0, 0
69200, 1980, 0, 0, 0
69300, 1760, 0, 0, 0
69400, 1850, 0, 0, 0
69499, 1767, 0, 0, 0
69600, 1590, 0, 0, 0
69700, 1960, 0, 0, 0
69800, 1630, 0, 0, 0
69900, 1750, 0, 0, 0
69999, 2353, 0, 0, 0
70101, 1752, 0, 0, 0
70200, 1868, 0, 0, 0
70300, 1690, 0, 0, 0
70400, 1570, 0, 0, 0
70499, 1818, 0, 0, 0
70599, 1760, 0, 0, 0
70700, 1820, 0, 0, 0
70800, 2110, 0, 0, 0
70901, 1920, 0, 0, 0
71000, 2020, 0, 0, 0
71100, 1780, 0, 0, 0
71200, 1840, 0, 0, 0
71300, 1710, 0, 0, 0
71400, 1940, 0, 0, 0
71500, 1848, 0, 0, 0
71600, 1860, 0, 0, 0
71700, 1930, 0, 0, 0
71800, 2030, 0, 0, 0
71900, 1840, 0, 0, 0
71999, 1626, 0, 0, 0
72099, 1800, 0, 0, 0
72199, 1890, 0, 0, 0
72300, 1800, 0, 0, 0
72400, 1790, 0, 0, 0
72499, 1757, 0, 0, 0
72599, 1810, 0, 0, 0
72699, 1890, 0, 0, 0
72800, 1880, 0, 0, 0
72900, 2010, 0, 0, 0
72999, 1888, 0, 0, 0
73100, 1900, 0, 0, 0
73200, 1880, 0, 0, 0
73300, 1868, 0, 0, 0
73400, 1810, 0, 0, 0
73499, 1747, 0, 0, 0
73599, 1780, 0, 0, 0
73699, 1620, 0, 0, 0
73800, 1660, 0, 0, 0
73900, 1930, 0, 0, 0
73999, 2020, 0, 0, 0
74099, 1750, 0, 0, 0
74199, 1750, 0, 0, 0
74299, 1780, 0, 0, 0
74399, 1920, 0, 0, 0
74499, 1800, 0, 0, 0
74600, 1930, 0, 0, 0
74700, 1820, 0, 0, 0
74800, 1920, 0, 0, 0
74900, 1880, 0, 0, 0
74999, 1919, 0, 0, 0
75099, 1700, 0, 0, 0
75200, 1720, 0, 0, 0
75300, 1900, 0, 0, 0
75400, 1790, 0, 0, 0
75499, 1828, 0, 0, 0
75599, 1750, 0, 0, 0
75699, 1710, 0, 0, 0
75800, 1770, 0, 0, 0
75900, 1660, 0, 0, 0
75999, 1828, 0, 0, 0
76099, 1890, 0, 0, 0
76199, 1830, 0, 0, 0
76300, 1920, 0, 0, 0
76400, 2060, 0, 0, 0
76500, 2020, 0, 0, 0
76600, 1850, 0, 0, 0
76700, 1840, 0, 0, 0
76800, 1767, 0, 0, 0
76901, 1772, 0, 0, 0
77002, 1730, 0, 0, 0
77102, 1730, 0, 0, 0
77202, 1860, 0, 0, 0
77302, 1830, 0, 0, 0
77403, 1831, 0, 0, 0
77503, 1580, 0, 0, 0
77603, 1880, 0, 0, 0
77704, 1890, 0, 0, 0
77804, 1860, 0, 0, 0
77904, 1870, 0, 0, 0
78004, 1900, 0, 0, 0
78104, 1730, 0, 0, 0
78204, 1760, 0, 0, 0
78305, 1820, 0, 0, 0
78405, 1680, 0, 0, 0
78505, 1930, 0, 0, 0
78606, 1770, 0, 0, 0
78706, 1620, 0, 0, 0
78806, 1820, 0, 0, 0
78906, 1960, 0, 0, 0
79007, 1820, 0, 0, 0
79108, 1732, 0, 0, 0
79208, 1800, 0, 0, 0
79309, 1680, 0, 0, 0
79409, 1670, 0, 0, 0
79509, 1840, 0, 0, 0
79609, 1670, 0, 0, 0
79710, 1660, 0, 0, 0
79810, 1690, 0, 0, 0
79910, 1920, 0, 0, 0
80011, 1720, 0, 0, 0
80111, 1720, 0, 0, 0
80211, 2060, 0, 0, 0
80311, 2000, 0, 0, 0
80411, 1770, 0, 0, 0
80511, 1650, 0, 0, 0
80611, 1760, 0, 0, 0
80711, 1810, 0, 0, 0
80812, 1880, 0, 0, 0
80912, 1660, 0, 0, 0
81012, 1830, 0, 0, 0
81112, 1770, 0, 0, 0
81213, 1820, 0, 0, 0
81314, 1680, 0, 0, 0
81414, 1800, 0, 0, 0
81514, 1850, 0, 0, 0
81614, 1690, 0, 0, 0
81714, 1730, 0, 0, 0
81814, 1830, 0, 0, 0
81914, 1760, 0, 0, 0
82015, 1750, 0, 0, 0
82115, 1570, 0, 0, 0
82215, 2120, 0, 0, 0
82315, 1770, 0, 0, 0
82415, 1850, 0, 0, 0
82515, 2040, 0, 0, 0
82615, 1840, 0, 0, 0
82716, 1760, 0, 0, 0
82816, 1950, 0, 0, 0
82916, 1750, 0, 0, 0
83016, 1860, 0, 0, 0
83117, 1970, 0, 0, 0
83217, 1730, 0, 0, 0
83317, 1780, 0, 0, 0
83417, 1780, 0, 0, 0
83517, 1850, 0, 0, 0
83617, 1880, 0, 0, 0
83717, 1910, 0, 0, 0
83817, 1870, 0, 0, 0
83917, 1880, 0, 0, 0
84018, 1700, 0, 0, 0
84119, 1830, 0, 0, 0
84219, 1990, 0, 0, 0
84319, 1830, 0, 0, 0
84419, 1930, 0, 0, 0
84520, 1780, 0, 0, 0
84620, 1810, 0, 0, 0
84720, 1840, 0, 0, 0
84821, 1801, 0, 0, 0
84921, 1790, 0, 0, 0
85022, 1950, 0, 0, 0
85122, 1890, 0, 0, 0
85222, 1870, 0, 0, 0
85322, 1780, 0, 0, 0
85422, 1810, 0, 0, 0
85523, 1790, 0, 0, 0
85623, 2030, 0, 0, 0
85723, 1890, 0, 0, 0
85823, 1820, 0, 0, 0
85923, 1740, 0, 0, 0
86023, 1830, 0, 0, 0
86123, 1940, 0, 0, 0
86223, 1830, 0, 0, 0
86324, 1800, 0, 0, 0
86424, 1940, 0, 0, 0
86524, 1700, 0, 0, 0
86624, 1950, 0, 0, 0
86725, 1810, 0, 0, 0
86825, 1860, 0, 0, 0
86925, 1760, 0, 0, 0
87025, 1910, 0, 0, 0
87125, 1670, 0, 0, 0
87225, 1890, 0, 0, 0
87326, 1710, 0, 0, 0
87426, 1970, 0, 0, 0
87527, 1840, 0, 0, 0
87627, 1940, 0, 0, 0
87727, 1670, 0, 0, 0
87827, 1900, 0, 0, 0
87927, 1860, 0, 0, 0
88027, 2040, 0, 0, 0
88127, 1730, 0, 0, 0
88228, 1620, 0, 0, 0
88328, 1830, 0, 0, 0
88428, 1810, 0, 0, 0
88528, 1810, 0, 0, 0
88628, 1930, 0, 0, 0
88729, 1900, 0, 0, 0
88829, 1800, 0, 0, 0
88929, 1710, 0, 0, 0
89030, 1910, 0, 0, 0
89130, 1870, 0, 0, 0
89230, 1890, 0, 0, 0
89331, 1730, 0, 0, 0
89431, 1980, 0, 0, 0
89531, 1760, 0, 0, 0
89632, 1770, 0, 0, 0
89732, 1860, 0, 0, 0
89832, 1720, 0, 0, 0
89932, 1910, 0, 0, 0
