250, 412, 0, 0, 0
350, 320, 0, 0, 0
450, 410, 0, 0, 0
551, 380, 0, 0, 0
651, 400, 0, 0, 0
751, 370, 0, 0, 0
851, 410, 0, 0, 0
951, 440, 0, 0, 0
1052, 350, 0, 0, 0
1152, 410, 0, 0, 0
1252, 400, 0, 0, 0
1352, 340, 0, 0, 0
1452, 410, 0, 0, 0
1553, 390, 0, 0, 0
1653, 420, 0, 0, 0
1753, 460, 0, 0, 0
1853, 460, 0, 0, 0
1953, 390, 0, 0, 0
2054, 420, 0, 0, 0
2154, 410, 0, 0, 0
2254, 440, 0, 0, 0
2354, 470, 0, 0, 0
2455, 470, 0, 0, 0
2555, 400, 0, 0, 0
2655, 440, 0, 0, 0
2755, 410, 0, 0, 0
2856, 440, 0, 0, 0
2956, 430, 0, 0, 0
3056, 450, 0, 0, 0
3156, 420, 0, 0, 0
3256, 410, 0, 0, 0
3356, 450, 0, 0, 0
3457, 390, 0, 0, 0
3557, 390, 0, 0, 0
3657, 460, 0, 0, 0
3757, 430, 0, 0, 0
3858, 430, 0, 0, 0
3958, 390, 0, 0, 0
4058, 390, 0, 0, 0
4158, 450, 0, 0, 0
4258, 450, 0, 0, 0
4358, 460, 0, 0, 0
4459, 450, 0, 0, 0
4559, 450, 0, 0, 0
4659, 450, 0, 0, 0
4759, 440, 0, 0, 0
4859, 490, 0, 0, 0
4959, 400, 0, 0, 0
5060, 350, 0, 0, 0
5160, 400, 0, 0, 0
5260, 440, 0, 0, 0
5360, 460, 0, 0, 0
5460, 420, 0, 0, 0
5561, 350, 0, 0, 0
5661, 430, 0, 0, 0
5761, 480, 0, 0, 0
5861, 380, 0, 0, 0
5961, 420, 0, 0, 0
6062, 400, 0, 0, 0
6162, 420, 0, 0, 0
6262, 390, 0, 0, 0
6362, 470, 0, 0, 0
6462, 440, 0, 0, 0
6563, 350, 0, 0, 0
6663, 410, 0, 0, 0
6763, 420, 0, 0, 0
6863, 440, 0, 0, 0
6963, 450, 0, 0, 0
7063, 370, 0, 0, 0
7164, 390, 0, 0, 0
7264, 380, 0, 0, 0
7364, 340, 0, 0, 0
7464, 360, 0, 0, 0
7564, 430, 0, 0, 0
7665, 370, 0, 0, 0
7765, 350, 0, 0, 0
7865, 420, 0, 0, 0
7965, 430, 0, 0, 0
8065, 420, 0, 0, 0
8166, 370, 0, 0, 0
8266, 460, 0, 0, 0
8366, 400, 0, 0, 0
8466, 480, 0, 0, 0
8566, 430, 0, 0, 0
8667, 400, 0, 0, 0
8767, 470, 0, 0, 0
8867, 440, 0, 0, 0
8967, 390, 0, 0, 0
9068, 400, 0, 0, 0
9168, 370, 0, 0, 0
9268, 410, 0, 0, 0
9368, 390, 0, 0, 0
9468, 410, 0, 0, 0
9568, 410, 0, 0, 0
9669, 440, 0, 0, 0
9769, 420, 0, 0, 0
9869, 430, 0, 0, 0
9969, 440, 0, 0, 0
10070, 410, 0, 0, 0
10170, 440, 0, 0, 0
10270, 510, 0, 0, 0
10370, 430, 0, 0, 0
10470, 450, 0, 0, 0
10571, 460, 0, 0, 0
10671, 420, 0, 0, 0
10771, 450, 0, 0, 0
10871, 410, 0, 0, 0
10971, 460, 0, 0, 0
11072, 410, 0, 0, 0
11172, 430, 0, 0, 0
11272, 410, 0, 0, 0
11372, 400, 0, 0, 0
11472, 350, 0, 0, 0
11572, 430, 0, 0, 0
11673, 350, 0, 0, 0
11773, 440, 0, 0, 0
11873, 440, 0, 0, 0
11973, 490, 0, 0, 0
12073, 420, 0, 0, 0
12173, 440, 0, 0, 0
12274, 460, 0, 0, 0
12374, 480, 0, 0, 0
12474, 440, 0, 0, 0
12574, 480, 0, 0, 0
12674, 400, 0, 0, 0
12775, 450, 0, 0, 0
12875, 420, 0, 0, 0
12975, 450, 0, 0, 0
13075, 450, 0, 0, 0
13175, 420, 0, 0, 0
13276, 420, 0, 0, 0
13376, 480, 0, 0, 0
13476, 430, 0, 0, 0
13576, 450, 0, 0, 0
13676, 400, 0, 0, 0
13777, 420, 0, 0, 0
13877, 490, 0, 0, 0
13977, 380, 0, 0, 0
14078, 420, 0, 0, 0
14178, 410, 0, 0, 0
14278, 490, 0, 0, 0
14378, 470, 0, 0, 0
14478, 430, 0, 0, 0
14579, 440, 0, 0, 0
14679, 430, 0, 0, 0
14779, 410, 0, 0, 0
14879, 420, 0, 0, 0
14979, 430, 0, 0, 0
15080, 390, 0, 0, 0
15180, 440, 0, 0, 0
15280, 480, 0, 0, 0
15380, 470, 0, 0, 0
15480, 390, 0, 0, 0
15581, 420, 0, 0, 0
15681, 430, 0, 0, 0
15781, 390, 0, 0, 0
15881, 420, 0, 0, 0
15981, 350, 0, 0, 0
16082, 440, 0, 0, 0
16182, 460, 0, 0, 0
16282, 430, 0, 0, 0
16382, 370, 0, 0, 0
16482, 460, 0, 0, 0
16583, 470, 0, 0, 0
16683, 460, 0, 0, 0
16783, 420, 0, 0, 0
16883, 420, 0, 0, 0
16984, 410, 0, 0, 0
17084, 440, 0, 0, 0
17184, 490, 0, 0, 0
17284, 460, 0, 0, 0
17384, 430, 0, 0, 0
17484, 420, 0, 0, 0
17585, 440, 0, 0, 0
17685, 460, 0, 0, 0
17785, 440, 0, 0, 0
17885, 480, 0, 0, 0
17985, 430, 0, 0, 0
18086, 450, 0, 0, 0
18186, 410, 0, 0, 0
18286, 450, 0, 0, 0
18386, 470, 0, 0, 0
18486, 390, 0, 0, 0
18587, 390, 0, 0, 0
18687, 440, 0, 0, 0
18787, 490, 0, 0, 0
18887, 410, 0, 0, 0
18987, 460, 0, 0, 0
19088, 410, 0, 0, 0
19188, 390, 0, 0, 0
19288, 400, 0, 0, 0
19388, 390, 0, 0, 0
19488, 350, 0, 0, 0
19589, 410, 0, 0, 0
19689, 430, 0, 0, 0
19789, 410, 0, 0, 0
19889, 430, 0, 0, 0
19990, 380, 0, 0, 0
20090, 400, 0, 0, 0
20190, 390, 0, 0, 0
20290, 400, 0, 0, 0
20390, 400, 0, 0, 0
20490, 480, 0, 0, 0
20591, 430, 0, 0, 0
20691, 450, 0, 0, 0
20791, 440, 0, 0, 0
20891, 430, 0, 0, 0
20991, 420, 0, 0, 0
21092, 500, 0, 0, 0
21192, 460, 0, 0, 0
21292, 420, 0, 0, 0
21392, 410, 0, 0, 0
21492, 450, 0, 0, 0
21593, 450, 0, 0, 0
21693, 440, 0, 0, 0
21793, 460, 0, 0, 0
21893, 440, 0, 0, 0
21993, 370, 0, 0, 0
22094, 390, 0, 0, 0
22194, 430, 0, 0, 0
22294, 460, 0, 0, 0
22394, 430, 0, 0, 0
22494, 430, 0, 0, 0
22595, 460, 0, 0, 0
22695, 410, 0, 0, 0
22795, 450, 0, 0, 0
22895, 410, 0, 0, 0
22995, 440, 0, 0, 0
23096, 410, 0, 0, 0
23196, 420, 0, 0, 0
23296, 450, 0, 0, 0
23396, 370, 0, 0, 0
23496, 430, 0, 0, 0
23597, 460, 0, 0, 0
23697, 420, 0, 0, 0
23797, 380, 0, 0, 0
23897, 400, 0, 0, 0
23997, 390, 0, 0, 0
24097, 380, 0, 0, 0
24198, 380, 0, 0, 0
24298, 490, 0, 0, 0
24398, 430, 0, 0, 0
24499, 460, 0, 0, 0
24599, 390, 0, 0, 0
24699, 390, 0, 0, 0
24800, 410, 0, 0, 0
24900, 440, 0, 0, 0
25000, 400, 0, 0, 0
25100, 440, 0, 0, 0
25200, 410, 0, 0, 0
25300, 440, 0, 0, 0
25400, 400, 0, 0, 0
25500, 414, 0, 0, 0
25600, 430, 0, 0, 0
25700, 460, 0, 0, 0
25800, 400, 0, 0, 0
25900, 450, 0, 0, 0
25999, 444, 0, 0, 0
26099, 410, 0, 0, 0
26199, 420, 0, 0, 0
26300, 420, 0, 0, 0
26400, 410, 0, 0, 0
26499, 393, 0, 0, 0
26599, 440, 0, 0, 0
26699, 440, 0, 0, 0
26800, 460, 0, 0, 0
26900, 390, 0, 0, 0
26999, 444, 0, 0, 0
27099, 440, 0, 0, 0
27199, 410, 0, 0, 0
27299, 360, 0, 0, 0
27400, 390, 0, 0, 0
27500, 470, 0, 0, 0
27600, 420, 0, 0, 0
27700, 460, 0, 0, 0
27800, 440, 0, 0, 0
27900, 430, 0, 0, 0
28000, 363, 0, 0, 0
28100, 450, 0, 0, 0
28200, 410, 0, 0, 0
28300, 460, 0, 0, 0
28400, 450, 0, 0, 0
28500, 454, 0, 0, 0
28600, 450, 0, 0, 0
28700, 450, 0, 0, 0
28800, 420, 0, 0, 0
28900, 460, 0, 0, 0
28999, 393, 0, 0, 0
29099, 420, 0, 0, 0
29200, 450, 0, 0, 0
29300, 420, 0, 0, 0
29400, 410, 0, 0, 0
29499, 454, 0, 0, 0
29599, 420, 0, 0, 0
29699, 380, 0, 0, 0
29800, 290, 0, 0, 0
29900, 410, 0, 0, 0
29999, 393, 0, 0, 0
30099, 460, 0, 0, 0
30199, 450, 0, 0, 0
30300, 440, 0, 0, 0
30400, 460, 0, 0, 0
30499, 454, 0, 0, 0
30599, 450, 0, 0, 0
30699, 450, 0, 0, 0
30800, 400, 0, 0, 0
30900, 440, 0, 0, 0
31000, 430, 0, 0, 0
31100, 420, 0, 0, 0
31200, 510, 0, 0, 0
31300, 390, 0, 0, 0
31400, 480, 0, 0, 0
31500, 414, 0, 0, 0
31600, 400, 0, 0, 0
31700, 430, 0, 0, 0
31800, 430, 0, 0, 0
31900, 430, 0, 0, 0
32000, 434, 0, 0, 0
32100, 400, 0, 0, 0
32200, 490, 0, 0, 0
32300, 400, 0, 0, 0
32400, 440, 0, 0, 0
32499, 484, 0, 0, 0
32599, 460, 0, 0, 0
32699, 450, 0, 0, 0
32800, 410, 0, 0, 0
32900, 440, 0, 0, 0
32999, 404, 0, 0, 0
33099, 380, 0, 0, 0
33199, 450, 0, 0, 0
33300, 410, 0, 0, 0
33400, 450, 0, 0, 0
33499, 454, 0, 0, 0
33599, 430, 0, 0, 0
33699, 410, 0, 0, 0
33800, 450, 0, 0, 0
33900, 480, 0, 0, 0
33999, 454, 0, 0, 0
34099, 420, 0, 0, 0
34199, 440, 0, 0, 0
34299, 470, 0, 0, 0
34400, 480, 0, 0, 0
34500, 400, 0, 0, 0
34600, 520, 0, 0, 0
34700, 490, 0, 0, 0
34800, 480, 0, 0, 0
34900, 390, 0, 0, 0
35000, 444, 0, 0, 0
35100, 400, 0, 0, 0
35200, 420, 0, 0, 0
35300, 440, 0, 0, 0
35400, 450, 0, 0, 0
35499, 414, 0, 0, 0
35599, 420, 0, 0, 0
35700, 440, 0, 0, 0
35800, 340, 0, 0, 0
35900, 430, 0, 0, 0
35999, 444, 0, 0, 0
36099, 400, 0, 0, 0
36199, 420, 0, 0, 0
36300, 440, 0, 0, 0
36400, 480, 0, 0, 0
36500, 450, 0, 0, 0
36600, 460, 0, 0, 0
36700, 400, 0, 0, 0
36800, 470, 0, 0, 0
36900, 430, 0, 0, 0
37000, 414, 0, 0, 0
37100, 500, 0, 0, 0
37200, 410, 0, 0, 0
37300, 470, 0, 0, 0
37400, 400, 0, 0, 0
37499, 393, 0, 0, 0
37599, 400, 0, 0, 0
37699, 400, 0, 0, 0
37800, 460, 0, 0, 0
37900, 450, 0, 0, 0
37999, 414, 0, 0, 0
38099, 460, 0, 0, 0
38199, 430, 0, 0, 0
38299, 470, 0, 0, 0
38400, 450, 0, 0, 0
38500, 460, 0, 0, 0
38600, 460, 0, 0, 0
38700, 490, 0, 0, 0
38800, 410, 0, 0, 0
38900, 430, 0, 0, 0
39000, 404, 0, 0, 0
39100, 410, 0, 0, 0
39200, 430, 0, 0, 0
39300, 520, 0, 0, 0
39400, 430, 0, 0, 0
39499, 474, 0, 0, 0
39599, 390, 0, 0, 0
39699, 430, 0, 0, 0
39800, 460, 0, 0, 0
39900, 410, 0, 0, 0
39999, 454, 0, 0, 0
40099, 410, 0, 0, 0
40199, 400, 0, 0, 0
40300, 430, 0, 0, 0
40400, 460, 0, 0, 0
40499, 434, 0, 0, 0
40599, 350, 0, 0, 0
40699, 400, 0, 0, 0
40800, 450, 0, 0, 0
40900, 440, 0, 0, 0
40999, 414, 0, 0, 0
41099, 430, 0, 0, 0
41199, 370, 0, 0, 0
41300, 460, 0, 0, 0
41400, 450, 0, 0, 0
41499, 424, 0, 0, 0
41599, 430, 0, 0, 0
41699, 430, 0, 0, 0
41799, 370, 0, 0, 0
41899, 360, 0, 0, 0
42000, 430, 0, 0, 0
42100, 420, 0, 0, 0
42200, 430, 0, 0, 0
42300, 400, 0, 0, 0
42400, 430, 0, 0, 0
42500, 363, 0, 0, 0
42600, 480, 0, 0, 0
42700, 400, 0, 0, 0
42800, 470, 0, 0, 0
42900, 370, 0, 0, 0
42999, 424, 0, 0, 0
43100, 410, 0, 0, 0
43200, 390, 0, 0, 0
43300, 400, 0, 0, 0
43400, 390, 0, 0, 0
43499, 444, 0, 0, 0
43599, 410, 0, 0, 0
43699, 400, 0, 0, 0
43800, 420, 0, 0, 0
43900, 420, 0, 0, 0
43999, 464, 0, 0, 0
44099, 460, 0, 0, 0
44199, 400, 0, 0, 0
44300, 400, 0, 0, 0
44400, 440, 0, 0, 0
44500, 360, 0, 0, 0
44600, 430, 0, 0, 0
44700, 440, 0, 0, 0
44800, 440, 0, 0, 0
44900, 470, 0, 0, 0
45000, 393, 0, 0, 0
45100, 440, 0, 0, 0
45200, 430, 0, 0, 0
45300, 410, 0, 0, 0
45400, 370, 0, 0, 0
45500, 393, 0, 0, 0
45600, 440, 0, 0, 0
45700, 430, 0, 0, 0
45800, 410, 0, 0, 0
45900, 360, 0, 0, 0
45999, 414, 0, 0, 0
46100, 420, 0, 0, 0
46200, 470, 0, 0, 0
46300, 440, 0, 0, 0
46400, 420, 0, 0, 0
46499, 454, 0, 0, 0
46599, 470, 0, 0, 0
46699, 400, 0, 0, 0
46800, 430, 0, 0, 0
46900, 390, 0, 0, 0
46999, 313, 0, 0, 0
47099, 410, 0, 0, 0
47199, 450, 0, 0, 0
47300, 460, 0, 0, 0
47400, 430, 0, 0, 0
47499, 383, 0, 0, 0
47599, 420, 0, 0, 0
47699, 370, 0, 0, 0
47799, 460, 0, 0, 0
47900, 480, 0, 0, 0
48000, 350, 0, 0, 0
48100, 390, 0, 0, 0
48200, 430, 0, 0, 0
48300, 410, 0, 0, 0
48400, 360, 0, 0, 0
48500, 464, 0, 0, 0
48600, 460, 0, 0, 0
48700, 440, 0, 0, 0
48800, 400, 0, 0, 0
48900, 420, 0, 0, 0
48999, 383, 0, 0, 0
49099, 390, 0, 0, 0
49199, 440, 0, 0, 0
49300, 410, 0, 0, 0
49400, 400, 0, 0, 0
49499, 444, 0, 0, 0
49599, 390, 0, 0, 0
49699, 350, 0, 0, 0
49800, 350, 0, 0, 0
49900, 380, 0, 0, 0
49999, 464, 0, 0, 0
50099, 430, 0, 0, 0
50199, 440, 0, 0, 0
50300, 435, 0, 0, 0
50400, 450, 0, 0, 0
50500, 363, 0, 0, 0
50600, 370, 0, 0, 0
50700, 400, 0, 0, 0
50800, 420, 0, 0, 0
50900, 400, 0, 0, 0
50999, 383, 0, 0, 0
51100, 470, 0, 0, 0
51200, 460, 0, 0, 0
51300, 430, 0, 0, 0
51400, 420, 0, 0, 0
51499, 333, 0, 0, 0
51599, 400, 0, 0, 0
51699, 420, 0, 0, 0
51800, 430, 0, 0, 0
51900, 420, 0, 0, 0
51999, 373, 0, 0, 0
52099, 480, 0, 0, 0
52199, 500, 0, 0, 0
52299, 440, 0, 0, 0
52400, 400, 0, 0, 0
52500, 350, 0, 0, 0
52600, 410, 0, 0, 0
52700, 360, 0, 0, 0
52800, 390, 0, 0, 0
52900, 360, 0, 0, 0
53000, 404, 0, 0, 0
53100, 370, 0, 0, 0
53200, 380, 0, 0, 0
53300, 400, 0, 0, 0
53400, 470, 0, 0, 0
53499, 424, 0, 0, 0
53600, 450, 0, 0, 0
53700, 440, 0, 0, 0
53800, 450, 0, 0, 0
53900, 420, 0, 0, 0
53999, 414, 0, 0, 0
54099, 400, 0, 0, 0
54199, 440, 0, 0, 0
54300, 380, 0, 0, 0
54400, 480, 0, 0, 0
54499, 424, 0, 0, 0
54599, 450, 0, 0, 0
54699, 420, 0, 0, 0
54800, 430, 0, 0, 0
54900, 390, 0, 0, 0
54999, 464, 0, 0, 0
55099, 460, 0, 0, 0
55199, 400, 0, 0, 0
55299, 450, 0, 0, 0
55400, 470, 0, 0, 0
55500, 410, 0, 0, 0
55600, 420, 0, 0, 0
55700, 460, 0, 0, 0
55800, 440, 0, 0, 0
55900, 390, 0, 0, 0
55999, 393, 0, 0, 0
56099, 440, 0, 0, 0
56200, 410, 0, 0, 0
56300, 420, 0, 0, 0
56400, 430, 0, 0, 0
56499, 414, 0, 0, 0
56599, 410, 0, 0, 0
56699, 440, 0, 0, 0
56800, 390, 0, 0, 0
56900, 400, 0, 0, 0
56999, 434, 0, 0, 0
57099, 420, 0, 0, 0
57199, 320, 0, 0, 0
57300, 400, 0, 0, 0
57400, 410, 0, 0, 0
57499, 424, 0, 0, 0
57599, 490, 0, 0, 0
57699, 430, 0, 0, 0
57799, 390, 0, 0, 0
57900, 390, 0, 0, 0
58000, 420, 0, 0, 0
58100, 420, 0, 0, 0
58200, 430, 0, 0, 0
58300, 380, 0, 0, 0
58400, 370, 0, 0, 0
58500, 414, 0, 0, 0
58600, 450, 0, 0, 0
58700, 420, 0, 0, 0
58800, 430, 0, 0, 0
58900, 410, 0, 0, 0
58999, 434, 0, 0, 0
59099, 390, 0, 0, 0
59199, 450, 0, 0, 0
59300, 450, 0, 0, 0
59400, 440, 0, 0, 0
59499, 383, 0, 0, 0
59599, 440, 0, 0, 0
59699, 420, 0, 0, 0
59800, 450, 0, 0, 0
59900, 490, 0, 0, 0
59999, 444, 0, 0, 0
60099, 450, 0, 0, 0
60199, 420, 0, 0, 0
60299, 440, 0, 0, 0
60399, 460, 0, 0, 0
60500, 470, 0, 0, 0
60600, 400, 0, 0, 0
60700, 430, 0, 0, 0
60800, 450, 0, 0, 0
60900, 400, 0, 0, 0
61000, 424, 0, 0, 0
61100, 430, 0, 0, 0
61200, 470, 0, 0, 0
61300, 400, 0, 0, 0
61400, 420, 0, 0, 0
61499, 424, 0, 0, 0
61599, 380, 0, 0, 0
61700, 430, 0, 0, 0
61800, 460, 0, 0, 0
61900, 420, 0, 0, 0
61999, 393, 0, 0, 0
62099, 370, 0, 0, 0
62199, 410, 0, 0, 0
62300, 420, 0, 0, 0
62400, 370, 0, 0, 0
62499, 404, 0, 0, 0
62599, 420, 0, 0, 0
62699, 420, 0, 0, 0
62800, 430, 0, 0, 0
62900, 450, 0, 0, 0
62999, 454, 0, 0, 0
63099, 390, 0, 0, 0
63199, 420, 0, 0, 0
63299, 380, 0, 0, 0
63400, 330, 0, 0, 0
63500, 410, 0, 0, 0
63600, 390, 0, 0, 0
63700, 450, 0, 0, 0
63800, 420, 0, 0, 0
63900, 420, 0, 0, 0
64000, 434, 0, 0, 0
64100, 410, 0, 0, 0
64200, 370, 0, 0, 0
64300, 420, 0, 0, 0
64400, 370, 0, 0, 0
64499, 454, 0, 0, 0
64599, 410, 0, 0, 0
64699, 410, 0, 0, 0
64800, 330, 0, 0, 0
64900, 440, 0, 0, 0
64999, 444, 0, 0, 0
65099, 360, 0, 0, 0
65199, 400, 0, 0, 0
65300, 420, 0, 0, 0
65400, 440, 0, 0, 0
65499, 444, 0, 0, 0
65599, 420, 0, 0, 0
65699, 430, 0, 0, 0
65800, 430, 0, 0, 0
65900, 440, 0, 0, 0
66000, 360, 0, 0, 0
66100, 390, 0, 0, 0
66200, 430, 0, 0, 0
66300, 490, 0, 0, 0
66400, 430, 0, 0, 0
66500, 383, 0, 0, 0
66600, 380, 0, 0, 0
66700, 410, 0, 0, 0
66800, 454, 0, 0, 0
66900, 340, 0, 0, 0
66999, 434, 0, 0, 0
67099, 450, 0, 0, 0
67199, 450, 0, 0, 0
67299, 400, 0, 0, 0
67400, 430, 0, 0, 0
67500, 460, 0, 0, 0
67600, 490, 0, 0, 0
67700, 550, 0, 0, 0
67800, 470, 0, 0, 0
67900, 440, 0, 0, 0
68000, 404, 0, 0, 0
68100, 480, 0, 0, 0
68200, 460, 0, 0, 0
68300, 460, 0, 0, 0
68400, 430, 0, 0, 0
68499, 393, 0, 0, 0
68599, 410, 0, 0, 0
68700, 450, 0, 0, 0
68800, 340, 0, 0, 0
68900, 310, 0, 0, 0
68999, 414, 0, 0, 0
69099, 410, 0, 0, 0
69199, 460, 0, 0, 0
69300, 410, 0, 0, 0
69400, 400, 0, 0, 0
69499, 434, 0, 0, 0
69599, 440, 0, 0, 0
69699, 430, 0, 0, 0
69799, 400, 0, 0, 0
69899, 440, 0, 0, 0
70000, 460, 0, 0, 0
70100, 430, 0, 0, 0
70200, 400, 0, 0, 0
70300, 470, 0, 0, 0
70400, 440, 0, 0, 0
70499, 343, 0, 0, 0
70599, 430, 0, 0, 0
70700, 430, 0, 0, 0
70800, 380, 0, 0, 0
70900, 420, 0, 0, 0
70999, 444, 0, 0, 0
71099, 450, 0, 0, 0
71199, 420, 0, 0, 0
71300, 410, 0, 0, 0
71400, 430, 0, 0, 0
71499, 464, 0, 0, 0
71599, 440, 0, 0, 0
71699, 520, 0, 0, 0
71800, 410, 0, 0, 0
71900, 460, 0, 0, 0
71999, 393, 0, 0, 0
72099, 450, 0, 0, 0
72199, 380, 0, 0, 0
72300, 410, 0, 0, 0
72400, 460, 0, 0, 0
72500, 400, 0, 0, 0
72600, 420, 0, 0, 0
72700, 430, 0, 0, 0
72800, 420, 0, 0, 0
72900, 390, 0, 0, 0
73000, 434, 0, 0, 0
73100, 420, 0, 0, 0
73200, 450, 0, 0, 0
73300, 430, 0, 0, 0
73400, 400, 0, 0, 0
73499, 444, 0, 0, 0
73599, 450, 0, 0, 0
73699, 440, 0, 0, 0
73800, 450, 0, 0, 0
73900, 430, 0, 0, 0
73999, 494, 0, 0, 0
74099, 450, 0, 0, 0
74199, 460, 0, 0, 0
74299, 360, 0, 0, 0
74400, 430, 0, 0, 0
74500, 440, 0, 0, 0
74600, 480, 0, 0, 0
74700, 460, 0, 0, 0
74800, 460, 0, 0, 0
74900, 440, 0, 0, 0
75000, 404, 0, 0, 0
75100, 410, 0, 0, 0
75200, 430, 0, 0, 0
75300, 450, 0, 0, 0
75400, 480, 0, 0, 0
75499, 464, 0, 0, 0
75600, 450, 0, 0, 0
75700, 450, 0, 0, 0
75800, 460, 0, 0, 0
75900, 430, 0, 0, 0
75999, 404, 0, 0, 0
76099, 400, 0, 0, 0
76199, 400, 0, 0, 0
76300, 390, 0, 0, 0
76400, 450, 0, 0, 0
76499, 474, 0, 0, 0
76599, 380, 0, 0, 0
76699, 390, 0, 0, 0
76800, 370, 0, 0, 0
76900, 400, 0, 0, 0
76999, 373, 0, 0, 0
77099, 460, 0, 0, 0
77199, 340, 0, 0, 0
77299, 400, 0, 0, 0
77399, 410, 0, 0, 0
77500, 430, 0, 0, 0
77600, 420, 0, 0, 0
77700, 370, 0, 0, 0
77800, 470, 0, 0, 0
77900, 380, 0, 0, 0
77999, 474, 0, 0, 0
78100, 370, 0, 0, 0
78200, 360, 0, 0, 0
78300, 420, 0, 0, 0
78400, 400, 0, 0, 0
78499, 424, 0, 0, 0
78599, 430, 0, 0, 0
78699, 410, 0, 0, 0
78800, 470, 0, 0, 0
78900, 420, 0, 0, 0
78999, 424, 0, 0, 0
79099, 400, 0, 0, 0
79199, 480, 0, 0, 0
79300, 460, 0, 0, 0
79400, 430, 0, 0, 0
79499, 383, 0, 0, 0
79599, 430, 0, 0, 0
79699, 430, 0, 0, 0
79800, 400, 0, 0, 0
79900, 460, 0, 0, 0
79999, 393, 0, 0, 0
80099, 460, 0, 0, 0
80199, 450, 0, 0, 0
80300, 470, 0, 0, 0
80400, 470, 0, 0, 0
80499, 404, 0, 0, 0
80599, 430, 0, 0, 0
80699, 430, 0, 0, 0
80800, 440, 0, 0, 0
80900, 380, 0, 0, 0
81000, 430, 0, 0, 0
81100, 330, 0, 0, 0
81200, 440, 0, 0, 0
81300, 390, 0, 0, 0
81400, 400, 0, 0, 0
81500, 393, 0, 0, 0
81600, 420, 0, 0, 0
81700, 480, 0, 0, 0
81800, 370, 0, 0, 0
81900, 370, 0, 0, 0
81999, 404, 0, 0, 0
82099, 390, 0, 0, 0
82199, 410, 0, 0, 0
82300, 360, 0, 0, 0
82400, 430, 0, 0, 0
82499, 424, 0, 0, 0
82599, 430, 0, 0, 0
82699, 430, 0, 0, 0
82800, 360, 0, 0, 0
82900, 370, 0, 0, 0
83000, 430, 0, 0, 0
83100, 430, 0, 0, 0
83200, 430, 0, 0, 0
83300, 370, 0, 0, 0
83400, 420, 0, 0, 0
83500, 343, 0, 0, 0
83600, 340, 0, 0, 0
83700, 280, 0, 0, 0
83800, 430, 0, 0, 0
83900, 340, 0, 0, 0
84000, 404, 0, 0, 0
84100, 440, 0, 0, 0
84200, 380, 0, 0, 0
84300, 400, 0, 0, 0
84400, 350, 0, 0, 0
84499, 404, 0, 0, 0
84600, 380, 0, 0, 0
84700, 420, 0, 0, 0
84800, 430, 0, 0, 0
84900, 410, 0, 0, 0
84999, 414, 0, 0, 0
85099, 360, 0, 0, 0
85199, 380, 0, 0, 0
85300, 450, 0, 0, 0
85400, 470, 0, 0, 0
85499, 505, 0, 0, 0
85599, 400, 0, 0, 0
85699, 350, 0, 0, 0
85799, 350, 0, 0, 0
85899, 490, 0, 0, 0
86000, 400, 0, 0, 0
86100, 380, 0, 0, 0
86200, 380, 0, 0, 0
86301, 360, 0, 0, 0
86400, 414, 0, 0, 0
86499, 363, 0, 0, 0
86599, 450, 0, 0, 0
86699, 420, 0, 0, 0
86800, 410, 0, 0, 0
86900, 420, 0, 0, 0
87000, 400, 0, 0, 0
87100, 350, 0, 0, 0
87200, 410, 0, 0, 0
87300, 360, 0, 0, 0
87400, 400, 0, 0, 0
87500, 474, 0, 0, 0
87600, 370, 0, 0, 0
87700, 450, 0, 0, 0
87800, 330, 0, 0, 0
87900, 430, 0, 0, 0
88000, 424, 0, 0, 0
88100, 420, 0, 0, 0
88200, 430, 0, 0, 0
88300, 480, 0, 0, 0
88400, 390, 0, 0, 0
88499, 313, 0, 0, 0
88599, 380, 0, 0, 0
88700, 430, 0, 0, 0
88800, 420, 0, 0, 0
88900, 480, 0, 0, 0
88999, 454, 0, 0, 0
89099, 440, 0, 0, 0
89199, 450, 0, 0, 0
89300, 370, 0, 0, 0
89400, 390, 0, 0, 0
89499, 434, 0, 0, 0
89599, 420, 0, 0, 0
89699, 440, 0, 0, 0
89799, 450, 0, 0, 0
89899, 480, 0, 0, 0
90000, 440, 0, 0, 0
