100, 5795226, 0, 0, 0
200, 7351675, 0, 0, 0
300, 6987640, 0, 0, 0
400, 6609305, 0, 0, 0
500, 6591941, 0, 0, 0
602, 6682434, 0, 0, 0
700, 6419753, 0, 0, 0
800, 7200391, 0, 0, 0
900, 6411401, 0, 0, 0
1000, 5878780, 0, 0, 0
1100, 7075015, 0, 0, 0
1200, 6624365, 0, 0, 0
1300, 5905686, 0, 0, 0
1400, 6458247, 0, 0, 0
1500, 6650922, 0, 0, 0
1600, 6310743, 0, 0, 0
1700, 6742198, 0, 0, 0
1800, 6711809, 0, 0, 0
1900, 7281086, 0, 0, 0
2000, 6424997, 0, 0, 0
2100, 5605664, 0, 0, 0
2200, 6982853, 0, 0, 0
2300, 6726513, 0, 0, 0
2400, 7015955, 0, 0, 0
2500, 7492257, 0, 0, 0
2600, 7533469, 0, 0, 0
2700, 7402897, 0, 0, 0
2800, 6468691, 0, 0, 0
2900, 7424848, 0, 0, 0
3000, 6809252, 0, 0, 0
3100, 6309864, 0, 0, 0
3200, 7031977, 0, 0, 0
3300, 6513018, 0, 0, 0
3400, 6537353, 0, 0, 0
3500, 6639882, 0, 0, 0
3600, 6287856, 0, 0, 0
3700, 6665861, 0, 0, 0
3800, 5677464, 0, 0, 0
3900, 5941255, 0, 0, 0
4001, 6377164, 0, 0, 0
4100, 7947756, 0, 0, 0
4200, 6506584, 0, 0, 0
4300, 6496708, 0, 0, 0
4400, 6011361, 0, 0, 0
4500, 6336003, 0, 0, 0
4601, 6887369, 0, 0, 0
4700, 8255226, 0, 0, 0
4800, 6169758, 0, 0, 0
4900, 6301695, 0, 0, 0
5000, 6223892, 0, 0, 0
5100, 6581866, 0, 0, 0
5200, 5771495, 0, 0, 0
5300, 5887692, 0, 0, 0
5400, 5835509, 0, 0, 0
5500, 6388076, 0, 0, 0
5600, 6420247, 0, 0, 0
5700, 6316296, 0, 0, 0
5800, 6141848, 0, 0, 0
5900, 6485875, 0, 0, 0
6000, 6310040, 0, 0, 0
6100, 7224702, 0, 0, 0
6200, 6461776, 0, 0, 0
6300, 9270318, 0, 0, 0
6400, 7696877, 0, 0, 0
6500, 7849731, 0, 0, 0
6601, 6441570, 0, 0, 0
6700, 6222662, 0, 0, 0
6800, 6984898, 0, 0, 0
6900, 6040424, 0, 0, 0
7001, 8529737, 0, 0, 0
7100, 6385512, 0, 0, 0
7200, 7428451, 0, 0, 0
7301, 7166006, 0, 0, 0
7400, 7363917, 0, 0, 0
7501, 6125042, 0, 0, 0
7600, 6136531, 0, 0, 0
7700, 5841659, 0, 0, 0
7800, 7935639, 0, 0, 0
7900, 8067895, 0, 0, 0
8000, 6503276, 0, 0, 0
8100, 6248945, 0, 0, 0
8200, 7233035, 0, 0, 0
8300, 9287860, 0, 0, 0
8400, 7776271, 0, 0, 0
8502, 6652836, 0, 0, 0
8600, 7870463, 0, 0, 0
8700, 6526319, 0, 0, 0
8800, 6140187, 0, 0, 0
8900, 7913157, 0, 0, 0
9000, 5034449, 0, 0, 0
9100, 7901836, 0, 0, 0
9200, 5902445, 0, 0, 0
9300, 8428951, 0, 0, 0
9400, 6524664, 0, 0, 0
9500, 7013839, 0, 0, 0
9600, 6496347, 0, 0, 0
9702, 6970355, 0, 0, 0
9800, 6783431, 0, 0, 0
9900, 6282113, 0, 0, 0
10000, 6377220, 0, 0, 0
10100, 8285952, 0, 0, 0
10200, 6397401, 0, 0, 0
10300, 7880336, 0, 0, 0
10400, 5999541, 0, 0, 0
10500, 8089908, 0, 0, 0
10600, 6942160, 0, 0, 0
10700, 6365123, 0, 0, 0
10800, 6801066, 0, 0, 0
10900, 6164566, 0, 0, 0
11000, 6830616, 0, 0, 0
11100, 7661400, 0, 0, 0
11200, 6687305, 0, 0, 0
11300, 6198894, 0, 0, 0
11400, 6555603, 0, 0, 0
11500, 6018181, 0, 0, 0
11600, 7690985, 0, 0, 0
11700, 6181553, 0, 0, 0
11800, 6158116, 0, 0, 0
11900, 6259114, 0, 0, 0
12000, 5789990, 0, 0, 0
12100, 7433675, 0, 0, 0
12200, 5283677, 0, 0, 0
12300, 6491421, 0, 0, 0
12400, 6561577, 0, 0, 0
12500, 5880446, 0, 0, 0
12600, 6439052, 0, 0, 0
12700, 7482521, 0, 0, 0
12800, 6859277, 0, 0, 0
12900, 6378454, 0, 0, 0
13000, 6407837, 0, 0, 0
13100, 6581238, 0, 0, 0
13200, 5825820, 0, 0, 0
13300, 7777571, 0, 0, 0
13400, 6582470, 0, 0, 0
13500, 6096176, 0, 0, 0
13600, 8435055, 0, 0, 0
13700, 6294521, 0, 0, 0
13800, 6916085, 0, 0, 0
13901, 6809993, 0, 0, 0
14000, 6436972, 0, 0, 0
14100, 7066830, 0, 0, 0
14200, 5900618, 0, 0, 0
14300, 7038789, 0, 0, 0
14401, 7474221, 0, 0, 0
14500, 6462720, 0, 0, 0
14600, 6075078, 0, 0, 0
14700, 6899106, 0, 0, 0
14800, 5614280, 0, 0, 0
14900, 6062890, 0, 0, 0
15000, 6146644, 0, 0, 0
15100, 6582436, 0, 0, 0
15200, 6956030, 0, 0, 0
15300, 6583360, 0, 0, 0
15400, 5845047, 0, 0, 0
15500, 6684276, 0, 0, 0
15600, 6558077, 0, 0, 0
15703, 6091698, 0, 0, 0
15800, 7508169, 0, 0, 0
15900, 6457595, 0, 0, 0
16000, 6050309, 0, 0, 0
16101, 6685101, 0, 0, 0
16201, 6654879, 0, 0, 0
16300, 6712427, 0, 0, 0
16400, 5838163, 0, 0, 0
16500, 6236223, 0, 0, 0
16600, 6991945, 0, 0, 0
16700, 6202016, 0, 0, 0
16800, 6713813, 0, 0, 0
16900, 7342113, 0, 0, 0
17000, 6946882, 0, 0, 0
17100, 7763375, 0, 0, 0
17201, 8658326, 0, 0, 0
17300, 6756676, 0, 0, 0
17401, 6586829, 0, 0, 0
17500, 5704570, 0, 0, 0
17600, 6466187, 0, 0, 0
17700, 6346724, 0, 0, 0
17800, 6578003, 0, 0, 0
17900, 6551012, 0, 0, 0
18000, 6787537, 0, 0, 0
18100, 6810204, 0, 0, 0
18200, 7036984, 0, 0, 0
18300, 6447890, 0, 0, 0
18400, 6630999, 0, 0, 0
18500, 5887708, 0, 0, 0
18600, 6884599, 0, 0, 0
18700, 6864096, 0, 0, 0
18800, 5820690, 0, 0, 0
18900, 7398471, 0, 0, 0
19000, 5715862, 0, 0, 0
19101, 5734638, 0, 0, 0
19200, 7182977, 0, 0, 0
19300, 7845325, 0, 0, 0
19400, 8164132, 0, 0, 0
19500, 7463381, 0, 0, 0
19600, 6338925, 0, 0, 0
19700, 7886017, 0, 0, 0
19800, 6690373, 0, 0, 0
19900, 7154078, 0, 0, 0
20000, 6909525, 0, 0, 0
20100, 6384978, 0, 0, 0
20201, 7179793, 0, 0, 0
20300, 10166045, 0, 0, 0
20400, 7612669, 0, 0, 0
20500, 6078468, 0, 0, 0
20600, 6288801, 0, 0, 0
20700, 6882789, 0, 0, 0
20800, 6214673, 0, 0, 0
20900, 5830244, 0, 0, 0
21000, 7216162, 0, 0, 0
21100, 6925065, 0, 0, 0
21200, 6459492, 0, 0, 0
21300, 6485794, 0, 0, 0
21400, 6163087, 0, 0, 0
21500, 6542236, 0, 0, 0
21600, 6363421, 0, 0, 0
21700, 5701453, 0, 0, 0
21800, 6381927, 0, 0, 0
21900, 7353091, 0, 0, 0
22000, 6675484, 0, 0, 0
22100, 7077837, 0, 0, 0
22200, 6879210, 0, 0, 0
22300, 6233572, 0, 0, 0
22400, 6765005, 0, 0, 0
22501, 5926858, 0, 0, 0
22600, 6747262, 0, 0, 0
22700, 6508389, 0, 0, 0
22800, 6556045, 0, 0, 0
22901, 7575038, 0, 0, 0
23000, 6295485, 0, 0, 0
23100, 6009827, 0, 0, 0
23200, 5802848, 0, 0, 0
23300, 5676484, 0, 0, 0
23400, 8013716, 0, 0, 0
23500, 6324486, 0, 0, 0
23600, 6077515, 0, 0, 0
23700, 7132007, 0, 0, 0
23800, 7081628, 0, 0, 0
23900, 6014944, 0, 0, 0
24000, 6833037, 0, 0, 0
24100, 6522490, 0, 0, 0
24200, 7486638, 0, 0, 0
24300, 6039036, 0, 0, 0
24400, 6718485, 0, 0, 0
24500, 6426289, 0, 0, 0
24600, 7755624, 0, 0, 0
24701, 5779388, 0, 0, 0
24800, 6651001, 0, 0, 0
24900, 6935773, 0, 0, 0
25000, 6748222, 0, 0, 0
25100, 6896046, 0, 0, 0
25200, 6751095, 0, 0, 0
25300, 6573983, 0, 0, 0
25400, 6944421, 0, 0, 0
25500, 7154251, 0, 0, 0
25600, 6500684, 0, 0, 0
25700, 8327142, 0, 0, 0
25800, 4993144, 0, 0, 0
25900, 6476612, 0, 0, 0
26000, 5577814, 0, 0, 0
26100, 6632832, 0, 0, 0
26200, 6707623, 0, 0, 0
26300, 6497630, 0, 0, 0
26400, 6666878, 0, 0, 0
26500, 6325217, 0, 0, 0
26600, 5819521, 0, 0, 0
26700, 6448414, 0, 0, 0
26801, 6889048, 0, 0, 0
26900, 6734627, 0, 0, 0
27000, 5929959, 0, 0, 0
27100, 5844016, 0, 0, 0
27200, 5941190, 0, 0, 0
27300, 6197800, 0, 0, 0
27400, 5881272, 0, 0, 0
27500, 6507903, 0, 0, 0
27600, 5479483, 0, 0, 0
27700, 6789250, 0, 0, 0
27800, 7051913, 0, 0, 0
27901, 5365364, 0, 0, 0
28000, 6257318, 0, 0, 0
28100, 6350856, 0, 0, 0
28200, 7025324, 0, 0, 0
28300, 6142215, 0, 0, 0
28400, 6503994, 0, 0, 0
28500, 6985988, 0, 0, 0
28600, 6203071, 0, 0, 0
28700, 6393641, 0, 0, 0
28800, 6677750, 0, 0, 0
28900, 6119723, 0, 0, 0
29000, 7144101, 0, 0, 0
29100, 6806132, 0, 0, 0
29200, 7566502, 0, 0, 0
29300, 7282189, 0, 0, 0
29400, 6275052, 0, 0, 0
29500, 6320233, 0, 0, 0
29600, 7002787, 0, 0, 0
29700, 7365153, 0, 0, 0
29800, 7102788, 0, 0, 0
29900, 6128985, 0, 0, 0
30001, 6021893, 0, 0, 0
30100, 7356839, 0, 0, 0
30201, 6307968, 0, 0, 0
30300, 6286901, 0, 0, 0
30400, 6947603, 0, 0, 0
30500, 6169291, 0, 0, 0
30600, 7899965, 0, 0, 0
30700, 5616864, 0, 0, 0
30800, 6772335, 0, 0, 0
30900, 6250813, 0, 0, 0
31000, 7219981, 0, 0, 0
31100, 6629921, 0, 0, 0
31200, 7316717, 0, 0, 0
31300, 6293393, 0, 0, 0
31400, 7547523, 0, 0, 0
31502, 5995688, 0, 0, 0
31600, 6544961, 0, 0, 0
31700, 6684368, 0, 0, 0
31800, 6451439, 0, 0, 0
31901, 6015787, 0, 0, 0
32000, 7186582, 0, 0, 0
32100, 6951949, 0, 0, 0
32200, 7101543, 0, 0, 0
32300, 6946535, 0, 0, 0
32400, 5789050, 0, 0, 0
32500, 6317654, 0, 0, 0
32600, 5774324, 0, 0, 0
32700, 5877447, 0, 0, 0
32800, 6575773, 0, 0, 0
32900, 6384694, 0, 0, 0
33000, 5256272, 0, 0, 0
33100, 6917761, 0, 0, 0
33200, 5752638, 0, 0, 0
33300, 5666086, 0, 0, 0
33400, 5533269, 0, 0, 0
33501, 5768377, 0, 0, 0
33600, 6792030, 0, 0, 0
33700, 6542706, 0, 0, 0
33801, 7160239, 0, 0, 0
33900, 5348800, 0, 0, 0
34001, 7186779, 0, 0, 0
34100, 6457703, 0, 0, 0
34200, 6726272, 0, 0, 0
34301, 6853026, 0, 0, 0
34401, 7573749, 0, 0, 0
34502, 6368007, 0, 0, 0
34600, 6493427, 0, 0, 0
34702, 6041298, 0, 0, 0
34800, 7834507, 0, 0, 0
34900, 6287675, 0, 0, 0
35000, 5295321, 0, 0, 0
35100, 6373446, 0, 0, 0
35200, 6431734, 0, 0, 0
35300, 6267486, 0, 0, 0
35400, 6700488, 0, 0, 0
35500, 6696923, 0, 0, 0
35600, 7512967, 0, 0, 0
35700, 6679894, 0, 0, 0
35800, 6709775, 0, 0, 0
35900, 7810789, 0, 0, 0
36000, 6445479, 0, 0, 0
36100, 6033211, 0, 0, 0
36200, 7053856, 0, 0, 0
36300, 7032402, 0, 0, 0
36400, 6488418, 0, 0, 0
36501, 6760417, 0, 0, 0
36600, 7195401, 0, 0, 0
36700, 6059812, 0, 0, 0
36800, 7195249, 0, 0, 0
36900, 6258668, 0, 0, 0
37000, 6685495, 0, 0, 0
37100, 6938399, 0, 0, 0
37200, 5820325, 0, 0, 0
37300, 6685033, 0, 0, 0
37400, 6150989, 0, 0, 0
37500, 5423061, 0, 0, 0
37600, 5861434, 0, 0, 0
37700, 5864768, 0, 0, 0
37800, 6453809, 0, 0, 0
37900, 6098924, 0, 0, 0
38000, 6077033, 0, 0, 0
38100, 6670832, 0, 0, 0
38200, 7162484, 0, 0, 0
38300, 6177078, 0, 0, 0
38400, 6072405, 0, 0, 0
38500, 6533438, 0, 0, 0
38600, 7238110, 0, 0, 0
38700, 7484120, 0, 0, 0
38800, 6849484, 0, 0, 0
38900, 8056836, 0, 0, 0
39000, 6699159, 0, 0, 0
39100, 6361085, 0, 0, 0
39200, 5887271, 0, 0, 0
39300, 5985727, 0, 0, 0
39400, 6052575, 0, 0, 0
39500, 6332513, 0, 0, 0
39600, 5523976, 0, 0, 0
39700, 5718768, 0, 0, 0
39801, 7087669, 0, 0, 0
39900, 6667574, 0, 0, 0
40000, 7130086, 0, 0, 0
40101, 6754791, 0, 0, 0
40200, 6402749, 0, 0, 0
40300, 6536001, 0, 0, 0
40400, 5789932, 0, 0, 0
40500, 6807423, 0, 0, 0
40600, 7041423, 0, 0, 0
40700, 7378095, 0, 0, 0
40800, 5875110, 0, 0, 0
40900, 6311111, 0, 0, 0
41000, 6296956, 0, 0, 0
41100, 6473171, 0, 0, 0
41200, 6244491, 0, 0, 0
41300, 6477903, 0, 0, 0
41400, 6950515, 0, 0, 0
41500, 7369820, 0, 0, 0
41600, 6545304, 0, 0, 0
41700, 8414696, 0, 0, 0
41800, 6543265, 0, 0, 0
41900, 7320705, 0, 0, 0
42000, 6137063, 0, 0, 0
42100, 6626445, 0, 0, 0
42200, 5438304, 0, 0, 0
42300, 6789235, 0, 0, 0
42401, 7281631, 0, 0, 0
42500, 6961125, 0, 0, 0
42600, 6526506, 0, 0, 0
42701, 6852110, 0, 0, 0
42800, 6716710, 0, 0, 0
42900, 5782492, 0, 0, 0
43000, 6824589, 0, 0, 0
43100, 7991708, 0, 0, 0
43200, 6739366, 0, 0, 0
43300, 6718170, 0, 0, 0
43400, 6227491, 0, 0, 0
43500, 6264858, 0, 0, 0
43600, 7097639, 0, 0, 0
43700, 6940327, 0, 0, 0
43800, 6961391, 0, 0, 0
43900, 6211195, 0, 0, 0
44000, 6948971, 0, 0, 0
44100, 6898075, 0, 0, 0
44200, 5998415, 0, 0, 0
44300, 7018033, 0, 0, 0
44400, 7004098, 0, 0, 0
44500, 7545162, 0, 0, 0
44600, 6980352, 0, 0, 0
44700, 6566430, 0, 0, 0
44800, 6608806, 0, 0, 0
44900, 6166802, 0, 0, 0
45000, 5612350, 0, 0, 0
45100, 6367414, 0, 0, 0
45200, 6330471, 0, 0, 0
45301, 6723739, 0, 0, 0
45401, 7352946, 0, 0, 0
45500, 7082036, 0, 0, 0
45600, 6584855, 0, 0, 0
45700, 6322385, 0, 0, 0
45800, 6664081, 0, 0, 0
45900, 6281122, 0, 0, 0
46000, 6959477, 0, 0, 0
46100, 6635193, 0, 0, 0
46200, 5718874, 0, 0, 0
46300, 6031612, 0, 0, 0
46400, 6473412, 0, 0, 0
46500, 6536061, 0, 0, 0
46600, 6867110, 0, 0, 0
46700, 6797452, 0, 0, 0
46800, 6303901, 0, 0, 0
46900, 7131044, 0, 0, 0
47000, 6647617, 0, 0, 0
47100, 6003721, 0, 0, 0
47200, 6614688, 0, 0, 0
47300, 5719821, 0, 0, 0
47400, 7593266, 0, 0, 0
47500, 6550465, 0, 0, 0
47600, 6918894, 0, 0, 0
47700, 5972352, 0, 0, 0
47800, 6824015, 0, 0, 0
47900, 5397908, 0, 0, 0
48002, 6145932, 0, 0, 0
48100, 6327015, 0, 0, 0
48200, 6919532, 0, 0, 0
48300, 6711691, 0, 0, 0
48400, 6385564, 0, 0, 0
48500, 7175503, 0, 0, 0
48600, 6390705, 0, 0, 0
48701, 6822520, 0, 0, 0
48801, 6391678, 0, 0, 0
48900, 6373843, 0, 0, 0
49000, 6350248, 0, 0, 0
49100, 6953814, 0, 0, 0
49200, 6369900, 0, 0, 0
49300, 5826247, 0, 0, 0
49401, 6317776, 0, 0, 0
49500, 6780267, 0, 0, 0
49600, 5666505, 0, 0, 0
49700, 6077254, 0, 0, 0
49800, 7229707, 0, 0, 0
49900, 5166068, 0, 0, 0
50000, 6611234, 0, 0, 0
50101, 5597756, 0, 0, 0
50200, 7628187, 0, 0, 0
50300, 6515584, 0, 0, 0
50400, 6386321, 0, 0, 0
50500, 5694928, 0, 0, 0
50600, 7371624, 0, 0, 0
50701, 6086301, 0, 0, 0
50800, 6178482, 0, 0, 0
50900, 6069159, 0, 0, 0
51000, 6145078, 0, 0, 0
51100, 6275248, 0, 0, 0
51200, 5589441, 0, 0, 0
51300, 6254935, 0, 0, 0
51400, 7400791, 0, 0, 0
51500, 5607025, 0, 0, 0
51601, 6613847, 0, 0, 0
51700, 7244331, 0, 0, 0
51800, 6162652, 0, 0, 0
51900, 5721739, 0, 0, 0
52000, 5840782, 0, 0, 0
52100, 6074835, 0, 0, 0
52200, 7019741, 0, 0, 0
52300, 6278120, 0, 0, 0
52400, 6479448, 0, 0, 0
52500, 7407278, 0, 0, 0
52600, 6371892, 0, 0, 0
52700, 7054725, 0, 0, 0
52800, 6251605, 0, 0, 0
52900, 7283206, 0, 0, 0
53000, 6463711, 0, 0, 0
53100, 6246058, 0, 0, 0
53202, 6837157, 0, 0, 0
53300, 7701776, 0, 0, 0
53400, 5639489, 0, 0, 0
53500, 6094963, 0, 0, 0
53600, 7660579, 0, 0, 0
53700, 5420245, 0, 0, 0
53800, 7040479, 0, 0, 0
53900, 6336120, 0, 0, 0
54000, 5271166, 0, 0, 0
54100, 6627326, 0, 0, 0
54200, 7496968, 0, 0, 0
54300, 6077485, 0, 0, 0
54400, 7098299, 0, 0, 0
54500, 6180866, 0, 0, 0
54600, 6586610, 0, 0, 0
54700, 6032640, 0, 0, 0
54800, 5960946, 0, 0, 0
54900, 6010212, 0, 0, 0
55000, 5842822, 0, 0, 0
55100, 5672615, 0, 0, 0
55200, 5692087, 0, 0, 0
55300, 7073904, 0, 0, 0
55400, 6132756, 0, 0, 0
55500, 6639048, 0, 0, 0
55600, 6613741, 0, 0, 0
55700, 6259876, 0, 0, 0
55800, 6948694, 0, 0, 0
55900, 7248077, 0, 0, 0
56000, 7257098, 0, 0, 0
56100, 5419645, 0, 0, 0
56200, 5497548, 0, 0, 0
56300, 6027639, 0, 0, 0
56400, 6362274, 0, 0, 0
56500, 6299392, 0, 0, 0
56600, 6287304, 0, 0, 0
56700, 6642154, 0, 0, 0
56800, 7654210, 0, 0, 0
56901, 6954448, 0, 0, 0
57000, 6636622, 0, 0, 0
57100, 6836145, 0, 0, 0
57200, 6151856, 0, 0, 0
57300, 7129755, 0, 0, 0
57400, 6789050, 0, 0, 0
57500, 6189139, 0, 0, 0
57600, 6594373, 0, 0, 0
57700, 6855013, 0, 0, 0
57800, 7452522, 0, 0, 0
57900, 6606271, 0, 0, 0
58000, 5881771, 0, 0, 0
58100, 5994548, 0, 0, 0
58200, 6692344, 0, 0, 0
58300, 6364151, 0, 0, 0
58400, 4999086, 0, 0, 0
58500, 6239706, 0, 0, 0
58601, 6701198, 0, 0, 0
58700, 6921716, 0, 0, 0
58800, 6360542, 0, 0, 0
58900, 6372678, 0, 0, 0
59000, 5983907, 0, 0, 0
59100, 6204483, 0, 0, 0
59200, 6162402, 0, 0, 0
59300, 6011216, 0, 0, 0
59400, 6985848, 0, 0, 0
59500, 6959003, 0, 0, 0
59601, 8418850, 0, 0, 0
59700, 6271522, 0, 0, 0
59801, 7569103, 0, 0, 0
59900, 7145773, 0, 0, 0
60000, 6042557, 0, 0, 0
60100, 6442841, 0, 0, 0
60200, 6647420, 0, 0, 0
60300, 6349416, 0, 0, 0
60400, 5295023, 0, 0, 0
60500, 6675067, 0, 0, 0
60600, 6708954, 0, 0, 0
60700, 6684106, 0, 0, 0
60800, 5522555, 0, 0, 0
60900, 6164575, 0, 0, 0
61000, 6280883, 0, 0, 0
61100, 6199799, 0, 0, 0
61200, 6666479, 0, 0, 0
61300, 5996087, 0, 0, 0
61400, 5919478, 0, 0, 0
61500, 6512392, 0, 0, 0
61600, 6605533, 0, 0, 0
61700, 5786999, 0, 0, 0
61800, 9067939, 0, 0, 0
61900, 6443418, 0, 0, 0
62000, 7214612, 0, 0, 0
62100, 5708738, 0, 0, 0
62201, 7096742, 0, 0, 0
62300, 6782332, 0, 0, 0
62400, 6845626, 0, 0, 0
62503, 7013406, 0, 0, 0
62600, 6994846, 0, 0, 0
62700, 5857393, 0, 0, 0
62800, 6873201, 0, 0, 0
62901, 7899249, 0, 0, 0
63000, 6581521, 0, 0, 0
63100, 6543488, 0, 0, 0
63200, 6718410, 0, 0, 0
63300, 6332271, 0, 0, 0
63400, 6524648, 0, 0, 0
63501, 5862338, 0, 0, 0
63600, 6504261, 0, 0, 0
63700, 6750541, 0, 0, 0
63800, 6232357, 0, 0, 0
63900, 7453832, 0, 0, 0
64000, 6982208, 0, 0, 0
64101, 6242123, 0, 0, 0
64200, 7240133, 0, 0, 0
64300, 7132106, 0, 0, 0
64400, 6568435, 0, 0, 0
64500, 7244977, 0, 0, 0
64600, 7385409, 0, 0, 0
64701, 6937230, 0, 0, 0
64801, 8518641, 0, 0, 0
64900, 6823924, 0, 0, 0
65000, 5649951, 0, 0, 0
65100, 6935091, 0, 0, 0
65200, 7104241, 0, 0, 0
65300, 6420670, 0, 0, 0
65401, 5814885, 0, 0, 0
65500, 6618255, 0, 0, 0
65600, 6426321, 0, 0, 0
65700, 6549915, 0, 0, 0
65800, 6364316, 0, 0, 0
65900, 7554028, 0, 0, 0
66000, 6395232, 0, 0, 0
66100, 7430765, 0, 0, 0
66200, 6451439, 0, 0, 0
66300, 7327465, 0, 0, 0
66401, 6017064, 0, 0, 0
66500, 7703622, 0, 0, 0
66600, 5937274, 0, 0, 0
66700, 7293395, 0, 0, 0
66800, 6777254, 0, 0, 0
66900, 5963778, 0, 0, 0
67000, 6868541, 0, 0, 0
67100, 6655749, 0, 0, 0
67200, 6259419, 0, 0, 0
67300, 6862097, 0, 0, 0
67400, 6669181, 0, 0, 0
67500, 6728145, 0, 0, 0
67600, 7338821, 0, 0, 0
67700, 6197417, 0, 0, 0
67800, 6562158, 0, 0, 0
67900, 5533589, 0, 0, 0
68000, 8611683, 0, 0, 0
68100, 5797196, 0, 0, 0
68200, 6586060, 0, 0, 0
68300, 7125096, 0, 0, 0
68400, 5900820, 0, 0, 0
68500, 6691523, 0, 0, 0
68600, 6359777, 0, 0, 0
68700, 5971886, 0, 0, 0
68800, 5670096, 0, 0, 0
68900, 7830378, 0, 0, 0
69000, 6415950, 0, 0, 0
69100, 7264030, 0, 0, 0
69200, 7033903, 0, 0, 0
69300, 6362836, 0, 0, 0
69400, 6786426, 0, 0, 0
69500, 6522927, 0, 0, 0
69600, 6776614, 0, 0, 0
69700, 7808640, 0, 0, 0
69800, 7500007, 0, 0, 0
69905, 5928797, 0, 0, 0
70000, 8058761, 0, 0, 0
70100, 6462733, 0, 0, 0
70200, 5483338, 0, 0, 0
70300, 6713672, 0, 0, 0
70400, 7313808, 0, 0, 0
70500, 6261289, 0, 0, 0
70600, 6100614, 0, 0, 0
70700, 5798761, 0, 0, 0
70801, 6802354, 0, 0, 0
70900, 7139542, 0, 0, 0
71001, 6859615, 0, 0, 0
71100, 7319944, 0, 0, 0
71200, 6736765, 0, 0, 0
71300, 6929853, 0, 0, 0
71400, 6444500, 0, 0, 0
71500, 6291386, 0, 0, 0
71600, 6764226, 0, 0, 0
71700, 6885684, 0, 0, 0
71800, 7053840, 0, 0, 0
71900, 6351112, 0, 0, 0
72000, 6962712, 0, 0, 0
72100, 6877222, 0, 0, 0
72200, 6161146, 0, 0, 0
72301, 6465450, 0, 0, 0
72400, 7408433, 0, 0, 0
72500, 5923575, 0, 0, 0
72600, 6987783, 0, 0, 0
72700, 6692064, 0, 0, 0
72800, 7371030, 0, 0, 0
72900, 6142468, 0, 0, 0
73000, 6204785, 0, 0, 0
73100, 7761894, 0, 0, 0
73200, 7760517, 0, 0, 0
73300, 6076994, 0, 0, 0
73400, 6051079, 0, 0, 0
73500, 6239323, 0, 0, 0
73600, 5401792, 0, 0, 0
73700, 6294028, 0, 0, 0
73800, 6704003, 0, 0, 0
73900, 6937489, 0, 0, 0
74000, 5825103, 0, 0, 0
74100, 5493884, 0, 0, 0
74200, 6383463, 0, 0, 0
74300, 6207943, 0, 0, 0
74400, 8227871, 0, 0, 0
74500, 6292246, 0, 0, 0
74600, 6217525, 0, 0, 0
74700, 5860658, 0, 0, 0
74800, 6420587, 0, 0, 0
74900, 7052269, 0, 0, 0
75000, 6092693, 0, 0, 0
75100, 6703424, 0, 0, 0
75200, 6883516, 0, 0, 0
75300, 6374553, 0, 0, 0
75400, 6375219, 0, 0, 0
75500, 5765151, 0, 0, 0
75600, 6519548, 0, 0, 0
75700, 7690405, 0, 0, 0
75800, 6102935, 0, 0, 0
75900, 6598380, 0, 0, 0
76000, 6590700, 0, 0, 0
76100, 5937643, 0, 0, 0
76200, 6145988, 0, 0, 0
76300, 7553667, 0, 0, 0
76400, 6298226, 0, 0, 0
76500, 6392645, 0, 0, 0
76600, 6096711, 0, 0, 0
76700, 6801531, 0, 0, 0
76800, 7108653, 0, 0, 0
76900, 5679686, 0, 0, 0
77000, 6222516, 0, 0, 0
77100, 6512818, 0, 0, 0
77200, 6003937, 0, 0, 0
77300, 6134850, 0, 0, 0
77400, 6730181, 0, 0, 0
77503, 7384268, 0, 0, 0
77600, 6630221, 0, 0, 0
77700, 7124002, 0, 0, 0
77800, 6393514, 0, 0, 0
77900, 5712565, 0, 0, 0
78000, 5830925, 0, 0, 0
78100, 6794427, 0, 0, 0
78200, 8409446, 0, 0, 0
78300, 7069085, 0, 0, 0
78400, 7305847, 0, 0, 0
78500, 6431369, 0, 0, 0
78600, 6759215, 0, 0, 0
78700, 6813104, 0, 0, 0
78801, 6270744, 0, 0, 0
78900, 6542513, 0, 0, 0
79002, 6162990, 0, 0, 0
79100, 6554178, 0, 0, 0
79200, 7775652, 0, 0, 0
79300, 5821953, 0, 0, 0
79400, 7259304, 0, 0, 0
79500, 6307613, 0, 0, 0
79600, 6574639, 0, 0, 0
79700, 7498870, 0, 0, 0
79800, 5507303, 0, 0, 0
79900, 6585199, 0, 0, 0
80000, 6403367, 0, 0, 0
80100, 5504623, 0, 0, 0
80200, 6199391, 0, 0, 0
80301, 6847835, 0, 0, 0
80400, 6153439, 0, 0, 0
80500, 6523869, 0, 0, 0
80600, 6177068, 0, 0, 0
80700, 5200696, 0, 0, 0
80800, 6641680, 0, 0, 0
80900, 6337225, 0, 0, 0
81000, 7108322, 0, 0, 0
81100, 6349621, 0, 0, 0
81200, 5678296, 0, 0, 0
81300, 8810175, 0, 0, 0
81400, 7534552, 0, 0, 0
81500, 6436732, 0, 0, 0
81600, 6737196, 0, 0, 0
81700, 8180245, 0, 0, 0
81800, 7903393, 0, 0, 0
81900, 6264471, 0, 0, 0
82000, 6677289, 0, 0, 0
82100, 5734633, 0, 0, 0
82200, 5978669, 0, 0, 0
82300, 5491632, 0, 0, 0
82400, 6463494, 0, 0, 0
82500, 6159477, 0, 0, 0
82600, 6272153, 0, 0, 0
82700, 7143566, 0, 0, 0
82800, 6990811, 0, 0, 0
82900, 6811926, 0, 0, 0
83000, 6684982, 0, 0, 0
83100, 6788974, 0, 0, 0
83200, 5819517, 0, 0, 0
83300, 6660805, 0, 0, 0
83400, 7203699, 0, 0, 0
83500, 6403422, 0, 0, 0
83600, 7117841, 0, 0, 0
83700, 5879551, 0, 0, 0
83800, 6850216, 0, 0, 0
83900, 6749756, 0, 0, 0
84000, 6028556, 0, 0, 0
84100, 6206277, 0, 0, 0
84200, 7062125, 0, 0, 0
84300, 6626552, 0, 0, 0
84400, 6818942, 0, 0, 0
84500, 6567649, 0, 0, 0
84601, 6221407, 0, 0, 0
84700, 5789567, 0, 0, 0
84800, 7795375, 0, 0, 0
84900, 7638927, 0, 0, 0
85000, 6380703, 0, 0, 0
85102, 6124734, 0, 0, 0
85200, 5754652, 0, 0, 0
85300, 5276464, 0, 0, 0
85400, 5324391, 0, 0, 0
85501, 5598759, 0, 0, 0
85600, 7858498, 0, 0, 0
85700, 7274581, 0, 0, 0
85800, 6406162, 0, 0, 0
85900, 6264625, 0, 0, 0
86000, 6639652, 0, 0, 0
86100, 6191116, 0, 0, 0
86200, 6192083, 0, 0, 0
86300, 6201006, 0, 0, 0
86402, 6478619, 0, 0, 0
86500, 6446288, 0, 0, 0
86600, 6315743, 0, 0, 0
86700, 6452776, 0, 0, 0
86800, 7251322, 0, 0, 0
86900, 5809060, 0, 0, 0
87000, 6475959, 0, 0, 0
87100, 6180973, 0, 0, 0
87200, 6366025, 0, 0, 0
87300, 5544995, 0, 0, 0
87400, 5576283, 0, 0, 0
87500, 6468623, 0, 0, 0
87600, 6082347, 0, 0, 0
87700, 6014175, 0, 0, 0
87800, 6368494, 0, 0, 0
87900, 6047705, 0, 0, 0
88000, 6790680, 0, 0, 0
88100, 5836518, 0, 0, 0
88200, 6401480, 0, 0, 0
88300, 8984724, 0, 0, 0
88400, 6175705, 0, 0, 0
88501, 5842380, 0, 0, 0
88600, 6266133, 0, 0, 0
88700, 5684160, 0, 0, 0
88800, 5647951, 0, 0, 0
88900, 6339192, 0, 0, 0
89000, 5830281, 0, 0, 0
89100, 6581055, 0, 0, 0
89200, 6318327, 0, 0, 0
89300, 7382813, 0, 0, 0
89400, 7015645, 0, 0, 0
89501, 7270242, 0, 0, 0
89600, 6281386, 0, 0, 0
89700, 6858214, 0, 0, 0
89800, 6773419, 0, 0, 0
89900, 7240643, 0, 0, 0
90000, 6923671, 0, 0, 0
90014, 22186842, 0, 0, 0
