100, 469392, 0, 0, 0
200, 453709, 0, 0, 0
300, 457371, 0, 0, 0
400, 435071, 0, 0, 0
500, 448966, 0, 0, 0
600, 463166, 0, 0, 0
700, 445703, 0, 0, 0
800, 432635, 0, 0, 0
900, 456815, 0, 0, 0
1000, 449004, 0, 0, 0
1100, 452680, 0, 0, 0
1200, 442123, 0, 0, 0
1300, 430894, 0, 0, 0
1400, 460513, 0, 0, 0
1500, 443537, 0, 0, 0
1600, 449743, 0, 0, 0
1700, 447062, 0, 0, 0
1800, 443974, 0, 0, 0
1900, 446722, 0, 0, 0
2000, 450616, 0, 0, 0
2100, 443165, 0, 0, 0
2200, 452498, 0, 0, 0
2300, 458321, 0, 0, 0
2400, 453709, 0, 0, 0
2500, 447913, 0, 0, 0
2600, 433794, 0, 0, 0
2700, 439407, 0, 0, 0
2800, 444506, 0, 0, 0
2900, 427868, 0, 0, 0
3000, 438790, 0, 0, 0
3100, 447974, 0, 0, 0
3200, 443048, 0, 0, 0
3300, 444035, 0, 0, 0
3400, 432501, 0, 0, 0
3500, 454348, 0, 0, 0
3600, 443389, 0, 0, 0
3700, 454038, 0, 0, 0
3800, 445134, 0, 0, 0
3900, 455979, 0, 0, 0
4000, 439421, 0, 0, 0
4100, 456885, 0, 0, 0
4200, 454244, 0, 0, 0
4300, 445975, 0, 0, 0
4400, 434358, 0, 0, 0
4500, 442268, 0, 0, 0
4600, 455471, 0, 0, 0
4700, 460641, 0, 0, 0
4800, 451897, 0, 0, 0
4900, 441548, 0, 0, 0
5000, 433108, 0, 0, 0
5100, 427721, 0, 0, 0
5200, 438051, 0, 0, 0
5300, 424830, 0, 0, 0
5400, 429906, 0, 0, 0
5500, 443244, 0, 0, 0
5600, 450531, 0, 0, 0
5700, 439735, 0, 0, 0
5800, 479368, 0, 0, 0
5900, 445755, 0, 0, 0
6000, 448732, 0, 0, 0
6100, 439583, 0, 0, 0
6200, 436026, 0, 0, 0
6300, 433404, 0, 0, 0
6400, 444854, 0, 0, 0
6500, 447908, 0, 0, 0
6600, 460883, 0, 0, 0
6700, 452475, 0, 0, 0
6800, 448235, 0, 0, 0
6900, 443449, 0, 0, 0
7000, 466776, 0, 0, 0
7100, 448112, 0, 0, 0
7200, 450280, 0, 0, 0
7300, 452654, 0, 0, 0
7400, 431166, 0, 0, 0
7500, 437698, 0, 0, 0
7600, 433514, 0, 0, 0
7700, 440695, 0, 0, 0
7800, 459391, 0, 0, 0
7900, 440692, 0, 0, 0
8000, 461062, 0, 0, 0
8100, 437934, 0, 0, 0
8200, 443801, 0, 0, 0
8300, 462968, 0, 0, 0
8400, 458493, 0, 0, 0
8500, 458126, 0, 0, 0
8600, 440220, 0, 0, 0
8700, 443123, 0, 0, 0
8800, 457187, 0, 0, 0
8900, 459954, 0, 0, 0
9000, 453800, 0, 0, 0
9100, 449411, 0, 0, 0
9200, 449936, 0, 0, 0
9300, 434205, 0, 0, 0
9400, 433963, 0, 0, 0
9500, 438832, 0, 0, 0
9600, 446651, 0, 0, 0
9700, 447831, 0, 0, 0
9800, 428944, 0, 0, 0
9900, 431117, 0, 0, 0
10000, 445698, 0, 0, 0
10100, 455853, 0, 0, 0
10200, 440879, 0, 0, 0
10300, 439838, 0, 0, 0
10400, 434998, 0, 0, 0
10500, 429553, 0, 0, 0
10600, 440070, 0, 0, 0
10700, 436790, 0, 0, 0
10800, 442495, 0, 0, 0
10900, 465504, 0, 0, 0
11000, 444840, 0, 0, 0
11100, 457085, 0, 0, 0
11200, 446983, 0, 0, 0
11300, 455244, 0, 0, 0
11400, 442573, 0, 0, 0
11500, 441687, 0, 0, 0
11600, 449839, 0, 0, 0
11700, 445493, 0, 0, 0
11800, 444215, 0, 0, 0
11900, 448342, 0, 0, 0
12000, 441243, 0, 0, 0
12100, 437741, 0, 0, 0
12200, 444137, 0, 0, 0
12300, 440121, 0, 0, 0
12400, 459257, 0, 0, 0
12500, 443031, 0, 0, 0
12600, 444170, 0, 0, 0
12700, 430849, 0, 0, 0
12800, 448041, 0, 0, 0
12900, 443843, 0, 0, 0
13000, 446121, 0, 0, 0
13100, 455184, 0, 0, 0
13200, 452828, 0, 0, 0
13300, 461848, 0, 0, 0
13400, 424930, 0, 0, 0
13500, 425068, 0, 0, 0
13600, 444775, 0, 0, 0
13700, 439961, 0, 0, 0
13800, 427688, 0, 0, 0
13900, 437988, 0, 0, 0
14000, 418341, 0, 0, 0
14100, 435163, 0, 0, 0
14200, 440182, 0, 0, 0
14300, 434097, 0, 0, 0
14400, 437134, 0, 0, 0
14500, 448521, 0, 0, 0
14600, 442278, 0, 0, 0
14700, 439662, 0, 0, 0
14800, 422210, 0, 0, 0
14900, 434410, 0, 0, 0
15000, 436796, 0, 0, 0
15100, 443417, 0, 0, 0
15200, 444054, 0, 0, 0
15300, 432938, 0, 0, 0
15400, 445574, 0, 0, 0
15500, 437734, 0, 0, 0
15600, 445078, 0, 0, 0
15700, 421445, 0, 0, 0
15800, 424508, 0, 0, 0
15900, 431157, 0, 0, 0
16000, 443982, 0, 0, 0
16100, 435673, 0, 0, 0
16200, 436101, 0, 0, 0
16300, 443021, 0, 0, 0
16400, 424731, 0, 0, 0
16500, 434970, 0, 0, 0
16600, 446292, 0, 0, 0
16700, 425399, 0, 0, 0
16800, 448393, 0, 0, 0
16900, 430041, 0, 0, 0
17000, 424291, 0, 0, 0
17100, 427489, 0, 0, 0
17200, 437120, 0, 0, 0
17300, 420032, 0, 0, 0
17400, 419888, 0, 0, 0
17500, 453871, 0, 0, 0
17600, 447389, 0, 0, 0
17700, 435681, 0, 0, 0
17800, 433089, 0, 0, 0
17900, 431297, 0, 0, 0
18000, 439625, 0, 0, 0
18100, 439157, 0, 0, 0
18200, 422461, 0, 0, 0
18300, 427879, 0, 0, 0
18400, 425322, 0, 0, 0
18500, 420522, 0, 0, 0
18600, 422124, 0, 0, 0
18700, 440658, 0, 0, 0
18800, 446535, 0, 0, 0
18900, 434257, 0, 0, 0
19000, 452430, 0, 0, 0
19100, 419813, 0, 0, 0
19200, 419468, 0, 0, 0
19300, 442905, 0, 0, 0
19400, 423931, 0, 0, 0
19500, 422194, 0, 0, 0
19600, 434957, 0, 0, 0
19700, 443902, 0, 0, 0
19800, 429978, 0, 0, 0
19900, 441002, 0, 0, 0
20000, 452087, 0, 0, 0
20100, 434608, 0, 0, 0
20200, 404398, 0, 0, 0
20300, 430622, 0, 0, 0
20400, 415830, 0, 0, 0
20500, 441969, 0, 0, 0
20600, 447013, 0, 0, 0
20700, 434808, 0, 0, 0
20800, 432298, 0, 0, 0
20900, 436515, 0, 0, 0
21000, 445397, 0, 0, 0
21100, 440909, 0, 0, 0
21200, 435519, 0, 0, 0
21300, 440304, 0, 0, 0
21400, 445194, 0, 0, 0
21500, 445886, 0, 0, 0
21600, 433537, 0, 0, 0
21700, 420503, 0, 0, 0
21800, 449892, 0, 0, 0
21900, 438236, 0, 0, 0
22000, 427670, 0, 0, 0
22100, 414812, 0, 0, 0
22200, 429591, 0, 0, 0
22300, 430280, 0, 0, 0
22400, 433659, 0, 0, 0
22500, 436967, 0, 0, 0
22600, 440127, 0, 0, 0
22700, 429252, 0, 0, 0
22800, 430103, 0, 0, 0
22900, 433410, 0, 0, 0
23000, 429279, 0, 0, 0
23100, 435542, 0, 0, 0
23200, 440594, 0, 0, 0
23300, 410578, 0, 0, 0
23400, 436999, 0, 0, 0
23500, 436371, 0, 0, 0
23600, 427561, 0, 0, 0
23700, 429735, 0, 0, 0
23800, 431998, 0, 0, 0
23900, 430585, 0, 0, 0
24000, 440218, 0, 0, 0
24100, 433815, 0, 0, 0
24200, 410882, 0, 0, 0
24300, 427461, 0, 0, 0
24400, 430151, 0, 0, 0
24500, 421681, 0, 0, 0
24600, 436887, 0, 0, 0
24700, 438751, 0, 0, 0
24800, 458057, 0, 0, 0
24900, 432217, 0, 0, 0
25000, 433446, 0, 0, 0
25101, 447884, 0, 0, 0
25200, 425207, 0, 0, 0
25300, 432095, 0, 0, 0
25400, 435075, 0, 0, 0
25500, 443435, 0, 0, 0
25600, 435029, 0, 0, 0
25700, 431643, 0, 0, 0
25800, 429719, 0, 0, 0
25900, 438080, 0, 0, 0
26000, 444442, 0, 0, 0
26100, 430211, 0, 0, 0
26200, 426750, 0, 0, 0
26300, 423433, 0, 0, 0
26400, 434594, 0, 0, 0
26500, 435794, 0, 0, 0
26600, 434098, 0, 0, 0
26700, 440465, 0, 0, 0
26800, 439685, 0, 0, 0
26900, 436199, 0, 0, 0
27000, 441306, 0, 0, 0
27100, 443449, 0, 0, 0
27200, 449693, 0, 0, 0
27300, 443819, 0, 0, 0
27400, 423935, 0, 0, 0
27500, 447025, 0, 0, 0
27600, 440536, 0, 0, 0
27700, 442874, 0, 0, 0
27800, 416704, 0, 0, 0
27900, 434689, 0, 0, 0
28000, 414147, 0, 0, 0
28100, 426851, 0, 0, 0
28200, 439580, 0, 0, 0
28300, 419070, 0, 0, 0
28400, 417079, 0, 0, 0
28500, 458571, 0, 0, 0
28600, 427733, 0, 0, 0
28700, 431921, 0, 0, 0
28800, 432085, 0, 0, 0
28900, 443045, 0, 0, 0
29000, 442131, 0, 0, 0
29100, 417404, 0, 0, 0
29200, 421468, 0, 0, 0
29300, 420699, 0, 0, 0
29400, 425597, 0, 0, 0
29500, 420775, 0, 0, 0
29600, 434309, 0, 0, 0
29700, 440945, 0, 0, 0
29800, 422181, 0, 0, 0
29900, 424932, 0, 0, 0
30000, 438869, 0, 0, 0
30100, 422613, 0, 0, 0
30200, 413898, 0, 0, 0
30300, 432437, 0, 0, 0
30400, 426469, 0, 0, 0
30500, 423470, 0, 0, 0
30600, 445572, 0, 0, 0
30700, 439649, 0, 0, 0
30800, 433195, 0, 0, 0
30900, 412775, 0, 0, 0
31000, 443749, 0, 0, 0
31100, 435042, 0, 0, 0
31200, 440934, 0, 0, 0
31300, 441869, 0, 0, 0
31400, 428121, 0, 0, 0
31500, 438341, 0, 0, 0
31600, 448236, 0, 0, 0
31700, 430886, 0, 0, 0
31800, 438105, 0, 0, 0
31900, 446923, 0, 0, 0
32000, 437570, 0, 0, 0
32100, 445753, 0, 0, 0
32200, 428454, 0, 0, 0
32300, 434385, 0, 0, 0
32400, 439732, 0, 0, 0
32500, 431325, 0, 0, 0
32600, 429657, 0, 0, 0
32700, 431412, 0, 0, 0
32800, 430421, 0, 0, 0
32900, 448294, 0, 0, 0
33000, 432997, 0, 0, 0
33100, 428241, 0, 0, 0
33200, 431254, 0, 0, 0
33300, 437823, 0, 0, 0
33400, 426342, 0, 0, 0
33500, 422433, 0, 0, 0
33600, 432831, 0, 0, 0
33700, 416036, 0, 0, 0
33800, 414867, 0, 0, 0
33900, 429270, 0, 0, 0
34000, 416003, 0, 0, 0
34100, 427409, 0, 0, 0
34200, 431933, 0, 0, 0
34300, 444143, 0, 0, 0
34400, 446692, 0, 0, 0
34500, 434034, 0, 0, 0
34600, 437145, 0, 0, 0
34700, 430258, 0, 0, 0
34800, 437779, 0, 0, 0
34900, 431010, 0, 0, 0
35000, 425710, 0, 0, 0
35100, 442962, 0, 0, 0
35200, 440139, 0, 0, 0
35300, 430768, 0, 0, 0
35400, 429739, 0, 0, 0
35500, 430243, 0, 0, 0
35600, 429154, 0, 0, 0
35700, 443623, 0, 0, 0
35800, 444234, 0, 0, 0
35900, 435091, 0, 0, 0
36000, 430183, 0, 0, 0
36100, 438844, 0, 0, 0
36200, 438388, 0, 0, 0
36300, 430389, 0, 0, 0
36400, 432749, 0, 0, 0
36500, 422625, 0, 0, 0
36600, 433210, 0, 0, 0
36700, 435483, 0, 0, 0
36800, 438168, 0, 0, 0
36900, 441002, 0, 0, 0
37000, 424021, 0, 0, 0
37100, 424844, 0, 0, 0
37200, 420746, 0, 0, 0
37300, 424727, 0, 0, 0
37400, 431388, 0, 0, 0
37500, 433628, 0, 0, 0
37600, 429955, 0, 0, 0
37700, 417724, 0, 0, 0
37800, 431471, 0, 0, 0
37900, 424411, 0, 0, 0
38000, 410005, 0, 0, 0
38100, 423417, 0, 0, 0
38200, 425150, 0, 0, 0
38300, 440068, 0, 0, 0
38400, 426175, 0, 0, 0
38500, 423605, 0, 0, 0
38600, 426511, 0, 0, 0
38700, 431020, 0, 0, 0
38800, 439493, 0, 0, 0
38900, 442439, 0, 0, 0
39000, 438331, 0, 0, 0
39100, 453124, 0, 0, 0
39200, 424731, 0, 0, 0
39300, 435193, 0, 0, 0
39400, 418579, 0, 0, 0
39500, 439815, 0, 0, 0
39600, 424544, 0, 0, 0
39700, 425022, 0, 0, 0
39800, 431633, 0, 0, 0
39900, 440973, 0, 0, 0
40000, 430207, 0, 0, 0
40100, 438162, 0, 0, 0
40200, 418590, 0, 0, 0
40300, 420391, 0, 0, 0
40400, 418987, 0, 0, 0
40500, 422118, 0, 0, 0
40600, 430303, 0, 0, 0
40700, 428183, 0, 0, 0
40800, 428732, 0, 0, 0
40900, 437974, 0, 0, 0
41000, 438700, 0, 0, 0
41100, 430190, 0, 0, 0
41200, 430825, 0, 0, 0
41300, 442493, 0, 0, 0
41400, 429771, 0, 0, 0
41500, 429189, 0, 0, 0
41600, 439456, 0, 0, 0
41700, 428189, 0, 0, 0
41800, 434101, 0, 0, 0
41900, 429059, 0, 0, 0
42000, 439257, 0, 0, 0
42100, 427064, 0, 0, 0
42200, 426846, 0, 0, 0
42300, 432697, 0, 0, 0
42400, 430903, 0, 0, 0
42500, 443096, 0, 0, 0
42600, 432386, 0, 0, 0
42700, 442508, 0, 0, 0
42800, 435595, 0, 0, 0
42900, 423429, 0, 0, 0
43000, 416395, 0, 0, 0
43100, 426416, 0, 0, 0
43200, 430545, 0, 0, 0
43300, 433022, 0, 0, 0
43400, 411742, 0, 0, 0
43500, 436374, 0, 0, 0
43600, 430266, 0, 0, 0
43700, 424330, 0, 0, 0
43800, 440810, 0, 0, 0
43900, 425178, 0, 0, 0
44000, 440162, 0, 0, 0
44100, 438367, 0, 0, 0
44200, 437193, 0, 0, 0
44300, 434323, 0, 0, 0
44400, 434903, 0, 0, 0
44500, 427970, 0, 0, 0
44600, 429808, 0, 0, 0
44700, 434989, 0, 0, 0
44800, 436437, 0, 0, 0
44900, 421098, 0, 0, 0
45000, 406941, 0, 0, 0
45100, 409367, 0, 0, 0
45200, 413382, 0, 0, 0
45300, 423335, 0, 0, 0
45400, 428839, 0, 0, 0
45500, 427145, 0, 0, 0
45600, 419404, 0, 0, 0
45700, 423131, 0, 0, 0
45800, 433278, 0, 0, 0
45900, 409169, 0, 0, 0
46000, 427967, 0, 0, 0
46100, 432542, 0, 0, 0
46200, 424324, 0, 0, 0
46300, 431009, 0, 0, 0
46400, 415689, 0, 0, 0
46500, 431920, 0, 0, 0
46600, 438022, 0, 0, 0
46700, 428536, 0, 0, 0
46800, 449096, 0, 0, 0
46900, 433571, 0, 0, 0
47000, 433312, 0, 0, 0
47100, 414050, 0, 0, 0
47200, 423676, 0, 0, 0
47300, 424791, 0, 0, 0
47400, 429278, 0, 0, 0
47500, 435042, 0, 0, 0
47600, 429392, 0, 0, 0
47700, 428039, 0, 0, 0
47800, 429115, 0, 0, 0
47900, 415260, 0, 0, 0
48000, 415640, 0, 0, 0
48100, 434864, 0, 0, 0
48200, 420940, 0, 0, 0
48300, 434368, 0, 0, 0
48400, 432182, 0, 0, 0
48500, 412945, 0, 0, 0
48600, 427294, 0, 0, 0
48700, 430824, 0, 0, 0
48800, 426207, 0, 0, 0
48900, 423437, 0, 0, 0
49000, 440761, 0, 0, 0
49100, 428379, 0, 0, 0
49200, 429676, 0, 0, 0
49300, 439255, 0, 0, 0
49400, 435836, 0, 0, 0
49500, 421612, 0, 0, 0
49600, 411199, 0, 0, 0
49700, 421765, 0, 0, 0
49800, 412523, 0, 0, 0
49900, 416957, 0, 0, 0
50000, 418511, 0, 0, 0
50100, 420768, 0, 0, 0
50200, 405745, 0, 0, 0
50300, 410860, 0, 0, 0
50400, 434232, 0, 0, 0
50500, 423348, 0, 0, 0
50600, 428734, 0, 0, 0
50700, 429360, 0, 0, 0
50800, 426371, 0, 0, 0
50900, 425495, 0, 0, 0
51000, 428867, 0, 0, 0
51100, 436192, 0, 0, 0
51200, 442301, 0, 0, 0
51300, 427219, 0, 0, 0
51400, 419653, 0, 0, 0
51500, 439044, 0, 0, 0
51600, 447056, 0, 0, 0
51700, 422840, 0, 0, 0
51800, 426901, 0, 0, 0
51900, 429882, 0, 0, 0
52000, 428522, 0, 0, 0
52100, 420916, 0, 0, 0
52200, 430542, 0, 0, 0
52300, 418144, 0, 0, 0
52400, 418975, 0, 0, 0
52500, 417386, 0, 0, 0
52603, 463815, 0, 0, 0
52700, 433562, 0, 0, 0
52800, 429014, 0, 0, 0
52900, 427975, 0, 0, 0
53000, 432164, 0, 0, 0
53100, 426984, 0, 0, 0
53200, 415763, 0, 0, 0
53300, 445342, 0, 0, 0
53400, 428744, 0, 0, 0
53500, 459757, 0, 0, 0
53600, 441609, 0, 0, 0
53700, 432426, 0, 0, 0
53800, 432941, 0, 0, 0
53900, 436364, 0, 0, 0
54000, 436684, 0, 0, 0
54100, 420911, 0, 0, 0
54200, 434710, 0, 0, 0
54300, 436355, 0, 0, 0
54400, 434069, 0, 0, 0
54500, 430524, 0, 0, 0
54600, 432022, 0, 0, 0
54700, 433961, 0, 0, 0
54800, 435431, 0, 0, 0
54900, 432875, 0, 0, 0
55000, 430280, 0, 0, 0
55100, 426317, 0, 0, 0
55200, 430085, 0, 0, 0
55300, 453565, 0, 0, 0
55400, 449467, 0, 0, 0
55500, 423849, 0, 0, 0
55600, 441993, 0, 0, 0
55700, 433695, 0, 0, 0
55800, 447395, 0, 0, 0
55900, 442304, 0, 0, 0
56000, 441704, 0, 0, 0
56100, 438448, 0, 0, 0
56200, 419520, 0, 0, 0
56300, 417631, 0, 0, 0
56400, 425114, 0, 0, 0
56500, 418096, 0, 0, 0
56600, 440520, 0, 0, 0
56700, 430856, 0, 0, 0
56800, 439484, 0, 0, 0
56900, 427068, 0, 0, 0
57000, 431585, 0, 0, 0
57100, 436777, 0, 0, 0
57200, 434705, 0, 0, 0
57300, 438857, 0, 0, 0
57400, 435431, 0, 0, 0
57500, 425012, 0, 0, 0
57600, 428056, 0, 0, 0
57700, 431920, 0, 0, 0
57800, 442587, 0, 0, 0
57900, 442498, 0, 0, 0
58000, 429079, 0, 0, 0
58100, 427646, 0, 0, 0
58200, 426595, 0, 0, 0
58300, 423219, 0, 0, 0
58400, 437391, 0, 0, 0
58500, 426951, 0, 0, 0
58600, 432540, 0, 0, 0
58700, 429423, 0, 0, 0
58800, 416446, 0, 0, 0
58900, 437832, 0, 0, 0
59000, 424208, 0, 0, 0
59100, 434654, 0, 0, 0
59200, 421804, 0, 0, 0
59300, 424485, 0, 0, 0
59400, 450588, 0, 0, 0
59500, 440123, 0, 0, 0
59600, 435433, 0, 0, 0
59700, 447738, 0, 0, 0
59800, 431780, 0, 0, 0
59900, 430020, 0, 0, 0
60000, 454771, 0, 0, 0
60100, 426392, 0, 0, 0
60200, 442553, 0, 0, 0
60300, 440794, 0, 0, 0
60400, 449536, 0, 0, 0
60500, 431486, 0, 0, 0
60600, 425182, 0, 0, 0
60700, 424620, 0, 0, 0
60800, 443033, 0, 0, 0
60900, 440984, 0, 0, 0
61000, 431472, 0, 0, 0
61100, 424053, 0, 0, 0
61200, 434818, 0, 0, 0
61300, 427187, 0, 0, 0
61400, 433860, 0, 0, 0
61500, 436795, 0, 0, 0
61600, 439567, 0, 0, 0
61700, 446024, 0, 0, 0
61800, 422047, 0, 0, 0
61900, 428909, 0, 0, 0
62000, 440026, 0, 0, 0
62100, 436627, 0, 0, 0
62200, 426600, 0, 0, 0
62300, 443690, 0, 0, 0
62400, 422442, 0, 0, 0
62500, 418573, 0, 0, 0
62600, 423670, 0, 0, 0
62700, 437387, 0, 0, 0
62800, 437881, 0, 0, 0
62900, 422908, 0, 0, 0
63000, 430769, 0, 0, 0
63100, 425352, 0, 0, 0
63200, 431821, 0, 0, 0
63300, 425829, 0, 0, 0
63400, 415753, 0, 0, 0
63500, 440557, 0, 0, 0
63600, 431751, 0, 0, 0
63700, 436706, 0, 0, 0
63800, 425367, 0, 0, 0
63900, 441219, 0, 0, 0
64000, 451838, 0, 0, 0
64100, 440288, 0, 0, 0
64200, 439225, 0, 0, 0
64300, 432044, 0, 0, 0
64400, 430677, 0, 0, 0
64500, 418327, 0, 0, 0
64600, 428523, 0, 0, 0
64700, 429282, 0, 0, 0
64800, 451564, 0, 0, 0
64900, 428997, 0, 0, 0
65000, 431972, 0, 0, 0
65100, 431821, 0, 0, 0
65200, 432788, 0, 0, 0
65300, 443362, 0, 0, 0
65400, 417392, 0, 0, 0
65500, 426804, 0, 0, 0
65600, 434862, 0, 0, 0
65700, 424548, 0, 0, 0
65800, 432916, 0, 0, 0
65900, 433500, 0, 0, 0
66001, 437167, 0, 0, 0
66100, 438304, 0, 0, 0
66200, 443619, 0, 0, 0
66300, 445533, 0, 0, 0
66400, 432705, 0, 0, 0
66500, 428775, 0, 0, 0
66600, 442387, 0, 0, 0
66700, 421669, 0, 0, 0
66800, 436495, 0, 0, 0
66900, 431002, 0, 0, 0
67000, 434631, 0, 0, 0
67100, 446295, 0, 0, 0
67200, 437737, 0, 0, 0
67300, 423959, 0, 0, 0
67400, 424046, 0, 0, 0
67500, 404317, 0, 0, 0
67600, 419410, 0, 0, 0
67700, 433681, 0, 0, 0
67800, 416294, 0, 0, 0
67900, 436565, 0, 0, 0
68000, 429876, 0, 0, 0
68100, 441211, 0, 0, 0
68200, 448314, 0, 0, 0
68300, 433272, 0, 0, 0
68400, 443811, 0, 0, 0
68500, 428528, 0, 0, 0
68600, 434052, 0, 0, 0
68700, 430608, 0, 0, 0
68800, 431687, 0, 0, 0
68900, 435431, 0, 0, 0
69000, 425517, 0, 0, 0
69100, 427239, 0, 0, 0
69200, 434732, 0, 0, 0
69300, 425797, 0, 0, 0
69400, 440063, 0, 0, 0
69500, 427622, 0, 0, 0
69600, 420122, 0, 0, 0
69700, 435784, 0, 0, 0
69800, 443230, 0, 0, 0
69900, 420222, 0, 0, 0
70000, 427324, 0, 0, 0
70100, 442191, 0, 0, 0
70200, 431398, 0, 0, 0
70300, 426453, 0, 0, 0
70400, 430437, 0, 0, 0
70500, 425115, 0, 0, 0
70600, 423853, 0, 0, 0
70700, 431179, 0, 0, 0
70800, 427558, 0, 0, 0
70900, 434026, 0, 0, 0
71000, 425330, 0, 0, 0
71100, 425862, 0, 0, 0
71200, 416289, 0, 0, 0
71300, 445148, 0, 0, 0
71400, 431643, 0, 0, 0
71500, 453574, 0, 0, 0
71600, 432784, 0, 0, 0
71700, 444731, 0, 0, 0
71800, 452595, 0, 0, 0
71900, 436648, 0, 0, 0
72000, 422047, 0, 0, 0
72100, 439537, 0, 0, 0
72200, 420276, 0, 0, 0
72300, 430080, 0, 0, 0
72400, 424204, 0, 0, 0
72500, 426883, 0, 0, 0
72600, 418976, 0, 0, 0
72700, 432875, 0, 0, 0
72800, 419224, 0, 0, 0
72900, 427377, 0, 0, 0
73000, 430298, 0, 0, 0
73100, 430211, 0, 0, 0
73200, 431144, 0, 0, 0
73300, 423361, 0, 0, 0
73400, 431377, 0, 0, 0
73500, 449170, 0, 0, 0
73600, 429918, 0, 0, 0
73700, 436404, 0, 0, 0
73800, 425975, 0, 0, 0
73900, 440478, 0, 0, 0
74000, 447799, 0, 0, 0
74100, 438216, 0, 0, 0
74200, 419657, 0, 0, 0
74300, 427767, 0, 0, 0
74400, 426909, 0, 0, 0
74500, 444879, 0, 0, 0
74600, 433429, 0, 0, 0
74700, 429133, 0, 0, 0
74800, 436273, 0, 0, 0
74900, 449968, 0, 0, 0
75000, 437247, 0, 0, 0
75100, 429529, 0, 0, 0
75200, 420774, 0, 0, 0
75300, 423300, 0, 0, 0
75400, 439116, 0, 0, 0
75500, 441525, 0, 0, 0
75600, 437256, 0, 0, 0
75700, 435072, 0, 0, 0
75800, 427324, 0, 0, 0
75900, 429232, 0, 0, 0
76000, 424024, 0, 0, 0
76100, 426157, 0, 0, 0
76200, 446936, 0, 0, 0
76300, 431660, 0, 0, 0
76400, 426094, 0, 0, 0
76500, 430108, 0, 0, 0
76600, 443475, 0, 0, 0
76700, 438944, 0, 0, 0
76800, 426334, 0, 0, 0
76900, 442705, 0, 0, 0
77000, 438814, 0, 0, 0
77100, 431688, 0, 0, 0
77200, 427919, 0, 0, 0
77300, 443380, 0, 0, 0
77400, 432526, 0, 0, 0
77500, 427602, 0, 0, 0
77600, 420618, 0, 0, 0
77700, 447232, 0, 0, 0
77800, 435659, 0, 0, 0
77900, 442007, 0, 0, 0
78000, 439303, 0, 0, 0
78100, 445795, 0, 0, 0
78200, 446347, 0, 0, 0
78300, 435834, 0, 0, 0
78400, 436983, 0, 0, 0
78500, 425134, 0, 0, 0
78600, 425867, 0, 0, 0
78700, 423484, 0, 0, 0
78800, 418232, 0, 0, 0
78900, 427844, 0, 0, 0
79000, 440122, 0, 0, 0
79100, 440679, 0, 0, 0
79200, 431729, 0, 0, 0
79300, 428369, 0, 0, 0
79400, 422415, 0, 0, 0
79500, 427954, 0, 0, 0
79600, 424268, 0, 0, 0
79700, 430846, 0, 0, 0
79800, 434259, 0, 0, 0
79900, 431614, 0, 0, 0
80000, 425801, 0, 0, 0
80100, 442182, 0, 0, 0
80200, 437750, 0, 0, 0
80300, 424001, 0, 0, 0
80400, 418729, 0, 0, 0
80500, 417927, 0, 0, 0
80600, 437038, 0, 0, 0
80700, 438155, 0, 0, 0
80800, 430694, 0, 0, 0
80900, 434744, 0, 0, 0
81000, 434880, 0, 0, 0
81100, 442443, 0, 0, 0
81200, 440019, 0, 0, 0
81300, 444794, 0, 0, 0
81400, 434690, 0, 0, 0
81500, 415452, 0, 0, 0
81600, 432462, 0, 0, 0
81700, 420175, 0, 0, 0
81800, 427397, 0, 0, 0
81900, 418955, 0, 0, 0
82000, 415238, 0, 0, 0
82100, 441436, 0, 0, 0
82200, 431602, 0, 0, 0
82300, 429136, 0, 0, 0
82400, 419840, 0, 0, 0
82500, 423516, 0, 0, 0
82600, 419830, 0, 0, 0
82700, 433746, 0, 0, 0
82800, 434982, 0, 0, 0
82900, 436562, 0, 0, 0
83000, 434195, 0, 0, 0
83100, 435382, 0, 0, 0
83200, 432301, 0, 0, 0
83300, 419962, 0, 0, 0
83400, 425388, 0, 0, 0
83500, 422180, 0, 0, 0
83600, 442828, 0, 0, 0
83700, 428996, 0, 0, 0
83800, 427599, 0, 0, 0
83900, 436503, 0, 0, 0
84000, 442497, 0, 0, 0
84100, 450123, 0, 0, 0
84200, 430164, 0, 0, 0
84300, 424792, 0, 0, 0
84400, 427868, 0, 0, 0
84500, 442901, 0, 0, 0
84600, 432458, 0, 0, 0
84700, 455298, 0, 0, 0
84800, 436177, 0, 0, 0
84900, 448676, 0, 0, 0
85000, 432526, 0, 0, 0
85100, 445640, 0, 0, 0
85200, 444473, 0, 0, 0
85300, 441992, 0, 0, 0
85400, 442606, 0, 0, 0
85500, 431029, 0, 0, 0
85600, 439081, 0, 0, 0
85700, 442518, 0, 0, 0
85800, 424221, 0, 0, 0
85900, 426996, 0, 0, 0
86000, 436604, 0, 0, 0
86100, 421216, 0, 0, 0
86200, 435281, 0, 0, 0
86300, 437191, 0, 0, 0
86400, 433484, 0, 0, 0
86500, 434925, 0, 0, 0
86600, 431031, 0, 0, 0
86700, 436209, 0, 0, 0
86800, 445343, 0, 0, 0
86900, 423159, 0, 0, 0
87000, 426929, 0, 0, 0
87100, 427039, 0, 0, 0
87200, 435294, 0, 0, 0
87300, 423475, 0, 0, 0
87400, 416928, 0, 0, 0
87500, 437454, 0, 0, 0
87600, 436712, 0, 0, 0
87700, 447282, 0, 0, 0
87800, 437797, 0, 0, 0
87900, 446147, 0, 0, 0
88000, 437666, 0, 0, 0
88100, 441016, 0, 0, 0
88200, 438891, 0, 0, 0
88300, 429247, 0, 0, 0
88400, 435093, 0, 0, 0
88500, 424216, 0, 0, 0
88600, 426990, 0, 0, 0
88700, 428175, 0, 0, 0
88800, 429580, 0, 0, 0
88900, 432826, 0, 0, 0
89000, 438107, 0, 0, 0
89100, 438849, 0, 0, 0
89200, 441094, 0, 0, 0
89300, 427006, 0, 0, 0
89400, 438771, 0, 0, 0
89500, 425017, 0, 0, 0
89600, 443829, 0, 0, 0
89700, 420263, 0, 0, 0
89800, 419413, 0, 0, 0
89900, 455941, 0, 0, 0
90000, 431947, 0, 0, 0
