100, 446321, 0, 0, 0
200, 442839, 0, 0, 0
300, 454038, 0, 0, 0
400, 446816, 0, 0, 0
500, 468521, 0, 0, 0
600, 477165, 0, 0, 0
701, 459974, 0, 0, 0
800, 470407, 0, 0, 0
900, 475759, 0, 0, 0
1000, 474884, 0, 0, 0
1100, 490143, 0, 0, 0
1200, 466653, 0, 0, 0
1300, 444596, 0, 0, 0
1400, 463323, 0, 0, 0
1500, 464488, 0, 0, 0
1600, 449741, 0, 0, 0
1700, 465192, 0, 0, 0
1800, 448224, 0, 0, 0
1900, 461293, 0, 0, 0
2000, 459417, 0, 0, 0
2100, 463509, 0, 0, 0
2200, 454218, 0, 0, 0
2300, 464526, 0, 0, 0
2400, 464940, 0, 0, 0
2500, 461821, 0, 0, 0
2600, 487129, 0, 0, 0
2700, 445481, 0, 0, 0
2800, 454751, 0, 0, 0
2900, 459188, 0, 0, 0
3000, 444025, 0, 0, 0
3100, 468452, 0, 0, 0
3200, 456127, 0, 0, 0
3300, 464846, 0, 0, 0
3400, 454513, 0, 0, 0
3500, 463509, 0, 0, 0
3600, 480221, 0, 0, 0
3700, 481915, 0, 0, 0
3800, 491939, 0, 0, 0
3900, 477838, 0, 0, 0
4000, 469874, 0, 0, 0
4100, 472345, 0, 0, 0
4200, 467601, 0, 0, 0
4300, 487142, 0, 0, 0
4400, 478643, 0, 0, 0
4500, 480240, 0, 0, 0
4600, 456341, 0, 0, 0
4700, 458017, 0, 0, 0
4800, 457238, 0, 0, 0
4900, 450593, 0, 0, 0
5000, 458717, 0, 0, 0
5100, 440916, 0, 0, 0
5200, 462401, 0, 0, 0
5300, 468120, 0, 0, 0
5400, 444601, 0, 0, 0
5500, 455902, 0, 0, 0
5600, 455341, 0, 0, 0
5700, 457145, 0, 0, 0
5800, 473910, 0, 0, 0
5900, 467942, 0, 0, 0
6000, 440813, 0, 0, 0
6100, 440497, 0, 0, 0
6200, 416399, 0, 0, 0
6300, 434232, 0, 0, 0
6400, 435307, 0, 0, 0
6500, 438253, 0, 0, 0
6600, 427673, 0, 0, 0
6700, 436391, 0, 0, 0
6800, 423294, 0, 0, 0
6900, 420422, 0, 0, 0
7000, 420642, 0, 0, 0
7100, 430554, 0, 0, 0
7200, 438775, 0, 0, 0
7300, 454206, 0, 0, 0
7400, 444461, 0, 0, 0
7500, 452952, 0, 0, 0
7600, 443093, 0, 0, 0
7700, 442363, 0, 0, 0
7800, 436099, 0, 0, 0
7900, 450819, 0, 0, 0
8000, 455692, 0, 0, 0
8100, 447286, 0, 0, 0
8200, 452983, 0, 0, 0
8300, 442650, 0, 0, 0
8400, 449431, 0, 0, 0
8500, 466304, 0, 0, 0
8600, 462053, 0, 0, 0
8700, 459693, 0, 0, 0
8800, 453320, 0, 0, 0
8900, 434681, 0, 0, 0
9000, 455816, 0, 0, 0
9100, 468150, 0, 0, 0
9200, 452079, 0, 0, 0
9300, 460781, 0, 0, 0
9400, 452845, 0, 0, 0
9500, 464026, 0, 0, 0
9600, 455200, 0, 0, 0
9700, 491037, 0, 0, 0
9800, 470920, 0, 0, 0
9900, 473447, 0, 0, 0
10000, 477269, 0, 0, 0
10100, 498342, 0, 0, 0
10200, 493284, 0, 0, 0
10300, 492728, 0, 0, 0
10400, 477633, 0, 0, 0
10500, 480170, 0, 0, 0
10600, 518796, 0, 0, 0
10700, 477065, 0, 0, 0
10800, 475109, 0, 0, 0
10900, 483948, 0, 0, 0
11000, 472397, 0, 0, 0
11100, 477613, 0, 0, 0
11200, 486598, 0, 0, 0
11300, 486275, 0, 0, 0
11400, 481326, 0, 0, 0
11500, 482076, 0, 0, 0
11600, 474810, 0, 0, 0
11700, 483608, 0, 0, 0
11800, 473381, 0, 0, 0
11900, 469604, 0, 0, 0
12000, 482284, 0, 0, 0
12100, 467802, 0, 0, 0
12200, 470879, 0, 0, 0
12300, 449511, 0, 0, 0
12400, 460915, 0, 0, 0
12500, 463780, 0, 0, 0
12600, 463812, 0, 0, 0
12700, 471765, 0, 0, 0
12800, 455212, 0, 0, 0
12900, 465195, 0, 0, 0
13000, 484487, 0, 0, 0
13100, 476592, 0, 0, 0
13200, 469565, 0, 0, 0
13300, 461518, 0, 0, 0
13400, 446720, 0, 0, 0
13500, 470061, 0, 0, 0
13600, 449329, 0, 0, 0
13700, 445085, 0, 0, 0
13800, 446187, 0, 0, 0
13900, 452393, 0, 0, 0
14000, 445274, 0, 0, 0
14100, 446514, 0, 0, 0
14200, 429262, 0, 0, 0
14300, 437223, 0, 0, 0
14400, 433188, 0, 0, 0
14500, 442364, 0, 0, 0
14600, 434690, 0, 0, 0
14700, 436537, 0, 0, 0
14800, 448108, 0, 0, 0
14900, 449687, 0, 0, 0
15000, 454644, 0, 0, 0
15100, 449591, 0, 0, 0
15200, 449007, 0, 0, 0
15300, 443453, 0, 0, 0
15400, 439407, 0, 0, 0
15500, 449431, 0, 0, 0
15600, 447510, 0, 0, 0
15700, 465637, 0, 0, 0
15800, 475819, 0, 0, 0
15900, 478747, 0, 0, 0
16000, 478946, 0, 0, 0
16100, 472457, 0, 0, 0
16200, 477553, 0, 0, 0
16300, 495145, 0, 0, 0
16400, 492166, 0, 0, 0
16500, 494473, 0, 0, 0
16600, 481121, 0, 0, 0
16700, 489755, 0, 0, 0
16800, 493195, 0, 0, 0
16900, 482089, 0, 0, 0
17000, 483099, 0, 0, 0
17100, 492737, 0, 0, 0
17200, 482808, 0, 0, 0
17300, 474197, 0, 0, 0
17400, 505187, 0, 0, 0
17500, 488376, 0, 0, 0
17600, 473198, 0, 0, 0
17700, 474136, 0, 0, 0
17800, 475805, 0, 0, 0
17900, 476640, 0, 0, 0
18000, 472914, 0, 0, 0
18100, 475844, 0, 0, 0
18200, 489603, 0, 0, 0
18300, 478262, 0, 0, 0
18400, 467810, 0, 0, 0
18500, 477098, 0, 0, 0
18600, 479720, 0, 0, 0
18700, 493173, 0, 0, 0
18800, 493622, 0, 0, 0
18900, 481143, 0, 0, 0
19000, 474234, 0, 0, 0
19100, 487399, 0, 0, 0
19200, 481157, 0, 0, 0
19300, 484468, 0, 0, 0
19400, 484234, 0, 0, 0
19500, 490988, 0, 0, 0
19600, 448444, 0, 0, 0
19700, 440008, 0, 0, 0
19800, 432489, 0, 0, 0
19900, 441029, 0, 0, 0
20000, 428386, 0, 0, 0
20100, 433850, 0, 0, 0
20200, 438046, 0, 0, 0
20300, 430093, 0, 0, 0
20400, 435744, 0, 0, 0
20500, 436486, 0, 0, 0
20600, 457716, 0, 0, 0
20700, 448287, 0, 0, 0
20800, 446680, 0, 0, 0
20900, 464999, 0, 0, 0
21000, 454760, 0, 0, 0
21100, 460365, 0, 0, 0
21200, 477836, 0, 0, 0
21300, 489927, 0, 0, 0
21400, 492642, 0, 0, 0
21500, 498615, 0, 0, 0
21600, 490496, 0, 0, 0
21700, 492721, 0, 0, 0
21800, 457356, 0, 0, 0
21900, 442357, 0, 0, 0
22000, 447529, 0, 0, 0
22100, 449319, 0, 0, 0
22200, 442045, 0, 0, 0
22300, 453502, 0, 0, 0
22400, 449078, 0, 0, 0
22500, 443543, 0, 0, 0
22600, 470258, 0, 0, 0
22700, 468748, 0, 0, 0
22800, 456318, 0, 0, 0
22900, 442887, 0, 0, 0
23000, 472325, 0, 0, 0
23100, 431474, 0, 0, 0
23200, 444176, 0, 0, 0
23300, 429810, 0, 0, 0
23400, 444060, 0, 0, 0
23500, 433681, 0, 0, 0
23600, 449698, 0, 0, 0
23700, 443770, 0, 0, 0
23800, 439487, 0, 0, 0
23900, 446624, 0, 0, 0
24000, 446562, 0, 0, 0
24100, 437996, 0, 0, 0
24200, 437631, 0, 0, 0
24300, 442830, 0, 0, 0
24400, 446185, 0, 0, 0
24500, 437484, 0, 0, 0
24600, 462300, 0, 0, 0
24700, 468550, 0, 0, 0
24800, 458541, 0, 0, 0
24900, 474252, 0, 0, 0
25000, 489522, 0, 0, 0
25100, 509408, 0, 0, 0
25200, 488200, 0, 0, 0
25300, 494285, 0, 0, 0
25400, 471253, 0, 0, 0
25500, 476570, 0, 0, 0
25600, 476084, 0, 0, 0
25700, 487713, 0, 0, 0
25800, 486661, 0, 0, 0
25900, 481538, 0, 0, 0
26000, 474999, 0, 0, 0
26100, 492378, 0, 0, 0
26200, 488324, 0, 0, 0
26300, 474206, 0, 0, 0
26400, 480049, 0, 0, 0
26500, 486073, 0, 0, 0
26600, 490326, 0, 0, 0
26700, 486110, 0, 0, 0
26800, 491871, 0, 0, 0
26900, 457752, 0, 0, 0
27000, 450531, 0, 0, 0
27100, 495161, 0, 0, 0
27200, 503066, 0, 0, 0
27300, 499276, 0, 0, 0
27400, 491546, 0, 0, 0
27500, 486410, 0, 0, 0
27600, 487397, 0, 0, 0
27700, 485580, 0, 0, 0
27800, 482702, 0, 0, 0
27900, 493496, 0, 0, 0
28000, 496906, 0, 0, 0
28100, 491562, 0, 0, 0
28200, 499781, 0, 0, 0
28300, 501903, 0, 0, 0
28400, 496537, 0, 0, 0
28500, 485961, 0, 0, 0
28600, 496405, 0, 0, 0
28700, 492612, 0, 0, 0
28800, 491801, 0, 0, 0
28900, 497736, 0, 0, 0
29000, 501480, 0, 0, 0
29100, 501760, 0, 0, 0
29200, 500504, 0, 0, 0
29300, 495821, 0, 0, 0
29400, 496301, 0, 0, 0
29500, 489247, 0, 0, 0
29600, 502128, 0, 0, 0
29700, 489358, 0, 0, 0
29800, 495016, 0, 0, 0
29900, 490308, 0, 0, 0
30000, 486014, 0, 0, 0
30100, 496553, 0, 0, 0
30200, 482977, 0, 0, 0
30300, 497539, 0, 0, 0
30400, 498721, 0, 0, 0
30500, 486698, 0, 0, 0
30600, 490946, 0, 0, 0
30700, 487761, 0, 0, 0
30800, 490064, 0, 0, 0
30900, 505142, 0, 0, 0
31000, 482597, 0, 0, 0
31100, 507382, 0, 0, 0
31200, 504920, 0, 0, 0
31300, 481087, 0, 0, 0
31400, 497092, 0, 0, 0
31500, 493960, 0, 0, 0
31600, 490759, 0, 0, 0
31700, 477271, 0, 0, 0
31800, 484436, 0, 0, 0
31900, 482917, 0, 0, 0
32000, 487620, 0, 0, 0
32100, 480956, 0, 0, 0
32200, 481198, 0, 0, 0
32300, 485709, 0, 0, 0
32400, 486893, 0, 0, 0
32500, 492705, 0, 0, 0
32600, 503490, 0, 0, 0
32700, 508597, 0, 0, 0
32800, 484659, 0, 0, 0
32900, 489234, 0, 0, 0
33000, 490792, 0, 0, 0
33100, 485669, 0, 0, 0
33200, 495803, 0, 0, 0
33300, 497551, 0, 0, 0
33400, 492027, 0, 0, 0
33500, 489258, 0, 0, 0
33600, 490271, 0, 0, 0
33700, 474394, 0, 0, 0
33800, 470259, 0, 0, 0
33900, 460958, 0, 0, 0
34000, 475623, 0, 0, 0
34100, 480078, 0, 0, 0
34200, 471717, 0, 0, 0
34300, 494562, 0, 0, 0
34400, 487877, 0, 0, 0
34500, 476163, 0, 0, 0
34600, 471801, 0, 0, 0
34700, 493078, 0, 0, 0
34800, 432324, 0, 0, 0
34900, 429648, 0, 0, 0
35000, 436210, 0, 0, 0
35100, 438300, 0, 0, 0
35200, 435184, 0, 0, 0
35300, 433977, 0, 0, 0
35400, 436850, 0, 0, 0
35500, 421302, 0, 0, 0
35600, 438280, 0, 0, 0
35700, 445671, 0, 0, 0
35800, 422652, 0, 0, 0
35900, 427117, 0, 0, 0
36000, 432721, 0, 0, 0
36100, 423368, 0, 0, 0
36200, 439637, 0, 0, 0
36300, 452382, 0, 0, 0
36400, 461604, 0, 0, 0
36500, 483737, 0, 0, 0
36600, 478937, 0, 0, 0
36700, 482955, 0, 0, 0
36800, 476465, 0, 0, 0
36900, 479358, 0, 0, 0
37000, 452288, 0, 0, 0
37100, 464125, 0, 0, 0
37200, 491839, 0, 0, 0
37300, 478870, 0, 0, 0
37400, 499532, 0, 0, 0
37500, 471347, 0, 0, 0
37600, 477259, 0, 0, 0
37700, 462636, 0, 0, 0
37800, 464528, 0, 0, 0
37900, 488309, 0, 0, 0
38000, 446048, 0, 0, 0
38100, 455471, 0, 0, 0
38200, 464221, 0, 0, 0
38300, 459450, 0, 0, 0
38400, 464286, 0, 0, 0
38500, 456403, 0, 0, 0
38600, 457479, 0, 0, 0
38700, 477245, 0, 0, 0
38800, 463353, 0, 0, 0
38900, 465652, 0, 0, 0
39000, 480231, 0, 0, 0
39100, 482251, 0, 0, 0
39200, 473671, 0, 0, 0
39300, 479643, 0, 0, 0
39400, 467505, 0, 0, 0
39500, 455365, 0, 0, 0
39600, 476799, 0, 0, 0
39700, 462329, 0, 0, 0
39800, 458631, 0, 0, 0
39900, 451700, 0, 0, 0
40000, 483067, 0, 0, 0
40100, 487836, 0, 0, 0
40200, 469168, 0, 0, 0
40300, 473007, 0, 0, 0
40400, 471574, 0, 0, 0
40500, 482201, 0, 0, 0
40600, 468046, 0, 0, 0
40700, 461867, 0, 0, 0
40800, 473697, 0, 0, 0
40900, 470481, 0, 0, 0
41000, 489081, 0, 0, 0
41100, 473323, 0, 0, 0
41200, 463176, 0, 0, 0
41300, 478735, 0, 0, 0
41400, 477555, 0, 0, 0
41500, 478087, 0, 0, 0
41600, 482591, 0, 0, 0
41700, 488640, 0, 0, 0
41800, 472656, 0, 0, 0
41900, 479795, 0, 0, 0
42000, 477391, 0, 0, 0
42100, 462829, 0, 0, 0
42200, 455097, 0, 0, 0
42300, 452784, 0, 0, 0
42400, 449343, 0, 0, 0
42500, 459081, 0, 0, 0
42600, 463306, 0, 0, 0
42700, 458044, 0, 0, 0
42800, 436791, 0, 0, 0
42900, 452273, 0, 0, 0
43000, 434025, 0, 0, 0
43100, 447698, 0, 0, 0
43200, 470765, 0, 0, 0
43300, 484591, 0, 0, 0
43400, 476231, 0, 0, 0
43500, 482454, 0, 0, 0
43600, 475593, 0, 0, 0
43700, 476331, 0, 0, 0
43800, 471567, 0, 0, 0
43900, 462382, 0, 0, 0
44000, 482858, 0, 0, 0
44100, 468962, 0, 0, 0
44200, 463973, 0, 0, 0
44300, 469206, 0, 0, 0
44400, 466806, 0, 0, 0
44500, 456762, 0, 0, 0
44600, 481895, 0, 0, 0
44700, 473870, 0, 0, 0
44800, 482380, 0, 0, 0
44900, 475615, 0, 0, 0
45000, 471829, 0, 0, 0
45100, 484611, 0, 0, 0
45200, 476706, 0, 0, 0
45300, 473955, 0, 0, 0
45400, 482331, 0, 0, 0
45500, 461391, 0, 0, 0
45600, 471617, 0, 0, 0
45700, 485629, 0, 0, 0
45800, 478577, 0, 0, 0
45900, 505339, 0, 0, 0
46000, 474995, 0, 0, 0
46100, 487513, 0, 0, 0
46200, 483147, 0, 0, 0
46300, 489656, 0, 0, 0
46400, 477159, 0, 0, 0
46500, 483140, 0, 0, 0
46600, 475017, 0, 0, 0
46700, 480851, 0, 0, 0
46800, 489891, 0, 0, 0
46900, 485765, 0, 0, 0
47000, 469230, 0, 0, 0
47100, 467411, 0, 0, 0
47200, 477273, 0, 0, 0
47300, 476935, 0, 0, 0
47400, 475779, 0, 0, 0
47500, 471889, 0, 0, 0
47600, 487535, 0, 0, 0
47700, 486496, 0, 0, 0
47800, 484206, 0, 0, 0
47900, 488698, 0, 0, 0
48000, 480597, 0, 0, 0
48100, 486492, 0, 0, 0
48200, 479707, 0, 0, 0
48300, 491877, 0, 0, 0
48401, 500710, 0, 0, 0
48500, 490735, 0, 0, 0
48600, 505551, 0, 0, 0
48700, 483403, 0, 0, 0
48800, 473229, 0, 0, 0
48900, 486996, 0, 0, 0
49000, 471063, 0, 0, 0
49100, 464419, 0, 0, 0
49200, 455749, 0, 0, 0
49300, 465156, 0, 0, 0
49400, 482958, 0, 0, 0
49500, 478414, 0, 0, 0
49600, 479703, 0, 0, 0
49700, 493224, 0, 0, 0
49800, 474065, 0, 0, 0
49900, 473617, 0, 0, 0
50000, 468361, 0, 0, 0
50100, 457780, 0, 0, 0
50200, 458521, 0, 0, 0
50300, 472173, 0, 0, 0
50400, 465535, 0, 0, 0
50500, 443643, 0, 0, 0
50600, 450008, 0, 0, 0
50700, 463366, 0, 0, 0
50800, 459271, 0, 0, 0
50900, 459763, 0, 0, 0
51000, 458446, 0, 0, 0
51100, 438577, 0, 0, 0
51200, 430421, 0, 0, 0
51300, 445013, 0, 0, 0
51400, 426483, 0, 0, 0
51500, 434670, 0, 0, 0
51600, 433478, 0, 0, 0
51700, 448182, 0, 0, 0
51800, 465006, 0, 0, 0
51900, 463843, 0, 0, 0
52000, 456991, 0, 0, 0
52100, 455438, 0, 0, 0
52200, 448342, 0, 0, 0
52300, 445216, 0, 0, 0
52400, 441190, 0, 0, 0
52500, 440881, 0, 0, 0
52600, 463745, 0, 0, 0
52700, 449761, 0, 0, 0
52800, 443892, 0, 0, 0
52900, 455694, 0, 0, 0
53000, 445652, 0, 0, 0
53100, 454397, 0, 0, 0
53200, 448753, 0, 0, 0
53300, 444598, 0, 0, 0
53400, 455442, 0, 0, 0
53500, 455640, 0, 0, 0
53600, 464735, 0, 0, 0
53700, 465597, 0, 0, 0
53800, 450409, 0, 0, 0
53900, 456807, 0, 0, 0
54000, 466080, 0, 0, 0
54100, 478826, 0, 0, 0
54200, 477744, 0, 0, 0
54300, 490996, 0, 0, 0
54400, 473118, 0, 0, 0
54500, 478489, 0, 0, 0
54600, 474852, 0, 0, 0
54700, 481504, 0, 0, 0
54800, 475112, 0, 0, 0
54900, 474676, 0, 0, 0
55000, 477248, 0, 0, 0
55100, 482571, 0, 0, 0
55200, 476671, 0, 0, 0
55300, 481452, 0, 0, 0
55400, 494469, 0, 0, 0
55500, 495745, 0, 0, 0
55600, 486328, 0, 0, 0
55700, 473542, 0, 0, 0
55800, 475077, 0, 0, 0
55900, 490674, 0, 0, 0
56000, 473057, 0, 0, 0
56100, 455323, 0, 0, 0
56200, 471950, 0, 0, 0
56300, 475891, 0, 0, 0
56400, 464928, 0, 0, 0
56500, 485416, 0, 0, 0
56600, 475300, 0, 0, 0
56700, 481044, 0, 0, 0
56800, 465535, 0, 0, 0
56900, 489314, 0, 0, 0
57000, 475785, 0, 0, 0
57100, 476478, 0, 0, 0
57200, 495571, 0, 0, 0
57300, 490971, 0, 0, 0
57400, 484343, 0, 0, 0
57500, 484612, 0, 0, 0
57600, 488040, 0, 0, 0
57700, 486607, 0, 0, 0
57800, 494153, 0, 0, 0
57900, 498630, 0, 0, 0
58000, 484818, 0, 0, 0
58100, 496355, 0, 0, 0
58200, 493681, 0, 0, 0
58300, 495207, 0, 0, 0
58400, 495274, 0, 0, 0
58500, 495516, 0, 0, 0
58600, 481266, 0, 0, 0
58700, 488386, 0, 0, 0
58800, 486509, 0, 0, 0
58900, 490200, 0, 0, 0
59000, 480142, 0, 0, 0
59100, 486506, 0, 0, 0
59200, 487707, 0, 0, 0
59300, 483778, 0, 0, 0
59400, 474182, 0, 0, 0
59500, 469215, 0, 0, 0
59600, 475230, 0, 0, 0
59700, 484238, 0, 0, 0
59800, 481587, 0, 0, 0
59900, 473867, 0, 0, 0
60000, 478553, 0, 0, 0
60100, 481436, 0, 0, 0
60200, 471023, 0, 0, 0
60300, 483068, 0, 0, 0
60400, 471092, 0, 0, 0
60500, 484750, 0, 0, 0
60600, 465708, 0, 0, 0
60700, 460005, 0, 0, 0
60800, 471529, 0, 0, 0
60900, 480938, 0, 0, 0
61000, 489496, 0, 0, 0
61100, 472352, 0, 0, 0
61200, 477526, 0, 0, 0
61300, 492636, 0, 0, 0
61400, 491803, 0, 0, 0
61500, 484869, 0, 0, 0
61600, 496469, 0, 0, 0
61700, 489158, 0, 0, 0
61800, 487553, 0, 0, 0
61900, 497980, 0, 0, 0
62000, 458411, 0, 0, 0
62100, 465170, 0, 0, 0
62200, 454058, 0, 0, 0
62300, 463154, 0, 0, 0
62400, 444568, 0, 0, 0
62500, 453007, 0, 0, 0
62600, 447698, 0, 0, 0
62700, 453543, 0, 0, 0
62800, 444008, 0, 0, 0
62900, 435605, 0, 0, 0
63000, 464675, 0, 0, 0
63100, 458954, 0, 0, 0
63200, 483015, 0, 0, 0
63300, 465398, 0, 0, 0
63400, 456249, 0, 0, 0
63500, 459417, 0, 0, 0
63600, 461693, 0, 0, 0
63700, 472523, 0, 0, 0
63800, 461114, 0, 0, 0
63900, 449681, 0, 0, 0
64000, 466799, 0, 0, 0
64100, 479989, 0, 0, 0
64200, 471346, 0, 0, 0
64300, 470722, 0, 0, 0
64400, 483378, 0, 0, 0
64500, 481137, 0, 0, 0
64600, 482783, 0, 0, 0
64700, 480042, 0, 0, 0
64800, 489430, 0, 0, 0
64900, 483205, 0, 0, 0
65000, 476448, 0, 0, 0
65100, 483300, 0, 0, 0
65200, 488668, 0, 0, 0
65300, 470840, 0, 0, 0
65400, 479854, 0, 0, 0
65500, 468884, 0, 0, 0
65600, 475243, 0, 0, 0
65700, 474288, 0, 0, 0
65800, 477819, 0, 0, 0
65900, 482282, 0, 0, 0
66000, 463789, 0, 0, 0
66100, 478094, 0, 0, 0
66200, 484259, 0, 0, 0
66300, 485412, 0, 0, 0
66400, 479179, 0, 0, 0
66500, 472756, 0, 0, 0
66600, 472640, 0, 0, 0
66700, 489673, 0, 0, 0
66800, 472134, 0, 0, 0
66900, 469525, 0, 0, 0
67000, 478027, 0, 0, 0
67100, 471311, 0, 0, 0
67200, 470808, 0, 0, 0
67300, 474330, 0, 0, 0
67400, 474201, 0, 0, 0
67500, 466943, 0, 0, 0
67600, 478691, 0, 0, 0
67700, 487997, 0, 0, 0
67800, 472410, 0, 0, 0
67900, 466266, 0, 0, 0
68000, 470642, 0, 0, 0
68100, 475118, 0, 0, 0
68200, 487266, 0, 0, 0
68300, 467536, 0, 0, 0
68400, 468758, 0, 0, 0
68500, 468912, 0, 0, 0
68600, 468322, 0, 0, 0
68700, 475754, 0, 0, 0
68800, 465040, 0, 0, 0
68900, 474272, 0, 0, 0
69000, 483709, 0, 0, 0
69100, 486706, 0, 0, 0
69200, 477898, 0, 0, 0
69300, 479359, 0, 0, 0
69400, 473224, 0, 0, 0
69500, 469368, 0, 0, 0
69600, 473727, 0, 0, 0
69700, 467020, 0, 0, 0
69800, 472016, 0, 0, 0
69900, 473629, 0, 0, 0
70000, 461169, 0, 0, 0
70100, 467751, 0, 0, 0
70200, 448759, 0, 0, 0
70300, 444697, 0, 0, 0
70400, 460707, 0, 0, 0
70500, 459806, 0, 0, 0
70600, 446821, 0, 0, 0
70700, 440268, 0, 0, 0
70800, 449702, 0, 0, 0
70900, 456239, 0, 0, 0
71000, 451852, 0, 0, 0
71100, 442351, 0, 0, 0
71200, 445343, 0, 0, 0
71300, 431508, 0, 0, 0
71400, 451223, 0, 0, 0
71500, 445649, 0, 0, 0
71600, 448222, 0, 0, 0
71700, 444861, 0, 0, 0
71800, 457163, 0, 0, 0
71900, 447912, 0, 0, 0
72000, 449580, 0, 0, 0
72100, 444545, 0, 0, 0
72200, 459500, 0, 0, 0
72300, 465189, 0, 0, 0
72400, 461033, 0, 0, 0
72500, 446078, 0, 0, 0
72600, 464167, 0, 0, 0
72700, 460671, 0, 0, 0
72800, 473341, 0, 0, 0
72900, 457859, 0, 0, 0
73000, 467331, 0, 0, 0
73100, 470263, 0, 0, 0
73200, 485110, 0, 0, 0
73300, 488971, 0, 0, 0
73400, 468668, 0, 0, 0
73500, 483306, 0, 0, 0
73600, 492452, 0, 0, 0
73700, 476484, 0, 0, 0
73800, 469297, 0, 0, 0
73900, 473460, 0, 0, 0
74000, 465792, 0, 0, 0
74100, 481901, 0, 0, 0
74200, 465389, 0, 0, 0
74300, 464800, 0, 0, 0
74400, 462137, 0, 0, 0
74500, 459911, 0, 0, 0
74600, 477816, 0, 0, 0
74700, 492444, 0, 0, 0
74800, 484171, 0, 0, 0
74900, 471877, 0, 0, 0
75000, 487094, 0, 0, 0
75100, 503295, 0, 0, 0
75200, 477882, 0, 0, 0
75300, 474675, 0, 0, 0
75400, 479832, 0, 0, 0
75500, 475619, 0, 0, 0
75600, 466406, 0, 0, 0
75700, 474900, 0, 0, 0
75800, 475423, 0, 0, 0
75900, 468394, 0, 0, 0
76000, 491714, 0, 0, 0
76100, 466134, 0, 0, 0
76200, 477896, 0, 0, 0
76300, 459283, 0, 0, 0
76400, 460437, 0, 0, 0
76500, 481027, 0, 0, 0
76600, 457126, 0, 0, 0
76700, 466955, 0, 0, 0
76800, 468287, 0, 0, 0
76900, 492915, 0, 0, 0
77000, 473030, 0, 0, 0
77100, 485729, 0, 0, 0
77200, 469070, 0, 0, 0
77300, 479744, 0, 0, 0
77400, 469351, 0, 0, 0
77500, 481688, 0, 0, 0
77600, 486036, 0, 0, 0
77700, 483936, 0, 0, 0
77800, 470425, 0, 0, 0
77900, 445487, 0, 0, 0
78000, 435299, 0, 0, 0
78100, 441819, 0, 0, 0
78200, 441692, 0, 0, 0
78300, 443929, 0, 0, 0
78400, 450359, 0, 0, 0
78500, 420783, 0, 0, 0
78600, 440195, 0, 0, 0
78700, 452926, 0, 0, 0
78800, 448133, 0, 0, 0
78900, 442547, 0, 0, 0
79000, 453379, 0, 0, 0
79100, 457212, 0, 0, 0
79200, 466251, 0, 0, 0
79300, 451073, 0, 0, 0
79400, 470663, 0, 0, 0
79500, 484085, 0, 0, 0
79600, 472154, 0, 0, 0
79700, 472085, 0, 0, 0
79800, 453812, 0, 0, 0
79900, 460047, 0, 0, 0
80000, 455363, 0, 0, 0
80100, 439771, 0, 0, 0
80200, 443227, 0, 0, 0
80300, 452795, 0, 0, 0
80400, 454421, 0, 0, 0
80500, 455986, 0, 0, 0
80600, 443771, 0, 0, 0
80700, 442661, 0, 0, 0
80800, 453772, 0, 0, 0
80900, 456549, 0, 0, 0
81000, 453414, 0, 0, 0
81100, 462055, 0, 0, 0
81200, 463107, 0, 0, 0
81300, 467573, 0, 0, 0
81400, 462135, 0, 0, 0
81500, 478868, 0, 0, 0
81600, 487649, 0, 0, 0
81700, 478154, 0, 0, 0
81800, 480602, 0, 0, 0
81900, 478664, 0, 0, 0
82000, 473323, 0, 0, 0
82100, 483000, 0, 0, 0
82200, 479940, 0, 0, 0
82300, 473221, 0, 0, 0
82400, 480188, 0, 0, 0
82500, 494666, 0, 0, 0
82600, 485432, 0, 0, 0
82700, 462834, 0, 0, 0
82800, 469314, 0, 0, 0
82900, 472209, 0, 0, 0
83000, 444394, 0, 0, 0
83100, 461729, 0, 0, 0
83200, 455311, 0, 0, 0
83300, 478756, 0, 0, 0
83400, 470804, 0, 0, 0
83500, 476882, 0, 0, 0
83600, 448395, 0, 0, 0
83700, 477581, 0, 0, 0
83800, 463481, 0, 0, 0
83900, 461724, 0, 0, 0
84000, 464738, 0, 0, 0
84100, 466788, 0, 0, 0
84200, 475399, 0, 0, 0
84300, 484348, 0, 0, 0
84400, 485930, 0, 0, 0
84500, 478495, 0, 0, 0
84600, 461387, 0, 0, 0
84700, 485769, 0, 0, 0
84800, 474526, 0, 0, 0
84900, 453919, 0, 0, 0
85000, 468933, 0, 0, 0
85100, 470652, 0, 0, 0
85200, 433846, 0, 0, 0
85300, 425012, 0, 0, 0
85400, 437554, 0, 0, 0
85500, 424049, 0, 0, 0
85600, 439053, 0, 0, 0
85700, 431074, 0, 0, 0
85800, 428424, 0, 0, 0
85900, 427911, 0, 0, 0
86000, 424700, 0, 0, 0
86100, 429945, 0, 0, 0
86200, 425598, 0, 0, 0
86300, 430707, 0, 0, 0
86400, 433273, 0, 0, 0
86500, 437656, 0, 0, 0
86600, 451494, 0, 0, 0
86700, 435279, 0, 0, 0
86800, 439944, 0, 0, 0
86900, 454097, 0, 0, 0
87000, 445384, 0, 0, 0
87100, 470538, 0, 0, 0
87200, 454794, 0, 0, 0
87300, 478350, 0, 0, 0
87400, 470249, 0, 0, 0
87500, 493431, 0, 0, 0
87600, 488809, 0, 0, 0
87700, 480240, 0, 0, 0
87800, 461014, 0, 0, 0
87900, 475095, 0, 0, 0
88000, 456137, 0, 0, 0
88100, 479886, 0, 0, 0
88200, 472938, 0, 0, 0
88300, 461133, 0, 0, 0
88400, 460847, 0, 0, 0
88500, 449278, 0, 0, 0
88600, 458389, 0, 0, 0
88700, 446311, 0, 0, 0
88800, 460094, 0, 0, 0
88900, 463570, 0, 0, 0
89000, 448394, 0, 0, 0
89100, 464997, 0, 0, 0
89200, 468035, 0, 0, 0
89300, 466352, 0, 0, 0
89400, 462041, 0, 0, 0
89500, 457948, 0, 0, 0
89600, 464389, 0, 0, 0
89700, 488747, 0, 0, 0
89800, 476504, 0, 0, 0
89900, 469476, 0, 0, 0
90000, 473166, 0, 0, 0
