100, 443533, 0, 0, 0
101, 998145, 1, 0, 0
200, 864975, 1, 0, 0
200, 451831, 0, 0, 0
300, 443194, 0, 0, 0
300, 922748, 1, 0, 0
400, 446373, 0, 0, 0
400, 864842, 1, 0, 0
500, 447128, 0, 0, 0
501, 886461, 1, 0, 0
600, 446522, 0, 0, 0
602, 872831, 1, 0, 0
700, 872813, 1, 0, 0
700, 454286, 0, 0, 0
800, 445392, 0, 0, 0
801, 856996, 1, 0, 0
900, 436669, 0, 0, 0
901, 893696, 1, 0, 0
1000, 837653, 1, 0, 0
1000, 423742, 0, 0, 0
1100, 443094, 0, 0, 0
1100, 882378, 1, 0, 0
1200, 912068, 1, 0, 0
1200, 461741, 0, 0, 0
1300, 431339, 0, 0, 0
1300, 906379, 1, 0, 0
1400, 465021, 0, 0, 0
1400, 944441, 1, 0, 0
1500, 474446, 0, 0, 0
1500, 905282, 1, 0, 0
1600, 900635, 1, 0, 0
1600, 460039, 0, 0, 0
1700, 862558, 1, 0, 0
1700, 440039, 0, 0, 0
1800, 445477, 0, 0, 0
1800, 892106, 1, 0, 0
1900, 434020, 0, 0, 0
1900, 865926, 1, 0, 0
2000, 450983, 0, 0, 0
2000, 930699, 1, 0, 0
2100, 440327, 0, 0, 0
2101, 882773, 1, 0, 0
2200, 452480, 0, 0, 0
2201, 879360, 1, 0, 0
2300, 446223, 0, 0, 0
2300, 874491, 1, 0, 0
2400, 438056, 0, 0, 0
2400, 853558, 1, 0, 0
2500, 842845, 1, 0, 0
2500, 439217, 0, 0, 0
2600, 441881, 0, 0, 0
2600, 860700, 1, 0, 0
2700, 857427, 1, 0, 0
2700, 443062, 0, 0, 0
2800, 457256, 0, 0, 0
2800, 877247, 1, 0, 0
2900, 454286, 0, 0, 0
2900, 898484, 1, 0, 0
3000, 876246, 1, 0, 0
3001, 432469, 0, 0, 0
3100, 461068, 0, 0, 0
3100, 940179, 1, 0, 0
3200, 440974, 0, 0, 0
3201, 894705, 1, 0, 0
3300, 446900, 0, 0, 0
3301, 872470, 1, 0, 0
3400, 440603, 0, 0, 0
3401, 837366, 1, 0, 0
3500, 897982, 1, 0, 0
3501, 457688, 0, 0, 0
3600, 452659, 0, 0, 0
3600, 874821, 1, 0, 0
3700, 455452, 0, 0, 0
3701, 925030, 1, 0, 0
3800, 434051, 0, 0, 0
3801, 897189, 1, 0, 0
3900, 462270, 0, 0, 0
3901, 898774, 1, 0, 0
4000, 430499, 0, 0, 0
4000, 859525, 1, 0, 0
4100, 858432, 1, 0, 0
4102, 443335, 0, 0, 0
4200, 441432, 0, 0, 0
4200, 892618, 1, 0, 0
4300, 456687, 0, 0, 0
4300, 884517, 1, 0, 0
4400, 451189, 0, 0, 0
4402, 884484, 1, 0, 0
4500, 458319, 0, 0, 0
4500, 904284, 1, 0, 0
4600, 453095, 0, 0, 0
4601, 927376, 1, 0, 0
4700, 451317, 0, 0, 0
4700, 918390, 1, 0, 0
4800, 446419, 0, 0, 0
4801, 890200, 1, 0, 0
4900, 441988, 0, 0, 0
4900, 848761, 1, 0, 0
5000, 444036, 0, 0, 0
5000, 914696, 1, 0, 0
5100, 461480, 0, 0, 0
5102, 882463, 1, 0, 0
5200, 463395, 0, 0, 0
5202, 952308, 1, 0, 0
5300, 467090, 0, 0, 0
5301, 993485, 1, 0, 0
5400, 468179, 0, 0, 0
5402, 998121, 1, 0, 0
5500, 930298, 1, 0, 0
5500, 469490, 0, 0, 0
5600, 916868, 1, 0, 0
5600, 459184, 0, 0, 0
5700, 453085, 0, 0, 0
5701, 918878, 1, 0, 0
5800, 441992, 0, 0, 0
5803, 901621, 1, 0, 0
5900, 906899, 1, 0, 0
5900, 464856, 0, 0, 0
6000, 889913, 1, 0, 0
6000, 451810, 0, 0, 0
6100, 466645, 0, 0, 0
6100, 936370, 1, 0, 0
6200, 886655, 1, 0, 0
6200, 464103, 0, 0, 0
6300, 458516, 0, 0, 0
6301, 885120, 1, 0, 0
6400, 468260, 0, 0, 0
6402, 930968, 1, 0, 0
6500, 923520, 1, 0, 0
6501, 447397, 0, 0, 0
6600, 472904, 0, 0, 0
6600, 928140, 1, 0, 0
6700, 446372, 0, 0, 0
6700, 890202, 1, 0, 0
6800, 447789, 0, 0, 0
6800, 938370, 1, 0, 0
6900, 879944, 1, 0, 0
6900, 440907, 0, 0, 0
7000, 460165, 0, 0, 0
7000, 916753, 1, 0, 0
7100, 455584, 0, 0, 0
7100, 901405, 1, 0, 0
7200, 456481, 0, 0, 0
7200, 909164, 1, 0, 0
7300, 886589, 1, 0, 0
7300, 439578, 0, 0, 0
7400, 910409, 1, 0, 0
7400, 452901, 0, 0, 0
7500, 922737, 1, 0, 0
7500, 458087, 0, 0, 0
7600, 462159, 0, 0, 0
7601, 890441, 1, 0, 0
7700, 443806, 0, 0, 0
7700, 939246, 1, 0, 0
7800, 444282, 0, 0, 0
7800, 948503, 1, 0, 0
7900, 468343, 0, 0, 0
7902, 919165, 1, 0, 0
8000, 455977, 0, 0, 0
8000, 923202, 1, 0, 0
8100, 451699, 0, 0, 0
8100, 951202, 1, 0, 0
8200, 450618, 0, 0, 0
8200, 907166, 1, 0, 0
8300, 464362, 0, 0, 0
8300, 923219, 1, 0, 0
8400, 456887, 0, 0, 0
8400, 889965, 1, 0, 0
8500, 908919, 1, 0, 0
8500, 465637, 0, 0, 0
8600, 444494, 0, 0, 0
8600, 882440, 1, 0, 0
8700, 936970, 1, 0, 0
8700, 455396, 0, 0, 0
8800, 942651, 1, 0, 0
8800, 462262, 0, 0, 0
8900, 438181, 0, 0, 0
8901, 900294, 1, 0, 0
9000, 449329, 0, 0, 0
9001, 910339, 1, 0, 0
9100, 898493, 1, 0, 0
9100, 452422, 0, 0, 0
9200, 461226, 0, 0, 0
9200, 930914, 1, 0, 0
9300, 904074, 1, 0, 0
9301, 457817, 0, 0, 0
9400, 919884, 1, 0, 0
9401, 444150, 0, 0, 0
9500, 470244, 0, 0, 0
9501, 888574, 1, 0, 0
9600, 453605, 0, 0, 0
9600, 929967, 1, 0, 0
9700, 439963, 0, 0, 0
9700, 962082, 1, 0, 0
9800, 889869, 1, 0, 0
9800, 436068, 0, 0, 0
9900, 902588, 1, 0, 0
9901, 472192, 0, 0, 0
10000, 433796, 0, 0, 0
10001, 901070, 1, 0, 0
10100, 902093, 1, 0, 0
10100, 446264, 0, 0, 0
10200, 445044, 0, 0, 0
10200, 921097, 1, 0, 0
10300, 452977, 0, 0, 0
10302, 909539, 1, 0, 0
10400, 455088, 0, 0, 0
10400, 915223, 1, 0, 0
10500, 459479, 0, 0, 0
10501, 930032, 1, 0, 0
10600, 459327, 0, 0, 0
10600, 911568, 1, 0, 0
10700, 441258, 0, 0, 0
10702, 961650, 1, 0, 0
10800, 931390, 1, 0, 0
10800, 473475, 0, 0, 0
10900, 910948, 1, 0, 0
10901, 456016, 0, 0, 0
11000, 456333, 0, 0, 0
11001, 886416, 1, 0, 0
11100, 922822, 1, 0, 0
11100, 450079, 0, 0, 0
11200, 436670, 0, 0, 0
11200, 894678, 1, 0, 0
11300, 461845, 0, 0, 0
11300, 905443, 1, 0, 0
11400, 944784, 1, 0, 0
11400, 443919, 0, 0, 0
11500, 449971, 0, 0, 0
11500, 899434, 1, 0, 0
11600, 919036, 1, 0, 0
11600, 455553, 0, 0, 0
11700, 452199, 0, 0, 0
11701, 928268, 1, 0, 0
11800, 445926, 0, 0, 0
11800, 916693, 1, 0, 0
11900, 464361, 0, 0, 0
11901, 918621, 1, 0, 0
12000, 450558, 0, 0, 0
12002, 936100, 1, 0, 0
12100, 862469, 1, 0, 0
12100, 427243, 0, 0, 0
12200, 444019, 0, 0, 0
12201, 938288, 1, 0, 0
12300, 445037, 0, 0, 0
12303, 880330, 1, 0, 0
12400, 912407, 1, 0, 0
12401, 445452, 0, 0, 0
12500, 895793, 1, 0, 0
12501, 443240, 0, 0, 0
12600, 440139, 0, 0, 0
12601, 942529, 1, 0, 0
12700, 438055, 0, 0, 0
12700, 891805, 1, 0, 0
12800, 451288, 0, 0, 0
12800, 887439, 1, 0, 0
12900, 451923, 0, 0, 0
12900, 937424, 1, 0, 0
13000, 440743, 0, 0, 0
13000, 915921, 1, 0, 0
13100, 444469, 0, 0, 0
13101, 893499, 1, 0, 0
13200, 441997, 0, 0, 0
13200, 895977, 1, 0, 0
13300, 456131, 0, 0, 0
13300, 907013, 1, 0, 0
13400, 444416, 0, 0, 0
13400, 869391, 1, 0, 0
13500, 440685, 0, 0, 0
13500, 921626, 1, 0, 0
13600, 459022, 0, 0, 0
13600, 911548, 1, 0, 0
13700, 906051, 1, 0, 0
13700, 444753, 0, 0, 0
13800, 459683, 0, 0, 0
13802, 915159, 1, 0, 0
13900, 450961, 0, 0, 0
13900, 896276, 1, 0, 0
14000, 435969, 0, 0, 0
14001, 894646, 1, 0, 0
14100, 884247, 1, 0, 0
14100, 443483, 0, 0, 0
14200, 861158, 1, 0, 0
14200, 445663, 0, 0, 0
14300, 930756, 1, 0, 0
14300, 438704, 0, 0, 0
14400, 460782, 0, 0, 0
14400, 867291, 1, 0, 0
14500, 447569, 0, 0, 0
14500, 918863, 1, 0, 0
14600, 435146, 0, 0, 0
14600, 865024, 1, 0, 0
14700, 438048, 0, 0, 0
14701, 847981, 1, 0, 0
14800, 943439, 1, 0, 0
14800, 439392, 0, 0, 0
14900, 435752, 0, 0, 0
14900, 949516, 1, 0, 0
15000, 430093, 0, 0, 0
15000, 885065, 1, 0, 0
15100, 906193, 1, 0, 0
15100, 459984, 0, 0, 0
15200, 865440, 1, 0, 0
15200, 441524, 0, 0, 0
15300, 450697, 0, 0, 0
15301, 904657, 1, 0, 0
15400, 885085, 1, 0, 0
15400, 441722, 0, 0, 0
15500, 451496, 0, 0, 0
15500, 861513, 1, 0, 0
15600, 888564, 1, 0, 0
15600, 443099, 0, 0, 0
15700, 453126, 0, 0, 0
15700, 877106, 1, 0, 0
15800, 450355, 0, 0, 0
15800, 872588, 1, 0, 0
15900, 438428, 0, 0, 0
15901, 912441, 1, 0, 0
16000, 442144, 0, 0, 0
16001, 939792, 1, 0, 0
16100, 904259, 1, 0, 0
16100, 450996, 0, 0, 0
16200, 462384, 0, 0, 0
16201, 913642, 1, 0, 0
16300, 440358, 0, 0, 0
16301, 884221, 1, 0, 0
16400, 902359, 1, 0, 0
16400, 444041, 0, 0, 0
16500, 924640, 1, 0, 0
16500, 445423, 0, 0, 0
16600, 436539, 0, 0, 0
16600, 870664, 1, 0, 0
16700, 887052, 1, 0, 0
16700, 447793, 0, 0, 0
16800, 444614, 0, 0, 0
16800, 906509, 1, 0, 0
16900, 857985, 1, 0, 0
16903, 441192, 0, 0, 0
17000, 442986, 0, 0, 0
17000, 898630, 1, 0, 0
17100, 448541, 0, 0, 0
17102, 876784, 1, 0, 0
17200, 440845, 0, 0, 0
17200, 921903, 1, 0, 0
17300, 926667, 1, 0, 0
17300, 454012, 0, 0, 0
17400, 445406, 0, 0, 0
17400, 895989, 1, 0, 0
17500, 440242, 0, 0, 0
17501, 903097, 1, 0, 0
17600, 922171, 1, 0, 0
17600, 440580, 0, 0, 0
17700, 424305, 0, 0, 0
17700, 894272, 1, 0, 0
17800, 445388, 0, 0, 0
17800, 869880, 1, 0, 0
17900, 435812, 0, 0, 0
17901, 889021, 1, 0, 0
18000, 832590, 1, 0, 0
18001, 443676, 0, 0, 0
18100, 436989, 0, 0, 0
18101, 914760, 1, 0, 0
18200, 855309, 1, 0, 0
18200, 425092, 0, 0, 0
18300, 890584, 1, 0, 0
18300, 438541, 0, 0, 0
18400, 433363, 0, 0, 0
18400, 877242, 1, 0, 0
18500, 456093, 0, 0, 0
18500, 919037, 1, 0, 0
18600, 439942, 0, 0, 0
18602, 869496, 1, 0, 0
18700, 436119, 0, 0, 0
18700, 893597, 1, 0, 0
18800, 450797, 0, 0, 0
18800, 856037, 1, 0, 0
18900, 867517, 1, 0, 0
18900, 473500, 0, 0, 0
19000, 915057, 1, 0, 0
19000, 461739, 0, 0, 0
19100, 905454, 1, 0, 0
19100, 451291, 0, 0, 0
19200, 452576, 0, 0, 0
19202, 931962, 1, 0, 0
19300, 452340, 0, 0, 0
19302, 903218, 1, 0, 0
19400, 885822, 1, 0, 0
19401, 449555, 0, 0, 0
19500, 440083, 0, 0, 0
19500, 874025, 1, 0, 0
19600, 906991, 1, 0, 0
19600, 432600, 0, 0, 0
19700, 436531, 0, 0, 0
19700, 877437, 1, 0, 0
19800, 438806, 0, 0, 0
19801, 885893, 1, 0, 0
19900, 453313, 0, 0, 0
19901, 881538, 1, 0, 0
20000, 883970, 1, 0, 0
20000, 438251, 0, 0, 0
20100, 446842, 0, 0, 0
20100, 896012, 1, 0, 0
20200, 880726, 1, 0, 0
20200, 447892, 0, 0, 0
20300, 831828, 1, 0, 0
20301, 437569, 0, 0, 0
20400, 887981, 1, 0, 0
20401, 451972, 0, 0, 0
20500, 865164, 1, 0, 0
20501, 443762, 0, 0, 0
20600, 447251, 0, 0, 0
20601, 864251, 1, 0, 0
20700, 453767, 0, 0, 0
20700, 938722, 1, 0, 0
20800, 431929, 0, 0, 0
20801, 838806, 1, 0, 0
20900, 456857, 0, 0, 0
20901, 939861, 1, 0, 0
21000, 431087, 0, 0, 0
21000, 914224, 1, 0, 0
21100, 899966, 1, 0, 0
21100, 442060, 0, 0, 0
21200, 453709, 0, 0, 0
21200, 871707, 1, 0, 0
21300, 434735, 0, 0, 0
21300, 865766, 1, 0, 0
21400, 432576, 0, 0, 0
21400, 913121, 1, 0, 0
21500, 893840, 1, 0, 0
21500, 439163, 0, 0, 0
21600, 879955, 1, 0, 0
21600, 453295, 0, 0, 0
21700, 441744, 0, 0, 0
21701, 886721, 1, 0, 0
21800, 436797, 0, 0, 0
21800, 868766, 1, 0, 0
21900, 888298, 1, 0, 0
21900, 431667, 0, 0, 0
22000, 458230, 0, 0, 0
22000, 851109, 1, 0, 0
22100, 882868, 1, 0, 0
22100, 437375, 0, 0, 0
22200, 442645, 0, 0, 0
22201, 901892, 1, 0, 0
22300, 888712, 1, 0, 0
22300, 445858, 0, 0, 0
22400, 460328, 0, 0, 0
22400, 849305, 1, 0, 0
22500, 440692, 0, 0, 0
22501, 874997, 1, 0, 0
22600, 438144, 0, 0, 0
22601, 945823, 1, 0, 0
22700, 845205, 1, 0, 0
22700, 443124, 0, 0, 0
22800, 446670, 0, 0, 0
22801, 917954, 1, 0, 0
22900, 436339, 0, 0, 0
22900, 920706, 1, 0, 0
23000, 434157, 0, 0, 0
23000, 860865, 1, 0, 0
23100, 921671, 1, 0, 0
23100, 441329, 0, 0, 0
23200, 446436, 0, 0, 0
23200, 886196, 1, 0, 0
23300, 454228, 0, 0, 0
23301, 862976, 1, 0, 0
23400, 878733, 1, 0, 0
23400, 444720, 0, 0, 0
23500, 453844, 0, 0, 0
23500, 864012, 1, 0, 0
23600, 441009, 0, 0, 0
23600, 873449, 1, 0, 0
23700, 899898, 1, 0, 0
23701, 453335, 0, 0, 0
23800, 451120, 0, 0, 0
23800, 919178, 1, 0, 0
23900, 921620, 1, 0, 0
23901, 441148, 0, 0, 0
24000, 448966, 0, 0, 0
24000, 931901, 1, 0, 0
24100, 852615, 1, 0, 0
24100, 442473, 0, 0, 0
24200, 447363, 0, 0, 0
24201, 884910, 1, 0, 0
24300, 448623, 0, 0, 0
24302, 914128, 1, 0, 0
24400, 448489, 0, 0, 0
24401, 898823, 1, 0, 0
24500, 849652, 1, 0, 0
24500, 442557, 0, 0, 0
24600, 442932, 0, 0, 0
24600, 887609, 1, 0, 0
24700, 448772, 0, 0, 0
24700, 856292, 1, 0, 0
24800, 885337, 1, 0, 0
24800, 438773, 0, 0, 0
24900, 434533, 0, 0, 0
24900, 857655, 1, 0, 0
25000, 455817, 0, 0, 0
25001, 924723, 1, 0, 0
25100, 875367, 1, 0, 0
25100, 456972, 0, 0, 0
25200, 882300, 1, 0, 0
25200, 438683, 0, 0, 0
25300, 940546, 1, 0, 0
25300, 446207, 0, 0, 0
25400, 428717, 0, 0, 0
25400, 899473, 1, 0, 0
25500, 458721, 0, 0, 0
25500, 865268, 1, 0, 0
25600, 455486, 0, 0, 0
25600, 888125, 1, 0, 0
25700, 429917, 0, 0, 0
25700, 891638, 1, 0, 0
25800, 447335, 0, 0, 0
25801, 860002, 1, 0, 0
25900, 883831, 1, 0, 0
25900, 448790, 0, 0, 0
26000, 441378, 0, 0, 0
26000, 850667, 1, 0, 0
26100, 448787, 0, 0, 0
26101, 852929, 1, 0, 0
26200, 460140, 0, 0, 0
26200, 918363, 1, 0, 0
26300, 445877, 0, 0, 0
26300, 950016, 1, 0, 0
26400, 925668, 1, 0, 0
26400, 443960, 0, 0, 0
26500, 868650, 1, 0, 0
26500, 436749, 0, 0, 0
26600, 450456, 0, 0, 0
26601, 897485, 1, 0, 0
26700, 449480, 0, 0, 0
26700, 910138, 1, 0, 0
26800, 894416, 1, 0, 0
26800, 458621, 0, 0, 0
26900, 455800, 0, 0, 0
26900, 870796, 1, 0, 0
27000, 450052, 0, 0, 0
27001, 865115, 1, 0, 0
27100, 445863, 0, 0, 0
27100, 907154, 1, 0, 0
27200, 953360, 1, 0, 0
27200, 441631, 0, 0, 0
27300, 897690, 1, 0, 0
27300, 451677, 0, 0, 0
27400, 884866, 1, 0, 0
27400, 439139, 0, 0, 0
27500, 452484, 0, 0, 0
27500, 862793, 1, 0, 0
27600, 877371, 1, 0, 0
27600, 449405, 0, 0, 0
27700, 872018, 1, 0, 0
27700, 450051, 0, 0, 0
27800, 832490, 1, 0, 0
27800, 442438, 0, 0, 0
27900, 810268, 1, 0, 0
27900, 441535, 0, 0, 0
28000, 431533, 0, 0, 0
28000, 876011, 1, 0, 0
28100, 439967, 0, 0, 0
28100, 843092, 1, 0, 0
28200, 428252, 0, 0, 0
28200, 867153, 1, 0, 0
28300, 431946, 0, 0, 0
28300, 857953, 1, 0, 0
28400, 453535, 0, 0, 0
28400, 869942, 1, 0, 0
28500, 433271, 0, 0, 0
28501, 820040, 1, 0, 0
28600, 434668, 0, 0, 0
28602, 840173, 1, 0, 0
28700, 1109659, 1, 0, 0
28700, 448881, 0, 0, 0
28800, 448360, 0, 0, 0
28801, 854956, 1, 0, 0
28900, 442359, 0, 0, 0
28900, 857825, 1, 0, 0
29000, 431862, 0, 0, 0
29000, 838245, 1, 0, 0
29100, 443899, 0, 0, 0
29102, 916840, 1, 0, 0
29200, 461601, 0, 0, 0
29200, 885469, 1, 0, 0
29300, 920668, 1, 0, 0
29300, 451316, 0, 0, 0
29400, 887934, 1, 0, 0
29401, 451329, 0, 0, 0
29500, 444451, 0, 0, 0
29500, 862321, 1, 0, 0
29600, 444972, 0, 0, 0
29601, 846164, 1, 0, 0
29700, 439204, 0, 0, 0
29700, 871523, 1, 0, 0
29800, 433395, 0, 0, 0
29800, 861045, 1, 0, 0
29900, 454728, 0, 0, 0
29900, 838519, 1, 0, 0
30000, 447329, 0, 0, 0
30001, 921309, 1, 0, 0
30100, 446945, 0, 0, 0
30100, 892221, 1, 0, 0
30200, 875067, 1, 0, 0
30200, 436738, 0, 0, 0
30300, 955207, 1, 0, 0
30300, 451475, 0, 0, 0
30400, 455448, 0, 0, 0
30400, 907289, 1, 0, 0
30500, 443667, 0, 0, 0
30501, 902963, 1, 0, 0
30600, 886581, 1, 0, 0
30601, 463412, 0, 0, 0
30700, 422399, 0, 0, 0
30700, 879298, 1, 0, 0
30800, 435424, 0, 0, 0
30800, 878700, 1, 0, 0
30900, 448977, 0, 0, 0
30902, 865200, 1, 0, 0
31000, 439857, 0, 0, 0
31000, 859634, 1, 0, 0
31100, 450745, 0, 0, 0
31100, 869715, 1, 0, 0
31200, 877478, 1, 0, 0
31200, 444005, 0, 0, 0
31300, 447113, 0, 0, 0
31301, 855014, 1, 0, 0
31400, 451807, 0, 0, 0
31400, 890556, 1, 0, 0
31500, 872337, 1, 0, 0
31500, 435131, 0, 0, 0
31600, 446794, 0, 0, 0
31600, 840871, 1, 0, 0
31700, 874746, 1, 0, 0
31700, 451204, 0, 0, 0
31800, 458309, 0, 0, 0
31800, 867901, 1, 0, 0
31900, 448252, 0, 0, 0
31900, 872340, 1, 0, 0
32000, 898328, 1, 0, 0
32000, 456405, 0, 0, 0
32100, 426614, 0, 0, 0
32100, 880029, 1, 0, 0
32200, 845499, 1, 0, 0
32200, 443133, 0, 0, 0
32300, 448355, 0, 0, 0
32300, 906645, 1, 0, 0
32400, 424415, 0, 0, 0
32400, 842852, 1, 0, 0
32500, 430440, 0, 0, 0
32502, 852421, 1, 0, 0
32600, 437729, 0, 0, 0
32601, 875396, 1, 0, 0
32700, 849043, 1, 0, 0
32700, 434763, 0, 0, 0
32800, 419103, 0, 0, 0
32802, 890356, 1, 0, 0
32900, 433914, 0, 0, 0
32902, 865586, 1, 0, 0
33000, 429499, 0, 0, 0
33000, 873691, 1, 0, 0
33100, 430479, 0, 0, 0
33100, 901092, 1, 0, 0
33200, 427391, 0, 0, 0
33201, 864829, 1, 0, 0
33300, 845486, 1, 0, 0
33300, 432532, 0, 0, 0
33400, 861770, 1, 0, 0
33400, 446621, 0, 0, 0
33500, 431443, 0, 0, 0
33500, 893921, 1, 0, 0
33600, 430367, 0, 0, 0
33600, 858217, 1, 0, 0
33700, 857114, 1, 0, 0
33700, 439312, 0, 0, 0
33800, 459966, 0, 0, 0
33800, 866414, 1, 0, 0
33900, 441790, 0, 0, 0
33900, 895346, 1, 0, 0
34000, 444978, 0, 0, 0
34001, 904902, 1, 0, 0
34100, 832685, 1, 0, 0
34100, 442955, 0, 0, 0
34200, 441601, 0, 0, 0
34201, 860315, 1, 0, 0
34300, 450397, 0, 0, 0
34300, 915647, 1, 0, 0
34400, 882398, 1, 0, 0
34400, 439111, 0, 0, 0
34500, 440596, 0, 0, 0
34500, 886100, 1, 0, 0
34600, 454973, 0, 0, 0
34602, 877950, 1, 0, 0
34700, 863150, 1, 0, 0
34700, 447494, 0, 0, 0
34800, 465973, 0, 0, 0
34800, 932279, 1, 0, 0
34900, 885444, 1, 0, 0
34901, 453344, 0, 0, 0
35000, 465268, 0, 0, 0
35001, 888546, 1, 0, 0
35100, 458481, 0, 0, 0
35100, 901072, 1, 0, 0
35200, 433072, 0, 0, 0
35200, 839624, 1, 0, 0
35300, 465822, 0, 0, 0
35301, 933777, 1, 0, 0
35400, 454166, 0, 0, 0
35400, 908771, 1, 0, 0
35500, 889259, 1, 0, 0
35500, 434506, 0, 0, 0
35600, 441775, 0, 0, 0
35602, 909703, 1, 0, 0
35700, 445210, 0, 0, 0
35700, 911120, 1, 0, 0
35800, 908002, 1, 0, 0
35800, 439608, 0, 0, 0
35900, 892760, 1, 0, 0
35900, 432968, 0, 0, 0
36000, 457662, 0, 0, 0
36000, 896617, 1, 0, 0
36100, 456764, 0, 0, 0
36100, 897596, 1, 0, 0
36200, 884065, 1, 0, 0
36200, 458421, 0, 0, 0
36300, 455137, 0, 0, 0
36300, 883916, 1, 0, 0
36400, 859014, 1, 0, 0
36401, 457018, 0, 0, 0
36500, 455400, 0, 0, 0
36500, 877468, 1, 0, 0
36600, 881662, 1, 0, 0
36600, 453498, 0, 0, 0
36700, 459777, 0, 0, 0
36700, 873909, 1, 0, 0
36800, 889024, 1, 0, 0
36800, 449579, 0, 0, 0
36900, 884478, 1, 0, 0
36900, 463619, 0, 0, 0
37000, 462364, 0, 0, 0
37000, 882095, 1, 0, 0
37100, 441253, 0, 0, 0
37100, 913076, 1, 0, 0
37200, 457313, 0, 0, 0
37200, 867527, 1, 0, 0
37300, 456834, 0, 0, 0
37301, 868402, 1, 0, 0
37400, 974982, 1, 0, 0
37400, 445203, 0, 0, 0
37500, 464924, 0, 0, 0
37500, 906098, 1, 0, 0
37600, 459044, 0, 0, 0
37600, 870010, 1, 0, 0
37700, 453352, 0, 0, 0
37701, 908761, 1, 0, 0
37800, 959899, 1, 0, 0
37800, 453267, 0, 0, 0
37900, 458504, 0, 0, 0
37900, 854199, 1, 0, 0
38000, 453312, 0, 0, 0
38001, 885162, 1, 0, 0
38100, 452752, 0, 0, 0
38100, 846626, 1, 0, 0
38200, 920990, 1, 0, 0
38201, 463182, 0, 0, 0
38300, 456999, 0, 0, 0
38301, 906846, 1, 0, 0
38400, 445231, 0, 0, 0
38400, 876664, 1, 0, 0
38500, 875355, 1, 0, 0
38500, 452604, 0, 0, 0
38600, 460487, 0, 0, 0
38600, 874876, 1, 0, 0
38700, 450747, 0, 0, 0
38700, 859160, 1, 0, 0
38800, 453051, 0, 0, 0
38801, 893830, 1, 0, 0
38900, 472460, 0, 0, 0
38900, 887680, 1, 0, 0
39000, 465440, 0, 0, 0
39000, 855382, 1, 0, 0
39100, 459119, 0, 0, 0
39100, 889361, 1, 0, 0
39200, 446868, 0, 0, 0
39200, 860115, 1, 0, 0
39300, 450688, 0, 0, 0
39300, 862569, 1, 0, 0
39400, 445534, 0, 0, 0
39401, 897976, 1, 0, 0
39500, 886064, 1, 0, 0
39500, 440927, 0, 0, 0
39602, 916863, 1, 0, 0
39603, 454471, 0, 0, 0
39700, 471342, 0, 0, 0
39702, 884861, 1, 0, 0
39800, 897865, 1, 0, 0
39800, 449085, 0, 0, 0
39900, 459247, 0, 0, 0
39900, 913567, 1, 0, 0
40000, 911235, 1, 0, 0
40000, 474128, 0, 0, 0
40100, 917632, 1, 0, 0
40100, 437056, 0, 0, 0
40200, 452006, 0, 0, 0
40201, 878366, 1, 0, 0
40300, 864824, 1, 0, 0
40300, 447168, 0, 0, 0
40400, 896855, 1, 0, 0
40400, 458618, 0, 0, 0
40500, 444328, 0, 0, 0
40500, 926212, 1, 0, 0
40600, 467807, 0, 0, 0
40603, 924747, 1, 0, 0
40700, 436216, 0, 0, 0
40700, 875636, 1, 0, 0
40800, 876960, 1, 0, 0
40801, 450872, 0, 0, 0
40900, 920016, 1, 0, 0
40902, 449214, 0, 0, 0
41000, 461481, 0, 0, 0
41000, 900536, 1, 0, 0
41100, 461338, 0, 0, 0
41101, 895319, 1, 0, 0
41200, 467845, 0, 0, 0
41200, 879103, 1, 0, 0
41300, 470987, 0, 0, 0
41300, 897136, 1, 0, 0
41400, 870574, 1, 0, 0
41400, 467783, 0, 0, 0
41500, 442222, 0, 0, 0
41501, 934220, 1, 0, 0
41600, 459572, 0, 0, 0
41601, 854081, 1, 0, 0
41700, 897170, 1, 0, 0
41700, 453522, 0, 0, 0
41800, 452977, 0, 0, 0
41800, 887555, 1, 0, 0
41900, 880957, 1, 0, 0
41901, 469038, 0, 0, 0
42000, 917781, 1, 0, 0
42000, 437995, 0, 0, 0
42100, 930254, 1, 0, 0
42101, 448877, 0, 0, 0
42200, 459626, 0, 0, 0
42200, 895218, 1, 0, 0
42300, 470921, 0, 0, 0
42300, 893408, 1, 0, 0
42400, 457607, 0, 0, 0
42400, 872186, 1, 0, 0
42500, 459964, 0, 0, 0
42502, 876330, 1, 0, 0
42600, 444053, 0, 0, 0
42603, 870933, 1, 0, 0
42700, 450004, 0, 0, 0
42700, 846209, 1, 0, 0
42800, 467580, 0, 0, 0
42801, 923995, 1, 0, 0
42900, 476099, 0, 0, 0
42901, 897822, 1, 0, 0
43000, 894057, 1, 0, 0
43000, 461041, 0, 0, 0
43100, 459391, 0, 0, 0
43101, 879714, 1, 0, 0
43200, 894742, 1, 0, 0
43200, 456090, 0, 0, 0
43300, 438292, 0, 0, 0
43300, 916821, 1, 0, 0
43400, 885083, 1, 0, 0
43400, 451977, 0, 0, 0
43500, 468437, 0, 0, 0
43502, 898225, 1, 0, 0
43600, 445622, 0, 0, 0
43602, 923576, 1, 0, 0
43700, 457876, 0, 0, 0
43701, 881004, 1, 0, 0
43800, 444762, 0, 0, 0
43801, 882711, 1, 0, 0
43900, 869596, 1, 0, 0
43900, 455766, 0, 0, 0
44000, 457618, 0, 0, 0
44000, 877412, 1, 0, 0
44100, 945792, 1, 0, 0
44100, 459344, 0, 0, 0
44200, 906653, 1, 0, 0
44200, 468880, 0, 0, 0
44300, 868873, 1, 0, 0
44300, 457675, 0, 0, 0
44400, 450719, 0, 0, 0
44401, 878271, 1, 0, 0
44500, 455541, 0, 0, 0
44500, 922923, 1, 0, 0
44600, 876224, 1, 0, 0
44600, 464077, 0, 0, 0
44700, 949428, 1, 0, 0
44700, 454779, 0, 0, 0
44800, 901236, 1, 0, 0
44800, 464602, 0, 0, 0
44900, 922790, 1, 0, 0
44900, 468732, 0, 0, 0
45000, 462323, 0, 0, 0
45000, 905659, 1, 0, 0
45100, 884164, 1, 0, 0
45100, 473403, 0, 0, 0
45200, 469900, 0, 0, 0
45200, 898082, 1, 0, 0
45300, 472787, 0, 0, 0
45300, 888252, 1, 0, 0
45400, 455415, 0, 0, 0
45400, 870874, 1, 0, 0
45500, 879044, 1, 0, 0
45500, 471964, 0, 0, 0
45600, 874881, 1, 0, 0
45600, 454713, 0, 0, 0
45700, 459256, 0, 0, 0
45700, 898946, 1, 0, 0
45800, 454944, 0, 0, 0
45800, 887075, 1, 0, 0
45900, 465879, 0, 0, 0
45900, 888716, 1, 0, 0
46000, 470930, 0, 0, 0
46001, 852402, 1, 0, 0
46100, 453748, 0, 0, 0
46100, 873620, 1, 0, 0
46200, 455022, 0, 0, 0
46200, 915859, 1, 0, 0
46300, 480379, 0, 0, 0
46300, 941889, 1, 0, 0
46400, 923497, 1, 0, 0
46400, 460603, 0, 0, 0
46500, 922688, 1, 0, 0
46500, 471194, 0, 0, 0
46600, 453036, 0, 0, 0
46600, 921671, 1, 0, 0
46700, 445532, 0, 0, 0
46701, 989158, 1, 0, 0
46800, 466012, 0, 0, 0
46800, 947331, 1, 0, 0
46900, 465746, 0, 0, 0
46900, 871674, 1, 0, 0
47000, 918723, 1, 0, 0
47000, 445251, 0, 0, 0
47100, 450280, 0, 0, 0
47101, 897831, 1, 0, 0
47200, 450704, 0, 0, 0
47200, 919268, 1, 0, 0
47300, 876803, 1, 0, 0
47300, 454138, 0, 0, 0
47400, 459039, 0, 0, 0
47401, 874981, 1, 0, 0
47500, 450495, 0, 0, 0
47500, 921085, 1, 0, 0
47600, 898930, 1, 0, 0
47600, 463733, 0, 0, 0
47700, 441379, 0, 0, 0
47703, 920115, 1, 0, 0
47800, 460459, 0, 0, 0
47802, 880575, 1, 0, 0
47900, 899431, 1, 0, 0
47900, 465821, 0, 0, 0
48000, 473967, 0, 0, 0
48000, 889392, 1, 0, 0
48100, 462745, 0, 0, 0
48100, 919718, 1, 0, 0
48200, 440288, 0, 0, 0
48200, 877787, 1, 0, 0
48300, 440360, 0, 0, 0
48301, 910461, 1, 0, 0
48400, 465954, 0, 0, 0
48401, 933984, 1, 0, 0
48500, 923876, 1, 0, 0
48500, 461124, 0, 0, 0
48600, 465581, 0, 0, 0
48600, 904094, 1, 0, 0
48700, 459724, 0, 0, 0
48700, 933910, 1, 0, 0
48800, 457453, 0, 0, 0
48800, 903647, 1, 0, 0
48900, 471173, 0, 0, 0
48900, 918858, 1, 0, 0
49000, 462583, 0, 0, 0
49000, 916720, 1, 0, 0
49100, 888819, 1, 0, 0
49101, 450972, 0, 0, 0
49200, 458043, 0, 0, 0
49200, 936661, 1, 0, 0
49300, 467004, 0, 0, 0
49300, 927339, 1, 0, 0
49400, 472028, 0, 0, 0
49400, 944809, 1, 0, 0
49500, 454714, 0, 0, 0
49500, 895612, 1, 0, 0
49600, 473234, 0, 0, 0
49600, 953032, 1, 0, 0
49700, 465912, 0, 0, 0
49700, 949455, 1, 0, 0
49800, 450948, 0, 0, 0
49801, 871587, 1, 0, 0
49900, 466457, 0, 0, 0
49901, 859906, 1, 0, 0
50000, 914715, 1, 0, 0
50000, 447905, 0, 0, 0
50100, 453878, 0, 0, 0
50100, 930140, 1, 0, 0
50200, 461648, 0, 0, 0
50201, 923156, 1, 0, 0
50300, 899878, 1, 0, 0
50300, 452686, 0, 0, 0
50400, 463105, 0, 0, 0
50400, 925033, 1, 0, 0
50500, 461283, 0, 0, 0
50500, 897964, 1, 0, 0
50600, 458940, 0, 0, 0
50603, 1014205, 1, 0, 0
50700, 472956, 0, 0, 0
50700, 870792, 1, 0, 0
50800, 460334, 0, 0, 0
50800, 955521, 1, 0, 0
50900, 897293, 1, 0, 0
50900, 435797, 0, 0, 0
51000, 460299, 0, 0, 0
51000, 909048, 1, 0, 0
51100, 924345, 1, 0, 0
51100, 464879, 0, 0, 0
51200, 469183, 0, 0, 0
51200, 901170, 1, 0, 0
51300, 868045, 1, 0, 0
51300, 464744, 0, 0, 0
51400, 473963, 0, 0, 0
51402, 920589, 1, 0, 0
51500, 448887, 0, 0, 0
51500, 905928, 1, 0, 0
51600, 448644, 0, 0, 0
51601, 902815, 1, 0, 0
51700, 893259, 1, 0, 0
51701, 467251, 0, 0, 0
51800, 458519, 0, 0, 0
51800, 940065, 1, 0, 0
51900, 873404, 1, 0, 0
51900, 457432, 0, 0, 0
52000, 892816, 1, 0, 0
52000, 471492, 0, 0, 0
52100, 928692, 1, 0, 0
52100, 478733, 0, 0, 0
52200, 456358, 0, 0, 0
52202, 878753, 1, 0, 0
52300, 468485, 0, 0, 0
52301, 878538, 1, 0, 0
52400, 458788, 0, 0, 0
52400, 869484, 1, 0, 0
52500, 450886, 0, 0, 0
52500, 862197, 1, 0, 0
52600, 929804, 1, 0, 0
52600, 475633, 0, 0, 0
52700, 895709, 1, 0, 0
52701, 448424, 0, 0, 0
52800, 470414, 0, 0, 0
52800, 969279, 1, 0, 0
52900, 901276, 1, 0, 0
52900, 476862, 0, 0, 0
53000, 909920, 1, 0, 0
53001, 457715, 0, 0, 0
53100, 462231, 0, 0, 0
53102, 966648, 1, 0, 0
53200, 459193, 0, 0, 0
53200, 889991, 1, 0, 0
53300, 465693, 0, 0, 0
53300, 931308, 1, 0, 0
53400, 447330, 0, 0, 0
53400, 921767, 1, 0, 0
53500, 454345, 0, 0, 0
53500, 888189, 1, 0, 0
53600, 459493, 0, 0, 0
53600, 888509, 1, 0, 0
53700, 470874, 0, 0, 0
53701, 908473, 1, 0, 0
53800, 451080, 0, 0, 0
53800, 947900, 1, 0, 0
53900, 470536, 0, 0, 0
53901, 935334, 1, 0, 0
54000, 462960, 0, 0, 0
54001, 875009, 1, 0, 0
54100, 455029, 0, 0, 0
54102, 918296, 1, 0, 0
54200, 452162, 0, 0, 0
54201, 915268, 1, 0, 0
54300, 926148, 1, 0, 0
54300, 455117, 0, 0, 0
54401, 919091, 1, 0, 0
54401, 472657, 0, 0, 0
54500, 465330, 0, 0, 0
54500, 966662, 1, 0, 0
54600, 473268, 0, 0, 0
54601, 918813, 1, 0, 0
54700, 463112, 0, 0, 0
54701, 919410, 1, 0, 0
54800, 917078, 1, 0, 0
54800, 472086, 0, 0, 0
54900, 893780, 1, 0, 0
54900, 454272, 0, 0, 0
55000, 474647, 0, 0, 0
55001, 875834, 1, 0, 0
55100, 895927, 1, 0, 0
55100, 461680, 0, 0, 0
55200, 464465, 0, 0, 0
55200, 910645, 1, 0, 0
55300, 460684, 0, 0, 0
55301, 911778, 1, 0, 0
55400, 472603, 0, 0, 0
55400, 914006, 1, 0, 0
55500, 469011, 0, 0, 0
55500, 917010, 1, 0, 0
55600, 896183, 1, 0, 0
55601, 449621, 0, 0, 0
55700, 464284, 0, 0, 0
55701, 948924, 1, 0, 0
55800, 470361, 0, 0, 0
55800, 895628, 1, 0, 0
55900, 466461, 0, 0, 0
55901, 894153, 1, 0, 0
56000, 466453, 0, 0, 0
56001, 891836, 1, 0, 0
56100, 875316, 1, 0, 0
56101, 460640, 0, 0, 0
56200, 462262, 0, 0, 0
56200, 905443, 1, 0, 0
56300, 490416, 0, 0, 0
56301, 924311, 1, 0, 0
56400, 482486, 0, 0, 0
56400, 937187, 1, 0, 0
56500, 472898, 0, 0, 0
56500, 929996, 1, 0, 0
56600, 464610, 0, 0, 0
56600, 830690, 1, 0, 0
56700, 875653, 1, 0, 0
56701, 454831, 0, 0, 0
56800, 455745, 0, 0, 0
56801, 936853, 1, 0, 0
56900, 451384, 0, 0, 0
56900, 864008, 1, 0, 0
57000, 470003, 0, 0, 0
57001, 936528, 1, 0, 0
57100, 445566, 0, 0, 0
57101, 916993, 1, 0, 0
57200, 454315, 0, 0, 0
57200, 965795, 1, 0, 0
57300, 472743, 0, 0, 0
57300, 1018004, 1, 0, 0
57400, 473897, 0, 0, 0
57401, 943165, 1, 0, 0
57501, 904566, 1, 0, 0
57501, 460532, 0, 0, 0
57600, 472465, 0, 0, 0
57600, 943972, 1, 0, 0
57700, 444411, 0, 0, 0
57700, 864807, 1, 0, 0
57800, 452853, 0, 0, 0
57800, 881702, 1, 0, 0
57900, 925375, 1, 0, 0
57901, 454457, 0, 0, 0
58000, 457527, 0, 0, 0
58000, 894294, 1, 0, 0
58100, 461628, 0, 0, 0
58100, 870267, 1, 0, 0
58200, 454263, 0, 0, 0
58200, 957016, 1, 0, 0
58300, 454704, 0, 0, 0
58301, 852843, 1, 0, 0
58400, 922628, 1, 0, 0
58400, 464354, 0, 0, 0
58500, 854833, 1, 0, 0
58500, 465396, 0, 0, 0
58600, 463466, 0, 0, 0
58600, 893581, 1, 0, 0
58700, 466825, 0, 0, 0
58700, 914236, 1, 0, 0
58800, 882864, 1, 0, 0
58800, 457560, 0, 0, 0
58900, 868640, 1, 0, 0
58900, 463134, 0, 0, 0
59000, 876605, 1, 0, 0
59000, 448579, 0, 0, 0
59100, 464190, 0, 0, 0
59100, 910818, 1, 0, 0
59200, 437209, 0, 0, 0
59200, 864540, 1, 0, 0
59300, 911030, 1, 0, 0
59300, 472050, 0, 0, 0
59400, 457917, 0, 0, 0
59400, 916030, 1, 0, 0
59500, 473193, 0, 0, 0
59500, 906186, 1, 0, 0
59600, 464525, 0, 0, 0
59600, 875974, 1, 0, 0
59700, 932923, 1, 0, 0
59700, 469103, 0, 0, 0
59800, 451746, 0, 0, 0
59801, 860809, 1, 0, 0
59900, 440952, 0, 0, 0
59900, 865397, 1, 0, 0
60000, 473132, 0, 0, 0
60000, 895443, 1, 0, 0
60100, 873555, 1, 0, 0
60100, 473772, 0, 0, 0
60200, 893347, 1, 0, 0
60200, 451109, 0, 0, 0
60300, 451795, 0, 0, 0
60302, 864506, 1, 0, 0
60400, 455904, 0, 0, 0
60402, 945433, 1, 0, 0
60500, 462282, 0, 0, 0
60501, 979346, 1, 0, 0
60600, 471252, 0, 0, 0
60600, 925376, 1, 0, 0
60700, 465156, 0, 0, 0
60700, 895254, 1, 0, 0
60800, 900768, 1, 0, 0
60800, 456720, 0, 0, 0
60900, 468272, 0, 0, 0
60900, 915656, 1, 0, 0
61000, 895784, 1, 0, 0
61001, 442509, 0, 0, 0
61100, 935838, 1, 0, 0
61100, 463369, 0, 0, 0
61200, 458963, 0, 0, 0
61201, 881221, 1, 0, 0
61300, 468360, 0, 0, 0
61300, 912110, 1, 0, 0
61400, 913320, 1, 0, 0
61400, 445906, 0, 0, 0
61500, 908025, 1, 0, 0
61500, 452161, 0, 0, 0
61600, 934847, 1, 0, 0
61601, 471288, 0, 0, 0
61700, 475714, 0, 0, 0
61700, 898184, 1, 0, 0
61800, 463820, 0, 0, 0
61802, 912514, 1, 0, 0
61900, 941841, 1, 0, 0
61900, 469881, 0, 0, 0
62000, 461936, 0, 0, 0
62000, 872299, 1, 0, 0
62100, 455335, 0, 0, 0
62100, 865241, 1, 0, 0
62200, 870983, 1, 0, 0
62200, 455379, 0, 0, 0
62300, 477862, 0, 0, 0
62301, 902840, 1, 0, 0
62400, 455225, 0, 0, 0
62400, 881381, 1, 0, 0
62500, 460953, 0, 0, 0
62500, 876957, 1, 0, 0
62600, 466696, 0, 0, 0
62600, 890993, 1, 0, 0
62700, 945935, 1, 0, 0
62700, 455592, 0, 0, 0
62800, 445867, 0, 0, 0
62800, 870579, 1, 0, 0
62900, 446212, 0, 0, 0
62900, 929544, 1, 0, 0
63000, 865406, 1, 0, 0
63000, 471253, 0, 0, 0
63100, 462342, 0, 0, 0
63100, 881831, 1, 0, 0
63200, 461385, 0, 0, 0
63200, 916147, 1, 0, 0
63300, 458057, 0, 0, 0
63300, 879156, 1, 0, 0
63400, 458445, 0, 0, 0
63400, 844155, 1, 0, 0
63500, 845230, 1, 0, 0
63500, 448518, 0, 0, 0
63600, 468298, 0, 0, 0
63600, 900856, 1, 0, 0
63700, 877434, 1, 0, 0
63700, 455858, 0, 0, 0
63800, 488468, 0, 0, 0
63801, 981296, 1, 0, 0
63900, 470609, 0, 0, 0
63901, 908476, 1, 0, 0
64000, 498003, 0, 0, 0
64000, 995681, 1, 0, 0
64100, 463720, 0, 0, 0
64100, 951186, 1, 0, 0
64200, 912203, 1, 0, 0
64200, 478343, 0, 0, 0
64300, 490102, 0, 0, 0
64301, 928650, 1, 0, 0
64400, 935042, 1, 0, 0
64400, 479553, 0, 0, 0
64500, 933258, 1, 0, 0
64501, 455084, 0, 0, 0
64600, 453122, 0, 0, 0
64602, 864966, 1, 0, 0
64700, 862750, 1, 0, 0
64700, 449633, 0, 0, 0
64800, 906240, 1, 0, 0
64801, 445972, 0, 0, 0
64900, 466290, 0, 0, 0
64900, 927377, 1, 0, 0
65000, 460724, 0, 0, 0
65000, 907431, 1, 0, 0
65100, 465789, 0, 0, 0
65100, 864783, 1, 0, 0
65200, 462672, 0, 0, 0
65200, 867157, 1, 0, 0
65300, 453640, 0, 0, 0
65301, 874391, 1, 0, 0
65400, 904451, 1, 0, 0
65400, 464613, 0, 0, 0
65500, 447882, 0, 0, 0
65500, 861629, 1, 0, 0
65600, 880005, 1, 0, 0
65600, 449649, 0, 0, 0
65700, 471458, 0, 0, 0
65701, 878488, 1, 0, 0
65800, 882537, 1, 0, 0
65801, 457217, 0, 0, 0
65900, 903983, 1, 0, 0
65900, 470457, 0, 0, 0
66000, 459920, 0, 0, 0
66001, 872460, 1, 0, 0
66100, 472994, 0, 0, 0
66100, 891283, 1, 0, 0
66200, 876484, 1, 0, 0
66200, 457613, 0, 0, 0
66300, 443509, 0, 0, 0
66301, 871417, 1, 0, 0
66400, 468971, 0, 0, 0
66400, 844633, 1, 0, 0
66500, 454931, 0, 0, 0
66500, 890123, 1, 0, 0
66600, 467794, 0, 0, 0
66600, 867563, 1, 0, 0
66700, 882336, 1, 0, 0
66701, 461627, 0, 0, 0
66800, 462592, 0, 0, 0
66800, 911016, 1, 0, 0
66900, 460657, 0, 0, 0
66900, 909455, 1, 0, 0
67000, 890333, 1, 0, 0
67000, 456658, 0, 0, 0
67100, 479237, 0, 0, 0
67101, 928834, 1, 0, 0
67200, 442904, 0, 0, 0
67200, 863824, 1, 0, 0
67300, 453426, 0, 0, 0
67300, 908690, 1, 0, 0
67400, 991277, 1, 0, 0
67402, 471632, 0, 0, 0
67500, 461264, 0, 0, 0
67500, 912232, 1, 0, 0
67600, 891490, 1, 0, 0
67600, 463695, 0, 0, 0
67700, 464086, 0, 0, 0
67700, 876003, 1, 0, 0
67800, 457467, 0, 0, 0
67800, 891858, 1, 0, 0
67900, 894469, 1, 0, 0
67900, 457733, 0, 0, 0
68000, 474271, 0, 0, 0
68000, 925151, 1, 0, 0
68100, 463748, 0, 0, 0
68100, 949024, 1, 0, 0
68200, 457637, 0, 0, 0
68201, 909864, 1, 0, 0
68300, 930374, 1, 0, 0
68300, 450466, 0, 0, 0
68400, 451084, 0, 0, 0
68400, 894835, 1, 0, 0
68500, 456326, 0, 0, 0
68501, 929673, 1, 0, 0
68600, 458747, 0, 0, 0
68601, 930746, 1, 0, 0
68700, 887461, 1, 0, 0
68700, 461331, 0, 0, 0
68800, 461920, 0, 0, 0
68800, 932312, 1, 0, 0
68900, 453686, 0, 0, 0
68901, 949701, 1, 0, 0
69000, 454970, 0, 0, 0
69001, 926810, 1, 0, 0
69100, 482062, 0, 0, 0
69100, 895372, 1, 0, 0
69200, 452368, 0, 0, 0
69201, 895491, 1, 0, 0
69300, 866480, 1, 0, 0
69300, 468250, 0, 0, 0
69400, 464261, 0, 0, 0
69400, 871929, 1, 0, 0
69500, 458571, 0, 0, 0
69500, 898354, 1, 0, 0
69600, 477444, 0, 0, 0
69601, 914552, 1, 0, 0
69700, 458931, 0, 0, 0
69701, 934232, 1, 0, 0
69800, 454489, 0, 0, 0
69801, 931686, 1, 0, 0
69900, 452939, 0, 0, 0
69900, 899329, 1, 0, 0
70000, 466862, 0, 0, 0
70001, 894980, 1, 0, 0
70100, 477200, 0, 0, 0
70101, 883775, 1, 0, 0
70200, 901714, 1, 0, 0
70200, 447490, 0, 0, 0
70300, 450786, 0, 0, 0
70300, 893003, 1, 0, 0
70400, 909525, 1, 0, 0
70401, 457367, 0, 0, 0
70500, 477451, 0, 0, 0
70501, 941800, 1, 0, 0
70600, 462581, 0, 0, 0
70600, 977391, 1, 0, 0
70700, 866964, 1, 0, 0
70700, 456236, 0, 0, 0
70800, 463855, 0, 0, 0
70800, 864080, 1, 0, 0
70900, 445648, 0, 0, 0
70901, 936377, 1, 0, 0
71000, 448456, 0, 0, 0
71000, 894365, 1, 0, 0
71100, 934941, 1, 0, 0
71101, 463046, 0, 0, 0
71200, 459954, 0, 0, 0
71201, 933308, 1, 0, 0
71300, 953546, 1, 0, 0
71301, 486204, 0, 0, 0
71400, 469174, 0, 0, 0
71400, 917236, 1, 0, 0
71500, 462838, 0, 0, 0
71502, 918100, 1, 0, 0
71600, 948092, 1, 0, 0
71600, 467630, 0, 0, 0
71700, 929276, 1, 0, 0
71701, 472265, 0, 0, 0
71800, 967334, 1, 0, 0
71800, 467282, 0, 0, 0
71900, 964144, 1, 0, 0
71900, 467842, 0, 0, 0
72000, 474364, 0, 0, 0
72000, 886891, 1, 0, 0
72100, 466089, 0, 0, 0
72100, 917362, 1, 0, 0
72200, 457135, 0, 0, 0
72201, 887672, 1, 0, 0
72300, 456432, 0, 0, 0
72301, 895920, 1, 0, 0
72400, 442869, 0, 0, 0
72400, 903197, 1, 0, 0
72500, 954627, 1, 0, 0
72500, 465275, 0, 0, 0
72600, 452962, 0, 0, 0
72600, 922113, 1, 0, 0
72700, 472322, 0, 0, 0
72701, 976755, 1, 0, 0
72800, 913780, 1, 0, 0
72800, 465929, 0, 0, 0
72900, 863078, 1, 0, 0
72900, 461844, 0, 0, 0
73000, 459318, 0, 0, 0
73000, 898379, 1, 0, 0
73100, 465037, 0, 0, 0
73100, 908126, 1, 0, 0
73200, 916081, 1, 0, 0
73201, 452419, 0, 0, 0
73300, 455716, 0, 0, 0
73300, 897047, 1, 0, 0
73400, 455338, 0, 0, 0
73401, 851186, 1, 0, 0
73500, 889295, 1, 0, 0
73500, 446918, 0, 0, 0
73600, 457154, 0, 0, 0
73600, 880053, 1, 0, 0
73700, 907594, 1, 0, 0
73700, 447123, 0, 0, 0
73800, 897095, 1, 0, 0
73800, 460121, 0, 0, 0
73900, 921537, 1, 0, 0
73900, 445964, 0, 0, 0
74000, 938558, 1, 0, 0
74001, 465456, 0, 0, 0
74100, 902345, 1, 0, 0
74100, 463992, 0, 0, 0
74200, 467540, 0, 0, 0
74200, 930856, 1, 0, 0
74300, 926862, 1, 0, 0
74300, 464224, 0, 0, 0
74400, 457714, 0, 0, 0
74401, 904573, 1, 0, 0
74500, 476709, 0, 0, 0
74500, 932486, 1, 0, 0
74600, 886386, 1, 0, 0
74600, 452319, 0, 0, 0
74700, 458392, 0, 0, 0
74701, 864730, 1, 0, 0
74800, 458301, 0, 0, 0
74801, 916052, 1, 0, 0
74900, 450452, 0, 0, 0
74900, 842933, 1, 0, 0
75000, 890810, 1, 0, 0
75001, 452610, 0, 0, 0
75100, 457327, 0, 0, 0
75101, 906985, 1, 0, 0
75200, 483271, 0, 0, 0
75200, 925190, 1, 0, 0
75300, 456649, 0, 0, 0
75300, 942712, 1, 0, 0
75400, 472703, 0, 0, 0
75400, 966574, 1, 0, 0
75500, 473463, 0, 0, 0
75500, 931997, 1, 0, 0
75600, 914458, 1, 0, 0
75600, 457744, 0, 0, 0
75700, 909337, 1, 0, 0
75700, 470521, 0, 0, 0
75800, 463090, 0, 0, 0
75800, 929514, 1, 0, 0
75900, 459974, 0, 0, 0
75900, 961644, 1, 0, 0
76000, 453230, 0, 0, 0
76000, 908872, 1, 0, 0
76100, 454865, 0, 0, 0
76100, 909115, 1, 0, 0
76200, 461934, 0, 0, 0
76200, 885727, 1, 0, 0
76300, 896113, 1, 0, 0
76300, 473788, 0, 0, 0
76400, 461916, 0, 0, 0
76401, 923480, 1, 0, 0
76500, 886368, 1, 0, 0
76500, 465861, 0, 0, 0
76600, 927456, 1, 0, 0
76600, 455039, 0, 0, 0
76700, 451984, 0, 0, 0
76700, 876913, 1, 0, 0
76800, 459383, 0, 0, 0
76800, 946103, 1, 0, 0
76900, 932523, 1, 0, 0
76900, 455276, 0, 0, 0
77000, 470700, 0, 0, 0
77000, 907680, 1, 0, 0
77100, 467122, 0, 0, 0
77101, 887627, 1, 0, 0
77200, 471660, 0, 0, 0
77200, 913770, 1, 0, 0
77300, 479443, 0, 0, 0
77301, 917130, 1, 0, 0
77400, 453165, 0, 0, 0
77401, 963462, 1, 0, 0
77500, 459778, 0, 0, 0
77500, 876469, 1, 0, 0
77600, 907720, 1, 0, 0
77600, 468220, 0, 0, 0
77700, 456300, 0, 0, 0
77700, 895015, 1, 0, 0
77800, 466188, 0, 0, 0
77801, 903320, 1, 0, 0
77900, 463723, 0, 0, 0
77901, 885780, 1, 0, 0
78000, 868509, 1, 0, 0
78001, 452125, 0, 0, 0
78100, 847663, 1, 0, 0
78100, 453069, 0, 0, 0
78200, 483199, 0, 0, 0
78200, 894451, 1, 0, 0
78300, 461783, 0, 0, 0
78301, 911343, 1, 0, 0
78400, 867195, 1, 0, 0
78400, 440853, 0, 0, 0
78500, 450904, 0, 0, 0
78500, 922421, 1, 0, 0
78600, 456483, 0, 0, 0
78600, 882983, 1, 0, 0
78700, 454290, 0, 0, 0
78701, 883909, 1, 0, 0
78800, 446642, 0, 0, 0
78800, 847427, 1, 0, 0
78900, 459551, 0, 0, 0
78901, 905762, 1, 0, 0
79000, 464674, 0, 0, 0
79000, 891578, 1, 0, 0
79100, 883968, 1, 0, 0
79100, 461571, 0, 0, 0
79200, 861640, 1, 0, 0
79200, 457169, 0, 0, 0
79300, 463815, 0, 0, 0
79301, 860844, 1, 0, 0
79400, 462007, 0, 0, 0
79401, 943721, 1, 0, 0
79500, 457921, 0, 0, 0
79505, 905267, 1, 0, 0
79600, 452177, 0, 0, 0
79600, 855385, 1, 0, 0
79700, 883499, 1, 0, 0
79700, 457865, 0, 0, 0
79800, 849984, 1, 0, 0
79800, 454861, 0, 0, 0
79900, 889238, 1, 0, 0
79900, 452753, 0, 0, 0
80000, 465599, 0, 0, 0
80001, 895902, 1, 0, 0
80100, 464783, 0, 0, 0
80101, 871327, 1, 0, 0
80200, 462401, 0, 0, 0
80202, 865637, 1, 0, 0
80300, 460320, 0, 0, 0
80300, 900880, 1, 0, 0
80400, 456588, 0, 0, 0
80401, 931558, 1, 0, 0
80500, 450482, 0, 0, 0
80500, 888809, 1, 0, 0
80600, 899487, 1, 0, 0
80601, 459647, 0, 0, 0
80700, 464807, 0, 0, 0
80700, 925895, 1, 0, 0
80800, 891076, 1, 0, 0
80801, 476725, 0, 0, 0
80900, 469453, 0, 0, 0
80900, 880471, 1, 0, 0
81000, 449437, 0, 0, 0
81000, 885755, 1, 0, 0
81100, 880020, 1, 0, 0
81100, 462668, 0, 0, 0
81200, 456209, 0, 0, 0
81202, 887906, 1, 0, 0
81300, 880359, 1, 0, 0
81301, 448235, 0, 0, 0
81400, 880656, 1, 0, 0
81400, 474700, 0, 0, 0
81500, 465225, 0, 0, 0
81503, 905552, 1, 0, 0
81600, 462574, 0, 0, 0
81600, 900323, 1, 0, 0
81700, 462696, 0, 0, 0
81700, 854838, 1, 0, 0
81800, 907507, 1, 0, 0
81800, 463574, 0, 0, 0
81900, 468519, 0, 0, 0
81900, 910380, 1, 0, 0
82000, 461217, 0, 0, 0
82000, 912680, 1, 0, 0
82100, 896661, 1, 0, 0
82100, 473862, 0, 0, 0
82200, 913020, 1, 0, 0
82200, 456016, 0, 0, 0
82300, 899489, 1, 0, 0
82301, 464602, 0, 0, 0
82400, 455642, 0, 0, 0
82400, 901285, 1, 0, 0
82500, 460371, 0, 0, 0
82500, 926945, 1, 0, 0
82600, 466710, 0, 0, 0
82602, 937481, 1, 0, 0
82700, 902628, 1, 0, 0
82701, 466269, 0, 0, 0
82800, 441127, 0, 0, 0
82800, 887289, 1, 0, 0
82900, 473249, 0, 0, 0
82900, 835519, 1, 0, 0
83000, 447494, 0, 0, 0
83000, 906442, 1, 0, 0
83100, 924180, 1, 0, 0
83100, 465165, 0, 0, 0
83200, 463902, 0, 0, 0
83200, 878877, 1, 0, 0
83300, 445852, 0, 0, 0
83300, 934271, 1, 0, 0
83400, 898882, 1, 0, 0
83400, 462281, 0, 0, 0
83500, 444062, 0, 0, 0
83500, 908553, 1, 0, 0
83600, 457258, 0, 0, 0
83601, 900810, 1, 0, 0
83700, 447696, 0, 0, 0
83700, 876969, 1, 0, 0
83800, 909590, 1, 0, 0
83801, 473464, 0, 0, 0
83900, 916865, 1, 0, 0
83900, 459544, 0, 0, 0
84000, 924109, 1, 0, 0
84000, 462952, 0, 0, 0
84100, 458836, 0, 0, 0
84101, 909127, 1, 0, 0
84200, 844653, 1, 0, 0
84200, 452255, 0, 0, 0
84300, 915401, 1, 0, 0
84300, 451988, 0, 0, 0
84400, 454788, 0, 0, 0
84400, 943410, 1, 0, 0
84500, 882453, 1, 0, 0
84500, 449362, 0, 0, 0
84600, 462366, 0, 0, 0
84600, 878490, 1, 0, 0
84700, 904879, 1, 0, 0
84700, 455425, 0, 0, 0
84800, 455284, 0, 0, 0
84803, 956601, 1, 0, 0
84900, 461174, 0, 0, 0
84901, 928082, 1, 0, 0
85000, 452553, 0, 0, 0
85000, 891593, 1, 0, 0
85100, 453140, 0, 0, 0
85100, 875913, 1, 0, 0
85200, 903368, 1, 0, 0
85200, 467332, 0, 0, 0
85300, 444246, 0, 0, 0
85300, 868820, 1, 0, 0
85400, 868889, 1, 0, 0
85400, 453175, 0, 0, 0
85500, 460656, 0, 0, 0
85500, 881987, 1, 0, 0
85600, 881635, 1, 0, 0
85600, 465271, 0, 0, 0
85700, 935560, 1, 0, 0
85701, 466016, 0, 0, 0
85800, 885662, 1, 0, 0
85800, 456167, 0, 0, 0
85900, 448383, 0, 0, 0
85900, 879919, 1, 0, 0
86000, 461806, 0, 0, 0
86000, 892821, 1, 0, 0
86100, 463436, 0, 0, 0
86100, 932690, 1, 0, 0
86200, 447147, 0, 0, 0
86202, 880783, 1, 0, 0
86300, 461345, 0, 0, 0
86301, 847697, 1, 0, 0
86400, 891144, 1, 0, 0
86400, 444129, 0, 0, 0
86500, 456612, 0, 0, 0
86500, 902809, 1, 0, 0
86600, 478535, 0, 0, 0
86601, 914958, 1, 0, 0
86700, 908770, 1, 0, 0
86700, 452291, 0, 0, 0
86800, 464581, 0, 0, 0
86801, 930851, 1, 0, 0
86900, 459137, 0, 0, 0
86901, 889861, 1, 0, 0
87000, 891215, 1, 0, 0
87000, 443581, 0, 0, 0
87100, 442745, 0, 0, 0
87101, 861563, 1, 0, 0
87200, 454679, 0, 0, 0
87201, 864909, 1, 0, 0
87300, 456856, 0, 0, 0
87300, 868943, 1, 0, 0
87400, 451072, 0, 0, 0
87401, 922676, 1, 0, 0
87500, 887060, 1, 0, 0
87500, 450092, 0, 0, 0
87600, 458910, 0, 0, 0
87600, 903244, 1, 0, 0
87700, 450896, 0, 0, 0
87701, 839035, 1, 0, 0
87800, 450254, 0, 0, 0
87801, 957102, 1, 0, 0
87900, 452811, 0, 0, 0
87900, 902052, 1, 0, 0
88000, 458113, 0, 0, 0
88002, 916010, 1, 0, 0
88100, 908305, 1, 0, 0
88100, 455500, 0, 0, 0
88200, 922543, 1, 0, 0
88200, 454193, 0, 0, 0
88300, 468431, 0, 0, 0
88300, 893644, 1, 0, 0
88400, 445202, 0, 0, 0
88400, 887912, 1, 0, 0
88500, 452983, 0, 0, 0
88503, 888339, 1, 0, 0
88600, 448975, 0, 0, 0
88601, 894126, 1, 0, 0
88700, 875451, 1, 0, 0
88700, 476488, 0, 0, 0
88800, 465593, 0, 0, 0
88800, 936879, 1, 0, 0
88900, 461836, 0, 0, 0
88902, 891427, 1, 0, 0
89000, 466244, 0, 0, 0
89000, 885535, 1, 0, 0
89100, 448216, 0, 0, 0
89100, 896060, 1, 0, 0
89200, 446417, 0, 0, 0
89200, 885270, 1, 0, 0
89300, 453955, 0, 0, 0
89302, 921431, 1, 0, 0
89400, 452200, 0, 0, 0
89401, 900146, 1, 0, 0
89500, 465551, 0, 0, 0
89501, 890113, 1, 0, 0
89600, 463293, 0, 0, 0
89600, 878182, 1, 0, 0
89700, 456413, 0, 0, 0
89701, 902297, 1, 0, 0
89800, 456648, 0, 0, 0
89800, 867478, 1, 0, 0
89900, 459979, 0, 0, 0
89900, 885417, 1, 0, 0
90000, 441751, 0, 0, 0
90000, 577070, 0, 0, 0
90000, 868088, 1, 0, 0
