101, 5860354, 1, 0, 0
202, 5798202, 1, 0, 0
302, 6453201, 1, 0, 0
402, 6427756, 1, 0, 0
503, 7054956, 1, 0, 0
601, 6595442, 1, 0, 0
701, 5862478, 1, 0, 0
800, 6884355, 1, 0, 0
900, 6421926, 1, 0, 0
1002, 5926355, 1, 0, 0
1105, 6275532, 1, 0, 0
1202, 6461416, 1, 0, 0
1301, 5965568, 1, 0, 0
1401, 5735202, 1, 0, 0
1501, 6735353, 1, 0, 0
1601, 6408375, 1, 0, 0
1700, 6647887, 1, 0, 0
1800, 6441974, 1, 0, 0
1902, 6911594, 1, 0, 0
2001, 6536313, 1, 0, 0
2101, 6236781, 1, 0, 0
2201, 6951001, 1, 0, 0
2300, 5950888, 1, 0, 0
2402, 5771270, 1, 0, 0
2502, 6501736, 1, 0, 0
2603, 6369520, 1, 0, 0
2700, 6038475, 1, 0, 0
2803, 5872467, 1, 0, 0
2900, 5801669, 1, 0, 0
3001, 6339332, 1, 0, 0
3104, 6303112, 1, 0, 0
3200, 6111609, 1, 0, 0
3300, 5920872, 1, 0, 0
3404, 6954785, 1, 0, 0
3500, 6121745, 1, 0, 0
3600, 5867419, 1, 0, 0
3703, 5932518, 1, 0, 0
3800, 6101195, 1, 0, 0
3902, 6157199, 1, 0, 0
4000, 5915033, 1, 0, 0
4101, 5882758, 1, 0, 0
4204, 6550454, 1, 0, 0
4300, 6499114, 1, 0, 0
4401, 6157642, 1, 0, 0
4503, 5469601, 1, 0, 0
4601, 6304424, 1, 0, 0
4700, 6295121, 1, 0, 0
4800, 5598648, 1, 0, 0
4900, 6924385, 1, 0, 0
5001, 6462459, 1, 0, 0
5101, 6786291, 1, 0, 0
5202, 6312098, 1, 0, 0
5300, 6147592, 1, 0, 0
5403, 5841523, 1, 0, 0
5500, 5880996, 1, 0, 0
5600, 5715965, 1, 0, 0
5701, 5963272, 1, 0, 0
5801, 5335909, 1, 0, 0
5901, 5526574, 1, 0, 0
6000, 6238391, 1, 0, 0
6100, 5803287, 1, 0, 0
6200, 6044008, 1, 0, 0
6301, 6090727, 1, 0, 0
6403, 6252352, 1, 0, 0
6503, 6193305, 1, 0, 0
6604, 6659856, 1, 0, 0
6701, 6572824, 1, 0, 0
6800, 6865588, 1, 0, 0
6900, 6193210, 1, 0, 0
7000, 6574660, 1, 0, 0
7100, 6228389, 1, 0, 0
7201, 6429244, 1, 0, 0
7301, 6246526, 1, 0, 0
7402, 5851942, 1, 0, 0
7502, 6420364, 1, 0, 0
7600, 6289123, 1, 0, 0
7701, 6266321, 1, 0, 0
7800, 7094050, 1, 0, 0
7901, 6565829, 1, 0, 0
8001, 5963559, 1, 0, 0
8104, 5939153, 1, 0, 0
8200, 6730852, 1, 0, 0
8302, 6190891, 1, 0, 0
8401, 5894500, 1, 0, 0
8502, 6157925, 1, 0, 0
8601, 5607205, 1, 0, 0
8700, 6197924, 1, 0, 0
8800, 6399590, 1, 0, 0
8903, 6312317, 1, 0, 0
9001, 5682757, 1, 0, 0
9100, 5834794, 1, 0, 0
9203, 6807938, 1, 0, 0
9300, 5592080, 1, 0, 0
9400, 5760897, 1, 0, 0
9501, 5902929, 1, 0, 0
9600, 5929277, 1, 0, 0
9700, 6910314, 1, 0, 0
9800, 6136624, 1, 0, 0
9903, 5839713, 1, 0, 0
10004, 5934427, 1, 0, 0
10100, 6131487, 1, 0, 0
10200, 6770172, 1, 0, 0
10300, 6317249, 1, 0, 0
10400, 5950480, 1, 0, 0
10500, 5746040, 1, 0, 0
10600, 5851612, 1, 0, 0
10700, 6974436, 1, 0, 0
10801, 6183367, 1, 0, 0
10900, 6411300, 1, 0, 0
11000, 5971534, 1, 0, 0
11101, 6029258, 1, 0, 0
11203, 5790355, 1, 0, 0
11301, 5842713, 1, 0, 0
11401, 6044219, 1, 0, 0
11500, 6213838, 1, 0, 0
11601, 6019180, 1, 0, 0
11702, 6855831, 1, 0, 0
11801, 5883983, 1, 0, 0
11900, 6214755, 1, 0, 0
12000, 5883316, 1, 0, 0
12102, 6440372, 1, 0, 0
12201, 6714255, 1, 0, 0
12302, 5299056, 1, 0, 0
12402, 6291896, 1, 0, 0
12500, 5912612, 1, 0, 0
12600, 6217391, 1, 0, 0
12702, 6692265, 1, 0, 0
12802, 6889022, 1, 0, 0
12900, 7249072, 1, 0, 0
13002, 6325600, 1, 0, 0
13101, 5914951, 1, 0, 0
13200, 6667070, 1, 0, 0
13302, 6334102, 1, 0, 0
13405, 6374086, 1, 0, 0
13500, 6538740, 1, 0, 0
13600, 6740207, 1, 0, 0
13701, 6130724, 1, 0, 0
13803, 6548924, 1, 0, 0
13904, 6191341, 1, 0, 0
14002, 6213468, 1, 0, 0
14100, 6146038, 1, 0, 0
14200, 6391847, 1, 0, 0
14300, 7030335, 1, 0, 0
14402, 6590798, 1, 0, 0
14500, 5938653, 1, 0, 0
14600, 6535778, 1, 0, 0
14700, 5844920, 1, 0, 0
14801, 6317519, 1, 0, 0
14902, 7067944, 1, 0, 0
15000, 6079448, 1, 0, 0
15102, 6185049, 1, 0, 0
15201, 5548061, 1, 0, 0
15301, 6251877, 1, 0, 0
15400, 6157863, 1, 0, 0
15503, 5934729, 1, 0, 0
15601, 6499201, 1, 0, 0
15702, 6312800, 1, 0, 0
15804, 6064461, 1, 0, 0
15900, 5913319, 1, 0, 0
16001, 6487869, 1, 0, 0
16100, 6509108, 1, 0, 0
16200, 6253060, 1, 0, 0
16301, 6366232, 1, 0, 0
16402, 5795853, 1, 0, 0
16500, 5712543, 1, 0, 0
16602, 5885894, 1, 0, 0
16700, 6110325, 1, 0, 0
16803, 6295065, 1, 0, 0
16901, 7056711, 1, 0, 0
17000, 5639056, 1, 0, 0
17100, 6339315, 1, 0, 0
17200, 6096524, 1, 0, 0
17305, 6137852, 1, 0, 0
17400, 6511313, 1, 0, 0
17500, 6534279, 1, 0, 0
17602, 6314511, 1, 0, 0
17701, 6418388, 1, 0, 0
17801, 6337213, 1, 0, 0
17903, 6185760, 1, 0, 0
18002, 6031868, 1, 0, 0
18102, 6243177, 1, 0, 0
18201, 6129299, 1, 0, 0
18301, 6196832, 1, 0, 0
18401, 6344498, 1, 0, 0
18501, 5620769, 1, 0, 0
18601, 5793492, 1, 0, 0
18700, 5788081, 1, 0, 0
18800, 6428646, 1, 0, 0
18900, 5584716, 1, 0, 0
19000, 6153830, 1, 0, 0
19103, 5476080, 1, 0, 0
19202, 6144852, 1, 0, 0
19302, 6366124, 1, 0, 0
19401, 5899962, 1, 0, 0
19506, 6287829, 1, 0, 0
19600, 6853528, 1, 0, 0
19702, 6245851, 1, 0, 0
19802, 6625731, 1, 0, 0
19902, 6420985, 1, 0, 0
20001, 5830315, 1, 0, 0
20100, 5801987, 1, 0, 0
20200, 6005028, 1, 0, 0
20301, 6727215, 1, 0, 0
20402, 6053526, 1, 0, 0
20501, 6104719, 1, 0, 0
20600, 6279603, 1, 0, 0
20701, 5678342, 1, 0, 0
20800, 6052386, 1, 0, 0
20900, 6582352, 1, 0, 0
21000, 6248284, 1, 0, 0
21101, 6154835, 1, 0, 0
21202, 5660674, 1, 0, 0
21300, 5883259, 1, 0, 0
21400, 5806903, 1, 0, 0
21501, 5716371, 1, 0, 0
21600, 5857810, 1, 0, 0
21700, 6795096, 1, 0, 0
21802, 5787051, 1, 0, 0
21900, 6019979, 1, 0, 0
22000, 5902757, 1, 0, 0
22101, 6363591, 1, 0, 0
22201, 6242809, 1, 0, 0
22303, 5926993, 1, 0, 0
22401, 6056207, 1, 0, 0
22503, 6703315, 1, 0, 0
22601, 5735869, 1, 0, 0
22702, 6436762, 1, 0, 0
22801, 6430060, 1, 0, 0
22902, 6058878, 1, 0, 0
23004, 6022410, 1, 0, 0
23101, 6090277, 1, 0, 0
23202, 6935008, 1, 0, 0
23301, 5807647, 1, 0, 0
23404, 5791826, 1, 0, 0
23500, 6078073, 1, 0, 0
23602, 6115998, 1, 0, 0
23700, 5447979, 1, 0, 0
23801, 6030493, 1, 0, 0
23900, 5916818, 1, 0, 0
24004, 6630898, 1, 0, 0
24100, 6315928, 1, 0, 0
24200, 6385247, 1, 0, 0
24302, 5407175, 1, 0, 0
24403, 6176097, 1, 0, 0
24500, 6170133, 1, 0, 0
24600, 6436787, 1, 0, 0
24700, 6390552, 1, 0, 0
24803, 5933993, 1, 0, 0
24901, 6364850, 1, 0, 0
25000, 5628232, 1, 0, 0
25104, 6675727, 1, 0, 0
25201, 6145346, 1, 0, 0
25302, 6840931, 1, 0, 0
25400, 6613839, 1, 0, 0
25501, 6275571, 1, 0, 0
25600, 5924465, 1, 0, 0
25703, 5730906, 1, 0, 0
25800, 6622126, 1, 0, 0
25902, 6181342, 1, 0, 0
26001, 6291767, 1, 0, 0
26101, 5968956, 1, 0, 0
26202, 6284118, 1, 0, 0
26303, 7255076, 1, 0, 0
26401, 5662295, 1, 0, 0
26502, 5951105, 1, 0, 0
26602, 5889893, 1, 0, 0
26705, 6175377, 1, 0, 0
26800, 6219801, 1, 0, 0
26901, 5815346, 1, 0, 0
27001, 6119780, 1, 0, 0
27101, 6472982, 1, 0, 0
27200, 6271642, 1, 0, 0
27301, 6027999, 1, 0, 0
27400, 5799281, 1, 0, 0
27500, 5457531, 1, 0, 0
27603, 6135892, 1, 0, 0
27701, 5797618, 1, 0, 0
27802, 6892585, 1, 0, 0
27900, 5810354, 1, 0, 0
28003, 5814268, 1, 0, 0
28100, 5882921, 1, 0, 0
28200, 5993658, 1, 0, 0
28301, 6259672, 1, 0, 0
28401, 6762251, 1, 0, 0
28502, 6169574, 1, 0, 0
28600, 5826853, 1, 0, 0
28702, 6724556, 1, 0, 0
28802, 5686485, 1, 0, 0
28900, 5839508, 1, 0, 0
29000, 6096843, 1, 0, 0
29100, 6153677, 1, 0, 0
29201, 6007293, 1, 0, 0
29300, 5943743, 1, 0, 0
29404, 6023607, 1, 0, 0
29500, 5851032, 1, 0, 0
29601, 6314395, 1, 0, 0
29701, 5828375, 1, 0, 0
29800, 6278149, 1, 0, 0
29900, 7205122, 1, 0, 0
30000, 6722292, 1, 0, 0
30102, 6335265, 1, 0, 0
30200, 5707244, 1, 0, 0
30301, 6137285, 1, 0, 0
30400, 5959339, 1, 0, 0
30501, 6205672, 1, 0, 0
30603, 5922316, 1, 0, 0
30700, 6190318, 1, 0, 0
30801, 6495480, 1, 0, 0
30902, 6013949, 1, 0, 0
31003, 6565318, 1, 0, 0
31100, 5973262, 1, 0, 0
31203, 5948548, 1, 0, 0
31300, 5632621, 1, 0, 0
31400, 6583014, 1, 0, 0
31502, 5512637, 1, 0, 0
31602, 6057570, 1, 0, 0
31700, 5776091, 1, 0, 0
31802, 6167417, 1, 0, 0
31900, 6210249, 1, 0, 0
32002, 6074938, 1, 0, 0
32100, 6348859, 1, 0, 0
32200, 6235433, 1, 0, 0
32301, 6176208, 1, 0, 0
32403, 6322470, 1, 0, 0
32500, 5773233, 1, 0, 0
32602, 6822082, 1, 0, 0
32700, 5381304, 1, 0, 0
32801, 6545323, 1, 0, 0
32900, 6209206, 1, 0, 0
33000, 6698743, 1, 0, 0
33104, 6393867, 1, 0, 0
33202, 5844307, 1, 0, 0
33300, 5681861, 1, 0, 0
33400, 6190284, 1, 0, 0
33502, 6648248, 1, 0, 0
33600, 5977549, 1, 0, 0
33700, 5831667, 1, 0, 0
33801, 6024225, 1, 0, 0
33901, 6843771, 1, 0, 0
34002, 6372964, 1, 0, 0
34100, 6126014, 1, 0, 0
34201, 6241507, 1, 0, 0
34300, 6654282, 1, 0, 0
34401, 5849925, 1, 0, 0
34502, 6753442, 1, 0, 0
34601, 5826293, 1, 0, 0
34700, 5662874, 1, 0, 0
34805, 6079605, 1, 0, 0
34900, 6502125, 1, 0, 0
35001, 5602379, 1, 0, 0
35100, 5929038, 1, 0, 0
35200, 6233254, 1, 0, 0
35300, 6486048, 1, 0, 0
35400, 6106350, 1, 0, 0
35502, 5852427, 1, 0, 0
35600, 6471611, 1, 0, 0
35700, 5774004, 1, 0, 0
35802, 6132710, 1, 0, 0
35900, 5732364, 1, 0, 0
36000, 6213345, 1, 0, 0
36103, 6063377, 1, 0, 0
36200, 5361816, 1, 0, 0
36300, 5868107, 1, 0, 0
36404, 6099904, 1, 0, 0
36500, 6020433, 1, 0, 0
36600, 6557935, 1, 0, 0
36701, 6061417, 1, 0, 0
36800, 6676049, 1, 0, 0
36900, 6311275, 1, 0, 0
37003, 6474197, 1, 0, 0
37100, 6017724, 1, 0, 0
37201, 5642674, 1, 0, 0
37300, 6874047, 1, 0, 0
37400, 6509704, 1, 0, 0
37502, 6151548, 1, 0, 0
37602, 5290046, 1, 0, 0
37705, 5946929, 1, 0, 0
37801, 5612952, 1, 0, 0
37900, 5893351, 1, 0, 0
38001, 6148912, 1, 0, 0
38100, 5857913, 1, 0, 0
38200, 6121665, 1, 0, 0
38302, 6424001, 1, 0, 0
38400, 5923252, 1, 0, 0
38502, 6021419, 1, 0, 0
38601, 6299290, 1, 0, 0
38700, 5897283, 1, 0, 0
38800, 5980304, 1, 0, 0
38900, 6353808, 1, 0, 0
39004, 5730276, 1, 0, 0
39102, 7189518, 1, 0, 0
39202, 6655969, 1, 0, 0
39301, 5690715, 1, 0, 0
39400, 5912901, 1, 0, 0
39502, 6306665, 1, 0, 0
39602, 5608598, 1, 0, 0
39700, 5657473, 1, 0, 0
39800, 6180390, 1, 0, 0
39902, 6032344, 1, 0, 0
40000, 6079276, 1, 0, 0
40101, 5593321, 1, 0, 0
40202, 5760351, 1, 0, 0
40300, 6270753, 1, 0, 0
40400, 6160100, 1, 0, 0
40500, 6036757, 1, 0, 0
40602, 5830566, 1, 0, 0
40700, 5927612, 1, 0, 0
40800, 5815704, 1, 0, 0
40901, 6804923, 1, 0, 0
41002, 5749012, 1, 0, 0
41100, 6074598, 1, 0, 0
41201, 7107036, 1, 0, 0
41300, 6301586, 1, 0, 0
41401, 5731522, 1, 0, 0
41500, 6252219, 1, 0, 0
41600, 5358075, 1, 0, 0
41701, 6109337, 1, 0, 0
41800, 6873313, 1, 0, 0
41902, 5972260, 1, 0, 0
42002, 5677798, 1, 0, 0
42103, 5455666, 1, 0, 0
42203, 6445254, 1, 0, 0
42305, 6430795, 1, 0, 0
42402, 6997530, 1, 0, 0
42502, 6225141, 1, 0, 0
42600, 6413815, 1, 0, 0
42700, 5573548, 1, 0, 0
42802, 5698518, 1, 0, 0
42902, 5718358, 1, 0, 0
43001, 5405174, 1, 0, 0
43102, 6443064, 1, 0, 0
43203, 6431562, 1, 0, 0
43301, 6115604, 1, 0, 0
43401, 6783644, 1, 0, 0
43500, 6435967, 1, 0, 0
43601, 6547663, 1, 0, 0
43701, 6062309, 1, 0, 0
43801, 6510123, 1, 0, 0
43903, 5325957, 1, 0, 0
44000, 6042197, 1, 0, 0
44101, 5658632, 1, 0, 0
44203, 5843855, 1, 0, 0
44300, 6435345, 1, 0, 0
44400, 5684453, 1, 0, 0
44502, 6667370, 1, 0, 0
44600, 5869570, 1, 0, 0
44705, 5401273, 1, 0, 0
44802, 6147471, 1, 0, 0
44904, 5861527, 1, 0, 0
45002, 5802718, 1, 0, 0
45104, 6129459, 1, 0, 0
45200, 5513015, 1, 0, 0
45301, 6355465, 1, 0, 0
45406, 6127052, 1, 0, 0
45502, 6798478, 1, 0, 0
45600, 6272544, 1, 0, 0
45703, 5793965, 1, 0, 0
45800, 5769475, 1, 0, 0
45903, 5882975, 1, 0, 0
46003, 6558442, 1, 0, 0
46100, 5704706, 1, 0, 0
46200, 6124091, 1, 0, 0
46301, 6292714, 1, 0, 0
46404, 5992486, 1, 0, 0
46502, 6050601, 1, 0, 0
46603, 5871692, 1, 0, 0
46701, 6107703, 1, 0, 0
46802, 5421468, 1, 0, 0
46902, 5780856, 1, 0, 0
47001, 5790019, 1, 0, 0
47100, 6086826, 1, 0, 0
47202, 5908895, 1, 0, 0
47301, 5620092, 1, 0, 0
47400, 6892870, 1, 0, 0
47501, 6427523, 1, 0, 0
47601, 6477291, 1, 0, 0
47703, 6115174, 1, 0, 0
47800, 6581138, 1, 0, 0
47902, 5843800, 1, 0, 0
48000, 5707342, 1, 0, 0
48101, 6140104, 1, 0, 0
48200, 6288961, 1, 0, 0
48300, 5813595, 1, 0, 0
48405, 6856286, 1, 0, 0
48500, 6138750, 1, 0, 0
48600, 6316183, 1, 0, 0
48701, 6384353, 1, 0, 0
48802, 6128419, 1, 0, 0
48901, 5485141, 1, 0, 0
49002, 6329512, 1, 0, 0
49102, 5930233, 1, 0, 0
49202, 6385964, 1, 0, 0
49300, 6106472, 1, 0, 0
49402, 5956070, 1, 0, 0
49500, 5641939, 1, 0, 0
49601, 5826006, 1, 0, 0
49701, 6052738, 1, 0, 0
49805, 6650179, 1, 0, 0
49903, 6385499, 1, 0, 0
50005, 7095241, 1, 0, 0
50101, 5489512, 1, 0, 0
50200, 6173005, 1, 0, 0
50302, 6769812, 1, 0, 0
50400, 6202269, 1, 0, 0
50500, 6196025, 1, 0, 0
50601, 6398812, 1, 0, 0
50700, 6546541, 1, 0, 0
50801, 7108256, 1, 0, 0
50900, 5968248, 1, 0, 0
51001, 5734561, 1, 0, 0
51100, 6217039, 1, 0, 0
51200, 6059282, 1, 0, 0
51300, 6716811, 1, 0, 0
51401, 6017110, 1, 0, 0
51501, 6132287, 1, 0, 0
51601, 5986092, 1, 0, 0
51700, 6194052, 1, 0, 0
51800, 5765600, 1, 0, 0
51900, 5580446, 1, 0, 0
52001, 5473360, 1, 0, 0
52101, 5904283, 1, 0, 0
52201, 6125574, 1, 0, 0
52302, 6082331, 1, 0, 0
52401, 6355472, 1, 0, 0
52500, 6058578, 1, 0, 0
52601, 6059023, 1, 0, 0
52702, 6231722, 1, 0, 0
52800, 5717982, 1, 0, 0
52905, 5963258, 1, 0, 0
53000, 6383192, 1, 0, 0
53101, 5893632, 1, 0, 0
53200, 6111032, 1, 0, 0
53303, 6681325, 1, 0, 0
53402, 6194896, 1, 0, 0
53501, 6064217, 1, 0, 0
53601, 6029386, 1, 0, 0
53701, 5883914, 1, 0, 0
53801, 5949137, 1, 0, 0
53901, 5749067, 1, 0, 0
54003, 5796426, 1, 0, 0
54102, 6176668, 1, 0, 0
54201, 6088901, 1, 0, 0
54301, 6146347, 1, 0, 0
54404, 5708511, 1, 0, 0
54501, 6084186, 1, 0, 0
54600, 6125937, 1, 0, 0
54704, 5846279, 1, 0, 0
54801, 6489541, 1, 0, 0
54900, 6324707, 1, 0, 0
55000, 6097770, 1, 0, 0
55101, 6268281, 1, 0, 0
55200, 6851669, 1, 0, 0
55300, 6107798, 1, 0, 0
55402, 6777050, 1, 0, 0
55503, 6029080, 1, 0, 0
55604, 6106567, 1, 0, 0
55701, 6230387, 1, 0, 0
55802, 6213329, 1, 0, 0
55902, 6261832, 1, 0, 0
56002, 6176502, 1, 0, 0
56101, 6674302, 1, 0, 0
56204, 5961303, 1, 0, 0
56300, 5929263, 1, 0, 0
56401, 6073682, 1, 0, 0
56500, 6245756, 1, 0, 0
56603, 6048564, 1, 0, 0
56702, 6088321, 1, 0, 0
56802, 5882937, 1, 0, 0
56901, 6487901, 1, 0, 0
57000, 6077681, 1, 0, 0
57100, 6495305, 1, 0, 0
57200, 6076728, 1, 0, 0
57300, 7118349, 1, 0, 0
57400, 6574619, 1, 0, 0
57501, 6552346, 1, 0, 0
57604, 5835711, 1, 0, 0
57704, 5634951, 1, 0, 0
57800, 6249964, 1, 0, 0
57901, 5800137, 1, 0, 0
58000, 7250878, 1, 0, 0
58101, 6247922, 1, 0, 0
58201, 6451039, 1, 0, 0
58300, 6732654, 1, 0, 0
58402, 6215819, 1, 0, 0
58500, 6555441, 1, 0, 0
58603, 6180467, 1, 0, 0
58701, 5949278, 1, 0, 0
58802, 5728241, 1, 0, 0
58900, 6185994, 1, 0, 0
59000, 6201325, 1, 0, 0
59102, 6161314, 1, 0, 0
59200, 6534067, 1, 0, 0
59302, 6509773, 1, 0, 0
59400, 7032005, 1, 0, 0
59502, 5824628, 1, 0, 0
59600, 5931267, 1, 0, 0
59703, 6663518, 1, 0, 0
59800, 6440582, 1, 0, 0
59902, 5999171, 1, 0, 0
60002, 6130830, 1, 0, 0
60004, 7890392, 1, 0, 0
