250, 669696, 0, 0, 0
350, 706560, 0, 0, 0
450, 721920, 0, 0, 0
550, 686080, 0, 0, 0
650, 675840, 0, 0, 0
749, 646464, 0, 0, 0
849, 691200, 0, 0, 0
949, 727040, 0, 0, 0
1050, 727040, 0, 0, 0
1150, 665600, 0, 0, 0
1249, 708525, 0, 0, 0
1349, 716800, 0, 0, 0
1449, 727040, 0, 0, 0
1549, 686080, 0, 0, 0
1649, 645120, 0, 0, 0
1749, 650240, 0, 0, 0
1849, 686080, 0, 0, 0
1949, 660480, 0, 0, 0
2049, 686080, 0, 0, 0
2149, 660480, 0, 0, 0
2250, 691200, 0, 0, 0
2350, 696320, 0, 0, 0
2450, 660480, 0, 0, 0
2550, 686080, 0, 0, 0
2650, 629760, 0, 0, 0
2749, 708525, 0, 0, 0
2849, 665600, 0, 0, 0
2949, 711680, 0, 0, 0
3049, 680960, 0, 0, 0
3149, 696320, 0, 0, 0
3250, 701440, 0, 0, 0
3350, 686080, 0, 0, 0
3450, 711680, 0, 0, 0
3550, 711680, 0, 0, 0
3650, 670720, 0, 0, 0
3749, 734383, 0, 0, 0
3849, 696320, 0, 0, 0
3949, 686080, 0, 0, 0
4049, 675840, 0, 0, 0
4149, 624640, 0, 0, 0
4250, 650240, 0, 0, 0
4350, 650240, 0, 0, 0
4450, 691200, 0, 0, 0
4550, 655360, 0, 0, 0
4650, 691200, 0, 0, 0
4749, 672323, 0, 0, 0
4849, 680960, 0, 0, 0
4949, 660480, 0, 0, 0
5049, 691200, 0, 0, 0
5149, 675840, 0, 0, 0
5250, 670720, 0, 0, 0
5350, 711680, 0, 0, 0
5450, 706560, 0, 0, 0
5550, 701440, 0, 0, 0
5650, 675840, 0, 0, 0
5749, 698181, 0, 0, 0
5849, 716800, 0, 0, 0
5949, 711680, 0, 0, 0
6049, 721920, 0, 0, 0
6149, 737280, 0, 0, 0
6249, 747520, 0, 0, 0
6350, 727040, 0, 0, 0
6450, 696320, 0, 0, 0
6550, 650240, 0, 0, 0
6650, 691200, 0, 0, 0
6749, 656808, 0, 0, 0
6849, 691200, 0, 0, 0
6949, 650240, 0, 0, 0
7049, 645120, 0, 0, 0
7149, 665600, 0, 0, 0
7249, 670720, 0, 0, 0
7349, 670720, 0, 0, 0
7449, 716800, 0, 0, 0
7550, 686080, 0, 0, 0
7650, 706560, 0, 0, 0
7749, 667151, 0, 0, 0
7849, 655360, 0, 0, 0
7949, 696320, 0, 0, 0
8049, 680960, 0, 0, 0
8149, 686080, 0, 0, 0
8249, 675840, 0, 0, 0
8349, 701440, 0, 0, 0
8449, 675840, 0, 0, 0
8549, 727040, 0, 0, 0
8649, 670720, 0, 0, 0
8750, 686080, 0, 0, 0
8850, 691200, 0, 0, 0
8950, 701440, 0, 0, 0
9050, 696320, 0, 0, 0
9150, 711680, 0, 0, 0
9249, 724040, 0, 0, 0
9349, 732160, 0, 0, 0
9449, 691200, 0, 0, 0
9549, 665600, 0, 0, 0
9649, 716800, 0, 0, 0
9750, 701440, 0, 0, 0
9850, 675840, 0, 0, 0
9950, 645120, 0, 0, 0
10050, 670720, 0, 0, 0
10150, 675840, 0, 0, 0
10249, 682666, 0, 0, 0
10349, 696320, 0, 0, 0
10449, 660480, 0, 0, 0
10549, 691200, 0, 0, 0
10649, 691200, 0, 0, 0
10750, 716800, 0, 0, 0
10850, 762880, 0, 0, 0
10950, 686080, 0, 0, 0
11050, 680960, 0, 0, 0
11150, 696320, 0, 0, 0
11249, 677494, 0, 0, 0
11349, 655360, 0, 0, 0
11449, 675840, 0, 0, 0
11549, 665600, 0, 0, 0
11649, 665600, 0, 0, 0
11749, 655360, 0, 0, 0
11850, 680960, 0, 0, 0
11950, 691200, 0, 0, 0
12050, 655360, 0, 0, 0
12150, 660480, 0, 0, 0
12249, 651636, 0, 0, 0
12349, 670720, 0, 0, 0
12449, 716800, 0, 0, 0
12549, 680960, 0, 0, 0
12649, 701440, 0, 0, 0
12749, 686080, 0, 0, 0
12849, 701440, 0, 0, 0
12949, 686080, 0, 0, 0
13050, 660480, 0, 0, 0
13150, 716800, 0, 0, 0
13249, 693010, 0, 0, 0
13349, 675840, 0, 0, 0
13449, 701440, 0, 0, 0
13549, 680960, 0, 0, 0
13649, 716800, 0, 0, 0
13749, 747520, 0, 0, 0
13849, 691200, 0, 0, 0
13949, 655360, 0, 0, 0
14050, 696320, 0, 0, 0
14150, 655360, 0, 0, 0
14249, 672323, 0, 0, 0
14349, 680960, 0, 0, 0
14449, 680960, 0, 0, 0
14549, 701440, 0, 0, 0
14649, 721920, 0, 0, 0
14749, 721920, 0, 0, 0
14849, 655360, 0, 0, 0
14949, 665600, 0, 0, 0
15049, 660480, 0, 0, 0
15150, 716800, 0, 0, 0
15249, 672323, 0, 0, 0
15349, 655360, 0, 0, 0
15449, 691200, 0, 0, 0
15549, 680960, 0, 0, 0
15649, 660480, 0, 0, 0
15749, 686080, 0, 0, 0
15849, 680960, 0, 0, 0
15949, 721920, 0, 0, 0
16049, 696320, 0, 0, 0
16149, 675840, 0, 0, 0
16250, 686080, 0, 0, 0
16350, 675840, 0, 0, 0
16450, 716800, 0, 0, 0
16550, 686080, 0, 0, 0
16650, 706560, 0, 0, 0
16749, 739555, 0, 0, 0
16849, 665600, 0, 0, 0
16949, 701440, 0, 0, 0
17049, 696320, 0, 0, 0
17149, 711680, 0, 0, 0
17249, 696320, 0, 0, 0
17350, 716800, 0, 0, 0
17450, 701440, 0, 0, 0
17550, 675840, 0, 0, 0
17650, 686080, 0, 0, 0
17749, 682666, 0, 0, 0
17849, 675840, 0, 0, 0
17949, 696320, 0, 0, 0
18049, 665600, 0, 0, 0
18149, 686080, 0, 0, 0
18249, 701440, 0, 0, 0
18349, 706560, 0, 0, 0
18450, 696320, 0, 0, 0
18550, 645120, 0, 0, 0
18650, 701440, 0, 0, 0
18749, 682666, 0, 0, 0
18849, 675840, 0, 0, 0
18949, 680960, 0, 0, 0
19049, 686080, 0, 0, 0
19149, 727040, 0, 0, 0
19249, 670720, 0, 0, 0
19349, 711680, 0, 0, 0
19449, 716800, 0, 0, 0
19550, 691200, 0, 0, 0
19650, 727040, 0, 0, 0
19749, 718868, 0, 0, 0
19849, 706560, 0, 0, 0
19949, 706560, 0, 0, 0
20049, 711680, 0, 0, 0
20149, 645120, 0, 0, 0
20249, 640000, 0, 0, 0
20349, 742400, 0, 0, 0
20449, 711680, 0, 0, 0
20549, 716800, 0, 0, 0
20650, 675840, 0, 0, 0
20749, 703353, 0, 0, 0
20849, 680960, 0, 0, 0
20949, 660480, 0, 0, 0
21049, 675840, 0, 0, 0
21149, 696320, 0, 0, 0
21249, 634880, 0, 0, 0
21349, 680960, 0, 0, 0
21449, 696320, 0, 0, 0
21549, 696320, 0, 0, 0
21650, 686080, 0, 0, 0
21749, 703353, 0, 0, 0
21849, 737280, 0, 0, 0
21949, 670720, 0, 0, 0
22049, 680960, 0, 0, 0
22149, 691200, 0, 0, 0
22249, 665600, 0, 0, 0
22349, 701440, 0, 0, 0
22449, 711680, 0, 0, 0
22549, 742400, 0, 0, 0
22650, 727040, 0, 0, 0
22749, 734383, 0, 0, 0
22849, 711680, 0, 0, 0
22949, 732160, 0, 0, 0
23049, 706560, 0, 0, 0
23149, 701440, 0, 0, 0
23249, 721920, 0, 0, 0
23349, 691200, 0, 0, 0
23449, 701440, 0, 0, 0
23549, 650240, 0, 0, 0
23649, 721920, 0, 0, 0
23750, 716800, 0, 0, 0
23850, 691200, 0, 0, 0
23950, 665600, 0, 0, 0
24050, 691200, 0, 0, 0
24150, 660480, 0, 0, 0
24249, 672323, 0, 0, 0
24349, 675840, 0, 0, 0
24449, 660480, 0, 0, 0
24549, 691200, 0, 0, 0
24649, 650240, 0, 0, 0
24750, 696320, 0, 0, 0
24850, 680960, 0, 0, 0
24950, 711680, 0, 0, 0
25050, 696320, 0, 0, 0
25150, 665600, 0, 0, 0
25249, 682666, 0, 0, 0
25349, 691200, 0, 0, 0
25449, 721920, 0, 0, 0
25549, 727040, 0, 0, 0
25649, 701440, 0, 0, 0
25750, 737280, 0, 0, 0
25850, 660480, 0, 0, 0
25950, 670720, 0, 0, 0
26050, 691200, 0, 0, 0
26150, 727040, 0, 0, 0
26249, 687838, 0, 0, 0
26349, 629760, 0, 0, 0
26449, 675840, 0, 0, 0
26549, 670720, 0, 0, 0
26649, 691200, 0, 0, 0
26749, 650240, 0, 0, 0
26850, 696320, 0, 0, 0
26950, 696320, 0, 0, 0
27050, 670720, 0, 0, 0
27150, 665600, 0, 0, 0
27249, 682666, 0, 0, 0
27349, 686080, 0, 0, 0
27449, 680960, 0, 0, 0
27549, 670720, 0, 0, 0
27649, 691200, 0, 0, 0
27749, 706560, 0, 0, 0
27849, 650240, 0, 0, 0
27949, 680960, 0, 0, 0
28050, 711680, 0, 0, 0
28150, 757760, 0, 0, 0
28249, 693010, 0, 0, 0
28349, 691200, 0, 0, 0
28449, 665600, 0, 0, 0
28549, 721920, 0, 0, 0
28649, 686080, 0, 0, 0
28749, 706560, 0, 0, 0
28849, 696320, 0, 0, 0
28949, 680960, 0, 0, 0
29050, 701440, 0, 0, 0
29150, 670720, 0, 0, 0
29249, 672323, 0, 0, 0
29349, 629760, 0, 0, 0
29449, 645120, 0, 0, 0
29549, 670720, 0, 0, 0
29649, 696320, 0, 0, 0
29749, 680960, 0, 0, 0
29849, 711680, 0, 0, 0
29949, 721920, 0, 0, 0
30049, 732160, 0, 0, 0
30150, 665600, 0, 0, 0
30249, 729212, 0, 0, 0
30349, 716800, 0, 0, 0
30449, 691200, 0, 0, 0
30549, 716800, 0, 0, 0
30649, 686080, 0, 0, 0
30749, 675840, 0, 0, 0
30849, 716800, 0, 0, 0
30949, 665600, 0, 0, 0
31049, 696320, 0, 0, 0
31150, 686080, 0, 0, 0
31249, 713696, 0, 0, 0
31349, 716800, 0, 0, 0
31449, 721920, 0, 0, 0
31549, 670720, 0, 0, 0
31649, 711680, 0, 0, 0
31749, 701440, 0, 0, 0
31849, 706560, 0, 0, 0
31949, 660480, 0, 0, 0
32049, 706560, 0, 0, 0
32149, 675840, 0, 0, 0
32250, 716800, 0, 0, 0
32350, 670720, 0, 0, 0
32450, 665600, 0, 0, 0
32550, 706560, 0, 0, 0
32650, 706560, 0, 0, 0
32749, 693010, 0, 0, 0
32849, 696320, 0, 0, 0
32949, 686080, 0, 0, 0
33049, 660480, 0, 0, 0
33149, 706560, 0, 0, 0
33250, 691200, 0, 0, 0
33350, 716800, 0, 0, 0
33450, 670720, 0, 0, 0
33550, 680960, 0, 0, 0
33650, 696320, 0, 0, 0
33749, 651636, 0, 0, 0
33849, 701440, 0, 0, 0
33949, 696320, 0, 0, 0
34049, 716800, 0, 0, 0
34150, 701440, 0, 0, 0
34249, 693010, 0, 0, 0
34349, 680960, 0, 0, 0
34449, 706560, 0, 0, 0
34549, 701440, 0, 0, 0
34649, 670720, 0, 0, 0
34749, 706560, 0, 0, 0
34849, 691200, 0, 0, 0
34949, 691200, 0, 0, 0
35049, 686080, 0, 0, 0
35149, 727040, 0, 0, 0
35250, 665600, 0, 0, 0
35350, 701440, 0, 0, 0
35450, 670720, 0, 0, 0
35550, 670720, 0, 0, 0
35650, 670720, 0, 0, 0
35749, 693010, 0, 0, 0
35849, 711680, 0, 0, 0
35949, 675840, 0, 0, 0
36049, 701440, 0, 0, 0
36149, 686080, 0, 0, 0
36249, 675840, 0, 0, 0
36350, 732160, 0, 0, 0
36450, 696320, 0, 0, 0
36550, 716800, 0, 0, 0
36650, 691200, 0, 0, 0
36749, 708525, 0, 0, 0
36849, 691200, 0, 0, 0
36949, 691200, 0, 0, 0
37049, 696320, 0, 0, 0
37149, 701440, 0, 0, 0
37249, 696320, 0, 0, 0
37349, 680960, 0, 0, 0
37450, 665600, 0, 0, 0
37550, 706560, 0, 0, 0
37650, 716800, 0, 0, 0
37749, 677494, 0, 0, 0
37849, 706560, 0, 0, 0
37949, 727040, 0, 0, 0
38049, 675840, 0, 0, 0
38149, 665600, 0, 0, 0
38249, 675840, 0, 0, 0
38349, 686080, 0, 0, 0
38449, 686080, 0, 0, 0
38550, 665600, 0, 0, 0
38650, 680960, 0, 0, 0
38749, 693010, 0, 0, 0
38849, 686080, 0, 0, 0
38949, 716800, 0, 0, 0
39049, 665600, 0, 0, 0
39149, 650240, 0, 0, 0
39249, 660480, 0, 0, 0
39349, 696320, 0, 0, 0
39449, 686080, 0, 0, 0
39550, 696320, 0, 0, 0
39650, 686080, 0, 0, 0
39749, 724040, 0, 0, 0
39849, 670720, 0, 0, 0
39949, 665600, 0, 0, 0
40049, 696320, 0, 0, 0
40149, 686080, 0, 0, 0
40249, 696320, 0, 0, 0
40349, 665600, 0, 0, 0
40449, 675840, 0, 0, 0
40550, 665600, 0, 0, 0
40650, 680960, 0, 0, 0
40749, 667151, 0, 0, 0
40849, 665600, 0, 0, 0
40949, 696320, 0, 0, 0
41049, 686080, 0, 0, 0
41149, 650240, 0, 0, 0
41249, 701440, 0, 0, 0
41349, 696320, 0, 0, 0
41449, 716800, 0, 0, 0
41550, 665600, 0, 0, 0
41650, 701440, 0, 0, 0
41749, 651636, 0, 0, 0
41849, 701440, 0, 0, 0
41949, 706560, 0, 0, 0
42049, 686080, 0, 0, 0
42149, 716800, 0, 0, 0
42249, 727040, 0, 0, 0
42349, 701440, 0, 0, 0
42449, 716800, 0, 0, 0
42550, 665600, 0, 0, 0
42650, 721920, 0, 0, 0
42749, 677494, 0, 0, 0
42849, 691200, 0, 0, 0
42949, 655360, 0, 0, 0
43049, 701440, 0, 0, 0
43149, 711680, 0, 0, 0
43249, 701440, 0, 0, 0
43349, 711680, 0, 0, 0
43449, 665600, 0, 0, 0
43549, 696320, 0, 0, 0
43649, 691200, 0, 0, 0
43750, 701440, 0, 0, 0
43850, 727040, 0, 0, 0
43950, 660480, 0, 0, 0
44050, 711680, 0, 0, 0
44150, 691200, 0, 0, 0
44249, 682666, 0, 0, 0
44349, 696320, 0, 0, 0
44449, 686080, 0, 0, 0
44549, 691200, 0, 0, 0
44649, 737280, 0, 0, 0
44750, 696320, 0, 0, 0
44850, 680960, 0, 0, 0
44950, 706560, 0, 0, 0
45050, 701440, 0, 0, 0
45150, 727040, 0, 0, 0
45249, 641292, 0, 0, 0
45349, 665600, 0, 0, 0
45449, 675840, 0, 0, 0
45549, 711680, 0, 0, 0
45649, 680960, 0, 0, 0
45749, 680960, 0, 0, 0
45850, 680960, 0, 0, 0
45950, 711680, 0, 0, 0
46050, 660480, 0, 0, 0
46150, 706560, 0, 0, 0
46249, 687838, 0, 0, 0
46349, 675840, 0, 0, 0
46449, 742400, 0, 0, 0
46549, 696320, 0, 0, 0
46649, 691200, 0, 0, 0
46749, 634880, 0, 0, 0
46849, 650240, 0, 0, 0
46950, 665600, 0, 0, 0
47050, 680960, 0, 0, 0
47150, 691200, 0, 0, 0
47249, 687838, 0, 0, 0
47349, 706560, 0, 0, 0
47449, 691200, 0, 0, 0
47549, 686080, 0, 0, 0
47649, 680960, 0, 0, 0
47749, 686080, 0, 0, 0
47849, 686080, 0, 0, 0
47949, 680960, 0, 0, 0
48050, 660480, 0, 0, 0
48150, 660480, 0, 0, 0
48249, 718868, 0, 0, 0
48349, 691200, 0, 0, 0
48449, 696320, 0, 0, 0
48549, 732160, 0, 0, 0
48649, 701440, 0, 0, 0
48749, 691200, 0, 0, 0
48849, 691200, 0, 0, 0
48949, 686080, 0, 0, 0
49050, 634880, 0, 0, 0
49150, 686080, 0, 0, 0
49249, 693010, 0, 0, 0
49349, 701440, 0, 0, 0
49449, 660480, 0, 0, 0
49549, 711680, 0, 0, 0
49649, 691200, 0, 0, 0
49749, 721920, 0, 0, 0
49849, 680960, 0, 0, 0
49949, 696320, 0, 0, 0
50050, 675840, 0, 0, 0
50150, 732160, 0, 0, 0
50249, 667151, 0, 0, 0
50349, 650240, 0, 0, 0
50449, 696320, 0, 0, 0
50549, 665600, 0, 0, 0
50649, 675840, 0, 0, 0
50749, 691200, 0, 0, 0
50849, 706560, 0, 0, 0
50949, 660480, 0, 0, 0
51050, 675840, 0, 0, 0
51150, 660480, 0, 0, 0
51249, 682666, 0, 0, 0
51349, 660480, 0, 0, 0
51449, 727040, 0, 0, 0
51549, 721920, 0, 0, 0
51649, 686080, 0, 0, 0
51749, 727040, 0, 0, 0
51849, 691200, 0, 0, 0
51949, 655360, 0, 0, 0
52050, 660480, 0, 0, 0
52150, 670720, 0, 0, 0
52249, 734383, 0, 0, 0
52349, 686080, 0, 0, 0
52449, 721920, 0, 0, 0
52549, 716800, 0, 0, 0
52649, 655360, 0, 0, 0
52749, 706560, 0, 0, 0
52849, 686080, 0, 0, 0
52949, 727040, 0, 0, 0
53050, 701440, 0, 0, 0
53150, 752640, 0, 0, 0
53249, 734383, 0, 0, 0
53349, 680960, 0, 0, 0
53449, 696320, 0, 0, 0
53549, 706560, 0, 0, 0
53649, 696320, 0, 0, 0
53749, 696320, 0, 0, 0
53849, 716800, 0, 0, 0
53949, 665600, 0, 0, 0
54049, 701440, 0, 0, 0
54149, 701440, 0, 0, 0
54250, 701440, 0, 0, 0
54350, 680960, 0, 0, 0
54450, 711680, 0, 0, 0
54550, 706560, 0, 0, 0
54650, 711680, 0, 0, 0
54749, 651636, 0, 0, 0
54849, 680960, 0, 0, 0
54949, 665600, 0, 0, 0
55049, 660480, 0, 0, 0
55149, 691200, 0, 0, 0
55249, 686080, 0, 0, 0
55349, 727040, 0, 0, 0
55450, 665600, 0, 0, 0
55550, 686080, 0, 0, 0
55650, 680960, 0, 0, 0
55749, 713696, 0, 0, 0
55849, 716800, 0, 0, 0
55949, 691200, 0, 0, 0
56049, 727040, 0, 0, 0
56149, 686080, 0, 0, 0
56249, 691200, 0, 0, 0
56349, 706560, 0, 0, 0
56450, 737280, 0, 0, 0
56550, 670720, 0, 0, 0
56650, 675840, 0, 0, 0
56749, 667151, 0, 0, 0
56849, 706560, 0, 0, 0
56949, 696320, 0, 0, 0
57049, 655360, 0, 0, 0
57149, 716800, 0, 0, 0
57249, 706560, 0, 0, 0
57349, 732160, 0, 0, 0
57449, 716800, 0, 0, 0
57550, 680960, 0, 0, 0
57650, 680960, 0, 0, 0
57749, 687838, 0, 0, 0
57849, 742400, 0, 0, 0
57949, 701440, 0, 0, 0
58049, 665600, 0, 0, 0
58149, 680960, 0, 0, 0
58249, 706560, 0, 0, 0
58349, 665600, 0, 0, 0
58449, 660480, 0, 0, 0
58549, 721920, 0, 0, 0
58649, 711680, 0, 0, 0
58750, 711680, 0, 0, 0
58850, 701440, 0, 0, 0
58950, 716800, 0, 0, 0
59050, 686080, 0, 0, 0
59150, 680960, 0, 0, 0
59249, 667151, 0, 0, 0
59349, 686080, 0, 0, 0
59449, 686080, 0, 0, 0
59549, 686080, 0, 0, 0
59649, 706560, 0, 0, 0
59750, 686080, 0, 0, 0
59850, 716800, 0, 0, 0
59950, 686080, 0, 0, 0
60050, 706560, 0, 0, 0
60150, 686080, 0, 0, 0
60249, 698181, 0, 0, 0
60349, 711680, 0, 0, 0
60449, 686080, 0, 0, 0
60549, 711680, 0, 0, 0
60649, 634880, 0, 0, 0
60749, 686080, 0, 0, 0
60850, 706560, 0, 0, 0
60950, 686080, 0, 0, 0
61050, 696320, 0, 0, 0
61150, 691200, 0, 0, 0
61249, 698181, 0, 0, 0
61349, 696320, 0, 0, 0
61449, 727040, 0, 0, 0
61549, 686080, 0, 0, 0
61649, 696320, 0, 0, 0
61749, 680960, 0, 0, 0
61849, 711680, 0, 0, 0
61949, 655360, 0, 0, 0
62050, 691200, 0, 0, 0
62150, 675840, 0, 0, 0
62249, 708525, 0, 0, 0
62349, 665600, 0, 0, 0
62449, 686080, 0, 0, 0
62549, 660480, 0, 0, 0
62649, 696320, 0, 0, 0
62749, 670720, 0, 0, 0
62849, 711680, 0, 0, 0
62949, 670720, 0, 0, 0
63050, 686080, 0, 0, 0
63150, 675840, 0, 0, 0
63249, 703353, 0, 0, 0
63349, 670720, 0, 0, 0
63449, 680960, 0, 0, 0
63549, 716800, 0, 0, 0
63649, 721920, 0, 0, 0
63749, 716800, 0, 0, 0
63849, 737280, 0, 0, 0
63949, 721920, 0, 0, 0
64049, 706560, 0, 0, 0
64149, 680960, 0, 0, 0
64250, 716800, 0, 0, 0
64350, 701440, 0, 0, 0
64450, 711680, 0, 0, 0
64550, 711680, 0, 0, 0
64650, 706560, 0, 0, 0
64749, 667151, 0, 0, 0
64849, 675840, 0, 0, 0
64949, 711680, 0, 0, 0
65049, 701440, 0, 0, 0
65149, 711680, 0, 0, 0
65249, 686080, 0, 0, 0
65350, 675840, 0, 0, 0
65450, 696320, 0, 0, 0
65550, 696320, 0, 0, 0
65650, 670720, 0, 0, 0
65749, 682666, 0, 0, 0
65849, 696320, 0, 0, 0
65949, 665600, 0, 0, 0
66049, 716800, 0, 0, 0
66149, 670720, 0, 0, 0
66249, 675840, 0, 0, 0
66349, 691200, 0, 0, 0
66450, 701440, 0, 0, 0
66550, 680960, 0, 0, 0
66650, 701440, 0, 0, 0
66749, 693010, 0, 0, 0
66849, 701440, 0, 0, 0
66949, 737280, 0, 0, 0
67049, 675840, 0, 0, 0
67149, 675840, 0, 0, 0
67249, 686080, 0, 0, 0
67349, 691200, 0, 0, 0
67449, 665600, 0, 0, 0
67550, 686080, 0, 0, 0
67650, 655360, 0, 0, 0
67749, 651636, 0, 0, 0
67849, 660480, 0, 0, 0
67949, 660480, 0, 0, 0
68049, 645120, 0, 0, 0
68149, 706560, 0, 0, 0
68249, 716800, 0, 0, 0
68349, 680960, 0, 0, 0
68449, 640000, 0, 0, 0
68550, 670720, 0, 0, 0
68650, 686080, 0, 0, 0
68749, 677494, 0, 0, 0
68849, 640000, 0, 0, 0
68949, 706560, 0, 0, 0
69049, 696320, 0, 0, 0
69149, 696320, 0, 0, 0
69249, 670720, 0, 0, 0
69349, 701440, 0, 0, 0
69449, 686080, 0, 0, 0
69549, 686080, 0, 0, 0
69649, 691200, 0, 0, 0
69750, 701440, 0, 0, 0
69850, 701440, 0, 0, 0
69950, 680960, 0, 0, 0
70050, 696320, 0, 0, 0
70150, 691200, 0, 0, 0
70249, 682666, 0, 0, 0
70349, 670720, 0, 0, 0
70449, 721920, 0, 0, 0
70549, 711680, 0, 0, 0
70649, 665600, 0, 0, 0
70750, 711680, 0, 0, 0
70850, 686080, 0, 0, 0
70950, 721920, 0, 0, 0
71050, 727040, 0, 0, 0
71150, 716800, 0, 0, 0
71249, 703353, 0, 0, 0
71349, 686080, 0, 0, 0
71449, 660480, 0, 0, 0
71549, 670720, 0, 0, 0
71649, 691200, 0, 0, 0
71749, 696320, 0, 0, 0
71850, 670720, 0, 0, 0
71950, 665600, 0, 0, 0
72050, 660480, 0, 0, 0
72150, 655360, 0, 0, 0
72249, 682666, 0, 0, 0
72349, 686080, 0, 0, 0
72449, 655360, 0, 0, 0
72549, 696320, 0, 0, 0
72649, 686080, 0, 0, 0
72750, 711680, 0, 0, 0
72850, 670720, 0, 0, 0
72950, 670720, 0, 0, 0
73050, 634880, 0, 0, 0
73150, 686080, 0, 0, 0
73249, 682666, 0, 0, 0
73349, 686080, 0, 0, 0
73449, 655360, 0, 0, 0
73549, 655360, 0, 0, 0
73649, 696320, 0, 0, 0
73750, 706560, 0, 0, 0
73850, 670720, 0, 0, 0
73950, 711680, 0, 0, 0
74050, 696320, 0, 0, 0
74150, 686080, 0, 0, 0
74249, 677494, 0, 0, 0
74349, 691200, 0, 0, 0
74449, 701440, 0, 0, 0
74549, 691200, 0, 0, 0
74650, 686080, 0, 0, 0
74749, 667151, 0, 0, 0
74849, 680960, 0, 0, 0
74949, 691200, 0, 0, 0
75049, 680960, 0, 0, 0
75149, 706560, 0, 0, 0
75249, 665600, 0, 0, 0
75349, 665600, 0, 0, 0
75449, 680960, 0, 0, 0
75549, 691200, 0, 0, 0
75650, 691200, 0, 0, 0
75749, 682666, 0, 0, 0
75849, 640000, 0, 0, 0
75949, 701440, 0, 0, 0
76049, 675840, 0, 0, 0
76149, 686080, 0, 0, 0
76249, 645120, 0, 0, 0
76349, 645120, 0, 0, 0
76449, 701440, 0, 0, 0
76549, 696320, 0, 0, 0
76650, 655360, 0, 0, 0
76749, 682666, 0, 0, 0
76849, 696320, 0, 0, 0
76949, 691200, 0, 0, 0
77049, 716800, 0, 0, 0
77149, 711680, 0, 0, 0
77249, 716800, 0, 0, 0
77349, 686080, 0, 0, 0
77449, 691200, 0, 0, 0
77550, 737280, 0, 0, 0
77650, 701440, 0, 0, 0
77749, 687838, 0, 0, 0
77849, 665600, 0, 0, 0
77949, 742400, 0, 0, 0
78049, 691200, 0, 0, 0
78149, 675840, 0, 0, 0
78249, 691200, 0, 0, 0
78349, 634880, 0, 0, 0
78449, 711680, 0, 0, 0
78550, 686080, 0, 0, 0
78650, 675840, 0, 0, 0
78749, 708525, 0, 0, 0
78849, 665600, 0, 0, 0
78949, 680960, 0, 0, 0
79049, 706560, 0, 0, 0
79149, 660480, 0, 0, 0
79249, 732160, 0, 0, 0
79349, 686080, 0, 0, 0
79449, 691200, 0, 0, 0
79549, 691200, 0, 0, 0
79649, 691200, 0, 0, 0
79750, 701440, 0, 0, 0
79850, 655360, 0, 0, 0
79950, 706560, 0, 0, 0
80050, 696320, 0, 0, 0
80150, 691200, 0, 0, 0
80249, 703353, 0, 0, 0
80349, 670720, 0, 0, 0
80449, 686080, 0, 0, 0
80549, 660480, 0, 0, 0
80649, 660480, 0, 0, 0
80750, 675840, 0, 0, 0
80850, 716800, 0, 0, 0
80950, 660480, 0, 0, 0
81050, 691200, 0, 0, 0
81150, 701440, 0, 0, 0
81249, 672323, 0, 0, 0
81349, 727040, 0, 0, 0
81449, 696320, 0, 0, 0
81549, 686080, 0, 0, 0
81649, 691200, 0, 0, 0
81750, 716800, 0, 0, 0
81850, 691200, 0, 0, 0
81950, 716800, 0, 0, 0
82050, 716800, 0, 0, 0
82150, 691200, 0, 0, 0
82249, 687838, 0, 0, 0
82349, 675840, 0, 0, 0
82449, 696320, 0, 0, 0
82549, 670720, 0, 0, 0
82649, 660480, 0, 0, 0
82750, 660480, 0, 0, 0
82850, 680960, 0, 0, 0
82950, 614400, 0, 0, 0
83050, 660480, 0, 0, 0
83150, 660480, 0, 0, 0
83249, 687838, 0, 0, 0
83349, 696320, 0, 0, 0
83449, 706560, 0, 0, 0
83549, 696320, 0, 0, 0
83649, 675840, 0, 0, 0
83749, 665600, 0, 0, 0
83850, 686080, 0, 0, 0
83950, 670720, 0, 0, 0
84050, 675840, 0, 0, 0
84150, 634880, 0, 0, 0
84249, 672323, 0, 0, 0
84349, 691200, 0, 0, 0
84449, 680960, 0, 0, 0
84549, 680960, 0, 0, 0
84649, 686080, 0, 0, 0
84749, 701440, 0, 0, 0
84849, 660480, 0, 0, 0
84949, 701440, 0, 0, 0
85050, 696320, 0, 0, 0
85150, 701440, 0, 0, 0
85249, 693010, 0, 0, 0
85349, 675840, 0, 0, 0
85449, 706560, 0, 0, 0
85549, 706560, 0, 0, 0
85649, 660480, 0, 0, 0
85749, 675840, 0, 0, 0
85849, 665600, 0, 0, 0
85949, 655360, 0, 0, 0
86050, 665600, 0, 0, 0
86150, 680960, 0, 0, 0
86249, 708525, 0, 0, 0
86349, 701440, 0, 0, 0
86449, 650240, 0, 0, 0
86549, 716800, 0, 0, 0
86649, 691200, 0, 0, 0
86749, 696320, 0, 0, 0
86849, 675840, 0, 0, 0
86949, 660480, 0, 0, 0
87049, 691200, 0, 0, 0
87150, 675840, 0, 0, 0
87249, 703353, 0, 0, 0
87349, 675840, 0, 0, 0
87449, 691200, 0, 0, 0
87549, 701440, 0, 0, 0
87649, 660480, 0, 0, 0
87749, 701440, 0, 0, 0
87849, 706560, 0, 0, 0
87949, 670720, 0, 0, 0
88049, 706560, 0, 0, 0
88149, 675840, 0, 0, 0
88250, 686080, 0, 0, 0
88350, 696320, 0, 0, 0
88450, 686080, 0, 0, 0
88550, 660480, 0, 0, 0
88650, 660480, 0, 0, 0
88749, 687838, 0, 0, 0
88849, 665600, 0, 0, 0
88949, 732160, 0, 0, 0
89049, 634880, 0, 0, 0
89149, 686080, 0, 0, 0
89249, 665600, 0, 0, 0
89350, 701440, 0, 0, 0
89450, 701440, 0, 0, 0
89550, 711680, 0, 0, 0
89650, 691200, 0, 0, 0
89749, 677494, 0, 0, 0
89849, 650240, 0, 0, 0
89949, 686080, 0, 0, 0
