100, 6481429, 0, 0, 0
200, 6876273, 0, 0, 0
300, 6482315, 0, 0, 0
400, 5988125, 0, 0, 0
501, 6680621, 0, 0, 0
600, 6781814, 0, 0, 0
700, 7112289, 0, 0, 0
801, 7971658, 0, 0, 0
903, 6453253, 0, 0, 0
1004, 7044166, 0, 0, 0
1100, 9298279, 0, 0, 0
1200, 6951115, 0, 0, 0
1300, 7674883, 0, 0, 0
1400, 6053172, 0, 0, 0
1501, 6314108, 0, 0, 0
1603, 6594907, 0, 0, 0
1701, 7401097, 0, 0, 0
1800, 6367442, 0, 0, 0
1900, 6678436, 0, 0, 0
2001, 8822853, 0, 0, 0
2100, 6258296, 0, 0, 0
2200, 6824323, 0, 0, 0
2303, 7754493, 0, 0, 0
2400, 5950937, 0, 0, 0
2500, 7009224, 0, 0, 0
2600, 5385927, 0, 0, 0
2700, 8290096, 0, 0, 0
2800, 6183054, 0, 0, 0
2901, 6178413, 0, 0, 0
3000, 6354162, 0, 0, 0
3103, 6465235, 0, 0, 0
3200, 6827053, 0, 0, 0
3300, 6467651, 0, 0, 0
3401, 5716986, 0, 0, 0
3509, 6658624, 0, 0, 0
3602, 6734569, 0, 0, 0
3700, 6019023, 0, 0, 0
3802, 7163900, 0, 0, 0
3900, 6560887, 0, 0, 0
4000, 7735566, 0, 0, 0
4100, 7638153, 0, 0, 0
4201, 5755828, 0, 0, 0
4301, 8070381, 0, 0, 0
4400, 5655765, 0, 0, 0
4500, 6379286, 0, 0, 0
4608, 8065053, 0, 0, 0
4705, 8127810, 0, 0, 0
4800, 6620676, 0, 0, 0
4905, 7994854, 0, 0, 0
5000, 7330049, 0, 0, 0
5100, 7226897, 0, 0, 0
5201, 7051216, 0, 0, 0
5300, 6199794, 0, 0, 0
5400, 6132385, 0, 0, 0
5500, 6419589, 0, 0, 0
5600, 6080174, 0, 0, 0
5700, 7246324, 0, 0, 0
5801, 6515105, 0, 0, 0
5900, 6174825, 0, 0, 0
6001, 8783921, 0, 0, 0
6109, 9208272, 0, 0, 0
6200, 6914105, 0, 0, 0
6301, 7293371, 0, 0, 0
6401, 6645373, 0, 0, 0
6503, 7322840, 0, 0, 0
6600, 6157097, 0, 0, 0
6700, 5860606, 0, 0, 0
6801, 6099298, 0, 0, 0
6900, 7573025, 0, 0, 0
7001, 6155187, 0, 0, 0
7105, 10066833, 0, 0, 0
7201, 8040378, 0, 0, 0
7301, 8093811, 0, 0, 0
7400, 7651901, 0, 0, 0
7502, 6128031, 0, 0, 0
7604, 7011171, 0, 0, 0
7700, 5907929, 0, 0, 0
7800, 6219010, 0, 0, 0
7902, 6145844, 0, 0, 0
8000, 6958356, 0, 0, 0
8100, 6469120, 0, 0, 0
8201, 7440897, 0, 0, 0
8300, 6347339, 0, 0, 0
8400, 7978091, 0, 0, 0
8500, 7968939, 0, 0, 0
8600, 6681607, 0, 0, 0
8700, 6353311, 0, 0, 0
8801, 6802909, 0, 0, 0
8900, 6203327, 0, 0, 0
9001, 5739590, 0, 0, 0
9103, 6416471, 0, 0, 0
9200, 5785429, 0, 0, 0
9300, 7932198, 0, 0, 0
9401, 5792701, 0, 0, 0
9500, 5316263, 0, 0, 0
9600, 6245278, 0, 0, 0
9700, 6520789, 0, 0, 0
9803, 5519486, 0, 0, 0
9901, 6649741, 0, 0, 0
10000, 6864200, 0, 0, 0
10101, 6053370, 0, 0, 0
10201, 4874382, 0, 0, 0
10300, 7412256, 0, 0, 0
10401, 7219900, 0, 0, 0
10500, 6026830, 0, 0, 0
10600, 7294145, 0, 0, 0
10705, 7552304, 0, 0, 0
10801, 7266099, 0, 0, 0
10902, 5868245, 0, 0, 0
11000, 6952225, 0, 0, 0
11100, 6368322, 0, 0, 0
11201, 7117390, 0, 0, 0
11302, 6951298, 0, 0, 0
11401, 6215285, 0, 0, 0
11500, 6823708, 0, 0, 0
11602, 7036666, 0, 0, 0
11700, 6725354, 0, 0, 0
11800, 6777252, 0, 0, 0
11900, 7344338, 0, 0, 0
12000, 6767758, 0, 0, 0
12100, 7387108, 0, 0, 0
12200, 7055295, 0, 0, 0
12302, 6873095, 0, 0, 0
12400, 6174611, 0, 0, 0
12502, 6815632, 0, 0, 0
12600, 6199818, 0, 0, 0
12701, 6612232, 0, 0, 0
12800, 6864446, 0, 0, 0
12900, 5967534, 0, 0, 0
13000, 6894982, 0, 0, 0
13100, 7768861, 0, 0, 0
13202, 6245144, 0, 0, 0
13303, 7590656, 0, 0, 0
13402, 6540432, 0, 0, 0
13501, 7123767, 0, 0, 0
13601, 6252302, 0, 0, 0
13700, 5731341, 0, 0, 0
13800, 7252600, 0, 0, 0
13902, 7885799, 0, 0, 0
14001, 6565060, 0, 0, 0
14100, 7187001, 0, 0, 0
14200, 7189448, 0, 0, 0
14302, 6035811, 0, 0, 0
14401, 7091561, 0, 0, 0
14501, 5966228, 0, 0, 0
14600, 7908721, 0, 0, 0
14701, 6140104, 0, 0, 0
14803, 6744473, 0, 0, 0
14900, 7350454, 0, 0, 0
15002, 6019433, 0, 0, 0
15100, 5789962, 0, 0, 0
15202, 5959487, 0, 0, 0
15301, 6482334, 0, 0, 0
15400, 7575930, 0, 0, 0
15500, 6106752, 0, 0, 0
15601, 6505857, 0, 0, 0
15700, 6307821, 0, 0, 0
15800, 6104172, 0, 0, 0
15901, 6420052, 0, 0, 0
16004, 7747899, 0, 0, 0
16100, 6524401, 0, 0, 0
16200, 6277222, 0, 0, 0
16300, 5623345, 0, 0, 0
16400, 6014686, 0, 0, 0
16500, 7660691, 0, 0, 0
16600, 5996429, 0, 0, 0
16700, 5884338, 0, 0, 0
16800, 6912455, 0, 0, 0
16900, 5642127, 0, 0, 0
17000, 5704224, 0, 0, 0
17100, 6510396, 0, 0, 0
17200, 7240120, 0, 0, 0
17300, 6634477, 0, 0, 0
17402, 5488247, 0, 0, 0
17500, 6526081, 0, 0, 0
17600, 7722448, 0, 0, 0
17703, 6535088, 0, 0, 0
17801, 6296289, 0, 0, 0
17900, 6208395, 0, 0, 0
18000, 7308378, 0, 0, 0
18100, 6437130, 0, 0, 0
18203, 7920143, 0, 0, 0
18300, 6299599, 0, 0, 0
18400, 8515956, 0, 0, 0
18500, 6507378, 0, 0, 0
18601, 6914000, 0, 0, 0
18700, 6106718, 0, 0, 0
18801, 6122697, 0, 0, 0
18900, 6220051, 0, 0, 0
19000, 6040434, 0, 0, 0
19100, 6417966, 0, 0, 0
19200, 8376171, 0, 0, 0
19300, 7284692, 0, 0, 0
19400, 6887169, 0, 0, 0
19501, 7290880, 0, 0, 0
19600, 7251888, 0, 0, 0
19700, 6259631, 0, 0, 0
19800, 5931804, 0, 0, 0
19900, 7007976, 0, 0, 0
20000, 7090865, 0, 0, 0
20100, 6200587, 0, 0, 0
20200, 5910343, 0, 0, 0
20300, 6529446, 0, 0, 0
20400, 7729171, 0, 0, 0
20500, 7033470, 0, 0, 0
20600, 5068607, 0, 0, 0
20701, 6519575, 0, 0, 0
20811, 7354016, 0, 0, 0
20902, 8138936, 0, 0, 0
21000, 6300429, 0, 0, 0
21100, 7517504, 0, 0, 0
21201, 6763896, 0, 0, 0
21300, 6003834, 0, 0, 0
21400, 5927065, 0, 0, 0
21501, 7602593, 0, 0, 0
21600, 6890987, 0, 0, 0
21700, 6638306, 0, 0, 0
21800, 9486977, 0, 0, 0
21900, 6282090, 0, 0, 0
22002, 7696297, 0, 0, 0
22101, 6422627, 0, 0, 0
22200, 5990340, 0, 0, 0
22302, 6187214, 0, 0, 0
22400, 7124636, 0, 0, 0
22502, 8781014, 0, 0, 0
22600, 8687462, 0, 0, 0
22700, 7375104, 0, 0, 0
22803, 6302560, 0, 0, 0
22901, 7502728, 0, 0, 0
23000, 6705975, 0, 0, 0
23100, 6839061, 0, 0, 0
23200, 6150114, 0, 0, 0
23300, 6712869, 0, 0, 0
23402, 6142959, 0, 0, 0
23502, 7270283, 0, 0, 0
23600, 6241333, 0, 0, 0
23700, 6995210, 0, 0, 0
23801, 5892101, 0, 0, 0
23900, 5693861, 0, 0, 0
24000, 5643497, 0, 0, 0
24101, 7269425, 0, 0, 0
24200, 7399353, 0, 0, 0
24302, 6307537, 0, 0, 0
24400, 6066029, 0, 0, 0
24502, 7269645, 0, 0, 0
24604, 8125144, 0, 0, 0
24700, 8830964, 0, 0, 0
24800, 6756477, 0, 0, 0
24900, 6839041, 0, 0, 0
25000, 7640758, 0, 0, 0
25100, 7294940, 0, 0, 0
25200, 6484140, 0, 0, 0
25301, 8059406, 0, 0, 0
25401, 6782369, 0, 0, 0
25504, 9381302, 0, 0, 0
25600, 7641140, 0, 0, 0
25703, 5505519, 0, 0, 0
25802, 9123274, 0, 0, 0
25900, 7342435, 0, 0, 0
26000, 8199012, 0, 0, 0
26101, 7683351, 0, 0, 0
26200, 8244161, 0, 0, 0
26300, 6492254, 0, 0, 0
26400, 8820206, 0, 0, 0
26503, 6300026, 0, 0, 0
26600, 7751873, 0, 0, 0
26703, 6115483, 0, 0, 0
26800, 7735232, 0, 0, 0
26900, 6270755, 0, 0, 0
27000, 8973362, 0, 0, 0
27100, 6995489, 0, 0, 0
27202, 6841667, 0, 0, 0
27300, 6627551, 0, 0, 0
27401, 6070808, 0, 0, 0
27500, 5910490, 0, 0, 0
27602, 6978069, 0, 0, 0
27700, 5680159, 0, 0, 0
27800, 7442384, 0, 0, 0
27902, 5929196, 0, 0, 0
28000, 6491203, 0, 0, 0
28105, 7371993, 0, 0, 0
28200, 8669659, 0, 0, 0
28300, 7445487, 0, 0, 0
28400, 5989770, 0, 0, 0
28500, 6601243, 0, 0, 0
28600, 5693584, 0, 0, 0
28700, 7752924, 0, 0, 0
28800, 8286106, 0, 0, 0
28900, 5888813, 0, 0, 0
29000, 5855691, 0, 0, 0
29102, 7226751, 0, 0, 0
29200, 8804378, 0, 0, 0
29300, 5582755, 0, 0, 0
29400, 7342569, 0, 0, 0
29500, 8047520, 0, 0, 0
29600, 6418320, 0, 0, 0
29700, 7053051, 0, 0, 0
29801, 6742641, 0, 0, 0
29901, 7898969, 0, 0, 0
30000, 5921474, 0, 0, 0
30106, 5495505, 0, 0, 0
30201, 7456537, 0, 0, 0
30302, 6225776, 0, 0, 0
30400, 6499954, 0, 0, 0
30500, 7573542, 0, 0, 0
30600, 7362070, 0, 0, 0
30700, 8483816, 0, 0, 0
30801, 7974218, 0, 0, 0
30900, 7117852, 0, 0, 0
31000, 7320926, 0, 0, 0
31100, 7879925, 0, 0, 0
31203, 6207957, 0, 0, 0
31302, 7419634, 0, 0, 0
31400, 7561239, 0, 0, 0
31501, 6590559, 0, 0, 0
31601, 6055183, 0, 0, 0
31705, 6923524, 0, 0, 0
31800, 5884988, 0, 0, 0
31901, 5991468, 0, 0, 0
32000, 6230365, 0, 0, 0
32100, 6752118, 0, 0, 0
32202, 5640939, 0, 0, 0
32302, 5765168, 0, 0, 0
32400, 7756672, 0, 0, 0
32500, 7093891, 0, 0, 0
32600, 7693786, 0, 0, 0
32700, 6888359, 0, 0, 0
32801, 7074406, 0, 0, 0
32900, 8081488, 0, 0, 0
33000, 6946311, 0, 0, 0
33100, 6162529, 0, 0, 0
33200, 7423581, 0, 0, 0
33303, 6985754, 0, 0, 0
33400, 8285137, 0, 0, 0
33500, 6045894, 0, 0, 0
33604, 5592083, 0, 0, 0
33700, 7915007, 0, 0, 0
33804, 7843534, 0, 0, 0
33902, 6116073, 0, 0, 0
34000, 8915574, 0, 0, 0
34100, 6120016, 0, 0, 0
34200, 6799060, 0, 0, 0
34302, 7486813, 0, 0, 0
34400, 6671968, 0, 0, 0
34500, 6825817, 0, 0, 0
34603, 6870707, 0, 0, 0
34700, 7916650, 0, 0, 0
34800, 6071775, 0, 0, 0
34900, 6099532, 0, 0, 0
35000, 5832954, 0, 0, 0
35100, 5990215, 0, 0, 0
35200, 5917544, 0, 0, 0
35300, 7007445, 0, 0, 0
35402, 7116361, 0, 0, 0
35500, 7617630, 0, 0, 0
35600, 6467092, 0, 0, 0
35700, 7643742, 0, 0, 0
35801, 6063651, 0, 0, 0
35901, 6262976, 0, 0, 0
36001, 6231384, 0, 0, 0
36101, 7130780, 0, 0, 0
36200, 8239583, 0, 0, 0
36300, 5748675, 0, 0, 0
36404, 7188341, 0, 0, 0
36500, 6565394, 0, 0, 0
36603, 5488261, 0, 0, 0
36710, 7707893, 0, 0, 0
36812, 8008470, 0, 0, 0
36900, 7479284, 0, 0, 0
37000, 5851541, 0, 0, 0
37100, 6866065, 0, 0, 0
37201, 6164766, 0, 0, 0
37300, 6765161, 0, 0, 0
37400, 6070393, 0, 0, 0
37503, 6409991, 0, 0, 0
37600, 5849498, 0, 0, 0
37710, 7060507, 0, 0, 0
37803, 9915451, 0, 0, 0
37901, 6335346, 0, 0, 0
38001, 9088475, 0, 0, 0
38102, 6208380, 0, 0, 0
38200, 7978734, 0, 0, 0
38301, 6913026, 0, 0, 0
38401, 6438677, 0, 0, 0
38501, 6592026, 0, 0, 0
38601, 6250316, 0, 0, 0
38701, 7436353, 0, 0, 0
38800, 6536044, 0, 0, 0
38902, 5723413, 0, 0, 0
39002, 7037457, 0, 0, 0
39101, 7014019, 0, 0, 0
39200, 7005590, 0, 0, 0
39316, 6995541, 0, 0, 0
39400, 8412914, 0, 0, 0
39501, 6203736, 0, 0, 0
39601, 6307448, 0, 0, 0
39701, 7719619, 0, 0, 0
39800, 7124864, 0, 0, 0
39900, 5798588, 0, 0, 0
40002, 6843347, 0, 0, 0
40101, 7628138, 0, 0, 0
40200, 6751937, 0, 0, 0
40300, 6780975, 0, 0, 0
40404, 6072068, 0, 0, 0
40500, 6825426, 0, 0, 0
40600, 7144901, 0, 0, 0
40700, 5817221, 0, 0, 0
40802, 6746505, 0, 0, 0
40900, 7788567, 0, 0, 0
41001, 6812616, 0, 0, 0
41104, 6036804, 0, 0, 0
41200, 6193453, 0, 0, 0
41300, 7213055, 0, 0, 0
41401, 6582115, 0, 0, 0
41500, 6053484, 0, 0, 0
41600, 7148919, 0, 0, 0
41700, 6662486, 0, 0, 0
41800, 6790480, 0, 0, 0
41900, 8078415, 0, 0, 0
42000, 6699754, 0, 0, 0
42100, 6259127, 0, 0, 0
42200, 6914957, 0, 0, 0
42300, 5718901, 0, 0, 0
42400, 6509243, 0, 0, 0
42502, 7765156, 0, 0, 0
42601, 7497759, 0, 0, 0
42700, 5891511, 0, 0, 0
42800, 6435180, 0, 0, 0
42901, 6292491, 0, 0, 0
43000, 6681164, 0, 0, 0
43100, 7267465, 0, 0, 0
43200, 6694138, 0, 0, 0
43300, 6339202, 0, 0, 0
43400, 7664225, 0, 0, 0
43502, 6307025, 0, 0, 0
43600, 6312531, 0, 0, 0
43700, 5988650, 0, 0, 0
43802, 5632626, 0, 0, 0
43904, 6938018, 0, 0, 0
44000, 7376560, 0, 0, 0
44100, 6650470, 0, 0, 0
44202, 7290728, 0, 0, 0
44303, 7614587, 0, 0, 0
44401, 5920346, 0, 0, 0
44503, 7069885, 0, 0, 0
44600, 6608234, 0, 0, 0
44700, 6293461, 0, 0, 0
44802, 6669533, 0, 0, 0
44900, 6649876, 0, 0, 0
45001, 5512194, 0, 0, 0
45100, 6630227, 0, 0, 0
45200, 6368313, 0, 0, 0
45300, 8030016, 0, 0, 0
45400, 6886162, 0, 0, 0
45500, 7039901, 0, 0, 0
45600, 5905375, 0, 0, 0
45700, 6094624, 0, 0, 0
45800, 6488372, 0, 0, 0
45901, 8023065, 0, 0, 0
46000, 7297718, 0, 0, 0
46100, 7046232, 0, 0, 0
46200, 7282798, 0, 0, 0
46300, 7076899, 0, 0, 0
46400, 6845006, 0, 0, 0
46503, 6806434, 0, 0, 0
46601, 7649372, 0, 0, 0
46700, 6135069, 0, 0, 0
46800, 6137170, 0, 0, 0
46902, 7748830, 0, 0, 0
47000, 6842157, 0, 0, 0
47100, 7144097, 0, 0, 0
47203, 7852627, 0, 0, 0
47301, 6911179, 0, 0, 0
47400, 5366595, 0, 0, 0
47502, 6235871, 0, 0, 0
47604, 6848118, 0, 0, 0
47700, 6846333, 0, 0, 0
47802, 6091417, 0, 0, 0
47900, 7439152, 0, 0, 0
48000, 7494102, 0, 0, 0
48100, 7851516, 0, 0, 0
48200, 6980371, 0, 0, 0
48300, 7869672, 0, 0, 0
48400, 6334357, 0, 0, 0
48500, 6701432, 0, 0, 0
48602, 6290403, 0, 0, 0
48700, 6401284, 0, 0, 0
48800, 6715370, 0, 0, 0
48900, 6527547, 0, 0, 0
49000, 6311959, 0, 0, 0
49101, 7236666, 0, 0, 0
49200, 7784941, 0, 0, 0
49301, 7133709, 0, 0, 0
49400, 6629077, 0, 0, 0
49501, 7710288, 0, 0, 0
49600, 6808712, 0, 0, 0
49701, 6568959, 0, 0, 0
49800, 7243297, 0, 0, 0
49900, 5755476, 0, 0, 0
50001, 6066006, 0, 0, 0
50100, 6071274, 0, 0, 0
50202, 6111803, 0, 0, 0
50300, 6769640, 0, 0, 0
50400, 6302621, 0, 0, 0
50501, 8865571, 0, 0, 0
50601, 6884721, 0, 0, 0
50700, 6777372, 0, 0, 0
50800, 6526181, 0, 0, 0
50900, 6267483, 0, 0, 0
51000, 5564631, 0, 0, 0
51101, 6874043, 0, 0, 0
51200, 7058667, 0, 0, 0
51302, 6422386, 0, 0, 0
51402, 7520860, 0, 0, 0
51500, 7488120, 0, 0, 0
51601, 6909291, 0, 0, 0
51700, 6222656, 0, 0, 0
51800, 6974886, 0, 0, 0
51900, 6407703, 0, 0, 0
52000, 8342144, 0, 0, 0
52100, 6635203, 0, 0, 0
52200, 6219954, 0, 0, 0
52300, 6522141, 0, 0, 0
52404, 6729222, 0, 0, 0
52500, 6609220, 0, 0, 0
52600, 7050202, 0, 0, 0
52701, 6809091, 0, 0, 0
52803, 7692230, 0, 0, 0
52900, 7466709, 0, 0, 0
53000, 6448427, 0, 0, 0
53100, 5770622, 0, 0, 0
53200, 7413464, 0, 0, 0
53300, 5278662, 0, 0, 0
53400, 8110764, 0, 0, 0
53500, 6568984, 0, 0, 0
53600, 6942148, 0, 0, 0
53701, 6318834, 0, 0, 0
53803, 6904995, 0, 0, 0
53904, 8113375, 0, 0, 0
54001, 7470530, 0, 0, 0
54100, 7512913, 0, 0, 0
54201, 7783473, 0, 0, 0
54300, 6603429, 0, 0, 0
54401, 5625817, 0, 0, 0
54506, 6099878, 0, 0, 0
54600, 8049910, 0, 0, 0
54700, 6881595, 0, 0, 0
54801, 7484287, 0, 0, 0
54901, 7524793, 0, 0, 0
55000, 6870043, 0, 0, 0
55102, 8710862, 0, 0, 0
55200, 8831592, 0, 0, 0
55300, 6966655, 0, 0, 0
55400, 5926416, 0, 0, 0
55504, 6878781, 0, 0, 0
55600, 7783231, 0, 0, 0
55702, 6686893, 0, 0, 0
55801, 6506326, 0, 0, 0
55901, 7925237, 0, 0, 0
56000, 6841427, 0, 0, 0
56103, 7294007, 0, 0, 0
56200, 6043091, 0, 0, 0
56300, 6749342, 0, 0, 0
56401, 7413808, 0, 0, 0
56500, 6307709, 0, 0, 0
56600, 6195018, 0, 0, 0
56700, 5470897, 0, 0, 0
56801, 5451952, 0, 0, 0
56900, 6336264, 0, 0, 0
57000, 6052763, 0, 0, 0
57100, 6334899, 0, 0, 0
57200, 5497547, 0, 0, 0
57308, 7935531, 0, 0, 0
57400, 7295343, 0, 0, 0
57505, 6234542, 0, 0, 0
57600, 6201354, 0, 0, 0
57701, 6275879, 0, 0, 0
57800, 6308785, 0, 0, 0
57900, 6046856, 0, 0, 0
58001, 6533414, 0, 0, 0
58100, 7316244, 0, 0, 0
58201, 6564804, 0, 0, 0
58303, 6256945, 0, 0, 0
58400, 7170589, 0, 0, 0
58500, 6091232, 0, 0, 0
58601, 6796337, 0, 0, 0
58700, 6273041, 0, 0, 0
58800, 6610339, 0, 0, 0
58900, 6371049, 0, 0, 0
59000, 7555753, 0, 0, 0
59101, 6712195, 0, 0, 0
59202, 6810815, 0, 0, 0
59300, 7287208, 0, 0, 0
59400, 6033996, 0, 0, 0
59500, 7359744, 0, 0, 0
59601, 7489373, 0, 0, 0
59700, 5835785, 0, 0, 0
59800, 6845337, 0, 0, 0
59901, 7237915, 0, 0, 0
60000, 6187512, 0, 0, 0
60100, 6987983, 0, 0, 0
60200, 5778932, 0, 0, 0
60301, 6713565, 0, 0, 0
60403, 6485291, 0, 0, 0
60500, 6811129, 0, 0, 0
60600, 6155231, 0, 0, 0
60700, 7249673, 0, 0, 0
60800, 6310054, 0, 0, 0
60901, 6350259, 0, 0, 0
61000, 6288494, 0, 0, 0
61100, 7908847, 0, 0, 0
61200, 6362693, 0, 0, 0
61300, 6598919, 0, 0, 0
61402, 7722344, 0, 0, 0
61501, 6947290, 0, 0, 0
61600, 8351421, 0, 0, 0
61703, 6859689, 0, 0, 0
61800, 7831503, 0, 0, 0
61900, 6400098, 0, 0, 0
62000, 6375355, 0, 0, 0
62100, 7855836, 0, 0, 0
62201, 9827595, 0, 0, 0
62305, 7874251, 0, 0, 0
62400, 6502378, 0, 0, 0
62500, 6964989, 0, 0, 0
62600, 7942213, 0, 0, 0
62700, 7664777, 0, 0, 0
62800, 5994080, 0, 0, 0
62901, 6180763, 0, 0, 0
63000, 6357206, 0, 0, 0
63100, 6667005, 0, 0, 0
63200, 5745901, 0, 0, 0
63300, 6694538, 0, 0, 0
63405, 7037638, 0, 0, 0
63500, 6790097, 0, 0, 0
63600, 7312201, 0, 0, 0
63700, 6797176, 0, 0, 0
63800, 6613264, 0, 0, 0
63902, 7077779, 0, 0, 0
64003, 7570569, 0, 0, 0
64100, 7037583, 0, 0, 0
64201, 6669962, 0, 0, 0
64302, 6334410, 0, 0, 0
64400, 6453024, 0, 0, 0
64502, 5609784, 0, 0, 0
64600, 8022189, 0, 0, 0
64701, 6924624, 0, 0, 0
64803, 8177411, 0, 0, 0
64901, 6809976, 0, 0, 0
65000, 6470612, 0, 0, 0
65100, 6271492, 0, 0, 0
65200, 6538724, 0, 0, 0
65300, 6320509, 0, 0, 0
65400, 7454165, 0, 0, 0
65502, 6090512, 0, 0, 0
65601, 11691350, 0, 0, 0
65700, 6091988, 0, 0, 0
65800, 6210672, 0, 0, 0
65900, 5562613, 0, 0, 0
66000, 6520230, 0, 0, 0
66100, 5344045, 0, 0, 0
66200, 6836168, 0, 0, 0
66300, 6291701, 0, 0, 0
66400, 7164478, 0, 0, 0
66500, 5866674, 0, 0, 0
66602, 7879669, 0, 0, 0
66702, 5854094, 0, 0, 0
66801, 8078927, 0, 0, 0
66900, 6417187, 0, 0, 0
67000, 6186989, 0, 0, 0
67100, 7159970, 0, 0, 0
67202, 6522622, 0, 0, 0
67300, 6849438, 0, 0, 0
67400, 6591476, 0, 0, 0
67501, 4987888, 0, 0, 0
67600, 5715456, 0, 0, 0
67701, 7405441, 0, 0, 0
67800, 9011279, 0, 0, 0
67902, 6447385, 0, 0, 0
68000, 6998856, 0, 0, 0
68100, 7219549, 0, 0, 0
68201, 7667974, 0, 0, 0
68302, 6278087, 0, 0, 0
68400, 6217366, 0, 0, 0
68500, 5632281, 0, 0, 0
68600, 5882737, 0, 0, 0
68700, 7065793, 0, 0, 0
68803, 6386854, 0, 0, 0
68901, 6117447, 0, 0, 0
69000, 6122066, 0, 0, 0
69100, 6860278, 0, 0, 0
69204, 5170533, 0, 0, 0
69301, 7386263, 0, 0, 0
69402, 7004381, 0, 0, 0
69500, 6394017, 0, 0, 0
69600, 6311095, 0, 0, 0
69700, 6862903, 0, 0, 0
69802, 6804348, 0, 0, 0
69900, 8145403, 0, 0, 0
70001, 9126710, 0, 0, 0
70100, 5755153, 0, 0, 0
70202, 7028401, 0, 0, 0
70300, 6971691, 0, 0, 0
70401, 6786012, 0, 0, 0
70501, 6058253, 0, 0, 0
70600, 6687363, 0, 0, 0
70704, 7304378, 0, 0, 0
70800, 7978300, 0, 0, 0
70903, 8300680, 0, 0, 0
71000, 5934808, 0, 0, 0
71103, 6034156, 0, 0, 0
71201, 6983581, 0, 0, 0
71303, 6967799, 0, 0, 0
71402, 9350493, 0, 0, 0
71500, 8030630, 0, 0, 0
71600, 7632643, 0, 0, 0
71700, 7022581, 0, 0, 0
71801, 7134482, 0, 0, 0
71900, 9949472, 0, 0, 0
72000, 6132988, 0, 0, 0
72101, 5326998, 0, 0, 0
72200, 8265577, 0, 0, 0
72300, 7519010, 0, 0, 0
72400, 6438149, 0, 0, 0
72501, 5438636, 0, 0, 0
72600, 8329921, 0, 0, 0
72700, 8075637, 0, 0, 0
72801, 6728391, 0, 0, 0
72901, 5981588, 0, 0, 0
73002, 6802254, 0, 0, 0
73100, 7240338, 0, 0, 0
73203, 7175599, 0, 0, 0
73302, 9257946, 0, 0, 0
73401, 7551746, 0, 0, 0
73502, 9125781, 0, 0, 0
73600, 7325962, 0, 0, 0
73700, 9976342, 0, 0, 0
73800, 6578688, 0, 0, 0
73900, 6916156, 0, 0, 0
74000, 5825410, 0, 0, 0
74100, 5838194, 0, 0, 0
74204, 5989264, 0, 0, 0
74300, 6610715, 0, 0, 0
74400, 6537679, 0, 0, 0
74500, 6011436, 0, 0, 0
74600, 5784553, 0, 0, 0
74700, 5452369, 0, 0, 0
74800, 5035073, 0, 0, 0
74900, 6310727, 0, 0, 0
75002, 7284880, 0, 0, 0
75101, 7360186, 0, 0, 0
75200, 6274580, 0, 0, 0
75300, 6522987, 0, 0, 0
75400, 7205492, 0, 0, 0
75500, 6695483, 0, 0, 0
75600, 6498044, 0, 0, 0
75700, 6477222, 0, 0, 0
75800, 6293904, 0, 0, 0
75900, 8673304, 0, 0, 0
76004, 5823076, 0, 0, 0
76100, 6282345, 0, 0, 0
76200, 7595211, 0, 0, 0
76300, 6852051, 0, 0, 0
76400, 7320446, 0, 0, 0
76501, 7221820, 0, 0, 0
76601, 6508201, 0, 0, 0
76700, 7299699, 0, 0, 0
76802, 6355294, 0, 0, 0
76900, 6416471, 0, 0, 0
77000, 6869860, 0, 0, 0
77109, 6814505, 0, 0, 0
77201, 8302059, 0, 0, 0
77300, 7780902, 0, 0, 0
77401, 6391542, 0, 0, 0
77500, 6925463, 0, 0, 0
77605, 7938895, 0, 0, 0
77700, 11771025, 0, 0, 0
77800, 5905642, 0, 0, 0
77900, 6247905, 0, 0, 0
78000, 6252133, 0, 0, 0
78100, 6607877, 0, 0, 0
78200, 7523114, 0, 0, 0
78300, 6066806, 0, 0, 0
78400, 6438126, 0, 0, 0
78505, 8701121, 0, 0, 0
78602, 7924665, 0, 0, 0
78700, 9106093, 0, 0, 0
78800, 8974918, 0, 0, 0
78900, 6728022, 0, 0, 0
79000, 6222218, 0, 0, 0
79100, 6032187, 0, 0, 0
79201, 7363149, 0, 0, 0
79300, 6498040, 0, 0, 0
79400, 6278785, 0, 0, 0
79500, 7582287, 0, 0, 0
79600, 6746747, 0, 0, 0
79700, 5243577, 0, 0, 0
79800, 6453625, 0, 0, 0
79901, 6526126, 0, 0, 0
80001, 5493500, 0, 0, 0
80101, 7649621, 0, 0, 0
80200, 7025624, 0, 0, 0
80304, 6506156, 0, 0, 0
80401, 6153795, 0, 0, 0
80500, 8094059, 0, 0, 0
80602, 9412138, 0, 0, 0
80701, 5970782, 0, 0, 0
80801, 6899752, 0, 0, 0
80915, 5399134, 0, 0, 0
81002, 11603342, 0, 0, 0
81104, 7468261, 0, 0, 0
81200, 6829847, 0, 0, 0
81300, 7145734, 0, 0, 0
81404, 6075891, 0, 0, 0
81503, 7542008, 0, 0, 0
81601, 6728734, 0, 0, 0
81700, 7994890, 0, 0, 0
81800, 6147901, 0, 0, 0
81900, 5841162, 0, 0, 0
82001, 7178441, 0, 0, 0
82102, 8122933, 0, 0, 0
82203, 8508964, 0, 0, 0
82300, 7273030, 0, 0, 0
82402, 6896747, 0, 0, 0
82500, 5798952, 0, 0, 0
82605, 6550433, 0, 0, 0
82700, 6484834, 0, 0, 0
82800, 8401746, 0, 0, 0
82900, 5438797, 0, 0, 0
83000, 7427825, 0, 0, 0
83104, 7304172, 0, 0, 0
83200, 7624789, 0, 0, 0
83303, 5698804, 0, 0, 0
83400, 6270912, 0, 0, 0
83500, 5691437, 0, 0, 0
83600, 6235955, 0, 0, 0
83700, 6736362, 0, 0, 0
83800, 6130598, 0, 0, 0
83900, 7703072, 0, 0, 0
84000, 8075370, 0, 0, 0
84100, 6995046, 0, 0, 0
84200, 6364538, 0, 0, 0
84300, 6770818, 0, 0, 0
84400, 6546896, 0, 0, 0
84502, 7670625, 0, 0, 0
84600, 6302848, 0, 0, 0
84700, 6595515, 0, 0, 0
84801, 6250397, 0, 0, 0
84900, 5903315, 0, 0, 0
85002, 7575865, 0, 0, 0
85100, 8232530, 0, 0, 0
85201, 6652603, 0, 0, 0
85300, 7052610, 0, 0, 0
85401, 8621422, 0, 0, 0
85500, 7799364, 0, 0, 0
85600, 7343252, 0, 0, 0
85700, 5916231, 0, 0, 0
85801, 7489601, 0, 0, 0
85900, 7301177, 0, 0, 0
86001, 6380875, 0, 0, 0
86100, 6069060, 0, 0, 0
86200, 5885018, 0, 0, 0
86303, 6359706, 0, 0, 0
86400, 7662416, 0, 0, 0
86500, 5832873, 0, 0, 0
86601, 6059337, 0, 0, 0
86700, 6086372, 0, 0, 0
86802, 8087909, 0, 0, 0
86900, 6576509, 0, 0, 0
87001, 8326265, 0, 0, 0
87102, 6608773, 0, 0, 0
87202, 8162429, 0, 0, 0
87302, 6991475, 0, 0, 0
87400, 6810120, 0, 0, 0
87500, 8000322, 0, 0, 0
87600, 6002378, 0, 0, 0
87700, 6616566, 0, 0, 0
87800, 6713682, 0, 0, 0
87900, 7046499, 0, 0, 0
88000, 5391878, 0, 0, 0
88103, 6842438, 0, 0, 0
88205, 7736092, 0, 0, 0
88301, 6866207, 0, 0, 0
88400, 6551165, 0, 0, 0
88500, 6766395, 0, 0, 0
88600, 5697656, 0, 0, 0
88700, 6670008, 0, 0, 0
88800, 7928397, 0, 0, 0
88903, 7256938, 0, 0, 0
89000, 6615452, 0, 0, 0
89100, 6279352, 0, 0, 0
89200, 6271364, 0, 0, 0
89300, 7148987, 0, 0, 0
89400, 7231448, 0, 0, 0
89500, 9576752, 0, 0, 0
89600, 6156794, 0, 0, 0
89700, 6206047, 0, 0, 0
89802, 6812106, 0, 0, 0
89900, 7845216, 0, 0, 0
90000, 5916242, 0, 0, 0
90004, 6611458, 0, 0, 0
