250, 704, 0, 0, 0
350, 780, 0, 0, 0
450, 910, 0, 0, 0
550, 820, 0, 0, 0
650, 1020, 0, 0, 0
749, 828, 0, 0, 0
849, 830, 0, 0, 0
949, 990, 0, 0, 0
1049, 690, 0, 0, 0
1149, 760, 0, 0, 0
1250, 950, 0, 0, 0
1350, 880, 0, 0, 0
1450, 830, 0, 0, 0
1550, 730, 0, 0, 0
1650, 940, 0, 0, 0
1749, 959, 0, 0, 0
1849, 820, 0, 0, 0
1949, 990, 0, 0, 0
2049, 910, 0, 0, 0
2149, 820, 0, 0, 0
2250, 740, 0, 0, 0
2350, 750, 0, 0, 0
2450, 850, 0, 0, 0
2550, 1050, 0, 0, 0
2650, 890, 0, 0, 0
2749, 727, 0, 0, 0
2849, 860, 0, 0, 0
2949, 870, 0, 0, 0
3049, 1120, 0, 0, 0
3149, 1010, 0, 0, 0
3249, 880, 0, 0, 0
3349, 910, 0, 0, 0
3450, 700, 0, 0, 0
3550, 930, 0, 0, 0
3650, 900, 0, 0, 0
3749, 696, 0, 0, 0
3849, 950, 0, 0, 0
3949, 930, 0, 0, 0
4049, 970, 0, 0, 0
4149, 930, 0, 0, 0
4249, 810, 0, 0, 0
4349, 910, 0, 0, 0
4449, 1050, 0, 0, 0
4550, 910, 0, 0, 0
4650, 1050, 0, 0, 0
4749, 919, 0, 0, 0
4849, 840, 0, 0, 0
4949, 1090, 0, 0, 0
5049, 1000, 0, 0, 0
5149, 1020, 0, 0, 0
5249, 990, 0, 0, 0
5349, 1040, 0, 0, 0
5449, 840, 0, 0, 0
5550, 890, 0, 0, 0
5650, 900, 0, 0, 0
5749, 808, 0, 0, 0
5849, 1020, 0, 0, 0
5949, 920, 0, 0, 0
6049, 1040, 0, 0, 0
6149, 820, 0, 0, 0
6249, 920, 0, 0, 0
6349, 980, 0, 0, 0
6449, 930, 0, 0, 0
6550, 960, 0, 0, 0
6650, 810, 0, 0, 0
6749, 1050, 0, 0, 0
6849, 1030, 0, 0, 0
6949, 1100, 0, 0, 0
7049, 750, 0, 0, 0
7149, 700, 0, 0, 0
7249, 960, 0, 0, 0
7349, 1010, 0, 0, 0
7449, 1010, 0, 0, 0
7549, 990, 0, 0, 0
7649, 1070, 0, 0, 0
7750, 1030, 0, 0, 0
7850, 800, 0, 0, 0
7950, 730, 0, 0, 0
8050, 920, 0, 0, 0
8150, 860, 0, 0, 0
8249, 1020, 0, 0, 0
8349, 780, 0, 0, 0
8449, 1000, 0, 0, 0
8549, 900, 0, 0, 0
8649, 1000, 0, 0, 0
8750, 960, 0, 0, 0
8850, 1130, 0, 0, 0
8950, 920, 0, 0, 0
9050, 920, 0, 0, 0
9150, 900, 0, 0, 0
9249, 888, 0, 0, 0
9349, 710, 0, 0, 0
9449, 1140, 0, 0, 0
9549, 860, 0, 0, 0
9649, 890, 0, 0, 0
9750, 880, 0, 0, 0
9850, 1020, 0, 0, 0
9950, 920, 0, 0, 0
10050, 990, 0, 0, 0
10150, 980, 0, 0, 0
10249, 909, 0, 0, 0
10349, 1040, 0, 0, 0
10449, 920, 0, 0, 0
10549, 1020, 0, 0, 0
10649, 850, 0, 0, 0
10750, 770, 0, 0, 0
10850, 1060, 0, 0, 0
10950, 1080, 0, 0, 0
11050, 870, 0, 0, 0
11150, 1060, 0, 0, 0
11249, 929, 0, 0, 0
11349, 1000, 0, 0, 0
11449, 990, 0, 0, 0
11549, 950, 0, 0, 0
11649, 980, 0, 0, 0
11750, 700, 0, 0, 0
11850, 960, 0, 0, 0
11950, 940, 0, 0, 0
12050, 860, 0, 0, 0
12150, 880, 0, 0, 0
12249, 878, 0, 0, 0
12349, 870, 0, 0, 0
12449, 1120, 0, 0, 0
12549, 1000, 0, 0, 0
12649, 960, 0, 0, 0
12749, 860, 0, 0, 0
12849, 860, 0, 0, 0
12950, 870, 0, 0, 0
13050, 650, 0, 0, 0
13150, 670, 0, 0, 0
13249, 797, 0, 0, 0
13349, 880, 0, 0, 0
13449, 1000, 0, 0, 0
13549, 1060, 0, 0, 0
13649, 830, 0, 0, 0
13749, 890, 0, 0, 0
13849, 960, 0, 0, 0
13949, 1120, 0, 0, 0
14050, 900, 0, 0, 0
14150, 1050, 0, 0, 0
14249, 979, 0, 0, 0
14349, 1000, 0, 0, 0
14449, 1010, 0, 0, 0
14549, 1030, 0, 0, 0
14649, 880, 0, 0, 0
14749, 970, 0, 0, 0
14849, 1060, 0, 0, 0
14949, 840, 0, 0, 0
15050, 1000, 0, 0, 0
15150, 930, 0, 0, 0
15249, 1020, 0, 0, 0
15349, 870, 0, 0, 0
15449, 1020, 0, 0, 0
15549, 840, 0, 0, 0
15649, 960, 0, 0, 0
15749, 950, 0, 0, 0
15849, 1100, 0, 0, 0
15949, 910, 0, 0, 0
16049, 970, 0, 0, 0
16150, 980, 0, 0, 0
16249, 888, 0, 0, 0
16349, 890, 0, 0, 0
16449, 1010, 0, 0, 0
16549, 1000, 0, 0, 0
16649, 1090, 0, 0, 0
16749, 990, 0, 0, 0
16849, 910, 0, 0, 0
16949, 960, 0, 0, 0
17049, 980, 0, 0, 0
17149, 1040, 0, 0, 0
17250, 840, 0, 0, 0
17350, 790, 0, 0, 0
17450, 810, 0, 0, 0
17550, 660, 0, 0, 0
17650, 800, 0, 0, 0
17749, 818, 0, 0, 0
17849, 890, 0, 0, 0
17949, 920, 0, 0, 0
18049, 830, 0, 0, 0
18149, 800, 0, 0, 0
18250, 940, 0, 0, 0
18350, 580, 0, 0, 0
18450, 960, 0, 0, 0
18550, 920, 0, 0, 0
18650, 930, 0, 0, 0
18749, 818, 0, 0, 0
18849, 850, 0, 0, 0
18949, 830, 0, 0, 0
19049, 1010, 0, 0, 0
19149, 920, 0, 0, 0
19249, 980, 0, 0, 0
19349, 880, 0, 0, 0
19449, 880, 0, 0, 0
19550, 900, 0, 0, 0
19650, 740, 0, 0, 0
19749, 909, 0, 0, 0
19849, 990, 0, 0, 0
19949, 980, 0, 0, 0
20049, 750, 0, 0, 0
20149, 790, 0, 0, 0
20249, 900, 0, 0, 0
20349, 970, 0, 0, 0
20449, 890, 0, 0, 0
20550, 930, 0, 0, 0
20650, 900, 0, 0, 0
20749, 1060, 0, 0, 0
20849, 860, 0, 0, 0
20949, 880, 0, 0, 0
21049, 860, 0, 0, 0
21149, 1010, 0, 0, 0
21249, 960, 0, 0, 0
21349, 1020, 0, 0, 0
21449, 990, 0, 0, 0
21549, 970, 0, 0, 0
21649, 860, 0, 0, 0
21750, 880, 0, 0, 0
21850, 1050, 0, 0, 0
21950, 1020, 0, 0, 0
22050, 920, 0, 0, 0
22150, 1030, 0, 0, 0
22249, 878, 0, 0, 0
22349, 920, 0, 0, 0
22449, 1080, 0, 0, 0
22549, 790, 0, 0, 0
22649, 950, 0, 0, 0
22750, 940, 0, 0, 0
22850, 970, 0, 0, 0
22950, 810, 0, 0, 0
23050, 990, 0, 0, 0
23150, 670, 0, 0, 0
23249, 707, 0, 0, 0
23349, 890, 0, 0, 0
23449, 820, 0, 0, 0
23549, 790, 0, 0, 0
23649, 1080, 0, 0, 0
23749, 990, 0, 0, 0
23850, 1060, 0, 0, 0
23950, 800, 0, 0, 0
24050, 810, 0, 0, 0
24150, 1080, 0, 0, 0
24249, 737, 0, 0, 0
24349, 920, 0, 0, 0
24449, 940, 0, 0, 0
24549, 760, 0, 0, 0
24649, 590, 0, 0, 0
24749, 640, 0, 0, 0
24849, 810, 0, 0, 0
24950, 850, 0, 0, 0
25050, 710, 0, 0, 0
25150, 740, 0, 0, 0
25249, 858, 0, 0, 0
25349, 690, 0, 0, 0
25449, 660, 0, 0, 0
25549, 900, 0, 0, 0
25649, 740, 0, 0, 0
25749, 890, 0, 0, 0
25849, 930, 0, 0, 0
25949, 840, 0, 0, 0
26050, 880, 0, 0, 0
26150, 960, 0, 0, 0
26249, 909, 0, 0, 0
26349, 710, 0, 0, 0
26449, 910, 0, 0, 0
26549, 910, 0, 0, 0
26649, 900, 0, 0, 0
26749, 990, 0, 0, 0
26849, 1010, 0, 0, 0
26949, 970, 0, 0, 0
27050, 730, 0, 0, 0
27150, 770, 0, 0, 0
27249, 1080, 0, 0, 0
27349, 920, 0, 0, 0
27449, 870, 0, 0, 0
27549, 830, 0, 0, 0
27649, 890, 0, 0, 0
27749, 910, 0, 0, 0
27849, 920, 0, 0, 0
27949, 850, 0, 0, 0
28049, 830, 0, 0, 0
28150, 830, 0, 0, 0
28250, 1040, 0, 0, 0
28350, 1020, 0, 0, 0
28450, 820, 0, 0, 0
28550, 790, 0, 0, 0
28650, 960, 0, 0, 0
28749, 828, 0, 0, 0
28849, 1010, 0, 0, 0
28949, 980, 0, 0, 0
29049, 930, 0, 0, 0
29149, 730, 0, 0, 0
29250, 850, 0, 0, 0
29350, 1110, 0, 0, 0
29450, 880, 0, 0, 0
29550, 740, 0, 0, 0
29650, 950, 0, 0, 0
29749, 1090, 0, 0, 0
29849, 1050, 0, 0, 0
29949, 820, 0, 0, 0
30049, 880, 0, 0, 0
30149, 720, 0, 0, 0
30250, 850, 0, 0, 0
30350, 1050, 0, 0, 0
30450, 950, 0, 0, 0
30550, 1020, 0, 0, 0
30650, 1010, 0, 0, 0
30749, 919, 0, 0, 0
30849, 900, 0, 0, 0
30949, 960, 0, 0, 0
31049, 1040, 0, 0, 0
31149, 950, 0, 0, 0
31250, 890, 0, 0, 0
31350, 1000, 0, 0, 0
31450, 840, 0, 0, 0
31550, 640, 0, 0, 0
31650, 930, 0, 0, 0
31749, 979, 0, 0, 0
31849, 900, 0, 0, 0
31949, 830, 0, 0, 0
32049, 950, 0, 0, 0
32149, 840, 0, 0, 0
32249, 950, 0, 0, 0
32349, 1070, 0, 0, 0
32449, 850, 0, 0, 0
32550, 1000, 0, 0, 0
32650, 1090, 0, 0, 0
32749, 848, 0, 0, 0
32849, 700, 0, 0, 0
32949, 970, 0, 0, 0
33049, 830, 0, 0, 0
33149, 810, 0, 0, 0
33249, 1010, 0, 0, 0
33349, 860, 0, 0, 0
33449, 1020, 0, 0, 0
33550, 1140, 0, 0, 0
33650, 1050, 0, 0, 0
33749, 848, 0, 0, 0
33849, 910, 0, 0, 0
33949, 940, 0, 0, 0
34049, 970, 0, 0, 0
34149, 900, 0, 0, 0
34249, 820, 0, 0, 0
34349, 840, 0, 0, 0
34449, 880, 0, 0, 0
34549, 930, 0, 0, 0
34649, 1080, 0, 0, 0
34750, 1030, 0, 0, 0
34850, 1100, 0, 0, 0
34950, 900, 0, 0, 0
35050, 840, 0, 0, 0
35150, 880, 0, 0, 0
35249, 1080, 0, 0, 0
35349, 870, 0, 0, 0
35449, 800, 0, 0, 0
35549, 940, 0, 0, 0
35649, 860, 0, 0, 0
35750, 850, 0, 0, 0
35850, 1030, 0, 0, 0
35950, 830, 0, 0, 0
36050, 1000, 0, 0, 0
36150, 1070, 0, 0, 0
36249, 929, 0, 0, 0
36349, 780, 0, 0, 0
36449, 720, 0, 0, 0
36549, 750, 0, 0, 0
36649, 740, 0, 0, 0
36750, 680, 0, 0, 0
36850, 810, 0, 0, 0
36950, 980, 0, 0, 0
37050, 970, 0, 0, 0
37150, 860, 0, 0, 0
37249, 848, 0, 0, 0
37349, 920, 0, 0, 0
37449, 990, 0, 0, 0
37549, 870, 0, 0, 0
37649, 920, 0, 0, 0
37750, 920, 0, 0, 0
37850, 950, 0, 0, 0
37950, 980, 0, 0, 0
38050, 960, 0, 0, 0
38150, 910, 0, 0, 0
38249, 787, 0, 0, 0
38349, 980, 0, 0, 0
38449, 820, 0, 0, 0
38549, 970, 0, 0, 0
38649, 880, 0, 0, 0
38749, 700, 0, 0, 0
38849, 990, 0, 0, 0
38950, 1040, 0, 0, 0
39050, 910, 0, 0, 0
39150, 1020, 0, 0, 0
39249, 666, 0, 0, 0
39349, 880, 0, 0, 0
39449, 910, 0, 0, 0
39549, 910, 0, 0, 0
39649, 1050, 0, 0, 0
39749, 990, 0, 0, 0
39849, 950, 0, 0, 0
39949, 840, 0, 0, 0
40050, 1090, 0, 0, 0
40150, 960, 0, 0, 0
40249, 848, 0, 0, 0
40349, 1000, 0, 0, 0
40449, 1020, 0, 0, 0
40549, 820, 0, 0, 0
40649, 950, 0, 0, 0
40749, 1000, 0, 0, 0
40849, 970, 0, 0, 0
40949, 1070, 0, 0, 0
41050, 1040, 0, 0, 0
41150, 950, 0, 0, 0
41249, 989, 0, 0, 0
41349, 920, 0, 0, 0
41449, 970, 0, 0, 0
41549, 1010, 0, 0, 0
41649, 940, 0, 0, 0
41749, 1050, 0, 0, 0
41849, 1100, 0, 0, 0
41949, 1030, 0, 0, 0
42049, 990, 0, 0, 0
42150, 740, 0, 0, 0
42250, 770, 0, 0, 0
42350, 740, 0, 0, 0
42450, 1060, 0, 0, 0
42550, 790, 0, 0, 0
42650, 860, 0, 0, 0
42749, 1000, 0, 0, 0
42849, 910, 0, 0, 0
42949, 970, 0, 0, 0
43049, 1130, 0, 0, 0
43150, 1080, 0, 0, 0
43250, 800, 0, 0, 0
43350, 930, 0, 0, 0
43450, 990, 0, 0, 0
43550, 1000, 0, 0, 0
43650, 940, 0, 0, 0
43749, 808, 0, 0, 0
43849, 940, 0, 0, 0
43949, 1000, 0, 0, 0
44049, 770, 0, 0, 0
44149, 910, 0, 0, 0
44250, 1060, 0, 0, 0
44350, 1020, 0, 0, 0
44450, 920, 0, 0, 0
44550, 870, 0, 0, 0
44650, 890, 0, 0, 0
44749, 919, 0, 0, 0
44849, 870, 0, 0, 0
44949, 790, 0, 0, 0
45049, 840, 0, 0, 0
45149, 740, 0, 0, 0
45249, 1000, 0, 0, 0
45350, 760, 0, 0, 0
45450, 1050, 0, 0, 0
45550, 920, 0, 0, 0
45650, 760, 0, 0, 0
45749, 979, 0, 0, 0
45849, 960, 0, 0, 0
45949, 990, 0, 0, 0
46049, 820, 0, 0, 0
46149, 880, 0, 0, 0
46249, 850, 0, 0, 0
46349, 850, 0, 0, 0
46449, 680, 0, 0, 0
46550, 990, 0, 0, 0
46650, 980, 0, 0, 0
46749, 878, 0, 0, 0
46849, 890, 0, 0, 0
46949, 940, 0, 0, 0
47049, 890, 0, 0, 0
47149, 980, 0, 0, 0
47249, 980, 0, 0, 0
47349, 1010, 0, 0, 0
47449, 1080, 0, 0, 0
47550, 1010, 0, 0, 0
47650, 790, 0, 0, 0
47749, 959, 0, 0, 0
47849, 840, 0, 0, 0
47949, 780, 0, 0, 0
48049, 870, 0, 0, 0
48149, 840, 0, 0, 0
48249, 810, 0, 0, 0
48349, 1000, 0, 0, 0
48449, 780, 0, 0, 0
48549, 940, 0, 0, 0
48650, 970, 0, 0, 0
48750, 940, 0, 0, 0
48850, 930, 0, 0, 0
48950, 890, 0, 0, 0
49050, 970, 0, 0, 0
49150, 740, 0, 0, 0
49249, 848, 0, 0, 0
49349, 800, 0, 0, 0
49449, 950, 0, 0, 0
49549, 990, 0, 0, 0
49649, 880, 0, 0, 0
49750, 1030, 0, 0, 0
49850, 980, 0, 0, 0
49950, 960, 0, 0, 0
50050, 840, 0, 0, 0
50150, 1000, 0, 0, 0
50249, 1000, 0, 0, 0
50349, 930, 0, 0, 0
50449, 1040, 0, 0, 0
50549, 990, 0, 0, 0
50649, 840, 0, 0, 0
50750, 930, 0, 0, 0
50850, 950, 0, 0, 0
50950, 1120, 0, 0, 0
51050, 1010, 0, 0, 0
51150, 860, 0, 0, 0
51249, 1030, 0, 0, 0
51349, 860, 0, 0, 0
51449, 1030, 0, 0, 0
51549, 930, 0, 0, 0
51649, 860, 0, 0, 0
51750, 910, 0, 0, 0
51850, 940, 0, 0, 0
51950, 940, 0, 0, 0
52050, 960, 0, 0, 0
52150, 850, 0, 0, 0
52249, 1000, 0, 0, 0
52349, 890, 0, 0, 0
52449, 920, 0, 0, 0
52549, 1030, 0, 0, 0
52649, 910, 0, 0, 0
52749, 950, 0, 0, 0
52849, 970, 0, 0, 0
52950, 1000, 0, 0, 0
53050, 920, 0, 0, 0
53150, 870, 0, 0, 0
53249, 797, 0, 0, 0
53349, 690, 0, 0, 0
53449, 940, 0, 0, 0
53549, 890, 0, 0, 0
53649, 940, 0, 0, 0
53749, 910, 0, 0, 0
53849, 920, 0, 0, 0
53949, 970, 0, 0, 0
54050, 930, 0, 0, 0
54150, 820, 0, 0, 0
54249, 979, 0, 0, 0
54349, 1230, 0, 0, 0
54449, 750, 0, 0, 0
54549, 710, 0, 0, 0
54649, 920, 0, 0, 0
54749, 820, 0, 0, 0
54849, 980, 0, 0, 0
54949, 1040, 0, 0, 0
55050, 910, 0, 0, 0
55150, 980, 0, 0, 0
55249, 848, 0, 0, 0
55349, 900, 0, 0, 0
55449, 840, 0, 0, 0
55549, 910, 0, 0, 0
55649, 780, 0, 0, 0
55749, 910, 0, 0, 0
55849, 1020, 0, 0, 0
55949, 960, 0, 0, 0
56049, 790, 0, 0, 0
56149, 780, 0, 0, 0
56250, 1030, 0, 0, 0
56350, 980, 0, 0, 0
56450, 850, 0, 0, 0
56550, 990, 0, 0, 0
56650, 920, 0, 0, 0
56749, 1010, 0, 0, 0
56849, 820, 0, 0, 0
56949, 990, 0, 0, 0
57049, 1070, 0, 0, 0
57149, 1040, 0, 0, 0
57250, 900, 0, 0, 0
57350, 970, 0, 0, 0
57450, 760, 0, 0, 0
57550, 740, 0, 0, 0
57650, 910, 0, 0, 0
57749, 828, 0, 0, 0
57849, 710, 0, 0, 0
57949, 770, 0, 0, 0
58049, 820, 0, 0, 0
58149, 870, 0, 0, 0
58250, 770, 0, 0, 0
58350, 910, 0, 0, 0
58450, 890, 0, 0, 0
58550, 760, 0, 0, 0
58650, 870, 0, 0, 0
58749, 878, 0, 0, 0
58849, 740, 0, 0, 0
58949, 840, 0, 0, 0
59049, 780, 0, 0, 0
59149, 970, 0, 0, 0
59249, 940, 0, 0, 0
59350, 990, 0, 0, 0
59450, 890, 0, 0, 0
59550, 740, 0, 0, 0
59650, 800, 0, 0, 0
59749, 818, 0, 0, 0
59849, 730, 0, 0, 0
59949, 940, 0, 0, 0
60049, 1030, 0, 0, 0
60149, 790, 0, 0, 0
60249, 830, 0, 0, 0
60349, 850, 0, 0, 0
60449, 910, 0, 0, 0
60550, 960, 0, 0, 0
60650, 970, 0, 0, 0
60749, 898, 0, 0, 0
60849, 990, 0, 0, 0
60949, 970, 0, 0, 0
61049, 1100, 0, 0, 0
61149, 800, 0, 0, 0
61249, 890, 0, 0, 0
61349, 960, 0, 0, 0
61449, 930, 0, 0, 0
61550, 970, 0, 0, 0
61650, 810, 0, 0, 0
61749, 757, 0, 0, 0
61849, 940, 0, 0, 0
61949, 920, 0, 0, 0
62049, 890, 0, 0, 0
62149, 890, 0, 0, 0
62249, 1040, 0, 0, 0
62349, 930, 0, 0, 0
62449, 900, 0, 0, 0
62549, 990, 0, 0, 0
62649, 810, 0, 0, 0
62750, 820, 0, 0, 0
62850, 1070, 0, 0, 0
62950, 1050, 0, 0, 0
63050, 1000, 0, 0, 0
63150, 880, 0, 0, 0
63249, 959, 0, 0, 0
63349, 770, 0, 0, 0
63449, 840, 0, 0, 0
63549, 840, 0, 0, 0
63650, 820, 0, 0, 0
63750, 980, 0, 0, 0
63850, 920, 0, 0, 0
63950, 800, 0, 0, 0
64050, 990, 0, 0, 0
64150, 860, 0, 0, 0
64249, 979, 0, 0, 0
64349, 990, 0, 0, 0
64449, 930, 0, 0, 0
64549, 1030, 0, 0, 0
64649, 870, 0, 0, 0
64750, 940, 0, 0, 0
64850, 960, 0, 0, 0
64950, 1170, 0, 0, 0
65050, 950, 0, 0, 0
65150, 740, 0, 0, 0
65249, 969, 0, 0, 0
65349, 910, 0, 0, 0
65449, 960, 0, 0, 0
65549, 1120, 0, 0, 0
65649, 870, 0, 0, 0
65750, 960, 0, 0, 0
65850, 970, 0, 0, 0
65950, 750, 0, 0, 0
66050, 700, 0, 0, 0
66150, 940, 0, 0, 0
66249, 959, 0, 0, 0
66349, 860, 0, 0, 0
66449, 740, 0, 0, 0
66549, 880, 0, 0, 0
66649, 940, 0, 0, 0
66749, 840, 0, 0, 0
66849, 920, 0, 0, 0
66950, 1090, 0, 0, 0
67050, 850, 0, 0, 0
67150, 570, 0, 0, 0
67249, 919, 0, 0, 0
67349, 770, 0, 0, 0
67449, 840, 0, 0, 0
67549, 750, 0, 0, 0
67649, 850, 0, 0, 0
67749, 710, 0, 0, 0
67849, 850, 0, 0, 0
67949, 1040, 0, 0, 0
68050, 1020, 0, 0, 0
68150, 770, 0, 0, 0
68249, 1000, 0, 0, 0
68349, 950, 0, 0, 0
68449, 890, 0, 0, 0
68549, 920, 0, 0, 0
68649, 950, 0, 0, 0
68749, 950, 0, 0, 0
68849, 880, 0, 0, 0
68949, 900, 0, 0, 0
69050, 860, 0, 0, 0
69150, 900, 0, 0, 0
69249, 1121, 0, 0, 0
69349, 1070, 0, 0, 0
69449, 760, 0, 0, 0
69549, 960, 0, 0, 0
69649, 870, 0, 0, 0
69749, 820, 0, 0, 0
69849, 1110, 0, 0, 0
69949, 930, 0, 0, 0
70049, 1060, 0, 0, 0
70149, 900, 0, 0, 0
70250, 800, 0, 0, 0
70350, 760, 0, 0, 0
70450, 870, 0, 0, 0
70550, 1050, 0, 0, 0
70650, 1130, 0, 0, 0
70749, 1030, 0, 0, 0
70849, 990, 0, 0, 0
70949, 830, 0, 0, 0
71049, 910, 0, 0, 0
71149, 780, 0, 0, 0
71250, 850, 0, 0, 0
71350, 780, 0, 0, 0
71450, 850, 0, 0, 0
71550, 930, 0, 0, 0
71650, 660, 0, 0, 0
71749, 676, 0, 0, 0
71849, 920, 0, 0, 0
71949, 740, 0, 0, 0
72049, 760, 0, 0, 0
72149, 850, 0, 0, 0
72249, 780, 0, 0, 0
72350, 940, 0, 0, 0
72450, 980, 0, 0, 0
72550, 1110, 0, 0, 0
72650, 910, 0, 0, 0
72749, 848, 0, 0, 0
72849, 850, 0, 0, 0
72949, 860, 0, 0, 0
73049, 930, 0, 0, 0
73149, 1050, 0, 0, 0
73249, 1030, 0, 0, 0
73349, 1010, 0, 0, 0
73449, 860, 0, 0, 0
73550, 760, 0, 0, 0
73650, 670, 0, 0, 0
73749, 1000, 0, 0, 0
73849, 900, 0, 0, 0
73949, 870, 0, 0, 0
74049, 610, 0, 0, 0
74149, 850, 0, 0, 0
74249, 740, 0, 0, 0
74349, 860, 0, 0, 0
74449, 920, 0, 0, 0
74550, 700, 0, 0, 0
74650, 730, 0, 0, 0
74749, 969, 0, 0, 0
74849, 860, 0, 0, 0
74949, 720, 0, 0, 0
75049, 760, 0, 0, 0
75149, 900, 0, 0, 0
75249, 910, 0, 0, 0
75349, 1080, 0, 0, 0
75449, 910, 0, 0, 0
75549, 830, 0, 0, 0
75649, 900, 0, 0, 0
75750, 1180, 0, 0, 0
75850, 1150, 0, 0, 0
75950, 920, 0, 0, 0
76050, 1010, 0, 0, 0
76150, 960, 0, 0, 0
76249, 848, 0, 0, 0
76349, 830, 0, 0, 0
76449, 850, 0, 0, 0
76549, 710, 0, 0, 0
76649, 940, 0, 0, 0
76750, 1070, 0, 0, 0
76850, 780, 0, 0, 0
76950, 920, 0, 0, 0
77050, 1060, 0, 0, 0
77150, 1010, 0, 0, 0
77249, 878, 0, 0, 0
77349, 990, 0, 0, 0
77449, 900, 0, 0, 0
77549, 950, 0, 0, 0
77649, 970, 0, 0, 0
77749, 780, 0, 0, 0
77849, 720, 0, 0, 0
77950, 790, 0, 0, 0
78050, 770, 0, 0, 0
78150, 720, 0, 0, 0
78249, 878, 0, 0, 0
78349, 930, 0, 0, 0
78449, 850, 0, 0, 0
78549, 600, 0, 0, 0
78649, 830, 0, 0, 0
78749, 830, 0, 0, 0
78849, 1060, 0, 0, 0
78949, 590, 0, 0, 0
79050, 930, 0, 0, 0
79150, 950, 0, 0, 0
79249, 939, 0, 0, 0
79349, 780, 0, 0, 0
79449, 700, 0, 0, 0
79549, 1020, 0, 0, 0
79649, 780, 0, 0, 0
79749, 900, 0, 0, 0
79849, 920, 0, 0, 0
79949, 900, 0, 0, 0
80049, 900, 0, 0, 0
80149, 900, 0, 0, 0
80250, 1100, 0, 0, 0
80350, 900, 0, 0, 0
80450, 1090, 0, 0, 0
80550, 940, 0, 0, 0
80650, 830, 0, 0, 0
80749, 747, 0, 0, 0
80849, 960, 0, 0, 0
80949, 930, 0, 0, 0
81049, 940, 0, 0, 0
81149, 970, 0, 0, 0
81250, 910, 0, 0, 0
81350, 890, 0, 0, 0
81450, 660, 0, 0, 0
81550, 920, 0, 0, 0
81650, 910, 0, 0, 0
81749, 818, 0, 0, 0
81849, 650, 0, 0, 0
81949, 1020, 0, 0, 0
82049, 960, 0, 0, 0
82149, 1040, 0, 0, 0
82249, 760, 0, 0, 0
82350, 910, 0, 0, 0
82450, 730, 0, 0, 0
82550, 720, 0, 0, 0
82650, 690, 0, 0, 0
82749, 949, 0, 0, 0
82849, 960, 0, 0, 0
82949, 770, 0, 0, 0
83049, 990, 0, 0, 0
83149, 880, 0, 0, 0
83249, 940, 0, 0, 0
83349, 850, 0, 0, 0
83449, 970, 0, 0, 0
83550, 840, 0, 0, 0
83650, 850, 0, 0, 0
83749, 969, 0, 0, 0
83849, 620, 0, 0, 0
83949, 980, 0, 0, 0
84049, 870, 0, 0, 0
84149, 840, 0, 0, 0
84249, 980, 0, 0, 0
84349, 780, 0, 0, 0
84449, 780, 0, 0, 0
84550, 930, 0, 0, 0
84650, 780, 0, 0, 0
84749, 707, 0, 0, 0
84849, 1010, 0, 0, 0
84949, 810, 0, 0, 0
85049, 920, 0, 0, 0
85149, 900, 0, 0, 0
85249, 990, 0, 0, 0
85349, 970, 0, 0, 0
85449, 980, 0, 0, 0
85549, 1140, 0, 0, 0
85649, 1120, 0, 0, 0
85750, 930, 0, 0, 0
85850, 810, 0, 0, 0
85950, 1100, 0, 0, 0
86050, 900, 0, 0, 0
86150, 970, 0, 0, 0
86249, 1030, 0, 0, 0
86349, 990, 0, 0, 0
86449, 1020, 0, 0, 0
86549, 1010, 0, 0, 0
86649, 1040, 0, 0, 0
86749, 870, 0, 0, 0
86849, 930, 0, 0, 0
86950, 1020, 0, 0, 0
87050, 790, 0, 0, 0
87150, 780, 0, 0, 0
87249, 848, 0, 0, 0
87349, 860, 0, 0, 0
87449, 1060, 0, 0, 0
87549, 890, 0, 0, 0
87649, 930, 0, 0, 0
87749, 770, 0, 0, 0
87849, 950, 0, 0, 0
87949, 850, 0, 0, 0
88050, 910, 0, 0, 0
88150, 960, 0, 0, 0
88249, 959, 0, 0, 0
88349, 1070, 0, 0, 0
88449, 990, 0, 0, 0
88549, 1050, 0, 0, 0
88649, 930, 0, 0, 0
88749, 1000, 0, 0, 0
88849, 990, 0, 0, 0
88949, 900, 0, 0, 0
89049, 870, 0, 0, 0
89150, 900, 0, 0, 0
89250, 800, 0, 0, 0
89350, 830, 0, 0, 0
89450, 970, 0, 0, 0
89550, 760, 0, 0, 0
89650, 790, 0, 0, 0
89749, 858, 0, 0, 0
89849, 1030, 0, 0, 0
89949, 880, 0, 0, 0
