100, 11414, 1, 0, 0
101, 4872, 0, 0, 0
200, 4628, 0, 0, 0
201, 11631, 1, 0, 0
300, 4828, 0, 0, 0
300, 11367, 1, 0, 0
400, 5101, 0, 0, 0
403, 11669, 1, 0, 0
500, 4945, 0, 0, 0
501, 11077, 1, 0, 0
601, 4816, 0, 0, 0
601, 11352, 1, 0, 0
700, 10881, 1, 0, 0
702, 5045, 0, 0, 0
800, 5719, 0, 0, 0
800, 11783, 1, 0, 0
900, 11021, 1, 0, 0
902, 4545, 0, 0, 0
1000, 4114, 0, 0, 0
1003, 10656, 1, 0, 0
1100, 10879, 1, 0, 0
1101, 4856, 0, 0, 0
1200, 11163, 1, 0, 0
1203, 5218, 0, 0, 0
1300, 4950, 0, 0, 0
1301, 11644, 1, 0, 0
1400, 4930, 0, 0, 0
1400, 11605, 1, 0, 0
1500, 11441, 1, 0, 0
1502, 5394, 0, 0, 0
1600, 12402, 1, 0, 0
1602, 5565, 0, 0, 0
1700, 10862, 1, 0, 0
1702, 4715, 0, 0, 0
1800, 5016, 0, 0, 0
1801, 10882, 1, 0, 0
1900, 4809, 0, 0, 0
1901, 10811, 1, 0, 0
2001, 10370, 1, 0, 0
2002, 5164, 0, 0, 0
2100, 11349, 1, 0, 0
2103, 5267, 0, 0, 0
2200, 5159, 0, 0, 0
2202, 11977, 1, 0, 0
2300, 4700, 0, 0, 0
2302, 10309, 1, 0, 0
2400, 4783, 0, 0, 0
2400, 10900, 1, 0, 0
2500, 4352, 0, 0, 0
2501, 10282, 1, 0, 0
2600, 5932, 0, 0, 0
2602, 11264, 1, 0, 0
2700, 9875, 1, 0, 0
2701, 4616, 0, 0, 0
2800, 11242, 1, 0, 0
2801, 4748, 0, 0, 0
2900, 4592, 0, 0, 0
2902, 10244, 1, 0, 0
3000, 11903, 1, 0, 0
3011, 4467, 0, 0, 0
3100, 10722, 1, 0, 0
3104, 5013, 0, 0, 0
3200, 5240, 0, 0, 0
3202, 11987, 1, 0, 0
3300, 11970, 1, 0, 0
3301, 5519, 0, 0, 0
3400, 11288, 1, 0, 0
3401, 4951, 0, 0, 0
3501, 5113, 0, 0, 0
3501, 10615, 1, 0, 0
3600, 5353, 0, 0, 0
3601, 11769, 1, 0, 0
3700, 10188, 1, 0, 0
3702, 4842, 0, 0, 0
3800, 4973, 0, 0, 0
3801, 11226, 1, 0, 0
3900, 5048, 0, 0, 0
3903, 10342, 1, 0, 0
4000, 4829, 0, 0, 0
4003, 12204, 1, 0, 0
4100, 12249, 1, 0, 0
4101, 5363, 0, 0, 0
4200, 11446, 1, 0, 0
4201, 5046, 0, 0, 0
4300, 11716, 1, 0, 0
4301, 5031, 0, 0, 0
4400, 10905, 1, 0, 0
4401, 5206, 0, 0, 0
4500, 11537, 1, 0, 0
4501, 4919, 0, 0, 0
4601, 4858, 0, 0, 0
4601, 11137, 1, 0, 0
4700, 4970, 0, 0, 0
4703, 11321, 1, 0, 0
4800, 4983, 0, 0, 0
4800, 11960, 1, 0, 0
4900, 4964, 0, 0, 0
4901, 12666, 1, 0, 0
5000, 4948, 0, 0, 0
5002, 11240, 1, 0, 0
5100, 11488, 1, 0, 0
5101, 4891, 0, 0, 0
5200, 4513, 0, 0, 0
5202, 10563, 1, 0, 0
5300, 5299, 0, 0, 0
5301, 11918, 1, 0, 0
5400, 4673, 0, 0, 0
5400, 11552, 1, 0, 0
5501, 5039, 0, 0, 0
5501, 10884, 1, 0, 0
5600, 12355, 1, 0, 0
5601, 5256, 0, 0, 0
5700, 4973, 0, 0, 0
5703, 12815, 1, 0, 0
5801, 5531, 0, 0, 0
5803, 13122, 1, 0, 0
5900, 5698, 0, 0, 0
5901, 12351, 1, 0, 0
6000, 4918, 0, 0, 0
6001, 11516, 1, 0, 0
6100, 5328, 0, 0, 0
6100, 11509, 1, 0, 0
6200, 4680, 0, 0, 0
6201, 10514, 1, 0, 0
6300, 5116, 0, 0, 0
6301, 11287, 1, 0, 0
6400, 4708, 0, 0, 0
6401, 10868, 1, 0, 0
6500, 4555, 0, 0, 0
6500, 11252, 1, 0, 0
6601, 9909, 1, 0, 0
6603, 4738, 0, 0, 0
6701, 5346, 0, 0, 0
6704, 11930, 1, 0, 0
6800, 4579, 0, 0, 0
6801, 11829, 1, 0, 0
6900, 11204, 1, 0, 0
6901, 4901, 0, 0, 0
7001, 11410, 1, 0, 0
7004, 4931, 0, 0, 0
7100, 11097, 1, 0, 0
7104, 4494, 0, 0, 0
7200, 12078, 1, 0, 0
7201, 5855, 0, 0, 0
7301, 4996, 0, 0, 0
7302, 10240, 1, 0, 0
7400, 4585, 0, 0, 0
7400, 10778, 1, 0, 0
7500, 4625, 0, 0, 0
7501, 11426, 1, 0, 0
7601, 4907, 0, 0, 0
7602, 10575, 1, 0, 0
7700, 5239, 0, 0, 0
7703, 12153, 1, 0, 0
7800, 4977, 0, 0, 0
7801, 10649, 1, 0, 0
7900, 5417, 0, 0, 0
7901, 11256, 1, 0, 0
8000, 5114, 0, 0, 0
8001, 10621, 1, 0, 0
8100, 5550, 0, 0, 0
8100, 12649, 1, 0, 0
8200, 4665, 0, 0, 0
8201, 11813, 1, 0, 0
8300, 5028, 0, 0, 0
8302, 11264, 1, 0, 0
8400, 10177, 1, 0, 0
8401, 4247, 0, 0, 0
8500, 11428, 1, 0, 0
8501, 4833, 0, 0, 0
8601, 5050, 0, 0, 0
8602, 11122, 1, 0, 0
8700, 4998, 0, 0, 0
8700, 12737, 1, 0, 0
8800, 5708, 0, 0, 0
8801, 14715, 1, 0, 0
8900, 5094, 0, 0, 0
8901, 11022, 1, 0, 0
9000, 10090, 1, 0, 0
9001, 4536, 0, 0, 0
9100, 4887, 0, 0, 0
9100, 11959, 1, 0, 0
9201, 5373, 0, 0, 0
9202, 11422, 1, 0, 0
9300, 5464, 0, 0, 0
9302, 12628, 1, 0, 0
9400, 4884, 0, 0, 0
9401, 11013, 1, 0, 0
9500, 5306, 0, 0, 0
9503, 10898, 1, 0, 0
9600, 5298, 0, 0, 0
9601, 11751, 1, 0, 0
9700, 4790, 0, 0, 0
9703, 11399, 1, 0, 0
9800, 12326, 1, 0, 0
9802, 5000, 0, 0, 0
9900, 10655, 1, 0, 0
9901, 4744, 0, 0, 0
10000, 10456, 1, 0, 0
10002, 4786, 0, 0, 0
10100, 5124, 0, 0, 0
10101, 11950, 1, 0, 0
10200, 11453, 1, 0, 0
10201, 4880, 0, 0, 0
10301, 4917, 0, 0, 0
10301, 11889, 1, 0, 0
10400, 5123, 0, 0, 0
10402, 10763, 1, 0, 0
10500, 10967, 1, 0, 0
10502, 4702, 0, 0, 0
10601, 4561, 0, 0, 0
10602, 11135, 1, 0, 0
10700, 4754, 0, 0, 0
10702, 10667, 1, 0, 0
10800, 5319, 0, 0, 0
10802, 11967, 1, 0, 0
10900, 5035, 0, 0, 0
10900, 13474, 1, 0, 0
11000, 10945, 1, 0, 0
11001, 5034, 0, 0, 0
11100, 11865, 1, 0, 0
11102, 5306, 0, 0, 0
11200, 12156, 1, 0, 0
11201, 4731, 0, 0, 0
11301, 5141, 0, 0, 0
11307, 10686, 1, 0, 0
11400, 5289, 0, 0, 0
11401, 11116, 1, 0, 0
11500, 10983, 1, 0, 0
11503, 4884, 0, 0, 0
11601, 4497, 0, 0, 0
11604, 11417, 1, 0, 0
11700, 4920, 0, 0, 0
11702, 12318, 1, 0, 0
11800, 4854, 0, 0, 0
11801, 10995, 1, 0, 0
11900, 5266, 0, 0, 0
11902, 11859, 1, 0, 0
12000, 4846, 0, 0, 0
12003, 11045, 1, 0, 0
12100, 4277, 0, 0, 0
12102, 11461, 1, 0, 0
12200, 5095, 0, 0, 0
12202, 11658, 1, 0, 0
12300, 4980, 0, 0, 0
12301, 11158, 1, 0, 0
12400, 10956, 1, 0, 0
12404, 4755, 0, 0, 0
12500, 4803, 0, 0, 0
12502, 11691, 1, 0, 0
12601, 4523, 0, 0, 0
12601, 10760, 1, 0, 0
12700, 4920, 0, 0, 0
12702, 11359, 1, 0, 0
12800, 4959, 0, 0, 0
12802, 11794, 1, 0, 0
12900, 12420, 1, 0, 0
12902, 4937, 0, 0, 0
13001, 5041, 0, 0, 0
13001, 10972, 1, 0, 0
13100, 11025, 1, 0, 0
13101, 4622, 0, 0, 0
13200, 4517, 0, 0, 0
13200, 10543, 1, 0, 0
13300, 10961, 1, 0, 0
13302, 5066, 0, 0, 0
13401, 4679, 0, 0, 0
13405, 11789, 1, 0, 0
13501, 4624, 0, 0, 0
13502, 10597, 1, 0, 0
13600, 4937, 0, 0, 0
13601, 12413, 1, 0, 0
13701, 5159, 0, 0, 0
13710, 11682, 1, 0, 0
13800, 4653, 0, 0, 0
13801, 10475, 1, 0, 0
13900, 5550, 0, 0, 0
13904, 12198, 1, 0, 0
14001, 5124, 0, 0, 0
14002, 12233, 1, 0, 0
14100, 5061, 0, 0, 0
14100, 11849, 1, 0, 0
14201, 11953, 1, 0, 0
14204, 4896, 0, 0, 0
14300, 4701, 0, 0, 0
14301, 11790, 1, 0, 0
14400, 10677, 1, 0, 0
14402, 4678, 0, 0, 0
14501, 5019, 0, 0, 0
14503, 10886, 1, 0, 0
14601, 11408, 1, 0, 0
14602, 4903, 0, 0, 0
14700, 10683, 1, 0, 0
14701, 4717, 0, 0, 0
14800, 11413, 1, 0, 0
14804, 4670, 0, 0, 0
14900, 4305, 0, 0, 0
14901, 12104, 1, 0, 0
15000, 4664, 0, 0, 0
15001, 10807, 1, 0, 0
15100, 5024, 0, 0, 0
15100, 12292, 1, 0, 0
15200, 4966, 0, 0, 0
15200, 10623, 1, 0, 0
15300, 4549, 0, 0, 0
15301, 11436, 1, 0, 0
15400, 10476, 1, 0, 0
15404, 5443, 0, 0, 0
15501, 11543, 1, 0, 0
15503, 5264, 0, 0, 0
15600, 10781, 1, 0, 0
15601, 4832, 0, 0, 0
15701, 4773, 0, 0, 0
15702, 11037, 1, 0, 0
15800, 11160, 1, 0, 0
15802, 4859, 0, 0, 0
15900, 4981, 0, 0, 0
15903, 11446, 1, 0, 0
16000, 4994, 0, 0, 0
16002, 11699, 1, 0, 0
16100, 4651, 0, 0, 0
16101, 10524, 1, 0, 0
16200, 11980, 1, 0, 0
16201, 4993, 0, 0, 0
16300, 5394, 0, 0, 0
16300, 12186, 1, 0, 0
16400, 5430, 0, 0, 0
16402, 10892, 1, 0, 0
16500, 5084, 0, 0, 0
16500, 11086, 1, 0, 0
16600, 10115, 1, 0, 0
16602, 4449, 0, 0, 0
16700, 10018, 1, 0, 0
16701, 5099, 0, 0, 0
16800, 11205, 1, 0, 0
16801, 4868, 0, 0, 0
16900, 11908, 1, 0, 0
16903, 4713, 0, 0, 0
17001, 12579, 1, 0, 0
17002, 5334, 0, 0, 0
17101, 4743, 0, 0, 0
17103, 11742, 1, 0, 0
17200, 4906, 0, 0, 0
17203, 11710, 1, 0, 0
17300, 4579, 0, 0, 0
17303, 11858, 1, 0, 0
17401, 11788, 1, 0, 0
17404, 4878, 0, 0, 0
17500, 4716, 0, 0, 0
17500, 11740, 1, 0, 0
17601, 5101, 0, 0, 0
17601, 11183, 1, 0, 0
17700, 4900, 0, 0, 0
17700, 10853, 1, 0, 0
17801, 11341, 1, 0, 0
17804, 4361, 0, 0, 0
17900, 4553, 0, 0, 0
17900, 10810, 1, 0, 0
18000, 19760, 1, 0, 0
18008, 5453, 0, 0, 0
18100, 11057, 1, 0, 0
18101, 4332, 0, 0, 0
18200, 11447, 1, 0, 0
18202, 4898, 0, 0, 0
18300, 5694, 0, 0, 0
18301, 13862, 1, 0, 0
18400, 11285, 1, 0, 0
18401, 5240, 0, 0, 0
18501, 5418, 0, 0, 0
18501, 11071, 1, 0, 0
18600, 11714, 1, 0, 0
18601, 4926, 0, 0, 0
18700, 4716, 0, 0, 0
18701, 11103, 1, 0, 0
18800, 4615, 0, 0, 0
18802, 13280, 1, 0, 0
18900, 5269, 0, 0, 0
18900, 12584, 1, 0, 0
19000, 11660, 1, 0, 0
19001, 4981, 0, 0, 0
19100, 5131, 0, 0, 0
19102, 10696, 1, 0, 0
19201, 4693, 0, 0, 0
19201, 11420, 1, 0, 0
19300, 5334, 0, 0, 0
19301, 11485, 1, 0, 0
19400, 4744, 0, 0, 0
19401, 11834, 1, 0, 0
19500, 4759, 0, 0, 0
19500, 10687, 1, 0, 0
19601, 4944, 0, 0, 0
19603, 13007, 1, 0, 0
19700, 5130, 0, 0, 0
19703, 11131, 1, 0, 0
19800, 12050, 1, 0, 0
19801, 4887, 0, 0, 0
19900, 4630, 0, 0, 0
19901, 11549, 1, 0, 0
20000, 4460, 0, 0, 0
20000, 11087, 1, 0, 0
20100, 4816, 0, 0, 0
20101, 11103, 1, 0, 0
20200, 4688, 0, 0, 0
20201, 11661, 1, 0, 0
20300, 11813, 1, 0, 0
20304, 4628, 0, 0, 0
20401, 5166, 0, 0, 0
20401, 11348, 1, 0, 0
20500, 5073, 0, 0, 0
20502, 11420, 1, 0, 0
20773, 12692, 1, 0, 0
20776, 5172, 0, 0, 0
20800, 4768, 0, 0, 0
20804, 10003, 1, 0, 0
20900, 4914, 0, 0, 0
20901, 10905, 1, 0, 0
21000, 4689, 0, 0, 0
21001, 11380, 1, 0, 0
21100, 5329, 0, 0, 0
21100, 11319, 1, 0, 0
21200, 4788, 0, 0, 0
21201, 12100, 1, 0, 0
21301, 4892, 0, 0, 0
21302, 11545, 1, 0, 0
21400, 10483, 1, 0, 0
21403, 4745, 0, 0, 0
21500, 4694, 0, 0, 0
21501, 11210, 1, 0, 0
21601, 5363, 0, 0, 0
21601, 11223, 1, 0, 0
21700, 4812, 0, 0, 0
21701, 11663, 1, 0, 0
21800, 11634, 1, 0, 0
21801, 5350, 0, 0, 0
21900, 5327, 0, 0, 0
21901, 11622, 1, 0, 0
22000, 10954, 1, 0, 0
22002, 4668, 0, 0, 0
22100, 5106, 0, 0, 0
22101, 11510, 1, 0, 0
22200, 4947, 0, 0, 0
22201, 10637, 1, 0, 0
22301, 5349, 0, 0, 0
22302, 12013, 1, 0, 0
22400, 10728, 1, 0, 0
22401, 5121, 0, 0, 0
22500, 5018, 0, 0, 0
22501, 10918, 1, 0, 0
22600, 11591, 1, 0, 0
22603, 5281, 0, 0, 0
22700, 11269, 1, 0, 0
22703, 5266, 0, 0, 0
22800, 11872, 1, 0, 0
22801, 5556, 0, 0, 0
22900, 4746, 0, 0, 0
22900, 11093, 1, 0, 0
23000, 11650, 1, 0, 0
23001, 4815, 0, 0, 0
23100, 11126, 1, 0, 0
23101, 4887, 0, 0, 0
23200, 4619, 0, 0, 0
23204, 10758, 1, 0, 0
23300, 5383, 0, 0, 0
23301, 11619, 1, 0, 0
23400, 4952, 0, 0, 0
23402, 12196, 1, 0, 0
23500, 5141, 0, 0, 0
23500, 12178, 1, 0, 0
23601, 5643, 0, 0, 0
23601, 12101, 1, 0, 0
23700, 4823, 0, 0, 0
23703, 10780, 1, 0, 0
23801, 4808, 0, 0, 0
23802, 11425, 1, 0, 0
23900, 5007, 0, 0, 0
23902, 9474, 1, 0, 0
24000, 5000, 0, 0, 0
24002, 11517, 1, 0, 0
24100, 4729, 0, 0, 0
24101, 10702, 1, 0, 0
24200, 4724, 0, 0, 0
24201, 11756, 1, 0, 0
24300, 5237, 0, 0, 0
24302, 11669, 1, 0, 0
24400, 4354, 0, 0, 0
24404, 11363, 1, 0, 0
24500, 4443, 0, 0, 0
24500, 11143, 1, 0, 0
24600, 4809, 0, 0, 0
24600, 11604, 1, 0, 0
24700, 10944, 1, 0, 0
24704, 5062, 0, 0, 0
24800, 5191, 0, 0, 0
24802, 10966, 1, 0, 0
24901, 10827, 1, 0, 0
24902, 4951, 0, 0, 0
25000, 4705, 0, 0, 0
25000, 10355, 1, 0, 0
25100, 4962, 0, 0, 0
25100, 10800, 1, 0, 0
25200, 4593, 0, 0, 0
25200, 11620, 1, 0, 0
25300, 4837, 0, 0, 0
25300, 11804, 1, 0, 0
25400, 11458, 1, 0, 0
25401, 5138, 0, 0, 0
25500, 5063, 0, 0, 0
25501, 11291, 1, 0, 0
25600, 11506, 1, 0, 0
25604, 5003, 0, 0, 0
25700, 4838, 0, 0, 0
25701, 10816, 1, 0, 0
25800, 5212, 0, 0, 0
25801, 12014, 1, 0, 0
25900, 5126, 0, 0, 0
25901, 10868, 1, 0, 0
26000, 5153, 0, 0, 0
26001, 11296, 1, 0, 0
26100, 5300, 0, 0, 0
26100, 11886, 1, 0, 0
26201, 12241, 1, 0, 0
26202, 5003, 0, 0, 0
26301, 4860, 0, 0, 0
26302, 11025, 1, 0, 0
26400, 12632, 1, 0, 0
26401, 5160, 0, 0, 0
26500, 10457, 1, 0, 0
26502, 4985, 0, 0, 0
26600, 5044, 0, 0, 0
26601, 11065, 1, 0, 0
26701, 4814, 0, 0, 0
26702, 12140, 1, 0, 0
26800, 5000, 0, 0, 0
26800, 10635, 1, 0, 0
26900, 4696, 0, 0, 0
26901, 10747, 1, 0, 0
27000, 5227, 0, 0, 0
27004, 10988, 1, 0, 0
27100, 4717, 0, 0, 0
27101, 11405, 1, 0, 0
27200, 5361, 0, 0, 0
27200, 11516, 1, 0, 0
27301, 4949, 0, 0, 0
27303, 11926, 1, 0, 0
27400, 4326, 0, 0, 0
27401, 10687, 1, 0, 0
27501, 5083, 0, 0, 0
27501, 12528, 1, 0, 0
27600, 4688, 0, 0, 0
27600, 11994, 1, 0, 0
27700, 4854, 0, 0, 0
27700, 12334, 1, 0, 0
27800, 4388, 0, 0, 0
27801, 12819, 1, 0, 0
27900, 5064, 0, 0, 0
27901, 11237, 1, 0, 0
28000, 10828, 1, 0, 0
28001, 4747, 0, 0, 0
28100, 4382, 0, 0, 0
28100, 10427, 1, 0, 0
28200, 4958, 0, 0, 0
28202, 11280, 1, 0, 0
28300, 5156, 0, 0, 0
28300, 11411, 1, 0, 0
28400, 4609, 0, 0, 0
28401, 12083, 1, 0, 0
28501, 5068, 0, 0, 0
28505, 11208, 1, 0, 0
28600, 4801, 0, 0, 0
28603, 11458, 1, 0, 0
28700, 11372, 1, 0, 0
28703, 4867, 0, 0, 0
28800, 5436, 0, 0, 0
28804, 11837, 1, 0, 0
28900, 4672, 0, 0, 0
28900, 11155, 1, 0, 0
29000, 4932, 0, 0, 0
29001, 11309, 1, 0, 0
29100, 4881, 0, 0, 0
29102, 11727, 1, 0, 0
29203, 4891, 0, 0, 0
29204, 12053, 1, 0, 0
29300, 4713, 0, 0, 0
29300, 9624, 1, 0, 0
29400, 5308, 0, 0, 0
29401, 11282, 1, 0, 0
29501, 4693, 0, 0, 0
29501, 11391, 1, 0, 0
29600, 13072, 1, 0, 0
29601, 4697, 0, 0, 0
29701, 5056, 0, 0, 0
29702, 11489, 1, 0, 0
29800, 11294, 1, 0, 0
29801, 5142, 0, 0, 0
29900, 12298, 1, 0, 0
29902, 4938, 0, 0, 0
30000, 4749, 0, 0, 0
30002, 10674, 1, 0, 0
30100, 4979, 0, 0, 0
30102, 10145, 1, 0, 0
30200, 5118, 0, 0, 0
30202, 11340, 1, 0, 0
30300, 4813, 0, 0, 0
30301, 11033, 1, 0, 0
30400, 11490, 1, 0, 0
30401, 4684, 0, 0, 0
30500, 10341, 1, 0, 0
30502, 5153, 0, 0, 0
30600, 4831, 0, 0, 0
30604, 11501, 1, 0, 0
30701, 4881, 0, 0, 0
30702, 11846, 1, 0, 0
30800, 10866, 1, 0, 0
30801, 4583, 0, 0, 0
30900, 11841, 1, 0, 0
30904, 4630, 0, 0, 0
31000, 4722, 0, 0, 0
31004, 10230, 1, 0, 0
31100, 4809, 0, 0, 0
31100, 10853, 1, 0, 0
31200, 5001, 0, 0, 0
31201, 11813, 1, 0, 0
31300, 5034, 0, 0, 0
31301, 11184, 1, 0, 0
31401, 5174, 0, 0, 0
31401, 11486, 1, 0, 0
31500, 11959, 1, 0, 0
31501, 5225, 0, 0, 0
31600, 4859, 0, 0, 0
31601, 10854, 1, 0, 0
31700, 4931, 0, 0, 0
31703, 11198, 1, 0, 0
31800, 4629, 0, 0, 0
31800, 10747, 1, 0, 0
31900, 4766, 0, 0, 0
31901, 11414, 1, 0, 0
32000, 5245, 0, 0, 0
32000, 11346, 1, 0, 0
32100, 4452, 0, 0, 0
32101, 11183, 1, 0, 0
32200, 4678, 0, 0, 0
32201, 10610, 1, 0, 0
32301, 5017, 0, 0, 0
32303, 11421, 1, 0, 0
32400, 11013, 1, 0, 0
32401, 4266, 0, 0, 0
32500, 4497, 0, 0, 0
32501, 10610, 1, 0, 0
32600, 4452, 0, 0, 0
32604, 11401, 1, 0, 0
32700, 5070, 0, 0, 0
32701, 10836, 1, 0, 0
32800, 5047, 0, 0, 0
32802, 11475, 1, 0, 0
32900, 5169, 0, 0, 0
32902, 10757, 1, 0, 0
33000, 4613, 0, 0, 0
33002, 11384, 1, 0, 0
33101, 11092, 1, 0, 0
33102, 5337, 0, 0, 0
33200, 10756, 1, 0, 0
33201, 4147, 0, 0, 0
33300, 4991, 0, 0, 0
33300, 11259, 1, 0, 0
33400, 10907, 1, 0, 0
33401, 5016, 0, 0, 0
33500, 5024, 0, 0, 0
33502, 11016, 1, 0, 0
33600, 11704, 1, 0, 0
33602, 4742, 0, 0, 0
33700, 10616, 1, 0, 0
33703, 4864, 0, 0, 0
33800, 11743, 1, 0, 0
33801, 4946, 0, 0, 0
33900, 4636, 0, 0, 0
33901, 11448, 1, 0, 0
34000, 11570, 1, 0, 0
34001, 4933, 0, 0, 0
34100, 5090, 0, 0, 0
34100, 12249, 1, 0, 0
34200, 4772, 0, 0, 0
34204, 12287, 1, 0, 0
34300, 4894, 0, 0, 0
34300, 11808, 1, 0, 0
34400, 5017, 0, 0, 0
34402, 11561, 1, 0, 0
34500, 4834, 0, 0, 0
34501, 11359, 1, 0, 0
34600, 11744, 1, 0, 0
34604, 4692, 0, 0, 0
34700, 4638, 0, 0, 0
34700, 11504, 1, 0, 0
34800, 11182, 1, 0, 0
34804, 4934, 0, 0, 0
34900, 5338, 0, 0, 0
34903, 11668, 1, 0, 0
35001, 10978, 1, 0, 0
35002, 4932, 0, 0, 0
35100, 4939, 0, 0, 0
35102, 11778, 1, 0, 0
35201, 11951, 1, 0, 0
35202, 4817, 0, 0, 0
35300, 10875, 1, 0, 0
35303, 4981, 0, 0, 0
35401, 4785, 0, 0, 0
35401, 10887, 1, 0, 0
35574, 11992, 1, 0, 0
35575, 4876, 0, 0, 0
35600, 4839, 0, 0, 0
35602, 13202, 1, 0, 0
35700, 4687, 0, 0, 0
35701, 10920, 1, 0, 0
35800, 4962, 0, 0, 0
35803, 11932, 1, 0, 0
35901, 5052, 0, 0, 0
35901, 11216, 1, 0, 0
36000, 11444, 1, 0, 0
36001, 4447, 0, 0, 0
36100, 11274, 1, 0, 0
36102, 4986, 0, 0, 0
36200, 4637, 0, 0, 0
36202, 11109, 1, 0, 0
36300, 11192, 1, 0, 0
36301, 4700, 0, 0, 0
36400, 11201, 1, 0, 0
36401, 4758, 0, 0, 0
36500, 4482, 0, 0, 0
36501, 11559, 1, 0, 0
36600, 11832, 1, 0, 0
36602, 4859, 0, 0, 0
36701, 11381, 1, 0, 0
36702, 4921, 0, 0, 0
36801, 5417, 0, 0, 0
36802, 11473, 1, 0, 0
36900, 4917, 0, 0, 0
36901, 11539, 1, 0, 0
37000, 11541, 1, 0, 0
37001, 5054, 0, 0, 0
37100, 5211, 0, 0, 0
37101, 12477, 1, 0, 0
37200, 4828, 0, 0, 0
37200, 12252, 1, 0, 0
37300, 4842, 0, 0, 0
37301, 12466, 1, 0, 0
37400, 4767, 0, 0, 0
37400, 11437, 1, 0, 0
37500, 11430, 1, 0, 0
37502, 5160, 0, 0, 0
37600, 12359, 1, 0, 0
37601, 5325, 0, 0, 0
37701, 12115, 1, 0, 0
37702, 5124, 0, 0, 0
37801, 10886, 1, 0, 0
37802, 4911, 0, 0, 0
37900, 5192, 0, 0, 0
37901, 11376, 1, 0, 0
38000, 4918, 0, 0, 0
38004, 11467, 1, 0, 0
38100, 4802, 0, 0, 0
38101, 12094, 1, 0, 0
38201, 11390, 1, 0, 0
38203, 4568, 0, 0, 0
38300, 5125, 0, 0, 0
38301, 11977, 1, 0, 0
38401, 4626, 0, 0, 0
38402, 11623, 1, 0, 0
38500, 4831, 0, 0, 0
38501, 10990, 1, 0, 0
38600, 5134, 0, 0, 0
38601, 11209, 1, 0, 0
38700, 12881, 1, 0, 0
38701, 5232, 0, 0, 0
38800, 4791, 0, 0, 0
38800, 10865, 1, 0, 0
38900, 4797, 0, 0, 0
38901, 10922, 1, 0, 0
39000, 4655, 0, 0, 0
39002, 11543, 1, 0, 0
39100, 11522, 1, 0, 0
39102, 4754, 0, 0, 0
39200, 10683, 1, 0, 0
39201, 5153, 0, 0, 0
39300, 5183, 0, 0, 0
39300, 11253, 1, 0, 0
39400, 4953, 0, 0, 0
39401, 10888, 1, 0, 0
39500, 5381, 0, 0, 0
39501, 11717, 1, 0, 0
39600, 10925, 1, 0, 0
39603, 5417, 0, 0, 0
39700, 5256, 0, 0, 0
39700, 12120, 1, 0, 0
39800, 11355, 1, 0, 0
39803, 4344, 0, 0, 0
39901, 4901, 0, 0, 0
39902, 11203, 1, 0, 0
40000, 5118, 0, 0, 0
40000, 11791, 1, 0, 0
40100, 11426, 1, 0, 0
40103, 5117, 0, 0, 0
40201, 4691, 0, 0, 0
40203, 11630, 1, 0, 0
40300, 6074, 0, 0, 0
40300, 11878, 1, 0, 0
40400, 5259, 0, 0, 0
40402, 10546, 1, 0, 0
40500, 4937, 0, 0, 0
40502, 11851, 1, 0, 0
40601, 5144, 0, 0, 0
40601, 11700, 1, 0, 0
40700, 4801, 0, 0, 0
40702, 11531, 1, 0, 0
40800, 4675, 0, 0, 0
40801, 11088, 1, 0, 0
40900, 4921, 0, 0, 0
40900, 11292, 1, 0, 0
41000, 4985, 0, 0, 0
41002, 11776, 1, 0, 0
41100, 10824, 1, 0, 0
41101, 4576, 0, 0, 0
41200, 4415, 0, 0, 0
41201, 11219, 1, 0, 0
41300, 4875, 0, 0, 0
41301, 10831, 1, 0, 0
41400, 4935, 0, 0, 0
41400, 10813, 1, 0, 0
41500, 4482, 0, 0, 0
41501, 11442, 1, 0, 0
41600, 5271, 0, 0, 0
41601, 11163, 1, 0, 0
41700, 11463, 1, 0, 0
41701, 4526, 0, 0, 0
41801, 4768, 0, 0, 0
41802, 11731, 1, 0, 0
41901, 5078, 0, 0, 0
41902, 11913, 1, 0, 0
42000, 5015, 0, 0, 0
42004, 12527, 1, 0, 0
42100, 12135, 1, 0, 0
42104, 5466, 0, 0, 0
42200, 4653, 0, 0, 0
42200, 10949, 1, 0, 0
42300, 4762, 0, 0, 0
42300, 11001, 1, 0, 0
42400, 10962, 1, 0, 0
42402, 4663, 0, 0, 0
42500, 11654, 1, 0, 0
42501, 4879, 0, 0, 0
42600, 4633, 0, 0, 0
42600, 12120, 1, 0, 0
42701, 11299, 1, 0, 0
42702, 4736, 0, 0, 0
42800, 4829, 0, 0, 0
42801, 11822, 1, 0, 0
42901, 11082, 1, 0, 0
42902, 5233, 0, 0, 0
43000, 5276, 0, 0, 0
43001, 10834, 1, 0, 0
43101, 10455, 1, 0, 0
43104, 4958, 0, 0, 0
43200, 4841, 0, 0, 0
43202, 10896, 1, 0, 0
43300, 5085, 0, 0, 0
43301, 11160, 1, 0, 0
43400, 11573, 1, 0, 0
43403, 4177, 0, 0, 0
43500, 5396, 0, 0, 0
43503, 11690, 1, 0, 0
43600, 11300, 1, 0, 0
43601, 5088, 0, 0, 0
43700, 4871, 0, 0, 0
43701, 12044, 1, 0, 0
43801, 4906, 0, 0, 0
43802, 11323, 1, 0, 0
43900, 5118, 0, 0, 0
43901, 11817, 1, 0, 0
44000, 11987, 1, 0, 0
44002, 4919, 0, 0, 0
44100, 5166, 0, 0, 0
44101, 12486, 1, 0, 0
44200, 11248, 1, 0, 0
44207, 5616, 0, 0, 0
44301, 4755, 0, 0, 0
44301, 11400, 1, 0, 0
44400, 4962, 0, 0, 0
44402, 11730, 1, 0, 0
44501, 12190, 1, 0, 0
44502, 5205, 0, 0, 0
44600, 4916, 0, 0, 0
44602, 12380, 1, 0, 0
44700, 5269, 0, 0, 0
44702, 11223, 1, 0, 0
44800, 10977, 1, 0, 0
44801, 4780, 0, 0, 0
44900, 5097, 0, 0, 0
44901, 10918, 1, 0, 0
45001, 5380, 0, 0, 0
45001, 11492, 1, 0, 0
45100, 4486, 0, 0, 0
45102, 10969, 1, 0, 0
45200, 4949, 0, 0, 0
45201, 11213, 1, 0, 0
45300, 5085, 0, 0, 0
45301, 10685, 1, 0, 0
45400, 11152, 1, 0, 0
45404, 4890, 0, 0, 0
45500, 11894, 1, 0, 0
45501, 4971, 0, 0, 0
45601, 4560, 0, 0, 0
45604, 10517, 1, 0, 0
45700, 4507, 0, 0, 0
45701, 10741, 1, 0, 0
45801, 5419, 0, 0, 0
45802, 11714, 1, 0, 0
45900, 5203, 0, 0, 0
45900, 11806, 1, 0, 0
46000, 11235, 1, 0, 0
46001, 4689, 0, 0, 0
46100, 4510, 0, 0, 0
46102, 11997, 1, 0, 0
46200, 11806, 1, 0, 0
46201, 4798, 0, 0, 0
46300, 10791, 1, 0, 0
46302, 4492, 0, 0, 0
46400, 4935, 0, 0, 0
46400, 11114, 1, 0, 0
46500, 5031, 0, 0, 0
46503, 11005, 1, 0, 0
46600, 4743, 0, 0, 0
46600, 11665, 1, 0, 0
46700, 11568, 1, 0, 0
46703, 4976, 0, 0, 0
46800, 4878, 0, 0, 0
46800, 11660, 1, 0, 0
46900, 10966, 1, 0, 0
46901, 5105, 0, 0, 0
47000, 11403, 1, 0, 0
47002, 4813, 0, 0, 0
47100, 5194, 0, 0, 0
47103, 11461, 1, 0, 0
47200, 12612, 1, 0, 0
47201, 5049, 0, 0, 0
47300, 4863, 0, 0, 0
47301, 11270, 1, 0, 0
47401, 10656, 1, 0, 0
47402, 4768, 0, 0, 0
47501, 4707, 0, 0, 0
47505, 11451, 1, 0, 0
47600, 9897, 1, 0, 0
47601, 4499, 0, 0, 0
47701, 4781, 0, 0, 0
47701, 12272, 1, 0, 0
47800, 11083, 1, 0, 0
47801, 5082, 0, 0, 0
47900, 4612, 0, 0, 0
47900, 10573, 1, 0, 0
48000, 4941, 0, 0, 0
48000, 10771, 1, 0, 0
48100, 4489, 0, 0, 0
48102, 11954, 1, 0, 0
48201, 4926, 0, 0, 0
48202, 12230, 1, 0, 0
48300, 5477, 0, 0, 0
48300, 11202, 1, 0, 0
48400, 5118, 0, 0, 0
48401, 11903, 1, 0, 0
48501, 5040, 0, 0, 0
48501, 13005, 1, 0, 0
48600, 11503, 1, 0, 0
48602, 5233, 0, 0, 0
48700, 4833, 0, 0, 0
48701, 11346, 1, 0, 0
48800, 4545, 0, 0, 0
48801, 11375, 1, 0, 0
48900, 11657, 1, 0, 0
48901, 4701, 0, 0, 0
49000, 10757, 1, 0, 0
49002, 5065, 0, 0, 0
49100, 4877, 0, 0, 0
49100, 12008, 1, 0, 0
49200, 11985, 1, 0, 0
49201, 4824, 0, 0, 0
49301, 5027, 0, 0, 0
49302, 10255, 1, 0, 0
49400, 4839, 0, 0, 0
49400, 11624, 1, 0, 0
49501, 5102, 0, 0, 0
49505, 11068, 1, 0, 0
49600, 5005, 0, 0, 0
49601, 10879, 1, 0, 0
49700, 5259, 0, 0, 0
49701, 11838, 1, 0, 0
49800, 4839, 0, 0, 0
49801, 10775, 1, 0, 0
49900, 4770, 0, 0, 0
49900, 10885, 1, 0, 0
50058, 10399, 1, 0, 0
50059, 7043, 0, 0, 0
50100, 5217, 0, 0, 0
50101, 11626, 1, 0, 0
50200, 4860, 0, 0, 0
50200, 11179, 1, 0, 0
50300, 4750, 0, 0, 0
50300, 12229, 1, 0, 0
50400, 4661, 0, 0, 0
50400, 11072, 1, 0, 0
50500, 4842, 0, 0, 0
50500, 10656, 1, 0, 0
50600, 4592, 0, 0, 0
50600, 10665, 1, 0, 0
50700, 10285, 1, 0, 0
50701, 5029, 0, 0, 0
50800, 5883, 0, 0, 0
50800, 11418, 1, 0, 0
50900, 4959, 0, 0, 0
50901, 11182, 1, 0, 0
51000, 11470, 1, 0, 0
51003, 4367, 0, 0, 0
51100, 5093, 0, 0, 0
51101, 11457, 1, 0, 0
51200, 4817, 0, 0, 0
51200, 11873, 1, 0, 0
51300, 5066, 0, 0, 0
51301, 11839, 1, 0, 0
51400, 12552, 1, 0, 0
51401, 5007, 0, 0, 0
51500, 10279, 1, 0, 0
51504, 4891, 0, 0, 0
51600, 11541, 1, 0, 0
51603, 4562, 0, 0, 0
51700, 11689, 1, 0, 0
51703, 4541, 0, 0, 0
51800, 4934, 0, 0, 0
51801, 10657, 1, 0, 0
51900, 4931, 0, 0, 0
51903, 11926, 1, 0, 0
52000, 5181, 0, 0, 0
52001, 11530, 1, 0, 0
52100, 5150, 0, 0, 0
52101, 11055, 1, 0, 0
52200, 5057, 0, 0, 0
52200, 11433, 1, 0, 0
52301, 5451, 0, 0, 0
52301, 11987, 1, 0, 0
52400, 4825, 0, 0, 0
52401, 10671, 1, 0, 0
52500, 4810, 0, 0, 0
52502, 11555, 1, 0, 0
52601, 4939, 0, 0, 0
52602, 11161, 1, 0, 0
52701, 4564, 0, 0, 0
52702, 11419, 1, 0, 0
52801, 12247, 1, 0, 0
52805, 5602, 0, 0, 0
52901, 10559, 1, 0, 0
52902, 4239, 0, 0, 0
53000, 5237, 0, 0, 0
53005, 11171, 1, 0, 0
53100, 4877, 0, 0, 0
53101, 10094, 1, 0, 0
53200, 4766, 0, 0, 0
53201, 11150, 1, 0, 0
53300, 5168, 0, 0, 0
53300, 11120, 1, 0, 0
53400, 4948, 0, 0, 0
53404, 11302, 1, 0, 0
53500, 11427, 1, 0, 0
53504, 4934, 0, 0, 0
53600, 11372, 1, 0, 0
53601, 5200, 0, 0, 0
53700, 4507, 0, 0, 0
53701, 10058, 1, 0, 0
53801, 4522, 0, 0, 0
53801, 10861, 1, 0, 0
53900, 10625, 1, 0, 0
53901, 4932, 0, 0, 0
54000, 10691, 1, 0, 0
54004, 4482, 0, 0, 0
54100, 5297, 0, 0, 0
54100, 11398, 1, 0, 0
54201, 11994, 1, 0, 0
54202, 5193, 0, 0, 0
54300, 5393, 0, 0, 0
54300, 11098, 1, 0, 0
54400, 5410, 0, 0, 0
54401, 11695, 1, 0, 0
54500, 11466, 1, 0, 0
54502, 4975, 0, 0, 0
54600, 10720, 1, 0, 0
54601, 4637, 0, 0, 0
54700, 10219, 1, 0, 0
54701, 4660, 0, 0, 0
54800, 10537, 1, 0, 0
54801, 4812, 0, 0, 0
54900, 4845, 0, 0, 0
54901, 11704, 1, 0, 0
55000, 4513, 0, 0, 0
55000, 11141, 1, 0, 0
55100, 5167, 0, 0, 0
55100, 11224, 1, 0, 0
55200, 4975, 0, 0, 0
55204, 11382, 1, 0, 0
55300, 5340, 0, 0, 0
55302, 12159, 1, 0, 0
55400, 5397, 0, 0, 0
55401, 11197, 1, 0, 0
55500, 5263, 0, 0, 0
55503, 10964, 1, 0, 0
55600, 5107, 0, 0, 0
55600, 11142, 1, 0, 0
55700, 10894, 1, 0, 0
55703, 4834, 0, 0, 0
55800, 4959, 0, 0, 0
55800, 10690, 1, 0, 0
55900, 12329, 1, 0, 0
55901, 5159, 0, 0, 0
56000, 11343, 1, 0, 0
56001, 5124, 0, 0, 0
56100, 11965, 1, 0, 0
56106, 5187, 0, 0, 0
56200, 4798, 0, 0, 0
56200, 11511, 1, 0, 0
56300, 11404, 1, 0, 0
56302, 5196, 0, 0, 0
56400, 4994, 0, 0, 0
56400, 11366, 1, 0, 0
56501, 4509, 0, 0, 0
56503, 11261, 1, 0, 0
56600, 4953, 0, 0, 0
56601, 10826, 1, 0, 0
56700, 4968, 0, 0, 0
56701, 12011, 1, 0, 0
56801, 10941, 1, 0, 0
56802, 4829, 0, 0, 0
56902, 4923, 0, 0, 0
56906, 11249, 1, 0, 0
57000, 4839, 0, 0, 0
57000, 11433, 1, 0, 0
57100, 4729, 0, 0, 0
57101, 11902, 1, 0, 0
57200, 4765, 0, 0, 0
57202, 11414, 1, 0, 0
57300, 11527, 1, 0, 0
57302, 4310, 0, 0, 0
57400, 11526, 1, 0, 0
57404, 5245, 0, 0, 0
57500, 4942, 0, 0, 0
57501, 11260, 1, 0, 0
57600, 4911, 0, 0, 0
57602, 11284, 1, 0, 0
57701, 11012, 1, 0, 0
57702, 5207, 0, 0, 0
57801, 11805, 1, 0, 0
57802, 4775, 0, 0, 0
57900, 4616, 0, 0, 0
57901, 11394, 1, 0, 0
58000, 4866, 0, 0, 0
58003, 10859, 1, 0, 0
58100, 5375, 0, 0, 0
58100, 11378, 1, 0, 0
58200, 4709, 0, 0, 0
58200, 11583, 1, 0, 0
58300, 5015, 0, 0, 0
58300, 12356, 1, 0, 0
58401, 4731, 0, 0, 0
58402, 10978, 1, 0, 0
58501, 10628, 1, 0, 0
58502, 4563, 0, 0, 0
58600, 5204, 0, 0, 0
58601, 11924, 1, 0, 0
58700, 4519, 0, 0, 0
58700, 11698, 1, 0, 0
58801, 4942, 0, 0, 0
58803, 11653, 1, 0, 0
58900, 11381, 1, 0, 0
58901, 4752, 0, 0, 0
59000, 5057, 0, 0, 0
59001, 11171, 1, 0, 0
59100, 4808, 0, 0, 0
59100, 10010, 1, 0, 0
59200, 4727, 0, 0, 0
59201, 10694, 1, 0, 0
59300, 5041, 0, 0, 0
59300, 11277, 1, 0, 0
59400, 5330, 0, 0, 0
59401, 11097, 1, 0, 0
59500, 4684, 0, 0, 0
59502, 10410, 1, 0, 0
59600, 5044, 0, 0, 0
59600, 12273, 1, 0, 0
59700, 4806, 0, 0, 0
59701, 11479, 1, 0, 0
59800, 12453, 1, 0, 0
59801, 5557, 0, 0, 0
59900, 5084, 0, 0, 0
59900, 11615, 1, 0, 0
60001, 4971, 0, 0, 0
60001, 12208, 1, 0, 0
60100, 5086, 0, 0, 0
60103, 12587, 1, 0, 0
60200, 5235, 0, 0, 0
60201, 11469, 1, 0, 0
60301, 5108, 0, 0, 0
60301, 11381, 1, 0, 0
60400, 4888, 0, 0, 0
60401, 10990, 1, 0, 0
60500, 5099, 0, 0, 0
60500, 11163, 1, 0, 0
60600, 4504, 0, 0, 0
60600, 11349, 1, 0, 0
60700, 4989, 0, 0, 0
60702, 12177, 1, 0, 0
60801, 5213, 0, 0, 0
60803, 11617, 1, 0, 0
60900, 5486, 0, 0, 0
60900, 11119, 1, 0, 0
61000, 11768, 1, 0, 0
61001, 5105, 0, 0, 0
61100, 5084, 0, 0, 0
61101, 11985, 1, 0, 0
61200, 11588, 1, 0, 0
61202, 4666, 0, 0, 0
61300, 4849, 0, 0, 0
61303, 10849, 1, 0, 0
61400, 11308, 1, 0, 0
61403, 4965, 0, 0, 0
61500, 4722, 0, 0, 0
61500, 11489, 1, 0, 0
61601, 5001, 0, 0, 0
61603, 12136, 1, 0, 0
61700, 10911, 1, 0, 0
61701, 5197, 0, 0, 0
61800, 10471, 1, 0, 0
61801, 4628, 0, 0, 0
61900, 4863, 0, 0, 0
61900, 11381, 1, 0, 0
62000, 4842, 0, 0, 0
62002, 11490, 1, 0, 0
62101, 4554, 0, 0, 0
62102, 10993, 1, 0, 0
62200, 4996, 0, 0, 0
62202, 11278, 1, 0, 0
62300, 4709, 0, 0, 0
62301, 10560, 1, 0, 0
62400, 11638, 1, 0, 0
62402, 5164, 0, 0, 0
62500, 11378, 1, 0, 0
62503, 4950, 0, 0, 0
62600, 5269, 0, 0, 0
62602, 11128, 1, 0, 0
62700, 4535, 0, 0, 0
62701, 11023, 1, 0, 0
62801, 4339, 0, 0, 0
62801, 11262, 1, 0, 0
62900, 5010, 0, 0, 0
62901, 11956, 1, 0, 0
63000, 11322, 1, 0, 0
63002, 4308, 0, 0, 0
63100, 4864, 0, 0, 0
63101, 11652, 1, 0, 0
63200, 10796, 1, 0, 0
63202, 4759, 0, 0, 0
63300, 4790, 0, 0, 0
63300, 11973, 1, 0, 0
63400, 5061, 0, 0, 0
63400, 11879, 1, 0, 0
63500, 4570, 0, 0, 0
63501, 11855, 1, 0, 0
63600, 4868, 0, 0, 0
63603, 11291, 1, 0, 0
63702, 11113, 1, 0, 0
63703, 4532, 0, 0, 0
63801, 10688, 1, 0, 0
63804, 5043, 0, 0, 0
63900, 4988, 0, 0, 0
63901, 10619, 1, 0, 0
64000, 4684, 0, 0, 0
64001, 12127, 1, 0, 0
64100, 4885, 0, 0, 0
64101, 11336, 1, 0, 0
64200, 5200, 0, 0, 0
64200, 10996, 1, 0, 0
64302, 11599, 1, 0, 0
64304, 5351, 0, 0, 0
64504, 10987, 1, 0, 0
64505, 4335, 0, 0, 0
64600, 4883, 0, 0, 0
64601, 11335, 1, 0, 0
64700, 4925, 0, 0, 0
64700, 11350, 1, 0, 0
64801, 4622, 0, 0, 0
64802, 11837, 1, 0, 0
64900, 5089, 0, 0, 0
64901, 11596, 1, 0, 0
65000, 5441, 0, 0, 0
65002, 11672, 1, 0, 0
65100, 4612, 0, 0, 0
65100, 10734, 1, 0, 0
65201, 4784, 0, 0, 0
65202, 11811, 1, 0, 0
65300, 5219, 0, 0, 0
65302, 11459, 1, 0, 0
65400, 5620, 0, 0, 0
65401, 12089, 1, 0, 0
65500, 11348, 1, 0, 0
65501, 4876, 0, 0, 0
65600, 11194, 1, 0, 0
65601, 4457, 0, 0, 0
65700, 11365, 1, 0, 0
65701, 5035, 0, 0, 0
65800, 4433, 0, 0, 0
65801, 11329, 1, 0, 0
65901, 5048, 0, 0, 0
65901, 12334, 1, 0, 0
66000, 11831, 1, 0, 0
66004, 4687, 0, 0, 0
66101, 4854, 0, 0, 0
66103, 10849, 1, 0, 0
66200, 11270, 1, 0, 0
66203, 5454, 0, 0, 0
66300, 4595, 0, 0, 0
66301, 11357, 1, 0, 0
66401, 4886, 0, 0, 0
66401, 11548, 1, 0, 0
66501, 5623, 0, 0, 0
66503, 12028, 1, 0, 0
66601, 5638, 0, 0, 0
66601, 11120, 1, 0, 0
66700, 11403, 1, 0, 0
66703, 5074, 0, 0, 0
66800, 5117, 0, 0, 0
66801, 10886, 1, 0, 0
66900, 4971, 0, 0, 0
66901, 11860, 1, 0, 0
67000, 4974, 0, 0, 0
67002, 12159, 1, 0, 0
67100, 4802, 0, 0, 0
67100, 11943, 1, 0, 0
67200, 5329, 0, 0, 0
67200, 11857, 1, 0, 0
67300, 12301, 1, 0, 0
67301, 5172, 0, 0, 0
67400, 5413, 0, 0, 0
67401, 11635, 1, 0, 0
67500, 5150, 0, 0, 0
67502, 12278, 1, 0, 0
67600, 4400, 0, 0, 0
67604, 10598, 1, 0, 0
67700, 11904, 1, 0, 0
67702, 4963, 0, 0, 0
67800, 5316, 0, 0, 0
67800, 11519, 1, 0, 0
67900, 5133, 0, 0, 0
67900, 11402, 1, 0, 0
68000, 4470, 0, 0, 0
68003, 10586, 1, 0, 0
68103, 4746, 0, 0, 0
68103, 11834, 1, 0, 0
68200, 11800, 1, 0, 0
68202, 4671, 0, 0, 0
68301, 4551, 0, 0, 0
68302, 12060, 1, 0, 0
68400, 4836, 0, 0, 0
68405, 10682, 1, 0, 0
68500, 4549, 0, 0, 0
68500, 10851, 1, 0, 0
68600, 11624, 1, 0, 0
68601, 4904, 0, 0, 0
68700, 4993, 0, 0, 0
68700, 11538, 1, 0, 0
68800, 12629, 1, 0, 0
68809, 5251, 0, 0, 0
68900, 4838, 0, 0, 0
68901, 12024, 1, 0, 0
69001, 5156, 0, 0, 0
69001, 11401, 1, 0, 0
69100, 11484, 1, 0, 0
69103, 5088, 0, 0, 0
69200, 4759, 0, 0, 0
69203, 11613, 1, 0, 0
69300, 5506, 0, 0, 0
69300, 11461, 1, 0, 0
69400, 4510, 0, 0, 0
69400, 12471, 1, 0, 0
69500, 5293, 0, 0, 0
69500, 11282, 1, 0, 0
69600, 5279, 0, 0, 0
69601, 12203, 1, 0, 0
69700, 5157, 0, 0, 0
69701, 11444, 1, 0, 0
69800, 5244, 0, 0, 0
69802, 10627, 1, 0, 0
69901, 5154, 0, 0, 0
69901, 11642, 1, 0, 0
70000, 12082, 1, 0, 0
70001, 4859, 0, 0, 0
70100, 10618, 1, 0, 0
70103, 4679, 0, 0, 0
70200, 4606, 0, 0, 0
70201, 10660, 1, 0, 0
70300, 12217, 1, 0, 0
70301, 4941, 0, 0, 0
70400, 5555, 0, 0, 0
70401, 11452, 1, 0, 0
70500, 4897, 0, 0, 0
70501, 11363, 1, 0, 0
70600, 10505, 1, 0, 0
70602, 4883, 0, 0, 0
70700, 10898, 1, 0, 0
70710, 4686, 0, 0, 0
70800, 5080, 0, 0, 0
70801, 11854, 1, 0, 0
70900, 10912, 1, 0, 0
70902, 5361, 0, 0, 0
71000, 5020, 0, 0, 0
71001, 12395, 1, 0, 0
71100, 4325, 0, 0, 0
71100, 9856, 1, 0, 0
71201, 4683, 0, 0, 0
71202, 11028, 1, 0, 0
71300, 4890, 0, 0, 0
71301, 11156, 1, 0, 0
71401, 10068, 1, 0, 0
71403, 4894, 0, 0, 0
71500, 11748, 1, 0, 0
71501, 4967, 0, 0, 0
71600, 4401, 0, 0, 0
71603, 11153, 1, 0, 0
71700, 12146, 1, 0, 0
71705, 4702, 0, 0, 0
71801, 4840, 0, 0, 0
71801, 11758, 1, 0, 0
71900, 4839, 0, 0, 0
71901, 10469, 1, 0, 0
72000, 11295, 1, 0, 0
72001, 4102, 0, 0, 0
72100, 4500, 0, 0, 0
72101, 11410, 1, 0, 0
72201, 5136, 0, 0, 0
72202, 11873, 1, 0, 0
72300, 4759, 0, 0, 0
72300, 11314, 1, 0, 0
72401, 11780, 1, 0, 0
72402, 5020, 0, 0, 0
72500, 4891, 0, 0, 0
72500, 11875, 1, 0, 0
72600, 11224, 1, 0, 0
72601, 4688, 0, 0, 0
72701, 4972, 0, 0, 0
72703, 10475, 1, 0, 0
72800, 5209, 0, 0, 0
72801, 11919, 1, 0, 0
72901, 4944, 0, 0, 0
72902, 12115, 1, 0, 0
73000, 10297, 1, 0, 0
73001, 4800, 0, 0, 0
73100, 4909, 0, 0, 0
73102, 11011, 1, 0, 0
73200, 5214, 0, 0, 0
73205, 11174, 1, 0, 0
73300, 4720, 0, 0, 0
73300, 11598, 1, 0, 0
73400, 12152, 1, 0, 0
73401, 4842, 0, 0, 0
73500, 11295, 1, 0, 0
73502, 4981, 0, 0, 0
73600, 12547, 1, 0, 0
73601, 5308, 0, 0, 0
73700, 5208, 0, 0, 0
73703, 11611, 1, 0, 0
73801, 4831, 0, 0, 0
73804, 10919, 1, 0, 0
73900, 10896, 1, 0, 0
73901, 4665, 0, 0, 0
74000, 11201, 1, 0, 0
74004, 5151, 0, 0, 0
74100, 11613, 1, 0, 0
74101, 5151, 0, 0, 0
74200, 11367, 1, 0, 0
74201, 5155, 0, 0, 0
74300, 5429, 0, 0, 0
74301, 11812, 1, 0, 0
74401, 5155, 0, 0, 0
74401, 11346, 1, 0, 0
74500, 5323, 0, 0, 0
74501, 11826, 1, 0, 0
74600, 4592, 0, 0, 0
74602, 11264, 1, 0, 0
74700, 4761, 0, 0, 0
74701, 10391, 1, 0, 0
74800, 11246, 1, 0, 0
74803, 4552, 0, 0, 0
74900, 4340, 0, 0, 0
74901, 10992, 1, 0, 0
75000, 12587, 1, 0, 0
75001, 5082, 0, 0, 0
75100, 4705, 0, 0, 0
75100, 11438, 1, 0, 0
75200, 4794, 0, 0, 0
75201, 11455, 1, 0, 0
75300, 5422, 0, 0, 0
75302, 12024, 1, 0, 0
75400, 4887, 0, 0, 0
75401, 10144, 1, 0, 0
75500, 4752, 0, 0, 0
75500, 10621, 1, 0, 0
75600, 11055, 1, 0, 0
75601, 4787, 0, 0, 0
75701, 11291, 1, 0, 0
75702, 4693, 0, 0, 0
75800, 10433, 1, 0, 0
75802, 5171, 0, 0, 0
75900, 4757, 0, 0, 0
75900, 11253, 1, 0, 0
76000, 10959, 1, 0, 0
76001, 5373, 0, 0, 0
76100, 10862, 1, 0, 0
76102, 4776, 0, 0, 0
76200, 4821, 0, 0, 0
76200, 11604, 1, 0, 0
76300, 5115, 0, 0, 0
76302, 12195, 1, 0, 0
76400, 5118, 0, 0, 0
76400, 12560, 1, 0, 0
76500, 11767, 1, 0, 0
76502, 5315, 0, 0, 0
76600, 11584, 1, 0, 0
76601, 4803, 0, 0, 0
76700, 11402, 1, 0, 0
76701, 4413, 0, 0, 0
76801, 4511, 0, 0, 0
76804, 11568, 1, 0, 0
76900, 4570, 0, 0, 0
76902, 11246, 1, 0, 0
77000, 11345, 1, 0, 0
77003, 4458, 0, 0, 0
77100, 5200, 0, 0, 0
77100, 10995, 1, 0, 0
77204, 5052, 0, 0, 0
77206, 11367, 1, 0, 0
77300, 4741, 0, 0, 0
77300, 10966, 1, 0, 0
77400, 10979, 1, 0, 0
77401, 5095, 0, 0, 0
77500, 5314, 0, 0, 0
77505, 11114, 1, 0, 0
77600, 4446, 0, 0, 0
77602, 10499, 1, 0, 0
77700, 5116, 0, 0, 0
77704, 11012, 1, 0, 0
77801, 4873, 0, 0, 0
77802, 11645, 1, 0, 0
77900, 5127, 0, 0, 0
77904, 11543, 1, 0, 0
78000, 4847, 0, 0, 0
78003, 11385, 1, 0, 0
78100, 4836, 0, 0, 0
78101, 11269, 1, 0, 0
78200, 11029, 1, 0, 0
78201, 5282, 0, 0, 0
78300, 4688, 0, 0, 0
78300, 11322, 1, 0, 0
78401, 5102, 0, 0, 0
78403, 11680, 1, 0, 0
78501, 4774, 0, 0, 0
78502, 10921, 1, 0, 0
78600, 4928, 0, 0, 0
78601, 11525, 1, 0, 0
78700, 12754, 1, 0, 0
78703, 5278, 0, 0, 0
78800, 5126, 0, 0, 0
78800, 11250, 1, 0, 0
78900, 4997, 0, 0, 0
78902, 11472, 1, 0, 0
79001, 5306, 0, 0, 0
79001, 11797, 1, 0, 0
79100, 10852, 1, 0, 0
79102, 5555, 0, 0, 0
79298, 6118, 0, 0, 0
79298, 11995, 1, 0, 0
79300, 8577, 0, 0, 0
79301, 15494, 1, 0, 0
79400, 11282, 1, 0, 0
79401, 5090, 0, 0, 0
79500, 12452, 1, 0, 0
79502, 5483, 0, 0, 0
79600, 4634, 0, 0, 0
79601, 11093, 1, 0, 0
79700, 11783, 1, 0, 0
79701, 4990, 0, 0, 0
79800, 4746, 0, 0, 0
79800, 10465, 1, 0, 0
79900, 5492, 0, 0, 0
79903, 11734, 1, 0, 0
80000, 4957, 0, 0, 0
80001, 11501, 1, 0, 0
80100, 4812, 0, 0, 0
80101, 12426, 1, 0, 0
80200, 4741, 0, 0, 0
80201, 11367, 1, 0, 0
80300, 4820, 0, 0, 0
80303, 10480, 1, 0, 0
80400, 4802, 0, 0, 0
80401, 12486, 1, 0, 0
80500, 10806, 1, 0, 0
80502, 4641, 0, 0, 0
80600, 5128, 0, 0, 0
80601, 11356, 1, 0, 0
80701, 4919, 0, 0, 0
80702, 11420, 1, 0, 0
80800, 4538, 0, 0, 0
80803, 9694, 1, 0, 0
80901, 4670, 0, 0, 0
80903, 10736, 1, 0, 0
81001, 11661, 1, 0, 0
81003, 4782, 0, 0, 0
81100, 10671, 1, 0, 0
81101, 4820, 0, 0, 0
81200, 4721, 0, 0, 0
81200, 11202, 1, 0, 0
81300, 11927, 1, 0, 0
81302, 4956, 0, 0, 0
81400, 4946, 0, 0, 0
81403, 11554, 1, 0, 0
81501, 5159, 0, 0, 0
81501, 11591, 1, 0, 0
81600, 10825, 1, 0, 0
81603, 4944, 0, 0, 0
81700, 5673, 0, 0, 0
81701, 12612, 1, 0, 0
81800, 5069, 0, 0, 0
81802, 9965, 1, 0, 0
81900, 4947, 0, 0, 0
81900, 10575, 1, 0, 0
82000, 4908, 0, 0, 0
82001, 10012, 1, 0, 0
82100, 11375, 1, 0, 0
82101, 5083, 0, 0, 0
82201, 10756, 1, 0, 0
82202, 5032, 0, 0, 0
82300, 11659, 1, 0, 0
82301, 5259, 0, 0, 0
82400, 5406, 0, 0, 0
82400, 11892, 1, 0, 0
82500, 11435, 1, 0, 0
82503, 5299, 0, 0, 0
82600, 4693, 0, 0, 0
82600, 11909, 1, 0, 0
82700, 4973, 0, 0, 0
82703, 10740, 1, 0, 0
82800, 4793, 0, 0, 0
82801, 11248, 1, 0, 0
82900, 4768, 0, 0, 0
82900, 11328, 1, 0, 0
83000, 4233, 0, 0, 0
83001, 11481, 1, 0, 0
83100, 10457, 1, 0, 0
83101, 4540, 0, 0, 0
83200, 10752, 1, 0, 0
83202, 4648, 0, 0, 0
83300, 4941, 0, 0, 0
83300, 10995, 1, 0, 0
83401, 4920, 0, 0, 0
83403, 11089, 1, 0, 0
83500, 4764, 0, 0, 0
83503, 12053, 1, 0, 0
83600, 4629, 0, 0, 0
83601, 11637, 1, 0, 0
83700, 5257, 0, 0, 0
83703, 10827, 1, 0, 0
83801, 4980, 0, 0, 0
83802, 10956, 1, 0, 0
83900, 4990, 0, 0, 0
83901, 12451, 1, 0, 0
84000, 4926, 0, 0, 0
84003, 11425, 1, 0, 0
84100, 11248, 1, 0, 0
84101, 5365, 0, 0, 0
84201, 4819, 0, 0, 0
84203, 12676, 1, 0, 0
84300, 4747, 0, 0, 0
84300, 11153, 1, 0, 0
84400, 4977, 0, 0, 0
84403, 10667, 1, 0, 0
84501, 4673, 0, 0, 0
84503, 11305, 1, 0, 0
84600, 5364, 0, 0, 0
84601, 11916, 1, 0, 0
84700, 4948, 0, 0, 0
84702, 10563, 1, 0, 0
84800, 5481, 0, 0, 0
84803, 12713, 1, 0, 0
84900, 11902, 1, 0, 0
84904, 5079, 0, 0, 0
85000, 5329, 0, 0, 0
85001, 12160, 1, 0, 0
85100, 4657, 0, 0, 0
85101, 12527, 1, 0, 0
85200, 12072, 1, 0, 0
85201, 4735, 0, 0, 0
85300, 11017, 1, 0, 0
85301, 4935, 0, 0, 0
85400, 4461, 0, 0, 0
85400, 10420, 1, 0, 0
85501, 4558, 0, 0, 0
85502, 11571, 1, 0, 0
85600, 5006, 0, 0, 0
85601, 11333, 1, 0, 0
85700, 5286, 0, 0, 0
85700, 12298, 1, 0, 0
85801, 4823, 0, 0, 0
85801, 10556, 1, 0, 0
85900, 4615, 0, 0, 0
85900, 11218, 1, 0, 0
86000, 10750, 1, 0, 0
86001, 5068, 0, 0, 0
86100, 12141, 1, 0, 0
86101, 4864, 0, 0, 0
86201, 11050, 1, 0, 0
86202, 4870, 0, 0, 0
86300, 10916, 1, 0, 0
86303, 4611, 0, 0, 0
86400, 5236, 0, 0, 0
86400, 11621, 1, 0, 0
86500, 5277, 0, 0, 0
86503, 11651, 1, 0, 0
86600, 11861, 1, 0, 0
86603, 5119, 0, 0, 0
86700, 5502, 0, 0, 0
86701, 11387, 1, 0, 0
86801, 5282, 0, 0, 0
86803, 10450, 1, 0, 0
86902, 5417, 0, 0, 0
86904, 11565, 1, 0, 0
87000, 5164, 0, 0, 0
87001, 12289, 1, 0, 0
87101, 4793, 0, 0, 0
87102, 10946, 1, 0, 0
87200, 10447, 1, 0, 0
87201, 5191, 0, 0, 0
87300, 4746, 0, 0, 0
87301, 12096, 1, 0, 0
87400, 4721, 0, 0, 0
87406, 10615, 1, 0, 0
87500, 11708, 1, 0, 0
87501, 5380, 0, 0, 0
87600, 10584, 1, 0, 0
87603, 4766, 0, 0, 0
87700, 4606, 0, 0, 0
87701, 10371, 1, 0, 0
87800, 5577, 0, 0, 0
87801, 12061, 1, 0, 0
87900, 5087, 0, 0, 0
87901, 11188, 1, 0, 0
88000, 4753, 0, 0, 0
88007, 11269, 1, 0, 0
88100, 4946, 0, 0, 0
88104, 12512, 1, 0, 0
88200, 12065, 1, 0, 0
88203, 4748, 0, 0, 0
88300, 5034, 0, 0, 0
88301, 13249, 1, 0, 0
88400, 4894, 0, 0, 0
88402, 10538, 1, 0, 0
88500, 4993, 0, 0, 0
88505, 10345, 1, 0, 0
88600, 4351, 0, 0, 0
88603, 9888, 1, 0, 0
88700, 11542, 1, 0, 0
88703, 5866, 0, 0, 0
88800, 5173, 0, 0, 0
88801, 12063, 1, 0, 0
88900, 5150, 0, 0, 0
88901, 11322, 1, 0, 0
89001, 12518, 1, 0, 0
89003, 5378, 0, 0, 0
89100, 12573, 1, 0, 0
89102, 5293, 0, 0, 0
89200, 5192, 0, 0, 0
89201, 11505, 1, 0, 0
89300, 4514, 0, 0, 0
89300, 10624, 1, 0, 0
89400, 10676, 1, 0, 0
89403, 5205, 0, 0, 0
89500, 12119, 1, 0, 0
89502, 5156, 0, 0, 0
89600, 10719, 1, 0, 0
89604, 4924, 0, 0, 0
89700, 11581, 1, 0, 0
89701, 4832, 0, 0, 0
89800, 5256, 0, 0, 0
89801, 11493, 1, 0, 0
89900, 4839, 0, 0, 0
89901, 10313, 1, 0, 0
90000, 4532, 0, 0, 0
90000, 10333, 1, 0, 0
