100, 588459, 0, 0, 0
200, 624264, 0, 0, 0
300, 574508, 0, 0, 0
400, 592856, 0, 0, 0
500, 615725, 0, 0, 0
600, 638903, 0, 0, 0
700, 622022, 0, 0, 0
800, 589085, 0, 0, 0
900, 615892, 0, 0, 0
1000, 603128, 0, 0, 0
1100, 579975, 0, 0, 0
1200, 561634, 0, 0, 0
1300, 580766, 0, 0, 0
1400, 571744, 0, 0, 0
1500, 604924, 0, 0, 0
1600, 598156, 0, 0, 0
1700, 573055, 0, 0, 0
1800, 591902, 0, 0, 0
1900, 608119, 0, 0, 0
2000, 624037, 0, 0, 0
2100, 621404, 0, 0, 0
2200, 619388, 0, 0, 0
2300, 623832, 0, 0, 0
2400, 618767, 0, 0, 0
2500, 603741, 0, 0, 0
2600, 598876, 0, 0, 0
2700, 582655, 0, 0, 0
2800, 623565, 0, 0, 0
2900, 624673, 0, 0, 0
3000, 626773, 0, 0, 0
3100, 585023, 0, 0, 0
3200, 595788, 0, 0, 0
3300, 576136, 0, 0, 0
3400, 558370, 0, 0, 0
3500, 561423, 0, 0, 0
3600, 577062, 0, 0, 0
3700, 581336, 0, 0, 0
3800, 584340, 0, 0, 0
3900, 580801, 0, 0, 0
4000, 593026, 0, 0, 0
4100, 602709, 0, 0, 0
4200, 600941, 0, 0, 0
4300, 613960, 0, 0, 0
4400, 621162, 0, 0, 0
4500, 573135, 0, 0, 0
4600, 603765, 0, 0, 0
4700, 567711, 0, 0, 0
4800, 582287, 0, 0, 0
4900, 623463, 0, 0, 0
5000, 628428, 0, 0, 0
5100, 597744, 0, 0, 0
5200, 625128, 0, 0, 0
5300, 635890, 0, 0, 0
5400, 613656, 0, 0, 0
5500, 635373, 0, 0, 0
5600, 608155, 0, 0, 0
5700, 580034, 0, 0, 0
5800, 578286, 0, 0, 0
5900, 558345, 0, 0, 0
6000, 585309, 0, 0, 0
6100, 598171, 0, 0, 0
6200, 612482, 0, 0, 0
6300, 586090, 0, 0, 0
6400, 613548, 0, 0, 0
6500, 610028, 0, 0, 0
6600, 605254, 0, 0, 0
6700, 624726, 0, 0, 0
6800, 570420, 0, 0, 0
6900, 621697, 0, 0, 0
7000, 595528, 0, 0, 0
7100, 593310, 0, 0, 0
7200, 638399, 0, 0, 0
7300, 620033, 0, 0, 0
7400, 635433, 0, 0, 0
7500, 625792, 0, 0, 0
7600, 583158, 0, 0, 0
7700, 563155, 0, 0, 0
7800, 606410, 0, 0, 0
7900, 587944, 0, 0, 0
8000, 571005, 0, 0, 0
8100, 629448, 0, 0, 0
8200, 625686, 0, 0, 0
8300, 625258, 0, 0, 0
8400, 622807, 0, 0, 0
8500, 621597, 0, 0, 0
8600, 635018, 0, 0, 0
8700, 589491, 0, 0, 0
8800, 588057, 0, 0, 0
8900, 607006, 0, 0, 0
9000, 634603, 0, 0, 0
9100, 608745, 0, 0, 0
9200, 621485, 0, 0, 0
9300, 605581, 0, 0, 0
9400, 568160, 0, 0, 0
9500, 586948, 0, 0, 0
9600, 587813, 0, 0, 0
9700, 587236, 0, 0, 0
9800, 562735, 0, 0, 0
9900, 548842, 0, 0, 0
10000, 576146, 0, 0, 0
10100, 596164, 0, 0, 0
10200, 614038, 0, 0, 0
10300, 590404, 0, 0, 0
10400, 550812, 0, 0, 0
10500, 596994, 0, 0, 0
10600, 581867, 0, 0, 0
10700, 577537, 0, 0, 0
10800, 600318, 0, 0, 0
10900, 594187, 0, 0, 0
11000, 609992, 0, 0, 0
11100, 601513, 0, 0, 0
11200, 608132, 0, 0, 0
11300, 572662, 0, 0, 0
11400, 566725, 0, 0, 0
11500, 579005, 0, 0, 0
11600, 598786, 0, 0, 0
11700, 592393, 0, 0, 0
11800, 633978, 0, 0, 0
11900, 626181, 0, 0, 0
12000, 615390, 0, 0, 0
12100, 615395, 0, 0, 0
12200, 642400, 0, 0, 0
12300, 585228, 0, 0, 0
12400, 602973, 0, 0, 0
12500, 598592, 0, 0, 0
12600, 612726, 0, 0, 0
12700, 572149, 0, 0, 0
12800, 614293, 0, 0, 0
12900, 646282, 0, 0, 0
13000, 678034, 0, 0, 0
13100, 626010, 0, 0, 0
13200, 569770, 0, 0, 0
13300, 606596, 0, 0, 0
13400, 596084, 0, 0, 0
13500, 609594, 0, 0, 0
13600, 598699, 0, 0, 0
13700, 588059, 0, 0, 0
13800, 574016, 0, 0, 0
13900, 625512, 0, 0, 0
14000, 633073, 0, 0, 0
14100, 622493, 0, 0, 0
14200, 585215, 0, 0, 0
14300, 607530, 0, 0, 0
14400, 606823, 0, 0, 0
14500, 590607, 0, 0, 0
14600, 587022, 0, 0, 0
14700, 637830, 0, 0, 0
14800, 642439, 0, 0, 0
14900, 607749, 0, 0, 0
15000, 586906, 0, 0, 0
15100, 591890, 0, 0, 0
15200, 566123, 0, 0, 0
15300, 575023, 0, 0, 0
15400, 575697, 0, 0, 0
15500, 590420, 0, 0, 0
15600, 606648, 0, 0, 0
15700, 627863, 0, 0, 0
15800, 593072, 0, 0, 0
15900, 570619, 0, 0, 0
16000, 597096, 0, 0, 0
16100, 572499, 0, 0, 0
16200, 613100, 0, 0, 0
16300, 570609, 0, 0, 0
16400, 579395, 0, 0, 0
16500, 586781, 0, 0, 0
16600, 569122, 0, 0, 0
16700, 586203, 0, 0, 0
16800, 579528, 0, 0, 0
16900, 621143, 0, 0, 0
17000, 617807, 0, 0, 0
17100, 565926, 0, 0, 0
17200, 589820, 0, 0, 0
17300, 600885, 0, 0, 0
17400, 584416, 0, 0, 0
17500, 594916, 0, 0, 0
17600, 587663, 0, 0, 0
17700, 613854, 0, 0, 0
17800, 578282, 0, 0, 0
17900, 597161, 0, 0, 0
18000, 612768, 0, 0, 0
18100, 607953, 0, 0, 0
18200, 612675, 0, 0, 0
18300, 585946, 0, 0, 0
18400, 585204, 0, 0, 0
18500, 621350, 0, 0, 0
18600, 598602, 0, 0, 0
18700, 617195, 0, 0, 0
18800, 575739, 0, 0, 0
18900, 632958, 0, 0, 0
19000, 596016, 0, 0, 0
19100, 580930, 0, 0, 0
19200, 622208, 0, 0, 0
19300, 615042, 0, 0, 0
19400, 607793, 0, 0, 0
19500, 583302, 0, 0, 0
19600, 572935, 0, 0, 0
19700, 573720, 0, 0, 0
19800, 590279, 0, 0, 0
19900, 627934, 0, 0, 0
20000, 613240, 0, 0, 0
20100, 643377, 0, 0, 0
20200, 635992, 0, 0, 0
20300, 576305, 0, 0, 0
20400, 602976, 0, 0, 0
20500, 572600, 0, 0, 0
20600, 596909, 0, 0, 0
20700, 606488, 0, 0, 0
20800, 565586, 0, 0, 0
20900, 575069, 0, 0, 0
21000, 623200, 0, 0, 0
21100, 579074, 0, 0, 0
21200, 578544, 0, 0, 0
21300, 568975, 0, 0, 0
21400, 579631, 0, 0, 0
21500, 642597, 0, 0, 0
21600, 631032, 0, 0, 0
21700, 640794, 0, 0, 0
21800, 575126, 0, 0, 0
21900, 621916, 0, 0, 0
22000, 599076, 0, 0, 0
22100, 580412, 0, 0, 0
22200, 603309, 0, 0, 0
22300, 614486, 0, 0, 0
22400, 602080, 0, 0, 0
22500, 615120, 0, 0, 0
22600, 596749, 0, 0, 0
22700, 594448, 0, 0, 0
22800, 587469, 0, 0, 0
22900, 617011, 0, 0, 0
23000, 581788, 0, 0, 0
23100, 587297, 0, 0, 0
23200, 583740, 0, 0, 0
23300, 587616, 0, 0, 0
23400, 598319, 0, 0, 0
23500, 636181, 0, 0, 0
23600, 617501, 0, 0, 0
23700, 584445, 0, 0, 0
23800, 587468, 0, 0, 0
23900, 566118, 0, 0, 0
24000, 613100, 0, 0, 0
24100, 625052, 0, 0, 0
24200, 612599, 0, 0, 0
24300, 568433, 0, 0, 0
24400, 619333, 0, 0, 0
24500, 652583, 0, 0, 0
24600, 623518, 0, 0, 0
24700, 644291, 0, 0, 0
24800, 600567, 0, 0, 0
24900, 584146, 0, 0, 0
25000, 596012, 0, 0, 0
25100, 579489, 0, 0, 0
25200, 622767, 0, 0, 0
25300, 585968, 0, 0, 0
25400, 603182, 0, 0, 0
25500, 618302, 0, 0, 0
25600, 606410, 0, 0, 0
25700, 583857, 0, 0, 0
25800, 594649, 0, 0, 0
25900, 598953, 0, 0, 0
26000, 585396, 0, 0, 0
26100, 598343, 0, 0, 0
26200, 576829, 0, 0, 0
26300, 569450, 0, 0, 0
26400, 597150, 0, 0, 0
26500, 633891, 0, 0, 0
26600, 595947, 0, 0, 0
26700, 649446, 0, 0, 0
26800, 609403, 0, 0, 0
26900, 578684, 0, 0, 0
27000, 575018, 0, 0, 0
27100, 617147, 0, 0, 0
27200, 617745, 0, 0, 0
27300, 578640, 0, 0, 0
27400, 576532, 0, 0, 0
27500, 594939, 0, 0, 0
27600, 598104, 0, 0, 0
27700, 588119, 0, 0, 0
27800, 617243, 0, 0, 0
27900, 638953, 0, 0, 0
28000, 581956, 0, 0, 0
28100, 600336, 0, 0, 0
28200, 618373, 0, 0, 0
28300, 628463, 0, 0, 0
28400, 625722, 0, 0, 0
28500, 622795, 0, 0, 0
28600, 621565, 0, 0, 0
28700, 612190, 0, 0, 0
28800, 608077, 0, 0, 0
28900, 565936, 0, 0, 0
29000, 590216, 0, 0, 0
29100, 576942, 0, 0, 0
29200, 603348, 0, 0, 0
29300, 580089, 0, 0, 0
29400, 598806, 0, 0, 0
29500, 619994, 0, 0, 0
29600, 621474, 0, 0, 0
29700, 589413, 0, 0, 0
29800, 570162, 0, 0, 0
29900, 574529, 0, 0, 0
30000, 585346, 0, 0, 0
30100, 578447, 0, 0, 0
30200, 570471, 0, 0, 0
30300, 588239, 0, 0, 0
30400, 576647, 0, 0, 0
30500, 601471, 0, 0, 0
30600, 586615, 0, 0, 0
30700, 596447, 0, 0, 0
30800, 579523, 0, 0, 0
30900, 612037, 0, 0, 0
31000, 585870, 0, 0, 0
31100, 606836, 0, 0, 0
31200, 621968, 0, 0, 0
31300, 572225, 0, 0, 0
31400, 581218, 0, 0, 0
31500, 591272, 0, 0, 0
31600, 556399, 0, 0, 0
31700, 572596, 0, 0, 0
31800, 578983, 0, 0, 0
31900, 569027, 0, 0, 0
32000, 592251, 0, 0, 0
32100, 611215, 0, 0, 0
32200, 593845, 0, 0, 0
32300, 575720, 0, 0, 0
32400, 582444, 0, 0, 0
32500, 575493, 0, 0, 0
32600, 607604, 0, 0, 0
32700, 606648, 0, 0, 0
32800, 605972, 0, 0, 0
32900, 569446, 0, 0, 0
33000, 585700, 0, 0, 0
33100, 576100, 0, 0, 0
33200, 573044, 0, 0, 0
33300, 568140, 0, 0, 0
33400, 567787, 0, 0, 0
33500, 605284, 0, 0, 0
33600, 607520, 0, 0, 0
33700, 598978, 0, 0, 0
33800, 629845, 0, 0, 0
33900, 615775, 0, 0, 0
34000, 574945, 0, 0, 0
34100, 564235, 0, 0, 0
34200, 634405, 0, 0, 0
34300, 632728, 0, 0, 0
34400, 613173, 0, 0, 0
34500, 618822, 0, 0, 0
34600, 602937, 0, 0, 0
34700, 643573, 0, 0, 0
34800, 623575, 0, 0, 0
34900, 620923, 0, 0, 0
35000, 573499, 0, 0, 0
35100, 591976, 0, 0, 0
35200, 625900, 0, 0, 0
35300, 590021, 0, 0, 0
35400, 614530, 0, 0, 0
35500, 588535, 0, 0, 0
35600, 592033, 0, 0, 0
35700, 609181, 0, 0, 0
35800, 597571, 0, 0, 0
35900, 591971, 0, 0, 0
36000, 593686, 0, 0, 0
36100, 590945, 0, 0, 0
36200, 582918, 0, 0, 0
36300, 650004, 0, 0, 0
36400, 599370, 0, 0, 0
36500, 575772, 0, 0, 0
36600, 570153, 0, 0, 0
36700, 615410, 0, 0, 0
36800, 580483, 0, 0, 0
36900, 576736, 0, 0, 0
37000, 611577, 0, 0, 0
37100, 592154, 0, 0, 0
37200, 557261, 0, 0, 0
37300, 570250, 0, 0, 0
37400, 599849, 0, 0, 0
37500, 602965, 0, 0, 0
37600, 618156, 0, 0, 0
37700, 612156, 0, 0, 0
37800, 602899, 0, 0, 0
37900, 614381, 0, 0, 0
38000, 550942, 0, 0, 0
38100, 579516, 0, 0, 0
38200, 579494, 0, 0, 0
38300, 582574, 0, 0, 0
38400, 568193, 0, 0, 0
38500, 571932, 0, 0, 0
38600, 585733, 0, 0, 0
38700, 618564, 0, 0, 0
38800, 599514, 0, 0, 0
38900, 600341, 0, 0, 0
39000, 584822, 0, 0, 0
39100, 589815, 0, 0, 0
39200, 642898, 0, 0, 0
39300, 618721, 0, 0, 0
39400, 622806, 0, 0, 0
39500, 577106, 0, 0, 0
39600, 630556, 0, 0, 0
39700, 600787, 0, 0, 0
39800, 597530, 0, 0, 0
39900, 664000, 0, 0, 0
40000, 626380, 0, 0, 0
40100, 652430, 0, 0, 0
40200, 573120, 0, 0, 0
40300, 545941, 0, 0, 0
40400, 554459, 0, 0, 0
40500, 608574, 0, 0, 0
40600, 594238, 0, 0, 0
40700, 584719, 0, 0, 0
40800, 595406, 0, 0, 0
40900, 585637, 0, 0, 0
41000, 604719, 0, 0, 0
41100, 616293, 0, 0, 0
41200, 583124, 0, 0, 0
41300, 648701, 0, 0, 0
41400, 599523, 0, 0, 0
41500, 584348, 0, 0, 0
41600, 592072, 0, 0, 0
41700, 600496, 0, 0, 0
41800, 596359, 0, 0, 0
41900, 630662, 0, 0, 0
42000, 605474, 0, 0, 0
42100, 602719, 0, 0, 0
42200, 598832, 0, 0, 0
42300, 578858, 0, 0, 0
42400, 582450, 0, 0, 0
42500, 622033, 0, 0, 0
42600, 593294, 0, 0, 0
42700, 624079, 0, 0, 0
42800, 654607, 0, 0, 0
42900, 622289, 0, 0, 0
43000, 568079, 0, 0, 0
43100, 579856, 0, 0, 0
43200, 621825, 0, 0, 0
43300, 565146, 0, 0, 0
43400, 599772, 0, 0, 0
43500, 598720, 0, 0, 0
43600, 591983, 0, 0, 0
43700, 583329, 0, 0, 0
43800, 603543, 0, 0, 0
43900, 643750, 0, 0, 0
44000, 611767, 0, 0, 0
44100, 597425, 0, 0, 0
44200, 604841, 0, 0, 0
44300, 578059, 0, 0, 0
44400, 593420, 0, 0, 0
44500, 618715, 0, 0, 0
44600, 562085, 0, 0, 0
44700, 561306, 0, 0, 0
44800, 572359, 0, 0, 0
44900, 566453, 0, 0, 0
45000, 584631, 0, 0, 0
45100, 601630, 0, 0, 0
45200, 574004, 0, 0, 0
45300, 571062, 0, 0, 0
45400, 588227, 0, 0, 0
45500, 598015, 0, 0, 0
45600, 615320, 0, 0, 0
45700, 597738, 0, 0, 0
45800, 582334, 0, 0, 0
45900, 581491, 0, 0, 0
46000, 592428, 0, 0, 0
46100, 590396, 0, 0, 0
46200, 602722, 0, 0, 0
46300, 558893, 0, 0, 0
46400, 568896, 0, 0, 0
46500, 599300, 0, 0, 0
46600, 602131, 0, 0, 0
46700, 594319, 0, 0, 0
46800, 634071, 0, 0, 0
46900, 597951, 0, 0, 0
47000, 632059, 0, 0, 0
47100, 625691, 0, 0, 0
47200, 630686, 0, 0, 0
47300, 650440, 0, 0, 0
47400, 606528, 0, 0, 0
47500, 602576, 0, 0, 0
47600, 621606, 0, 0, 0
47700, 611611, 0, 0, 0
47800, 595103, 0, 0, 0
47900, 581731, 0, 0, 0
48000, 585850, 0, 0, 0
48100, 608846, 0, 0, 0
48200, 610901, 0, 0, 0
48300, 643435, 0, 0, 0
48400, 599107, 0, 0, 0
48500, 622875, 0, 0, 0
48600, 614645, 0, 0, 0
48700, 587754, 0, 0, 0
48800, 581635, 0, 0, 0
48900, 558651, 0, 0, 0
49000, 560443, 0, 0, 0
49100, 565193, 0, 0, 0
49200, 554334, 0, 0, 0
49300, 577663, 0, 0, 0
49400, 608759, 0, 0, 0
49500, 585546, 0, 0, 0
49600, 580355, 0, 0, 0
49700, 606967, 0, 0, 0
49800, 579097, 0, 0, 0
49900, 592669, 0, 0, 0
50000, 610883, 0, 0, 0
50100, 622441, 0, 0, 0
50200, 590974, 0, 0, 0
50300, 627195, 0, 0, 0
50400, 612732, 0, 0, 0
50500, 636173, 0, 0, 0
50600, 626052, 0, 0, 0
50700, 594832, 0, 0, 0
50800, 575098, 0, 0, 0
50900, 584955, 0, 0, 0
51000, 644312, 0, 0, 0
51100, 621513, 0, 0, 0
51200, 663196, 0, 0, 0
51300, 643175, 0, 0, 0
51400, 619862, 0, 0, 0
51500, 624888, 0, 0, 0
51600, 593991, 0, 0, 0
51700, 594446, 0, 0, 0
51800, 585059, 0, 0, 0
51900, 595703, 0, 0, 0
52000, 608946, 0, 0, 0
52100, 610430, 0, 0, 0
52200, 588458, 0, 0, 0
52300, 602331, 0, 0, 0
52400, 578090, 0, 0, 0
52500, 615245, 0, 0, 0
52600, 625840, 0, 0, 0
52700, 591173, 0, 0, 0
52800, 591274, 0, 0, 0
52900, 601753, 0, 0, 0
53000, 591562, 0, 0, 0
53100, 564252, 0, 0, 0
53200, 579872, 0, 0, 0
53300, 581350, 0, 0, 0
53400, 578132, 0, 0, 0
53500, 588638, 0, 0, 0
53600, 576171, 0, 0, 0
53700, 611346, 0, 0, 0
53800, 622106, 0, 0, 0
53900, 607494, 0, 0, 0
54000, 596680, 0, 0, 0
54100, 565031, 0, 0, 0
54200, 561594, 0, 0, 0
54300, 578504, 0, 0, 0
54400, 599927, 0, 0, 0
54500, 641331, 0, 0, 0
54600, 617338, 0, 0, 0
54700, 607903, 0, 0, 0
54800, 592300, 0, 0, 0
54900, 580482, 0, 0, 0
55000, 644838, 0, 0, 0
55100, 599482, 0, 0, 0
55200, 631864, 0, 0, 0
55300, 572138, 0, 0, 0
55400, 597204, 0, 0, 0
55500, 594796, 0, 0, 0
55600, 600757, 0, 0, 0
55700, 583006, 0, 0, 0
55800, 616792, 0, 0, 0
55900, 580229, 0, 0, 0
56000, 572089, 0, 0, 0
56100, 573059, 0, 0, 0
56200, 621664, 0, 0, 0
56300, 589341, 0, 0, 0
56400, 590708, 0, 0, 0
56500, 606807, 0, 0, 0
56600, 592265, 0, 0, 0
56700, 665302, 0, 0, 0
56800, 565738, 0, 0, 0
56900, 592382, 0, 0, 0
57000, 601866, 0, 0, 0
57100, 621667, 0, 0, 0
57200, 638890, 0, 0, 0
57300, 661733, 0, 0, 0
57400, 602358, 0, 0, 0
57500, 643582, 0, 0, 0
57600, 574456, 0, 0, 0
57700, 595937, 0, 0, 0
57800, 616166, 0, 0, 0
57900, 605119, 0, 0, 0
58000, 623471, 0, 0, 0
58100, 586345, 0, 0, 0
58200, 563926, 0, 0, 0
58300, 569705, 0, 0, 0
58400, 580603, 0, 0, 0
58500, 649160, 0, 0, 0
58600, 619059, 0, 0, 0
58700, 583029, 0, 0, 0
58800, 604570, 0, 0, 0
58900, 592880, 0, 0, 0
59000, 608836, 0, 0, 0
59100, 637059, 0, 0, 0
59200, 602515, 0, 0, 0
59300, 605221, 0, 0, 0
59400, 590415, 0, 0, 0
59500, 632698, 0, 0, 0
59600, 634304, 0, 0, 0
59700, 589691, 0, 0, 0
59800, 606128, 0, 0, 0
59900, 614960, 0, 0, 0
60000, 572136, 0, 0, 0
60100, 596304, 0, 0, 0
60200, 573520, 0, 0, 0
60300, 575562, 0, 0, 0
60400, 590695, 0, 0, 0
60500, 591049, 0, 0, 0
60600, 642979, 0, 0, 0
60700, 617655, 0, 0, 0
60800, 628781, 0, 0, 0
60900, 645919, 0, 0, 0
61000, 594442, 0, 0, 0
61100, 591631, 0, 0, 0
61200, 597887, 0, 0, 0
61300, 607270, 0, 0, 0
61400, 626449, 0, 0, 0
61500, 628155, 0, 0, 0
61600, 606502, 0, 0, 0
61700, 596419, 0, 0, 0
61800, 608740, 0, 0, 0
61900, 617333, 0, 0, 0
62000, 610530, 0, 0, 0
62100, 595464, 0, 0, 0
62200, 576343, 0, 0, 0
62300, 591339, 0, 0, 0
62400, 610328, 0, 0, 0
62500, 570560, 0, 0, 0
62600, 617499, 0, 0, 0
62700, 595339, 0, 0, 0
62800, 568738, 0, 0, 0
62900, 577550, 0, 0, 0
63000, 592922, 0, 0, 0
63100, 617775, 0, 0, 0
63200, 597412, 0, 0, 0
63300, 584336, 0, 0, 0
63400, 598461, 0, 0, 0
63500, 618116, 0, 0, 0
63600, 607205, 0, 0, 0
63700, 623857, 0, 0, 0
63800, 605537, 0, 0, 0
63900, 608660, 0, 0, 0
64000, 592889, 0, 0, 0
64100, 599241, 0, 0, 0
64200, 622736, 0, 0, 0
64300, 662920, 0, 0, 0
64400, 597489, 0, 0, 0
64500, 606569, 0, 0, 0
64600, 579074, 0, 0, 0
64700, 581072, 0, 0, 0
64800, 567402, 0, 0, 0
64900, 612872, 0, 0, 0
65000, 626736, 0, 0, 0
65100, 631565, 0, 0, 0
65200, 631333, 0, 0, 0
65300, 582279, 0, 0, 0
65400, 608739, 0, 0, 0
65500, 589621, 0, 0, 0
65600, 612595, 0, 0, 0
65700, 625791, 0, 0, 0
65800, 583603, 0, 0, 0
65900, 594369, 0, 0, 0
66000, 588638, 0, 0, 0
66100, 610109, 0, 0, 0
66200, 602909, 0, 0, 0
66300, 606650, 0, 0, 0
66400, 581982, 0, 0, 0
66500, 604043, 0, 0, 0
66600, 621574, 0, 0, 0
66700, 623722, 0, 0, 0
66800, 603819, 0, 0, 0
66900, 611071, 0, 0, 0
67000, 620257, 0, 0, 0
67100, 583651, 0, 0, 0
67200, 591874, 0, 0, 0
67300, 576637, 0, 0, 0
67400, 609336, 0, 0, 0
67500, 591606, 0, 0, 0
67600, 637715, 0, 0, 0
67700, 619536, 0, 0, 0
67800, 628663, 0, 0, 0
67900, 579223, 0, 0, 0
68000, 605178, 0, 0, 0
68100, 607561, 0, 0, 0
68200, 596039, 0, 0, 0
68300, 615038, 0, 0, 0
68400, 600614, 0, 0, 0
68500, 666712, 0, 0, 0
68600, 591438, 0, 0, 0
68700, 572657, 0, 0, 0
68800, 596322, 0, 0, 0
68900, 595728, 0, 0, 0
69000, 592647, 0, 0, 0
69100, 606510, 0, 0, 0
69200, 631285, 0, 0, 0
69300, 602413, 0, 0, 0
69400, 580005, 0, 0, 0
69500, 615605, 0, 0, 0
69600, 589364, 0, 0, 0
69700, 628698, 0, 0, 0
69800, 589893, 0, 0, 0
69900, 581642, 0, 0, 0
70000, 600718, 0, 0, 0
70100, 591158, 0, 0, 0
70200, 591755, 0, 0, 0
70300, 599806, 0, 0, 0
70400, 592949, 0, 0, 0
70500, 574207, 0, 0, 0
70600, 594942, 0, 0, 0
70700, 576226, 0, 0, 0
70800, 571540, 0, 0, 0
70900, 584940, 0, 0, 0
71000, 589960, 0, 0, 0
71100, 597019, 0, 0, 0
71200, 631857, 0, 0, 0
71300, 621338, 0, 0, 0
71400, 587836, 0, 0, 0
71500, 614811, 0, 0, 0
71600, 598268, 0, 0, 0
71700, 586138, 0, 0, 0
71800, 628335, 0, 0, 0
71900, 631686, 0, 0, 0
72000, 603198, 0, 0, 0
72100, 633416, 0, 0, 0
72200, 583990, 0, 0, 0
72300, 591322, 0, 0, 0
72400, 584807, 0, 0, 0
72500, 583016, 0, 0, 0
72600, 584260, 0, 0, 0
72700, 558805, 0, 0, 0
72800, 591953, 0, 0, 0
72900, 571709, 0, 0, 0
73000, 585661, 0, 0, 0
73100, 606983, 0, 0, 0
73200, 611400, 0, 0, 0
73300, 586898, 0, 0, 0
73400, 586709, 0, 0, 0
73500, 600026, 0, 0, 0
73600, 607841, 0, 0, 0
73700, 607760, 0, 0, 0
73800, 574205, 0, 0, 0
73900, 564421, 0, 0, 0
74000, 591243, 0, 0, 0
74100, 555297, 0, 0, 0
74200, 570827, 0, 0, 0
74300, 574636, 0, 0, 0
74400, 575971, 0, 0, 0
74500, 598150, 0, 0, 0
74600, 593663, 0, 0, 0
74700, 591499, 0, 0, 0
74800, 594655, 0, 0, 0
74900, 581234, 0, 0, 0
75000, 588574, 0, 0, 0
75100, 603501, 0, 0, 0
75200, 624148, 0, 0, 0
75300, 598769, 0, 0, 0
75400, 568588, 0, 0, 0
75500, 600810, 0, 0, 0
75600, 614467, 0, 0, 0
75700, 606539, 0, 0, 0
75800, 594409, 0, 0, 0
75900, 575637, 0, 0, 0
76000, 632809, 0, 0, 0
76100, 586768, 0, 0, 0
76200, 613381, 0, 0, 0
76300, 607593, 0, 0, 0
76400, 579568, 0, 0, 0
76500, 576872, 0, 0, 0
76600, 577698, 0, 0, 0
76700, 608467, 0, 0, 0
76800, 595092, 0, 0, 0
76900, 599900, 0, 0, 0
77000, 625293, 0, 0, 0
77100, 595423, 0, 0, 0
77200, 595526, 0, 0, 0
77300, 605543, 0, 0, 0
77400, 584657, 0, 0, 0
77500, 571771, 0, 0, 0
77600, 595428, 0, 0, 0
77700, 619495, 0, 0, 0
77800, 574712, 0, 0, 0
77900, 627870, 0, 0, 0
78000, 605249, 0, 0, 0
78100, 609910, 0, 0, 0
78200, 602241, 0, 0, 0
78300, 607970, 0, 0, 0
78400, 601400, 0, 0, 0
78500, 574106, 0, 0, 0
78600, 602347, 0, 0, 0
78700, 613506, 0, 0, 0
78800, 623546, 0, 0, 0
78900, 620447, 0, 0, 0
79000, 617237, 0, 0, 0
79100, 570119, 0, 0, 0
79200, 582897, 0, 0, 0
79300, 583884, 0, 0, 0
79400, 599627, 0, 0, 0
79500, 616201, 0, 0, 0
79600, 578812, 0, 0, 0
79700, 579610, 0, 0, 0
79800, 580069, 0, 0, 0
79900, 605403, 0, 0, 0
80000, 616472, 0, 0, 0
80100, 570591, 0, 0, 0
80200, 575958, 0, 0, 0
80300, 599374, 0, 0, 0
80400, 628558, 0, 0, 0
80500, 582037, 0, 0, 0
80600, 606427, 0, 0, 0
80700, 621999, 0, 0, 0
80800, 600624, 0, 0, 0
80900, 606651, 0, 0, 0
81000, 632402, 0, 0, 0
81100, 584837, 0, 0, 0
81200, 605935, 0, 0, 0
81300, 562719, 0, 0, 0
81400, 628403, 0, 0, 0
81500, 611898, 0, 0, 0
81600, 600553, 0, 0, 0
81700, 619492, 0, 0, 0
81800, 603609, 0, 0, 0
81900, 577342, 0, 0, 0
82000, 573951, 0, 0, 0
82100, 603215, 0, 0, 0
82200, 632126, 0, 0, 0
82300, 617873, 0, 0, 0
82400, 585571, 0, 0, 0
82500, 561693, 0, 0, 0
82600, 572397, 0, 0, 0
82700, 589041, 0, 0, 0
82800, 580582, 0, 0, 0
82900, 582388, 0, 0, 0
83000, 599691, 0, 0, 0
83100, 615040, 0, 0, 0
83200, 585988, 0, 0, 0
83300, 568004, 0, 0, 0
83400, 618818, 0, 0, 0
83500, 635264, 0, 0, 0
83600, 662894, 0, 0, 0
83700, 641432, 0, 0, 0
83800, 613321, 0, 0, 0
83900, 603478, 0, 0, 0
84000, 571823, 0, 0, 0
84100, 610784, 0, 0, 0
84200, 616193, 0, 0, 0
84300, 577159, 0, 0, 0
84400, 575189, 0, 0, 0
84500, 604869, 0, 0, 0
84600, 608983, 0, 0, 0
84700, 559316, 0, 0, 0
84800, 583577, 0, 0, 0
84900, 592841, 0, 0, 0
85000, 605411, 0, 0, 0
85100, 613482, 0, 0, 0
85200, 578966, 0, 0, 0
85300, 557731, 0, 0, 0
85400, 577518, 0, 0, 0
85500, 623478, 0, 0, 0
85600, 606321, 0, 0, 0
85700, 617069, 0, 0, 0
85800, 642931, 0, 0, 0
85900, 654138, 0, 0, 0
86000, 575662, 0, 0, 0
86100, 569465, 0, 0, 0
86200, 560976, 0, 0, 0
86300, 592993, 0, 0, 0
86400, 584333, 0, 0, 0
86500, 579656, 0, 0, 0
86600, 584017, 0, 0, 0
86700, 596296, 0, 0, 0
86800, 568557, 0, 0, 0
86900, 577623, 0, 0, 0
87000, 560166, 0, 0, 0
87100, 543204, 0, 0, 0
87200, 565981, 0, 0, 0
87300, 574808, 0, 0, 0
87400, 586681, 0, 0, 0
87500, 606159, 0, 0, 0
87600, 589405, 0, 0, 0
87700, 566574, 0, 0, 0
87800, 565993, 0, 0, 0
87900, 571950, 0, 0, 0
88000, 591398, 0, 0, 0
88100, 581753, 0, 0, 0
88200, 611094, 0, 0, 0
88300, 593536, 0, 0, 0
88400, 581916, 0, 0, 0
88500, 589127, 0, 0, 0
88600, 563925, 0, 0, 0
88700, 601494, 0, 0, 0
88800, 613158, 0, 0, 0
88900, 605848, 0, 0, 0
89000, 585868, 0, 0, 0
89100, 606497, 0, 0, 0
89200, 602502, 0, 0, 0
89300, 603954, 0, 0, 0
89400, 587154, 0, 0, 0
89500, 601646, 0, 0, 0
89600, 616579, 0, 0, 0
89700, 634153, 0, 0, 0
89800, 632689, 0, 0, 0
89900, 623993, 0, 0, 0
90000, 616192, 0, 0, 0
