100, 1221848, 1, 0, 0
101, 920705, 0, 0, 0
200, 919228, 0, 0, 0
202, 1209658, 1, 0, 0
300, 1227701, 1, 0, 0
301, 930113, 0, 0, 0
400, 955694, 0, 0, 0
401, 1214029, 1, 0, 0
500, 951030, 0, 0, 0
511, 1247752, 1, 0, 0
600, 969814, 0, 0, 0
601, 1249761, 1, 0, 0
700, 1219235, 1, 0, 0
701, 951760, 0, 0, 0
800, 964972, 0, 0, 0
803, 1270091, 1, 0, 0
900, 955365, 0, 0, 0
901, 1285724, 1, 0, 0
1000, 1260140, 1, 0, 0
1002, 996636, 0, 0, 0
1100, 956296, 0, 0, 0
1103, 1201100, 1, 0, 0
1200, 1226062, 1, 0, 0
1203, 926606, 0, 0, 0
1300, 913454, 0, 0, 0
1302, 1186792, 1, 0, 0
1400, 1188798, 1, 0, 0
1401, 935274, 0, 0, 0
1500, 1195484, 1, 0, 0
1503, 918829, 0, 0, 0
1600, 939155, 0, 0, 0
1602, 1290940, 1, 0, 0
1700, 953792, 0, 0, 0
1706, 1220423, 1, 0, 0
1800, 939681, 0, 0, 0
1802, 1272762, 1, 0, 0
1900, 1244010, 1, 0, 0
1902, 957824, 0, 0, 0
2000, 1201698, 1, 0, 0
2001, 923635, 0, 0, 0
2100, 1226887, 1, 0, 0
2103, 986555, 0, 0, 0
2200, 956608, 0, 0, 0
2203, 1232236, 1, 0, 0
2300, 1222605, 1, 0, 0
2302, 965650, 0, 0, 0
2400, 961124, 0, 0, 0
2404, 1222914, 1, 0, 0
2500, 958211, 0, 0, 0
2501, 1281703, 1, 0, 0
2600, 948023, 0, 0, 0
2601, 1269181, 1, 0, 0
2700, 968701, 0, 0, 0
2702, 1256617, 1, 0, 0
2800, 973210, 0, 0, 0
2806, 1270598, 1, 0, 0
2900, 968129, 0, 0, 0
2905, 1247472, 1, 0, 0
3000, 940224, 0, 0, 0
3002, 1217357, 1, 0, 0
3100, 944337, 0, 0, 0
3103, 1280283, 1, 0, 0
3200, 954814, 0, 0, 0
3203, 1246645, 1, 0, 0
3300, 918701, 0, 0, 0
3311, 1261629, 1, 0, 0
3400, 892808, 0, 0, 0
3401, 1188112, 1, 0, 0
3500, 897988, 0, 0, 0
3508, 1250173, 1, 0, 0
3601, 1230751, 1, 0, 0
3602, 929738, 0, 0, 0
3700, 1199216, 1, 0, 0
3704, 885842, 0, 0, 0
3800, 923673, 0, 0, 0
3802, 1236729, 1, 0, 0
3900, 944033, 0, 0, 0
3904, 1221608, 1, 0, 0
4000, 1196675, 1, 0, 0
4003, 932885, 0, 0, 0
4100, 1242467, 1, 0, 0
4104, 929647, 0, 0, 0
4200, 1184968, 1, 0, 0
4203, 895288, 0, 0, 0
4300, 943618, 0, 0, 0
4302, 1194840, 1, 0, 0
4400, 972718, 0, 0, 0
4406, 1201791, 1, 0, 0
4500, 944792, 0, 0, 0
4501, 1191761, 1, 0, 0
4600, 1246897, 1, 0, 0
4601, 942727, 0, 0, 0
4701, 1269555, 1, 0, 0
4702, 979458, 0, 0, 0
4800, 978996, 0, 0, 0
4804, 1226117, 1, 0, 0
4900, 972261, 0, 0, 0
4904, 1249975, 1, 0, 0
5000, 946146, 0, 0, 0
5002, 1177961, 1, 0, 0
5100, 1226881, 1, 0, 0
5101, 954340, 0, 0, 0
5200, 1223345, 1, 0, 0
5204, 926970, 0, 0, 0
5300, 946440, 0, 0, 0
5306, 1288022, 1, 0, 0
5400, 958094, 0, 0, 0
5410, 1231520, 1, 0, 0
5500, 957335, 0, 0, 0
5503, 1326473, 1, 0, 0
5600, 928261, 0, 0, 0
5602, 1260793, 1, 0, 0
5700, 940240, 0, 0, 0
5701, 1199767, 1, 0, 0
5800, 932698, 0, 0, 0
5802, 1228371, 1, 0, 0
5900, 879149, 0, 0, 0
5902, 1239318, 1, 0, 0
6000, 1249879, 1, 0, 0
6005, 878566, 0, 0, 0
6100, 890191, 0, 0, 0
6102, 1197604, 1, 0, 0
6200, 833376, 0, 0, 0
6201, 1149819, 1, 0, 0
6300, 856024, 0, 0, 0
6304, 1194477, 1, 0, 0
6400, 834074, 0, 0, 0
6402, 1247825, 1, 0, 0
6500, 843752, 0, 0, 0
6504, 1195276, 1, 0, 0
6600, 826468, 0, 0, 0
6607, 1166617, 1, 0, 0
6700, 816787, 0, 0, 0
6708, 1235756, 1, 0, 0
6800, 838463, 0, 0, 0
6801, 1178462, 1, 0, 0
6900, 1189846, 1, 0, 0
6900, 821796, 0, 0, 0
7000, 834612, 0, 0, 0
7006, 1176848, 1, 0, 0
7100, 827519, 0, 0, 0
7102, 1175462, 1, 0, 0
7200, 881925, 0, 0, 0
7204, 1248513, 1, 0, 0
7300, 815592, 0, 0, 0
7301, 1239516, 1, 0, 0
7400, 834357, 0, 0, 0
7402, 1237624, 1, 0, 0
7500, 837500, 0, 0, 0
7502, 1199760, 1, 0, 0
7600, 848931, 0, 0, 0
7602, 1254805, 1, 0, 0
7700, 834371, 0, 0, 0
7701, 1182576, 1, 0, 0
7800, 822409, 0, 0, 0
7802, 1213136, 1, 0, 0
7901, 1223373, 1, 0, 0
7903, 840322, 0, 0, 0
8000, 1217823, 1, 0, 0
8001, 873213, 0, 0, 0
8100, 904186, 0, 0, 0
8102, 1267872, 1, 0, 0
8200, 922577, 0, 0, 0
8201, 1272347, 1, 0, 0
8300, 960849, 0, 0, 0
8303, 1309822, 1, 0, 0
8400, 969548, 0, 0, 0
8403, 1326010, 1, 0, 0
8500, 1211655, 1, 0, 0
8500, 928891, 0, 0, 0
8600, 899205, 0, 0, 0
8602, 1251710, 1, 0, 0
8700, 922294, 0, 0, 0
8703, 1276147, 1, 0, 0
8800, 1246244, 1, 0, 0
8801, 884525, 0, 0, 0
8900, 922322, 0, 0, 0
8907, 1319860, 1, 0, 0
9000, 1167019, 1, 0, 0
9001, 897815, 0, 0, 0
9100, 1227056, 1, 0, 0
9101, 918209, 0, 0, 0
9200, 906925, 0, 0, 0
9201, 1239379, 1, 0, 0
9300, 921113, 0, 0, 0
9302, 1184429, 1, 0, 0
9400, 1214492, 1, 0, 0
9401, 923462, 0, 0, 0
9500, 1239944, 1, 0, 0
9501, 934062, 0, 0, 0
9601, 919367, 0, 0, 0
9611, 1221407, 1, 0, 0
9700, 936306, 0, 0, 0
9705, 1247913, 1, 0, 0
9800, 913850, 0, 0, 0
9804, 1205034, 1, 0, 0
9900, 912279, 0, 0, 0
9901, 1200721, 1, 0, 0
10000, 1181163, 1, 0, 0
10002, 955522, 0, 0, 0
10100, 1221666, 1, 0, 0
10102, 951371, 0, 0, 0
10200, 942643, 0, 0, 0
10206, 1221629, 1, 0, 0
10300, 958595, 0, 0, 0
10302, 1254254, 1, 0, 0
10400, 953431, 0, 0, 0
10407, 1216421, 1, 0, 0
10500, 960749, 0, 0, 0
10502, 1219207, 1, 0, 0
10600, 965049, 0, 0, 0
10603, 1194605, 1, 0, 0
10700, 942665, 0, 0, 0
10706, 1208385, 1, 0, 0
10800, 927972, 0, 0, 0
10801, 1229956, 1, 0, 0
10900, 935752, 0, 0, 0
10909, 1266883, 1, 0, 0
11000, 1280940, 1, 0, 0
11002, 960507, 0, 0, 0
11100, 963542, 0, 0, 0
11102, 1225362, 1, 0, 0
11200, 942903, 0, 0, 0
11205, 1236318, 1, 0, 0
11300, 928731, 0, 0, 0
11305, 1264026, 1, 0, 0
11400, 934549, 0, 0, 0
11404, 1262944, 1, 0, 0
11500, 960080, 0, 0, 0
11502, 1235723, 1, 0, 0
11600, 962858, 0, 0, 0
11603, 1199647, 1, 0, 0
11700, 924447, 0, 0, 0
11709, 1215420, 1, 0, 0
11800, 921056, 0, 0, 0
11808, 1205413, 1, 0, 0
11901, 1246430, 1, 0, 0
11903, 937850, 0, 0, 0
12001, 1246664, 1, 0, 0
12004, 948401, 0, 0, 0
12100, 847392, 0, 0, 0
12105, 1192640, 1, 0, 0
12201, 1195026, 1, 0, 0
12202, 814528, 0, 0, 0
12300, 818960, 0, 0, 0
12306, 1220180, 1, 0, 0
12400, 832366, 0, 0, 0
12402, 1183289, 1, 0, 0
12500, 1224012, 1, 0, 0
12501, 819749, 0, 0, 0
12600, 823491, 0, 0, 0
12608, 1219023, 1, 0, 0
12700, 1242670, 1, 0, 0
12701, 825679, 0, 0, 0
12800, 888505, 0, 0, 0
12803, 1206552, 1, 0, 0
12900, 832887, 0, 0, 0
12904, 1207795, 1, 0, 0
13000, 844086, 0, 0, 0
13003, 1264920, 1, 0, 0
13100, 810032, 0, 0, 0
13104, 1188773, 1, 0, 0
13200, 828794, 0, 0, 0
13201, 1131556, 1, 0, 0
13300, 803650, 0, 0, 0
13302, 1168759, 1, 0, 0
13400, 1159286, 1, 0, 0
13401, 809055, 0, 0, 0
13500, 794758, 0, 0, 0
13502, 1183030, 1, 0, 0
13600, 819432, 0, 0, 0
13602, 1190003, 1, 0, 0
13700, 844784, 0, 0, 0
13702, 1192753, 1, 0, 0
13800, 829021, 0, 0, 0
13801, 1198405, 1, 0, 0
13900, 1161758, 1, 0, 0
13901, 846186, 0, 0, 0
14000, 818161, 0, 0, 0
14011, 1168598, 1, 0, 0
14100, 806654, 0, 0, 0
14110, 1176766, 1, 0, 0
14200, 1187855, 1, 0, 0
14201, 873262, 0, 0, 0
14300, 864928, 0, 0, 0
14302, 1213920, 1, 0, 0
14400, 908563, 0, 0, 0
14403, 1233078, 1, 0, 0
14500, 1230086, 1, 0, 0
14501, 890385, 0, 0, 0
14600, 942972, 0, 0, 0
14602, 1201940, 1, 0, 0
14700, 1326643, 1, 0, 0
14701, 975065, 0, 0, 0
14800, 1254629, 1, 0, 0
14800, 964570, 0, 0, 0
14900, 1280449, 1, 0, 0
14901, 940816, 0, 0, 0
15000, 960048, 0, 0, 0
15001, 1238704, 1, 0, 0
15101, 1266507, 1, 0, 0
15102, 946531, 0, 0, 0
15200, 964823, 0, 0, 0
15204, 1233830, 1, 0, 0
15300, 964291, 0, 0, 0
15304, 1226069, 1, 0, 0
15400, 954431, 0, 0, 0
15402, 1205470, 1, 0, 0
15500, 1189813, 1, 0, 0
15502, 957019, 0, 0, 0
15600, 958201, 0, 0, 0
15601, 1184100, 1, 0, 0
15700, 948965, 0, 0, 0
15701, 1202974, 1, 0, 0
15800, 941439, 0, 0, 0
15805, 1238431, 1, 0, 0
15900, 931314, 0, 0, 0
15904, 1298136, 1, 0, 0
16000, 1226640, 1, 0, 0
16001, 957496, 0, 0, 0
16100, 950331, 0, 0, 0
16101, 1256000, 1, 0, 0
16200, 926996, 0, 0, 0
16202, 1240785, 1, 0, 0
16300, 937932, 0, 0, 0
16302, 1239126, 1, 0, 0
16400, 1216994, 1, 0, 0
16401, 957644, 0, 0, 0
16500, 972299, 0, 0, 0
16505, 1252195, 1, 0, 0
16600, 946790, 0, 0, 0
16606, 1281245, 1, 0, 0
16700, 954817, 0, 0, 0
16703, 1269055, 1, 0, 0
16800, 964024, 0, 0, 0
16804, 1209611, 1, 0, 0
16900, 968029, 0, 0, 0
16902, 1266261, 1, 0, 0
17000, 1244100, 1, 0, 0
17002, 952970, 0, 0, 0
17100, 1255934, 1, 0, 0
17101, 963106, 0, 0, 0
17200, 1210316, 1, 0, 0
17201, 947969, 0, 0, 0
17300, 1251222, 1, 0, 0
17301, 989268, 0, 0, 0
17401, 1265546, 1, 0, 0
17402, 985337, 0, 0, 0
17500, 985811, 0, 0, 0
17505, 1266958, 1, 0, 0
17600, 956355, 0, 0, 0
17602, 1226287, 1, 0, 0
17700, 977964, 0, 0, 0
17708, 1210449, 1, 0, 0
17800, 975286, 0, 0, 0
17804, 1259870, 1, 0, 0
17900, 951574, 0, 0, 0
17903, 1212222, 1, 0, 0
18000, 937549, 0, 0, 0
18002, 1219977, 1, 0, 0
18100, 941767, 0, 0, 0
18103, 1237746, 1, 0, 0
18200, 1226535, 1, 0, 0
18201, 955288, 0, 0, 0
18301, 1178151, 1, 0, 0
18304, 954040, 0, 0, 0
18400, 959418, 0, 0, 0
18402, 1175383, 1, 0, 0
18500, 1188375, 1, 0, 0
18502, 941343, 0, 0, 0
18600, 1269605, 1, 0, 0
18602, 978175, 0, 0, 0
18700, 1228866, 1, 0, 0
18701, 955751, 0, 0, 0
18800, 964380, 0, 0, 0
18804, 1270086, 1, 0, 0
18900, 961860, 0, 0, 0
18905, 1237347, 1, 0, 0
19000, 952144, 0, 0, 0
19002, 1271936, 1, 0, 0
19100, 942830, 0, 0, 0
19101, 1268918, 1, 0, 0
19200, 970605, 0, 0, 0
19202, 1267714, 1, 0, 0
19300, 957534, 0, 0, 0
19303, 1210698, 1, 0, 0
19400, 963036, 0, 0, 0
19402, 1249070, 1, 0, 0
19500, 982632, 0, 0, 0
19505, 1194814, 1, 0, 0
19600, 958051, 0, 0, 0
19603, 1246423, 1, 0, 0
19701, 1219162, 1, 0, 0
19703, 944639, 0, 0, 0
19800, 938122, 0, 0, 0
19806, 1233311, 1, 0, 0
19900, 955527, 0, 0, 0
19903, 1285180, 1, 0, 0
20000, 943372, 0, 0, 0
20009, 1280937, 1, 0, 0
20100, 963095, 0, 0, 0
20108, 1185368, 1, 0, 0
20200, 972883, 0, 0, 0
20206, 1195008, 1, 0, 0
20300, 953519, 0, 0, 0
20303, 1203907, 1, 0, 0
20400, 1203995, 1, 0, 0
20401, 955837, 0, 0, 0
20500, 961218, 0, 0, 0
20503, 1250917, 1, 0, 0
20600, 942243, 0, 0, 0
20603, 1245384, 1, 0, 0
20701, 1257922, 1, 0, 0
20703, 968782, 0, 0, 0
20800, 930704, 0, 0, 0
20803, 1226591, 1, 0, 0
20900, 1220697, 1, 0, 0
20901, 963380, 0, 0, 0
21000, 943348, 0, 0, 0
21002, 1183867, 1, 0, 0
21100, 966188, 0, 0, 0
21101, 1224619, 1, 0, 0
21200, 1233830, 1, 0, 0
21201, 958663, 0, 0, 0
21300, 957384, 0, 0, 0
21302, 1247119, 1, 0, 0
21400, 940749, 0, 0, 0
21405, 1352871, 1, 0, 0
21500, 959205, 0, 0, 0
21505, 1212915, 1, 0, 0
21600, 1229972, 1, 0, 0
21604, 963739, 0, 0, 0
21700, 941150, 0, 0, 0
21703, 1253408, 1, 0, 0
21800, 958687, 0, 0, 0
21802, 1223016, 1, 0, 0
21900, 1287735, 1, 0, 0
21901, 946819, 0, 0, 0
22000, 948613, 0, 0, 0
22001, 1218856, 1, 0, 0
22100, 959450, 0, 0, 0
22102, 1227004, 1, 0, 0
22200, 973171, 0, 0, 0
22207, 1221862, 1, 0, 0
22300, 963319, 0, 0, 0
22306, 1239135, 1, 0, 0
22400, 949119, 0, 0, 0
22401, 1196777, 1, 0, 0
22500, 947787, 0, 0, 0
22506, 1201695, 1, 0, 0
22600, 1204501, 1, 0, 0
22601, 939004, 0, 0, 0
22700, 1235708, 1, 0, 0
22701, 956386, 0, 0, 0
22800, 941972, 0, 0, 0
22802, 1275033, 1, 0, 0
22900, 954226, 0, 0, 0
22901, 1211165, 1, 0, 0
23000, 952510, 0, 0, 0
23003, 1245736, 1, 0, 0
23100, 1209119, 1, 0, 0
23101, 965207, 0, 0, 0
23200, 1191418, 1, 0, 0
23201, 936639, 0, 0, 0
23300, 972158, 0, 0, 0
23305, 1253831, 1, 0, 0
23400, 933611, 0, 0, 0
23403, 1214851, 1, 0, 0
23500, 1240137, 1, 0, 0
23504, 960134, 0, 0, 0
23600, 1192694, 1, 0, 0
23601, 960861, 0, 0, 0
23701, 1271824, 1, 0, 0
23704, 968278, 0, 0, 0
23800, 1216043, 1, 0, 0
23801, 958136, 0, 0, 0
23900, 963911, 0, 0, 0
23904, 1298209, 1, 0, 0
24000, 1244829, 1, 0, 0
24002, 932489, 0, 0, 0
24100, 1249463, 1, 0, 0
24101, 976925, 0, 0, 0
24200, 963542, 0, 0, 0
24203, 1243142, 1, 0, 0
24300, 925164, 0, 0, 0
24303, 1213013, 1, 0, 0
24400, 1272937, 1, 0, 0
24401, 923797, 0, 0, 0
24501, 1197777, 1, 0, 0
24502, 936651, 0, 0, 0
24600, 923838, 0, 0, 0
24617, 1206542, 1, 0, 0
24700, 940863, 0, 0, 0
24704, 1213848, 1, 0, 0
24800, 1219481, 1, 0, 0
24801, 930891, 0, 0, 0
24900, 940843, 0, 0, 0
24902, 1305915, 1, 0, 0
25000, 924071, 0, 0, 0
25001, 1220148, 1, 0, 0
25100, 917959, 0, 0, 0
25101, 1149887, 1, 0, 0
25200, 922286, 0, 0, 0
25206, 1211114, 1, 0, 0
25300, 928853, 0, 0, 0
25301, 1266873, 1, 0, 0
25400, 971554, 0, 0, 0
25402, 1320754, 1, 0, 0
25500, 958966, 0, 0, 0
25502, 1219047, 1, 0, 0
25600, 968296, 0, 0, 0
25602, 1270314, 1, 0, 0
25700, 944697, 0, 0, 0
25703, 1267742, 1, 0, 0
25800, 1219167, 1, 0, 0
25804, 965946, 0, 0, 0
25901, 1215249, 1, 0, 0
25902, 987681, 0, 0, 0
26000, 948699, 0, 0, 0
26006, 1255488, 1, 0, 0
26100, 968685, 0, 0, 0
26102, 1228418, 1, 0, 0
26200, 954755, 0, 0, 0
26201, 1220336, 1, 0, 0
26300, 1215368, 1, 0, 0
26301, 947725, 0, 0, 0
26400, 985292, 0, 0, 0
26409, 1287909, 1, 0, 0
26500, 952810, 0, 0, 0
26502, 1256679, 1, 0, 0
26600, 1229680, 1, 0, 0
26601, 953145, 0, 0, 0
26700, 1234986, 1, 0, 0
26701, 949009, 0, 0, 0
26800, 932974, 0, 0, 0
26802, 1196456, 1, 0, 0
26900, 957349, 0, 0, 0
26905, 1165681, 1, 0, 0
27000, 952124, 0, 0, 0
27002, 1204078, 1, 0, 0
27100, 931224, 0, 0, 0
27101, 1199405, 1, 0, 0
27200, 953823, 0, 0, 0
27208, 1201758, 1, 0, 0
27300, 960515, 0, 0, 0
27304, 1245862, 1, 0, 0
27400, 1197732, 1, 0, 0
27405, 942415, 0, 0, 0
27500, 972723, 0, 0, 0
27502, 1235300, 1, 0, 0
27600, 1261441, 1, 0, 0
27602, 973024, 0, 0, 0
27700, 962440, 0, 0, 0
27704, 1242991, 1, 0, 0
27800, 950076, 0, 0, 0
27804, 1219888, 1, 0, 0
27900, 993141, 0, 0, 0
27901, 1271176, 1, 0, 0
28000, 943944, 0, 0, 0
28003, 1211019, 1, 0, 0
28100, 960914, 0, 0, 0
28105, 1250833, 1, 0, 0
28200, 973685, 0, 0, 0
28201, 1236177, 1, 0, 0
28301, 1219930, 1, 0, 0
28303, 959602, 0, 0, 0
28400, 966169, 0, 0, 0
28410, 1229090, 1, 0, 0
28501, 1181281, 1, 0, 0
28505, 941392, 0, 0, 0
28600, 1232605, 1, 0, 0
28601, 947323, 0, 0, 0
28700, 922707, 0, 0, 0
28702, 1206593, 1, 0, 0
28800, 936178, 0, 0, 0
28801, 1268688, 1, 0, 0
28900, 1256503, 1, 0, 0
28901, 970268, 0, 0, 0
29000, 1249984, 1, 0, 0
29005, 974807, 0, 0, 0
29100, 1252128, 1, 0, 0
29101, 958833, 0, 0, 0
29200, 959332, 0, 0, 0
29202, 1241900, 1, 0, 0
29300, 953020, 0, 0, 0
29302, 1292807, 1, 0, 0
29400, 1237664, 1, 0, 0
29401, 947132, 0, 0, 0
29500, 1273459, 1, 0, 0
29501, 948016, 0, 0, 0
29600, 949069, 0, 0, 0
29603, 1189819, 1, 0, 0
29700, 1231615, 1, 0, 0
29701, 945259, 0, 0, 0
29800, 956758, 0, 0, 0
29808, 1257203, 1, 0, 0
29900, 945595, 0, 0, 0
29901, 1201380, 1, 0, 0
30000, 949245, 0, 0, 0
30018, 1192973, 1, 0, 0
30100, 1173849, 1, 0, 0
30102, 933276, 0, 0, 0
30200, 963982, 0, 0, 0
30204, 1219664, 1, 0, 0
30300, 962922, 0, 0, 0
30303, 1247434, 1, 0, 0
30401, 1177467, 1, 0, 0
30402, 951409, 0, 0, 0
30500, 969618, 0, 0, 0
30502, 1191417, 1, 0, 0
30600, 1228272, 1, 0, 0
30602, 953711, 0, 0, 0
30700, 1166262, 1, 0, 0
30703, 956376, 0, 0, 0
30800, 986479, 0, 0, 0
30809, 1216866, 1, 0, 0
30900, 1245619, 1, 0, 0
30901, 942996, 0, 0, 0
31000, 945678, 0, 0, 0
31001, 1235887, 1, 0, 0
31100, 915077, 0, 0, 0
31103, 1209163, 1, 0, 0
31200, 918381, 0, 0, 0
31202, 1202170, 1, 0, 0
31300, 967127, 0, 0, 0
31302, 1293129, 1, 0, 0
31400, 954234, 0, 0, 0
31404, 1256948, 1, 0, 0
31500, 956677, 0, 0, 0
31503, 1224981, 1, 0, 0
31600, 962234, 0, 0, 0
31603, 1186226, 1, 0, 0
31700, 1269464, 1, 0, 0
31701, 947909, 0, 0, 0
31801, 1179326, 1, 0, 0
31802, 947074, 0, 0, 0
31900, 936121, 0, 0, 0
31904, 1199067, 1, 0, 0
32000, 1221131, 1, 0, 0
32002, 933708, 0, 0, 0
32100, 938453, 0, 0, 0
32101, 1247105, 1, 0, 0
32200, 947340, 0, 0, 0
32201, 1195715, 1, 0, 0
32300, 976219, 0, 0, 0
32305, 1196785, 1, 0, 0
32400, 945451, 0, 0, 0
32404, 1169850, 1, 0, 0
32500, 907135, 0, 0, 0
32501, 1227635, 1, 0, 0
32600, 1228792, 1, 0, 0
32601, 906792, 0, 0, 0
32700, 1173459, 1, 0, 0
32701, 926700, 0, 0, 0
32800, 1168366, 1, 0, 0
32801, 900185, 0, 0, 0
32900, 931367, 0, 0, 0
32901, 1186064, 1, 0, 0
33001, 1181100, 1, 0, 0
33002, 913831, 0, 0, 0
33100, 882367, 0, 0, 0
33114, 1156887, 1, 0, 0
33200, 903900, 0, 0, 0
33208, 1231678, 1, 0, 0
33300, 953855, 0, 0, 0
33303, 1188451, 1, 0, 0
33400, 1235252, 1, 0, 0
33402, 926044, 0, 0, 0
33500, 963175, 0, 0, 0
33502, 1248240, 1, 0, 0
33600, 957867, 0, 0, 0
33602, 1262392, 1, 0, 0
33700, 1185849, 1, 0, 0
33702, 953740, 0, 0, 0
33800, 1184848, 1, 0, 0
33801, 934600, 0, 0, 0
33900, 937182, 0, 0, 0
33901, 1211833, 1, 0, 0
34000, 1215084, 1, 0, 0
34001, 912882, 0, 0, 0
34100, 1249991, 1, 0, 0
34101, 931831, 0, 0, 0
34200, 910379, 0, 0, 0
34206, 1199215, 1, 0, 0
34300, 938687, 0, 0, 0
34301, 1226733, 1, 0, 0
34400, 952250, 0, 0, 0
34402, 1276418, 1, 0, 0
34500, 926817, 0, 0, 0
34505, 1156499, 1, 0, 0
34600, 1233433, 1, 0, 0
34600, 931285, 0, 0, 0
34700, 922750, 0, 0, 0
34705, 1223438, 1, 0, 0
34800, 926825, 0, 0, 0
34802, 1215928, 1, 0, 0
34900, 950475, 0, 0, 0
34905, 1283934, 1, 0, 0
35000, 934004, 0, 0, 0
35002, 1228682, 1, 0, 0
35100, 938943, 0, 0, 0
35102, 1255211, 1, 0, 0
35200, 922056, 0, 0, 0
35204, 1167853, 1, 0, 0
35300, 1186734, 1, 0, 0
35301, 942176, 0, 0, 0
35400, 1205260, 1, 0, 0
35401, 935166, 0, 0, 0
35500, 1197479, 1, 0, 0
35501, 943507, 0, 0, 0
35600, 940444, 0, 0, 0
35601, 1177978, 1, 0, 0
35700, 949680, 0, 0, 0
35701, 1241518, 1, 0, 0
35800, 921216, 0, 0, 0
35801, 1219957, 1, 0, 0
35900, 1215130, 1, 0, 0
35904, 940396, 0, 0, 0
36000, 936932, 0, 0, 0
36001, 1198043, 1, 0, 0
36100, 1224331, 1, 0, 0
36101, 929195, 0, 0, 0
36200, 937912, 0, 0, 0
36205, 1261346, 1, 0, 0
36300, 913874, 0, 0, 0
36302, 1209924, 1, 0, 0
36400, 1159134, 1, 0, 0
36402, 859581, 0, 0, 0
36500, 870937, 0, 0, 0
36501, 1152800, 1, 0, 0
36600, 814832, 0, 0, 0
36601, 1154463, 1, 0, 0
36701, 859708, 0, 0, 0
36704, 1190575, 1, 0, 0
36800, 1150199, 1, 0, 0
36801, 809956, 0, 0, 0
36900, 1184183, 1, 0, 0
36901, 823585, 0, 0, 0
37000, 820794, 0, 0, 0
37002, 1215429, 1, 0, 0
37100, 812793, 0, 0, 0
37101, 1185116, 1, 0, 0
37200, 1235453, 1, 0, 0
37201, 816173, 0, 0, 0
37301, 1147827, 1, 0, 0
37301, 831202, 0, 0, 0
37400, 1213865, 1, 0, 0
37401, 813770, 0, 0, 0
37500, 842983, 0, 0, 0
37502, 1157037, 1, 0, 0
37600, 1181704, 1, 0, 0
37603, 825140, 0, 0, 0
37700, 838680, 0, 0, 0
37701, 1156433, 1, 0, 0
37801, 1132724, 1, 0, 0
37801, 812724, 0, 0, 0
37900, 1151110, 1, 0, 0
37901, 873706, 0, 0, 0
38001, 1183911, 1, 0, 0
38002, 904009, 0, 0, 0
38101, 1189052, 1, 0, 0
38101, 915498, 0, 0, 0
38200, 1225369, 1, 0, 0
38201, 903092, 0, 0, 0
38300, 899761, 0, 0, 0
38304, 1311645, 1, 0, 0
38400, 883246, 0, 0, 0
38402, 1172125, 1, 0, 0
38500, 1156043, 1, 0, 0
38500, 900406, 0, 0, 0
38600, 877969, 0, 0, 0
38602, 1201690, 1, 0, 0
38700, 905635, 0, 0, 0
38707, 1181699, 1, 0, 0
38800, 1228938, 1, 0, 0
38801, 899416, 0, 0, 0
38900, 1163486, 1, 0, 0
38901, 924940, 0, 0, 0
39000, 1183519, 1, 0, 0
39001, 914588, 0, 0, 0
39100, 1159652, 1, 0, 0
39101, 896287, 0, 0, 0
39200, 1220915, 1, 0, 0
39202, 955522, 0, 0, 0
39300, 1190585, 1, 0, 0
39301, 938787, 0, 0, 0
39400, 1230608, 1, 0, 0
39402, 926396, 0, 0, 0
39500, 1148867, 1, 0, 0
39501, 956739, 0, 0, 0
39600, 1244148, 1, 0, 0
39601, 936746, 0, 0, 0
39700, 1159050, 1, 0, 0
39701, 903011, 0, 0, 0
39800, 902368, 0, 0, 0
39807, 1197368, 1, 0, 0
39900, 1298938, 1, 0, 0
39901, 893710, 0, 0, 0
40000, 882528, 0, 0, 0
40006, 1167670, 1, 0, 0
40101, 1230530, 1, 0, 0
40102, 900718, 0, 0, 0
40200, 1223235, 1, 0, 0
40201, 898781, 0, 0, 0
40300, 883762, 0, 0, 0
40302, 1228615, 1, 0, 0
40400, 922605, 0, 0, 0
40404, 1161299, 1, 0, 0
40500, 907971, 0, 0, 0
40501, 1212506, 1, 0, 0
40600, 897419, 0, 0, 0
40601, 1182674, 1, 0, 0
40700, 890918, 0, 0, 0
40704, 1234895, 1, 0, 0
40800, 884973, 0, 0, 0
40801, 1179048, 1, 0, 0
40900, 1197471, 1, 0, 0
40902, 898889, 0, 0, 0
41001, 1245113, 1, 0, 0
41003, 927827, 0, 0, 0
41101, 1205828, 1, 0, 0
41102, 938919, 0, 0, 0
41200, 1183573, 1, 0, 0
41201, 908989, 0, 0, 0
41300, 914734, 0, 0, 0
41304, 1207078, 1, 0, 0
41400, 920485, 0, 0, 0
41403, 1210843, 1, 0, 0
41500, 1160368, 1, 0, 0
41501, 886828, 0, 0, 0
41600, 1255668, 1, 0, 0
41602, 883376, 0, 0, 0
41700, 935718, 0, 0, 0
41703, 1221061, 1, 0, 0
41800, 962884, 0, 0, 0
41802, 1238738, 1, 0, 0
41900, 914582, 0, 0, 0
41906, 1194691, 1, 0, 0
42000, 898201, 0, 0, 0
42002, 1172134, 1, 0, 0
42100, 1183164, 1, 0, 0
42102, 897586, 0, 0, 0
42200, 904217, 0, 0, 0
42202, 1205456, 1, 0, 0
42300, 932001, 0, 0, 0
42303, 1201849, 1, 0, 0
42400, 915731, 0, 0, 0
42404, 1298262, 1, 0, 0
42500, 933610, 0, 0, 0
42504, 1256833, 1, 0, 0
42600, 912927, 0, 0, 0
42607, 1252710, 1, 0, 0
42700, 919295, 0, 0, 0
42703, 1283750, 1, 0, 0
42800, 909990, 0, 0, 0
42802, 1190827, 1, 0, 0
42900, 926758, 0, 0, 0
42903, 1257697, 1, 0, 0
43000, 1329978, 1, 0, 0
43002, 928987, 0, 0, 0
43100, 905908, 0, 0, 0
43101, 1285500, 1, 0, 0
43200, 922796, 0, 0, 0
43203, 1190300, 1, 0, 0
43300, 904107, 0, 0, 0
43303, 1203051, 1, 0, 0
43400, 1183227, 1, 0, 0
43401, 901994, 0, 0, 0
43500, 913447, 0, 0, 0
43502, 1180876, 1, 0, 0
43600, 930913, 0, 0, 0
43608, 1247118, 1, 0, 0
43700, 1270330, 1, 0, 0
43701, 962129, 0, 0, 0
43800, 1305504, 1, 0, 0
43802, 962060, 0, 0, 0
43900, 964760, 0, 0, 0
43902, 1227742, 1, 0, 0
44000, 1229050, 1, 0, 0
44002, 950708, 0, 0, 0
44100, 945683, 0, 0, 0
44103, 1206700, 1, 0, 0
44200, 1293689, 1, 0, 0
44200, 939384, 0, 0, 0
44300, 943449, 0, 0, 0
44302, 1231769, 1, 0, 0
44400, 1265249, 1, 0, 0
44403, 934512, 0, 0, 0
44501, 1219530, 1, 0, 0
44503, 902624, 0, 0, 0
44600, 914477, 0, 0, 0
44603, 1202125, 1, 0, 0
44700, 900326, 0, 0, 0
44703, 1230194, 1, 0, 0
44800, 903895, 0, 0, 0
44803, 1173004, 1, 0, 0
44900, 886979, 0, 0, 0
44902, 1187432, 1, 0, 0
45000, 1165771, 1, 0, 0
45003, 895043, 0, 0, 0
45100, 909857, 0, 0, 0
45106, 1228526, 1, 0, 0
45200, 915257, 0, 0, 0
45201, 1204241, 1, 0, 0
45300, 920187, 0, 0, 0
45302, 1259796, 1, 0, 0
45400, 1216227, 1, 0, 0
45402, 930303, 0, 0, 0
45500, 936593, 0, 0, 0
45509, 1219456, 1, 0, 0
45600, 939499, 0, 0, 0
45601, 1246007, 1, 0, 0
45700, 1211248, 1, 0, 0
45703, 930419, 0, 0, 0
45800, 920656, 0, 0, 0
45804, 1212200, 1, 0, 0
45900, 1260439, 1, 0, 0
45902, 965278, 0, 0, 0
46000, 962209, 0, 0, 0
46001, 1283863, 1, 0, 0
46100, 1182555, 1, 0, 0
46101, 917110, 0, 0, 0
46200, 1196838, 1, 0, 0
46204, 914736, 0, 0, 0
46300, 921669, 0, 0, 0
46305, 1239387, 1, 0, 0
46400, 1213384, 1, 0, 0
46401, 943722, 0, 0, 0
46500, 952199, 0, 0, 0
46503, 1248865, 1, 0, 0
46600, 938838, 0, 0, 0
46602, 1297995, 1, 0, 0
46700, 977195, 0, 0, 0
46701, 1229454, 1, 0, 0
46800, 952589, 0, 0, 0
46803, 1234962, 1, 0, 0
46900, 932629, 0, 0, 0
46901, 1248796, 1, 0, 0
47000, 936032, 0, 0, 0
47003, 1324871, 1, 0, 0
47100, 1237267, 1, 0, 0
47104, 924818, 0, 0, 0
47200, 928193, 0, 0, 0
47204, 1204973, 1, 0, 0
47300, 1197378, 1, 0, 0
47300, 907877, 0, 0, 0
47400, 1149016, 1, 0, 0
47402, 901129, 0, 0, 0
47500, 889768, 0, 0, 0
47502, 1175273, 1, 0, 0
47600, 899145, 0, 0, 0
47601, 1162779, 1, 0, 0
47700, 910417, 0, 0, 0
47701, 1168667, 1, 0, 0
47801, 1225504, 1, 0, 0
47803, 930733, 0, 0, 0
47900, 918121, 0, 0, 0
47902, 1248506, 1, 0, 0
48000, 1163789, 1, 0, 0
48001, 907989, 0, 0, 0
48100, 888256, 0, 0, 0
48102, 1242361, 1, 0, 0
48200, 935209, 0, 0, 0
48204, 1211267, 1, 0, 0
48300, 1233609, 1, 0, 0
48304, 949381, 0, 0, 0
48401, 1152345, 1, 0, 0
48401, 920998, 0, 0, 0
48500, 905689, 0, 0, 0
48501, 1235771, 1, 0, 0
48601, 1220698, 1, 0, 0
48602, 922928, 0, 0, 0
48701, 1222809, 1, 0, 0
48702, 914246, 0, 0, 0
48800, 920182, 0, 0, 0
48801, 1222242, 1, 0, 0
48900, 935117, 0, 0, 0
48905, 1235872, 1, 0, 0
49000, 1212150, 1, 0, 0
49001, 925133, 0, 0, 0
49100, 1183896, 1, 0, 0
49101, 942162, 0, 0, 0
49200, 901169, 0, 0, 0
49201, 1210150, 1, 0, 0
49301, 1149227, 1, 0, 0
49303, 910798, 0, 0, 0
49400, 943045, 0, 0, 0
49401, 1196398, 1, 0, 0
49500, 938148, 0, 0, 0
49501, 1230124, 1, 0, 0
49600, 924856, 0, 0, 0
49602, 1188918, 1, 0, 0
49700, 897063, 0, 0, 0
49701, 1222470, 1, 0, 0
49800, 1177353, 1, 0, 0
49802, 919406, 0, 0, 0
49900, 907446, 0, 0, 0
49902, 1177492, 1, 0, 0
50000, 936837, 0, 0, 0
50001, 1171583, 1, 0, 0
50101, 1162992, 1, 0, 0
50102, 907442, 0, 0, 0
50200, 921643, 0, 0, 0
50202, 1164728, 1, 0, 0
50300, 1134167, 1, 0, 0
50301, 892297, 0, 0, 0
50400, 1229346, 1, 0, 0
50402, 915003, 0, 0, 0
50501, 894541, 0, 0, 0
50503, 1194946, 1, 0, 0
50600, 919076, 0, 0, 0
50603, 1173768, 1, 0, 0
50700, 918522, 0, 0, 0
50705, 1177748, 1, 0, 0
50800, 935638, 0, 0, 0
50801, 1211094, 1, 0, 0
50900, 1176875, 1, 0, 0
50901, 936091, 0, 0, 0
51000, 945875, 0, 0, 0
51001, 1278621, 1, 0, 0
51101, 1169195, 1, 0, 0
51102, 952025, 0, 0, 0
51200, 940605, 0, 0, 0
51202, 1189822, 1, 0, 0
51301, 1228312, 1, 0, 0
51302, 927827, 0, 0, 0
51400, 1301275, 1, 0, 0
51401, 936067, 0, 0, 0
51500, 947029, 0, 0, 0
51506, 1349769, 1, 0, 0
51600, 941366, 0, 0, 0
51607, 1260173, 1, 0, 0
51700, 1218410, 1, 0, 0
51703, 957584, 0, 0, 0
51800, 1325779, 1, 0, 0
51801, 946780, 0, 0, 0
51900, 929219, 0, 0, 0
51902, 1195585, 1, 0, 0
52000, 961976, 0, 0, 0
52001, 1231284, 1, 0, 0
52100, 1202328, 1, 0, 0
52101, 933042, 0, 0, 0
52200, 1233817, 1, 0, 0
52201, 952022, 0, 0, 0
52300, 922368, 0, 0, 0
52305, 1199307, 1, 0, 0
52400, 969758, 0, 0, 0
52402, 1194969, 1, 0, 0
52500, 948661, 0, 0, 0
52504, 1232298, 1, 0, 0
52600, 934992, 0, 0, 0
52605, 1223821, 1, 0, 0
52700, 947506, 0, 0, 0
52704, 1309718, 1, 0, 0
52800, 926149, 0, 0, 0
52802, 1264311, 1, 0, 0
52900, 958556, 0, 0, 0
52902, 1248048, 1, 0, 0
53001, 964795, 0, 0, 0
53004, 1241366, 1, 0, 0
53100, 952207, 0, 0, 0
53102, 1264113, 1, 0, 0
53202, 1257619, 1, 0, 0
53203, 931958, 0, 0, 0
53300, 1231722, 1, 0, 0
53303, 964874, 0, 0, 0
53400, 1237071, 1, 0, 0
53401, 968185, 0, 0, 0
53500, 979112, 0, 0, 0
53503, 1257527, 1, 0, 0
53600, 1252732, 1, 0, 0
53601, 964463, 0, 0, 0
53700, 1232835, 1, 0, 0
53701, 961564, 0, 0, 0
53800, 938702, 0, 0, 0
53801, 1283974, 1, 0, 0
53900, 962150, 0, 0, 0
53903, 1212659, 1, 0, 0
54000, 945979, 0, 0, 0
54001, 1196420, 1, 0, 0
54100, 966992, 0, 0, 0
54105, 1281479, 1, 0, 0
54200, 989696, 0, 0, 0
54206, 1218555, 1, 0, 0
54300, 1200549, 1, 0, 0
54303, 966926, 0, 0, 0
54400, 965143, 0, 0, 0
54401, 1270025, 1, 0, 0
54500, 962171, 0, 0, 0
54504, 1243425, 1, 0, 0
54600, 940312, 0, 0, 0
54603, 1234893, 1, 0, 0
54700, 952088, 0, 0, 0
54702, 1240898, 1, 0, 0
54800, 964230, 0, 0, 0
54801, 1246829, 1, 0, 0
54900, 1206335, 1, 0, 0
54901, 946364, 0, 0, 0
55000, 962780, 0, 0, 0
55002, 1234914, 1, 0, 0
55100, 937071, 0, 0, 0
55102, 1209871, 1, 0, 0
55200, 1244427, 1, 0, 0
55204, 910001, 0, 0, 0
55300, 1195256, 1, 0, 0
55302, 918122, 0, 0, 0
55400, 930121, 0, 0, 0
55401, 1156925, 1, 0, 0
55500, 913157, 0, 0, 0
55503, 1195109, 1, 0, 0
55600, 1215766, 1, 0, 0
55601, 913371, 0, 0, 0
55700, 1197017, 1, 0, 0
55701, 883119, 0, 0, 0
55800, 1176309, 1, 0, 0
55802, 916637, 0, 0, 0
55900, 892292, 0, 0, 0
55901, 1189707, 1, 0, 0
56000, 912095, 0, 0, 0
56002, 1242255, 1, 0, 0
56100, 920141, 0, 0, 0
56101, 1315293, 1, 0, 0
56200, 898789, 0, 0, 0
56201, 1191961, 1, 0, 0
56300, 911371, 0, 0, 0
56301, 1237862, 1, 0, 0
56400, 1310878, 1, 0, 0
56402, 952500, 0, 0, 0
56500, 909913, 0, 0, 0
56503, 1210328, 1, 0, 0
56600, 912991, 0, 0, 0
56602, 1244857, 1, 0, 0
56700, 1156836, 1, 0, 0
56701, 900712, 0, 0, 0
56800, 924797, 0, 0, 0
56810, 1171293, 1, 0, 0
56900, 901690, 0, 0, 0
56912, 1234913, 1, 0, 0
57000, 927343, 0, 0, 0
57003, 1175350, 1, 0, 0
57100, 914080, 0, 0, 0
57102, 1181671, 1, 0, 0
57200, 1209056, 1, 0, 0
57201, 924738, 0, 0, 0
57300, 963991, 0, 0, 0
57302, 1198503, 1, 0, 0
57400, 919434, 0, 0, 0
57404, 1244582, 1, 0, 0
57500, 902872, 0, 0, 0
57503, 1227344, 1, 0, 0
57600, 912098, 0, 0, 0
57601, 1285266, 1, 0, 0
57700, 954958, 0, 0, 0
57701, 1267010, 1, 0, 0
57800, 1315084, 1, 0, 0
57801, 956251, 0, 0, 0
57900, 957837, 0, 0, 0
57904, 1295113, 1, 0, 0
58000, 981693, 0, 0, 0
58007, 1265628, 1, 0, 0
58100, 917706, 0, 0, 0
58104, 1179625, 1, 0, 0
58200, 905319, 0, 0, 0
58201, 1255086, 1, 0, 0
58300, 913802, 0, 0, 0
58304, 1291628, 1, 0, 0
58400, 891443, 0, 0, 0
58407, 1247133, 1, 0, 0
58501, 1208998, 1, 0, 0
58502, 939163, 0, 0, 0
58600, 961280, 0, 0, 0
58604, 1228394, 1, 0, 0
58701, 939152, 0, 0, 0
58703, 1213136, 1, 0, 0
58800, 933496, 0, 0, 0
58803, 1267050, 1, 0, 0
58900, 930137, 0, 0, 0
58901, 1222620, 1, 0, 0
59000, 919379, 0, 0, 0
59005, 1250809, 1, 0, 0
59100, 1241363, 1, 0, 0
59102, 926478, 0, 0, 0
59200, 919177, 0, 0, 0
59205, 1235142, 1, 0, 0
59300, 932552, 0, 0, 0
59304, 1259809, 1, 0, 0
59400, 926967, 0, 0, 0
59402, 1264170, 1, 0, 0
59500, 920067, 0, 0, 0
59502, 1224793, 1, 0, 0
59600, 935055, 0, 0, 0
59603, 1233556, 1, 0, 0
59700, 1186958, 1, 0, 0
59701, 960762, 0, 0, 0
59800, 1212346, 1, 0, 0
59801, 959995, 0, 0, 0
59901, 1305980, 1, 0, 0
59903, 966168, 0, 0, 0
60000, 936176, 0, 0, 0
60002, 1242046, 1, 0, 0
60100, 941115, 0, 0, 0
60101, 1234977, 1, 0, 0
60200, 1278135, 1, 0, 0
60203, 950500, 0, 0, 0
60300, 1292852, 1, 0, 0
60301, 936865, 0, 0, 0
60400, 957265, 0, 0, 0
60403, 1206002, 1, 0, 0
60500, 969219, 0, 0, 0
60505, 1233047, 1, 0, 0
60600, 943641, 0, 0, 0
60601, 1197462, 1, 0, 0
60701, 1199220, 1, 0, 0
60702, 932873, 0, 0, 0
60800, 943053, 0, 0, 0
60801, 1242684, 1, 0, 0
60900, 940610, 0, 0, 0
60907, 1258410, 1, 0, 0
61000, 839751, 0, 0, 0
61001, 1176399, 1, 0, 0
61101, 1224835, 1, 0, 0
61101, 813719, 0, 0, 0
61200, 1198671, 1, 0, 0
61201, 791259, 0, 0, 0
61300, 810302, 0, 0, 0
61302, 1220400, 1, 0, 0
61400, 813796, 0, 0, 0
61404, 1255074, 1, 0, 0
61500, 817619, 0, 0, 0
61504, 1227719, 1, 0, 0
61600, 805619, 0, 0, 0
61601, 1218611, 1, 0, 0
61700, 818705, 0, 0, 0
61702, 1181142, 1, 0, 0
61800, 820844, 0, 0, 0
61804, 1134547, 1, 0, 0
61900, 1189916, 1, 0, 0
61901, 832357, 0, 0, 0
62000, 1173499, 1, 0, 0
62001, 826271, 0, 0, 0
62100, 1127188, 1, 0, 0
62100, 817456, 0, 0, 0
62200, 837665, 0, 0, 0
62205, 1246150, 1, 0, 0
62300, 832892, 0, 0, 0
62301, 1173309, 1, 0, 0
62400, 1229235, 1, 0, 0
62401, 825981, 0, 0, 0
62501, 1225852, 1, 0, 0
62501, 826893, 0, 0, 0
62600, 820450, 0, 0, 0
62602, 1206163, 1, 0, 0
62700, 1160033, 1, 0, 0
62703, 812696, 0, 0, 0
62800, 1155950, 1, 0, 0
62801, 828727, 0, 0, 0
62900, 1192530, 1, 0, 0
62902, 848626, 0, 0, 0
63000, 1202270, 1, 0, 0
63001, 883081, 0, 0, 0
63100, 889132, 0, 0, 0
63102, 1201703, 1, 0, 0
63200, 1202028, 1, 0, 0
63201, 892367, 0, 0, 0
63300, 918440, 0, 0, 0
63304, 1219642, 1, 0, 0
63400, 889215, 0, 0, 0
63408, 1190763, 1, 0, 0
63500, 1188435, 1, 0, 0
63501, 903589, 0, 0, 0
63600, 891048, 0, 0, 0
63601, 1202536, 1, 0, 0
63700, 934690, 0, 0, 0
63703, 1210896, 1, 0, 0
63801, 1188998, 1, 0, 0
63802, 900731, 0, 0, 0
63900, 909613, 0, 0, 0
63904, 1191171, 1, 0, 0
64000, 833450, 0, 0, 0
64004, 1181380, 1, 0, 0
64100, 808931, 0, 0, 0
64104, 1153421, 1, 0, 0
64200, 830309, 0, 0, 0
64201, 1222955, 1, 0, 0
64300, 1212647, 1, 0, 0
64301, 811945, 0, 0, 0
64400, 1218769, 1, 0, 0
64400, 858675, 0, 0, 0
64500, 1232138, 1, 0, 0
64501, 823590, 0, 0, 0
64600, 830791, 0, 0, 0
64602, 1240238, 1, 0, 0
64700, 1152960, 1, 0, 0
64701, 828237, 0, 0, 0
64800, 824332, 0, 0, 0
64801, 1197229, 1, 0, 0
64900, 823593, 0, 0, 0
64903, 1186772, 1, 0, 0
65000, 830216, 0, 0, 0
65014, 1190007, 1, 0, 0
65101, 1195357, 1, 0, 0
65102, 823923, 0, 0, 0
65200, 814266, 0, 0, 0
65212, 1134319, 1, 0, 0
65300, 811245, 0, 0, 0
65302, 1139517, 1, 0, 0
65401, 1167226, 1, 0, 0
65401, 820685, 0, 0, 0
65500, 847548, 0, 0, 0
65501, 1194306, 1, 0, 0
65600, 818544, 0, 0, 0
65603, 1133069, 1, 0, 0
65700, 1131531, 1, 0, 0
65702, 820226, 0, 0, 0
65800, 828001, 0, 0, 0
65804, 1239426, 1, 0, 0
65900, 827381, 0, 0, 0
65918, 1188506, 1, 0, 0
66001, 1295697, 1, 0, 0
66004, 828404, 0, 0, 0
66100, 829736, 0, 0, 0
66101, 1215414, 1, 0, 0
66200, 824696, 0, 0, 0
66202, 1182155, 1, 0, 0
66300, 1178376, 1, 0, 0
66302, 858407, 0, 0, 0
66400, 838760, 0, 0, 0
66404, 1201314, 1, 0, 0
66500, 1185538, 1, 0, 0
66501, 832601, 0, 0, 0
66600, 1192587, 1, 0, 0
66603, 874363, 0, 0, 0
66700, 1209842, 1, 0, 0
66702, 879604, 0, 0, 0
66800, 865050, 0, 0, 0
66809, 1199077, 1, 0, 0
66900, 849990, 0, 0, 0
66909, 1208141, 1, 0, 0
67000, 1190712, 1, 0, 0
67003, 867933, 0, 0, 0
67100, 857945, 0, 0, 0
67109, 1167310, 1, 0, 0
67200, 857206, 0, 0, 0
67202, 1201262, 1, 0, 0
67300, 863677, 0, 0, 0
67305, 1217933, 1, 0, 0
67400, 889715, 0, 0, 0
67405, 1203909, 1, 0, 0
67500, 1238248, 1, 0, 0
67500, 891535, 0, 0, 0
67600, 886017, 0, 0, 0
67603, 1172720, 1, 0, 0
67700, 904463, 0, 0, 0
67706, 1327003, 1, 0, 0
67800, 1234414, 1, 0, 0
67801, 914975, 0, 0, 0
67900, 975896, 0, 0, 0
67906, 1267711, 1, 0, 0
68000, 991184, 0, 0, 0
68002, 1305825, 1, 0, 0
68100, 962718, 0, 0, 0
68107, 1262294, 1, 0, 0
68200, 938676, 0, 0, 0
68202, 1236689, 1, 0, 0
68300, 927797, 0, 0, 0
68304, 1174566, 1, 0, 0
68400, 1251116, 1, 0, 0
68401, 942700, 0, 0, 0
68500, 1163462, 1, 0, 0
68501, 929873, 0, 0, 0
68600, 931870, 0, 0, 0
68602, 1162406, 1, 0, 0
68700, 914956, 0, 0, 0
68702, 1212374, 1, 0, 0
68800, 915831, 0, 0, 0
68802, 1207752, 1, 0, 0
68900, 900962, 0, 0, 0
68901, 1265675, 1, 0, 0
69000, 1240847, 1, 0, 0
69001, 921928, 0, 0, 0
69100, 923955, 0, 0, 0
69103, 1212276, 1, 0, 0
69200, 921063, 0, 0, 0
69204, 1233665, 1, 0, 0
69300, 1228711, 1, 0, 0
69301, 933852, 0, 0, 0
69400, 1201560, 1, 0, 0
69402, 909372, 0, 0, 0
69500, 932109, 0, 0, 0
69503, 1305123, 1, 0, 0
69600, 1221470, 1, 0, 0
69601, 933052, 0, 0, 0
69700, 855066, 0, 0, 0
69703, 1190316, 1, 0, 0
69801, 1202878, 1, 0, 0
69803, 812506, 0, 0, 0
69900, 794045, 0, 0, 0
69904, 1231621, 1, 0, 0
70000, 841650, 0, 0, 0
70002, 1203297, 1, 0, 0
70100, 1187625, 1, 0, 0
70101, 821164, 0, 0, 0
70200, 847548, 0, 0, 0
70201, 1292122, 1, 0, 0
70301, 1242024, 1, 0, 0
70301, 839049, 0, 0, 0
70400, 1276548, 1, 0, 0
70401, 826495, 0, 0, 0
70500, 806664, 0, 0, 0
70502, 1201422, 1, 0, 0
70600, 836269, 0, 0, 0
70601, 1155575, 1, 0, 0
70700, 1200018, 1, 0, 0
70701, 826692, 0, 0, 0
70800, 1183130, 1, 0, 0
70801, 906982, 0, 0, 0
70900, 950263, 0, 0, 0
70921, 1196126, 1, 0, 0
71000, 954594, 0, 0, 0
71005, 1186770, 1, 0, 0
71100, 928692, 0, 0, 0
71105, 1271044, 1, 0, 0
71200, 884386, 0, 0, 0
71201, 1176423, 1, 0, 0
71300, 1226106, 1, 0, 0
71302, 899026, 0, 0, 0
71400, 893578, 0, 0, 0
71406, 1224949, 1, 0, 0
71500, 917417, 0, 0, 0
71506, 1213528, 1, 0, 0
71600, 1244580, 1, 0, 0
71601, 899044, 0, 0, 0
71700, 1270997, 1, 0, 0
71701, 903556, 0, 0, 0
71800, 1179584, 1, 0, 0
71800, 920378, 0, 0, 0
71900, 1232477, 1, 0, 0
71901, 929122, 0, 0, 0
72000, 908545, 0, 0, 0
72004, 1206482, 1, 0, 0
72100, 1264997, 1, 0, 0
72101, 894354, 0, 0, 0
72201, 1214889, 1, 0, 0
72202, 916478, 0, 0, 0
72300, 916358, 0, 0, 0
72303, 1216725, 1, 0, 0
72400, 902011, 0, 0, 0
72404, 1216760, 1, 0, 0
72500, 1197723, 1, 0, 0
72502, 902771, 0, 0, 0
72600, 1230111, 1, 0, 0
72601, 921291, 0, 0, 0
72701, 1241127, 1, 0, 0
72706, 930181, 0, 0, 0
72800, 894342, 0, 0, 0
72802, 1227282, 1, 0, 0
72900, 1154644, 1, 0, 0
72901, 904058, 0, 0, 0
73000, 1197382, 1, 0, 0
73004, 901693, 0, 0, 0
73100, 938156, 0, 0, 0
73112, 1215412, 1, 0, 0
73200, 906963, 0, 0, 0
73206, 1236341, 1, 0, 0
73300, 891875, 0, 0, 0
73306, 1300839, 1, 0, 0
73400, 901441, 0, 0, 0
73404, 1198435, 1, 0, 0
73500, 898563, 0, 0, 0
73502, 1209385, 1, 0, 0
73600, 1226885, 1, 0, 0
73602, 919889, 0, 0, 0
73701, 1267851, 1, 0, 0
73703, 926584, 0, 0, 0
73800, 888048, 0, 0, 0
73804, 1205922, 1, 0, 0
73900, 926310, 0, 0, 0
73901, 1228373, 1, 0, 0
74000, 937798, 0, 0, 0
74001, 1242041, 1, 0, 0
74100, 1226585, 1, 0, 0
74101, 912442, 0, 0, 0
74200, 1290961, 1, 0, 0
74202, 915338, 0, 0, 0
74300, 911150, 0, 0, 0
74304, 1190117, 1, 0, 0
74400, 1201228, 1, 0, 0
74401, 912771, 0, 0, 0
74500, 924252, 0, 0, 0
74506, 1208601, 1, 0, 0
74600, 892055, 0, 0, 0
74606, 1228009, 1, 0, 0
74701, 1245629, 1, 0, 0
74701, 903794, 0, 0, 0
74800, 904500, 0, 0, 0
74807, 1230285, 1, 0, 0
74900, 1230719, 1, 0, 0
74901, 933936, 0, 0, 0
75000, 943376, 0, 0, 0
75002, 1294563, 1, 0, 0
75100, 930398, 0, 0, 0
75111, 1254726, 1, 0, 0
75200, 966300, 0, 0, 0
75201, 1237245, 1, 0, 0
75300, 932288, 0, 0, 0
75301, 1246219, 1, 0, 0
75400, 1261421, 1, 0, 0
75403, 919495, 0, 0, 0
75500, 924970, 0, 0, 0
75503, 1198304, 1, 0, 0
75600, 914502, 0, 0, 0
75602, 1161436, 1, 0, 0
75700, 1233335, 1, 0, 0
75700, 903434, 0, 0, 0
75800, 1185240, 1, 0, 0
75801, 929690, 0, 0, 0
75900, 1208518, 1, 0, 0
75901, 930205, 0, 0, 0
76000, 938292, 0, 0, 0
76003, 1200223, 1, 0, 0
76100, 1186181, 1, 0, 0
76101, 896767, 0, 0, 0
76200, 888657, 0, 0, 0
76203, 1166804, 1, 0, 0
76300, 888770, 0, 0, 0
76301, 1181738, 1, 0, 0
76400, 1218968, 1, 0, 0
76404, 904148, 0, 0, 0
76500, 902615, 0, 0, 0
76502, 1206415, 1, 0, 0
76600, 1202216, 1, 0, 0
76601, 904790, 0, 0, 0
76700, 948940, 0, 0, 0
76702, 1217029, 1, 0, 0
76800, 944246, 0, 0, 0
76802, 1272435, 1, 0, 0
76900, 942187, 0, 0, 0
76902, 1336401, 1, 0, 0
77000, 1252301, 1, 0, 0
77004, 921423, 0, 0, 0
77100, 880955, 0, 0, 0
77101, 1186860, 1, 0, 0
77201, 1224028, 1, 0, 0
77202, 916932, 0, 0, 0
77300, 919036, 0, 0, 0
77304, 1186422, 1, 0, 0
77400, 1252476, 1, 0, 0
77401, 901013, 0, 0, 0
77500, 902193, 0, 0, 0
77501, 1200840, 1, 0, 0
77600, 1174647, 1, 0, 0
77601, 901944, 0, 0, 0
77700, 1162879, 1, 0, 0
77701, 889492, 0, 0, 0
77801, 1223462, 1, 0, 0
77803, 901250, 0, 0, 0
77900, 1276749, 1, 0, 0
77902, 902167, 0, 0, 0
78000, 1246272, 1, 0, 0
78001, 919754, 0, 0, 0
78100, 1222106, 1, 0, 0
78101, 884135, 0, 0, 0
78200, 903936, 0, 0, 0
78208, 1241132, 1, 0, 0
78300, 929998, 0, 0, 0
78304, 1297826, 1, 0, 0
78400, 1325900, 1, 0, 0
78402, 897420, 0, 0, 0
78500, 1211139, 1, 0, 0
78502, 923399, 0, 0, 0
78601, 1263689, 1, 0, 0
78602, 927237, 0, 0, 0
78700, 1229298, 1, 0, 0
78701, 939542, 0, 0, 0
78801, 1284261, 1, 0, 0
78801, 958639, 0, 0, 0
78900, 935027, 0, 0, 0
78901, 1251292, 1, 0, 0
79000, 1242982, 1, 0, 0
79001, 971256, 0, 0, 0
79100, 975931, 0, 0, 0
79106, 1264673, 1, 0, 0
79200, 941871, 0, 0, 0
79203, 1224254, 1, 0, 0
79300, 932240, 0, 0, 0
79305, 1338819, 1, 0, 0
79400, 1272880, 1, 0, 0
79404, 981308, 0, 0, 0
79500, 928571, 0, 0, 0
79505, 1229140, 1, 0, 0
79600, 952029, 0, 0, 0
79602, 1214707, 1, 0, 0
79700, 931893, 0, 0, 0
79706, 1286517, 1, 0, 0
79800, 937569, 0, 0, 0
79803, 1283323, 1, 0, 0
79900, 957975, 0, 0, 0
79901, 1261468, 1, 0, 0
80000, 1229194, 1, 0, 0
80000, 941261, 0, 0, 0
80100, 950282, 0, 0, 0
80105, 1222072, 1, 0, 0
80200, 936958, 0, 0, 0
80203, 1229088, 1, 0, 0
80300, 1241484, 1, 0, 0
80301, 937851, 0, 0, 0
80400, 1329703, 1, 0, 0
80401, 962388, 0, 0, 0
80500, 938451, 0, 0, 0
80506, 1308251, 1, 0, 0
80600, 947065, 0, 0, 0
80608, 1237204, 1, 0, 0
80700, 1341643, 1, 0, 0
80701, 952702, 0, 0, 0
80800, 943021, 0, 0, 0
80802, 1237149, 1, 0, 0
80900, 958809, 0, 0, 0
80903, 1203706, 1, 0, 0
81000, 1216432, 1, 0, 0
81001, 958156, 0, 0, 0
81100, 943553, 0, 0, 0
81103, 1284407, 1, 0, 0
81200, 1243992, 1, 0, 0
81203, 961742, 0, 0, 0
81300, 962465, 0, 0, 0
81308, 1270987, 1, 0, 0
81400, 1224253, 1, 0, 0
81401, 953667, 0, 0, 0
81500, 946851, 0, 0, 0
81501, 1255283, 1, 0, 0
81600, 954085, 0, 0, 0
81602, 1224430, 1, 0, 0
81700, 1266961, 1, 0, 0
81701, 945501, 0, 0, 0
81800, 1219317, 1, 0, 0
81802, 946729, 0, 0, 0
81900, 940185, 0, 0, 0
81910, 1224269, 1, 0, 0
82000, 922107, 0, 0, 0
82007, 1193645, 1, 0, 0
82101, 1285309, 1, 0, 0
82102, 956158, 0, 0, 0
82200, 921169, 0, 0, 0
82201, 1196953, 1, 0, 0
82300, 945326, 0, 0, 0
82301, 1275802, 1, 0, 0
82400, 945288, 0, 0, 0
82401, 1248672, 1, 0, 0
82500, 1214896, 1, 0, 0
82501, 965911, 0, 0, 0
82600, 929754, 0, 0, 0
82603, 1253070, 1, 0, 0
82700, 928405, 0, 0, 0
82705, 1251242, 1, 0, 0
82801, 1269393, 1, 0, 0
82803, 940315, 0, 0, 0
82900, 1234352, 1, 0, 0
82901, 953438, 0, 0, 0
83000, 922351, 0, 0, 0
83013, 1203654, 1, 0, 0
83100, 945959, 0, 0, 0
83102, 1324334, 1, 0, 0
83200, 1182526, 1, 0, 0
83202, 928855, 0, 0, 0
83300, 960893, 0, 0, 0
83301, 1350825, 1, 0, 0
83400, 936710, 0, 0, 0
83401, 1197752, 1, 0, 0
83500, 1226871, 1, 0, 0
83501, 940889, 0, 0, 0
83600, 981631, 0, 0, 0
83601, 1224525, 1, 0, 0
83700, 948155, 0, 0, 0
83704, 1210732, 1, 0, 0
83800, 930213, 0, 0, 0
83802, 1241210, 1, 0, 0
83900, 929183, 0, 0, 0
83901, 1247571, 1, 0, 0
84000, 1243111, 1, 0, 0
84002, 963801, 0, 0, 0
84100, 935425, 0, 0, 0
84101, 1213577, 1, 0, 0
84200, 1235221, 1, 0, 0
84202, 966452, 0, 0, 0
84300, 1239024, 1, 0, 0
84301, 950064, 0, 0, 0
84400, 1248910, 1, 0, 0
84401, 929287, 0, 0, 0
84500, 1217100, 1, 0, 0
84500, 938825, 0, 0, 0
84600, 935555, 0, 0, 0
84605, 1227333, 1, 0, 0
84700, 911285, 0, 0, 0
84708, 1177410, 1, 0, 0
84800, 903293, 0, 0, 0
84810, 1266908, 1, 0, 0
84900, 920090, 0, 0, 0
84909, 1219459, 1, 0, 0
85000, 914664, 0, 0, 0
85002, 1241364, 1, 0, 0
85100, 912836, 0, 0, 0
85104, 1270096, 1, 0, 0
85200, 939816, 0, 0, 0
85211, 1199133, 1, 0, 0
85301, 1178725, 1, 0, 0
85302, 827798, 0, 0, 0
85401, 1203936, 1, 0, 0
85401, 812963, 0, 0, 0
85500, 834234, 0, 0, 0
85502, 1130855, 1, 0, 0
85600, 838792, 0, 0, 0
85602, 1209110, 1, 0, 0
85700, 1250773, 1, 0, 0
85701, 928098, 0, 0, 0
85800, 960897, 0, 0, 0
85806, 1212486, 1, 0, 0
85900, 1239309, 1, 0, 0
85901, 926229, 0, 0, 0
86000, 929123, 0, 0, 0
86003, 1189792, 1, 0, 0
86100, 1195866, 1, 0, 0
86101, 961212, 0, 0, 0
86200, 962371, 0, 0, 0
86209, 1197701, 1, 0, 0
86300, 951121, 0, 0, 0
86301, 1279309, 1, 0, 0
86400, 958387, 0, 0, 0
86409, 1243633, 1, 0, 0
86500, 1277396, 1, 0, 0
86501, 939412, 0, 0, 0
86600, 945883, 0, 0, 0
86604, 1277386, 1, 0, 0
86700, 918060, 0, 0, 0
86703, 1171660, 1, 0, 0
86800, 902970, 0, 0, 0
86801, 1252433, 1, 0, 0
86900, 1228617, 1, 0, 0
86900, 921877, 0, 0, 0
87000, 916097, 0, 0, 0
87001, 1276426, 1, 0, 0
87100, 1253550, 1, 0, 0
87101, 907907, 0, 0, 0
87200, 906141, 0, 0, 0
87203, 1168875, 1, 0, 0
87300, 912650, 0, 0, 0
87311, 1281769, 1, 0, 0
87400, 1205539, 1, 0, 0
87401, 948761, 0, 0, 0
87500, 1192271, 1, 0, 0
87503, 909923, 0, 0, 0
87600, 892339, 0, 0, 0
87602, 1271481, 1, 0, 0
87700, 1243041, 1, 0, 0
87703, 928877, 0, 0, 0
87800, 1251391, 1, 0, 0
87801, 913263, 0, 0, 0
87900, 919783, 0, 0, 0
87902, 1291797, 1, 0, 0
88000, 917479, 0, 0, 0
88003, 1217406, 1, 0, 0
88100, 918522, 0, 0, 0
88101, 1237156, 1, 0, 0
88201, 1175543, 1, 0, 0
88201, 889750, 0, 0, 0
88301, 1173921, 1, 0, 0
88302, 863026, 0, 0, 0
88400, 1231684, 1, 0, 0
88401, 938784, 0, 0, 0
88500, 906394, 0, 0, 0
88503, 1251647, 1, 0, 0
88600, 1275719, 1, 0, 0
88603, 907449, 0, 0, 0
88700, 891140, 0, 0, 0
88702, 1228692, 1, 0, 0
88800, 892259, 0, 0, 0
88802, 1253599, 1, 0, 0
88900, 886945, 0, 0, 0
88905, 1194621, 1, 0, 0
89000, 889956, 0, 0, 0
89003, 1203407, 1, 0, 0
89100, 1234764, 1, 0, 0
89101, 929125, 0, 0, 0
89200, 947439, 0, 0, 0
89203, 1233079, 1, 0, 0
89301, 952479, 0, 0, 0
89305, 1220192, 1, 0, 0
89400, 937145, 0, 0, 0
89405, 1229922, 1, 0, 0
89500, 1232440, 1, 0, 0
89503, 940807, 0, 0, 0
89600, 938772, 0, 0, 0
89603, 1219568, 1, 0, 0
89700, 944868, 0, 0, 0
89701, 1233724, 1, 0, 0
89800, 947335, 0, 0, 0
89801, 1220744, 1, 0, 0
89900, 949851, 0, 0, 0
89905, 1224411, 1, 0, 0
90000, 934255, 0, 0, 0
90000, 1314607, 1, 0, 0
