100, 950, 0, 0, 0
100, 290, 1, 0, 0
200, 950, 0, 0, 0
200, 360, 1, 0, 0
300, 940, 0, 0, 0
300, 360, 1, 0, 0
400, 790, 0, 0, 0
400, 440, 1, 0, 0
499, 838, 0, 0, 0
499, 363, 1, 0, 0
599, 860, 0, 0, 0
599, 390, 1, 0, 0
699, 840, 0, 0, 0
699, 450, 1, 0, 0
799, 850, 0, 0, 0
799, 370, 1, 0, 0
899, 930, 0, 0, 0
899, 320, 1, 0, 0
999, 920, 0, 0, 0
999, 400, 1, 0, 0
1099, 960, 0, 0, 0
1099, 330, 1, 0, 0
1199, 870, 0, 0, 0
1199, 360, 1, 0, 0
1300, 850, 0, 0, 0
1300, 430, 1, 0, 0
1400, 800, 0, 0, 0
1400, 470, 1, 0, 0
1500, 820, 0, 0, 0
1500, 420, 1, 0, 0
1600, 930, 0, 0, 0
1600, 300, 1, 0, 0
1700, 910, 0, 0, 0
1700, 360, 1, 0, 0
1800, 920, 0, 0, 0
1800, 360, 1, 0, 0
1900, 800, 0, 0, 0
1900, 420, 1, 0, 0
1999, 939, 0, 0, 0
1999, 373, 1, 0, 0
2099, 900, 0, 0, 0
2099, 370, 1, 0, 0
2199, 1010, 0, 0, 0
2199, 330, 1, 0, 0
2299, 1000, 0, 0, 0
2299, 290, 1, 0, 0
2399, 900, 0, 0, 0
2399, 370, 1, 0, 0
2499, 980, 0, 0, 0
2499, 340, 1, 0, 0
2599, 860, 0, 0, 0
2599, 380, 1, 0, 0
2700, 940, 0, 0, 0
2700, 360, 1, 0, 0
2800, 960, 0, 0, 0
2800, 400, 1, 0, 0
2900, 860, 0, 0, 0
2900, 440, 1, 0, 0
2999, 1060, 0, 0, 0
2999, 292, 1, 0, 0
3099, 980, 0, 0, 0
3099, 350, 1, 0, 0
3199, 1020, 0, 0, 0
3199, 330, 1, 0, 0
3299, 840, 0, 0, 0
3299, 420, 1, 0, 0
3399, 850, 0, 0, 0
3399, 370, 1, 0, 0
3499, 980, 0, 0, 0
3499, 350, 1, 0, 0
3599, 910, 0, 0, 0
3599, 380, 1, 0, 0
3699, 820, 0, 0, 0
3699, 410, 1, 0, 0
3799, 860, 0, 0, 0
3799, 420, 1, 0, 0
3899, 890, 0, 0, 0
3899, 390, 1, 0, 0
4000, 960, 0, 0, 0
4000, 300, 1, 0, 0
4100, 860, 0, 0, 0
4100, 370, 1, 0, 0
4200, 870, 0, 0, 0
4200, 410, 1, 0, 0
4300, 860, 0, 0, 0
4300, 420, 1, 0, 0
4400, 840, 0, 0, 0
4400, 400, 1, 0, 0
4499, 838, 0, 0, 0
4499, 393, 1, 0, 0
4599, 820, 0, 0, 0
4599, 400, 1, 0, 0
4699, 970, 0, 0, 0
4699, 340, 1, 0, 0
4799, 960, 0, 0, 0
4799, 340, 1, 0, 0
4899, 850, 0, 0, 0
4899, 420, 1, 0, 0
4999, 1000, 0, 0, 0
4999, 320, 1, 0, 0
5099, 910, 0, 0, 0
5099, 390, 1, 0, 0
5199, 930, 0, 0, 0
5199, 340, 1, 0, 0
5299, 960, 0, 0, 0
5299, 350, 1, 0, 0
5399, 880, 0, 0, 0
5399, 410, 1, 0, 0
5500, 870, 0, 0, 0
5500, 440, 1, 0, 0
5600, 860, 0, 0, 0
5600, 420, 1, 0, 0
5700, 830, 0, 0, 0
5700, 400, 1, 0, 0
5800, 870, 0, 0, 0
5800, 410, 1, 0, 0
5900, 900, 0, 0, 0
5900, 360, 1, 0, 0
5999, 898, 0, 0, 0
5999, 373, 1, 0, 0
6099, 860, 0, 0, 0
6099, 400, 1, 0, 0
6199, 780, 0, 0, 0
6199, 470, 1, 0, 0
6299, 820, 0, 0, 0
6299, 430, 1, 0, 0
6399, 880, 0, 0, 0
6399, 430, 1, 0, 0
6499, 890, 0, 0, 0
6499, 380, 1, 0, 0
6599, 800, 0, 0, 0
6599, 450, 1, 0, 0
6699, 850, 0, 0, 0
6699, 420, 1, 0, 0
6799, 850, 0, 0, 0
6799, 390, 1, 0, 0
6900, 900, 0, 0, 0
6900, 380, 1, 0, 0
6999, 848, 0, 0, 0
6999, 383, 1, 0, 0
7099, 860, 0, 0, 0
7099, 420, 1, 0, 0
7199, 1040, 0, 0, 0
7199, 310, 1, 0, 0
7299, 950, 0, 0, 0
7299, 400, 1, 0, 0
7399, 850, 0, 0, 0
7399, 440, 1, 0, 0
7499, 850, 0, 0, 0
7499, 380, 1, 0, 0
7599, 900, 0, 0, 0
7599, 400, 1, 0, 0
7699, 1040, 0, 0, 0
7699, 300, 1, 0, 0
7799, 930, 0, 0, 0
7799, 350, 1, 0, 0
7899, 850, 0, 0, 0
7899, 380, 1, 0, 0
7999, 830, 0, 0, 0
7999, 410, 1, 0, 0
8099, 860, 0, 0, 0
8099, 420, 1, 0, 0
8199, 920, 0, 0, 0
8199, 400, 1, 0, 0
8300, 810, 0, 0, 0
8300, 470, 1, 0, 0
8400, 880, 0, 0, 0
8400, 400, 1, 0, 0
8500, 880, 0, 0, 0
8500, 400, 1, 0, 0
8600, 920, 0, 0, 0
8600, 360, 1, 0, 0
8700, 870, 0, 0, 0
8700, 390, 1, 0, 0
8800, 900, 0, 0, 0
8800, 360, 1, 0, 0
8900, 890, 0, 0, 0
8900, 350, 1, 0, 0
8999, 979, 0, 0, 0
8999, 353, 1, 0, 0
9099, 940, 0, 0, 0
9099, 380, 1, 0, 0
9199, 920, 0, 0, 0
9199, 400, 1, 0, 0
9299, 910, 0, 0, 0
9299, 380, 1, 0, 0
9399, 1070, 0, 0, 0
9399, 300, 1, 0, 0
9499, 970, 0, 0, 0
9499, 340, 1, 0, 0
9599, 800, 0, 0, 0
9599, 440, 1, 0, 0
9699, 910, 0, 0, 0
9699, 390, 1, 0, 0
9800, 860, 0, 0, 0
9800, 430, 1, 0, 0
9900, 820, 0, 0, 0
9900, 430, 1, 0, 0
10000, 920, 0, 0, 0
10000, 350, 1, 0, 0
10100, 950, 0, 0, 0
10100, 350, 1, 0, 0
10200, 790, 0, 0, 0
10200, 410, 1, 0, 0
10300, 880, 0, 0, 0
10300, 390, 1, 0, 0
10400, 810, 0, 0, 0
10400, 420, 1, 0, 0
10499, 929, 0, 0, 0
10499, 414, 1, 0, 0
10599, 790, 0, 0, 0
10599, 460, 1, 0, 0
10699, 1010, 0, 0, 0
10699, 310, 1, 0, 0
10799, 830, 0, 0, 0
10799, 420, 1, 0, 0
10899, 900, 0, 0, 0
10899, 380, 1, 0, 0
10999, 1070, 0, 0, 0
10999, 290, 1, 0, 0
11099, 790, 0, 0, 0
11099, 430, 1, 0, 0
11199, 980, 0, 0, 0
11199, 350, 1, 0, 0
11299, 1040, 0, 0, 0
11299, 330, 1, 0, 0
11400, 920, 0, 0, 0
11400, 370, 1, 0, 0
11499, 888, 0, 0, 0
11499, 373, 1, 0, 0
11599, 880, 0, 0, 0
11599, 400, 1, 0, 0
11699, 910, 0, 0, 0
11699, 360, 1, 0, 0
11799, 880, 0, 0, 0
11799, 390, 1, 0, 0
11899, 920, 0, 0, 0
11899, 390, 1, 0, 0
11999, 930, 0, 0, 0
11999, 350, 1, 0, 0
12100, 870, 0, 0, 0
12100, 380, 1, 0, 0
12200, 770, 0, 0, 0
12200, 430, 1, 0, 0
12300, 890, 0, 0, 0
12300, 390, 1, 0, 0
12400, 1010, 0, 0, 0
12400, 310, 1, 0, 0
12499, 949, 0, 0, 0
12499, 333, 1, 0, 0
12599, 910, 0, 0, 0
12599, 370, 1, 0, 0
12699, 840, 0, 0, 0
12699, 410, 1, 0, 0
12799, 910, 0, 0, 0
12799, 370, 1, 0, 0
12899, 750, 0, 0, 0
12899, 470, 1, 0, 0
12999, 790, 0, 0, 0
12999, 420, 1, 0, 0
13099, 910, 0, 0, 0
13099, 400, 1, 0, 0
13199, 910, 0, 0, 0
13199, 320, 1, 0, 0
13299, 770, 0, 0, 0
13299, 450, 1, 0, 0
13399, 910, 0, 0, 0
13399, 360, 1, 0, 0
13499, 840, 0, 0, 0
13499, 390, 1, 0, 0
13599, 880, 0, 0, 0
13599, 360, 1, 0, 0
13700, 890, 0, 0, 0
13700, 380, 1, 0, 0
13800, 870, 0, 0, 0
13800, 410, 1, 0, 0
13900, 950, 0, 0, 0
13900, 330, 1, 0, 0
13999, 838, 0, 0, 0
13999, 323, 1, 0, 0
14099, 900, 0, 0, 0
14099, 360, 1, 0, 0
14199, 810, 0, 0, 0
14199, 430, 1, 0, 0
14299, 860, 0, 0, 0
14299, 370, 1, 0, 0
14399, 820, 0, 0, 0
14399, 400, 1, 0, 0
14500, 900, 0, 0, 0
14500, 390, 1, 0, 0
14600, 950, 0, 0, 0
14600, 340, 1, 0, 0
14700, 970, 0, 0, 0
14700, 350, 1, 0, 0
14800, 990, 0, 0, 0
14800, 310, 1, 0, 0
14900, 860, 0, 0, 0
14900, 390, 1, 0, 0
14999, 868, 0, 0, 0
14999, 393, 1, 0, 0
15099, 1030, 0, 0, 0
15099, 300, 1, 0, 0
15199, 850, 0, 0, 0
15199, 360, 1, 0, 0
15299, 840, 0, 0, 0
15299, 420, 1, 0, 0
15399, 870, 0, 0, 0
15399, 370, 1, 0, 0
15499, 920, 0, 0, 0
15499, 370, 1, 0, 0
15599, 950, 0, 0, 0
15599, 350, 1, 0, 0
15699, 940, 0, 0, 0
15699, 380, 1, 0, 0
15799, 930, 0, 0, 0
15799, 350, 1, 0, 0
15900, 880, 0, 0, 0
15900, 350, 1, 0, 0
16000, 910, 0, 0, 0
16000, 420, 1, 0, 0
16100, 950, 0, 0, 0
16100, 340, 1, 0, 0
16200, 910, 0, 0, 0
16200, 390, 1, 0, 0
16300, 910, 0, 0, 0
16300, 410, 1, 0, 0
16400, 840, 0, 0, 0
16400, 410, 1, 0, 0
16499, 858, 0, 0, 0
16499, 414, 1, 0, 0
16599, 990, 0, 0, 0
16599, 320, 1, 0, 0
16699, 1020, 0, 0, 0
16699, 320, 1, 0, 0
16799, 800, 0, 0, 0
16799, 460, 1, 0, 0
16899, 940, 0, 0, 0
16899, 340, 1, 0, 0
16999, 870, 0, 0, 0
16999, 400, 1, 0, 0
17099, 820, 0, 0, 0
17099, 410, 1, 0, 0
17199, 850, 0, 0, 0
17199, 450, 1, 0, 0
17299, 930, 0, 0, 0
17299, 390, 1, 0, 0
17399, 1020, 0, 0, 0
17399, 310, 1, 0, 0
17499, 950, 0, 0, 0
17499, 380, 1, 0, 0
17600, 840, 0, 0, 0
17600, 390, 1, 0, 0
17700, 950, 0, 0, 0
17700, 350, 1, 0, 0
17800, 1060, 0, 0, 0
17800, 290, 1, 0, 0
17900, 820, 0, 0, 0
17900, 450, 1, 0, 0
17999, 949, 0, 0, 0
17999, 343, 1, 0, 0
18099, 950, 0, 0, 0
18099, 390, 1, 0, 0
18199, 930, 0, 0, 0
18199, 300, 1, 0, 0
18299, 900, 0, 0, 0
18299, 370, 1, 0, 0
18399, 900, 0, 0, 0
18399, 370, 1, 0, 0
18499, 900, 0, 0, 0
18499, 330, 1, 0, 0
18599, 800, 0, 0, 0
18599, 410, 1, 0, 0
18699, 820, 0, 0, 0
18699, 440, 1, 0, 0
18799, 870, 0, 0, 0
18799, 390, 1, 0, 0
18899, 780, 0, 0, 0
18899, 420, 1, 0, 0
18999, 910, 0, 0, 0
19000, 350, 1, 0, 0
19100, 850, 0, 0, 0
19100, 360, 1, 0, 0
19200, 670, 0, 0, 0
19200, 510, 1, 0, 0
19300, 890, 0, 0, 0
19300, 320, 1, 0, 0
19400, 920, 0, 0, 0
19400, 360, 1, 0, 0
19499, 828, 0, 0, 0
19499, 383, 1, 0, 0
19599, 880, 0, 0, 0
19599, 380, 1, 0, 0
19699, 810, 0, 0, 0
19699, 430, 1, 0, 0
19799, 790, 0, 0, 0
19799, 450, 1, 0, 0
19899, 860, 0, 0, 0
19899, 380, 1, 0, 0
19999, 980, 0, 0, 0
19999, 330, 1, 0, 0
20099, 780, 0, 0, 0
20099, 400, 1, 0, 0
20199, 790, 0, 0, 0
20199, 390, 1, 0, 0
20299, 940, 0, 0, 0
20299, 320, 1, 0, 0
20399, 890, 0, 0, 0
20399, 380, 1, 0, 0
20499, 770, 0, 0, 0
20499, 410, 1, 0, 0
20599, 750, 0, 0, 0
20599, 440, 1, 0, 0
20699, 940, 0, 0, 0
20699, 360, 1, 0, 0
20800, 960, 0, 0, 0
20800, 330, 1, 0, 0
20900, 940, 0, 0, 0
20900, 360, 1, 0, 0
21000, 900, 0, 0, 0
21000, 380, 1, 0, 0
21100, 850, 0, 0, 0
21100, 390, 1, 0, 0
21200, 950, 0, 0, 0
21200, 370, 1, 0, 0
21300, 830, 0, 0, 0
21300, 410, 1, 0, 0
21400, 980, 0, 0, 0
21400, 370, 1, 0, 0
21499, 909, 0, 0, 0
21499, 363, 1, 0, 0
21599, 940, 0, 0, 0
21599, 350, 1, 0, 0
21699, 920, 0, 0, 0
21699, 360, 1, 0, 0
21799, 840, 0, 0, 0
21799, 400, 1, 0, 0
21899, 780, 0, 0, 0
21899, 430, 1, 0, 0
22000, 840, 0, 0, 0
22000, 360, 1, 0, 0
22100, 830, 0, 0, 0
22100, 450, 1, 0, 0
22200, 930, 0, 0, 0
22200, 350, 1, 0, 0
22300, 820, 0, 0, 0
22300, 390, 1, 0, 0
22400, 940, 0, 0, 0
22400, 300, 1, 0, 0
22499, 828, 0, 0, 0
22499, 383, 1, 0, 0
22599, 720, 0, 0, 0
22599, 480, 1, 0, 0
22699, 770, 0, 0, 0
22699, 430, 1, 0, 0
22799, 970, 0, 0, 0
22799, 330, 1, 0, 0
22899, 880, 0, 0, 0
22899, 390, 1, 0, 0
22999, 870, 0, 0, 0
22999, 360, 1, 0, 0
23099, 940, 0, 0, 0
23099, 310, 1, 0, 0
23199, 850, 0, 0, 0
23199, 370, 1, 0, 0
23299, 880, 0, 0, 0
23299, 380, 1, 0, 0
23399, 810, 0, 0, 0
23399, 390, 1, 0, 0
23500, 900, 0, 0, 0
23500, 310, 1, 0, 0
23600, 870, 0, 0, 0
23600, 350, 1, 0, 0
23700, 820, 0, 0, 0
23700, 390, 1, 0, 0
23800, 910, 0, 0, 0
23800, 340, 1, 0, 0
23900, 860, 0, 0, 0
23900, 400, 1, 0, 0
23999, 797, 0, 0, 0
23999, 393, 1, 0, 0
24099, 880, 0, 0, 0
24099, 350, 1, 0, 0
24199, 910, 0, 0, 0
24199, 360, 1, 0, 0
24300, 830, 0, 0, 0
24300, 400, 1, 0, 0
24400, 790, 0, 0, 0
24400, 440, 1, 0, 0
24499, 959, 0, 0, 0
24499, 333, 1, 0, 0
24599, 920, 0, 0, 0
24599, 350, 1, 0, 0
24699, 860, 0, 0, 0
24699, 430, 1, 0, 0
24799, 950, 0, 0, 0
24799, 310, 1, 0, 0
24899, 870, 0, 0, 0
24899, 390, 1, 0, 0
25000, 820, 0, 0, 0
25000, 420, 1, 0, 0
25100, 860, 0, 0, 0
25100, 370, 1, 0, 0
25200, 810, 0, 0, 0
25200, 380, 1, 0, 0
25300, 850, 0, 0, 0
25300, 410, 1, 0, 0
25400, 860, 0, 0, 0
25400, 390, 1, 0, 0
25499, 858, 0, 0, 0
25499, 414, 1, 0, 0
25599, 800, 0, 0, 0
25599, 450, 1, 0, 0
25699, 870, 0, 0, 0
25699, 360, 1, 0, 0
25799, 960, 0, 0, 0
25799, 340, 1, 0, 0
25899, 780, 0, 0, 0
25899, 430, 1, 0, 0
25999, 860, 0, 0, 0
25999, 360, 1, 0, 0
26099, 700, 0, 0, 0
26099, 500, 1, 0, 0
26200, 830, 0, 0, 0
26200, 400, 1, 0, 0
26300, 840, 0, 0, 0
26300, 390, 1, 0, 0
26400, 860, 0, 0, 0
26400, 420, 1, 0, 0
26499, 717, 0, 0, 0
26499, 454, 1, 0, 0
26599, 960, 0, 0, 0
26599, 330, 1, 0, 0
26699, 860, 0, 0, 0
26699, 400, 1, 0, 0
26799, 940, 0, 0, 0
26799, 350, 1, 0, 0
26899, 850, 0, 0, 0
26899, 380, 1, 0, 0
26999, 970, 0, 0, 0
26999, 260, 1, 0, 0
27099, 940, 0, 0, 0
27099, 330, 1, 0, 0
27199, 860, 0, 0, 0
27199, 400, 1, 0, 0
27299, 880, 0, 0, 0
27299, 390, 1, 0, 0
27399, 850, 0, 0, 0
27399, 380, 1, 0, 0
27499, 730, 0, 0, 0
27499, 470, 1, 0, 0
27599, 910, 0, 0, 0
27599, 360, 1, 0, 0
27700, 840, 0, 0, 0
27700, 380, 1, 0, 0
27800, 820, 0, 0, 0
27800, 360, 1, 0, 0
27900, 850, 0, 0, 0
27900, 340, 1, 0, 0
27999, 878, 0, 0, 0
27999, 404, 1, 0, 0
28099, 850, 0, 0, 0
28099, 400, 1, 0, 0
28199, 1040, 0, 0, 0
28199, 290, 1, 0, 0
28299, 900, 0, 0, 0
28299, 290, 1, 0, 0
28399, 950, 0, 0, 0
28399, 340, 1, 0, 0
28499, 820, 0, 0, 0
28499, 410, 1, 0, 0
28599, 960, 0, 0, 0
28599, 320, 1, 0, 0
28699, 840, 0, 0, 0
28699, 380, 1, 0, 0
28799, 840, 0, 0, 0
28799, 410, 1, 0, 0
28899, 890, 0, 0, 0
28899, 370, 1, 0, 0
28999, 870, 0, 0, 0
28999, 380, 1, 0, 0
29100, 890, 0, 0, 0
29100, 320, 1, 0, 0
29200, 770, 0, 0, 0
29200, 450, 1, 0, 0
29300, 870, 0, 0, 0
29300, 360, 1, 0, 0
29400, 820, 0, 0, 0
29400, 420, 1, 0, 0
29499, 868, 0, 0, 0
29499, 333, 1, 0, 0
29599, 960, 0, 0, 0
29599, 320, 1, 0, 0
29699, 890, 0, 0, 0
29699, 370, 1, 0, 0
29799, 860, 0, 0, 0
29799, 380, 1, 0, 0
29899, 850, 0, 0, 0
29899, 380, 1, 0, 0
29999, 870, 0, 0, 0
29999, 410, 1, 0, 0
30099, 800, 0, 0, 0
30099, 410, 1, 0, 0
30199, 1010, 0, 0, 0
30199, 300, 1, 0, 0
30299, 910, 0, 0, 0
30299, 310, 1, 0, 0
30399, 890, 0, 0, 0
30399, 350, 1, 0, 0
30499, 940, 0, 0, 0
30499, 340, 1, 0, 0
30600, 790, 0, 0, 0
30600, 400, 1, 0, 0
30700, 820, 0, 0, 0
30700, 420, 1, 0, 0
30800, 900, 0, 0, 0
30800, 400, 1, 0, 0
30900, 890, 0, 0, 0
30900, 400, 1, 0, 0
30999, 909, 0, 0, 0
30999, 393, 1, 0, 0
31099, 830, 0, 0, 0
31099, 460, 1, 0, 0
31199, 870, 0, 0, 0
31199, 380, 1, 0, 0
31299, 900, 0, 0, 0
31299, 370, 1, 0, 0
31399, 770, 0, 0, 0
31399, 470, 1, 0, 0
31499, 930, 0, 0, 0
31499, 380, 1, 0, 0
31599, 970, 0, 0, 0
31599, 350, 1, 0, 0
31699, 960, 0, 0, 0
31699, 370, 1, 0, 0
31799, 960, 0, 0, 0
31799, 350, 1, 0, 0
31899, 1000, 0, 0, 0
31899, 310, 1, 0, 0
31999, 940, 0, 0, 0
31999, 310, 1, 0, 0
32099, 800, 0, 0, 0
32099, 450, 1, 0, 0
32199, 840, 0, 0, 0
32199, 390, 1, 0, 0
32300, 880, 0, 0, 0
32300, 410, 1, 0, 0
32400, 920, 0, 0, 0
32400, 380, 1, 0, 0
32499, 858, 0, 0, 0
32499, 434, 1, 0, 0
32599, 1050, 0, 0, 0
32599, 300, 1, 0, 0
32699, 970, 0, 0, 0
32699, 320, 1, 0, 0
32799, 920, 0, 0, 0
32799, 350, 1, 0, 0
32899, 960, 0, 0, 0
32899, 350, 1, 0, 0
32999, 910, 0, 0, 0
32999, 350, 1, 0, 0
33099, 800, 0, 0, 0
33099, 450, 1, 0, 0
33199, 920, 0, 0, 0
33199, 380, 1, 0, 0
33299, 930, 0, 0, 0
33299, 380, 1, 0, 0
33399, 960, 0, 0, 0
33399, 370, 1, 0, 0
33499, 910, 0, 0, 0
33499, 370, 1, 0, 0
33599, 1020, 0, 0, 0
33599, 270, 1, 0, 0
33700, 790, 0, 0, 0
33700, 410, 1, 0, 0
33800, 810, 0, 0, 0
33800, 420, 1, 0, 0
33900, 950, 0, 0, 0
33900, 340, 1, 0, 0
33999, 949, 0, 0, 0
33999, 292, 1, 0, 0
34099, 810, 0, 0, 0
34099, 380, 1, 0, 0
34199, 880, 0, 0, 0
34199, 370, 1, 0, 0
34299, 940, 0, 0, 0
34299, 340, 1, 0, 0
34399, 940, 0, 0, 0
34399, 360, 1, 0, 0
34499, 980, 0, 0, 0
34499, 350, 1, 0, 0
34599, 950, 0, 0, 0
34599, 340, 1, 0, 0
34699, 890, 0, 0, 0
34699, 360, 1, 0, 0
34799, 910, 0, 0, 0
34799, 310, 1, 0, 0
34899, 920, 0, 0, 0
34899, 360, 1, 0, 0
34999, 970, 0, 0, 0
34999, 360, 1, 0, 0
35100, 820, 0, 0, 0
35100, 430, 1, 0, 0
35200, 920, 0, 0, 0
35200, 340, 1, 0, 0
35300, 950, 0, 0, 0
35300, 320, 1, 0, 0
35400, 910, 0, 0, 0
35400, 350, 1, 0, 0
35499, 1020, 0, 0, 0
35499, 313, 1, 0, 0
35599, 860, 0, 0, 0
35599, 390, 1, 0, 0
35699, 950, 0, 0, 0
35699, 290, 1, 0, 0
35799, 960, 0, 0, 0
35799, 330, 1, 0, 0
35899, 980, 0, 0, 0
35899, 350, 1, 0, 0
35999, 900, 0, 0, 0
35999, 380, 1, 0, 0
36099, 1020, 0, 0, 0
36099, 300, 1, 0, 0
36199, 840, 0, 0, 0
36199, 360, 1, 0, 0
36299, 730, 0, 0, 0
36299, 440, 1, 0, 0
36399, 780, 0, 0, 0
36399, 380, 1, 0, 0
36499, 1010, 0, 0, 0
36499, 320, 1, 0, 0
36599, 930, 0, 0, 0
36599, 390, 1, 0, 0
36699, 840, 0, 0, 0
36699, 410, 1, 0, 0
36800, 920, 0, 0, 0
36800, 360, 1, 0, 0
36900, 860, 0, 0, 0
36900, 380, 1, 0, 0
37000, 920, 0, 0, 0
37000, 370, 1, 0, 0
37100, 910, 0, 0, 0
37100, 360, 1, 0, 0
37200, 940, 0, 0, 0
37200, 330, 1, 0, 0
37300, 960, 0, 0, 0
37300, 320, 1, 0, 0
37400, 1020, 0, 0, 0
37400, 290, 1, 0, 0
37499, 848, 0, 0, 0
37499, 343, 1, 0, 0
37599, 740, 0, 0, 0
37599, 470, 1, 0, 0
37699, 830, 0, 0, 0
37699, 410, 1, 0, 0
37799, 950, 0, 0, 0
37799, 340, 1, 0, 0
37899, 920, 0, 0, 0
37899, 330, 1, 0, 0
37999, 910, 0, 0, 0
37999, 360, 1, 0, 0
38100, 860, 0, 0, 0
38100, 380, 1, 0, 0
38200, 880, 0, 0, 0
38200, 390, 1, 0, 0
38300, 840, 0, 0, 0
38300, 430, 1, 0, 0
38400, 760, 0, 0, 0
38400, 450, 1, 0, 0
38499, 939, 0, 0, 0
38499, 343, 1, 0, 0
38599, 850, 0, 0, 0
38599, 370, 1, 0, 0
38699, 900, 0, 0, 0
38699, 380, 1, 0, 0
38799, 880, 0, 0, 0
38799, 390, 1, 0, 0
38899, 890, 0, 0, 0
38899, 360, 1, 0, 0
38999, 900, 0, 0, 0
38999, 350, 1, 0, 0
39100, 1020, 0, 0, 0
39100, 350, 1, 0, 0
39200, 920, 0, 0, 0
39200, 340, 1, 0, 0
39300, 970, 0, 0, 0
39300, 320, 1, 0, 0
39400, 850, 0, 0, 0
39400, 410, 1, 0, 0
39499, 929, 0, 0, 0
39499, 373, 1, 0, 0
39599, 950, 0, 0, 0
39599, 350, 1, 0, 0
39699, 890, 0, 0, 0
39699, 370, 1, 0, 0
39799, 880, 0, 0, 0
39799, 400, 1, 0, 0
39899, 810, 0, 0, 0
39899, 420, 1, 0, 0
39999, 810, 0, 0, 0
39999, 440, 1, 0, 0
40099, 900, 0, 0, 0
40099, 380, 1, 0, 0
40199, 840, 0, 0, 0
40199, 390, 1, 0, 0
40299, 910, 0, 0, 0
40299, 380, 1, 0, 0
40399, 740, 0, 0, 0
40399, 490, 1, 0, 0
40500, 860, 0, 0, 0
40500, 370, 1, 0, 0
40600, 950, 0, 0, 0
40600, 350, 1, 0, 0
40700, 870, 0, 0, 0
40700, 350, 1, 0, 0
40800, 960, 0, 0, 0
40800, 350, 1, 0, 0
40900, 920, 0, 0, 0
40900, 340, 1, 0, 0
40999, 929, 0, 0, 0
40999, 353, 1, 0, 0
41099, 840, 0, 0, 0
41099, 420, 1, 0, 0
41199, 980, 0, 0, 0
41199, 270, 1, 0, 0
41299, 900, 0, 0, 0
41299, 380, 1, 0, 0
41399, 820, 0, 0, 0
41399, 410, 1, 0, 0
41499, 880, 0, 0, 0
41499, 390, 1, 0, 0
41599, 930, 0, 0, 0
41599, 370, 1, 0, 0
41699, 960, 0, 0, 0
41699, 330, 1, 0, 0
41799, 880, 0, 0, 0
41799, 380, 1, 0, 0
41899, 820, 0, 0, 0
41899, 410, 1, 0, 0
42000, 910, 0, 0, 0
42000, 370, 1, 0, 0
42100, 870, 0, 0, 0
42100, 400, 1, 0, 0
42200, 880, 0, 0, 0
42200, 360, 1, 0, 0
42300, 890, 0, 0, 0
42300, 370, 1, 0, 0
42400, 970, 0, 0, 0
42400, 330, 1, 0, 0
42499, 959, 0, 0, 0
42499, 323, 1, 0, 0
42599, 820, 0, 0, 0
42599, 390, 1, 0, 0
42699, 960, 0, 0, 0
42699, 270, 1, 0, 0
42799, 940, 0, 0, 0
42799, 330, 1, 0, 0
42899, 860, 0, 0, 0
42899, 430, 1, 0, 0
42999, 910, 0, 0, 0
42999, 400, 1, 0, 0
43099, 950, 0, 0, 0
43099, 380, 1, 0, 0
43199, 890, 0, 0, 0
43199, 420, 1, 0, 0
43299, 990, 0, 0, 0
43299, 270, 1, 0, 0
43399, 900, 0, 0, 0
43399, 400, 1, 0, 0
43499, 890, 0, 0, 0
43499, 380, 1, 0, 0
43599, 910, 0, 0, 0
43599, 310, 1, 0, 0
43700, 880, 0, 0, 0
43700, 370, 1, 0, 0
43800, 790, 0, 0, 0
43800, 430, 1, 0, 0
43900, 840, 0, 0, 0
43900, 430, 1, 0, 0
44000, 980, 0, 0, 0
44000, 320, 1, 0, 0
44100, 930, 0, 0, 0
44100, 380, 1, 0, 0
44200, 850, 0, 0, 0
44200, 380, 1, 0, 0
44300, 880, 0, 0, 0
44300, 390, 1, 0, 0
44400, 1000, 0, 0, 0
44400, 300, 1, 0, 0
44499, 777, 0, 0, 0
44499, 454, 1, 0, 0
44599, 810, 0, 0, 0
44599, 480, 1, 0, 0
44699, 970, 0, 0, 0
44699, 390, 1, 0, 0
44799, 860, 0, 0, 0
44799, 350, 1, 0, 0
44899, 860, 0, 0, 0
44899, 420, 1, 0, 0
44999, 900, 0, 0, 0
44999, 440, 1, 0, 0
45099, 900, 0, 0, 0
45099, 380, 1, 0, 0
45200, 850, 0, 0, 0
45200, 370, 1, 0, 0
45300, 960, 0, 0, 0
45300, 380, 1, 0, 0
45400, 750, 0, 0, 0
45400, 430, 1, 0, 0
45500, 970, 0, 0, 0
45500, 350, 1, 0, 0
45600, 970, 0, 0, 0
45600, 340, 1, 0, 0
45700, 860, 0, 0, 0
45700, 440, 1, 0, 0
45800, 820, 0, 0, 0
45800, 440, 1, 0, 0
45900, 970, 0, 0, 0
45900, 320, 1, 0, 0
45999, 848, 0, 0, 0
45999, 414, 1, 0, 0
46099, 910, 0, 0, 0
46099, 370, 1, 0, 0
46199, 990, 0, 0, 0
46199, 340, 1, 0, 0
46299, 810, 0, 0, 0
46299, 450, 1, 0, 0
46399, 900, 0, 0, 0
46399, 390, 1, 0, 0
46499, 920, 0, 0, 0
46499, 360, 1, 0, 0
46599, 870, 0, 0, 0
46599, 380, 1, 0, 0
46700, 960, 0, 0, 0
46700, 350, 1, 0, 0
46800, 920, 0, 0, 0
46800, 330, 1, 0, 0
46900, 870, 0, 0, 0
46900, 390, 1, 0, 0
46999, 878, 0, 0, 0
46999, 383, 1, 0, 0
47099, 830, 0, 0, 0
47099, 410, 1, 0, 0
47199, 890, 0, 0, 0
47199, 370, 1, 0, 0
47299, 860, 0, 0, 0
47299, 330, 1, 0, 0
47399, 810, 0, 0, 0
47399, 420, 1, 0, 0
47499, 790, 0, 0, 0
47499, 430, 1, 0, 0
47599, 890, 0, 0, 0
47599, 350, 1, 0, 0
47699, 800, 0, 0, 0
47699, 430, 1, 0, 0
47799, 860, 0, 0, 0
47799, 380, 1, 0, 0
47900, 860, 0, 0, 0
47900, 380, 1, 0, 0
48000, 940, 0, 0, 0
48000, 340, 1, 0, 0
48100, 960, 0, 0, 0
48100, 350, 1, 0, 0
48200, 940, 0, 0, 0
48200, 360, 1, 0, 0
48300, 850, 0, 0, 0
48300, 370, 1, 0, 0
48400, 830, 0, 0, 0
48400, 440, 1, 0, 0
48499, 808, 0, 0, 0
48499, 434, 1, 0, 0
48599, 820, 0, 0, 0
48599, 410, 1, 0, 0
48699, 770, 0, 0, 0
48699, 370, 1, 0, 0
48799, 840, 0, 0, 0
48799, 450, 1, 0, 0
48899, 820, 0, 0, 0
48899, 450, 1, 0, 0
48999, 960, 0, 0, 0
48999, 290, 1, 0, 0
49099, 980, 0, 0, 0
49099, 330, 1, 0, 0
49199, 880, 0, 0, 0
49199, 380, 1, 0, 0
49299, 860, 0, 0, 0
49299, 380, 1, 0, 0
49399, 860, 0, 0, 0
49399, 350, 1, 0, 0
49500, 730, 0, 0, 0
49500, 470, 1, 0, 0
49600, 800, 0, 0, 0
49600, 420, 1, 0, 0
49700, 890, 0, 0, 0
49700, 370, 1, 0, 0
49800, 930, 0, 0, 0
49800, 350, 1, 0, 0
49900, 910, 0, 0, 0
49900, 370, 1, 0, 0
49999, 787, 0, 0, 0
49999, 474, 1, 0, 0
50099, 920, 0, 0, 0
50099, 360, 1, 0, 0
50199, 820, 0, 0, 0
50199, 450, 1, 0, 0
50299, 800, 0, 0, 0
50299, 440, 1, 0, 0
50399, 890, 0, 0, 0
50399, 370, 1, 0, 0
50499, 860, 0, 0, 0
50499, 400, 1, 0, 0
50599, 820, 0, 0, 0
50599, 430, 1, 0, 0
50699, 860, 0, 0, 0
50699, 400, 1, 0, 0
50799, 800, 0, 0, 0
50799, 410, 1, 0, 0
50900, 1000, 0, 0, 0
50900, 280, 1, 0, 0
51000, 950, 0, 0, 0
51000, 310, 1, 0, 0
51100, 930, 0, 0, 0
51100, 370, 1, 0, 0
51200, 840, 0, 0, 0
51200, 390, 1, 0, 0
51300, 950, 0, 0, 0
51300, 360, 1, 0, 0
51400, 980, 0, 0, 0
51400, 330, 1, 0, 0
51499, 838, 0, 0, 0
51499, 414, 1, 0, 0
51599, 870, 0, 0, 0
51599, 410, 1, 0, 0
51699, 950, 0, 0, 0
51699, 340, 1, 0, 0
51799, 960, 0, 0, 0
51799, 380, 1, 0, 0
51899, 1010, 0, 0, 0
51899, 280, 1, 0, 0
51999, 860, 0, 0, 0
51999, 420, 1, 0, 0
52099, 900, 0, 0, 0
52099, 390, 1, 0, 0
52199, 870, 0, 0, 0
52199, 410, 1, 0, 0
52300, 690, 0, 0, 0
52300, 470, 1, 0, 0
52400, 850, 0, 0, 0
52400, 460, 1, 0, 0
52500, 950, 0, 0, 0
52500, 370, 1, 0, 0
52600, 800, 0, 0, 0
52600, 430, 1, 0, 0
52700, 960, 0, 0, 0
52700, 360, 1, 0, 0
52800, 880, 0, 0, 0
52800, 400, 1, 0, 0
52900, 830, 0, 0, 0
52900, 440, 1, 0, 0
52999, 808, 0, 0, 0
52999, 424, 1, 0, 0
53099, 880, 0, 0, 0
53099, 410, 1, 0, 0
53199, 920, 0, 0, 0
53199, 360, 1, 0, 0
53299, 880, 0, 0, 0
53299, 380, 1, 0, 0
53399, 900, 0, 0, 0
53399, 380, 1, 0, 0
53500, 910, 0, 0, 0
53500, 380, 1, 0, 0
53600, 900, 0, 0, 0
53600, 360, 1, 0, 0
53700, 780, 0, 0, 0
53700, 410, 1, 0, 0
53800, 890, 0, 0, 0
53800, 380, 1, 0, 0
53900, 870, 0, 0, 0
53900, 400, 1, 0, 0
53999, 858, 0, 0, 0
53999, 383, 1, 0, 0
54099, 1020, 0, 0, 0
54099, 300, 1, 0, 0
54199, 830, 0, 0, 0
54199, 450, 1, 0, 0
54299, 950, 0, 0, 0
54299, 340, 1, 0, 0
54399, 750, 0, 0, 0
54399, 450, 1, 0, 0
54499, 1000, 0, 0, 0
54499, 370, 1, 0, 0
54599, 950, 0, 0, 0
54599, 360, 1, 0, 0
54699, 1000, 0, 0, 0
54699, 300, 1, 0, 0
54799, 930, 0, 0, 0
54799, 360, 1, 0, 0
54899, 910, 0, 0, 0
54899, 400, 1, 0, 0
54999, 1060, 0, 0, 0
54999, 300, 1, 0, 0
55100, 830, 0, 0, 0
55100, 410, 1, 0, 0
55200, 970, 0, 0, 0
55200, 310, 1, 0, 0
55300, 880, 0, 0, 0
55300, 370, 1, 0, 0
55400, 790, 0, 0, 0
55400, 470, 1, 0, 0
55499, 959, 0, 0, 0
55499, 353, 1, 0, 0
55599, 880, 0, 0, 0
55599, 380, 1, 0, 0
55699, 910, 0, 0, 0
55699, 350, 1, 0, 0
55799, 970, 0, 0, 0
55799, 340, 1, 0, 0
55899, 930, 0, 0, 0
55899, 360, 1, 0, 0
55999, 850, 0, 0, 0
55999, 420, 1, 0, 0
56099, 930, 0, 0, 0
56099, 330, 1, 0, 0
56199, 1000, 0, 0, 0
56199, 300, 1, 0, 0
56299, 820, 0, 0, 0
56299, 420, 1, 0, 0
56400, 840, 0, 0, 0
56400, 410, 1, 0, 0
56500, 950, 0, 0, 0
56500, 360, 1, 0, 0
56600, 810, 0, 0, 0
56600, 380, 1, 0, 0
56700, 980, 0, 0, 0
56700, 350, 1, 0, 0
56800, 880, 0, 0, 0
56800, 380, 1, 0, 0
56900, 800, 0, 0, 0
56900, 460, 1, 0, 0
56999, 909, 0, 0, 0
56999, 414, 1, 0, 0
57099, 870, 0, 0, 0
57099, 390, 1, 0, 0
57199, 920, 0, 0, 0
57199, 390, 1, 0, 0
57299, 970, 0, 0, 0
57299, 380, 1, 0, 0
57399, 980, 0, 0, 0
57399, 370, 1, 0, 0
57499, 980, 0, 0, 0
57499, 300, 1, 0, 0
57599, 910, 0, 0, 0
57599, 390, 1, 0, 0
57699, 900, 0, 0, 0
57699, 410, 1, 0, 0
57800, 1010, 0, 0, 0
57800, 330, 1, 0, 0
57900, 900, 0, 0, 0
57900, 350, 1, 0, 0
57999, 878, 0, 0, 0
57999, 414, 1, 0, 0
58099, 910, 0, 0, 0
58099, 350, 1, 0, 0
58199, 800, 0, 0, 0
58199, 430, 1, 0, 0
58299, 850, 0, 0, 0
58299, 400, 1, 0, 0
58399, 810, 0, 0, 0
58399, 470, 1, 0, 0
58499, 830, 0, 0, 0
58499, 450, 1, 0, 0
58599, 840, 0, 0, 0
58599, 420, 1, 0, 0
58699, 830, 0, 0, 0
58699, 430, 1, 0, 0
58799, 870, 0, 0, 0
58799, 400, 1, 0, 0
58899, 850, 0, 0, 0
58899, 350, 1, 0, 0
59000, 820, 0, 0, 0
59000, 390, 1, 0, 0
59100, 890, 0, 0, 0
59100, 380, 1, 0, 0
59200, 820, 0, 0, 0
59200, 450, 1, 0, 0
59300, 870, 0, 0, 0
59300, 390, 1, 0, 0
59400, 900, 0, 0, 0
59400, 350, 1, 0, 0
59499, 838, 0, 0, 0
59499, 424, 1, 0, 0
59599, 690, 0, 0, 0
59599, 500, 1, 0, 0
59699, 870, 0, 0, 0
59699, 350, 1, 0, 0
59799, 950, 0, 0, 0
59799, 370, 1, 0, 0
59899, 800, 0, 0, 0
59899, 380, 1, 0, 0
59999, 880, 0, 0, 0
59999, 350, 1, 0, 0
60099, 830, 0, 0, 0
60099, 430, 1, 0, 0
60199, 810, 0, 0, 0
60199, 460, 1, 0, 0
60300, 920, 0, 0, 0
60300, 320, 1, 0, 0
60400, 810, 0, 0, 0
60400, 420, 1, 0, 0
60499, 838, 0, 0, 0
60499, 383, 1, 0, 0
60599, 860, 0, 0, 0
60599, 400, 1, 0, 0
60699, 800, 0, 0, 0
60699, 410, 1, 0, 0
60799, 910, 0, 0, 0
60799, 380, 1, 0, 0
60899, 960, 0, 0, 0
60899, 350, 1, 0, 0
61000, 910, 0, 0, 0
61000, 360, 1, 0, 0
61100, 800, 0, 0, 0
61100, 400, 1, 0, 0
61200, 880, 0, 0, 0
61200, 390, 1, 0, 0
61300, 820, 0, 0, 0
61300, 440, 1, 0, 0
61400, 970, 0, 0, 0
61400, 320, 1, 0, 0
61499, 858, 0, 0, 0
61499, 383, 1, 0, 0
61599, 820, 0, 0, 0
61599, 420, 1, 0, 0
61699, 890, 0, 0, 0
61699, 370, 1, 0, 0
61799, 880, 0, 0, 0
61799, 400, 1, 0, 0
61899, 1000, 0, 0, 0
61899, 320, 1, 0, 0
61999, 860, 0, 0, 0
61999, 400, 1, 0, 0
62099, 910, 0, 0, 0
62099, 380, 1, 0, 0
62200, 900, 0, 0, 0
62200, 350, 1, 0, 0
62300, 750, 0, 0, 0
62300, 500, 1, 0, 0
62400, 940, 0, 0, 0
62400, 350, 1, 0, 0
62500, 810, 0, 0, 0
62500, 460, 1, 0, 0
62600, 790, 0, 0, 0
62600, 410, 1, 0, 0
62700, 920, 0, 0, 0
62700, 380, 1, 0, 0
62800, 850, 0, 0, 0
62800, 440, 1, 0, 0
62900, 870, 0, 0, 0
62900, 380, 1, 0, 0
62999, 808, 0, 0, 0
62999, 434, 1, 0, 0
63099, 830, 0, 0, 0
63099, 410, 1, 0, 0
63199, 900, 0, 0, 0
63199, 370, 1, 0, 0
63299, 830, 0, 0, 0
63299, 390, 1, 0, 0
63400, 870, 0, 0, 0
63400, 410, 1, 0, 0
63499, 949, 0, 0, 0
63499, 353, 1, 0, 0
63599, 1010, 0, 0, 0
63599, 320, 1, 0, 0
63699, 850, 0, 0, 0
63699, 420, 1, 0, 0
63799, 1000, 0, 0, 0
63799, 340, 1, 0, 0
63899, 980, 0, 0, 0
63899, 310, 1, 0, 0
63999, 860, 0, 0, 0
63999, 410, 1, 0, 0
64099, 870, 0, 0, 0
64099, 430, 1, 0, 0
64199, 890, 0, 0, 0
64199, 380, 1, 0, 0
64299, 820, 0, 0, 0
64299, 410, 1, 0, 0
64399, 900, 0, 0, 0
64399, 340, 1, 0, 0
64499, 950, 0, 0, 0
64499, 370, 1, 0, 0
64599, 1040, 0, 0, 0
64599, 330, 1, 0, 0
64699, 930, 0, 0, 0
64699, 340, 1, 0, 0
64800, 870, 0, 0, 0
64800, 400, 1, 0, 0
64900, 970, 0, 0, 0
64900, 350, 1, 0, 0
65000, 940, 0, 0, 0
65000, 370, 1, 0, 0
65100, 940, 0, 0, 0
65100, 380, 1, 0, 0
65200, 910, 0, 0, 0
65200, 360, 1, 0, 0
65300, 940, 0, 0, 0
65300, 340, 1, 0, 0
65400, 890, 0, 0, 0
65400, 400, 1, 0, 0
65499, 979, 0, 0, 0
65499, 343, 1, 0, 0
65599, 1030, 0, 0, 0
65599, 290, 1, 0, 0
65699, 960, 0, 0, 0
65699, 370, 1, 0, 0
65799, 930, 0, 0, 0
65799, 370, 1, 0, 0
65899, 810, 0, 0, 0
65899, 400, 1, 0, 0
65999, 800, 0, 0, 0
65999, 460, 1, 0, 0
66099, 980, 0, 0, 0
66099, 350, 1, 0, 0
66200, 830, 0, 0, 0
66200, 400, 1, 0, 0
66300, 820, 0, 0, 0
66300, 410, 1, 0, 0
66400, 850, 0, 0, 0
66400, 380, 1, 0, 0
66500, 850, 0, 0, 0
66500, 400, 1, 0, 0
66600, 830, 0, 0, 0
66600, 410, 1, 0, 0
66700, 900, 0, 0, 0
66700, 360, 1, 0, 0
66800, 900, 0, 0, 0
66800, 380, 1, 0, 0
66900, 1010, 0, 0, 0
66900, 330, 1, 0, 0
66999, 919, 0, 0, 0
66999, 373, 1, 0, 0
67099, 890, 0, 0, 0
67099, 340, 1, 0, 0
67199, 860, 0, 0, 0
67199, 410, 1, 0, 0
67299, 810, 0, 0, 0
67299, 390, 1, 0, 0
67399, 880, 0, 0, 0
67399, 330, 1, 0, 0
67499, 910, 0, 0, 0
67499, 420, 1, 0, 0
67599, 910, 0, 0, 0
67599, 390, 1, 0, 0
67699, 970, 0, 0, 0
67699, 330, 1, 0, 0
67799, 890, 0, 0, 0
67799, 410, 1, 0, 0
67900, 850, 0, 0, 0
67900, 430, 1, 0, 0
68000, 970, 0, 0, 0
68000, 340, 1, 0, 0
68100, 880, 0, 0, 0
68100, 390, 1, 0, 0
68200, 900, 0, 0, 0
68200, 370, 1, 0, 0
68300, 940, 0, 0, 0
68300, 380, 1, 0, 0
68400, 850, 0, 0, 0
68400, 400, 1, 0, 0
68499, 787, 0, 0, 0
68499, 393, 1, 0, 0
68599, 840, 0, 0, 0
68599, 460, 1, 0, 0
68699, 870, 0, 0, 0
68699, 390, 1, 0, 0
68799, 1070, 0, 0, 0
68799, 270, 1, 0, 0
68899, 890, 0, 0, 0
68899, 430, 1, 0, 0
68999, 850, 0, 0, 0
68999, 430, 1, 0, 0
69099, 880, 0, 0, 0
69099, 390, 1, 0, 0
69199, 820, 0, 0, 0
69199, 420, 1, 0, 0
69300, 900, 0, 0, 0
69300, 410, 1, 0, 0
69400, 830, 0, 0, 0
69400, 430, 1, 0, 0
69500, 830, 0, 0, 0
69500, 410, 1, 0, 0
69600, 740, 0, 0, 0
69600, 440, 1, 0, 0
69700, 880, 0, 0, 0
69700, 420, 1, 0, 0
69800, 970, 0, 0, 0
69800, 310, 1, 0, 0
69900, 880, 0, 0, 0
69900, 320, 1, 0, 0
69999, 929, 0, 0, 0
69999, 383, 1, 0, 0
70099, 1000, 0, 0, 0
70099, 330, 1, 0, 0
70199, 960, 0, 0, 0
70199, 370, 1, 0, 0
70299, 810, 0, 0, 0
70299, 410, 1, 0, 0
70399, 920, 0, 0, 0
70399, 330, 1, 0, 0
70500, 900, 0, 0, 0
70500, 410, 1, 0, 0
70600, 1000, 0, 0, 0
70600, 290, 1, 0, 0
70700, 910, 0, 0, 0
70700, 390, 1, 0, 0
70800, 970, 0, 0, 0
70800, 350, 1, 0, 0
70900, 850, 0, 0, 0
70900, 440, 1, 0, 0
70999, 909, 0, 0, 0
70999, 373, 1, 0, 0
71099, 960, 0, 0, 0
71099, 380, 1, 0, 0
71199, 960, 0, 0, 0
71199, 350, 1, 0, 0
71299, 910, 0, 0, 0
71299, 340, 1, 0, 0
71399, 900, 0, 0, 0
71399, 390, 1, 0, 0
71499, 686, 0, 0, 0
71499, 525, 1, 0, 0
71599, 890, 0, 0, 0
71599, 400, 1, 0, 0
71699, 1010, 0, 0, 0
71699, 310, 1, 0, 0
71799, 890, 0, 0, 0
71799, 370, 1, 0, 0
71899, 900, 0, 0, 0
71899, 430, 1, 0, 0
71999, 920, 0, 0, 0
71999, 380, 1, 0, 0
72099, 910, 0, 0, 0
72099, 380, 1, 0, 0
72199, 1020, 0, 0, 0
72199, 310, 1, 0, 0
72299, 840, 0, 0, 0
72299, 410, 1, 0, 0
72399, 970, 0, 0, 0
72399, 330, 1, 0, 0
72499, 830, 0, 0, 0
72499, 410, 1, 0, 0
72599, 890, 0, 0, 0
72599, 410, 1, 0, 0
72700, 940, 0, 0, 0
72700, 350, 1, 0, 0
72800, 780, 0, 0, 0
72800, 440, 1, 0, 0
72900, 830, 0, 0, 0
72900, 410, 1, 0, 0
72999, 939, 0, 0, 0
72999, 313, 1, 0, 0
73099, 830, 0, 0, 0
73099, 410, 1, 0, 0
73199, 920, 0, 0, 0
73199, 340, 1, 0, 0
73299, 930, 0, 0, 0
73299, 340, 1, 0, 0
73399, 920, 0, 0, 0
73399, 380, 1, 0, 0
73499, 970, 0, 0, 0
73499, 260, 1, 0, 0
73599, 800, 0, 0, 0
73599, 450, 1, 0, 0
73699, 790, 0, 0, 0
73699, 440, 1, 0, 0
73799, 760, 0, 0, 0
73799, 450, 1, 0, 0
73899, 780, 0, 0, 0
73899, 450, 1, 0, 0
73999, 810, 0, 0, 0
73999, 420, 1, 0, 0
74099, 930, 0, 0, 0
74099, 310, 1, 0, 0
74200, 920, 0, 0, 0
74200, 330, 1, 0, 0
74300, 1000, 0, 0, 0
74300, 330, 1, 0, 0
74400, 1010, 0, 0, 0
74400, 330, 1, 0, 0
74499, 929, 0, 0, 0
74499, 363, 1, 0, 0
74599, 820, 0, 0, 0
74599, 440, 1, 0, 0
74699, 860, 0, 0, 0
74699, 360, 1, 0, 0
74799, 930, 0, 0, 0
74799, 380, 1, 0, 0
74899, 810, 0, 0, 0
74899, 430, 1, 0, 0
75000, 840, 0, 0, 0
75000, 390, 1, 0, 0
75100, 790, 0, 0, 0
75100, 390, 1, 0, 0
75200, 890, 0, 0, 0
75200, 390, 1, 0, 0
75300, 990, 0, 0, 0
75300, 340, 1, 0, 0
75400, 1010, 0, 0, 0
75400, 330, 1, 0, 0
75499, 969, 0, 0, 0
75499, 313, 1, 0, 0
75599, 940, 0, 0, 0
75599, 400, 1, 0, 0
75699, 910, 0, 0, 0
75699, 350, 1, 0, 0
75799, 830, 0, 0, 0
75799, 410, 1, 0, 0
75899, 870, 0, 0, 0
75899, 390, 1, 0, 0
75999, 830, 0, 0, 0
75999, 420, 1, 0, 0
76099, 920, 0, 0, 0
76099, 360, 1, 0, 0
76199, 780, 0, 0, 0
76199, 380, 1, 0, 0
76299, 840, 0, 0, 0
76299, 380, 1, 0, 0
76399, 870, 0, 0, 0
76399, 340, 1, 0, 0
76500, 720, 0, 0, 0
76500, 460, 1, 0, 0
76600, 980, 0, 0, 0
76600, 290, 1, 0, 0
76700, 750, 0, 0, 0
76700, 400, 1, 0, 0
76800, 840, 0, 0, 0
76800, 410, 1, 0, 0
76900, 880, 0, 0, 0
76900, 360, 1, 0, 0
76999, 808, 0, 0, 0
76999, 363, 1, 0, 0
77099, 770, 0, 0, 0
77099, 420, 1, 0, 0
77199, 960, 0, 0, 0
77199, 320, 1, 0, 0
77299, 890, 0, 0, 0
77299, 380, 1, 0, 0
77399, 910, 0, 0, 0
77399, 360, 1, 0, 0
77500, 970, 0, 0, 0
77500, 330, 1, 0, 0
77600, 860, 0, 0, 0
77600, 380, 1, 0, 0
77700, 1030, 0, 0, 0
77700, 300, 1, 0, 0
77800, 930, 0, 0, 0
77800, 350, 1, 0, 0
77900, 870, 0, 0, 0
77900, 410, 1, 0, 0
77999, 888, 0, 0, 0
77999, 414, 1, 0, 0
78099, 780, 0, 0, 0
78099, 410, 1, 0, 0
78199, 780, 0, 0, 0
78199, 420, 1, 0, 0
78299, 840, 0, 0, 0
78299, 380, 1, 0, 0
78399, 810, 0, 0, 0
78399, 400, 1, 0, 0
78499, 840, 0, 0, 0
78499, 390, 1, 0, 0
78599, 850, 0, 0, 0
78599, 400, 1, 0, 0
78699, 830, 0, 0, 0
78699, 420, 1, 0, 0
78799, 900, 0, 0, 0
78799, 350, 1, 0, 0
78899, 940, 0, 0, 0
78899, 320, 1, 0, 0
78999, 1010, 0, 0, 0
78999, 290, 1, 0, 0
79100, 880, 0, 0, 0
79100, 390, 1, 0, 0
79200, 1010, 0, 0, 0
79200, 320, 1, 0, 0
79300, 980, 0, 0, 0
79300, 320, 1, 0, 0
79400, 1060, 0, 0, 0
79400, 270, 1, 0, 0
79500, 900, 0, 0, 0
79500, 360, 1, 0, 0
79600, 890, 0, 0, 0
79600, 380, 1, 0, 0
79700, 900, 0, 0, 0
79700, 400, 1, 0, 0
79800, 1030, 0, 0, 0
79800, 320, 1, 0, 0
79900, 990, 0, 0, 0
79900, 250, 1, 0, 0
79999, 777, 0, 0, 0
79999, 404, 1, 0, 0
80099, 920, 0, 0, 0
80099, 340, 1, 0, 0
80199, 890, 0, 0, 0
80199, 390, 1, 0, 0
80299, 890, 0, 0, 0
80299, 380, 1, 0, 0
80399, 890, 0, 0, 0
80399, 360, 1, 0, 0
80499, 780, 0, 0, 0
80499, 420, 1, 0, 0
80600, 890, 0, 0, 0
80600, 360, 1, 0, 0
80700, 880, 0, 0, 0
80700, 420, 1, 0, 0
80800, 880, 0, 0, 0
80800, 390, 1, 0, 0
80900, 850, 0, 0, 0
80900, 430, 1, 0, 0
80999, 1000, 0, 0, 0
80999, 292, 1, 0, 0
81099, 950, 0, 0, 0
81099, 350, 1, 0, 0
81199, 970, 0, 0, 0
81199, 280, 1, 0, 0
81299, 880, 0, 0, 0
81299, 350, 1, 0, 0
81399, 990, 0, 0, 0
81399, 310, 1, 0, 0
81499, 840, 0, 0, 0
81499, 400, 1, 0, 0
81599, 830, 0, 0, 0
81599, 430, 1, 0, 0
81699, 950, 0, 0, 0
81699, 330, 1, 0, 0
81799, 980, 0, 0, 0
81799, 340, 1, 0, 0
81899, 870, 0, 0, 0
81899, 420, 1, 0, 0
82000, 910, 0, 0, 0
82000, 350, 1, 0, 0
82100, 900, 0, 0, 0
82100, 390, 1, 0, 0
82200, 850, 0, 0, 0
82200, 400, 1, 0, 0
82300, 780, 0, 0, 0
82300, 440, 1, 0, 0
82400, 870, 0, 0, 0
82400, 390, 1, 0, 0
82499, 898, 0, 0, 0
82499, 383, 1, 0, 0
82599, 980, 0, 0, 0
82599, 340, 1, 0, 0
82699, 930, 0, 0, 0
82699, 350, 1, 0, 0
82799, 920, 0, 0, 0
82799, 370, 1, 0, 0
82899, 940, 0, 0, 0
82899, 360, 1, 0, 0
82999, 950, 0, 0, 0
82999, 310, 1, 0, 0
83099, 820, 0, 0, 0
83099, 420, 1, 0, 0
83199, 830, 0, 0, 0
83199, 410, 1, 0, 0
83299, 840, 0, 0, 0
83299, 390, 1, 0, 0
83399, 820, 0, 0, 0
83399, 410, 1, 0, 0
83500, 760, 0, 0, 0
83500, 480, 1, 0, 0
83600, 870, 0, 0, 0
83600, 420, 1, 0, 0
83700, 1020, 0, 0, 0
83700, 290, 1, 0, 0
83800, 930, 0, 0, 0
83800, 330, 1, 0, 0
83900, 870, 0, 0, 0
83900, 390, 1, 0, 0
83999, 878, 0, 0, 0
83999, 363, 1, 0, 0
84099, 770, 0, 0, 0
84099, 420, 1, 0, 0
84199, 920, 0, 0, 0
84199, 370, 1, 0, 0
84299, 820, 0, 0, 0
84299, 400, 1, 0, 0
84399, 900, 0, 0, 0
84399, 380, 1, 0, 0
84499, 920, 0, 0, 0
84499, 330, 1, 0, 0
84599, 850, 0, 0, 0
84599, 430, 1, 0, 0
84699, 890, 0, 0, 0
84699, 400, 1, 0, 0
84800, 810, 0, 0, 0
84800, 400, 1, 0, 0
84900, 910, 0, 0, 0
84900, 370, 1, 0, 0
85000, 830, 0, 0, 0
85000, 420, 1, 0, 0
85100, 1020, 0, 0, 0
85100, 280, 1, 0, 0
85200, 870, 0, 0, 0
85200, 380, 1, 0, 0
85300, 890, 0, 0, 0
85300, 360, 1, 0, 0
85400, 790, 0, 0, 0
85400, 430, 1, 0, 0
85499, 808, 0, 0, 0
85499, 404, 1, 0, 0
85599, 810, 0, 0, 0
85599, 400, 1, 0, 0
85699, 830, 0, 0, 0
85699, 380, 1, 0, 0
85799, 880, 0, 0, 0
85799, 390, 1, 0, 0
85899, 880, 0, 0, 0
85899, 360, 1, 0, 0
85999, 890, 0, 0, 0
85999, 360, 1, 0, 0
86099, 980, 0, 0, 0
86099, 310, 1, 0, 0
86200, 880, 0, 0, 0
86200, 350, 1, 0, 0
86300, 900, 0, 0, 0
86300, 360, 1, 0, 0
86400, 960, 0, 0, 0
86400, 350, 1, 0, 0
86499, 757, 0, 0, 0
86499, 454, 1, 0, 0
86599, 830, 0, 0, 0
86599, 420, 1, 0, 0
86699, 850, 0, 0, 0
86699, 340, 1, 0, 0
86799, 760, 0, 0, 0
86799, 430, 1, 0, 0
86899, 940, 0, 0, 0
86899, 340, 1, 0, 0
86999, 740, 0, 0, 0
86999, 450, 1, 0, 0
87099, 1110, 0, 0, 0
87099, 270, 1, 0, 0
87199, 820, 0, 0, 0
87199, 450, 1, 0, 0
87299, 950, 0, 0, 0
87299, 340, 1, 0, 0
87400, 720, 0, 0, 0
87400, 480, 1, 0, 0
87500, 810, 0, 0, 0
87500, 410, 1, 0, 0
87600, 730, 0, 0, 0
87600, 460, 1, 0, 0
87700, 840, 0, 0, 0
87700, 430, 1, 0, 0
87800, 890, 0, 0, 0
87800, 390, 1, 0, 0
87900, 750, 0, 0, 0
87900, 450, 1, 0, 0
87999, 929, 0, 0, 0
87999, 353, 1, 0, 0
88099, 920, 0, 0, 0
88099, 340, 1, 0, 0
88199, 650, 0, 0, 0
88199, 520, 1, 0, 0
88299, 840, 0, 0, 0
88299, 400, 1, 0, 0
88399, 890, 0, 0, 0
88399, 380, 1, 0, 0
88499, 820, 0, 0, 0
88499, 430, 1, 0, 0
88599, 930, 0, 0, 0
88599, 360, 1, 0, 0
88699, 960, 0, 0, 0
88699, 340, 1, 0, 0
88800, 850, 0, 0, 0
88800, 380, 1, 0, 0
88900, 750, 0, 0, 0
88900, 460, 1, 0, 0
88999, 949, 0, 0, 0
88999, 282, 1, 0, 0
89099, 770, 0, 0, 0
89099, 400, 1, 0, 0
89199, 790, 0, 0, 0
89199, 390, 1, 0, 0
89299, 800, 0, 0, 0
89299, 430, 1, 0, 0
89399, 990, 0, 0, 0
89399, 300, 1, 0, 0
89500, 890, 0, 0, 0
89500, 380, 1, 0, 0
89600, 790, 0, 0, 0
89600, 410, 1, 0, 0
89700, 890, 0, 0, 0
89700, 340, 1, 0, 0
89800, 950, 0, 0, 0
89800, 330, 1, 0, 0
89900, 880, 0, 0, 0
89900, 330, 1, 0, 0
89999, 878, 0, 0, 0
89999, 343, 1, 0, 0
