250, 11536, 0, 0, 0
350, 11840, 0, 0, 0
450, 11760, 0, 0, 0
550, 11760, 0, 0, 0
650, 11920, 0, 0, 0
749, 11555, 0, 0, 0
849, 11640, 0, 0, 0
949, 11440, 0, 0, 0
1049, 11840, 0, 0, 0
1149, 11840, 0, 0, 0
1249, 11760, 0, 0, 0
1349, 11720, 0, 0, 0
1449, 11440, 0, 0, 0
1550, 11440, 0, 0, 0
1650, 11800, 0, 0, 0
1749, 11717, 0, 0, 0
1849, 11560, 0, 0, 0
1949, 11480, 0, 0, 0
2049, 12240, 0, 0, 0
2149, 11960, 0, 0, 0
2249, 11880, 0, 0, 0
2349, 11920, 0, 0, 0
2449, 12040, 0, 0, 0
2549, 11800, 0, 0, 0
2649, 11720, 0, 0, 0
2749, 11480, 0, 0, 0
2849, 11840, 0, 0, 0
2949, 11760, 0, 0, 0
3050, 11800, 0, 0, 0
3150, 11640, 0, 0, 0
3249, 11393, 0, 0, 0
3349, 11800, 0, 0, 0
3449, 11440, 0, 0, 0
3549, 11800, 0, 0, 0
3649, 11760, 0, 0, 0
3749, 12160, 0, 0, 0
3849, 11760, 0, 0, 0
3949, 11240, 0, 0, 0
4049, 11200, 0, 0, 0
4149, 11640, 0, 0, 0
4249, 11440, 0, 0, 0
4349, 11360, 0, 0, 0
4449, 11240, 0, 0, 0
4550, 11880, 0, 0, 0
4650, 11680, 0, 0, 0
4749, 11434, 0, 0, 0
4849, 11360, 0, 0, 0
4949, 11400, 0, 0, 0
5049, 11720, 0, 0, 0
5149, 11880, 0, 0, 0
5249, 11760, 0, 0, 0
5349, 11640, 0, 0, 0
5449, 12160, 0, 0, 0
5549, 11840, 0, 0, 0
5649, 11520, 0, 0, 0
5749, 11760, 0, 0, 0
5849, 11840, 0, 0, 0
5949, 12120, 0, 0, 0
6049, 11800, 0, 0, 0
6150, 11880, 0, 0, 0
6249, 11595, 0, 0, 0
6349, 11800, 0, 0, 0
6449, 11640, 0, 0, 0
6549, 11600, 0, 0, 0
6649, 11840, 0, 0, 0
6749, 11720, 0, 0, 0
6849, 11840, 0, 0, 0
6949, 11360, 0, 0, 0
7049, 11480, 0, 0, 0
7149, 11880, 0, 0, 0
7249, 11600, 0, 0, 0
7349, 11600, 0, 0, 0
7449, 11480, 0, 0, 0
7549, 11760, 0, 0, 0
7650, 11480, 0, 0, 0
7750, 11680, 0, 0, 0
7850, 11520, 0, 0, 0
7950, 11960, 0, 0, 0
8050, 11240, 0, 0, 0
8150, 11760, 0, 0, 0
8249, 11555, 0, 0, 0
8349, 12040, 0, 0, 0
8449, 11600, 0, 0, 0
8549, 11760, 0, 0, 0
8649, 11840, 0, 0, 0
8749, 11520, 0, 0, 0
8849, 11440, 0, 0, 0
8949, 11680, 0, 0, 0
9049, 11560, 0, 0, 0
9149, 11200, 0, 0, 0
9250, 11760, 0, 0, 0
9350, 11400, 0, 0, 0
9450, 11280, 0, 0, 0
9550, 11400, 0, 0, 0
9650, 11520, 0, 0, 0
9749, 11555, 0, 0, 0
9849, 11800, 0, 0, 0
9949, 11760, 0, 0, 0
10049, 11720, 0, 0, 0
10149, 11840, 0, 0, 0
10249, 11800, 0, 0, 0
10349, 11760, 0, 0, 0
10449, 12000, 0, 0, 0
10549, 11960, 0, 0, 0
10649, 12000, 0, 0, 0
10749, 11880, 0, 0, 0
10850, 12120, 0, 0, 0
10950, 11680, 0, 0, 0
11050, 11840, 0, 0, 0
11150, 11520, 0, 0, 0
11249, 11878, 0, 0, 0
11349, 11520, 0, 0, 0
11449, 11760, 0, 0, 0
11549, 11720, 0, 0, 0
11649, 11840, 0, 0, 0
11749, 11640, 0, 0, 0
11849, 11560, 0, 0, 0
11949, 12240, 0, 0, 0
12049, 11480, 0, 0, 0
12149, 11520, 0, 0, 0
12249, 11480, 0, 0, 0
12350, 11360, 0, 0, 0
12450, 11600, 0, 0, 0
12550, 11400, 0, 0, 0
12650, 11920, 0, 0, 0
12749, 11797, 0, 0, 0
12849, 11320, 0, 0, 0
12949, 11600, 0, 0, 0
13049, 11520, 0, 0, 0
13149, 12120, 0, 0, 0
13250, 11880, 0, 0, 0
13350, 11280, 0, 0, 0
13450, 12200, 0, 0, 0
13550, 11520, 0, 0, 0
13650, 11560, 0, 0, 0
13749, 11878, 0, 0, 0
13849, 11520, 0, 0, 0
13949, 11400, 0, 0, 0
14049, 11440, 0, 0, 0
14149, 11840, 0, 0, 0
14249, 11800, 0, 0, 0
14349, 11720, 0, 0, 0
14449, 11760, 0, 0, 0
14549, 11920, 0, 0, 0
14649, 11240, 0, 0, 0
14750, 11600, 0, 0, 0
14850, 11280, 0, 0, 0
14950, 11840, 0, 0, 0
15050, 11680, 0, 0, 0
15150, 11680, 0, 0, 0
15249, 11757, 0, 0, 0
15349, 11400, 0, 0, 0
15449, 11560, 0, 0, 0
15549, 11720, 0, 0, 0
15649, 11240, 0, 0, 0
15749, 11840, 0, 0, 0
15849, 11640, 0, 0, 0
15949, 11640, 0, 0, 0
16049, 11720, 0, 0, 0
16149, 11960, 0, 0, 0
16250, 11800, 0, 0, 0
16350, 11280, 0, 0, 0
16450, 11160, 0, 0, 0
16550, 11480, 0, 0, 0
16650, 11880, 0, 0, 0
16749, 11797, 0, 0, 0
16849, 11880, 0, 0, 0
16949, 11520, 0, 0, 0
17049, 11400, 0, 0, 0
17149, 11520, 0, 0, 0
17249, 11320, 0, 0, 0
17349, 11600, 0, 0, 0
17449, 11960, 0, 0, 0
17549, 12200, 0, 0, 0
17649, 12280, 0, 0, 0
17749, 11600, 0, 0, 0
17850, 11720, 0, 0, 0
17950, 11720, 0, 0, 0
18050, 11280, 0, 0, 0
18150, 11720, 0, 0, 0
18249, 11232, 0, 0, 0
18349, 11440, 0, 0, 0
18449, 11120, 0, 0, 0
18549, 11560, 0, 0, 0
18649, 11640, 0, 0, 0
18749, 12080, 0, 0, 0
18849, 11480, 0, 0, 0
18949, 11760, 0, 0, 0
19049, 11320, 0, 0, 0
19149, 11520, 0, 0, 0
19249, 11400, 0, 0, 0
19349, 11400, 0, 0, 0
19449, 11360, 0, 0, 0
19550, 11400, 0, 0, 0
19650, 11480, 0, 0, 0
19749, 11232, 0, 0, 0
19849, 12040, 0, 0, 0
19949, 11880, 0, 0, 0
20049, 11760, 0, 0, 0
20149, 11560, 0, 0, 0
20249, 11560, 0, 0, 0
20349, 11680, 0, 0, 0
20449, 11080, 0, 0, 0
20549, 11120, 0, 0, 0
20649, 11480, 0, 0, 0
20749, 11480, 0, 0, 0
20849, 11680, 0, 0, 0
20949, 11840, 0, 0, 0
21050, 11880, 0, 0, 0
21150, 11800, 0, 0, 0
21249, 11676, 0, 0, 0
21349, 11760, 0, 0, 0
21449, 11760, 0, 0, 0
21549, 11600, 0, 0, 0
21649, 12000, 0, 0, 0
21749, 11640, 0, 0, 0
21849, 11480, 0, 0, 0
21949, 11040, 0, 0, 0
22049, 11880, 0, 0, 0
22149, 11440, 0, 0, 0
22249, 11680, 0, 0, 0
22349, 11280, 0, 0, 0
22449, 11720, 0, 0, 0
22549, 11360, 0, 0, 0
22650, 11640, 0, 0, 0
22749, 11353, 0, 0, 0
22849, 11360, 0, 0, 0
22949, 11640, 0, 0, 0
23049, 11680, 0, 0, 0
23149, 11600, 0, 0, 0
23249, 11560, 0, 0, 0
23349, 11600, 0, 0, 0
23449, 11840, 0, 0, 0
23549, 11880, 0, 0, 0
23649, 11800, 0, 0, 0
23749, 11360, 0, 0, 0
23849, 11680, 0, 0, 0
23949, 12000, 0, 0, 0
24049, 11600, 0, 0, 0
24149, 11360, 0, 0, 0
24250, 11680, 0, 0, 0
24350, 11440, 0, 0, 0
24450, 11880, 0, 0, 0
24550, 11720, 0, 0, 0
24650, 11560, 0, 0, 0
24749, 11757, 0, 0, 0
24849, 11520, 0, 0, 0
24949, 12080, 0, 0, 0
25049, 12000, 0, 0, 0
25149, 12080, 0, 0, 0
25249, 11560, 0, 0, 0
25349, 11440, 0, 0, 0
25449, 11880, 0, 0, 0
25549, 11600, 0, 0, 0
25649, 11840, 0, 0, 0
25750, 11800, 0, 0, 0
25850, 11760, 0, 0, 0
25950, 11800, 0, 0, 0
26050, 12000, 0, 0, 0
26150, 11960, 0, 0, 0
26249, 11878, 0, 0, 0
26349, 11560, 0, 0, 0
26449, 11480, 0, 0, 0
26549, 11800, 0, 0, 0
26649, 11680, 0, 0, 0
26749, 11600, 0, 0, 0
26849, 11720, 0, 0, 0
26949, 11680, 0, 0, 0
27049, 11720, 0, 0, 0
27149, 11720, 0, 0, 0
27249, 11720, 0, 0, 0
27350, 11800, 0, 0, 0
27450, 11520, 0, 0, 0
27550, 11400, 0, 0, 0
27650, 11920, 0, 0, 0
27749, 12080, 0, 0, 0
27849, 11840, 0, 0, 0
27949, 11520, 0, 0, 0
28049, 11880, 0, 0, 0
28149, 11480, 0, 0, 0
28249, 11720, 0, 0, 0
28349, 11360, 0, 0, 0
28449, 11280, 0, 0, 0
28549, 11520, 0, 0, 0
28649, 11440, 0, 0, 0
28749, 11760, 0, 0, 0
28849, 11600, 0, 0, 0
28950, 11680, 0, 0, 0
29050, 11760, 0, 0, 0
29150, 11520, 0, 0, 0
29249, 11919, 0, 0, 0
29349, 11840, 0, 0, 0
29449, 11680, 0, 0, 0
29549, 11760, 0, 0, 0
29649, 11480, 0, 0, 0
29749, 11640, 0, 0, 0
29849, 11440, 0, 0, 0
29949, 11520, 0, 0, 0
30049, 12080, 0, 0, 0
30149, 11680, 0, 0, 0
30249, 11640, 0, 0, 0
30349, 12000, 0, 0, 0
30450, 11560, 0, 0, 0
30550, 11960, 0, 0, 0
30650, 11720, 0, 0, 0
30749, 11797, 0, 0, 0
30849, 11720, 0, 0, 0
30949, 11680, 0, 0, 0
31049, 11600, 0, 0, 0
31149, 11720, 0, 0, 0
31249, 11520, 0, 0, 0
31349, 11480, 0, 0, 0
31449, 11480, 0, 0, 0
31549, 11680, 0, 0, 0
31649, 11640, 0, 0, 0
31749, 11960, 0, 0, 0
31849, 11600, 0, 0, 0
31949, 11600, 0, 0, 0
32050, 11480, 0, 0, 0
32150, 11640, 0, 0, 0
32249, 11555, 0, 0, 0
32349, 11560, 0, 0, 0
32449, 12040, 0, 0, 0
32549, 11720, 0, 0, 0
32649, 11560, 0, 0, 0
32749, 11600, 0, 0, 0
32849, 11760, 0, 0, 0
32949, 12000, 0, 0, 0
33049, 11600, 0, 0, 0
33149, 11640, 0, 0, 0
33249, 11640, 0, 0, 0
33349, 11840, 0, 0, 0
33449, 11840, 0, 0, 0
33550, 11600, 0, 0, 0
33650, 11840, 0, 0, 0
33749, 11717, 0, 0, 0
33849, 11720, 0, 0, 0
33949, 11440, 0, 0, 0
34049, 11200, 0, 0, 0
34149, 11640, 0, 0, 0
34249, 11680, 0, 0, 0
34349, 11760, 0, 0, 0
34449, 11520, 0, 0, 0
34549, 11960, 0, 0, 0
34649, 11920, 0, 0, 0
34749, 11640, 0, 0, 0
34849, 11160, 0, 0, 0
34949, 11640, 0, 0, 0
35050, 11600, 0, 0, 0
35150, 11560, 0, 0, 0
35249, 11757, 0, 0, 0
35349, 12360, 0, 0, 0
35449, 11960, 0, 0, 0
35549, 11960, 0, 0, 0
35649, 11800, 0, 0, 0
35749, 11760, 0, 0, 0
35849, 11520, 0, 0, 0
35949, 11880, 0, 0, 0
36049, 11480, 0, 0, 0
36149, 11120, 0, 0, 0
36249, 11600, 0, 0, 0
36349, 11040, 0, 0, 0
36449, 11840, 0, 0, 0
36550, 11560, 0, 0, 0
36650, 11520, 0, 0, 0
36749, 11919, 0, 0, 0
36849, 11920, 0, 0, 0
36949, 11280, 0, 0, 0
37049, 11680, 0, 0, 0
37149, 11600, 0, 0, 0
37249, 11600, 0, 0, 0
37349, 11360, 0, 0, 0
37449, 11560, 0, 0, 0
37549, 11440, 0, 0, 0
37649, 11400, 0, 0, 0
37749, 11680, 0, 0, 0
37849, 11760, 0, 0, 0
37949, 11120, 0, 0, 0
38050, 11440, 0, 0, 0
38150, 11600, 0, 0, 0
38249, 11474, 0, 0, 0
38349, 11640, 0, 0, 0
38449, 11720, 0, 0, 0
38549, 11440, 0, 0, 0
38649, 11520, 0, 0, 0
38749, 11360, 0, 0, 0
38849, 11720, 0, 0, 0
38949, 11640, 0, 0, 0
39049, 11600, 0, 0, 0
39149, 11560, 0, 0, 0
39249, 10520, 0, 0, 0
39349, 11440, 0, 0, 0
39449, 11560, 0, 0, 0
39549, 11920, 0, 0, 0
39649, 11640, 0, 0, 0
39750, 12000, 0, 0, 0
39850, 11880, 0, 0, 0
39950, 11560, 0, 0, 0
40050, 11120, 0, 0, 0
40150, 11400, 0, 0, 0
40249, 11393, 0, 0, 0
40349, 11280, 0, 0, 0
40449, 11480, 0, 0, 0
40549, 11600, 0, 0, 0
40649, 11280, 0, 0, 0
40749, 11840, 0, 0, 0
40849, 11760, 0, 0, 0
40949, 11560, 0, 0, 0
41049, 11280, 0, 0, 0
41149, 11720, 0, 0, 0
41250, 11560, 0, 0, 0
41350, 11440, 0, 0, 0
41450, 11680, 0, 0, 0
41550, 11600, 0, 0, 0
41650, 11840, 0, 0, 0
41749, 11353, 0, 0, 0
41849, 11440, 0, 0, 0
41949, 11720, 0, 0, 0
42049, 11720, 0, 0, 0
42149, 11600, 0, 0, 0
42249, 11400, 0, 0, 0
42349, 11560, 0, 0, 0
42449, 11600, 0, 0, 0
42549, 11680, 0, 0, 0
42649, 11400, 0, 0, 0
42750, 11840, 0, 0, 0
42850, 11760, 0, 0, 0
42950, 11640, 0, 0, 0
43050, 11280, 0, 0, 0
43150, 11200, 0, 0, 0
43249, 11878, 0, 0, 0
43349, 11880, 0, 0, 0
43449, 11680, 0, 0, 0
43549, 11240, 0, 0, 0
43649, 11640, 0, 0, 0
43749, 11760, 0, 0, 0
43849, 11560, 0, 0, 0
43949, 11440, 0, 0, 0
44049, 11640, 0, 0, 0
44149, 11440, 0, 0, 0
44250, 11320, 0, 0, 0
44350, 11360, 0, 0, 0
44450, 11600, 0, 0, 0
44550, 11720, 0, 0, 0
44650, 11640, 0, 0, 0
44749, 11676, 0, 0, 0
44849, 11480, 0, 0, 0
44949, 11680, 0, 0, 0
45049, 11880, 0, 0, 0
45149, 11520, 0, 0, 0
45249, 11560, 0, 0, 0
45349, 11560, 0, 0, 0
45449, 11840, 0, 0, 0
45549, 11480, 0, 0, 0
45649, 11680, 0, 0, 0
45750, 11120, 0, 0, 0
45850, 11520, 0, 0, 0
45950, 11480, 0, 0, 0
46050, 11280, 0, 0, 0
46150, 11320, 0, 0, 0
46249, 11474, 0, 0, 0
46349, 11560, 0, 0, 0
46449, 11520, 0, 0, 0
46549, 11360, 0, 0, 0
46649, 11840, 0, 0, 0
46749, 11040, 0, 0, 0
46849, 11200, 0, 0, 0
46949, 11960, 0, 0, 0
47049, 11360, 0, 0, 0
47149, 11400, 0, 0, 0
47250, 11640, 0, 0, 0
47350, 11480, 0, 0, 0
47450, 11960, 0, 0, 0
47550, 11640, 0, 0, 0
47650, 11400, 0, 0, 0
47749, 11515, 0, 0, 0
47849, 11560, 0, 0, 0
47949, 11680, 0, 0, 0
48049, 11840, 0, 0, 0
48149, 11760, 0, 0, 0
48249, 11920, 0, 0, 0
48349, 11560, 0, 0, 0
48449, 11760, 0, 0, 0
48549, 11840, 0, 0, 0
48649, 11640, 0, 0, 0
48749, 11840, 0, 0, 0
48849, 12000, 0, 0, 0
48950, 11720, 0, 0, 0
49050, 11640, 0, 0, 0
49150, 11840, 0, 0, 0
49249, 11595, 0, 0, 0
49349, 11640, 0, 0, 0
49449, 12000, 0, 0, 0
49549, 11920, 0, 0, 0
49649, 12000, 0, 0, 0
49749, 11360, 0, 0, 0
49849, 11920, 0, 0, 0
49949, 11600, 0, 0, 0
50049, 11840, 0, 0, 0
50149, 11640, 0, 0, 0
50249, 11640, 0, 0, 0
50349, 11960, 0, 0, 0
50449, 11400, 0, 0, 0
50550, 11440, 0, 0, 0
50650, 11440, 0, 0, 0
50749, 11878, 0, 0, 0
50849, 11840, 0, 0, 0
50949, 12000, 0, 0, 0
51049, 11800, 0, 0, 0
51149, 11560, 0, 0, 0
51249, 11360, 0, 0, 0
51349, 11160, 0, 0, 0
51449, 12040, 0, 0, 0
51549, 11920, 0, 0, 0
51649, 11680, 0, 0, 0
51749, 11400, 0, 0, 0
51849, 11600, 0, 0, 0
51949, 11520, 0, 0, 0
52049, 11240, 0, 0, 0
52150, 11640, 0, 0, 0
52249, 11232, 0, 0, 0
52349, 11680, 0, 0, 0
52449, 11400, 0, 0, 0
52549, 11640, 0, 0, 0
52649, 11520, 0, 0, 0
52749, 11400, 0, 0, 0
52849, 11360, 0, 0, 0
52949, 11360, 0, 0, 0
53049, 11960, 0, 0, 0
53149, 11760, 0, 0, 0
53249, 11400, 0, 0, 0
53349, 11600, 0, 0, 0
53449, 12400, 0, 0, 0
53549, 11760, 0, 0, 0
53649, 12160, 0, 0, 0
53750, 11920, 0, 0, 0
53850, 12040, 0, 0, 0
53950, 10920, 0, 0, 0
54050, 11640, 0, 0, 0
54150, 11680, 0, 0, 0
54249, 11838, 0, 0, 0
54349, 11720, 0, 0, 0
54449, 11400, 0, 0, 0
54549, 11360, 0, 0, 0
54649, 11680, 0, 0, 0
54749, 11560, 0, 0, 0
54849, 11920, 0, 0, 0
54949, 11600, 0, 0, 0
55049, 11240, 0, 0, 0
55149, 11320, 0, 0, 0
55249, 11840, 0, 0, 0
55349, 11800, 0, 0, 0
55450, 11680, 0, 0, 0
55550, 11720, 0, 0, 0
55650, 11640, 0, 0, 0
55749, 11717, 0, 0, 0
55849, 11600, 0, 0, 0
55949, 11720, 0, 0, 0
56049, 11640, 0, 0, 0
56149, 11440, 0, 0, 0
56249, 11400, 0, 0, 0
56349, 11720, 0, 0, 0
56449, 11600, 0, 0, 0
56549, 11680, 0, 0, 0
56649, 11680, 0, 0, 0
56749, 11640, 0, 0, 0
56849, 11560, 0, 0, 0
56949, 11640, 0, 0, 0
57050, 12040, 0, 0, 0
57150, 12200, 0, 0, 0
57249, 11797, 0, 0, 0
57349, 11840, 0, 0, 0
57449, 11720, 0, 0, 0
57549, 11800, 0, 0, 0
57649, 11960, 0, 0, 0
57749, 11960, 0, 0, 0
57849, 11600, 0, 0, 0
57949, 11600, 0, 0, 0
58049, 11480, 0, 0, 0
58149, 11280, 0, 0, 0
58249, 11560, 0, 0, 0
58349, 11440, 0, 0, 0
58449, 12000, 0, 0, 0
58550, 11800, 0, 0, 0
58650, 11560, 0, 0, 0
58749, 11676, 0, 0, 0
58849, 11560, 0, 0, 0
58949, 11600, 0, 0, 0
59049, 11560, 0, 0, 0
59149, 11520, 0, 0, 0
59249, 11680, 0, 0, 0
59349, 11720, 0, 0, 0
59449, 11360, 0, 0, 0
59549, 11400, 0, 0, 0
59649, 11720, 0, 0, 0
59749, 11440, 0, 0, 0
59849, 11160, 0, 0, 0
59949, 11720, 0, 0, 0
60049, 11520, 0, 0, 0
60150, 11760, 0, 0, 0
60249, 11838, 0, 0, 0
60349, 11560, 0, 0, 0
60449, 11800, 0, 0, 0
60549, 11720, 0, 0, 0
60649, 11240, 0, 0, 0
60749, 11760, 0, 0, 0
60849, 11840, 0, 0, 0
60949, 11720, 0, 0, 0
61049, 11520, 0, 0, 0
61149, 11760, 0, 0, 0
61249, 11720, 0, 0, 0
61349, 11640, 0, 0, 0
61449, 11680, 0, 0, 0
61549, 11640, 0, 0, 0
61650, 11680, 0, 0, 0
61750, 11360, 0, 0, 0
61850, 11160, 0, 0, 0
61950, 11720, 0, 0, 0
62050, 11560, 0, 0, 0
62150, 11720, 0, 0, 0
62249, 11676, 0, 0, 0
62349, 11720, 0, 0, 0
62449, 11640, 0, 0, 0
62549, 11840, 0, 0, 0
62649, 11560, 0, 0, 0
62749, 11560, 0, 0, 0
62849, 11680, 0, 0, 0
62949, 11880, 0, 0, 0
63049, 12080, 0, 0, 0
63150, 11880, 0, 0, 0
63249, 11717, 0, 0, 0
63349, 11840, 0, 0, 0
63449, 11600, 0, 0, 0
63549, 11520, 0, 0, 0
63649, 11680, 0, 0, 0
63749, 11400, 0, 0, 0
63849, 11360, 0, 0, 0
63949, 11680, 0, 0, 0
64049, 11560, 0, 0, 0
64149, 11560, 0, 0, 0
64249, 11560, 0, 0, 0
64349, 11600, 0, 0, 0
64449, 11880, 0, 0, 0
64549, 11840, 0, 0, 0
64650, 11520, 0, 0, 0
64749, 11595, 0, 0, 0
64849, 11600, 0, 0, 0
64949, 12000, 0, 0, 0
65049, 12120, 0, 0, 0
65149, 11960, 0, 0, 0
65249, 11840, 0, 0, 0
65349, 11840, 0, 0, 0
65449, 11640, 0, 0, 0
65549, 11720, 0, 0, 0
65649, 11680, 0, 0, 0
65749, 11440, 0, 0, 0
65849, 11800, 0, 0, 0
65949, 11560, 0, 0, 0
66049, 11600, 0, 0, 0
66150, 11200, 0, 0, 0
66249, 11474, 0, 0, 0
66349, 11320, 0, 0, 0
66449, 11560, 0, 0, 0
66549, 11720, 0, 0, 0
66649, 12040, 0, 0, 0
66749, 12280, 0, 0, 0
66849, 11480, 0, 0, 0
66949, 11760, 0, 0, 0
67049, 11400, 0, 0, 0
67149, 11560, 0, 0, 0
67249, 11640, 0, 0, 0
67349, 11480, 0, 0, 0
67449, 11680, 0, 0, 0
67549, 11360, 0, 0, 0
67649, 11480, 0, 0, 0
67750, 11840, 0, 0, 0
67850, 11640, 0, 0, 0
67950, 11520, 0, 0, 0
68050, 11760, 0, 0, 0
68150, 11880, 0, 0, 0
68249, 11515, 0, 0, 0
68349, 11560, 0, 0, 0
68449, 11640, 0, 0, 0
68549, 11880, 0, 0, 0
68649, 11640, 0, 0, 0
68749, 11720, 0, 0, 0
68849, 11360, 0, 0, 0
68949, 11280, 0, 0, 0
69049, 11600, 0, 0, 0
69149, 11640, 0, 0, 0
69250, 11600, 0, 0, 0
69350, 11920, 0, 0, 0
69450, 11960, 0, 0, 0
69550, 11600, 0, 0, 0
69650, 11160, 0, 0, 0
69749, 11717, 0, 0, 0
69849, 11400, 0, 0, 0
69949, 11720, 0, 0, 0
70049, 12080, 0, 0, 0
70149, 11320, 0, 0, 0
70249, 11520, 0, 0, 0
70349, 11920, 0, 0, 0
70449, 11720, 0, 0, 0
70549, 11760, 0, 0, 0
70649, 11680, 0, 0, 0
70750, 11360, 0, 0, 0
70850, 11280, 0, 0, 0
70950, 11840, 0, 0, 0
71050, 11920, 0, 0, 0
71150, 11480, 0, 0, 0
71249, 11515, 0, 0, 0
71349, 11240, 0, 0, 0
71449, 11680, 0, 0, 0
71549, 11720, 0, 0, 0
71649, 11680, 0, 0, 0
71749, 11480, 0, 0, 0
71849, 11640, 0, 0, 0
71949, 11400, 0, 0, 0
72049, 11680, 0, 0, 0
72149, 11440, 0, 0, 0
72250, 11840, 0, 0, 0
72350, 11280, 0, 0, 0
72450, 11640, 0, 0, 0
72550, 11680, 0, 0, 0
72650, 11920, 0, 0, 0
72749, 11838, 0, 0, 0
72849, 11640, 0, 0, 0
72949, 11600, 0, 0, 0
73049, 12160, 0, 0, 0
73149, 11760, 0, 0, 0
73249, 11880, 0, 0, 0
73349, 11720, 0, 0, 0
73449, 12040, 0, 0, 0
73549, 11640, 0, 0, 0
73649, 11960, 0, 0, 0
73749, 11520, 0, 0, 0
73850, 11320, 0, 0, 0
73950, 11200, 0, 0, 0
74050, 11520, 0, 0, 0
74150, 11840, 0, 0, 0
74249, 11717, 0, 0, 0
74349, 11440, 0, 0, 0
74449, 11880, 0, 0, 0
74549, 11440, 0, 0, 0
74649, 11800, 0, 0, 0
74749, 11520, 0, 0, 0
74849, 11720, 0, 0, 0
74949, 11960, 0, 0, 0
75049, 11760, 0, 0, 0
75149, 11840, 0, 0, 0
75249, 11640, 0, 0, 0
75349, 11600, 0, 0, 0
75449, 11840, 0, 0, 0
75550, 11520, 0, 0, 0
75650, 11480, 0, 0, 0
75749, 11636, 0, 0, 0
75849, 11760, 0, 0, 0
75949, 11960, 0, 0, 0
76049, 11600, 0, 0, 0
76149, 11320, 0, 0, 0
76249, 11480, 0, 0, 0
76349, 11400, 0, 0, 0
76449, 11480, 0, 0, 0
76549, 11960, 0, 0, 0
76649, 11920, 0, 0, 0
76749, 12160, 0, 0, 0
76849, 12040, 0, 0, 0
76949, 11600, 0, 0, 0
77050, 11440, 0, 0, 0
77150, 11920, 0, 0, 0
77249, 11797, 0, 0, 0
77349, 12000, 0, 0, 0
77449, 11520, 0, 0, 0
77549, 12040, 0, 0, 0
77649, 11680, 0, 0, 0
77749, 11400, 0, 0, 0
77849, 11200, 0, 0, 0
77949, 11400, 0, 0, 0
78049, 11760, 0, 0, 0
78149, 11640, 0, 0, 0
78249, 11600, 0, 0, 0
78349, 11560, 0, 0, 0
78449, 11800, 0, 0, 0
78549, 11640, 0, 0, 0
78650, 11840, 0, 0, 0
78749, 11474, 0, 0, 0
78849, 11760, 0, 0, 0
78949, 11640, 0, 0, 0
79049, 11600, 0, 0, 0
79149, 11440, 0, 0, 0
79249, 11840, 0, 0, 0
79349, 11840, 0, 0, 0
79449, 12120, 0, 0, 0
79549, 11920, 0, 0, 0
79649, 11960, 0, 0, 0
79749, 12000, 0, 0, 0
79849, 11560, 0, 0, 0
79949, 11880, 0, 0, 0
80049, 11480, 0, 0, 0
80150, 11520, 0, 0, 0
80249, 11797, 0, 0, 0
80349, 11400, 0, 0, 0
80449, 11760, 0, 0, 0
80549, 11600, 0, 0, 0
80649, 11600, 0, 0, 0
80749, 11600, 0, 0, 0
80849, 11240, 0, 0, 0
80949, 11520, 0, 0, 0
81049, 11800, 0, 0, 0
81149, 11480, 0, 0, 0
81249, 11880, 0, 0, 0
81349, 11680, 0, 0, 0
81449, 11840, 0, 0, 0
81550, 11800, 0, 0, 0
81650, 12000, 0, 0, 0
81749, 12202, 0, 0, 0
81849, 12080, 0, 0, 0
81949, 11760, 0, 0, 0
82049, 11560, 0, 0, 0
82149, 11680, 0, 0, 0
82249, 11560, 0, 0, 0
82349, 11520, 0, 0, 0
82449, 11400, 0, 0, 0
82549, 11640, 0, 0, 0
82649, 11360, 0, 0, 0
82749, 11720, 0, 0, 0
82849, 11600, 0, 0, 0
82949, 11560, 0, 0, 0
83049, 11600, 0, 0, 0
83149, 11760, 0, 0, 0
83250, 11320, 0, 0, 0
83350, 11800, 0, 0, 0
83450, 11680, 0, 0, 0
83550, 11520, 0, 0, 0
83650, 11520, 0, 0, 0
83749, 11878, 0, 0, 0
83849, 11680, 0, 0, 0
83949, 11320, 0, 0, 0
84049, 11400, 0, 0, 0
84149, 11680, 0, 0, 0
84249, 11960, 0, 0, 0
84349, 11760, 0, 0, 0
84449, 11920, 0, 0, 0
84549, 11520, 0, 0, 0
84649, 11360, 0, 0, 0
84750, 11640, 0, 0, 0
84850, 11680, 0, 0, 0
84950, 11800, 0, 0, 0
85050, 11440, 0, 0, 0
85150, 11760, 0, 0, 0
85249, 11232, 0, 0, 0
85349, 12040, 0, 0, 0
85449, 11920, 0, 0, 0
85549, 11720, 0, 0, 0
85649, 12080, 0, 0, 0
85749, 11560, 0, 0, 0
85849, 11840, 0, 0, 0
85949, 11840, 0, 0, 0
86049, 11640, 0, 0, 0
86149, 11960, 0, 0, 0
86249, 11280, 0, 0, 0
86350, 11360, 0, 0, 0
86450, 11760, 0, 0, 0
86550, 11480, 0, 0, 0
86650, 11520, 0, 0, 0
86749, 11636, 0, 0, 0
86849, 11600, 0, 0, 0
86949, 11920, 0, 0, 0
87049, 12120, 0, 0, 0
87149, 11520, 0, 0, 0
87249, 11880, 0, 0, 0
87349, 11640, 0, 0, 0
87449, 11680, 0, 0, 0
87549, 11680, 0, 0, 0
87649, 11600, 0, 0, 0
87750, 11680, 0, 0, 0
87850, 11640, 0, 0, 0
87950, 11720, 0, 0, 0
88050, 11840, 0, 0, 0
88150, 11640, 0, 0, 0
88249, 11232, 0, 0, 0
88349, 11640, 0, 0, 0
88449, 11840, 0, 0, 0
88549, 11560, 0, 0, 0
88649, 11680, 0, 0, 0
88749, 11320, 0, 0, 0
88849, 11560, 0, 0, 0
88949, 11960, 0, 0, 0
89049, 12040, 0, 0, 0
89149, 11800, 0, 0, 0
89249, 11960, 0, 0, 0
89349, 11800, 0, 0, 0
89449, 11880, 0, 0, 0
89550, 11960, 0, 0, 0
89650, 11680, 0, 0, 0
89749, 11878, 0, 0, 0
89849, 11640, 0, 0, 0
89949, 12120, 0, 0, 0
