250, 458752, 0, 0, 0
350, 491520, 0, 0, 0
450, 450560, 0, 0, 0
550, 491520, 0, 0, 0
650, 450560, 0, 0, 0
749, 496484, 0, 0, 0
849, 491520, 0, 0, 0
949, 450560, 0, 0, 0
1050, 491520, 0, 0, 0
1150, 450560, 0, 0, 0
1249, 455111, 0, 0, 0
1349, 450560, 0, 0, 0
1449, 450560, 0, 0, 0
1549, 450560, 0, 0, 0
1649, 491520, 0, 0, 0
1750, 491520, 0, 0, 0
1850, 450560, 0, 0, 0
1950, 450560, 0, 0, 0
2050, 450560, 0, 0, 0
2150, 491520, 0, 0, 0
2249, 455111, 0, 0, 0
2349, 491520, 0, 0, 0
2449, 491520, 0, 0, 0
2549, 450560, 0, 0, 0
2649, 491520, 0, 0, 0
2750, 450560, 0, 0, 0
2850, 491520, 0, 0, 0
2950, 450560, 0, 0, 0
3050, 491520, 0, 0, 0
3150, 450560, 0, 0, 0
3249, 455111, 0, 0, 0
3349, 450560, 0, 0, 0
3449, 450560, 0, 0, 0
3550, 450560, 0, 0, 0
3650, 491520, 0, 0, 0
3749, 455111, 0, 0, 0
3849, 491520, 0, 0, 0
3949, 450560, 0, 0, 0
4049, 491520, 0, 0, 0
4149, 450560, 0, 0, 0
4249, 450560, 0, 0, 0
4350, 491520, 0, 0, 0
4450, 450560, 0, 0, 0
4550, 409600, 0, 0, 0
4650, 491520, 0, 0, 0
4749, 455111, 0, 0, 0
4849, 450560, 0, 0, 0
4949, 450560, 0, 0, 0
5049, 491520, 0, 0, 0
5149, 450560, 0, 0, 0
5250, 409600, 0, 0, 0
5350, 450560, 0, 0, 0
5450, 450560, 0, 0, 0
5550, 409600, 0, 0, 0
5650, 491520, 0, 0, 0
5749, 413737, 0, 0, 0
5850, 491520, 0, 0, 0
5950, 491520, 0, 0, 0
6050, 450560, 0, 0, 0
6150, 450560, 0, 0, 0
6249, 496484, 0, 0, 0
6349, 450560, 0, 0, 0
6449, 491520, 0, 0, 0
6549, 491520, 0, 0, 0
6650, 450560, 0, 0, 0
6750, 491520, 0, 0, 0
6850, 491520, 0, 0, 0
6950, 409600, 0, 0, 0
7050, 491520, 0, 0, 0
7150, 491520, 0, 0, 0
7249, 455111, 0, 0, 0
7350, 450560, 0, 0, 0
7450, 450560, 0, 0, 0
7550, 450560, 0, 0, 0
7650, 450560, 0, 0, 0
7749, 455111, 0, 0, 0
7849, 450560, 0, 0, 0
7949, 491520, 0, 0, 0
8049, 491520, 0, 0, 0
8150, 409600, 0, 0, 0
8249, 496484, 0, 0, 0
8349, 450560, 0, 0, 0
8449, 450560, 0, 0, 0
8549, 450560, 0, 0, 0
8649, 450560, 0, 0, 0
8749, 450560, 0, 0, 0
8849, 491520, 0, 0, 0
8949, 450560, 0, 0, 0
9050, 450560, 0, 0, 0
9150, 450560, 0, 0, 0
9249, 455111, 0, 0, 0
9349, 450560, 0, 0, 0
9449, 450560, 0, 0, 0
9549, 491520, 0, 0, 0
9649, 450560, 0, 0, 0
9750, 491520, 0, 0, 0
9850, 491520, 0, 0, 0
9950, 450560, 0, 0, 0
10050, 450560, 0, 0, 0
10150, 491520, 0, 0, 0
10249, 455111, 0, 0, 0
10349, 450560, 0, 0, 0
10449, 409600, 0, 0, 0
10549, 450560, 0, 0, 0
10650, 450560, 0, 0, 0
10749, 496484, 0, 0, 0
10849, 450560, 0, 0, 0
10949, 450560, 0, 0, 0
11049, 450560, 0, 0, 0
11149, 491520, 0, 0, 0
11250, 450560, 0, 0, 0
11350, 450560, 0, 0, 0
11450, 491520, 0, 0, 0
11550, 409600, 0, 0, 0
11650, 450560, 0, 0, 0
11749, 496484, 0, 0, 0
11849, 491520, 0, 0, 0
11949, 450560, 0, 0, 0
12049, 491520, 0, 0, 0
12149, 491520, 0, 0, 0
12250, 450560, 0, 0, 0
12350, 491520, 0, 0, 0
12450, 491520, 0, 0, 0
12550, 491520, 0, 0, 0
12650, 450560, 0, 0, 0
12749, 496484, 0, 0, 0
12849, 409600, 0, 0, 0
12949, 491520, 0, 0, 0
13050, 491520, 0, 0, 0
13150, 450560, 0, 0, 0
13249, 455111, 0, 0, 0
13349, 450560, 0, 0, 0
13449, 450560, 0, 0, 0
13549, 450560, 0, 0, 0
13650, 491520, 0, 0, 0
13750, 491520, 0, 0, 0
13850, 450560, 0, 0, 0
13950, 450560, 0, 0, 0
14050, 450560, 0, 0, 0
14150, 450560, 0, 0, 0
14249, 455111, 0, 0, 0
14349, 450560, 0, 0, 0
14449, 450560, 0, 0, 0
14550, 450560, 0, 0, 0
14650, 491520, 0, 0, 0
14749, 455111, 0, 0, 0
14849, 450560, 0, 0, 0
14949, 409600, 0, 0, 0
15049, 450560, 0, 0, 0
15149, 409600, 0, 0, 0
15250, 450560, 0, 0, 0
15350, 450560, 0, 0, 0
15450, 450560, 0, 0, 0
15550, 491520, 0, 0, 0
15650, 450560, 0, 0, 0
15749, 455111, 0, 0, 0
15849, 491520, 0, 0, 0
15950, 450560, 0, 0, 0
16050, 450560, 0, 0, 0
16150, 450560, 0, 0, 0
16249, 455111, 0, 0, 0
16349, 491520, 0, 0, 0
16449, 491520, 0, 0, 0
16549, 450560, 0, 0, 0
16650, 450560, 0, 0, 0
16749, 496484, 0, 0, 0
16849, 450560, 0, 0, 0
16949, 450560, 0, 0, 0
17049, 491520, 0, 0, 0
17149, 450560, 0, 0, 0
17249, 409600, 0, 0, 0
17349, 491520, 0, 0, 0
17449, 450560, 0, 0, 0
17550, 450560, 0, 0, 0
17650, 409600, 0, 0, 0
17749, 455111, 0, 0, 0
17849, 491520, 0, 0, 0
17949, 409600, 0, 0, 0
18049, 450560, 0, 0, 0
18149, 450560, 0, 0, 0
18250, 450560, 0, 0, 0
18350, 450560, 0, 0, 0
18450, 450560, 0, 0, 0
18550, 450560, 0, 0, 0
18650, 450560, 0, 0, 0
18749, 455111, 0, 0, 0
18849, 491520, 0, 0, 0
18949, 409600, 0, 0, 0
19050, 450560, 0, 0, 0
19150, 491520, 0, 0, 0
19249, 413737, 0, 0, 0
19349, 450560, 0, 0, 0
19449, 491520, 0, 0, 0
19549, 491520, 0, 0, 0
19649, 450560, 0, 0, 0
19750, 491520, 0, 0, 0
19850, 450560, 0, 0, 0
19950, 450560, 0, 0, 0
20050, 491520, 0, 0, 0
20150, 450560, 0, 0, 0
20249, 496484, 0, 0, 0
20349, 491520, 0, 0, 0
20449, 450560, 0, 0, 0
20549, 450560, 0, 0, 0
20649, 450560, 0, 0, 0
20750, 491520, 0, 0, 0
20850, 450560, 0, 0, 0
20950, 450560, 0, 0, 0
21050, 450560, 0, 0, 0
21150, 409600, 0, 0, 0
21249, 455111, 0, 0, 0
21349, 450560, 0, 0, 0
21449, 491520, 0, 0, 0
21550, 450560, 0, 0, 0
21650, 491520, 0, 0, 0
21749, 455111, 0, 0, 0
21849, 409600, 0, 0, 0
21949, 491520, 0, 0, 0
22049, 491520, 0, 0, 0
22149, 491520, 0, 0, 0
22249, 450560, 0, 0, 0
22349, 491520, 0, 0, 0
22450, 491520, 0, 0, 0
22550, 450560, 0, 0, 0
22650, 450560, 0, 0, 0
22749, 455111, 0, 0, 0
22849, 491520, 0, 0, 0
22949, 491520, 0, 0, 0
23050, 491520, 0, 0, 0
23150, 491520, 0, 0, 0
23249, 455111, 0, 0, 0
23349, 450560, 0, 0, 0
23449, 491520, 0, 0, 0
23549, 491520, 0, 0, 0
23649, 491520, 0, 0, 0
23750, 491520, 0, 0, 0
23850, 491520, 0, 0, 0
23950, 450560, 0, 0, 0
24050, 409600, 0, 0, 0
24150, 491520, 0, 0, 0
24249, 496484, 0, 0, 0
24349, 491520, 0, 0, 0
24450, 450560, 0, 0, 0
24550, 491520, 0, 0, 0
24650, 450560, 0, 0, 0
24749, 455111, 0, 0, 0
24849, 409600, 0, 0, 0
24949, 450560, 0, 0, 0
25049, 450560, 0, 0, 0
25149, 532480, 0, 0, 0
25249, 455111, 0, 0, 0
25349, 491520, 0, 0, 0
25449, 532480, 0, 0, 0
25549, 532480, 0, 0, 0
25649, 532480, 0, 0, 0
25749, 450560, 0, 0, 0
25849, 491520, 0, 0, 0
25950, 532480, 0, 0, 0
26050, 450560, 0, 0, 0
26150, 532480, 0, 0, 0
26249, 455111, 0, 0, 0
26349, 532480, 0, 0, 0
26449, 532480, 0, 0, 0
26550, 491520, 0, 0, 0
26650, 450560, 0, 0, 0
26749, 496484, 0, 0, 0
26849, 491520, 0, 0, 0
26949, 491520, 0, 0, 0
27049, 573440, 0, 0, 0
27149, 491520, 0, 0, 0
27250, 491520, 0, 0, 0
27350, 532480, 0, 0, 0
27450, 532480, 0, 0, 0
27550, 573440, 0, 0, 0
27650, 573440, 0, 0, 0
27749, 537858, 0, 0, 0
27849, 532480, 0, 0, 0
27950, 532480, 0, 0, 0
28050, 491520, 0, 0, 0
28150, 532480, 0, 0, 0
28249, 496484, 0, 0, 0
28349, 491520, 0, 0, 0
28449, 450560, 0, 0, 0
28550, 491520, 0, 0, 0
28650, 491520, 0, 0, 0
28749, 455111, 0, 0, 0
28849, 450560, 0, 0, 0
28949, 491520, 0, 0, 0
29049, 409600, 0, 0, 0
29149, 491520, 0, 0, 0
29250, 450560, 0, 0, 0
29350, 491520, 0, 0, 0
29450, 491520, 0, 0, 0
29550, 491520, 0, 0, 0
29650, 450560, 0, 0, 0
29750, 455111, 0, 0, 0
29850, 450560, 0, 0, 0
29950, 450560, 0, 0, 0
30050, 409600, 0, 0, 0
30150, 491520, 0, 0, 0
30249, 455111, 0, 0, 0
30349, 491520, 0, 0, 0
30449, 491520, 0, 0, 0
30550, 491520, 0, 0, 0
30650, 450560, 0, 0, 0
30749, 455111, 0, 0, 0
30849, 450560, 0, 0, 0
30949, 450560, 0, 0, 0
31049, 450560, 0, 0, 0
31149, 450560, 0, 0, 0
31250, 450560, 0, 0, 0
31350, 491520, 0, 0, 0
31450, 450560, 0, 0, 0
31550, 450560, 0, 0, 0
31650, 450560, 0, 0, 0
31749, 537858, 0, 0, 0
31849, 450560, 0, 0, 0
31949, 491520, 0, 0, 0
32049, 450560, 0, 0, 0
32149, 491520, 0, 0, 0
32250, 409600, 0, 0, 0
32350, 491520, 0, 0, 0
32450, 450560, 0, 0, 0
32550, 450560, 0, 0, 0
32650, 491520, 0, 0, 0
32749, 455111, 0, 0, 0
32849, 491520, 0, 0, 0
32949, 450560, 0, 0, 0
33050, 491520, 0, 0, 0
33150, 450560, 0, 0, 0
33249, 455111, 0, 0, 0
33349, 532480, 0, 0, 0
33449, 450560, 0, 0, 0
33549, 491520, 0, 0, 0
33649, 491520, 0, 0, 0
33750, 409600, 0, 0, 0
33850, 450560, 0, 0, 0
33950, 491520, 0, 0, 0
34050, 491520, 0, 0, 0
34150, 450560, 0, 0, 0
34249, 455111, 0, 0, 0
34349, 450560, 0, 0, 0
34449, 450560, 0, 0, 0
34550, 450560, 0, 0, 0
34650, 491520, 0, 0, 0
34749, 413737, 0, 0, 0
34849, 491520, 0, 0, 0
34949, 491520, 0, 0, 0
35049, 450560, 0, 0, 0
35149, 409600, 0, 0, 0
35250, 491520, 0, 0, 0
35350, 491520, 0, 0, 0
35450, 450560, 0, 0, 0
35550, 491520, 0, 0, 0
35650, 450560, 0, 0, 0
35749, 496484, 0, 0, 0
35849, 450560, 0, 0, 0
35949, 450560, 0, 0, 0
36050, 491520, 0, 0, 0
36150, 409600, 0, 0, 0
36249, 455111, 0, 0, 0
36349, 450560, 0, 0, 0
36449, 491520, 0, 0, 0
36549, 491520, 0, 0, 0
36649, 491520, 0, 0, 0
36749, 491520, 0, 0, 0
36850, 450560, 0, 0, 0
36950, 491520, 0, 0, 0
37050, 491520, 0, 0, 0
37150, 450560, 0, 0, 0
37249, 455111, 0, 0, 0
37349, 532480, 0, 0, 0
37449, 491520, 0, 0, 0
37549, 491520, 0, 0, 0
37650, 532480, 0, 0, 0
37749, 455111, 0, 0, 0
37849, 491520, 0, 0, 0
37949, 409600, 0, 0, 0
38049, 491520, 0, 0, 0
38149, 409600, 0, 0, 0
38249, 491520, 0, 0, 0
38349, 450560, 0, 0, 0
38449, 450560, 0, 0, 0
38550, 491520, 0, 0, 0
38650, 450560, 0, 0, 0
38749, 455111, 0, 0, 0
38849, 409600, 0, 0, 0
38949, 450560, 0, 0, 0
39049, 450560, 0, 0, 0
39149, 450560, 0, 0, 0
39249, 409600, 0, 0, 0
39349, 450560, 0, 0, 0
39450, 450560, 0, 0, 0
39550, 491520, 0, 0, 0
39650, 409600, 0, 0, 0
39749, 455111, 0, 0, 0
39849, 450560, 0, 0, 0
39949, 450560, 0, 0, 0
40049, 450560, 0, 0, 0
40149, 450560, 0, 0, 0
40250, 450560, 0, 0, 0
40350, 450560, 0, 0, 0
40450, 450560, 0, 0, 0
40550, 491520, 0, 0, 0
40650, 450560, 0, 0, 0
40749, 496484, 0, 0, 0
40849, 532480, 0, 0, 0
40949, 450560, 0, 0, 0
41050, 532480, 0, 0, 0
41150, 450560, 0, 0, 0
41249, 496484, 0, 0, 0
41349, 491520, 0, 0, 0
41449, 450560, 0, 0, 0
41549, 450560, 0, 0, 0
41649, 450560, 0, 0, 0
41749, 491520, 0, 0, 0
41850, 450560, 0, 0, 0
41950, 450560, 0, 0, 0
42050, 450560, 0, 0, 0
42150, 450560, 0, 0, 0
42249, 496484, 0, 0, 0
42349, 450560, 0, 0, 0
42449, 409600, 0, 0, 0
42549, 491520, 0, 0, 0
42649, 450560, 0, 0, 0
42750, 491520, 0, 0, 0
42850, 450560, 0, 0, 0
42950, 491520, 0, 0, 0
43050, 409600, 0, 0, 0
43150, 450560, 0, 0, 0
43249, 496484, 0, 0, 0
43350, 450560, 0, 0, 0
43450, 450560, 0, 0, 0
43550, 409600, 0, 0, 0
43650, 450560, 0, 0, 0
43749, 496484, 0, 0, 0
43849, 450560, 0, 0, 0
43949, 450560, 0, 0, 0
44049, 450560, 0, 0, 0
44149, 409600, 0, 0, 0
44249, 413737, 0, 0, 0
44349, 450560, 0, 0, 0
44449, 450560, 0, 0, 0
44549, 450560, 0, 0, 0
44649, 450560, 0, 0, 0
44749, 409600, 0, 0, 0
44849, 491520, 0, 0, 0
44949, 450560, 0, 0, 0
45050, 450560, 0, 0, 0
45150, 450560, 0, 0, 0
45249, 455111, 0, 0, 0
45349, 450560, 0, 0, 0
45449, 409600, 0, 0, 0
45549, 450560, 0, 0, 0
45649, 450560, 0, 0, 0
45750, 491520, 0, 0, 0
45850, 450560, 0, 0, 0
45950, 409600, 0, 0, 0
46050, 491520, 0, 0, 0
46150, 491520, 0, 0, 0
46249, 455111, 0, 0, 0
46349, 491520, 0, 0, 0
46449, 450560, 0, 0, 0
46550, 491520, 0, 0, 0
46650, 491520, 0, 0, 0
46749, 455111, 0, 0, 0
46849, 491520, 0, 0, 0
46949, 491520, 0, 0, 0
47049, 491520, 0, 0, 0
47149, 491520, 0, 0, 0
47250, 450560, 0, 0, 0
47350, 491520, 0, 0, 0
47450, 532480, 0, 0, 0
47550, 450560, 0, 0, 0
47650, 450560, 0, 0, 0
47749, 496484, 0, 0, 0
47849, 450560, 0, 0, 0
47949, 491520, 0, 0, 0
48049, 491520, 0, 0, 0
48150, 409600, 0, 0, 0
48249, 413737, 0, 0, 0
48349, 450560, 0, 0, 0
48449, 409600, 0, 0, 0
48549, 450560, 0, 0, 0
48649, 450560, 0, 0, 0
48749, 450560, 0, 0, 0
48849, 450560, 0, 0, 0
48949, 491520, 0, 0, 0
49050, 450560, 0, 0, 0
49150, 450560, 0, 0, 0
49249, 496484, 0, 0, 0
49349, 491520, 0, 0, 0
49449, 450560, 0, 0, 0
49549, 450560, 0, 0, 0
49649, 491520, 0, 0, 0
49749, 450560, 0, 0, 0
49850, 450560, 0, 0, 0
49950, 450560, 0, 0, 0
50050, 450560, 0, 0, 0
50150, 450560, 0, 0, 0
50249, 455111, 0, 0, 0
50349, 450560, 0, 0, 0
50449, 409600, 0, 0, 0
50549, 450560, 0, 0, 0
50649, 450560, 0, 0, 0
50750, 450560, 0, 0, 0
50850, 450560, 0, 0, 0
50950, 491520, 0, 0, 0
51050, 450560, 0, 0, 0
51150, 450560, 0, 0, 0
51249, 455111, 0, 0, 0
51349, 450560, 0, 0, 0
51449, 450560, 0, 0, 0
51549, 450560, 0, 0, 0
51649, 450560, 0, 0, 0
51750, 450560, 0, 0, 0
51850, 491520, 0, 0, 0
51950, 450560, 0, 0, 0
52050, 491520, 0, 0, 0
52150, 450560, 0, 0, 0
52249, 413737, 0, 0, 0
52349, 450560, 0, 0, 0
52449, 491520, 0, 0, 0
52549, 409600, 0, 0, 0
52650, 491520, 0, 0, 0
52749, 496484, 0, 0, 0
52849, 450560, 0, 0, 0
52949, 409600, 0, 0, 0
53049, 491520, 0, 0, 0
53149, 450560, 0, 0, 0
53249, 450560, 0, 0, 0
53349, 491520, 0, 0, 0
53449, 450560, 0, 0, 0
53550, 450560, 0, 0, 0
53650, 450560, 0, 0, 0
53749, 496484, 0, 0, 0
53849, 450560, 0, 0, 0
53949, 409600, 0, 0, 0
54049, 450560, 0, 0, 0
54149, 450560, 0, 0, 0
54250, 450560, 0, 0, 0
54350, 450560, 0, 0, 0
54450, 409600, 0, 0, 0
54550, 450560, 0, 0, 0
54650, 450560, 0, 0, 0
54749, 455111, 0, 0, 0
54849, 450560, 0, 0, 0
54950, 491520, 0, 0, 0
55050, 450560, 0, 0, 0
55150, 450560, 0, 0, 0
55249, 496484, 0, 0, 0
55349, 532480, 0, 0, 0
55449, 409600, 0, 0, 0
55549, 409600, 0, 0, 0
55649, 450560, 0, 0, 0
55750, 450560, 0, 0, 0
55850, 491520, 0, 0, 0
55950, 491520, 0, 0, 0
56050, 450560, 0, 0, 0
56150, 409600, 0, 0, 0
56249, 413737, 0, 0, 0
56349, 409600, 0, 0, 0
56449, 409600, 0, 0, 0
56550, 409600, 0, 0, 0
56650, 450560, 0, 0, 0
56749, 455111, 0, 0, 0
56849, 450560, 0, 0, 0
56949, 491520, 0, 0, 0
57049, 491520, 0, 0, 0
57149, 532480, 0, 0, 0
57250, 491520, 0, 0, 0
57350, 532480, 0, 0, 0
57450, 491520, 0, 0, 0
57550, 450560, 0, 0, 0
57650, 450560, 0, 0, 0
57749, 413737, 0, 0, 0
57849, 450560, 0, 0, 0
57949, 491520, 0, 0, 0
58050, 491520, 0, 0, 0
58150, 409600, 0, 0, 0
58249, 455111, 0, 0, 0
58349, 409600, 0, 0, 0
58449, 450560, 0, 0, 0
58549, 450560, 0, 0, 0
58650, 532480, 0, 0, 0
58750, 450560, 0, 0, 0
58850, 450560, 0, 0, 0
58950, 409600, 0, 0, 0
59050, 450560, 0, 0, 0
59150, 491520, 0, 0, 0
59249, 413737, 0, 0, 0
59349, 491520, 0, 0, 0
59450, 491520, 0, 0, 0
59550, 409600, 0, 0, 0
59650, 450560, 0, 0, 0
59749, 455111, 0, 0, 0
59849, 491520, 0, 0, 0
59949, 491520, 0, 0, 0
60050, 491520, 0, 0, 0
60150, 491520, 0, 0, 0
60249, 496484, 0, 0, 0
60349, 491520, 0, 0, 0
60449, 532480, 0, 0, 0
60549, 450560, 0, 0, 0
60649, 532480, 0, 0, 0
60749, 450560, 0, 0, 0
60849, 450560, 0, 0, 0
60950, 491520, 0, 0, 0
61050, 450560, 0, 0, 0
61150, 491520, 0, 0, 0
61249, 537858, 0, 0, 0
61349, 450560, 0, 0, 0
61449, 450560, 0, 0, 0
61550, 532480, 0, 0, 0
61650, 491520, 0, 0, 0
61749, 496484, 0, 0, 0
61849, 450560, 0, 0, 0
61949, 532480, 0, 0, 0
62049, 491520, 0, 0, 0
62149, 532480, 0, 0, 0
62249, 491520, 0, 0, 0
62350, 573440, 0, 0, 0
62450, 491520, 0, 0, 0
62550, 491520, 0, 0, 0
62650, 532480, 0, 0, 0
62749, 455111, 0, 0, 0
62849, 532480, 0, 0, 0
62949, 532480, 0, 0, 0
63049, 532480, 0, 0, 0
63150, 491520, 0, 0, 0
63249, 537858, 0, 0, 0
63349, 491520, 0, 0, 0
63449, 532480, 0, 0, 0
63549, 532480, 0, 0, 0
63649, 532480, 0, 0, 0
63750, 491520, 0, 0, 0
63850, 532480, 0, 0, 0
63950, 491520, 0, 0, 0
64050, 450560, 0, 0, 0
64150, 491520, 0, 0, 0
64249, 455111, 0, 0, 0
64349, 491520, 0, 0, 0
64449, 532480, 0, 0, 0
64549, 491520, 0, 0, 0
64650, 450560, 0, 0, 0
64750, 491520, 0, 0, 0
64850, 491520, 0, 0, 0
64950, 450560, 0, 0, 0
65050, 491520, 0, 0, 0
65150, 491520, 0, 0, 0
65250, 496484, 0, 0, 0
65350, 491520, 0, 0, 0
65450, 491520, 0, 0, 0
65550, 532480, 0, 0, 0
65650, 491520, 0, 0, 0
65749, 372363, 0, 0, 0
65849, 409600, 0, 0, 0
65949, 491520, 0, 0, 0
66050, 450560, 0, 0, 0
66150, 450560, 0, 0, 0
66249, 413737, 0, 0, 0
66349, 409600, 0, 0, 0
66449, 450560, 0, 0, 0
66549, 491520, 0, 0, 0
66649, 450560, 0, 0, 0
66750, 491520, 0, 0, 0
66850, 491520, 0, 0, 0
66950, 450560, 0, 0, 0
67050, 491520, 0, 0, 0
67150, 491520, 0, 0, 0
67249, 455111, 0, 0, 0
67349, 491520, 0, 0, 0
67449, 409600, 0, 0, 0
67549, 491520, 0, 0, 0
67649, 491520, 0, 0, 0
67750, 409600, 0, 0, 0
67850, 491520, 0, 0, 0
67950, 409600, 0, 0, 0
68050, 450560, 0, 0, 0
68150, 450560, 0, 0, 0
68249, 455111, 0, 0, 0
68349, 491520, 0, 0, 0
68449, 409600, 0, 0, 0
68550, 450560, 0, 0, 0
68650, 450560, 0, 0, 0
68749, 496484, 0, 0, 0
68849, 409600, 0, 0, 0
68949, 450560, 0, 0, 0
69049, 368640, 0, 0, 0
69149, 491520, 0, 0, 0
69249, 450560, 0, 0, 0
69349, 450560, 0, 0, 0
69450, 450560, 0, 0, 0
69550, 450560, 0, 0, 0
69650, 532480, 0, 0, 0
69749, 496484, 0, 0, 0
69849, 450560, 0, 0, 0
69949, 491520, 0, 0, 0
70049, 491520, 0, 0, 0
70149, 491520, 0, 0, 0
70250, 491520, 0, 0, 0
70350, 491520, 0, 0, 0
70450, 532480, 0, 0, 0
70550, 491520, 0, 0, 0
70650, 532480, 0, 0, 0
70749, 455111, 0, 0, 0
70849, 491520, 0, 0, 0
70949, 409600, 0, 0, 0
71049, 450560, 0, 0, 0
71150, 450560, 0, 0, 0
71249, 496484, 0, 0, 0
71349, 491520, 0, 0, 0
71449, 450560, 0, 0, 0
71549, 450560, 0, 0, 0
71649, 450560, 0, 0, 0
71749, 491520, 0, 0, 0
71849, 409600, 0, 0, 0
71950, 491520, 0, 0, 0
72050, 450560, 0, 0, 0
72150, 450560, 0, 0, 0
72249, 455111, 0, 0, 0
72349, 450560, 0, 0, 0
72449, 409600, 0, 0, 0
72549, 491520, 0, 0, 0
72649, 409600, 0, 0, 0
72750, 450560, 0, 0, 0
72850, 450560, 0, 0, 0
72950, 409600, 0, 0, 0
73050, 491520, 0, 0, 0
73150, 450560, 0, 0, 0
73249, 455111, 0, 0, 0
73349, 450560, 0, 0, 0
73449, 409600, 0, 0, 0
73550, 491520, 0, 0, 0
73650, 450560, 0, 0, 0
73749, 496484, 0, 0, 0
73849, 491520, 0, 0, 0
73949, 491520, 0, 0, 0
74049, 450560, 0, 0, 0
74149, 491520, 0, 0, 0
74250, 491520, 0, 0, 0
74350, 450560, 0, 0, 0
74450, 450560, 0, 0, 0
74550, 450560, 0, 0, 0
74650, 450560, 0, 0, 0
74749, 455111, 0, 0, 0
74849, 491520, 0, 0, 0
74949, 450560, 0, 0, 0
75050, 409600, 0, 0, 0
75150, 450560, 0, 0, 0
75249, 455111, 0, 0, 0
75349, 491520, 0, 0, 0
75449, 450560, 0, 0, 0
75549, 450560, 0, 0, 0
75649, 450560, 0, 0, 0
75749, 450560, 0, 0, 0
75849, 450560, 0, 0, 0
75949, 409600, 0, 0, 0
76050, 450560, 0, 0, 0
76150, 450560, 0, 0, 0
76249, 455111, 0, 0, 0
76349, 491520, 0, 0, 0
76449, 450560, 0, 0, 0
76549, 450560, 0, 0, 0
76649, 450560, 0, 0, 0
76750, 491520, 0, 0, 0
76850, 450560, 0, 0, 0
76950, 532480, 0, 0, 0
77050, 450560, 0, 0, 0
77150, 450560, 0, 0, 0
77249, 496484, 0, 0, 0
77349, 491520, 0, 0, 0
77449, 450560, 0, 0, 0
77550, 450560, 0, 0, 0
77650, 450560, 0, 0, 0
77749, 496484, 0, 0, 0
77849, 532480, 0, 0, 0
77949, 491520, 0, 0, 0
78049, 491520, 0, 0, 0
78149, 532480, 0, 0, 0
78250, 491520, 0, 0, 0
78350, 532480, 0, 0, 0
78450, 450560, 0, 0, 0
78550, 450560, 0, 0, 0
78650, 532480, 0, 0, 0
78749, 496484, 0, 0, 0
78849, 491520, 0, 0, 0
78949, 450560, 0, 0, 0
79050, 450560, 0, 0, 0
79150, 532480, 0, 0, 0
79249, 496484, 0, 0, 0
79349, 450560, 0, 0, 0
79449, 409600, 0, 0, 0
79549, 450560, 0, 0, 0
79649, 450560, 0, 0, 0
79749, 491520, 0, 0, 0
79850, 450560, 0, 0, 0
79950, 491520, 0, 0, 0
80050, 532480, 0, 0, 0
80150, 450560, 0, 0, 0
80249, 413737, 0, 0, 0
80349, 450560, 0, 0, 0
80449, 450560, 0, 0, 0
80549, 491520, 0, 0, 0
80649, 409600, 0, 0, 0
80750, 450560, 0, 0, 0
80850, 491520, 0, 0, 0
80950, 450560, 0, 0, 0
81050, 450560, 0, 0, 0
81150, 409600, 0, 0, 0
81249, 413737, 0, 0, 0
81349, 491520, 0, 0, 0
81450, 409600, 0, 0, 0
81550, 450560, 0, 0, 0
81650, 409600, 0, 0, 0
81749, 413737, 0, 0, 0
81849, 450560, 0, 0, 0
81949, 450560, 0, 0, 0
82049, 450560, 0, 0, 0
82149, 450560, 0, 0, 0
82250, 450560, 0, 0, 0
82350, 450560, 0, 0, 0
82450, 491520, 0, 0, 0
82550, 491520, 0, 0, 0
82650, 450560, 0, 0, 0
82749, 455111, 0, 0, 0
82849, 491520, 0, 0, 0
82949, 491520, 0, 0, 0
83050, 491520, 0, 0, 0
83150, 532480, 0, 0, 0
83249, 455111, 0, 0, 0
83349, 532480, 0, 0, 0
83449, 450560, 0, 0, 0
83549, 450560, 0, 0, 0
83649, 491520, 0, 0, 0
83749, 491520, 0, 0, 0
83850, 450560, 0, 0, 0
83950, 491520, 0, 0, 0
84050, 450560, 0, 0, 0
84150, 450560, 0, 0, 0
84249, 455111, 0, 0, 0
84349, 450560, 0, 0, 0
84449, 491520, 0, 0, 0
84549, 491520, 0, 0, 0
84649, 450560, 0, 0, 0
84750, 450560, 0, 0, 0
84850, 450560, 0, 0, 0
84950, 491520, 0, 0, 0
85050, 532480, 0, 0, 0
85150, 450560, 0, 0, 0
85249, 496484, 0, 0, 0
85349, 491520, 0, 0, 0
85450, 491520, 0, 0, 0
85550, 491520, 0, 0, 0
85650, 491520, 0, 0, 0
85749, 537858, 0, 0, 0
85849, 491520, 0, 0, 0
85949, 450560, 0, 0, 0
86049, 532480, 0, 0, 0
86149, 491520, 0, 0, 0
86250, 532480, 0, 0, 0
86350, 491520, 0, 0, 0
86450, 450560, 0, 0, 0
86550, 491520, 0, 0, 0
86650, 491520, 0, 0, 0
86749, 496484, 0, 0, 0
86849, 532480, 0, 0, 0
86949, 491520, 0, 0, 0
87050, 450560, 0, 0, 0
87150, 450560, 0, 0, 0
87249, 455111, 0, 0, 0
87349, 491520, 0, 0, 0
87449, 450560, 0, 0, 0
87549, 491520, 0, 0, 0
87649, 491520, 0, 0, 0
87750, 450560, 0, 0, 0
87850, 491520, 0, 0, 0
87950, 491520, 0, 0, 0
88050, 491520, 0, 0, 0
88150, 491520, 0, 0, 0
88249, 496484, 0, 0, 0
88349, 491520, 0, 0, 0
88450, 491520, 0, 0, 0
88550, 450560, 0, 0, 0
88650, 491520, 0, 0, 0
88749, 496484, 0, 0, 0
88849, 532480, 0, 0, 0
88949, 491520, 0, 0, 0
89049, 491520, 0, 0, 0
89149, 532480, 0, 0, 0
89250, 491520, 0, 0, 0
89350, 491520, 0, 0, 0
89450, 491520, 0, 0, 0
89550, 532480, 0, 0, 0
89650, 491520, 0, 0, 0
89749, 537858, 0, 0, 0
89849, 450560, 0, 0, 0
89949, 491520, 0, 0, 0
