100, 1080348, 0, 0, 0
200, 1074904, 0, 0, 0
301, 1153583, 0, 0, 0
401, 1099067, 0, 0, 0
500, 1097588, 0, 0, 0
600, 1110415, 0, 0, 0
700, 1087865, 0, 0, 0
800, 1082165, 0, 0, 0
901, 1147378, 0, 0, 0
1000, 1070153, 0, 0, 0
1101, 1099687, 0, 0, 0
1200, 1099068, 0, 0, 0
1301, 1095105, 0, 0, 0
1400, 1140073, 0, 0, 0
1501, 1060371, 0, 0, 0
1600, 1119060, 0, 0, 0
1700, 1061134, 0, 0, 0
1800, 1088880, 0, 0, 0
1900, 1191663, 0, 0, 0
2000, 1192948, 0, 0, 0
2101, 1114532, 0, 0, 0
2200, 1159016, 0, 0, 0
2300, 1171456, 0, 0, 0
2400, 1217236, 0, 0, 0
2500, 1156872, 0, 0, 0
2600, 1105864, 0, 0, 0
2700, 1143810, 0, 0, 0
2800, 1110827, 0, 0, 0
2900, 1116113, 0, 0, 0
3000, 1162194, 0, 0, 0
3100, 1168480, 0, 0, 0
3200, 1174193, 0, 0, 0
3300, 1172876, 0, 0, 0
3400, 1139427, 0, 0, 0
3500, 1136586, 0, 0, 0
3600, 1126271, 0, 0, 0
3700, 1206416, 0, 0, 0
3800, 1207944, 0, 0, 0
3901, 1181436, 0, 0, 0
4000, 1179790, 0, 0, 0
4100, 1193754, 0, 0, 0
4200, 1146667, 0, 0, 0
4300, 1212964, 0, 0, 0
4400, 1147034, 0, 0, 0
4500, 1179001, 0, 0, 0
4601, 1178957, 0, 0, 0
4700, 1153741, 0, 0, 0
4801, 1093928, 0, 0, 0
4900, 1115415, 0, 0, 0
5000, 1065163, 0, 0, 0
5100, 1066699, 0, 0, 0
5200, 1067675, 0, 0, 0
5300, 1122490, 0, 0, 0
5400, 1080235, 0, 0, 0
5500, 1114137, 0, 0, 0
5600, 1073488, 0, 0, 0
5700, 1087546, 0, 0, 0
5800, 1101417, 0, 0, 0
5901, 1178947, 0, 0, 0
6000, 1200048, 0, 0, 0
6100, 1150714, 0, 0, 0
6200, 1116619, 0, 0, 0
6300, 1153205, 0, 0, 0
6400, 1077544, 0, 0, 0
6500, 1197391, 0, 0, 0
6600, 1115305, 0, 0, 0
6700, 1156640, 0, 0, 0
6801, 1050149, 0, 0, 0
6900, 1101373, 0, 0, 0
7000, 1107873, 0, 0, 0
7101, 1158319, 0, 0, 0
7200, 1086570, 0, 0, 0
7301, 1039674, 0, 0, 0
7400, 1066397, 0, 0, 0
7500, 1126855, 0, 0, 0
7600, 1082969, 0, 0, 0
7700, 1162902, 0, 0, 0
7800, 1055344, 0, 0, 0
7900, 1057684, 0, 0, 0
8000, 1099882, 0, 0, 0
8100, 1065337, 0, 0, 0
8200, 1101649, 0, 0, 0
8300, 1075025, 0, 0, 0
8401, 1078367, 0, 0, 0
8500, 1130519, 0, 0, 0
8600, 1114928, 0, 0, 0
8700, 1106768, 0, 0, 0
8800, 1124957, 0, 0, 0
8900, 1097369, 0, 0, 0
9000, 1078660, 0, 0, 0
9100, 1109658, 0, 0, 0
9200, 1184817, 0, 0, 0
9300, 1114914, 0, 0, 0
9400, 1118548, 0, 0, 0
9500, 1086927, 0, 0, 0
9600, 1169750, 0, 0, 0
9700, 1131687, 0, 0, 0
9800, 1115902, 0, 0, 0
9900, 1145572, 0, 0, 0
10000, 1123121, 0, 0, 0
10100, 1134981, 0, 0, 0
10200, 1157261, 0, 0, 0
10301, 1030182, 0, 0, 0
10400, 1061874, 0, 0, 0
10500, 1100412, 0, 0, 0
10600, 1093598, 0, 0, 0
10700, 1088282, 0, 0, 0
10800, 1083646, 0, 0, 0
10900, 1104920, 0, 0, 0
11000, 1102220, 0, 0, 0
11100, 1092980, 0, 0, 0
11200, 1154461, 0, 0, 0
11300, 1128377, 0, 0, 0
11400, 1095116, 0, 0, 0
11500, 1088708, 0, 0, 0
11600, 1113765, 0, 0, 0
11700, 1113378, 0, 0, 0
11800, 1053162, 0, 0, 0
11900, 1124039, 0, 0, 0
12000, 1125620, 0, 0, 0
12100, 1071620, 0, 0, 0
12200, 1076350, 0, 0, 0
12300, 1091339, 0, 0, 0
12400, 1134839, 0, 0, 0
12500, 1164447, 0, 0, 0
12600, 1114784, 0, 0, 0
12700, 1100742, 0, 0, 0
12800, 1131455, 0, 0, 0
12901, 1163853, 0, 0, 0
13000, 1131391, 0, 0, 0
13100, 1086037, 0, 0, 0
13201, 1193702, 0, 0, 0
13300, 1264898, 0, 0, 0
13400, 1143941, 0, 0, 0
13500, 1136285, 0, 0, 0
13600, 1201496, 0, 0, 0
13700, 1058141, 0, 0, 0
13801, 1105601, 0, 0, 0
13900, 1095863, 0, 0, 0
14000, 1059565, 0, 0, 0
14100, 1067408, 0, 0, 0
14200, 1105130, 0, 0, 0
14300, 1107235, 0, 0, 0
14400, 1120251, 0, 0, 0
14501, 1155494, 0, 0, 0
14600, 1119220, 0, 0, 0
14700, 1123952, 0, 0, 0
14800, 1132935, 0, 0, 0
14900, 1173805, 0, 0, 0
15001, 1141762, 0, 0, 0
15100, 1117465, 0, 0, 0
15200, 1118823, 0, 0, 0
15301, 1157403, 0, 0, 0
15401, 1188241, 0, 0, 0
15501, 1134699, 0, 0, 0
15601, 1161222, 0, 0, 0
15700, 1154286, 0, 0, 0
15800, 1099804, 0, 0, 0
15900, 1137511, 0, 0, 0
16000, 1164214, 0, 0, 0
16100, 1165612, 0, 0, 0
16200, 1172532, 0, 0, 0
16300, 1102127, 0, 0, 0
16400, 1119239, 0, 0, 0
16501, 1147366, 0, 0, 0
16600, 1125815, 0, 0, 0
16700, 1147908, 0, 0, 0
16800, 1188986, 0, 0, 0
16900, 1042713, 0, 0, 0
17000, 1131336, 0, 0, 0
17100, 1157210, 0, 0, 0
17200, 1108568, 0, 0, 0
17300, 1106074, 0, 0, 0
17400, 1079063, 0, 0, 0
17500, 1054255, 0, 0, 0
17600, 1104852, 0, 0, 0
17700, 1055651, 0, 0, 0
17801, 1095218, 0, 0, 0
17900, 1089514, 0, 0, 0
18000, 1062147, 0, 0, 0
18100, 1047035, 0, 0, 0
18200, 1065960, 0, 0, 0
18300, 1123176, 0, 0, 0
18400, 1073547, 0, 0, 0
18501, 1165963, 0, 0, 0
18600, 1084823, 0, 0, 0
18700, 1172147, 0, 0, 0
18800, 1122861, 0, 0, 0
18900, 1146428, 0, 0, 0
19000, 1092092, 0, 0, 0
19100, 1152383, 0, 0, 0
19201, 1079737, 0, 0, 0
19300, 1048955, 0, 0, 0
19400, 1077906, 0, 0, 0
19500, 1086878, 0, 0, 0
19600, 1121282, 0, 0, 0
19700, 1118046, 0, 0, 0
19800, 1118634, 0, 0, 0
19900, 1150733, 0, 0, 0
20000, 1073675, 0, 0, 0
20100, 1113072, 0, 0, 0
20200, 1129958, 0, 0, 0
20300, 1052053, 0, 0, 0
20400, 1050235, 0, 0, 0
20500, 1117789, 0, 0, 0
20601, 1083833, 0, 0, 0
20700, 1124162, 0, 0, 0
20800, 1164792, 0, 0, 0
20900, 1141535, 0, 0, 0
21000, 1151934, 0, 0, 0
21101, 1156564, 0, 0, 0
21200, 1076862, 0, 0, 0
21300, 1117529, 0, 0, 0
21400, 1126129, 0, 0, 0
21500, 1068989, 0, 0, 0
21600, 1103445, 0, 0, 0
21700, 1086031, 0, 0, 0
21800, 1109927, 0, 0, 0
21900, 1076198, 0, 0, 0
22001, 1056213, 0, 0, 0
22100, 1105295, 0, 0, 0
22200, 1164873, 0, 0, 0
22300, 1096329, 0, 0, 0
22401, 1091242, 0, 0, 0
22500, 1084771, 0, 0, 0
22600, 1102136, 0, 0, 0
22700, 1110655, 0, 0, 0
22800, 1108732, 0, 0, 0
22900, 1148550, 0, 0, 0
23000, 1145275, 0, 0, 0
23100, 1168603, 0, 0, 0
23200, 1114062, 0, 0, 0
23301, 1146344, 0, 0, 0
23400, 1193729, 0, 0, 0
23500, 1151398, 0, 0, 0
23600, 1202864, 0, 0, 0
23700, 1195133, 0, 0, 0
23800, 1222859, 0, 0, 0
23900, 1113843, 0, 0, 0
24000, 1144648, 0, 0, 0
24100, 1165833, 0, 0, 0
24200, 1186555, 0, 0, 0
24300, 1103151, 0, 0, 0
24400, 1147835, 0, 0, 0
24500, 1140851, 0, 0, 0
24600, 1137042, 0, 0, 0
24700, 1145007, 0, 0, 0
24800, 1150137, 0, 0, 0
24900, 1147673, 0, 0, 0
25000, 1212064, 0, 0, 0
25100, 1176232, 0, 0, 0
25200, 1171453, 0, 0, 0
25301, 1162189, 0, 0, 0
25400, 1136837, 0, 0, 0
25500, 1124829, 0, 0, 0
25601, 1172425, 0, 0, 0
25701, 1083760, 0, 0, 0
25800, 1150354, 0, 0, 0
25900, 1163850, 0, 0, 0
26000, 1103412, 0, 0, 0
26100, 1121381, 0, 0, 0
26200, 1148062, 0, 0, 0
26300, 1105111, 0, 0, 0
26400, 1120164, 0, 0, 0
26500, 1134031, 0, 0, 0
26601, 1219469, 0, 0, 0
26700, 1101868, 0, 0, 0
26801, 1127972, 0, 0, 0
26900, 1154119, 0, 0, 0
27000, 1141776, 0, 0, 0
27101, 1096755, 0, 0, 0
27200, 1107718, 0, 0, 0
27300, 1120464, 0, 0, 0
27400, 1121990, 0, 0, 0
27500, 1063969, 0, 0, 0
27600, 1050762, 0, 0, 0
27700, 1089819, 0, 0, 0
27800, 1129557, 0, 0, 0
27900, 1142426, 0, 0, 0
28000, 1071749, 0, 0, 0
28100, 1068637, 0, 0, 0
28200, 1083792, 0, 0, 0
28304, 1275938, 0, 0, 0
28400, 1117619, 0, 0, 0
28500, 1083551, 0, 0, 0
28600, 1103162, 0, 0, 0
28701, 1168620, 0, 0, 0
28800, 1101774, 0, 0, 0
28901, 1120563, 0, 0, 0
29000, 1150994, 0, 0, 0
29100, 1117520, 0, 0, 0
29201, 1083638, 0, 0, 0
29300, 1135561, 0, 0, 0
29400, 1169212, 0, 0, 0
29500, 1162433, 0, 0, 0
29600, 1132549, 0, 0, 0
29700, 1191519, 0, 0, 0
29800, 1141193, 0, 0, 0
29900, 1141044, 0, 0, 0
30000, 1132179, 0, 0, 0
30100, 1154191, 0, 0, 0
30200, 1141291, 0, 0, 0
30301, 1155901, 0, 0, 0
30401, 1190984, 0, 0, 0
30500, 1192216, 0, 0, 0
30600, 1246590, 0, 0, 0
30700, 1174086, 0, 0, 0
30800, 1170742, 0, 0, 0
30900, 1228407, 0, 0, 0
31000, 1230803, 0, 0, 0
31100, 1268715, 0, 0, 0
31200, 1258278, 0, 0, 0
31300, 1141797, 0, 0, 0
31400, 1131036, 0, 0, 0
31500, 1136029, 0, 0, 0
31600, 1160549, 0, 0, 0
31700, 1077860, 0, 0, 0
31800, 1089338, 0, 0, 0
31901, 1108684, 0, 0, 0
32000, 1179188, 0, 0, 0
32100, 1165887, 0, 0, 0
32200, 1170490, 0, 0, 0
32300, 1169052, 0, 0, 0
32400, 1119756, 0, 0, 0
32500, 1122556, 0, 0, 0
32600, 1129248, 0, 0, 0
32700, 1114904, 0, 0, 0
32800, 1155937, 0, 0, 0
32900, 1114197, 0, 0, 0
33000, 1184209, 0, 0, 0
33100, 1126331, 0, 0, 0
33200, 1106288, 0, 0, 0
33300, 1142253, 0, 0, 0
33400, 1155021, 0, 0, 0
33500, 1132209, 0, 0, 0
33600, 1137179, 0, 0, 0
33700, 1187399, 0, 0, 0
33800, 1090596, 0, 0, 0
33900, 1085578, 0, 0, 0
34000, 1112983, 0, 0, 0
34100, 1108313, 0, 0, 0
34200, 1141448, 0, 0, 0
34300, 1137713, 0, 0, 0
34400, 1096491, 0, 0, 0
34500, 1149578, 0, 0, 0
34600, 1082252, 0, 0, 0
34700, 1094392, 0, 0, 0
34800, 1202709, 0, 0, 0
34900, 1139221, 0, 0, 0
35000, 1203565, 0, 0, 0
35101, 1243397, 0, 0, 0
35200, 1230807, 0, 0, 0
35300, 1160313, 0, 0, 0
35400, 1216251, 0, 0, 0
35500, 1170852, 0, 0, 0
35600, 1124846, 0, 0, 0
35700, 1145932, 0, 0, 0
35800, 1110110, 0, 0, 0
35900, 1086667, 0, 0, 0
36000, 1109812, 0, 0, 0
36100, 1164995, 0, 0, 0
36200, 1160100, 0, 0, 0
36300, 1103623, 0, 0, 0
36400, 1059137, 0, 0, 0
36500, 1143437, 0, 0, 0
36600, 1130427, 0, 0, 0
36701, 1109173, 0, 0, 0
36800, 1131839, 0, 0, 0
36900, 1122161, 0, 0, 0
37000, 1107021, 0, 0, 0
37100, 1113443, 0, 0, 0
37200, 1116732, 0, 0, 0
37300, 1076877, 0, 0, 0
37400, 1107854, 0, 0, 0
37500, 1083771, 0, 0, 0
37600, 1112806, 0, 0, 0
37700, 1128676, 0, 0, 0
37800, 1112245, 0, 0, 0
37900, 1150826, 0, 0, 0
38000, 1112450, 0, 0, 0
38100, 1083842, 0, 0, 0
38200, 1123483, 0, 0, 0
38300, 1103050, 0, 0, 0
38400, 1168337, 0, 0, 0
38500, 1171305, 0, 0, 0
38600, 1115768, 0, 0, 0
38701, 1136315, 0, 0, 0
38800, 1105206, 0, 0, 0
38900, 1127664, 0, 0, 0
39000, 1152081, 0, 0, 0
39100, 1097164, 0, 0, 0
39200, 1099290, 0, 0, 0
39301, 1180770, 0, 0, 0
39400, 1152823, 0, 0, 0
39501, 1105629, 0, 0, 0
39600, 1094265, 0, 0, 0
39700, 1091301, 0, 0, 0
39800, 1112367, 0, 0, 0
39900, 1138558, 0, 0, 0
40000, 1129180, 0, 0, 0
40100, 1100788, 0, 0, 0
40200, 1149157, 0, 0, 0
40300, 1127041, 0, 0, 0
40400, 1135391, 0, 0, 0
40500, 1150907, 0, 0, 0
40601, 1172636, 0, 0, 0
40700, 1202746, 0, 0, 0
40800, 1166182, 0, 0, 0
40900, 1114227, 0, 0, 0
41000, 1105921, 0, 0, 0
41100, 1095811, 0, 0, 0
41200, 1086393, 0, 0, 0
41301, 1070360, 0, 0, 0
41401, 1061490, 0, 0, 0
41500, 1097547, 0, 0, 0
41600, 1165173, 0, 0, 0
41701, 1147650, 0, 0, 0
41800, 1122015, 0, 0, 0
41900, 1064771, 0, 0, 0
42000, 1089236, 0, 0, 0
42100, 1117423, 0, 0, 0
42200, 1094546, 0, 0, 0
42300, 1090813, 0, 0, 0
42400, 1087199, 0, 0, 0
42500, 1087366, 0, 0, 0
42600, 1133701, 0, 0, 0
42700, 1114575, 0, 0, 0
42800, 1140178, 0, 0, 0
42900, 1134637, 0, 0, 0
43000, 1147961, 0, 0, 0
43101, 1154199, 0, 0, 0
43201, 1149577, 0, 0, 0
43300, 1085293, 0, 0, 0
43400, 1138025, 0, 0, 0
43500, 1058554, 0, 0, 0
43600, 1101827, 0, 0, 0
43700, 1066406, 0, 0, 0
43800, 1052469, 0, 0, 0
43900, 1129491, 0, 0, 0
44001, 1092191, 0, 0, 0
44101, 1098413, 0, 0, 0
44200, 1094015, 0, 0, 0
44300, 1055400, 0, 0, 0
44400, 1060407, 0, 0, 0
44500, 990750, 0, 0, 0
44600, 1164500, 0, 0, 0
44700, 1129046, 0, 0, 0
44800, 1208843, 0, 0, 0
44900, 1078236, 0, 0, 0
45000, 1144137, 0, 0, 0
45100, 1056677, 0, 0, 0
45200, 1065893, 0, 0, 0
45300, 1111940, 0, 0, 0
45400, 1113197, 0, 0, 0
45500, 1072402, 0, 0, 0
45600, 1142783, 0, 0, 0
45700, 1108950, 0, 0, 0
45800, 1134483, 0, 0, 0
45900, 1148953, 0, 0, 0
46000, 1077659, 0, 0, 0
46100, 1058270, 0, 0, 0
46201, 1158798, 0, 0, 0
46300, 1090087, 0, 0, 0
46400, 1061475, 0, 0, 0
46500, 1144291, 0, 0, 0
46600, 1138912, 0, 0, 0
46700, 1059965, 0, 0, 0
46800, 1120140, 0, 0, 0
46900, 1075726, 0, 0, 0
47000, 1089895, 0, 0, 0
47100, 1136644, 0, 0, 0
47201, 1146134, 0, 0, 0
47300, 1105391, 0, 0, 0
47401, 1187258, 0, 0, 0
47500, 1149820, 0, 0, 0
47600, 1120014, 0, 0, 0
47700, 1116200, 0, 0, 0
47800, 1129992, 0, 0, 0
47900, 1111999, 0, 0, 0
48000, 1134068, 0, 0, 0
48100, 1123189, 0, 0, 0
48200, 1109306, 0, 0, 0
48300, 1124855, 0, 0, 0
48400, 1134769, 0, 0, 0
48500, 1122902, 0, 0, 0
48600, 1106822, 0, 0, 0
48701, 1120807, 0, 0, 0
48800, 1134359, 0, 0, 0
48900, 1087222, 0, 0, 0
49000, 1115015, 0, 0, 0
49100, 1086649, 0, 0, 0
49200, 1144477, 0, 0, 0
49300, 1161227, 0, 0, 0
49400, 1142254, 0, 0, 0
49500, 1106387, 0, 0, 0
49600, 1104596, 0, 0, 0
49700, 1107435, 0, 0, 0
49800, 1151274, 0, 0, 0
49900, 1137576, 0, 0, 0
50000, 1136912, 0, 0, 0
50100, 1217139, 0, 0, 0
50200, 1244011, 0, 0, 0
50300, 1206793, 0, 0, 0
50400, 1154805, 0, 0, 0
50500, 1195997, 0, 0, 0
50601, 1284105, 0, 0, 0
50700, 1186057, 0, 0, 0
50800, 1108817, 0, 0, 0
50900, 1130200, 0, 0, 0
51000, 1044631, 0, 0, 0
51100, 1042284, 0, 0, 0
51200, 1021024, 0, 0, 0
51300, 1044614, 0, 0, 0
51400, 1062721, 0, 0, 0
51500, 1074057, 0, 0, 0
51600, 1077253, 0, 0, 0
51700, 1081621, 0, 0, 0
51800, 1031341, 0, 0, 0
51900, 1119761, 0, 0, 0
52000, 1166420, 0, 0, 0
52101, 1088350, 0, 0, 0
52200, 1099148, 0, 0, 0
52300, 1151629, 0, 0, 0
52400, 1089574, 0, 0, 0
52501, 1166741, 0, 0, 0
52600, 1138312, 0, 0, 0
52700, 1135028, 0, 0, 0
52800, 1107761, 0, 0, 0
52900, 1081672, 0, 0, 0
53001, 1090202, 0, 0, 0
53101, 1199567, 0, 0, 0
53200, 1091803, 0, 0, 0
53300, 1147737, 0, 0, 0
53400, 1052684, 0, 0, 0
53500, 1116198, 0, 0, 0
53600, 1123410, 0, 0, 0
53700, 1049904, 0, 0, 0
53800, 1164260, 0, 0, 0
53900, 1134521, 0, 0, 0
54000, 1119943, 0, 0, 0
54100, 1046389, 0, 0, 0
54200, 1124917, 0, 0, 0
54300, 1106493, 0, 0, 0
54400, 1149329, 0, 0, 0
54501, 1152031, 0, 0, 0
54600, 1013962, 0, 0, 0
54700, 1117181, 0, 0, 0
54800, 1192458, 0, 0, 0
54900, 1188722, 0, 0, 0
55000, 1171029, 0, 0, 0
55100, 1081422, 0, 0, 0
55200, 1090662, 0, 0, 0
55300, 1101340, 0, 0, 0
55401, 1099789, 0, 0, 0
55500, 1109601, 0, 0, 0
55600, 1076027, 0, 0, 0
55700, 1077079, 0, 0, 0
55801, 1097036, 0, 0, 0
55900, 1110442, 0, 0, 0
56000, 1114741, 0, 0, 0
56100, 1124075, 0, 0, 0
56200, 1104953, 0, 0, 0
56300, 1040908, 0, 0, 0
56400, 1078973, 0, 0, 0
56500, 1126566, 0, 0, 0
56600, 1135376, 0, 0, 0
56700, 1231710, 0, 0, 0
56800, 1179913, 0, 0, 0
56900, 1185119, 0, 0, 0
57000, 1109297, 0, 0, 0
57101, 1096946, 0, 0, 0
57200, 1107192, 0, 0, 0
57300, 1095282, 0, 0, 0
57400, 1076440, 0, 0, 0
57500, 991136, 0, 0, 0
57600, 1101923, 0, 0, 0
57700, 1077540, 0, 0, 0
57801, 1076054, 0, 0, 0
57901, 1088408, 0, 0, 0
58000, 1154234, 0, 0, 0
58100, 1225128, 0, 0, 0
58200, 1123514, 0, 0, 0
58300, 1161829, 0, 0, 0
58400, 1184426, 0, 0, 0
58500, 1168007, 0, 0, 0
58600, 1203045, 0, 0, 0
58700, 1132545, 0, 0, 0
58801, 1099778, 0, 0, 0
58900, 1079733, 0, 0, 0
59000, 1139384, 0, 0, 0
59100, 1023760, 0, 0, 0
59200, 1061751, 0, 0, 0
59300, 1094588, 0, 0, 0
59400, 1067520, 0, 0, 0
59500, 1128714, 0, 0, 0
59600, 1080302, 0, 0, 0
59700, 1075572, 0, 0, 0
59800, 1088615, 0, 0, 0
59901, 1110359, 0, 0, 0
60000, 1123761, 0, 0, 0
60100, 1063278, 0, 0, 0
60200, 1153090, 0, 0, 0
60300, 1114857, 0, 0, 0
60400, 1123852, 0, 0, 0
60500, 1132632, 0, 0, 0
60600, 1080316, 0, 0, 0
60700, 1127647, 0, 0, 0
60800, 1194954, 0, 0, 0
60900, 1105748, 0, 0, 0
61000, 1073467, 0, 0, 0
61100, 1150708, 0, 0, 0
61201, 1156322, 0, 0, 0
61300, 1163012, 0, 0, 0
61400, 1112887, 0, 0, 0
61500, 1118062, 0, 0, 0
61600, 1088814, 0, 0, 0
61700, 1058151, 0, 0, 0
61800, 1169077, 0, 0, 0
61900, 1173291, 0, 0, 0
62000, 1187725, 0, 0, 0
62100, 1143564, 0, 0, 0
62200, 1130584, 0, 0, 0
62300, 1144788, 0, 0, 0
62400, 1160290, 0, 0, 0
62501, 1099144, 0, 0, 0
62600, 1134743, 0, 0, 0
62701, 1084198, 0, 0, 0
62800, 1101840, 0, 0, 0
62900, 1080542, 0, 0, 0
63000, 1104666, 0, 0, 0
63100, 1102783, 0, 0, 0
63200, 1057590, 0, 0, 0
63300, 1097821, 0, 0, 0
63400, 1094417, 0, 0, 0
63501, 1091897, 0, 0, 0
63600, 1117074, 0, 0, 0
63701, 1142721, 0, 0, 0
63800, 1148444, 0, 0, 0
63900, 1120559, 0, 0, 0
64000, 1150482, 0, 0, 0
64101, 1094722, 0, 0, 0
64201, 1163041, 0, 0, 0
64300, 1147063, 0, 0, 0
64400, 1192148, 0, 0, 0
64500, 1168517, 0, 0, 0
64600, 1155586, 0, 0, 0
64700, 1066515, 0, 0, 0
64800, 1081096, 0, 0, 0
64900, 1149510, 0, 0, 0
65000, 1143784, 0, 0, 0
65100, 1069592, 0, 0, 0
65200, 1085143, 0, 0, 0
65300, 1169073, 0, 0, 0
65400, 1111505, 0, 0, 0
65500, 1200737, 0, 0, 0
65600, 1114004, 0, 0, 0
65700, 1147978, 0, 0, 0
65800, 1118447, 0, 0, 0
65901, 1136897, 0, 0, 0
66000, 1165166, 0, 0, 0
66100, 1184538, 0, 0, 0
66201, 1158544, 0, 0, 0
66300, 1154360, 0, 0, 0
66400, 1170994, 0, 0, 0
66500, 1114386, 0, 0, 0
66600, 1149678, 0, 0, 0
66701, 1141315, 0, 0, 0
66800, 1089387, 0, 0, 0
66900, 1049455, 0, 0, 0
67000, 1042660, 0, 0, 0
67100, 1098784, 0, 0, 0
67200, 1083614, 0, 0, 0
67300, 1092643, 0, 0, 0
67401, 1124573, 0, 0, 0
67500, 1178480, 0, 0, 0
67600, 1165003, 0, 0, 0
67700, 1218477, 0, 0, 0
67800, 1188920, 0, 0, 0
67900, 1157283, 0, 0, 0
68000, 1111350, 0, 0, 0
68100, 1098099, 0, 0, 0
68200, 1081983, 0, 0, 0
68300, 1102824, 0, 0, 0
68400, 1070309, 0, 0, 0
68500, 1135739, 0, 0, 0
68600, 1100259, 0, 0, 0
68700, 1088587, 0, 0, 0
68800, 1049035, 0, 0, 0
68900, 1082807, 0, 0, 0
69000, 1047642, 0, 0, 0
69101, 1132406, 0, 0, 0
69200, 1116018, 0, 0, 0
69301, 1091720, 0, 0, 0
69401, 1134538, 0, 0, 0
69500, 1133483, 0, 0, 0
69600, 1141717, 0, 0, 0
69700, 1132799, 0, 0, 0
69800, 1050415, 0, 0, 0
69901, 1065099, 0, 0, 0
70000, 1093927, 0, 0, 0
70100, 1114806, 0, 0, 0
70200, 1111532, 0, 0, 0
70301, 1066270, 0, 0, 0
70400, 1112909, 0, 0, 0
70500, 1069442, 0, 0, 0
70600, 1062746, 0, 0, 0
70700, 1100273, 0, 0, 0
70800, 1081948, 0, 0, 0
70901, 1077585, 0, 0, 0
71000, 1153379, 0, 0, 0
71100, 1124428, 0, 0, 0
71200, 1164736, 0, 0, 0
71300, 1168337, 0, 0, 0
71400, 1141246, 0, 0, 0
71500, 1174940, 0, 0, 0
71600, 1156943, 0, 0, 0
71700, 1129820, 0, 0, 0
71800, 1122549, 0, 0, 0
71900, 1182728, 0, 0, 0
72000, 1084136, 0, 0, 0
72100, 1104748, 0, 0, 0
72200, 1100348, 0, 0, 0
72300, 1150215, 0, 0, 0
72400, 1147554, 0, 0, 0
72500, 1070416, 0, 0, 0
72600, 1080275, 0, 0, 0
72701, 1091292, 0, 0, 0
72800, 1122525, 0, 0, 0
72900, 1041675, 0, 0, 0
73000, 1064163, 0, 0, 0
73100, 1066595, 0, 0, 0
73200, 1054306, 0, 0, 0
73300, 1073629, 0, 0, 0
73400, 1051779, 0, 0, 0
73500, 1097784, 0, 0, 0
73600, 1045727, 0, 0, 0
73700, 1114619, 0, 0, 0
73800, 1092515, 0, 0, 0
73900, 1116681, 0, 0, 0
74000, 1041522, 0, 0, 0
74100, 1088331, 0, 0, 0
74200, 1065083, 0, 0, 0
74300, 1097003, 0, 0, 0
74400, 1045786, 0, 0, 0
74500, 1111179, 0, 0, 0
74600, 1069518, 0, 0, 0
74700, 1124568, 0, 0, 0
74800, 1130895, 0, 0, 0
74900, 1081135, 0, 0, 0
75000, 1085446, 0, 0, 0
75100, 1107773, 0, 0, 0
75200, 1084211, 0, 0, 0
75300, 1046846, 0, 0, 0
75400, 1103668, 0, 0, 0
75500, 1145757, 0, 0, 0
75600, 1156926, 0, 0, 0
75700, 1183504, 0, 0, 0
75800, 1135573, 0, 0, 0
75900, 1125063, 0, 0, 0
76000, 1144309, 0, 0, 0
76100, 1134574, 0, 0, 0
76200, 1102722, 0, 0, 0
76300, 1120290, 0, 0, 0
76400, 1115239, 0, 0, 0
76500, 1169162, 0, 0, 0
76600, 1124777, 0, 0, 0
76700, 1100176, 0, 0, 0
76800, 1060037, 0, 0, 0
76900, 1147042, 0, 0, 0
77000, 1117292, 0, 0, 0
77100, 1153669, 0, 0, 0
77200, 1143270, 0, 0, 0
77300, 1127263, 0, 0, 0
77400, 1095924, 0, 0, 0
77500, 1160962, 0, 0, 0
77600, 1119401, 0, 0, 0
77700, 1146112, 0, 0, 0
77800, 1115678, 0, 0, 0
77900, 1168436, 0, 0, 0
78000, 1157909, 0, 0, 0
78101, 1121409, 0, 0, 0
78202, 1181122, 0, 0, 0
78300, 1156857, 0, 0, 0
78400, 1116267, 0, 0, 0
78500, 1068233, 0, 0, 0
78600, 1086613, 0, 0, 0
78700, 1066639, 0, 0, 0
78800, 1115819, 0, 0, 0
78900, 1074381, 0, 0, 0
79000, 1176779, 0, 0, 0
79100, 1093155, 0, 0, 0
79200, 1112726, 0, 0, 0
79300, 1035653, 0, 0, 0
79400, 1073057, 0, 0, 0
79500, 1046552, 0, 0, 0
79601, 1072252, 0, 0, 0
79700, 1082125, 0, 0, 0
79800, 1123905, 0, 0, 0
79900, 1124475, 0, 0, 0
80000, 1043294, 0, 0, 0
80100, 1034006, 0, 0, 0
80200, 1050688, 0, 0, 0
80300, 1069433, 0, 0, 0
80401, 1049115, 0, 0, 0
80500, 1054672, 0, 0, 0
80600, 1035419, 0, 0, 0
80700, 1069417, 0, 0, 0
80800, 1068718, 0, 0, 0
80901, 1097485, 0, 0, 0
81000, 1091886, 0, 0, 0
81100, 1127887, 0, 0, 0
81200, 1111925, 0, 0, 0
81300, 1174430, 0, 0, 0
81401, 1132710, 0, 0, 0
81500, 1119967, 0, 0, 0
81600, 1128826, 0, 0, 0
81700, 1121844, 0, 0, 0
81800, 1148258, 0, 0, 0
81900, 1094365, 0, 0, 0
82000, 1133675, 0, 0, 0
82100, 1158695, 0, 0, 0
82200, 1127490, 0, 0, 0
82300, 1129803, 0, 0, 0
82400, 1131755, 0, 0, 0
82500, 1141268, 0, 0, 0
82600, 1162169, 0, 0, 0
82700, 1194881, 0, 0, 0
82800, 1168594, 0, 0, 0
82900, 1126756, 0, 0, 0
83000, 1214892, 0, 0, 0
83100, 1172216, 0, 0, 0
83200, 1115719, 0, 0, 0
83300, 1170113, 0, 0, 0
83400, 1225736, 0, 0, 0
83500, 1203442, 0, 0, 0
83600, 1157322, 0, 0, 0
83700, 1220258, 0, 0, 0
83801, 1154486, 0, 0, 0
83900, 1119675, 0, 0, 0
84000, 1140669, 0, 0, 0
84100, 1220000, 0, 0, 0
84200, 1164164, 0, 0, 0
84301, 1196310, 0, 0, 0
84400, 1178506, 0, 0, 0
84501, 1169443, 0, 0, 0
84600, 1270012, 0, 0, 0
84701, 1144174, 0, 0, 0
84800, 1149790, 0, 0, 0
84901, 1120554, 0, 0, 0
85000, 1157387, 0, 0, 0
85100, 1146937, 0, 0, 0
85200, 1105027, 0, 0, 0
85300, 1137802, 0, 0, 0
85400, 1123816, 0, 0, 0
85500, 1137702, 0, 0, 0
85600, 1196201, 0, 0, 0
85701, 1133118, 0, 0, 0
85800, 1112897, 0, 0, 0
85901, 1157567, 0, 0, 0
86000, 1165608, 0, 0, 0
86100, 1094437, 0, 0, 0
86200, 1169663, 0, 0, 0
86300, 1153013, 0, 0, 0
86400, 1213851, 0, 0, 0
86500, 1233273, 0, 0, 0
86600, 1193868, 0, 0, 0
86700, 1225806, 0, 0, 0
86800, 1233836, 0, 0, 0
86900, 1136123, 0, 0, 0
87001, 1153988, 0, 0, 0
87101, 1143994, 0, 0, 0
87200, 1184934, 0, 0, 0
87300, 1099604, 0, 0, 0
87400, 1145598, 0, 0, 0
87500, 1169241, 0, 0, 0
87600, 1192876, 0, 0, 0
87700, 1166231, 0, 0, 0
87800, 1132203, 0, 0, 0
87901, 1210454, 0, 0, 0
88000, 1183814, 0, 0, 0
88101, 1128651, 0, 0, 0
88201, 1183865, 0, 0, 0
88300, 1193271, 0, 0, 0
88401, 1190146, 0, 0, 0
88500, 1207405, 0, 0, 0
88600, 1148639, 0, 0, 0
88700, 1145120, 0, 0, 0
88800, 1204667, 0, 0, 0
88900, 1188305, 0, 0, 0
89000, 1163461, 0, 0, 0
89100, 1176632, 0, 0, 0
89201, 1165483, 0, 0, 0
89300, 1168028, 0, 0, 0
89400, 1175459, 0, 0, 0
89501, 1208339, 0, 0, 0
89600, 1212489, 0, 0, 0
89701, 1259203, 0, 0, 0
89801, 1249413, 0, 0, 0
89900, 1214766, 0, 0, 0
90000, 1258898, 0, 0, 0
