250, 4240, 0, 0, 0
350, 4250, 0, 0, 0
450, 4420, 0, 0, 0
550, 4370, 0, 0, 0
650, 4480, 0, 0, 0
749, 4535, 0, 0, 0
849, 3980, 0, 0, 0
949, 4330, 0, 0, 0
1049, 3640, 0, 0, 0
1149, 3680, 0, 0, 0
1249, 3920, 0, 0, 0
1349, 3960, 0, 0, 0
1449, 4270, 0, 0, 0
1550, 4230, 0, 0, 0
1650, 4110, 0, 0, 0
1749, 4353, 0, 0, 0
1849, 4400, 0, 0, 0
1949, 4400, 0, 0, 0
2049, 4350, 0, 0, 0
2149, 4170, 0, 0, 0
2249, 4490, 0, 0, 0
2349, 4550, 0, 0, 0
2449, 4160, 0, 0, 0
2549, 3940, 0, 0, 0
2649, 3810, 0, 0, 0
2749, 4440, 0, 0, 0
2850, 4340, 0, 0, 0
2950, 4360, 0, 0, 0
3050, 4360, 0, 0, 0
3150, 4350, 0, 0, 0
3249, 4191, 0, 0, 0
3349, 4340, 0, 0, 0
3449, 4450, 0, 0, 0
3549, 4610, 0, 0, 0
3649, 4260, 0, 0, 0
3749, 4160, 0, 0, 0
3849, 4190, 0, 0, 0
3949, 4230, 0, 0, 0
4049, 4370, 0, 0, 0
4150, 4480, 0, 0, 0
4249, 4434, 0, 0, 0
4349, 4380, 0, 0, 0
4449, 4500, 0, 0, 0
4549, 4280, 0, 0, 0
4649, 4470, 0, 0, 0
4749, 4360, 0, 0, 0
4849, 4310, 0, 0, 0
4949, 4540, 0, 0, 0
5049, 4170, 0, 0, 0
5149, 4560, 0, 0, 0
5249, 4800, 0, 0, 0
5349, 4310, 0, 0, 0
5450, 4440, 0, 0, 0
5550, 4610, 0, 0, 0
5650, 4300, 0, 0, 0
5749, 3606, 0, 0, 0
5849, 3490, 0, 0, 0
5949, 3280, 0, 0, 0
6049, 3580, 0, 0, 0
6149, 3600, 0, 0, 0
6249, 3500, 0, 0, 0
6349, 3720, 0, 0, 0
6449, 3880, 0, 0, 0
6549, 3500, 0, 0, 0
6649, 3640, 0, 0, 0
6750, 3980, 0, 0, 0
6850, 4340, 0, 0, 0
6950, 4410, 0, 0, 0
7050, 3820, 0, 0, 0
7150, 3710, 0, 0, 0
7249, 3929, 0, 0, 0
7349, 4230, 0, 0, 0
7449, 4360, 0, 0, 0
7549, 4160, 0, 0, 0
7649, 4210, 0, 0, 0
7749, 3670, 0, 0, 0
7849, 4500, 0, 0, 0
7949, 4360, 0, 0, 0
8050, 4420, 0, 0, 0
8150, 4460, 0, 0, 0
8249, 4303, 0, 0, 0
8349, 4200, 0, 0, 0
8449, 4310, 0, 0, 0
8549, 4550, 0, 0, 0
8649, 4350, 0, 0, 0
8749, 4290, 0, 0, 0
8849, 4360, 0, 0, 0
8949, 4300, 0, 0, 0
9049, 4450, 0, 0, 0
9149, 4330, 0, 0, 0
9249, 4060, 0, 0, 0
9349, 4180, 0, 0, 0
9450, 3700, 0, 0, 0
9550, 3990, 0, 0, 0
9650, 4320, 0, 0, 0
9749, 4242, 0, 0, 0
9849, 4040, 0, 0, 0
9949, 4320, 0, 0, 0
10049, 4480, 0, 0, 0
10149, 4310, 0, 0, 0
10249, 4170, 0, 0, 0
10349, 4410, 0, 0, 0
10449, 4350, 0, 0, 0
10549, 4410, 0, 0, 0
10649, 4440, 0, 0, 0
10750, 4320, 0, 0, 0
10850, 4160, 0, 0, 0
10950, 4530, 0, 0, 0
11050, 4030, 0, 0, 0
11150, 4700, 0, 0, 0
11249, 4454, 0, 0, 0
11349, 3820, 0, 0, 0
11449, 4230, 0, 0, 0
11549, 4160, 0, 0, 0
11649, 3810, 0, 0, 0
11749, 3770, 0, 0, 0
11849, 3750, 0, 0, 0
11949, 4140, 0, 0, 0
12049, 4400, 0, 0, 0
12149, 3950, 0, 0, 0
12250, 4210, 0, 0, 0
12350, 4160, 0, 0, 0
12450, 4350, 0, 0, 0
12550, 4380, 0, 0, 0
12650, 4250, 0, 0, 0
12749, 4303, 0, 0, 0
12849, 3850, 0, 0, 0
12949, 4280, 0, 0, 0
13049, 4520, 0, 0, 0
13149, 4400, 0, 0, 0
13249, 4520, 0, 0, 0
13349, 4400, 0, 0, 0
13449, 4250, 0, 0, 0
13550, 3880, 0, 0, 0
13650, 3990, 0, 0, 0
13749, 4000, 0, 0, 0
13849, 4150, 0, 0, 0
13949, 4560, 0, 0, 0
14049, 3930, 0, 0, 0
14149, 4050, 0, 0, 0
14249, 4430, 0, 0, 0
14349, 4250, 0, 0, 0
14449, 4060, 0, 0, 0
14549, 4170, 0, 0, 0
14649, 4460, 0, 0, 0
14749, 4630, 0, 0, 0
14849, 4390, 0, 0, 0
14949, 4040, 0, 0, 0
15050, 3880, 0, 0, 0
15150, 4130, 0, 0, 0
15249, 4212, 0, 0, 0
15349, 4160, 0, 0, 0
15449, 4520, 0, 0, 0
15549, 4080, 0, 0, 0
15649, 4230, 0, 0, 0
15749, 3990, 0, 0, 0
15849, 3980, 0, 0, 0
15949, 4290, 0, 0, 0
16049, 4470, 0, 0, 0
16149, 4440, 0, 0, 0
16250, 4470, 0, 0, 0
16350, 4330, 0, 0, 0
16450, 4290, 0, 0, 0
16550, 4400, 0, 0, 0
16650, 4370, 0, 0, 0
16749, 4303, 0, 0, 0
16849, 4220, 0, 0, 0
16949, 4230, 0, 0, 0
17049, 4380, 0, 0, 0
17149, 4410, 0, 0, 0
17249, 4290, 0, 0, 0
17349, 4290, 0, 0, 0
17449, 4350, 0, 0, 0
17549, 4270, 0, 0, 0
17649, 3800, 0, 0, 0
17750, 4050, 0, 0, 0
17850, 3570, 0, 0, 0
17950, 4400, 0, 0, 0
18050, 4150, 0, 0, 0
18150, 4220, 0, 0, 0
18249, 4232, 0, 0, 0
18349, 4040, 0, 0, 0
18449, 4270, 0, 0, 0
18549, 3870, 0, 0, 0
18649, 3730, 0, 0, 0
18749, 3870, 0, 0, 0
18849, 3460, 0, 0, 0
18949, 3870, 0, 0, 0
19050, 4330, 0, 0, 0
19150, 4360, 0, 0, 0
19249, 4393, 0, 0, 0
19349, 4330, 0, 0, 0
19449, 4470, 0, 0, 0
19549, 4330, 0, 0, 0
19649, 4180, 0, 0, 0
19749, 3900, 0, 0, 0
19849, 4020, 0, 0, 0
19949, 3680, 0, 0, 0
20049, 4140, 0, 0, 0
20149, 4200, 0, 0, 0
20249, 4440, 0, 0, 0
20349, 4570, 0, 0, 0
20449, 4310, 0, 0, 0
20550, 4370, 0, 0, 0
20650, 3470, 0, 0, 0
20749, 3909, 0, 0, 0
20849, 4600, 0, 0, 0
20949, 4270, 0, 0, 0
21049, 4240, 0, 0, 0
21149, 4320, 0, 0, 0
21249, 4280, 0, 0, 0
21349, 3900, 0, 0, 0
21449, 4280, 0, 0, 0
21549, 4310, 0, 0, 0
21649, 3840, 0, 0, 0
21749, 3750, 0, 0, 0
21849, 4430, 0, 0, 0
21949, 4350, 0, 0, 0
22050, 3900, 0, 0, 0
22150, 3780, 0, 0, 0
22249, 4141, 0, 0, 0
22349, 3820, 0, 0, 0
22449, 4350, 0, 0, 0
22549, 4170, 0, 0, 0
22649, 4520, 0, 0, 0
22749, 4350, 0, 0, 0
22849, 3950, 0, 0, 0
22949, 3780, 0, 0, 0
23049, 3890, 0, 0, 0
23149, 4200, 0, 0, 0
23249, 4490, 0, 0, 0
23350, 4010, 0, 0, 0
23450, 3610, 0, 0, 0
23550, 4340, 0, 0, 0
23650, 3970, 0, 0, 0
23749, 3949, 0, 0, 0
23849, 4200, 0, 0, 0
23949, 3820, 0, 0, 0
24049, 3900, 0, 0, 0
24149, 4180, 0, 0, 0
24249, 4490, 0, 0, 0
24349, 4590, 0, 0, 0
24449, 4440, 0, 0, 0
24549, 4710, 0, 0, 0
24649, 4010, 0, 0, 0
24750, 4140, 0, 0, 0
24850, 4220, 0, 0, 0
24950, 4430, 0, 0, 0
25050, 4280, 0, 0, 0
25150, 4210, 0, 0, 0
25249, 4404, 0, 0, 0
25349, 4440, 0, 0, 0
25449, 4390, 0, 0, 0
25549, 4540, 0, 0, 0
25649, 4200, 0, 0, 0
25749, 3900, 0, 0, 0
25849, 4150, 0, 0, 0
25949, 3900, 0, 0, 0
26050, 4160, 0, 0, 0
26150, 4340, 0, 0, 0
26249, 4060, 0, 0, 0
26349, 4360, 0, 0, 0
26449, 4210, 0, 0, 0
26549, 3610, 0, 0, 0
26649, 4460, 0, 0, 0
26749, 4400, 0, 0, 0
26849, 4360, 0, 0, 0
26949, 4460, 0, 0, 0
27049, 4270, 0, 0, 0
27149, 4150, 0, 0, 0
27249, 3870, 0, 0, 0
27349, 3670, 0, 0, 0
27449, 4230, 0, 0, 0
27550, 4020, 0, 0, 0
27650, 4520, 0, 0, 0
27749, 4090, 0, 0, 0
27849, 4050, 0, 0, 0
27949, 4220, 0, 0, 0
28049, 4060, 0, 0, 0
28149, 4230, 0, 0, 0
28249, 3900, 0, 0, 0
28349, 3770, 0, 0, 0
28449, 4030, 0, 0, 0
28549, 4300, 0, 0, 0
28649, 4350, 0, 0, 0
28749, 4520, 0, 0, 0
28849, 4440, 0, 0, 0
28950, 4400, 0, 0, 0
29050, 4350, 0, 0, 0
29150, 4450, 0, 0, 0
29249, 4434, 0, 0, 0
29349, 4500, 0, 0, 0
29449, 4460, 0, 0, 0
29549, 4300, 0, 0, 0
29649, 3990, 0, 0, 0
29749, 3740, 0, 0, 0
29849, 4080, 0, 0, 0
29949, 4270, 0, 0, 0
30049, 4550, 0, 0, 0
30149, 4400, 0, 0, 0
30249, 4550, 0, 0, 0
30349, 4290, 0, 0, 0
30450, 4410, 0, 0, 0
30550, 4070, 0, 0, 0
30650, 4030, 0, 0, 0
30749, 3535, 0, 0, 0
30849, 3760, 0, 0, 0
30949, 4020, 0, 0, 0
31049, 3760, 0, 0, 0
31149, 3390, 0, 0, 0
31249, 4160, 0, 0, 0
31349, 4460, 0, 0, 0
31449, 4240, 0, 0, 0
31549, 4350, 0, 0, 0
31649, 4410, 0, 0, 0
31749, 4300, 0, 0, 0
31849, 4350, 0, 0, 0
31950, 4390, 0, 0, 0
32050, 4650, 0, 0, 0
32150, 4210, 0, 0, 0
32249, 4434, 0, 0, 0
32349, 4270, 0, 0, 0
32449, 4370, 0, 0, 0
32549, 4580, 0, 0, 0
32649, 4110, 0, 0, 0
32749, 3730, 0, 0, 0
32849, 4250, 0, 0, 0
32949, 3680, 0, 0, 0
33049, 3700, 0, 0, 0
33149, 3650, 0, 0, 0
33250, 3750, 0, 0, 0
33350, 3860, 0, 0, 0
33450, 4290, 0, 0, 0
33550, 4390, 0, 0, 0
33650, 4180, 0, 0, 0
33749, 4434, 0, 0, 0
33849, 4390, 0, 0, 0
33949, 4170, 0, 0, 0
34049, 4320, 0, 0, 0
34149, 4320, 0, 0, 0
34249, 4260, 0, 0, 0
34349, 3980, 0, 0, 0
34449, 4390, 0, 0, 0
34549, 4090, 0, 0, 0
34649, 3650, 0, 0, 0
34750, 3790, 0, 0, 0
34850, 3590, 0, 0, 0
34950, 3960, 0, 0, 0
35050, 3520, 0, 0, 0
35150, 4200, 0, 0, 0
35249, 4252, 0, 0, 0
35349, 4520, 0, 0, 0
35449, 4290, 0, 0, 0
35549, 4380, 0, 0, 0
35649, 4390, 0, 0, 0
35749, 3910, 0, 0, 0
35849, 4230, 0, 0, 0
35949, 4520, 0, 0, 0
36050, 4350, 0, 0, 0
36150, 4600, 0, 0, 0
36249, 4707, 0, 0, 0
36349, 4640, 0, 0, 0
36449, 4430, 0, 0, 0
36549, 3830, 0, 0, 0
36649, 3620, 0, 0, 0
36749, 3830, 0, 0, 0
36849, 4400, 0, 0, 0
36949, 4200, 0, 0, 0
37049, 3870, 0, 0, 0
37149, 4120, 0, 0, 0
37249, 4320, 0, 0, 0
37349, 4330, 0, 0, 0
37449, 4090, 0, 0, 0
37550, 4090, 0, 0, 0
37650, 4320, 0, 0, 0
37749, 4343, 0, 0, 0
37849, 4620, 0, 0, 0
37949, 4260, 0, 0, 0
38049, 4160, 0, 0, 0
38149, 4160, 0, 0, 0
38249, 4200, 0, 0, 0
38349, 4250, 0, 0, 0
38449, 4210, 0, 0, 0
38549, 3620, 0, 0, 0
38649, 3960, 0, 0, 0
38749, 3650, 0, 0, 0
38850, 4140, 0, 0, 0
38950, 4390, 0, 0, 0
39050, 4550, 0, 0, 0
39150, 4250, 0, 0, 0
39249, 4363, 0, 0, 0
39349, 4340, 0, 0, 0
39449, 3890, 0, 0, 0
39549, 4700, 0, 0, 0
39649, 4290, 0, 0, 0
39749, 4390, 0, 0, 0
39849, 3580, 0, 0, 0
39949, 4340, 0, 0, 0
40049, 4090, 0, 0, 0
40149, 4320, 0, 0, 0
40250, 4500, 0, 0, 0
40350, 4330, 0, 0, 0
40450, 4050, 0, 0, 0
40550, 4520, 0, 0, 0
40650, 4280, 0, 0, 0
40749, 3919, 0, 0, 0
40849, 4030, 0, 0, 0
40949, 4330, 0, 0, 0
41049, 3830, 0, 0, 0
41149, 3760, 0, 0, 0
41249, 3980, 0, 0, 0
41349, 3560, 0, 0, 0
41449, 3610, 0, 0, 0
41550, 4310, 0, 0, 0
41650, 4480, 0, 0, 0
41749, 3959, 0, 0, 0
41849, 3710, 0, 0, 0
41949, 3470, 0, 0, 0
42049, 4180, 0, 0, 0
42149, 4280, 0, 0, 0
42249, 4290, 0, 0, 0
42349, 4260, 0, 0, 0
42449, 4360, 0, 0, 0
42549, 4080, 0, 0, 0
42649, 4250, 0, 0, 0
42749, 4390, 0, 0, 0
42849, 4470, 0, 0, 0
42950, 4610, 0, 0, 0
43050, 4320, 0, 0, 0
43150, 4560, 0, 0, 0
43249, 3727, 0, 0, 0
43349, 4280, 0, 0, 0
43449, 4350, 0, 0, 0
43549, 4220, 0, 0, 0
43649, 3690, 0, 0, 0
43749, 3680, 0, 0, 0
43849, 3850, 0, 0, 0
43949, 4260, 0, 0, 0
44049, 4440, 0, 0, 0
44149, 4500, 0, 0, 0
44250, 4360, 0, 0, 0
44350, 4260, 0, 0, 0
44450, 4420, 0, 0, 0
44550, 4090, 0, 0, 0
44650, 4640, 0, 0, 0
44749, 4636, 0, 0, 0
44849, 4200, 0, 0, 0
44949, 4100, 0, 0, 0
45049, 3770, 0, 0, 0
45149, 3850, 0, 0, 0
45249, 3810, 0, 0, 0
45349, 3890, 0, 0, 0
45449, 4180, 0, 0, 0
45549, 4330, 0, 0, 0
45650, 4320, 0, 0, 0
45749, 4333, 0, 0, 0
45849, 4370, 0, 0, 0
45949, 4450, 0, 0, 0
46049, 4310, 0, 0, 0
46149, 4020, 0, 0, 0
46249, 4310, 0, 0, 0
46349, 4250, 0, 0, 0
46449, 4410, 0, 0, 0
46549, 3810, 0, 0, 0
46649, 4010, 0, 0, 0
46749, 4170, 0, 0, 0
46849, 4400, 0, 0, 0
46949, 4280, 0, 0, 0
47050, 4150, 0, 0, 0
47150, 4330, 0, 0, 0
47249, 4272, 0, 0, 0
47349, 4090, 0, 0, 0
47449, 4170, 0, 0, 0
47549, 4360, 0, 0, 0
47649, 4180, 0, 0, 0
47749, 3990, 0, 0, 0
47849, 3840, 0, 0, 0
47949, 3600, 0, 0, 0
48049, 3530, 0, 0, 0
48149, 3740, 0, 0, 0
48250, 3910, 0, 0, 0
48350, 4110, 0, 0, 0
48450, 3720, 0, 0, 0
48550, 3690, 0, 0, 0
48650, 3990, 0, 0, 0
48749, 4282, 0, 0, 0
48849, 4390, 0, 0, 0
48949, 4360, 0, 0, 0
49049, 4260, 0, 0, 0
49149, 4150, 0, 0, 0
49249, 4010, 0, 0, 0
49349, 4170, 0, 0, 0
49449, 4500, 0, 0, 0
49549, 4360, 0, 0, 0
49649, 4210, 0, 0, 0
49750, 4060, 0, 0, 0
49850, 4120, 0, 0, 0
49950, 4480, 0, 0, 0
50050, 4270, 0, 0, 0
50150, 4650, 0, 0, 0
50249, 4292, 0, 0, 0
50349, 4590, 0, 0, 0
50449, 4230, 0, 0, 0
50549, 4290, 0, 0, 0
50649, 4140, 0, 0, 0
50749, 4560, 0, 0, 0
50849, 4710, 0, 0, 0
50949, 4390, 0, 0, 0
51049, 4230, 0, 0, 0
51149, 4250, 0, 0, 0
51250, 4290, 0, 0, 0
51350, 4170, 0, 0, 0
51450, 4160, 0, 0, 0
51550, 3750, 0, 0, 0
51650, 4120, 0, 0, 0
51749, 4272, 0, 0, 0
51849, 4300, 0, 0, 0
51949, 4430, 0, 0, 0
52049, 4120, 0, 0, 0
52149, 4570, 0, 0, 0
52249, 4320, 0, 0, 0
52349, 4350, 0, 0, 0
52449, 4150, 0, 0, 0
52549, 4130, 0, 0, 0
52649, 4350, 0, 0, 0
52750, 4200, 0, 0, 0
52850, 4320, 0, 0, 0
52950, 4620, 0, 0, 0
53050, 4590, 0, 0, 0
53150, 4190, 0, 0, 0
53249, 4444, 0, 0, 0
53349, 4480, 0, 0, 0
53449, 4500, 0, 0, 0
53549, 4130, 0, 0, 0
53649, 4180, 0, 0, 0
53749, 4260, 0, 0, 0
53849, 4310, 0, 0, 0
53949, 3740, 0, 0, 0
54050, 4350, 0, 0, 0
54150, 4190, 0, 0, 0
54249, 3787, 0, 0, 0
54349, 4000, 0, 0, 0
54449, 4460, 0, 0, 0
54549, 4500, 0, 0, 0
54649, 4270, 0, 0, 0
54749, 4240, 0, 0, 0
54849, 4240, 0, 0, 0
54949, 4530, 0, 0, 0
55049, 4570, 0, 0, 0
55149, 3820, 0, 0, 0
55249, 3870, 0, 0, 0
55349, 3920, 0, 0, 0
55449, 4260, 0, 0, 0
55550, 3950, 0, 0, 0
55650, 4040, 0, 0, 0
55749, 3858, 0, 0, 0
55849, 3440, 0, 0, 0
55949, 3850, 0, 0, 0
56049, 4160, 0, 0, 0
56149, 4180, 0, 0, 0
56249, 3680, 0, 0, 0
56349, 3910, 0, 0, 0
56449, 4230, 0, 0, 0
56549, 4360, 0, 0, 0
56649, 4340, 0, 0, 0
56749, 4280, 0, 0, 0
56849, 4230, 0, 0, 0
56950, 4490, 0, 0, 0
57050, 4540, 0, 0, 0
57150, 4520, 0, 0, 0
57249, 4161, 0, 0, 0
57349, 3800, 0, 0, 0
57449, 3770, 0, 0, 0
57549, 3730, 0, 0, 0
57649, 3900, 0, 0, 0
57749, 3900, 0, 0, 0
57849, 3840, 0, 0, 0
57949, 4020, 0, 0, 0
58049, 3730, 0, 0, 0
58149, 4410, 0, 0, 0
58249, 4470, 0, 0, 0
58349, 4410, 0, 0, 0
58450, 3570, 0, 0, 0
58550, 4080, 0, 0, 0
58650, 3800, 0, 0, 0
58749, 3555, 0, 0, 0
58849, 3790, 0, 0, 0
58949, 4400, 0, 0, 0
59049, 4200, 0, 0, 0
59149, 3870, 0, 0, 0
59249, 3690, 0, 0, 0
59349, 3820, 0, 0, 0
59449, 3940, 0, 0, 0
59549, 3980, 0, 0, 0
59649, 3910, 0, 0, 0
59750, 4260, 0, 0, 0
59850, 4350, 0, 0, 0
59950, 4260, 0, 0, 0
60050, 4310, 0, 0, 0
60150, 4080, 0, 0, 0
60249, 4343, 0, 0, 0
60349, 4150, 0, 0, 0
60449, 4360, 0, 0, 0
60549, 4260, 0, 0, 0
60649, 4080, 0, 0, 0
60749, 3760, 0, 0, 0
60849, 3780, 0, 0, 0
60949, 4210, 0, 0, 0
61049, 4040, 0, 0, 0
61150, 4620, 0, 0, 0
61250, 4450, 0, 0, 0
61350, 4350, 0, 0, 0
61450, 4240, 0, 0, 0
61550, 4260, 0, 0, 0
61650, 4430, 0, 0, 0
61749, 4434, 0, 0, 0
61849, 4440, 0, 0, 0
61949, 4490, 0, 0, 0
62049, 4310, 0, 0, 0
62149, 4010, 0, 0, 0
62249, 3990, 0, 0, 0
62349, 3920, 0, 0, 0
62449, 4160, 0, 0, 0
62550, 4410, 0, 0, 0
62650, 4040, 0, 0, 0
62749, 4222, 0, 0, 0
62849, 4240, 0, 0, 0
62949, 3880, 0, 0, 0
63049, 4370, 0, 0, 0
63149, 4290, 0, 0, 0
63249, 4420, 0, 0, 0
63349, 4210, 0, 0, 0
63449, 4550, 0, 0, 0
63549, 4220, 0, 0, 0
63649, 3800, 0, 0, 0
63749, 3990, 0, 0, 0
63850, 4370, 0, 0, 0
63950, 4110, 0, 0, 0
64050, 4130, 0, 0, 0
64150, 3920, 0, 0, 0
64249, 3949, 0, 0, 0
64349, 4080, 0, 0, 0
64449, 4190, 0, 0, 0
64549, 4160, 0, 0, 0
64649, 4100, 0, 0, 0
64749, 4140, 0, 0, 0
64849, 4460, 0, 0, 0
64949, 4390, 0, 0, 0
65049, 4530, 0, 0, 0
65150, 4220, 0, 0, 0
65250, 4410, 0, 0, 0
65350, 4170, 0, 0, 0
65450, 4150, 0, 0, 0
65550, 4200, 0, 0, 0
65650, 4140, 0, 0, 0
65749, 4222, 0, 0, 0
65849, 4520, 0, 0, 0
65949, 4120, 0, 0, 0
66049, 4260, 0, 0, 0
66149, 4280, 0, 0, 0
66249, 4220, 0, 0, 0
66349, 3730, 0, 0, 0
66449, 3840, 0, 0, 0
66549, 4330, 0, 0, 0
66649, 4300, 0, 0, 0
66750, 4050, 0, 0, 0
66850, 4040, 0, 0, 0
66950, 3990, 0, 0, 0
67050, 3770, 0, 0, 0
67150, 3920, 0, 0, 0
67249, 3787, 0, 0, 0
67349, 3610, 0, 0, 0
67449, 3990, 0, 0, 0
67549, 4350, 0, 0, 0
67649, 4450, 0, 0, 0
67749, 4330, 0, 0, 0
67849, 4210, 0, 0, 0
67949, 4030, 0, 0, 0
68049, 4280, 0, 0, 0
68150, 4370, 0, 0, 0
68249, 4242, 0, 0, 0
68349, 4150, 0, 0, 0
68449, 3930, 0, 0, 0
68549, 4130, 0, 0, 0
68649, 3660, 0, 0, 0
68749, 3480, 0, 0, 0
68849, 4100, 0, 0, 0
68949, 4290, 0, 0, 0
69049, 4420, 0, 0, 0
69149, 4410, 0, 0, 0
69249, 4040, 0, 0, 0
69349, 4170, 0, 0, 0
69449, 4240, 0, 0, 0
69550, 4070, 0, 0, 0
69650, 3940, 0, 0, 0
69749, 4363, 0, 0, 0
69849, 3550, 0, 0, 0
69949, 3670, 0, 0, 0
70049, 3470, 0, 0, 0
70149, 3790, 0, 0, 0
70249, 3880, 0, 0, 0
70349, 3990, 0, 0, 0
70449, 3380, 0, 0, 0
70549, 3840, 0, 0, 0
70649, 3930, 0, 0, 0
70749, 3740, 0, 0, 0
70849, 4210, 0, 0, 0
70949, 4330, 0, 0, 0
71050, 4460, 0, 0, 0
71150, 3760, 0, 0, 0
71249, 4424, 0, 0, 0
71349, 4010, 0, 0, 0
71449, 4360, 0, 0, 0
71549, 4460, 0, 0, 0
71649, 4160, 0, 0, 0
71749, 3600, 0, 0, 0
71849, 3970, 0, 0, 0
71949, 4060, 0, 0, 0
72049, 3640, 0, 0, 0
72149, 4320, 0, 0, 0
72249, 4350, 0, 0, 0
72350, 4050, 0, 0, 0
72450, 4350, 0, 0, 0
72550, 4420, 0, 0, 0
72650, 4060, 0, 0, 0
72749, 3888, 0, 0, 0
72849, 4260, 0, 0, 0
72949, 4300, 0, 0, 0
73049, 3730, 0, 0, 0
73149, 3730, 0, 0, 0
73249, 4290, 0, 0, 0
73349, 4200, 0, 0, 0
73449, 4220, 0, 0, 0
73549, 4020, 0, 0, 0
73649, 4010, 0, 0, 0
73750, 3390, 0, 0, 0
73850, 4170, 0, 0, 0
73950, 4310, 0, 0, 0
74050, 4390, 0, 0, 0
74150, 4590, 0, 0, 0
74249, 4383, 0, 0, 0
74349, 4280, 0, 0, 0
74449, 4400, 0, 0, 0
74549, 4400, 0, 0, 0
74649, 4070, 0, 0, 0
74749, 4210, 0, 0, 0
74849, 4290, 0, 0, 0
74949, 4330, 0, 0, 0
75049, 4160, 0, 0, 0
75149, 4150, 0, 0, 0
75249, 4090, 0, 0, 0
75349, 3730, 0, 0, 0
75450, 3940, 0, 0, 0
75550, 3880, 0, 0, 0
75650, 4480, 0, 0, 0
75749, 4171, 0, 0, 0
75849, 4260, 0, 0, 0
75949, 4340, 0, 0, 0
76049, 4020, 0, 0, 0
76149, 3600, 0, 0, 0
76249, 3840, 0, 0, 0
76349, 4010, 0, 0, 0
76449, 3820, 0, 0, 0
76549, 3840, 0, 0, 0
76649, 4270, 0, 0, 0
76749, 4310, 0, 0, 0
76849, 3820, 0, 0, 0
76949, 4180, 0, 0, 0
77050, 4140, 0, 0, 0
77150, 3720, 0, 0, 0
77249, 3353, 0, 0, 0
77349, 3980, 0, 0, 0
77449, 3980, 0, 0, 0
77549, 4150, 0, 0, 0
77649, 4230, 0, 0, 0
77749, 4470, 0, 0, 0
77849, 4440, 0, 0, 0
77949, 4240, 0, 0, 0
78049, 4450, 0, 0, 0
78149, 4280, 0, 0, 0
78250, 4410, 0, 0, 0
78350, 4300, 0, 0, 0
78450, 4050, 0, 0, 0
78550, 4130, 0, 0, 0
78650, 3810, 0, 0, 0
78749, 4585, 0, 0, 0
78849, 4240, 0, 0, 0
78949, 4350, 0, 0, 0
79049, 3930, 0, 0, 0
79149, 3800, 0, 0, 0
79249, 3870, 0, 0, 0
79349, 3860, 0, 0, 0
79449, 3790, 0, 0, 0
79549, 3870, 0, 0, 0
79649, 4390, 0, 0, 0
79750, 4020, 0, 0, 0
79850, 3950, 0, 0, 0
79950, 4090, 0, 0, 0
80050, 4710, 0, 0, 0
80150, 4260, 0, 0, 0
80249, 4383, 0, 0, 0
80349, 4450, 0, 0, 0
80449, 4320, 0, 0, 0
80549, 4460, 0, 0, 0
80649, 4440, 0, 0, 0
80749, 4200, 0, 0, 0
80849, 4300, 0, 0, 0
80949, 4610, 0, 0, 0
81049, 4100, 0, 0, 0
81149, 3870, 0, 0, 0
81250, 4100, 0, 0, 0
81350, 4240, 0, 0, 0
81450, 4220, 0, 0, 0
81550, 4380, 0, 0, 0
81650, 4300, 0, 0, 0
81749, 4232, 0, 0, 0
81849, 4310, 0, 0, 0
81949, 4090, 0, 0, 0
82049, 4330, 0, 0, 0
82149, 4360, 0, 0, 0
82249, 4370, 0, 0, 0
82349, 3960, 0, 0, 0
82449, 3990, 0, 0, 0
82549, 4570, 0, 0, 0
82650, 3450, 0, 0, 0
82749, 4151, 0, 0, 0
82849, 4250, 0, 0, 0
82949, 4310, 0, 0, 0
83049, 4230, 0, 0, 0
83149, 4120, 0, 0, 0
83249, 4480, 0, 0, 0
83349, 4300, 0, 0, 0
83449, 4450, 0, 0, 0
83549, 4090, 0, 0, 0
83649, 4450, 0, 0, 0
83749, 4520, 0, 0, 0
83849, 4220, 0, 0, 0
83949, 4330, 0, 0, 0
84049, 3770, 0, 0, 0
84149, 3960, 0, 0, 0
84250, 4200, 0, 0, 0
84350, 4040, 0, 0, 0
84450, 4370, 0, 0, 0
84550, 4120, 0, 0, 0
84650, 4050, 0, 0, 0
84749, 3757, 0, 0, 0
84849, 3610, 0, 0, 0
84949, 3960, 0, 0, 0
85049, 4450, 0, 0, 0
85149, 4530, 0, 0, 0
85249, 4470, 0, 0, 0
85349, 4070, 0, 0, 0
85449, 4390, 0, 0, 0
85550, 4090, 0, 0, 0
85650, 3720, 0, 0, 0
85749, 3676, 0, 0, 0
85849, 3440, 0, 0, 0
85949, 4100, 0, 0, 0
86049, 4730, 0, 0, 0
86149, 4260, 0, 0, 0
86249, 4360, 0, 0, 0
86349, 4620, 0, 0, 0
86449, 4540, 0, 0, 0
86549, 4330, 0, 0, 0
86649, 4360, 0, 0, 0
86749, 4430, 0, 0, 0
86849, 3930, 0, 0, 0
86949, 3660, 0, 0, 0
87050, 3690, 0, 0, 0
87150, 3770, 0, 0, 0
87249, 4414, 0, 0, 0
87349, 4280, 0, 0, 0
87449, 4310, 0, 0, 0
87549, 4040, 0, 0, 0
87649, 3840, 0, 0, 0
87749, 3550, 0, 0, 0
87849, 4110, 0, 0, 0
87949, 4370, 0, 0, 0
88049, 4180, 0, 0, 0
88149, 4200, 0, 0, 0
88250, 4210, 0, 0, 0
88350, 4050, 0, 0, 0
88450, 4170, 0, 0, 0
88550, 4170, 0, 0, 0
88650, 3760, 0, 0, 0
88749, 3535, 0, 0, 0
88849, 4000, 0, 0, 0
88949, 4400, 0, 0, 0
89049, 4340, 0, 0, 0
89149, 4420, 0, 0, 0
89249, 4330, 0, 0, 0
89349, 4000, 0, 0, 0
89449, 4140, 0, 0, 0
89549, 4340, 0, 0, 0
89649, 4150, 0, 0, 0
89750, 3790, 0, 0, 0
89850, 3600, 0, 0, 0
89950, 4330, 0, 0, 0
