103, 5724544, 0, 0, 0
202, 5544453, 0, 0, 0
300, 5724171, 0, 0, 0
400, 6004898, 0, 0, 0
500, 5880189, 0, 0, 0
600, 5498572, 0, 0, 0
700, 5930726, 0, 0, 0
802, 5743536, 0, 0, 0
901, 5704616, 0, 0, 0
1001, 5688502, 0, 0, 0
1101, 5256930, 0, 0, 0
1201, 5664996, 0, 0, 0
1300, 5518439, 0, 0, 0
1400, 5593471, 0, 0, 0
1500, 5486942, 0, 0, 0
1601, 5649239, 0, 0, 0
1700, 5777630, 0, 0, 0
1802, 5870914, 0, 0, 0
1900, 5926208, 0, 0, 0
2001, 5722903, 0, 0, 0
2100, 5574976, 0, 0, 0
2200, 6013131, 0, 0, 0
2300, 5668390, 0, 0, 0
2400, 5858209, 0, 0, 0
2500, 5537431, 0, 0, 0
2600, 5848157, 0, 0, 0
2700, 5754917, 0, 0, 0
2800, 5657949, 0, 0, 0
2901, 5606283, 0, 0, 0
3000, 5765591, 0, 0, 0
3101, 5515591, 0, 0, 0
3200, 5817540, 0, 0, 0
3301, 5997739, 0, 0, 0
3400, 5401128, 0, 0, 0
3502, 5565622, 0, 0, 0
3602, 5875528, 0, 0, 0
3700, 5659631, 0, 0, 0
3800, 5996015, 0, 0, 0
3901, 6028999, 0, 0, 0
4002, 5595069, 0, 0, 0
4100, 5685524, 0, 0, 0
4203, 5661144, 0, 0, 0
4300, 5723107, 0, 0, 0
4400, 5554205, 0, 0, 0
4500, 5785415, 0, 0, 0
4600, 5443659, 0, 0, 0
4703, 5366846, 0, 0, 0
4802, 5882992, 0, 0, 0
4903, 5540630, 0, 0, 0
5000, 5527766, 0, 0, 0
5100, 5305430, 0, 0, 0
5200, 5741255, 0, 0, 0
5301, 5661213, 0, 0, 0
5400, 5696806, 0, 0, 0
5500, 5618675, 0, 0, 0
5600, 5288485, 0, 0, 0
5700, 5599519, 0, 0, 0
5800, 6048321, 0, 0, 0
5900, 5559366, 0, 0, 0
6000, 5325617, 0, 0, 0
6101, 5635333, 0, 0, 0
6201, 5593087, 0, 0, 0
6300, 5613405, 0, 0, 0
6401, 5601035, 0, 0, 0
6500, 6086078, 0, 0, 0
6600, 5535311, 0, 0, 0
6701, 5622684, 0, 0, 0
6800, 5946663, 0, 0, 0
6900, 5603996, 0, 0, 0
7000, 5622941, 0, 0, 0
7104, 5379209, 0, 0, 0
7201, 5710336, 0, 0, 0
7300, 5723100, 0, 0, 0
7402, 5787593, 0, 0, 0
7500, 5698429, 0, 0, 0
7600, 6050046, 0, 0, 0
7702, 6011943, 0, 0, 0
7800, 5981077, 0, 0, 0
7901, 6056227, 0, 0, 0
8001, 5733648, 0, 0, 0
8100, 5723131, 0, 0, 0
8200, 5408299, 0, 0, 0
8301, 6037379, 0, 0, 0
8402, 5512437, 0, 0, 0
8500, 5975708, 0, 0, 0
8602, 5799167, 0, 0, 0
8700, 6087085, 0, 0, 0
8800, 5665781, 0, 0, 0
8901, 6255587, 0, 0, 0
9001, 5554333, 0, 0, 0
9102, 5734613, 0, 0, 0
9200, 5915987, 0, 0, 0
9300, 6068705, 0, 0, 0
9400, 5676384, 0, 0, 0
9500, 5415098, 0, 0, 0
9603, 5792255, 0, 0, 0
9700, 5763487, 0, 0, 0
9800, 5714827, 0, 0, 0
9901, 5670410, 0, 0, 0
10002, 5393684, 0, 0, 0
10100, 5621491, 0, 0, 0
10200, 6157184, 0, 0, 0
10300, 5724494, 0, 0, 0
10400, 5273108, 0, 0, 0
10504, 5707257, 0, 0, 0
10601, 5597186, 0, 0, 0
10700, 6115793, 0, 0, 0
10800, 5751443, 0, 0, 0
10900, 5699472, 0, 0, 0
11001, 5750982, 0, 0, 0
11101, 5921769, 0, 0, 0
11200, 6042852, 0, 0, 0
11302, 5461035, 0, 0, 0
11401, 5943048, 0, 0, 0
11501, 5458454, 0, 0, 0
11600, 5600953, 0, 0, 0
11703, 5723045, 0, 0, 0
11800, 5232203, 0, 0, 0
11902, 5510699, 0, 0, 0
12000, 5985490, 0, 0, 0
12100, 5932208, 0, 0, 0
12200, 5684772, 0, 0, 0
12301, 5276975, 0, 0, 0
12401, 5759587, 0, 0, 0
12500, 6021841, 0, 0, 0
12603, 5833332, 0, 0, 0
12700, 5957940, 0, 0, 0
12800, 5778976, 0, 0, 0
12900, 5650258, 0, 0, 0
13002, 5668714, 0, 0, 0
13101, 5482038, 0, 0, 0
13200, 5738542, 0, 0, 0
13300, 5885238, 0, 0, 0
13400, 5970437, 0, 0, 0
13500, 5393872, 0, 0, 0
13600, 5726090, 0, 0, 0
13700, 5784223, 0, 0, 0
13800, 5415921, 0, 0, 0
13900, 5719846, 0, 0, 0
14001, 5603508, 0, 0, 0
14101, 5745531, 0, 0, 0
14200, 5685923, 0, 0, 0
14302, 5773195, 0, 0, 0
14400, 5512490, 0, 0, 0
14500, 5663755, 0, 0, 0
14602, 5924987, 0, 0, 0
14702, 5637626, 0, 0, 0
14800, 5928034, 0, 0, 0
14901, 5604228, 0, 0, 0
15001, 5472202, 0, 0, 0
15101, 5839737, 0, 0, 0
15200, 5705922, 0, 0, 0
15300, 5570163, 0, 0, 0
15401, 5700691, 0, 0, 0
15502, 5703320, 0, 0, 0
15601, 5392715, 0, 0, 0
15700, 5881511, 0, 0, 0
15802, 5876952, 0, 0, 0
15901, 5610973, 0, 0, 0
16000, 6008344, 0, 0, 0
16100, 5541051, 0, 0, 0
16200, 5950637, 0, 0, 0
16300, 5520731, 0, 0, 0
16401, 5759549, 0, 0, 0
16500, 5255160, 0, 0, 0
16602, 5361142, 0, 0, 0
16700, 5889969, 0, 0, 0
16801, 5880694, 0, 0, 0
16901, 6085899, 0, 0, 0
17000, 5991956, 0, 0, 0
17101, 5730914, 0, 0, 0
17202, 6075772, 0, 0, 0
17302, 5980158, 0, 0, 0
17400, 6396400, 0, 0, 0
17503, 5452738, 0, 0, 0
17600, 5778561, 0, 0, 0
17700, 5600744, 0, 0, 0
17800, 5705091, 0, 0, 0
17900, 5487268, 0, 0, 0
18000, 6129184, 0, 0, 0
18100, 5728409, 0, 0, 0
18200, 5747216, 0, 0, 0
18302, 6168349, 0, 0, 0
18400, 5709083, 0, 0, 0
18500, 5909830, 0, 0, 0
18602, 5727633, 0, 0, 0
18700, 5890548, 0, 0, 0
18800, 5536080, 0, 0, 0
18900, 5492162, 0, 0, 0
19002, 5404296, 0, 0, 0
19103, 5572997, 0, 0, 0
19201, 5842944, 0, 0, 0
19301, 5776025, 0, 0, 0
19402, 5287165, 0, 0, 0
19501, 5803604, 0, 0, 0
19600, 5666535, 0, 0, 0
19701, 5447044, 0, 0, 0
19800, 5732053, 0, 0, 0
19900, 5453136, 0, 0, 0
20002, 5662614, 0, 0, 0
20102, 5801068, 0, 0, 0
20201, 5711477, 0, 0, 0
20301, 5747385, 0, 0, 0
20401, 5656176, 0, 0, 0
20500, 5432889, 0, 0, 0
20602, 5956327, 0, 0, 0
20701, 5562799, 0, 0, 0
20800, 5673690, 0, 0, 0
20900, 5630383, 0, 0, 0
21002, 5942017, 0, 0, 0
21100, 6057541, 0, 0, 0
21200, 5793565, 0, 0, 0
21301, 5170803, 0, 0, 0
21401, 5932533, 0, 0, 0
21500, 6023797, 0, 0, 0
21600, 5680671, 0, 0, 0
21702, 5979795, 0, 0, 0
21801, 5742988, 0, 0, 0
21901, 5534470, 0, 0, 0
22002, 5636553, 0, 0, 0
22100, 5649642, 0, 0, 0
22201, 5497711, 0, 0, 0
22302, 5452793, 0, 0, 0
22400, 5553654, 0, 0, 0
22500, 5362111, 0, 0, 0
22601, 5575320, 0, 0, 0
22700, 5961980, 0, 0, 0
22800, 6216034, 0, 0, 0
22900, 5868870, 0, 0, 0
23000, 5871223, 0, 0, 0
23100, 6069375, 0, 0, 0
23200, 6003714, 0, 0, 0
23300, 5709990, 0, 0, 0
23400, 5713954, 0, 0, 0
23500, 5696825, 0, 0, 0
23600, 5896696, 0, 0, 0
23700, 5622777, 0, 0, 0
23800, 5543920, 0, 0, 0
23901, 5648921, 0, 0, 0
24000, 5877076, 0, 0, 0
24101, 6004798, 0, 0, 0
24202, 5622596, 0, 0, 0
24301, 5933475, 0, 0, 0
24400, 5616549, 0, 0, 0
24501, 5610564, 0, 0, 0
24600, 5695464, 0, 0, 0
24700, 5962194, 0, 0, 0
24801, 5992608, 0, 0, 0
24900, 5650195, 0, 0, 0
25001, 5701303, 0, 0, 0
25101, 5370353, 0, 0, 0
25202, 5799831, 0, 0, 0
25300, 5691174, 0, 0, 0
25400, 5968000, 0, 0, 0
25500, 5766319, 0, 0, 0
25600, 5996265, 0, 0, 0
25700, 5584942, 0, 0, 0
25800, 5719235, 0, 0, 0
25901, 5707335, 0, 0, 0
26002, 5989153, 0, 0, 0
26102, 5767069, 0, 0, 0
26200, 5754500, 0, 0, 0
26300, 5826837, 0, 0, 0
26400, 5277136, 0, 0, 0
26501, 5710750, 0, 0, 0
26600, 5585233, 0, 0, 0
26700, 5838714, 0, 0, 0
26801, 5643576, 0, 0, 0
26900, 6082204, 0, 0, 0
27000, 6308010, 0, 0, 0
27102, 5838336, 0, 0, 0
27201, 5620879, 0, 0, 0
27300, 5804981, 0, 0, 0
27401, 5503974, 0, 0, 0
27500, 5778810, 0, 0, 0
27600, 5813602, 0, 0, 0
27700, 5607094, 0, 0, 0
27801, 5631196, 0, 0, 0
27900, 5804092, 0, 0, 0
28000, 5605696, 0, 0, 0
28100, 5618910, 0, 0, 0
28200, 5614036, 0, 0, 0
28300, 5446123, 0, 0, 0
28402, 6011315, 0, 0, 0
28501, 5806444, 0, 0, 0
28602, 5567037, 0, 0, 0
28700, 6196571, 0, 0, 0
28800, 5834471, 0, 0, 0
28902, 5684129, 0, 0, 0
29001, 5626614, 0, 0, 0
29101, 5639585, 0, 0, 0
29201, 5460709, 0, 0, 0
29300, 5515913, 0, 0, 0
29400, 6066770, 0, 0, 0
29502, 5571814, 0, 0, 0
29601, 5517142, 0, 0, 0
29700, 5891242, 0, 0, 0
29800, 5646070, 0, 0, 0
29901, 5764021, 0, 0, 0
30001, 5649139, 0, 0, 0
30101, 6010422, 0, 0, 0
30200, 5673017, 0, 0, 0
30304, 5988344, 0, 0, 0
30402, 5560138, 0, 0, 0
30501, 6125569, 0, 0, 0
30600, 5441359, 0, 0, 0
30700, 5784213, 0, 0, 0
30801, 5915671, 0, 0, 0
30902, 5880793, 0, 0, 0
31002, 5795795, 0, 0, 0
31101, 5785854, 0, 0, 0
31201, 5483328, 0, 0, 0
31300, 5697254, 0, 0, 0
31401, 5629315, 0, 0, 0
31500, 5981088, 0, 0, 0
31600, 5691240, 0, 0, 0
31700, 5718844, 0, 0, 0
31800, 5559850, 0, 0, 0
31901, 5930914, 0, 0, 0
32002, 5484884, 0, 0, 0
32102, 5906787, 0, 0, 0
32200, 5555511, 0, 0, 0
32300, 6083213, 0, 0, 0
32400, 5766398, 0, 0, 0
32501, 5278980, 0, 0, 0
32602, 5786973, 0, 0, 0
32703, 5663507, 0, 0, 0
32802, 5540816, 0, 0, 0
32901, 5808332, 0, 0, 0
33002, 5632866, 0, 0, 0
33101, 5859683, 0, 0, 0
33200, 5866496, 0, 0, 0
33300, 5657046, 0, 0, 0
33402, 5595912, 0, 0, 0
33501, 5994166, 0, 0, 0
33601, 5692626, 0, 0, 0
33701, 5184545, 0, 0, 0
33800, 5758057, 0, 0, 0
33900, 5733796, 0, 0, 0
34002, 5496304, 0, 0, 0
34100, 5839010, 0, 0, 0
34201, 5661684, 0, 0, 0
34300, 5744007, 0, 0, 0
34400, 5843133, 0, 0, 0
34500, 5716057, 0, 0, 0
34600, 5440769, 0, 0, 0
34700, 5440246, 0, 0, 0
34801, 5807771, 0, 0, 0
34901, 5925299, 0, 0, 0
35001, 5938448, 0, 0, 0
35101, 5664721, 0, 0, 0
35202, 5774269, 0, 0, 0
35300, 5533889, 0, 0, 0
35401, 5821842, 0, 0, 0
35500, 5696972, 0, 0, 0
35600, 5639732, 0, 0, 0
35700, 5724527, 0, 0, 0
35800, 5467392, 0, 0, 0
35901, 5928956, 0, 0, 0
36002, 6085244, 0, 0, 0
36101, 5801907, 0, 0, 0
36203, 5556532, 0, 0, 0
36303, 5834275, 0, 0, 0
36400, 5725848, 0, 0, 0
36501, 5613312, 0, 0, 0
36601, 5962563, 0, 0, 0
36701, 5692835, 0, 0, 0
36802, 5808215, 0, 0, 0
36900, 5948585, 0, 0, 0
37000, 5960033, 0, 0, 0
37101, 5739172, 0, 0, 0
37200, 5909087, 0, 0, 0
37300, 5766256, 0, 0, 0
37400, 5621716, 0, 0, 0
37502, 5831331, 0, 0, 0
37600, 5534562, 0, 0, 0
37700, 5628101, 0, 0, 0
37800, 5900314, 0, 0, 0
37900, 6149302, 0, 0, 0
38002, 5784403, 0, 0, 0
38100, 5915494, 0, 0, 0
38200, 5791665, 0, 0, 0
38300, 5990955, 0, 0, 0
38402, 5243237, 0, 0, 0
38501, 5673834, 0, 0, 0
38602, 5755743, 0, 0, 0
38701, 5831241, 0, 0, 0
38800, 5742510, 0, 0, 0
38902, 5830862, 0, 0, 0
39000, 5512487, 0, 0, 0
39100, 6076489, 0, 0, 0
39201, 5985170, 0, 0, 0
39301, 5658647, 0, 0, 0
39402, 5797958, 0, 0, 0
39500, 6129653, 0, 0, 0
39600, 5817019, 0, 0, 0
39701, 5769557, 0, 0, 0
39801, 5555582, 0, 0, 0
39902, 5689528, 0, 0, 0
40003, 6195038, 0, 0, 0
40100, 5913093, 0, 0, 0
40200, 5520764, 0, 0, 0
40300, 5738700, 0, 0, 0
40401, 5793836, 0, 0, 0
40501, 5273561, 0, 0, 0
40601, 5919162, 0, 0, 0
40701, 5969999, 0, 0, 0
40800, 5746466, 0, 0, 0
40900, 5718752, 0, 0, 0
41000, 5785039, 0, 0, 0
41101, 5921560, 0, 0, 0
41200, 5963234, 0, 0, 0
41300, 5762673, 0, 0, 0
41400, 5754666, 0, 0, 0
41500, 5914747, 0, 0, 0
41600, 5927843, 0, 0, 0
41700, 5857220, 0, 0, 0
41800, 5743334, 0, 0, 0
41901, 5693730, 0, 0, 0
42000, 5636758, 0, 0, 0
42100, 5729811, 0, 0, 0
42200, 5719415, 0, 0, 0
42300, 5642218, 0, 0, 0
42400, 6106442, 0, 0, 0
42500, 5440983, 0, 0, 0
42602, 5979813, 0, 0, 0
42701, 5859551, 0, 0, 0
42801, 5912896, 0, 0, 0
42900, 5724426, 0, 0, 0
43001, 5498272, 0, 0, 0
43100, 5984633, 0, 0, 0
43201, 5930547, 0, 0, 0
43301, 5475935, 0, 0, 0
43401, 5735583, 0, 0, 0
43501, 5837961, 0, 0, 0
43601, 5516448, 0, 0, 0
43703, 5870465, 0, 0, 0
43801, 6072591, 0, 0, 0
43901, 5476274, 0, 0, 0
44000, 5660383, 0, 0, 0
44100, 5626772, 0, 0, 0
44202, 5755655, 0, 0, 0
44300, 5459573, 0, 0, 0
44400, 5768368, 0, 0, 0
44501, 5975157, 0, 0, 0
44600, 5653325, 0, 0, 0
44701, 5768477, 0, 0, 0
44800, 5660220, 0, 0, 0
44900, 5917400, 0, 0, 0
45000, 6140741, 0, 0, 0
45100, 6073624, 0, 0, 0
45201, 5742225, 0, 0, 0
45300, 5864369, 0, 0, 0
45403, 5707355, 0, 0, 0
45502, 5666995, 0, 0, 0
45600, 5242241, 0, 0, 0
45700, 5755832, 0, 0, 0
45801, 5558646, 0, 0, 0
45900, 5367268, 0, 0, 0
46000, 6575448, 0, 0, 0
46103, 5745449, 0, 0, 0
46200, 5546994, 0, 0, 0
46301, 5605858, 0, 0, 0
46400, 5568858, 0, 0, 0
46501, 5956889, 0, 0, 0
46601, 5615199, 0, 0, 0
46700, 5914976, 0, 0, 0
46800, 5589558, 0, 0, 0
46901, 5543874, 0, 0, 0
47001, 5818887, 0, 0, 0
47102, 5704748, 0, 0, 0
47202, 5874467, 0, 0, 0
47300, 5824530, 0, 0, 0
47401, 5837758, 0, 0, 0
47500, 5539227, 0, 0, 0
47601, 5806587, 0, 0, 0
47702, 5779034, 0, 0, 0
47800, 5759101, 0, 0, 0
47900, 5892516, 0, 0, 0
48000, 5545040, 0, 0, 0
48101, 5596027, 0, 0, 0
48200, 5563630, 0, 0, 0
48300, 5849201, 0, 0, 0
48401, 5935153, 0, 0, 0
48501, 5813214, 0, 0, 0
48600, 5665382, 0, 0, 0
48700, 5584429, 0, 0, 0
48800, 5628442, 0, 0, 0
48900, 5658693, 0, 0, 0
49000, 5604849, 0, 0, 0
49101, 5852153, 0, 0, 0
49201, 5450098, 0, 0, 0
49302, 5627595, 0, 0, 0
49400, 5830442, 0, 0, 0
49500, 5834496, 0, 0, 0
49600, 5517119, 0, 0, 0
49703, 5985791, 0, 0, 0
49802, 5687686, 0, 0, 0
49902, 5719116, 0, 0, 0
50000, 5603230, 0, 0, 0
50102, 5670267, 0, 0, 0
50200, 5731453, 0, 0, 0
50302, 5556414, 0, 0, 0
50400, 5890578, 0, 0, 0
50502, 5696651, 0, 0, 0
50600, 5765388, 0, 0, 0
50701, 5517119, 0, 0, 0
50802, 5614656, 0, 0, 0
50902, 5601514, 0, 0, 0
51000, 6011286, 0, 0, 0
51100, 5768316, 0, 0, 0
51202, 5819800, 0, 0, 0
51302, 5768169, 0, 0, 0
51400, 5281734, 0, 0, 0
51501, 5697850, 0, 0, 0
51600, 5790406, 0, 0, 0
51700, 5660649, 0, 0, 0
51800, 5937377, 0, 0, 0
51900, 5705457, 0, 0, 0
52000, 5726872, 0, 0, 0
52102, 5797959, 0, 0, 0
52202, 5605749, 0, 0, 0
52301, 5831649, 0, 0, 0
52400, 5504562, 0, 0, 0
52500, 5640187, 0, 0, 0
52600, 5960927, 0, 0, 0
52701, 5956650, 0, 0, 0
52800, 5823741, 0, 0, 0
52901, 6036462, 0, 0, 0
53000, 5666607, 0, 0, 0
53102, 5427513, 0, 0, 0
53200, 5904373, 0, 0, 0
53300, 6251234, 0, 0, 0
53401, 5906225, 0, 0, 0
53500, 6001954, 0, 0, 0
53603, 5710043, 0, 0, 0
53700, 6359108, 0, 0, 0
53802, 5682342, 0, 0, 0
53900, 5590653, 0, 0, 0
54003, 5541584, 0, 0, 0
54100, 5882227, 0, 0, 0
54202, 5700005, 0, 0, 0
54300, 5444046, 0, 0, 0
54400, 5712334, 0, 0, 0
54500, 5966550, 0, 0, 0
54600, 5878929, 0, 0, 0
54702, 5695305, 0, 0, 0
54800, 5652183, 0, 0, 0
54900, 5705701, 0, 0, 0
55000, 5960607, 0, 0, 0
55100, 5860944, 0, 0, 0
55200, 5838995, 0, 0, 0
55300, 5669478, 0, 0, 0
55400, 5714419, 0, 0, 0
55500, 5664454, 0, 0, 0
55602, 5742466, 0, 0, 0
55700, 5693175, 0, 0, 0
55800, 5818615, 0, 0, 0
55901, 5743845, 0, 0, 0
56000, 5477084, 0, 0, 0
56102, 5480022, 0, 0, 0
56204, 5636666, 0, 0, 0
56301, 6153587, 0, 0, 0
56400, 5935589, 0, 0, 0
56500, 5737369, 0, 0, 0
56600, 5554440, 0, 0, 0
56700, 5479108, 0, 0, 0
56801, 5549713, 0, 0, 0
56900, 5523448, 0, 0, 0
57000, 5818651, 0, 0, 0
57100, 5778194, 0, 0, 0
57200, 5757899, 0, 0, 0
57300, 5793227, 0, 0, 0
57401, 5588531, 0, 0, 0
57502, 5624685, 0, 0, 0
57600, 6022446, 0, 0, 0
57700, 6078516, 0, 0, 0
57800, 5760094, 0, 0, 0
57900, 5556498, 0, 0, 0
58000, 5374771, 0, 0, 0
58102, 5682459, 0, 0, 0
58203, 5973150, 0, 0, 0
58300, 5927222, 0, 0, 0
58400, 5864804, 0, 0, 0
58500, 5770554, 0, 0, 0
58601, 5577323, 0, 0, 0
58700, 5493081, 0, 0, 0
58804, 5972551, 0, 0, 0
58902, 5777715, 0, 0, 0
59002, 5648789, 0, 0, 0
59101, 5780833, 0, 0, 0
59202, 5586536, 0, 0, 0
59300, 5442482, 0, 0, 0
59400, 5835068, 0, 0, 0
59500, 5469750, 0, 0, 0
59601, 6192139, 0, 0, 0
59700, 5931434, 0, 0, 0
59800, 5761027, 0, 0, 0
59900, 5863762, 0, 0, 0
60000, 5839386, 0, 0, 0
60102, 5613155, 0, 0, 0
60204, 5811551, 0, 0, 0
60300, 5935578, 0, 0, 0
60400, 5715353, 0, 0, 0
60500, 6103091, 0, 0, 0
60601, 5710707, 0, 0, 0
60700, 5664920, 0, 0, 0
60801, 5840604, 0, 0, 0
60900, 5704770, 0, 0, 0
61000, 5476159, 0, 0, 0
61100, 5576489, 0, 0, 0
61201, 5502732, 0, 0, 0
61300, 5501749, 0, 0, 0
61400, 5599489, 0, 0, 0
61500, 5869112, 0, 0, 0
61600, 5452382, 0, 0, 0
61700, 5380421, 0, 0, 0
61801, 5405702, 0, 0, 0
61901, 5771775, 0, 0, 0
62000, 5728390, 0, 0, 0
62100, 5857747, 0, 0, 0
62201, 5775355, 0, 0, 0
62300, 5484842, 0, 0, 0
62400, 5758268, 0, 0, 0
62504, 5589881, 0, 0, 0
62600, 5848157, 0, 0, 0
62700, 6008049, 0, 0, 0
62803, 5615621, 0, 0, 0
62900, 5424364, 0, 0, 0
63001, 5844315, 0, 0, 0
63100, 6080960, 0, 0, 0
63201, 5651695, 0, 0, 0
63301, 5440807, 0, 0, 0
63401, 5626536, 0, 0, 0
63500, 5990855, 0, 0, 0
63600, 5794520, 0, 0, 0
63701, 6111024, 0, 0, 0
63801, 5797634, 0, 0, 0
63902, 5712273, 0, 0, 0
64001, 6150991, 0, 0, 0
64100, 5478080, 0, 0, 0
64200, 5718422, 0, 0, 0
64300, 5468003, 0, 0, 0
64400, 6082871, 0, 0, 0
64500, 5422101, 0, 0, 0
64602, 6054814, 0, 0, 0
64701, 6017194, 0, 0, 0
64800, 5768818, 0, 0, 0
64901, 5970249, 0, 0, 0
65000, 5936900, 0, 0, 0
65100, 5865598, 0, 0, 0
65200, 5975088, 0, 0, 0
65300, 5864040, 0, 0, 0
65400, 5471772, 0, 0, 0
65500, 5650774, 0, 0, 0
65600, 5886829, 0, 0, 0
65700, 5952378, 0, 0, 0
65801, 5955251, 0, 0, 0
65900, 6101861, 0, 0, 0
66003, 5673788, 0, 0, 0
66100, 5802873, 0, 0, 0
66201, 5517457, 0, 0, 0
66303, 5513969, 0, 0, 0
66400, 5500210, 0, 0, 0
66500, 5769985, 0, 0, 0
66600, 6092986, 0, 0, 0
66701, 5927561, 0, 0, 0
66801, 5745889, 0, 0, 0
66901, 5920034, 0, 0, 0
67001, 6136700, 0, 0, 0
67100, 6441241, 0, 0, 0
67201, 5535541, 0, 0, 0
67300, 5806714, 0, 0, 0
67401, 5914056, 0, 0, 0
67500, 6735455, 0, 0, 0
67600, 5235054, 0, 0, 0
67700, 5599700, 0, 0, 0
67801, 5970171, 0, 0, 0
67900, 6068689, 0, 0, 0
68001, 6008800, 0, 0, 0
68102, 5792713, 0, 0, 0
68200, 6272232, 0, 0, 0
68300, 5797715, 0, 0, 0
68400, 5741933, 0, 0, 0
68501, 5959783, 0, 0, 0
68601, 5739146, 0, 0, 0
68700, 5916707, 0, 0, 0
68800, 5840017, 0, 0, 0
68902, 5978483, 0, 0, 0
69002, 5903985, 0, 0, 0
69100, 5925145, 0, 0, 0
69202, 5786872, 0, 0, 0
69302, 5679206, 0, 0, 0
69400, 5914878, 0, 0, 0
69500, 5650251, 0, 0, 0
69600, 5999253, 0, 0, 0
69700, 5991063, 0, 0, 0
69800, 5999232, 0, 0, 0
69901, 5761595, 0, 0, 0
70001, 5401886, 0, 0, 0
70100, 5603533, 0, 0, 0
70200, 5693019, 0, 0, 0
70301, 5756613, 0, 0, 0
70401, 5846835, 0, 0, 0
70500, 6044792, 0, 0, 0
70602, 5500948, 0, 0, 0
70700, 5679266, 0, 0, 0
70800, 6228650, 0, 0, 0
70900, 5793686, 0, 0, 0
71001, 6054555, 0, 0, 0
71100, 5779485, 0, 0, 0
71200, 5866563, 0, 0, 0
71300, 6159295, 0, 0, 0
71401, 5509709, 0, 0, 0
71500, 5450053, 0, 0, 0
71601, 5623238, 0, 0, 0
71701, 5446763, 0, 0, 0
71800, 5565388, 0, 0, 0
71900, 5262478, 0, 0, 0
72001, 5744580, 0, 0, 0
72101, 5827320, 0, 0, 0
72200, 6081111, 0, 0, 0
72301, 5520183, 0, 0, 0
72401, 5816197, 0, 0, 0
72500, 5646574, 0, 0, 0
72602, 6114574, 0, 0, 0
72700, 5629221, 0, 0, 0
72800, 5766619, 0, 0, 0
72902, 5692746, 0, 0, 0
73002, 5508052, 0, 0, 0
73102, 5902468, 0, 0, 0
73200, 6028030, 0, 0, 0
73301, 5635688, 0, 0, 0
73401, 5353667, 0, 0, 0
73501, 5773877, 0, 0, 0
73600, 5312285, 0, 0, 0
73700, 6041447, 0, 0, 0
73800, 5777274, 0, 0, 0
73903, 5731270, 0, 0, 0
74001, 5976088, 0, 0, 0
74100, 5757847, 0, 0, 0
74201, 5717962, 0, 0, 0
74301, 5748960, 0, 0, 0
74402, 5562873, 0, 0, 0
74502, 5827283, 0, 0, 0
74601, 5771493, 0, 0, 0
74704, 5677295, 0, 0, 0
74800, 5689582, 0, 0, 0
74900, 5997062, 0, 0, 0
75003, 5332154, 0, 0, 0
75100, 5456087, 0, 0, 0
75204, 5896781, 0, 0, 0
75301, 5388075, 0, 0, 0
75401, 5607676, 0, 0, 0
75501, 5603639, 0, 0, 0
75600, 5909827, 0, 0, 0
75701, 5493382, 0, 0, 0
75801, 5832157, 0, 0, 0
75901, 5755019, 0, 0, 0
76000, 5810954, 0, 0, 0
76101, 5255966, 0, 0, 0
76202, 5827200, 0, 0, 0
76301, 5814966, 0, 0, 0
76401, 5890231, 0, 0, 0
76501, 5946462, 0, 0, 0
76600, 6080332, 0, 0, 0
76700, 5843202, 0, 0, 0
76804, 5941920, 0, 0, 0
76903, 5571336, 0, 0, 0
77001, 5799336, 0, 0, 0
77100, 5680025, 0, 0, 0
77200, 5561278, 0, 0, 0
77300, 5701954, 0, 0, 0
77403, 5511455, 0, 0, 0
77500, 5750482, 0, 0, 0
77600, 5341383, 0, 0, 0
77700, 6062550, 0, 0, 0
77802, 5942854, 0, 0, 0
77900, 5215197, 0, 0, 0
78000, 5852784, 0, 0, 0
78102, 5804548, 0, 0, 0
78200, 5796826, 0, 0, 0
78300, 5794142, 0, 0, 0
78400, 5734733, 0, 0, 0
78501, 5678237, 0, 0, 0
78601, 6260471, 0, 0, 0
78702, 5550751, 0, 0, 0
78801, 5842264, 0, 0, 0
78900, 5608645, 0, 0, 0
79001, 5717003, 0, 0, 0
79100, 5937274, 0, 0, 0
79200, 5617690, 0, 0, 0
79300, 5936579, 0, 0, 0
79401, 5791188, 0, 0, 0
79501, 5679470, 0, 0, 0
79600, 5776008, 0, 0, 0
79701, 5819832, 0, 0, 0
79800, 5916378, 0, 0, 0
79901, 5648292, 0, 0, 0
80000, 5694735, 0, 0, 0
80100, 5577032, 0, 0, 0
80202, 5781683, 0, 0, 0
80302, 5541626, 0, 0, 0
80401, 5897942, 0, 0, 0
80501, 5725761, 0, 0, 0
80601, 5812771, 0, 0, 0
80701, 5693924, 0, 0, 0
80802, 5820231, 0, 0, 0
80902, 5720938, 0, 0, 0
81000, 5578581, 0, 0, 0
81100, 5724384, 0, 0, 0
81202, 5899232, 0, 0, 0
81301, 5604157, 0, 0, 0
81400, 5717883, 0, 0, 0
81501, 6166202, 0, 0, 0
81600, 5479118, 0, 0, 0
81700, 5293521, 0, 0, 0
81800, 5692473, 0, 0, 0
81903, 5634297, 0, 0, 0
82001, 5581678, 0, 0, 0
82100, 5784321, 0, 0, 0
82200, 5381562, 0, 0, 0
82301, 5613272, 0, 0, 0
82402, 6053875, 0, 0, 0
82500, 5566007, 0, 0, 0
82600, 5793943, 0, 0, 0
82702, 5692301, 0, 0, 0
82800, 5806390, 0, 0, 0
82900, 5943441, 0, 0, 0
83000, 5732788, 0, 0, 0
83100, 5529510, 0, 0, 0
83200, 5824126, 0, 0, 0
83300, 5557880, 0, 0, 0
83400, 5889714, 0, 0, 0
83501, 5949927, 0, 0, 0
83600, 5747407, 0, 0, 0
83702, 5783709, 0, 0, 0
83803, 5739283, 0, 0, 0
83901, 5853064, 0, 0, 0
84000, 5893756, 0, 0, 0
84100, 5959873, 0, 0, 0
84201, 5526258, 0, 0, 0
84300, 5861631, 0, 0, 0
84401, 5270314, 0, 0, 0
84503, 5890216, 0, 0, 0
84605, 5802033, 0, 0, 0
84701, 6009350, 0, 0, 0
84802, 5683906, 0, 0, 0
84900, 5584632, 0, 0, 0
85001, 5605500, 0, 0, 0
85100, 6122504, 0, 0, 0
85200, 5596560, 0, 0, 0
85300, 5529845, 0, 0, 0
85400, 5554485, 0, 0, 0
85500, 5509561, 0, 0, 0
85600, 5438226, 0, 0, 0
85702, 5634722, 0, 0, 0
85804, 5575775, 0, 0, 0
85900, 5588669, 0, 0, 0
86000, 5687159, 0, 0, 0
86103, 5590946, 0, 0, 0
86200, 5685899, 0, 0, 0
86300, 5944101, 0, 0, 0
86400, 5712733, 0, 0, 0
86501, 5980302, 0, 0, 0
86600, 5778110, 0, 0, 0
86702, 5600351, 0, 0, 0
86802, 5982668, 0, 0, 0
86900, 5603207, 0, 0, 0
87001, 5563870, 0, 0, 0
87102, 5865401, 0, 0, 0
87201, 5531638, 0, 0, 0
87301, 5663139, 0, 0, 0
87400, 5719562, 0, 0, 0
87500, 5718213, 0, 0, 0
87602, 5660819, 0, 0, 0
87701, 5250509, 0, 0, 0
87802, 5381383, 0, 0, 0
87901, 5915282, 0, 0, 0
88000, 5820221, 0, 0, 0
88100, 5696340, 0, 0, 0
88200, 5874593, 0, 0, 0
88300, 5593482, 0, 0, 0
88400, 5571425, 0, 0, 0
88501, 5594513, 0, 0, 0
88600, 5891161, 0, 0, 0
88700, 5475904, 0, 0, 0
88800, 5659452, 0, 0, 0
88900, 5873241, 0, 0, 0
89002, 5716242, 0, 0, 0
89101, 5736613, 0, 0, 0
89200, 5992586, 0, 0, 0
89300, 5544293, 0, 0, 0
89400, 5564851, 0, 0, 0
89500, 5754839, 0, 0, 0
89601, 5627847, 0, 0, 0
89701, 5327470, 0, 0, 0
89800, 5720463, 0, 0, 0
89902, 5714356, 0, 0, 0
90000, 5416551, 0, 0, 0
90002, 4309771, 0, 0, 0
