100, 887450, 0, 0, 0
200, 862156, 0, 0, 0
300, 919947, 0, 0, 0
400, 871087, 0, 0, 0
501, 855075, 0, 0, 0
600, 875249, 0, 0, 0
700, 842930, 0, 0, 0
800, 918587, 0, 0, 0
900, 882729, 0, 0, 0
1000, 915968, 0, 0, 0
1100, 971998, 0, 0, 0
1200, 868475, 0, 0, 0
1300, 940459, 0, 0, 0
1400, 859048, 0, 0, 0
1500, 955027, 0, 0, 0
1600, 928470, 0, 0, 0
1700, 912180, 0, 0, 0
1800, 919559, 0, 0, 0
1900, 921895, 0, 0, 0
2000, 934025, 0, 0, 0
2100, 869594, 0, 0, 0
2200, 888115, 0, 0, 0
2300, 899135, 0, 0, 0
2400, 913285, 0, 0, 0
2500, 910946, 0, 0, 0
2600, 898075, 0, 0, 0
2700, 841652, 0, 0, 0
2800, 883902, 0, 0, 0
2900, 906506, 0, 0, 0
3000, 864881, 0, 0, 0
3100, 913387, 0, 0, 0
3200, 916992, 0, 0, 0
3300, 894689, 0, 0, 0
3400, 926079, 0, 0, 0
3500, 925201, 0, 0, 0
3600, 846406, 0, 0, 0
3700, 930591, 0, 0, 0
3800, 908250, 0, 0, 0
3900, 922062, 0, 0, 0
4001, 929514, 0, 0, 0
4100, 885020, 0, 0, 0
4200, 883290, 0, 0, 0
4300, 905777, 0, 0, 0
4400, 840491, 0, 0, 0
4500, 883232, 0, 0, 0
4600, 964041, 0, 0, 0
4700, 948179, 0, 0, 0
4800, 887043, 0, 0, 0
4900, 901312, 0, 0, 0
5000, 923771, 0, 0, 0
5101, 920553, 0, 0, 0
5200, 914540, 0, 0, 0
5300, 853651, 0, 0, 0
5400, 883149, 0, 0, 0
5500, 904194, 0, 0, 0
5600, 871830, 0, 0, 0
5700, 935284, 0, 0, 0
5800, 978822, 0, 0, 0
5900, 932273, 0, 0, 0
6000, 898743, 0, 0, 0
6100, 858394, 0, 0, 0
6200, 905131, 0, 0, 0
6300, 888076, 0, 0, 0
6400, 893574, 0, 0, 0
6500, 910089, 0, 0, 0
6600, 951608, 0, 0, 0
6700, 931964, 0, 0, 0
6800, 911299, 0, 0, 0
6900, 943217, 0, 0, 0
7000, 903117, 0, 0, 0
7100, 874774, 0, 0, 0
7200, 957783, 0, 0, 0
7300, 874237, 0, 0, 0
7400, 896704, 0, 0, 0
7500, 909669, 0, 0, 0
7600, 825664, 0, 0, 0
7700, 912555, 0, 0, 0
7801, 890237, 0, 0, 0
7900, 866732, 0, 0, 0
8000, 928454, 0, 0, 0
8100, 900472, 0, 0, 0
8200, 842308, 0, 0, 0
8300, 946450, 0, 0, 0
8401, 908265, 0, 0, 0
8500, 891899, 0, 0, 0
8600, 910567, 0, 0, 0
8700, 1006462, 0, 0, 0
8800, 957565, 0, 0, 0
8900, 945763, 0, 0, 0
9000, 919109, 0, 0, 0
9100, 878253, 0, 0, 0
9200, 971388, 0, 0, 0
9300, 895693, 0, 0, 0
9400, 839701, 0, 0, 0
9500, 923546, 0, 0, 0
9600, 920441, 0, 0, 0
9700, 895847, 0, 0, 0
9800, 869964, 0, 0, 0
9900, 862905, 0, 0, 0
10000, 926147, 0, 0, 0
10100, 900277, 0, 0, 0
10200, 947129, 0, 0, 0
10300, 903945, 0, 0, 0
10400, 955251, 0, 0, 0
10500, 853745, 0, 0, 0
10600, 940397, 0, 0, 0
10700, 937726, 0, 0, 0
10800, 917381, 0, 0, 0
10900, 913410, 0, 0, 0
11000, 980332, 0, 0, 0
11100, 926258, 0, 0, 0
11200, 902008, 0, 0, 0
11300, 846791, 0, 0, 0
11400, 858384, 0, 0, 0
11500, 933281, 0, 0, 0
11600, 917897, 0, 0, 0
11700, 863755, 0, 0, 0
11801, 921172, 0, 0, 0
11900, 872715, 0, 0, 0
12000, 857774, 0, 0, 0
12100, 847450, 0, 0, 0
12200, 901720, 0, 0, 0
12300, 914323, 0, 0, 0
12400, 893251, 0, 0, 0
12500, 918668, 0, 0, 0
12600, 882569, 0, 0, 0
12700, 911717, 0, 0, 0
12800, 865816, 0, 0, 0
12900, 866963, 0, 0, 0
13000, 856594, 0, 0, 0
13100, 874693, 0, 0, 0
13200, 967246, 0, 0, 0
13300, 928264, 0, 0, 0
13400, 923042, 0, 0, 0
13500, 905430, 0, 0, 0
13600, 875716, 0, 0, 0
13700, 875922, 0, 0, 0
13800, 925118, 0, 0, 0
13900, 893701, 0, 0, 0
14000, 860155, 0, 0, 0
14100, 851884, 0, 0, 0
14200, 904571, 0, 0, 0
14300, 857401, 0, 0, 0
14401, 969188, 0, 0, 0
14501, 892068, 0, 0, 0
14600, 912725, 0, 0, 0
14700, 936411, 0, 0, 0
14800, 914341, 0, 0, 0
14900, 916464, 0, 0, 0
15001, 888913, 0, 0, 0
15100, 909313, 0, 0, 0
15200, 933777, 0, 0, 0
15300, 898451, 0, 0, 0
15400, 931508, 0, 0, 0
15501, 919807, 0, 0, 0
15600, 946271, 0, 0, 0
15700, 859488, 0, 0, 0
15800, 953821, 0, 0, 0
15900, 889441, 0, 0, 0
16000, 885547, 0, 0, 0
16100, 953597, 0, 0, 0
16200, 911467, 0, 0, 0
16300, 920425, 0, 0, 0
16400, 857224, 0, 0, 0
16500, 965639, 0, 0, 0
16600, 892491, 0, 0, 0
16700, 870482, 0, 0, 0
16800, 927860, 0, 0, 0
16900, 911329, 0, 0, 0
17000, 909374, 0, 0, 0
17100, 912056, 0, 0, 0
17200, 908298, 0, 0, 0
17300, 888005, 0, 0, 0
17400, 935537, 0, 0, 0
17500, 836953, 0, 0, 0
17600, 900314, 0, 0, 0
17700, 832850, 0, 0, 0
17800, 858658, 0, 0, 0
17900, 853569, 0, 0, 0
18000, 862298, 0, 0, 0
18100, 926564, 0, 0, 0
18200, 922231, 0, 0, 0
18300, 937780, 0, 0, 0
18400, 984110, 0, 0, 0
18500, 920299, 0, 0, 0
18600, 961592, 0, 0, 0
18700, 911589, 0, 0, 0
18800, 876577, 0, 0, 0
18900, 891744, 0, 0, 0
19001, 934655, 0, 0, 0
19100, 852470, 0, 0, 0
19200, 981955, 0, 0, 0
19300, 927685, 0, 0, 0
19400, 926274, 0, 0, 0
19500, 861244, 0, 0, 0
19600, 922192, 0, 0, 0
19700, 886811, 0, 0, 0
19800, 928196, 0, 0, 0
19901, 863696, 0, 0, 0
20000, 895680, 0, 0, 0
20100, 910143, 0, 0, 0
20200, 873278, 0, 0, 0
20300, 902901, 0, 0, 0
20400, 908293, 0, 0, 0
20500, 910638, 0, 0, 0
20600, 898911, 0, 0, 0
20700, 881952, 0, 0, 0
20801, 923548, 0, 0, 0
20900, 895192, 0, 0, 0
21000, 854835, 0, 0, 0
21100, 932066, 0, 0, 0
21200, 909746, 0, 0, 0
21300, 949298, 0, 0, 0
21400, 880593, 0, 0, 0
21500, 908938, 0, 0, 0
21600, 922148, 0, 0, 0
21700, 924932, 0, 0, 0
21800, 926865, 0, 0, 0
21900, 913277, 0, 0, 0
22000, 851273, 0, 0, 0
22100, 868916, 0, 0, 0
22200, 888643, 0, 0, 0
22300, 919879, 0, 0, 0
22400, 928743, 0, 0, 0
22500, 881346, 0, 0, 0
22600, 878981, 0, 0, 0
22700, 979547, 0, 0, 0
22800, 902874, 0, 0, 0
22900, 935144, 0, 0, 0
23000, 877639, 0, 0, 0
23100, 919776, 0, 0, 0
23200, 892998, 0, 0, 0
23300, 822324, 0, 0, 0
23400, 887140, 0, 0, 0
23501, 909175, 0, 0, 0
23600, 888011, 0, 0, 0
23700, 855288, 0, 0, 0
23800, 1036915, 0, 0, 0
23900, 942698, 0, 0, 0
24000, 947690, 0, 0, 0
24100, 919688, 0, 0, 0
24200, 884565, 0, 0, 0
24300, 908044, 0, 0, 0
24400, 966123, 0, 0, 0
24500, 888903, 0, 0, 0
24600, 895828, 0, 0, 0
24700, 899195, 0, 0, 0
24800, 927897, 0, 0, 0
24900, 897991, 0, 0, 0
25000, 931905, 0, 0, 0
25100, 885154, 0, 0, 0
25200, 924626, 0, 0, 0
25300, 929450, 0, 0, 0
25400, 911130, 0, 0, 0
25500, 897663, 0, 0, 0
25600, 916905, 0, 0, 0
25700, 915301, 0, 0, 0
25800, 896962, 0, 0, 0
25900, 983287, 0, 0, 0
26000, 849618, 0, 0, 0
26100, 889508, 0, 0, 0
26200, 868763, 0, 0, 0
26300, 871450, 0, 0, 0
26400, 897235, 0, 0, 0
26500, 947116, 0, 0, 0
26600, 910527, 0, 0, 0
26700, 915977, 0, 0, 0
26800, 968799, 0, 0, 0
26900, 839514, 0, 0, 0
27000, 885885, 0, 0, 0
27100, 869868, 0, 0, 0
27200, 891236, 0, 0, 0
27300, 928605, 0, 0, 0
27400, 977327, 0, 0, 0
27500, 895302, 0, 0, 0
27600, 924100, 0, 0, 0
27700, 924200, 0, 0, 0
27800, 927794, 0, 0, 0
27900, 862530, 0, 0, 0
28000, 941054, 0, 0, 0
28100, 889714, 0, 0, 0
28200, 887781, 0, 0, 0
28300, 904007, 0, 0, 0
28400, 891503, 0, 0, 0
28500, 909670, 0, 0, 0
28600, 929381, 0, 0, 0
28700, 915357, 0, 0, 0
28800, 848001, 0, 0, 0
28900, 914010, 0, 0, 0
29000, 925731, 0, 0, 0
29100, 870100, 0, 0, 0
29200, 873389, 0, 0, 0
29300, 892589, 0, 0, 0
29400, 930619, 0, 0, 0
29500, 873464, 0, 0, 0
29600, 994412, 0, 0, 0
29700, 901306, 0, 0, 0
29800, 915221, 0, 0, 0
29900, 906027, 0, 0, 0
30000, 1000364, 0, 0, 0
30100, 1006968, 0, 0, 0
30200, 907285, 0, 0, 0
30300, 937893, 0, 0, 0
30400, 888178, 0, 0, 0
30500, 858289, 0, 0, 0
30600, 974437, 0, 0, 0
30700, 982685, 0, 0, 0
30800, 891127, 0, 0, 0
30900, 1033819, 0, 0, 0
31000, 904359, 0, 0, 0
31100, 904967, 0, 0, 0
31200, 900384, 0, 0, 0
31300, 944778, 0, 0, 0
31400, 898940, 0, 0, 0
31500, 931840, 0, 0, 0
31600, 897809, 0, 0, 0
31700, 910461, 0, 0, 0
31800, 868265, 0, 0, 0
31900, 944729, 0, 0, 0
32000, 884584, 0, 0, 0
32100, 901723, 0, 0, 0
32200, 919078, 0, 0, 0
32300, 934213, 0, 0, 0
32400, 861880, 0, 0, 0
32501, 947120, 0, 0, 0
32600, 864694, 0, 0, 0
32700, 928936, 0, 0, 0
32800, 917809, 0, 0, 0
32900, 844314, 0, 0, 0
33000, 892973, 0, 0, 0
33100, 942762, 0, 0, 0
33200, 891117, 0, 0, 0
33300, 928930, 0, 0, 0
33400, 937737, 0, 0, 0
33500, 864795, 0, 0, 0
33600, 913951, 0, 0, 0
33700, 958420, 0, 0, 0
33800, 863438, 0, 0, 0
33900, 881851, 0, 0, 0
34000, 889310, 0, 0, 0
34100, 903592, 0, 0, 0
34200, 930314, 0, 0, 0
34300, 919979, 0, 0, 0
34400, 1022008, 0, 0, 0
34500, 899859, 0, 0, 0
34601, 931402, 0, 0, 0
34700, 909360, 0, 0, 0
34800, 893354, 0, 0, 0
34900, 919440, 0, 0, 0
35000, 889929, 0, 0, 0
35100, 928997, 0, 0, 0
35200, 858106, 0, 0, 0
35300, 918936, 0, 0, 0
35400, 979020, 0, 0, 0
35500, 931783, 0, 0, 0
35600, 921114, 0, 0, 0
35700, 967264, 0, 0, 0
35800, 872417, 0, 0, 0
35900, 872605, 0, 0, 0
36000, 854094, 0, 0, 0
36100, 896431, 0, 0, 0
36200, 823960, 0, 0, 0
36300, 854967, 0, 0, 0
36400, 880360, 0, 0, 0
36500, 909839, 0, 0, 0
36601, 938550, 0, 0, 0
36700, 939988, 0, 0, 0
36800, 915197, 0, 0, 0
36900, 891704, 0, 0, 0
37000, 869607, 0, 0, 0
37100, 889281, 0, 0, 0
37200, 990357, 0, 0, 0
37300, 947982, 0, 0, 0
37400, 844513, 0, 0, 0
37500, 935144, 0, 0, 0
37600, 884138, 0, 0, 0
37701, 963739, 0, 0, 0
37800, 899856, 0, 0, 0
37900, 868659, 0, 0, 0
38000, 963930, 0, 0, 0
38100, 847913, 0, 0, 0
38200, 935839, 0, 0, 0
38300, 960159, 0, 0, 0
38400, 966350, 0, 0, 0
38500, 952836, 0, 0, 0
38600, 888379, 0, 0, 0
38700, 878900, 0, 0, 0
38800, 931301, 0, 0, 0
38900, 932375, 0, 0, 0
39000, 930678, 0, 0, 0
39100, 941795, 0, 0, 0
39200, 891284, 0, 0, 0
39300, 909792, 0, 0, 0
39400, 957743, 0, 0, 0
39500, 954036, 0, 0, 0
39600, 943325, 0, 0, 0
39700, 891512, 0, 0, 0
39800, 968953, 0, 0, 0
39900, 875943, 0, 0, 0
40000, 859665, 0, 0, 0
40100, 896767, 0, 0, 0
40200, 898469, 0, 0, 0
40300, 809872, 0, 0, 0
40400, 904650, 0, 0, 0
40500, 914958, 0, 0, 0
40600, 1029872, 0, 0, 0
40700, 956469, 0, 0, 0
40800, 906227, 0, 0, 0
40900, 910334, 0, 0, 0
41000, 892553, 0, 0, 0
41100, 852704, 0, 0, 0
41200, 898434, 0, 0, 0
41300, 897663, 0, 0, 0
41400, 941274, 0, 0, 0
41500, 949645, 0, 0, 0
41600, 913162, 0, 0, 0
41701, 911935, 0, 0, 0
41800, 853617, 0, 0, 0
41900, 889093, 0, 0, 0
42000, 902679, 0, 0, 0
42100, 972184, 0, 0, 0
42200, 935371, 0, 0, 0
42300, 913781, 0, 0, 0
42400, 895269, 0, 0, 0
42501, 913744, 0, 0, 0
42600, 908652, 0, 0, 0
42700, 883941, 0, 0, 0
42800, 894022, 0, 0, 0
42900, 948563, 0, 0, 0
43000, 905226, 0, 0, 0
43100, 994871, 0, 0, 0
43200, 917920, 0, 0, 0
43300, 890476, 0, 0, 0
43400, 933767, 0, 0, 0
43500, 942785, 0, 0, 0
43600, 862106, 0, 0, 0
43700, 840919, 0, 0, 0
43800, 957597, 0, 0, 0
43900, 926763, 0, 0, 0
44000, 910914, 0, 0, 0
44100, 874252, 0, 0, 0
44200, 916310, 0, 0, 0
44301, 864080, 0, 0, 0
44400, 951830, 0, 0, 0
44500, 931992, 0, 0, 0
44600, 890050, 0, 0, 0
44700, 904106, 0, 0, 0
44800, 884614, 0, 0, 0
44900, 914695, 0, 0, 0
45000, 943452, 0, 0, 0
45100, 884022, 0, 0, 0
45200, 902201, 0, 0, 0
45300, 922389, 0, 0, 0
45400, 957040, 0, 0, 0
45500, 892655, 0, 0, 0
45600, 917865, 0, 0, 0
45700, 949014, 0, 0, 0
45800, 912198, 0, 0, 0
45900, 906560, 0, 0, 0
46000, 888802, 0, 0, 0
46100, 857280, 0, 0, 0
46201, 879590, 0, 0, 0
46300, 908853, 0, 0, 0
46400, 916720, 0, 0, 0
46500, 881152, 0, 0, 0
46600, 932686, 0, 0, 0
46700, 910259, 0, 0, 0
46800, 905845, 0, 0, 0
46900, 927501, 0, 0, 0
47000, 868999, 0, 0, 0
47101, 874106, 0, 0, 0
47200, 867495, 0, 0, 0
47300, 897639, 0, 0, 0
47400, 853986, 0, 0, 0
47500, 890036, 0, 0, 0
47600, 907031, 0, 0, 0
47700, 870032, 0, 0, 0
47800, 876516, 0, 0, 0
47900, 880727, 0, 0, 0
48000, 894439, 0, 0, 0
48100, 855697, 0, 0, 0
48200, 900996, 0, 0, 0
48300, 871312, 0, 0, 0
48400, 883960, 0, 0, 0
48500, 922414, 0, 0, 0
48600, 944074, 0, 0, 0
48700, 922993, 0, 0, 0
48800, 868759, 0, 0, 0
48900, 880549, 0, 0, 0
49000, 908384, 0, 0, 0
49100, 922365, 0, 0, 0
49200, 939731, 0, 0, 0
49300, 908237, 0, 0, 0
49400, 982692, 0, 0, 0
49500, 933032, 0, 0, 0
49600, 903806, 0, 0, 0
49700, 907298, 0, 0, 0
49800, 927062, 0, 0, 0
49900, 907885, 0, 0, 0
50000, 1052147, 0, 0, 0
50100, 914908, 0, 0, 0
50200, 890648, 0, 0, 0
50300, 918614, 0, 0, 0
50400, 862364, 0, 0, 0
50500, 900398, 0, 0, 0
50601, 901147, 0, 0, 0
50700, 907089, 0, 0, 0
50800, 927716, 0, 0, 0
50900, 907798, 0, 0, 0
51000, 895674, 0, 0, 0
51100, 932886, 0, 0, 0
51200, 922427, 0, 0, 0
51300, 917017, 0, 0, 0
51400, 963605, 0, 0, 0
51501, 914689, 0, 0, 0
51600, 871078, 0, 0, 0
51700, 932247, 0, 0, 0
51800, 915645, 0, 0, 0
51900, 876767, 0, 0, 0
52000, 898440, 0, 0, 0
52100, 887252, 0, 0, 0
52200, 870923, 0, 0, 0
52300, 945640, 0, 0, 0
52400, 902432, 0, 0, 0
52500, 891624, 0, 0, 0
52600, 916555, 0, 0, 0
52700, 920700, 0, 0, 0
52800, 885250, 0, 0, 0
52900, 896513, 0, 0, 0
53000, 950823, 0, 0, 0
53100, 881465, 0, 0, 0
53200, 877562, 0, 0, 0
53300, 899044, 0, 0, 0
53400, 980702, 0, 0, 0
53500, 885880, 0, 0, 0
53600, 1004607, 0, 0, 0
53700, 895902, 0, 0, 0
53800, 934641, 0, 0, 0
53900, 965632, 0, 0, 0
54000, 849572, 0, 0, 0
54100, 898112, 0, 0, 0
54200, 874851, 0, 0, 0
54300, 907179, 0, 0, 0
54400, 882650, 0, 0, 0
54500, 955506, 0, 0, 0
54601, 928568, 0, 0, 0
54700, 868011, 0, 0, 0
54800, 957404, 0, 0, 0
54900, 939769, 0, 0, 0
55000, 884611, 0, 0, 0
55100, 880700, 0, 0, 0
55200, 1001158, 0, 0, 0
55300, 916072, 0, 0, 0
55400, 922523, 0, 0, 0
55500, 842561, 0, 0, 0
55600, 923656, 0, 0, 0
55700, 946765, 0, 0, 0
55800, 910040, 0, 0, 0
55900, 887159, 0, 0, 0
56000, 953122, 0, 0, 0
56100, 863369, 0, 0, 0
56200, 935646, 0, 0, 0
56300, 875636, 0, 0, 0
56400, 914326, 0, 0, 0
56500, 871591, 0, 0, 0
56600, 886103, 0, 0, 0
56700, 869315, 0, 0, 0
56800, 878915, 0, 0, 0
56900, 937791, 0, 0, 0
57000, 887501, 0, 0, 0
57100, 879078, 0, 0, 0
57200, 944046, 0, 0, 0
57300, 874499, 0, 0, 0
57400, 903241, 0, 0, 0
57500, 954976, 0, 0, 0
57600, 932938, 0, 0, 0
57700, 958111, 0, 0, 0
57800, 900720, 0, 0, 0
57900, 939516, 0, 0, 0
58000, 896166, 0, 0, 0
58100, 921121, 0, 0, 0
58200, 921177, 0, 0, 0
58300, 953297, 0, 0, 0
58400, 965050, 0, 0, 0
58500, 851935, 0, 0, 0
58600, 869202, 0, 0, 0
58700, 923904, 0, 0, 0
58800, 937560, 0, 0, 0
58900, 952074, 0, 0, 0
59000, 986236, 0, 0, 0
59101, 946143, 0, 0, 0
59200, 891194, 0, 0, 0
59300, 870500, 0, 0, 0
59400, 960983, 0, 0, 0
59500, 899735, 0, 0, 0
59600, 916893, 0, 0, 0
59700, 878173, 0, 0, 0
59800, 895880, 0, 0, 0
59900, 888497, 0, 0, 0
60000, 783588, 0, 0, 0
