250, 632, 0, 0, 0
350, 590, 0, 0, 0
450, 590, 0, 0, 0
550, 620, 0, 0, 0
650, 670, 0, 0, 0
749, 626, 0, 0, 0
849, 570, 0, 0, 0
949, 650, 0, 0, 0
1050, 640, 0, 0, 0
1150, 600, 0, 0, 0
1249, 656, 0, 0, 0
1349, 620, 0, 0, 0
1449, 580, 0, 0, 0
1549, 660, 0, 0, 0
1649, 650, 0, 0, 0
1750, 630, 0, 0, 0
1850, 660, 0, 0, 0
1950, 650, 0, 0, 0
2050, 650, 0, 0, 0
2150, 630, 0, 0, 0
2249, 686, 0, 0, 0
2349, 650, 0, 0, 0
2449, 620, 0, 0, 0
2549, 610, 0, 0, 0
2650, 630, 0, 0, 0
2749, 666, 0, 0, 0
2849, 660, 0, 0, 0
2949, 650, 0, 0, 0
3049, 640, 0, 0, 0
3149, 620, 0, 0, 0
3249, 640, 0, 0, 0
3350, 690, 0, 0, 0
3450, 610, 0, 0, 0
3550, 630, 0, 0, 0
3650, 570, 0, 0, 0
3749, 646, 0, 0, 0
3849, 640, 0, 0, 0
3949, 670, 0, 0, 0
4049, 640, 0, 0, 0
4150, 670, 0, 0, 0
4250, 630, 0, 0, 0
4350, 620, 0, 0, 0
4450, 600, 0, 0, 0
4550, 660, 0, 0, 0
4650, 620, 0, 0, 0
4749, 565, 0, 0, 0
4849, 600, 0, 0, 0
4949, 700, 0, 0, 0
5050, 650, 0, 0, 0
5150, 660, 0, 0, 0
5249, 606, 0, 0, 0
5349, 660, 0, 0, 0
5449, 680, 0, 0, 0
5549, 670, 0, 0, 0
5649, 600, 0, 0, 0
5749, 650, 0, 0, 0
5850, 610, 0, 0, 0
5950, 680, 0, 0, 0
6050, 670, 0, 0, 0
6150, 670, 0, 0, 0
6249, 666, 0, 0, 0
6349, 630, 0, 0, 0
6449, 660, 0, 0, 0
6549, 580, 0, 0, 0
6649, 610, 0, 0, 0
6750, 640, 0, 0, 0
6850, 610, 0, 0, 0
6950, 630, 0, 0, 0
7050, 640, 0, 0, 0
7150, 650, 0, 0, 0
7249, 585, 0, 0, 0
7349, 610, 0, 0, 0
7449, 590, 0, 0, 0
7550, 660, 0, 0, 0
7650, 630, 0, 0, 0
7749, 646, 0, 0, 0
7849, 570, 0, 0, 0
7949, 600, 0, 0, 0
8049, 680, 0, 0, 0
8149, 650, 0, 0, 0
8249, 620, 0, 0, 0
8350, 660, 0, 0, 0
8450, 630, 0, 0, 0
8550, 640, 0, 0, 0
8650, 660, 0, 0, 0
8749, 616, 0, 0, 0
8849, 640, 0, 0, 0
8949, 630, 0, 0, 0
9049, 620, 0, 0, 0
9150, 690, 0, 0, 0
9249, 555, 0, 0, 0
9349, 580, 0, 0, 0
9449, 670, 0, 0, 0
9549, 680, 0, 0, 0
9649, 610, 0, 0, 0
9749, 660, 0, 0, 0
9849, 630, 0, 0, 0
9949, 610, 0, 0, 0
10050, 640, 0, 0, 0
10150, 650, 0, 0, 0
10249, 636, 0, 0, 0
10349, 590, 0, 0, 0
10449, 600, 0, 0, 0
10549, 620, 0, 0, 0
10649, 620, 0, 0, 0
10749, 670, 0, 0, 0
10850, 640, 0, 0, 0
10950, 650, 0, 0, 0
11050, 650, 0, 0, 0
11150, 590, 0, 0, 0
11249, 616, 0, 0, 0
11349, 620, 0, 0, 0
11449, 650, 0, 0, 0
11549, 590, 0, 0, 0
11650, 690, 0, 0, 0
11749, 616, 0, 0, 0
11849, 640, 0, 0, 0
11949, 650, 0, 0, 0
12049, 630, 0, 0, 0
12149, 620, 0, 0, 0
12249, 550, 0, 0, 0
12349, 580, 0, 0, 0
12449, 640, 0, 0, 0
12550, 620, 0, 0, 0
12650, 600, 0, 0, 0
12749, 636, 0, 0, 0
12849, 620, 0, 0, 0
12949, 630, 0, 0, 0
13049, 640, 0, 0, 0
13149, 720, 0, 0, 0
13250, 640, 0, 0, 0
13350, 610, 0, 0, 0
13450, 620, 0, 0, 0
13550, 630, 0, 0, 0
13650, 580, 0, 0, 0
13749, 646, 0, 0, 0
13849, 620, 0, 0, 0
13949, 650, 0, 0, 0
14050, 610, 0, 0, 0
14150, 630, 0, 0, 0
14249, 616, 0, 0, 0
14349, 630, 0, 0, 0
14449, 600, 0, 0, 0
14549, 600, 0, 0, 0
14649, 600, 0, 0, 0
14749, 660, 0, 0, 0
14849, 630, 0, 0, 0
14950, 630, 0, 0, 0
15050, 690, 0, 0, 0
15150, 660, 0, 0, 0
15249, 636, 0, 0, 0
15349, 620, 0, 0, 0
15449, 650, 0, 0, 0
15549, 630, 0, 0, 0
15649, 690, 0, 0, 0
15750, 630, 0, 0, 0
15850, 650, 0, 0, 0
15950, 630, 0, 0, 0
16050, 620, 0, 0, 0
16150, 650, 0, 0, 0
16249, 666, 0, 0, 0
16349, 610, 0, 0, 0
16449, 670, 0, 0, 0
16550, 610, 0, 0, 0
16650, 610, 0, 0, 0
16749, 676, 0, 0, 0
16849, 610, 0, 0, 0
16949, 580, 0, 0, 0
17049, 650, 0, 0, 0
17149, 620, 0, 0, 0
17249, 680, 0, 0, 0
17349, 680, 0, 0, 0
17450, 620, 0, 0, 0
17550, 660, 0, 0, 0
17650, 600, 0, 0, 0
17749, 606, 0, 0, 0
17849, 650, 0, 0, 0
17949, 630, 0, 0, 0
18049, 620, 0, 0, 0
18149, 680, 0, 0, 0
18250, 650, 0, 0, 0
18350, 650, 0, 0, 0
18450, 630, 0, 0, 0
18550, 620, 0, 0, 0
18650, 640, 0, 0, 0
18749, 646, 0, 0, 0
18849, 600, 0, 0, 0
18949, 660, 0, 0, 0
19049, 630, 0, 0, 0
19149, 730, 0, 0, 0
19250, 620, 0, 0, 0
19350, 690, 0, 0, 0
19450, 610, 0, 0, 0
19550, 620, 0, 0, 0
19650, 690, 0, 0, 0
19749, 676, 0, 0, 0
19849, 620, 0, 0, 0
19949, 670, 0, 0, 0
20050, 630, 0, 0, 0
20150, 650, 0, 0, 0
20249, 616, 0, 0, 0
20349, 600, 0, 0, 0
20449, 680, 0, 0, 0
20549, 620, 0, 0, 0
20649, 650, 0, 0, 0
20750, 630, 0, 0, 0
20850, 620, 0, 0, 0
20950, 640, 0, 0, 0
21050, 590, 0, 0, 0
21150, 640, 0, 0, 0
21249, 585, 0, 0, 0
21349, 630, 0, 0, 0
21449, 580, 0, 0, 0
21550, 620, 0, 0, 0
21650, 670, 0, 0, 0
21749, 636, 0, 0, 0
21849, 580, 0, 0, 0
21949, 610, 0, 0, 0
22049, 610, 0, 0, 0
22149, 660, 0, 0, 0
22249, 610, 0, 0, 0
22349, 660, 0, 0, 0
22450, 610, 0, 0, 0
22550, 560, 0, 0, 0
22650, 650, 0, 0, 0
22749, 636, 0, 0, 0
22849, 570, 0, 0, 0
22949, 640, 0, 0, 0
23049, 680, 0, 0, 0
23149, 630, 0, 0, 0
23250, 660, 0, 0, 0
23350, 640, 0, 0, 0
23450, 660, 0, 0, 0
23550, 630, 0, 0, 0
23650, 620, 0, 0, 0
23749, 545, 0, 0, 0
23849, 650, 0, 0, 0
23949, 680, 0, 0, 0
24050, 610, 0, 0, 0
24150, 620, 0, 0, 0
24249, 626, 0, 0, 0
24349, 620, 0, 0, 0
24449, 620, 0, 0, 0
24549, 640, 0, 0, 0
24649, 600, 0, 0, 0
24749, 660, 0, 0, 0
24850, 650, 0, 0, 0
24950, 660, 0, 0, 0
25050, 660, 0, 0, 0
25150, 600, 0, 0, 0
25249, 636, 0, 0, 0
25349, 620, 0, 0, 0
25449, 610, 0, 0, 0
25549, 660, 0, 0, 0
25650, 660, 0, 0, 0
25750, 570, 0, 0, 0
25850, 680, 0, 0, 0
25950, 640, 0, 0, 0
26050, 640, 0, 0, 0
26150, 590, 0, 0, 0
26249, 656, 0, 0, 0
26349, 630, 0, 0, 0
26449, 670, 0, 0, 0
26550, 660, 0, 0, 0
26650, 680, 0, 0, 0
26749, 616, 0, 0, 0
26849, 540, 0, 0, 0
26949, 660, 0, 0, 0
27049, 610, 0, 0, 0
27149, 630, 0, 0, 0
27249, 670, 0, 0, 0
27350, 580, 0, 0, 0
27450, 650, 0, 0, 0
27550, 590, 0, 0, 0
27650, 630, 0, 0, 0
27749, 676, 0, 0, 0
27849, 650, 0, 0, 0
27949, 620, 0, 0, 0
28049, 610, 0, 0, 0
28150, 630, 0, 0, 0
28250, 670, 0, 0, 0
28350, 630, 0, 0, 0
28450, 650, 0, 0, 0
28550, 590, 0, 0, 0
28650, 640, 0, 0, 0
28749, 646, 0, 0, 0
28849, 630, 0, 0, 0
28949, 690, 0, 0, 0
29050, 650, 0, 0, 0
29150, 620, 0, 0, 0
29249, 616, 0, 0, 0
29349, 640, 0, 0, 0
29449, 630, 0, 0, 0
29549, 660, 0, 0, 0
29649, 630, 0, 0, 0
29750, 660, 0, 0, 0
29850, 700, 0, 0, 0
29950, 630, 0, 0, 0
30050, 650, 0, 0, 0
30150, 570, 0, 0, 0
30249, 626, 0, 0, 0
30349, 640, 0, 0, 0
30449, 670, 0, 0, 0
30549, 650, 0, 0, 0
30650, 640, 0, 0, 0
30750, 580, 0, 0, 0
30850, 610, 0, 0, 0
30950, 680, 0, 0, 0
31050, 630, 0, 0, 0
31150, 630, 0, 0, 0
31249, 686, 0, 0, 0
31349, 610, 0, 0, 0
31450, 580, 0, 0, 0
31550, 590, 0, 0, 0
31650, 650, 0, 0, 0
31749, 727, 0, 0, 0
31849, 670, 0, 0, 0
31949, 610, 0, 0, 0
32049, 660, 0, 0, 0
32149, 660, 0, 0, 0
32250, 550, 0, 0, 0
32350, 650, 0, 0, 0
32450, 720, 0, 0, 0
32550, 600, 0, 0, 0
32650, 640, 0, 0, 0
32749, 636, 0, 0, 0
32849, 570, 0, 0, 0
32949, 610, 0, 0, 0
33050, 630, 0, 0, 0
33150, 670, 0, 0, 0
33249, 666, 0, 0, 0
33349, 620, 0, 0, 0
33449, 660, 0, 0, 0
33549, 650, 0, 0, 0
33649, 650, 0, 0, 0
33750, 620, 0, 0, 0
33850, 560, 0, 0, 0
33950, 640, 0, 0, 0
34050, 590, 0, 0, 0
34150, 660, 0, 0, 0
34249, 616, 0, 0, 0
34349, 590, 0, 0, 0
34449, 650, 0, 0, 0
34550, 690, 0, 0, 0
34650, 650, 0, 0, 0
34749, 626, 0, 0, 0
34849, 620, 0, 0, 0
34949, 590, 0, 0, 0
35049, 630, 0, 0, 0
35149, 610, 0, 0, 0
35249, 660, 0, 0, 0
35349, 690, 0, 0, 0
35450, 640, 0, 0, 0
35550, 640, 0, 0, 0
35650, 710, 0, 0, 0
35749, 606, 0, 0, 0
35849, 610, 0, 0, 0
35949, 660, 0, 0, 0
36049, 670, 0, 0, 0
36149, 650, 0, 0, 0
36250, 570, 0, 0, 0
36350, 720, 0, 0, 0
36450, 620, 0, 0, 0
36550, 660, 0, 0, 0
36650, 660, 0, 0, 0
36749, 686, 0, 0, 0
36849, 640, 0, 0, 0
36950, 680, 0, 0, 0
37050, 630, 0, 0, 0
37150, 650, 0, 0, 0
37249, 656, 0, 0, 0
37349, 650, 0, 0, 0
37449, 690, 0, 0, 0
37549, 580, 0, 0, 0
37649, 680, 0, 0, 0
37750, 580, 0, 0, 0
37850, 630, 0, 0, 0
37950, 660, 0, 0, 0
38050, 620, 0, 0, 0
38150, 620, 0, 0, 0
38249, 606, 0, 0, 0
38349, 620, 0, 0, 0
38449, 610, 0, 0, 0
38550, 690, 0, 0, 0
38650, 610, 0, 0, 0
38749, 606, 0, 0, 0
38849, 640, 0, 0, 0
38949, 640, 0, 0, 0
39049, 660, 0, 0, 0
39149, 600, 0, 0, 0
39249, 590, 0, 0, 0
39350, 630, 0, 0, 0
39450, 630, 0, 0, 0
39550, 680, 0, 0, 0
39650, 660, 0, 0, 0
39749, 626, 0, 0, 0
39849, 630, 0, 0, 0
39949, 640, 0, 0, 0
40049, 570, 0, 0, 0
40149, 630, 0, 0, 0
40250, 650, 0, 0, 0
40350, 670, 0, 0, 0
40450, 610, 0, 0, 0
40550, 600, 0, 0, 0
40650, 610, 0, 0, 0
40749, 616, 0, 0, 0
40849, 650, 0, 0, 0
40949, 610, 0, 0, 0
41050, 640, 0, 0, 0
41150, 610, 0, 0, 0
41249, 565, 0, 0, 0
41349, 640, 0, 0, 0
41449, 660, 0, 0, 0
41549, 600, 0, 0, 0
41649, 670, 0, 0, 0
41749, 670, 0, 0, 0
41849, 640, 0, 0, 0
41950, 650, 0, 0, 0
42050, 640, 0, 0, 0
42150, 610, 0, 0, 0
42249, 616, 0, 0, 0
42349, 660, 0, 0, 0
42449, 630, 0, 0, 0
42549, 670, 0, 0, 0
42649, 640, 0, 0, 0
42750, 610, 0, 0, 0
42850, 630, 0, 0, 0
42950, 600, 0, 0, 0
43050, 620, 0, 0, 0
43150, 670, 0, 0, 0
43249, 626, 0, 0, 0
43349, 610, 0, 0, 0
43449, 600, 0, 0, 0
43550, 640, 0, 0, 0
43650, 600, 0, 0, 0
43749, 666, 0, 0, 0
43849, 660, 0, 0, 0
43949, 530, 0, 0, 0
44049, 630, 0, 0, 0
44149, 610, 0, 0, 0
44250, 620, 0, 0, 0
44350, 600, 0, 0, 0
44450, 630, 0, 0, 0
44550, 600, 0, 0, 0
44650, 650, 0, 0, 0
44749, 656, 0, 0, 0
44849, 580, 0, 0, 0
44949, 670, 0, 0, 0
45050, 670, 0, 0, 0
45150, 650, 0, 0, 0
45249, 646, 0, 0, 0
45349, 610, 0, 0, 0
45449, 630, 0, 0, 0
45549, 700, 0, 0, 0
45649, 590, 0, 0, 0
45749, 570, 0, 0, 0
45849, 670, 0, 0, 0
45950, 620, 0, 0, 0
46050, 700, 0, 0, 0
46150, 600, 0, 0, 0
46249, 636, 0, 0, 0
46349, 660, 0, 0, 0
46449, 610, 0, 0, 0
46549, 670, 0, 0, 0
46649, 640, 0, 0, 0
46750, 640, 0, 0, 0
46850, 660, 0, 0, 0
46950, 630, 0, 0, 0
47050, 660, 0, 0, 0
47150, 710, 0, 0, 0
47249, 616, 0, 0, 0
47349, 730, 0, 0, 0
47449, 650, 0, 0, 0
47550, 630, 0, 0, 0
47650, 670, 0, 0, 0
47749, 606, 0, 0, 0
47849, 640, 0, 0, 0
47949, 680, 0, 0, 0
48049, 620, 0, 0, 0
48149, 620, 0, 0, 0
48249, 610, 0, 0, 0
48349, 660, 0, 0, 0
48449, 640, 0, 0, 0
48550, 690, 0, 0, 0
48650, 590, 0, 0, 0
48749, 626, 0, 0, 0
48849, 610, 0, 0, 0
48949, 650, 0, 0, 0
49049, 650, 0, 0, 0
49149, 620, 0, 0, 0
49250, 620, 0, 0, 0
49350, 650, 0, 0, 0
49450, 630, 0, 0, 0
49550, 660, 0, 0, 0
49650, 610, 0, 0, 0
49749, 575, 0, 0, 0
49849, 640, 0, 0, 0
49949, 670, 0, 0, 0
50050, 630, 0, 0, 0
50150, 660, 0, 0, 0
50249, 646, 0, 0, 0
50349, 640, 0, 0, 0
50449, 660, 0, 0, 0
50549, 660, 0, 0, 0
50649, 690, 0, 0, 0
50749, 640, 0, 0, 0
50849, 610, 0, 0, 0
50950, 620, 0, 0, 0
51050, 610, 0, 0, 0
51150, 630, 0, 0, 0
51249, 676, 0, 0, 0
51349, 660, 0, 0, 0
51449, 670, 0, 0, 0
51549, 640, 0, 0, 0
51650, 650, 0, 0, 0
51750, 590, 0, 0, 0
51850, 630, 0, 0, 0
51950, 670, 0, 0, 0
52050, 660, 0, 0, 0
52150, 630, 0, 0, 0
52249, 696, 0, 0, 0
52349, 630, 0, 0, 0
52449, 660, 0, 0, 0
52550, 630, 0, 0, 0
52650, 590, 0, 0, 0
52749, 606, 0, 0, 0
52849, 640, 0, 0, 0
52949, 660, 0, 0, 0
53049, 640, 0, 0, 0
53150, 640, 0, 0, 0
53250, 680, 0, 0, 0
53350, 670, 0, 0, 0
53450, 580, 0, 0, 0
53550, 600, 0, 0, 0
53650, 590, 0, 0, 0
53749, 595, 0, 0, 0
53849, 620, 0, 0, 0
53949, 680, 0, 0, 0
54050, 620, 0, 0, 0
54150, 620, 0, 0, 0
54249, 656, 0, 0, 0
54349, 640, 0, 0, 0
54449, 650, 0, 0, 0
54549, 620, 0, 0, 0
54649, 570, 0, 0, 0
54750, 550, 0, 0, 0
54850, 580, 0, 0, 0
54950, 700, 0, 0, 0
55050, 590, 0, 0, 0
55150, 600, 0, 0, 0
55249, 666, 0, 0, 0
55349, 670, 0, 0, 0
55449, 670, 0, 0, 0
55550, 590, 0, 0, 0
55650, 640, 0, 0, 0
55749, 606, 0, 0, 0
55849, 600, 0, 0, 0
55949, 610, 0, 0, 0
56049, 680, 0, 0, 0
56149, 620, 0, 0, 0
56249, 590, 0, 0, 0
56350, 660, 0, 0, 0
56450, 620, 0, 0, 0
56550, 620, 0, 0, 0
56650, 650, 0, 0, 0
56749, 616, 0, 0, 0
56849, 630, 0, 0, 0
56949, 590, 0, 0, 0
57049, 630, 0, 0, 0
57150, 610, 0, 0, 0
57249, 585, 0, 0, 0
57349, 580, 0, 0, 0
57449, 610, 0, 0, 0
57549, 600, 0, 0, 0
57649, 650, 0, 0, 0
57749, 640, 0, 0, 0
57849, 690, 0, 0, 0
57949, 660, 0, 0, 0
58050, 570, 0, 0, 0
58150, 640, 0, 0, 0
58249, 595, 0, 0, 0
58349, 580, 0, 0, 0
58449, 670, 0, 0, 0
58549, 640, 0, 0, 0
58649, 610, 0, 0, 0
58750, 610, 0, 0, 0
58850, 540, 0, 0, 0
58950, 610, 0, 0, 0
59050, 610, 0, 0, 0
59150, 580, 0, 0, 0
59249, 656, 0, 0, 0
59349, 650, 0, 0, 0
59449, 610, 0, 0, 0
59550, 590, 0, 0, 0
59650, 640, 0, 0, 0
59749, 646, 0, 0, 0
59849, 660, 0, 0, 0
59949, 580, 0, 0, 0
60049, 650, 0, 0, 0
60149, 610, 0, 0, 0
60250, 590, 0, 0, 0
60350, 670, 0, 0, 0
60450, 610, 0, 0, 0
60550, 560, 0, 0, 0
60650, 630, 0, 0, 0
60749, 606, 0, 0, 0
60849, 640, 0, 0, 0
60949, 600, 0, 0, 0
61050, 620, 0, 0, 0
61150, 630, 0, 0, 0
61249, 666, 0, 0, 0
61349, 620, 0, 0, 0
61449, 610, 0, 0, 0
61549, 630, 0, 0, 0
61649, 570, 0, 0, 0
61749, 670, 0, 0, 0
61849, 650, 0, 0, 0
61950, 590, 0, 0, 0
62050, 640, 0, 0, 0
62150, 620, 0, 0, 0
62249, 626, 0, 0, 0
62349, 570, 0, 0, 0
62449, 610, 0, 0, 0
62549, 620, 0, 0, 0
62649, 660, 0, 0, 0
62750, 670, 0, 0, 0
62850, 630, 0, 0, 0
62950, 660, 0, 0, 0
63050, 650, 0, 0, 0
63150, 660, 0, 0, 0
63249, 595, 0, 0, 0
63349, 640, 0, 0, 0
63449, 600, 0, 0, 0
63550, 630, 0, 0, 0
63650, 600, 0, 0, 0
63749, 616, 0, 0, 0
63849, 610, 0, 0, 0
63949, 610, 0, 0, 0
64049, 620, 0, 0, 0
64149, 620, 0, 0, 0
64249, 640, 0, 0, 0
64349, 590, 0, 0, 0
64449, 680, 0, 0, 0
64550, 610, 0, 0, 0
64650, 600, 0, 0, 0
64749, 686, 0, 0, 0
64849, 590, 0, 0, 0
64949, 640, 0, 0, 0
65049, 540, 0, 0, 0
65149, 630, 0, 0, 0
65249, 620, 0, 0, 0
65350, 660, 0, 0, 0
65450, 580, 0, 0, 0
65550, 620, 0, 0, 0
65650, 650, 0, 0, 0
65749, 616, 0, 0, 0
65849, 590, 0, 0, 0
65949, 650, 0, 0, 0
66049, 630, 0, 0, 0
66150, 600, 0, 0, 0
66250, 600, 0, 0, 0
66350, 640, 0, 0, 0
66450, 610, 0, 0, 0
66550, 640, 0, 0, 0
66650, 630, 0, 0, 0
66749, 626, 0, 0, 0
66849, 600, 0, 0, 0
66949, 590, 0, 0, 0
67050, 550, 0, 0, 0
67150, 560, 0, 0, 0
67249, 595, 0, 0, 0
67349, 640, 0, 0, 0
67449, 610, 0, 0, 0
67549, 610, 0, 0, 0
67649, 580, 0, 0, 0
67750, 630, 0, 0, 0
67850, 670, 0, 0, 0
67950, 640, 0, 0, 0
68050, 600, 0, 0, 0
68150, 570, 0, 0, 0
68249, 686, 0, 0, 0
68349, 590, 0, 0, 0
68449, 640, 0, 0, 0
68549, 640, 0, 0, 0
68649, 620, 0, 0, 0
68750, 640, 0, 0, 0
68850, 650, 0, 0, 0
68950, 600, 0, 0, 0
69050, 620, 0, 0, 0
69150, 570, 0, 0, 0
69249, 656, 0, 0, 0
69349, 640, 0, 0, 0
69449, 600, 0, 0, 0
69550, 600, 0, 0, 0
69650, 620, 0, 0, 0
69749, 595, 0, 0, 0
69849, 580, 0, 0, 0
69949, 590, 0, 0, 0
70049, 690, 0, 0, 0
70149, 610, 0, 0, 0
70250, 570, 0, 0, 0
70350, 600, 0, 0, 0
70450, 600, 0, 0, 0
70550, 600, 0, 0, 0
70650, 670, 0, 0, 0
70749, 646, 0, 0, 0
70849, 640, 0, 0, 0
70949, 630, 0, 0, 0
71049, 610, 0, 0, 0
71150, 630, 0, 0, 0
71250, 600, 0, 0, 0
71350, 630, 0, 0, 0
71450, 560, 0, 0, 0
71550, 610, 0, 0, 0
71650, 670, 0, 0, 0
71749, 656, 0, 0, 0
71849, 650, 0, 0, 0
71950, 540, 0, 0, 0
72050, 600, 0, 0, 0
72150, 620, 0, 0, 0
72249, 595, 0, 0, 0
72349, 590, 0, 0, 0
72449, 550, 0, 0, 0
72549, 620, 0, 0, 0
72649, 640, 0, 0, 0
72750, 530, 0, 0, 0
72850, 590, 0, 0, 0
72950, 610, 0, 0, 0
73050, 660, 0, 0, 0
73150, 580, 0, 0, 0
73249, 535, 0, 0, 0
73349, 620, 0, 0, 0
73449, 590, 0, 0, 0
73550, 620, 0, 0, 0
73650, 610, 0, 0, 0
73749, 606, 0, 0, 0
73849, 660, 0, 0, 0
73949, 660, 0, 0, 0
74049, 670, 0, 0, 0
74149, 630, 0, 0, 0
74249, 590, 0, 0, 0
74349, 620, 0, 0, 0
74450, 650, 0, 0, 0
74550, 610, 0, 0, 0
74650, 620, 0, 0, 0
74749, 646, 0, 0, 0
74849, 630, 0, 0, 0
74949, 630, 0, 0, 0
75049, 670, 0, 0, 0
75149, 590, 0, 0, 0
75250, 610, 0, 0, 0
75350, 650, 0, 0, 0
75450, 650, 0, 0, 0
75550, 580, 0, 0, 0
75650, 630, 0, 0, 0
75749, 515, 0, 0, 0
75849, 620, 0, 0, 0
75949, 630, 0, 0, 0
76050, 590, 0, 0, 0
76150, 680, 0, 0, 0
76249, 646, 0, 0, 0
76349, 510, 0, 0, 0
76449, 640, 0, 0, 0
76549, 620, 0, 0, 0
76649, 620, 0, 0, 0
76750, 620, 0, 0, 0
76850, 590, 0, 0, 0
76950, 600, 0, 0, 0
77050, 650, 0, 0, 0
77150, 610, 0, 0, 0
77249, 666, 0, 0, 0
77349, 600, 0, 0, 0
77449, 600, 0, 0, 0
77550, 610, 0, 0, 0
77650, 640, 0, 0, 0
77749, 656, 0, 0, 0
77849, 640, 0, 0, 0
77949, 630, 0, 0, 0
78049, 600, 0, 0, 0
78149, 650, 0, 0, 0
78250, 610, 0, 0, 0
78350, 600, 0, 0, 0
78450, 590, 0, 0, 0
78550, 650, 0, 0, 0
78650, 560, 0, 0, 0
78749, 585, 0, 0, 0
78849, 610, 0, 0, 0
78949, 620, 0, 0, 0
79049, 630, 0, 0, 0
79150, 610, 0, 0, 0
79250, 620, 0, 0, 0
79350, 630, 0, 0, 0
79450, 680, 0, 0, 0
79550, 610, 0, 0, 0
79650, 610, 0, 0, 0
79749, 636, 0, 0, 0
79849, 610, 0, 0, 0
79949, 570, 0, 0, 0
80050, 620, 0, 0, 0
80150, 620, 0, 0, 0
80249, 646, 0, 0, 0
80349, 660, 0, 0, 0
80449, 640, 0, 0, 0
80549, 600, 0, 0, 0
80649, 680, 0, 0, 0
80750, 630, 0, 0, 0
80850, 670, 0, 0, 0
80950, 640, 0, 0, 0
81050, 560, 0, 0, 0
81150, 650, 0, 0, 0
81249, 636, 0, 0, 0
81349, 530, 0, 0, 0
81449, 600, 0, 0, 0
81550, 630, 0, 0, 0
81650, 630, 0, 0, 0
81749, 666, 0, 0, 0
81849, 580, 0, 0, 0
81949, 640, 0, 0, 0
82049, 550, 0, 0, 0
82149, 640, 0, 0, 0
82250, 620, 0, 0, 0
82350, 610, 0, 0, 0
82450, 580, 0, 0, 0
82550, 590, 0, 0, 0
82650, 670, 0, 0, 0
82749, 616, 0, 0, 0
82849, 590, 0, 0, 0
82949, 550, 0, 0, 0
83050, 540, 0, 0, 0
83150, 590, 0, 0, 0
83249, 585, 0, 0, 0
83349, 640, 0, 0, 0
83449, 610, 0, 0, 0
83549, 610, 0, 0, 0
83649, 640, 0, 0, 0
83749, 600, 0, 0, 0
83849, 610, 0, 0, 0
83950, 640, 0, 0, 0
84050, 560, 0, 0, 0
84150, 600, 0, 0, 0
84249, 626, 0, 0, 0
84349, 650, 0, 0, 0
84449, 580, 0, 0, 0
84549, 620, 0, 0, 0
84649, 630, 0, 0, 0
84750, 590, 0, 0, 0
84850, 650, 0, 0, 0
84950, 650, 0, 0, 0
85050, 630, 0, 0, 0
85150, 670, 0, 0, 0
85249, 565, 0, 0, 0
85349, 650, 0, 0, 0
85449, 630, 0, 0, 0
85550, 600, 0, 0, 0
85650, 610, 0, 0, 0
85749, 616, 0, 0, 0
85849, 560, 0, 0, 0
85949, 650, 0, 0, 0
86049, 620, 0, 0, 0
86149, 620, 0, 0, 0
86249, 620, 0, 0, 0
86349, 630, 0, 0, 0
86450, 570, 0, 0, 0
86550, 670, 0, 0, 0
86650, 700, 0, 0, 0
86749, 606, 0, 0, 0
86849, 590, 0, 0, 0
86949, 630, 0, 0, 0
87049, 660, 0, 0, 0
87149, 620, 0, 0, 0
87249, 690, 0, 0, 0
87350, 610, 0, 0, 0
87450, 700, 0, 0, 0
87550, 670, 0, 0, 0
87650, 600, 0, 0, 0
87749, 616, 0, 0, 0
87849, 660, 0, 0, 0
87949, 590, 0, 0, 0
88049, 620, 0, 0, 0
88150, 650, 0, 0, 0
88250, 550, 0, 0, 0
88350, 670, 0, 0, 0
88450, 550, 0, 0, 0
88550, 670, 0, 0, 0
88650, 650, 0, 0, 0
88749, 575, 0, 0, 0
88849, 600, 0, 0, 0
88949, 580, 0, 0, 0
89050, 580, 0, 0, 0
89150, 560, 0, 0, 0
89249, 666, 0, 0, 0
89349, 570, 0, 0, 0
89449, 610, 0, 0, 0
89549, 550, 0, 0, 0
89649, 610, 0, 0, 0
89750, 610, 0, 0, 0
89850, 590, 0, 0, 0
89950, 610, 0, 0, 0
