100, 632360, 0, 0, 0
200, 629076, 0, 0, 0
300, 633580, 0, 0, 0
400, 624479, 0, 0, 0
500, 630305, 0, 0, 0
600, 622935, 0, 0, 0
700, 618987, 0, 0, 0
800, 624607, 0, 0, 0
900, 634331, 0, 0, 0
1000, 623992, 0, 0, 0
1100, 624725, 0, 0, 0
1200, 618354, 0, 0, 0
1300, 629857, 0, 0, 0
1400, 620138, 0, 0, 0
1500, 625216, 0, 0, 0
1600, 628454, 0, 0, 0
1700, 608410, 0, 0, 0
1800, 613710, 0, 0, 0
1900, 624379, 0, 0, 0
2000, 625400, 0, 0, 0
2100, 614341, 0, 0, 0
2200, 610970, 0, 0, 0
2300, 635059, 0, 0, 0
2400, 598033, 0, 0, 0
2500, 626204, 0, 0, 0
2600, 658109, 0, 0, 0
2700, 621367, 0, 0, 0
2800, 636025, 0, 0, 0
2900, 642034, 0, 0, 0
3000, 614543, 0, 0, 0
3100, 629296, 0, 0, 0
3200, 620937, 0, 0, 0
3300, 608071, 0, 0, 0
3400, 638488, 0, 0, 0
3500, 626619, 0, 0, 0
3600, 630420, 0, 0, 0
3700, 608345, 0, 0, 0
3800, 623852, 0, 0, 0
3900, 612566, 0, 0, 0
4000, 625664, 0, 0, 0
4100, 621191, 0, 0, 0
4200, 618794, 0, 0, 0
4300, 625451, 0, 0, 0
4400, 605927, 0, 0, 0
4500, 600098, 0, 0, 0
4600, 627155, 0, 0, 0
4700, 610735, 0, 0, 0
4800, 626771, 0, 0, 0
4900, 613184, 0, 0, 0
5000, 600854, 0, 0, 0
5100, 621157, 0, 0, 0
5200, 622128, 0, 0, 0
5300, 613018, 0, 0, 0
5400, 604072, 0, 0, 0
5500, 612145, 0, 0, 0
5600, 620051, 0, 0, 0
5700, 611767, 0, 0, 0
5800, 621543, 0, 0, 0
5900, 607216, 0, 0, 0
6000, 626337, 0, 0, 0
6100, 613213, 0, 0, 0
6200, 607098, 0, 0, 0
6300, 620285, 0, 0, 0
6401, 635759, 0, 0, 0
6500, 608339, 0, 0, 0
6600, 606935, 0, 0, 0
6700, 616938, 0, 0, 0
6800, 602012, 0, 0, 0
6900, 610841, 0, 0, 0
7000, 601337, 0, 0, 0
7100, 612379, 0, 0, 0
7200, 603769, 0, 0, 0
7300, 612032, 0, 0, 0
7400, 606607, 0, 0, 0
7500, 622670, 0, 0, 0
7600, 618021, 0, 0, 0
7700, 613457, 0, 0, 0
7800, 616436, 0, 0, 0
7900, 603681, 0, 0, 0
8000, 622079, 0, 0, 0
8100, 617768, 0, 0, 0
8200, 617870, 0, 0, 0
8300, 616729, 0, 0, 0
8400, 596731, 0, 0, 0
8500, 611570, 0, 0, 0
8600, 625393, 0, 0, 0
8700, 623712, 0, 0, 0
8800, 630721, 0, 0, 0
8900, 605805, 0, 0, 0
9000, 626124, 0, 0, 0
9100, 596284, 0, 0, 0
9200, 619379, 0, 0, 0
9300, 614732, 0, 0, 0
9400, 621844, 0, 0, 0
9500, 610547, 0, 0, 0
9600, 598073, 0, 0, 0
9700, 606940, 0, 0, 0
9800, 617877, 0, 0, 0
9900, 610085, 0, 0, 0
10000, 611430, 0, 0, 0
10100, 620483, 0, 0, 0
10200, 616444, 0, 0, 0
10300, 602545, 0, 0, 0
10400, 619776, 0, 0, 0
10500, 605258, 0, 0, 0
10600, 611951, 0, 0, 0
10700, 603845, 0, 0, 0
10800, 609008, 0, 0, 0
10900, 604349, 0, 0, 0
11000, 611111, 0, 0, 0
11100, 603929, 0, 0, 0
11200, 601371, 0, 0, 0
11300, 602071, 0, 0, 0
11400, 609833, 0, 0, 0
11500, 609051, 0, 0, 0
11600, 605210, 0, 0, 0
11700, 598831, 0, 0, 0
11800, 606462, 0, 0, 0
11900, 615408, 0, 0, 0
12000, 600493, 0, 0, 0
12100, 606896, 0, 0, 0
12200, 604365, 0, 0, 0
12300, 601169, 0, 0, 0
12400, 616908, 0, 0, 0
12500, 600276, 0, 0, 0
12600, 607362, 0, 0, 0
12700, 605173, 0, 0, 0
12800, 605913, 0, 0, 0
12900, 599216, 0, 0, 0
13000, 602356, 0, 0, 0
13100, 610055, 0, 0, 0
13200, 594668, 0, 0, 0
13300, 610638, 0, 0, 0
13400, 612273, 0, 0, 0
13500, 609626, 0, 0, 0
13600, 603036, 0, 0, 0
13700, 612968, 0, 0, 0
13800, 594862, 0, 0, 0
13900, 606344, 0, 0, 0
14000, 609259, 0, 0, 0
14100, 605764, 0, 0, 0
14200, 611999, 0, 0, 0
14300, 610915, 0, 0, 0
14400, 598700, 0, 0, 0
14500, 613468, 0, 0, 0
14600, 605348, 0, 0, 0
14700, 596147, 0, 0, 0
14800, 599794, 0, 0, 0
14900, 602685, 0, 0, 0
15000, 591871, 0, 0, 0
15100, 600070, 0, 0, 0
15200, 600756, 0, 0, 0
15300, 600712, 0, 0, 0
15400, 596919, 0, 0, 0
15500, 620529, 0, 0, 0
15600, 605106, 0, 0, 0
15700, 612172, 0, 0, 0
15800, 608420, 0, 0, 0
15900, 612279, 0, 0, 0
16000, 605306, 0, 0, 0
16100, 603064, 0, 0, 0
16200, 602938, 0, 0, 0
16300, 601036, 0, 0, 0
16400, 595677, 0, 0, 0
16500, 603393, 0, 0, 0
16600, 581731, 0, 0, 0
16700, 596816, 0, 0, 0
16800, 597985, 0, 0, 0
16900, 596306, 0, 0, 0
17000, 610442, 0, 0, 0
17100, 594113, 0, 0, 0
17200, 601881, 0, 0, 0
17300, 590766, 0, 0, 0
17400, 592407, 0, 0, 0
17500, 586980, 0, 0, 0
17600, 578684, 0, 0, 0
17700, 591563, 0, 0, 0
17800, 611397, 0, 0, 0
17900, 611277, 0, 0, 0
18000, 616472, 0, 0, 0
18100, 607800, 0, 0, 0
18200, 604225, 0, 0, 0
18300, 609656, 0, 0, 0
18400, 611288, 0, 0, 0
18500, 594393, 0, 0, 0
18600, 616066, 0, 0, 0
18700, 592846, 0, 0, 0
18800, 595613, 0, 0, 0
18900, 584745, 0, 0, 0
19000, 602815, 0, 0, 0
19100, 603793, 0, 0, 0
19200, 606918, 0, 0, 0
19300, 591236, 0, 0, 0
19400, 609538, 0, 0, 0
19500, 595927, 0, 0, 0
19600, 615099, 0, 0, 0
19700, 604637, 0, 0, 0
19800, 597539, 0, 0, 0
19900, 598602, 0, 0, 0
20000, 602878, 0, 0, 0
20100, 595894, 0, 0, 0
20200, 601330, 0, 0, 0
20300, 597521, 0, 0, 0
20400, 593572, 0, 0, 0
20500, 597389, 0, 0, 0
20600, 604237, 0, 0, 0
20700, 595821, 0, 0, 0
20800, 608593, 0, 0, 0
20900, 588643, 0, 0, 0
21000, 593952, 0, 0, 0
21100, 591951, 0, 0, 0
21200, 595085, 0, 0, 0
21300, 604158, 0, 0, 0
21400, 601570, 0, 0, 0
21500, 606426, 0, 0, 0
21600, 602403, 0, 0, 0
21700, 598895, 0, 0, 0
21800, 598043, 0, 0, 0
21900, 595926, 0, 0, 0
22000, 588251, 0, 0, 0
22100, 603520, 0, 0, 0
22200, 603456, 0, 0, 0
22300, 591662, 0, 0, 0
22400, 581883, 0, 0, 0
22500, 594986, 0, 0, 0
22600, 596579, 0, 0, 0
22700, 600348, 0, 0, 0
22800, 610216, 0, 0, 0
22900, 595560, 0, 0, 0
23000, 590558, 0, 0, 0
23100, 586765, 0, 0, 0
23200, 609465, 0, 0, 0
23300, 593503, 0, 0, 0
23400, 598607, 0, 0, 0
23500, 592481, 0, 0, 0
23600, 595366, 0, 0, 0
23700, 585397, 0, 0, 0
23800, 586163, 0, 0, 0
23900, 591293, 0, 0, 0
24000, 586354, 0, 0, 0
24100, 599874, 0, 0, 0
24200, 592220, 0, 0, 0
24300, 590624, 0, 0, 0
24400, 598907, 0, 0, 0
24500, 596020, 0, 0, 0
24600, 595587, 0, 0, 0
24700, 591570, 0, 0, 0
24800, 594606, 0, 0, 0
24900, 593359, 0, 0, 0
25000, 594349, 0, 0, 0
25100, 593178, 0, 0, 0
25200, 597186, 0, 0, 0
25300, 598781, 0, 0, 0
25400, 594764, 0, 0, 0
25500, 596176, 0, 0, 0
25600, 609933, 0, 0, 0
25700, 583705, 0, 0, 0
25800, 589037, 0, 0, 0
25900, 590401, 0, 0, 0
26000, 585559, 0, 0, 0
26100, 596599, 0, 0, 0
26200, 590570, 0, 0, 0
26300, 583357, 0, 0, 0
26400, 595685, 0, 0, 0
26500, 587798, 0, 0, 0
26600, 594430, 0, 0, 0
26700, 586743, 0, 0, 0
26800, 596585, 0, 0, 0
26900, 584475, 0, 0, 0
27000, 577166, 0, 0, 0
27100, 589795, 0, 0, 0
27200, 598959, 0, 0, 0
27300, 588914, 0, 0, 0
27400, 584218, 0, 0, 0
27500, 580583, 0, 0, 0
27600, 597369, 0, 0, 0
27700, 585289, 0, 0, 0
27800, 583990, 0, 0, 0
27900, 586635, 0, 0, 0
28000, 592187, 0, 0, 0
28100, 590940, 0, 0, 0
28200, 579665, 0, 0, 0
28300, 591332, 0, 0, 0
28400, 595671, 0, 0, 0
28500, 594467, 0, 0, 0
28600, 599405, 0, 0, 0
28700, 577643, 0, 0, 0
28800, 585775, 0, 0, 0
28900, 586455, 0, 0, 0
29000, 581102, 0, 0, 0
29100, 596974, 0, 0, 0
29200, 588261, 0, 0, 0
29300, 576596, 0, 0, 0
29400, 586951, 0, 0, 0
29500, 582906, 0, 0, 0
29600, 586863, 0, 0, 0
29700, 592332, 0, 0, 0
29800, 580159, 0, 0, 0
29900, 592383, 0, 0, 0
30000, 585165, 0, 0, 0
30100, 588993, 0, 0, 0
30200, 603183, 0, 0, 0
30300, 589051, 0, 0, 0
30400, 588961, 0, 0, 0
30500, 593390, 0, 0, 0
30600, 583276, 0, 0, 0
30700, 583020, 0, 0, 0
30800, 593698, 0, 0, 0
30900, 604863, 0, 0, 0
31000, 592269, 0, 0, 0
31100, 595107, 0, 0, 0
31200, 575135, 0, 0, 0
31300, 589736, 0, 0, 0
31400, 585125, 0, 0, 0
31500, 587700, 0, 0, 0
31600, 575240, 0, 0, 0
31700, 590908, 0, 0, 0
31800, 585249, 0, 0, 0
31900, 585226, 0, 0, 0
32000, 582639, 0, 0, 0
32100, 582647, 0, 0, 0
32200, 596357, 0, 0, 0
32300, 581710, 0, 0, 0
32400, 580919, 0, 0, 0
32500, 587543, 0, 0, 0
32600, 569225, 0, 0, 0
32700, 588886, 0, 0, 0
32800, 579881, 0, 0, 0
32900, 585600, 0, 0, 0
33000, 575870, 0, 0, 0
33100, 585108, 0, 0, 0
33200, 573263, 0, 0, 0
33300, 586186, 0, 0, 0
33400, 588801, 0, 0, 0
33500, 582303, 0, 0, 0
33600, 575998, 0, 0, 0
33700, 572460, 0, 0, 0
33800, 585055, 0, 0, 0
33900, 575997, 0, 0, 0
34000, 577067, 0, 0, 0
34100, 577579, 0, 0, 0
34200, 572435, 0, 0, 0
34300, 582647, 0, 0, 0
34400, 574834, 0, 0, 0
34500, 568061, 0, 0, 0
34600, 575906, 0, 0, 0
34700, 578837, 0, 0, 0
34800, 572299, 0, 0, 0
34900, 584851, 0, 0, 0
35000, 570081, 0, 0, 0
35100, 570527, 0, 0, 0
35200, 584037, 0, 0, 0
35300, 568103, 0, 0, 0
35400, 574850, 0, 0, 0
35500, 581984, 0, 0, 0
35600, 578888, 0, 0, 0
35700, 577345, 0, 0, 0
35800, 580479, 0, 0, 0
35900, 580557, 0, 0, 0
36000, 580925, 0, 0, 0
36100, 565637, 0, 0, 0
36200, 580658, 0, 0, 0
36300, 587189, 0, 0, 0
36400, 586916, 0, 0, 0
36500, 583938, 0, 0, 0
36600, 583910, 0, 0, 0
36700, 573302, 0, 0, 0
36800, 575034, 0, 0, 0
36900, 574979, 0, 0, 0
37000, 586358, 0, 0, 0
37100, 567106, 0, 0, 0
37200, 579300, 0, 0, 0
37300, 560075, 0, 0, 0
37400, 572742, 0, 0, 0
37500, 566233, 0, 0, 0
37600, 574299, 0, 0, 0
37700, 572022, 0, 0, 0
37800, 568480, 0, 0, 0
37900, 567145, 0, 0, 0
38000, 578930, 0, 0, 0
38100, 581654, 0, 0, 0
38200, 579516, 0, 0, 0
38300, 567716, 0, 0, 0
38400, 567545, 0, 0, 0
38500, 566929, 0, 0, 0
38600, 568404, 0, 0, 0
38700, 579466, 0, 0, 0
38800, 557944, 0, 0, 0
38900, 559009, 0, 0, 0
39000, 561684, 0, 0, 0
39100, 561165, 0, 0, 0
39200, 558318, 0, 0, 0
39300, 567101, 0, 0, 0
39400, 573018, 0, 0, 0
39500, 565790, 0, 0, 0
39600, 566912, 0, 0, 0
39700, 576993, 0, 0, 0
39800, 556416, 0, 0, 0
39900, 558960, 0, 0, 0
40000, 555454, 0, 0, 0
40100, 570357, 0, 0, 0
40200, 553397, 0, 0, 0
40300, 560146, 0, 0, 0
40400, 598315, 0, 0, 0
40500, 611299, 0, 0, 0
40600, 612743, 0, 0, 0
40700, 619958, 0, 0, 0
40800, 623182, 0, 0, 0
40900, 623797, 0, 0, 0
41000, 615431, 0, 0, 0
41100, 618958, 0, 0, 0
41200, 613217, 0, 0, 0
41300, 612526, 0, 0, 0
41400, 597311, 0, 0, 0
41500, 617624, 0, 0, 0
41600, 612014, 0, 0, 0
41700, 623681, 0, 0, 0
41800, 619272, 0, 0, 0
41900, 614844, 0, 0, 0
42000, 612449, 0, 0, 0
42100, 620633, 0, 0, 0
42200, 614862, 0, 0, 0
42300, 618686, 0, 0, 0
42400, 616769, 0, 0, 0
42500, 619146, 0, 0, 0
42600, 616187, 0, 0, 0
42700, 610517, 0, 0, 0
42800, 605993, 0, 0, 0
42900, 611427, 0, 0, 0
43000, 619496, 0, 0, 0
43100, 619143, 0, 0, 0
43200, 624143, 0, 0, 0
43300, 618733, 0, 0, 0
43400, 616720, 0, 0, 0
43500, 620997, 0, 0, 0
43600, 607996, 0, 0, 0
43700, 594317, 0, 0, 0
43800, 613868, 0, 0, 0
43900, 619260, 0, 0, 0
44000, 616665, 0, 0, 0
44100, 611310, 0, 0, 0
44200, 629456, 0, 0, 0
44300, 614140, 0, 0, 0
44400, 624636, 0, 0, 0
44500, 626218, 0, 0, 0
44600, 613405, 0, 0, 0
44700, 631196, 0, 0, 0
44800, 610880, 0, 0, 0
44900, 620033, 0, 0, 0
45000, 624850, 0, 0, 0
45100, 622016, 0, 0, 0
45200, 623280, 0, 0, 0
45300, 622192, 0, 0, 0
45400, 618067, 0, 0, 0
45500, 602270, 0, 0, 0
45600, 618440, 0, 0, 0
45700, 600912, 0, 0, 0
45800, 621827, 0, 0, 0
45900, 624921, 0, 0, 0
46000, 621577, 0, 0, 0
46100, 612524, 0, 0, 0
46200, 606742, 0, 0, 0
46300, 597122, 0, 0, 0
46400, 605076, 0, 0, 0
46500, 606861, 0, 0, 0
46600, 599570, 0, 0, 0
46700, 616228, 0, 0, 0
46800, 600575, 0, 0, 0
46900, 605845, 0, 0, 0
47000, 602540, 0, 0, 0
47100, 593670, 0, 0, 0
47200, 610469, 0, 0, 0
47300, 620140, 0, 0, 0
47400, 602384, 0, 0, 0
47500, 596582, 0, 0, 0
47600, 606344, 0, 0, 0
47700, 610303, 0, 0, 0
47800, 598253, 0, 0, 0
47900, 588199, 0, 0, 0
48000, 603603, 0, 0, 0
48100, 613250, 0, 0, 0
48200, 618998, 0, 0, 0
48300, 602442, 0, 0, 0
48400, 616052, 0, 0, 0
48500, 605378, 0, 0, 0
48600, 601581, 0, 0, 0
48700, 620331, 0, 0, 0
48800, 618504, 0, 0, 0
48900, 602242, 0, 0, 0
49000, 597722, 0, 0, 0
49100, 602420, 0, 0, 0
49200, 615692, 0, 0, 0
49300, 607718, 0, 0, 0
49400, 612207, 0, 0, 0
49500, 612737, 0, 0, 0
49600, 616092, 0, 0, 0
49700, 614928, 0, 0, 0
49800, 619344, 0, 0, 0
49900, 604503, 0, 0, 0
50000, 613120, 0, 0, 0
50100, 603701, 0, 0, 0
50200, 611755, 0, 0, 0
50300, 610145, 0, 0, 0
50400, 617508, 0, 0, 0
50500, 627218, 0, 0, 0
50600, 609360, 0, 0, 0
50700, 613280, 0, 0, 0
50800, 597378, 0, 0, 0
50900, 598222, 0, 0, 0
51000, 607650, 0, 0, 0
51100, 603534, 0, 0, 0
51200, 613356, 0, 0, 0
51300, 598271, 0, 0, 0
51400, 617266, 0, 0, 0
51500, 600583, 0, 0, 0
51600, 608474, 0, 0, 0
51700, 617279, 0, 0, 0
51800, 610597, 0, 0, 0
51900, 593724, 0, 0, 0
52000, 608936, 0, 0, 0
52100, 601005, 0, 0, 0
52200, 610147, 0, 0, 0
52300, 613153, 0, 0, 0
52400, 613327, 0, 0, 0
52500, 599690, 0, 0, 0
52600, 613444, 0, 0, 0
52700, 596251, 0, 0, 0
52800, 608515, 0, 0, 0
52900, 600731, 0, 0, 0
53000, 598201, 0, 0, 0
53100, 608353, 0, 0, 0
53200, 601754, 0, 0, 0
53300, 617628, 0, 0, 0
53400, 618889, 0, 0, 0
53500, 610886, 0, 0, 0
53600, 621130, 0, 0, 0
53700, 620647, 0, 0, 0
53800, 611332, 0, 0, 0
53900, 603672, 0, 0, 0
54000, 607872, 0, 0, 0
54100, 620162, 0, 0, 0
54200, 610828, 0, 0, 0
54300, 607422, 0, 0, 0
54400, 614858, 0, 0, 0
54500, 635613, 0, 0, 0
54600, 601155, 0, 0, 0
54700, 615639, 0, 0, 0
54800, 595460, 0, 0, 0
54900, 613823, 0, 0, 0
55000, 603882, 0, 0, 0
55100, 611323, 0, 0, 0
55200, 610350, 0, 0, 0
55300, 615267, 0, 0, 0
55400, 601959, 0, 0, 0
55500, 606496, 0, 0, 0
55600, 611789, 0, 0, 0
55700, 610176, 0, 0, 0
55800, 611478, 0, 0, 0
55900, 606748, 0, 0, 0
56000, 601328, 0, 0, 0
56100, 605798, 0, 0, 0
56200, 606157, 0, 0, 0
56300, 614104, 0, 0, 0
56400, 596247, 0, 0, 0
56500, 603023, 0, 0, 0
56600, 616062, 0, 0, 0
56700, 617185, 0, 0, 0
56800, 610293, 0, 0, 0
56900, 614236, 0, 0, 0
57000, 602577, 0, 0, 0
57100, 606022, 0, 0, 0
57200, 609660, 0, 0, 0
57300, 612048, 0, 0, 0
57400, 609672, 0, 0, 0
57500, 599295, 0, 0, 0
57600, 603116, 0, 0, 0
57700, 601253, 0, 0, 0
57800, 610998, 0, 0, 0
57900, 611141, 0, 0, 0
58000, 605093, 0, 0, 0
58100, 610339, 0, 0, 0
58200, 607320, 0, 0, 0
58300, 613930, 0, 0, 0
58400, 619502, 0, 0, 0
58500, 614590, 0, 0, 0
58600, 614190, 0, 0, 0
58700, 600052, 0, 0, 0
58800, 613090, 0, 0, 0
58900, 612787, 0, 0, 0
59000, 622734, 0, 0, 0
59100, 606303, 0, 0, 0
59200, 616187, 0, 0, 0
59300, 610492, 0, 0, 0
59400, 615994, 0, 0, 0
59500, 618015, 0, 0, 0
59600, 601897, 0, 0, 0
59700, 605845, 0, 0, 0
59800, 610951, 0, 0, 0
59900, 603881, 0, 0, 0
60000, 606978, 0, 0, 0
