100, 2904321, 0, 0, 0
100, 9637513, 1, 0, 0
200, 9991584, 1, 0, 0
206, 2697084, 0, 0, 0
300, 9446933, 1, 0, 0
301, 2368927, 0, 0, 0
400, 9783071, 1, 0, 0
400, 3031249, 0, 0, 0
501, 9891989, 1, 0, 0
502, 3172206, 0, 0, 0
600, 2747291, 0, 0, 0
601, 9548837, 1, 0, 0
700, 9258061, 1, 0, 0
701, 2890172, 0, 0, 0
800, 9470212, 1, 0, 0
801, 2929747, 0, 0, 0
900, 9808688, 1, 0, 0
900, 3554650, 0, 0, 0
1000, 3280269, 0, 0, 0
1000, 9202726, 1, 0, 0
1101, 2800824, 0, 0, 0
1101, 9677950, 1, 0, 0
1200, 9664144, 1, 0, 0
1202, 3199280, 0, 0, 0
1300, 9191222, 1, 0, 0
1301, 2794631, 0, 0, 0
1400, 9301501, 1, 0, 0
1404, 3029058, 0, 0, 0
1500, 2417450, 0, 0, 0
1500, 8947555, 1, 0, 0
1600, 9383086, 1, 0, 0
1600, 2974123, 0, 0, 0
1700, 2786275, 0, 0, 0
1701, 9692528, 1, 0, 0
1800, 2540039, 0, 0, 0
1800, 9438474, 1, 0, 0
1900, 9510909, 1, 0, 0
1902, 3138450, 0, 0, 0
2000, 9479989, 1, 0, 0
2001, 2456270, 0, 0, 0
2100, 10154067, 1, 0, 0
2100, 3484047, 0, 0, 0
2200, 2786226, 0, 0, 0
2200, 10452665, 1, 0, 0
2300, 2901851, 0, 0, 0
2301, 9963265, 1, 0, 0
2401, 9768954, 1, 0, 0
2401, 2738174, 0, 0, 0
2500, 9442698, 1, 0, 0
2507, 2586867, 0, 0, 0
2600, 2834813, 0, 0, 0
2600, 9657871, 1, 0, 0
2700, 9887329, 1, 0, 0
2701, 2936811, 0, 0, 0
2800, 10233907, 1, 0, 0
2801, 2668680, 0, 0, 0
2901, 9847421, 1, 0, 0
2907, 2736116, 0, 0, 0
3000, 9961747, 1, 0, 0
3000, 2831245, 0, 0, 0
3100, 9654991, 1, 0, 0
3100, 2990607, 0, 0, 0
3200, 2415153, 0, 0, 0
3200, 9618283, 1, 0, 0
3300, 9947773, 1, 0, 0
3301, 2165097, 0, 0, 0
3400, 9347218, 1, 0, 0
3400, 2466088, 0, 0, 0
3500, 9741348, 1, 0, 0
3500, 2533050, 0, 0, 0
3600, 2642550, 0, 0, 0
3601, 10059430, 1, 0, 0
3700, 9759918, 1, 0, 0
3700, 2571486, 0, 0, 0
3800, 10050236, 1, 0, 0
3801, 2307935, 0, 0, 0
3900, 9816204, 1, 0, 0
3900, 2642984, 0, 0, 0
4000, 9368387, 1, 0, 0
4000, 3039641, 0, 0, 0
4100, 9967225, 1, 0, 0
4101, 2634535, 0, 0, 0
4200, 9660002, 1, 0, 0
4200, 2839792, 0, 0, 0
4300, 9862941, 1, 0, 0
4301, 2499158, 0, 0, 0
4400, 10164598, 1, 0, 0
4400, 2757654, 0, 0, 0
4500, 9777928, 1, 0, 0
4502, 2698079, 0, 0, 0
4600, 9562523, 1, 0, 0
4600, 2892701, 0, 0, 0
4700, 9649901, 1, 0, 0
4700, 2805132, 0, 0, 0
4800, 9545800, 1, 0, 0
4802, 2829832, 0, 0, 0
4900, 9516945, 1, 0, 0
4903, 2619133, 0, 0, 0
5000, 2362465, 0, 0, 0
5000, 9566937, 1, 0, 0
5100, 3021979, 0, 0, 0
5100, 9259414, 1, 0, 0
5200, 2610627, 0, 0, 0
5200, 10011643, 1, 0, 0
5300, 9437486, 1, 0, 0
5301, 2748157, 0, 0, 0
5400, 2541209, 0, 0, 0
5400, 9563804, 1, 0, 0
5500, 9769622, 1, 0, 0
5502, 2345078, 0, 0, 0
5600, 9790462, 1, 0, 0
5600, 2731882, 0, 0, 0
5700, 2661596, 0, 0, 0
5700, 9388079, 1, 0, 0
5800, 8993211, 1, 0, 0
5800, 2968862, 0, 0, 0
5900, 9576318, 1, 0, 0
5901, 2691551, 0, 0, 0
6001, 8994444, 1, 0, 0
6003, 2832800, 0, 0, 0
6101, 9530083, 1, 0, 0
6101, 2825203, 0, 0, 0
6200, 9655943, 1, 0, 0
6200, 3081956, 0, 0, 0
6301, 10009230, 1, 0, 0
6301, 3114123, 0, 0, 0
6400, 2635308, 0, 0, 0
6400, 9804075, 1, 0, 0
6501, 2773439, 0, 0, 0
6501, 9683904, 1, 0, 0
6600, 9570191, 1, 0, 0
6600, 3343757, 0, 0, 0
6700, 9240209, 1, 0, 0
6704, 2883867, 0, 0, 0
6800, 9696536, 1, 0, 0
6800, 2583431, 0, 0, 0
6900, 2745817, 0, 0, 0
6900, 9628428, 1, 0, 0
7000, 9446296, 1, 0, 0
7004, 2477934, 0, 0, 0
7100, 9602687, 1, 0, 0
7101, 2761345, 0, 0, 0
7200, 2792172, 0, 0, 0
7200, 10042908, 1, 0, 0
7300, 2954929, 0, 0, 0
7300, 9731706, 1, 0, 0
7400, 9917494, 1, 0, 0
7400, 2463073, 0, 0, 0
7500, 2911968, 0, 0, 0
7500, 9885684, 1, 0, 0
7600, 9440824, 1, 0, 0
7603, 2842600, 0, 0, 0
7700, 2945636, 0, 0, 0
7700, 10133075, 1, 0, 0
7800, 9894332, 1, 0, 0
7800, 2845413, 0, 0, 0
7900, 9412978, 1, 0, 0
7901, 2749563, 0, 0, 0
8000, 2602098, 0, 0, 0
8001, 9303020, 1, 0, 0
8100, 2355406, 0, 0, 0
8100, 9794697, 1, 0, 0
8200, 9805768, 1, 0, 0
8201, 2735075, 0, 0, 0
8300, 9534688, 1, 0, 0
8300, 2588495, 0, 0, 0
8400, 2769412, 0, 0, 0
8401, 9263822, 1, 0, 0
8500, 9305339, 1, 0, 0
8503, 2705679, 0, 0, 0
8600, 9414333, 1, 0, 0
8600, 2601221, 0, 0, 0
8700, 9516207, 1, 0, 0
8701, 3463045, 0, 0, 0
8800, 9975398, 1, 0, 0
8800, 3185604, 0, 0, 0
8900, 9295348, 1, 0, 0
8900, 2683021, 0, 0, 0
9000, 3017133, 0, 0, 0
9000, 10025235, 1, 0, 0
9100, 9470427, 1, 0, 0
9102, 2804205, 0, 0, 0
9201, 3438618, 0, 0, 0
9201, 9570349, 1, 0, 0
9300, 2620628, 0, 0, 0
9301, 9966913, 1, 0, 0
9400, 10239926, 1, 0, 0
9402, 2511438, 0, 0, 0
9500, 9726076, 1, 0, 0
9502, 2823286, 0, 0, 0
9600, 9459677, 1, 0, 0
9601, 2497308, 0, 0, 0
9702, 9850921, 1, 0, 0
9702, 2449593, 0, 0, 0
9800, 9434472, 1, 0, 0
9800, 2511012, 0, 0, 0
9900, 2777134, 0, 0, 0
9900, 9028686, 1, 0, 0
10000, 9664045, 1, 0, 0
10001, 3013289, 0, 0, 0
10101, 9621370, 1, 0, 0
10103, 2650015, 0, 0, 0
10200, 9337700, 1, 0, 0
10201, 2374608, 0, 0, 0
10300, 3051372, 0, 0, 0
10300, 9738663, 1, 0, 0
10400, 9666926, 1, 0, 0
10401, 3047505, 0, 0, 0
10503, 9661742, 1, 0, 0
10506, 2614892, 0, 0, 0
10601, 10452256, 1, 0, 0
10606, 3586126, 0, 0, 0
10700, 9478302, 1, 0, 0
10701, 2821473, 0, 0, 0
10800, 3333286, 0, 0, 0
10800, 9727596, 1, 0, 0
10900, 2663985, 0, 0, 0
10900, 9946462, 1, 0, 0
11000, 9828126, 1, 0, 0
11000, 2275068, 0, 0, 0
11101, 9822728, 1, 0, 0
11101, 2577997, 0, 0, 0
11200, 3152913, 0, 0, 0
11200, 9305273, 1, 0, 0
11300, 9465142, 1, 0, 0
11300, 2619424, 0, 0, 0
11400, 9444982, 1, 0, 0
11401, 2668859, 0, 0, 0
11500, 8803002, 1, 0, 0
11501, 3016251, 0, 0, 0
11600, 9845423, 1, 0, 0
11600, 2822645, 0, 0, 0
11700, 2320961, 0, 0, 0
11700, 9398629, 1, 0, 0
11800, 9128323, 1, 0, 0
11802, 2880885, 0, 0, 0
11900, 9418751, 1, 0, 0
11902, 2757222, 0, 0, 0
12000, 2659119, 0, 0, 0
12000, 9527657, 1, 0, 0
12100, 9274702, 1, 0, 0
12101, 3182314, 0, 0, 0
12200, 9222901, 1, 0, 0
12201, 3375977, 0, 0, 0
12300, 9222511, 1, 0, 0
12300, 2562861, 0, 0, 0
12400, 9569243, 1, 0, 0
12402, 2760447, 0, 0, 0
12500, 9586540, 1, 0, 0
12503, 2525714, 0, 0, 0
12600, 2949596, 0, 0, 0
12600, 10062278, 1, 0, 0
12700, 9778018, 1, 0, 0
12702, 2661836, 0, 0, 0
12801, 9750825, 1, 0, 0
12803, 2511324, 0, 0, 0
12900, 9000343, 1, 0, 0
12900, 3401234, 0, 0, 0
13000, 9579007, 1, 0, 0
13001, 2206684, 0, 0, 0
13101, 10080789, 1, 0, 0
13103, 2444627, 0, 0, 0
13200, 3219672, 0, 0, 0
13201, 9725708, 1, 0, 0
13300, 3300740, 0, 0, 0
13300, 9539542, 1, 0, 0
13400, 2807916, 0, 0, 0
13400, 9662931, 1, 0, 0
13500, 2781149, 0, 0, 0
13500, 9248259, 1, 0, 0
13600, 9518983, 1, 0, 0
13600, 2732468, 0, 0, 0
13700, 2856319, 0, 0, 0
13701, 9488366, 1, 0, 0
13800, 9762744, 1, 0, 0
13800, 2426388, 0, 0, 0
13900, 10194148, 1, 0, 0
13900, 2264479, 0, 0, 0
14000, 10144227, 1, 0, 0
14001, 2726353, 0, 0, 0
14100, 2819018, 0, 0, 0
14101, 9815227, 1, 0, 0
14200, 3214013, 0, 0, 0
14200, 9587012, 1, 0, 0
14300, 9850894, 1, 0, 0
14302, 3048733, 0, 0, 0
14400, 9622248, 1, 0, 0
14401, 3114476, 0, 0, 0
14500, 9436587, 1, 0, 0
14502, 2672962, 0, 0, 0
14600, 2760595, 0, 0, 0
14600, 10040889, 1, 0, 0
14700, 9625075, 1, 0, 0
14702, 2779535, 0, 0, 0
14800, 9770689, 1, 0, 0
14801, 2968225, 0, 0, 0
14901, 10207494, 1, 0, 0
14903, 2974731, 0, 0, 0
15000, 2528408, 0, 0, 0
15001, 9619716, 1, 0, 0
15100, 9434780, 1, 0, 0
15106, 2588741, 0, 0, 0
15200, 2442197, 0, 0, 0
15200, 9964978, 1, 0, 0
15300, 9370657, 1, 0, 0
15301, 2547840, 0, 0, 0
15400, 9854793, 1, 0, 0
15403, 2693604, 0, 0, 0
15500, 2448460, 0, 0, 0
15501, 9851773, 1, 0, 0
15600, 2586214, 0, 0, 0
15600, 10729392, 1, 0, 0
15700, 10098588, 1, 0, 0
15700, 2998641, 0, 0, 0
15800, 9967873, 1, 0, 0
15800, 2558653, 0, 0, 0
15900, 10083474, 1, 0, 0
15901, 3259226, 0, 0, 0
16000, 9654932, 1, 0, 0
16000, 2776718, 0, 0, 0
16100, 2803639, 0, 0, 0
16102, 9226168, 1, 0, 0
16201, 2894925, 0, 0, 0
16202, 9539977, 1, 0, 0
16300, 9813406, 1, 0, 0
16300, 2587589, 0, 0, 0
16400, 9865061, 1, 0, 0
16401, 2899499, 0, 0, 0
16500, 2789084, 0, 0, 0
16501, 9471580, 1, 0, 0
16600, 9698615, 1, 0, 0
16600, 2558596, 0, 0, 0
16700, 9134875, 1, 0, 0
16701, 3375175, 0, 0, 0
16800, 9799547, 1, 0, 0
16801, 2549583, 0, 0, 0
16900, 3046288, 0, 0, 0
16900, 9908228, 1, 0, 0
17000, 9875984, 1, 0, 0
17001, 2890776, 0, 0, 0
17100, 2710500, 0, 0, 0
17100, 10345055, 1, 0, 0
17200, 3188232, 0, 0, 0
17200, 9918777, 1, 0, 0
17300, 3084379, 0, 0, 0
17300, 9512612, 1, 0, 0
17400, 2737065, 0, 0, 0
17400, 9792158, 1, 0, 0
17500, 9867607, 1, 0, 0
17500, 3300943, 0, 0, 0
17600, 9449193, 1, 0, 0
17600, 2872432, 0, 0, 0
17700, 9413950, 1, 0, 0
17703, 2697425, 0, 0, 0
17800, 3455551, 0, 0, 0
17801, 9590114, 1, 0, 0
17900, 3474789, 0, 0, 0
17902, 9805336, 1, 0, 0
18000, 10042437, 1, 0, 0
18001, 3063753, 0, 0, 0
18100, 2917719, 0, 0, 0
18101, 9845326, 1, 0, 0
18200, 2953853, 0, 0, 0
18200, 10024451, 1, 0, 0
18300, 10251126, 1, 0, 0
18303, 3365890, 0, 0, 0
18400, 3480758, 0, 0, 0
18400, 10592528, 1, 0, 0
18500, 3200469, 0, 0, 0
18500, 9986851, 1, 0, 0
18600, 2848130, 0, 0, 0
18601, 9733696, 1, 0, 0
18700, 10127571, 1, 0, 0
18702, 2638914, 0, 0, 0
18800, 2932644, 0, 0, 0
18800, 9534940, 1, 0, 0
18900, 9815265, 1, 0, 0
18902, 2992852, 0, 0, 0
19000, 3234408, 0, 0, 0
19001, 9991650, 1, 0, 0
19100, 9835575, 1, 0, 0
19102, 2587364, 0, 0, 0
19201, 10046943, 1, 0, 0
19203, 2743810, 0, 0, 0
19300, 2700174, 0, 0, 0
19300, 10005393, 1, 0, 0
19400, 9471890, 1, 0, 0
19400, 3018510, 0, 0, 0
19501, 3174874, 0, 0, 0
19502, 9816914, 1, 0, 0
19600, 9825833, 1, 0, 0
19601, 2859172, 0, 0, 0
19700, 2732682, 0, 0, 0
19701, 9308946, 1, 0, 0
19800, 2571475, 0, 0, 0
19800, 9808015, 1, 0, 0
19900, 9716148, 1, 0, 0
19902, 2858753, 0, 0, 0
20000, 2388355, 0, 0, 0
20000, 9616305, 1, 0, 0
20100, 9796704, 1, 0, 0
20100, 2470088, 0, 0, 0
20200, 9254582, 1, 0, 0
20200, 2731525, 0, 0, 0
20300, 9475121, 1, 0, 0
20301, 2716155, 0, 0, 0
20400, 8344971, 1, 0, 0
20400, 2599371, 0, 0, 0
20500, 2807500, 0, 0, 0
20500, 9571307, 1, 0, 0
20600, 2599447, 0, 0, 0
20600, 9729226, 1, 0, 0
20700, 9279517, 1, 0, 0
20701, 2790822, 0, 0, 0
20801, 9705192, 1, 0, 0
20801, 2827288, 0, 0, 0
20900, 9186841, 1, 0, 0
20900, 2392263, 0, 0, 0
21000, 2620728, 0, 0, 0
21000, 9288742, 1, 0, 0
21100, 9283581, 1, 0, 0
21101, 2823456, 0, 0, 0
21200, 2777381, 0, 0, 0
21200, 9554497, 1, 0, 0
21300, 2255100, 0, 0, 0
21300, 9324395, 1, 0, 0
21400, 2463336, 0, 0, 0
21400, 9738317, 1, 0, 0
21501, 9987390, 1, 0, 0
21501, 2666618, 0, 0, 0
21600, 9266948, 1, 0, 0
21601, 2887940, 0, 0, 0
21700, 9551795, 1, 0, 0
21701, 2767132, 0, 0, 0
21800, 9062624, 1, 0, 0
21804, 2943487, 0, 0, 0
21900, 9649793, 1, 0, 0
21900, 2632758, 0, 0, 0
22000, 9264819, 1, 0, 0
22002, 2593895, 0, 0, 0
22100, 2412147, 0, 0, 0
22101, 9527133, 1, 0, 0
22200, 9689509, 1, 0, 0
22201, 2366363, 0, 0, 0
22300, 2452072, 0, 0, 0
22300, 9723656, 1, 0, 0
22400, 2705207, 0, 0, 0
22401, 9935213, 1, 0, 0
22500, 2885991, 0, 0, 0
22502, 9256583, 1, 0, 0
22600, 10056955, 1, 0, 0
22608, 2575173, 0, 0, 0
22700, 9815734, 1, 0, 0
22702, 2761215, 0, 0, 0
22800, 9623171, 1, 0, 0
22802, 2854044, 0, 0, 0
22900, 9344509, 1, 0, 0
22900, 3050277, 0, 0, 0
23000, 2343760, 0, 0, 0
23000, 9406904, 1, 0, 0
23100, 9637852, 1, 0, 0
23100, 2656038, 0, 0, 0
23200, 9676332, 1, 0, 0
23201, 3133771, 0, 0, 0
23300, 9798722, 1, 0, 0
23301, 2452967, 0, 0, 0
23400, 9864928, 1, 0, 0
23401, 2753229, 0, 0, 0
23500, 9390581, 1, 0, 0
23500, 2797377, 0, 0, 0
23600, 9153159, 1, 0, 0
23601, 2698045, 0, 0, 0
23700, 9740438, 1, 0, 0
23700, 2815462, 0, 0, 0
23800, 2562582, 0, 0, 0
23800, 9694697, 1, 0, 0
23900, 9714926, 1, 0, 0
23900, 2676608, 0, 0, 0
24000, 10022169, 1, 0, 0
24001, 2727771, 0, 0, 0
24100, 2888081, 0, 0, 0
24100, 10042851, 1, 0, 0
24201, 2911868, 0, 0, 0
24201, 9596919, 1, 0, 0
24300, 9801001, 1, 0, 0
24305, 3366377, 0, 0, 0
24400, 3083926, 0, 0, 0
24400, 9742385, 1, 0, 0
24500, 9508017, 1, 0, 0
24500, 2995126, 0, 0, 0
24600, 10043007, 1, 0, 0
24600, 2239315, 0, 0, 0
24700, 2587048, 0, 0, 0
24700, 9611804, 1, 0, 0
24800, 2544773, 0, 0, 0
24800, 9422683, 1, 0, 0
24901, 9596258, 1, 0, 0
24901, 3236075, 0, 0, 0
25000, 3074764, 0, 0, 0
25000, 9909296, 1, 0, 0
25100, 3210081, 0, 0, 0
25100, 9489712, 1, 0, 0
25200, 2631109, 0, 0, 0
25201, 9189585, 1, 0, 0
25300, 9228856, 1, 0, 0
25300, 2794534, 0, 0, 0
25400, 2428578, 0, 0, 0
25400, 9581248, 1, 0, 0
25500, 10040100, 1, 0, 0
25501, 2341713, 0, 0, 0
25600, 9352721, 1, 0, 0
25601, 2226516, 0, 0, 0
25700, 9538340, 1, 0, 0
25701, 2466647, 0, 0, 0
25800, 9621849, 1, 0, 0
25800, 2364772, 0, 0, 0
25900, 2973988, 0, 0, 0
25900, 9166536, 1, 0, 0
26000, 2907958, 0, 0, 0
26001, 9125423, 1, 0, 0
26100, 3048868, 0, 0, 0
26101, 9808563, 1, 0, 0
26200, 2820058, 0, 0, 0
26201, 9052221, 1, 0, 0
26300, 9450210, 1, 0, 0
26304, 2764615, 0, 0, 0
26400, 2484362, 0, 0, 0
26401, 9185622, 1, 0, 0
26500, 9865607, 1, 0, 0
26501, 3338782, 0, 0, 0
26600, 3039700, 0, 0, 0
26601, 9363891, 1, 0, 0
26700, 2775669, 0, 0, 0
26700, 9653057, 1, 0, 0
26800, 10003103, 1, 0, 0
26801, 2186248, 0, 0, 0
26900, 2945940, 0, 0, 0
26901, 9743284, 1, 0, 0
27000, 2905322, 0, 0, 0
27000, 10381706, 1, 0, 0
27100, 9819930, 1, 0, 0
27101, 3567520, 0, 0, 0
27200, 9661089, 1, 0, 0
27200, 3393488, 0, 0, 0
27300, 2456812, 0, 0, 0
27301, 9765270, 1, 0, 0
27400, 3064210, 0, 0, 0
27400, 9623995, 1, 0, 0
27500, 9381136, 1, 0, 0
27502, 2967023, 0, 0, 0
27600, 3238521, 0, 0, 0
27600, 10052690, 1, 0, 0
27700, 9913350, 1, 0, 0
27700, 2747188, 0, 0, 0
27800, 9810345, 1, 0, 0
27801, 2541314, 0, 0, 0
27901, 9008270, 1, 0, 0
27901, 2823922, 0, 0, 0
28000, 2665336, 0, 0, 0
28000, 9538224, 1, 0, 0
28101, 9786300, 1, 0, 0
28101, 3361951, 0, 0, 0
28200, 9440090, 1, 0, 0
28201, 2501750, 0, 0, 0
28300, 2401180, 0, 0, 0
28300, 9485320, 1, 0, 0
28400, 9492175, 1, 0, 0
28403, 2417845, 0, 0, 0
28500, 9654538, 1, 0, 0
28504, 2956617, 0, 0, 0
28600, 2737219, 0, 0, 0
28603, 9273235, 1, 0, 0
28700, 2826086, 0, 0, 0
28700, 9843149, 1, 0, 0
28801, 9752877, 1, 0, 0
28803, 2478316, 0, 0, 0
28900, 2961358, 0, 0, 0
28900, 9491266, 1, 0, 0
29000, 9900508, 1, 0, 0
29005, 2563522, 0, 0, 0
29100, 9698813, 1, 0, 0
29101, 2818666, 0, 0, 0
29200, 9561187, 1, 0, 0
29201, 2468409, 0, 0, 0
29300, 9141168, 1, 0, 0
29300, 2737501, 0, 0, 0
29400, 9048446, 1, 0, 0
29402, 2596840, 0, 0, 0
29500, 9412173, 1, 0, 0
29502, 2487204, 0, 0, 0
29600, 9404129, 1, 0, 0
29603, 2376932, 0, 0, 0
29701, 9246994, 1, 0, 0
29701, 2901897, 0, 0, 0
29800, 9851295, 1, 0, 0
29804, 2478284, 0, 0, 0
29900, 9683415, 1, 0, 0
29900, 2436557, 0, 0, 0
30001, 8898092, 1, 0, 0
30001, 2569360, 0, 0, 0
30100, 2622592, 0, 0, 0
30101, 9390661, 1, 0, 0
30200, 9383574, 1, 0, 0
30200, 2709093, 0, 0, 0
30300, 9728273, 1, 0, 0
30303, 2868329, 0, 0, 0
30400, 9104449, 1, 0, 0
30400, 2715839, 0, 0, 0
30500, 9392758, 1, 0, 0
30501, 2585678, 0, 0, 0
30600, 2686861, 0, 0, 0
30600, 9707490, 1, 0, 0
30700, 9756612, 1, 0, 0
30700, 2499442, 0, 0, 0
30800, 9419996, 1, 0, 0
30800, 2667410, 0, 0, 0
30900, 9334625, 1, 0, 0
30901, 2727612, 0, 0, 0
31000, 9078821, 1, 0, 0
31001, 2667473, 0, 0, 0
31100, 2869868, 0, 0, 0
31101, 9465980, 1, 0, 0
31200, 9431275, 1, 0, 0
31202, 2665732, 0, 0, 0
31301, 2525020, 0, 0, 0
31302, 9627443, 1, 0, 0
31400, 9756926, 1, 0, 0
31401, 2767596, 0, 0, 0
31501, 9452533, 1, 0, 0
31501, 2787928, 0, 0, 0
31600, 9772387, 1, 0, 0
31604, 3242264, 0, 0, 0
31700, 2520212, 0, 0, 0
31702, 9791200, 1, 0, 0
31800, 9670989, 1, 0, 0
31800, 2698030, 0, 0, 0
31900, 9578260, 1, 0, 0
31901, 2724907, 0, 0, 0
32000, 9677740, 1, 0, 0
32001, 2727176, 0, 0, 0
32100, 2563362, 0, 0, 0
32102, 10322220, 1, 0, 0
32200, 9848187, 1, 0, 0
32200, 2612597, 0, 0, 0
32300, 2601639, 0, 0, 0
32300, 9208635, 1, 0, 0
32400, 9750224, 1, 0, 0
32400, 2527763, 0, 0, 0
32500, 10596137, 1, 0, 0
32500, 2488606, 0, 0, 0
32600, 9545874, 1, 0, 0
32601, 2734189, 0, 0, 0
32700, 9799784, 1, 0, 0
32706, 2826141, 0, 0, 0
32800, 10240355, 1, 0, 0
32803, 2899472, 0, 0, 0
32900, 2927108, 0, 0, 0
32900, 9998918, 1, 0, 0
33000, 10148196, 1, 0, 0
33001, 2897081, 0, 0, 0
33100, 2721328, 0, 0, 0
33100, 10535087, 1, 0, 0
33201, 3439719, 0, 0, 0
33202, 10692887, 1, 0, 0
33300, 10567859, 1, 0, 0
33301, 3306836, 0, 0, 0
33400, 3170962, 0, 0, 0
33400, 10020807, 1, 0, 0
33500, 9998849, 1, 0, 0
33500, 3152327, 0, 0, 0
33601, 3141792, 0, 0, 0
33601, 10104219, 1, 0, 0
33700, 2513186, 0, 0, 0
33700, 10253734, 1, 0, 0
33801, 9716070, 1, 0, 0
33801, 3485627, 0, 0, 0
33900, 9748138, 1, 0, 0
33900, 2934237, 0, 0, 0
34000, 9635285, 1, 0, 0
34000, 2823235, 0, 0, 0
34100, 9697858, 1, 0, 0
34101, 3111467, 0, 0, 0
34200, 2871413, 0, 0, 0
34201, 9733598, 1, 0, 0
34300, 9801391, 1, 0, 0
34301, 2580312, 0, 0, 0
34400, 2913522, 0, 0, 0
34400, 9679518, 1, 0, 0
34500, 9660568, 1, 0, 0
34501, 2699464, 0, 0, 0
34600, 10151654, 1, 0, 0
34601, 2947521, 0, 0, 0
34700, 9729255, 1, 0, 0
34703, 2730202, 0, 0, 0
34800, 10351129, 1, 0, 0
34801, 2616843, 0, 0, 0
34900, 2777208, 0, 0, 0
34901, 10600248, 1, 0, 0
35000, 10045075, 1, 0, 0
35002, 2720911, 0, 0, 0
35100, 10429505, 1, 0, 0
35101, 2852908, 0, 0, 0
35200, 10298287, 1, 0, 0
35200, 2817310, 0, 0, 0
35300, 9700889, 1, 0, 0
35302, 2529780, 0, 0, 0
35400, 10234284, 1, 0, 0
35400, 2831369, 0, 0, 0
35501, 2513289, 0, 0, 0
35501, 9843040, 1, 0, 0
35600, 9740543, 1, 0, 0
35602, 2870935, 0, 0, 0
35700, 2571498, 0, 0, 0
35700, 9733940, 1, 0, 0
35800, 9594453, 1, 0, 0
35801, 2633643, 0, 0, 0
35900, 9763165, 1, 0, 0
35901, 2761236, 0, 0, 0
36000, 9714344, 1, 0, 0
36001, 2480093, 0, 0, 0
36102, 9474760, 1, 0, 0
36103, 3092505, 0, 0, 0
36200, 2894549, 0, 0, 0
36200, 9539498, 1, 0, 0
36300, 9504174, 1, 0, 0
36301, 2756116, 0, 0, 0
36400, 9889157, 1, 0, 0
36400, 2752276, 0, 0, 0
36500, 2537026, 0, 0, 0
36500, 9867046, 1, 0, 0
36600, 2589129, 0, 0, 0
36600, 9560850, 1, 0, 0
36700, 2604933, 0, 0, 0
36700, 9546920, 1, 0, 0
36801, 9667172, 1, 0, 0
36801, 3195518, 0, 0, 0
36900, 2445301, 0, 0, 0
36900, 9387050, 1, 0, 0
37000, 10736038, 1, 0, 0
37000, 2406851, 0, 0, 0
37100, 2892941, 0, 0, 0
37100, 9641172, 1, 0, 0
37200, 10169115, 1, 0, 0
37201, 2703494, 0, 0, 0
37300, 9994795, 1, 0, 0
37300, 3260857, 0, 0, 0
37400, 10488513, 1, 0, 0
37400, 2708551, 0, 0, 0
37500, 10269998, 1, 0, 0
37502, 3050291, 0, 0, 0
37600, 3110164, 0, 0, 0
37601, 10184357, 1, 0, 0
37700, 10157856, 1, 0, 0
37702, 3055411, 0, 0, 0
37800, 4792153, 0, 0, 0
37800, 11700669, 1, 0, 0
37900, 10328998, 1, 0, 0
37900, 3429707, 0, 0, 0
38000, 10153958, 1, 0, 0
38000, 2891505, 0, 0, 0
38101, 10730343, 1, 0, 0
38101, 3309912, 0, 0, 0
38200, 2820232, 0, 0, 0
38201, 10227540, 1, 0, 0
38300, 10019152, 1, 0, 0
38302, 2740035, 0, 0, 0
38400, 10504297, 1, 0, 0
38401, 2871387, 0, 0, 0
38500, 9943025, 1, 0, 0
38507, 3803362, 0, 0, 0
38600, 10171698, 1, 0, 0
38600, 2497614, 0, 0, 0
38700, 9732577, 1, 0, 0
38700, 3549507, 0, 0, 0
38801, 9668928, 1, 0, 0
38804, 3226479, 0, 0, 0
38900, 9682921, 1, 0, 0
38900, 2774087, 0, 0, 0
39000, 9940872, 1, 0, 0
39001, 3135695, 0, 0, 0
39100, 2599658, 0, 0, 0
39100, 9828363, 1, 0, 0
39200, 2294936, 0, 0, 0
39200, 10166973, 1, 0, 0
39300, 9593866, 1, 0, 0
39303, 2744451, 0, 0, 0
39400, 3472842, 0, 0, 0
39400, 9930344, 1, 0, 0
39500, 2600272, 0, 0, 0
39500, 10363926, 1, 0, 0
39600, 10082855, 1, 0, 0
39601, 2630838, 0, 0, 0
39700, 9349007, 1, 0, 0
39701, 3094292, 0, 0, 0
39800, 9802699, 1, 0, 0
39801, 2862137, 0, 0, 0
39900, 9913918, 1, 0, 0
39900, 2694615, 0, 0, 0
40000, 3299349, 0, 0, 0
40000, 9976126, 1, 0, 0
40100, 9846776, 1, 0, 0
40101, 2934016, 0, 0, 0
40200, 2855345, 0, 0, 0
40200, 9625252, 1, 0, 0
40300, 9954099, 1, 0, 0
40301, 3052257, 0, 0, 0
40400, 3301857, 0, 0, 0
40400, 9650326, 1, 0, 0
40500, 10117105, 1, 0, 0
40500, 2503778, 0, 0, 0
40600, 10189747, 1, 0, 0
40602, 2609487, 0, 0, 0
40701, 9624093, 1, 0, 0
40703, 3024638, 0, 0, 0
40800, 3347193, 0, 0, 0
40800, 9827744, 1, 0, 0
40900, 2548472, 0, 0, 0
40900, 9640025, 1, 0, 0
41000, 3338194, 0, 0, 0
41000, 9632329, 1, 0, 0
41100, 9911631, 1, 0, 0
41100, 2636816, 0, 0, 0
41200, 10143821, 1, 0, 0
41202, 2821014, 0, 0, 0
41300, 3198587, 0, 0, 0
41300, 9791897, 1, 0, 0
41400, 10282175, 1, 0, 0
41401, 2552528, 0, 0, 0
41500, 9963246, 1, 0, 0
41500, 2458218, 0, 0, 0
41600, 10122254, 1, 0, 0
41600, 3153902, 0, 0, 0
41700, 2791327, 0, 0, 0
41700, 9573617, 1, 0, 0
41801, 10410123, 1, 0, 0
41802, 2609321, 0, 0, 0
41900, 10339829, 1, 0, 0
41903, 2294971, 0, 0, 0
42000, 9971536, 1, 0, 0
42001, 2649603, 0, 0, 0
42100, 9596111, 1, 0, 0
42102, 2839612, 0, 0, 0
42200, 9803830, 1, 0, 0
42200, 3285390, 0, 0, 0
42300, 10045158, 1, 0, 0
42301, 3132962, 0, 0, 0
42400, 9711694, 1, 0, 0
42401, 2388341, 0, 0, 0
42500, 9970417, 1, 0, 0
42502, 2765692, 0, 0, 0
42600, 9490922, 1, 0, 0
42600, 2701586, 0, 0, 0
42700, 9579155, 1, 0, 0
42701, 2783413, 0, 0, 0
42800, 2693272, 0, 0, 0
42800, 9533341, 1, 0, 0
42900, 9807020, 1, 0, 0
42901, 2450604, 0, 0, 0
43000, 9729802, 1, 0, 0
43000, 2553400, 0, 0, 0
43100, 2574831, 0, 0, 0
43100, 9241984, 1, 0, 0
43200, 2383422, 0, 0, 0
43200, 9212136, 1, 0, 0
43300, 9521624, 1, 0, 0
43300, 3170566, 0, 0, 0
43401, 9873351, 1, 0, 0
43402, 2879310, 0, 0, 0
43500, 9315369, 1, 0, 0
43501, 2593816, 0, 0, 0
43600, 10702345, 1, 0, 0
43602, 2198845, 0, 0, 0
43700, 9490551, 1, 0, 0
43700, 2471909, 0, 0, 0
43800, 10058392, 1, 0, 0
43801, 3021234, 0, 0, 0
43900, 2890904, 0, 0, 0
43900, 9327632, 1, 0, 0
44000, 9883795, 1, 0, 0
44000, 2444563, 0, 0, 0
44100, 9319384, 1, 0, 0
44100, 2261937, 0, 0, 0
44200, 2668124, 0, 0, 0
44200, 9600869, 1, 0, 0
44300, 3433281, 0, 0, 0
44302, 9433166, 1, 0, 0
44400, 9968257, 1, 0, 0
44401, 3445682, 0, 0, 0
44500, 9489975, 1, 0, 0
44500, 2678932, 0, 0, 0
44600, 9311395, 1, 0, 0
44600, 3217043, 0, 0, 0
44700, 9519521, 1, 0, 0
44702, 2742002, 0, 0, 0
44800, 9886573, 1, 0, 0
44804, 2786805, 0, 0, 0
44900, 9717631, 1, 0, 0
44900, 2604949, 0, 0, 0
45000, 10177621, 1, 0, 0
45000, 3026033, 0, 0, 0
45101, 2769394, 0, 0, 0
45102, 10144554, 1, 0, 0
45200, 10145395, 1, 0, 0
45200, 2994232, 0, 0, 0
45300, 2854661, 0, 0, 0
45300, 9474242, 1, 0, 0
45400, 9887483, 1, 0, 0
45401, 2918779, 0, 0, 0
45500, 10289116, 1, 0, 0
45501, 3258873, 0, 0, 0
45601, 2368708, 0, 0, 0
45602, 10333612, 1, 0, 0
45700, 9559756, 1, 0, 0
45703, 2819528, 0, 0, 0
45800, 9566133, 1, 0, 0
45801, 2672984, 0, 0, 0
45900, 2802488, 0, 0, 0
45900, 9740672, 1, 0, 0
46000, 9956781, 1, 0, 0
46000, 2558760, 0, 0, 0
46100, 9947258, 1, 0, 0
46100, 2526658, 0, 0, 0
46200, 2387335, 0, 0, 0
46200, 10127115, 1, 0, 0
46300, 10254146, 1, 0, 0
46302, 2363719, 0, 0, 0
46400, 9706453, 1, 0, 0
46403, 2612272, 0, 0, 0
46500, 9623583, 1, 0, 0
46501, 2767903, 0, 0, 0
46600, 9950069, 1, 0, 0
46602, 2606264, 0, 0, 0
46700, 9750285, 1, 0, 0
46700, 2682617, 0, 0, 0
46800, 9363502, 1, 0, 0
46800, 2676936, 0, 0, 0
46900, 9668579, 1, 0, 0
46902, 2725088, 0, 0, 0
47000, 9448058, 1, 0, 0
47000, 2634648, 0, 0, 0
47100, 2727886, 0, 0, 0
47101, 9707947, 1, 0, 0
47200, 2393525, 0, 0, 0
47201, 9449925, 1, 0, 0
47300, 9386529, 1, 0, 0
47301, 2794645, 0, 0, 0
47400, 10029709, 1, 0, 0
47401, 2818689, 0, 0, 0
47500, 2833144, 0, 0, 0
47501, 9765351, 1, 0, 0
47600, 9501196, 1, 0, 0
47600, 2780947, 0, 0, 0
47700, 2590125, 0, 0, 0
47700, 9694175, 1, 0, 0
47800, 9724867, 1, 0, 0
47801, 2695601, 0, 0, 0
47901, 2381365, 0, 0, 0
47901, 9569235, 1, 0, 0
48000, 2961869, 0, 0, 0
48000, 9329437, 1, 0, 0
48100, 9229285, 1, 0, 0
48100, 3048859, 0, 0, 0
48200, 9482340, 1, 0, 0
48200, 3811391, 0, 0, 0
48300, 9459065, 1, 0, 0
48303, 2903371, 0, 0, 0
48400, 9531717, 1, 0, 0
48402, 2791790, 0, 0, 0
48500, 2779492, 0, 0, 0
48500, 9981634, 1, 0, 0
48600, 3307150, 0, 0, 0
48600, 9643852, 1, 0, 0
48700, 9854759, 1, 0, 0
48700, 2782325, 0, 0, 0
48800, 2910692, 0, 0, 0
48800, 9524490, 1, 0, 0
48900, 9459726, 1, 0, 0
48901, 2522413, 0, 0, 0
49000, 9969105, 1, 0, 0
49001, 2907158, 0, 0, 0
49100, 10262355, 1, 0, 0
49102, 2692472, 0, 0, 0
49200, 2481626, 0, 0, 0
49200, 9860520, 1, 0, 0
49300, 3166708, 0, 0, 0
49302, 9633627, 1, 0, 0
49400, 2893345, 0, 0, 0
49400, 9865026, 1, 0, 0
49500, 2300979, 0, 0, 0
49502, 10153901, 1, 0, 0
49600, 9521435, 1, 0, 0
49600, 3054307, 0, 0, 0
49700, 9477648, 1, 0, 0
49700, 3115266, 0, 0, 0
49800, 2852036, 0, 0, 0
49801, 10336986, 1, 0, 0
49900, 9574783, 1, 0, 0
49901, 2671673, 0, 0, 0
50000, 10184065, 1, 0, 0
50001, 2715227, 0, 0, 0
50100, 2829291, 0, 0, 0
50103, 9843556, 1, 0, 0
50200, 9483730, 1, 0, 0
50201, 3218394, 0, 0, 0
50300, 9964695, 1, 0, 0
50300, 2843042, 0, 0, 0
50400, 9496293, 1, 0, 0
50400, 2722118, 0, 0, 0
50500, 9574521, 1, 0, 0
50501, 2742753, 0, 0, 0
50600, 2750735, 0, 0, 0
50600, 9360834, 1, 0, 0
50700, 2835770, 0, 0, 0
50700, 9471950, 1, 0, 0
50800, 2838761, 0, 0, 0
50800, 9744818, 1, 0, 0
50900, 9425576, 1, 0, 0
50900, 2605902, 0, 0, 0
51000, 10010199, 1, 0, 0
51002, 2797669, 0, 0, 0
51100, 9797208, 1, 0, 0
51101, 2683981, 0, 0, 0
51200, 9185682, 1, 0, 0
51201, 2777893, 0, 0, 0
51300, 2571940, 0, 0, 0
51301, 9220473, 1, 0, 0
51400, 3061127, 0, 0, 0
51401, 9699775, 1, 0, 0
51500, 9453843, 1, 0, 0
51503, 2906733, 0, 0, 0
51600, 9659833, 1, 0, 0
51601, 2981363, 0, 0, 0
51701, 2729725, 0, 0, 0
51701, 9612298, 1, 0, 0
51801, 2890287, 0, 0, 0
51802, 9992421, 1, 0, 0
51900, 9411223, 1, 0, 0
51900, 2625456, 0, 0, 0
52000, 9873218, 1, 0, 0
52001, 2348877, 0, 0, 0
52100, 9426715, 1, 0, 0
52100, 2660630, 0, 0, 0
52200, 9628952, 1, 0, 0
52202, 2692938, 0, 0, 0
52300, 9480796, 1, 0, 0
52300, 2222794, 0, 0, 0
52400, 9592021, 1, 0, 0
52400, 2773892, 0, 0, 0
52500, 9652174, 1, 0, 0
52501, 2811326, 0, 0, 0
52600, 2631956, 0, 0, 0
52602, 9626791, 1, 0, 0
52701, 9425679, 1, 0, 0
52702, 2596216, 0, 0, 0
52800, 9415621, 1, 0, 0
52802, 2452625, 0, 0, 0
52900, 2703729, 0, 0, 0
52900, 9189635, 1, 0, 0
53001, 9673874, 1, 0, 0
53002, 2473978, 0, 0, 0
53100, 2210334, 0, 0, 0
53100, 9464280, 1, 0, 0
53200, 10100359, 1, 0, 0
53204, 2649720, 0, 0, 0
53300, 9315013, 1, 0, 0
53302, 3004653, 0, 0, 0
53400, 9356821, 1, 0, 0
53401, 2691474, 0, 0, 0
53501, 2929263, 0, 0, 0
53502, 9344440, 1, 0, 0
53603, 9701595, 1, 0, 0
53604, 2583279, 0, 0, 0
53700, 8988369, 1, 0, 0
53700, 2730887, 0, 0, 0
53800, 9924248, 1, 0, 0
53800, 2453414, 0, 0, 0
53900, 2676645, 0, 0, 0
53901, 9565039, 1, 0, 0
54000, 9678322, 1, 0, 0
54001, 2342506, 0, 0, 0
54100, 9550463, 1, 0, 0
54101, 2478527, 0, 0, 0
54200, 2301396, 0, 0, 0
54202, 9693471, 1, 0, 0
54300, 9041306, 1, 0, 0
54300, 2580520, 0, 0, 0
54401, 9363486, 1, 0, 0
54401, 2506651, 0, 0, 0
54500, 9347382, 1, 0, 0
54502, 2679049, 0, 0, 0
54600, 9387767, 1, 0, 0
54600, 2339635, 0, 0, 0
54700, 9695583, 1, 0, 0
54702, 2480174, 0, 0, 0
54800, 2786737, 0, 0, 0
54802, 9800501, 1, 0, 0
54900, 9866040, 1, 0, 0
54901, 2473194, 0, 0, 0
55000, 9123467, 1, 0, 0
55000, 2354245, 0, 0, 0
55100, 2719736, 0, 0, 0
55100, 9305888, 1, 0, 0
55200, 2635473, 0, 0, 0
55200, 9364058, 1, 0, 0
55300, 10114169, 1, 0, 0
55302, 2304281, 0, 0, 0
55400, 9457038, 1, 0, 0
55409, 2739441, 0, 0, 0
55500, 10077344, 1, 0, 0
55500, 2156727, 0, 0, 0
55600, 10013518, 1, 0, 0
55601, 2176768, 0, 0, 0
55700, 9420258, 1, 0, 0
55700, 2703783, 0, 0, 0
55800, 2468686, 0, 0, 0
55800, 9707781, 1, 0, 0
55900, 2328919, 0, 0, 0
55900, 9708405, 1, 0, 0
56000, 9724210, 1, 0, 0
56000, 1959191, 0, 0, 0
56100, 9362627, 1, 0, 0
56100, 2319809, 0, 0, 0
56200, 2134020, 0, 0, 0
56201, 9486202, 1, 0, 0
56300, 2507112, 0, 0, 0
56300, 9015314, 1, 0, 0
56400, 2404471, 0, 0, 0
56400, 9705883, 1, 0, 0
56501, 9949981, 1, 0, 0
56501, 2376696, 0, 0, 0
56600, 10033145, 1, 0, 0
56602, 2394825, 0, 0, 0
56701, 2950862, 0, 0, 0
56701, 9437395, 1, 0, 0
56800, 9484654, 1, 0, 0
56800, 2606393, 0, 0, 0
56900, 2765941, 0, 0, 0
56901, 9428810, 1, 0, 0
57000, 9352702, 1, 0, 0
57003, 2381538, 0, 0, 0
57101, 9391222, 1, 0, 0
57102, 2611795, 0, 0, 0
57200, 9174804, 1, 0, 0
57201, 2589620, 0, 0, 0
57300, 9153880, 1, 0, 0
57301, 2432749, 0, 0, 0
57400, 8977578, 1, 0, 0
57400, 2795993, 0, 0, 0
57500, 10002839, 1, 0, 0
57500, 2652468, 0, 0, 0
57600, 9607809, 1, 0, 0
57601, 2554691, 0, 0, 0
57700, 9224526, 1, 0, 0
57700, 2435740, 0, 0, 0
57800, 2392000, 0, 0, 0
57800, 10675443, 1, 0, 0
57900, 9779410, 1, 0, 0
57902, 2552300, 0, 0, 0
58000, 3440556, 0, 0, 0
58000, 9180264, 1, 0, 0
58100, 9328364, 1, 0, 0
58103, 3062830, 0, 0, 0
58200, 9428417, 1, 0, 0
58203, 2935401, 0, 0, 0
58300, 2710150, 0, 0, 0
58300, 9466761, 1, 0, 0
58400, 2592209, 0, 0, 0
58401, 9897628, 1, 0, 0
58500, 2494943, 0, 0, 0
58501, 9340419, 1, 0, 0
58600, 9992133, 1, 0, 0
58600, 2376457, 0, 0, 0
58700, 9833681, 1, 0, 0
58701, 2514782, 0, 0, 0
58800, 8916503, 1, 0, 0
58800, 2748831, 0, 0, 0
58900, 9801760, 1, 0, 0
58901, 2346919, 0, 0, 0
59000, 9630059, 1, 0, 0
59002, 2867149, 0, 0, 0
59100, 2259599, 0, 0, 0
59100, 9456944, 1, 0, 0
59200, 10830796, 1, 0, 0
59203, 2117536, 0, 0, 0
59300, 9665445, 1, 0, 0
59301, 2488205, 0, 0, 0
59400, 2787176, 0, 0, 0
59400, 9855428, 1, 0, 0
59502, 9748682, 1, 0, 0
59506, 2531590, 0, 0, 0
59601, 10432545, 1, 0, 0
59601, 2654235, 0, 0, 0
59700, 9156804, 1, 0, 0
59701, 2322884, 0, 0, 0
59800, 10396378, 1, 0, 0
59801, 2385563, 0, 0, 0
59900, 2519151, 0, 0, 0
59901, 9985772, 1, 0, 0
60000, 9412504, 1, 0, 0
60001, 2330416, 0, 0, 0
60100, 9433392, 1, 0, 0
60108, 2565823, 0, 0, 0
60200, 9614556, 1, 0, 0
60200, 2284104, 0, 0, 0
60300, 2865788, 0, 0, 0
60300, 8873157, 1, 0, 0
60400, 10051616, 1, 0, 0
60401, 2582951, 0, 0, 0
60501, 9698252, 1, 0, 0
60505, 3095254, 0, 0, 0
60600, 9494811, 1, 0, 0
60601, 2616155, 0, 0, 0
60700, 9670758, 1, 0, 0
60703, 2572285, 0, 0, 0
60800, 9313306, 1, 0, 0
60800, 3056900, 0, 0, 0
60900, 9486225, 1, 0, 0
60902, 2585240, 0, 0, 0
61000, 2234563, 0, 0, 0
61000, 10140292, 1, 0, 0
61100, 2694044, 0, 0, 0
61101, 9469354, 1, 0, 0
61200, 2977840, 0, 0, 0
61200, 9802996, 1, 0, 0
61300, 9584575, 1, 0, 0
61301, 2082074, 0, 0, 0
61401, 9988438, 1, 0, 0
61401, 2588904, 0, 0, 0
61500, 2931595, 0, 0, 0
61500, 9201444, 1, 0, 0
61600, 10047223, 1, 0, 0
61601, 1974617, 0, 0, 0
61700, 2472106, 0, 0, 0
61700, 9675004, 1, 0, 0
61800, 3003496, 0, 0, 0
61801, 9235813, 1, 0, 0
61900, 9816073, 1, 0, 0
61902, 2786536, 0, 0, 0
62000, 2635339, 0, 0, 0
62000, 9429319, 1, 0, 0
62100, 9297022, 1, 0, 0
62100, 2418429, 0, 0, 0
62200, 9343370, 1, 0, 0
62200, 2911678, 0, 0, 0
62300, 2440693, 0, 0, 0
62300, 9108861, 1, 0, 0
62400, 2470643, 0, 0, 0
62400, 9326568, 1, 0, 0
62500, 9313719, 1, 0, 0
62501, 2952070, 0, 0, 0
62600, 10114178, 1, 0, 0
62600, 1779151, 0, 0, 0
62700, 2108229, 0, 0, 0
62700, 10054674, 1, 0, 0
62800, 2635174, 0, 0, 0
62802, 9324106, 1, 0, 0
62900, 2460684, 0, 0, 0
62900, 9810435, 1, 0, 0
63000, 9599640, 1, 0, 0
63002, 2524382, 0, 0, 0
63100, 2603301, 0, 0, 0
63100, 9971972, 1, 0, 0
63200, 9815417, 1, 0, 0
63201, 2737390, 0, 0, 0
63300, 9608474, 1, 0, 0
63301, 2395130, 0, 0, 0
63400, 9304795, 1, 0, 0
63400, 2607589, 0, 0, 0
63500, 9349790, 1, 0, 0
63501, 2286849, 0, 0, 0
63600, 2586728, 0, 0, 0
63601, 8788490, 1, 0, 0
63700, 9622376, 1, 0, 0
63704, 2480085, 0, 0, 0
63800, 9336011, 1, 0, 0
63801, 2505405, 0, 0, 0
63900, 9709943, 1, 0, 0
63904, 2557401, 0, 0, 0
64000, 9929764, 1, 0, 0
64004, 2385466, 0, 0, 0
64100, 9115745, 1, 0, 0
64101, 2607905, 0, 0, 0
64200, 9870074, 1, 0, 0
64201, 2287812, 0, 0, 0
64300, 10053890, 1, 0, 0
64300, 2208947, 0, 0, 0
64400, 9872493, 1, 0, 0
64400, 2031121, 0, 0, 0
64500, 9353595, 1, 0, 0
64501, 2151818, 0, 0, 0
64600, 9663648, 1, 0, 0
64600, 2526187, 0, 0, 0
64701, 9012967, 1, 0, 0
64701, 2460014, 0, 0, 0
64801, 9870445, 1, 0, 0
64805, 2762451, 0, 0, 0
64900, 9866560, 1, 0, 0
64900, 2700877, 0, 0, 0
65000, 9374636, 1, 0, 0
65001, 2642818, 0, 0, 0
65100, 2892558, 0, 0, 0
65101, 9385072, 1, 0, 0
65200, 9980231, 1, 0, 0
65202, 2299417, 0, 0, 0
65300, 9790101, 1, 0, 0
65301, 2940916, 0, 0, 0
65402, 9577794, 1, 0, 0
65402, 2346394, 0, 0, 0
65500, 10412953, 1, 0, 0
65500, 2524441, 0, 0, 0
65600, 9904481, 1, 0, 0
65604, 3115985, 0, 0, 0
65700, 10432683, 1, 0, 0
65705, 2716879, 0, 0, 0
65800, 9899424, 1, 0, 0
65801, 3282768, 0, 0, 0
65900, 10248672, 1, 0, 0
65901, 2983746, 0, 0, 0
66000, 9782252, 1, 0, 0
66001, 2788617, 0, 0, 0
66100, 9772209, 1, 0, 0
66100, 3082546, 0, 0, 0
66200, 10002997, 1, 0, 0
66202, 2394479, 0, 0, 0
66300, 9881923, 1, 0, 0
66301, 2583301, 0, 0, 0
66400, 10304179, 1, 0, 0
66406, 2520403, 0, 0, 0
66500, 9704806, 1, 0, 0
66504, 2978639, 0, 0, 0
66600, 9952490, 1, 0, 0
66601, 2632545, 0, 0, 0
66700, 9167583, 1, 0, 0
66701, 2777478, 0, 0, 0
66800, 10440054, 1, 0, 0
66801, 2410691, 0, 0, 0
66900, 3085311, 0, 0, 0
66900, 8991051, 1, 0, 0
67000, 9480832, 1, 0, 0
67001, 2629475, 0, 0, 0
67101, 9758504, 1, 0, 0
67102, 2886568, 0, 0, 0
67200, 10268156, 1, 0, 0
67201, 2541066, 0, 0, 0
67300, 8968754, 1, 0, 0
67301, 2342510, 0, 0, 0
67400, 10100611, 1, 0, 0
67402, 2853785, 0, 0, 0
67500, 9333596, 1, 0, 0
67502, 2485775, 0, 0, 0
67600, 10230905, 1, 0, 0
67600, 2272312, 0, 0, 0
67700, 9424490, 1, 0, 0
67700, 2890144, 0, 0, 0
67800, 9619540, 1, 0, 0
67801, 2484842, 0, 0, 0
67900, 10208893, 1, 0, 0
67900, 2269503, 0, 0, 0
68000, 9623776, 1, 0, 0
68001, 2389756, 0, 0, 0
68100, 2685082, 0, 0, 0
68100, 9706254, 1, 0, 0
68200, 2084083, 0, 0, 0
68200, 11023351, 1, 0, 0
68300, 9987306, 1, 0, 0
68300, 2475857, 0, 0, 0
68400, 10090541, 1, 0, 0
68400, 2478834, 0, 0, 0
68500, 2436090, 0, 0, 0
68500, 9567283, 1, 0, 0
68600, 9886625, 1, 0, 0
68600, 2611500, 0, 0, 0
68700, 9993277, 1, 0, 0
68702, 2503166, 0, 0, 0
68800, 10286545, 1, 0, 0
68800, 2222808, 0, 0, 0
68901, 9795890, 1, 0, 0
68901, 2232886, 0, 0, 0
69000, 10415114, 1, 0, 0
69001, 2057084, 0, 0, 0
69101, 9433914, 1, 0, 0
69101, 2356816, 0, 0, 0
69200, 9893850, 1, 0, 0
69200, 2531586, 0, 0, 0
69300, 2970026, 0, 0, 0
69300, 9324203, 1, 0, 0
69400, 9394987, 1, 0, 0
69401, 2702415, 0, 0, 0
69500, 10157884, 1, 0, 0
69501, 2392753, 0, 0, 0
69600, 10064547, 1, 0, 0
69601, 2856344, 0, 0, 0
69700, 2818774, 0, 0, 0
69700, 9568717, 1, 0, 0
69801, 10406487, 1, 0, 0
69801, 2112609, 0, 0, 0
69900, 9469033, 1, 0, 0
69900, 2218042, 0, 0, 0
70000, 2686748, 0, 0, 0
70000, 9669619, 1, 0, 0
70100, 9530666, 1, 0, 0
70101, 2147614, 0, 0, 0
70200, 2230094, 0, 0, 0
70200, 9252758, 1, 0, 0
70300, 9116981, 1, 0, 0
70301, 2737165, 0, 0, 0
70400, 9733911, 1, 0, 0
70400, 2279421, 0, 0, 0
70500, 2277418, 0, 0, 0
70501, 9734396, 1, 0, 0
70600, 10438702, 1, 0, 0
70600, 2741309, 0, 0, 0
70700, 2451585, 0, 0, 0
70700, 9613444, 1, 0, 0
70800, 9910713, 1, 0, 0
70801, 2464067, 0, 0, 0
70900, 9863037, 1, 0, 0
70901, 2333992, 0, 0, 0
71001, 2529466, 0, 0, 0
71001, 9653235, 1, 0, 0
71100, 9487337, 1, 0, 0
71100, 2433864, 0, 0, 0
71200, 2361291, 0, 0, 0
71201, 9343661, 1, 0, 0
71300, 2420612, 0, 0, 0
71300, 9734915, 1, 0, 0
71400, 2907753, 0, 0, 0
71400, 9440406, 1, 0, 0
71500, 9798064, 1, 0, 0
71500, 2203580, 0, 0, 0
71600, 9123508, 1, 0, 0
71601, 2345523, 0, 0, 0
71700, 9584162, 1, 0, 0
71700, 2534204, 0, 0, 0
71800, 9266752, 1, 0, 0
71802, 2519952, 0, 0, 0
71900, 9487231, 1, 0, 0
71901, 2449078, 0, 0, 0
72000, 9145890, 1, 0, 0
72001, 2118778, 0, 0, 0
72100, 9588071, 1, 0, 0
72102, 3073669, 0, 0, 0
72200, 9550432, 1, 0, 0
72201, 2300393, 0, 0, 0
72300, 9559173, 1, 0, 0
72300, 2186306, 0, 0, 0
72400, 9312443, 1, 0, 0
72402, 2268099, 0, 0, 0
72500, 9697008, 1, 0, 0
72502, 2534460, 0, 0, 0
72600, 2568371, 0, 0, 0
72600, 9608649, 1, 0, 0
72701, 9622175, 1, 0, 0
72703, 2550296, 0, 0, 0
72800, 9418408, 1, 0, 0
72802, 2842922, 0, 0, 0
72901, 9772223, 1, 0, 0
72902, 2462039, 0, 0, 0
73000, 10069722, 1, 0, 0
73001, 2341662, 0, 0, 0
73100, 10613844, 1, 0, 0
73100, 2570222, 0, 0, 0
73200, 10309011, 1, 0, 0
73201, 2632990, 0, 0, 0
73300, 10317477, 1, 0, 0
73302, 2714866, 0, 0, 0
73400, 9873760, 1, 0, 0
73402, 2830246, 0, 0, 0
73500, 10017637, 1, 0, 0
73501, 2898574, 0, 0, 0
73600, 9618864, 1, 0, 0
73600, 2935510, 0, 0, 0
73700, 2393064, 0, 0, 0
73700, 9668217, 1, 0, 0
73800, 9471557, 1, 0, 0
73800, 2536115, 0, 0, 0
73900, 2583473, 0, 0, 0
73900, 9646675, 1, 0, 0
74000, 9568521, 1, 0, 0
74000, 2455190, 0, 0, 0
74100, 10350830, 1, 0, 0
74101, 2492378, 0, 0, 0
74200, 2605109, 0, 0, 0
74200, 9650354, 1, 0, 0
74300, 2203560, 0, 0, 0
74303, 9868069, 1, 0, 0
74400, 9800278, 1, 0, 0
74400, 2514579, 0, 0, 0
74500, 9333789, 1, 0, 0
74500, 2970098, 0, 0, 0
74600, 9463890, 1, 0, 0
74601, 2704072, 0, 0, 0
74700, 2533520, 0, 0, 0
74701, 9558014, 1, 0, 0
74800, 9423175, 1, 0, 0
74803, 2198951, 0, 0, 0
74900, 10008744, 1, 0, 0
74900, 2446902, 0, 0, 0
75000, 2509365, 0, 0, 0
75000, 9616775, 1, 0, 0
75101, 9841729, 1, 0, 0
75102, 2973715, 0, 0, 0
75200, 9580650, 1, 0, 0
75202, 2584798, 0, 0, 0
75300, 9624347, 1, 0, 0
75301, 2658305, 0, 0, 0
75400, 2339375, 0, 0, 0
75400, 9715735, 1, 0, 0
75500, 9578316, 1, 0, 0
75500, 2766112, 0, 0, 0
75600, 9629303, 1, 0, 0
75600, 2464090, 0, 0, 0
75700, 2549615, 0, 0, 0
75700, 9318639, 1, 0, 0
75800, 9879160, 1, 0, 0
75800, 2878004, 0, 0, 0
75900, 2918950, 0, 0, 0
75901, 9941945, 1, 0, 0
76000, 9693564, 1, 0, 0
76002, 2346959, 0, 0, 0
76100, 2602201, 0, 0, 0
76100, 9672699, 1, 0, 0
76201, 9829970, 1, 0, 0
76203, 2530692, 0, 0, 0
76300, 10037202, 1, 0, 0
76304, 2623678, 0, 0, 0
76400, 9743852, 1, 0, 0
76400, 2558464, 0, 0, 0
76500, 9499118, 1, 0, 0
76500, 2894780, 0, 0, 0
76600, 9601372, 1, 0, 0
76604, 2857066, 0, 0, 0
76702, 9428641, 1, 0, 0
76702, 2918983, 0, 0, 0
76800, 10118109, 1, 0, 0
76800, 3433770, 0, 0, 0
76901, 2411234, 0, 0, 0
76901, 9852767, 1, 0, 0
77000, 2521067, 0, 0, 0
77000, 10035410, 1, 0, 0
77100, 9727160, 1, 0, 0
77101, 2763337, 0, 0, 0
77200, 2942540, 0, 0, 0
77200, 9664642, 1, 0, 0
77300, 2987325, 0, 0, 0
77300, 9315545, 1, 0, 0
77400, 9890827, 1, 0, 0
77401, 3021553, 0, 0, 0
77501, 10929786, 1, 0, 0
77502, 2456791, 0, 0, 0
77600, 2750379, 0, 0, 0
77601, 10266839, 1, 0, 0
77700, 2836936, 0, 0, 0
77700, 9914798, 1, 0, 0
77800, 9872696, 1, 0, 0
77803, 3412678, 0, 0, 0
77901, 9973120, 1, 0, 0
77902, 3161202, 0, 0, 0
78000, 2610546, 0, 0, 0
78001, 10251382, 1, 0, 0
78100, 2688707, 0, 0, 0
78101, 9933097, 1, 0, 0
78201, 9625643, 1, 0, 0
78204, 2784743, 0, 0, 0
78300, 9819750, 1, 0, 0
78304, 3232588, 0, 0, 0
78400, 9701565, 1, 0, 0
78402, 2611935, 0, 0, 0
78500, 9982157, 1, 0, 0
78502, 2431219, 0, 0, 0
78600, 9870211, 1, 0, 0
78601, 2670428, 0, 0, 0
78700, 2623764, 0, 0, 0
78702, 9832912, 1, 0, 0
78800, 2382217, 0, 0, 0
78800, 9688655, 1, 0, 0
78900, 10173693, 1, 0, 0
78900, 1999423, 0, 0, 0
79001, 9789355, 1, 0, 0
79004, 2561307, 0, 0, 0
79100, 10318135, 1, 0, 0
79100, 2530448, 0, 0, 0
79200, 2653753, 0, 0, 0
79200, 9847307, 1, 0, 0
79301, 10052922, 1, 0, 0
79301, 3076458, 0, 0, 0
79400, 9824407, 1, 0, 0
79401, 2949999, 0, 0, 0
79500, 10261542, 1, 0, 0
79500, 2518794, 0, 0, 0
79601, 10922192, 1, 0, 0
79604, 2370231, 0, 0, 0
79702, 9762944, 1, 0, 0
79704, 2692199, 0, 0, 0
79801, 10643699, 1, 0, 0
79801, 2400918, 0, 0, 0
79900, 2570574, 0, 0, 0
79900, 10113937, 1, 0, 0
80000, 2614218, 0, 0, 0
80000, 9859509, 1, 0, 0
80100, 9766957, 1, 0, 0
80102, 2703507, 0, 0, 0
80200, 9682185, 1, 0, 0
80201, 2750103, 0, 0, 0
80300, 2884417, 0, 0, 0
80301, 9538959, 1, 0, 0
80400, 2489226, 0, 0, 0
80400, 10696192, 1, 0, 0
80500, 9787987, 1, 0, 0
80501, 2738979, 0, 0, 0
80600, 10190479, 1, 0, 0
80602, 2655847, 0, 0, 0
80700, 10872196, 1, 0, 0
80701, 2956045, 0, 0, 0
80800, 10156382, 1, 0, 0
80800, 2329427, 0, 0, 0
80900, 2584123, 0, 0, 0
80901, 10252169, 1, 0, 0
81001, 2084512, 0, 0, 0
81002, 10344112, 1, 0, 0
81100, 3052569, 0, 0, 0
81100, 10078424, 1, 0, 0
81200, 2406123, 0, 0, 0
81200, 10044997, 1, 0, 0
81300, 10375984, 1, 0, 0
81302, 2273878, 0, 0, 0
81400, 9656331, 1, 0, 0
81403, 2684916, 0, 0, 0
81500, 9658438, 1, 0, 0
81502, 2786716, 0, 0, 0
81600, 9862764, 1, 0, 0
81603, 2950727, 0, 0, 0
81700, 9803160, 1, 0, 0
81703, 2878112, 0, 0, 0
81801, 10104639, 1, 0, 0
81803, 2700544, 0, 0, 0
81900, 10119405, 1, 0, 0
81902, 2561028, 0, 0, 0
82000, 9682732, 1, 0, 0
82003, 2921821, 0, 0, 0
82100, 2332316, 0, 0, 0
82100, 10201749, 1, 0, 0
82200, 10073999, 1, 0, 0
82201, 2374267, 0, 0, 0
82300, 10539119, 1, 0, 0
82301, 2464301, 0, 0, 0
82400, 9720529, 1, 0, 0
82402, 2317262, 0, 0, 0
82500, 9816804, 1, 0, 0
82502, 2391399, 0, 0, 0
82600, 1947735, 0, 0, 0
82600, 10288249, 1, 0, 0
82700, 9483697, 1, 0, 0
82700, 2222874, 0, 0, 0
82800, 9824570, 1, 0, 0
82801, 2250766, 0, 0, 0
82900, 9823722, 1, 0, 0
82903, 2243215, 0, 0, 0
83000, 9309907, 1, 0, 0
83002, 2559423, 0, 0, 0
83100, 9896181, 1, 0, 0
83100, 2578848, 0, 0, 0
83200, 9151658, 1, 0, 0
83201, 2370753, 0, 0, 0
83301, 2325407, 0, 0, 0
83301, 9715136, 1, 0, 0
83400, 2591602, 0, 0, 0
83400, 10030614, 1, 0, 0
83500, 2709045, 0, 0, 0
83500, 9598553, 1, 0, 0
83600, 2552927, 0, 0, 0
83601, 10055079, 1, 0, 0
83700, 2980894, 0, 0, 0
83700, 10112544, 1, 0, 0
83800, 10124380, 1, 0, 0
83800, 2905956, 0, 0, 0
83900, 9988011, 1, 0, 0
83901, 2604355, 0, 0, 0
84000, 9656321, 1, 0, 0
84001, 2301868, 0, 0, 0
84100, 9717595, 1, 0, 0
84101, 2422739, 0, 0, 0
84200, 9319659, 1, 0, 0
84206, 2608977, 0, 0, 0
84300, 9899504, 1, 0, 0
84301, 2172507, 0, 0, 0
84400, 9824655, 1, 0, 0
84400, 2437942, 0, 0, 0
84500, 10111175, 1, 0, 0
84500, 2385181, 0, 0, 0
84601, 9781004, 1, 0, 0
84601, 2380013, 0, 0, 0
84700, 9904867, 1, 0, 0
84700, 2599191, 0, 0, 0
84800, 9446525, 1, 0, 0
84803, 2665884, 0, 0, 0
84901, 9729470, 1, 0, 0
84901, 2471349, 0, 0, 0
85000, 10202365, 1, 0, 0
85002, 2252961, 0, 0, 0
85100, 9754927, 1, 0, 0
85102, 2305323, 0, 0, 0
85200, 2375220, 0, 0, 0
85200, 9293994, 1, 0, 0
85300, 2710912, 0, 0, 0
85300, 9768941, 1, 0, 0
85400, 9590539, 1, 0, 0
85400, 2436400, 0, 0, 0
85500, 9619527, 1, 0, 0
85500, 2825332, 0, 0, 0
85600, 9356790, 1, 0, 0
85600, 2928163, 0, 0, 0
85700, 9947018, 1, 0, 0
85701, 2675674, 0, 0, 0
85800, 9896352, 1, 0, 0
85805, 2413407, 0, 0, 0
85900, 2409700, 0, 0, 0
85900, 9330024, 1, 0, 0
86000, 9887802, 1, 0, 0
86002, 3458446, 0, 0, 0
86100, 10442860, 1, 0, 0
86100, 2203455, 0, 0, 0
86200, 2279496, 0, 0, 0
86200, 10336081, 1, 0, 0
86300, 10431604, 1, 0, 0
86301, 2682509, 0, 0, 0
86400, 9927771, 1, 0, 0
86400, 2955568, 0, 0, 0
86500, 2378694, 0, 0, 0
86500, 9678436, 1, 0, 0
86600, 2086331, 0, 0, 0
86600, 10079156, 1, 0, 0
86700, 9813968, 1, 0, 0
86704, 2505029, 0, 0, 0
86800, 9690155, 1, 0, 0
86800, 2517896, 0, 0, 0
86901, 2456382, 0, 0, 0
86902, 9638567, 1, 0, 0
87000, 10499454, 1, 0, 0
87001, 2485915, 0, 0, 0
87100, 10010297, 1, 0, 0
87100, 2476201, 0, 0, 0
87200, 2878026, 0, 0, 0
87200, 9963175, 1, 0, 0
87300, 9547630, 1, 0, 0
87300, 2869274, 0, 0, 0
87400, 2659609, 0, 0, 0
87400, 9898714, 1, 0, 0
87500, 2939933, 0, 0, 0
87500, 10473571, 1, 0, 0
87600, 10170918, 1, 0, 0
87602, 2898560, 0, 0, 0
87700, 10037503, 1, 0, 0
87704, 3250701, 0, 0, 0
87800, 10136708, 1, 0, 0
87800, 2700257, 0, 0, 0
87900, 3873532, 0, 0, 0
87900, 9524602, 1, 0, 0
88000, 9741671, 1, 0, 0
88001, 2532092, 0, 0, 0
88100, 11080126, 1, 0, 0
88100, 2802078, 0, 0, 0
88200, 9853958, 1, 0, 0
88202, 2816026, 0, 0, 0
88300, 9655850, 1, 0, 0
88300, 2832574, 0, 0, 0
88400, 2475771, 0, 0, 0
88401, 9628180, 1, 0, 0
88500, 10171933, 1, 0, 0
88500, 2325564, 0, 0, 0
88600, 9458183, 1, 0, 0
88601, 2499277, 0, 0, 0
88700, 9623621, 1, 0, 0
88701, 3099248, 0, 0, 0
88800, 9999088, 1, 0, 0
88802, 2131236, 0, 0, 0
88900, 9636636, 1, 0, 0
88901, 2537026, 0, 0, 0
89000, 9520533, 1, 0, 0
89001, 2871012, 0, 0, 0
89100, 9832337, 1, 0, 0
89100, 2493514, 0, 0, 0
89201, 11260783, 1, 0, 0
89202, 2324856, 0, 0, 0
89300, 9770949, 1, 0, 0
89302, 2572379, 0, 0, 0
89400, 9801606, 1, 0, 0
89401, 2346504, 0, 0, 0
89500, 9882369, 1, 0, 0
89501, 2179042, 0, 0, 0
89600, 10015300, 1, 0, 0
89600, 2549534, 0, 0, 0
89700, 9846514, 1, 0, 0
89702, 2352874, 0, 0, 0
89800, 9556614, 1, 0, 0
89801, 2628689, 0, 0, 0
89900, 9730479, 1, 0, 0
89901, 2671889, 0, 0, 0
90000, 9987354, 1, 0, 0
90005, 2444928, 0, 0, 0
90005, 7428927, 0, 0, 0
90005, 11265871, 1, 0, 0
