100, 7660792, 0, 0, 0
201, 7348590, 0, 0, 0
301, 6487608, 0, 0, 0
402, 6685803, 0, 0, 0
501, 6527255, 0, 0, 0
600, 7051233, 0, 0, 0
701, 7577974, 0, 0, 0
800, 7713565, 0, 0, 0
900, 6587842, 0, 0, 0
1001, 5607763, 0, 0, 0
1100, 5537223, 0, 0, 0
1200, 6582496, 0, 0, 0
1302, 6038814, 0, 0, 0
1402, 6398419, 0, 0, 0
1501, 6416857, 0, 0, 0
1600, 7515614, 0, 0, 0
1700, 6689694, 0, 0, 0
1800, 7184120, 0, 0, 0
1902, 5922889, 0, 0, 0
2002, 6317790, 0, 0, 0
2100, 6134025, 0, 0, 0
2200, 5770988, 0, 0, 0
2301, 5719413, 0, 0, 0
2403, 7351595, 0, 0, 0
2501, 6887994, 0, 0, 0
2601, 6470144, 0, 0, 0
2701, 7065794, 0, 0, 0
2800, 6712291, 0, 0, 0
2900, 6598874, 0, 0, 0
3000, 6330619, 0, 0, 0
3100, 6085705, 0, 0, 0
3200, 6389227, 0, 0, 0
3300, 6551853, 0, 0, 0
3401, 6846988, 0, 0, 0
3501, 7269810, 0, 0, 0
3601, 6768475, 0, 0, 0
3700, 6099775, 0, 0, 0
3800, 6407728, 0, 0, 0
3900, 6247691, 0, 0, 0
4000, 6341877, 0, 0, 0
4100, 6976947, 0, 0, 0
4201, 6798887, 0, 0, 0
4301, 6456971, 0, 0, 0
4401, 6843470, 0, 0, 0
4500, 6689690, 0, 0, 0
4600, 7096479, 0, 0, 0
4702, 6040376, 0, 0, 0
4800, 6363960, 0, 0, 0
4900, 7362216, 0, 0, 0
5000, 7208259, 0, 0, 0
5102, 6365612, 0, 0, 0
5201, 5785169, 0, 0, 0
5302, 7125944, 0, 0, 0
5400, 6993220, 0, 0, 0
5500, 5718411, 0, 0, 0
5602, 6302253, 0, 0, 0
5700, 6446733, 0, 0, 0
5800, 6567720, 0, 0, 0
5902, 7021365, 0, 0, 0
6000, 6587234, 0, 0, 0
6100, 7360993, 0, 0, 0
6202, 6728199, 0, 0, 0
6300, 6394605, 0, 0, 0
6400, 6736767, 0, 0, 0
6501, 6513985, 0, 0, 0
6600, 6145781, 0, 0, 0
6700, 6644968, 0, 0, 0
6803, 6431095, 0, 0, 0
6900, 6218960, 0, 0, 0
7001, 6659221, 0, 0, 0
7101, 7867463, 0, 0, 0
7202, 6347767, 0, 0, 0
7301, 7141698, 0, 0, 0
7400, 7389892, 0, 0, 0
7501, 5579282, 0, 0, 0
7600, 6876374, 0, 0, 0
7701, 6804248, 0, 0, 0
7802, 6600204, 0, 0, 0
7900, 6598539, 0, 0, 0
8000, 6693243, 0, 0, 0
8100, 6011200, 0, 0, 0
8200, 6061244, 0, 0, 0
8301, 6997055, 0, 0, 0
8401, 7371223, 0, 0, 0
8500, 6536562, 0, 0, 0
8601, 6836353, 0, 0, 0
8701, 6657803, 0, 0, 0
8801, 7503598, 0, 0, 0
8900, 7575851, 0, 0, 0
9000, 7194973, 0, 0, 0
9100, 6764244, 0, 0, 0
9202, 6722239, 0, 0, 0
9302, 5712829, 0, 0, 0
9400, 6646211, 0, 0, 0
9501, 7826175, 0, 0, 0
9600, 7051424, 0, 0, 0
9701, 7296902, 0, 0, 0
9803, 6351256, 0, 0, 0
9900, 6711473, 0, 0, 0
10001, 6367974, 0, 0, 0
10101, 6043845, 0, 0, 0
10201, 6827656, 0, 0, 0
10300, 7168348, 0, 0, 0
10402, 6350987, 0, 0, 0
10501, 5977296, 0, 0, 0
10603, 6216355, 0, 0, 0
10700, 6128883, 0, 0, 0
10801, 6539965, 0, 0, 0
10901, 6739809, 0, 0, 0
11000, 5886348, 0, 0, 0
11102, 5961042, 0, 0, 0
11201, 6272669, 0, 0, 0
11300, 7779538, 0, 0, 0
11401, 7538499, 0, 0, 0
11500, 6994175, 0, 0, 0
11602, 6524459, 0, 0, 0
11700, 6727234, 0, 0, 0
11800, 6488964, 0, 0, 0
11901, 7225122, 0, 0, 0
12001, 6818156, 0, 0, 0
12101, 6793391, 0, 0, 0
12202, 7967722, 0, 0, 0
12300, 7532720, 0, 0, 0
12400, 7122312, 0, 0, 0
12500, 6366597, 0, 0, 0
12601, 6897142, 0, 0, 0
12700, 7295215, 0, 0, 0
12802, 6373041, 0, 0, 0
12901, 6794809, 0, 0, 0
13001, 6999251, 0, 0, 0
13100, 6964517, 0, 0, 0
13200, 6938509, 0, 0, 0
13300, 6532443, 0, 0, 0
13400, 6955163, 0, 0, 0
13500, 6353722, 0, 0, 0
13600, 5950104, 0, 0, 0
13700, 6591419, 0, 0, 0
13800, 7700174, 0, 0, 0
13900, 7079507, 0, 0, 0
14002, 7297441, 0, 0, 0
14100, 6928999, 0, 0, 0
14200, 6286980, 0, 0, 0
14300, 7274357, 0, 0, 0
14404, 7640616, 0, 0, 0
14500, 6628767, 0, 0, 0
14600, 5880318, 0, 0, 0
14700, 6151257, 0, 0, 0
14800, 5588870, 0, 0, 0
14901, 7022868, 0, 0, 0
15000, 6731319, 0, 0, 0
15100, 7251435, 0, 0, 0
15202, 6265913, 0, 0, 0
15303, 7087394, 0, 0, 0
15401, 6773027, 0, 0, 0
15500, 6158550, 0, 0, 0
15600, 6525764, 0, 0, 0
15700, 7160047, 0, 0, 0
15802, 7731996, 0, 0, 0
15902, 7955951, 0, 0, 0
16002, 7262786, 0, 0, 0
16102, 6884271, 0, 0, 0
16201, 7477762, 0, 0, 0
16300, 6707490, 0, 0, 0
16400, 7407728, 0, 0, 0
16500, 6093763, 0, 0, 0
16600, 6290350, 0, 0, 0
16701, 6182946, 0, 0, 0
16800, 5989007, 0, 0, 0
16900, 7223281, 0, 0, 0
17001, 6823455, 0, 0, 0
17102, 7206398, 0, 0, 0
17200, 6790294, 0, 0, 0
17300, 6479646, 0, 0, 0
17400, 6535061, 0, 0, 0
17501, 5702467, 0, 0, 0
17602, 7265030, 0, 0, 0
17700, 6631416, 0, 0, 0
17800, 5475428, 0, 0, 0
17900, 5816749, 0, 0, 0
18000, 5697238, 0, 0, 0
18101, 5977316, 0, 0, 0
18200, 7811763, 0, 0, 0
18300, 6307825, 0, 0, 0
18400, 6380303, 0, 0, 0
18502, 7322211, 0, 0, 0
18601, 5853993, 0, 0, 0
18700, 6949684, 0, 0, 0
18800, 7004688, 0, 0, 0
18901, 6304028, 0, 0, 0
19000, 7689297, 0, 0, 0
19103, 6998558, 0, 0, 0
19201, 7257981, 0, 0, 0
19301, 7085526, 0, 0, 0
19401, 6187804, 0, 0, 0
19502, 6819270, 0, 0, 0
19601, 5810589, 0, 0, 0
19700, 6524955, 0, 0, 0
19801, 6755208, 0, 0, 0
19900, 6647279, 0, 0, 0
20001, 5956643, 0, 0, 0
20101, 6555593, 0, 0, 0
20200, 5933954, 0, 0, 0
20302, 6571646, 0, 0, 0
20401, 6391615, 0, 0, 0
20500, 7288062, 0, 0, 0
20601, 7002457, 0, 0, 0
20700, 6155907, 0, 0, 0
20800, 5631851, 0, 0, 0
20900, 5989844, 0, 0, 0
21001, 7158742, 0, 0, 0
21100, 7050365, 0, 0, 0
21202, 5885795, 0, 0, 0
21300, 6029325, 0, 0, 0
21400, 6241677, 0, 0, 0
21501, 6271299, 0, 0, 0
21601, 6732249, 0, 0, 0
21700, 7575850, 0, 0, 0
21802, 5987214, 0, 0, 0
21901, 6750374, 0, 0, 0
22000, 7033320, 0, 0, 0
22100, 6080058, 0, 0, 0
22201, 6485037, 0, 0, 0
22301, 6302830, 0, 0, 0
22400, 6865760, 0, 0, 0
22502, 6832085, 0, 0, 0
22600, 6932473, 0, 0, 0
22701, 6802174, 0, 0, 0
22801, 6684022, 0, 0, 0
22901, 7258485, 0, 0, 0
23002, 6299547, 0, 0, 0
23100, 7793292, 0, 0, 0
23201, 6560130, 0, 0, 0
23300, 6652971, 0, 0, 0
23401, 6206895, 0, 0, 0
23500, 6896667, 0, 0, 0
23600, 6502955, 0, 0, 0
23700, 6201566, 0, 0, 0
23800, 6267666, 0, 0, 0
23900, 6950825, 0, 0, 0
24001, 5946291, 0, 0, 0
24100, 6398771, 0, 0, 0
24202, 6984916, 0, 0, 0
24300, 6176047, 0, 0, 0
24400, 6344713, 0, 0, 0
24500, 7008086, 0, 0, 0
24602, 6298869, 0, 0, 0
24703, 6877914, 0, 0, 0
24800, 6754442, 0, 0, 0
24901, 5575636, 0, 0, 0
25001, 6427061, 0, 0, 0
25100, 7237316, 0, 0, 0
25200, 7164781, 0, 0, 0
25301, 6745364, 0, 0, 0
25401, 6202715, 0, 0, 0
25500, 6351654, 0, 0, 0
25600, 6730478, 0, 0, 0
25701, 6867459, 0, 0, 0
25800, 7599170, 0, 0, 0
25900, 7349092, 0, 0, 0
26000, 6318366, 0, 0, 0
26100, 5615579, 0, 0, 0
26200, 6897399, 0, 0, 0
26300, 6707362, 0, 0, 0
26400, 6400880, 0, 0, 0
26500, 7233637, 0, 0, 0
26601, 7949801, 0, 0, 0
26703, 7096588, 0, 0, 0
26800, 6338708, 0, 0, 0
26900, 7001969, 0, 0, 0
27003, 6620362, 0, 0, 0
27101, 6331023, 0, 0, 0
27201, 6438854, 0, 0, 0
27300, 7443333, 0, 0, 0
27401, 7714080, 0, 0, 0
27501, 6751754, 0, 0, 0
27601, 6938796, 0, 0, 0
27701, 7321919, 0, 0, 0
27801, 6605784, 0, 0, 0
27900, 6156374, 0, 0, 0
28000, 6988659, 0, 0, 0
28100, 6481962, 0, 0, 0
28200, 6833579, 0, 0, 0
28302, 6758821, 0, 0, 0
28401, 7355657, 0, 0, 0
28502, 5610672, 0, 0, 0
28600, 6487257, 0, 0, 0
28700, 6989354, 0, 0, 0
28800, 6593770, 0, 0, 0
28900, 7579778, 0, 0, 0
29000, 7111107, 0, 0, 0
29100, 7901064, 0, 0, 0
29200, 6600615, 0, 0, 0
29300, 7155034, 0, 0, 0
29401, 7378855, 0, 0, 0
29501, 7183632, 0, 0, 0
29601, 7152520, 0, 0, 0
29700, 7771285, 0, 0, 0
29801, 7226085, 0, 0, 0
29900, 6920348, 0, 0, 0
30000, 6738614, 0, 0, 0
30100, 6522046, 0, 0, 0
30200, 7005545, 0, 0, 0
30301, 6688883, 0, 0, 0
30402, 6805927, 0, 0, 0
30500, 7651681, 0, 0, 0
30601, 5995733, 0, 0, 0
30700, 6594292, 0, 0, 0
30800, 8293507, 0, 0, 0
30900, 6322574, 0, 0, 0
31001, 6121210, 0, 0, 0
31101, 6206517, 0, 0, 0
31200, 7734290, 0, 0, 0
31300, 6274669, 0, 0, 0
31402, 6110025, 0, 0, 0
31502, 6322247, 0, 0, 0
31600, 6810582, 0, 0, 0
31702, 6612880, 0, 0, 0
31800, 6952661, 0, 0, 0
31900, 6311755, 0, 0, 0
32000, 6833906, 0, 0, 0
32100, 6539810, 0, 0, 0
32200, 7715941, 0, 0, 0
32300, 7021570, 0, 0, 0
32401, 5842763, 0, 0, 0
32501, 6977311, 0, 0, 0
32601, 6115471, 0, 0, 0
32700, 5753822, 0, 0, 0
32800, 6438143, 0, 0, 0
32900, 7283286, 0, 0, 0
33002, 7084569, 0, 0, 0
33102, 6212018, 0, 0, 0
33201, 6161144, 0, 0, 0
33302, 7479477, 0, 0, 0
33403, 6672738, 0, 0, 0
33500, 6876336, 0, 0, 0
33600, 6103085, 0, 0, 0
33701, 6745963, 0, 0, 0
33801, 6958118, 0, 0, 0
33900, 6693650, 0, 0, 0
34001, 6803651, 0, 0, 0
34100, 6870872, 0, 0, 0
34200, 6185677, 0, 0, 0
34300, 7160567, 0, 0, 0
34402, 6412459, 0, 0, 0
34502, 6597691, 0, 0, 0
34601, 5808694, 0, 0, 0
34701, 6116252, 0, 0, 0
34801, 6148640, 0, 0, 0
34902, 7272710, 0, 0, 0
35000, 7274011, 0, 0, 0
35101, 6986813, 0, 0, 0
35200, 7592004, 0, 0, 0
35300, 7513664, 0, 0, 0
35400, 7648205, 0, 0, 0
35502, 6732768, 0, 0, 0
35602, 6229298, 0, 0, 0
35701, 6773198, 0, 0, 0
35800, 7420403, 0, 0, 0
35900, 6789329, 0, 0, 0
36000, 7506159, 0, 0, 0
36101, 7558744, 0, 0, 0
36202, 6999642, 0, 0, 0
36300, 6235897, 0, 0, 0
36400, 5643042, 0, 0, 0
36501, 5781151, 0, 0, 0
36600, 6640314, 0, 0, 0
36701, 7137778, 0, 0, 0
36800, 7169703, 0, 0, 0
36901, 7530250, 0, 0, 0
37002, 6296046, 0, 0, 0
37100, 7276456, 0, 0, 0
37202, 6475809, 0, 0, 0
37301, 7229270, 0, 0, 0
37400, 6503336, 0, 0, 0
37502, 6180182, 0, 0, 0
37600, 7163246, 0, 0, 0
37702, 6595206, 0, 0, 0
37802, 5795983, 0, 0, 0
37901, 6651370, 0, 0, 0
38000, 7367301, 0, 0, 0
38100, 7227869, 0, 0, 0
38202, 7300923, 0, 0, 0
38301, 7821802, 0, 0, 0
38401, 6516509, 0, 0, 0
38501, 7658536, 0, 0, 0
38601, 6925518, 0, 0, 0
38700, 6693991, 0, 0, 0
38800, 6045188, 0, 0, 0
38900, 6982003, 0, 0, 0
39000, 7845437, 0, 0, 0
39102, 6302034, 0, 0, 0
39201, 7352914, 0, 0, 0
39300, 6528767, 0, 0, 0
39401, 6559488, 0, 0, 0
39500, 5977370, 0, 0, 0
39600, 6505204, 0, 0, 0
39700, 7065999, 0, 0, 0
39801, 6190920, 0, 0, 0
39900, 7153873, 0, 0, 0
40000, 6663843, 0, 0, 0
40100, 6528609, 0, 0, 0
40200, 6989879, 0, 0, 0
40301, 6086898, 0, 0, 0
40401, 6519349, 0, 0, 0
40501, 6106541, 0, 0, 0
40601, 7742753, 0, 0, 0
40700, 6491181, 0, 0, 0
40800, 6148747, 0, 0, 0
40901, 6262733, 0, 0, 0
41001, 7769121, 0, 0, 0
41100, 6362372, 0, 0, 0
41201, 7796443, 0, 0, 0
41301, 6922970, 0, 0, 0
41400, 6503599, 0, 0, 0
41502, 6050954, 0, 0, 0
41601, 5873189, 0, 0, 0
41700, 6530247, 0, 0, 0
41801, 6988454, 0, 0, 0
41901, 6773697, 0, 0, 0
42001, 7189948, 0, 0, 0
42100, 6478525, 0, 0, 0
42201, 6845515, 0, 0, 0
42300, 5771969, 0, 0, 0
42401, 6414568, 0, 0, 0
42502, 7955237, 0, 0, 0
42600, 7245265, 0, 0, 0
42701, 6830738, 0, 0, 0
42802, 7267437, 0, 0, 0
42901, 6908153, 0, 0, 0
43000, 6664470, 0, 0, 0
43101, 6085315, 0, 0, 0
43201, 7570150, 0, 0, 0
43301, 6840991, 0, 0, 0
43400, 6712991, 0, 0, 0
43500, 6404802, 0, 0, 0
43600, 6909447, 0, 0, 0
43700, 5351564, 0, 0, 0
43800, 7492912, 0, 0, 0
43901, 6637868, 0, 0, 0
44003, 6049044, 0, 0, 0
44100, 7738658, 0, 0, 0
44200, 7252444, 0, 0, 0
44300, 5607884, 0, 0, 0
44400, 7032474, 0, 0, 0
44500, 6861320, 0, 0, 0
44600, 6999446, 0, 0, 0
44702, 6577980, 0, 0, 0
44801, 7190687, 0, 0, 0
44900, 7525956, 0, 0, 0
45000, 5794972, 0, 0, 0
45100, 6821358, 0, 0, 0
45201, 6931724, 0, 0, 0
45300, 6780420, 0, 0, 0
45400, 6468923, 0, 0, 0
45500, 6400363, 0, 0, 0
45600, 6834134, 0, 0, 0
45701, 7013135, 0, 0, 0
45800, 7331820, 0, 0, 0
45900, 6296619, 0, 0, 0
46000, 6149942, 0, 0, 0
46102, 6336576, 0, 0, 0
46200, 6447073, 0, 0, 0
46300, 6839121, 0, 0, 0
46400, 7111934, 0, 0, 0
46500, 6633542, 0, 0, 0
46600, 6297168, 0, 0, 0
46700, 7396024, 0, 0, 0
46800, 6041178, 0, 0, 0
46900, 5849447, 0, 0, 0
47001, 6619120, 0, 0, 0
47100, 7244858, 0, 0, 0
47200, 5998343, 0, 0, 0
47300, 6839393, 0, 0, 0
47402, 6501977, 0, 0, 0
47500, 7120071, 0, 0, 0
47601, 6601123, 0, 0, 0
47701, 6861499, 0, 0, 0
47801, 6071725, 0, 0, 0
47900, 5897219, 0, 0, 0
48001, 6208788, 0, 0, 0
48101, 7060226, 0, 0, 0
48201, 6740712, 0, 0, 0
48300, 7213149, 0, 0, 0
48400, 7115982, 0, 0, 0
48501, 6191623, 0, 0, 0
48600, 6752810, 0, 0, 0
48701, 5727195, 0, 0, 0
48800, 6741269, 0, 0, 0
48900, 5529581, 0, 0, 0
49001, 6646498, 0, 0, 0
49101, 7246737, 0, 0, 0
49201, 6511845, 0, 0, 0
49301, 6300846, 0, 0, 0
49401, 6246642, 0, 0, 0
49501, 7037898, 0, 0, 0
49602, 6420138, 0, 0, 0
49700, 7921036, 0, 0, 0
49800, 6260751, 0, 0, 0
49900, 6231472, 0, 0, 0
50001, 7027594, 0, 0, 0
50102, 5822608, 0, 0, 0
50200, 6729012, 0, 0, 0
50300, 7889874, 0, 0, 0
50402, 7026778, 0, 0, 0
50500, 7115762, 0, 0, 0
50601, 7141952, 0, 0, 0
50703, 6567122, 0, 0, 0
50800, 7896912, 0, 0, 0
50901, 7034171, 0, 0, 0
51000, 6527990, 0, 0, 0
51100, 6097817, 0, 0, 0
51200, 6588348, 0, 0, 0
51300, 6403786, 0, 0, 0
51401, 6213322, 0, 0, 0
51500, 6681901, 0, 0, 0
51600, 6813330, 0, 0, 0
51700, 7170930, 0, 0, 0
51804, 7366643, 0, 0, 0
51901, 7389230, 0, 0, 0
52000, 7035958, 0, 0, 0
52102, 7831770, 0, 0, 0
52200, 7373155, 0, 0, 0
52301, 6104774, 0, 0, 0
52400, 7069226, 0, 0, 0
52501, 6497178, 0, 0, 0
52600, 6447585, 0, 0, 0
52700, 6441006, 0, 0, 0
52800, 6531470, 0, 0, 0
52900, 6048459, 0, 0, 0
53000, 7319977, 0, 0, 0
53100, 7064752, 0, 0, 0
53201, 6368846, 0, 0, 0
53300, 6374572, 0, 0, 0
53400, 6591833, 0, 0, 0
53501, 6594138, 0, 0, 0
53600, 7187173, 0, 0, 0
53700, 7346841, 0, 0, 0
53801, 7248027, 0, 0, 0
53902, 6385018, 0, 0, 0
54002, 5892227, 0, 0, 0
54103, 7233450, 0, 0, 0
54201, 6760703, 0, 0, 0
54300, 6200800, 0, 0, 0
54401, 6154016, 0, 0, 0
54500, 6542952, 0, 0, 0
54602, 6144136, 0, 0, 0
54703, 6170018, 0, 0, 0
54800, 6784714, 0, 0, 0
54901, 6657684, 0, 0, 0
55000, 6522332, 0, 0, 0
55100, 6414244, 0, 0, 0
55200, 7370153, 0, 0, 0
55300, 6948116, 0, 0, 0
55400, 7234078, 0, 0, 0
55501, 6534179, 0, 0, 0
55601, 5980548, 0, 0, 0
55702, 7519826, 0, 0, 0
55803, 6656108, 0, 0, 0
55901, 6988665, 0, 0, 0
56000, 7276702, 0, 0, 0
56101, 6949088, 0, 0, 0
56201, 6899724, 0, 0, 0
56301, 6348829, 0, 0, 0
56400, 6724642, 0, 0, 0
56500, 7203450, 0, 0, 0
56600, 6914000, 0, 0, 0
56700, 5761869, 0, 0, 0
56800, 5937659, 0, 0, 0
56900, 7364153, 0, 0, 0
57000, 6936757, 0, 0, 0
57102, 6886565, 0, 0, 0
57201, 6865602, 0, 0, 0
57302, 6883465, 0, 0, 0
57400, 6789467, 0, 0, 0
57500, 7626267, 0, 0, 0
57602, 6463417, 0, 0, 0
57700, 6515425, 0, 0, 0
57800, 7761425, 0, 0, 0
57900, 6647848, 0, 0, 0
58000, 6607991, 0, 0, 0
58100, 7178384, 0, 0, 0
58200, 5534450, 0, 0, 0
58301, 5831135, 0, 0, 0
58403, 6657663, 0, 0, 0
58500, 6735751, 0, 0, 0
58602, 7045369, 0, 0, 0
58700, 6246263, 0, 0, 0
58800, 6310263, 0, 0, 0
58900, 5602081, 0, 0, 0
59002, 6801997, 0, 0, 0
59102, 6356078, 0, 0, 0
59200, 7198950, 0, 0, 0
59300, 7055139, 0, 0, 0
59400, 6001816, 0, 0, 0
59501, 6270603, 0, 0, 0
59600, 5974911, 0, 0, 0
59701, 7072890, 0, 0, 0
59800, 6399458, 0, 0, 0
59900, 7340416, 0, 0, 0
60001, 6296533, 0, 0, 0
60100, 6605267, 0, 0, 0
60200, 6521511, 0, 0, 0
60300, 6477277, 0, 0, 0
60401, 6435704, 0, 0, 0
60500, 5760155, 0, 0, 0
60600, 6931784, 0, 0, 0
60700, 5588986, 0, 0, 0
60800, 7652770, 0, 0, 0
60900, 7461720, 0, 0, 0
61000, 6535083, 0, 0, 0
61100, 5815137, 0, 0, 0
61200, 6339407, 0, 0, 0
61300, 6434243, 0, 0, 0
61400, 6645084, 0, 0, 0
61500, 5891849, 0, 0, 0
61601, 6871486, 0, 0, 0
61701, 7222576, 0, 0, 0
61803, 6305505, 0, 0, 0
61900, 7177204, 0, 0, 0
62000, 6261583, 0, 0, 0
62100, 6302282, 0, 0, 0
62200, 5836478, 0, 0, 0
62301, 7494549, 0, 0, 0
62402, 7208192, 0, 0, 0
62501, 6978869, 0, 0, 0
62602, 6704351, 0, 0, 0
62700, 6954742, 0, 0, 0
62800, 6752466, 0, 0, 0
62901, 6959944, 0, 0, 0
63001, 6551139, 0, 0, 0
63100, 6438435, 0, 0, 0
63200, 7079628, 0, 0, 0
63302, 7233228, 0, 0, 0
63401, 6852539, 0, 0, 0
63501, 6346413, 0, 0, 0
63603, 5566342, 0, 0, 0
63701, 6359839, 0, 0, 0
63801, 6483437, 0, 0, 0
63904, 6054611, 0, 0, 0
64001, 5983268, 0, 0, 0
64100, 7114585, 0, 0, 0
64200, 5446026, 0, 0, 0
64302, 6145018, 0, 0, 0
64400, 7406119, 0, 0, 0
64500, 5612269, 0, 0, 0
64600, 6428289, 0, 0, 0
64700, 5916064, 0, 0, 0
64800, 6170000, 0, 0, 0
64901, 6367080, 0, 0, 0
65000, 6520691, 0, 0, 0
65102, 6953618, 0, 0, 0
65200, 7205623, 0, 0, 0
65300, 7472460, 0, 0, 0
65400, 6487559, 0, 0, 0
65500, 5819266, 0, 0, 0
65601, 6776480, 0, 0, 0
65700, 7335520, 0, 0, 0
65801, 5673871, 0, 0, 0
65901, 5943198, 0, 0, 0
66000, 5516295, 0, 0, 0
66101, 6487648, 0, 0, 0
66202, 5600410, 0, 0, 0
66303, 6982732, 0, 0, 0
66401, 6280343, 0, 0, 0
66500, 6477754, 0, 0, 0
66600, 6277109, 0, 0, 0
66700, 5727599, 0, 0, 0
66800, 6898880, 0, 0, 0
66900, 6467824, 0, 0, 0
67001, 7072351, 0, 0, 0
67100, 6099117, 0, 0, 0
67200, 5768673, 0, 0, 0
67300, 6895046, 0, 0, 0
67400, 6526804, 0, 0, 0
67500, 7025763, 0, 0, 0
67600, 7054531, 0, 0, 0
67700, 6303628, 0, 0, 0
67800, 6195387, 0, 0, 0
67901, 7315025, 0, 0, 0
68001, 7696552, 0, 0, 0
68100, 6876241, 0, 0, 0
68201, 6630595, 0, 0, 0
68302, 6592374, 0, 0, 0
68400, 5795962, 0, 0, 0
68500, 7124420, 0, 0, 0
68600, 7212556, 0, 0, 0
68701, 6913829, 0, 0, 0
68800, 5511482, 0, 0, 0
68902, 5889617, 0, 0, 0
69000, 6573568, 0, 0, 0
69100, 6417834, 0, 0, 0
69201, 7400979, 0, 0, 0
69301, 6925718, 0, 0, 0
69401, 6915189, 0, 0, 0
69500, 6394467, 0, 0, 0
69601, 6036499, 0, 0, 0
69702, 6916763, 0, 0, 0
69800, 5540104, 0, 0, 0
69902, 5670354, 0, 0, 0
70000, 5877833, 0, 0, 0
70101, 6642840, 0, 0, 0
70200, 6446869, 0, 0, 0
70300, 7637353, 0, 0, 0
70400, 6758839, 0, 0, 0
70500, 6386504, 0, 0, 0
70600, 6514566, 0, 0, 0
70704, 7063583, 0, 0, 0
70800, 6552547, 0, 0, 0
70902, 6870133, 0, 0, 0
71000, 6349238, 0, 0, 0
71100, 6070381, 0, 0, 0
71200, 6169635, 0, 0, 0
71302, 6307630, 0, 0, 0
71400, 6426446, 0, 0, 0
71500, 5834425, 0, 0, 0
71601, 6515550, 0, 0, 0
71700, 7242635, 0, 0, 0
71801, 6367244, 0, 0, 0
71900, 6220968, 0, 0, 0
72001, 6264483, 0, 0, 0
72101, 6245038, 0, 0, 0
72201, 6341812, 0, 0, 0
72301, 7433985, 0, 0, 0
72400, 6247710, 0, 0, 0
72500, 6954144, 0, 0, 0
72600, 7259010, 0, 0, 0
72701, 6567992, 0, 0, 0
72800, 7373162, 0, 0, 0
72900, 7247017, 0, 0, 0
73001, 7420162, 0, 0, 0
73101, 6412528, 0, 0, 0
73201, 6357576, 0, 0, 0
73300, 6477072, 0, 0, 0
73402, 7081119, 0, 0, 0
73501, 6575852, 0, 0, 0
73600, 6621985, 0, 0, 0
73700, 6491533, 0, 0, 0
73800, 7548570, 0, 0, 0
73901, 6957512, 0, 0, 0
74000, 6077397, 0, 0, 0
74100, 6053071, 0, 0, 0
74201, 6186375, 0, 0, 0
74301, 6325415, 0, 0, 0
74400, 7335485, 0, 0, 0
74500, 6897181, 0, 0, 0
74600, 7203621, 0, 0, 0
74702, 5769878, 0, 0, 0
74802, 5979867, 0, 0, 0
74900, 6519730, 0, 0, 0
75000, 6663916, 0, 0, 0
75100, 7073124, 0, 0, 0
75201, 7272629, 0, 0, 0
75301, 6578208, 0, 0, 0
75400, 7212652, 0, 0, 0
75501, 6857194, 0, 0, 0
75600, 6964157, 0, 0, 0
75700, 6895987, 0, 0, 0
75801, 6626822, 0, 0, 0
75901, 7112668, 0, 0, 0
76000, 7109880, 0, 0, 0
76102, 6752146, 0, 0, 0
76200, 5985777, 0, 0, 0
76300, 6857658, 0, 0, 0
76401, 5371982, 0, 0, 0
76501, 5962620, 0, 0, 0
76600, 6973412, 0, 0, 0
76700, 6853769, 0, 0, 0
76800, 7648659, 0, 0, 0
76900, 6636323, 0, 0, 0
77001, 6712871, 0, 0, 0
77100, 6899628, 0, 0, 0
77200, 7373728, 0, 0, 0
77300, 7314422, 0, 0, 0
77400, 7666387, 0, 0, 0
77501, 6127470, 0, 0, 0
77602, 7141158, 0, 0, 0
77702, 6510052, 0, 0, 0
77801, 7002659, 0, 0, 0
77900, 5759791, 0, 0, 0
78000, 6821230, 0, 0, 0
78100, 6014507, 0, 0, 0
78201, 6441430, 0, 0, 0
78301, 6652864, 0, 0, 0
78400, 7459147, 0, 0, 0
78500, 7083302, 0, 0, 0
78600, 7146562, 0, 0, 0
78700, 7061157, 0, 0, 0
78800, 7484390, 0, 0, 0
78900, 6500219, 0, 0, 0
79000, 7065951, 0, 0, 0
79100, 6585145, 0, 0, 0
79200, 6694044, 0, 0, 0
79300, 7144255, 0, 0, 0
79400, 6369543, 0, 0, 0
79500, 6355991, 0, 0, 0
79601, 6746940, 0, 0, 0
79702, 6376699, 0, 0, 0
79801, 6762382, 0, 0, 0
79900, 7050250, 0, 0, 0
80002, 6601166, 0, 0, 0
80100, 6640450, 0, 0, 0
80201, 6773222, 0, 0, 0
80300, 6787518, 0, 0, 0
80400, 6663933, 0, 0, 0
80501, 6530468, 0, 0, 0
80601, 7142198, 0, 0, 0
80701, 7648705, 0, 0, 0
80800, 7708432, 0, 0, 0
80901, 7286867, 0, 0, 0
81000, 6490233, 0, 0, 0
81100, 7247841, 0, 0, 0
81202, 5832842, 0, 0, 0
81300, 7187601, 0, 0, 0
81402, 6655782, 0, 0, 0
81502, 7343077, 0, 0, 0
81600, 6142733, 0, 0, 0
81700, 6283828, 0, 0, 0
81800, 7360825, 0, 0, 0
81901, 6540487, 0, 0, 0
82002, 6849160, 0, 0, 0
82100, 7065756, 0, 0, 0
82200, 6891754, 0, 0, 0
82300, 6045135, 0, 0, 0
82400, 6619878, 0, 0, 0
82503, 6228672, 0, 0, 0
82600, 6623494, 0, 0, 0
82702, 6338638, 0, 0, 0
82801, 6097201, 0, 0, 0
82901, 5654868, 0, 0, 0
83001, 6466088, 0, 0, 0
83102, 6721195, 0, 0, 0
83200, 7795522, 0, 0, 0
83300, 7090317, 0, 0, 0
83401, 7285972, 0, 0, 0
83500, 6990899, 0, 0, 0
83600, 6497119, 0, 0, 0
83700, 6456920, 0, 0, 0
83800, 6645601, 0, 0, 0
83901, 7163848, 0, 0, 0
84001, 7647179, 0, 0, 0
84100, 6682729, 0, 0, 0
84202, 6957271, 0, 0, 0
84301, 6690370, 0, 0, 0
84400, 7606222, 0, 0, 0
84501, 6822975, 0, 0, 0
84600, 7874023, 0, 0, 0
84701, 6457680, 0, 0, 0
84802, 7480997, 0, 0, 0
84900, 6290980, 0, 0, 0
85001, 6772303, 0, 0, 0
85100, 6045243, 0, 0, 0
85203, 7386897, 0, 0, 0
85300, 6283451, 0, 0, 0
85401, 7170647, 0, 0, 0
85500, 7405667, 0, 0, 0
85600, 6783865, 0, 0, 0
85700, 6057865, 0, 0, 0
85801, 6438144, 0, 0, 0
85901, 6670988, 0, 0, 0
86002, 6944730, 0, 0, 0
86103, 7164072, 0, 0, 0
86200, 6045853, 0, 0, 0
86301, 6266635, 0, 0, 0
86402, 6417948, 0, 0, 0
86500, 7457059, 0, 0, 0
86602, 5720161, 0, 0, 0
86701, 6689842, 0, 0, 0
86802, 6756161, 0, 0, 0
86900, 7252041, 0, 0, 0
87000, 6925450, 0, 0, 0
87101, 7051082, 0, 0, 0
87202, 7643924, 0, 0, 0
87301, 6677496, 0, 0, 0
87401, 5854680, 0, 0, 0
87500, 7207776, 0, 0, 0
87600, 6589329, 0, 0, 0
87700, 6680393, 0, 0, 0
87802, 6112929, 0, 0, 0
87900, 6369437, 0, 0, 0
88000, 6542657, 0, 0, 0
88100, 6200942, 0, 0, 0
88200, 5730789, 0, 0, 0
88301, 5974446, 0, 0, 0
88400, 6460544, 0, 0, 0
88501, 5763741, 0, 0, 0
88601, 6630714, 0, 0, 0
88700, 6498354, 0, 0, 0
88800, 6318414, 0, 0, 0
88901, 7101878, 0, 0, 0
89001, 6742836, 0, 0, 0
89103, 6094474, 0, 0, 0
89200, 6041073, 0, 0, 0
89300, 6631813, 0, 0, 0
89400, 6850301, 0, 0, 0
89500, 6530686, 0, 0, 0
89600, 6099032, 0, 0, 0
89700, 6154320, 0, 0, 0
89800, 6272285, 0, 0, 0
89901, 6513735, 0, 0, 0
90001, 5342569, 0, 0, 0
90003, 4654037, 0, 0, 0
