100, 2273728, 0, 0, 0
200, 2438373, 0, 0, 0
300, 2331709, 0, 0, 0
400, 2170630, 0, 0, 0
500, 2032593, 0, 0, 0
600, 1753349, 0, 0, 0
700, 2247934, 0, 0, 0
800, 1972478, 0, 0, 0
900, 2371740, 0, 0, 0
1000, 2174538, 0, 0, 0
1100, 2144419, 0, 0, 0
1200, 2101821, 0, 0, 0
1300, 2398865, 0, 0, 0
1400, 2575008, 0, 0, 0
1500, 2238042, 0, 0, 0
1600, 2301561, 0, 0, 0
1700, 2470680, 0, 0, 0
1800, 2499326, 0, 0, 0
1900, 2429288, 0, 0, 0
2000, 2390243, 0, 0, 0
2100, 2645811, 0, 0, 0
2200, 2769964, 0, 0, 0
2300, 2122164, 0, 0, 0
2400, 2226280, 0, 0, 0
2500, 2167559, 0, 0, 0
2600, 2506075, 0, 0, 0
2700, 2474254, 0, 0, 0
2800, 2446629, 0, 0, 0
2900, 2243142, 0, 0, 0
3000, 2029135, 0, 0, 0
3100, 1977071, 0, 0, 0
3200, 2542578, 0, 0, 0
3300, 2509931, 0, 0, 0
3400, 2274704, 0, 0, 0
3500, 2403717, 0, 0, 0
3600, 1931547, 0, 0, 0
3700, 2349287, 0, 0, 0
3800, 2214216, 0, 0, 0
3900, 2305037, 0, 0, 0
4000, 2332221, 0, 0, 0
4100, 2288142, 0, 0, 0
4200, 2535736, 0, 0, 0
4300, 2222333, 0, 0, 0
4400, 2854966, 0, 0, 0
4500, 2286776, 0, 0, 0
4600, 2490646, 0, 0, 0
4700, 2792823, 0, 0, 0
4800, 2484234, 0, 0, 0
4900, 2267109, 0, 0, 0
5000, 2212419, 0, 0, 0
5100, 2380440, 0, 0, 0
5200, 2704424, 0, 0, 0
5300, 2365328, 0, 0, 0
5400, 1971367, 0, 0, 0
5500, 2318177, 0, 0, 0
5600, 2188513, 0, 0, 0
5700, 2393413, 0, 0, 0
5800, 2138938, 0, 0, 0
5900, 2535369, 0, 0, 0
6000, 2428933, 0, 0, 0
6100, 2357266, 0, 0, 0
6200, 2878909, 0, 0, 0
6300, 2553441, 0, 0, 0
6400, 2459128, 0, 0, 0
6500, 2188604, 0, 0, 0
6600, 2015573, 0, 0, 0
6700, 2186182, 0, 0, 0
6800, 2479778, 0, 0, 0
6900, 2225297, 0, 0, 0
7000, 2271986, 0, 0, 0
7100, 2212517, 0, 0, 0
7200, 2267061, 0, 0, 0
7300, 2270524, 0, 0, 0
7400, 2269571, 0, 0, 0
7500, 2347231, 0, 0, 0
7600, 1985249, 0, 0, 0
7700, 2025457, 0, 0, 0
7800, 2022283, 0, 0, 0
7900, 2524241, 0, 0, 0
8000, 2081260, 0, 0, 0
8100, 2295071, 0, 0, 0
8200, 2442383, 0, 0, 0
8300, 2428872, 0, 0, 0
8400, 2161319, 0, 0, 0
8500, 2145546, 0, 0, 0
8600, 2189315, 0, 0, 0
8700, 2293382, 0, 0, 0
8800, 2328222, 0, 0, 0
8900, 2405949, 0, 0, 0
9000, 1912168, 0, 0, 0
9100, 2175660, 0, 0, 0
9200, 1844367, 0, 0, 0
9300, 1997799, 0, 0, 0
9400, 2437592, 0, 0, 0
9500, 2432397, 0, 0, 0
9600, 2373042, 0, 0, 0
9700, 2532345, 0, 0, 0
9800, 2658923, 0, 0, 0
9900, 2087702, 0, 0, 0
10000, 2211343, 0, 0, 0
10100, 2264355, 0, 0, 0
10200, 2284369, 0, 0, 0
10300, 2082786, 0, 0, 0
10400, 1925450, 0, 0, 0
10500, 2506745, 0, 0, 0
10600, 2349036, 0, 0, 0
10700, 2197060, 0, 0, 0
10800, 1987986, 0, 0, 0
10900, 2150406, 0, 0, 0
11000, 2167869, 0, 0, 0
11100, 1857265, 0, 0, 0
11200, 2474599, 0, 0, 0
11300, 2234494, 0, 0, 0
11400, 2298132, 0, 0, 0
11500, 2474219, 0, 0, 0
11600, 2658425, 0, 0, 0
11700, 2348758, 0, 0, 0
11800, 2964300, 0, 0, 0
11900, 2252777, 0, 0, 0
12000, 2514321, 0, 0, 0
12100, 1948311, 0, 0, 0
12200, 2279353, 0, 0, 0
12300, 2568733, 0, 0, 0
12400, 1986212, 0, 0, 0
12500, 2294730, 0, 0, 0
12600, 2023443, 0, 0, 0
12700, 1975920, 0, 0, 0
12800, 2373778, 0, 0, 0
12900, 2208037, 0, 0, 0
13000, 2320322, 0, 0, 0
13100, 2728158, 0, 0, 0
13200, 2371564, 0, 0, 0
13300, 2159367, 0, 0, 0
13400, 2453463, 0, 0, 0
13500, 2059112, 0, 0, 0
13600, 2233076, 0, 0, 0
13700, 2386298, 0, 0, 0
13800, 2452508, 0, 0, 0
13900, 1954690, 0, 0, 0
14000, 2262955, 0, 0, 0
14100, 2318553, 0, 0, 0
14200, 2037792, 0, 0, 0
14300, 1934953, 0, 0, 0
14400, 2162477, 0, 0, 0
14500, 1902172, 0, 0, 0
14600, 2043383, 0, 0, 0
14700, 1934064, 0, 0, 0
14804, 2403345, 0, 0, 0
14900, 2367881, 0, 0, 0
15000, 2111742, 0, 0, 0
15100, 2111322, 0, 0, 0
15200, 2423031, 0, 0, 0
15300, 2432777, 0, 0, 0
15400, 2535101, 0, 0, 0
15500, 2398041, 0, 0, 0
15600, 2319209, 0, 0, 0
15700, 2300278, 0, 0, 0
15800, 2530019, 0, 0, 0
15900, 2048751, 0, 0, 0
16000, 2094667, 0, 0, 0
16100, 2083342, 0, 0, 0
16200, 2235379, 0, 0, 0
16300, 2062838, 0, 0, 0
16400, 2185748, 0, 0, 0
16500, 2145296, 0, 0, 0
16600, 2329169, 0, 0, 0
16700, 2480701, 0, 0, 0
16800, 1852455, 0, 0, 0
16900, 2501582, 0, 0, 0
17000, 2311977, 0, 0, 0
17100, 2006024, 0, 0, 0
17200, 2175496, 0, 0, 0
17300, 2437224, 0, 0, 0
17400, 2812525, 0, 0, 0
17500, 1997954, 0, 0, 0
17600, 2499194, 0, 0, 0
17700, 2108981, 0, 0, 0
17800, 2431624, 0, 0, 0
17900, 2342580, 0, 0, 0
18000, 2456135, 0, 0, 0
18100, 2291585, 0, 0, 0
18200, 2111437, 0, 0, 0
18300, 2283524, 0, 0, 0
18400, 2432694, 0, 0, 0
18500, 2046037, 0, 0, 0
18600, 2049463, 0, 0, 0
18700, 2324964, 0, 0, 0
18800, 2144616, 0, 0, 0
18900, 2120776, 0, 0, 0
19000, 2202936, 0, 0, 0
19100, 2290422, 0, 0, 0
19200, 2069541, 0, 0, 0
19300, 2004151, 0, 0, 0
19400, 2228721, 0, 0, 0
19500, 2415783, 0, 0, 0
19600, 2345871, 0, 0, 0
19700, 2476214, 0, 0, 0
19800, 2314222, 0, 0, 0
19900, 2083095, 0, 0, 0
20000, 2306706, 0, 0, 0
20100, 2252452, 0, 0, 0
20200, 2329305, 0, 0, 0
20300, 2144876, 0, 0, 0
20400, 2039383, 0, 0, 0
20500, 2093442, 0, 0, 0
20600, 2317659, 0, 0, 0
20700, 2188578, 0, 0, 0
20800, 2385170, 0, 0, 0
20900, 2418104, 0, 0, 0
21000, 2508424, 0, 0, 0
21100, 2346950, 0, 0, 0
21200, 2490090, 0, 0, 0
21300, 2502235, 0, 0, 0
21400, 2438306, 0, 0, 0
21500, 2605553, 0, 0, 0
21600, 2411967, 0, 0, 0
21700, 2488856, 0, 0, 0
21800, 2110894, 0, 0, 0
21900, 1973669, 0, 0, 0
22000, 2186704, 0, 0, 0
22100, 2250088, 0, 0, 0
22200, 2401094, 0, 0, 0
22300, 2129190, 0, 0, 0
22400, 2505744, 0, 0, 0
22500, 2098883, 0, 0, 0
22600, 2484702, 0, 0, 0
22700, 2241376, 0, 0, 0
22800, 2048085, 0, 0, 0
22900, 2382536, 0, 0, 0
23000, 2322414, 0, 0, 0
23100, 2573954, 0, 0, 0
23200, 2128334, 0, 0, 0
23300, 2357149, 0, 0, 0
23400, 2275587, 0, 0, 0
23500, 2636001, 0, 0, 0
23600, 2313510, 0, 0, 0
23700, 2378978, 0, 0, 0
23800, 1989871, 0, 0, 0
23900, 2433709, 0, 0, 0
24000, 2435256, 0, 0, 0
24100, 2398950, 0, 0, 0
24200, 2269357, 0, 0, 0
24300, 2112598, 0, 0, 0
24400, 2764616, 0, 0, 0
24500, 2034681, 0, 0, 0
24600, 2125409, 0, 0, 0
24700, 2077457, 0, 0, 0
24800, 2136995, 0, 0, 0
24900, 2134394, 0, 0, 0
25000, 2340806, 0, 0, 0
25100, 2360828, 0, 0, 0
25200, 1952908, 0, 0, 0
25300, 2582777, 0, 0, 0
25400, 2261708, 0, 0, 0
25500, 2359110, 0, 0, 0
25600, 2531683, 0, 0, 0
25700, 2340122, 0, 0, 0
25800, 2222977, 0, 0, 0
25900, 2156591, 0, 0, 0
26000, 2151964, 0, 0, 0
26100, 2202328, 0, 0, 0
26200, 2360983, 0, 0, 0
26300, 2714691, 0, 0, 0
26400, 2120335, 0, 0, 0
26500, 2292964, 0, 0, 0
26600, 2320460, 0, 0, 0
26700, 2031642, 0, 0, 0
26800, 2047002, 0, 0, 0
26900, 2053668, 0, 0, 0
27000, 2182703, 0, 0, 0
27100, 1935766, 0, 0, 0
27200, 2304851, 0, 0, 0
27300, 2368849, 0, 0, 0
27400, 2319554, 0, 0, 0
27500, 2368950, 0, 0, 0
27600, 2184808, 0, 0, 0
27700, 2346661, 0, 0, 0
27800, 2389175, 0, 0, 0
27900, 2543454, 0, 0, 0
28000, 2658712, 0, 0, 0
28100, 2372376, 0, 0, 0
28200, 2244203, 0, 0, 0
28300, 2202947, 0, 0, 0
28400, 1943590, 0, 0, 0
28500, 1961475, 0, 0, 0
28600, 2401296, 0, 0, 0
28700, 2205912, 0, 0, 0
28800, 2259926, 0, 0, 0
28900, 2111094, 0, 0, 0
29000, 2226885, 0, 0, 0
29100, 2257392, 0, 0, 0
29200, 2557809, 0, 0, 0
29300, 2177253, 0, 0, 0
29400, 2378685, 0, 0, 0
29500, 2294702, 0, 0, 0
29600, 2454110, 0, 0, 0
29700, 2389707, 0, 0, 0
29800, 2214119, 0, 0, 0
29900, 2221324, 0, 0, 0
30000, 2386864, 0, 0, 0
30100, 2361120, 0, 0, 0
30200, 2542267, 0, 0, 0
30300, 2668821, 0, 0, 0
30400, 2258628, 0, 0, 0
30500, 2175341, 0, 0, 0
30601, 2196499, 0, 0, 0
30700, 2494274, 0, 0, 0
30800, 2330391, 0, 0, 0
30900, 2406192, 0, 0, 0
31000, 2072705, 0, 0, 0
31100, 2356538, 0, 0, 0
31200, 2232106, 0, 0, 0
31300, 2189164, 0, 0, 0
31400, 2058695, 0, 0, 0
31500, 2315910, 0, 0, 0
31600, 2419025, 0, 0, 0
31700, 2374077, 0, 0, 0
31800, 2185807, 0, 0, 0
31900, 2369543, 0, 0, 0
32000, 2096283, 0, 0, 0
32100, 2598424, 0, 0, 0
32200, 2226475, 0, 0, 0
32300, 2073601, 0, 0, 0
32400, 2313845, 0, 0, 0
32500, 2061026, 0, 0, 0
32600, 2056546, 0, 0, 0
32700, 1941050, 0, 0, 0
32800, 2141320, 0, 0, 0
32900, 2264314, 0, 0, 0
33000, 1855640, 0, 0, 0
33100, 2206324, 0, 0, 0
33200, 2269938, 0, 0, 0
33300, 2169948, 0, 0, 0
33400, 2081378, 0, 0, 0
33500, 2205881, 0, 0, 0
33600, 2295214, 0, 0, 0
33700, 2167398, 0, 0, 0
33800, 2379066, 0, 0, 0
33900, 2548807, 0, 0, 0
34000, 2477199, 0, 0, 0
34100, 2083550, 0, 0, 0
34200, 2246906, 0, 0, 0
34300, 1979691, 0, 0, 0
34400, 2240601, 0, 0, 0
34500, 2416628, 0, 0, 0
34600, 2286074, 0, 0, 0
34700, 2286929, 0, 0, 0
34800, 2320101, 0, 0, 0
34900, 2367535, 0, 0, 0
35000, 2558249, 0, 0, 0
35100, 2230967, 0, 0, 0
35200, 2320564, 0, 0, 0
35300, 1892717, 0, 0, 0
35400, 2298630, 0, 0, 0
35500, 2512038, 0, 0, 0
35600, 2186354, 0, 0, 0
35700, 2052794, 0, 0, 0
35800, 2056148, 0, 0, 0
35900, 2750246, 0, 0, 0
36000, 2239306, 0, 0, 0
36100, 2469990, 0, 0, 0
36200, 2508629, 0, 0, 0
36300, 2198831, 0, 0, 0
36400, 2375811, 0, 0, 0
36500, 2330091, 0, 0, 0
36600, 2083505, 0, 0, 0
36700, 2454112, 0, 0, 0
36800, 2046127, 0, 0, 0
36900, 2140484, 0, 0, 0
37000, 2440193, 0, 0, 0
37100, 2245088, 0, 0, 0
37200, 2626430, 0, 0, 0
37300, 2411090, 0, 0, 0
37400, 2103186, 0, 0, 0
37500, 2445626, 0, 0, 0
37600, 2439197, 0, 0, 0
37700, 2471996, 0, 0, 0
37800, 2222051, 0, 0, 0
37900, 2336917, 0, 0, 0
38000, 2509622, 0, 0, 0
38100, 2256192, 0, 0, 0
38200, 2001981, 0, 0, 0
38300, 2125900, 0, 0, 0
38400, 2527868, 0, 0, 0
38500, 2059299, 0, 0, 0
38600, 2196724, 0, 0, 0
38700, 2547956, 0, 0, 0
38800, 2778936, 0, 0, 0
38900, 3031725, 0, 0, 0
39000, 2185552, 0, 0, 0
39100, 2186451, 0, 0, 0
39200, 2094410, 0, 0, 0
39300, 2205724, 0, 0, 0
39400, 2284791, 0, 0, 0
39500, 2313880, 0, 0, 0
39600, 2076638, 0, 0, 0
39700, 2183687, 0, 0, 0
39800, 2139765, 0, 0, 0
39900, 2105073, 0, 0, 0
40000, 2373400, 0, 0, 0
40100, 2383340, 0, 0, 0
40200, 1886587, 0, 0, 0
40300, 1893079, 0, 0, 0
40400, 2492786, 0, 0, 0
40500, 2136559, 0, 0, 0
40600, 2136949, 0, 0, 0
40700, 3053365, 0, 0, 0
40800, 2439693, 0, 0, 0
40900, 2150874, 0, 0, 0
41000, 2213835, 0, 0, 0
41100, 2109436, 0, 0, 0
41200, 2333923, 0, 0, 0
41300, 2653590, 0, 0, 0
41400, 2165635, 0, 0, 0
41500, 1995567, 0, 0, 0
41600, 2050872, 0, 0, 0
41700, 2005065, 0, 0, 0
41800, 2283287, 0, 0, 0
41900, 2285770, 0, 0, 0
42000, 2009461, 0, 0, 0
42100, 2405801, 0, 0, 0
42200, 2325332, 0, 0, 0
42300, 2040916, 0, 0, 0
42400, 2320183, 0, 0, 0
42500, 2224887, 0, 0, 0
42600, 2288845, 0, 0, 0
42700, 2532806, 0, 0, 0
42800, 2349001, 0, 0, 0
42900, 2055632, 0, 0, 0
43000, 2336670, 0, 0, 0
43100, 2196336, 0, 0, 0
43200, 2309676, 0, 0, 0
43300, 2460133, 0, 0, 0
43400, 2439071, 0, 0, 0
43500, 2251021, 0, 0, 0
43600, 2205854, 0, 0, 0
43700, 2296353, 0, 0, 0
43800, 2075652, 0, 0, 0
43900, 2191367, 0, 0, 0
44000, 2147003, 0, 0, 0
44100, 1763462, 0, 0, 0
44200, 1825857, 0, 0, 0
44300, 2376460, 0, 0, 0
44400, 2181301, 0, 0, 0
44500, 2313666, 0, 0, 0
44600, 1908444, 0, 0, 0
44700, 2403085, 0, 0, 0
44800, 2295690, 0, 0, 0
44900, 2353610, 0, 0, 0
45000, 2353077, 0, 0, 0
45100, 2489704, 0, 0, 0
45200, 2373230, 0, 0, 0
45300, 2486764, 0, 0, 0
45400, 2412333, 0, 0, 0
45500, 2215925, 0, 0, 0
45600, 2202678, 0, 0, 0
45700, 2555706, 0, 0, 0
45800, 2478336, 0, 0, 0
45900, 2031668, 0, 0, 0
46000, 2219637, 0, 0, 0
46100, 1925572, 0, 0, 0
46200, 2322840, 0, 0, 0
46300, 2310686, 0, 0, 0
46400, 2393632, 0, 0, 0
46500, 1970362, 0, 0, 0
46600, 2597260, 0, 0, 0
46700, 2226501, 0, 0, 0
46800, 2053869, 0, 0, 0
46900, 2048673, 0, 0, 0
47000, 2376972, 0, 0, 0
47100, 2233260, 0, 0, 0
47200, 2103551, 0, 0, 0
47300, 2159040, 0, 0, 0
47400, 2213190, 0, 0, 0
47500, 2345347, 0, 0, 0
47600, 1990902, 0, 0, 0
47700, 2600304, 0, 0, 0
47800, 2362161, 0, 0, 0
47900, 2094683, 0, 0, 0
48000, 2374922, 0, 0, 0
48100, 2576676, 0, 0, 0
48200, 2600510, 0, 0, 0
48300, 2239321, 0, 0, 0
48400, 2261487, 0, 0, 0
48500, 2300121, 0, 0, 0
48600, 2161047, 0, 0, 0
48700, 2261574, 0, 0, 0
48800, 2204435, 0, 0, 0
48900, 2234118, 0, 0, 0
49000, 2196725, 0, 0, 0
49100, 2654007, 0, 0, 0
49200, 2323101, 0, 0, 0
49300, 2097057, 0, 0, 0
49400, 2517756, 0, 0, 0
49500, 2009440, 0, 0, 0
49600, 2673680, 0, 0, 0
49700, 2210882, 0, 0, 0
49800, 1982509, 0, 0, 0
49900, 2271090, 0, 0, 0
50000, 2181205, 0, 0, 0
50100, 2609453, 0, 0, 0
50200, 2311632, 0, 0, 0
50300, 2145924, 0, 0, 0
50400, 2287698, 0, 0, 0
50500, 1943192, 0, 0, 0
50600, 2273522, 0, 0, 0
50700, 2232398, 0, 0, 0
50800, 2533379, 0, 0, 0
50900, 2159905, 0, 0, 0
51000, 2184275, 0, 0, 0
51100, 2220860, 0, 0, 0
51200, 2279468, 0, 0, 0
51300, 2191498, 0, 0, 0
51400, 2043187, 0, 0, 0
51500, 2354695, 0, 0, 0
51600, 2265203, 0, 0, 0
51700, 2115980, 0, 0, 0
51800, 2339218, 0, 0, 0
51900, 2457549, 0, 0, 0
52000, 2553961, 0, 0, 0
52100, 2128179, 0, 0, 0
52200, 2154599, 0, 0, 0
52300, 2286208, 0, 0, 0
52400, 2083101, 0, 0, 0
52500, 1869839, 0, 0, 0
52600, 2166923, 0, 0, 0
52700, 2468736, 0, 0, 0
52800, 2300446, 0, 0, 0
52900, 2731389, 0, 0, 0
53000, 2269843, 0, 0, 0
53100, 2085317, 0, 0, 0
53200, 2388040, 0, 0, 0
53300, 2295778, 0, 0, 0
53400, 2244401, 0, 0, 0
53500, 2043892, 0, 0, 0
53600, 2108093, 0, 0, 0
53700, 2146518, 0, 0, 0
53800, 2373621, 0, 0, 0
53900, 2226754, 0, 0, 0
54000, 2123639, 0, 0, 0
54100, 2103794, 0, 0, 0
54200, 2598395, 0, 0, 0
54300, 2371954, 0, 0, 0
54400, 2538509, 0, 0, 0
54500, 2129788, 0, 0, 0
54600, 2398124, 0, 0, 0
54700, 2581746, 0, 0, 0
54800, 2697792, 0, 0, 0
54900, 2435491, 0, 0, 0
55000, 1834930, 0, 0, 0
55100, 1995190, 0, 0, 0
55200, 2240110, 0, 0, 0
55300, 2193910, 0, 0, 0
55400, 2508752, 0, 0, 0
55500, 2132800, 0, 0, 0
55600, 2615026, 0, 0, 0
55700, 2022299, 0, 0, 0
55800, 2445683, 0, 0, 0
55900, 2186555, 0, 0, 0
56000, 2045379, 0, 0, 0
56100, 2496926, 0, 0, 0
56200, 2279996, 0, 0, 0
56300, 2342880, 0, 0, 0
56400, 1956782, 0, 0, 0
56500, 1993827, 0, 0, 0
56600, 2165299, 0, 0, 0
56700, 2059700, 0, 0, 0
56800, 2113949, 0, 0, 0
56900, 2144287, 0, 0, 0
57000, 2328784, 0, 0, 0
57100, 2032423, 0, 0, 0
57200, 2193132, 0, 0, 0
57300, 2278786, 0, 0, 0
57400, 2481799, 0, 0, 0
57500, 2242063, 0, 0, 0
57600, 2543606, 0, 0, 0
57700, 2184105, 0, 0, 0
57800, 2432750, 0, 0, 0
57900, 2055504, 0, 0, 0
58000, 2787555, 0, 0, 0
58100, 2369068, 0, 0, 0
58200, 2131330, 0, 0, 0
58300, 1968274, 0, 0, 0
58400, 2312944, 0, 0, 0
58500, 2558694, 0, 0, 0
58600, 2102616, 0, 0, 0
58700, 2597874, 0, 0, 0
58800, 2340709, 0, 0, 0
58900, 2355361, 0, 0, 0
59000, 2312000, 0, 0, 0
59100, 1862613, 0, 0, 0
59200, 2481547, 0, 0, 0
59300, 2053760, 0, 0, 0
59400, 2667713, 0, 0, 0
59500, 2121622, 0, 0, 0
59600, 2291993, 0, 0, 0
59700, 2539566, 0, 0, 0
59800, 2763192, 0, 0, 0
59900, 2718353, 0, 0, 0
60000, 2001940, 0, 0, 0
60016, 20934427, 0, 0, 0
