104, 5576524, 0, 0, 0
200, 5385375, 0, 0, 0
300, 5384736, 0, 0, 0
400, 5449418, 0, 0, 0
501, 5902589, 0, 0, 0
601, 5897006, 0, 0, 0
703, 6083106, 0, 0, 0
804, 6354357, 0, 0, 0
901, 6153134, 0, 0, 0
1003, 6284944, 0, 0, 0
1102, 6119008, 0, 0, 0
1201, 5802131, 0, 0, 0
1302, 5564247, 0, 0, 0
1400, 5582510, 0, 0, 0
1502, 5944030, 0, 0, 0
1602, 5886447, 0, 0, 0
1704, 5670793, 0, 0, 0
1802, 5618431, 0, 0, 0
1905, 5852578, 0, 0, 0
2001, 6039240, 0, 0, 0
2102, 5721750, 0, 0, 0
2200, 5982179, 0, 0, 0
2302, 5703608, 0, 0, 0
2401, 5954654, 0, 0, 0
2500, 6012743, 0, 0, 0
2601, 5933902, 0, 0, 0
2700, 5295218, 0, 0, 0
2804, 5955834, 0, 0, 0
2900, 6234123, 0, 0, 0
3001, 5592128, 0, 0, 0
3101, 5767231, 0, 0, 0
3204, 5843362, 0, 0, 0
3300, 6228789, 0, 0, 0
3400, 5764122, 0, 0, 0
3503, 5800517, 0, 0, 0
3600, 5686478, 0, 0, 0
3702, 5876046, 0, 0, 0
3800, 5481739, 0, 0, 0
3902, 5627677, 0, 0, 0
4001, 5685951, 0, 0, 0
4100, 5649837, 0, 0, 0
4200, 5583795, 0, 0, 0
4300, 5590433, 0, 0, 0
4402, 5645874, 0, 0, 0
4503, 5632823, 0, 0, 0
4601, 5774032, 0, 0, 0
4702, 5767715, 0, 0, 0
4800, 5630829, 0, 0, 0
4900, 6077442, 0, 0, 0
5001, 5710026, 0, 0, 0
5101, 5603514, 0, 0, 0
5200, 6032938, 0, 0, 0
5302, 5587706, 0, 0, 0
5402, 5561179, 0, 0, 0
5501, 5681240, 0, 0, 0
5600, 5689584, 0, 0, 0
5702, 5159407, 0, 0, 0
5803, 5217915, 0, 0, 0
5903, 5483284, 0, 0, 0
6002, 5841740, 0, 0, 0
6101, 5546043, 0, 0, 0
6200, 5355925, 0, 0, 0
6301, 5455433, 0, 0, 0
6401, 5324127, 0, 0, 0
6500, 5814634, 0, 0, 0
6600, 5614655, 0, 0, 0
6702, 5512651, 0, 0, 0
6800, 5908294, 0, 0, 0
6900, 5610935, 0, 0, 0
7003, 5527204, 0, 0, 0
7102, 5668137, 0, 0, 0
7201, 5373250, 0, 0, 0
7301, 5560519, 0, 0, 0
7402, 5550507, 0, 0, 0
7505, 5476313, 0, 0, 0
7601, 5478004, 0, 0, 0
7702, 5425677, 0, 0, 0
7802, 5380504, 0, 0, 0
7904, 5932206, 0, 0, 0
8000, 5925535, 0, 0, 0
8101, 5764940, 0, 0, 0
8202, 5419695, 0, 0, 0
8301, 5866237, 0, 0, 0
8401, 5559014, 0, 0, 0
8501, 6115693, 0, 0, 0
8604, 5426506, 0, 0, 0
8701, 5323490, 0, 0, 0
8801, 5213013, 0, 0, 0
8904, 5698461, 0, 0, 0
9001, 5278370, 0, 0, 0
9100, 5441839, 0, 0, 0
9201, 5861596, 0, 0, 0
9302, 5130132, 0, 0, 0
9401, 5363329, 0, 0, 0
9500, 5430018, 0, 0, 0
9603, 5165073, 0, 0, 0
9701, 5614744, 0, 0, 0
9801, 5128303, 0, 0, 0
9903, 5986512, 0, 0, 0
10002, 5456598, 0, 0, 0
10101, 5734489, 0, 0, 0
10203, 6246145, 0, 0, 0
10302, 6189164, 0, 0, 0
10401, 5859338, 0, 0, 0
10500, 5828198, 0, 0, 0
10602, 5703253, 0, 0, 0
10700, 5780478, 0, 0, 0
10801, 5619166, 0, 0, 0
10901, 5294975, 0, 0, 0
11001, 5617254, 0, 0, 0
11102, 5172958, 0, 0, 0
11202, 5542794, 0, 0, 0
11301, 5814587, 0, 0, 0
11402, 5314843, 0, 0, 0
11501, 5795406, 0, 0, 0
11604, 5700326, 0, 0, 0
11701, 5654957, 0, 0, 0
11801, 5772617, 0, 0, 0
11901, 5542072, 0, 0, 0
12000, 5600524, 0, 0, 0
12102, 5921312, 0, 0, 0
12201, 5711917, 0, 0, 0
12302, 6085323, 0, 0, 0
12402, 5807261, 0, 0, 0
12501, 5866762, 0, 0, 0
12600, 5585688, 0, 0, 0
12704, 6352366, 0, 0, 0
12801, 5990596, 0, 0, 0
12901, 6151661, 0, 0, 0
13001, 5949048, 0, 0, 0
13100, 6115897, 0, 0, 0
13201, 5783082, 0, 0, 0
13303, 5821154, 0, 0, 0
13401, 5679805, 0, 0, 0
13501, 5578813, 0, 0, 0
13602, 5604472, 0, 0, 0
13701, 5763431, 0, 0, 0
13804, 5978970, 0, 0, 0
13903, 5662637, 0, 0, 0
14001, 5680404, 0, 0, 0
14102, 5556204, 0, 0, 0
14204, 5586906, 0, 0, 0
14303, 5789190, 0, 0, 0
14400, 5876762, 0, 0, 0
14503, 5972036, 0, 0, 0
14604, 5877976, 0, 0, 0
14701, 5858695, 0, 0, 0
14801, 5772160, 0, 0, 0
14901, 5671818, 0, 0, 0
15000, 5598648, 0, 0, 0
15101, 5772914, 0, 0, 0
15200, 5756457, 0, 0, 0
15304, 5753918, 0, 0, 0
15402, 5973369, 0, 0, 0
15502, 5741537, 0, 0, 0
15603, 5513894, 0, 0, 0
15701, 5774934, 0, 0, 0
15804, 5438370, 0, 0, 0
15901, 5549670, 0, 0, 0
16001, 6038054, 0, 0, 0
16100, 5402884, 0, 0, 0
16200, 5686989, 0, 0, 0
16303, 5861865, 0, 0, 0
16404, 5747805, 0, 0, 0
16501, 5737023, 0, 0, 0
16605, 5886134, 0, 0, 0
16701, 5733445, 0, 0, 0
16800, 5695104, 0, 0, 0
16901, 5407762, 0, 0, 0
17000, 5712260, 0, 0, 0
17100, 6083415, 0, 0, 0
17200, 5767620, 0, 0, 0
17300, 6150863, 0, 0, 0
17400, 6286631, 0, 0, 0
17502, 5715120, 0, 0, 0
17600, 5976973, 0, 0, 0
17700, 6229768, 0, 0, 0
17800, 5953969, 0, 0, 0
17901, 5866791, 0, 0, 0
18000, 5558143, 0, 0, 0
18103, 5486215, 0, 0, 0
18204, 5753776, 0, 0, 0
18301, 6008094, 0, 0, 0
18402, 5982779, 0, 0, 0
18502, 5943171, 0, 0, 0
18603, 5887260, 0, 0, 0
18700, 5620822, 0, 0, 0
18802, 5879419, 0, 0, 0
18902, 5910273, 0, 0, 0
19000, 5716376, 0, 0, 0
19101, 5812504, 0, 0, 0
19200, 6050533, 0, 0, 0
19304, 5897569, 0, 0, 0
19405, 5891123, 0, 0, 0
19501, 5936196, 0, 0, 0
19601, 5662984, 0, 0, 0
19700, 5726297, 0, 0, 0
19804, 5794396, 0, 0, 0
19901, 5820198, 0, 0, 0
20000, 5692275, 0, 0, 0
20100, 5705551, 0, 0, 0
20202, 5538742, 0, 0, 0
20305, 5782784, 0, 0, 0
20402, 5716283, 0, 0, 0
20501, 5477783, 0, 0, 0
20603, 5671132, 0, 0, 0
20701, 5632824, 0, 0, 0
20800, 5380141, 0, 0, 0
20901, 5829623, 0, 0, 0
21001, 5727522, 0, 0, 0
21102, 5174654, 0, 0, 0
21200, 5449536, 0, 0, 0
21302, 5383878, 0, 0, 0
21403, 5698399, 0, 0, 0
21503, 5915249, 0, 0, 0
21600, 6084006, 0, 0, 0
21701, 5963482, 0, 0, 0
21801, 5817869, 0, 0, 0
21900, 6684308, 0, 0, 0
22001, 6075127, 0, 0, 0
22101, 6289282, 0, 0, 0
22200, 5602501, 0, 0, 0
22300, 5343960, 0, 0, 0
22404, 5787274, 0, 0, 0
22503, 5515664, 0, 0, 0
22601, 5503017, 0, 0, 0
22702, 5371211, 0, 0, 0
22800, 5789046, 0, 0, 0
22900, 5810309, 0, 0, 0
23000, 5955931, 0, 0, 0
23100, 5338020, 0, 0, 0
23201, 5861661, 0, 0, 0
23304, 5341064, 0, 0, 0
23401, 5396861, 0, 0, 0
23500, 5763385, 0, 0, 0
23601, 5714939, 0, 0, 0
23700, 6085032, 0, 0, 0
23800, 6098501, 0, 0, 0
23902, 5699741, 0, 0, 0
24002, 5901304, 0, 0, 0
24101, 5762980, 0, 0, 0
24203, 5681040, 0, 0, 0
24302, 5819209, 0, 0, 0
24402, 6082458, 0, 0, 0
24503, 5918366, 0, 0, 0
24601, 6165089, 0, 0, 0
24700, 6000723, 0, 0, 0
24802, 5956393, 0, 0, 0
24900, 6015547, 0, 0, 0
25001, 5666243, 0, 0, 0
25100, 5930323, 0, 0, 0
25203, 5804211, 0, 0, 0
25301, 5404711, 0, 0, 0
25400, 5547983, 0, 0, 0
25501, 5467373, 0, 0, 0
25600, 5903926, 0, 0, 0
25700, 5890991, 0, 0, 0
25802, 6059832, 0, 0, 0
25904, 5960963, 0, 0, 0
26002, 5563823, 0, 0, 0
26100, 5715101, 0, 0, 0
26202, 5770649, 0, 0, 0
26302, 5747061, 0, 0, 0
26400, 5303896, 0, 0, 0
26500, 5748200, 0, 0, 0
26601, 5476235, 0, 0, 0
26700, 5889261, 0, 0, 0
26803, 5817456, 0, 0, 0
26902, 5634199, 0, 0, 0
27000, 5510851, 0, 0, 0
27103, 5565074, 0, 0, 0
27202, 5676142, 0, 0, 0
27302, 5537625, 0, 0, 0
27400, 5633501, 0, 0, 0
27501, 5615128, 0, 0, 0
27602, 5674234, 0, 0, 0
27700, 6010431, 0, 0, 0
27802, 5321007, 0, 0, 0
27903, 5950693, 0, 0, 0
28003, 6038052, 0, 0, 0
28104, 5763617, 0, 0, 0
28202, 5447985, 0, 0, 0
28302, 5804133, 0, 0, 0
28401, 6012604, 0, 0, 0
28500, 5977086, 0, 0, 0
28600, 5505805, 0, 0, 0
28703, 5839553, 0, 0, 0
28802, 5662029, 0, 0, 0
28900, 5725379, 0, 0, 0
29000, 5855418, 0, 0, 0
29101, 5648857, 0, 0, 0
29200, 5754555, 0, 0, 0
29303, 5592269, 0, 0, 0
29401, 5520973, 0, 0, 0
29501, 5818507, 0, 0, 0
29601, 5883301, 0, 0, 0
29701, 5616935, 0, 0, 0
29800, 5805760, 0, 0, 0
29902, 5918299, 0, 0, 0
30003, 5957974, 0, 0, 0
30102, 5787762, 0, 0, 0
30200, 5761783, 0, 0, 0
30302, 5692015, 0, 0, 0
30401, 5851572, 0, 0, 0
30503, 5600028, 0, 0, 0
30601, 6006856, 0, 0, 0
30701, 5687740, 0, 0, 0
30802, 5608664, 0, 0, 0
30904, 5502139, 0, 0, 0
31000, 5745868, 0, 0, 0
31102, 5732290, 0, 0, 0
31201, 6115806, 0, 0, 0
31301, 5974109, 0, 0, 0
31400, 5564357, 0, 0, 0
31502, 5563838, 0, 0, 0
31602, 5425823, 0, 0, 0
31703, 5724909, 0, 0, 0
31803, 5676716, 0, 0, 0
31901, 5641934, 0, 0, 0
32000, 5758390, 0, 0, 0
32100, 5523338, 0, 0, 0
32200, 5378412, 0, 0, 0
32305, 5898265, 0, 0, 0
32403, 6024084, 0, 0, 0
32503, 5875451, 0, 0, 0
32600, 5861502, 0, 0, 0
32702, 6132559, 0, 0, 0
32803, 5673244, 0, 0, 0
32903, 5637777, 0, 0, 0
33003, 5920584, 0, 0, 0
33102, 6114354, 0, 0, 0
33202, 6001796, 0, 0, 0
33303, 5726000, 0, 0, 0
33402, 5644926, 0, 0, 0
33501, 6083308, 0, 0, 0
33601, 5782312, 0, 0, 0
33700, 5478863, 0, 0, 0
33804, 5775989, 0, 0, 0
33902, 5816647, 0, 0, 0
34005, 5662931, 0, 0, 0
34104, 5820201, 0, 0, 0
34201, 5631520, 0, 0, 0
34303, 5891039, 0, 0, 0
34400, 5799890, 0, 0, 0
34502, 5795525, 0, 0, 0
34601, 5693307, 0, 0, 0
34703, 5754193, 0, 0, 0
34806, 6165111, 0, 0, 0
34902, 6102904, 0, 0, 0
35001, 5411191, 0, 0, 0
35101, 5997402, 0, 0, 0
35203, 5603448, 0, 0, 0
35305, 6169626, 0, 0, 0
35400, 5978016, 0, 0, 0
35503, 5658326, 0, 0, 0
35601, 5678666, 0, 0, 0
35701, 5626919, 0, 0, 0
35803, 5865666, 0, 0, 0
35900, 5901642, 0, 0, 0
36000, 5813280, 0, 0, 0
36101, 5803406, 0, 0, 0
36201, 5950379, 0, 0, 0
36300, 5771529, 0, 0, 0
36400, 5984143, 0, 0, 0
36504, 6355651, 0, 0, 0
36603, 5826441, 0, 0, 0
36701, 5606251, 0, 0, 0
36800, 6280174, 0, 0, 0
36903, 5944791, 0, 0, 0
37000, 5931750, 0, 0, 0
37102, 5935251, 0, 0, 0
37203, 5839075, 0, 0, 0
37302, 6094592, 0, 0, 0
37400, 5900391, 0, 0, 0
37501, 6249866, 0, 0, 0
37601, 5707994, 0, 0, 0
37700, 6003177, 0, 0, 0
37800, 5768491, 0, 0, 0
37900, 5711575, 0, 0, 0
38000, 5961484, 0, 0, 0
38102, 6073338, 0, 0, 0
38201, 6111120, 0, 0, 0
38300, 6218294, 0, 0, 0
38401, 5987043, 0, 0, 0
38501, 5839623, 0, 0, 0
38603, 5539561, 0, 0, 0
38701, 5230774, 0, 0, 0
38801, 5887894, 0, 0, 0
38900, 5677243, 0, 0, 0
39003, 5959660, 0, 0, 0
39105, 5798967, 0, 0, 0
39200, 6335421, 0, 0, 0
39300, 5906660, 0, 0, 0
39401, 5813708, 0, 0, 0
39501, 5998729, 0, 0, 0
39600, 5854100, 0, 0, 0
39704, 5295805, 0, 0, 0
39804, 5704161, 0, 0, 0
39900, 5749629, 0, 0, 0
40003, 5960407, 0, 0, 0
40101, 5494538, 0, 0, 0
40204, 5796610, 0, 0, 0
40300, 6179355, 0, 0, 0
40405, 6145985, 0, 0, 0
40505, 5895964, 0, 0, 0
40601, 6197963, 0, 0, 0
40702, 5955339, 0, 0, 0
40800, 5647704, 0, 0, 0
40903, 5557824, 0, 0, 0
41000, 5595105, 0, 0, 0
41100, 5692656, 0, 0, 0
41201, 5591671, 0, 0, 0
41301, 5740432, 0, 0, 0
41403, 5323573, 0, 0, 0
41502, 5636539, 0, 0, 0
41604, 5635691, 0, 0, 0
41703, 5670424, 0, 0, 0
41800, 5913465, 0, 0, 0
41902, 5844480, 0, 0, 0
42002, 5360670, 0, 0, 0
42100, 5365472, 0, 0, 0
42201, 5632521, 0, 0, 0
42300, 5943347, 0, 0, 0
42401, 5833042, 0, 0, 0
42504, 5876402, 0, 0, 0
42600, 5406947, 0, 0, 0
42702, 5586033, 0, 0, 0
42803, 5489397, 0, 0, 0
42902, 5532294, 0, 0, 0
43004, 5491795, 0, 0, 0
43103, 5324754, 0, 0, 0
43203, 5543933, 0, 0, 0
43301, 5706504, 0, 0, 0
43400, 5645798, 0, 0, 0
43500, 6126266, 0, 0, 0
43600, 5674841, 0, 0, 0
43701, 5998672, 0, 0, 0
43802, 5609536, 0, 0, 0
43903, 5624508, 0, 0, 0
44001, 5808285, 0, 0, 0
44104, 5653110, 0, 0, 0
44201, 5890194, 0, 0, 0
44300, 5760750, 0, 0, 0
44401, 5829025, 0, 0, 0
44500, 5667086, 0, 0, 0
44602, 5678385, 0, 0, 0
44702, 5484618, 0, 0, 0
44800, 5972014, 0, 0, 0
44902, 5652617, 0, 0, 0
45002, 5915713, 0, 0, 0
45103, 5848252, 0, 0, 0
45201, 6314224, 0, 0, 0
45302, 6166756, 0, 0, 0
45400, 6371997, 0, 0, 0
45505, 6255865, 0, 0, 0
45602, 6348835, 0, 0, 0
45701, 6236486, 0, 0, 0
45804, 5954382, 0, 0, 0
45902, 5775811, 0, 0, 0
46002, 5775457, 0, 0, 0
46101, 5608519, 0, 0, 0
46202, 6107730, 0, 0, 0
46303, 5586041, 0, 0, 0
46401, 6010429, 0, 0, 0
46500, 6363759, 0, 0, 0
46601, 5643288, 0, 0, 0
46700, 5829759, 0, 0, 0
46800, 5652515, 0, 0, 0
46902, 5670618, 0, 0, 0
47000, 5273459, 0, 0, 0
47102, 5500809, 0, 0, 0
47206, 5246356, 0, 0, 0
47300, 5381706, 0, 0, 0
47401, 5035394, 0, 0, 0
47500, 5615792, 0, 0, 0
47600, 5161787, 0, 0, 0
47702, 5413398, 0, 0, 0
47801, 5292282, 0, 0, 0
47900, 5629694, 0, 0, 0
48004, 5542315, 0, 0, 0
48100, 5359984, 0, 0, 0
48203, 5286452, 0, 0, 0
48302, 5651099, 0, 0, 0
48400, 5166774, 0, 0, 0
48500, 5638842, 0, 0, 0
48601, 5644307, 0, 0, 0
48702, 5624236, 0, 0, 0
48800, 5519745, 0, 0, 0
48900, 5637470, 0, 0, 0
49002, 5793974, 0, 0, 0
49100, 5857658, 0, 0, 0
49202, 5634092, 0, 0, 0
49304, 5582479, 0, 0, 0
49401, 5870504, 0, 0, 0
49500, 5871178, 0, 0, 0
49601, 5993147, 0, 0, 0
49704, 5979956, 0, 0, 0
49801, 5875744, 0, 0, 0
49901, 5892462, 0, 0, 0
50002, 6112466, 0, 0, 0
50100, 6126187, 0, 0, 0
50203, 5872002, 0, 0, 0
50303, 6022695, 0, 0, 0
50402, 6465152, 0, 0, 0
50500, 5996023, 0, 0, 0
50600, 5990883, 0, 0, 0
50702, 5986151, 0, 0, 0
50802, 6058832, 0, 0, 0
50902, 5567267, 0, 0, 0
51004, 5615945, 0, 0, 0
51100, 5622505, 0, 0, 0
51200, 5427067, 0, 0, 0
51303, 5552650, 0, 0, 0
51401, 5675885, 0, 0, 0
51501, 5523684, 0, 0, 0
51601, 5567472, 0, 0, 0
51703, 5453381, 0, 0, 0
51802, 5577048, 0, 0, 0
51902, 5246362, 0, 0, 0
52000, 5631557, 0, 0, 0
52101, 5557019, 0, 0, 0
52203, 5296317, 0, 0, 0
52301, 5473692, 0, 0, 0
52404, 5703710, 0, 0, 0
52500, 5583222, 0, 0, 0
52600, 6055238, 0, 0, 0
52701, 5361513, 0, 0, 0
52801, 5853738, 0, 0, 0
52901, 5582766, 0, 0, 0
53001, 5442904, 0, 0, 0
53102, 5898090, 0, 0, 0
53201, 5604451, 0, 0, 0
53300, 6021318, 0, 0, 0
53401, 5797978, 0, 0, 0
53503, 5694436, 0, 0, 0
53601, 5913901, 0, 0, 0
53701, 5775478, 0, 0, 0
53805, 5653035, 0, 0, 0
53901, 5848825, 0, 0, 0
54000, 5630110, 0, 0, 0
54101, 5513300, 0, 0, 0
54201, 5551483, 0, 0, 0
54303, 5842156, 0, 0, 0
54401, 5471924, 0, 0, 0
54504, 5502433, 0, 0, 0
54600, 5699600, 0, 0, 0
54702, 5763153, 0, 0, 0
54800, 5494794, 0, 0, 0
54900, 5741782, 0, 0, 0
55000, 5584703, 0, 0, 0
55102, 5989131, 0, 0, 0
55200, 5597338, 0, 0, 0
55301, 5842113, 0, 0, 0
55400, 5807527, 0, 0, 0
55500, 6009018, 0, 0, 0
55601, 5683406, 0, 0, 0
55700, 5739867, 0, 0, 0
55802, 5712623, 0, 0, 0
55900, 5541100, 0, 0, 0
56000, 5643678, 0, 0, 0
56101, 5660950, 0, 0, 0
56201, 5575125, 0, 0, 0
56300, 5704532, 0, 0, 0
56403, 5863878, 0, 0, 0
56501, 5659668, 0, 0, 0
56600, 5504170, 0, 0, 0
56702, 5331228, 0, 0, 0
56804, 5738327, 0, 0, 0
56901, 5211385, 0, 0, 0
57002, 5409537, 0, 0, 0
57100, 5233123, 0, 0, 0
57201, 5350441, 0, 0, 0
57300, 5590254, 0, 0, 0
57401, 5948024, 0, 0, 0
57500, 5793221, 0, 0, 0
57601, 5756950, 0, 0, 0
57702, 6035707, 0, 0, 0
57803, 5602807, 0, 0, 0
57902, 5653700, 0, 0, 0
58000, 5524606, 0, 0, 0
58100, 5524087, 0, 0, 0
58202, 5638937, 0, 0, 0
58301, 5733271, 0, 0, 0
58402, 5232552, 0, 0, 0
58501, 5781666, 0, 0, 0
58604, 5844815, 0, 0, 0
58702, 5994430, 0, 0, 0
58800, 5439769, 0, 0, 0
58901, 5990086, 0, 0, 0
59000, 6028211, 0, 0, 0
59101, 5652298, 0, 0, 0
59201, 5725026, 0, 0, 0
59300, 5919825, 0, 0, 0
59402, 5505705, 0, 0, 0
59504, 6402481, 0, 0, 0
59601, 5749482, 0, 0, 0
59702, 5829531, 0, 0, 0
59802, 5831844, 0, 0, 0
59902, 5556273, 0, 0, 0
60001, 5667803, 0, 0, 0
60103, 5761935, 0, 0, 0
60200, 5718897, 0, 0, 0
60300, 5872259, 0, 0, 0
60403, 5790790, 0, 0, 0
60502, 5504713, 0, 0, 0
60600, 5686678, 0, 0, 0
60704, 5808168, 0, 0, 0
60801, 5564823, 0, 0, 0
60901, 5863205, 0, 0, 0
61005, 5846632, 0, 0, 0
61100, 5618771, 0, 0, 0
61200, 5606608, 0, 0, 0
61304, 5758371, 0, 0, 0
61404, 6045082, 0, 0, 0
61501, 5814448, 0, 0, 0
61600, 5692990, 0, 0, 0
61701, 5896595, 0, 0, 0
61800, 5515384, 0, 0, 0
61904, 6258415, 0, 0, 0
62000, 6296331, 0, 0, 0
62104, 6114333, 0, 0, 0
62202, 5772742, 0, 0, 0
62302, 5744812, 0, 0, 0
62401, 5643925, 0, 0, 0
62504, 5673413, 0, 0, 0
62602, 6039509, 0, 0, 0
62701, 5585320, 0, 0, 0
62800, 5769811, 0, 0, 0
62903, 5635926, 0, 0, 0
63001, 5886506, 0, 0, 0
63102, 5518995, 0, 0, 0
63200, 5520839, 0, 0, 0
63302, 5676065, 0, 0, 0
63403, 5798966, 0, 0, 0
63500, 5834311, 0, 0, 0
63601, 6081584, 0, 0, 0
63700, 5550811, 0, 0, 0
63804, 5721070, 0, 0, 0
63904, 5949706, 0, 0, 0
64003, 5660708, 0, 0, 0
64102, 5864030, 0, 0, 0
64200, 5368733, 0, 0, 0
64301, 5846589, 0, 0, 0
64401, 5818736, 0, 0, 0
64501, 5708348, 0, 0, 0
64600, 5652751, 0, 0, 0
64700, 5883712, 0, 0, 0
64800, 5821885, 0, 0, 0
64901, 5874987, 0, 0, 0
65003, 5634907, 0, 0, 0
65103, 5682791, 0, 0, 0
65202, 5702487, 0, 0, 0
65302, 5729109, 0, 0, 0
65402, 5661418, 0, 0, 0
65500, 5991227, 0, 0, 0
65604, 6012873, 0, 0, 0
65703, 6187892, 0, 0, 0
65800, 5783722, 0, 0, 0
65904, 5856677, 0, 0, 0
66001, 5770913, 0, 0, 0
66102, 5766900, 0, 0, 0
66201, 5812009, 0, 0, 0
66300, 5709544, 0, 0, 0
66403, 5515736, 0, 0, 0
66500, 5664553, 0, 0, 0
66602, 5818944, 0, 0, 0
66702, 5467430, 0, 0, 0
66800, 5338057, 0, 0, 0
66903, 5594755, 0, 0, 0
67003, 5386217, 0, 0, 0
67103, 5624371, 0, 0, 0
67203, 5374186, 0, 0, 0
67304, 5527511, 0, 0, 0
67402, 5536318, 0, 0, 0
67502, 5861667, 0, 0, 0
67600, 5863606, 0, 0, 0
67700, 5495552, 0, 0, 0
67800, 5696092, 0, 0, 0
67901, 5432324, 0, 0, 0
68001, 5513147, 0, 0, 0
68101, 5521265, 0, 0, 0
68203, 5859748, 0, 0, 0
68301, 5547901, 0, 0, 0
68402, 5868037, 0, 0, 0
68503, 5643059, 0, 0, 0
68601, 5692338, 0, 0, 0
68700, 5700032, 0, 0, 0
68801, 5678812, 0, 0, 0
68905, 5775049, 0, 0, 0
69000, 5860526, 0, 0, 0
69100, 5939903, 0, 0, 0
69202, 6109087, 0, 0, 0
69301, 5491411, 0, 0, 0
69400, 5798087, 0, 0, 0
69501, 5402922, 0, 0, 0
69602, 5418810, 0, 0, 0
69700, 5421402, 0, 0, 0
69802, 5506415, 0, 0, 0
69903, 5438081, 0, 0, 0
70004, 5436066, 0, 0, 0
70101, 5389560, 0, 0, 0
70201, 5595935, 0, 0, 0
70300, 5332343, 0, 0, 0
70401, 5767305, 0, 0, 0
70501, 5451055, 0, 0, 0
70601, 5792331, 0, 0, 0
70700, 5922031, 0, 0, 0
70803, 6119456, 0, 0, 0
70903, 6109605, 0, 0, 0
71001, 5829313, 0, 0, 0
71101, 5519083, 0, 0, 0
71202, 5871149, 0, 0, 0
71300, 5547382, 0, 0, 0
71405, 5705791, 0, 0, 0
71502, 5919799, 0, 0, 0
71606, 5711652, 0, 0, 0
71704, 5799954, 0, 0, 0
71800, 5607062, 0, 0, 0
71900, 5620415, 0, 0, 0
72002, 5527469, 0, 0, 0
72105, 5643762, 0, 0, 0
72200, 5496557, 0, 0, 0
72300, 6292801, 0, 0, 0
72404, 5688746, 0, 0, 0
72502, 5275894, 0, 0, 0
72602, 5668564, 0, 0, 0
72701, 5680969, 0, 0, 0
72803, 5699269, 0, 0, 0
72900, 5542519, 0, 0, 0
73003, 5686505, 0, 0, 0
73102, 5860020, 0, 0, 0
73200, 5719387, 0, 0, 0
73300, 5986215, 0, 0, 0
73402, 5805111, 0, 0, 0
73500, 5718268, 0, 0, 0
73600, 6052211, 0, 0, 0
73703, 5565856, 0, 0, 0
73800, 5708745, 0, 0, 0
73900, 5572801, 0, 0, 0
74004, 5705139, 0, 0, 0
74101, 5294420, 0, 0, 0
74203, 5886142, 0, 0, 0
74300, 5833971, 0, 0, 0
74400, 5321346, 0, 0, 0
74503, 5937374, 0, 0, 0
74603, 5520838, 0, 0, 0
74703, 5587694, 0, 0, 0
74802, 5316194, 0, 0, 0
74900, 5390444, 0, 0, 0
75000, 5519945, 0, 0, 0
75104, 5856356, 0, 0, 0
75200, 5937661, 0, 0, 0
75304, 5538930, 0, 0, 0
75401, 5659488, 0, 0, 0
75504, 5571508, 0, 0, 0
75603, 5505789, 0, 0, 0
75700, 5990480, 0, 0, 0
75800, 5324523, 0, 0, 0
75901, 5871024, 0, 0, 0
76002, 5640129, 0, 0, 0
76101, 5727712, 0, 0, 0
76202, 5598208, 0, 0, 0
76302, 6018459, 0, 0, 0
76400, 5623230, 0, 0, 0
76504, 5692898, 0, 0, 0
76602, 5806640, 0, 0, 0
76700, 6047389, 0, 0, 0
76801, 5992146, 0, 0, 0
76902, 5928971, 0, 0, 0
77000, 5847087, 0, 0, 0
77100, 5822537, 0, 0, 0
77203, 5884739, 0, 0, 0
77300, 5970513, 0, 0, 0
77400, 5777644, 0, 0, 0
77502, 5794461, 0, 0, 0
77600, 5629320, 0, 0, 0
77701, 5668653, 0, 0, 0
77800, 5472273, 0, 0, 0
77904, 6029535, 0, 0, 0
78001, 5603066, 0, 0, 0
78101, 5593980, 0, 0, 0
78201, 5617078, 0, 0, 0
78301, 5544889, 0, 0, 0
78400, 6058986, 0, 0, 0
78503, 5858591, 0, 0, 0
78604, 5738047, 0, 0, 0
78700, 5813113, 0, 0, 0
78803, 5701209, 0, 0, 0
78905, 5740570, 0, 0, 0
79001, 5830723, 0, 0, 0
79102, 5535038, 0, 0, 0
79201, 5891580, 0, 0, 0
79300, 5954030, 0, 0, 0
79402, 6008384, 0, 0, 0
79500, 5511600, 0, 0, 0
79604, 5643846, 0, 0, 0
79703, 5652065, 0, 0, 0
79800, 5848078, 0, 0, 0
79901, 5984349, 0, 0, 0
80004, 6056482, 0, 0, 0
80103, 5653223, 0, 0, 0
80203, 5744241, 0, 0, 0
80300, 5778203, 0, 0, 0
80400, 5864897, 0, 0, 0
80505, 6042689, 0, 0, 0
80601, 5486938, 0, 0, 0
80702, 5335445, 0, 0, 0
80801, 5557474, 0, 0, 0
80900, 5564786, 0, 0, 0
81001, 5849168, 0, 0, 0
81104, 5309262, 0, 0, 0
81200, 5646289, 0, 0, 0
81302, 5586240, 0, 0, 0
81400, 5660575, 0, 0, 0
81500, 5864112, 0, 0, 0
81605, 5715052, 0, 0, 0
81700, 5666175, 0, 0, 0
81802, 5648488, 0, 0, 0
81902, 5350053, 0, 0, 0
82000, 5914392, 0, 0, 0
82100, 5588171, 0, 0, 0
82205, 5779893, 0, 0, 0
82301, 5820960, 0, 0, 0
82403, 5684583, 0, 0, 0
82502, 5726547, 0, 0, 0
82601, 5858676, 0, 0, 0
82701, 5739548, 0, 0, 0
82800, 5861627, 0, 0, 0
82902, 5973889, 0, 0, 0
83000, 6250667, 0, 0, 0
83100, 5851889, 0, 0, 0
83200, 5740486, 0, 0, 0
83300, 5869067, 0, 0, 0
83400, 5983379, 0, 0, 0
83501, 5762511, 0, 0, 0
83601, 5871526, 0, 0, 0
83700, 5848876, 0, 0, 0
83804, 6060262, 0, 0, 0
83901, 5931963, 0, 0, 0
84000, 6081395, 0, 0, 0
84103, 5908439, 0, 0, 0
84204, 6154238, 0, 0, 0
84303, 6338934, 0, 0, 0
84405, 5988960, 0, 0, 0
84500, 6072879, 0, 0, 0
84603, 5627988, 0, 0, 0
84705, 5791018, 0, 0, 0
84803, 5801177, 0, 0, 0
84903, 5711461, 0, 0, 0
85000, 5839167, 0, 0, 0
85100, 5812425, 0, 0, 0
85204, 5532689, 0, 0, 0
85304, 5887024, 0, 0, 0
85400, 5783636, 0, 0, 0
85501, 5808998, 0, 0, 0
85603, 5798405, 0, 0, 0
85702, 5888687, 0, 0, 0
85802, 5795572, 0, 0, 0
85900, 6145513, 0, 0, 0
86003, 5764588, 0, 0, 0
86101, 5800159, 0, 0, 0
86200, 5583169, 0, 0, 0
86303, 5727831, 0, 0, 0
86402, 5640293, 0, 0, 0
86500, 5806973, 0, 0, 0
86601, 5610572, 0, 0, 0
86700, 5713096, 0, 0, 0
86804, 5665056, 0, 0, 0
86900, 5979151, 0, 0, 0
87004, 5467445, 0, 0, 0
87101, 5297865, 0, 0, 0
87203, 5343137, 0, 0, 0
87300, 5492961, 0, 0, 0
87403, 5601363, 0, 0, 0
87500, 5766868, 0, 0, 0
87600, 5425201, 0, 0, 0
87700, 5995183, 0, 0, 0
87800, 5518139, 0, 0, 0
87900, 5792965, 0, 0, 0
88002, 5372582, 0, 0, 0
88100, 5517430, 0, 0, 0
88200, 5458401, 0, 0, 0
88301, 5337737, 0, 0, 0
88401, 5346558, 0, 0, 0
88500, 5749335, 0, 0, 0
88601, 5953888, 0, 0, 0
88703, 5962520, 0, 0, 0
88802, 5575835, 0, 0, 0
88901, 5980113, 0, 0, 0
89000, 5968224, 0, 0, 0
89103, 5902201, 0, 0, 0
89202, 5740927, 0, 0, 0
89301, 5924960, 0, 0, 0
89400, 6000019, 0, 0, 0
89503, 5997220, 0, 0, 0
89602, 5876681, 0, 0, 0
89700, 5718132, 0, 0, 0
89801, 5771547, 0, 0, 0
89900, 5691023, 0, 0, 0
90002, 4965376, 0, 0, 0
90004, 4959158, 0, 0, 0
