100, 3730116, 1, 0, 0
202, 3771430, 1, 0, 0
303, 3602176, 1, 0, 0
402, 3542765, 1, 0, 0
500, 3759988, 1, 0, 0
602, 3762976, 1, 0, 0
703, 3613477, 1, 0, 0
800, 3733728, 1, 0, 0
901, 3744585, 1, 0, 0
1001, 3704848, 1, 0, 0
1103, 3622165, 1, 0, 0
1201, 3650682, 1, 0, 0
1303, 3619301, 1, 0, 0
1400, 3619457, 1, 0, 0
1502, 3627174, 1, 0, 0
1602, 3582087, 1, 0, 0
1700, 3633382, 1, 0, 0
1802, 3624169, 1, 0, 0
1901, 3657302, 1, 0, 0
2001, 3721273, 1, 0, 0
2101, 3849328, 1, 0, 0
2202, 3582293, 1, 0, 0
2300, 3655480, 1, 0, 0
2401, 3724685, 1, 0, 0
2501, 3580214, 1, 0, 0
2600, 3653746, 1, 0, 0
2701, 3766340, 1, 0, 0
2803, 3617916, 1, 0, 0
2901, 3633926, 1, 0, 0
3001, 3688252, 1, 0, 0
3103, 3412966, 1, 0, 0
3202, 3662484, 1, 0, 0
3301, 3530162, 1, 0, 0
3403, 3532447, 1, 0, 0
3502, 3674918, 1, 0, 0
3603, 3705404, 1, 0, 0
3701, 3505591, 1, 0, 0
3800, 3832835, 1, 0, 0
3900, 3681585, 1, 0, 0
4000, 3570849, 1, 0, 0
4103, 3546716, 1, 0, 0
4200, 3458710, 1, 0, 0
4301, 3495315, 1, 0, 0
4402, 3473676, 1, 0, 0
4500, 3653299, 1, 0, 0
4601, 3606750, 1, 0, 0
4703, 3747596, 1, 0, 0
4800, 3745171, 1, 0, 0
4902, 3763200, 1, 0, 0
5002, 3726159, 1, 0, 0
5100, 3616064, 1, 0, 0
5201, 3497145, 1, 0, 0
5304, 3663617, 1, 0, 0
5403, 3522498, 1, 0, 0
5501, 3772664, 1, 0, 0
5600, 3668950, 1, 0, 0
5700, 3453255, 1, 0, 0
5801, 3619922, 1, 0, 0
5902, 3583903, 1, 0, 0
6000, 3647321, 1, 0, 0
6100, 3687571, 1, 0, 0
6202, 3667406, 1, 0, 0
6302, 3668964, 1, 0, 0
6403, 3741003, 1, 0, 0
6501, 3655870, 1, 0, 0
6600, 3526812, 1, 0, 0
6703, 3684482, 1, 0, 0
6800, 3458946, 1, 0, 0
6902, 3634479, 1, 0, 0
7001, 3523488, 1, 0, 0
7101, 3708476, 1, 0, 0
7201, 3586452, 1, 0, 0
7301, 3684008, 1, 0, 0
7402, 3624680, 1, 0, 0
7501, 3543000, 1, 0, 0
7601, 3562517, 1, 0, 0
7702, 3616246, 1, 0, 0
7800, 3604000, 1, 0, 0
7900, 3469276, 1, 0, 0
8002, 3503406, 1, 0, 0
8101, 3673386, 1, 0, 0
8202, 3469118, 1, 0, 0
8301, 3664004, 1, 0, 0
8402, 3745862, 1, 0, 0
8500, 3617801, 1, 0, 0
8602, 3640679, 1, 0, 0
8701, 3693889, 1, 0, 0
8803, 3635889, 1, 0, 0
8900, 3597659, 1, 0, 0
9002, 3756417, 1, 0, 0
9102, 3703897, 1, 0, 0
9201, 3536394, 1, 0, 0
9300, 3527915, 1, 0, 0
9400, 3570892, 1, 0, 0
9502, 3667969, 1, 0, 0
9603, 3712842, 1, 0, 0
9702, 3669631, 1, 0, 0
9801, 3674080, 1, 0, 0
9903, 3518002, 1, 0, 0
10003, 3562044, 1, 0, 0
10100, 3614155, 1, 0, 0
10201, 3604492, 1, 0, 0
10301, 3567463, 1, 0, 0
10401, 3709183, 1, 0, 0
10502, 3577052, 1, 0, 0
10601, 3426103, 1, 0, 0
10704, 3669440, 1, 0, 0
10803, 3548312, 1, 0, 0
10901, 3625998, 1, 0, 0
11003, 3628180, 1, 0, 0
11103, 3581919, 1, 0, 0
11201, 3651093, 1, 0, 0
11300, 3654398, 1, 0, 0
11402, 3764590, 1, 0, 0
11500, 3514010, 1, 0, 0
11602, 3619056, 1, 0, 0
11700, 3630559, 1, 0, 0
11800, 3581721, 1, 0, 0
11901, 3619725, 1, 0, 0
12002, 3609496, 1, 0, 0
12103, 3604658, 1, 0, 0
12200, 3592181, 1, 0, 0
12300, 3691509, 1, 0, 0
12400, 3695882, 1, 0, 0
12500, 3705552, 1, 0, 0
12600, 3712499, 1, 0, 0
12703, 3543182, 1, 0, 0
12802, 3657988, 1, 0, 0
12903, 3743643, 1, 0, 0
13001, 3642015, 1, 0, 0
13101, 3688044, 1, 0, 0
13202, 3497706, 1, 0, 0
13300, 3766367, 1, 0, 0
13401, 3618398, 1, 0, 0
13501, 3845410, 1, 0, 0
13602, 3601854, 1, 0, 0
13703, 3460031, 1, 0, 0
13800, 3609004, 1, 0, 0
13903, 3549687, 1, 0, 0
14003, 3553748, 1, 0, 0
14101, 3781072, 1, 0, 0
14203, 3626481, 1, 0, 0
14301, 3664732, 1, 0, 0
14400, 3648262, 1, 0, 0
14502, 3629668, 1, 0, 0
14600, 3772901, 1, 0, 0
14702, 3769561, 1, 0, 0
14803, 3620523, 1, 0, 0
14902, 3803245, 1, 0, 0
15000, 3636450, 1, 0, 0
15100, 3827767, 1, 0, 0
15202, 3667481, 1, 0, 0
15300, 3739038, 1, 0, 0
15402, 3664967, 1, 0, 0
15500, 3904461, 1, 0, 0
15601, 3740480, 1, 0, 0
15702, 3612726, 1, 0, 0
15803, 3609237, 1, 0, 0
15900, 3723632, 1, 0, 0
16001, 3504369, 1, 0, 0
16102, 3709382, 1, 0, 0
16200, 3659028, 1, 0, 0
16300, 3667182, 1, 0, 0
16401, 3610595, 1, 0, 0
16502, 3626607, 1, 0, 0
16601, 3523936, 1, 0, 0
16700, 3680486, 1, 0, 0
16802, 3773555, 1, 0, 0
16903, 3717086, 1, 0, 0
17001, 3642426, 1, 0, 0
17101, 3567868, 1, 0, 0
17201, 3581108, 1, 0, 0
17301, 3700790, 1, 0, 0
17402, 3742386, 1, 0, 0
17503, 3468353, 1, 0, 0
17601, 3511350, 1, 0, 0
17701, 3828734, 1, 0, 0
17801, 3572967, 1, 0, 0
17903, 3661407, 1, 0, 0
18001, 3509771, 1, 0, 0
18101, 3700615, 1, 0, 0
18200, 3661917, 1, 0, 0
18303, 3653154, 1, 0, 0
18400, 3464761, 1, 0, 0
18501, 3632486, 1, 0, 0
18602, 3744318, 1, 0, 0
18702, 3552033, 1, 0, 0
18803, 3731564, 1, 0, 0
18901, 3657392, 1, 0, 0
19002, 3605346, 1, 0, 0
19100, 3615105, 1, 0, 0
19200, 3565618, 1, 0, 0
19300, 3693319, 1, 0, 0
19402, 3667309, 1, 0, 0
19501, 3662530, 1, 0, 0
19602, 3609578, 1, 0, 0
19700, 3607269, 1, 0, 0
19803, 3557210, 1, 0, 0
19903, 3443206, 1, 0, 0
20002, 3556447, 1, 0, 0
20103, 3729141, 1, 0, 0
20201, 3629197, 1, 0, 0
20303, 3625056, 1, 0, 0
20401, 3527017, 1, 0, 0
20500, 3654481, 1, 0, 0
20602, 3626345, 1, 0, 0
20700, 3656993, 1, 0, 0
20802, 3635494, 1, 0, 0
20901, 3654289, 1, 0, 0
21000, 3682897, 1, 0, 0
21102, 3628544, 1, 0, 0
21200, 3623343, 1, 0, 0
21300, 3717305, 1, 0, 0
21401, 3728002, 1, 0, 0
21501, 3705417, 1, 0, 0
21600, 3658533, 1, 0, 0
21701, 3608285, 1, 0, 0
21801, 3559993, 1, 0, 0
21902, 3761491, 1, 0, 0
22002, 3849377, 1, 0, 0
22103, 3743731, 1, 0, 0
22202, 3512999, 1, 0, 0
22301, 3835076, 1, 0, 0
22402, 3607095, 1, 0, 0
22500, 3733753, 1, 0, 0
22602, 3671751, 1, 0, 0
22703, 3598719, 1, 0, 0
22800, 3724397, 1, 0, 0
22901, 3745350, 1, 0, 0
23000, 3652877, 1, 0, 0
23101, 3619879, 1, 0, 0
23201, 3831326, 1, 0, 0
23302, 3626748, 1, 0, 0
23401, 3638533, 1, 0, 0
23500, 3674145, 1, 0, 0
23602, 3655503, 1, 0, 0
23703, 3736339, 1, 0, 0
23803, 3680527, 1, 0, 0
23903, 3708288, 1, 0, 0
24000, 3601354, 1, 0, 0
24100, 3693223, 1, 0, 0
24203, 3687047, 1, 0, 0
24300, 3608118, 1, 0, 0
24401, 3593750, 1, 0, 0
24500, 3661026, 1, 0, 0
24601, 3610533, 1, 0, 0
24703, 3764931, 1, 0, 0
24800, 3469943, 1, 0, 0
24902, 3642901, 1, 0, 0
25003, 3602263, 1, 0, 0
25101, 3763934, 1, 0, 0
25202, 3634182, 1, 0, 0
25301, 3666383, 1, 0, 0
25400, 3654211, 1, 0, 0
25503, 3669698, 1, 0, 0
25603, 3689951, 1, 0, 0
25700, 3466824, 1, 0, 0
25801, 3748973, 1, 0, 0
25901, 3584321, 1, 0, 0
26000, 3668525, 1, 0, 0
26102, 3744258, 1, 0, 0
26202, 3712160, 1, 0, 0
26301, 3672469, 1, 0, 0
26400, 3824762, 1, 0, 0
26503, 3677049, 1, 0, 0
26601, 3922212, 1, 0, 0
26702, 3582678, 1, 0, 0
26800, 3515186, 1, 0, 0
26900, 3677838, 1, 0, 0
27001, 3747314, 1, 0, 0
27102, 3748750, 1, 0, 0
27202, 3686247, 1, 0, 0
27300, 3655344, 1, 0, 0
27402, 3619247, 1, 0, 0
27502, 3584991, 1, 0, 0
27600, 3624567, 1, 0, 0
27703, 3662994, 1, 0, 0
27801, 3636957, 1, 0, 0
27901, 3701244, 1, 0, 0
28001, 3731739, 1, 0, 0
28100, 3644030, 1, 0, 0
28203, 3687358, 1, 0, 0
28302, 3662772, 1, 0, 0
28401, 3651827, 1, 0, 0
28501, 3579366, 1, 0, 0
28603, 3642561, 1, 0, 0
28701, 3486416, 1, 0, 0
28800, 3690949, 1, 0, 0
28903, 3651902, 1, 0, 0
29002, 3693283, 1, 0, 0
29103, 3716384, 1, 0, 0
29201, 3764287, 1, 0, 0
29302, 3627505, 1, 0, 0
29402, 3572934, 1, 0, 0
29500, 3778749, 1, 0, 0
29602, 3758132, 1, 0, 0
29701, 3670643, 1, 0, 0
29800, 3514371, 1, 0, 0
29901, 3620642, 1, 0, 0
30000, 3525961, 1, 0, 0
30100, 3582820, 1, 0, 0
30204, 3571326, 1, 0, 0
30303, 3676539, 1, 0, 0
30400, 3614483, 1, 0, 0
30500, 3675899, 1, 0, 0
30601, 3737649, 1, 0, 0
30701, 3715468, 1, 0, 0
30801, 3695995, 1, 0, 0
30902, 3735714, 1, 0, 0
31003, 3733076, 1, 0, 0
31102, 3674349, 1, 0, 0
31203, 3747235, 1, 0, 0
31303, 3704804, 1, 0, 0
31401, 3752349, 1, 0, 0
31501, 3701977, 1, 0, 0
31602, 3891875, 1, 0, 0
31703, 3762025, 1, 0, 0
31800, 3710184, 1, 0, 0
31903, 3673374, 1, 0, 0
32001, 3522065, 1, 0, 0
32100, 3637024, 1, 0, 0
32202, 3538619, 1, 0, 0
32302, 3710476, 1, 0, 0
32400, 3484259, 1, 0, 0
32501, 3592161, 1, 0, 0
32601, 3582085, 1, 0, 0
32701, 3689157, 1, 0, 0
32800, 3552434, 1, 0, 0
32903, 3541915, 1, 0, 0
33004, 3729520, 1, 0, 0
33103, 3551096, 1, 0, 0
33200, 3594611, 1, 0, 0
33304, 3700414, 1, 0, 0
33402, 3777570, 1, 0, 0
33500, 3767882, 1, 0, 0
33601, 3500802, 1, 0, 0
33700, 3648205, 1, 0, 0
33804, 3569523, 1, 0, 0
33900, 3435072, 1, 0, 0
34002, 3655395, 1, 0, 0
34102, 3685353, 1, 0, 0
34201, 3678373, 1, 0, 0
34302, 3476459, 1, 0, 0
34402, 3571832, 1, 0, 0
34500, 3505733, 1, 0, 0
34601, 3745536, 1, 0, 0
34704, 3793905, 1, 0, 0
34803, 3662377, 1, 0, 0
34901, 3660270, 1, 0, 0
35000, 3508959, 1, 0, 0
35102, 3642579, 1, 0, 0
35201, 3534954, 1, 0, 0
35302, 3630770, 1, 0, 0
35401, 3643723, 1, 0, 0
35500, 3681696, 1, 0, 0
35603, 3531775, 1, 0, 0
35704, 3606898, 1, 0, 0
35801, 3738873, 1, 0, 0
35902, 3498469, 1, 0, 0
36003, 3605457, 1, 0, 0
36101, 3764845, 1, 0, 0
36201, 3700872, 1, 0, 0
36302, 3615523, 1, 0, 0
36400, 3615956, 1, 0, 0
36500, 3709307, 1, 0, 0
36602, 3512706, 1, 0, 0
36701, 3650601, 1, 0, 0
36801, 3565946, 1, 0, 0
36900, 3542119, 1, 0, 0
37000, 3581705, 1, 0, 0
37103, 3666344, 1, 0, 0
37200, 3593397, 1, 0, 0
37303, 3696297, 1, 0, 0
37402, 3660531, 1, 0, 0
37503, 3591601, 1, 0, 0
37603, 3714939, 1, 0, 0
37700, 3709677, 1, 0, 0
37801, 3738794, 1, 0, 0
37903, 3658186, 1, 0, 0
38000, 3876740, 1, 0, 0
38103, 3536648, 1, 0, 0
38201, 3526436, 1, 0, 0
38302, 3612700, 1, 0, 0
38403, 3591732, 1, 0, 0
38503, 3553866, 1, 0, 0
38602, 3547194, 1, 0, 0
38701, 3539955, 1, 0, 0
38803, 3639918, 1, 0, 0
38901, 3622291, 1, 0, 0
39000, 3536458, 1, 0, 0
39101, 3596011, 1, 0, 0
39201, 3728695, 1, 0, 0
39301, 3573358, 1, 0, 0
39403, 3619318, 1, 0, 0
39503, 3706507, 1, 0, 0
39600, 3607305, 1, 0, 0
39703, 3657346, 1, 0, 0
39800, 3607334, 1, 0, 0
39903, 3538515, 1, 0, 0
40002, 3681307, 1, 0, 0
40100, 3635217, 1, 0, 0
40201, 3593327, 1, 0, 0
40303, 3636289, 1, 0, 0
40402, 3535619, 1, 0, 0
40502, 3576355, 1, 0, 0
40601, 3546174, 1, 0, 0
40700, 3530401, 1, 0, 0
40801, 3598035, 1, 0, 0
40901, 3561138, 1, 0, 0
41002, 3626649, 1, 0, 0
41100, 3754842, 1, 0, 0
41203, 3680892, 1, 0, 0
41302, 3545563, 1, 0, 0
41402, 3563619, 1, 0, 0
41502, 3716994, 1, 0, 0
41600, 3758586, 1, 0, 0
41703, 3658566, 1, 0, 0
41802, 3682679, 1, 0, 0
41900, 3613360, 1, 0, 0
42002, 3639368, 1, 0, 0
42100, 3628551, 1, 0, 0
42201, 3741350, 1, 0, 0
42302, 3609604, 1, 0, 0
42401, 3669132, 1, 0, 0
42503, 3649589, 1, 0, 0
42601, 3609942, 1, 0, 0
42702, 3611151, 1, 0, 0
42801, 3691656, 1, 0, 0
42900, 3662317, 1, 0, 0
43003, 3664920, 1, 0, 0
43102, 3665751, 1, 0, 0
43203, 3592811, 1, 0, 0
43302, 3553671, 1, 0, 0
43402, 3691766, 1, 0, 0
43500, 3633175, 1, 0, 0
43602, 3522761, 1, 0, 0
43701, 3649515, 1, 0, 0
43800, 3565289, 1, 0, 0
43902, 3619952, 1, 0, 0
44001, 3682755, 1, 0, 0
44100, 3787764, 1, 0, 0
44200, 3588491, 1, 0, 0
44301, 3596647, 1, 0, 0
44400, 3658857, 1, 0, 0
44500, 3589213, 1, 0, 0
44601, 3611838, 1, 0, 0
44702, 3716995, 1, 0, 0
44800, 3634692, 1, 0, 0
44901, 3623613, 1, 0, 0
45002, 3480230, 1, 0, 0
45102, 3672428, 1, 0, 0
45202, 3703806, 1, 0, 0
45302, 3709067, 1, 0, 0
45401, 3678491, 1, 0, 0
45503, 3773876, 1, 0, 0
45602, 3665174, 1, 0, 0
45702, 3699162, 1, 0, 0
45800, 3636866, 1, 0, 0
45901, 3586234, 1, 0, 0
46003, 3659138, 1, 0, 0
46100, 3726664, 1, 0, 0
46200, 3707162, 1, 0, 0
46303, 3692361, 1, 0, 0
46401, 3628910, 1, 0, 0
46503, 3740912, 1, 0, 0
46600, 3605645, 1, 0, 0
46702, 3644225, 1, 0, 0
46800, 3633245, 1, 0, 0
46903, 3812165, 1, 0, 0
47000, 3721293, 1, 0, 0
47102, 3660762, 1, 0, 0
47201, 3669653, 1, 0, 0
47303, 3628895, 1, 0, 0
47402, 3649120, 1, 0, 0
47502, 3598699, 1, 0, 0
47601, 3654993, 1, 0, 0
47700, 3518654, 1, 0, 0
47801, 3755946, 1, 0, 0
47902, 3597852, 1, 0, 0
48002, 3466568, 1, 0, 0
48101, 3794356, 1, 0, 0
48202, 3620094, 1, 0, 0
48301, 3668042, 1, 0, 0
48401, 3693757, 1, 0, 0
48503, 3630384, 1, 0, 0
48603, 3693796, 1, 0, 0
48701, 3498239, 1, 0, 0
48801, 3478723, 1, 0, 0
48901, 3671443, 1, 0, 0
49001, 3581862, 1, 0, 0
49103, 3631122, 1, 0, 0
49201, 3511421, 1, 0, 0
49301, 3582751, 1, 0, 0
49403, 3504254, 1, 0, 0
49500, 3611837, 1, 0, 0
49602, 3627253, 1, 0, 0
49700, 3638429, 1, 0, 0
49802, 3642599, 1, 0, 0
49902, 3683353, 1, 0, 0
50002, 3456870, 1, 0, 0
50101, 3662751, 1, 0, 0
50201, 3708704, 1, 0, 0
50300, 3666512, 1, 0, 0
50402, 3507173, 1, 0, 0
50502, 3570602, 1, 0, 0
50601, 3543150, 1, 0, 0
50700, 3668874, 1, 0, 0
50803, 3798760, 1, 0, 0
50900, 3457786, 1, 0, 0
51002, 3541234, 1, 0, 0
51103, 3589339, 1, 0, 0
51200, 3486668, 1, 0, 0
51301, 3595835, 1, 0, 0
51400, 3671284, 1, 0, 0
51502, 3930364, 1, 0, 0
51601, 3645792, 1, 0, 0
51702, 3741610, 1, 0, 0
51800, 3514653, 1, 0, 0
51901, 3605434, 1, 0, 0
52001, 3839685, 1, 0, 0
52103, 3502261, 1, 0, 0
52203, 3703187, 1, 0, 0
52302, 3679852, 1, 0, 0
52403, 3613110, 1, 0, 0
52503, 3550882, 1, 0, 0
52600, 3745530, 1, 0, 0
52703, 3666127, 1, 0, 0
52801, 3518825, 1, 0, 0
52902, 3595637, 1, 0, 0
53000, 3641822, 1, 0, 0
53100, 3668570, 1, 0, 0
53200, 3602076, 1, 0, 0
53302, 3491854, 1, 0, 0
53403, 3495609, 1, 0, 0
53500, 3577551, 1, 0, 0
53602, 3510323, 1, 0, 0
53704, 3643083, 1, 0, 0
53802, 3633933, 1, 0, 0
53901, 3667711, 1, 0, 0
54000, 3690460, 1, 0, 0
54103, 3667913, 1, 0, 0
54203, 3707591, 1, 0, 0
54301, 3633019, 1, 0, 0
54401, 3572749, 1, 0, 0
54502, 3588234, 1, 0, 0
54603, 3474105, 1, 0, 0
54700, 3617649, 1, 0, 0
54803, 3655714, 1, 0, 0
54900, 3590405, 1, 0, 0
55000, 3567169, 1, 0, 0
55103, 3677250, 1, 0, 0
55203, 3573722, 1, 0, 0
55301, 3647918, 1, 0, 0
55403, 3644916, 1, 0, 0
55502, 3665894, 1, 0, 0
55603, 3608024, 1, 0, 0
55700, 3571841, 1, 0, 0
55800, 3566141, 1, 0, 0
55901, 3609788, 1, 0, 0
56001, 3591559, 1, 0, 0
56103, 3646568, 1, 0, 0
56202, 3520374, 1, 0, 0
56302, 3701900, 1, 0, 0
56400, 3627867, 1, 0, 0
56503, 3687330, 1, 0, 0
56602, 3680766, 1, 0, 0
56700, 3750964, 1, 0, 0
56802, 3502349, 1, 0, 0
56901, 3564968, 1, 0, 0
57000, 3636041, 1, 0, 0
57100, 3724955, 1, 0, 0
57200, 3706540, 1, 0, 0
57301, 3595872, 1, 0, 0
57402, 3744583, 1, 0, 0
57502, 3701831, 1, 0, 0
57602, 3698337, 1, 0, 0
57700, 3612023, 1, 0, 0
57800, 3600923, 1, 0, 0
57900, 3696438, 1, 0, 0
58000, 3562600, 1, 0, 0
58100, 3700767, 1, 0, 0
58202, 3648066, 1, 0, 0
58303, 3588756, 1, 0, 0
58401, 3645679, 1, 0, 0
58500, 3802937, 1, 0, 0
58603, 3684075, 1, 0, 0
58701, 3605577, 1, 0, 0
58802, 3636588, 1, 0, 0
58902, 3697868, 1, 0, 0
59002, 3697142, 1, 0, 0
59101, 3514494, 1, 0, 0
59200, 3697192, 1, 0, 0
59300, 3682600, 1, 0, 0
59401, 3613395, 1, 0, 0
59502, 3598700, 1, 0, 0
59603, 3733837, 1, 0, 0
59701, 3513812, 1, 0, 0
59800, 3676969, 1, 0, 0
59902, 3636232, 1, 0, 0
60003, 3720129, 1, 0, 0
