101, 1706491, 0, 0, 0
101, 2560882, 1, 0, 0
200, 1779482, 0, 0, 0
201, 2636542, 1, 0, 0
300, 2495078, 1, 0, 0
304, 1782332, 0, 0, 0
401, 2641183, 1, 0, 0
406, 1860385, 0, 0, 0
500, 2714017, 1, 0, 0
501, 1671624, 0, 0, 0
600, 2685179, 1, 0, 0
602, 1793113, 0, 0, 0
700, 2684992, 1, 0, 0
700, 2023772, 0, 0, 0
801, 1801743, 0, 0, 0
803, 2729861, 1, 0, 0
901, 2621588, 1, 0, 0
910, 1786520, 0, 0, 0
1000, 2516076, 1, 0, 0
1003, 1864962, 0, 0, 0
1101, 2579688, 1, 0, 0
1108, 1843646, 0, 0, 0
1200, 2747523, 1, 0, 0
1207, 1659118, 0, 0, 0
1301, 2653335, 1, 0, 0
1303, 1699940, 0, 0, 0
1400, 2584320, 1, 0, 0
1414, 1785894, 0, 0, 0
1501, 2628963, 1, 0, 0
1504, 1617377, 0, 0, 0
1600, 1937622, 0, 0, 0
1600, 2715095, 1, 0, 0
1701, 2703727, 1, 0, 0
1703, 1738302, 0, 0, 0
1801, 2572054, 1, 0, 0
1804, 1711273, 0, 0, 0
1901, 2587808, 1, 0, 0
1903, 1956558, 0, 0, 0
2000, 2432035, 1, 0, 0
2003, 1900693, 0, 0, 0
2100, 1694594, 0, 0, 0
2101, 2579431, 1, 0, 0
2202, 2573139, 1, 0, 0
2209, 1709340, 0, 0, 0
2301, 2535657, 1, 0, 0
2306, 1717525, 0, 0, 0
2401, 2513591, 1, 0, 0
2403, 1618558, 0, 0, 0
2500, 2586015, 1, 0, 0
2502, 1731568, 0, 0, 0
2600, 2421693, 1, 0, 0
2600, 1647713, 0, 0, 0
2700, 2575897, 1, 0, 0
2700, 1721675, 0, 0, 0
2801, 1674321, 0, 0, 0
2801, 2590977, 1, 0, 0
2900, 2678223, 1, 0, 0
2901, 2000344, 0, 0, 0
3000, 2555436, 1, 0, 0
3000, 1732640, 0, 0, 0
3100, 1679525, 0, 0, 0
3101, 2575210, 1, 0, 0
3200, 2435468, 1, 0, 0
3201, 1865028, 0, 0, 0
3300, 2402009, 1, 0, 0
3312, 1789643, 0, 0, 0
3400, 1631771, 0, 0, 0
3403, 2488350, 1, 0, 0
3501, 2585691, 1, 0, 0
3504, 1689510, 0, 0, 0
3600, 2384467, 1, 0, 0
3602, 1665516, 0, 0, 0
3701, 1725194, 0, 0, 0
3703, 2539115, 1, 0, 0
3800, 2719768, 1, 0, 0
3802, 1821259, 0, 0, 0
3900, 2539680, 1, 0, 0
3902, 1660244, 0, 0, 0
4001, 1727648, 0, 0, 0
4002, 2607577, 1, 0, 0
4100, 1731544, 0, 0, 0
4102, 2601753, 1, 0, 0
4200, 1761464, 0, 0, 0
4201, 2487251, 1, 0, 0
4300, 1776383, 0, 0, 0
4301, 2525509, 1, 0, 0
4400, 1812334, 0, 0, 0
4401, 2620537, 1, 0, 0
4500, 1814452, 0, 0, 0
4500, 2548376, 1, 0, 0
4601, 2565863, 1, 0, 0
4609, 1669516, 0, 0, 0
4700, 1645362, 0, 0, 0
4702, 2503175, 1, 0, 0
4802, 2556414, 1, 0, 0
4803, 1643816, 0, 0, 0
4900, 2434824, 1, 0, 0
4902, 1778029, 0, 0, 0
5000, 2485190, 1, 0, 0
5001, 1754092, 0, 0, 0
5100, 2460180, 1, 0, 0
5101, 1804601, 0, 0, 0
5200, 1721121, 0, 0, 0
5201, 2439085, 1, 0, 0
5300, 2474738, 1, 0, 0
5301, 1641766, 0, 0, 0
5400, 1622264, 0, 0, 0
5400, 2450432, 1, 0, 0
5500, 1767314, 0, 0, 0
5501, 2469990, 1, 0, 0
5601, 2323106, 1, 0, 0
5602, 1602533, 0, 0, 0
5701, 1696898, 0, 0, 0
5702, 2626139, 1, 0, 0
5801, 1662956, 0, 0, 0
5803, 2443328, 1, 0, 0
5900, 2502395, 1, 0, 0
5904, 1633635, 0, 0, 0
6000, 2420298, 1, 0, 0
6006, 1690510, 0, 0, 0
6100, 2540591, 1, 0, 0
6105, 1612036, 0, 0, 0
6200, 2483580, 1, 0, 0
6202, 1829898, 0, 0, 0
6300, 2480852, 1, 0, 0
6301, 1708212, 0, 0, 0
6400, 2515697, 1, 0, 0
6404, 1623018, 0, 0, 0
6500, 2627475, 1, 0, 0
6511, 1878542, 0, 0, 0
6601, 2538551, 1, 0, 0
6605, 1660427, 0, 0, 0
6700, 1727091, 0, 0, 0
6701, 2492472, 1, 0, 0
6800, 2510086, 1, 0, 0
6804, 1695160, 0, 0, 0
6900, 2539948, 1, 0, 0
6902, 1742397, 0, 0, 0
7001, 2584669, 1, 0, 0
7006, 1618241, 0, 0, 0
7100, 2642330, 1, 0, 0
7106, 1689793, 0, 0, 0
7201, 1626579, 0, 0, 0
7203, 2502016, 1, 0, 0
7300, 1718047, 0, 0, 0
7300, 2470173, 1, 0, 0
7401, 2784276, 1, 0, 0
7406, 1645059, 0, 0, 0
7500, 2394298, 1, 0, 0
7502, 1720436, 0, 0, 0
7600, 1743800, 0, 0, 0
7601, 2562905, 1, 0, 0
7701, 1838559, 0, 0, 0
7702, 2457882, 1, 0, 0
7800, 2624732, 1, 0, 0
7811, 1796638, 0, 0, 0
7900, 2437426, 1, 0, 0
7902, 1726805, 0, 0, 0
8001, 1827041, 0, 0, 0
8001, 2676967, 1, 0, 0
8101, 2600641, 1, 0, 0
8103, 1556185, 0, 0, 0
8200, 2480859, 1, 0, 0
8202, 1890852, 0, 0, 0
8300, 2524553, 1, 0, 0
8302, 1775827, 0, 0, 0
8400, 2419330, 1, 0, 0
8401, 1754170, 0, 0, 0
8500, 2521131, 1, 0, 0
8505, 1726453, 0, 0, 0
8601, 1732536, 0, 0, 0
8601, 2535816, 1, 0, 0
8701, 1609680, 0, 0, 0
8701, 2501109, 1, 0, 0
8800, 2452294, 1, 0, 0
8800, 1621801, 0, 0, 0
8900, 2491026, 1, 0, 0
8902, 1677121, 0, 0, 0
9000, 2439593, 1, 0, 0
9018, 1718707, 0, 0, 0
9101, 2598871, 1, 0, 0
9104, 2007121, 0, 0, 0
9201, 2440464, 1, 0, 0
9203, 1673345, 0, 0, 0
9300, 2497904, 1, 0, 0
9300, 1738279, 0, 0, 0
9400, 1706593, 0, 0, 0
9401, 2498396, 1, 0, 0
9500, 2554901, 1, 0, 0
9501, 1791166, 0, 0, 0
9600, 2507552, 1, 0, 0
9602, 1782181, 0, 0, 0
9701, 2480148, 1, 0, 0
9707, 1770890, 0, 0, 0
9802, 2600572, 1, 0, 0
9804, 1885627, 0, 0, 0
9900, 1542723, 0, 0, 0
9901, 2561177, 1, 0, 0
10001, 2521006, 1, 0, 0
10003, 1641462, 0, 0, 0
10100, 1727685, 0, 0, 0
10100, 2445998, 1, 0, 0
10201, 2460504, 1, 0, 0
10203, 1652891, 0, 0, 0
10302, 2508701, 1, 0, 0
10304, 1772575, 0, 0, 0
10400, 2549661, 1, 0, 0
10407, 1626222, 0, 0, 0
10500, 2519752, 1, 0, 0
10501, 1748905, 0, 0, 0
10600, 2483626, 1, 0, 0
10604, 1775087, 0, 0, 0
10700, 2479907, 1, 0, 0
10704, 1716891, 0, 0, 0
10800, 2512162, 1, 0, 0
10804, 1721989, 0, 0, 0
10900, 2457228, 1, 0, 0
10906, 1800094, 0, 0, 0
11000, 1648371, 0, 0, 0
11002, 2455915, 1, 0, 0
11100, 2587927, 1, 0, 0
11101, 1677230, 0, 0, 0
11202, 2619181, 1, 0, 0
11204, 1534221, 0, 0, 0
11300, 2462587, 1, 0, 0
11305, 1775606, 0, 0, 0
11401, 2466319, 1, 0, 0
11404, 1689846, 0, 0, 0
11501, 2460357, 1, 0, 0
11503, 1632688, 0, 0, 0
11600, 1841609, 0, 0, 0
11603, 2431615, 1, 0, 0
11701, 2513509, 1, 0, 0
11702, 1682671, 0, 0, 0
11800, 2376877, 1, 0, 0
11804, 1718822, 0, 0, 0
11900, 1616491, 0, 0, 0
11902, 2391588, 1, 0, 0
12000, 2483593, 1, 0, 0
12010, 1724918, 0, 0, 0
12100, 1757502, 0, 0, 0
12100, 2512709, 1, 0, 0
12201, 1731626, 0, 0, 0
12202, 2501777, 1, 0, 0
12301, 2507237, 1, 0, 0
12303, 1694852, 0, 0, 0
12400, 2473256, 1, 0, 0
12406, 1650145, 0, 0, 0
12500, 1840657, 0, 0, 0
12500, 2610838, 1, 0, 0
12600, 1661792, 0, 0, 0
12601, 2474131, 1, 0, 0
12700, 2291252, 1, 0, 0
12702, 1786601, 0, 0, 0
12800, 1689561, 0, 0, 0
12802, 2530677, 1, 0, 0
12900, 2357416, 1, 0, 0
12906, 1588851, 0, 0, 0
13001, 2538726, 1, 0, 0
13002, 1681615, 0, 0, 0
13100, 1827378, 0, 0, 0
13103, 2470721, 1, 0, 0
13200, 1756922, 0, 0, 0
13201, 2468700, 1, 0, 0
13300, 1708257, 0, 0, 0
13300, 2391709, 1, 0, 0
13402, 2429599, 1, 0, 0
13407, 1755291, 0, 0, 0
13500, 2509907, 1, 0, 0
13501, 1819652, 0, 0, 0
13600, 1581317, 0, 0, 0
13600, 2430828, 1, 0, 0
13700, 1632457, 0, 0, 0
13701, 2508593, 1, 0, 0
13801, 2449355, 1, 0, 0
13803, 1609840, 0, 0, 0
13901, 2377899, 1, 0, 0
13904, 1558528, 0, 0, 0
14000, 1691740, 0, 0, 0
14001, 2455518, 1, 0, 0
14101, 1697276, 0, 0, 0
14101, 2465128, 1, 0, 0
14200, 1741668, 0, 0, 0
14203, 2525684, 1, 0, 0
14301, 2535646, 1, 0, 0
14303, 1693611, 0, 0, 0
14401, 2442507, 1, 0, 0
14403, 1846777, 0, 0, 0
14501, 2486557, 1, 0, 0
14503, 1834207, 0, 0, 0
14601, 2494386, 1, 0, 0
14603, 1716244, 0, 0, 0
14700, 2408989, 1, 0, 0
14701, 1625456, 0, 0, 0
14801, 2471148, 1, 0, 0
14805, 1611991, 0, 0, 0
14900, 2485264, 1, 0, 0
14902, 1837660, 0, 0, 0
15000, 1695091, 0, 0, 0
15002, 2408389, 1, 0, 0
15101, 2650838, 1, 0, 0
15101, 1776197, 0, 0, 0
15200, 2575297, 1, 0, 0
15203, 1820730, 0, 0, 0
15301, 1724097, 0, 0, 0
15301, 2550401, 1, 0, 0
15400, 1892317, 0, 0, 0
15401, 2582406, 1, 0, 0
15500, 2556083, 1, 0, 0
15504, 1605269, 0, 0, 0
15600, 2512610, 1, 0, 0
15600, 1828919, 0, 0, 0
15701, 2550485, 1, 0, 0
15701, 1816074, 0, 0, 0
15800, 2587050, 1, 0, 0
15802, 1717004, 0, 0, 0
15900, 2528505, 1, 0, 0
15902, 1824632, 0, 0, 0
16001, 2647890, 1, 0, 0
16002, 1766624, 0, 0, 0
16100, 1768920, 0, 0, 0
16102, 2574171, 1, 0, 0
16201, 2503396, 1, 0, 0
16206, 1748618, 0, 0, 0
16300, 2619654, 1, 0, 0
16307, 1876622, 0, 0, 0
16401, 1605978, 0, 0, 0
16402, 2657844, 1, 0, 0
16500, 2673013, 1, 0, 0
16503, 1771435, 0, 0, 0
16601, 2485884, 1, 0, 0
16603, 1812632, 0, 0, 0
16701, 2717719, 1, 0, 0
16701, 1766661, 0, 0, 0
16800, 2480173, 1, 0, 0
16803, 1738505, 0, 0, 0
16901, 2735035, 1, 0, 0
16909, 1679985, 0, 0, 0
17000, 1720959, 0, 0, 0
17000, 2486261, 1, 0, 0
17101, 1782597, 0, 0, 0
17101, 2530187, 1, 0, 0
17200, 1649101, 0, 0, 0
17201, 2475361, 1, 0, 0
17300, 2402718, 1, 0, 0
17301, 1733344, 0, 0, 0
17400, 1647126, 0, 0, 0
17402, 2490183, 1, 0, 0
17501, 1766954, 0, 0, 0
17502, 2399560, 1, 0, 0
17600, 2626695, 1, 0, 0
17605, 1674763, 0, 0, 0
17702, 2496577, 1, 0, 0
17704, 1865472, 0, 0, 0
17801, 1732394, 0, 0, 0
17802, 2570825, 1, 0, 0
17900, 2422215, 1, 0, 0
17901, 1690296, 0, 0, 0
18001, 2550648, 1, 0, 0
18012, 1795851, 0, 0, 0
18100, 2422887, 1, 0, 0
18101, 1587239, 0, 0, 0
18201, 2582318, 1, 0, 0
18205, 1660106, 0, 0, 0
18300, 2437149, 1, 0, 0
18308, 1689798, 0, 0, 0
18400, 1681145, 0, 0, 0
18401, 2533574, 1, 0, 0
18500, 2529442, 1, 0, 0
18511, 1642915, 0, 0, 0
18600, 2538629, 1, 0, 0
18604, 1731049, 0, 0, 0
18700, 1611069, 0, 0, 0
18704, 2497294, 1, 0, 0
18800, 2477700, 1, 0, 0
18801, 1671116, 0, 0, 0
18900, 2493184, 1, 0, 0
18901, 1754472, 0, 0, 0
19001, 2567852, 1, 0, 0
19005, 1716558, 0, 0, 0
19101, 2661188, 1, 0, 0
19102, 1777439, 0, 0, 0
19200, 1692054, 0, 0, 0
19201, 2552535, 1, 0, 0
19300, 1734988, 0, 0, 0
19301, 2653666, 1, 0, 0
19400, 1859690, 0, 0, 0
19400, 2538871, 1, 0, 0
19500, 1710799, 0, 0, 0
19504, 2610044, 1, 0, 0
19600, 2516332, 1, 0, 0
19602, 1582417, 0, 0, 0
19700, 2501957, 1, 0, 0
19701, 1726614, 0, 0, 0
19801, 2590241, 1, 0, 0
19805, 1853206, 0, 0, 0
19901, 2602688, 1, 0, 0
19902, 1849692, 0, 0, 0
20000, 2664026, 1, 0, 0
20005, 1901719, 0, 0, 0
20101, 2549992, 1, 0, 0
20107, 1749553, 0, 0, 0
20200, 2422086, 1, 0, 0
20201, 1714135, 0, 0, 0
20300, 1716247, 0, 0, 0
20302, 2542772, 1, 0, 0
20400, 2529281, 1, 0, 0
20405, 1715047, 0, 0, 0
20500, 2380230, 1, 0, 0
20501, 1761338, 0, 0, 0
20600, 1764927, 0, 0, 0
20602, 2611912, 1, 0, 0
20700, 2538114, 1, 0, 0
20702, 1678646, 0, 0, 0
20800, 1665912, 0, 0, 0
20800, 2617464, 1, 0, 0
20901, 2421130, 1, 0, 0
20902, 1614138, 0, 0, 0
21001, 2547211, 1, 0, 0
21002, 1682805, 0, 0, 0
21100, 2644421, 1, 0, 0
21103, 1869814, 0, 0, 0
21200, 1719672, 0, 0, 0
21201, 2421858, 1, 0, 0
21300, 2491159, 1, 0, 0
21302, 1730243, 0, 0, 0
21400, 2508435, 1, 0, 0
21402, 1857973, 0, 0, 0
21501, 2376864, 1, 0, 0
21502, 1811386, 0, 0, 0
21600, 2562888, 1, 0, 0
21607, 1776823, 0, 0, 0
21700, 1814901, 0, 0, 0
21703, 2535073, 1, 0, 0
21800, 1611128, 0, 0, 0
21801, 2623285, 1, 0, 0
21902, 2628751, 1, 0, 0
21904, 1642816, 0, 0, 0
22000, 1695006, 0, 0, 0
22001, 2737388, 1, 0, 0
22102, 1830400, 0, 0, 0
22102, 2608208, 1, 0, 0
22200, 2734197, 1, 0, 0
22202, 1682049, 0, 0, 0
22301, 2815166, 1, 0, 0
22303, 1738111, 0, 0, 0
22402, 2620031, 1, 0, 0
22406, 1900321, 0, 0, 0
22500, 2681376, 1, 0, 0
22508, 1871645, 0, 0, 0
22600, 1711776, 0, 0, 0
22600, 2779692, 1, 0, 0
22700, 2690905, 1, 0, 0
22702, 1827206, 0, 0, 0
22802, 2726656, 1, 0, 0
22804, 1661249, 0, 0, 0
22900, 1750536, 0, 0, 0
22902, 2616834, 1, 0, 0
23000, 2724160, 1, 0, 0
23000, 1733678, 0, 0, 0
23101, 1587039, 0, 0, 0
23101, 2544361, 1, 0, 0
23200, 1807667, 0, 0, 0
23202, 2556654, 1, 0, 0
23300, 1810805, 0, 0, 0
23301, 2663454, 1, 0, 0
23400, 2615391, 1, 0, 0
23403, 1745663, 0, 0, 0
23500, 2543525, 1, 0, 0
23503, 1587431, 0, 0, 0
23600, 2613169, 1, 0, 0
23601, 1724932, 0, 0, 0
23700, 2641333, 1, 0, 0
23701, 1794702, 0, 0, 0
23800, 2612699, 1, 0, 0
23805, 1717450, 0, 0, 0
23901, 2708948, 1, 0, 0
23905, 1683248, 0, 0, 0
24000, 2619230, 1, 0, 0
24003, 1854235, 0, 0, 0
24100, 2613207, 1, 0, 0
24113, 1791522, 0, 0, 0
24200, 2579990, 1, 0, 0
24202, 1802298, 0, 0, 0
24300, 1667429, 0, 0, 0
24302, 2648184, 1, 0, 0
24400, 2554243, 1, 0, 0
24403, 1894816, 0, 0, 0
24500, 2632914, 1, 0, 0
24502, 1701170, 0, 0, 0
24600, 1572552, 0, 0, 0
24601, 2522011, 1, 0, 0
24700, 2550839, 1, 0, 0
24704, 1687105, 0, 0, 0
24800, 2625718, 1, 0, 0
24801, 1838348, 0, 0, 0
24900, 2568185, 1, 0, 0
24901, 1446308, 0, 0, 0
25001, 2653791, 1, 0, 0
25001, 1843590, 0, 0, 0
25101, 2665155, 1, 0, 0
25105, 1682791, 0, 0, 0
25200, 1838297, 0, 0, 0
25200, 2581113, 1, 0, 0
25301, 2703710, 1, 0, 0
25303, 1778964, 0, 0, 0
25400, 2469389, 1, 0, 0
25407, 1731816, 0, 0, 0
25500, 1792283, 0, 0, 0
25502, 2668897, 1, 0, 0
25600, 1735461, 0, 0, 0
25602, 2759970, 1, 0, 0
25700, 2686439, 1, 0, 0
25701, 1792256, 0, 0, 0
25800, 1633927, 0, 0, 0
25802, 2639578, 1, 0, 0
25900, 1789222, 0, 0, 0
25902, 2508547, 1, 0, 0
26002, 2517286, 1, 0, 0
26016, 1742066, 0, 0, 0
26100, 2669271, 1, 0, 0
26107, 1857274, 0, 0, 0
26200, 1880787, 0, 0, 0
26202, 2530226, 1, 0, 0
26301, 1796086, 0, 0, 0
26303, 2616423, 1, 0, 0
26401, 2627346, 1, 0, 0
26401, 1951741, 0, 0, 0
26501, 2567918, 1, 0, 0
26503, 1559588, 0, 0, 0
26600, 2637089, 1, 0, 0
26604, 1956185, 0, 0, 0
26701, 2528171, 1, 0, 0
26703, 1961614, 0, 0, 0
26801, 2595500, 1, 0, 0
26803, 1793063, 0, 0, 0
26900, 1767799, 0, 0, 0
26900, 2683238, 1, 0, 0
27000, 2567676, 1, 0, 0
27009, 1831193, 0, 0, 0
27101, 1794678, 0, 0, 0
27101, 2516513, 1, 0, 0
27201, 1662269, 0, 0, 0
27202, 2422004, 1, 0, 0
27300, 2546265, 1, 0, 0
27301, 1582796, 0, 0, 0
27400, 2572648, 1, 0, 0
27400, 1692601, 0, 0, 0
27500, 2393584, 1, 0, 0
27502, 1770727, 0, 0, 0
27600, 1736550, 0, 0, 0
27601, 2545908, 1, 0, 0
27701, 2508320, 1, 0, 0
27701, 1771255, 0, 0, 0
27800, 2529773, 1, 0, 0
27801, 1785861, 0, 0, 0
27900, 2553147, 1, 0, 0
27901, 1797712, 0, 0, 0
28000, 2481181, 1, 0, 0
28015, 1793725, 0, 0, 0
28100, 2534338, 1, 0, 0
28106, 1678580, 0, 0, 0
28201, 1747214, 0, 0, 0
28201, 2568996, 1, 0, 0
28301, 1709578, 0, 0, 0
28302, 2500179, 1, 0, 0
28400, 1841589, 0, 0, 0
28400, 2509330, 1, 0, 0
28500, 2586082, 1, 0, 0
28510, 1725965, 0, 0, 0
28601, 2522723, 1, 0, 0
28607, 1698280, 0, 0, 0
28700, 2534879, 1, 0, 0
28701, 1717719, 0, 0, 0
28800, 2427321, 1, 0, 0
28804, 1732065, 0, 0, 0
28901, 2570488, 1, 0, 0
28909, 1649178, 0, 0, 0
29000, 2570856, 1, 0, 0
29005, 1744676, 0, 0, 0
29100, 2725367, 1, 0, 0
29107, 1785583, 0, 0, 0
29201, 2623278, 1, 0, 0
29202, 1703513, 0, 0, 0
29301, 1779943, 0, 0, 0
29302, 2545992, 1, 0, 0
29400, 2563197, 1, 0, 0
29410, 1748856, 0, 0, 0
29500, 1622158, 0, 0, 0
29502, 2516979, 1, 0, 0
29601, 2510517, 1, 0, 0
29603, 1726214, 0, 0, 0
29700, 1717486, 0, 0, 0
29701, 2592676, 1, 0, 0
29800, 2648157, 1, 0, 0
29804, 1679133, 0, 0, 0
29901, 2579110, 1, 0, 0
29901, 1704121, 0, 0, 0
30001, 2645990, 1, 0, 0
30007, 1787240, 0, 0, 0
30100, 1986216, 0, 0, 0
30101, 2555413, 1, 0, 0
30200, 2763826, 1, 0, 0
30202, 1693071, 0, 0, 0
30300, 2687686, 1, 0, 0
30301, 1703212, 0, 0, 0
30400, 2508991, 1, 0, 0
30412, 1774891, 0, 0, 0
30500, 2553756, 1, 0, 0
30507, 1780217, 0, 0, 0
30601, 2643523, 1, 0, 0
30604, 1678714, 0, 0, 0
30700, 2630902, 1, 0, 0
30704, 1779685, 0, 0, 0
30801, 2727728, 1, 0, 0
30802, 1657274, 0, 0, 0
30900, 2620361, 1, 0, 0
30900, 1730059, 0, 0, 0
31000, 2606501, 1, 0, 0
31002, 1741280, 0, 0, 0
31100, 2478708, 1, 0, 0
31104, 1721672, 0, 0, 0
31201, 2762692, 1, 0, 0
31207, 1798943, 0, 0, 0
31300, 2539775, 1, 0, 0
31306, 1890879, 0, 0, 0
31401, 2486671, 1, 0, 0
31410, 1673533, 0, 0, 0
31500, 1609798, 0, 0, 0
31500, 2579111, 1, 0, 0
31601, 1960192, 0, 0, 0
31602, 2560799, 1, 0, 0
31701, 2640624, 1, 0, 0
31703, 1806589, 0, 0, 0
31800, 2532698, 1, 0, 0
31800, 1837263, 0, 0, 0
31900, 1645192, 0, 0, 0
31902, 2564012, 1, 0, 0
32000, 2539007, 1, 0, 0
32011, 1881492, 0, 0, 0
32100, 1718357, 0, 0, 0
32101, 2602494, 1, 0, 0
32200, 2450265, 1, 0, 0
32202, 1772673, 0, 0, 0
32300, 1954963, 0, 0, 0
32303, 2764608, 1, 0, 0
32400, 1749871, 0, 0, 0
32401, 2522875, 1, 0, 0
32501, 1791416, 0, 0, 0
32501, 2621542, 1, 0, 0
32600, 2788657, 1, 0, 0
32604, 1893814, 0, 0, 0
32700, 2706455, 1, 0, 0
32706, 1738371, 0, 0, 0
32800, 1613021, 0, 0, 0
32800, 2442243, 1, 0, 0
32900, 2550842, 1, 0, 0
32900, 1728637, 0, 0, 0
33000, 1771973, 0, 0, 0
33001, 2543698, 1, 0, 0
33101, 2538826, 1, 0, 0
33117, 1712818, 0, 0, 0
33200, 2699129, 1, 0, 0
33203, 1661124, 0, 0, 0
33300, 2487835, 1, 0, 0
33302, 1744638, 0, 0, 0
33400, 2668506, 1, 0, 0
33404, 1682412, 0, 0, 0
33500, 1764749, 0, 0, 0
33500, 2542106, 1, 0, 0
33600, 2551655, 1, 0, 0
33602, 1715587, 0, 0, 0
33701, 2430920, 1, 0, 0
33702, 1743798, 0, 0, 0
33800, 2414186, 1, 0, 0
33802, 1633484, 0, 0, 0
33900, 1620952, 0, 0, 0
33901, 2611621, 1, 0, 0
34001, 2522458, 1, 0, 0
34010, 1857606, 0, 0, 0
34100, 2515227, 1, 0, 0
34103, 1682745, 0, 0, 0
34200, 2440634, 1, 0, 0
34204, 1741135, 0, 0, 0
34300, 1755724, 0, 0, 0
34300, 2540316, 1, 0, 0
34401, 2517282, 1, 0, 0
34402, 1708469, 0, 0, 0
34500, 2570779, 1, 0, 0
34503, 1790338, 0, 0, 0
34601, 1657745, 0, 0, 0
34602, 2508056, 1, 0, 0
34700, 2395265, 1, 0, 0
34701, 1706967, 0, 0, 0
34800, 1716469, 0, 0, 0
34801, 2398586, 1, 0, 0
34900, 2396662, 1, 0, 0
34901, 1703771, 0, 0, 0
35000, 2407217, 1, 0, 0
35001, 1601107, 0, 0, 0
35100, 2546819, 1, 0, 0
35106, 1743890, 0, 0, 0
35201, 2477345, 1, 0, 0
35213, 1590902, 0, 0, 0
35300, 1781087, 0, 0, 0
35304, 2542662, 1, 0, 0
35400, 2535846, 1, 0, 0
35400, 1708443, 0, 0, 0
35500, 2361475, 1, 0, 0
35500, 1641178, 0, 0, 0
35600, 2565516, 1, 0, 0
35602, 1636372, 0, 0, 0
35701, 1714133, 0, 0, 0
35703, 2499832, 1, 0, 0
35800, 2595176, 1, 0, 0
35801, 1684647, 0, 0, 0
35900, 1667729, 0, 0, 0
35901, 2489132, 1, 0, 0
36001, 2481799, 1, 0, 0
36002, 1725615, 0, 0, 0
36100, 2346436, 1, 0, 0
36108, 1751559, 0, 0, 0
36200, 2528696, 1, 0, 0
36208, 1639109, 0, 0, 0
36300, 1722667, 0, 0, 0
36301, 2461235, 1, 0, 0
36400, 2432745, 1, 0, 0
36400, 1844379, 0, 0, 0
36500, 2589161, 1, 0, 0
36502, 1796618, 0, 0, 0
36601, 1607377, 0, 0, 0
36601, 2591401, 1, 0, 0
36700, 2499904, 1, 0, 0
36703, 1710190, 0, 0, 0
36800, 2476748, 1, 0, 0
36804, 1665737, 0, 0, 0
36900, 2443467, 1, 0, 0
36903, 1860157, 0, 0, 0
37000, 1723507, 0, 0, 0
37001, 2519775, 1, 0, 0
37100, 2516662, 1, 0, 0
37102, 1554172, 0, 0, 0
37200, 2543420, 1, 0, 0
37205, 1781584, 0, 0, 0
37300, 2715317, 1, 0, 0
37304, 1625124, 0, 0, 0
37401, 2572338, 1, 0, 0
37407, 1632354, 0, 0, 0
37500, 2561819, 1, 0, 0
37505, 1624464, 0, 0, 0
37600, 2525668, 1, 0, 0
37600, 1714416, 0, 0, 0
37700, 1846585, 0, 0, 0
37701, 2455385, 1, 0, 0
37800, 2561398, 1, 0, 0
37800, 1657649, 0, 0, 0
37900, 2561184, 1, 0, 0
37900, 1584594, 0, 0, 0
38001, 2496785, 1, 0, 0
38007, 1726305, 0, 0, 0
38100, 1798259, 0, 0, 0
38101, 2617632, 1, 0, 0
38200, 2431379, 1, 0, 0
38201, 1597820, 0, 0, 0
38301, 2486485, 1, 0, 0
38303, 1610960, 0, 0, 0
38400, 2469385, 1, 0, 0
38410, 1889662, 0, 0, 0
38501, 2421304, 1, 0, 0
38502, 1741718, 0, 0, 0
38600, 2462002, 1, 0, 0
38614, 1682126, 0, 0, 0
38701, 1825193, 0, 0, 0
38701, 2430525, 1, 0, 0
38802, 2528857, 1, 0, 0
38808, 1671956, 0, 0, 0
38902, 2499966, 1, 0, 0
38904, 1808381, 0, 0, 0
39000, 1710755, 0, 0, 0
39000, 2524473, 1, 0, 0
39100, 2557880, 1, 0, 0
39101, 1849215, 0, 0, 0
39200, 2452445, 1, 0, 0
39209, 1743784, 0, 0, 0
39301, 2510130, 1, 0, 0
39313, 1731574, 0, 0, 0
39402, 2575559, 1, 0, 0
39404, 1683228, 0, 0, 0
39500, 2511330, 1, 0, 0
39503, 1673816, 0, 0, 0
39600, 2437040, 1, 0, 0
39607, 1772869, 0, 0, 0
39701, 1775941, 0, 0, 0
39702, 2579698, 1, 0, 0
39801, 2487393, 1, 0, 0
39805, 1692128, 0, 0, 0
39901, 2649500, 1, 0, 0
39905, 1706432, 0, 0, 0
40000, 2734454, 1, 0, 0
40002, 1823012, 0, 0, 0
40101, 2380950, 1, 0, 0
40104, 1836772, 0, 0, 0
40200, 2617956, 1, 0, 0
40202, 1701050, 0, 0, 0
40300, 2521254, 1, 0, 0
40308, 1735989, 0, 0, 0
40400, 2468821, 1, 0, 0
40407, 1705314, 0, 0, 0
40500, 1734765, 0, 0, 0
40500, 2559929, 1, 0, 0
40600, 2626080, 1, 0, 0
40603, 1682812, 0, 0, 0
40701, 2449777, 1, 0, 0
40703, 1754310, 0, 0, 0
40801, 1745946, 0, 0, 0
40802, 2442469, 1, 0, 0
40900, 1636711, 0, 0, 0
40900, 2514826, 1, 0, 0
41000, 1830381, 0, 0, 0
41000, 2428651, 1, 0, 0
41100, 1820298, 0, 0, 0
41101, 2594565, 1, 0, 0
41200, 2260386, 1, 0, 0
41200, 1682382, 0, 0, 0
41300, 2489441, 1, 0, 0
41302, 1623173, 0, 0, 0
41401, 1734302, 0, 0, 0
41401, 2443539, 1, 0, 0
41500, 2569535, 1, 0, 0
41502, 1690743, 0, 0, 0
41600, 2502261, 1, 0, 0
41601, 1707048, 0, 0, 0
41700, 2651000, 1, 0, 0
41704, 1923411, 0, 0, 0
41801, 2530985, 1, 0, 0
41812, 1796349, 0, 0, 0
41900, 2572508, 1, 0, 0
41900, 1841107, 0, 0, 0
42000, 2515896, 1, 0, 0
42002, 1682376, 0, 0, 0
42100, 1882429, 0, 0, 0
42101, 2558055, 1, 0, 0
42200, 1664680, 0, 0, 0
42200, 2589340, 1, 0, 0
42300, 2586461, 1, 0, 0
42300, 1716174, 0, 0, 0
42400, 2483050, 1, 0, 0
42402, 1617348, 0, 0, 0
42500, 1810277, 0, 0, 0
42501, 2673318, 1, 0, 0
42601, 2639376, 1, 0, 0
42604, 1869063, 0, 0, 0
42700, 2622268, 1, 0, 0
42702, 1770795, 0, 0, 0
42801, 2530404, 1, 0, 0
42802, 1758174, 0, 0, 0
42900, 2710237, 1, 0, 0
42907, 1722754, 0, 0, 0
43000, 2449829, 1, 0, 0
43001, 1863822, 0, 0, 0
43101, 1776987, 0, 0, 0
43103, 2748737, 1, 0, 0
43201, 2590089, 1, 0, 0
43202, 1830115, 0, 0, 0
43302, 1856819, 0, 0, 0
43302, 2467607, 1, 0, 0
43400, 2445629, 1, 0, 0
43405, 1661195, 0, 0, 0
43501, 2473349, 1, 0, 0
43505, 1585717, 0, 0, 0
43600, 1817477, 0, 0, 0
43600, 2521739, 1, 0, 0
43700, 1664207, 0, 0, 0
43700, 2516897, 1, 0, 0
43801, 2493634, 1, 0, 0
43803, 1681003, 0, 0, 0
43900, 2472776, 1, 0, 0
43904, 1707068, 0, 0, 0
44001, 2423396, 1, 0, 0
44003, 1773888, 0, 0, 0
44100, 2478838, 1, 0, 0
44107, 1740997, 0, 0, 0
44200, 1706093, 0, 0, 0
44201, 2569584, 1, 0, 0
44300, 2406690, 1, 0, 0
44301, 1638693, 0, 0, 0
44400, 2419580, 1, 0, 0
44402, 1812180, 0, 0, 0
44500, 2493480, 1, 0, 0
44503, 1638599, 0, 0, 0
44600, 1647401, 0, 0, 0
44600, 2410298, 1, 0, 0
44700, 2778965, 1, 0, 0
44715, 1783763, 0, 0, 0
44801, 2415285, 1, 0, 0
44809, 1691970, 0, 0, 0
44900, 2602327, 1, 0, 0
44904, 1629060, 0, 0, 0
45000, 2526989, 1, 0, 0
45001, 1702022, 0, 0, 0
45100, 1822105, 0, 0, 0
45100, 2681180, 1, 0, 0
45201, 2556149, 1, 0, 0
45219, 1733133, 0, 0, 0
45300, 2500135, 1, 0, 0
45301, 1646997, 0, 0, 0
45400, 1659624, 0, 0, 0
45400, 2527983, 1, 0, 0
45501, 2567803, 1, 0, 0
45509, 1770004, 0, 0, 0
45601, 2639856, 1, 0, 0
45603, 1548615, 0, 0, 0
45700, 2487358, 1, 0, 0
45702, 1750229, 0, 0, 0
45800, 2516451, 1, 0, 0
45806, 1777791, 0, 0, 0
45901, 2410347, 1, 0, 0
45903, 1846326, 0, 0, 0
46001, 2556562, 1, 0, 0
46002, 1744314, 0, 0, 0
46100, 2664733, 1, 0, 0
46100, 1604913, 0, 0, 0
46201, 1840855, 0, 0, 0
46202, 2620090, 1, 0, 0
46300, 2524541, 1, 0, 0
46304, 1650511, 0, 0, 0
46401, 1853185, 0, 0, 0
46401, 2773749, 1, 0, 0
46501, 2612234, 1, 0, 0
46504, 1809224, 0, 0, 0
46600, 2363157, 1, 0, 0
46609, 1643783, 0, 0, 0
46700, 1744822, 0, 0, 0
46702, 2627992, 1, 0, 0
46800, 2531948, 1, 0, 0
46801, 1862198, 0, 0, 0
46900, 2582583, 1, 0, 0
46902, 1727275, 0, 0, 0
47000, 1819101, 0, 0, 0
47000, 2539481, 1, 0, 0
47100, 2611229, 1, 0, 0
47102, 1625347, 0, 0, 0
47200, 1629690, 0, 0, 0
47202, 2758040, 1, 0, 0
47301, 2488047, 1, 0, 0
47310, 1603210, 0, 0, 0
47401, 2577853, 1, 0, 0
47403, 1741319, 0, 0, 0
47500, 2467010, 1, 0, 0
47502, 1629626, 0, 0, 0
47601, 2484277, 1, 0, 0
47602, 1742286, 0, 0, 0
47700, 1561792, 0, 0, 0
47701, 2531280, 1, 0, 0
47801, 2542603, 1, 0, 0
47807, 1764890, 0, 0, 0
47900, 2474891, 1, 0, 0
47904, 1794651, 0, 0, 0
48001, 2562754, 1, 0, 0
48003, 1781298, 0, 0, 0
48100, 2481664, 1, 0, 0
48100, 1791761, 0, 0, 0
48200, 2557524, 1, 0, 0
48202, 1773924, 0, 0, 0
48301, 2563073, 1, 0, 0
48303, 1665862, 0, 0, 0
48400, 2526802, 1, 0, 0
48406, 1780955, 0, 0, 0
48500, 2561165, 1, 0, 0
48506, 1730366, 0, 0, 0
48600, 2560017, 1, 0, 0
48602, 1618661, 0, 0, 0
48700, 2438328, 1, 0, 0
48703, 1723863, 0, 0, 0
48800, 2456365, 1, 0, 0
48807, 1729298, 0, 0, 0
48900, 2625419, 1, 0, 0
48904, 1703412, 0, 0, 0
49000, 2387065, 1, 0, 0
49005, 1643440, 0, 0, 0
49100, 2606430, 1, 0, 0
49102, 1694082, 0, 0, 0
49200, 2512080, 1, 0, 0
49202, 1708730, 0, 0, 0
49300, 2373298, 1, 0, 0
49311, 1885233, 0, 0, 0
49402, 2485120, 1, 0, 0
49406, 1756299, 0, 0, 0
49501, 2388109, 1, 0, 0
49503, 1804486, 0, 0, 0
49600, 2662381, 1, 0, 0
49604, 2035623, 0, 0, 0
49700, 1724814, 0, 0, 0
49704, 2521389, 1, 0, 0
49800, 2589300, 1, 0, 0
49813, 1918830, 0, 0, 0
49900, 2645678, 1, 0, 0
49904, 1596148, 0, 0, 0
50001, 2603434, 1, 0, 0
50006, 1538759, 0, 0, 0
50100, 1586517, 0, 0, 0
50100, 2404803, 1, 0, 0
50201, 2408754, 1, 0, 0
50204, 1677883, 0, 0, 0
50300, 2417787, 1, 0, 0
50308, 1658067, 0, 0, 0
50400, 2514759, 1, 0, 0
50402, 1818431, 0, 0, 0
50500, 2423781, 1, 0, 0
50501, 1630830, 0, 0, 0
50601, 1740598, 0, 0, 0
50601, 2503412, 1, 0, 0
50701, 2511347, 1, 0, 0
50703, 1622705, 0, 0, 0
50800, 1803180, 0, 0, 0
50802, 2405361, 1, 0, 0
50901, 2624394, 1, 0, 0
50903, 1798813, 0, 0, 0
51000, 2503760, 1, 0, 0
51018, 1693101, 0, 0, 0
51101, 2508451, 1, 0, 0
51102, 1620120, 0, 0, 0
51201, 2480198, 1, 0, 0
51207, 1586324, 0, 0, 0
51300, 2597273, 1, 0, 0
51302, 1693301, 0, 0, 0
51401, 2594908, 1, 0, 0
51403, 1757765, 0, 0, 0
51500, 1629223, 0, 0, 0
51503, 2598404, 1, 0, 0
51600, 2449312, 1, 0, 0
51605, 1684093, 0, 0, 0
51700, 2491432, 1, 0, 0
51705, 1778976, 0, 0, 0
51800, 1627901, 0, 0, 0
51804, 2657463, 1, 0, 0
51901, 1843746, 0, 0, 0
51901, 2562761, 1, 0, 0
52000, 2504603, 1, 0, 0
52005, 1712287, 0, 0, 0
52101, 2496365, 1, 0, 0
52104, 1758320, 0, 0, 0
52201, 1578949, 0, 0, 0
52201, 2498783, 1, 0, 0
52301, 2525383, 1, 0, 0
52304, 1674881, 0, 0, 0
52400, 2567005, 1, 0, 0
52415, 1720596, 0, 0, 0
52500, 2527743, 1, 0, 0
52506, 1705942, 0, 0, 0
52600, 1606294, 0, 0, 0
52601, 2535690, 1, 0, 0
52700, 1693845, 0, 0, 0
52701, 2571845, 1, 0, 0
52801, 2699345, 1, 0, 0
52801, 1761150, 0, 0, 0
52900, 1603787, 0, 0, 0
52901, 2907811, 1, 0, 0
53001, 2507860, 1, 0, 0
53011, 1986270, 0, 0, 0
53101, 2469791, 1, 0, 0
53106, 1872849, 0, 0, 0
53200, 2479783, 1, 0, 0
53207, 1630079, 0, 0, 0
53301, 2505707, 1, 0, 0
53307, 1712177, 0, 0, 0
53401, 1627278, 0, 0, 0
53401, 2528600, 1, 0, 0
53502, 2556665, 1, 0, 0
53508, 1786798, 0, 0, 0
53600, 1908989, 0, 0, 0
53603, 2453025, 1, 0, 0
53700, 2550228, 1, 0, 0
53702, 1704780, 0, 0, 0
53800, 2494385, 1, 0, 0
53801, 1682830, 0, 0, 0
53900, 2701115, 1, 0, 0
53901, 1697994, 0, 0, 0
54000, 2526720, 1, 0, 0
54003, 1736209, 0, 0, 0
54100, 2573471, 1, 0, 0
54100, 1578239, 0, 0, 0
54201, 2565267, 1, 0, 0
54206, 1591332, 0, 0, 0
54301, 2493726, 1, 0, 0
54312, 1902551, 0, 0, 0
54401, 2428120, 1, 0, 0
54407, 1710028, 0, 0, 0
54501, 2530924, 1, 0, 0
54513, 1704145, 0, 0, 0
54600, 2591657, 1, 0, 0
54611, 1802332, 0, 0, 0
54700, 2593663, 1, 0, 0
54701, 1738992, 0, 0, 0
54800, 2535842, 1, 0, 0
54808, 1899056, 0, 0, 0
54901, 2500571, 1, 0, 0
54903, 1665233, 0, 0, 0
55000, 2708104, 1, 0, 0
55004, 1911882, 0, 0, 0
55100, 2604917, 1, 0, 0
55104, 1686434, 0, 0, 0
55200, 2631168, 1, 0, 0
55203, 1674690, 0, 0, 0
55300, 2568199, 1, 0, 0
55309, 1615421, 0, 0, 0
55401, 2538581, 1, 0, 0
55402, 1662347, 0, 0, 0
55501, 2618803, 1, 0, 0
55504, 1759846, 0, 0, 0
55601, 2519034, 1, 0, 0
55601, 1734135, 0, 0, 0
55700, 2492125, 1, 0, 0
55701, 1784518, 0, 0, 0
55800, 1424735, 0, 0, 0
55800, 2499781, 1, 0, 0
55900, 2457110, 1, 0, 0
55907, 1912246, 0, 0, 0
56002, 1753286, 0, 0, 0
56002, 2756563, 1, 0, 0
56100, 2597483, 1, 0, 0
56100, 1670797, 0, 0, 0
56201, 2537302, 1, 0, 0
56205, 1882880, 0, 0, 0
56300, 1802681, 0, 0, 0
56304, 2543706, 1, 0, 0
56401, 2565594, 1, 0, 0
56405, 1689310, 0, 0, 0
56501, 2534863, 1, 0, 0
56502, 1843782, 0, 0, 0
56600, 2693314, 1, 0, 0
56605, 1675640, 0, 0, 0
56701, 2465169, 1, 0, 0
56703, 1678591, 0, 0, 0
56800, 2654176, 1, 0, 0
56804, 1797439, 0, 0, 0
56900, 1796915, 0, 0, 0
56903, 2631239, 1, 0, 0
57001, 1884154, 0, 0, 0
57001, 2697442, 1, 0, 0
57100, 2468442, 1, 0, 0
57102, 1775866, 0, 0, 0
57200, 2682808, 1, 0, 0
57208, 1704425, 0, 0, 0
57300, 2633010, 1, 0, 0
57300, 1750277, 0, 0, 0
57400, 1668954, 0, 0, 0
57403, 2535853, 1, 0, 0
57500, 2527794, 1, 0, 0
57502, 1699977, 0, 0, 0
57600, 1665903, 0, 0, 0
57601, 2537854, 1, 0, 0
57700, 1669777, 0, 0, 0
57701, 2318712, 1, 0, 0
57801, 1639860, 0, 0, 0
57802, 2545097, 1, 0, 0
57900, 2538271, 1, 0, 0
57914, 1644937, 0, 0, 0
58000, 1692934, 0, 0, 0
58001, 2521221, 1, 0, 0
58100, 2505778, 1, 0, 0
58101, 1629628, 0, 0, 0
58201, 2401373, 1, 0, 0
58203, 1898180, 0, 0, 0
58300, 2465944, 1, 0, 0
58301, 1561236, 0, 0, 0
58400, 2460957, 1, 0, 0
58404, 1660377, 0, 0, 0
58501, 1843211, 0, 0, 0
58502, 2594351, 1, 0, 0
58601, 1609025, 0, 0, 0
58602, 2538928, 1, 0, 0
58700, 2591600, 1, 0, 0
58707, 1789465, 0, 0, 0
58800, 2580967, 1, 0, 0
58808, 1820934, 0, 0, 0
58901, 1831879, 0, 0, 0
58901, 2492714, 1, 0, 0
59000, 2545490, 1, 0, 0
59002, 1810787, 0, 0, 0
59100, 1740680, 0, 0, 0
59100, 2537094, 1, 0, 0
59200, 2355448, 1, 0, 0
59204, 1757821, 0, 0, 0
59301, 2530794, 1, 0, 0
59308, 1604251, 0, 0, 0
59401, 1776807, 0, 0, 0
59401, 2558269, 1, 0, 0
59501, 2464620, 1, 0, 0
59505, 1635936, 0, 0, 0
59600, 2530411, 1, 0, 0
59605, 1868432, 0, 0, 0
59700, 2591698, 1, 0, 0
59703, 1767704, 0, 0, 0
59802, 2538826, 1, 0, 0
59805, 1747077, 0, 0, 0
59900, 1614896, 0, 0, 0
59902, 2618654, 1, 0, 0
60000, 2507137, 1, 0, 0
60001, 1801455, 0, 0, 0
60100, 2598226, 1, 0, 0
60102, 1593617, 0, 0, 0
60200, 2486933, 1, 0, 0
60203, 1678146, 0, 0, 0
60300, 1846845, 0, 0, 0
60301, 2562911, 1, 0, 0
60400, 2594613, 1, 0, 0
60404, 1705305, 0, 0, 0
60501, 2663482, 1, 0, 0
60504, 1697345, 0, 0, 0
60600, 2499066, 1, 0, 0
60601, 1686086, 0, 0, 0
60700, 2484657, 1, 0, 0
60710, 1782662, 0, 0, 0
60801, 2662702, 1, 0, 0
60811, 1760184, 0, 0, 0
60901, 2612386, 1, 0, 0
60902, 1712916, 0, 0, 0
61000, 2519342, 1, 0, 0
61004, 1652286, 0, 0, 0
61101, 2623192, 1, 0, 0
61105, 1758755, 0, 0, 0
61200, 2443683, 1, 0, 0
61204, 1609492, 0, 0, 0
61302, 2575624, 1, 0, 0
61303, 1622381, 0, 0, 0
61401, 1557952, 0, 0, 0
61401, 2562093, 1, 0, 0
61500, 2481089, 1, 0, 0
61503, 1622516, 0, 0, 0
61600, 2539538, 1, 0, 0
61602, 1679219, 0, 0, 0
61700, 2446456, 1, 0, 0
61703, 1621973, 0, 0, 0
61800, 1734655, 0, 0, 0
61803, 2472461, 1, 0, 0
61900, 2680096, 1, 0, 0
61903, 1595865, 0, 0, 0
62000, 2548301, 1, 0, 0
62000, 1738137, 0, 0, 0
62100, 1716255, 0, 0, 0
62100, 2453459, 1, 0, 0
62201, 2506088, 1, 0, 0
62201, 1739565, 0, 0, 0
62300, 1718489, 0, 0, 0
62300, 2628956, 1, 0, 0
62400, 1670176, 0, 0, 0
62402, 2536918, 1, 0, 0
62500, 2436171, 1, 0, 0
62506, 1838832, 0, 0, 0
62600, 2514496, 1, 0, 0
62603, 1710752, 0, 0, 0
62702, 2502717, 1, 0, 0
62704, 1745496, 0, 0, 0
62800, 2573778, 1, 0, 0
62803, 1694771, 0, 0, 0
62900, 1707661, 0, 0, 0
62902, 2488273, 1, 0, 0
63000, 1686802, 0, 0, 0
63000, 2562420, 1, 0, 0
63101, 1710971, 0, 0, 0
63104, 2420166, 1, 0, 0
63200, 2324865, 1, 0, 0
63201, 1659404, 0, 0, 0
63301, 1700388, 0, 0, 0
63304, 2564567, 1, 0, 0
63400, 1764091, 0, 0, 0
63402, 2433320, 1, 0, 0
63500, 2517114, 1, 0, 0
63504, 1757231, 0, 0, 0
63602, 2557593, 1, 0, 0
63607, 1810405, 0, 0, 0
63700, 2639253, 1, 0, 0
63704, 1802136, 0, 0, 0
63800, 1779652, 0, 0, 0
63803, 2588022, 1, 0, 0
63901, 2630380, 1, 0, 0
63905, 1649843, 0, 0, 0
64000, 2540840, 1, 0, 0
64008, 1848277, 0, 0, 0
64101, 1702209, 0, 0, 0
64101, 2554913, 1, 0, 0
64200, 2486121, 1, 0, 0
64202, 1595294, 0, 0, 0
64301, 2418541, 1, 0, 0
64303, 1768756, 0, 0, 0
64401, 2436499, 1, 0, 0
64402, 1683852, 0, 0, 0
64501, 2361613, 1, 0, 0
64503, 1688567, 0, 0, 0
64600, 2449475, 1, 0, 0
64602, 1746038, 0, 0, 0
64701, 2564767, 1, 0, 0
64705, 1715814, 0, 0, 0
64801, 2675456, 1, 0, 0
64816, 1701528, 0, 0, 0
64900, 2630951, 1, 0, 0
64903, 1764783, 0, 0, 0
65000, 1684315, 0, 0, 0
65002, 2654826, 1, 0, 0
65101, 1835479, 0, 0, 0
65103, 2675418, 1, 0, 0
65200, 2501335, 1, 0, 0
65207, 1810150, 0, 0, 0
65300, 1682947, 0, 0, 0
65303, 2665576, 1, 0, 0
65402, 2425952, 1, 0, 0
65404, 1607003, 0, 0, 0
65501, 2404723, 1, 0, 0
65502, 1618204, 0, 0, 0
65600, 2564115, 1, 0, 0
65604, 1813391, 0, 0, 0
65700, 2563423, 1, 0, 0
65704, 1773654, 0, 0, 0
65801, 1736533, 0, 0, 0
65801, 2617963, 1, 0, 0
65901, 2563550, 1, 0, 0
65916, 1720403, 0, 0, 0
66001, 2587220, 1, 0, 0
66003, 1710580, 0, 0, 0
66101, 2526061, 1, 0, 0
66103, 1679621, 0, 0, 0
66200, 1626919, 0, 0, 0
66202, 2610599, 1, 0, 0
66300, 2410720, 1, 0, 0
66301, 1725783, 0, 0, 0
66400, 2443203, 1, 0, 0
66409, 1739027, 0, 0, 0
66500, 1784120, 0, 0, 0
66502, 2609955, 1, 0, 0
66600, 1686955, 0, 0, 0
66602, 2447559, 1, 0, 0
66700, 2562301, 1, 0, 0
66703, 1809209, 0, 0, 0
66800, 2511603, 1, 0, 0
66808, 1708419, 0, 0, 0
66900, 2483846, 1, 0, 0
66902, 1817359, 0, 0, 0
67000, 2723548, 1, 0, 0
67002, 1716157, 0, 0, 0
67100, 2567256, 1, 0, 0
67104, 1888558, 0, 0, 0
67200, 2494304, 1, 0, 0
67204, 1754039, 0, 0, 0
67300, 2535114, 1, 0, 0
67313, 1771975, 0, 0, 0
67400, 2534044, 1, 0, 0
67401, 1652403, 0, 0, 0
67500, 2563337, 1, 0, 0
67502, 1753734, 0, 0, 0
67600, 2502980, 1, 0, 0
67601, 1593821, 0, 0, 0
67702, 2404513, 1, 0, 0
67703, 1460097, 0, 0, 0
67800, 1642344, 0, 0, 0
67800, 2555503, 1, 0, 0
67900, 2543199, 1, 0, 0
67909, 1801457, 0, 0, 0
68002, 2757857, 1, 0, 0
68004, 1821720, 0, 0, 0
68101, 2652738, 1, 0, 0
68106, 1766297, 0, 0, 0
68201, 2485649, 1, 0, 0
68203, 1939645, 0, 0, 0
68300, 2483162, 1, 0, 0
68303, 1850017, 0, 0, 0
68400, 2506671, 1, 0, 0
68403, 1621615, 0, 0, 0
68500, 2630555, 1, 0, 0
68501, 1574450, 0, 0, 0
68601, 2627408, 1, 0, 0
68604, 1791667, 0, 0, 0
68700, 2576697, 1, 0, 0
68703, 1714106, 0, 0, 0
68800, 1713058, 0, 0, 0
68802, 2604944, 1, 0, 0
68901, 2528748, 1, 0, 0
68903, 1591273, 0, 0, 0
69000, 1786214, 0, 0, 0
69001, 2674024, 1, 0, 0
69101, 2538039, 1, 0, 0
69105, 1713804, 0, 0, 0
69201, 2554268, 1, 0, 0
69202, 1638185, 0, 0, 0
69301, 2587799, 1, 0, 0
69305, 1801128, 0, 0, 0
69400, 2560270, 1, 0, 0
69402, 1643438, 0, 0, 0
69501, 2559957, 1, 0, 0
69504, 1735314, 0, 0, 0
69600, 2462713, 1, 0, 0
69605, 1741401, 0, 0, 0
69701, 2527065, 1, 0, 0
69705, 1689156, 0, 0, 0
69801, 1580418, 0, 0, 0
69801, 2531534, 1, 0, 0
69902, 2645734, 1, 0, 0
69903, 1807949, 0, 0, 0
70000, 2476640, 1, 0, 0
70004, 1792286, 0, 0, 0
70101, 2445968, 1, 0, 0
70111, 1734708, 0, 0, 0
70200, 2605094, 1, 0, 0
70200, 1827639, 0, 0, 0
70300, 2537968, 1, 0, 0
70310, 1761760, 0, 0, 0
70400, 2535202, 1, 0, 0
70404, 1780589, 0, 0, 0
70501, 2554202, 1, 0, 0
70502, 1659652, 0, 0, 0
70601, 2545008, 1, 0, 0
70620, 1782534, 0, 0, 0
70701, 1662428, 0, 0, 0
70702, 2559722, 1, 0, 0
70801, 1635248, 0, 0, 0
70804, 2446687, 1, 0, 0
70900, 2577143, 1, 0, 0
70900, 1738824, 0, 0, 0
71001, 1709089, 0, 0, 0
71003, 2479056, 1, 0, 0
71100, 2719105, 1, 0, 0
71113, 1667418, 0, 0, 0
71201, 2527740, 1, 0, 0
71203, 1553715, 0, 0, 0
71300, 2375479, 1, 0, 0
71305, 1768359, 0, 0, 0
71400, 1720198, 0, 0, 0
71400, 2751710, 1, 0, 0
71500, 1726132, 0, 0, 0
71501, 2543952, 1, 0, 0
71601, 2547825, 1, 0, 0
71610, 1664555, 0, 0, 0
71700, 1717522, 0, 0, 0
71704, 2433588, 1, 0, 0
71801, 2523463, 1, 0, 0
71803, 1724953, 0, 0, 0
71902, 2424700, 1, 0, 0
71905, 1691041, 0, 0, 0
72000, 2484056, 1, 0, 0
72002, 1590785, 0, 0, 0
72100, 1837387, 0, 0, 0
72101, 2613025, 1, 0, 0
72200, 1779021, 0, 0, 0
72201, 2465668, 1, 0, 0
72301, 2509309, 1, 0, 0
72301, 1631578, 0, 0, 0
72401, 2470181, 1, 0, 0
72402, 1653280, 0, 0, 0
72501, 1803446, 0, 0, 0
72503, 2600073, 1, 0, 0
72600, 2625338, 1, 0, 0
72601, 1692280, 0, 0, 0
72702, 2864519, 1, 0, 0
72717, 1730534, 0, 0, 0
72800, 2541859, 1, 0, 0
72804, 1757431, 0, 0, 0
72901, 2577198, 1, 0, 0
72902, 1689360, 0, 0, 0
73000, 2410715, 1, 0, 0
73013, 1720579, 0, 0, 0
73102, 1776631, 0, 0, 0
73102, 2535815, 1, 0, 0
73200, 1827847, 0, 0, 0
73201, 2418762, 1, 0, 0
73300, 2613090, 1, 0, 0
73304, 1707085, 0, 0, 0
73401, 1824616, 0, 0, 0
73402, 2555493, 1, 0, 0
73500, 1672810, 0, 0, 0
73500, 2565920, 1, 0, 0
73600, 2494096, 1, 0, 0
73603, 1705180, 0, 0, 0
73700, 2532701, 1, 0, 0
73700, 1588138, 0, 0, 0
73800, 2639297, 1, 0, 0
73800, 1666590, 0, 0, 0
73902, 2330474, 1, 0, 0
73911, 1684506, 0, 0, 0
74000, 1665695, 0, 0, 0
74001, 2555623, 1, 0, 0
74100, 1739236, 0, 0, 0
74102, 2433098, 1, 0, 0
74200, 2595196, 1, 0, 0
74202, 1795885, 0, 0, 0
74301, 2382893, 1, 0, 0
74305, 1768997, 0, 0, 0
74400, 1581156, 0, 0, 0
74402, 2464746, 1, 0, 0
74500, 2381075, 1, 0, 0
74502, 1733853, 0, 0, 0
74600, 2553697, 1, 0, 0
74603, 1552394, 0, 0, 0
74700, 1674249, 0, 0, 0
74701, 2423345, 1, 0, 0
74800, 2583581, 1, 0, 0
74807, 1566439, 0, 0, 0
74900, 2453339, 1, 0, 0
74909, 1632957, 0, 0, 0
75000, 2445582, 1, 0, 0
75001, 1688067, 0, 0, 0
75100, 2405696, 1, 0, 0
75101, 1640264, 0, 0, 0
75201, 2372662, 1, 0, 0
75202, 1671022, 0, 0, 0
75301, 1787496, 0, 0, 0
75301, 2624327, 1, 0, 0
75401, 2342365, 1, 0, 0
75404, 1664035, 0, 0, 0
75501, 2724456, 1, 0, 0
75503, 1849412, 0, 0, 0
75600, 2405855, 1, 0, 0
75606, 1834370, 0, 0, 0
75700, 2451223, 1, 0, 0
75703, 1676404, 0, 0, 0
75801, 2416056, 1, 0, 0
75802, 1686140, 0, 0, 0
75901, 1659534, 0, 0, 0
75902, 2559938, 1, 0, 0
76001, 2502552, 1, 0, 0
76005, 1746853, 0, 0, 0
76100, 2538831, 1, 0, 0
76107, 1867989, 0, 0, 0
76201, 1805359, 0, 0, 0
76204, 2458737, 1, 0, 0
76300, 2703199, 1, 0, 0
76310, 1679356, 0, 0, 0
76401, 2507641, 1, 0, 0
76408, 1791340, 0, 0, 0
76500, 2420900, 1, 0, 0
76504, 1679005, 0, 0, 0
76600, 2483116, 1, 0, 0
76605, 1817344, 0, 0, 0
76701, 1864542, 0, 0, 0
76701, 2395079, 1, 0, 0
76800, 2524836, 1, 0, 0
76803, 1769474, 0, 0, 0
76900, 1968800, 0, 0, 0
76901, 2411160, 1, 0, 0
77000, 2590387, 1, 0, 0
77005, 1830081, 0, 0, 0
77100, 2531942, 1, 0, 0
77113, 1722110, 0, 0, 0
77200, 2555864, 1, 0, 0
77201, 1777242, 0, 0, 0
77300, 2645504, 1, 0, 0
77301, 1871783, 0, 0, 0
77400, 2605156, 1, 0, 0
77402, 1751447, 0, 0, 0
77501, 2513718, 1, 0, 0
77503, 1615574, 0, 0, 0
77600, 2703131, 1, 0, 0
77610, 1913251, 0, 0, 0
77700, 2744539, 1, 0, 0
77704, 1696687, 0, 0, 0
77800, 1787122, 0, 0, 0
77801, 2723652, 1, 0, 0
77900, 2601283, 1, 0, 0
77908, 1727534, 0, 0, 0
78000, 2474422, 1, 0, 0
78001, 1744836, 0, 0, 0
78101, 2579148, 1, 0, 0
78107, 1812787, 0, 0, 0
78200, 2493986, 1, 0, 0
78201, 1833930, 0, 0, 0
78301, 2726436, 1, 0, 0
78301, 1634297, 0, 0, 0
78401, 2588708, 1, 0, 0
78403, 1768254, 0, 0, 0
78501, 2619137, 1, 0, 0
78503, 1870329, 0, 0, 0
78600, 1766634, 0, 0, 0
78601, 2492436, 1, 0, 0
78701, 2613098, 1, 0, 0
78705, 1814758, 0, 0, 0
78801, 2671943, 1, 0, 0
78808, 1821240, 0, 0, 0
78900, 2578475, 1, 0, 0
78903, 1823199, 0, 0, 0
79001, 2681560, 1, 0, 0
79015, 1856343, 0, 0, 0
79100, 2733067, 1, 0, 0
79104, 1925269, 0, 0, 0
79202, 1836962, 0, 0, 0
79202, 2537746, 1, 0, 0
79302, 1702961, 0, 0, 0
79302, 2830820, 1, 0, 0
79400, 2529245, 1, 0, 0
79402, 1610207, 0, 0, 0
79501, 2718422, 1, 0, 0
79506, 1715669, 0, 0, 0
79600, 2476395, 1, 0, 0
79608, 1683814, 0, 0, 0
79700, 2474242, 1, 0, 0
79706, 1782125, 0, 0, 0
79801, 2676254, 1, 0, 0
79804, 1727717, 0, 0, 0
79901, 2537992, 1, 0, 0
79903, 1838866, 0, 0, 0
80001, 2551539, 1, 0, 0
80003, 1725149, 0, 0, 0
80100, 2532425, 1, 0, 0
80107, 1760398, 0, 0, 0
80200, 1713221, 0, 0, 0
80201, 2592924, 1, 0, 0
80300, 2456906, 1, 0, 0
80307, 1740138, 0, 0, 0
80401, 2804584, 1, 0, 0
80401, 1737603, 0, 0, 0
80500, 2446732, 1, 0, 0
80506, 1904122, 0, 0, 0
80600, 2543334, 1, 0, 0
80600, 1726288, 0, 0, 0
80700, 1668008, 0, 0, 0
80701, 2661675, 1, 0, 0
80800, 2577903, 1, 0, 0
80805, 1795986, 0, 0, 0
80900, 2760509, 1, 0, 0
80901, 1798165, 0, 0, 0
81000, 1751074, 0, 0, 0
81003, 2603429, 1, 0, 0
81102, 2432808, 1, 0, 0
81107, 1676887, 0, 0, 0
81201, 2579279, 1, 0, 0
81205, 1667050, 0, 0, 0
81301, 2717858, 1, 0, 0
81303, 1867429, 0, 0, 0
81400, 2536903, 1, 0, 0
81401, 1665636, 0, 0, 0
81500, 2524770, 1, 0, 0
81502, 1698137, 0, 0, 0
81600, 2630287, 1, 0, 0
81601, 1832032, 0, 0, 0
81700, 2529091, 1, 0, 0
81708, 1750686, 0, 0, 0
81800, 2515316, 1, 0, 0
81809, 1514454, 0, 0, 0
81900, 2463201, 1, 0, 0
81901, 1746687, 0, 0, 0
82000, 2463105, 1, 0, 0
82000, 1676227, 0, 0, 0
82100, 2483214, 1, 0, 0
82105, 1633380, 0, 0, 0
82201, 2746352, 1, 0, 0
82204, 1764062, 0, 0, 0
82300, 2665869, 1, 0, 0
82300, 1846665, 0, 0, 0
82400, 2696169, 1, 0, 0
82407, 1675718, 0, 0, 0
82500, 2780020, 1, 0, 0
82500, 1676092, 0, 0, 0
82600, 2720823, 1, 0, 0
82602, 1920378, 0, 0, 0
82702, 2645930, 1, 0, 0
82705, 1934866, 0, 0, 0
82801, 2616441, 1, 0, 0
82805, 1687693, 0, 0, 0
82900, 2506450, 1, 0, 0
82901, 1768530, 0, 0, 0
83000, 2547734, 1, 0, 0
83001, 1782896, 0, 0, 0
83100, 2549945, 1, 0, 0
83102, 1669781, 0, 0, 0
83200, 2584737, 1, 0, 0
83202, 1766394, 0, 0, 0
83300, 1700868, 0, 0, 0
83300, 2500775, 1, 0, 0
83400, 2509934, 1, 0, 0
83413, 1743095, 0, 0, 0
83502, 2489296, 1, 0, 0
83503, 1595252, 0, 0, 0
83601, 2553325, 1, 0, 0
83604, 1602385, 0, 0, 0
83700, 1663633, 0, 0, 0
83702, 2470836, 1, 0, 0
83800, 2620570, 1, 0, 0
83804, 1739161, 0, 0, 0
83900, 2505478, 1, 0, 0
83915, 1719784, 0, 0, 0
84000, 2473526, 1, 0, 0
84001, 1632672, 0, 0, 0
84101, 2598474, 1, 0, 0
84107, 1765879, 0, 0, 0
84200, 2435013, 1, 0, 0
84202, 1732443, 0, 0, 0
84300, 2475559, 1, 0, 0
84304, 1835581, 0, 0, 0
84400, 2492108, 1, 0, 0
84403, 1899925, 0, 0, 0
84501, 1924314, 0, 0, 0
84503, 2595077, 1, 0, 0
84600, 2498880, 1, 0, 0
84603, 1738414, 0, 0, 0
84700, 1642109, 0, 0, 0
84702, 2423018, 1, 0, 0
84800, 2630607, 1, 0, 0
84801, 1664825, 0, 0, 0
84901, 2648920, 1, 0, 0
84909, 1819092, 0, 0, 0
85000, 2631527, 1, 0, 0
85008, 1730978, 0, 0, 0
85100, 2647620, 1, 0, 0
85102, 1736133, 0, 0, 0
85201, 2532129, 1, 0, 0
85221, 1661493, 0, 0, 0
85301, 2551619, 1, 0, 0
85303, 1769883, 0, 0, 0
85402, 1865482, 0, 0, 0
85402, 2562206, 1, 0, 0
85500, 2472032, 1, 0, 0
85502, 1735733, 0, 0, 0
85601, 2419056, 1, 0, 0
85606, 1681670, 0, 0, 0
85700, 2466472, 1, 0, 0
85703, 1638308, 0, 0, 0
85800, 2598249, 1, 0, 0
85804, 1872722, 0, 0, 0
85900, 2439853, 1, 0, 0
85901, 1612449, 0, 0, 0
86001, 2600996, 1, 0, 0
86005, 1749848, 0, 0, 0
86100, 2498582, 1, 0, 0
86101, 1728994, 0, 0, 0
86200, 2489904, 1, 0, 0
86203, 1676942, 0, 0, 0
86300, 2444353, 1, 0, 0
86304, 1723691, 0, 0, 0
86400, 2621590, 1, 0, 0
86404, 1754475, 0, 0, 0
86500, 1822707, 0, 0, 0
86501, 2560779, 1, 0, 0
86601, 1687735, 0, 0, 0
86602, 2607006, 1, 0, 0
86700, 2693492, 1, 0, 0
86711, 1921310, 0, 0, 0
86801, 2519190, 1, 0, 0
86804, 1830382, 0, 0, 0
86901, 2664131, 1, 0, 0
86903, 1738794, 0, 0, 0
87001, 2540096, 1, 0, 0
87008, 1855890, 0, 0, 0
87101, 2556715, 1, 0, 0
87101, 1760939, 0, 0, 0
87200, 1708781, 0, 0, 0
87203, 2556412, 1, 0, 0
87300, 2544529, 1, 0, 0
87307, 1821754, 0, 0, 0
87400, 2671927, 1, 0, 0
87404, 1755942, 0, 0, 0
87501, 1969712, 0, 0, 0
87501, 2521791, 1, 0, 0
87600, 2624445, 1, 0, 0
87602, 1731538, 0, 0, 0
87700, 2583796, 1, 0, 0
87710, 1720476, 0, 0, 0
87800, 2644656, 1, 0, 0
87801, 1855911, 0, 0, 0
87901, 2521873, 1, 0, 0
87903, 1733002, 0, 0, 0
88001, 2552021, 1, 0, 0
88005, 1639473, 0, 0, 0
88100, 2621748, 1, 0, 0
88102, 1714295, 0, 0, 0
88201, 2518784, 1, 0, 0
88206, 1815199, 0, 0, 0
88300, 2978166, 1, 0, 0
88301, 1820133, 0, 0, 0
88400, 2444793, 1, 0, 0
88405, 1695606, 0, 0, 0
88500, 1782104, 0, 0, 0
88501, 2432207, 1, 0, 0
88600, 2609042, 1, 0, 0
88602, 1672961, 0, 0, 0
88700, 2463633, 1, 0, 0
88704, 1718709, 0, 0, 0
88800, 2639508, 1, 0, 0
88803, 1767612, 0, 0, 0
88900, 2528178, 1, 0, 0
88901, 1657789, 0, 0, 0
89000, 2629169, 1, 0, 0
89007, 1737149, 0, 0, 0
89100, 2443447, 1, 0, 0
89101, 1742281, 0, 0, 0
89201, 2591876, 1, 0, 0
89212, 1822220, 0, 0, 0
89300, 2549366, 1, 0, 0
89301, 1630101, 0, 0, 0
89400, 2548244, 1, 0, 0
89401, 1538638, 0, 0, 0
89500, 2531204, 1, 0, 0
89501, 1729576, 0, 0, 0
89600, 1743699, 0, 0, 0
89601, 2522281, 1, 0, 0
89700, 1852795, 0, 0, 0
89701, 2629368, 1, 0, 0
89800, 1628115, 0, 0, 0
89802, 2505750, 1, 0, 0
89900, 1672050, 0, 0, 0
89900, 2794636, 1, 0, 0
90000, 2286042, 1, 0, 0
90001, 1530033, 0, 0, 0
90001, 2040716, 1, 0, 0
