100, 453428, 0, 0, 0
200, 466574, 0, 0, 0
300, 450881, 0, 0, 0
400, 448786, 0, 0, 0
500, 445599, 0, 0, 0
600, 444871, 0, 0, 0
700, 445869, 0, 0, 0
800, 454548, 0, 0, 0
900, 435626, 0, 0, 0
1000, 435133, 0, 0, 0
1100, 447994, 0, 0, 0
1200, 431080, 0, 0, 0
1300, 442548, 0, 0, 0
1400, 440430, 0, 0, 0
1500, 428076, 0, 0, 0
1600, 436795, 0, 0, 0
1700, 430100, 0, 0, 0
1800, 451966, 0, 0, 0
1900, 449176, 0, 0, 0
2000, 445862, 0, 0, 0
2100, 442904, 0, 0, 0
2200, 431543, 0, 0, 0
2300, 429494, 0, 0, 0
2400, 437864, 0, 0, 0
2500, 460100, 0, 0, 0
2600, 456224, 0, 0, 0
2700, 468090, 0, 0, 0
2800, 442491, 0, 0, 0
2900, 435518, 0, 0, 0
3000, 463402, 0, 0, 0
3100, 461489, 0, 0, 0
3200, 442482, 0, 0, 0
3300, 430227, 0, 0, 0
3400, 433662, 0, 0, 0
3500, 442749, 0, 0, 0
3600, 424091, 0, 0, 0
3700, 428016, 0, 0, 0
3800, 439025, 0, 0, 0
3900, 442293, 0, 0, 0
4000, 448242, 0, 0, 0
4100, 456995, 0, 0, 0
4200, 452052, 0, 0, 0
4300, 429158, 0, 0, 0
4400, 466863, 0, 0, 0
4500, 468676, 0, 0, 0
4600, 455637, 0, 0, 0
4700, 437336, 0, 0, 0
4800, 469876, 0, 0, 0
4900, 434338, 0, 0, 0
5000, 439084, 0, 0, 0
5100, 459867, 0, 0, 0
5200, 437848, 0, 0, 0
5300, 456821, 0, 0, 0
5400, 430177, 0, 0, 0
5500, 429878, 0, 0, 0
5600, 446160, 0, 0, 0
5700, 463206, 0, 0, 0
5800, 451149, 0, 0, 0
5900, 454231, 0, 0, 0
6000, 471887, 0, 0, 0
6100, 450868, 0, 0, 0
6200, 454107, 0, 0, 0
6300, 451668, 0, 0, 0
6400, 437742, 0, 0, 0
6500, 453738, 0, 0, 0
6600, 459151, 0, 0, 0
6700, 439689, 0, 0, 0
6800, 440837, 0, 0, 0
6900, 446581, 0, 0, 0
7000, 441459, 0, 0, 0
7100, 448064, 0, 0, 0
7200, 442749, 0, 0, 0
7300, 445153, 0, 0, 0
7400, 450323, 0, 0, 0
7500, 446866, 0, 0, 0
7600, 427687, 0, 0, 0
7700, 432562, 0, 0, 0
7800, 454770, 0, 0, 0
7900, 443167, 0, 0, 0
8000, 444386, 0, 0, 0
8100, 446080, 0, 0, 0
8200, 430144, 0, 0, 0
8300, 444860, 0, 0, 0
8400, 440018, 0, 0, 0
8500, 457281, 0, 0, 0
8600, 441049, 0, 0, 0
8700, 430149, 0, 0, 0
8800, 437648, 0, 0, 0
8900, 441145, 0, 0, 0
9000, 436095, 0, 0, 0
9100, 438370, 0, 0, 0
9200, 453559, 0, 0, 0
9300, 450263, 0, 0, 0
9400, 429485, 0, 0, 0
9500, 462554, 0, 0, 0
9600, 444437, 0, 0, 0
9700, 442909, 0, 0, 0
9800, 444193, 0, 0, 0
9900, 439247, 0, 0, 0
10000, 435746, 0, 0, 0
10100, 444808, 0, 0, 0
10200, 444144, 0, 0, 0
10300, 441064, 0, 0, 0
10400, 448740, 0, 0, 0
10500, 434762, 0, 0, 0
10600, 431911, 0, 0, 0
10700, 425805, 0, 0, 0
10800, 456277, 0, 0, 0
10900, 439603, 0, 0, 0
11000, 437007, 0, 0, 0
11100, 454945, 0, 0, 0
11200, 427814, 0, 0, 0
11300, 435652, 0, 0, 0
11400, 445974, 0, 0, 0
11500, 451637, 0, 0, 0
11600, 445009, 0, 0, 0
11700, 445426, 0, 0, 0
11800, 459832, 0, 0, 0
11900, 481150, 0, 0, 0
12000, 441625, 0, 0, 0
12100, 469405, 0, 0, 0
12200, 471910, 0, 0, 0
12300, 438057, 0, 0, 0
12400, 444432, 0, 0, 0
12500, 459759, 0, 0, 0
12600, 469714, 0, 0, 0
12700, 467025, 0, 0, 0
12800, 461212, 0, 0, 0
12900, 445390, 0, 0, 0
13000, 434159, 0, 0, 0
13100, 464761, 0, 0, 0
13200, 457441, 0, 0, 0
13300, 457864, 0, 0, 0
13400, 457126, 0, 0, 0
13500, 456840, 0, 0, 0
13600, 438877, 0, 0, 0
13700, 437596, 0, 0, 0
13800, 437927, 0, 0, 0
13900, 440757, 0, 0, 0
14000, 439299, 0, 0, 0
14100, 428806, 0, 0, 0
14200, 435166, 0, 0, 0
14300, 439275, 0, 0, 0
14400, 433057, 0, 0, 0
14500, 432796, 0, 0, 0
14600, 434631, 0, 0, 0
14700, 458393, 0, 0, 0
14800, 462707, 0, 0, 0
14900, 450300, 0, 0, 0
15000, 446809, 0, 0, 0
15100, 445491, 0, 0, 0
15200, 454868, 0, 0, 0
15300, 471636, 0, 0, 0
15400, 467463, 0, 0, 0
15500, 474702, 0, 0, 0
15600, 447294, 0, 0, 0
15700, 434602, 0, 0, 0
15800, 448580, 0, 0, 0
15900, 441691, 0, 0, 0
16000, 437772, 0, 0, 0
16100, 455561, 0, 0, 0
16200, 476944, 0, 0, 0
16300, 465608, 0, 0, 0
16400, 456123, 0, 0, 0
16500, 467285, 0, 0, 0
16600, 445481, 0, 0, 0
16700, 468117, 0, 0, 0
16800, 442424, 0, 0, 0
16900, 433669, 0, 0, 0
17000, 433615, 0, 0, 0
17100, 434144, 0, 0, 0
17200, 428715, 0, 0, 0
17300, 432671, 0, 0, 0
17400, 430414, 0, 0, 0
17500, 427064, 0, 0, 0
17600, 432245, 0, 0, 0
17700, 440579, 0, 0, 0
17800, 466196, 0, 0, 0
17900, 434763, 0, 0, 0
18000, 466910, 0, 0, 0
18100, 442533, 0, 0, 0
18200, 446994, 0, 0, 0
18300, 439939, 0, 0, 0
18400, 424950, 0, 0, 0
18500, 435286, 0, 0, 0
18600, 447190, 0, 0, 0
18700, 439690, 0, 0, 0
18800, 439494, 0, 0, 0
18900, 446636, 0, 0, 0
19000, 456380, 0, 0, 0
19100, 478641, 0, 0, 0
19200, 455521, 0, 0, 0
19300, 448675, 0, 0, 0
19400, 448725, 0, 0, 0
19500, 475005, 0, 0, 0
19600, 470391, 0, 0, 0
19700, 472744, 0, 0, 0
19800, 470493, 0, 0, 0
19900, 431690, 0, 0, 0
20000, 457089, 0, 0, 0
20100, 438647, 0, 0, 0
20200, 434922, 0, 0, 0
20300, 433905, 0, 0, 0
20400, 430380, 0, 0, 0
20500, 476065, 0, 0, 0
20600, 455838, 0, 0, 0
20700, 444436, 0, 0, 0
20800, 430051, 0, 0, 0
20900, 462389, 0, 0, 0
21000, 477138, 0, 0, 0
21100, 438815, 0, 0, 0
21200, 454481, 0, 0, 0
21300, 460043, 0, 0, 0
21400, 451745, 0, 0, 0
21500, 443336, 0, 0, 0
21600, 441795, 0, 0, 0
21700, 472763, 0, 0, 0
21800, 467280, 0, 0, 0
21900, 435829, 0, 0, 0
22000, 447963, 0, 0, 0
22100, 449459, 0, 0, 0
22200, 446424, 0, 0, 0
22300, 443351, 0, 0, 0
22400, 451583, 0, 0, 0
22500, 429741, 0, 0, 0
22600, 453084, 0, 0, 0
22700, 443098, 0, 0, 0
22800, 446164, 0, 0, 0
22900, 436112, 0, 0, 0
23000, 457480, 0, 0, 0
23100, 454686, 0, 0, 0
23200, 446903, 0, 0, 0
23300, 468280, 0, 0, 0
23400, 455935, 0, 0, 0
23500, 447446, 0, 0, 0
23600, 450753, 0, 0, 0
23700, 421724, 0, 0, 0
23800, 437793, 0, 0, 0
23900, 442735, 0, 0, 0
24000, 450571, 0, 0, 0
24100, 449403, 0, 0, 0
24200, 457129, 0, 0, 0
24300, 452348, 0, 0, 0
24400, 429084, 0, 0, 0
24500, 454536, 0, 0, 0
24600, 436154, 0, 0, 0
24700, 441695, 0, 0, 0
24800, 442047, 0, 0, 0
24900, 450699, 0, 0, 0
25000, 440479, 0, 0, 0
25100, 438296, 0, 0, 0
25200, 458051, 0, 0, 0
25300, 464722, 0, 0, 0
25400, 464183, 0, 0, 0
25500, 464313, 0, 0, 0
25600, 463359, 0, 0, 0
25700, 446208, 0, 0, 0
25800, 428258, 0, 0, 0
25900, 441765, 0, 0, 0
26000, 436314, 0, 0, 0
26100, 438834, 0, 0, 0
26200, 434253, 0, 0, 0
26300, 464722, 0, 0, 0
26400, 488750, 0, 0, 0
26500, 437890, 0, 0, 0
26600, 441792, 0, 0, 0
26700, 433449, 0, 0, 0
26800, 445331, 0, 0, 0
26900, 448343, 0, 0, 0
27000, 454719, 0, 0, 0
27100, 462548, 0, 0, 0
27200, 474105, 0, 0, 0
27300, 445997, 0, 0, 0
27400, 431861, 0, 0, 0
27500, 448481, 0, 0, 0
27600, 460974, 0, 0, 0
27700, 438061, 0, 0, 0
27800, 456038, 0, 0, 0
27900, 441083, 0, 0, 0
28000, 471025, 0, 0, 0
28100, 459729, 0, 0, 0
28200, 443466, 0, 0, 0
28300, 447297, 0, 0, 0
28400, 446388, 0, 0, 0
28500, 443995, 0, 0, 0
28600, 432123, 0, 0, 0
28700, 438496, 0, 0, 0
28800, 433007, 0, 0, 0
28900, 444533, 0, 0, 0
29000, 442154, 0, 0, 0
29100, 440329, 0, 0, 0
29200, 442754, 0, 0, 0
29300, 456645, 0, 0, 0
29400, 432884, 0, 0, 0
29500, 449341, 0, 0, 0
29600, 466353, 0, 0, 0
29700, 457345, 0, 0, 0
29800, 462998, 0, 0, 0
29900, 455744, 0, 0, 0
30000, 463546, 0, 0, 0
30100, 451635, 0, 0, 0
30200, 437721, 0, 0, 0
30300, 442355, 0, 0, 0
30400, 454843, 0, 0, 0
30500, 476208, 0, 0, 0
30600, 442875, 0, 0, 0
30700, 462867, 0, 0, 0
30800, 449312, 0, 0, 0
30900, 427701, 0, 0, 0
31000, 468476, 0, 0, 0
31100, 442274, 0, 0, 0
31200, 439742, 0, 0, 0
31300, 437565, 0, 0, 0
31400, 441661, 0, 0, 0
31500, 437454, 0, 0, 0
31600, 440180, 0, 0, 0
31700, 446432, 0, 0, 0
31800, 453133, 0, 0, 0
31900, 447669, 0, 0, 0
32000, 455414, 0, 0, 0
32100, 446993, 0, 0, 0
32200, 435773, 0, 0, 0
32300, 447103, 0, 0, 0
32400, 445500, 0, 0, 0
32500, 439064, 0, 0, 0
32600, 436204, 0, 0, 0
32700, 445824, 0, 0, 0
32800, 473155, 0, 0, 0
32900, 486113, 0, 0, 0
33000, 465814, 0, 0, 0
33100, 475184, 0, 0, 0
33200, 473989, 0, 0, 0
33300, 459548, 0, 0, 0
33400, 485341, 0, 0, 0
33500, 458690, 0, 0, 0
33600, 462014, 0, 0, 0
33700, 442419, 0, 0, 0
33800, 445437, 0, 0, 0
33900, 461345, 0, 0, 0
34000, 440263, 0, 0, 0
34100, 448565, 0, 0, 0
34200, 472628, 0, 0, 0
34300, 471964, 0, 0, 0
34400, 481905, 0, 0, 0
34500, 458979, 0, 0, 0
34600, 450162, 0, 0, 0
34700, 444269, 0, 0, 0
34800, 468750, 0, 0, 0
34900, 449355, 0, 0, 0
35000, 456064, 0, 0, 0
35100, 431968, 0, 0, 0
35200, 428962, 0, 0, 0
35300, 447003, 0, 0, 0
35400, 439907, 0, 0, 0
35500, 448493, 0, 0, 0
35600, 464204, 0, 0, 0
35700, 441159, 0, 0, 0
35800, 472641, 0, 0, 0
35900, 447006, 0, 0, 0
36000, 439408, 0, 0, 0
36100, 463428, 0, 0, 0
36200, 434630, 0, 0, 0
36300, 451756, 0, 0, 0
36400, 476770, 0, 0, 0
36500, 474076, 0, 0, 0
36600, 456966, 0, 0, 0
36700, 444455, 0, 0, 0
36800, 436927, 0, 0, 0
36900, 435174, 0, 0, 0
37000, 439049, 0, 0, 0
37100, 459204, 0, 0, 0
37200, 443464, 0, 0, 0
37300, 441261, 0, 0, 0
37400, 447623, 0, 0, 0
37500, 434878, 0, 0, 0
37600, 456802, 0, 0, 0
37700, 454886, 0, 0, 0
37800, 442909, 0, 0, 0
37900, 454576, 0, 0, 0
38000, 456383, 0, 0, 0
38100, 453027, 0, 0, 0
38200, 446092, 0, 0, 0
38300, 440944, 0, 0, 0
38400, 448172, 0, 0, 0
38500, 450046, 0, 0, 0
38600, 463551, 0, 0, 0
38700, 452351, 0, 0, 0
38800, 453019, 0, 0, 0
38900, 444732, 0, 0, 0
39000, 438542, 0, 0, 0
39100, 435629, 0, 0, 0
39200, 450692, 0, 0, 0
39300, 446096, 0, 0, 0
39400, 438209, 0, 0, 0
39500, 444112, 0, 0, 0
39600, 441483, 0, 0, 0
39700, 436106, 0, 0, 0
39800, 486587, 0, 0, 0
39900, 461114, 0, 0, 0
40000, 450695, 0, 0, 0
40100, 457018, 0, 0, 0
40200, 427044, 0, 0, 0
40300, 440736, 0, 0, 0
40400, 441306, 0, 0, 0
40500, 446091, 0, 0, 0
40600, 449948, 0, 0, 0
40700, 432554, 0, 0, 0
40800, 451566, 0, 0, 0
40900, 453443, 0, 0, 0
41000, 447619, 0, 0, 0
41100, 445315, 0, 0, 0
41200, 448923, 0, 0, 0
41300, 433097, 0, 0, 0
41400, 460032, 0, 0, 0
41500, 441097, 0, 0, 0
41600, 440204, 0, 0, 0
41700, 426543, 0, 0, 0
41800, 452551, 0, 0, 0
41900, 445623, 0, 0, 0
42000, 433693, 0, 0, 0
42100, 452956, 0, 0, 0
42200, 438761, 0, 0, 0
42300, 449528, 0, 0, 0
42400, 448275, 0, 0, 0
42500, 444697, 0, 0, 0
42600, 464695, 0, 0, 0
42700, 447211, 0, 0, 0
42800, 476096, 0, 0, 0
42900, 448346, 0, 0, 0
43000, 446858, 0, 0, 0
43100, 451607, 0, 0, 0
43200, 445875, 0, 0, 0
43300, 437230, 0, 0, 0
43400, 442879, 0, 0, 0
43500, 452462, 0, 0, 0
43600, 439851, 0, 0, 0
43700, 463203, 0, 0, 0
43800, 454760, 0, 0, 0
43900, 460892, 0, 0, 0
44000, 441362, 0, 0, 0
44100, 443453, 0, 0, 0
44200, 449119, 0, 0, 0
44300, 459991, 0, 0, 0
44400, 453093, 0, 0, 0
44500, 441627, 0, 0, 0
44600, 454939, 0, 0, 0
44700, 443161, 0, 0, 0
44800, 442404, 0, 0, 0
44900, 437296, 0, 0, 0
45000, 434506, 0, 0, 0
45100, 451304, 0, 0, 0
45200, 439909, 0, 0, 0
45300, 442773, 0, 0, 0
45400, 432617, 0, 0, 0
45500, 465563, 0, 0, 0
45600, 436274, 0, 0, 0
45700, 435003, 0, 0, 0
45800, 440966, 0, 0, 0
45900, 445056, 0, 0, 0
46000, 434729, 0, 0, 0
46100, 447752, 0, 0, 0
46200, 454536, 0, 0, 0
46300, 475802, 0, 0, 0
46400, 444257, 0, 0, 0
46500, 460055, 0, 0, 0
46600, 467918, 0, 0, 0
46700, 457479, 0, 0, 0
46800, 455181, 0, 0, 0
46900, 458164, 0, 0, 0
47000, 423137, 0, 0, 0
47100, 438827, 0, 0, 0
47200, 459944, 0, 0, 0
47300, 476503, 0, 0, 0
47400, 452467, 0, 0, 0
47500, 454094, 0, 0, 0
47600, 459942, 0, 0, 0
47700, 444323, 0, 0, 0
47800, 445964, 0, 0, 0
47900, 461933, 0, 0, 0
48000, 466700, 0, 0, 0
48100, 439343, 0, 0, 0
48200, 447256, 0, 0, 0
48300, 446825, 0, 0, 0
48400, 433129, 0, 0, 0
48500, 446878, 0, 0, 0
48600, 443986, 0, 0, 0
48700, 447352, 0, 0, 0
48800, 441657, 0, 0, 0
48900, 445461, 0, 0, 0
49000, 460166, 0, 0, 0
49100, 459145, 0, 0, 0
49200, 445922, 0, 0, 0
49300, 447481, 0, 0, 0
49400, 459131, 0, 0, 0
49500, 437934, 0, 0, 0
49600, 460911, 0, 0, 0
49700, 451083, 0, 0, 0
49800, 468073, 0, 0, 0
49900, 472192, 0, 0, 0
50000, 441655, 0, 0, 0
50100, 429942, 0, 0, 0
50200, 443181, 0, 0, 0
50300, 438515, 0, 0, 0
50400, 456255, 0, 0, 0
50500, 451274, 0, 0, 0
50600, 434352, 0, 0, 0
50700, 443801, 0, 0, 0
50800, 462581, 0, 0, 0
50900, 466009, 0, 0, 0
51000, 471144, 0, 0, 0
51100, 478693, 0, 0, 0
51200, 441104, 0, 0, 0
51300, 461200, 0, 0, 0
51400, 444866, 0, 0, 0
51500, 452984, 0, 0, 0
51600, 460626, 0, 0, 0
51700, 482329, 0, 0, 0
51800, 471995, 0, 0, 0
51900, 471436, 0, 0, 0
52000, 447182, 0, 0, 0
52100, 453053, 0, 0, 0
52200, 461569, 0, 0, 0
52300, 441639, 0, 0, 0
52400, 457107, 0, 0, 0
52500, 463216, 0, 0, 0
52600, 456997, 0, 0, 0
52700, 465831, 0, 0, 0
52800, 461183, 0, 0, 0
52900, 470036, 0, 0, 0
53000, 454069, 0, 0, 0
53100, 447102, 0, 0, 0
53200, 441025, 0, 0, 0
53300, 444031, 0, 0, 0
53400, 446680, 0, 0, 0
53500, 435195, 0, 0, 0
53600, 435947, 0, 0, 0
53700, 470570, 0, 0, 0
53800, 458767, 0, 0, 0
53900, 471607, 0, 0, 0
54000, 470389, 0, 0, 0
54100, 454418, 0, 0, 0
54200, 457231, 0, 0, 0
54300, 445543, 0, 0, 0
54400, 461922, 0, 0, 0
54500, 455194, 0, 0, 0
54600, 451539, 0, 0, 0
54700, 449477, 0, 0, 0
54800, 452142, 0, 0, 0
54900, 442008, 0, 0, 0
55000, 445778, 0, 0, 0
55100, 443848, 0, 0, 0
55200, 434066, 0, 0, 0
55300, 436927, 0, 0, 0
55400, 434981, 0, 0, 0
55500, 444082, 0, 0, 0
55600, 432446, 0, 0, 0
55700, 447628, 0, 0, 0
55800, 440438, 0, 0, 0
55900, 448126, 0, 0, 0
56000, 459435, 0, 0, 0
56100, 444135, 0, 0, 0
56200, 456998, 0, 0, 0
56300, 470465, 0, 0, 0
56400, 453549, 0, 0, 0
56500, 460166, 0, 0, 0
56600, 449583, 0, 0, 0
56700, 452082, 0, 0, 0
56800, 469046, 0, 0, 0
56900, 466261, 0, 0, 0
57000, 437502, 0, 0, 0
57100, 432476, 0, 0, 0
57200, 446469, 0, 0, 0
57300, 466157, 0, 0, 0
57400, 467997, 0, 0, 0
57500, 452779, 0, 0, 0
57600, 430100, 0, 0, 0
57700, 465661, 0, 0, 0
57800, 463669, 0, 0, 0
57900, 448138, 0, 0, 0
58000, 440278, 0, 0, 0
58100, 447202, 0, 0, 0
58200, 440775, 0, 0, 0
58300, 445649, 0, 0, 0
58400, 453445, 0, 0, 0
58500, 452618, 0, 0, 0
58600, 446703, 0, 0, 0
58700, 451788, 0, 0, 0
58800, 446344, 0, 0, 0
58900, 458087, 0, 0, 0
59000, 468921, 0, 0, 0
59100, 467392, 0, 0, 0
59200, 476577, 0, 0, 0
59300, 462232, 0, 0, 0
59400, 467297, 0, 0, 0
59500, 435522, 0, 0, 0
59600, 452041, 0, 0, 0
59700, 470672, 0, 0, 0
59800, 468092, 0, 0, 0
59900, 466538, 0, 0, 0
60000, 478046, 0, 0, 0
60100, 463939, 0, 0, 0
60200, 451957, 0, 0, 0
60300, 438024, 0, 0, 0
60400, 437778, 0, 0, 0
60500, 456727, 0, 0, 0
60600, 460197, 0, 0, 0
60700, 444147, 0, 0, 0
60800, 441857, 0, 0, 0
60900, 483305, 0, 0, 0
61000, 458682, 0, 0, 0
61100, 458238, 0, 0, 0
61200, 448167, 0, 0, 0
61300, 445479, 0, 0, 0
61400, 470787, 0, 0, 0
61500, 460315, 0, 0, 0
61600, 466634, 0, 0, 0
61700, 446134, 0, 0, 0
61800, 462234, 0, 0, 0
61900, 447909, 0, 0, 0
62000, 452761, 0, 0, 0
62100, 470123, 0, 0, 0
62200, 455319, 0, 0, 0
62300, 456017, 0, 0, 0
62400, 456231, 0, 0, 0
62500, 467102, 0, 0, 0
62600, 465758, 0, 0, 0
62700, 473040, 0, 0, 0
62800, 470978, 0, 0, 0
62900, 471419, 0, 0, 0
63000, 460145, 0, 0, 0
63100, 448655, 0, 0, 0
63200, 434409, 0, 0, 0
63300, 430410, 0, 0, 0
63400, 453306, 0, 0, 0
63500, 444394, 0, 0, 0
63600, 445548, 0, 0, 0
63700, 432492, 0, 0, 0
63800, 454276, 0, 0, 0
63900, 474181, 0, 0, 0
64000, 482311, 0, 0, 0
64100, 456064, 0, 0, 0
64200, 440531, 0, 0, 0
64300, 441964, 0, 0, 0
64400, 441336, 0, 0, 0
64500, 458994, 0, 0, 0
64600, 456160, 0, 0, 0
64700, 450468, 0, 0, 0
64800, 478895, 0, 0, 0
64900, 482130, 0, 0, 0
65000, 446552, 0, 0, 0
65100, 467973, 0, 0, 0
65200, 449333, 0, 0, 0
65300, 458736, 0, 0, 0
65400, 445478, 0, 0, 0
65500, 441201, 0, 0, 0
65600, 451930, 0, 0, 0
65700, 454664, 0, 0, 0
65800, 470653, 0, 0, 0
65900, 446862, 0, 0, 0
66000, 467919, 0, 0, 0
66100, 438532, 0, 0, 0
66200, 448366, 0, 0, 0
66300, 458451, 0, 0, 0
66400, 444511, 0, 0, 0
66500, 451019, 0, 0, 0
66600, 440027, 0, 0, 0
66700, 443562, 0, 0, 0
66800, 464258, 0, 0, 0
66900, 455534, 0, 0, 0
67000, 470942, 0, 0, 0
67100, 463951, 0, 0, 0
67200, 457885, 0, 0, 0
67300, 496331, 0, 0, 0
67400, 444925, 0, 0, 0
67500, 444664, 0, 0, 0
67600, 460161, 0, 0, 0
67700, 445520, 0, 0, 0
67800, 463408, 0, 0, 0
67900, 442655, 0, 0, 0
68000, 455984, 0, 0, 0
68100, 469335, 0, 0, 0
68200, 449552, 0, 0, 0
68300, 450549, 0, 0, 0
68400, 438813, 0, 0, 0
68500, 453989, 0, 0, 0
68600, 475529, 0, 0, 0
68700, 459829, 0, 0, 0
68800, 452794, 0, 0, 0
68900, 453843, 0, 0, 0
69000, 454324, 0, 0, 0
69100, 478236, 0, 0, 0
69200, 474010, 0, 0, 0
69300, 452013, 0, 0, 0
69400, 450452, 0, 0, 0
69500, 475289, 0, 0, 0
69600, 474275, 0, 0, 0
69700, 480137, 0, 0, 0
69800, 442947, 0, 0, 0
69900, 441297, 0, 0, 0
70000, 450959, 0, 0, 0
70100, 440366, 0, 0, 0
70200, 451241, 0, 0, 0
70300, 446622, 0, 0, 0
70400, 447968, 0, 0, 0
70500, 450034, 0, 0, 0
70600, 458320, 0, 0, 0
70700, 441599, 0, 0, 0
70800, 451683, 0, 0, 0
70900, 478914, 0, 0, 0
71000, 470315, 0, 0, 0
71100, 452438, 0, 0, 0
71200, 468290, 0, 0, 0
71300, 482068, 0, 0, 0
71400, 450653, 0, 0, 0
71500, 459237, 0, 0, 0
71600, 453008, 0, 0, 0
71700, 442244, 0, 0, 0
71800, 483148, 0, 0, 0
71900, 452938, 0, 0, 0
72000, 463804, 0, 0, 0
72100, 447757, 0, 0, 0
72200, 466005, 0, 0, 0
72300, 448278, 0, 0, 0
72400, 455130, 0, 0, 0
72500, 469634, 0, 0, 0
72600, 470749, 0, 0, 0
72700, 475516, 0, 0, 0
72800, 447593, 0, 0, 0
72900, 436413, 0, 0, 0
73000, 483007, 0, 0, 0
73100, 449306, 0, 0, 0
73200, 441486, 0, 0, 0
73300, 475275, 0, 0, 0
73400, 470672, 0, 0, 0
73500, 465659, 0, 0, 0
73600, 462788, 0, 0, 0
73700, 448998, 0, 0, 0
73800, 435716, 0, 0, 0
73900, 466846, 0, 0, 0
74000, 447891, 0, 0, 0
74100, 446778, 0, 0, 0
74200, 450967, 0, 0, 0
74300, 457009, 0, 0, 0
74400, 449643, 0, 0, 0
74500, 450002, 0, 0, 0
74600, 435941, 0, 0, 0
74700, 440024, 0, 0, 0
74800, 458167, 0, 0, 0
74900, 487470, 0, 0, 0
75000, 462780, 0, 0, 0
75100, 467983, 0, 0, 0
75200, 455442, 0, 0, 0
75300, 472436, 0, 0, 0
75400, 438598, 0, 0, 0
75500, 463706, 0, 0, 0
75600, 449588, 0, 0, 0
75700, 455619, 0, 0, 0
75800, 454554, 0, 0, 0
75900, 474831, 0, 0, 0
76000, 456648, 0, 0, 0
76100, 468970, 0, 0, 0
76200, 464985, 0, 0, 0
76300, 445785, 0, 0, 0
76400, 447073, 0, 0, 0
76500, 452850, 0, 0, 0
76600, 447810, 0, 0, 0
76700, 454775, 0, 0, 0
76800, 453059, 0, 0, 0
76900, 445437, 0, 0, 0
77000, 444245, 0, 0, 0
77100, 444176, 0, 0, 0
77200, 451177, 0, 0, 0
77300, 460501, 0, 0, 0
77400, 450101, 0, 0, 0
77500, 436695, 0, 0, 0
77600, 444630, 0, 0, 0
77700, 450616, 0, 0, 0
77800, 452782, 0, 0, 0
77900, 478012, 0, 0, 0
78000, 453708, 0, 0, 0
78100, 442039, 0, 0, 0
78200, 457052, 0, 0, 0
78300, 475826, 0, 0, 0
78400, 439367, 0, 0, 0
78500, 456875, 0, 0, 0
78600, 469205, 0, 0, 0
78700, 450581, 0, 0, 0
78800, 479239, 0, 0, 0
78900, 470403, 0, 0, 0
79000, 458742, 0, 0, 0
79100, 461538, 0, 0, 0
79200, 457306, 0, 0, 0
79300, 460240, 0, 0, 0
79400, 465619, 0, 0, 0
79500, 456427, 0, 0, 0
79600, 485524, 0, 0, 0
79700, 449392, 0, 0, 0
79800, 439199, 0, 0, 0
79900, 447532, 0, 0, 0
80000, 466885, 0, 0, 0
80100, 476522, 0, 0, 0
80200, 448325, 0, 0, 0
80300, 464789, 0, 0, 0
80400, 475811, 0, 0, 0
80500, 435875, 0, 0, 0
80600, 457026, 0, 0, 0
80700, 446894, 0, 0, 0
80800, 451139, 0, 0, 0
80900, 440705, 0, 0, 0
81000, 440783, 0, 0, 0
81100, 440622, 0, 0, 0
81200, 447912, 0, 0, 0
81300, 450885, 0, 0, 0
81400, 450480, 0, 0, 0
81500, 450221, 0, 0, 0
81600, 447592, 0, 0, 0
81700, 454946, 0, 0, 0
81800, 476193, 0, 0, 0
81900, 465941, 0, 0, 0
82000, 464648, 0, 0, 0
82100, 446760, 0, 0, 0
82200, 453887, 0, 0, 0
82300, 452741, 0, 0, 0
82400, 462038, 0, 0, 0
82500, 481315, 0, 0, 0
82600, 472651, 0, 0, 0
82700, 474295, 0, 0, 0
82800, 466942, 0, 0, 0
82900, 459456, 0, 0, 0
83000, 467635, 0, 0, 0
83100, 471180, 0, 0, 0
83200, 455712, 0, 0, 0
83300, 459626, 0, 0, 0
83400, 440114, 0, 0, 0
83500, 453692, 0, 0, 0
83600, 466034, 0, 0, 0
83700, 455812, 0, 0, 0
83800, 442005, 0, 0, 0
83900, 440890, 0, 0, 0
84000, 447767, 0, 0, 0
84100, 459893, 0, 0, 0
84200, 467994, 0, 0, 0
84300, 485546, 0, 0, 0
84400, 448557, 0, 0, 0
84502, 476069, 0, 0, 0
84600, 455516, 0, 0, 0
84700, 446835, 0, 0, 0
84800, 446298, 0, 0, 0
84900, 442808, 0, 0, 0
85000, 470427, 0, 0, 0
85100, 485312, 0, 0, 0
85200, 431237, 0, 0, 0
85300, 466107, 0, 0, 0
85400, 460122, 0, 0, 0
85500, 433269, 0, 0, 0
85600, 452896, 0, 0, 0
85700, 468760, 0, 0, 0
85800, 453629, 0, 0, 0
85900, 445655, 0, 0, 0
86000, 477339, 0, 0, 0
86100, 454157, 0, 0, 0
86200, 453598, 0, 0, 0
86300, 453676, 0, 0, 0
86400, 462830, 0, 0, 0
86500, 498010, 0, 0, 0
86600, 456623, 0, 0, 0
86700, 475739, 0, 0, 0
86800, 466543, 0, 0, 0
86900, 460366, 0, 0, 0
87000, 477384, 0, 0, 0
87100, 458049, 0, 0, 0
87200, 461799, 0, 0, 0
87300, 470482, 0, 0, 0
87400, 472708, 0, 0, 0
87500, 466451, 0, 0, 0
87600, 466865, 0, 0, 0
87700, 466334, 0, 0, 0
87800, 449894, 0, 0, 0
87900, 457052, 0, 0, 0
88000, 466146, 0, 0, 0
88100, 458520, 0, 0, 0
88200, 450157, 0, 0, 0
88300, 477349, 0, 0, 0
88400, 448464, 0, 0, 0
88500, 441030, 0, 0, 0
88600, 462050, 0, 0, 0
88700, 460941, 0, 0, 0
88800, 472235, 0, 0, 0
88900, 455307, 0, 0, 0
89000, 464509, 0, 0, 0
89100, 452031, 0, 0, 0
89200, 458923, 0, 0, 0
89300, 447738, 0, 0, 0
89400, 448892, 0, 0, 0
89500, 455311, 0, 0, 0
89600, 441784, 0, 0, 0
89700, 448482, 0, 0, 0
89800, 455854, 0, 0, 0
89900, 486154, 0, 0, 0
90000, 456174, 0, 0, 0
