100, 637160, 0, 0, 0
200, 678930, 0, 0, 0
300, 658573, 0, 0, 0
400, 668186, 0, 0, 0
500, 628566, 0, 0, 0
600, 626937, 0, 0, 0
700, 626636, 0, 0, 0
800, 637317, 0, 0, 0
900, 649223, 0, 0, 0
1000, 626315, 0, 0, 0
1100, 629981, 0, 0, 0
1200, 634558, 0, 0, 0
1300, 641368, 0, 0, 0
1400, 631124, 0, 0, 0
1500, 631379, 0, 0, 0
1600, 627273, 0, 0, 0
1700, 659371, 0, 0, 0
1800, 625413, 0, 0, 0
1900, 636066, 0, 0, 0
2000, 645845, 0, 0, 0
2100, 629138, 0, 0, 0
2200, 651991, 0, 0, 0
2300, 626750, 0, 0, 0
2400, 639922, 0, 0, 0
2500, 636134, 0, 0, 0
2600, 639498, 0, 0, 0
2700, 637843, 0, 0, 0
2800, 661968, 0, 0, 0
2900, 641393, 0, 0, 0
3000, 647133, 0, 0, 0
3100, 633203, 0, 0, 0
3200, 637314, 0, 0, 0
3300, 637921, 0, 0, 0
3400, 632582, 0, 0, 0
3500, 666999, 0, 0, 0
3600, 647409, 0, 0, 0
3700, 658616, 0, 0, 0
3800, 667748, 0, 0, 0
3900, 630417, 0, 0, 0
4000, 645276, 0, 0, 0
4100, 642806, 0, 0, 0
4200, 632226, 0, 0, 0
4300, 647486, 0, 0, 0
4400, 623000, 0, 0, 0
4500, 627161, 0, 0, 0
4600, 626189, 0, 0, 0
4700, 625893, 0, 0, 0
4800, 650281, 0, 0, 0
4900, 645706, 0, 0, 0
5000, 659733, 0, 0, 0
5100, 634268, 0, 0, 0
5200, 640428, 0, 0, 0
5300, 639293, 0, 0, 0
5400, 632258, 0, 0, 0
5500, 645696, 0, 0, 0
5600, 638813, 0, 0, 0
5700, 646783, 0, 0, 0
5800, 643949, 0, 0, 0
5900, 634553, 0, 0, 0
6000, 650505, 0, 0, 0
6100, 633144, 0, 0, 0
6200, 654614, 0, 0, 0
6300, 664982, 0, 0, 0
6400, 642482, 0, 0, 0
6500, 652879, 0, 0, 0
6600, 650209, 0, 0, 0
6700, 644629, 0, 0, 0
6800, 649169, 0, 0, 0
6900, 644520, 0, 0, 0
7000, 639627, 0, 0, 0
7100, 647113, 0, 0, 0
7200, 642650, 0, 0, 0
7300, 658240, 0, 0, 0
7400, 657521, 0, 0, 0
7500, 662003, 0, 0, 0
7600, 655217, 0, 0, 0
7700, 651117, 0, 0, 0
7800, 647501, 0, 0, 0
7900, 634236, 0, 0, 0
8000, 645303, 0, 0, 0
8100, 648841, 0, 0, 0
8200, 646194, 0, 0, 0
8300, 624774, 0, 0, 0
8400, 638062, 0, 0, 0
8500, 638567, 0, 0, 0
8600, 636712, 0, 0, 0
8700, 646388, 0, 0, 0
8800, 637407, 0, 0, 0
8900, 659108, 0, 0, 0
9000, 645157, 0, 0, 0
9100, 649200, 0, 0, 0
9200, 637318, 0, 0, 0
9300, 615528, 0, 0, 0
9400, 656777, 0, 0, 0
9500, 640278, 0, 0, 0
9600, 646039, 0, 0, 0
9700, 631438, 0, 0, 0
9800, 641040, 0, 0, 0
9900, 631642, 0, 0, 0
10000, 645029, 0, 0, 0
10100, 634664, 0, 0, 0
10200, 650933, 0, 0, 0
10300, 634640, 0, 0, 0
10400, 658959, 0, 0, 0
10500, 650018, 0, 0, 0
10600, 642971, 0, 0, 0
10700, 638573, 0, 0, 0
10800, 634350, 0, 0, 0
10900, 625987, 0, 0, 0
11000, 631599, 0, 0, 0
11100, 627510, 0, 0, 0
11200, 637562, 0, 0, 0
11300, 657248, 0, 0, 0
11400, 630511, 0, 0, 0
11500, 648583, 0, 0, 0
11600, 650411, 0, 0, 0
11700, 651731, 0, 0, 0
11800, 655779, 0, 0, 0
11900, 651974, 0, 0, 0
12000, 635521, 0, 0, 0
12100, 638917, 0, 0, 0
12200, 643730, 0, 0, 0
12300, 646246, 0, 0, 0
12400, 662852, 0, 0, 0
12500, 652812, 0, 0, 0
12600, 648008, 0, 0, 0
12700, 648047, 0, 0, 0
12800, 661539, 0, 0, 0
12900, 652034, 0, 0, 0
13000, 635870, 0, 0, 0
13100, 656292, 0, 0, 0
13200, 619231, 0, 0, 0
13300, 663951, 0, 0, 0
13400, 635617, 0, 0, 0
13500, 636614, 0, 0, 0
13600, 641080, 0, 0, 0
13700, 635883, 0, 0, 0
13800, 636750, 0, 0, 0
13900, 640830, 0, 0, 0
14000, 639631, 0, 0, 0
14100, 626794, 0, 0, 0
14200, 632444, 0, 0, 0
14300, 637118, 0, 0, 0
14400, 628523, 0, 0, 0
14500, 656111, 0, 0, 0
14600, 644956, 0, 0, 0
14700, 639373, 0, 0, 0
14800, 630317, 0, 0, 0
14900, 654310, 0, 0, 0
15000, 642450, 0, 0, 0
15100, 628910, 0, 0, 0
15200, 616188, 0, 0, 0
15300, 659647, 0, 0, 0
15400, 639834, 0, 0, 0
15500, 639045, 0, 0, 0
15600, 650444, 0, 0, 0
15700, 640279, 0, 0, 0
15800, 632600, 0, 0, 0
15900, 636057, 0, 0, 0
16000, 647431, 0, 0, 0
16100, 637413, 0, 0, 0
16200, 631224, 0, 0, 0
16300, 640889, 0, 0, 0
16400, 614602, 0, 0, 0
16500, 634565, 0, 0, 0
16600, 644731, 0, 0, 0
16700, 658611, 0, 0, 0
16800, 635925, 0, 0, 0
16900, 659631, 0, 0, 0
17000, 635783, 0, 0, 0
17100, 651620, 0, 0, 0
17200, 658198, 0, 0, 0
17300, 647149, 0, 0, 0
17400, 636494, 0, 0, 0
17500, 653158, 0, 0, 0
17600, 636003, 0, 0, 0
17700, 637255, 0, 0, 0
17800, 647787, 0, 0, 0
17900, 634333, 0, 0, 0
18000, 641141, 0, 0, 0
18100, 641199, 0, 0, 0
18200, 657855, 0, 0, 0
18300, 626317, 0, 0, 0
18400, 647607, 0, 0, 0
18500, 638837, 0, 0, 0
18600, 640222, 0, 0, 0
18700, 618875, 0, 0, 0
18800, 634462, 0, 0, 0
18900, 653076, 0, 0, 0
19000, 647498, 0, 0, 0
19100, 655632, 0, 0, 0
19200, 650807, 0, 0, 0
19300, 647537, 0, 0, 0
19400, 629951, 0, 0, 0
19500, 651615, 0, 0, 0
19600, 642010, 0, 0, 0
19700, 626980, 0, 0, 0
19800, 651491, 0, 0, 0
19900, 634690, 0, 0, 0
20000, 642915, 0, 0, 0
20100, 656690, 0, 0, 0
20200, 636608, 0, 0, 0
20300, 642315, 0, 0, 0
20400, 624310, 0, 0, 0
20500, 647743, 0, 0, 0
20600, 661336, 0, 0, 0
20700, 646763, 0, 0, 0
20800, 632832, 0, 0, 0
20900, 674373, 0, 0, 0
21000, 650512, 0, 0, 0
21100, 644459, 0, 0, 0
21200, 650426, 0, 0, 0
21300, 630234, 0, 0, 0
21400, 641117, 0, 0, 0
21500, 670529, 0, 0, 0
21600, 649972, 0, 0, 0
21700, 635273, 0, 0, 0
21800, 646142, 0, 0, 0
21900, 649191, 0, 0, 0
22000, 626753, 0, 0, 0
22100, 648171, 0, 0, 0
22200, 644314, 0, 0, 0
22300, 632905, 0, 0, 0
22400, 633760, 0, 0, 0
22500, 654557, 0, 0, 0
22600, 633178, 0, 0, 0
22700, 652824, 0, 0, 0
22800, 647601, 0, 0, 0
22900, 648041, 0, 0, 0
23000, 630754, 0, 0, 0
23100, 652667, 0, 0, 0
23200, 640004, 0, 0, 0
23300, 638429, 0, 0, 0
23400, 670812, 0, 0, 0
23500, 654754, 0, 0, 0
23600, 656922, 0, 0, 0
23700, 649752, 0, 0, 0
23800, 641656, 0, 0, 0
23900, 658557, 0, 0, 0
24000, 651597, 0, 0, 0
24100, 641346, 0, 0, 0
24200, 639818, 0, 0, 0
24300, 653248, 0, 0, 0
24400, 641691, 0, 0, 0
24500, 635008, 0, 0, 0
24600, 664907, 0, 0, 0
24700, 652662, 0, 0, 0
24800, 644539, 0, 0, 0
24900, 638205, 0, 0, 0
25000, 644867, 0, 0, 0
25100, 646650, 0, 0, 0
25200, 642820, 0, 0, 0
25300, 647892, 0, 0, 0
25400, 638400, 0, 0, 0
25500, 617754, 0, 0, 0
25600, 646009, 0, 0, 0
25700, 647958, 0, 0, 0
25800, 644650, 0, 0, 0
25900, 658833, 0, 0, 0
26000, 649079, 0, 0, 0
26100, 638892, 0, 0, 0
26200, 634416, 0, 0, 0
26300, 647516, 0, 0, 0
26400, 629067, 0, 0, 0
26500, 644571, 0, 0, 0
26600, 651249, 0, 0, 0
26700, 677233, 0, 0, 0
26800, 654874, 0, 0, 0
26900, 634656, 0, 0, 0
27000, 631207, 0, 0, 0
27100, 641554, 0, 0, 0
27200, 650234, 0, 0, 0
27300, 642042, 0, 0, 0
27400, 652323, 0, 0, 0
27500, 639128, 0, 0, 0
27600, 671179, 0, 0, 0
27700, 675491, 0, 0, 0
27800, 652916, 0, 0, 0
27900, 641464, 0, 0, 0
28000, 639470, 0, 0, 0
28100, 644676, 0, 0, 0
28200, 642396, 0, 0, 0
28300, 642488, 0, 0, 0
28400, 654633, 0, 0, 0
28500, 638557, 0, 0, 0
28600, 653364, 0, 0, 0
28700, 650345, 0, 0, 0
28800, 631781, 0, 0, 0
28900, 648089, 0, 0, 0
29000, 639323, 0, 0, 0
29100, 642067, 0, 0, 0
29200, 649111, 0, 0, 0
29300, 633189, 0, 0, 0
29400, 635555, 0, 0, 0
29500, 620658, 0, 0, 0
29600, 642228, 0, 0, 0
29700, 633808, 0, 0, 0
29800, 626021, 0, 0, 0
29900, 622450, 0, 0, 0
30000, 645586, 0, 0, 0
30100, 622204, 0, 0, 0
30200, 684758, 0, 0, 0
30300, 639601, 0, 0, 0
30400, 643554, 0, 0, 0
30500, 643190, 0, 0, 0
30600, 652901, 0, 0, 0
30700, 642840, 0, 0, 0
30800, 627836, 0, 0, 0
30900, 649432, 0, 0, 0
31000, 647492, 0, 0, 0
31100, 662327, 0, 0, 0
31200, 636687, 0, 0, 0
31300, 641389, 0, 0, 0
31400, 660883, 0, 0, 0
31500, 630729, 0, 0, 0
31600, 653849, 0, 0, 0
31700, 641080, 0, 0, 0
31800, 626950, 0, 0, 0
31900, 636008, 0, 0, 0
32000, 653049, 0, 0, 0
32100, 646652, 0, 0, 0
32200, 626696, 0, 0, 0
32300, 646899, 0, 0, 0
32400, 641453, 0, 0, 0
32500, 636595, 0, 0, 0
32600, 657162, 0, 0, 0
32700, 637907, 0, 0, 0
32800, 640782, 0, 0, 0
32900, 638032, 0, 0, 0
33000, 635649, 0, 0, 0
33100, 623426, 0, 0, 0
33200, 642477, 0, 0, 0
33300, 629464, 0, 0, 0
33400, 662099, 0, 0, 0
33500, 657055, 0, 0, 0
33600, 630100, 0, 0, 0
33700, 639646, 0, 0, 0
33800, 656069, 0, 0, 0
33900, 660739, 0, 0, 0
34000, 659995, 0, 0, 0
34100, 639310, 0, 0, 0
34200, 638149, 0, 0, 0
34300, 653504, 0, 0, 0
34400, 654028, 0, 0, 0
34500, 670822, 0, 0, 0
34600, 631629, 0, 0, 0
34700, 645310, 0, 0, 0
34800, 630835, 0, 0, 0
34900, 631741, 0, 0, 0
35000, 665265, 0, 0, 0
35100, 661222, 0, 0, 0
35200, 648820, 0, 0, 0
35300, 625933, 0, 0, 0
35400, 643758, 0, 0, 0
35500, 634054, 0, 0, 0
35600, 661245, 0, 0, 0
35700, 644616, 0, 0, 0
35800, 623563, 0, 0, 0
35900, 644072, 0, 0, 0
36000, 638620, 0, 0, 0
36100, 644254, 0, 0, 0
36200, 661494, 0, 0, 0
36300, 624561, 0, 0, 0
36400, 643132, 0, 0, 0
36500, 647138, 0, 0, 0
36600, 651980, 0, 0, 0
36700, 655832, 0, 0, 0
36800, 627604, 0, 0, 0
36900, 629964, 0, 0, 0
37000, 632924, 0, 0, 0
37100, 638597, 0, 0, 0
37200, 631495, 0, 0, 0
37300, 647708, 0, 0, 0
37400, 662990, 0, 0, 0
37500, 654317, 0, 0, 0
37600, 655132, 0, 0, 0
37700, 650736, 0, 0, 0
37800, 642182, 0, 0, 0
37900, 640017, 0, 0, 0
38000, 622674, 0, 0, 0
38100, 642043, 0, 0, 0
38200, 645801, 0, 0, 0
38300, 649544, 0, 0, 0
38400, 660002, 0, 0, 0
38500, 647128, 0, 0, 0
38600, 655699, 0, 0, 0
38700, 671547, 0, 0, 0
38800, 636992, 0, 0, 0
38900, 636692, 0, 0, 0
39000, 624014, 0, 0, 0
39100, 643123, 0, 0, 0
39200, 664666, 0, 0, 0
39300, 640275, 0, 0, 0
39400, 659083, 0, 0, 0
39500, 645213, 0, 0, 0
39600, 647149, 0, 0, 0
39700, 650624, 0, 0, 0
39800, 628872, 0, 0, 0
39900, 646702, 0, 0, 0
40000, 662282, 0, 0, 0
40100, 643126, 0, 0, 0
40200, 618903, 0, 0, 0
40300, 631771, 0, 0, 0
40400, 644194, 0, 0, 0
40500, 691835, 0, 0, 0
40600, 652339, 0, 0, 0
40700, 649636, 0, 0, 0
40800, 632338, 0, 0, 0
40900, 659442, 0, 0, 0
41000, 632733, 0, 0, 0
41100, 650739, 0, 0, 0
41200, 640987, 0, 0, 0
41300, 634312, 0, 0, 0
41400, 640275, 0, 0, 0
41500, 641389, 0, 0, 0
41600, 637393, 0, 0, 0
41700, 641161, 0, 0, 0
41800, 649656, 0, 0, 0
41900, 636555, 0, 0, 0
42000, 626414, 0, 0, 0
42100, 633692, 0, 0, 0
42200, 663306, 0, 0, 0
42300, 631467, 0, 0, 0
42400, 637734, 0, 0, 0
42500, 637300, 0, 0, 0
42600, 646140, 0, 0, 0
42700, 648949, 0, 0, 0
42800, 627990, 0, 0, 0
42900, 641015, 0, 0, 0
43000, 635025, 0, 0, 0
43100, 648976, 0, 0, 0
43200, 626220, 0, 0, 0
43300, 642292, 0, 0, 0
43400, 647324, 0, 0, 0
43500, 648093, 0, 0, 0
43600, 655290, 0, 0, 0
43700, 653620, 0, 0, 0
43800, 645354, 0, 0, 0
43900, 655249, 0, 0, 0
44000, 645508, 0, 0, 0
44100, 642145, 0, 0, 0
44200, 642200, 0, 0, 0
44300, 644611, 0, 0, 0
44400, 644654, 0, 0, 0
44500, 638108, 0, 0, 0
44600, 650742, 0, 0, 0
44700, 629807, 0, 0, 0
44800, 623260, 0, 0, 0
44900, 637226, 0, 0, 0
45000, 640443, 0, 0, 0
45100, 657786, 0, 0, 0
45200, 638913, 0, 0, 0
45300, 630722, 0, 0, 0
45400, 640389, 0, 0, 0
45500, 640432, 0, 0, 0
45600, 657183, 0, 0, 0
45700, 641820, 0, 0, 0
45800, 674859, 0, 0, 0
45900, 659207, 0, 0, 0
46000, 652324, 0, 0, 0
46100, 650750, 0, 0, 0
46200, 633472, 0, 0, 0
46300, 628551, 0, 0, 0
46400, 628309, 0, 0, 0
46500, 633244, 0, 0, 0
46600, 635473, 0, 0, 0
46700, 634287, 0, 0, 0
46800, 633292, 0, 0, 0
46900, 642480, 0, 0, 0
47000, 643679, 0, 0, 0
47100, 633403, 0, 0, 0
47200, 618231, 0, 0, 0
47300, 636682, 0, 0, 0
47400, 658262, 0, 0, 0
47500, 648823, 0, 0, 0
47600, 658738, 0, 0, 0
47700, 633816, 0, 0, 0
47800, 620174, 0, 0, 0
47900, 641729, 0, 0, 0
48000, 652581, 0, 0, 0
48100, 642452, 0, 0, 0
48200, 652653, 0, 0, 0
48300, 639325, 0, 0, 0
48400, 647838, 0, 0, 0
48500, 652029, 0, 0, 0
48600, 641531, 0, 0, 0
48700, 640344, 0, 0, 0
48800, 655311, 0, 0, 0
48900, 651714, 0, 0, 0
49000, 640953, 0, 0, 0
49100, 631438, 0, 0, 0
49200, 640630, 0, 0, 0
49300, 629498, 0, 0, 0
49400, 633443, 0, 0, 0
49500, 630240, 0, 0, 0
49600, 642541, 0, 0, 0
49700, 659367, 0, 0, 0
49800, 616822, 0, 0, 0
49900, 643061, 0, 0, 0
50000, 651353, 0, 0, 0
50100, 628332, 0, 0, 0
50200, 638717, 0, 0, 0
50300, 631391, 0, 0, 0
50400, 623909, 0, 0, 0
50500, 656176, 0, 0, 0
50600, 640529, 0, 0, 0
50700, 650514, 0, 0, 0
50800, 645678, 0, 0, 0
50900, 632437, 0, 0, 0
51000, 638400, 0, 0, 0
51100, 638137, 0, 0, 0
51200, 639608, 0, 0, 0
51300, 637906, 0, 0, 0
51400, 624953, 0, 0, 0
51500, 647710, 0, 0, 0
51600, 628349, 0, 0, 0
51700, 647073, 0, 0, 0
51800, 642577, 0, 0, 0
51900, 636801, 0, 0, 0
52000, 647187, 0, 0, 0
52100, 629061, 0, 0, 0
52200, 656494, 0, 0, 0
52300, 621415, 0, 0, 0
52400, 641249, 0, 0, 0
52500, 650674, 0, 0, 0
52600, 626694, 0, 0, 0
52700, 646731, 0, 0, 0
52800, 632108, 0, 0, 0
52900, 653443, 0, 0, 0
53000, 639004, 0, 0, 0
53100, 645573, 0, 0, 0
53200, 643855, 0, 0, 0
53300, 641755, 0, 0, 0
53400, 660379, 0, 0, 0
53500, 644430, 0, 0, 0
53600, 639624, 0, 0, 0
53700, 643543, 0, 0, 0
53800, 646164, 0, 0, 0
53900, 636970, 0, 0, 0
54000, 641331, 0, 0, 0
54100, 637479, 0, 0, 0
54200, 632350, 0, 0, 0
54300, 645155, 0, 0, 0
54400, 643202, 0, 0, 0
54500, 642756, 0, 0, 0
54600, 633962, 0, 0, 0
54700, 620209, 0, 0, 0
54800, 632047, 0, 0, 0
54900, 634148, 0, 0, 0
55000, 633945, 0, 0, 0
55100, 638121, 0, 0, 0
55200, 636404, 0, 0, 0
55300, 630752, 0, 0, 0
55400, 643953, 0, 0, 0
55500, 640905, 0, 0, 0
55600, 634671, 0, 0, 0
55700, 636848, 0, 0, 0
55800, 648738, 0, 0, 0
55900, 637797, 0, 0, 0
56000, 644200, 0, 0, 0
56100, 650521, 0, 0, 0
56200, 634728, 0, 0, 0
56300, 634253, 0, 0, 0
56400, 648908, 0, 0, 0
56500, 657509, 0, 0, 0
56600, 646366, 0, 0, 0
56700, 636310, 0, 0, 0
56800, 645216, 0, 0, 0
56900, 649929, 0, 0, 0
57000, 640385, 0, 0, 0
57100, 642143, 0, 0, 0
57200, 616155, 0, 0, 0
57300, 645197, 0, 0, 0
57400, 651399, 0, 0, 0
57500, 626051, 0, 0, 0
57600, 641184, 0, 0, 0
57700, 616562, 0, 0, 0
57800, 618911, 0, 0, 0
57900, 629460, 0, 0, 0
58000, 661526, 0, 0, 0
58100, 647380, 0, 0, 0
58200, 648325, 0, 0, 0
58300, 634591, 0, 0, 0
58400, 651460, 0, 0, 0
58500, 642754, 0, 0, 0
58600, 639865, 0, 0, 0
58700, 632558, 0, 0, 0
58800, 642705, 0, 0, 0
58900, 646237, 0, 0, 0
59000, 647768, 0, 0, 0
59100, 641116, 0, 0, 0
59200, 655582, 0, 0, 0
59300, 641122, 0, 0, 0
59400, 649616, 0, 0, 0
59500, 673271, 0, 0, 0
59600, 639203, 0, 0, 0
59700, 638095, 0, 0, 0
59800, 640443, 0, 0, 0
59900, 644712, 0, 0, 0
60000, 637741, 0, 0, 0
60100, 607274, 0, 0, 0
60200, 642626, 0, 0, 0
60300, 634995, 0, 0, 0
60400, 650773, 0, 0, 0
60500, 639437, 0, 0, 0
60600, 660993, 0, 0, 0
60700, 646165, 0, 0, 0
60800, 665264, 0, 0, 0
60900, 657390, 0, 0, 0
61000, 633531, 0, 0, 0
61100, 642876, 0, 0, 0
61200, 641085, 0, 0, 0
61300, 652594, 0, 0, 0
61400, 664008, 0, 0, 0
61500, 677699, 0, 0, 0
61600, 657830, 0, 0, 0
61700, 645448, 0, 0, 0
61800, 632303, 0, 0, 0
61900, 633863, 0, 0, 0
62000, 639788, 0, 0, 0
62100, 629250, 0, 0, 0
62200, 634799, 0, 0, 0
62300, 640299, 0, 0, 0
62400, 656833, 0, 0, 0
62500, 661684, 0, 0, 0
62600, 634554, 0, 0, 0
62700, 711902, 0, 0, 0
62800, 646088, 0, 0, 0
62900, 647649, 0, 0, 0
63000, 665784, 0, 0, 0
63100, 664908, 0, 0, 0
63200, 652311, 0, 0, 0
63300, 623108, 0, 0, 0
63400, 651536, 0, 0, 0
63500, 642964, 0, 0, 0
63600, 650434, 0, 0, 0
63700, 658094, 0, 0, 0
63800, 641675, 0, 0, 0
63900, 649623, 0, 0, 0
64000, 642993, 0, 0, 0
64100, 630053, 0, 0, 0
64200, 636132, 0, 0, 0
64300, 630338, 0, 0, 0
64400, 640283, 0, 0, 0
64500, 633508, 0, 0, 0
64600, 662525, 0, 0, 0
64700, 651247, 0, 0, 0
64800, 651352, 0, 0, 0
64900, 624064, 0, 0, 0
65000, 647782, 0, 0, 0
65100, 648037, 0, 0, 0
65200, 646337, 0, 0, 0
65300, 643043, 0, 0, 0
65400, 645104, 0, 0, 0
65500, 633628, 0, 0, 0
65600, 672570, 0, 0, 0
65700, 642012, 0, 0, 0
65800, 636934, 0, 0, 0
65900, 640617, 0, 0, 0
66000, 650658, 0, 0, 0
66100, 648729, 0, 0, 0
66200, 638484, 0, 0, 0
66300, 640558, 0, 0, 0
66400, 659669, 0, 0, 0
66500, 667510, 0, 0, 0
66600, 653628, 0, 0, 0
66700, 632418, 0, 0, 0
66800, 627289, 0, 0, 0
66900, 625888, 0, 0, 0
67000, 652402, 0, 0, 0
67100, 669288, 0, 0, 0
67200, 640161, 0, 0, 0
67300, 624930, 0, 0, 0
67400, 645090, 0, 0, 0
67500, 655927, 0, 0, 0
67600, 628597, 0, 0, 0
67700, 637979, 0, 0, 0
67800, 680102, 0, 0, 0
67900, 657205, 0, 0, 0
68000, 660235, 0, 0, 0
68100, 643268, 0, 0, 0
68200, 642785, 0, 0, 0
68300, 645461, 0, 0, 0
68400, 647162, 0, 0, 0
68500, 657375, 0, 0, 0
68600, 639585, 0, 0, 0
68700, 640379, 0, 0, 0
68800, 638066, 0, 0, 0
68900, 631228, 0, 0, 0
69000, 644142, 0, 0, 0
69100, 640153, 0, 0, 0
69200, 655688, 0, 0, 0
69300, 633147, 0, 0, 0
69400, 616834, 0, 0, 0
69500, 646844, 0, 0, 0
69600, 656234, 0, 0, 0
69700, 677152, 0, 0, 0
69800, 639155, 0, 0, 0
69900, 651691, 0, 0, 0
70000, 624185, 0, 0, 0
70100, 648521, 0, 0, 0
70200, 646091, 0, 0, 0
70300, 658531, 0, 0, 0
70400, 630598, 0, 0, 0
70500, 637269, 0, 0, 0
70600, 638200, 0, 0, 0
70700, 650201, 0, 0, 0
70800, 652312, 0, 0, 0
70900, 643058, 0, 0, 0
71000, 663141, 0, 0, 0
71100, 635246, 0, 0, 0
71200, 622660, 0, 0, 0
71300, 647278, 0, 0, 0
71400, 650892, 0, 0, 0
71500, 630915, 0, 0, 0
71600, 649556, 0, 0, 0
71700, 650337, 0, 0, 0
71800, 645328, 0, 0, 0
71900, 655132, 0, 0, 0
72000, 655600, 0, 0, 0
72100, 655397, 0, 0, 0
72200, 656774, 0, 0, 0
72300, 651024, 0, 0, 0
72400, 675372, 0, 0, 0
72500, 636383, 0, 0, 0
72600, 641027, 0, 0, 0
72700, 657439, 0, 0, 0
72800, 650704, 0, 0, 0
72900, 647470, 0, 0, 0
73000, 651259, 0, 0, 0
73100, 633450, 0, 0, 0
73200, 638959, 0, 0, 0
73300, 642372, 0, 0, 0
73400, 649712, 0, 0, 0
73500, 636003, 0, 0, 0
73600, 654881, 0, 0, 0
73700, 662962, 0, 0, 0
73800, 642939, 0, 0, 0
73900, 655830, 0, 0, 0
74000, 634757, 0, 0, 0
74100, 638046, 0, 0, 0
74200, 653944, 0, 0, 0
74300, 645001, 0, 0, 0
74400, 640530, 0, 0, 0
74500, 647007, 0, 0, 0
74600, 628712, 0, 0, 0
74700, 648935, 0, 0, 0
74800, 642556, 0, 0, 0
74900, 638690, 0, 0, 0
75000, 641276, 0, 0, 0
75100, 639629, 0, 0, 0
75200, 650175, 0, 0, 0
75300, 624747, 0, 0, 0
75400, 625732, 0, 0, 0
75500, 659422, 0, 0, 0
75600, 662110, 0, 0, 0
75700, 656080, 0, 0, 0
75800, 632687, 0, 0, 0
75900, 632170, 0, 0, 0
76000, 630863, 0, 0, 0
76100, 638689, 0, 0, 0
76200, 639097, 0, 0, 0
76300, 639348, 0, 0, 0
76400, 646494, 0, 0, 0
76500, 638050, 0, 0, 0
76600, 656351, 0, 0, 0
76700, 663340, 0, 0, 0
76800, 655884, 0, 0, 0
76900, 643824, 0, 0, 0
77000, 661539, 0, 0, 0
77100, 639813, 0, 0, 0
77200, 656127, 0, 0, 0
77300, 635745, 0, 0, 0
77400, 652869, 0, 0, 0
77500, 623996, 0, 0, 0
77600, 647871, 0, 0, 0
77700, 641603, 0, 0, 0
77800, 664613, 0, 0, 0
77900, 631525, 0, 0, 0
78000, 640769, 0, 0, 0
78100, 626646, 0, 0, 0
78200, 638397, 0, 0, 0
78300, 628899, 0, 0, 0
78400, 636054, 0, 0, 0
78500, 655674, 0, 0, 0
78600, 661120, 0, 0, 0
78700, 636434, 0, 0, 0
78800, 647213, 0, 0, 0
78900, 648472, 0, 0, 0
79000, 647059, 0, 0, 0
79100, 639824, 0, 0, 0
79200, 640115, 0, 0, 0
79300, 624446, 0, 0, 0
79400, 654927, 0, 0, 0
79500, 635369, 0, 0, 0
79600, 641969, 0, 0, 0
79700, 638997, 0, 0, 0
79800, 652998, 0, 0, 0
79900, 647738, 0, 0, 0
80000, 646240, 0, 0, 0
80100, 660693, 0, 0, 0
80200, 639823, 0, 0, 0
80300, 652705, 0, 0, 0
80400, 636642, 0, 0, 0
80500, 654081, 0, 0, 0
80600, 630364, 0, 0, 0
80700, 641340, 0, 0, 0
80800, 646933, 0, 0, 0
80900, 654420, 0, 0, 0
81000, 647805, 0, 0, 0
81100, 631891, 0, 0, 0
81200, 661147, 0, 0, 0
81300, 636977, 0, 0, 0
81400, 662027, 0, 0, 0
81500, 659463, 0, 0, 0
81600, 660013, 0, 0, 0
81700, 649324, 0, 0, 0
81800, 659283, 0, 0, 0
81900, 628051, 0, 0, 0
82000, 655613, 0, 0, 0
82100, 677868, 0, 0, 0
82200, 662464, 0, 0, 0
82300, 636380, 0, 0, 0
82400, 634031, 0, 0, 0
82500, 647022, 0, 0, 0
82600, 653971, 0, 0, 0
82700, 640667, 0, 0, 0
82800, 659804, 0, 0, 0
82900, 635704, 0, 0, 0
83000, 637027, 0, 0, 0
83100, 652460, 0, 0, 0
83200, 632955, 0, 0, 0
83300, 636590, 0, 0, 0
83400, 646663, 0, 0, 0
83500, 642963, 0, 0, 0
83600, 648704, 0, 0, 0
83700, 633680, 0, 0, 0
83800, 642834, 0, 0, 0
83900, 655624, 0, 0, 0
84000, 638223, 0, 0, 0
84100, 653803, 0, 0, 0
84200, 649992, 0, 0, 0
84300, 667181, 0, 0, 0
84400, 634703, 0, 0, 0
84500, 650937, 0, 0, 0
84600, 641558, 0, 0, 0
84700, 646319, 0, 0, 0
84800, 644925, 0, 0, 0
84900, 661951, 0, 0, 0
85000, 640599, 0, 0, 0
85100, 654505, 0, 0, 0
85200, 658910, 0, 0, 0
85300, 643937, 0, 0, 0
85400, 650321, 0, 0, 0
85500, 651367, 0, 0, 0
85600, 665421, 0, 0, 0
85700, 635875, 0, 0, 0
85800, 657663, 0, 0, 0
85900, 635463, 0, 0, 0
86000, 646955, 0, 0, 0
86100, 649924, 0, 0, 0
86200, 645801, 0, 0, 0
86300, 632202, 0, 0, 0
86400, 642214, 0, 0, 0
86500, 655766, 0, 0, 0
86600, 642206, 0, 0, 0
86700, 636641, 0, 0, 0
86800, 627615, 0, 0, 0
86900, 645613, 0, 0, 0
87000, 642431, 0, 0, 0
87100, 636159, 0, 0, 0
87200, 652445, 0, 0, 0
87300, 636667, 0, 0, 0
87400, 647430, 0, 0, 0
87500, 630055, 0, 0, 0
87600, 648981, 0, 0, 0
87700, 641640, 0, 0, 0
87800, 652082, 0, 0, 0
87900, 635079, 0, 0, 0
88000, 647870, 0, 0, 0
88100, 639457, 0, 0, 0
88200, 641338, 0, 0, 0
88300, 646632, 0, 0, 0
88400, 639088, 0, 0, 0
88500, 658758, 0, 0, 0
88600, 646684, 0, 0, 0
88700, 631683, 0, 0, 0
88800, 658454, 0, 0, 0
88900, 630175, 0, 0, 0
89000, 642162, 0, 0, 0
89100, 631832, 0, 0, 0
89200, 620748, 0, 0, 0
89300, 642387, 0, 0, 0
89400, 630107, 0, 0, 0
89500, 640139, 0, 0, 0
89600, 636492, 0, 0, 0
89700, 672625, 0, 0, 0
89800, 656182, 0, 0, 0
89900, 638734, 0, 0, 0
90000, 623184, 0, 0, 0
