100, 2563, 0, 0, 0
200, 2548, 0, 0, 0
300, 2778, 0, 0, 0
400, 2570, 0, 0, 0
500, 2794, 0, 0, 0
600, 2778, 0, 0, 0
700, 2812, 0, 0, 0
800, 2673, 0, 0, 0
900, 2740, 0, 0, 0
1000, 2722, 0, 0, 0
1100, 2782, 0, 0, 0
1200, 3059, 0, 0, 0
1300, 2775, 0, 0, 0
1400, 2661, 0, 0, 0
1500, 2901, 0, 0, 0
1600, 2638, 0, 0, 0
1700, 2817, 0, 0, 0
1800, 2667, 0, 0, 0
1900, 2567, 0, 0, 0
2000, 2827, 0, 0, 0
2100, 2732, 0, 0, 0
2200, 2724, 0, 0, 0
2300, 2869, 0, 0, 0
2400, 2835, 0, 0, 0
2500, 2812, 0, 0, 0
2600, 2652, 0, 0, 0
2700, 2629, 0, 0, 0
2800, 2687, 0, 0, 0
2900, 2637, 0, 0, 0
3000, 2785, 0, 0, 0
3100, 2701, 0, 0, 0
3200, 2927, 0, 0, 0
3300, 2968, 0, 0, 0
3400, 2788, 0, 0, 0
3500, 2759, 0, 0, 0
3600, 2873, 0, 0, 0
3700, 2960, 0, 0, 0
3800, 2994, 0, 0, 0
3900, 2703, 0, 0, 0
4000, 2851, 0, 0, 0
4100, 2821, 0, 0, 0
4200, 2673, 0, 0, 0
4300, 2488, 0, 0, 0
4400, 2536, 0, 0, 0
4500, 2592, 0, 0, 0
4600, 2847, 0, 0, 0
4700, 2995, 0, 0, 0
4800, 2947, 0, 0, 0
4900, 2560, 0, 0, 0
5000, 2499, 0, 0, 0
5100, 2475, 0, 0, 0
5200, 2791, 0, 0, 0
5300, 2681, 0, 0, 0
5400, 2756, 0, 0, 0
5500, 2601, 0, 0, 0
5600, 2722, 0, 0, 0
5700, 2712, 0, 0, 0
5800, 2545, 0, 0, 0
5900, 2918, 0, 0, 0
6000, 2672, 0, 0, 0
6100, 2977, 0, 0, 0
6200, 2826, 0, 0, 0
6300, 2952, 0, 0, 0
6400, 2774, 0, 0, 0
6500, 2740, 0, 0, 0
6600, 2795, 0, 0, 0
6700, 2699, 0, 0, 0
6800, 2535, 0, 0, 0
6900, 2538, 0, 0, 0
7000, 2810, 0, 0, 0
7100, 2668, 0, 0, 0
7200, 2734, 0, 0, 0
7300, 2954, 0, 0, 0
7400, 2855, 0, 0, 0
7500, 2716, 0, 0, 0
7600, 2662, 0, 0, 0
7700, 2990, 0, 0, 0
7800, 2768, 0, 0, 0
7900, 2687, 0, 0, 0
8000, 2904, 0, 0, 0
8100, 2910, 0, 0, 0
8200, 2972, 0, 0, 0
8300, 2865, 0, 0, 0
8400, 2837, 0, 0, 0
8500, 2867, 0, 0, 0
8600, 2869, 0, 0, 0
8700, 3108, 0, 0, 0
8800, 2914, 0, 0, 0
8900, 2691, 0, 0, 0
9000, 2937, 0, 0, 0
9100, 2765, 0, 0, 0
9200, 2742, 0, 0, 0
9300, 2695, 0, 0, 0
9400, 2811, 0, 0, 0
9500, 2483, 0, 0, 0
9600, 2792, 0, 0, 0
9700, 2837, 0, 0, 0
9800, 2559, 0, 0, 0
9900, 2811, 0, 0, 0
10000, 2466, 0, 0, 0
10100, 2466, 0, 0, 0
10200, 2667, 0, 0, 0
10300, 2678, 0, 0, 0
10400, 2844, 0, 0, 0
10500, 2575, 0, 0, 0
10600, 2866, 0, 0, 0
10700, 2768, 0, 0, 0
10800, 2844, 0, 0, 0
10900, 3027, 0, 0, 0
11000, 2813, 0, 0, 0
11100, 2695, 0, 0, 0
11200, 2558, 0, 0, 0
11300, 2805, 0, 0, 0
11400, 2783, 0, 0, 0
11500, 2866, 0, 0, 0
11600, 2960, 0, 0, 0
11700, 2801, 0, 0, 0
11800, 2737, 0, 0, 0
11900, 3006, 0, 0, 0
12000, 2963, 0, 0, 0
12100, 2941, 0, 0, 0
12200, 3056, 0, 0, 0
12300, 2648, 0, 0, 0
12400, 2565, 0, 0, 0
12500, 2710, 0, 0, 0
12600, 2879, 0, 0, 0
12700, 2687, 0, 0, 0
12800, 2730, 0, 0, 0
12900, 2810, 0, 0, 0
13000, 2758, 0, 0, 0
13100, 2642, 0, 0, 0
13200, 2881, 0, 0, 0
13300, 2785, 0, 0, 0
13400, 2940, 0, 0, 0
13500, 2830, 0, 0, 0
13600, 2950, 0, 0, 0
13700, 2731, 0, 0, 0
13800, 2587, 0, 0, 0
13900, 2644, 0, 0, 0
14000, 2927, 0, 0, 0
14100, 2943, 0, 0, 0
14200, 2825, 0, 0, 0
14300, 3107, 0, 0, 0
14400, 2810, 0, 0, 0
14500, 2587, 0, 0, 0
14600, 2727, 0, 0, 0
14700, 2461, 0, 0, 0
14800, 2630, 0, 0, 0
14900, 2815, 0, 0, 0
15000, 2607, 0, 0, 0
15100, 2576, 0, 0, 0
15200, 2696, 0, 0, 0
15300, 2772, 0, 0, 0
15400, 2753, 0, 0, 0
15500, 2794, 0, 0, 0
15600, 2569, 0, 0, 0
15700, 2864, 0, 0, 0
15800, 2853, 0, 0, 0
15900, 2716, 0, 0, 0
16000, 2725, 0, 0, 0
16100, 2699, 0, 0, 0
16200, 2681, 0, 0, 0
16300, 2635, 0, 0, 0
16400, 2647, 0, 0, 0
16500, 2523, 0, 0, 0
16600, 2831, 0, 0, 0
16700, 2661, 0, 0, 0
16800, 2312, 0, 0, 0
16900, 2650, 0, 0, 0
17000, 2908, 0, 0, 0
17100, 2544, 0, 0, 0
17201, 2618, 0, 0, 0
17300, 2647, 0, 0, 0
17401, 2829, 0, 0, 0
17500, 2784, 0, 0, 0
17600, 2833, 0, 0, 0
17700, 3068, 0, 0, 0
17800, 2704, 0, 0, 0
17900, 2628, 0, 0, 0
18000, 2724, 0, 0, 0
18100, 2840, 0, 0, 0
18200, 2748, 0, 0, 0
18300, 2545, 0, 0, 0
18400, 2553, 0, 0, 0
18500, 2591, 0, 0, 0
18600, 2659, 0, 0, 0
18700, 2521, 0, 0, 0
18800, 2713, 0, 0, 0
18900, 2712, 0, 0, 0
19000, 2907, 0, 0, 0
19100, 2951, 0, 0, 0
19200, 2568, 0, 0, 0
19300, 2683, 0, 0, 0
19400, 2943, 0, 0, 0
19500, 3066, 0, 0, 0
19600, 2728, 0, 0, 0
19700, 3049, 0, 0, 0
19800, 2763, 0, 0, 0
19900, 2683, 0, 0, 0
20000, 2784, 0, 0, 0
20100, 2931, 0, 0, 0
20200, 2979, 0, 0, 0
20300, 2839, 0, 0, 0
20400, 2851, 0, 0, 0
20500, 2761, 0, 0, 0
20600, 2799, 0, 0, 0
20700, 3005, 0, 0, 0
20800, 2997, 0, 0, 0
20900, 2796, 0, 0, 0
21000, 2940, 0, 0, 0
21100, 2821, 0, 0, 0
21200, 2516, 0, 0, 0
21300, 2839, 0, 0, 0
21400, 2703, 0, 0, 0
21500, 2661, 0, 0, 0
21600, 2750, 0, 0, 0
21700, 2691, 0, 0, 0
21800, 2735, 0, 0, 0
21900, 2983, 0, 0, 0
22000, 2699, 0, 0, 0
22100, 2437, 0, 0, 0
22200, 2527, 0, 0, 0
22300, 2796, 0, 0, 0
22400, 3031, 0, 0, 0
22500, 2774, 0, 0, 0
22600, 2827, 0, 0, 0
22700, 3036, 0, 0, 0
22800, 2910, 0, 0, 0
22900, 2736, 0, 0, 0
23000, 2837, 0, 0, 0
23100, 2816, 0, 0, 0
23200, 2303, 0, 0, 0
23300, 2752, 0, 0, 0
23400, 2673, 0, 0, 0
23500, 2858, 0, 0, 0
23600, 2836, 0, 0, 0
23700, 2904, 0, 0, 0
23800, 2724, 0, 0, 0
23900, 2504, 0, 0, 0
24000, 2693, 0, 0, 0
24100, 2719, 0, 0, 0
24200, 2567, 0, 0, 0
24300, 2767, 0, 0, 0
24400, 2894, 0, 0, 0
24500, 2540, 0, 0, 0
24600, 2682, 0, 0, 0
24700, 2680, 0, 0, 0
24800, 2630, 0, 0, 0
24900, 2915, 0, 0, 0
25000, 2561, 0, 0, 0
25100, 2692, 0, 0, 0
25200, 2731, 0, 0, 0
25300, 2731, 0, 0, 0
25400, 2972, 0, 0, 0
25500, 2681, 0, 0, 0
25600, 2614, 0, 0, 0
25700, 2564, 0, 0, 0
25800, 2886, 0, 0, 0
25900, 2890, 0, 0, 0
26000, 2945, 0, 0, 0
26100, 3020, 0, 0, 0
26200, 2824, 0, 0, 0
26300, 2676, 0, 0, 0
26400, 2723, 0, 0, 0
26500, 2602, 0, 0, 0
26600, 2530, 0, 0, 0
26700, 2804, 0, 0, 0
26800, 2756, 0, 0, 0
26900, 3083, 0, 0, 0
27000, 2615, 0, 0, 0
27100, 2739, 0, 0, 0
27200, 2763, 0, 0, 0
27300, 2513, 0, 0, 0
27400, 2509, 0, 0, 0
27500, 2525, 0, 0, 0
27600, 2405, 0, 0, 0
27700, 2723, 0, 0, 0
27800, 3023, 0, 0, 0
27900, 2709, 0, 0, 0
28000, 2713, 0, 0, 0
28100, 2853, 0, 0, 0
28200, 2725, 0, 0, 0
28300, 2780, 0, 0, 0
28400, 2740, 0, 0, 0
28500, 2682, 0, 0, 0
28600, 2756, 0, 0, 0
28700, 2994, 0, 0, 0
28800, 2802, 0, 0, 0
28900, 2613, 0, 0, 0
29000, 2565, 0, 0, 0
29100, 2569, 0, 0, 0
29200, 2740, 0, 0, 0
29300, 2716, 0, 0, 0
29400, 2641, 0, 0, 0
29500, 2720, 0, 0, 0
29600, 2659, 0, 0, 0
29700, 2743, 0, 0, 0
29800, 2698, 0, 0, 0
29900, 2580, 0, 0, 0
30000, 2722, 0, 0, 0
30100, 2868, 0, 0, 0
30200, 3057, 0, 0, 0
30300, 2992, 0, 0, 0
30400, 2881, 0, 0, 0
30500, 2692, 0, 0, 0
30600, 2856, 0, 0, 0
30700, 2559, 0, 0, 0
30800, 2746, 0, 0, 0
30900, 2736, 0, 0, 0
31000, 2692, 0, 0, 0
31100, 2805, 0, 0, 0
31200, 2783, 0, 0, 0
31300, 2688, 0, 0, 0
31400, 2631, 0, 0, 0
31500, 2522, 0, 0, 0
31600, 2622, 0, 0, 0
31700, 2612, 0, 0, 0
31800, 2513, 0, 0, 0
31900, 2832, 0, 0, 0
32000, 2802, 0, 0, 0
32100, 2761, 0, 0, 0
32200, 2616, 0, 0, 0
32300, 2361, 0, 0, 0
32400, 2408, 0, 0, 0
32500, 3073, 0, 0, 0
32600, 2759, 0, 0, 0
32700, 2918, 0, 0, 0
32800, 2781, 0, 0, 0
32900, 2729, 0, 0, 0
33000, 2752, 0, 0, 0
33100, 2517, 0, 0, 0
33200, 2891, 0, 0, 0
33300, 2483, 0, 0, 0
33400, 2665, 0, 0, 0
33500, 2862, 0, 0, 0
33600, 2535, 0, 0, 0
33700, 2422, 0, 0, 0
33800, 3131, 0, 0, 0
33900, 2929, 0, 0, 0
34000, 2585, 0, 0, 0
34100, 2649, 0, 0, 0
34200, 2590, 0, 0, 0
34300, 2491, 0, 0, 0
34400, 2548, 0, 0, 0
34500, 2559, 0, 0, 0
34600, 2818, 0, 0, 0
34700, 2751, 0, 0, 0
34800, 2540, 0, 0, 0
34900, 2618, 0, 0, 0
35000, 2606, 0, 0, 0
35100, 2793, 0, 0, 0
35200, 2761, 0, 0, 0
35300, 2806, 0, 0, 0
35400, 2844, 0, 0, 0
35500, 2599, 0, 0, 0
35600, 2588, 0, 0, 0
35700, 2616, 0, 0, 0
35800, 2732, 0, 0, 0
35900, 2525, 0, 0, 0
36000, 2548, 0, 0, 0
36100, 2765, 0, 0, 0
36200, 2730, 0, 0, 0
36300, 2819, 0, 0, 0
36400, 2712, 0, 0, 0
36500, 2732, 0, 0, 0
36600, 2634, 0, 0, 0
36700, 2456, 0, 0, 0
36800, 2590, 0, 0, 0
36900, 2601, 0, 0, 0
37000, 2612, 0, 0, 0
37100, 2677, 0, 0, 0
37200, 2784, 0, 0, 0
37300, 2784, 0, 0, 0
37400, 2734, 0, 0, 0
37500, 2843, 0, 0, 0
37600, 2943, 0, 0, 0
37700, 2814, 0, 0, 0
37800, 2712, 0, 0, 0
37900, 2834, 0, 0, 0
38000, 2676, 0, 0, 0
38100, 2861, 0, 0, 0
38200, 2651, 0, 0, 0
38300, 2429, 0, 0, 0
38400, 2503, 0, 0, 0
38500, 2601, 0, 0, 0
38600, 2665, 0, 0, 0
38700, 2729, 0, 0, 0
38800, 2810, 0, 0, 0
38900, 2855, 0, 0, 0
39000, 2882, 0, 0, 0
39100, 2720, 0, 0, 0
39200, 2838, 0, 0, 0
39300, 2844, 0, 0, 0
39400, 2779, 0, 0, 0
39500, 2726, 0, 0, 0
39600, 2562, 0, 0, 0
39700, 2655, 0, 0, 0
39800, 2744, 0, 0, 0
39900, 2744, 0, 0, 0
40000, 2502, 0, 0, 0
40100, 2505, 0, 0, 0
40200, 2431, 0, 0, 0
40300, 2736, 0, 0, 0
40400, 2746, 0, 0, 0
40500, 2790, 0, 0, 0
40600, 2844, 0, 0, 0
40700, 2916, 0, 0, 0
40800, 2808, 0, 0, 0
40900, 2805, 0, 0, 0
41000, 2565, 0, 0, 0
41100, 2447, 0, 0, 0
41200, 2780, 0, 0, 0
41300, 2929, 0, 0, 0
41400, 2859, 0, 0, 0
41500, 2758, 0, 0, 0
41600, 2626, 0, 0, 0
41700, 2698, 0, 0, 0
41800, 2793, 0, 0, 0
41900, 2779, 0, 0, 0
42000, 2548, 0, 0, 0
42100, 2629, 0, 0, 0
42200, 3138, 0, 0, 0
42300, 3104, 0, 0, 0
42400, 2836, 0, 0, 0
42500, 2865, 0, 0, 0
42600, 2811, 0, 0, 0
42700, 2631, 0, 0, 0
42800, 2662, 0, 0, 0
42900, 2782, 0, 0, 0
43000, 2811, 0, 0, 0
43100, 2925, 0, 0, 0
43200, 2625, 0, 0, 0
43300, 2311, 0, 0, 0
43400, 2530, 0, 0, 0
43500, 2830, 0, 0, 0
43600, 2658, 0, 0, 0
43700, 2759, 0, 0, 0
43800, 2889, 0, 0, 0
43900, 2685, 0, 0, 0
44000, 2718, 0, 0, 0
44100, 2564, 0, 0, 0
44200, 2788, 0, 0, 0
44300, 3101, 0, 0, 0
44400, 2521, 0, 0, 0
44500, 2454, 0, 0, 0
44600, 2979, 0, 0, 0
44700, 2899, 0, 0, 0
44800, 2754, 0, 0, 0
44900, 2999, 0, 0, 0
45000, 2914, 0, 0, 0
45100, 2770, 0, 0, 0
45200, 2925, 0, 0, 0
45300, 2687, 0, 0, 0
45400, 2993, 0, 0, 0
45500, 2807, 0, 0, 0
45600, 2646, 0, 0, 0
45700, 2691, 0, 0, 0
45800, 2698, 0, 0, 0
45900, 2749, 0, 0, 0
46000, 3075, 0, 0, 0
46100, 2712, 0, 0, 0
46200, 2864, 0, 0, 0
46300, 2774, 0, 0, 0
46400, 2823, 0, 0, 0
46500, 2738, 0, 0, 0
46600, 3041, 0, 0, 0
46700, 2901, 0, 0, 0
46800, 2912, 0, 0, 0
46900, 2922, 0, 0, 0
47000, 2772, 0, 0, 0
47100, 2819, 0, 0, 0
47200, 2901, 0, 0, 0
47300, 2899, 0, 0, 0
47400, 2583, 0, 0, 0
47500, 2799, 0, 0, 0
47600, 3058, 0, 0, 0
47700, 2652, 0, 0, 0
47800, 2800, 0, 0, 0
47900, 3126, 0, 0, 0
48000, 2941, 0, 0, 0
48100, 2815, 0, 0, 0
48200, 2843, 0, 0, 0
48300, 2723, 0, 0, 0
48400, 2715, 0, 0, 0
48500, 2532, 0, 0, 0
48600, 2756, 0, 0, 0
48700, 2757, 0, 0, 0
48800, 2838, 0, 0, 0
48900, 2739, 0, 0, 0
49000, 2724, 0, 0, 0
49100, 2848, 0, 0, 0
49200, 2750, 0, 0, 0
49300, 2840, 0, 0, 0
49400, 2935, 0, 0, 0
49500, 2727, 0, 0, 0
49600, 2605, 0, 0, 0
49700, 2774, 0, 0, 0
49800, 2831, 0, 0, 0
49900, 2755, 0, 0, 0
50000, 2591, 0, 0, 0
50100, 2601, 0, 0, 0
50200, 2710, 0, 0, 0
50300, 3233, 0, 0, 0
50400, 2741, 0, 0, 0
50500, 2928, 0, 0, 0
50600, 2901, 0, 0, 0
50700, 2647, 0, 0, 0
50800, 2704, 0, 0, 0
50900, 3117, 0, 0, 0
51000, 2815, 0, 0, 0
51100, 3013, 0, 0, 0
51200, 3057, 0, 0, 0
51300, 2887, 0, 0, 0
51400, 3050, 0, 0, 0
51500, 2734, 0, 0, 0
51600, 2780, 0, 0, 0
51700, 2876, 0, 0, 0
51800, 3001, 0, 0, 0
51900, 2860, 0, 0, 0
52000, 3122, 0, 0, 0
52100, 2760, 0, 0, 0
52200, 2653, 0, 0, 0
52300, 2856, 0, 0, 0
52400, 2819, 0, 0, 0
52500, 2637, 0, 0, 0
52600, 2632, 0, 0, 0
52700, 3003, 0, 0, 0
52800, 2859, 0, 0, 0
52900, 3098, 0, 0, 0
53000, 2686, 0, 0, 0
53100, 2733, 0, 0, 0
53200, 2804, 0, 0, 0
53300, 2863, 0, 0, 0
53400, 2756, 0, 0, 0
53500, 2547, 0, 0, 0
53600, 2631, 0, 0, 0
53700, 2562, 0, 0, 0
53800, 2589, 0, 0, 0
53900, 3190, 0, 0, 0
54000, 2769, 0, 0, 0
54100, 2655, 0, 0, 0
54200, 2815, 0, 0, 0
54300, 2697, 0, 0, 0
54400, 2612, 0, 0, 0
54500, 2469, 0, 0, 0
54600, 2483, 0, 0, 0
54700, 2670, 0, 0, 0
54800, 2626, 0, 0, 0
54900, 2915, 0, 0, 0
55000, 2617, 0, 0, 0
55100, 2801, 0, 0, 0
55200, 2749, 0, 0, 0
55300, 2621, 0, 0, 0
55400, 2813, 0, 0, 0
55500, 2747, 0, 0, 0
55600, 2872, 0, 0, 0
55700, 2966, 0, 0, 0
55800, 2660, 0, 0, 0
55900, 2748, 0, 0, 0
56000, 2635, 0, 0, 0
56100, 2497, 0, 0, 0
56200, 2514, 0, 0, 0
56300, 2976, 0, 0, 0
56400, 2938, 0, 0, 0
56500, 2501, 0, 0, 0
56600, 3112, 0, 0, 0
56700, 2730, 0, 0, 0
56800, 2594, 0, 0, 0
56900, 2641, 0, 0, 0
57000, 2784, 0, 0, 0
57100, 3008, 0, 0, 0
57200, 3068, 0, 0, 0
57300, 2783, 0, 0, 0
57400, 2763, 0, 0, 0
57500, 2690, 0, 0, 0
57600, 2887, 0, 0, 0
57700, 2566, 0, 0, 0
57800, 2829, 0, 0, 0
57900, 2649, 0, 0, 0
58000, 2793, 0, 0, 0
58100, 3035, 0, 0, 0
58200, 2856, 0, 0, 0
58300, 2694, 0, 0, 0
58400, 2766, 0, 0, 0
58500, 2640, 0, 0, 0
58600, 2590, 0, 0, 0
58700, 2694, 0, 0, 0
58800, 2738, 0, 0, 0
58900, 2690, 0, 0, 0
59000, 2772, 0, 0, 0
59100, 2729, 0, 0, 0
59200, 3026, 0, 0, 0
59300, 2865, 0, 0, 0
59400, 2696, 0, 0, 0
59500, 2710, 0, 0, 0
59600, 2748, 0, 0, 0
59700, 2720, 0, 0, 0
59800, 3007, 0, 0, 0
59900, 2546, 0, 0, 0
60000, 2624, 0, 0, 0
60100, 2689, 0, 0, 0
60200, 2630, 0, 0, 0
60300, 2858, 0, 0, 0
60400, 2756, 0, 0, 0
60500, 2529, 0, 0, 0
60600, 2716, 0, 0, 0
60700, 3157, 0, 0, 0
60800, 2586, 0, 0, 0
60900, 2726, 0, 0, 0
61000, 2670, 0, 0, 0
61100, 2847, 0, 0, 0
61200, 2895, 0, 0, 0
61300, 2877, 0, 0, 0
61400, 2651, 0, 0, 0
61500, 2924, 0, 0, 0
61600, 2800, 0, 0, 0
61700, 2914, 0, 0, 0
61800, 2805, 0, 0, 0
61900, 2700, 0, 0, 0
62000, 2709, 0, 0, 0
62100, 2845, 0, 0, 0
62200, 2987, 0, 0, 0
62300, 2597, 0, 0, 0
62400, 2850, 0, 0, 0
62500, 2639, 0, 0, 0
62600, 2549, 0, 0, 0
62700, 2558, 0, 0, 0
62800, 2808, 0, 0, 0
62900, 2696, 0, 0, 0
63000, 2561, 0, 0, 0
63100, 3081, 0, 0, 0
63200, 2876, 0, 0, 0
63300, 3061, 0, 0, 0
63400, 3217, 0, 0, 0
63500, 3036, 0, 0, 0
63600, 2838, 0, 0, 0
63700, 2896, 0, 0, 0
63800, 3006, 0, 0, 0
63900, 3042, 0, 0, 0
64000, 2964, 0, 0, 0
64100, 2959, 0, 0, 0
64200, 2460, 0, 0, 0
64300, 2539, 0, 0, 0
64400, 2648, 0, 0, 0
64500, 2696, 0, 0, 0
64600, 2990, 0, 0, 0
64700, 2799, 0, 0, 0
64800, 2666, 0, 0, 0
64900, 2664, 0, 0, 0
65000, 2982, 0, 0, 0
65100, 2850, 0, 0, 0
65200, 2963, 0, 0, 0
65300, 2867, 0, 0, 0
65400, 2757, 0, 0, 0
65500, 2808, 0, 0, 0
65600, 2879, 0, 0, 0
65700, 2598, 0, 0, 0
65800, 2501, 0, 0, 0
65900, 2862, 0, 0, 0
66000, 2983, 0, 0, 0
66100, 2650, 0, 0, 0
66200, 2625, 0, 0, 0
66300, 2967, 0, 0, 0
66400, 2851, 0, 0, 0
66500, 2886, 0, 0, 0
66600, 2868, 0, 0, 0
66700, 2944, 0, 0, 0
66800, 2800, 0, 0, 0
66900, 2926, 0, 0, 0
67000, 2541, 0, 0, 0
67100, 2824, 0, 0, 0
67200, 2818, 0, 0, 0
67300, 2842, 0, 0, 0
67400, 2753, 0, 0, 0
67500, 2668, 0, 0, 0
67600, 2641, 0, 0, 0
67700, 2783, 0, 0, 0
67800, 2902, 0, 0, 0
67900, 2747, 0, 0, 0
68000, 2926, 0, 0, 0
68100, 2912, 0, 0, 0
68201, 2700, 0, 0, 0
68300, 2941, 0, 0, 0
68400, 2867, 0, 0, 0
68500, 2876, 0, 0, 0
68600, 2784, 0, 0, 0
68700, 2703, 0, 0, 0
68800, 2793, 0, 0, 0
68900, 2607, 0, 0, 0
69000, 2597, 0, 0, 0
69100, 2761, 0, 0, 0
69200, 2839, 0, 0, 0
69300, 2995, 0, 0, 0
69400, 2610, 0, 0, 0
69500, 2576, 0, 0, 0
69600, 2549, 0, 0, 0
69700, 2880, 0, 0, 0
69800, 2918, 0, 0, 0
69900, 2745, 0, 0, 0
70000, 2656, 0, 0, 0
70100, 2745, 0, 0, 0
70200, 2575, 0, 0, 0
70300, 2843, 0, 0, 0
70400, 2912, 0, 0, 0
70500, 2793, 0, 0, 0
70600, 2915, 0, 0, 0
70700, 2777, 0, 0, 0
70800, 2718, 0, 0, 0
70900, 2710, 0, 0, 0
71000, 2829, 0, 0, 0
71100, 2708, 0, 0, 0
71200, 2699, 0, 0, 0
71300, 2741, 0, 0, 0
71400, 2733, 0, 0, 0
71500, 2913, 0, 0, 0
71600, 2733, 0, 0, 0
71700, 2909, 0, 0, 0
71800, 2770, 0, 0, 0
71900, 2897, 0, 0, 0
72000, 2877, 0, 0, 0
72100, 2595, 0, 0, 0
72200, 2821, 0, 0, 0
72300, 2907, 0, 0, 0
72400, 2546, 0, 0, 0
72500, 2545, 0, 0, 0
72600, 2653, 0, 0, 0
72700, 2804, 0, 0, 0
72800, 2751, 0, 0, 0
72900, 2653, 0, 0, 0
73000, 2861, 0, 0, 0
73100, 2886, 0, 0, 0
73200, 2630, 0, 0, 0
73300, 2508, 0, 0, 0
73400, 2801, 0, 0, 0
73500, 2594, 0, 0, 0
73600, 2871, 0, 0, 0
73700, 2868, 0, 0, 0
73800, 2682, 0, 0, 0
73900, 2933, 0, 0, 0
74000, 2365, 0, 0, 0
74100, 2679, 0, 0, 0
74200, 2651, 0, 0, 0
74300, 2872, 0, 0, 0
74400, 2565, 0, 0, 0
74500, 2634, 0, 0, 0
74600, 2787, 0, 0, 0
74700, 3011, 0, 0, 0
74800, 2954, 0, 0, 0
74900, 2573, 0, 0, 0
75000, 2708, 0, 0, 0
75100, 2863, 0, 0, 0
75200, 2800, 0, 0, 0
75300, 2803, 0, 0, 0
75400, 2508, 0, 0, 0
75500, 2919, 0, 0, 0
75600, 2946, 0, 0, 0
75700, 2730, 0, 0, 0
75800, 2802, 0, 0, 0
75900, 2507, 0, 0, 0
76000, 2874, 0, 0, 0
76100, 2818, 0, 0, 0
76200, 3052, 0, 0, 0
76300, 2799, 0, 0, 0
76400, 2744, 0, 0, 0
76500, 2973, 0, 0, 0
76600, 2818, 0, 0, 0
76700, 2819, 0, 0, 0
76800, 2987, 0, 0, 0
76900, 2853, 0, 0, 0
77000, 2821, 0, 0, 0
77100, 2601, 0, 0, 0
77200, 2517, 0, 0, 0
77300, 2591, 0, 0, 0
77400, 2827, 0, 0, 0
77500, 2715, 0, 0, 0
77600, 2662, 0, 0, 0
77700, 2537, 0, 0, 0
77800, 2471, 0, 0, 0
77900, 2615, 0, 0, 0
78000, 2870, 0, 0, 0
78100, 2641, 0, 0, 0
78200, 2527, 0, 0, 0
78300, 2728, 0, 0, 0
78400, 2918, 0, 0, 0
78500, 3042, 0, 0, 0
78600, 2881, 0, 0, 0
78700, 2917, 0, 0, 0
78800, 2914, 0, 0, 0
78900, 2818, 0, 0, 0
79000, 2656, 0, 0, 0
79100, 2872, 0, 0, 0
79200, 2928, 0, 0, 0
79300, 2893, 0, 0, 0
79400, 2790, 0, 0, 0
79500, 2820, 0, 0, 0
79600, 2751, 0, 0, 0
79700, 2741, 0, 0, 0
79800, 2907, 0, 0, 0
79900, 2554, 0, 0, 0
80000, 2737, 0, 0, 0
80100, 2779, 0, 0, 0
80200, 2807, 0, 0, 0
80300, 2939, 0, 0, 0
80400, 2855, 0, 0, 0
80500, 2958, 0, 0, 0
80600, 2988, 0, 0, 0
80700, 2791, 0, 0, 0
80800, 2641, 0, 0, 0
80900, 2837, 0, 0, 0
81000, 2398, 0, 0, 0
81100, 2521, 0, 0, 0
81200, 2608, 0, 0, 0
81300, 2729, 0, 0, 0
81400, 2786, 0, 0, 0
81500, 2762, 0, 0, 0
81600, 3024, 0, 0, 0
81700, 2737, 0, 0, 0
81800, 2461, 0, 0, 0
81900, 2601, 0, 0, 0
82000, 2913, 0, 0, 0
82100, 2938, 0, 0, 0
82200, 2573, 0, 0, 0
82300, 2674, 0, 0, 0
82400, 2891, 0, 0, 0
82500, 2894, 0, 0, 0
82600, 2706, 0, 0, 0
82700, 2708, 0, 0, 0
82800, 2893, 0, 0, 0
82900, 2793, 0, 0, 0
83000, 2643, 0, 0, 0
83100, 2742, 0, 0, 0
83200, 2765, 0, 0, 0
83300, 2729, 0, 0, 0
83400, 2744, 0, 0, 0
83500, 2617, 0, 0, 0
83600, 2653, 0, 0, 0
83700, 2919, 0, 0, 0
83800, 2692, 0, 0, 0
83900, 2730, 0, 0, 0
84000, 2553, 0, 0, 0
84100, 2650, 0, 0, 0
84200, 2772, 0, 0, 0
84300, 2674, 0, 0, 0
84400, 2806, 0, 0, 0
84500, 2541, 0, 0, 0
84600, 2675, 0, 0, 0
84700, 2792, 0, 0, 0
84800, 2693, 0, 0, 0
84900, 2610, 0, 0, 0
85000, 2949, 0, 0, 0
85100, 3122, 0, 0, 0
85200, 2518, 0, 0, 0
85300, 2593, 0, 0, 0
85400, 2606, 0, 0, 0
85500, 2720, 0, 0, 0
85600, 2634, 0, 0, 0
85700, 2561, 0, 0, 0
85800, 2464, 0, 0, 0
85900, 2522, 0, 0, 0
86000, 2706, 0, 0, 0
86100, 2792, 0, 0, 0
86200, 2911, 0, 0, 0
86300, 2998, 0, 0, 0
86400, 2723, 0, 0, 0
86500, 2712, 0, 0, 0
86600, 2626, 0, 0, 0
86700, 2989, 0, 0, 0
86800, 3234, 0, 0, 0
86900, 3009, 0, 0, 0
87000, 2680, 0, 0, 0
87100, 2587, 0, 0, 0
87200, 2615, 0, 0, 0
87300, 2903, 0, 0, 0
87400, 2733, 0, 0, 0
87500, 2865, 0, 0, 0
87600, 2732, 0, 0, 0
87700, 2868, 0, 0, 0
87800, 2732, 0, 0, 0
87900, 2730, 0, 0, 0
88000, 2575, 0, 0, 0
88100, 2977, 0, 0, 0
88200, 2771, 0, 0, 0
88300, 2662, 0, 0, 0
88400, 2591, 0, 0, 0
88500, 2528, 0, 0, 0
88600, 2853, 0, 0, 0
88700, 2959, 0, 0, 0
88800, 2666, 0, 0, 0
88900, 2963, 0, 0, 0
89000, 2821, 0, 0, 0
89100, 2877, 0, 0, 0
89200, 2784, 0, 0, 0
89300, 3097, 0, 0, 0
89400, 2726, 0, 0, 0
89500, 2705, 0, 0, 0
89600, 2645, 0, 0, 0
89700, 2735, 0, 0, 0
89800, 2803, 0, 0, 0
89900, 2802, 0, 0, 0
90002, 2794, 0, 0, 0
