100, 1023780, 0, 0, 0
200, 995956, 0, 0, 0
300, 979487, 0, 0, 0
400, 1027517, 0, 0, 0
500, 1017469, 0, 0, 0
600, 1010740, 0, 0, 0
700, 1053337, 0, 0, 0
800, 993100, 0, 0, 0
900, 1018448, 0, 0, 0
1000, 976918, 0, 0, 0
1100, 1003296, 0, 0, 0
1200, 1063054, 0, 0, 0
1300, 1065989, 0, 0, 0
1400, 1005185, 0, 0, 0
1500, 1002294, 0, 0, 0
1600, 986969, 0, 0, 0
1700, 990604, 0, 0, 0
1800, 1019703, 0, 0, 0
1900, 1016603, 0, 0, 0
2000, 1008592, 0, 0, 0
2100, 1009412, 0, 0, 0
2200, 1029192, 0, 0, 0
2300, 1017750, 0, 0, 0
2400, 1039067, 0, 0, 0
2500, 1002842, 0, 0, 0
2600, 1014353, 0, 0, 0
2700, 1017029, 0, 0, 0
2800, 1028180, 0, 0, 0
2900, 1003265, 0, 0, 0
3000, 1007439, 0, 0, 0
3100, 1015213, 0, 0, 0
3200, 1008126, 0, 0, 0
3300, 997771, 0, 0, 0
3400, 1002433, 0, 0, 0
3500, 1030321, 0, 0, 0
3600, 995248, 0, 0, 0
3700, 985851, 0, 0, 0
3800, 1051364, 0, 0, 0
3900, 1028123, 0, 0, 0
4000, 1027700, 0, 0, 0
4100, 1027517, 0, 0, 0
4200, 1032729, 0, 0, 0
4300, 992611, 0, 0, 0
4400, 977493, 0, 0, 0
4500, 972487, 0, 0, 0
4600, 1007660, 0, 0, 0
4700, 1030888, 0, 0, 0
4800, 1012767, 0, 0, 0
4900, 997379, 0, 0, 0
5000, 975636, 0, 0, 0
5100, 1028145, 0, 0, 0
5200, 1015287, 0, 0, 0
5300, 983288, 0, 0, 0
5400, 1020117, 0, 0, 0
5500, 1018343, 0, 0, 0
5600, 992807, 0, 0, 0
5700, 1037883, 0, 0, 0
5800, 995635, 0, 0, 0
5900, 1009116, 0, 0, 0
6000, 999393, 0, 0, 0
6100, 992194, 0, 0, 0
6200, 1016676, 0, 0, 0
6300, 1041618, 0, 0, 0
6400, 973358, 0, 0, 0
6500, 1033256, 0, 0, 0
6600, 959186, 0, 0, 0
6700, 1004541, 0, 0, 0
6800, 992187, 0, 0, 0
6900, 1016226, 0, 0, 0
7000, 1014435, 0, 0, 0
7100, 998733, 0, 0, 0
7200, 1029139, 0, 0, 0
7300, 993491, 0, 0, 0
7400, 1002203, 0, 0, 0
7500, 1002056, 0, 0, 0
7600, 1023540, 0, 0, 0
7700, 984108, 0, 0, 0
7800, 984519, 0, 0, 0
7900, 1022844, 0, 0, 0
8000, 1013678, 0, 0, 0
8100, 994711, 0, 0, 0
8200, 984164, 0, 0, 0
8300, 1004066, 0, 0, 0
8400, 1011086, 0, 0, 0
8500, 1054258, 0, 0, 0
8600, 965247, 0, 0, 0
8700, 1016563, 0, 0, 0
8800, 1002032, 0, 0, 0
8900, 993288, 0, 0, 0
9000, 1019071, 0, 0, 0
9100, 1001049, 0, 0, 0
9200, 1029052, 0, 0, 0
9300, 998936, 0, 0, 0
9400, 989305, 0, 0, 0
9500, 1013690, 0, 0, 0
9600, 989768, 0, 0, 0
9700, 1028374, 0, 0, 0
9800, 1024565, 0, 0, 0
9900, 995083, 0, 0, 0
10000, 1061290, 0, 0, 0
10100, 1041184, 0, 0, 0
10200, 1015555, 0, 0, 0
10300, 947528, 0, 0, 0
10400, 987589, 0, 0, 0
10500, 1028871, 0, 0, 0
10600, 1013499, 0, 0, 0
10700, 1082351, 0, 0, 0
10800, 1020469, 0, 0, 0
10900, 1063264, 0, 0, 0
11000, 1033132, 0, 0, 0
11100, 1026715, 0, 0, 0
11200, 1027438, 0, 0, 0
11300, 1007394, 0, 0, 0
11400, 988723, 0, 0, 0
11500, 1009538, 0, 0, 0
11600, 1036587, 0, 0, 0
11700, 1043133, 0, 0, 0
11800, 1053741, 0, 0, 0
11900, 994673, 0, 0, 0
12000, 1050553, 0, 0, 0
12100, 1069878, 0, 0, 0
12200, 983378, 0, 0, 0
12300, 998955, 0, 0, 0
12400, 1027217, 0, 0, 0
12500, 998357, 0, 0, 0
12600, 964983, 0, 0, 0
12700, 1014864, 0, 0, 0
12800, 1021439, 0, 0, 0
12900, 1020947, 0, 0, 0
13000, 992381, 0, 0, 0
13100, 1026323, 0, 0, 0
13200, 991402, 0, 0, 0
13300, 1000377, 0, 0, 0
13400, 1014421, 0, 0, 0
13500, 1032358, 0, 0, 0
13600, 994924, 0, 0, 0
13700, 1015546, 0, 0, 0
13800, 1038232, 0, 0, 0
13900, 1013949, 0, 0, 0
14000, 1008278, 0, 0, 0
14100, 1017738, 0, 0, 0
14200, 1030620, 0, 0, 0
14300, 984119, 0, 0, 0
14400, 981140, 0, 0, 0
14500, 1021106, 0, 0, 0
14600, 1016687, 0, 0, 0
14700, 1026170, 0, 0, 0
14800, 1041853, 0, 0, 0
14900, 1027256, 0, 0, 0
15000, 992941, 0, 0, 0
15100, 1007874, 0, 0, 0
15200, 970205, 0, 0, 0
15300, 1024161, 0, 0, 0
15400, 1014231, 0, 0, 0
15500, 996371, 0, 0, 0
15600, 1008034, 0, 0, 0
15700, 1009622, 0, 0, 0
15800, 1050734, 0, 0, 0
15900, 1021737, 0, 0, 0
16000, 1027014, 0, 0, 0
16100, 1001783, 0, 0, 0
16200, 1025622, 0, 0, 0
16300, 1012641, 0, 0, 0
16400, 1010223, 0, 0, 0
16500, 995045, 0, 0, 0
16600, 1028290, 0, 0, 0
16700, 1001674, 0, 0, 0
16800, 1029668, 0, 0, 0
16900, 1009059, 0, 0, 0
17000, 1017918, 0, 0, 0
17100, 1053917, 0, 0, 0
17200, 1015690, 0, 0, 0
17300, 1019663, 0, 0, 0
17400, 999033, 0, 0, 0
17500, 1023456, 0, 0, 0
17600, 1036832, 0, 0, 0
17700, 1051822, 0, 0, 0
17800, 1020981, 0, 0, 0
17900, 1011059, 0, 0, 0
18000, 1020560, 0, 0, 0
18100, 1010669, 0, 0, 0
18200, 1032364, 0, 0, 0
18300, 1042218, 0, 0, 0
18400, 1007072, 0, 0, 0
18500, 1050077, 0, 0, 0
18600, 1012533, 0, 0, 0
18700, 1038163, 0, 0, 0
18800, 963188, 0, 0, 0
18900, 984479, 0, 0, 0
19000, 1014179, 0, 0, 0
19100, 1005646, 0, 0, 0
19200, 1005225, 0, 0, 0
19300, 1005531, 0, 0, 0
19400, 987688, 0, 0, 0
19500, 1024144, 0, 0, 0
19600, 1027525, 0, 0, 0
19700, 1053205, 0, 0, 0
19800, 982085, 0, 0, 0
19900, 1039702, 0, 0, 0
20000, 1069532, 0, 0, 0
20100, 1014140, 0, 0, 0
20200, 1030405, 0, 0, 0
20300, 1034025, 0, 0, 0
20400, 994472, 0, 0, 0
20500, 1030558, 0, 0, 0
20600, 1019272, 0, 0, 0
20700, 1023627, 0, 0, 0
20800, 986955, 0, 0, 0
20900, 1045197, 0, 0, 0
21000, 990301, 0, 0, 0
21100, 1017865, 0, 0, 0
21200, 1027531, 0, 0, 0
21300, 973048, 0, 0, 0
21400, 973216, 0, 0, 0
21500, 1013436, 0, 0, 0
21600, 1032293, 0, 0, 0
21700, 1009973, 0, 0, 0
21800, 1036842, 0, 0, 0
21900, 1016831, 0, 0, 0
22000, 1025508, 0, 0, 0
22100, 1012971, 0, 0, 0
22200, 1020152, 0, 0, 0
22300, 1037354, 0, 0, 0
22400, 1030743, 0, 0, 0
22500, 1023525, 0, 0, 0
22600, 1035962, 0, 0, 0
22700, 1048923, 0, 0, 0
22800, 1042928, 0, 0, 0
22900, 1008779, 0, 0, 0
23000, 1021726, 0, 0, 0
23100, 1047414, 0, 0, 0
23200, 1044530, 0, 0, 0
23300, 1013219, 0, 0, 0
23400, 1026870, 0, 0, 0
23500, 1010441, 0, 0, 0
23600, 1019546, 0, 0, 0
23700, 983844, 0, 0, 0
23800, 1010149, 0, 0, 0
23900, 1023205, 0, 0, 0
24000, 1050379, 0, 0, 0
24100, 988679, 0, 0, 0
24200, 1027788, 0, 0, 0
24300, 1014365, 0, 0, 0
24400, 1010479, 0, 0, 0
24500, 984288, 0, 0, 0
24600, 1079669, 0, 0, 0
24700, 1037792, 0, 0, 0
24800, 1034282, 0, 0, 0
24900, 1018039, 0, 0, 0
25000, 1018372, 0, 0, 0
25100, 1029788, 0, 0, 0
25200, 1026859, 0, 0, 0
25300, 1034689, 0, 0, 0
25400, 1043094, 0, 0, 0
25500, 980372, 0, 0, 0
25600, 974565, 0, 0, 0
25700, 1016207, 0, 0, 0
25800, 1018535, 0, 0, 0
25900, 1009730, 0, 0, 0
26000, 1015654, 0, 0, 0
26100, 1011512, 0, 0, 0
26200, 1060239, 0, 0, 0
26300, 1061957, 0, 0, 0
26400, 1004811, 0, 0, 0
26500, 1021611, 0, 0, 0
26600, 980522, 0, 0, 0
26700, 997220, 0, 0, 0
26800, 1042340, 0, 0, 0
26900, 1053418, 0, 0, 0
27000, 1043168, 0, 0, 0
27100, 1017947, 0, 0, 0
27200, 1010081, 0, 0, 0
27300, 1025128, 0, 0, 0
27400, 1031523, 0, 0, 0
27500, 1075989, 0, 0, 0
27600, 1013483, 0, 0, 0
27700, 1015570, 0, 0, 0
27800, 1017411, 0, 0, 0
27900, 1020025, 0, 0, 0
28000, 1004638, 0, 0, 0
28100, 1039818, 0, 0, 0
28200, 1014703, 0, 0, 0
28300, 1024812, 0, 0, 0
28400, 1003857, 0, 0, 0
28500, 1025850, 0, 0, 0
28600, 1062490, 0, 0, 0
28700, 1036124, 0, 0, 0
28800, 1025865, 0, 0, 0
28900, 1028229, 0, 0, 0
29000, 1062030, 0, 0, 0
29100, 999579, 0, 0, 0
29200, 1027846, 0, 0, 0
29300, 1011124, 0, 0, 0
29400, 997691, 0, 0, 0
29500, 1040021, 0, 0, 0
29600, 1043299, 0, 0, 0
29700, 969358, 0, 0, 0
29800, 1015068, 0, 0, 0
29900, 1035217, 0, 0, 0
30000, 1058649, 0, 0, 0
30100, 1012680, 0, 0, 0
30200, 1046300, 0, 0, 0
30300, 1005025, 0, 0, 0
30400, 1041176, 0, 0, 0
30500, 1030547, 0, 0, 0
30600, 1033378, 0, 0, 0
30700, 1042988, 0, 0, 0
30800, 1047660, 0, 0, 0
30900, 1019861, 0, 0, 0
31000, 1010698, 0, 0, 0
31100, 1006178, 0, 0, 0
31200, 1002735, 0, 0, 0
31300, 1028200, 0, 0, 0
31400, 990079, 0, 0, 0
31500, 1053221, 0, 0, 0
31600, 1023835, 0, 0, 0
31700, 1019433, 0, 0, 0
31800, 1016360, 0, 0, 0
31900, 992216, 0, 0, 0
32000, 1006113, 0, 0, 0
32100, 993694, 0, 0, 0
32200, 1033564, 0, 0, 0
32300, 1095102, 0, 0, 0
32400, 985321, 0, 0, 0
32500, 988898, 0, 0, 0
32600, 980161, 0, 0, 0
32700, 998610, 0, 0, 0
32800, 996042, 0, 0, 0
32900, 1009350, 0, 0, 0
33000, 982612, 0, 0, 0
33100, 1035935, 0, 0, 0
33200, 1011296, 0, 0, 0
33300, 1013348, 0, 0, 0
33400, 1038245, 0, 0, 0
33500, 1039062, 0, 0, 0
33600, 971997, 0, 0, 0
33700, 1004206, 0, 0, 0
33800, 1023755, 0, 0, 0
33900, 1000719, 0, 0, 0
34000, 1009039, 0, 0, 0
34100, 1017240, 0, 0, 0
34200, 1017698, 0, 0, 0
34300, 1026149, 0, 0, 0
34400, 1011966, 0, 0, 0
34500, 1030491, 0, 0, 0
34600, 1048620, 0, 0, 0
34700, 963604, 0, 0, 0
34800, 1017031, 0, 0, 0
34900, 1032577, 0, 0, 0
35000, 1019678, 0, 0, 0
35100, 1011133, 0, 0, 0
35200, 1010015, 0, 0, 0
35300, 1007117, 0, 0, 0
35400, 1002036, 0, 0, 0
35500, 1022357, 0, 0, 0
35600, 989570, 0, 0, 0
35700, 1004470, 0, 0, 0
35800, 983664, 0, 0, 0
35900, 1038666, 0, 0, 0
36000, 1015374, 0, 0, 0
36100, 1025549, 0, 0, 0
36200, 996998, 0, 0, 0
36300, 1044120, 0, 0, 0
36400, 1045298, 0, 0, 0
36500, 1015845, 0, 0, 0
36600, 1017513, 0, 0, 0
36700, 1047494, 0, 0, 0
36800, 1029325, 0, 0, 0
36900, 981411, 0, 0, 0
37000, 1042104, 0, 0, 0
37100, 1007864, 0, 0, 0
37200, 1040866, 0, 0, 0
37300, 1041021, 0, 0, 0
37400, 1028671, 0, 0, 0
37500, 1040694, 0, 0, 0
37600, 1001137, 0, 0, 0
37700, 1014569, 0, 0, 0
37800, 1045169, 0, 0, 0
37900, 1001315, 0, 0, 0
38000, 975754, 0, 0, 0
38100, 1007358, 0, 0, 0
38200, 1003107, 0, 0, 0
38300, 1055059, 0, 0, 0
38400, 1023477, 0, 0, 0
38500, 1044394, 0, 0, 0
38600, 1015154, 0, 0, 0
38700, 1059119, 0, 0, 0
38800, 1035308, 0, 0, 0
38900, 1019990, 0, 0, 0
39000, 1042572, 0, 0, 0
39100, 1052951, 0, 0, 0
39200, 1045834, 0, 0, 0
39300, 1013624, 0, 0, 0
39400, 1029039, 0, 0, 0
39500, 998148, 0, 0, 0
39600, 1018545, 0, 0, 0
39700, 992387, 0, 0, 0
39800, 1051519, 0, 0, 0
39900, 1029562, 0, 0, 0
40000, 971086, 0, 0, 0
40100, 1035854, 0, 0, 0
40200, 1056893, 0, 0, 0
40300, 1037651, 0, 0, 0
40400, 1026649, 0, 0, 0
40500, 1013274, 0, 0, 0
40600, 1011005, 0, 0, 0
40700, 1004964, 0, 0, 0
40800, 1007030, 0, 0, 0
40900, 973899, 0, 0, 0
41000, 1040751, 0, 0, 0
41100, 1021272, 0, 0, 0
41200, 998821, 0, 0, 0
41300, 1004335, 0, 0, 0
41400, 1057932, 0, 0, 0
41500, 1056905, 0, 0, 0
41600, 1017737, 0, 0, 0
41700, 1044020, 0, 0, 0
41800, 1058728, 0, 0, 0
41900, 1048025, 0, 0, 0
42000, 1024907, 0, 0, 0
42100, 987034, 0, 0, 0
42200, 1062745, 0, 0, 0
42300, 991085, 0, 0, 0
42400, 1006026, 0, 0, 0
42500, 1023244, 0, 0, 0
42600, 1008507, 0, 0, 0
42700, 1033468, 0, 0, 0
42800, 1007015, 0, 0, 0
42900, 1008640, 0, 0, 0
43000, 1006860, 0, 0, 0
43100, 1025160, 0, 0, 0
43200, 1005322, 0, 0, 0
43300, 1057740, 0, 0, 0
43400, 1040642, 0, 0, 0
43500, 1047601, 0, 0, 0
43600, 993725, 0, 0, 0
43700, 994485, 0, 0, 0
43800, 1001401, 0, 0, 0
43900, 1046650, 0, 0, 0
44000, 1034422, 0, 0, 0
44100, 1077775, 0, 0, 0
44200, 1034693, 0, 0, 0
44300, 1028400, 0, 0, 0
44400, 992013, 0, 0, 0
44500, 1010222, 0, 0, 0
44600, 1011286, 0, 0, 0
44700, 1063341, 0, 0, 0
44800, 1012295, 0, 0, 0
44900, 1046219, 0, 0, 0
45000, 1010163, 0, 0, 0
45100, 971678, 0, 0, 0
45200, 1002347, 0, 0, 0
45300, 981776, 0, 0, 0
45400, 1028148, 0, 0, 0
45500, 996179, 0, 0, 0
45600, 1018535, 0, 0, 0
45700, 1017340, 0, 0, 0
45800, 1019941, 0, 0, 0
45900, 1011207, 0, 0, 0
46000, 1018150, 0, 0, 0
46100, 1029711, 0, 0, 0
46200, 1059624, 0, 0, 0
46300, 1083007, 0, 0, 0
46400, 997633, 0, 0, 0
46500, 997783, 0, 0, 0
46600, 996334, 0, 0, 0
46700, 1008707, 0, 0, 0
46800, 1022870, 0, 0, 0
46900, 1004851, 0, 0, 0
47000, 991395, 0, 0, 0
47100, 1002908, 0, 0, 0
47200, 1011119, 0, 0, 0
47300, 1027332, 0, 0, 0
47400, 1044139, 0, 0, 0
47500, 987164, 0, 0, 0
47600, 1077963, 0, 0, 0
47700, 1012169, 0, 0, 0
47800, 1053017, 0, 0, 0
47900, 1025369, 0, 0, 0
48000, 1055115, 0, 0, 0
48100, 987090, 0, 0, 0
48200, 1010998, 0, 0, 0
48300, 1073965, 0, 0, 0
48400, 1034363, 0, 0, 0
48500, 996550, 0, 0, 0
48600, 1005104, 0, 0, 0
48700, 988744, 0, 0, 0
48800, 1038985, 0, 0, 0
48900, 1065472, 0, 0, 0
49000, 1050693, 0, 0, 0
49100, 1040920, 0, 0, 0
49200, 1044481, 0, 0, 0
49300, 1001979, 0, 0, 0
49400, 1012188, 0, 0, 0
49500, 1030031, 0, 0, 0
49600, 996200, 0, 0, 0
49700, 1007345, 0, 0, 0
49800, 1007828, 0, 0, 0
49900, 1011967, 0, 0, 0
50000, 999199, 0, 0, 0
50100, 1050554, 0, 0, 0
50200, 995308, 0, 0, 0
50300, 1014777, 0, 0, 0
50400, 1039435, 0, 0, 0
50500, 1013772, 0, 0, 0
50600, 978645, 0, 0, 0
50700, 1067944, 0, 0, 0
50800, 1049375, 0, 0, 0
50900, 1045789, 0, 0, 0
51000, 1044466, 0, 0, 0
51100, 1016651, 0, 0, 0
51200, 976087, 0, 0, 0
51300, 1059725, 0, 0, 0
51400, 1025676, 0, 0, 0
51500, 1014493, 0, 0, 0
51600, 1053494, 0, 0, 0
51700, 1051973, 0, 0, 0
51800, 986270, 0, 0, 0
51900, 1049400, 0, 0, 0
52000, 1028447, 0, 0, 0
52100, 1055410, 0, 0, 0
52200, 1018656, 0, 0, 0
52300, 1025410, 0, 0, 0
52400, 950559, 0, 0, 0
52500, 1016221, 0, 0, 0
52600, 1015285, 0, 0, 0
52700, 1062192, 0, 0, 0
52800, 1065491, 0, 0, 0
52900, 1009572, 0, 0, 0
53000, 1003837, 0, 0, 0
53100, 1033176, 0, 0, 0
53200, 992810, 0, 0, 0
53300, 1036746, 0, 0, 0
53400, 1050245, 0, 0, 0
53500, 1024577, 0, 0, 0
53600, 1057440, 0, 0, 0
53700, 1051682, 0, 0, 0
53800, 1012598, 0, 0, 0
53900, 980710, 0, 0, 0
54000, 1008829, 0, 0, 0
54100, 1044313, 0, 0, 0
54200, 1038847, 0, 0, 0
54300, 969088, 0, 0, 0
54400, 1055979, 0, 0, 0
54500, 1029317, 0, 0, 0
54600, 1051898, 0, 0, 0
54700, 1019703, 0, 0, 0
54800, 1028496, 0, 0, 0
54900, 1006335, 0, 0, 0
55000, 980084, 0, 0, 0
55100, 1030867, 0, 0, 0
55200, 1076497, 0, 0, 0
55300, 1006711, 0, 0, 0
55400, 1021570, 0, 0, 0
55500, 1030375, 0, 0, 0
55600, 1022238, 0, 0, 0
55700, 1037650, 0, 0, 0
55800, 1027643, 0, 0, 0
55900, 1026211, 0, 0, 0
56000, 1016976, 0, 0, 0
56100, 1059713, 0, 0, 0
56200, 995287, 0, 0, 0
56300, 1053045, 0, 0, 0
56400, 995818, 0, 0, 0
56500, 1027283, 0, 0, 0
56600, 1034755, 0, 0, 0
56700, 1025990, 0, 0, 0
56800, 1021496, 0, 0, 0
56900, 1017002, 0, 0, 0
57000, 1014727, 0, 0, 0
57100, 983670, 0, 0, 0
57200, 1020280, 0, 0, 0
57300, 1040726, 0, 0, 0
57400, 1012309, 0, 0, 0
57500, 1038638, 0, 0, 0
57600, 1048589, 0, 0, 0
57700, 973471, 0, 0, 0
57800, 1023016, 0, 0, 0
57900, 1039562, 0, 0, 0
58000, 1056456, 0, 0, 0
58100, 1045238, 0, 0, 0
58200, 1021366, 0, 0, 0
58300, 1011846, 0, 0, 0
58400, 1039095, 0, 0, 0
58500, 1050692, 0, 0, 0
58600, 1066414, 0, 0, 0
58700, 1041693, 0, 0, 0
58800, 1007649, 0, 0, 0
58900, 1025791, 0, 0, 0
59000, 1002480, 0, 0, 0
59100, 1010886, 0, 0, 0
59200, 1045067, 0, 0, 0
59300, 1006950, 0, 0, 0
59400, 1009552, 0, 0, 0
59500, 1056380, 0, 0, 0
59600, 1048275, 0, 0, 0
59700, 1055735, 0, 0, 0
59800, 1024800, 0, 0, 0
59900, 1074401, 0, 0, 0
60000, 1056929, 0, 0, 0
60100, 1033718, 0, 0, 0
60200, 984819, 0, 0, 0
60300, 1026580, 0, 0, 0
60400, 1026258, 0, 0, 0
60500, 1010183, 0, 0, 0
60600, 1013642, 0, 0, 0
60700, 1014844, 0, 0, 0
60800, 1073832, 0, 0, 0
60900, 975427, 0, 0, 0
61000, 1019080, 0, 0, 0
61100, 1058537, 0, 0, 0
61200, 996004, 0, 0, 0
61300, 1004849, 0, 0, 0
61400, 995118, 0, 0, 0
61500, 998568, 0, 0, 0
61600, 995592, 0, 0, 0
61700, 1029667, 0, 0, 0
61800, 1021599, 0, 0, 0
61900, 1005430, 0, 0, 0
62000, 1064081, 0, 0, 0
62100, 1022495, 0, 0, 0
62200, 1020634, 0, 0, 0
62300, 1036921, 0, 0, 0
62400, 1023189, 0, 0, 0
62500, 1020081, 0, 0, 0
62600, 1005066, 0, 0, 0
62700, 1037905, 0, 0, 0
62800, 1020326, 0, 0, 0
62900, 1018262, 0, 0, 0
63000, 1001304, 0, 0, 0
63100, 1029338, 0, 0, 0
63200, 1037495, 0, 0, 0
63300, 985121, 0, 0, 0
63400, 1010221, 0, 0, 0
63500, 1022564, 0, 0, 0
63600, 1042777, 0, 0, 0
63700, 1046040, 0, 0, 0
63800, 1009943, 0, 0, 0
63900, 1018762, 0, 0, 0
64000, 972584, 0, 0, 0
64100, 1016029, 0, 0, 0
64200, 1073243, 0, 0, 0
64300, 995997, 0, 0, 0
64400, 1011672, 0, 0, 0
64500, 996803, 0, 0, 0
64600, 1040002, 0, 0, 0
64700, 1027958, 0, 0, 0
64800, 1009914, 0, 0, 0
64900, 998191, 0, 0, 0
65000, 1045508, 0, 0, 0
65100, 1037544, 0, 0, 0
65200, 995016, 0, 0, 0
65300, 1010743, 0, 0, 0
65400, 1002438, 0, 0, 0
65500, 1008505, 0, 0, 0
65600, 976511, 0, 0, 0
65700, 997510, 0, 0, 0
65800, 994092, 0, 0, 0
65900, 1018323, 0, 0, 0
66000, 1015924, 0, 0, 0
66100, 991649, 0, 0, 0
66200, 1020585, 0, 0, 0
66300, 1050560, 0, 0, 0
66400, 987116, 0, 0, 0
66500, 994878, 0, 0, 0
66600, 1014752, 0, 0, 0
66700, 993259, 0, 0, 0
66800, 993114, 0, 0, 0
66900, 1025634, 0, 0, 0
67000, 1022076, 0, 0, 0
67100, 1017527, 0, 0, 0
67200, 1029739, 0, 0, 0
67300, 1028905, 0, 0, 0
67400, 1032665, 0, 0, 0
67500, 1045585, 0, 0, 0
67600, 1026003, 0, 0, 0
67700, 1042362, 0, 0, 0
67800, 992966, 0, 0, 0
67900, 1035763, 0, 0, 0
68000, 1032266, 0, 0, 0
68100, 1009947, 0, 0, 0
68200, 999959, 0, 0, 0
68300, 1008693, 0, 0, 0
68400, 1022556, 0, 0, 0
68500, 1015386, 0, 0, 0
68600, 1031596, 0, 0, 0
68700, 1026522, 0, 0, 0
68800, 1073839, 0, 0, 0
68900, 1012121, 0, 0, 0
69000, 1041645, 0, 0, 0
69100, 1010263, 0, 0, 0
69200, 972144, 0, 0, 0
69300, 997790, 0, 0, 0
69400, 977425, 0, 0, 0
69500, 970087, 0, 0, 0
69600, 1040835, 0, 0, 0
69700, 1024716, 0, 0, 0
69800, 991793, 0, 0, 0
69900, 978989, 0, 0, 0
70000, 1035391, 0, 0, 0
70100, 1063060, 0, 0, 0
70200, 1035043, 0, 0, 0
70300, 1006275, 0, 0, 0
70400, 1016557, 0, 0, 0
70500, 1024931, 0, 0, 0
70600, 1030801, 0, 0, 0
70700, 1019098, 0, 0, 0
70800, 1048740, 0, 0, 0
70900, 1037957, 0, 0, 0
71000, 1016050, 0, 0, 0
71100, 1034158, 0, 0, 0
71200, 985115, 0, 0, 0
71300, 1013975, 0, 0, 0
71400, 999177, 0, 0, 0
71500, 982118, 0, 0, 0
71600, 1015903, 0, 0, 0
71700, 989939, 0, 0, 0
71800, 1025776, 0, 0, 0
71900, 986410, 0, 0, 0
72000, 1020509, 0, 0, 0
72100, 985308, 0, 0, 0
72200, 1000832, 0, 0, 0
72300, 1026922, 0, 0, 0
72400, 1074351, 0, 0, 0
72500, 1004688, 0, 0, 0
72600, 1018345, 0, 0, 0
72700, 1043653, 0, 0, 0
72800, 994805, 0, 0, 0
72900, 1001717, 0, 0, 0
73000, 1024251, 0, 0, 0
73100, 1069551, 0, 0, 0
73200, 1051349, 0, 0, 0
73300, 1040329, 0, 0, 0
73400, 1030006, 0, 0, 0
73500, 1056038, 0, 0, 0
73600, 1021657, 0, 0, 0
73700, 1019787, 0, 0, 0
73800, 981406, 0, 0, 0
73900, 981554, 0, 0, 0
74000, 988394, 0, 0, 0
74100, 1032380, 0, 0, 0
74200, 1079022, 0, 0, 0
74300, 1020756, 0, 0, 0
74400, 1012916, 0, 0, 0
74500, 1022068, 0, 0, 0
74600, 1014621, 0, 0, 0
74700, 1008639, 0, 0, 0
74800, 994077, 0, 0, 0
74900, 1037105, 0, 0, 0
75000, 1027702, 0, 0, 0
75100, 972968, 0, 0, 0
75200, 1012181, 0, 0, 0
75300, 985588, 0, 0, 0
75400, 1050788, 0, 0, 0
75500, 1002909, 0, 0, 0
75600, 1001779, 0, 0, 0
75700, 1010739, 0, 0, 0
75800, 1085044, 0, 0, 0
75900, 999519, 0, 0, 0
76000, 1004648, 0, 0, 0
76100, 1020581, 0, 0, 0
76200, 998484, 0, 0, 0
76300, 1030625, 0, 0, 0
76400, 1023334, 0, 0, 0
76500, 1000485, 0, 0, 0
76600, 1006234, 0, 0, 0
76700, 994540, 0, 0, 0
76800, 1005933, 0, 0, 0
76900, 1041633, 0, 0, 0
77000, 976270, 0, 0, 0
77100, 1013729, 0, 0, 0
77200, 1047880, 0, 0, 0
77300, 1026365, 0, 0, 0
77400, 995716, 0, 0, 0
77500, 1008365, 0, 0, 0
77600, 1008028, 0, 0, 0
77700, 998422, 0, 0, 0
77800, 1026678, 0, 0, 0
77900, 1020355, 0, 0, 0
78000, 1007406, 0, 0, 0
78100, 1086634, 0, 0, 0
78200, 1021115, 0, 0, 0
78300, 1041827, 0, 0, 0
78400, 998348, 0, 0, 0
78500, 1028672, 0, 0, 0
78600, 1028277, 0, 0, 0
78700, 1009428, 0, 0, 0
78800, 1081445, 0, 0, 0
78900, 1006278, 0, 0, 0
79000, 1041347, 0, 0, 0
79100, 1074814, 0, 0, 0
79200, 1024269, 0, 0, 0
79300, 964100, 0, 0, 0
79400, 1020889, 0, 0, 0
79500, 1023375, 0, 0, 0
79600, 996008, 0, 0, 0
79700, 975098, 0, 0, 0
79800, 1000752, 0, 0, 0
79900, 1020378, 0, 0, 0
80000, 1007655, 0, 0, 0
80100, 960646, 0, 0, 0
80200, 992496, 0, 0, 0
80300, 1014932, 0, 0, 0
80400, 1026738, 0, 0, 0
80500, 995172, 0, 0, 0
80600, 1019748, 0, 0, 0
80700, 1201237, 0, 0, 0
80800, 1110620, 0, 0, 0
80900, 984143, 0, 0, 0
81000, 999961, 0, 0, 0
81100, 990280, 0, 0, 0
81200, 1033263, 0, 0, 0
81300, 1034245, 0, 0, 0
81400, 998636, 0, 0, 0
81500, 1022133, 0, 0, 0
81600, 1040968, 0, 0, 0
81700, 1042357, 0, 0, 0
81800, 1001080, 0, 0, 0
81900, 1021148, 0, 0, 0
82000, 1008976, 0, 0, 0
82100, 1030372, 0, 0, 0
82200, 1031025, 0, 0, 0
82300, 1012255, 0, 0, 0
82400, 1011963, 0, 0, 0
82500, 1010180, 0, 0, 0
82600, 999870, 0, 0, 0
82700, 998108, 0, 0, 0
82800, 1044411, 0, 0, 0
82900, 1016677, 0, 0, 0
83000, 1012442, 0, 0, 0
83100, 1044597, 0, 0, 0
83200, 1030419, 0, 0, 0
83300, 1003189, 0, 0, 0
83400, 998035, 0, 0, 0
83500, 1026198, 0, 0, 0
83600, 1056847, 0, 0, 0
83700, 1025920, 0, 0, 0
83800, 1012073, 0, 0, 0
83900, 1043854, 0, 0, 0
84000, 1037106, 0, 0, 0
84100, 1033398, 0, 0, 0
84200, 1068341, 0, 0, 0
84300, 1022982, 0, 0, 0
84400, 1037146, 0, 0, 0
84500, 988369, 0, 0, 0
84600, 992031, 0, 0, 0
84700, 1004325, 0, 0, 0
84800, 1054918, 0, 0, 0
84900, 1067759, 0, 0, 0
85000, 1036006, 0, 0, 0
85100, 1022443, 0, 0, 0
85200, 997599, 0, 0, 0
85300, 995138, 0, 0, 0
85400, 1014592, 0, 0, 0
85500, 1015335, 0, 0, 0
85600, 1066701, 0, 0, 0
85700, 993653, 0, 0, 0
85800, 1010231, 0, 0, 0
85900, 1008934, 0, 0, 0
86000, 1011533, 0, 0, 0
86100, 1014318, 0, 0, 0
86200, 1015168, 0, 0, 0
86300, 1016254, 0, 0, 0
86400, 1031723, 0, 0, 0
86500, 989297, 0, 0, 0
86600, 1009603, 0, 0, 0
86700, 1013933, 0, 0, 0
86800, 986203, 0, 0, 0
86900, 1018118, 0, 0, 0
87000, 1002453, 0, 0, 0
87100, 1021590, 0, 0, 0
87200, 1078939, 0, 0, 0
87300, 1041251, 0, 0, 0
87400, 997938, 0, 0, 0
87500, 988270, 0, 0, 0
87600, 1024845, 0, 0, 0
87700, 1042528, 0, 0, 0
87800, 998889, 0, 0, 0
87900, 980209, 0, 0, 0
88000, 1038448, 0, 0, 0
88100, 1044456, 0, 0, 0
88200, 996936, 0, 0, 0
88300, 1016434, 0, 0, 0
88400, 1029016, 0, 0, 0
88500, 1008912, 0, 0, 0
88600, 996344, 0, 0, 0
88700, 1015162, 0, 0, 0
88800, 1031571, 0, 0, 0
88900, 1042872, 0, 0, 0
89000, 1069642, 0, 0, 0
89100, 1004291, 0, 0, 0
89200, 1037010, 0, 0, 0
89300, 1022083, 0, 0, 0
89400, 1016254, 0, 0, 0
89500, 1004805, 0, 0, 0
89600, 1013570, 0, 0, 0
89700, 997171, 0, 0, 0
89800, 1015811, 0, 0, 0
89900, 996149, 0, 0, 0
90000, 1000155, 0, 0, 0
90000, 929140, 0, 0, 0
