100, 6099, 0, 0, 0
100, 13989, 1, 0, 0
200, 6553, 0, 0, 0
200, 14108, 1, 0, 0
300, 6471, 0, 0, 0
301, 14638, 1, 0, 0
400, 6587, 0, 0, 0
400, 14671, 1, 0, 0
500, 6583, 0, 0, 0
500, 14752, 1, 0, 0
600, 13533, 1, 0, 0
600, 6520, 0, 0, 0
700, 6912, 0, 0, 0
701, 14059, 1, 0, 0
800, 6408, 0, 0, 0
800, 13744, 1, 0, 0
900, 6835, 0, 0, 0
901, 14660, 1, 0, 0
1000, 6640, 0, 0, 0
1001, 14897, 1, 0, 0
1100, 6342, 0, 0, 0
1100, 14325, 1, 0, 0
1200, 6345, 0, 0, 0
1200, 14470, 1, 0, 0
1300, 13509, 1, 0, 0
1300, 6632, 0, 0, 0
1400, 6923, 0, 0, 0
1400, 14792, 1, 0, 0
1500, 13932, 1, 0, 0
1500, 6639, 0, 0, 0
1600, 6936, 0, 0, 0
1601, 14862, 1, 0, 0
1700, 14740, 1, 0, 0
1700, 6753, 0, 0, 0
1800, 6690, 0, 0, 0
1801, 14235, 1, 0, 0
1900, 6733, 0, 0, 0
1900, 14690, 1, 0, 0
2000, 14812, 1, 0, 0
2000, 6828, 0, 0, 0
2100, 6673, 0, 0, 0
2100, 13726, 1, 0, 0
2200, 6733, 0, 0, 0
2202, 14647, 1, 0, 0
2300, 14506, 1, 0, 0
2300, 6957, 0, 0, 0
2400, 6359, 0, 0, 0
2400, 15001, 1, 0, 0
2500, 6890, 0, 0, 0
2500, 15500, 1, 0, 0
2600, 6600, 0, 0, 0
2600, 14773, 1, 0, 0
2700, 6279, 0, 0, 0
2700, 14016, 1, 0, 0
2800, 6549, 0, 0, 0
2801, 14473, 1, 0, 0
2900, 6370, 0, 0, 0
2902, 13831, 1, 0, 0
3000, 13494, 1, 0, 0
3000, 6619, 0, 0, 0
3100, 13451, 1, 0, 0
3100, 6047, 0, 0, 0
3200, 6469, 0, 0, 0
3200, 13544, 1, 0, 0
3300, 14409, 1, 0, 0
3301, 6424, 0, 0, 0
3400, 6777, 0, 0, 0
3400, 14387, 1, 0, 0
3500, 14774, 1, 0, 0
3500, 6501, 0, 0, 0
3600, 6486, 0, 0, 0
3600, 14437, 1, 0, 0
3700, 14064, 1, 0, 0
3700, 6191, 0, 0, 0
3800, 6851, 0, 0, 0
3801, 14536, 1, 0, 0
3900, 7056, 0, 0, 0
3900, 14005, 1, 0, 0
4000, 6197, 0, 0, 0
4000, 13600, 1, 0, 0
4100, 6582, 0, 0, 0
4100, 14109, 1, 0, 0
4200, 6656, 0, 0, 0
4200, 14501, 1, 0, 0
4300, 6638, 0, 0, 0
4300, 13949, 1, 0, 0
4400, 6296, 0, 0, 0
4401, 14291, 1, 0, 0
4500, 6527, 0, 0, 0
4500, 13865, 1, 0, 0
4600, 6524, 0, 0, 0
4600, 14358, 1, 0, 0
4700, 6159, 0, 0, 0
4700, 14329, 1, 0, 0
4800, 6454, 0, 0, 0
4801, 13535, 1, 0, 0
4900, 6277, 0, 0, 0
4900, 13162, 1, 0, 0
5000, 13215, 1, 0, 0
5000, 6545, 0, 0, 0
5100, 13799, 1, 0, 0
5100, 6546, 0, 0, 0
5200, 13380, 1, 0, 0
5200, 6455, 0, 0, 0
5300, 7091, 0, 0, 0
5300, 14417, 1, 0, 0
5400, 6897, 0, 0, 0
5400, 14955, 1, 0, 0
5500, 13916, 1, 0, 0
5500, 6293, 0, 0, 0
5600, 6461, 0, 0, 0
5600, 14817, 1, 0, 0
5700, 6473, 0, 0, 0
5700, 13262, 1, 0, 0
5800, 6515, 0, 0, 0
5800, 14618, 1, 0, 0
5900, 14658, 1, 0, 0
5900, 6591, 0, 0, 0
6000, 6788, 0, 0, 0
6000, 14574, 1, 0, 0
6100, 6519, 0, 0, 0
6100, 13823, 1, 0, 0
6200, 6782, 0, 0, 0
6201, 14515, 1, 0, 0
6300, 6758, 0, 0, 0
6301, 14547, 1, 0, 0
6400, 15395, 1, 0, 0
6400, 6935, 0, 0, 0
6500, 7040, 0, 0, 0
6500, 14684, 1, 0, 0
6600, 6819, 0, 0, 0
6600, 14581, 1, 0, 0
6700, 6517, 0, 0, 0
6700, 14584, 1, 0, 0
6800, 14308, 1, 0, 0
6800, 6163, 0, 0, 0
6900, 6600, 0, 0, 0
6900, 14424, 1, 0, 0
7000, 6504, 0, 0, 0
7001, 14379, 1, 0, 0
7100, 6206, 0, 0, 0
7102, 14123, 1, 0, 0
7200, 6648, 0, 0, 0
7200, 14617, 1, 0, 0
7300, 7209, 0, 0, 0
7300, 15108, 1, 0, 0
7400, 6824, 0, 0, 0
7400, 14763, 1, 0, 0
7500, 14760, 1, 0, 0
7500, 7064, 0, 0, 0
7600, 13965, 1, 0, 0
7600, 6691, 0, 0, 0
7700, 6704, 0, 0, 0
7700, 15086, 1, 0, 0
7800, 14827, 1, 0, 0
7800, 6786, 0, 0, 0
7900, 6470, 0, 0, 0
7900, 14008, 1, 0, 0
8000, 14226, 1, 0, 0
8000, 6630, 0, 0, 0
8100, 6335, 0, 0, 0
8100, 14362, 1, 0, 0
8200, 6456, 0, 0, 0
8200, 14856, 1, 0, 0
8300, 6434, 0, 0, 0
8301, 14352, 1, 0, 0
8400, 6680, 0, 0, 0
8400, 13649, 1, 0, 0
8500, 6386, 0, 0, 0
8500, 13943, 1, 0, 0
8600, 13566, 1, 0, 0
8600, 6336, 0, 0, 0
8700, 13266, 1, 0, 0
8700, 6210, 0, 0, 0
8800, 15708, 1, 0, 0
8800, 6735, 0, 0, 0
8900, 6380, 0, 0, 0
8900, 13933, 1, 0, 0
9000, 14709, 1, 0, 0
9000, 6498, 0, 0, 0
9100, 6266, 0, 0, 0
9101, 14000, 1, 0, 0
9200, 6421, 0, 0, 0
9200, 14146, 1, 0, 0
9300, 6485, 0, 0, 0
9300, 14639, 1, 0, 0
9400, 6059, 0, 0, 0
9401, 14406, 1, 0, 0
9500, 12609, 1, 0, 0
9500, 6315, 0, 0, 0
9600, 14959, 1, 0, 0
9600, 6584, 0, 0, 0
9700, 6527, 0, 0, 0
9700, 14443, 1, 0, 0
9800, 6717, 0, 0, 0
9800, 14176, 1, 0, 0
9900, 6165, 0, 0, 0
9902, 14269, 1, 0, 0
10000, 6629, 0, 0, 0
10000, 15086, 1, 0, 0
10100, 6420, 0, 0, 0
10101, 14173, 1, 0, 0
10200, 6697, 0, 0, 0
10200, 14614, 1, 0, 0
10300, 6782, 0, 0, 0
10300, 15540, 1, 0, 0
10400, 14750, 1, 0, 0
10400, 6238, 0, 0, 0
10500, 6882, 0, 0, 0
10500, 14095, 1, 0, 0
10600, 6771, 0, 0, 0
10600, 14925, 1, 0, 0
10700, 12915, 1, 0, 0
10700, 5997, 0, 0, 0
10800, 6258, 0, 0, 0
10802, 13786, 1, 0, 0
10900, 6585, 0, 0, 0
10901, 14628, 1, 0, 0
11000, 6085, 0, 0, 0
11000, 12649, 1, 0, 0
11100, 6322, 0, 0, 0
11100, 13841, 1, 0, 0
11200, 6743, 0, 0, 0
11200, 14417, 1, 0, 0
11300, 6526, 0, 0, 0
11301, 14163, 1, 0, 0
11400, 6597, 0, 0, 0
11400, 14750, 1, 0, 0
11500, 6572, 0, 0, 0
11500, 15105, 1, 0, 0
11600, 6232, 0, 0, 0
11602, 14074, 1, 0, 0
11700, 14548, 1, 0, 0
11700, 6734, 0, 0, 0
11800, 14938, 1, 0, 0
11800, 6465, 0, 0, 0
11900, 6739, 0, 0, 0
11900, 15001, 1, 0, 0
12000, 13691, 1, 0, 0
12000, 6555, 0, 0, 0
12100, 13995, 1, 0, 0
12100, 6610, 0, 0, 0
12200, 6340, 0, 0, 0
12201, 15380, 1, 0, 0
12300, 6485, 0, 0, 0
12301, 14521, 1, 0, 0
12400, 6267, 0, 0, 0
12400, 14394, 1, 0, 0
12500, 6571, 0, 0, 0
12500, 13757, 1, 0, 0
12600, 6153, 0, 0, 0
12600, 13470, 1, 0, 0
12700, 6613, 0, 0, 0
12700, 13922, 1, 0, 0
12800, 6232, 0, 0, 0
12800, 13486, 1, 0, 0
12900, 13035, 1, 0, 0
12900, 6072, 0, 0, 0
13000, 6972, 0, 0, 0
13000, 14522, 1, 0, 0
13100, 13891, 1, 0, 0
13100, 6818, 0, 0, 0
13200, 13716, 1, 0, 0
13200, 6692, 0, 0, 0
13300, 6873, 0, 0, 0
13301, 14205, 1, 0, 0
13400, 6413, 0, 0, 0
13400, 13746, 1, 0, 0
13500, 13343, 1, 0, 0
13500, 5886, 0, 0, 0
13600, 6519, 0, 0, 0
13601, 14460, 1, 0, 0
13700, 6450, 0, 0, 0
13700, 14368, 1, 0, 0
13800, 6493, 0, 0, 0
13800, 13189, 1, 0, 0
13900, 6273, 0, 0, 0
13900, 13895, 1, 0, 0
14000, 14266, 1, 0, 0
14000, 6447, 0, 0, 0
14100, 6310, 0, 0, 0
14100, 13799, 1, 0, 0
14200, 6500, 0, 0, 0
14200, 13162, 1, 0, 0
14300, 6265, 0, 0, 0
14300, 14207, 1, 0, 0
14400, 5986, 0, 0, 0
14400, 13139, 1, 0, 0
14500, 14724, 1, 0, 0
14500, 6859, 0, 0, 0
14600, 6327, 0, 0, 0
14601, 13759, 1, 0, 0
14700, 6500, 0, 0, 0
14700, 14446, 1, 0, 0
14800, 6642, 0, 0, 0
14800, 13779, 1, 0, 0
14900, 6724, 0, 0, 0
14900, 14654, 1, 0, 0
15000, 6362, 0, 0, 0
15000, 14414, 1, 0, 0
15100, 6593, 0, 0, 0
15100, 14745, 1, 0, 0
15200, 6208, 0, 0, 0
15201, 15012, 1, 0, 0
15300, 14299, 1, 0, 0
15300, 6716, 0, 0, 0
15400, 6526, 0, 0, 0
15401, 14289, 1, 0, 0
15500, 14379, 1, 0, 0
15500, 6521, 0, 0, 0
15600, 6776, 0, 0, 0
15600, 14503, 1, 0, 0
15700, 6505, 0, 0, 0
15700, 13703, 1, 0, 0
15800, 6889, 0, 0, 0
15800, 14589, 1, 0, 0
15900, 13512, 1, 0, 0
15901, 6288, 0, 0, 0
16000, 6291, 0, 0, 0
16000, 14300, 1, 0, 0
16100, 6477, 0, 0, 0
16100, 14192, 1, 0, 0
16200, 6358, 0, 0, 0
16200, 13985, 1, 0, 0
16300, 6869, 0, 0, 0
16300, 14834, 1, 0, 0
16400, 14290, 1, 0, 0
16400, 6686, 0, 0, 0
16500, 6862, 0, 0, 0
16501, 14080, 1, 0, 0
16600, 6992, 0, 0, 0
16602, 14890, 1, 0, 0
16700, 6336, 0, 0, 0
16700, 13987, 1, 0, 0
16800, 6526, 0, 0, 0
16801, 14115, 1, 0, 0
16900, 15186, 1, 0, 0
16900, 6769, 0, 0, 0
17000, 6276, 0, 0, 0
17000, 13517, 1, 0, 0
17100, 14005, 1, 0, 0
17101, 6694, 0, 0, 0
17200, 6507, 0, 0, 0
17200, 13531, 1, 0, 0
17300, 6649, 0, 0, 0
17300, 14455, 1, 0, 0
17400, 6813, 0, 0, 0
17400, 14536, 1, 0, 0
17500, 14429, 1, 0, 0
17500, 7182, 0, 0, 0
17600, 6564, 0, 0, 0
17600, 15235, 1, 0, 0
17700, 14513, 1, 0, 0
17700, 6666, 0, 0, 0
17800, 6917, 0, 0, 0
17800, 14514, 1, 0, 0
17900, 6902, 0, 0, 0
17901, 14608, 1, 0, 0
18000, 6615, 0, 0, 0
18000, 13273, 1, 0, 0
18100, 6512, 0, 0, 0
18100, 13778, 1, 0, 0
18200, 6569, 0, 0, 0
18200, 14516, 1, 0, 0
18300, 6510, 0, 0, 0
18300, 14516, 1, 0, 0
18400, 15134, 1, 0, 0
18400, 6662, 0, 0, 0
18500, 6330, 0, 0, 0
18501, 14614, 1, 0, 0
18600, 6396, 0, 0, 0
18601, 14256, 1, 0, 0
18700, 6641, 0, 0, 0
18700, 14667, 1, 0, 0
18800, 15363, 1, 0, 0
18800, 6584, 0, 0, 0
18900, 6969, 0, 0, 0
18902, 14151, 1, 0, 0
19000, 6688, 0, 0, 0
19000, 14885, 1, 0, 0
19100, 6550, 0, 0, 0
19101, 14646, 1, 0, 0
19200, 6845, 0, 0, 0
19200, 14667, 1, 0, 0
19300, 6689, 0, 0, 0
19301, 14041, 1, 0, 0
19400, 6926, 0, 0, 0
19401, 15142, 1, 0, 0
19500, 6197, 0, 0, 0
19501, 14168, 1, 0, 0
19600, 6486, 0, 0, 0
19601, 15157, 1, 0, 0
19700, 14421, 1, 0, 0
19700, 6602, 0, 0, 0
19800, 6960, 0, 0, 0
19800, 15334, 1, 0, 0
19900, 6614, 0, 0, 0
19901, 15656, 1, 0, 0
20000, 13975, 1, 0, 0
20000, 6647, 0, 0, 0
20100, 6622, 0, 0, 0
20100, 13972, 1, 0, 0
20200, 6617, 0, 0, 0
20200, 14048, 1, 0, 0
20300, 14310, 1, 0, 0
20300, 6769, 0, 0, 0
20400, 6592, 0, 0, 0
20400, 14881, 1, 0, 0
20500, 14059, 1, 0, 0
20500, 6584, 0, 0, 0
20600, 6739, 0, 0, 0
20600, 14566, 1, 0, 0
20700, 6271, 0, 0, 0
20700, 13736, 1, 0, 0
20800, 6634, 0, 0, 0
20800, 14556, 1, 0, 0
20900, 6648, 0, 0, 0
20900, 14034, 1, 0, 0
21000, 6682, 0, 0, 0
21000, 14578, 1, 0, 0
21100, 7233, 0, 0, 0
21100, 16515, 1, 0, 0
21200, 6688, 0, 0, 0
21201, 15211, 1, 0, 0
21300, 6314, 0, 0, 0
21300, 13727, 1, 0, 0
21400, 6441, 0, 0, 0
21401, 14138, 1, 0, 0
21500, 13625, 1, 0, 0
21500, 6417, 0, 0, 0
21600, 6676, 0, 0, 0
21600, 14512, 1, 0, 0
21700, 6416, 0, 0, 0
21700, 13483, 1, 0, 0
21800, 6832, 0, 0, 0
21800, 13997, 1, 0, 0
21900, 14609, 1, 0, 0
21900, 6750, 0, 0, 0
22000, 6662, 0, 0, 0
22000, 14792, 1, 0, 0
22100, 6790, 0, 0, 0
22101, 15126, 1, 0, 0
22200, 7192, 0, 0, 0
22200, 15762, 1, 0, 0
22300, 6946, 0, 0, 0
22301, 15344, 1, 0, 0
22400, 6433, 0, 0, 0
22400, 13770, 1, 0, 0
22500, 6578, 0, 0, 0
22501, 13468, 1, 0, 0
22600, 6568, 0, 0, 0
22600, 14315, 1, 0, 0
22700, 6951, 0, 0, 0
22700, 14612, 1, 0, 0
22800, 6894, 0, 0, 0
22801, 15185, 1, 0, 0
22900, 14204, 1, 0, 0
22900, 6706, 0, 0, 0
23000, 13903, 1, 0, 0
23001, 7041, 0, 0, 0
23100, 14230, 1, 0, 0
23100, 6597, 0, 0, 0
23200, 6637, 0, 0, 0
23200, 14868, 1, 0, 0
23300, 7051, 0, 0, 0
23300, 14322, 1, 0, 0
23400, 6817, 0, 0, 0
23400, 14821, 1, 0, 0
23500, 14424, 1, 0, 0
23500, 6646, 0, 0, 0
23600, 13431, 1, 0, 0
23600, 5923, 0, 0, 0
23700, 6877, 0, 0, 0
23700, 14471, 1, 0, 0
23800, 6787, 0, 0, 0
23800, 14528, 1, 0, 0
23900, 6845, 0, 0, 0
23900, 15131, 1, 0, 0
24000, 14605, 1, 0, 0
24000, 6995, 0, 0, 0
24100, 6679, 0, 0, 0
24100, 14826, 1, 0, 0
24200, 7306, 0, 0, 0
24200, 14645, 1, 0, 0
24300, 15192, 1, 0, 0
24301, 6876, 0, 0, 0
24400, 6947, 0, 0, 0
24400, 14131, 1, 0, 0
24500, 14772, 1, 0, 0
24500, 6710, 0, 0, 0
24600, 14946, 1, 0, 0
24600, 6747, 0, 0, 0
24700, 6526, 0, 0, 0
24700, 14838, 1, 0, 0
24800, 6513, 0, 0, 0
24801, 14609, 1, 0, 0
24900, 14903, 1, 0, 0
24900, 6174, 0, 0, 0
25000, 6627, 0, 0, 0
25001, 14923, 1, 0, 0
25100, 6534, 0, 0, 0
25101, 13577, 1, 0, 0
25200, 6679, 0, 0, 0
25200, 14781, 1, 0, 0
25300, 15261, 1, 0, 0
25300, 6744, 0, 0, 0
25400, 14518, 1, 0, 0
25400, 6775, 0, 0, 0
25500, 14125, 1, 0, 0
25500, 6750, 0, 0, 0
25600, 14672, 1, 0, 0
25600, 6573, 0, 0, 0
25700, 15469, 1, 0, 0
25700, 7011, 0, 0, 0
25800, 6713, 0, 0, 0
25800, 14751, 1, 0, 0
25900, 6483, 0, 0, 0
25900, 14725, 1, 0, 0
26000, 6385, 0, 0, 0
26000, 14338, 1, 0, 0
26100, 14075, 1, 0, 0
26101, 6598, 0, 0, 0
26200, 6763, 0, 0, 0
26200, 13751, 1, 0, 0
26300, 14838, 1, 0, 0
26300, 6886, 0, 0, 0
26400, 7049, 0, 0, 0
26401, 14640, 1, 0, 0
26500, 6825, 0, 0, 0
26500, 14155, 1, 0, 0
26600, 15305, 1, 0, 0
26600, 6748, 0, 0, 0
26700, 6443, 0, 0, 0
26701, 14219, 1, 0, 0
26800, 6694, 0, 0, 0
26800, 14163, 1, 0, 0
26900, 6451, 0, 0, 0
26900, 13975, 1, 0, 0
27000, 6414, 0, 0, 0
27001, 13897, 1, 0, 0
27100, 6857, 0, 0, 0
27100, 14434, 1, 0, 0
27200, 6982, 0, 0, 0
27200, 15220, 1, 0, 0
27300, 14387, 1, 0, 0
27301, 6831, 0, 0, 0
27400, 14540, 1, 0, 0
27400, 6194, 0, 0, 0
27500, 6971, 0, 0, 0
27500, 15229, 1, 0, 0
27600, 7000, 0, 0, 0
27601, 14186, 1, 0, 0
27700, 6909, 0, 0, 0
27700, 15138, 1, 0, 0
27800, 7101, 0, 0, 0
27801, 14831, 1, 0, 0
27900, 6715, 0, 0, 0
27900, 14836, 1, 0, 0
28000, 6394, 0, 0, 0
28000, 14532, 1, 0, 0
28100, 14511, 1, 0, 0
28100, 6386, 0, 0, 0
28200, 14596, 1, 0, 0
28201, 6730, 0, 0, 0
28300, 6773, 0, 0, 0
28300, 14816, 1, 0, 0
28400, 6695, 0, 0, 0
28400, 15524, 1, 0, 0
28500, 15010, 1, 0, 0
28500, 7103, 0, 0, 0
28600, 14435, 1, 0, 0
28601, 7101, 0, 0, 0
28700, 6772, 0, 0, 0
28700, 14816, 1, 0, 0
28800, 6714, 0, 0, 0
28801, 14360, 1, 0, 0
28900, 6853, 0, 0, 0
28900, 14698, 1, 0, 0
29000, 15299, 1, 0, 0
29000, 7488, 0, 0, 0
29100, 15181, 1, 0, 0
29100, 7246, 0, 0, 0
29200, 6703, 0, 0, 0
29200, 15276, 1, 0, 0
29300, 7231, 0, 0, 0
29300, 15113, 1, 0, 0
29400, 6726, 0, 0, 0
29401, 14603, 1, 0, 0
29500, 13745, 1, 0, 0
29500, 6439, 0, 0, 0
29600, 6553, 0, 0, 0
29600, 14003, 1, 0, 0
29700, 15550, 1, 0, 0
29701, 7153, 0, 0, 0
29800, 6588, 0, 0, 0
29801, 14024, 1, 0, 0
29900, 6740, 0, 0, 0
29901, 15579, 1, 0, 0
30000, 6768, 0, 0, 0
30000, 15153, 1, 0, 0
30100, 15410, 1, 0, 0
30100, 6790, 0, 0, 0
30200, 6789, 0, 0, 0
30200, 14659, 1, 0, 0
30300, 6574, 0, 0, 0
30302, 14579, 1, 0, 0
30400, 6345, 0, 0, 0
30400, 13907, 1, 0, 0
30500, 6745, 0, 0, 0
30502, 15136, 1, 0, 0
30600, 6673, 0, 0, 0
30600, 14143, 1, 0, 0
30700, 15276, 1, 0, 0
30700, 6765, 0, 0, 0
30800, 6807, 0, 0, 0
30801, 15113, 1, 0, 0
30900, 7108, 0, 0, 0
30900, 15298, 1, 0, 0
31000, 6466, 0, 0, 0
31001, 14752, 1, 0, 0
31100, 6389, 0, 0, 0
31100, 13664, 1, 0, 0
31200, 6653, 0, 0, 0
31202, 15786, 1, 0, 0
31300, 7046, 0, 0, 0
31300, 15779, 1, 0, 0
31400, 6659, 0, 0, 0
31400, 13462, 1, 0, 0
31500, 6686, 0, 0, 0
31502, 15180, 1, 0, 0
31600, 14562, 1, 0, 0
31600, 6513, 0, 0, 0
31700, 6557, 0, 0, 0
31700, 14258, 1, 0, 0
31800, 6718, 0, 0, 0
31801, 14520, 1, 0, 0
31900, 13829, 1, 0, 0
31902, 6339, 0, 0, 0
32000, 15740, 1, 0, 0
32000, 7122, 0, 0, 0
32100, 6532, 0, 0, 0
32100, 15132, 1, 0, 0
32200, 6360, 0, 0, 0
32200, 14078, 1, 0, 0
32300, 15057, 1, 0, 0
32300, 6798, 0, 0, 0
32400, 6259, 0, 0, 0
32400, 13131, 1, 0, 0
32500, 15292, 1, 0, 0
32500, 6704, 0, 0, 0
32600, 15280, 1, 0, 0
32600, 7016, 0, 0, 0
32700, 7028, 0, 0, 0
32700, 14994, 1, 0, 0
32800, 13980, 1, 0, 0
32800, 6675, 0, 0, 0
32900, 14139, 1, 0, 0
32900, 6779, 0, 0, 0
33000, 15147, 1, 0, 0
33000, 7017, 0, 0, 0
33100, 15754, 1, 0, 0
33100, 6827, 0, 0, 0
33200, 6444, 0, 0, 0
33201, 14431, 1, 0, 0
33300, 7192, 0, 0, 0
33300, 14953, 1, 0, 0
33400, 15513, 1, 0, 0
33400, 6802, 0, 0, 0
33500, 6743, 0, 0, 0
33500, 14905, 1, 0, 0
33600, 7125, 0, 0, 0
33601, 14825, 1, 0, 0
33700, 15351, 1, 0, 0
33701, 7088, 0, 0, 0
33800, 13277, 1, 0, 0
33800, 6347, 0, 0, 0
33900, 6474, 0, 0, 0
33901, 14331, 1, 0, 0
34000, 6388, 0, 0, 0
34001, 14159, 1, 0, 0
34100, 6667, 0, 0, 0
34100, 14479, 1, 0, 0
34200, 6594, 0, 0, 0
34201, 14761, 1, 0, 0
34300, 6722, 0, 0, 0
34300, 14198, 1, 0, 0
34400, 6810, 0, 0, 0
34400, 14743, 1, 0, 0
34500, 6737, 0, 0, 0
34503, 14926, 1, 0, 0
34600, 16184, 1, 0, 0
34601, 7292, 0, 0, 0
34700, 14437, 1, 0, 0
34700, 6494, 0, 0, 0
34800, 6687, 0, 0, 0
34800, 14048, 1, 0, 0
34900, 6988, 0, 0, 0
34900, 14534, 1, 0, 0
35000, 6534, 0, 0, 0
35001, 13859, 1, 0, 0
35100, 6913, 0, 0, 0
35100, 14492, 1, 0, 0
35200, 14576, 1, 0, 0
35200, 6821, 0, 0, 0
35300, 7195, 0, 0, 0
35300, 14557, 1, 0, 0
35400, 7525, 0, 0, 0
35400, 15147, 1, 0, 0
35500, 15290, 1, 0, 0
35500, 6962, 0, 0, 0
35600, 14988, 1, 0, 0
35600, 7057, 0, 0, 0
35700, 7072, 0, 0, 0
35700, 14938, 1, 0, 0
35800, 13565, 1, 0, 0
35800, 6226, 0, 0, 0
35900, 7122, 0, 0, 0
35900, 15217, 1, 0, 0
36000, 6189, 0, 0, 0
36001, 13575, 1, 0, 0
36100, 6955, 0, 0, 0
36100, 13788, 1, 0, 0
36200, 15001, 1, 0, 0
36200, 6765, 0, 0, 0
36300, 16088, 1, 0, 0
36300, 7286, 0, 0, 0
36400, 6446, 0, 0, 0
36400, 14004, 1, 0, 0
36500, 14245, 1, 0, 0
36500, 6525, 0, 0, 0
36600, 6957, 0, 0, 0
36600, 13596, 1, 0, 0
36700, 13219, 1, 0, 0
36700, 6328, 0, 0, 0
36800, 6604, 0, 0, 0
36800, 14714, 1, 0, 0
36900, 7079, 0, 0, 0
36901, 15295, 1, 0, 0
37000, 6282, 0, 0, 0
37001, 13872, 1, 0, 0
37100, 14362, 1, 0, 0
37100, 6661, 0, 0, 0
37200, 7107, 0, 0, 0
37200, 15356, 1, 0, 0
37300, 6747, 0, 0, 0
37300, 13869, 1, 0, 0
37400, 6773, 0, 0, 0
37400, 13555, 1, 0, 0
37500, 7047, 0, 0, 0
37500, 14711, 1, 0, 0
37600, 14296, 1, 0, 0
37600, 6750, 0, 0, 0
37700, 6698, 0, 0, 0
37700, 13994, 1, 0, 0
37800, 14134, 1, 0, 0
37801, 6104, 0, 0, 0
37900, 13755, 1, 0, 0
37900, 6514, 0, 0, 0
38000, 6213, 0, 0, 0
38000, 14108, 1, 0, 0
38100, 6030, 0, 0, 0
38101, 13005, 1, 0, 0
38200, 13700, 1, 0, 0
38200, 6534, 0, 0, 0
38300, 6663, 0, 0, 0
38300, 13866, 1, 0, 0
38400, 6630, 0, 0, 0
38400, 14995, 1, 0, 0
38501, 6606, 0, 0, 0
38502, 13882, 1, 0, 0
38600, 13383, 1, 0, 0
38601, 6307, 0, 0, 0
38700, 6510, 0, 0, 0
38702, 14597, 1, 0, 0
38800, 6908, 0, 0, 0
38801, 15496, 1, 0, 0
38900, 14576, 1, 0, 0
38900, 6585, 0, 0, 0
39000, 6703, 0, 0, 0
39001, 14546, 1, 0, 0
39100, 6790, 0, 0, 0
39100, 14459, 1, 0, 0
39200, 6715, 0, 0, 0
39200, 13860, 1, 0, 0
39300, 6846, 0, 0, 0
39300, 13695, 1, 0, 0
39400, 6669, 0, 0, 0
39400, 14369, 1, 0, 0
39500, 6600, 0, 0, 0
39501, 13597, 1, 0, 0
39600, 6709, 0, 0, 0
39600, 13762, 1, 0, 0
39700, 14779, 1, 0, 0
39700, 7032, 0, 0, 0
39800, 14935, 1, 0, 0
39800, 6706, 0, 0, 0
39900, 6978, 0, 0, 0
39900, 14598, 1, 0, 0
40000, 13620, 1, 0, 0
40000, 6518, 0, 0, 0
40100, 14520, 1, 0, 0
40101, 6446, 0, 0, 0
40200, 6509, 0, 0, 0
40200, 14061, 1, 0, 0
40300, 6222, 0, 0, 0
40301, 14086, 1, 0, 0
40400, 6597, 0, 0, 0
40400, 14482, 1, 0, 0
40500, 6290, 0, 0, 0
40500, 13446, 1, 0, 0
40600, 6657, 0, 0, 0
40600, 14597, 1, 0, 0
40700, 6800, 0, 0, 0
40700, 15047, 1, 0, 0
40800, 6221, 0, 0, 0
40800, 12940, 1, 0, 0
40900, 13766, 1, 0, 0
40900, 6634, 0, 0, 0
41000, 6832, 0, 0, 0
41001, 14152, 1, 0, 0
41100, 6651, 0, 0, 0
41102, 14036, 1, 0, 0
41200, 6463, 0, 0, 0
41200, 14663, 1, 0, 0
41300, 6722, 0, 0, 0
41300, 14637, 1, 0, 0
41400, 6948, 0, 0, 0
41400, 15279, 1, 0, 0
41500, 14134, 1, 0, 0
41500, 6806, 0, 0, 0
41600, 13979, 1, 0, 0
41600, 6673, 0, 0, 0
41700, 14603, 1, 0, 0
41701, 6789, 0, 0, 0
41800, 14309, 1, 0, 0
41800, 6701, 0, 0, 0
41900, 14495, 1, 0, 0
41900, 6917, 0, 0, 0
42000, 14958, 1, 0, 0
42000, 6755, 0, 0, 0
42100, 6609, 0, 0, 0
42100, 14553, 1, 0, 0
42200, 6371, 0, 0, 0
42200, 14477, 1, 0, 0
42300, 6501, 0, 0, 0
42301, 14799, 1, 0, 0
42400, 7303, 0, 0, 0
42400, 15695, 1, 0, 0
42500, 6339, 0, 0, 0
42501, 13790, 1, 0, 0
42600, 6858, 0, 0, 0
42600, 15043, 1, 0, 0
42700, 14599, 1, 0, 0
42700, 6278, 0, 0, 0
42800, 6829, 0, 0, 0
42800, 14604, 1, 0, 0
42900, 6878, 0, 0, 0
42900, 14541, 1, 0, 0
43000, 6543, 0, 0, 0
43000, 13838, 1, 0, 0
43100, 13689, 1, 0, 0
43100, 6934, 0, 0, 0
43200, 6508, 0, 0, 0
43200, 14741, 1, 0, 0
43300, 6850, 0, 0, 0
43300, 13980, 1, 0, 0
43400, 6653, 0, 0, 0
43401, 15059, 1, 0, 0
43500, 6457, 0, 0, 0
43501, 14385, 1, 0, 0
43600, 6459, 0, 0, 0
43600, 13819, 1, 0, 0
43700, 15080, 1, 0, 0
43701, 6741, 0, 0, 0
43800, 6570, 0, 0, 0
43800, 12883, 1, 0, 0
43900, 6575, 0, 0, 0
43901, 14137, 1, 0, 0
44000, 13579, 1, 0, 0
44000, 6400, 0, 0, 0
44100, 6500, 0, 0, 0
44101, 14498, 1, 0, 0
44200, 6795, 0, 0, 0
44200, 14494, 1, 0, 0
44300, 14630, 1, 0, 0
44300, 6684, 0, 0, 0
44400, 6877, 0, 0, 0
44400, 14836, 1, 0, 0
44500, 13596, 1, 0, 0
44500, 6665, 0, 0, 0
44600, 6649, 0, 0, 0
44600, 14478, 1, 0, 0
44700, 6304, 0, 0, 0
44700, 14165, 1, 0, 0
44800, 14073, 1, 0, 0
44800, 6612, 0, 0, 0
44900, 6778, 0, 0, 0
44901, 14549, 1, 0, 0
45000, 6929, 0, 0, 0
45001, 15028, 1, 0, 0
45100, 6642, 0, 0, 0
45100, 14373, 1, 0, 0
45200, 14122, 1, 0, 0
45200, 6617, 0, 0, 0
45300, 6682, 0, 0, 0
45300, 14538, 1, 0, 0
45400, 14780, 1, 0, 0
45400, 6850, 0, 0, 0
45500, 14256, 1, 0, 0
45500, 6199, 0, 0, 0
45600, 6744, 0, 0, 0
45600, 14190, 1, 0, 0
45700, 6870, 0, 0, 0
45701, 15797, 1, 0, 0
45800, 6709, 0, 0, 0
45800, 15184, 1, 0, 0
45900, 6818, 0, 0, 0
45900, 14024, 1, 0, 0
46000, 14857, 1, 0, 0
46000, 6834, 0, 0, 0
46100, 6762, 0, 0, 0
46100, 14551, 1, 0, 0
46200, 6955, 0, 0, 0
46200, 15501, 1, 0, 0
46300, 6533, 0, 0, 0
46300, 14538, 1, 0, 0
46400, 6840, 0, 0, 0
46401, 15370, 1, 0, 0
46500, 7204, 0, 0, 0
46502, 14695, 1, 0, 0
46600, 6701, 0, 0, 0
46601, 14888, 1, 0, 0
46700, 6654, 0, 0, 0
46700, 15160, 1, 0, 0
46800, 13247, 1, 0, 0
46800, 6478, 0, 0, 0
46900, 13794, 1, 0, 0
46900, 6119, 0, 0, 0
47000, 6144, 0, 0, 0
47000, 14122, 1, 0, 0
47100, 6333, 0, 0, 0
47100, 14879, 1, 0, 0
47200, 6141, 0, 0, 0
47200, 13722, 1, 0, 0
47300, 15097, 1, 0, 0
47300, 7072, 0, 0, 0
47400, 6486, 0, 0, 0
47401, 13971, 1, 0, 0
47500, 6747, 0, 0, 0
47500, 14706, 1, 0, 0
47600, 6494, 0, 0, 0
47600, 14063, 1, 0, 0
47700, 6792, 0, 0, 0
47701, 14882, 1, 0, 0
47800, 14471, 1, 0, 0
47800, 6639, 0, 0, 0
47900, 13995, 1, 0, 0
47901, 6693, 0, 0, 0
48000, 6854, 0, 0, 0
48000, 14569, 1, 0, 0
48100, 6700, 0, 0, 0
48100, 13795, 1, 0, 0
48200, 14353, 1, 0, 0
48200, 6288, 0, 0, 0
48300, 15301, 1, 0, 0
48300, 6787, 0, 0, 0
48400, 6360, 0, 0, 0
48400, 14123, 1, 0, 0
48500, 6396, 0, 0, 0
48500, 14053, 1, 0, 0
48600, 6148, 0, 0, 0
48601, 13963, 1, 0, 0
48700, 6973, 0, 0, 0
48700, 14241, 1, 0, 0
48800, 14650, 1, 0, 0
48800, 6701, 0, 0, 0
48900, 6738, 0, 0, 0
48900, 14300, 1, 0, 0
49000, 7416, 0, 0, 0
49000, 15959, 1, 0, 0
49100, 6861, 0, 0, 0
49101, 13819, 1, 0, 0
49200, 13923, 1, 0, 0
49200, 6333, 0, 0, 0
49300, 6944, 0, 0, 0
49301, 16194, 1, 0, 0
49400, 6865, 0, 0, 0
49401, 14551, 1, 0, 0
49500, 14896, 1, 0, 0
49500, 6922, 0, 0, 0
49600, 14062, 1, 0, 0
49600, 6347, 0, 0, 0
49700, 15633, 1, 0, 0
49700, 7053, 0, 0, 0
49800, 6859, 0, 0, 0
49801, 15030, 1, 0, 0
49900, 6803, 0, 0, 0
49901, 14659, 1, 0, 0
50000, 6692, 0, 0, 0
50000, 14011, 1, 0, 0
50100, 14160, 1, 0, 0
50100, 6721, 0, 0, 0
50200, 6709, 0, 0, 0
50200, 13999, 1, 0, 0
50300, 6879, 0, 0, 0
50301, 14363, 1, 0, 0
50400, 6880, 0, 0, 0
50400, 15418, 1, 0, 0
50500, 6431, 0, 0, 0
50500, 14656, 1, 0, 0
50600, 14229, 1, 0, 0
50600, 6514, 0, 0, 0
50700, 15015, 1, 0, 0
50700, 6620, 0, 0, 0
50800, 7046, 0, 0, 0
50801, 15643, 1, 0, 0
50900, 13513, 1, 0, 0
50900, 6490, 0, 0, 0
51000, 7001, 0, 0, 0
51000, 14692, 1, 0, 0
51100, 6596, 0, 0, 0
51100, 14532, 1, 0, 0
51200, 6426, 0, 0, 0
51201, 13669, 1, 0, 0
51300, 7220, 0, 0, 0
51300, 14966, 1, 0, 0
51400, 6626, 0, 0, 0
51402, 14617, 1, 0, 0
51500, 6292, 0, 0, 0
51500, 14407, 1, 0, 0
51600, 6480, 0, 0, 0
51601, 13603, 1, 0, 0
51700, 14247, 1, 0, 0
51700, 6859, 0, 0, 0
51800, 14148, 1, 0, 0
51800, 6614, 0, 0, 0
51900, 6839, 0, 0, 0
51900, 14937, 1, 0, 0
52000, 14501, 1, 0, 0
52000, 7201, 0, 0, 0
52100, 16279, 1, 0, 0
52101, 7037, 0, 0, 0
52200, 6664, 0, 0, 0
52200, 14737, 1, 0, 0
52300, 14354, 1, 0, 0
52300, 6425, 0, 0, 0
52400, 6706, 0, 0, 0
52400, 14224, 1, 0, 0
52500, 6740, 0, 0, 0
52501, 13502, 1, 0, 0
52600, 6961, 0, 0, 0
52600, 14130, 1, 0, 0
52700, 6917, 0, 0, 0
52700, 15298, 1, 0, 0
52800, 7133, 0, 0, 0
52802, 15298, 1, 0, 0
52900, 6731, 0, 0, 0
52900, 14439, 1, 0, 0
53000, 7038, 0, 0, 0
53000, 14888, 1, 0, 0
53100, 6521, 0, 0, 0
53100, 13943, 1, 0, 0
53200, 14310, 1, 0, 0
53200, 6625, 0, 0, 0
53300, 15459, 1, 0, 0
53300, 7147, 0, 0, 0
53400, 13562, 1, 0, 0
53400, 6254, 0, 0, 0
53500, 6479, 0, 0, 0
53500, 13428, 1, 0, 0
53600, 14351, 1, 0, 0
53600, 6571, 0, 0, 0
53700, 14886, 1, 0, 0
53700, 6683, 0, 0, 0
53800, 7139, 0, 0, 0
53800, 15751, 1, 0, 0
53900, 6622, 0, 0, 0
53901, 14076, 1, 0, 0
54000, 14723, 1, 0, 0
54000, 6766, 0, 0, 0
54100, 6889, 0, 0, 0
54100, 14255, 1, 0, 0
54200, 14734, 1, 0, 0
54200, 6755, 0, 0, 0
54300, 14154, 1, 0, 0
54300, 6744, 0, 0, 0
54400, 14865, 1, 0, 0
54400, 6931, 0, 0, 0
54500, 6702, 0, 0, 0
54501, 13881, 1, 0, 0
54600, 6378, 0, 0, 0
54600, 14460, 1, 0, 0
54700, 6913, 0, 0, 0
54700, 15529, 1, 0, 0
54800, 6503, 0, 0, 0
54800, 13990, 1, 0, 0
54900, 6911, 0, 0, 0
54901, 14833, 1, 0, 0
55000, 14003, 1, 0, 0
55000, 6560, 0, 0, 0
55100, 14405, 1, 0, 0
55101, 6784, 0, 0, 0
55200, 6823, 0, 0, 0
55200, 14881, 1, 0, 0
55300, 15993, 1, 0, 0
55300, 7038, 0, 0, 0
55400, 13716, 1, 0, 0
55400, 6834, 0, 0, 0
55500, 6584, 0, 0, 0
55500, 14570, 1, 0, 0
55600, 6357, 0, 0, 0
55601, 15001, 1, 0, 0
55700, 13869, 1, 0, 0
55700, 6604, 0, 0, 0
55800, 6855, 0, 0, 0
55800, 14575, 1, 0, 0
55900, 13478, 1, 0, 0
55900, 6088, 0, 0, 0
56000, 13893, 1, 0, 0
56000, 6509, 0, 0, 0
56100, 13367, 1, 0, 0
56100, 6407, 0, 0, 0
56200, 14650, 1, 0, 0
56200, 6860, 0, 0, 0
56300, 6249, 0, 0, 0
56301, 14458, 1, 0, 0
56400, 6809, 0, 0, 0
56400, 14994, 1, 0, 0
56500, 14670, 1, 0, 0
56500, 6756, 0, 0, 0
56600, 6500, 0, 0, 0
56600, 14758, 1, 0, 0
56700, 6835, 0, 0, 0
56700, 14376, 1, 0, 0
56800, 15241, 1, 0, 0
56800, 6808, 0, 0, 0
56900, 6633, 0, 0, 0
56900, 14240, 1, 0, 0
57000, 13943, 1, 0, 0
57001, 6541, 0, 0, 0
57100, 6922, 0, 0, 0
57100, 14458, 1, 0, 0
57200, 6637, 0, 0, 0
57201, 14762, 1, 0, 0
57300, 13705, 1, 0, 0
57300, 6755, 0, 0, 0
57400, 6404, 0, 0, 0
57401, 13434, 1, 0, 0
57500, 6147, 0, 0, 0
57500, 13446, 1, 0, 0
57600, 6449, 0, 0, 0
57601, 14444, 1, 0, 0
57700, 14464, 1, 0, 0
57701, 6718, 0, 0, 0
57800, 6844, 0, 0, 0
57801, 14838, 1, 0, 0
57900, 6113, 0, 0, 0
57900, 13540, 1, 0, 0
58000, 6820, 0, 0, 0
58000, 14609, 1, 0, 0
58100, 13611, 1, 0, 0
58100, 6269, 0, 0, 0
58200, 13903, 1, 0, 0
58200, 6537, 0, 0, 0
58300, 14286, 1, 0, 0
58300, 6437, 0, 0, 0
58400, 6566, 0, 0, 0
58400, 14011, 1, 0, 0
58500, 6581, 0, 0, 0
58500, 13937, 1, 0, 0
58600, 15069, 1, 0, 0
58600, 6994, 0, 0, 0
58700, 14227, 1, 0, 0
58701, 6617, 0, 0, 0
58800, 6727, 0, 0, 0
58801, 14812, 1, 0, 0
58900, 6299, 0, 0, 0
58900, 13035, 1, 0, 0
59000, 14934, 1, 0, 0
59000, 6799, 0, 0, 0
59100, 6697, 0, 0, 0
59100, 15071, 1, 0, 0
59200, 14247, 1, 0, 0
59201, 6646, 0, 0, 0
59300, 6693, 0, 0, 0
59301, 13820, 1, 0, 0
59400, 6429, 0, 0, 0
59401, 13223, 1, 0, 0
59500, 13449, 1, 0, 0
59500, 6429, 0, 0, 0
59600, 6846, 0, 0, 0
59600, 15493, 1, 0, 0
59700, 7031, 0, 0, 0
59701, 15283, 1, 0, 0
59800, 6755, 0, 0, 0
59800, 13746, 1, 0, 0
59900, 6842, 0, 0, 0
59900, 14554, 1, 0, 0
60000, 6793, 0, 0, 0
60000, 14786, 1, 0, 0
60100, 6584, 0, 0, 0
60100, 13824, 1, 0, 0
60200, 6790, 0, 0, 0
60201, 13848, 1, 0, 0
60300, 6788, 0, 0, 0
60300, 14698, 1, 0, 0
60400, 6985, 0, 0, 0
60400, 14159, 1, 0, 0
60500, 6220, 0, 0, 0
60501, 13797, 1, 0, 0
60600, 14474, 1, 0, 0
60600, 6695, 0, 0, 0
60700, 7347, 0, 0, 0
60701, 15638, 1, 0, 0
60800, 6705, 0, 0, 0
60801, 14038, 1, 0, 0
60900, 7146, 0, 0, 0
60900, 14815, 1, 0, 0
61000, 6390, 0, 0, 0
61000, 13894, 1, 0, 0
61100, 15204, 1, 0, 0
61100, 6903, 0, 0, 0
61200, 6279, 0, 0, 0
61200, 13744, 1, 0, 0
61300, 13641, 1, 0, 0
61301, 6538, 0, 0, 0
61400, 14345, 1, 0, 0
61400, 6467, 0, 0, 0
61500, 7039, 0, 0, 0
61500, 15415, 1, 0, 0
61600, 13732, 1, 0, 0
61600, 6154, 0, 0, 0
61700, 6912, 0, 0, 0
61700, 15070, 1, 0, 0
61800, 6541, 0, 0, 0
61800, 14061, 1, 0, 0
61900, 6503, 0, 0, 0
61900, 14413, 1, 0, 0
62000, 6406, 0, 0, 0
62000, 13682, 1, 0, 0
62100, 7025, 0, 0, 0
62100, 15165, 1, 0, 0
62200, 6903, 0, 0, 0
62200, 15581, 1, 0, 0
62300, 14214, 1, 0, 0
62300, 6609, 0, 0, 0
62400, 6571, 0, 0, 0
62400, 14359, 1, 0, 0
62500, 7004, 0, 0, 0
62500, 14857, 1, 0, 0
62600, 6679, 0, 0, 0
62600, 14326, 1, 0, 0
62700, 6517, 0, 0, 0
62700, 14416, 1, 0, 0
62800, 6852, 0, 0, 0
62800, 15096, 1, 0, 0
62900, 6573, 0, 0, 0
62901, 15140, 1, 0, 0
63000, 6752, 0, 0, 0
63002, 14290, 1, 0, 0
63100, 6253, 0, 0, 0
63100, 14032, 1, 0, 0
63200, 6566, 0, 0, 0
63200, 14454, 1, 0, 0
63300, 6757, 0, 0, 0
63301, 14951, 1, 0, 0
63400, 14610, 1, 0, 0
63400, 7038, 0, 0, 0
63500, 6309, 0, 0, 0
63500, 13481, 1, 0, 0
63600, 14986, 1, 0, 0
63600, 6616, 0, 0, 0
63700, 6698, 0, 0, 0
63701, 14240, 1, 0, 0
63800, 6580, 0, 0, 0
63800, 15345, 1, 0, 0
63900, 6591, 0, 0, 0
63901, 14580, 1, 0, 0
64000, 15030, 1, 0, 0
64000, 7156, 0, 0, 0
64100, 6959, 0, 0, 0
64100, 15482, 1, 0, 0
64200, 6626, 0, 0, 0
64200, 14723, 1, 0, 0
64300, 14259, 1, 0, 0
64300, 6148, 0, 0, 0
64400, 6672, 0, 0, 0
64400, 14352, 1, 0, 0
64500, 6454, 0, 0, 0
64500, 14382, 1, 0, 0
64600, 14222, 1, 0, 0
64600, 6595, 0, 0, 0
64700, 15070, 1, 0, 0
64700, 6778, 0, 0, 0
64800, 6657, 0, 0, 0
64801, 15423, 1, 0, 0
64900, 6362, 0, 0, 0
64901, 14117, 1, 0, 0
65000, 6282, 0, 0, 0
65000, 13844, 1, 0, 0
65100, 7082, 0, 0, 0
65100, 14379, 1, 0, 0
65200, 6066, 0, 0, 0
65201, 13283, 1, 0, 0
65300, 6504, 0, 0, 0
65300, 14691, 1, 0, 0
65400, 14615, 1, 0, 0
65400, 6632, 0, 0, 0
65500, 7137, 0, 0, 0
65501, 14941, 1, 0, 0
65600, 6770, 0, 0, 0
65600, 14376, 1, 0, 0
65700, 6975, 0, 0, 0
65700, 15303, 1, 0, 0
65800, 6352, 0, 0, 0
65800, 13860, 1, 0, 0
65900, 6420, 0, 0, 0
65900, 13572, 1, 0, 0
66000, 6889, 0, 0, 0
66001, 15522, 1, 0, 0
66100, 6201, 0, 0, 0
66100, 13849, 1, 0, 0
66200, 6618, 0, 0, 0
66200, 13854, 1, 0, 0
66300, 6128, 0, 0, 0
66301, 13981, 1, 0, 0
66400, 6134, 0, 0, 0
66401, 13281, 1, 0, 0
66500, 6416, 0, 0, 0
66500, 13862, 1, 0, 0
66600, 13382, 1, 0, 0
66600, 6262, 0, 0, 0
66700, 6770, 0, 0, 0
66700, 13883, 1, 0, 0
66800, 6485, 0, 0, 0
66800, 15454, 1, 0, 0
66900, 14255, 1, 0, 0
66900, 7275, 0, 0, 0
67000, 6824, 0, 0, 0
67000, 15499, 1, 0, 0
67100, 7054, 0, 0, 0
67101, 14268, 1, 0, 0
67200, 7024, 0, 0, 0
67200, 15314, 1, 0, 0
67300, 6465, 0, 0, 0
67301, 14328, 1, 0, 0
67400, 13922, 1, 0, 0
67400, 6620, 0, 0, 0
67500, 6533, 0, 0, 0
67500, 14562, 1, 0, 0
67600, 6300, 0, 0, 0
67601, 13192, 1, 0, 0
67700, 6721, 0, 0, 0
67701, 14983, 1, 0, 0
67800, 6305, 0, 0, 0
67801, 14579, 1, 0, 0
67900, 6630, 0, 0, 0
67901, 15175, 1, 0, 0
68000, 6567, 0, 0, 0
68000, 14915, 1, 0, 0
68100, 6663, 0, 0, 0
68100, 14460, 1, 0, 0
68200, 6774, 0, 0, 0
68200, 14077, 1, 0, 0
68300, 16692, 1, 0, 0
68300, 7068, 0, 0, 0
68400, 16693, 1, 0, 0
68401, 7002, 0, 0, 0
68500, 6769, 0, 0, 0
68500, 13855, 1, 0, 0
68600, 14777, 1, 0, 0
68600, 6887, 0, 0, 0
68700, 6577, 0, 0, 0
68700, 15258, 1, 0, 0
68800, 14655, 1, 0, 0
68800, 6492, 0, 0, 0
68900, 6758, 0, 0, 0
68902, 14644, 1, 0, 0
69000, 6513, 0, 0, 0
69000, 14107, 1, 0, 0
69100, 14316, 1, 0, 0
69101, 6727, 0, 0, 0
69200, 14557, 1, 0, 0
69200, 6772, 0, 0, 0
69300, 15922, 1, 0, 0
69301, 7137, 0, 0, 0
69400, 6720, 0, 0, 0
69401, 15194, 1, 0, 0
69500, 7015, 0, 0, 0
69500, 14759, 1, 0, 0
69600, 14828, 1, 0, 0
69600, 6784, 0, 0, 0
69700, 6495, 0, 0, 0
69700, 14936, 1, 0, 0
69800, 13889, 1, 0, 0
69800, 6687, 0, 0, 0
69900, 15210, 1, 0, 0
69900, 7063, 0, 0, 0
70000, 13617, 1, 0, 0
70001, 6677, 0, 0, 0
70100, 14561, 1, 0, 0
70100, 6590, 0, 0, 0
70200, 6816, 0, 0, 0
70200, 15091, 1, 0, 0
70300, 14361, 1, 0, 0
70300, 6562, 0, 0, 0
70400, 13714, 1, 0, 0
70400, 6296, 0, 0, 0
70500, 14288, 1, 0, 0
70500, 6595, 0, 0, 0
70600, 14780, 1, 0, 0
70600, 6620, 0, 0, 0
70700, 6994, 0, 0, 0
70700, 14751, 1, 0, 0
70800, 14317, 1, 0, 0
70801, 6592, 0, 0, 0
70900, 6560, 0, 0, 0
70900, 14758, 1, 0, 0
71000, 7047, 0, 0, 0
71000, 14629, 1, 0, 0
71100, 14640, 1, 0, 0
71100, 6759, 0, 0, 0
71200, 14387, 1, 0, 0
71201, 6546, 0, 0, 0
71300, 6703, 0, 0, 0
71300, 14213, 1, 0, 0
71400, 7018, 0, 0, 0
71401, 14262, 1, 0, 0
71500, 6705, 0, 0, 0
71500, 13733, 1, 0, 0
71600, 6879, 0, 0, 0
71602, 14708, 1, 0, 0
71700, 6699, 0, 0, 0
71701, 15156, 1, 0, 0
71800, 15029, 1, 0, 0
71800, 6616, 0, 0, 0
71900, 15081, 1, 0, 0
71900, 6859, 0, 0, 0
72000, 15432, 1, 0, 0
72000, 6801, 0, 0, 0
72100, 6558, 0, 0, 0
72101, 15004, 1, 0, 0
72200, 14056, 1, 0, 0
72200, 6865, 0, 0, 0
72300, 6425, 0, 0, 0
72300, 14203, 1, 0, 0
72400, 6675, 0, 0, 0
72400, 14982, 1, 0, 0
72500, 13745, 1, 0, 0
72502, 6341, 0, 0, 0
72600, 6446, 0, 0, 0
72601, 14231, 1, 0, 0
72700, 6365, 0, 0, 0
72701, 13892, 1, 0, 0
72800, 7060, 0, 0, 0
72800, 14493, 1, 0, 0
72900, 14634, 1, 0, 0
72900, 6763, 0, 0, 0
73000, 13901, 1, 0, 0
73000, 6607, 0, 0, 0
73100, 6811, 0, 0, 0
73100, 15142, 1, 0, 0
73200, 6323, 0, 0, 0
73200, 14962, 1, 0, 0
73300, 6819, 0, 0, 0
73303, 14781, 1, 0, 0
73400, 6386, 0, 0, 0
73400, 14700, 1, 0, 0
73500, 14491, 1, 0, 0
73500, 6672, 0, 0, 0
73600, 14949, 1, 0, 0
73600, 6957, 0, 0, 0
73700, 14695, 1, 0, 0
73702, 6496, 0, 0, 0
73800, 14553, 1, 0, 0
73800, 7086, 0, 0, 0
73900, 7177, 0, 0, 0
73901, 14815, 1, 0, 0
74000, 14558, 1, 0, 0
74000, 6420, 0, 0, 0
74100, 6481, 0, 0, 0
74100, 14102, 1, 0, 0
74200, 6762, 0, 0, 0
74201, 14922, 1, 0, 0
74300, 6120, 0, 0, 0
74301, 12935, 1, 0, 0
74400, 6498, 0, 0, 0
74401, 14076, 1, 0, 0
74500, 6668, 0, 0, 0
74500, 14251, 1, 0, 0
74600, 14776, 1, 0, 0
74600, 6767, 0, 0, 0
74700, 14751, 1, 0, 0
74700, 6802, 0, 0, 0
74800, 15049, 1, 0, 0
74800, 6916, 0, 0, 0
74900, 6286, 0, 0, 0
74900, 15993, 1, 0, 0
75000, 15280, 1, 0, 0
75000, 6496, 0, 0, 0
75100, 6752, 0, 0, 0
75100, 14657, 1, 0, 0
75200, 6658, 0, 0, 0
75200, 14128, 1, 0, 0
75300, 6663, 0, 0, 0
75301, 15050, 1, 0, 0
75400, 7276, 0, 0, 0
75401, 14452, 1, 0, 0
75500, 15402, 1, 0, 0
75500, 7060, 0, 0, 0
75600, 6256, 0, 0, 0
75600, 13075, 1, 0, 0
75700, 6742, 0, 0, 0
75700, 14997, 1, 0, 0
75800, 14717, 1, 0, 0
75801, 6746, 0, 0, 0
75900, 6827, 0, 0, 0
75902, 14232, 1, 0, 0
76000, 6756, 0, 0, 0
76000, 14201, 1, 0, 0
76100, 6436, 0, 0, 0
76100, 14695, 1, 0, 0
76200, 7192, 0, 0, 0
76200, 15392, 1, 0, 0
76300, 6333, 0, 0, 0
76300, 13294, 1, 0, 0
76400, 6486, 0, 0, 0
76401, 14146, 1, 0, 0
76500, 6375, 0, 0, 0
76500, 14057, 1, 0, 0
76600, 15196, 1, 0, 0
76600, 7490, 0, 0, 0
76700, 6529, 0, 0, 0
76700, 14715, 1, 0, 0
76800, 7047, 0, 0, 0
76801, 14691, 1, 0, 0
76900, 14479, 1, 0, 0
76900, 6751, 0, 0, 0
77001, 6177, 0, 0, 0
77002, 13902, 1, 0, 0
77100, 14498, 1, 0, 0
77101, 7343, 0, 0, 0
77200, 15066, 1, 0, 0
77200, 6650, 0, 0, 0
77300, 6484, 0, 0, 0
77300, 14379, 1, 0, 0
77400, 15018, 1, 0, 0
77400, 6935, 0, 0, 0
77500, 6330, 0, 0, 0
77500, 14429, 1, 0, 0
77600, 6915, 0, 0, 0
77600, 15391, 1, 0, 0
77700, 6591, 0, 0, 0
77701, 14564, 1, 0, 0
77800, 6639, 0, 0, 0
77800, 14795, 1, 0, 0
77900, 6931, 0, 0, 0
77901, 14619, 1, 0, 0
78000, 6559, 0, 0, 0
78000, 14710, 1, 0, 0
78100, 13676, 1, 0, 0
78100, 6729, 0, 0, 0
78200, 6725, 0, 0, 0
78200, 13893, 1, 0, 0
78300, 6476, 0, 0, 0
78300, 13889, 1, 0, 0
78400, 6968, 0, 0, 0
78400, 15008, 1, 0, 0
78500, 6679, 0, 0, 0
78501, 14111, 1, 0, 0
78600, 6997, 0, 0, 0
78600, 14537, 1, 0, 0
78700, 6395, 0, 0, 0
78701, 13234, 1, 0, 0
78800, 13867, 1, 0, 0
78801, 6334, 0, 0, 0
78900, 7060, 0, 0, 0
78900, 14507, 1, 0, 0
79000, 6735, 0, 0, 0
79000, 14712, 1, 0, 0
79100, 6967, 0, 0, 0
79100, 15433, 1, 0, 0
79200, 6869, 0, 0, 0
79200, 14321, 1, 0, 0
79300, 6768, 0, 0, 0
79300, 14302, 1, 0, 0
79400, 14738, 1, 0, 0
79400, 7018, 0, 0, 0
79500, 7051, 0, 0, 0
79500, 15090, 1, 0, 0
79600, 6510, 0, 0, 0
79601, 15321, 1, 0, 0
79700, 6977, 0, 0, 0
79701, 14794, 1, 0, 0
79800, 6942, 0, 0, 0
79800, 16658, 1, 0, 0
79900, 15409, 1, 0, 0
79901, 6863, 0, 0, 0
80000, 6758, 0, 0, 0
80000, 13998, 1, 0, 0
80100, 15292, 1, 0, 0
80100, 6390, 0, 0, 0
80200, 14631, 1, 0, 0
80200, 6528, 0, 0, 0
80300, 7080, 0, 0, 0
80300, 14607, 1, 0, 0
80400, 14654, 1, 0, 0
80400, 6737, 0, 0, 0
80500, 6602, 0, 0, 0
80500, 14725, 1, 0, 0
80600, 14672, 1, 0, 0
80600, 6665, 0, 0, 0
80700, 14880, 1, 0, 0
80700, 6464, 0, 0, 0
80800, 15135, 1, 0, 0
80800, 7007, 0, 0, 0
80900, 14646, 1, 0, 0
80901, 6763, 0, 0, 0
81000, 6463, 0, 0, 0
81001, 14864, 1, 0, 0
81100, 15099, 1, 0, 0
81100, 6845, 0, 0, 0
81200, 6789, 0, 0, 0
81200, 14029, 1, 0, 0
81300, 6711, 0, 0, 0
81300, 15154, 1, 0, 0
81400, 6642, 0, 0, 0
81401, 14388, 1, 0, 0
81500, 15639, 1, 0, 0
81500, 7375, 0, 0, 0
81600, 15150, 1, 0, 0
81600, 6530, 0, 0, 0
81700, 6954, 0, 0, 0
81701, 15670, 1, 0, 0
81800, 7199, 0, 0, 0
81801, 14403, 1, 0, 0
81900, 6247, 0, 0, 0
81900, 14056, 1, 0, 0
82000, 6487, 0, 0, 0
82000, 14354, 1, 0, 0
82100, 6254, 0, 0, 0
82100, 13300, 1, 0, 0
82200, 7216, 0, 0, 0
82200, 15460, 1, 0, 0
82300, 15322, 1, 0, 0
82301, 6815, 0, 0, 0
82400, 15418, 1, 0, 0
82400, 6772, 0, 0, 0
82500, 7051, 0, 0, 0
82501, 15039, 1, 0, 0
82600, 14768, 1, 0, 0
82600, 7159, 0, 0, 0
82700, 6854, 0, 0, 0
82701, 14203, 1, 0, 0
82800, 6915, 0, 0, 0
82800, 14911, 1, 0, 0
82900, 7279, 0, 0, 0
82900, 15330, 1, 0, 0
83000, 6416, 0, 0, 0
83000, 15151, 1, 0, 0
83100, 7051, 0, 0, 0
83100, 15373, 1, 0, 0
83200, 7230, 0, 0, 0
83200, 16466, 1, 0, 0
83300, 15168, 1, 0, 0
83300, 6987, 0, 0, 0
83400, 6842, 0, 0, 0
83400, 14810, 1, 0, 0
83501, 6776, 0, 0, 0
83501, 14856, 1, 0, 0
83600, 6822, 0, 0, 0
83600, 14680, 1, 0, 0
83700, 6789, 0, 0, 0
83701, 14580, 1, 0, 0
83800, 6928, 0, 0, 0
83801, 15535, 1, 0, 0
83900, 6629, 0, 0, 0
83900, 14734, 1, 0, 0
84000, 13516, 1, 0, 0
84000, 6387, 0, 0, 0
84100, 6835, 0, 0, 0
84101, 15231, 1, 0, 0
84200, 14214, 1, 0, 0
84200, 6468, 0, 0, 0
84300, 13947, 1, 0, 0
84300, 6957, 0, 0, 0
84400, 6921, 0, 0, 0
84400, 14687, 1, 0, 0
84500, 6966, 0, 0, 0
84501, 14358, 1, 0, 0
84600, 12905, 1, 0, 0
84600, 6435, 0, 0, 0
84700, 6533, 0, 0, 0
84700, 13971, 1, 0, 0
84800, 14883, 1, 0, 0
84800, 6528, 0, 0, 0
84900, 6854, 0, 0, 0
84900, 15717, 1, 0, 0
85000, 14573, 1, 0, 0
85000, 6389, 0, 0, 0
85100, 6851, 0, 0, 0
85100, 13969, 1, 0, 0
85200, 15986, 1, 0, 0
85200, 7347, 0, 0, 0
85301, 6673, 0, 0, 0
85301, 14623, 1, 0, 0
85400, 6939, 0, 0, 0
85400, 15045, 1, 0, 0
85500, 6388, 0, 0, 0
85501, 14050, 1, 0, 0
85600, 13405, 1, 0, 0
85600, 6390, 0, 0, 0
85700, 6412, 0, 0, 0
85701, 14641, 1, 0, 0
85800, 6372, 0, 0, 0
85801, 13925, 1, 0, 0
85900, 14943, 1, 0, 0
85900, 6938, 0, 0, 0
86000, 6848, 0, 0, 0
86000, 14619, 1, 0, 0
86100, 14725, 1, 0, 0
86100, 6478, 0, 0, 0
86200, 6768, 0, 0, 0
86200, 14489, 1, 0, 0
86300, 7165, 0, 0, 0
86300, 15776, 1, 0, 0
86400, 6949, 0, 0, 0
86400, 15149, 1, 0, 0
86500, 6987, 0, 0, 0
86500, 15790, 1, 0, 0
86600, 15228, 1, 0, 0
86600, 7030, 0, 0, 0
86700, 6868, 0, 0, 0
86700, 14328, 1, 0, 0
86800, 6827, 0, 0, 0
86800, 15176, 1, 0, 0
86900, 6642, 0, 0, 0
86901, 14231, 1, 0, 0
87000, 6639, 0, 0, 0
87000, 13746, 1, 0, 0
87100, 14171, 1, 0, 0
87101, 6572, 0, 0, 0
87200, 6496, 0, 0, 0
87200, 14114, 1, 0, 0
87300, 6786, 0, 0, 0
87301, 14290, 1, 0, 0
87400, 14659, 1, 0, 0
87400, 6331, 0, 0, 0
87500, 14924, 1, 0, 0
87500, 6540, 0, 0, 0
87600, 6779, 0, 0, 0
87600, 14755, 1, 0, 0
87700, 14262, 1, 0, 0
87700, 6375, 0, 0, 0
87800, 7065, 0, 0, 0
87800, 15107, 1, 0, 0
87900, 13922, 1, 0, 0
87900, 6489, 0, 0, 0
88000, 14610, 1, 0, 0
88000, 6537, 0, 0, 0
88100, 13948, 1, 0, 0
88100, 6638, 0, 0, 0
88200, 6682, 0, 0, 0
88200, 14882, 1, 0, 0
88300, 7124, 0, 0, 0
88301, 14854, 1, 0, 0
88400, 6815, 0, 0, 0
88400, 14813, 1, 0, 0
88500, 14805, 1, 0, 0
88500, 6189, 0, 0, 0
88600, 6358, 0, 0, 0
88601, 13182, 1, 0, 0
88700, 6837, 0, 0, 0
88700, 15258, 1, 0, 0
88800, 7196, 0, 0, 0
88800, 16015, 1, 0, 0
88900, 6687, 0, 0, 0
88900, 14308, 1, 0, 0
89000, 6279, 0, 0, 0
89000, 13347, 1, 0, 0
89100, 6661, 0, 0, 0
89100, 14041, 1, 0, 0
89200, 6814, 0, 0, 0
89200, 14878, 1, 0, 0
89300, 6824, 0, 0, 0
89300, 14384, 1, 0, 0
89400, 13968, 1, 0, 0
89400, 6468, 0, 0, 0
89500, 6911, 0, 0, 0
89501, 14982, 1, 0, 0
89600, 6178, 0, 0, 0
89600, 14017, 1, 0, 0
89700, 7177, 0, 0, 0
89701, 14824, 1, 0, 0
89800, 6425, 0, 0, 0
89800, 13672, 1, 0, 0
89900, 6582, 0, 0, 0
89900, 13849, 1, 0, 0
90001, 6509, 0, 0, 0
90001, 13897, 1, 0, 0
