100, 14742, 0, 0, 0
201, 13140, 0, 0, 0
300, 12458, 0, 0, 0
400, 15131, 0, 0, 0
501, 12566, 0, 0, 0
601, 14114, 0, 0, 0
702, 13487, 0, 0, 0
802, 14397, 0, 0, 0
902, 12741, 0, 0, 0
1002, 13091, 0, 0, 0
1102, 13827, 0, 0, 0
1200, 14579, 0, 0, 0
1300, 13149, 0, 0, 0
1400, 11940, 0, 0, 0
1501, 14477, 0, 0, 0
1600, 11892, 0, 0, 0
1700, 13129, 0, 0, 0
1800, 12627, 0, 0, 0
1900, 14413, 0, 0, 0
2002, 13677, 0, 0, 0
2101, 13825, 0, 0, 0
2200, 14414, 0, 0, 0
2300, 15038, 0, 0, 0
2400, 16736, 0, 0, 0
2501, 15645, 0, 0, 0
2601, 15414, 0, 0, 0
2700, 13604, 0, 0, 0
2802, 12239, 0, 0, 0
2902, 13105, 0, 0, 0
3000, 13197, 0, 0, 0
3101, 11563, 0, 0, 0
3200, 14531, 0, 0, 0
3302, 14533, 0, 0, 0
3402, 13744, 0, 0, 0
3501, 12509, 0, 0, 0
3601, 12437, 0, 0, 0
3702, 12453, 0, 0, 0
3800, 15150, 0, 0, 0
3901, 14008, 0, 0, 0
4001, 13591, 0, 0, 0
4100, 12641, 0, 0, 0
4201, 12658, 0, 0, 0
4301, 13567, 0, 0, 0
4401, 13878, 0, 0, 0
4502, 14193, 0, 0, 0
4600, 12413, 0, 0, 0
4701, 11091, 0, 0, 0
4801, 12554, 0, 0, 0
4900, 14573, 0, 0, 0
5001, 14945, 0, 0, 0
5100, 16235, 0, 0, 0
5201, 13344, 0, 0, 0
5300, 13022, 0, 0, 0
5402, 13608, 0, 0, 0
5500, 13543, 0, 0, 0
5601, 14275, 0, 0, 0
5700, 14943, 0, 0, 0
5800, 12460, 0, 0, 0
5901, 12322, 0, 0, 0
6001, 10938, 0, 0, 0
6101, 11603, 0, 0, 0
6201, 13173, 0, 0, 0
6300, 11022, 0, 0, 0
6402, 13182, 0, 0, 0
6502, 14880, 0, 0, 0
6602, 14996, 0, 0, 0
6700, 16347, 0, 0, 0
6802, 12836, 0, 0, 0
6901, 11514, 0, 0, 0
7001, 13857, 0, 0, 0
7102, 12959, 0, 0, 0
7202, 14109, 0, 0, 0
7300, 15935, 0, 0, 0
7401, 13953, 0, 0, 0
7500, 11379, 0, 0, 0
7601, 12076, 0, 0, 0
7702, 11813, 0, 0, 0
7801, 11157, 0, 0, 0
7901, 12255, 0, 0, 0
8001, 12196, 0, 0, 0
8101, 11499, 0, 0, 0
8201, 12349, 0, 0, 0
8302, 14969, 0, 0, 0
8402, 14540, 0, 0, 0
8501, 13520, 0, 0, 0
8601, 12907, 0, 0, 0
8702, 12122, 0, 0, 0
8800, 14337, 0, 0, 0
8900, 14396, 0, 0, 0
9002, 16091, 0, 0, 0
9101, 11956, 0, 0, 0
9201, 15093, 0, 0, 0
9301, 11701, 0, 0, 0
9401, 12626, 0, 0, 0
9501, 11809, 0, 0, 0
9601, 13923, 0, 0, 0
9701, 11924, 0, 0, 0
9801, 12891, 0, 0, 0
9900, 15341, 0, 0, 0
10000, 12950, 0, 0, 0
10101, 13677, 0, 0, 0
10202, 16669, 0, 0, 0
10300, 12281, 0, 0, 0
10401, 12248, 0, 0, 0
10501, 12321, 0, 0, 0
10600, 14474, 0, 0, 0
10702, 13318, 0, 0, 0
10800, 12585, 0, 0, 0
10901, 13829, 0, 0, 0
11001, 13051, 0, 0, 0
11100, 11890, 0, 0, 0
11200, 12187, 0, 0, 0
11301, 12035, 0, 0, 0
11400, 14320, 0, 0, 0
11501, 13040, 0, 0, 0
11601, 14595, 0, 0, 0
11700, 12447, 0, 0, 0
11800, 12087, 0, 0, 0
11902, 14342, 0, 0, 0
12000, 14575, 0, 0, 0
12101, 12773, 0, 0, 0
12202, 11629, 0, 0, 0
12302, 11679, 0, 0, 0
12401, 15224, 0, 0, 0
12502, 15051, 0, 0, 0
12602, 13465, 0, 0, 0
12701, 12502, 0, 0, 0
12800, 12822, 0, 0, 0
12901, 12856, 0, 0, 0
13000, 13537, 0, 0, 0
13100, 12206, 0, 0, 0
13201, 15329, 0, 0, 0
13301, 13406, 0, 0, 0
13400, 15118, 0, 0, 0
13501, 14651, 0, 0, 0
13601, 12571, 0, 0, 0
13700, 13450, 0, 0, 0
13800, 12878, 0, 0, 0
13901, 11733, 0, 0, 0
14000, 13718, 0, 0, 0
14101, 10996, 0, 0, 0
14202, 12084, 0, 0, 0
14302, 12085, 0, 0, 0
14400, 12705, 0, 0, 0
14501, 13524, 0, 0, 0
14601, 15048, 0, 0, 0
14700, 16106, 0, 0, 0
14801, 13474, 0, 0, 0
14902, 14056, 0, 0, 0
15002, 13207, 0, 0, 0
15101, 15374, 0, 0, 0
15202, 17315, 0, 0, 0
15300, 12445, 0, 0, 0
15402, 11764, 0, 0, 0
15502, 13286, 0, 0, 0
15600, 12736, 0, 0, 0
15701, 14194, 0, 0, 0
15802, 13076, 0, 0, 0
15901, 13890, 0, 0, 0
16001, 13765, 0, 0, 0
16101, 13724, 0, 0, 0
16202, 12148, 0, 0, 0
16300, 13489, 0, 0, 0
16402, 12728, 0, 0, 0
16501, 14153, 0, 0, 0
16601, 12181, 0, 0, 0
16702, 13603, 0, 0, 0
16801, 13040, 0, 0, 0
16901, 11780, 0, 0, 0
17002, 12506, 0, 0, 0
17101, 13330, 0, 0, 0
17200, 12139, 0, 0, 0
17300, 11877, 0, 0, 0
17401, 12550, 0, 0, 0
17501, 14550, 0, 0, 0
17601, 12754, 0, 0, 0
17701, 12637, 0, 0, 0
17801, 13821, 0, 0, 0
17902, 13686, 0, 0, 0
18000, 12940, 0, 0, 0
18102, 11581, 0, 0, 0
18200, 15053, 0, 0, 0
18300, 14304, 0, 0, 0
18401, 12144, 0, 0, 0
18501, 15301, 0, 0, 0
18602, 14753, 0, 0, 0
18700, 13175, 0, 0, 0
18802, 14861, 0, 0, 0
18900, 14024, 0, 0, 0
19002, 14314, 0, 0, 0
19101, 12500, 0, 0, 0
19202, 12665, 0, 0, 0
19300, 13346, 0, 0, 0
19402, 14764, 0, 0, 0
19500, 15453, 0, 0, 0
19600, 14064, 0, 0, 0
19700, 14576, 0, 0, 0
19800, 14509, 0, 0, 0
19900, 14095, 0, 0, 0
20001, 14474, 0, 0, 0
20101, 13606, 0, 0, 0
20201, 13712, 0, 0, 0
20302, 16420, 0, 0, 0
20402, 12774, 0, 0, 0
20501, 14441, 0, 0, 0
20602, 13219, 0, 0, 0
20701, 12232, 0, 0, 0
20801, 14708, 0, 0, 0
20901, 14257, 0, 0, 0
21000, 15897, 0, 0, 0
21100, 14443, 0, 0, 0
21201, 13307, 0, 0, 0
21300, 14174, 0, 0, 0
21400, 14198, 0, 0, 0
21501, 14870, 0, 0, 0
21600, 14344, 0, 0, 0
21700, 12425, 0, 0, 0
21801, 12240, 0, 0, 0
21901, 13198, 0, 0, 0
22001, 15419, 0, 0, 0
22101, 15936, 0, 0, 0
22202, 14160, 0, 0, 0
22300, 15104, 0, 0, 0
22402, 15049, 0, 0, 0
22500, 15083, 0, 0, 0
22600, 14645, 0, 0, 0
22701, 14971, 0, 0, 0
22802, 15564, 0, 0, 0
22900, 15209, 0, 0, 0
23002, 14444, 0, 0, 0
23100, 11884, 0, 0, 0
23200, 14085, 0, 0, 0
23300, 12531, 0, 0, 0
23401, 12196, 0, 0, 0
23501, 15617, 0, 0, 0
23602, 13408, 0, 0, 0
23702, 13605, 0, 0, 0
23802, 15051, 0, 0, 0
23902, 14625, 0, 0, 0
24000, 13576, 0, 0, 0
24102, 12876, 0, 0, 0
24202, 10893, 0, 0, 0
24300, 11586, 0, 0, 0
24400, 12679, 0, 0, 0
24501, 14038, 0, 0, 0
24600, 14297, 0, 0, 0
24701, 12889, 0, 0, 0
24802, 16050, 0, 0, 0
24902, 15380, 0, 0, 0
25001, 15126, 0, 0, 0
25100, 14310, 0, 0, 0
25201, 12551, 0, 0, 0
25301, 13805, 0, 0, 0
25402, 15072, 0, 0, 0
25500, 13582, 0, 0, 0
25600, 13424, 0, 0, 0
25700, 15710, 0, 0, 0
25800, 14915, 0, 0, 0
25901, 13014, 0, 0, 0
26001, 14108, 0, 0, 0
26100, 15177, 0, 0, 0
26200, 14917, 0, 0, 0
26301, 13169, 0, 0, 0
26401, 14063, 0, 0, 0
26500, 13584, 0, 0, 0
26603, 13724, 0, 0, 0
26700, 12745, 0, 0, 0
26800, 13133, 0, 0, 0
26901, 14801, 0, 0, 0
27002, 13167, 0, 0, 0
27101, 13725, 0, 0, 0
27201, 13382, 0, 0, 0
27301, 13147, 0, 0, 0
27400, 16307, 0, 0, 0
27501, 14601, 0, 0, 0
27602, 13442, 0, 0, 0
27700, 14838, 0, 0, 0
27801, 13131, 0, 0, 0
27901, 13512, 0, 0, 0
28000, 14695, 0, 0, 0
28100, 13589, 0, 0, 0
28201, 12571, 0, 0, 0
28300, 12374, 0, 0, 0
28402, 13251, 0, 0, 0
28500, 15527, 0, 0, 0
28601, 14198, 0, 0, 0
28700, 14324, 0, 0, 0
28800, 13962, 0, 0, 0
28901, 16239, 0, 0, 0
29001, 15231, 0, 0, 0
29102, 13466, 0, 0, 0
29201, 13827, 0, 0, 0
29302, 12723, 0, 0, 0
29400, 13910, 0, 0, 0
29500, 13909, 0, 0, 0
29601, 13856, 0, 0, 0
29700, 14134, 0, 0, 0
29800, 15316, 0, 0, 0
29900, 14949, 0, 0, 0
30001, 15439, 0, 0, 0
30101, 15010, 0, 0, 0
30200, 12693, 0, 0, 0
30302, 14651, 0, 0, 0
30401, 13291, 0, 0, 0
30501, 12470, 0, 0, 0
30602, 12501, 0, 0, 0
30701, 13482, 0, 0, 0
30800, 12832, 0, 0, 0
30900, 12525, 0, 0, 0
31000, 14495, 0, 0, 0
31100, 14659, 0, 0, 0
31202, 13132, 0, 0, 0
31302, 16144, 0, 0, 0
31400, 14388, 0, 0, 0
31501, 13281, 0, 0, 0
31600, 15382, 0, 0, 0
31702, 13297, 0, 0, 0
31800, 13411, 0, 0, 0
31901, 13182, 0, 0, 0
32000, 15197, 0, 0, 0
32100, 12289, 0, 0, 0
32200, 12026, 0, 0, 0
32301, 13904, 0, 0, 0
32401, 14973, 0, 0, 0
32502, 14658, 0, 0, 0
32601, 15762, 0, 0, 0
32700, 13919, 0, 0, 0
32801, 12061, 0, 0, 0
32903, 12052, 0, 0, 0
33001, 12174, 0, 0, 0
33102, 14481, 0, 0, 0
33200, 13167, 0, 0, 0
33302, 15340, 0, 0, 0
33400, 13857, 0, 0, 0
33502, 13978, 0, 0, 0
33600, 12773, 0, 0, 0
33701, 12375, 0, 0, 0
33800, 12876, 0, 0, 0
33900, 12880, 0, 0, 0
34000, 14107, 0, 0, 0
34102, 15324, 0, 0, 0
34202, 14858, 0, 0, 0
34300, 13697, 0, 0, 0
34401, 14062, 0, 0, 0
34500, 13487, 0, 0, 0
34600, 12857, 0, 0, 0
34701, 12778, 0, 0, 0
34801, 13572, 0, 0, 0
34901, 15429, 0, 0, 0
35001, 13172, 0, 0, 0
35101, 11987, 0, 0, 0
35201, 14161, 0, 0, 0
35300, 13410, 0, 0, 0
35401, 14178, 0, 0, 0
35500, 15255, 0, 0, 0
35601, 13924, 0, 0, 0
35700, 12466, 0, 0, 0
35802, 12893, 0, 0, 0
35900, 14778, 0, 0, 0
36002, 14556, 0, 0, 0
36101, 12873, 0, 0, 0
36200, 17323, 0, 0, 0
36300, 12198, 0, 0, 0
36401, 16220, 0, 0, 0
36501, 13013, 0, 0, 0
36601, 14938, 0, 0, 0
36700, 12484, 0, 0, 0
36800, 12499, 0, 0, 0
36900, 12791, 0, 0, 0
37001, 13006, 0, 0, 0
37101, 14777, 0, 0, 0
37201, 15111, 0, 0, 0
37302, 13985, 0, 0, 0
37400, 14418, 0, 0, 0
37500, 13908, 0, 0, 0
37600, 13946, 0, 0, 0
37702, 12611, 0, 0, 0
37802, 15574, 0, 0, 0
37902, 13322, 0, 0, 0
38000, 12576, 0, 0, 0
38101, 13513, 0, 0, 0
38200, 13008, 0, 0, 0
38301, 12356, 0, 0, 0
38400, 12999, 0, 0, 0
38500, 12901, 0, 0, 0
38600, 13108, 0, 0, 0
38702, 13256, 0, 0, 0
38800, 13714, 0, 0, 0
38900, 14855, 0, 0, 0
39001, 12476, 0, 0, 0
39101, 13298, 0, 0, 0
39200, 12495, 0, 0, 0
39300, 13306, 0, 0, 0
39401, 17355, 0, 0, 0
39500, 12374, 0, 0, 0
39600, 13911, 0, 0, 0
39701, 12847, 0, 0, 0
39800, 12361, 0, 0, 0
39902, 13127, 0, 0, 0
40000, 12347, 0, 0, 0
40102, 12069, 0, 0, 0
40201, 12772, 0, 0, 0
40301, 13695, 0, 0, 0
40402, 15327, 0, 0, 0
40500, 12426, 0, 0, 0
40602, 13451, 0, 0, 0
40702, 13777, 0, 0, 0
40800, 13686, 0, 0, 0
40900, 12028, 0, 0, 0
41002, 14169, 0, 0, 0
41100, 13636, 0, 0, 0
41200, 12657, 0, 0, 0
41300, 11423, 0, 0, 0
41401, 13414, 0, 0, 0
41501, 12752, 0, 0, 0
41601, 13922, 0, 0, 0
41700, 14328, 0, 0, 0
41800, 14597, 0, 0, 0
41902, 15351, 0, 0, 0
42001, 13071, 0, 0, 0
42101, 13286, 0, 0, 0
42200, 12523, 0, 0, 0
42300, 14594, 0, 0, 0
42402, 13845, 0, 0, 0
42501, 13231, 0, 0, 0
42601, 12081, 0, 0, 0
42700, 12904, 0, 0, 0
42801, 13871, 0, 0, 0
42900, 14825, 0, 0, 0
43002, 12954, 0, 0, 0
43102, 12321, 0, 0, 0
43200, 12578, 0, 0, 0
43300, 12513, 0, 0, 0
43400, 13742, 0, 0, 0
43502, 12170, 0, 0, 0
43600, 13524, 0, 0, 0
43701, 12697, 0, 0, 0
43801, 15782, 0, 0, 0
43901, 13312, 0, 0, 0
44000, 14907, 0, 0, 0
44100, 11404, 0, 0, 0
44200, 11726, 0, 0, 0
44301, 13859, 0, 0, 0
44400, 13398, 0, 0, 0
44500, 15774, 0, 0, 0
44601, 14830, 0, 0, 0
44700, 11742, 0, 0, 0
44800, 13353, 0, 0, 0
44900, 12292, 0, 0, 0
45001, 12912, 0, 0, 0
45102, 12266, 0, 0, 0
45201, 13807, 0, 0, 0
45300, 12000, 0, 0, 0
45400, 12392, 0, 0, 0
45503, 12165, 0, 0, 0
45600, 12577, 0, 0, 0
45700, 12689, 0, 0, 0
45801, 13224, 0, 0, 0
45902, 12833, 0, 0, 0
46001, 14122, 0, 0, 0
46101, 12222, 0, 0, 0
46201, 12259, 0, 0, 0
46302, 12515, 0, 0, 0
46400, 13862, 0, 0, 0
46500, 14533, 0, 0, 0
46600, 13309, 0, 0, 0
46700, 11865, 0, 0, 0
46800, 15545, 0, 0, 0
46901, 14649, 0, 0, 0
47000, 12796, 0, 0, 0
47101, 13935, 0, 0, 0
47202, 14230, 0, 0, 0
47301, 14213, 0, 0, 0
47401, 14002, 0, 0, 0
47500, 14901, 0, 0, 0
47602, 13707, 0, 0, 0
47701, 12866, 0, 0, 0
47801, 11932, 0, 0, 0
47902, 11169, 0, 0, 0
48003, 16601, 0, 0, 0
48100, 15023, 0, 0, 0
48201, 15853, 0, 0, 0
48301, 14454, 0, 0, 0
48402, 12483, 0, 0, 0
48502, 10888, 0, 0, 0
48601, 12471, 0, 0, 0
48702, 12758, 0, 0, 0
48801, 13608, 0, 0, 0
48903, 15252, 0, 0, 0
49001, 14249, 0, 0, 0
49100, 14465, 0, 0, 0
49201, 14085, 0, 0, 0
49302, 13237, 0, 0, 0
49401, 14429, 0, 0, 0
49500, 13483, 0, 0, 0
49600, 14025, 0, 0, 0
49701, 12803, 0, 0, 0
49800, 12526, 0, 0, 0
49900, 14234, 0, 0, 0
50000, 13813, 0, 0, 0
50101, 12729, 0, 0, 0
50201, 14767, 0, 0, 0
50302, 15308, 0, 0, 0
50401, 13810, 0, 0, 0
50500, 15286, 0, 0, 0
50601, 14142, 0, 0, 0
50701, 13026, 0, 0, 0
50802, 13987, 0, 0, 0
50900, 17878, 0, 0, 0
51001, 15521, 0, 0, 0
51101, 16969, 0, 0, 0
51202, 13400, 0, 0, 0
51301, 12945, 0, 0, 0
51400, 13776, 0, 0, 0
51500, 14807, 0, 0, 0
51600, 11577, 0, 0, 0
51700, 15631, 0, 0, 0
51800, 13538, 0, 0, 0
51901, 14260, 0, 0, 0
52001, 12961, 0, 0, 0
52101, 12263, 0, 0, 0
52202, 14127, 0, 0, 0
52301, 14780, 0, 0, 0
52400, 15193, 0, 0, 0
52501, 14786, 0, 0, 0
52601, 14466, 0, 0, 0
52702, 13772, 0, 0, 0
52800, 13726, 0, 0, 0
52900, 14762, 0, 0, 0
53001, 14215, 0, 0, 0
53101, 13773, 0, 0, 0
53202, 14107, 0, 0, 0
53301, 15960, 0, 0, 0
53401, 15586, 0, 0, 0
53501, 13600, 0, 0, 0
53601, 13448, 0, 0, 0
53701, 14502, 0, 0, 0
53801, 13629, 0, 0, 0
53902, 12073, 0, 0, 0
54000, 14368, 0, 0, 0
54100, 14114, 0, 0, 0
54200, 15062, 0, 0, 0
54300, 15427, 0, 0, 0
54402, 13828, 0, 0, 0
54502, 15374, 0, 0, 0
54601, 13453, 0, 0, 0
54702, 13794, 0, 0, 0
54802, 15047, 0, 0, 0
54901, 13801, 0, 0, 0
55000, 17083, 0, 0, 0
55101, 16125, 0, 0, 0
55201, 13058, 0, 0, 0
55300, 12661, 0, 0, 0
55401, 13715, 0, 0, 0
55502, 14770, 0, 0, 0
55601, 14431, 0, 0, 0
55700, 13052, 0, 0, 0
55800, 12639, 0, 0, 0
55900, 12554, 0, 0, 0
56001, 11862, 0, 0, 0
56100, 16484, 0, 0, 0
56202, 13462, 0, 0, 0
56300, 13869, 0, 0, 0
56401, 13731, 0, 0, 0
56502, 15232, 0, 0, 0
56600, 13070, 0, 0, 0
56702, 15067, 0, 0, 0
56800, 14523, 0, 0, 0
56901, 13109, 0, 0, 0
57001, 13880, 0, 0, 0
57102, 15879, 0, 0, 0
57201, 15201, 0, 0, 0
57302, 12805, 0, 0, 0
57401, 15216, 0, 0, 0
57501, 13699, 0, 0, 0
57600, 13116, 0, 0, 0
57701, 14663, 0, 0, 0
57801, 12578, 0, 0, 0
57902, 12851, 0, 0, 0
58002, 12124, 0, 0, 0
58102, 12421, 0, 0, 0
58201, 12981, 0, 0, 0
58300, 11868, 0, 0, 0
58400, 12511, 0, 0, 0
58501, 13804, 0, 0, 0
58602, 12621, 0, 0, 0
58700, 14928, 0, 0, 0
58800, 12958, 0, 0, 0
58900, 11850, 0, 0, 0
59001, 15079, 0, 0, 0
59102, 15552, 0, 0, 0
59201, 15746, 0, 0, 0
59302, 14152, 0, 0, 0
59401, 14528, 0, 0, 0
59501, 15193, 0, 0, 0
59600, 14771, 0, 0, 0
59701, 12649, 0, 0, 0
59801, 13045, 0, 0, 0
59902, 14250, 0, 0, 0
60001, 13793, 0, 0, 0
60101, 14971, 0, 0, 0
60202, 14841, 0, 0, 0
60301, 13770, 0, 0, 0
60400, 15210, 0, 0, 0
60501, 15568, 0, 0, 0
60601, 16170, 0, 0, 0
60701, 13512, 0, 0, 0
60801, 12672, 0, 0, 0
60900, 14216, 0, 0, 0
61001, 13830, 0, 0, 0
61101, 12984, 0, 0, 0
61201, 13746, 0, 0, 0
61301, 14727, 0, 0, 0
61400, 15082, 0, 0, 0
61502, 15759, 0, 0, 0
61600, 14590, 0, 0, 0
61702, 12897, 0, 0, 0
61800, 13002, 0, 0, 0
61901, 14100, 0, 0, 0
62002, 13282, 0, 0, 0
62101, 12527, 0, 0, 0
62201, 15035, 0, 0, 0
62302, 16045, 0, 0, 0
62402, 12945, 0, 0, 0
62501, 11383, 0, 0, 0
62601, 14187, 0, 0, 0
62701, 13383, 0, 0, 0
62802, 14873, 0, 0, 0
62900, 14289, 0, 0, 0
63001, 12904, 0, 0, 0
63100, 12507, 0, 0, 0
63202, 12340, 0, 0, 0
63301, 14046, 0, 0, 0
63401, 13096, 0, 0, 0
63500, 12427, 0, 0, 0
63600, 13187, 0, 0, 0
63700, 12107, 0, 0, 0
63801, 12778, 0, 0, 0
63901, 14644, 0, 0, 0
64000, 14652, 0, 0, 0
64100, 15416, 0, 0, 0
64202, 12937, 0, 0, 0
64302, 14337, 0, 0, 0
64401, 13492, 0, 0, 0
64500, 15222, 0, 0, 0
64600, 16145, 0, 0, 0
64702, 16406, 0, 0, 0
64800, 13721, 0, 0, 0
64903, 14503, 0, 0, 0
65000, 14108, 0, 0, 0
65101, 17448, 0, 0, 0
65201, 14615, 0, 0, 0
65301, 16279, 0, 0, 0
65401, 13786, 0, 0, 0
65501, 13164, 0, 0, 0
65602, 13538, 0, 0, 0
65701, 14166, 0, 0, 0
65802, 13262, 0, 0, 0
65900, 12657, 0, 0, 0
66000, 13825, 0, 0, 0
66100, 14964, 0, 0, 0
66201, 15339, 0, 0, 0
66300, 12879, 0, 0, 0
66401, 14455, 0, 0, 0
66502, 12590, 0, 0, 0
66601, 13117, 0, 0, 0
66701, 13620, 0, 0, 0
66802, 14033, 0, 0, 0
66901, 13367, 0, 0, 0
67001, 14586, 0, 0, 0
67102, 13231, 0, 0, 0
67200, 15782, 0, 0, 0
67300, 14351, 0, 0, 0
67401, 13398, 0, 0, 0
67500, 14477, 0, 0, 0
67602, 15650, 0, 0, 0
67701, 14373, 0, 0, 0
67801, 12618, 0, 0, 0
67902, 14061, 0, 0, 0
68002, 15419, 0, 0, 0
68101, 15116, 0, 0, 0
68202, 16954, 0, 0, 0
68301, 14536, 0, 0, 0
68400, 13193, 0, 0, 0
68502, 13305, 0, 0, 0
68601, 16316, 0, 0, 0
68702, 13778, 0, 0, 0
68801, 13647, 0, 0, 0
68900, 11688, 0, 0, 0
69000, 11729, 0, 0, 0
69100, 14215, 0, 0, 0
69201, 15639, 0, 0, 0
69301, 14804, 0, 0, 0
69400, 14506, 0, 0, 0
69502, 13520, 0, 0, 0
69602, 14317, 0, 0, 0
69702, 12087, 0, 0, 0
69801, 14748, 0, 0, 0
69901, 15491, 0, 0, 0
70001, 14723, 0, 0, 0
70100, 13632, 0, 0, 0
70200, 13004, 0, 0, 0
70301, 15832, 0, 0, 0
70401, 13909, 0, 0, 0
70501, 14561, 0, 0, 0
70602, 12286, 0, 0, 0
70700, 12513, 0, 0, 0
70802, 15026, 0, 0, 0
70900, 17088, 0, 0, 0
71000, 13608, 0, 0, 0
71100, 13170, 0, 0, 0
71200, 14515, 0, 0, 0
71302, 14065, 0, 0, 0
71400, 14924, 0, 0, 0
71501, 12867, 0, 0, 0
71602, 14459, 0, 0, 0
71701, 13531, 0, 0, 0
71800, 12628, 0, 0, 0
71900, 14913, 0, 0, 0
72000, 14082, 0, 0, 0
72100, 16435, 0, 0, 0
72201, 15564, 0, 0, 0
72301, 14755, 0, 0, 0
72401, 12422, 0, 0, 0
72501, 16959, 0, 0, 0
72601, 14828, 0, 0, 0
72700, 14185, 0, 0, 0
72801, 15776, 0, 0, 0
72902, 13097, 0, 0, 0
73000, 13335, 0, 0, 0
73100, 12790, 0, 0, 0
73201, 13041, 0, 0, 0
73301, 13615, 0, 0, 0
73400, 13777, 0, 0, 0
73501, 14155, 0, 0, 0
73600, 11816, 0, 0, 0
73702, 12553, 0, 0, 0
73800, 13737, 0, 0, 0
73900, 14647, 0, 0, 0
74000, 12858, 0, 0, 0
74100, 13600, 0, 0, 0
74200, 13265, 0, 0, 0
74301, 13762, 0, 0, 0
74401, 14097, 0, 0, 0
74501, 12612, 0, 0, 0
74600, 13908, 0, 0, 0
74702, 15091, 0, 0, 0
74801, 16186, 0, 0, 0
74902, 14396, 0, 0, 0
75001, 13123, 0, 0, 0
75100, 12698, 0, 0, 0
75201, 12398, 0, 0, 0
75300, 12151, 0, 0, 0
75401, 12727, 0, 0, 0
75501, 13066, 0, 0, 0
75600, 11724, 0, 0, 0
75701, 13796, 0, 0, 0
75802, 13286, 0, 0, 0
75902, 13447, 0, 0, 0
76001, 14289, 0, 0, 0
76101, 11824, 0, 0, 0
76201, 11551, 0, 0, 0
76301, 12325, 0, 0, 0
76401, 12539, 0, 0, 0
76500, 12839, 0, 0, 0
76600, 12528, 0, 0, 0
76701, 13572, 0, 0, 0
76800, 13413, 0, 0, 0
76900, 12518, 0, 0, 0
77000, 12367, 0, 0, 0
77100, 14141, 0, 0, 0
77201, 14027, 0, 0, 0
77300, 13361, 0, 0, 0
77400, 15869, 0, 0, 0
77502, 12102, 0, 0, 0
77600, 14513, 0, 0, 0
77701, 12961, 0, 0, 0
77800, 13755, 0, 0, 0
77900, 15782, 0, 0, 0
78002, 14126, 0, 0, 0
78100, 15449, 0, 0, 0
78202, 15937, 0, 0, 0
78302, 13929, 0, 0, 0
78402, 16199, 0, 0, 0
78501, 12689, 0, 0, 0
78600, 13117, 0, 0, 0
78700, 15505, 0, 0, 0
78800, 13413, 0, 0, 0
78900, 12418, 0, 0, 0
79001, 16266, 0, 0, 0
79101, 13580, 0, 0, 0
79202, 14429, 0, 0, 0
79302, 14609, 0, 0, 0
79401, 13019, 0, 0, 0
79501, 12843, 0, 0, 0
79601, 11373, 0, 0, 0
79702, 13508, 0, 0, 0
79800, 12231, 0, 0, 0
79901, 12136, 0, 0, 0
80000, 12294, 0, 0, 0
80100, 14138, 0, 0, 0
80200, 12956, 0, 0, 0
80300, 14164, 0, 0, 0
80400, 15041, 0, 0, 0
80500, 12832, 0, 0, 0
80601, 12291, 0, 0, 0
80700, 14297, 0, 0, 0
80800, 15216, 0, 0, 0
80900, 13437, 0, 0, 0
81000, 11592, 0, 0, 0
81101, 12393, 0, 0, 0
81201, 14846, 0, 0, 0
81300, 12566, 0, 0, 0
81401, 11772, 0, 0, 0
81500, 13958, 0, 0, 0
81600, 12762, 0, 0, 0
81700, 14067, 0, 0, 0
81802, 13144, 0, 0, 0
81900, 14821, 0, 0, 0
82002, 14403, 0, 0, 0
82102, 15834, 0, 0, 0
82202, 14228, 0, 0, 0
82301, 11805, 0, 0, 0
82400, 14452, 0, 0, 0
82502, 12751, 0, 0, 0
82600, 12191, 0, 0, 0
82700, 14154, 0, 0, 0
82802, 15250, 0, 0, 0
82901, 13306, 0, 0, 0
83002, 14229, 0, 0, 0
83100, 14828, 0, 0, 0
83201, 13233, 0, 0, 0
83300, 12673, 0, 0, 0
83400, 12950, 0, 0, 0
83501, 12301, 0, 0, 0
83601, 11414, 0, 0, 0
83701, 12773, 0, 0, 0
83801, 12711, 0, 0, 0
83901, 12395, 0, 0, 0
84001, 12138, 0, 0, 0
84100, 12414, 0, 0, 0
84202, 12998, 0, 0, 0
84300, 12941, 0, 0, 0
84400, 11522, 0, 0, 0
84502, 13347, 0, 0, 0
84601, 12920, 0, 0, 0
84700, 16501, 0, 0, 0
84800, 13365, 0, 0, 0
84900, 12071, 0, 0, 0
85001, 14378, 0, 0, 0
85100, 11893, 0, 0, 0
85201, 14250, 0, 0, 0
85300, 14861, 0, 0, 0
85400, 12888, 0, 0, 0
85500, 13413, 0, 0, 0
85600, 11903, 0, 0, 0
85701, 12676, 0, 0, 0
85800, 11436, 0, 0, 0
85901, 12977, 0, 0, 0
86000, 12794, 0, 0, 0
86101, 14143, 0, 0, 0
86200, 17077, 0, 0, 0
86301, 12251, 0, 0, 0
86400, 11934, 0, 0, 0
86502, 14007, 0, 0, 0
86601, 16708, 0, 0, 0
86702, 16006, 0, 0, 0
86803, 14098, 0, 0, 0
86901, 13616, 0, 0, 0
87002, 11874, 0, 0, 0
87100, 12730, 0, 0, 0
87200, 13252, 0, 0, 0
87300, 13177, 0, 0, 0
87400, 12971, 0, 0, 0
87501, 14033, 0, 0, 0
87602, 12085, 0, 0, 0
87702, 11271, 0, 0, 0
87800, 12694, 0, 0, 0
87901, 12542, 0, 0, 0
88001, 12640, 0, 0, 0
88102, 12649, 0, 0, 0
88203, 11957, 0, 0, 0
88301, 12765, 0, 0, 0
88400, 13261, 0, 0, 0
88502, 14925, 0, 0, 0
88601, 14581, 0, 0, 0
88702, 16784, 0, 0, 0
88801, 15539, 0, 0, 0
88902, 12556, 0, 0, 0
89000, 16834, 0, 0, 0
89101, 13269, 0, 0, 0
89200, 14170, 0, 0, 0
89302, 12756, 0, 0, 0
89401, 13050, 0, 0, 0
89501, 13019, 0, 0, 0
89602, 13593, 0, 0, 0
89700, 14948, 0, 0, 0
89801, 11696, 0, 0, 0
89902, 12842, 0, 0, 0
90000, 14576, 0, 0, 0
