100, 748102, 0, 0, 0
103, 1051532, 1, 0, 0
200, 1132095, 1, 0, 0
202, 691960, 0, 0, 0
300, 705905, 0, 0, 0
303, 1068040, 1, 0, 0
400, 660009, 0, 0, 0
404, 1048679, 1, 0, 0
500, 1068768, 1, 0, 0
500, 672363, 0, 0, 0
600, 672015, 0, 0, 0
602, 1038891, 1, 0, 0
700, 748335, 0, 0, 0
702, 1172918, 1, 0, 0
800, 1120200, 1, 0, 0
800, 696689, 0, 0, 0
900, 699647, 0, 0, 0
905, 1207020, 1, 0, 0
1000, 1197027, 1, 0, 0
1002, 709248, 0, 0, 0
1100, 731041, 0, 0, 0
1102, 1104149, 1, 0, 0
1200, 1036142, 1, 0, 0
1202, 716827, 0, 0, 0
1300, 745698, 0, 0, 0
1304, 1153697, 1, 0, 0
1400, 692436, 0, 0, 0
1402, 1189910, 1, 0, 0
1500, 1200365, 1, 0, 0
1501, 697565, 0, 0, 0
1600, 1144833, 1, 0, 0
1603, 693154, 0, 0, 0
1700, 733884, 0, 0, 0
1701, 1112007, 1, 0, 0
1800, 701378, 0, 0, 0
1803, 1094960, 1, 0, 0
1901, 1067575, 1, 0, 0
1901, 682556, 0, 0, 0
2000, 1243751, 1, 0, 0
2001, 719145, 0, 0, 0
2100, 696199, 0, 0, 0
2101, 1191419, 1, 0, 0
2200, 1110656, 1, 0, 0
2200, 721139, 0, 0, 0
2300, 660277, 0, 0, 0
2301, 1213994, 1, 0, 0
2400, 664467, 0, 0, 0
2402, 1231399, 1, 0, 0
2500, 700970, 0, 0, 0
2501, 1079140, 1, 0, 0
2600, 1190781, 1, 0, 0
2601, 705042, 0, 0, 0
2700, 680907, 0, 0, 0
2704, 1226602, 1, 0, 0
2800, 707938, 0, 0, 0
2801, 1154300, 1, 0, 0
2900, 1168733, 1, 0, 0
2901, 697492, 0, 0, 0
3000, 696543, 0, 0, 0
3003, 1086324, 1, 0, 0
3100, 683296, 0, 0, 0
3101, 1089531, 1, 0, 0
3200, 667791, 0, 0, 0
3206, 1178922, 1, 0, 0
3300, 748536, 0, 0, 0
3301, 1130576, 1, 0, 0
3400, 724078, 0, 0, 0
3401, 1180187, 1, 0, 0
3500, 666859, 0, 0, 0
3507, 1163625, 1, 0, 0
3600, 709129, 0, 0, 0
3601, 1194118, 1, 0, 0
3700, 1241427, 1, 0, 0
3701, 711649, 0, 0, 0
3800, 718661, 0, 0, 0
3805, 1169274, 1, 0, 0
3900, 688985, 0, 0, 0
3905, 1239610, 1, 0, 0
4000, 1189753, 1, 0, 0
4001, 669650, 0, 0, 0
4101, 1168148, 1, 0, 0
4101, 681393, 0, 0, 0
4200, 717891, 0, 0, 0
4210, 1207010, 1, 0, 0
4300, 1116817, 1, 0, 0
4301, 708542, 0, 0, 0
4400, 727976, 0, 0, 0
4402, 1176852, 1, 0, 0
4500, 1198355, 1, 0, 0
4500, 717321, 0, 0, 0
4600, 1091319, 1, 0, 0
4600, 715967, 0, 0, 0
4701, 1134208, 1, 0, 0
4701, 699512, 0, 0, 0
4800, 1104845, 1, 0, 0
4800, 721889, 0, 0, 0
4900, 698159, 0, 0, 0
4902, 1182015, 1, 0, 0
5000, 691510, 0, 0, 0
5003, 1105153, 1, 0, 0
5100, 676625, 0, 0, 0
5101, 1166592, 1, 0, 0
5200, 690353, 0, 0, 0
5202, 1137990, 1, 0, 0
5300, 725244, 0, 0, 0
5301, 1078434, 1, 0, 0
5400, 1186161, 1, 0, 0
5400, 698004, 0, 0, 0
5500, 685539, 0, 0, 0
5502, 1191473, 1, 0, 0
5600, 1123493, 1, 0, 0
5601, 705940, 0, 0, 0
5700, 693566, 0, 0, 0
5702, 1220474, 1, 0, 0
5800, 683266, 0, 0, 0
5801, 1170877, 1, 0, 0
5900, 669981, 0, 0, 0
5902, 1129136, 1, 0, 0
6001, 1136951, 1, 0, 0
6004, 684989, 0, 0, 0
6100, 699841, 0, 0, 0
6101, 1193894, 1, 0, 0
6200, 1168816, 1, 0, 0
6201, 699130, 0, 0, 0
6300, 673878, 0, 0, 0
6301, 1054473, 1, 0, 0
6400, 1193337, 1, 0, 0
6401, 672585, 0, 0, 0
6500, 673823, 0, 0, 0
6500, 1105902, 1, 0, 0
6600, 1116944, 1, 0, 0
6602, 684124, 0, 0, 0
6700, 1076701, 1, 0, 0
6701, 667445, 0, 0, 0
6800, 718601, 0, 0, 0
6805, 1152704, 1, 0, 0
6900, 714331, 0, 0, 0
6906, 1127857, 1, 0, 0
7000, 679680, 0, 0, 0
7003, 1224840, 1, 0, 0
7100, 689358, 0, 0, 0
7105, 1212473, 1, 0, 0
7200, 1112637, 1, 0, 0
7202, 700094, 0, 0, 0
7300, 1151069, 1, 0, 0
7301, 687529, 0, 0, 0
7400, 728548, 0, 0, 0
7401, 1219453, 1, 0, 0
7500, 1239581, 1, 0, 0
7501, 696461, 0, 0, 0
7600, 682112, 0, 0, 0
7603, 1119623, 1, 0, 0
7700, 677168, 0, 0, 0
7701, 1095290, 1, 0, 0
7801, 1174519, 1, 0, 0
7802, 701611, 0, 0, 0
7900, 1165811, 1, 0, 0
7901, 683450, 0, 0, 0
8000, 716968, 0, 0, 0
8003, 1162391, 1, 0, 0
8100, 1205923, 1, 0, 0
8101, 674001, 0, 0, 0
8200, 726093, 0, 0, 0
8201, 1157762, 1, 0, 0
8300, 703814, 0, 0, 0
8302, 1112862, 1, 0, 0
8400, 714259, 0, 0, 0
8402, 1167583, 1, 0, 0
8501, 1180980, 1, 0, 0
8503, 713881, 0, 0, 0
8600, 1056070, 1, 0, 0
8601, 713694, 0, 0, 0
8700, 688255, 0, 0, 0
8701, 1161920, 1, 0, 0
8800, 723794, 0, 0, 0
8802, 1167439, 1, 0, 0
8900, 1149467, 1, 0, 0
8901, 707085, 0, 0, 0
9001, 1209999, 1, 0, 0
9001, 679674, 0, 0, 0
9100, 725818, 0, 0, 0
9103, 1118734, 1, 0, 0
9200, 693395, 0, 0, 0
9201, 1131147, 1, 0, 0
9300, 1179002, 1, 0, 0
9302, 677148, 0, 0, 0
9400, 685609, 0, 0, 0
9402, 1133475, 1, 0, 0
9500, 669494, 0, 0, 0
9502, 1144451, 1, 0, 0
9600, 654196, 0, 0, 0
9601, 1087106, 1, 0, 0
9700, 660246, 0, 0, 0
9701, 1233784, 1, 0, 0
9800, 698374, 0, 0, 0
9802, 1140216, 1, 0, 0
9900, 665790, 0, 0, 0
9901, 1039277, 1, 0, 0
10000, 1080777, 1, 0, 0
10001, 704049, 0, 0, 0
10100, 706347, 0, 0, 0
10101, 1111322, 1, 0, 0
10200, 662762, 0, 0, 0
10204, 1110471, 1, 0, 0
10300, 696756, 0, 0, 0
10303, 1141698, 1, 0, 0
10400, 1078756, 1, 0, 0
10401, 676212, 0, 0, 0
10500, 673311, 0, 0, 0
10503, 1165910, 1, 0, 0
10600, 754101, 0, 0, 0
10602, 1108643, 1, 0, 0
10700, 678231, 0, 0, 0
10701, 1071785, 1, 0, 0
10800, 715224, 0, 0, 0
10802, 1097344, 1, 0, 0
10900, 1109777, 1, 0, 0
10901, 701777, 0, 0, 0
11000, 719273, 0, 0, 0
11001, 1237264, 1, 0, 0
11100, 1124817, 1, 0, 0
11101, 672261, 0, 0, 0
11200, 691983, 0, 0, 0
11202, 1120897, 1, 0, 0
11300, 701703, 0, 0, 0
11305, 1092275, 1, 0, 0
11400, 694899, 0, 0, 0
11403, 1107031, 1, 0, 0
11501, 1170833, 1, 0, 0
11501, 659190, 0, 0, 0
11600, 1157206, 1, 0, 0
11600, 703445, 0, 0, 0
11700, 675590, 0, 0, 0
11701, 1205816, 1, 0, 0
11800, 720049, 0, 0, 0
11802, 1133385, 1, 0, 0
11900, 735684, 0, 0, 0
11901, 1314060, 1, 0, 0
12000, 684694, 0, 0, 0
12011, 1038175, 1, 0, 0
12100, 700046, 0, 0, 0
12106, 1112399, 1, 0, 0
12200, 1110764, 1, 0, 0
12201, 669774, 0, 0, 0
12301, 1093102, 1, 0, 0
12302, 690741, 0, 0, 0
12401, 1245096, 1, 0, 0
12403, 690258, 0, 0, 0
12500, 719846, 0, 0, 0
12504, 1199135, 1, 0, 0
12600, 1158987, 1, 0, 0
12602, 712284, 0, 0, 0
12700, 1097444, 1, 0, 0
12701, 679460, 0, 0, 0
12800, 1106323, 1, 0, 0
12801, 703311, 0, 0, 0
12900, 699957, 0, 0, 0
12901, 1207373, 1, 0, 0
13000, 702900, 0, 0, 0
13005, 1119189, 1, 0, 0
13100, 695830, 0, 0, 0
13109, 1149627, 1, 0, 0
13200, 707983, 0, 0, 0
13202, 1257267, 1, 0, 0
13300, 1170178, 1, 0, 0
13301, 684613, 0, 0, 0
13401, 1223274, 1, 0, 0
13404, 720253, 0, 0, 0
13500, 1089787, 1, 0, 0
13501, 686583, 0, 0, 0
13600, 687060, 0, 0, 0
13608, 1190277, 1, 0, 0
13700, 1125140, 1, 0, 0
13701, 696972, 0, 0, 0
13800, 723022, 0, 0, 0
13801, 1125096, 1, 0, 0
13900, 1187561, 1, 0, 0
13900, 704076, 0, 0, 0
14000, 1172050, 1, 0, 0
14001, 683486, 0, 0, 0
14100, 685880, 0, 0, 0
14100, 1161500, 1, 0, 0
14200, 1164811, 1, 0, 0
14201, 732310, 0, 0, 0
14301, 1142522, 1, 0, 0
14304, 706743, 0, 0, 0
14400, 719026, 0, 0, 0
14402, 1173259, 1, 0, 0
14500, 682947, 0, 0, 0
14508, 1130541, 1, 0, 0
14600, 681188, 0, 0, 0
14604, 1149363, 1, 0, 0
14700, 1120842, 1, 0, 0
14701, 660176, 0, 0, 0
14800, 1101976, 1, 0, 0
14801, 703928, 0, 0, 0
14900, 1217328, 1, 0, 0
14900, 718377, 0, 0, 0
15000, 693442, 0, 0, 0
15001, 1125276, 1, 0, 0
15100, 1108657, 1, 0, 0
15101, 688697, 0, 0, 0
15200, 661034, 0, 0, 0
15201, 1197632, 1, 0, 0
15300, 1163831, 1, 0, 0
15301, 698027, 0, 0, 0
15400, 699197, 0, 0, 0
15401, 1235450, 1, 0, 0
15500, 700987, 0, 0, 0
15506, 1085442, 1, 0, 0
15600, 1130398, 1, 0, 0
15601, 742298, 0, 0, 0
15700, 684336, 0, 0, 0
15703, 1112956, 1, 0, 0
15800, 712544, 0, 0, 0
15802, 1161097, 1, 0, 0
15900, 1163623, 1, 0, 0
15900, 715893, 0, 0, 0
16000, 1089811, 1, 0, 0
16001, 684378, 0, 0, 0
16101, 1106690, 1, 0, 0
16101, 693730, 0, 0, 0
16200, 729044, 0, 0, 0
16203, 1119051, 1, 0, 0
16300, 693913, 0, 0, 0
16301, 1191739, 1, 0, 0
16400, 718351, 0, 0, 0
16406, 1112017, 1, 0, 0
16500, 698421, 0, 0, 0
16505, 1117523, 1, 0, 0
16600, 661458, 0, 0, 0
16601, 1124994, 1, 0, 0
16701, 1214148, 1, 0, 0
16705, 692620, 0, 0, 0
16800, 701109, 0, 0, 0
16802, 1122965, 1, 0, 0
16900, 718859, 0, 0, 0
16901, 1186494, 1, 0, 0
17000, 1128973, 1, 0, 0
17001, 716471, 0, 0, 0
17100, 1234285, 1, 0, 0
17101, 716692, 0, 0, 0
17201, 1213049, 1, 0, 0
17202, 717760, 0, 0, 0
17300, 722319, 0, 0, 0
17302, 1155248, 1, 0, 0
17400, 1124033, 1, 0, 0
17403, 688973, 0, 0, 0
17500, 690260, 0, 0, 0
17501, 1145938, 1, 0, 0
17600, 726727, 0, 0, 0
17601, 1129811, 1, 0, 0
17701, 1168908, 1, 0, 0
17701, 707312, 0, 0, 0
17800, 1115332, 1, 0, 0
17801, 710575, 0, 0, 0
17901, 705921, 0, 0, 0
17908, 1138292, 1, 0, 0
18000, 1169820, 1, 0, 0
18000, 691809, 0, 0, 0
18100, 712812, 0, 0, 0
18103, 1147237, 1, 0, 0
18200, 671856, 0, 0, 0
18202, 1143743, 1, 0, 0
18300, 699276, 0, 0, 0
18306, 1169538, 1, 0, 0
18401, 1109368, 1, 0, 0
18404, 745880, 0, 0, 0
18500, 698193, 0, 0, 0
18503, 1129843, 1, 0, 0
18600, 1237854, 1, 0, 0
18601, 664714, 0, 0, 0
18700, 710372, 0, 0, 0
18701, 1096322, 1, 0, 0
18800, 702238, 0, 0, 0
18801, 1222409, 1, 0, 0
18900, 728908, 0, 0, 0
18902, 1139763, 1, 0, 0
19000, 682909, 0, 0, 0
19004, 1130078, 1, 0, 0
19100, 752068, 0, 0, 0
19106, 1201186, 1, 0, 0
19200, 684872, 0, 0, 0
19202, 1107289, 1, 0, 0
19300, 685164, 0, 0, 0
19303, 1140863, 1, 0, 0
19400, 1165992, 1, 0, 0
19403, 705010, 0, 0, 0
19500, 721863, 0, 0, 0
19501, 1122872, 1, 0, 0
19600, 680858, 0, 0, 0
19607, 1129897, 1, 0, 0
19700, 1134962, 1, 0, 0
19703, 683691, 0, 0, 0
19802, 1105368, 1, 0, 0
19803, 714653, 0, 0, 0
19901, 1147358, 1, 0, 0
19901, 699118, 0, 0, 0
20000, 1157089, 1, 0, 0
20000, 715582, 0, 0, 0
20100, 716821, 0, 0, 0
20101, 1209601, 1, 0, 0
20200, 1124483, 1, 0, 0
20201, 719458, 0, 0, 0
20300, 1249318, 1, 0, 0
20301, 683362, 0, 0, 0
20400, 1151492, 1, 0, 0
20401, 700555, 0, 0, 0
20500, 707674, 0, 0, 0
20504, 1120605, 1, 0, 0
20600, 700192, 0, 0, 0
20601, 1252760, 1, 0, 0
20700, 1116784, 1, 0, 0
20700, 723240, 0, 0, 0
20800, 697494, 0, 0, 0
20805, 1116969, 1, 0, 0
20900, 674604, 0, 0, 0
20903, 1145004, 1, 0, 0
21000, 699351, 0, 0, 0
21006, 1092668, 1, 0, 0
21100, 652831, 0, 0, 0
21102, 1091714, 1, 0, 0
21200, 686220, 0, 0, 0
21206, 1190430, 1, 0, 0
21300, 716438, 0, 0, 0
21302, 1124190, 1, 0, 0
21400, 707439, 0, 0, 0
21402, 1180731, 1, 0, 0
21500, 683766, 0, 0, 0
21502, 1103007, 1, 0, 0
21600, 690287, 0, 0, 0
21601, 1128396, 1, 0, 0
21700, 1319167, 1, 0, 0
21702, 708814, 0, 0, 0
21800, 675018, 0, 0, 0
21800, 1117459, 1, 0, 0
21900, 1176797, 1, 0, 0
21901, 693889, 0, 0, 0
22000, 702383, 0, 0, 0
22002, 1150323, 1, 0, 0
22100, 672350, 0, 0, 0
22110, 1154761, 1, 0, 0
22200, 729582, 0, 0, 0
22201, 1139728, 1, 0, 0
22300, 707075, 0, 0, 0
22301, 1139380, 1, 0, 0
22400, 694214, 0, 0, 0
22402, 1152816, 1, 0, 0
22500, 1116851, 1, 0, 0
22500, 706182, 0, 0, 0
22600, 665742, 0, 0, 0
22601, 1185707, 1, 0, 0
22700, 1114130, 1, 0, 0
22701, 680904, 0, 0, 0
22800, 686650, 0, 0, 0
22801, 1117165, 1, 0, 0
22900, 1107858, 1, 0, 0
22900, 680568, 0, 0, 0
23000, 684887, 0, 0, 0
23001, 1130357, 1, 0, 0
23101, 1168105, 1, 0, 0
23101, 711593, 0, 0, 0
23200, 1108962, 1, 0, 0
23202, 693226, 0, 0, 0
23300, 1186183, 1, 0, 0
23301, 717978, 0, 0, 0
23400, 1061363, 1, 0, 0
23401, 749925, 0, 0, 0
23500, 1113549, 1, 0, 0
23501, 683014, 0, 0, 0
23600, 726532, 0, 0, 0
23604, 1166941, 1, 0, 0
23700, 689556, 0, 0, 0
23702, 1124520, 1, 0, 0
23800, 682134, 0, 0, 0
23801, 1195550, 1, 0, 0
23900, 694805, 0, 0, 0
23902, 1188153, 1, 0, 0
24000, 683566, 0, 0, 0
24001, 1173574, 1, 0, 0
24100, 1199025, 1, 0, 0
24101, 683725, 0, 0, 0
24200, 700905, 0, 0, 0
24202, 1164426, 1, 0, 0
24300, 1134048, 1, 0, 0
24300, 718100, 0, 0, 0
24400, 694566, 0, 0, 0
24402, 1275697, 1, 0, 0
24500, 674112, 0, 0, 0
24501, 1109981, 1, 0, 0
24600, 1126056, 1, 0, 0
24600, 666796, 0, 0, 0
24700, 735142, 0, 0, 0
24703, 1132958, 1, 0, 0
24800, 705470, 0, 0, 0
24801, 1167144, 1, 0, 0
24900, 695334, 0, 0, 0
24902, 1129625, 1, 0, 0
25000, 691779, 0, 0, 0
25003, 1069336, 1, 0, 0
25100, 684496, 0, 0, 0
25101, 1158034, 1, 0, 0
25200, 1223768, 1, 0, 0
25200, 713461, 0, 0, 0
25301, 1128074, 1, 0, 0
25304, 715977, 0, 0, 0
25400, 1143518, 1, 0, 0
25401, 643742, 0, 0, 0
25500, 728143, 0, 0, 0
25502, 1108172, 1, 0, 0
25600, 708455, 0, 0, 0
25604, 1168446, 1, 0, 0
25701, 694196, 0, 0, 0
25702, 1104329, 1, 0, 0
25800, 1158849, 1, 0, 0
25804, 710345, 0, 0, 0
25900, 678037, 0, 0, 0
25901, 1158383, 1, 0, 0
26000, 719036, 0, 0, 0
26005, 1095445, 1, 0, 0
26100, 681104, 0, 0, 0
26102, 1161041, 1, 0, 0
26200, 743788, 0, 0, 0
26208, 1097653, 1, 0, 0
26300, 700292, 0, 0, 0
26306, 1157346, 1, 0, 0
26400, 1286057, 1, 0, 0
26401, 712897, 0, 0, 0
26500, 711927, 0, 0, 0
26505, 1153608, 1, 0, 0
26600, 705859, 0, 0, 0
26602, 1137282, 1, 0, 0
26700, 688634, 0, 0, 0
26701, 1170842, 1, 0, 0
26800, 696661, 0, 0, 0
26804, 1157699, 1, 0, 0
26900, 686707, 0, 0, 0
26901, 1179239, 1, 0, 0
27000, 694732, 0, 0, 0
27001, 1110350, 1, 0, 0
27100, 730155, 0, 0, 0
27108, 1103102, 1, 0, 0
27200, 1227998, 1, 0, 0
27200, 690494, 0, 0, 0
27300, 1084650, 1, 0, 0
27301, 685804, 0, 0, 0
27401, 707554, 0, 0, 0
27403, 1186460, 1, 0, 0
27500, 692273, 0, 0, 0
27501, 1111047, 1, 0, 0
27600, 1117095, 1, 0, 0
27602, 696067, 0, 0, 0
27700, 1058633, 1, 0, 0
27701, 693970, 0, 0, 0
27800, 714583, 0, 0, 0
27802, 1105746, 1, 0, 0
27900, 1138492, 1, 0, 0
27901, 660602, 0, 0, 0
28000, 733566, 0, 0, 0
28001, 1122043, 1, 0, 0
28100, 732404, 0, 0, 0
28106, 1186679, 1, 0, 0
28200, 673296, 0, 0, 0
28201, 1119197, 1, 0, 0
28301, 1090002, 1, 0, 0
28301, 699326, 0, 0, 0
28400, 721716, 0, 0, 0
28401, 1181526, 1, 0, 0
28500, 706210, 0, 0, 0
28501, 1140433, 1, 0, 0
28600, 687112, 0, 0, 0
28601, 1167761, 1, 0, 0
28701, 1142619, 1, 0, 0
28701, 704354, 0, 0, 0
28800, 724185, 0, 0, 0
28802, 1152536, 1, 0, 0
28900, 1147657, 1, 0, 0
28900, 704591, 0, 0, 0
29001, 1111102, 1, 0, 0
29001, 702281, 0, 0, 0
29101, 1222032, 1, 0, 0
29102, 705979, 0, 0, 0
29200, 717363, 0, 0, 0
29201, 1227216, 1, 0, 0
29300, 698212, 0, 0, 0
29301, 1143769, 1, 0, 0
29400, 696014, 0, 0, 0
29402, 1121303, 1, 0, 0
29500, 1104779, 1, 0, 0
29504, 694396, 0, 0, 0
29600, 1137183, 1, 0, 0
29601, 686170, 0, 0, 0
29700, 1102261, 1, 0, 0
29700, 706467, 0, 0, 0
29800, 1058778, 1, 0, 0
29802, 697180, 0, 0, 0
29901, 1104225, 1, 0, 0
29901, 696598, 0, 0, 0
30000, 687775, 0, 0, 0
30001, 1170287, 1, 0, 0
30100, 689873, 0, 0, 0
30102, 1187140, 1, 0, 0
30201, 1109118, 1, 0, 0
30201, 685987, 0, 0, 0
30300, 729542, 0, 0, 0
30301, 1251085, 1, 0, 0
30400, 717204, 0, 0, 0
30408, 1154129, 1, 0, 0
30500, 1111038, 1, 0, 0
30501, 683605, 0, 0, 0
30600, 692597, 0, 0, 0
30607, 1241587, 1, 0, 0
30700, 1059112, 1, 0, 0
30700, 681413, 0, 0, 0
30800, 741053, 0, 0, 0
30804, 1129546, 1, 0, 0
30900, 1157055, 1, 0, 0
30901, 732532, 0, 0, 0
31000, 692983, 0, 0, 0
31003, 1263436, 1, 0, 0
31100, 726926, 0, 0, 0
31104, 1163872, 1, 0, 0
31200, 1115243, 1, 0, 0
31200, 687676, 0, 0, 0
31300, 712660, 0, 0, 0
31301, 1180710, 1, 0, 0
31400, 721788, 0, 0, 0
31401, 1114645, 1, 0, 0
31500, 1150718, 1, 0, 0
31502, 675113, 0, 0, 0
31600, 692813, 0, 0, 0
31607, 1220967, 1, 0, 0
31700, 748201, 0, 0, 0
31703, 1141266, 1, 0, 0
31800, 692786, 0, 0, 0
31802, 1182480, 1, 0, 0
31900, 696481, 0, 0, 0
31901, 1155081, 1, 0, 0
32000, 713278, 0, 0, 0
32006, 1163437, 1, 0, 0
32100, 737079, 0, 0, 0
32104, 1053778, 1, 0, 0
32200, 722684, 0, 0, 0
32202, 1157591, 1, 0, 0
32300, 741254, 0, 0, 0
32301, 1133430, 1, 0, 0
32400, 693358, 0, 0, 0
32401, 1162202, 1, 0, 0
32500, 710055, 0, 0, 0
32502, 1224832, 1, 0, 0
32600, 692832, 0, 0, 0
32601, 1158804, 1, 0, 0
32700, 697937, 0, 0, 0
32701, 1130947, 1, 0, 0
32801, 1242928, 1, 0, 0
32801, 717384, 0, 0, 0
32900, 713914, 0, 0, 0
32901, 1199084, 1, 0, 0
33000, 1157283, 1, 0, 0
33004, 691040, 0, 0, 0
33100, 1117269, 1, 0, 0
33101, 705915, 0, 0, 0
33200, 740843, 0, 0, 0
33203, 1207623, 1, 0, 0
33300, 1113859, 1, 0, 0
33302, 710082, 0, 0, 0
33401, 1194131, 1, 0, 0
33401, 745254, 0, 0, 0
33500, 722012, 0, 0, 0
33502, 1120826, 1, 0, 0
33600, 696741, 0, 0, 0
33602, 1157573, 1, 0, 0
33700, 1160526, 1, 0, 0
33700, 721517, 0, 0, 0
33800, 690069, 0, 0, 0
33802, 1160700, 1, 0, 0
33901, 1135797, 1, 0, 0
33901, 714252, 0, 0, 0
34000, 733971, 0, 0, 0
34001, 1159174, 1, 0, 0
34101, 1148410, 1, 0, 0
34104, 706415, 0, 0, 0
34200, 688233, 0, 0, 0
34201, 1229757, 1, 0, 0
34301, 1138916, 1, 0, 0
34303, 724343, 0, 0, 0
34400, 692256, 0, 0, 0
34401, 1189449, 1, 0, 0
34500, 704400, 0, 0, 0
34508, 1212184, 1, 0, 0
34600, 713253, 0, 0, 0
34602, 1163141, 1, 0, 0
34700, 712472, 0, 0, 0
34702, 1167187, 1, 0, 0
34800, 1139491, 1, 0, 0
34800, 695214, 0, 0, 0
34900, 717088, 0, 0, 0
34902, 1132889, 1, 0, 0
35000, 686184, 0, 0, 0
35001, 1288396, 1, 0, 0
35100, 707195, 0, 0, 0
35101, 1173586, 1, 0, 0
35200, 702961, 0, 0, 0
35208, 1170351, 1, 0, 0
35300, 708495, 0, 0, 0
35302, 1109301, 1, 0, 0
35400, 710508, 0, 0, 0
35403, 1132940, 1, 0, 0
35500, 701948, 0, 0, 0
35504, 1142526, 1, 0, 0
35600, 698058, 0, 0, 0
35602, 1146733, 1, 0, 0
35700, 661601, 0, 0, 0
35702, 1168593, 1, 0, 0
35800, 1227040, 1, 0, 0
35801, 708748, 0, 0, 0
35900, 708573, 0, 0, 0
35901, 1263866, 1, 0, 0
36000, 705441, 0, 0, 0
36002, 1163297, 1, 0, 0
36100, 732423, 0, 0, 0
36102, 1275221, 1, 0, 0
36200, 1161620, 1, 0, 0
36202, 700944, 0, 0, 0
36300, 719221, 0, 0, 0
36302, 1223267, 1, 0, 0
36400, 714318, 0, 0, 0
36403, 1145624, 1, 0, 0
36500, 1280061, 1, 0, 0
36501, 709835, 0, 0, 0
36600, 729047, 0, 0, 0
36601, 1254568, 1, 0, 0
36701, 1209356, 1, 0, 0
36702, 731933, 0, 0, 0
36800, 715590, 0, 0, 0
36802, 1165640, 1, 0, 0
36900, 723757, 0, 0, 0
36905, 1103520, 1, 0, 0
37000, 1153931, 1, 0, 0
37001, 691148, 0, 0, 0
37100, 702186, 0, 0, 0
37101, 1135059, 1, 0, 0
37200, 1126209, 1, 0, 0
37201, 712932, 0, 0, 0
37300, 1131630, 1, 0, 0
37302, 693251, 0, 0, 0
37400, 712738, 0, 0, 0
37404, 1135258, 1, 0, 0
37500, 1258442, 1, 0, 0
37501, 708966, 0, 0, 0
37600, 732090, 0, 0, 0
37605, 1100801, 1, 0, 0
37700, 700853, 0, 0, 0
37702, 1133039, 1, 0, 0
37800, 1183699, 1, 0, 0
37800, 708341, 0, 0, 0
37900, 1176028, 1, 0, 0
37900, 701325, 0, 0, 0
38001, 1170355, 1, 0, 0
38003, 680137, 0, 0, 0
38100, 705467, 0, 0, 0
38103, 1266382, 1, 0, 0
38200, 714117, 0, 0, 0
38202, 1118544, 1, 0, 0
38300, 705240, 0, 0, 0
38301, 1221301, 1, 0, 0
38400, 673110, 0, 0, 0
38401, 1155899, 1, 0, 0
38500, 1194577, 1, 0, 0
38501, 728970, 0, 0, 0
38600, 716719, 0, 0, 0
38603, 1239476, 1, 0, 0
38700, 702703, 0, 0, 0
38701, 1174468, 1, 0, 0
38800, 716169, 0, 0, 0
38802, 1121694, 1, 0, 0
38900, 1262582, 1, 0, 0
38901, 698262, 0, 0, 0
39000, 713548, 0, 0, 0
39005, 1257559, 1, 0, 0
39100, 1139581, 1, 0, 0
39102, 688665, 0, 0, 0
39200, 701094, 0, 0, 0
39209, 1214169, 1, 0, 0
39300, 691323, 0, 0, 0
39302, 1062830, 1, 0, 0
39400, 1150319, 1, 0, 0
39401, 690107, 0, 0, 0
39500, 725084, 0, 0, 0
39507, 1139539, 1, 0, 0
39600, 696753, 0, 0, 0
39601, 1201028, 1, 0, 0
39700, 675433, 0, 0, 0
39701, 1126546, 1, 0, 0
39800, 727540, 0, 0, 0
39807, 1109737, 1, 0, 0
39900, 682904, 0, 0, 0
39903, 1184528, 1, 0, 0
40000, 718111, 0, 0, 0
40005, 1182615, 1, 0, 0
40100, 694870, 0, 0, 0
40106, 1095883, 1, 0, 0
40200, 694178, 0, 0, 0
40204, 1204243, 1, 0, 0
40300, 1161226, 1, 0, 0
40301, 697672, 0, 0, 0
40400, 697626, 0, 0, 0
40402, 1120931, 1, 0, 0
40500, 1237715, 1, 0, 0
40501, 687471, 0, 0, 0
40600, 730054, 0, 0, 0
40601, 1160438, 1, 0, 0
40700, 1150802, 1, 0, 0
40701, 710217, 0, 0, 0
40800, 677898, 0, 0, 0
40805, 1083925, 1, 0, 0
40900, 1060852, 1, 0, 0
40900, 704072, 0, 0, 0
41000, 691841, 0, 0, 0
41007, 1160110, 1, 0, 0
41100, 702413, 0, 0, 0
41107, 1128415, 1, 0, 0
41200, 1154190, 1, 0, 0
41201, 726216, 0, 0, 0
41300, 712403, 0, 0, 0
41304, 1106750, 1, 0, 0
41400, 1180355, 1, 0, 0
41401, 712991, 0, 0, 0
41500, 690409, 0, 0, 0
41504, 1227345, 1, 0, 0
41600, 675938, 0, 0, 0
41601, 1102406, 1, 0, 0
41700, 708925, 0, 0, 0
41706, 1204573, 1, 0, 0
41800, 1141131, 1, 0, 0
41801, 700753, 0, 0, 0
41900, 1214919, 1, 0, 0
41900, 704560, 0, 0, 0
42000, 1170249, 1, 0, 0
42002, 688215, 0, 0, 0
42100, 681683, 0, 0, 0
42104, 1116455, 1, 0, 0
42200, 687521, 0, 0, 0
42208, 1098633, 1, 0, 0
42300, 1187881, 1, 0, 0
42305, 720950, 0, 0, 0
42400, 1155143, 1, 0, 0
42400, 679602, 0, 0, 0
42500, 1105590, 1, 0, 0
42502, 730202, 0, 0, 0
42600, 1149577, 1, 0, 0
42601, 751035, 0, 0, 0
42700, 738179, 0, 0, 0
42703, 1153949, 1, 0, 0
42800, 1195780, 1, 0, 0
42800, 717170, 0, 0, 0
42900, 741828, 0, 0, 0
42903, 1139196, 1, 0, 0
43000, 1195799, 1, 0, 0
43002, 729095, 0, 0, 0
43100, 1103283, 1, 0, 0
43100, 701769, 0, 0, 0
43200, 700718, 0, 0, 0
43205, 1351881, 1, 0, 0
43300, 701903, 0, 0, 0
43304, 1172313, 1, 0, 0
43400, 1197122, 1, 0, 0
43401, 710394, 0, 0, 0
43500, 720009, 0, 0, 0
43504, 1258002, 1, 0, 0
43600, 1263795, 1, 0, 0
43601, 720078, 0, 0, 0
43700, 706414, 0, 0, 0
43704, 1128506, 1, 0, 0
43800, 725586, 0, 0, 0
43803, 1249879, 1, 0, 0
43901, 1192169, 1, 0, 0
43905, 739752, 0, 0, 0
44000, 715337, 0, 0, 0
44007, 1182119, 1, 0, 0
44100, 1131450, 1, 0, 0
44100, 707793, 0, 0, 0
44201, 1202388, 1, 0, 0
44201, 666261, 0, 0, 0
44300, 699457, 0, 0, 0
44304, 1294681, 1, 0, 0
44400, 746850, 0, 0, 0
44402, 1200520, 1, 0, 0
44500, 714796, 0, 0, 0
44502, 1111625, 1, 0, 0
44600, 690403, 0, 0, 0
44604, 1171339, 1, 0, 0
44700, 719036, 0, 0, 0
44701, 1173522, 1, 0, 0
44800, 1139717, 1, 0, 0
44801, 690259, 0, 0, 0
44900, 701142, 0, 0, 0
44906, 1192443, 1, 0, 0
45000, 695215, 0, 0, 0
45002, 1148207, 1, 0, 0
45100, 695436, 0, 0, 0
45106, 1139288, 1, 0, 0
45200, 780574, 0, 0, 0
45203, 1175649, 1, 0, 0
45300, 741289, 0, 0, 0
45306, 1130671, 1, 0, 0
45400, 1160420, 1, 0, 0
45401, 686565, 0, 0, 0
45500, 705245, 0, 0, 0
45501, 1219964, 1, 0, 0
45600, 1086781, 1, 0, 0
45603, 689675, 0, 0, 0
45700, 687126, 0, 0, 0
45704, 1247314, 1, 0, 0
45800, 735864, 0, 0, 0
45805, 1177438, 1, 0, 0
45900, 1222891, 1, 0, 0
45902, 753954, 0, 0, 0
46000, 753662, 0, 0, 0
46001, 1160478, 1, 0, 0
46100, 692348, 0, 0, 0
46103, 1138539, 1, 0, 0
46200, 1112885, 1, 0, 0
46200, 716930, 0, 0, 0
46300, 668698, 0, 0, 0
46301, 1248362, 1, 0, 0
46400, 1161016, 1, 0, 0
46401, 694631, 0, 0, 0
46500, 1126337, 1, 0, 0
46501, 671467, 0, 0, 0
46600, 704192, 0, 0, 0
46601, 1096728, 1, 0, 0
46700, 1175994, 1, 0, 0
46701, 674742, 0, 0, 0
46800, 1136504, 1, 0, 0
46801, 712529, 0, 0, 0
46900, 719199, 0, 0, 0
46902, 1192767, 1, 0, 0
47000, 721045, 0, 0, 0
47002, 1140751, 1, 0, 0
47100, 697945, 0, 0, 0
47101, 1165615, 1, 0, 0
47200, 700069, 0, 0, 0
47201, 1207191, 1, 0, 0
47300, 1135399, 1, 0, 0
47301, 689168, 0, 0, 0
47400, 1178539, 1, 0, 0
47402, 675025, 0, 0, 0
47500, 1220408, 1, 0, 0
47503, 754544, 0, 0, 0
47600, 1235403, 1, 0, 0
47600, 662502, 0, 0, 0
47700, 700628, 0, 0, 0
47702, 1160011, 1, 0, 0
47800, 720255, 0, 0, 0
47802, 1191166, 1, 0, 0
47900, 1169297, 1, 0, 0
47901, 718554, 0, 0, 0
48000, 729854, 0, 0, 0
48003, 1121586, 1, 0, 0
48100, 688551, 0, 0, 0
48105, 1275382, 1, 0, 0
48200, 1130034, 1, 0, 0
48201, 707264, 0, 0, 0
48300, 724785, 0, 0, 0
48304, 1228158, 1, 0, 0
48400, 1212703, 1, 0, 0
48402, 729931, 0, 0, 0
48500, 1205308, 1, 0, 0
48501, 738441, 0, 0, 0
48600, 1203149, 1, 0, 0
48606, 696537, 0, 0, 0
48700, 715199, 0, 0, 0
48703, 1112274, 1, 0, 0
48800, 691974, 0, 0, 0
48801, 1148816, 1, 0, 0
48900, 686788, 0, 0, 0
48902, 1219309, 1, 0, 0
49000, 724240, 0, 0, 0
49001, 1140854, 1, 0, 0
49100, 697686, 0, 0, 0
49102, 1161940, 1, 0, 0
49200, 685331, 0, 0, 0
49201, 1182430, 1, 0, 0
49300, 722801, 0, 0, 0
49304, 1217884, 1, 0, 0
49400, 689130, 0, 0, 0
49403, 1115241, 1, 0, 0
49501, 1190476, 1, 0, 0
49501, 702226, 0, 0, 0
49600, 1255238, 1, 0, 0
49601, 745019, 0, 0, 0
49700, 1267990, 1, 0, 0
49703, 733873, 0, 0, 0
49800, 1272001, 1, 0, 0
49801, 681494, 0, 0, 0
49900, 1130675, 1, 0, 0
49901, 688992, 0, 0, 0
50000, 1216931, 1, 0, 0
50000, 697276, 0, 0, 0
50100, 757142, 0, 0, 0
50102, 1138691, 1, 0, 0
50201, 1146948, 1, 0, 0
50202, 711934, 0, 0, 0
50300, 726753, 0, 0, 0
50301, 1199078, 1, 0, 0
50400, 1187789, 1, 0, 0
50400, 708228, 0, 0, 0
50500, 716815, 0, 0, 0
50506, 1141361, 1, 0, 0
50600, 1096619, 1, 0, 0
50604, 711702, 0, 0, 0
50700, 678585, 0, 0, 0
50705, 1145384, 1, 0, 0
50800, 1129739, 1, 0, 0
50801, 700630, 0, 0, 0
50900, 676034, 0, 0, 0
50903, 1244839, 1, 0, 0
51001, 1191905, 1, 0, 0
51002, 716478, 0, 0, 0
51100, 1127096, 1, 0, 0
51103, 743532, 0, 0, 0
51201, 1102641, 1, 0, 0
51202, 677352, 0, 0, 0
51300, 711625, 0, 0, 0
51301, 1148171, 1, 0, 0
51400, 714862, 0, 0, 0
51406, 1097196, 1, 0, 0
51500, 718956, 0, 0, 0
51501, 1143780, 1, 0, 0
51600, 1178788, 1, 0, 0
51602, 715526, 0, 0, 0
51700, 723681, 0, 0, 0
51704, 1138657, 1, 0, 0
51800, 1101295, 1, 0, 0
51800, 711075, 0, 0, 0
51900, 723035, 0, 0, 0
51903, 1127910, 1, 0, 0
52000, 1134140, 1, 0, 0
52003, 691738, 0, 0, 0
52100, 1173555, 1, 0, 0
52101, 707031, 0, 0, 0
52200, 706845, 0, 0, 0
52201, 1267766, 1, 0, 0
52300, 720635, 0, 0, 0
52301, 1168828, 1, 0, 0
52400, 715141, 0, 0, 0
52404, 1217335, 1, 0, 0
52500, 1182458, 1, 0, 0
52501, 665948, 0, 0, 0
52600, 1133531, 1, 0, 0
52601, 688187, 0, 0, 0
52700, 1261871, 1, 0, 0
52701, 704201, 0, 0, 0
52800, 700805, 0, 0, 0
52801, 1228488, 1, 0, 0
52900, 710852, 0, 0, 0
52903, 1171596, 1, 0, 0
53000, 1163072, 1, 0, 0
53001, 692651, 0, 0, 0
53101, 1261464, 1, 0, 0
53101, 709104, 0, 0, 0
53200, 1172756, 1, 0, 0
53201, 674483, 0, 0, 0
53301, 1162212, 1, 0, 0
53301, 681042, 0, 0, 0
53400, 722016, 0, 0, 0
53403, 1107157, 1, 0, 0
53500, 1179409, 1, 0, 0
53501, 682839, 0, 0, 0
53600, 1153425, 1, 0, 0
53601, 695534, 0, 0, 0
53700, 715301, 0, 0, 0
53702, 1256660, 1, 0, 0
53800, 1117531, 1, 0, 0
53801, 706124, 0, 0, 0
53900, 727409, 0, 0, 0
53902, 1147140, 1, 0, 0
54000, 1214920, 1, 0, 0
54001, 717361, 0, 0, 0
54100, 739196, 0, 0, 0
54102, 1229415, 1, 0, 0
54200, 676655, 0, 0, 0
54202, 1171480, 1, 0, 0
54301, 1160511, 1, 0, 0
54301, 707234, 0, 0, 0
54400, 711278, 0, 0, 0
54404, 1177879, 1, 0, 0
54500, 727040, 0, 0, 0
54502, 1187409, 1, 0, 0
54600, 1120472, 1, 0, 0
54601, 726324, 0, 0, 0
54700, 732755, 0, 0, 0
54701, 1218878, 1, 0, 0
54800, 1170530, 1, 0, 0
54801, 708281, 0, 0, 0
54900, 698484, 0, 0, 0
54905, 1148029, 1, 0, 0
55000, 705164, 0, 0, 0
55001, 1306942, 1, 0, 0
55100, 704867, 0, 0, 0
55101, 1159051, 1, 0, 0
55200, 1138370, 1, 0, 0
55201, 698501, 0, 0, 0
55300, 716168, 0, 0, 0
55303, 1203239, 1, 0, 0
55401, 1172887, 1, 0, 0
55401, 717239, 0, 0, 0
55500, 1172169, 1, 0, 0
55502, 745363, 0, 0, 0
55600, 811535, 0, 0, 0
55602, 1254866, 1, 0, 0
55701, 1181922, 1, 0, 0
55702, 721196, 0, 0, 0
55800, 712052, 0, 0, 0
55802, 1134316, 1, 0, 0
55900, 704415, 0, 0, 0
55904, 1103704, 1, 0, 0
56000, 1069614, 1, 0, 0
56001, 727794, 0, 0, 0
56100, 1219469, 1, 0, 0
56102, 723597, 0, 0, 0
56200, 1244633, 1, 0, 0
56200, 706671, 0, 0, 0
56300, 703030, 0, 0, 0
56301, 1154084, 1, 0, 0
56400, 712395, 0, 0, 0
56403, 1202356, 1, 0, 0
56500, 1128167, 1, 0, 0
56501, 707284, 0, 0, 0
56600, 1107597, 1, 0, 0
56602, 687820, 0, 0, 0
56701, 696099, 0, 0, 0
56706, 1125032, 1, 0, 0
56800, 732555, 0, 0, 0
56805, 1363466, 1, 0, 0
56900, 1240221, 1, 0, 0
56901, 725121, 0, 0, 0
57000, 1190630, 1, 0, 0
57002, 699168, 0, 0, 0
57100, 671826, 0, 0, 0
57105, 1154846, 1, 0, 0
57200, 1313469, 1, 0, 0
57202, 744123, 0, 0, 0
57300, 712446, 0, 0, 0
57302, 1075354, 1, 0, 0
57400, 750557, 0, 0, 0
57406, 1191301, 1, 0, 0
57500, 1233129, 1, 0, 0
57502, 716841, 0, 0, 0
57600, 760667, 0, 0, 0
57601, 1131323, 1, 0, 0
57700, 705008, 0, 0, 0
57708, 1201862, 1, 0, 0
57800, 747392, 0, 0, 0
57801, 1107838, 1, 0, 0
57900, 1175019, 1, 0, 0
57901, 702999, 0, 0, 0
58000, 1183989, 1, 0, 0
58001, 708466, 0, 0, 0
58100, 1112357, 1, 0, 0
58105, 733470, 0, 0, 0
58200, 709463, 0, 0, 0
58206, 1151543, 1, 0, 0
58300, 1202431, 1, 0, 0
58301, 749928, 0, 0, 0
58400, 1386283, 1, 0, 0
58401, 742208, 0, 0, 0
58500, 1323508, 1, 0, 0
58501, 736840, 0, 0, 0
58600, 711962, 0, 0, 0
58603, 1183839, 1, 0, 0
58700, 1313850, 1, 0, 0
58701, 702242, 0, 0, 0
58800, 1156822, 1, 0, 0
58801, 749270, 0, 0, 0
58900, 1208663, 1, 0, 0
58901, 742924, 0, 0, 0
59000, 695100, 0, 0, 0
59002, 1222379, 1, 0, 0
59100, 1135995, 1, 0, 0
59101, 692396, 0, 0, 0
59201, 1202551, 1, 0, 0
59201, 731827, 0, 0, 0
59300, 746578, 0, 0, 0
59303, 1236239, 1, 0, 0
59400, 730858, 0, 0, 0
59403, 1193193, 1, 0, 0
59500, 1131377, 1, 0, 0
59500, 810080, 0, 0, 0
59600, 714560, 0, 0, 0
59602, 1179918, 1, 0, 0
59700, 707073, 0, 0, 0
59705, 1129688, 1, 0, 0
59800, 710883, 0, 0, 0
59802, 1258019, 1, 0, 0
59900, 1149613, 1, 0, 0
59901, 716476, 0, 0, 0
60000, 738114, 0, 0, 0
60003, 1209295, 1, 0, 0
60100, 719551, 0, 0, 0
60105, 1227282, 1, 0, 0
60200, 1178573, 1, 0, 0
60200, 724788, 0, 0, 0
60300, 715746, 0, 0, 0
60301, 1240551, 1, 0, 0
60400, 707722, 0, 0, 0
60403, 1084566, 1, 0, 0
60500, 723441, 0, 0, 0
60505, 1204074, 1, 0, 0
60600, 1175350, 1, 0, 0
60603, 714881, 0, 0, 0
60700, 1206280, 1, 0, 0
60700, 710219, 0, 0, 0
60800, 1262792, 1, 0, 0
60802, 730190, 0, 0, 0
60900, 721542, 0, 0, 0
60902, 1167222, 1, 0, 0
61000, 724297, 0, 0, 0
61005, 1165452, 1, 0, 0
61100, 1147817, 1, 0, 0
61101, 737022, 0, 0, 0
61200, 1151981, 1, 0, 0
61202, 699024, 0, 0, 0
61300, 1129434, 1, 0, 0
61301, 708036, 0, 0, 0
61400, 695016, 0, 0, 0
61407, 1204335, 1, 0, 0
61500, 1168412, 1, 0, 0
61501, 726592, 0, 0, 0
61601, 1102937, 1, 0, 0
61602, 703259, 0, 0, 0
61700, 695352, 0, 0, 0
61704, 1126559, 1, 0, 0
61800, 729668, 0, 0, 0
61801, 1215859, 1, 0, 0
61900, 701305, 0, 0, 0
61904, 1155231, 1, 0, 0
62000, 1128442, 1, 0, 0
62002, 690468, 0, 0, 0
62100, 1124568, 1, 0, 0
62102, 726407, 0, 0, 0
62201, 1220608, 1, 0, 0
62202, 724682, 0, 0, 0
62300, 717988, 0, 0, 0
62309, 1132068, 1, 0, 0
62400, 1199294, 1, 0, 0
62400, 702166, 0, 0, 0
62500, 716816, 0, 0, 0
62501, 1127320, 1, 0, 0
62600, 736133, 0, 0, 0
62602, 1153263, 1, 0, 0
62700, 706067, 0, 0, 0
62707, 1181141, 1, 0, 0
62801, 1283100, 1, 0, 0
62801, 721758, 0, 0, 0
62900, 700246, 0, 0, 0
62902, 1193461, 1, 0, 0
63000, 1172708, 1, 0, 0
63001, 690496, 0, 0, 0
63100, 732885, 0, 0, 0
63103, 1187499, 1, 0, 0
63200, 707981, 0, 0, 0
63201, 1158574, 1, 0, 0
63300, 696297, 0, 0, 0
63302, 1171244, 1, 0, 0
63400, 1196688, 1, 0, 0
63400, 704381, 0, 0, 0
63500, 704162, 0, 0, 0
63505, 1116117, 1, 0, 0
63600, 1138457, 1, 0, 0
63601, 699179, 0, 0, 0
63700, 748658, 0, 0, 0
63701, 1089022, 1, 0, 0
63800, 693156, 0, 0, 0
63805, 1233244, 1, 0, 0
63900, 1379834, 1, 0, 0
63901, 728436, 0, 0, 0
64000, 695094, 0, 0, 0
64005, 1177438, 1, 0, 0
64100, 732541, 0, 0, 0
64101, 1207723, 1, 0, 0
64201, 1152600, 1, 0, 0
64205, 737150, 0, 0, 0
64300, 746277, 0, 0, 0
64301, 1130946, 1, 0, 0
64400, 715067, 0, 0, 0
64401, 1140378, 1, 0, 0
64500, 1187792, 1, 0, 0
64501, 726841, 0, 0, 0
64601, 1125070, 1, 0, 0
64601, 721687, 0, 0, 0
64700, 723413, 0, 0, 0
64701, 1135315, 1, 0, 0
64800, 1163583, 1, 0, 0
64800, 684162, 0, 0, 0
64900, 713407, 0, 0, 0
64901, 1118295, 1, 0, 0
65000, 708128, 0, 0, 0
65002, 1292418, 1, 0, 0
65100, 695732, 0, 0, 0
65101, 1178589, 1, 0, 0
65200, 1121648, 1, 0, 0
65201, 707126, 0, 0, 0
65300, 742485, 0, 0, 0
65301, 1204333, 1, 0, 0
65400, 1158489, 1, 0, 0
65401, 710433, 0, 0, 0
65500, 705562, 0, 0, 0
65501, 1192182, 1, 0, 0
65600, 1139905, 1, 0, 0
65600, 739438, 0, 0, 0
65700, 734335, 0, 0, 0
65702, 1181103, 1, 0, 0
65800, 725548, 0, 0, 0
65804, 1248920, 1, 0, 0
65900, 733491, 0, 0, 0
65904, 1207296, 1, 0, 0
66000, 698998, 0, 0, 0
66001, 1108644, 1, 0, 0
66100, 697172, 0, 0, 0
66102, 1141185, 1, 0, 0
66200, 1182652, 1, 0, 0
66201, 727719, 0, 0, 0
66300, 739564, 0, 0, 0
66301, 1112892, 1, 0, 0
66401, 724752, 0, 0, 0
66401, 1265910, 1, 0, 0
66500, 1095442, 1, 0, 0
66502, 718023, 0, 0, 0
66600, 721840, 0, 0, 0
66602, 1165789, 1, 0, 0
66700, 1210774, 1, 0, 0
66702, 703356, 0, 0, 0
66800, 713725, 0, 0, 0
66804, 1210297, 1, 0, 0
66900, 706543, 0, 0, 0
66903, 1109276, 1, 0, 0
67000, 1244209, 1, 0, 0
67000, 732515, 0, 0, 0
67100, 701514, 0, 0, 0
67101, 1134926, 1, 0, 0
67200, 1267202, 1, 0, 0
67200, 703773, 0, 0, 0
67300, 1144599, 1, 0, 0
67301, 758105, 0, 0, 0
67400, 1173568, 1, 0, 0
67401, 721092, 0, 0, 0
67500, 1174853, 1, 0, 0
67501, 765279, 0, 0, 0
67600, 1284573, 1, 0, 0
67602, 716419, 0, 0, 0
67700, 715891, 0, 0, 0
67702, 1136894, 1, 0, 0
67800, 1087965, 1, 0, 0
67800, 691879, 0, 0, 0
67900, 711163, 0, 0, 0
67903, 1108729, 1, 0, 0
68000, 690263, 0, 0, 0
68005, 1152424, 1, 0, 0
68100, 706601, 0, 0, 0
68102, 1189847, 1, 0, 0
68200, 1121231, 1, 0, 0
68201, 679529, 0, 0, 0
68300, 705484, 0, 0, 0
68301, 1178349, 1, 0, 0
68400, 1170271, 1, 0, 0
68401, 707548, 0, 0, 0
68500, 681679, 0, 0, 0
68506, 1105659, 1, 0, 0
68600, 1198793, 1, 0, 0
68601, 719364, 0, 0, 0
68700, 1106261, 1, 0, 0
68700, 710825, 0, 0, 0
68800, 733378, 0, 0, 0
68803, 1125693, 1, 0, 0
68900, 729856, 0, 0, 0
68901, 1187724, 1, 0, 0
69000, 740914, 0, 0, 0
69002, 1102152, 1, 0, 0
69100, 712440, 0, 0, 0
69105, 1185935, 1, 0, 0
69200, 1170626, 1, 0, 0
69201, 761192, 0, 0, 0
69300, 1153127, 1, 0, 0
69300, 703366, 0, 0, 0
69400, 674624, 0, 0, 0
69406, 1211877, 1, 0, 0
69500, 1099157, 1, 0, 0
69500, 725749, 0, 0, 0
69600, 717043, 0, 0, 0
69601, 1212846, 1, 0, 0
69700, 713049, 0, 0, 0
69701, 1278423, 1, 0, 0
69800, 708464, 0, 0, 0
69802, 1169435, 1, 0, 0
69900, 726277, 0, 0, 0
69905, 1148663, 1, 0, 0
70000, 719716, 0, 0, 0
70005, 1119717, 1, 0, 0
70100, 733457, 0, 0, 0
70102, 1208766, 1, 0, 0
70200, 717260, 0, 0, 0
70201, 1254972, 1, 0, 0
70300, 1131796, 1, 0, 0
70300, 691441, 0, 0, 0
70400, 1110196, 1, 0, 0
70401, 718949, 0, 0, 0
70500, 700591, 0, 0, 0
70501, 1220585, 1, 0, 0
70600, 706670, 0, 0, 0
70602, 1132483, 1, 0, 0
70700, 743669, 0, 0, 0
70701, 1158708, 1, 0, 0
70800, 725250, 0, 0, 0
70802, 1225153, 1, 0, 0
70900, 1178464, 1, 0, 0
70901, 718431, 0, 0, 0
71000, 1250143, 1, 0, 0
71002, 696177, 0, 0, 0
71100, 737986, 0, 0, 0
71101, 1167636, 1, 0, 0
71200, 686990, 0, 0, 0
71203, 1122696, 1, 0, 0
71300, 726437, 0, 0, 0
71303, 1204966, 1, 0, 0
71400, 699948, 0, 0, 0
71401, 1177302, 1, 0, 0
71501, 1172797, 1, 0, 0
71502, 713058, 0, 0, 0
71600, 718459, 0, 0, 0
71602, 1217634, 1, 0, 0
71700, 722605, 0, 0, 0
71703, 1141083, 1, 0, 0
71800, 727838, 0, 0, 0
71805, 1142234, 1, 0, 0
71900, 727725, 0, 0, 0
71900, 1213125, 1, 0, 0
72000, 1142726, 1, 0, 0
72001, 730871, 0, 0, 0
72100, 1197727, 1, 0, 0
72101, 723524, 0, 0, 0
72200, 1212584, 1, 0, 0
72201, 732153, 0, 0, 0
72300, 718771, 0, 0, 0
72301, 1146030, 1, 0, 0
72400, 726024, 0, 0, 0
72402, 1154398, 1, 0, 0
72500, 1100151, 1, 0, 0
72502, 716997, 0, 0, 0
72600, 1085101, 1, 0, 0
72601, 727546, 0, 0, 0
72700, 1102594, 1, 0, 0
72701, 698415, 0, 0, 0
72800, 739239, 0, 0, 0
72801, 1106932, 1, 0, 0
72900, 1149959, 1, 0, 0
72901, 699216, 0, 0, 0
73000, 1151910, 1, 0, 0
73000, 696142, 0, 0, 0
73100, 1092759, 1, 0, 0
73101, 726438, 0, 0, 0
73201, 1198336, 1, 0, 0
73202, 708962, 0, 0, 0
73300, 705755, 0, 0, 0
73304, 1162564, 1, 0, 0
73400, 719572, 0, 0, 0
73402, 1143426, 1, 0, 0
73500, 1081463, 1, 0, 0
73501, 712549, 0, 0, 0
73600, 710304, 0, 0, 0
73601, 1125283, 1, 0, 0
73700, 706882, 0, 0, 0
73701, 1109050, 1, 0, 0
73800, 746261, 0, 0, 0
73804, 1150496, 1, 0, 0
73901, 1138369, 1, 0, 0
73902, 705574, 0, 0, 0
74000, 686257, 0, 0, 0
74001, 1274554, 1, 0, 0
74100, 1193540, 1, 0, 0
74101, 745990, 0, 0, 0
74200, 711520, 0, 0, 0
74205, 1127987, 1, 0, 0
74300, 725104, 0, 0, 0
74305, 1213069, 1, 0, 0
74400, 730720, 0, 0, 0
74402, 1139531, 1, 0, 0
74500, 735223, 0, 0, 0
74504, 1219388, 1, 0, 0
74600, 1213384, 1, 0, 0
74602, 722322, 0, 0, 0
74701, 1265771, 1, 0, 0
74701, 730288, 0, 0, 0
74800, 1238898, 1, 0, 0
74801, 743861, 0, 0, 0
74901, 1120353, 1, 0, 0
74901, 700911, 0, 0, 0
75000, 1167953, 1, 0, 0
75001, 714479, 0, 0, 0
75100, 704024, 0, 0, 0
75108, 1178819, 1, 0, 0
75200, 1167348, 1, 0, 0
75201, 733129, 0, 0, 0
75300, 1168732, 1, 0, 0
75301, 717812, 0, 0, 0
75400, 700405, 0, 0, 0
75402, 1156901, 1, 0, 0
75500, 688911, 0, 0, 0
75509, 1106682, 1, 0, 0
75600, 1145551, 1, 0, 0
75600, 699235, 0, 0, 0
75700, 734448, 0, 0, 0
75704, 1219016, 1, 0, 0
75800, 693215, 0, 0, 0
75803, 1169152, 1, 0, 0
75900, 1155565, 1, 0, 0
75900, 711969, 0, 0, 0
76000, 1193242, 1, 0, 0
76001, 698455, 0, 0, 0
76100, 721396, 0, 0, 0
76102, 1174216, 1, 0, 0
76200, 1132647, 1, 0, 0
76201, 695525, 0, 0, 0
76300, 1146196, 1, 0, 0
76300, 701514, 0, 0, 0
76400, 741362, 0, 0, 0
76402, 1293461, 1, 0, 0
76500, 1191942, 1, 0, 0
76502, 682611, 0, 0, 0
76600, 1133517, 1, 0, 0
76602, 676897, 0, 0, 0
76700, 761118, 0, 0, 0
76706, 1267972, 1, 0, 0
76800, 700863, 0, 0, 0
76804, 1141499, 1, 0, 0
76901, 724139, 0, 0, 0
76905, 1122936, 1, 0, 0
77000, 690998, 0, 0, 0
77003, 1218006, 1, 0, 0
77100, 730853, 0, 0, 0
77102, 1118351, 1, 0, 0
77200, 723810, 0, 0, 0
77202, 1210830, 1, 0, 0
77300, 1143090, 1, 0, 0
77300, 678094, 0, 0, 0
77400, 728656, 0, 0, 0
77401, 1335626, 1, 0, 0
77500, 723445, 0, 0, 0
77501, 1185985, 1, 0, 0
77600, 698897, 0, 0, 0
77604, 1174669, 1, 0, 0
77700, 699557, 0, 0, 0
77701, 1166727, 1, 0, 0
77800, 748096, 0, 0, 0
77806, 1183811, 1, 0, 0
77900, 730943, 0, 0, 0
77901, 1087826, 1, 0, 0
78000, 724992, 0, 0, 0
78002, 1239408, 1, 0, 0
78100, 715848, 0, 0, 0
78101, 1140154, 1, 0, 0
78200, 692150, 0, 0, 0
78201, 1191074, 1, 0, 0
78300, 707582, 0, 0, 0
78302, 1083887, 1, 0, 0
78400, 1147175, 1, 0, 0
78401, 695005, 0, 0, 0
78500, 725346, 0, 0, 0
78504, 1092985, 1, 0, 0
78600, 733700, 0, 0, 0
78602, 1183161, 1, 0, 0
78700, 720390, 0, 0, 0
78702, 1178594, 1, 0, 0
78800, 1192937, 1, 0, 0
78801, 690159, 0, 0, 0
78900, 718368, 0, 0, 0
78901, 1156812, 1, 0, 0
79000, 717521, 0, 0, 0
79004, 1234826, 1, 0, 0
79100, 687885, 0, 0, 0
79102, 1128658, 1, 0, 0
79200, 728743, 0, 0, 0
79203, 1204460, 1, 0, 0
79300, 745388, 0, 0, 0
79302, 1148133, 1, 0, 0
79400, 1145299, 1, 0, 0
79402, 764872, 0, 0, 0
79500, 710038, 0, 0, 0
79502, 1204817, 1, 0, 0
79600, 1126173, 1, 0, 0
79601, 731273, 0, 0, 0
79700, 724495, 0, 0, 0
79703, 1144521, 1, 0, 0
79800, 728467, 0, 0, 0
79802, 1014523, 1, 0, 0
79901, 1119577, 1, 0, 0
79902, 697965, 0, 0, 0
80000, 702190, 0, 0, 0
80003, 1097011, 1, 0, 0
80100, 1169224, 1, 0, 0
80103, 702294, 0, 0, 0
80201, 1188649, 1, 0, 0
80201, 722597, 0, 0, 0
80300, 711693, 0, 0, 0
80304, 1227993, 1, 0, 0
80400, 723862, 0, 0, 0
80401, 1122709, 1, 0, 0
80500, 1175195, 1, 0, 0
80501, 703458, 0, 0, 0
80600, 1041056, 1, 0, 0
80601, 724690, 0, 0, 0
80700, 1113184, 1, 0, 0
80703, 706702, 0, 0, 0
80800, 1140487, 1, 0, 0
80801, 706990, 0, 0, 0
80900, 661410, 0, 0, 0
80904, 1227096, 1, 0, 0
81000, 1155548, 1, 0, 0
81001, 694245, 0, 0, 0
81100, 1116467, 1, 0, 0
81102, 770418, 0, 0, 0
81200, 1190475, 1, 0, 0
81201, 692957, 0, 0, 0
81300, 1145234, 1, 0, 0
81301, 717162, 0, 0, 0
81400, 748215, 0, 0, 0
81402, 1184347, 1, 0, 0
81500, 706734, 0, 0, 0
81501, 1081499, 1, 0, 0
81600, 704324, 0, 0, 0
81601, 1075403, 1, 0, 0
81700, 1234984, 1, 0, 0
81700, 698234, 0, 0, 0
81800, 753043, 0, 0, 0
81804, 1218925, 1, 0, 0
81900, 1091878, 1, 0, 0
81903, 729698, 0, 0, 0
82000, 1233427, 1, 0, 0
82003, 698288, 0, 0, 0
82100, 1132210, 1, 0, 0
82100, 695997, 0, 0, 0
82200, 707413, 0, 0, 0
82202, 1201162, 1, 0, 0
82300, 720008, 0, 0, 0
82303, 1166892, 1, 0, 0
82400, 687270, 0, 0, 0
82403, 1162197, 1, 0, 0
82500, 1125661, 1, 0, 0
82501, 721367, 0, 0, 0
82600, 675481, 0, 0, 0
82603, 1073882, 1, 0, 0
82700, 720534, 0, 0, 0
82704, 1170381, 1, 0, 0
82800, 1142540, 1, 0, 0
82801, 707267, 0, 0, 0
82900, 1317884, 1, 0, 0
82901, 745236, 0, 0, 0
83000, 1156933, 1, 0, 0
83001, 739501, 0, 0, 0
83100, 1094856, 1, 0, 0
83101, 752140, 0, 0, 0
83200, 1140982, 1, 0, 0
83203, 719186, 0, 0, 0
83300, 724690, 0, 0, 0
83302, 1176897, 1, 0, 0
83401, 1185270, 1, 0, 0
83401, 723329, 0, 0, 0
83500, 708597, 0, 0, 0
83503, 1185614, 1, 0, 0
83600, 1217948, 1, 0, 0
83601, 727478, 0, 0, 0
83700, 716046, 0, 0, 0
83702, 1117392, 1, 0, 0
83800, 1112711, 1, 0, 0
83802, 702355, 0, 0, 0
83900, 696043, 0, 0, 0
83901, 1124424, 1, 0, 0
84000, 742177, 0, 0, 0
84001, 1214544, 1, 0, 0
84100, 695157, 0, 0, 0
84101, 1144138, 1, 0, 0
84200, 731704, 0, 0, 0
84204, 1196121, 1, 0, 0
84300, 1166697, 1, 0, 0
84301, 716759, 0, 0, 0
84400, 1133451, 1, 0, 0
84402, 715917, 0, 0, 0
84500, 1184012, 1, 0, 0
84502, 834297, 0, 0, 0
84600, 717025, 0, 0, 0
84607, 1171861, 1, 0, 0
84700, 707124, 0, 0, 0
84701, 1201681, 1, 0, 0
84800, 712354, 0, 0, 0
84803, 1206468, 1, 0, 0
84900, 1146048, 1, 0, 0
84901, 719944, 0, 0, 0
85000, 728541, 0, 0, 0
85005, 1089988, 1, 0, 0
85100, 744911, 0, 0, 0
85101, 1135218, 1, 0, 0
85200, 746247, 0, 0, 0
85202, 1167245, 1, 0, 0
85300, 718752, 0, 0, 0
85302, 1106473, 1, 0, 0
85400, 735788, 0, 0, 0
85401, 1085933, 1, 0, 0
85500, 723494, 0, 0, 0
85501, 1223514, 1, 0, 0
85600, 1170491, 1, 0, 0
85600, 734081, 0, 0, 0
85700, 1096206, 1, 0, 0
85701, 722826, 0, 0, 0
85800, 722468, 0, 0, 0
85801, 1145694, 1, 0, 0
85900, 720057, 0, 0, 0
85901, 1159449, 1, 0, 0
86000, 732444, 0, 0, 0
86003, 1100756, 1, 0, 0
86102, 1158239, 1, 0, 0
86103, 712225, 0, 0, 0
86201, 1096779, 1, 0, 0
86202, 685237, 0, 0, 0
86300, 670989, 0, 0, 0
86301, 1265886, 1, 0, 0
86400, 697568, 0, 0, 0
86401, 1104034, 1, 0, 0
86500, 1198665, 1, 0, 0
86501, 702717, 0, 0, 0
86600, 746524, 0, 0, 0
86601, 1239585, 1, 0, 0
86700, 713915, 0, 0, 0
86703, 1328145, 1, 0, 0
86800, 738593, 0, 0, 0
86805, 1175406, 1, 0, 0
86900, 1164051, 1, 0, 0
86901, 753470, 0, 0, 0
87000, 1168884, 1, 0, 0
87001, 706617, 0, 0, 0
87100, 729578, 0, 0, 0
87102, 1146795, 1, 0, 0
87200, 1100152, 1, 0, 0
87200, 742445, 0, 0, 0
87300, 1108375, 1, 0, 0
87301, 691234, 0, 0, 0
87400, 685392, 0, 0, 0
87406, 1187305, 1, 0, 0
87500, 710553, 0, 0, 0
87502, 1133484, 1, 0, 0
87600, 734837, 0, 0, 0
87604, 1135844, 1, 0, 0
87700, 741699, 0, 0, 0
87702, 1150110, 1, 0, 0
87801, 1264361, 1, 0, 0
87801, 688096, 0, 0, 0
87900, 1248032, 1, 0, 0
87901, 697649, 0, 0, 0
88000, 714185, 0, 0, 0
88008, 1136226, 1, 0, 0
88101, 1154318, 1, 0, 0
88101, 741265, 0, 0, 0
88200, 699945, 0, 0, 0
88201, 1157781, 1, 0, 0
88300, 1078832, 1, 0, 0
88301, 731651, 0, 0, 0
88400, 1238993, 1, 0, 0
88402, 742477, 0, 0, 0
88500, 729382, 0, 0, 0
88501, 1092462, 1, 0, 0
88600, 730385, 0, 0, 0
88603, 1145540, 1, 0, 0
88700, 704358, 0, 0, 0
88701, 1146355, 1, 0, 0
88800, 1149468, 1, 0, 0
88802, 738944, 0, 0, 0
88900, 1187841, 1, 0, 0
88902, 709303, 0, 0, 0
89000, 1129433, 1, 0, 0
89000, 708855, 0, 0, 0
89100, 707143, 0, 0, 0
89102, 1179429, 1, 0, 0
89200, 1231960, 1, 0, 0
89201, 747286, 0, 0, 0
89300, 733394, 0, 0, 0
89303, 1141266, 1, 0, 0
89400, 703528, 0, 0, 0
89401, 1231868, 1, 0, 0
89500, 715700, 0, 0, 0
89501, 1157493, 1, 0, 0
89600, 1109865, 1, 0, 0
89600, 684845, 0, 0, 0
89700, 717213, 0, 0, 0
89705, 1167929, 1, 0, 0
89800, 707581, 0, 0, 0
89801, 1167156, 1, 0, 0
89900, 722876, 0, 0, 0
89901, 1199035, 1, 0, 0
90000, 706854, 0, 0, 0
90000, 1136406, 1, 0, 0
