250, 37952, 0, 0, 0
350, 36800, 0, 0, 0
450, 39360, 0, 0, 0
550, 38240, 0, 0, 0
650, 37440, 0, 0, 0
749, 37979, 0, 0, 0
849, 37920, 0, 0, 0
949, 37120, 0, 0, 0
1049, 38560, 0, 0, 0
1149, 38400, 0, 0, 0
1249, 38400, 0, 0, 0
1349, 37440, 0, 0, 0
1449, 36960, 0, 0, 0
1549, 38560, 0, 0, 0
1650, 37440, 0, 0, 0
1750, 37760, 0, 0, 0
1850, 37440, 0, 0, 0
1950, 37760, 0, 0, 0
2050, 38400, 0, 0, 0
2150, 36640, 0, 0, 0
2249, 37494, 0, 0, 0
2349, 37440, 0, 0, 0
2449, 38240, 0, 0, 0
2549, 37760, 0, 0, 0
2649, 37440, 0, 0, 0
2749, 37280, 0, 0, 0
2849, 38240, 0, 0, 0
2949, 38240, 0, 0, 0
3049, 37920, 0, 0, 0
3150, 36160, 0, 0, 0
3250, 38080, 0, 0, 0
3350, 36320, 0, 0, 0
3450, 37280, 0, 0, 0
3550, 38400, 0, 0, 0
3650, 37440, 0, 0, 0
3749, 37818, 0, 0, 0
3849, 36000, 0, 0, 0
3949, 39040, 0, 0, 0
4049, 38560, 0, 0, 0
4149, 36480, 0, 0, 0
4249, 37600, 0, 0, 0
4349, 37600, 0, 0, 0
4449, 36960, 0, 0, 0
4549, 38240, 0, 0, 0
4650, 37440, 0, 0, 0
4750, 38400, 0, 0, 0
4850, 37920, 0, 0, 0
4950, 37600, 0, 0, 0
5050, 37440, 0, 0, 0
5150, 38240, 0, 0, 0
5249, 37818, 0, 0, 0
5349, 36800, 0, 0, 0
5449, 38080, 0, 0, 0
5549, 37760, 0, 0, 0
5649, 38560, 0, 0, 0
5749, 37760, 0, 0, 0
5849, 36640, 0, 0, 0
5949, 37920, 0, 0, 0
6049, 37440, 0, 0, 0
6150, 37760, 0, 0, 0
6250, 37440, 0, 0, 0
6350, 37600, 0, 0, 0
6450, 36480, 0, 0, 0
6550, 37120, 0, 0, 0
6650, 36960, 0, 0, 0
6749, 37979, 0, 0, 0
6849, 37920, 0, 0, 0
6949, 37760, 0, 0, 0
7049, 37440, 0, 0, 0
7149, 37280, 0, 0, 0
7249, 37760, 0, 0, 0
7349, 37760, 0, 0, 0
7449, 35680, 0, 0, 0
7549, 36160, 0, 0, 0
7649, 37600, 0, 0, 0
7750, 37760, 0, 0, 0
7850, 37440, 0, 0, 0
7950, 36320, 0, 0, 0
8050, 36800, 0, 0, 0
8150, 37440, 0, 0, 0
8249, 37656, 0, 0, 0
8349, 36960, 0, 0, 0
8449, 36640, 0, 0, 0
8549, 38240, 0, 0, 0
8649, 37120, 0, 0, 0
8749, 38240, 0, 0, 0
8849, 37120, 0, 0, 0
8949, 38080, 0, 0, 0
9049, 36640, 0, 0, 0
9149, 38240, 0, 0, 0
9250, 35360, 0, 0, 0
9350, 36480, 0, 0, 0
9450, 37440, 0, 0, 0
9550, 38720, 0, 0, 0
9650, 38560, 0, 0, 0
9749, 37494, 0, 0, 0
9849, 37920, 0, 0, 0
9949, 38880, 0, 0, 0
10049, 38560, 0, 0, 0
10149, 37440, 0, 0, 0
10249, 37760, 0, 0, 0
10349, 36960, 0, 0, 0
10449, 36160, 0, 0, 0
10549, 36480, 0, 0, 0
10649, 37440, 0, 0, 0
10750, 37760, 0, 0, 0
10850, 37120, 0, 0, 0
10950, 37600, 0, 0, 0
11050, 37280, 0, 0, 0
11150, 37440, 0, 0, 0
11249, 37171, 0, 0, 0
11349, 37760, 0, 0, 0
11449, 38080, 0, 0, 0
11549, 37280, 0, 0, 0
11649, 36960, 0, 0, 0
11749, 37600, 0, 0, 0
11849, 38080, 0, 0, 0
11949, 36480, 0, 0, 0
12049, 36000, 0, 0, 0
12149, 36800, 0, 0, 0
12250, 37120, 0, 0, 0
12350, 36320, 0, 0, 0
12450, 38080, 0, 0, 0
12550, 37440, 0, 0, 0
12650, 36800, 0, 0, 0
12749, 36686, 0, 0, 0
12849, 37760, 0, 0, 0
12949, 37280, 0, 0, 0
13049, 37760, 0, 0, 0
13149, 38240, 0, 0, 0
13249, 37600, 0, 0, 0
13349, 36320, 0, 0, 0
13449, 36800, 0, 0, 0
13549, 37120, 0, 0, 0
13649, 37120, 0, 0, 0
13749, 37600, 0, 0, 0
13850, 37280, 0, 0, 0
13950, 37280, 0, 0, 0
14050, 35200, 0, 0, 0
14150, 36480, 0, 0, 0
14249, 36202, 0, 0, 0
14349, 36800, 0, 0, 0
14449, 37600, 0, 0, 0
14549, 37120, 0, 0, 0
14649, 36320, 0, 0, 0
14749, 34560, 0, 0, 0
14849, 37120, 0, 0, 0
14949, 36000, 0, 0, 0
15049, 35520, 0, 0, 0
15149, 37920, 0, 0, 0
15249, 37120, 0, 0, 0
15349, 36480, 0, 0, 0
15450, 36320, 0, 0, 0
15550, 36800, 0, 0, 0
15650, 36160, 0, 0, 0
15749, 37656, 0, 0, 0
15849, 37760, 0, 0, 0
15949, 36960, 0, 0, 0
16049, 37120, 0, 0, 0
16149, 37280, 0, 0, 0
16249, 36320, 0, 0, 0
16349, 37120, 0, 0, 0
16449, 37600, 0, 0, 0
16549, 37760, 0, 0, 0
16649, 37280, 0, 0, 0
16749, 36480, 0, 0, 0
16849, 36640, 0, 0, 0
16949, 36800, 0, 0, 0
17050, 37280, 0, 0, 0
17150, 36800, 0, 0, 0
17249, 37010, 0, 0, 0
17349, 36960, 0, 0, 0
17449, 36960, 0, 0, 0
17549, 36480, 0, 0, 0
17649, 36160, 0, 0, 0
17749, 36320, 0, 0, 0
17849, 37920, 0, 0, 0
17949, 37600, 0, 0, 0
18049, 37760, 0, 0, 0
18149, 37600, 0, 0, 0
18249, 36160, 0, 0, 0
18349, 37760, 0, 0, 0
18449, 36640, 0, 0, 0
18550, 36160, 0, 0, 0
18650, 38720, 0, 0, 0
18749, 37494, 0, 0, 0
18849, 36800, 0, 0, 0
18949, 37760, 0, 0, 0
19049, 37760, 0, 0, 0
19149, 36960, 0, 0, 0
19249, 36480, 0, 0, 0
19349, 36960, 0, 0, 0
19449, 36960, 0, 0, 0
19549, 37440, 0, 0, 0
19649, 37280, 0, 0, 0
19749, 37440, 0, 0, 0
19849, 36800, 0, 0, 0
19949, 35520, 0, 0, 0
20050, 35360, 0, 0, 0
20150, 36480, 0, 0, 0
20249, 36202, 0, 0, 0
20349, 36800, 0, 0, 0
20449, 35840, 0, 0, 0
20549, 35360, 0, 0, 0
20649, 36000, 0, 0, 0
20749, 35840, 0, 0, 0
20849, 36800, 0, 0, 0
20949, 36640, 0, 0, 0
21049, 35680, 0, 0, 0
21149, 36960, 0, 0, 0
21249, 37600, 0, 0, 0
21349, 36640, 0, 0, 0
21449, 36320, 0, 0, 0
21550, 37120, 0, 0, 0
21650, 37280, 0, 0, 0
21749, 35878, 0, 0, 0
21849, 37280, 0, 0, 0
21949, 37760, 0, 0, 0
22049, 37280, 0, 0, 0
22149, 36640, 0, 0, 0
22249, 36640, 0, 0, 0
22349, 37760, 0, 0, 0
22449, 37440, 0, 0, 0
22549, 36800, 0, 0, 0
22649, 37440, 0, 0, 0
22749, 36640, 0, 0, 0
22849, 36160, 0, 0, 0
22949, 36640, 0, 0, 0
23049, 37920, 0, 0, 0
23150, 37440, 0, 0, 0
23250, 36320, 0, 0, 0
23350, 36640, 0, 0, 0
23450, 36160, 0, 0, 0
23550, 37440, 0, 0, 0
23650, 36800, 0, 0, 0
23749, 37171, 0, 0, 0
23849, 35680, 0, 0, 0
23949, 36000, 0, 0, 0
24049, 36640, 0, 0, 0
24149, 37280, 0, 0, 0
24249, 37440, 0, 0, 0
24349, 36480, 0, 0, 0
24449, 37120, 0, 0, 0
24549, 36960, 0, 0, 0
24650, 37280, 0, 0, 0
24750, 37120, 0, 0, 0
24850, 35840, 0, 0, 0
24950, 37280, 0, 0, 0
25050, 37600, 0, 0, 0
25150, 37280, 0, 0, 0
25249, 37010, 0, 0, 0
25349, 37280, 0, 0, 0
25449, 36640, 0, 0, 0
25549, 36960, 0, 0, 0
25649, 36320, 0, 0, 0
25749, 38080, 0, 0, 0
25849, 37600, 0, 0, 0
25949, 37280, 0, 0, 0
26049, 36960, 0, 0, 0
26150, 34720, 0, 0, 0
26250, 36160, 0, 0, 0
26350, 37120, 0, 0, 0
26450, 36320, 0, 0, 0
26550, 36160, 0, 0, 0
26650, 36000, 0, 0, 0
26749, 37656, 0, 0, 0
26849, 36480, 0, 0, 0
26949, 37280, 0, 0, 0
27049, 34720, 0, 0, 0
27149, 37120, 0, 0, 0
27249, 36960, 0, 0, 0
27349, 37120, 0, 0, 0
27449, 36640, 0, 0, 0
27549, 36640, 0, 0, 0
27649, 36640, 0, 0, 0
27750, 35520, 0, 0, 0
27850, 36640, 0, 0, 0
27950, 36160, 0, 0, 0
28050, 36800, 0, 0, 0
28150, 36480, 0, 0, 0
28249, 37171, 0, 0, 0
28349, 37600, 0, 0, 0
28449, 36800, 0, 0, 0
28549, 37120, 0, 0, 0
28649, 36320, 0, 0, 0
28749, 36800, 0, 0, 0
28849, 36320, 0, 0, 0
28949, 36800, 0, 0, 0
29049, 36480, 0, 0, 0
29149, 37600, 0, 0, 0
29250, 36000, 0, 0, 0
29350, 36800, 0, 0, 0
29450, 34880, 0, 0, 0
29550, 36800, 0, 0, 0
29650, 37280, 0, 0, 0
29749, 36525, 0, 0, 0
29849, 36960, 0, 0, 0
29949, 36640, 0, 0, 0
30049, 36800, 0, 0, 0
30149, 35840, 0, 0, 0
30249, 36000, 0, 0, 0
30349, 36960, 0, 0, 0
30449, 36320, 0, 0, 0
30549, 37760, 0, 0, 0
30649, 37920, 0, 0, 0
30749, 37760, 0, 0, 0
30850, 36160, 0, 0, 0
30950, 37280, 0, 0, 0
31050, 36960, 0, 0, 0
31150, 36000, 0, 0, 0
31249, 37494, 0, 0, 0
31349, 36480, 0, 0, 0
31449, 36640, 0, 0, 0
31549, 37600, 0, 0, 0
31649, 36960, 0, 0, 0
31749, 36320, 0, 0, 0
31849, 36960, 0, 0, 0
31949, 37760, 0, 0, 0
32049, 37120, 0, 0, 0
32149, 36640, 0, 0, 0
32250, 36960, 0, 0, 0
32350, 35840, 0, 0, 0
32450, 36480, 0, 0, 0
32550, 36160, 0, 0, 0
32650, 36000, 0, 0, 0
32749, 36525, 0, 0, 0
32849, 36160, 0, 0, 0
32949, 36320, 0, 0, 0
33049, 37600, 0, 0, 0
33149, 36800, 0, 0, 0
33249, 36160, 0, 0, 0
33349, 36800, 0, 0, 0
33449, 36160, 0, 0, 0
33549, 36640, 0, 0, 0
33649, 37120, 0, 0, 0
33749, 37280, 0, 0, 0
33850, 37760, 0, 0, 0
33950, 36800, 0, 0, 0
34050, 36480, 0, 0, 0
34150, 36480, 0, 0, 0
34249, 37333, 0, 0, 0
34349, 36320, 0, 0, 0
34449, 35680, 0, 0, 0
34549, 36480, 0, 0, 0
34649, 36800, 0, 0, 0
34749, 37440, 0, 0, 0
34849, 38080, 0, 0, 0
34949, 37760, 0, 0, 0
35049, 37280, 0, 0, 0
35149, 36800, 0, 0, 0
35249, 37440, 0, 0, 0
35349, 36000, 0, 0, 0
35450, 37280, 0, 0, 0
35550, 36800, 0, 0, 0
35650, 37600, 0, 0, 0
35749, 37656, 0, 0, 0
35849, 36800, 0, 0, 0
35949, 36960, 0, 0, 0
36049, 37600, 0, 0, 0
36149, 37120, 0, 0, 0
36249, 37600, 0, 0, 0
36349, 36800, 0, 0, 0
36449, 36960, 0, 0, 0
36549, 37120, 0, 0, 0
36649, 37920, 0, 0, 0
36749, 36320, 0, 0, 0
36849, 36480, 0, 0, 0
36949, 37120, 0, 0, 0
37050, 37760, 0, 0, 0
37150, 38560, 0, 0, 0
37249, 38141, 0, 0, 0
37349, 36960, 0, 0, 0
37449, 37440, 0, 0, 0
37549, 37440, 0, 0, 0
37649, 37280, 0, 0, 0
37749, 37120, 0, 0, 0
37849, 36480, 0, 0, 0
37949, 36800, 0, 0, 0
38049, 37120, 0, 0, 0
38149, 37920, 0, 0, 0
38249, 37600, 0, 0, 0
38349, 36320, 0, 0, 0
38449, 36640, 0, 0, 0
38550, 35840, 0, 0, 0
38650, 36960, 0, 0, 0
38749, 37656, 0, 0, 0
38849, 36960, 0, 0, 0
38949, 37600, 0, 0, 0
39049, 36640, 0, 0, 0
39149, 35040, 0, 0, 0
39249, 36160, 0, 0, 0
39349, 37440, 0, 0, 0
39449, 37120, 0, 0, 0
39549, 36800, 0, 0, 0
39649, 38240, 0, 0, 0
39749, 36800, 0, 0, 0
39849, 37280, 0, 0, 0
39949, 37760, 0, 0, 0
40050, 37280, 0, 0, 0
40150, 36960, 0, 0, 0
40249, 36686, 0, 0, 0
40349, 36480, 0, 0, 0
40449, 36640, 0, 0, 0
40549, 36160, 0, 0, 0
40649, 36640, 0, 0, 0
40749, 37120, 0, 0, 0
40849, 36960, 0, 0, 0
40949, 36960, 0, 0, 0
41049, 37120, 0, 0, 0
41149, 37920, 0, 0, 0
41249, 37120, 0, 0, 0
41349, 37280, 0, 0, 0
41449, 37760, 0, 0, 0
41550, 37600, 0, 0, 0
41650, 37120, 0, 0, 0
41749, 37333, 0, 0, 0
41849, 36800, 0, 0, 0
41949, 36640, 0, 0, 0
42049, 37440, 0, 0, 0
42149, 37440, 0, 0, 0
42249, 37280, 0, 0, 0
42349, 36800, 0, 0, 0
42449, 36480, 0, 0, 0
42549, 37120, 0, 0, 0
42649, 37120, 0, 0, 0
42749, 36160, 0, 0, 0
42849, 36160, 0, 0, 0
42949, 36800, 0, 0, 0
43049, 36480, 0, 0, 0
43150, 37120, 0, 0, 0
43250, 36160, 0, 0, 0
43350, 38240, 0, 0, 0
43450, 37120, 0, 0, 0
43550, 34400, 0, 0, 0
43650, 36640, 0, 0, 0
43749, 38141, 0, 0, 0
43849, 37280, 0, 0, 0
43949, 37280, 0, 0, 0
44049, 36960, 0, 0, 0
44149, 36640, 0, 0, 0
44249, 37120, 0, 0, 0
44349, 37600, 0, 0, 0
44449, 38240, 0, 0, 0
44549, 36800, 0, 0, 0
44650, 36320, 0, 0, 0
44750, 36800, 0, 0, 0
44850, 36480, 0, 0, 0
44950, 36800, 0, 0, 0
45050, 37280, 0, 0, 0
45150, 37920, 0, 0, 0
45249, 36525, 0, 0, 0
45349, 37280, 0, 0, 0
45449, 37920, 0, 0, 0
45549, 35040, 0, 0, 0
45649, 36320, 0, 0, 0
45749, 36480, 0, 0, 0
45849, 37120, 0, 0, 0
45949, 36800, 0, 0, 0
46049, 37280, 0, 0, 0
46150, 37760, 0, 0, 0
46250, 37600, 0, 0, 0
46350, 37440, 0, 0, 0
46450, 37760, 0, 0, 0
46550, 36480, 0, 0, 0
46650, 37760, 0, 0, 0
46749, 38626, 0, 0, 0
46849, 37280, 0, 0, 0
46949, 36640, 0, 0, 0
47049, 36320, 0, 0, 0
47149, 37440, 0, 0, 0
47249, 37120, 0, 0, 0
47349, 36800, 0, 0, 0
47449, 36640, 0, 0, 0
47549, 37920, 0, 0, 0
47649, 37600, 0, 0, 0
47750, 36960, 0, 0, 0
47850, 37120, 0, 0, 0
47950, 38080, 0, 0, 0
48050, 36800, 0, 0, 0
48150, 36960, 0, 0, 0
48249, 36848, 0, 0, 0
48349, 37120, 0, 0, 0
48449, 36480, 0, 0, 0
48549, 36800, 0, 0, 0
48649, 36480, 0, 0, 0
48749, 36320, 0, 0, 0
48849, 37600, 0, 0, 0
48949, 36320, 0, 0, 0
49049, 37440, 0, 0, 0
49149, 37600, 0, 0, 0
49250, 37760, 0, 0, 0
49350, 36960, 0, 0, 0
49450, 36480, 0, 0, 0
49550, 37440, 0, 0, 0
49650, 38240, 0, 0, 0
49749, 37010, 0, 0, 0
49849, 36640, 0, 0, 0
49949, 36960, 0, 0, 0
50049, 36640, 0, 0, 0
50149, 36960, 0, 0, 0
50249, 36800, 0, 0, 0
50349, 36800, 0, 0, 0
50449, 35200, 0, 0, 0
50549, 37440, 0, 0, 0
50649, 37440, 0, 0, 0
50750, 37280, 0, 0, 0
50850, 36800, 0, 0, 0
50950, 36800, 0, 0, 0
51050, 35840, 0, 0, 0
51150, 36320, 0, 0, 0
51249, 37818, 0, 0, 0
51349, 37280, 0, 0, 0
51449, 35840, 0, 0, 0
51549, 36800, 0, 0, 0
51649, 37760, 0, 0, 0
51749, 37280, 0, 0, 0
51849, 37760, 0, 0, 0
51949, 36000, 0, 0, 0
52049, 36160, 0, 0, 0
52149, 36160, 0, 0, 0
52249, 37280, 0, 0, 0
52350, 37280, 0, 0, 0
52450, 36800, 0, 0, 0
52550, 34560, 0, 0, 0
52650, 37280, 0, 0, 0
52749, 37818, 0, 0, 0
52849, 36800, 0, 0, 0
52949, 36960, 0, 0, 0
53049, 37120, 0, 0, 0
53149, 36160, 0, 0, 0
53249, 36480, 0, 0, 0
53349, 37440, 0, 0, 0
53449, 37440, 0, 0, 0
53549, 38560, 0, 0, 0
53649, 37760, 0, 0, 0
53749, 38240, 0, 0, 0
53850, 37600, 0, 0, 0
53950, 37120, 0, 0, 0
54050, 37280, 0, 0, 0
54150, 37280, 0, 0, 0
54249, 37656, 0, 0, 0
54349, 36160, 0, 0, 0
54449, 37920, 0, 0, 0
54549, 37760, 0, 0, 0
54649, 37440, 0, 0, 0
54749, 36960, 0, 0, 0
54849, 36160, 0, 0, 0
54949, 37600, 0, 0, 0
55049, 36640, 0, 0, 0
55149, 35520, 0, 0, 0
55249, 36640, 0, 0, 0
55350, 38240, 0, 0, 0
55450, 38240, 0, 0, 0
55550, 35040, 0, 0, 0
55650, 36320, 0, 0, 0
55749, 36686, 0, 0, 0
55849, 37280, 0, 0, 0
55949, 37280, 0, 0, 0
56049, 36960, 0, 0, 0
56149, 35360, 0, 0, 0
56249, 36800, 0, 0, 0
56349, 36960, 0, 0, 0
56449, 36960, 0, 0, 0
56549, 36800, 0, 0, 0
56649, 36960, 0, 0, 0
56749, 37440, 0, 0, 0
56849, 36640, 0, 0, 0
56950, 37280, 0, 0, 0
57050, 35680, 0, 0, 0
57150, 35680, 0, 0, 0
57249, 35555, 0, 0, 0
57349, 37600, 0, 0, 0
57449, 38080, 0, 0, 0
57549, 37280, 0, 0, 0
57649, 36640, 0, 0, 0
57749, 38240, 0, 0, 0
57849, 37920, 0, 0, 0
57949, 38080, 0, 0, 0
58049, 37440, 0, 0, 0
58149, 37280, 0, 0, 0
58249, 37760, 0, 0, 0
58349, 37120, 0, 0, 0
58450, 37600, 0, 0, 0
58550, 37440, 0, 0, 0
58650, 37760, 0, 0, 0
58749, 37171, 0, 0, 0
58849, 37600, 0, 0, 0
58949, 37440, 0, 0, 0
59049, 36960, 0, 0, 0
59149, 36160, 0, 0, 0
59249, 36800, 0, 0, 0
59349, 36480, 0, 0, 0
59449, 37120, 0, 0, 0
59549, 36800, 0, 0, 0
59649, 37440, 0, 0, 0
59749, 36960, 0, 0, 0
59849, 37280, 0, 0, 0
59949, 37600, 0, 0, 0
60050, 36320, 0, 0, 0
60150, 36800, 0, 0, 0
60249, 36202, 0, 0, 0
60349, 36480, 0, 0, 0
60449, 36000, 0, 0, 0
60549, 37120, 0, 0, 0
60649, 36320, 0, 0, 0
60749, 36640, 0, 0, 0
60849, 36800, 0, 0, 0
60949, 36960, 0, 0, 0
61049, 37280, 0, 0, 0
61149, 35840, 0, 0, 0
61249, 37280, 0, 0, 0
61349, 37120, 0, 0, 0
61449, 38080, 0, 0, 0
61550, 38080, 0, 0, 0
61650, 36960, 0, 0, 0
61749, 37656, 0, 0, 0
61849, 37280, 0, 0, 0
61949, 37280, 0, 0, 0
62049, 36960, 0, 0, 0
62149, 37280, 0, 0, 0
62249, 36800, 0, 0, 0
62349, 37760, 0, 0, 0
62449, 37920, 0, 0, 0
62549, 37600, 0, 0, 0
62649, 36320, 0, 0, 0
62749, 36960, 0, 0, 0
62849, 36000, 0, 0, 0
62949, 36960, 0, 0, 0
63050, 37920, 0, 0, 0
63150, 36160, 0, 0, 0
63249, 36525, 0, 0, 0
63349, 37440, 0, 0, 0
63449, 35840, 0, 0, 0
63549, 37280, 0, 0, 0
63649, 37120, 0, 0, 0
63749, 36160, 0, 0, 0
63849, 37760, 0, 0, 0
63949, 34880, 0, 0, 0
64049, 36160, 0, 0, 0
64149, 34880, 0, 0, 0
64249, 35520, 0, 0, 0
64349, 36320, 0, 0, 0
64449, 36960, 0, 0, 0
64550, 37280, 0, 0, 0
64650, 37920, 0, 0, 0
64750, 38560, 0, 0, 0
64850, 37600, 0, 0, 0
64950, 37440, 0, 0, 0
65050, 36960, 0, 0, 0
65150, 37440, 0, 0, 0
65249, 38141, 0, 0, 0
65349, 38240, 0, 0, 0
65449, 37280, 0, 0, 0
65549, 36640, 0, 0, 0
65649, 36480, 0, 0, 0
65749, 36800, 0, 0, 0
65849, 37600, 0, 0, 0
65949, 37760, 0, 0, 0
66049, 36800, 0, 0, 0
66149, 36320, 0, 0, 0
66250, 38400, 0, 0, 0
66350, 37600, 0, 0, 0
66450, 37600, 0, 0, 0
66550, 36640, 0, 0, 0
66650, 37440, 0, 0, 0
66749, 37010, 0, 0, 0
66849, 36480, 0, 0, 0
66949, 36960, 0, 0, 0
67049, 37440, 0, 0, 0
67149, 37280, 0, 0, 0
67249, 37920, 0, 0, 0
67349, 37440, 0, 0, 0
67449, 37120, 0, 0, 0
67549, 36160, 0, 0, 0
67649, 37120, 0, 0, 0
67750, 36960, 0, 0, 0
67850, 37920, 0, 0, 0
67950, 36640, 0, 0, 0
68050, 37600, 0, 0, 0
68150, 36800, 0, 0, 0
68249, 37818, 0, 0, 0
68349, 37440, 0, 0, 0
68449, 35840, 0, 0, 0
68549, 37440, 0, 0, 0
68649, 37440, 0, 0, 0
68749, 36320, 0, 0, 0
68849, 37280, 0, 0, 0
68949, 36320, 0, 0, 0
69049, 37440, 0, 0, 0
69149, 37760, 0, 0, 0
69250, 37600, 0, 0, 0
69350, 37760, 0, 0, 0
69450, 37760, 0, 0, 0
69550, 37440, 0, 0, 0
69650, 36480, 0, 0, 0
69749, 36202, 0, 0, 0
69849, 36480, 0, 0, 0
69949, 36320, 0, 0, 0
70049, 36480, 0, 0, 0
70149, 37440, 0, 0, 0
70249, 36800, 0, 0, 0
70349, 36000, 0, 0, 0
70449, 37440, 0, 0, 0
70549, 37440, 0, 0, 0
70649, 38080, 0, 0, 0
70749, 36960, 0, 0, 0
70849, 36480, 0, 0, 0
70950, 36640, 0, 0, 0
71050, 36640, 0, 0, 0
71150, 36800, 0, 0, 0
71249, 37010, 0, 0, 0
71349, 36640, 0, 0, 0
71449, 37120, 0, 0, 0
71549, 36160, 0, 0, 0
71649, 34720, 0, 0, 0
71749, 36960, 0, 0, 0
71849, 36960, 0, 0, 0
71949, 36320, 0, 0, 0
72049, 36480, 0, 0, 0
72149, 37280, 0, 0, 0
72249, 38080, 0, 0, 0
72349, 36320, 0, 0, 0
72449, 36800, 0, 0, 0
72550, 36800, 0, 0, 0
72650, 37280, 0, 0, 0
72749, 36686, 0, 0, 0
72849, 36800, 0, 0, 0
72949, 37600, 0, 0, 0
73049, 37440, 0, 0, 0
73149, 37280, 0, 0, 0
73249, 37440, 0, 0, 0
73349, 36640, 0, 0, 0
73449, 36640, 0, 0, 0
73549, 36800, 0, 0, 0
73649, 36960, 0, 0, 0
73749, 36480, 0, 0, 0
73849, 36800, 0, 0, 0
73949, 36800, 0, 0, 0
74050, 36640, 0, 0, 0
74150, 36960, 0, 0, 0
74249, 36525, 0, 0, 0
74349, 37280, 0, 0, 0
74449, 38080, 0, 0, 0
74549, 36160, 0, 0, 0
74649, 37120, 0, 0, 0
74749, 37600, 0, 0, 0
74849, 36480, 0, 0, 0
74949, 39040, 0, 0, 0
75049, 36480, 0, 0, 0
75149, 37920, 0, 0, 0
75249, 38400, 0, 0, 0
75349, 37440, 0, 0, 0
75449, 37280, 0, 0, 0
75549, 36320, 0, 0, 0
75650, 37600, 0, 0, 0
75750, 38240, 0, 0, 0
75850, 37600, 0, 0, 0
75950, 37280, 0, 0, 0
76050, 38080, 0, 0, 0
76150, 37280, 0, 0, 0
76249, 37333, 0, 0, 0
76349, 38080, 0, 0, 0
76449, 38080, 0, 0, 0
76549, 37760, 0, 0, 0
76649, 37760, 0, 0, 0
76749, 36640, 0, 0, 0
76849, 36960, 0, 0, 0
76949, 37280, 0, 0, 0
77049, 37280, 0, 0, 0
77149, 37440, 0, 0, 0
77250, 36960, 0, 0, 0
77350, 38080, 0, 0, 0
77450, 38400, 0, 0, 0
77550, 36480, 0, 0, 0
77650, 37440, 0, 0, 0
77749, 37333, 0, 0, 0
77849, 37280, 0, 0, 0
77949, 36320, 0, 0, 0
78049, 37600, 0, 0, 0
78149, 37280, 0, 0, 0
78249, 37120, 0, 0, 0
78349, 37280, 0, 0, 0
78449, 36320, 0, 0, 0
78549, 37440, 0, 0, 0
78649, 36960, 0, 0, 0
78750, 36960, 0, 0, 0
78850, 37600, 0, 0, 0
78950, 36480, 0, 0, 0
79050, 36640, 0, 0, 0
79150, 37280, 0, 0, 0
79249, 35717, 0, 0, 0
79349, 36800, 0, 0, 0
79449, 36480, 0, 0, 0
79549, 35840, 0, 0, 0
79649, 36000, 0, 0, 0
79749, 36960, 0, 0, 0
79849, 36960, 0, 0, 0
79949, 37760, 0, 0, 0
80049, 36640, 0, 0, 0
80149, 37920, 0, 0, 0
80250, 37600, 0, 0, 0
80350, 37920, 0, 0, 0
80450, 36320, 0, 0, 0
80550, 37280, 0, 0, 0
80650, 36320, 0, 0, 0
80749, 38303, 0, 0, 0
80849, 38240, 0, 0, 0
80949, 38400, 0, 0, 0
81049, 36320, 0, 0, 0
81149, 37440, 0, 0, 0
81249, 36160, 0, 0, 0
81349, 36320, 0, 0, 0
81449, 36320, 0, 0, 0
81549, 37760, 0, 0, 0
81649, 36960, 0, 0, 0
81750, 35520, 0, 0, 0
81850, 35200, 0, 0, 0
81950, 36480, 0, 0, 0
82050, 37600, 0, 0, 0
82150, 38400, 0, 0, 0
82249, 37010, 0, 0, 0
82349, 36640, 0, 0, 0
82449, 37120, 0, 0, 0
82549, 36480, 0, 0, 0
82649, 36480, 0, 0, 0
82749, 38240, 0, 0, 0
82849, 37920, 0, 0, 0
82949, 37280, 0, 0, 0
83049, 37760, 0, 0, 0
83149, 37760, 0, 0, 0
83250, 37600, 0, 0, 0
83350, 37120, 0, 0, 0
83450, 36480, 0, 0, 0
83550, 36160, 0, 0, 0
83650, 36480, 0, 0, 0
83749, 36202, 0, 0, 0
83849, 36640, 0, 0, 0
83949, 36640, 0, 0, 0
84049, 36800, 0, 0, 0
84149, 36320, 0, 0, 0
84249, 36960, 0, 0, 0
84349, 36000, 0, 0, 0
84449, 36320, 0, 0, 0
84549, 37120, 0, 0, 0
84649, 36480, 0, 0, 0
84749, 36640, 0, 0, 0
84850, 37280, 0, 0, 0
84950, 38080, 0, 0, 0
85050, 37120, 0, 0, 0
85150, 36000, 0, 0, 0
85249, 36525, 0, 0, 0
85349, 36800, 0, 0, 0
85449, 36480, 0, 0, 0
85549, 35840, 0, 0, 0
85649, 36480, 0, 0, 0
85749, 36160, 0, 0, 0
85849, 36960, 0, 0, 0
85949, 36960, 0, 0, 0
86049, 35520, 0, 0, 0
86149, 36800, 0, 0, 0
86249, 37120, 0, 0, 0
86350, 38080, 0, 0, 0
86450, 35680, 0, 0, 0
86550, 36160, 0, 0, 0
86650, 35040, 0, 0, 0
86749, 37494, 0, 0, 0
86849, 38080, 0, 0, 0
86949, 37120, 0, 0, 0
87049, 36960, 0, 0, 0
87149, 36480, 0, 0, 0
87249, 37440, 0, 0, 0
87349, 36640, 0, 0, 0
87449, 37440, 0, 0, 0
87549, 36800, 0, 0, 0
87649, 37120, 0, 0, 0
87749, 36320, 0, 0, 0
87849, 36320, 0, 0, 0
87950, 37120, 0, 0, 0
88050, 36160, 0, 0, 0
88150, 37600, 0, 0, 0
88249, 36686, 0, 0, 0
88349, 37120, 0, 0, 0
88449, 36160, 0, 0, 0
88549, 36480, 0, 0, 0
88649, 36160, 0, 0, 0
88749, 36320, 0, 0, 0
88849, 36480, 0, 0, 0
88949, 36640, 0, 0, 0
89049, 36640, 0, 0, 0
89149, 36800, 0, 0, 0
89249, 37440, 0, 0, 0
89349, 35680, 0, 0, 0
89449, 37600, 0, 0, 0
89550, 37600, 0, 0, 0
89650, 36960, 0, 0, 0
89749, 37656, 0, 0, 0
89849, 37600, 0, 0, 0
89949, 36480, 0, 0, 0
