100, 5716, 0, 0, 0
200, 6449, 0, 0, 0
301, 7013, 0, 0, 0
401, 5240, 0, 0, 0
502, 6008, 0, 0, 0
602, 6680, 0, 0, 0
701, 5247, 0, 0, 0
800, 5111, 0, 0, 0
901, 5755, 0, 0, 0
1002, 5743, 0, 0, 0
1100, 5897, 0, 0, 0
1200, 5518, 0, 0, 0
1301, 6502, 0, 0, 0
1401, 5887, 0, 0, 0
1500, 5988, 0, 0, 0
1601, 6998, 0, 0, 0
1700, 6134, 0, 0, 0
1801, 7648, 0, 0, 0
1900, 5603, 0, 0, 0
2000, 6244, 0, 0, 0
2101, 7078, 0, 0, 0
2200, 6298, 0, 0, 0
2300, 6630, 0, 0, 0
2401, 5278, 0, 0, 0
2500, 5477, 0, 0, 0
2600, 6377, 0, 0, 0
2701, 5837, 0, 0, 0
2800, 6331, 0, 0, 0
2900, 5842, 0, 0, 0
3001, 6038, 0, 0, 0
3101, 6466, 0, 0, 0
3200, 6386, 0, 0, 0
3300, 6697, 0, 0, 0
3401, 5722, 0, 0, 0
3500, 4927, 0, 0, 0
3600, 5680, 0, 0, 0
3700, 5825, 0, 0, 0
3800, 6254, 0, 0, 0
3900, 6615, 0, 0, 0
4000, 7053, 0, 0, 0
4100, 6170, 0, 0, 0
4203, 5934, 0, 0, 0
4301, 5361, 0, 0, 0
4400, 5699, 0, 0, 0
4501, 6715, 0, 0, 0
4600, 6619, 0, 0, 0
4701, 6068, 0, 0, 0
4800, 5312, 0, 0, 0
4900, 4683, 0, 0, 0
5000, 6767, 0, 0, 0
5100, 6958, 0, 0, 0
5200, 5597, 0, 0, 0
5302, 5564, 0, 0, 0
5402, 5351, 0, 0, 0
5500, 5855, 0, 0, 0
5600, 5166, 0, 0, 0
5700, 5740, 0, 0, 0
5800, 5844, 0, 0, 0
5901, 6570, 0, 0, 0
6000, 5778, 0, 0, 0
6100, 6176, 0, 0, 0
6200, 6145, 0, 0, 0
6302, 5245, 0, 0, 0
6401, 5630, 0, 0, 0
6501, 5370, 0, 0, 0
6602, 5295, 0, 0, 0
6700, 6735, 0, 0, 0
6801, 4985, 0, 0, 0
6901, 5209, 0, 0, 0
7001, 5882, 0, 0, 0
7100, 5861, 0, 0, 0
7200, 6066, 0, 0, 0
7300, 6018, 0, 0, 0
7401, 5057, 0, 0, 0
7500, 7484, 0, 0, 0
7600, 6368, 0, 0, 0
7701, 4940, 0, 0, 0
7800, 6985, 0, 0, 0
7901, 5713, 0, 0, 0
8000, 5786, 0, 0, 0
8101, 6818, 0, 0, 0
8201, 5840, 0, 0, 0
8302, 5438, 0, 0, 0
8401, 5555, 0, 0, 0
8501, 5819, 0, 0, 0
8600, 4962, 0, 0, 0
8700, 5558, 0, 0, 0
8800, 6400, 0, 0, 0
8900, 5355, 0, 0, 0
9001, 5496, 0, 0, 0
9100, 6078, 0, 0, 0
9200, 4962, 0, 0, 0
9301, 6207, 0, 0, 0
9400, 5404, 0, 0, 0
9500, 6192, 0, 0, 0
9600, 6033, 0, 0, 0
9701, 6364, 0, 0, 0
9800, 5788, 0, 0, 0
9900, 4909, 0, 0, 0
10001, 5577, 0, 0, 0
10100, 5090, 0, 0, 0
10200, 5836, 0, 0, 0
10300, 5114, 0, 0, 0
10401, 5350, 0, 0, 0
10500, 5707, 0, 0, 0
10600, 5508, 0, 0, 0
10700, 5510, 0, 0, 0
10801, 5302, 0, 0, 0
10902, 5625, 0, 0, 0
11000, 6164, 0, 0, 0
11101, 5682, 0, 0, 0
11200, 5303, 0, 0, 0
11301, 5963, 0, 0, 0
11400, 6847, 0, 0, 0
11500, 6201, 0, 0, 0
11600, 5959, 0, 0, 0
11700, 5558, 0, 0, 0
11800, 6238, 0, 0, 0
11900, 6683, 0, 0, 0
12000, 5604, 0, 0, 0
12101, 5150, 0, 0, 0
12200, 5851, 0, 0, 0
12300, 6372, 0, 0, 0
12401, 6179, 0, 0, 0
12501, 6215, 0, 0, 0
12601, 5971, 0, 0, 0
12700, 5607, 0, 0, 0
12802, 6036, 0, 0, 0
12900, 6334, 0, 0, 0
13002, 6649, 0, 0, 0
13100, 5661, 0, 0, 0
13200, 6393, 0, 0, 0
13301, 7075, 0, 0, 0
13400, 6354, 0, 0, 0
13502, 6115, 0, 0, 0
13600, 5999, 0, 0, 0
13701, 4950, 0, 0, 0
13802, 5904, 0, 0, 0
13900, 5808, 0, 0, 0
14002, 6244, 0, 0, 0
14100, 7213, 0, 0, 0
14200, 6827, 0, 0, 0
14300, 4839, 0, 0, 0
14400, 5923, 0, 0, 0
14501, 5519, 0, 0, 0
14600, 6057, 0, 0, 0
14701, 6649, 0, 0, 0
14800, 5906, 0, 0, 0
14900, 6418, 0, 0, 0
15000, 6580, 0, 0, 0
15100, 5988, 0, 0, 0
15200, 5857, 0, 0, 0
15301, 5710, 0, 0, 0
15400, 5935, 0, 0, 0
15502, 6120, 0, 0, 0
15600, 6278, 0, 0, 0
15702, 5186, 0, 0, 0
15800, 5443, 0, 0, 0
15900, 5130, 0, 0, 0
16000, 5650, 0, 0, 0
16100, 6172, 0, 0, 0
16201, 5957, 0, 0, 0
16300, 6537, 0, 0, 0
16401, 6220, 0, 0, 0
16500, 5917, 0, 0, 0
16601, 5650, 0, 0, 0
16700, 5709, 0, 0, 0
16800, 6292, 0, 0, 0
16902, 5972, 0, 0, 0
17000, 6026, 0, 0, 0
17102, 5880, 0, 0, 0
17200, 5668, 0, 0, 0
17301, 5893, 0, 0, 0
17401, 5973, 0, 0, 0
17500, 6281, 0, 0, 0
17603, 6599, 0, 0, 0
17701, 5988, 0, 0, 0
17800, 6606, 0, 0, 0
17900, 5861, 0, 0, 0
18001, 6072, 0, 0, 0
18100, 6818, 0, 0, 0
18200, 6721, 0, 0, 0
18300, 6847, 0, 0, 0
18400, 6704, 0, 0, 0
18502, 6431, 0, 0, 0
18600, 6104, 0, 0, 0
18701, 5920, 0, 0, 0
18801, 7081, 0, 0, 0
18901, 5766, 0, 0, 0
19002, 5862, 0, 0, 0
19100, 5147, 0, 0, 0
19200, 5937, 0, 0, 0
19300, 5893, 0, 0, 0
19400, 6735, 0, 0, 0
19500, 5264, 0, 0, 0
19600, 6941, 0, 0, 0
19702, 4705, 0, 0, 0
19800, 5258, 0, 0, 0
19902, 5714, 0, 0, 0
20000, 5205, 0, 0, 0
20101, 5739, 0, 0, 0
20202, 5541, 0, 0, 0
20303, 5540, 0, 0, 0
20400, 5157, 0, 0, 0
20500, 5494, 0, 0, 0
20601, 5769, 0, 0, 0
20701, 5968, 0, 0, 0
20800, 5505, 0, 0, 0
20901, 5704, 0, 0, 0
21000, 5743, 0, 0, 0
21100, 5259, 0, 0, 0
21200, 6073, 0, 0, 0
21300, 5800, 0, 0, 0
21401, 6105, 0, 0, 0
21500, 5644, 0, 0, 0
21602, 5057, 0, 0, 0
21700, 5294, 0, 0, 0
21802, 4962, 0, 0, 0
21900, 5226, 0, 0, 0
22000, 5602, 0, 0, 0
22100, 5923, 0, 0, 0
22200, 5551, 0, 0, 0
22301, 5184, 0, 0, 0
22401, 5541, 0, 0, 0
22500, 5578, 0, 0, 0
22600, 5790, 0, 0, 0
22700, 6186, 0, 0, 0
22800, 5039, 0, 0, 0
22900, 6242, 0, 0, 0
23000, 6321, 0, 0, 0
23101, 7794, 0, 0, 0
23202, 6685, 0, 0, 0
23300, 6139, 0, 0, 0
23400, 5373, 0, 0, 0
23501, 6191, 0, 0, 0
23600, 5908, 0, 0, 0
23700, 5005, 0, 0, 0
23800, 5364, 0, 0, 0
23900, 5539, 0, 0, 0
24001, 5858, 0, 0, 0
24102, 5799, 0, 0, 0
24201, 6095, 0, 0, 0
24300, 7059, 0, 0, 0
24401, 5402, 0, 0, 0
24501, 4913, 0, 0, 0
24600, 5118, 0, 0, 0
24700, 5323, 0, 0, 0
24801, 6771, 0, 0, 0
24902, 7105, 0, 0, 0
25000, 6762, 0, 0, 0
25100, 6530, 0, 0, 0
25200, 5874, 0, 0, 0
25301, 5391, 0, 0, 0
25402, 5500, 0, 0, 0
25501, 6466, 0, 0, 0
25600, 4738, 0, 0, 0
25700, 5601, 0, 0, 0
25801, 6103, 0, 0, 0
25900, 5583, 0, 0, 0
26000, 6264, 0, 0, 0
26100, 5397, 0, 0, 0
26202, 5217, 0, 0, 0
26300, 6143, 0, 0, 0
26400, 4952, 0, 0, 0
26500, 5784, 0, 0, 0
26600, 5534, 0, 0, 0
26700, 5737, 0, 0, 0
26800, 5449, 0, 0, 0
26900, 7672, 0, 0, 0
27001, 5445, 0, 0, 0
27100, 5438, 0, 0, 0
27200, 6147, 0, 0, 0
27303, 5947, 0, 0, 0
27400, 5963, 0, 0, 0
27500, 5510, 0, 0, 0
27600, 6797, 0, 0, 0
27700, 5700, 0, 0, 0
27801, 6213, 0, 0, 0
27900, 6210, 0, 0, 0
28000, 5479, 0, 0, 0
28100, 5479, 0, 0, 0
28201, 5636, 0, 0, 0
28300, 4967, 0, 0, 0
28402, 5037, 0, 0, 0
28501, 5235, 0, 0, 0
28601, 6027, 0, 0, 0
28700, 6500, 0, 0, 0
28800, 5861, 0, 0, 0
28900, 5184, 0, 0, 0
29000, 5321, 0, 0, 0
29101, 5632, 0, 0, 0
29200, 5039, 0, 0, 0
29301, 5970, 0, 0, 0
29400, 6696, 0, 0, 0
29501, 6053, 0, 0, 0
29601, 4991, 0, 0, 0
29701, 5189, 0, 0, 0
29800, 5633, 0, 0, 0
29901, 5800, 0, 0, 0
30001, 4389, 0, 0, 0
30100, 5256, 0, 0, 0
30200, 6448, 0, 0, 0
30300, 5483, 0, 0, 0
30400, 6174, 0, 0, 0
30501, 6470, 0, 0, 0
30600, 5162, 0, 0, 0
30700, 5412, 0, 0, 0
30801, 6072, 0, 0, 0
30900, 6539, 0, 0, 0
31000, 5103, 0, 0, 0
31100, 5250, 0, 0, 0
31200, 5003, 0, 0, 0
31302, 5554, 0, 0, 0
31400, 5694, 0, 0, 0
31501, 5672, 0, 0, 0
31600, 4798, 0, 0, 0
31701, 5879, 0, 0, 0
31801, 7057, 0, 0, 0
31900, 4948, 0, 0, 0
32000, 4790, 0, 0, 0
32100, 5130, 0, 0, 0
32200, 5480, 0, 0, 0
32301, 5743, 0, 0, 0
32401, 5764, 0, 0, 0
32501, 5607, 0, 0, 0
32602, 5522, 0, 0, 0
32701, 5501, 0, 0, 0
32802, 6466, 0, 0, 0
32901, 5053, 0, 0, 0
33001, 6807, 0, 0, 0
33100, 4867, 0, 0, 0
33200, 6075, 0, 0, 0
33301, 5564, 0, 0, 0
33401, 5654, 0, 0, 0
33500, 5616, 0, 0, 0
33602, 6967, 0, 0, 0
33700, 6468, 0, 0, 0
33801, 5908, 0, 0, 0
33900, 5754, 0, 0, 0
34000, 6137, 0, 0, 0
34102, 5875, 0, 0, 0
34201, 5575, 0, 0, 0
34300, 6046, 0, 0, 0
34400, 6233, 0, 0, 0
34501, 5527, 0, 0, 0
34600, 5769, 0, 0, 0
34701, 6122, 0, 0, 0
34802, 6131, 0, 0, 0
34900, 6605, 0, 0, 0
35000, 7212, 0, 0, 0
35101, 7027, 0, 0, 0
35200, 6335, 0, 0, 0
35300, 5835, 0, 0, 0
35401, 5544, 0, 0, 0
35501, 6196, 0, 0, 0
35601, 5853, 0, 0, 0
35701, 6273, 0, 0, 0
35800, 6050, 0, 0, 0
35901, 6308, 0, 0, 0
36000, 7751, 0, 0, 0
36100, 6653, 0, 0, 0
36200, 6331, 0, 0, 0
36301, 5707, 0, 0, 0
36400, 5620, 0, 0, 0
36500, 6350, 0, 0, 0
36601, 5515, 0, 0, 0
36700, 6268, 0, 0, 0
36800, 6729, 0, 0, 0
36900, 5342, 0, 0, 0
37001, 5928, 0, 0, 0
37100, 7299, 0, 0, 0
37201, 6222, 0, 0, 0
37302, 6941, 0, 0, 0
37402, 6807, 0, 0, 0
37502, 5909, 0, 0, 0
37600, 6140, 0, 0, 0
37700, 6401, 0, 0, 0
37800, 7092, 0, 0, 0
37900, 6738, 0, 0, 0
38000, 5889, 0, 0, 0
38100, 6293, 0, 0, 0
38202, 6531, 0, 0, 0
38303, 6635, 0, 0, 0
38400, 6429, 0, 0, 0
38501, 6094, 0, 0, 0
38601, 5354, 0, 0, 0
38701, 5286, 0, 0, 0
38800, 5735, 0, 0, 0
38900, 7746, 0, 0, 0
39000, 5618, 0, 0, 0
39100, 6089, 0, 0, 0
39200, 6748, 0, 0, 0
39300, 5643, 0, 0, 0
39400, 6551, 0, 0, 0
39500, 6304, 0, 0, 0
39601, 6006, 0, 0, 0
39700, 6471, 0, 0, 0
39800, 6897, 0, 0, 0
39902, 6430, 0, 0, 0
40000, 5890, 0, 0, 0
40101, 5888, 0, 0, 0
40201, 6008, 0, 0, 0
40300, 6135, 0, 0, 0
40400, 5031, 0, 0, 0
40500, 5851, 0, 0, 0
40600, 5601, 0, 0, 0
40700, 5723, 0, 0, 0
40800, 5839, 0, 0, 0
40900, 6076, 0, 0, 0
41001, 5101, 0, 0, 0
41101, 5439, 0, 0, 0
41200, 5376, 0, 0, 0
41300, 6546, 0, 0, 0
41403, 5942, 0, 0, 0
41500, 6415, 0, 0, 0
41600, 6320, 0, 0, 0
41701, 5864, 0, 0, 0
41802, 7121, 0, 0, 0
41900, 5666, 0, 0, 0
42000, 5810, 0, 0, 0
42100, 5322, 0, 0, 0
42200, 5362, 0, 0, 0
42301, 5587, 0, 0, 0
42400, 5602, 0, 0, 0
42500, 5870, 0, 0, 0
42600, 6276, 0, 0, 0
42700, 5820, 0, 0, 0
42800, 5920, 0, 0, 0
42900, 5573, 0, 0, 0
43001, 5886, 0, 0, 0
43101, 6069, 0, 0, 0
43200, 5450, 0, 0, 0
43300, 6009, 0, 0, 0
43401, 6539, 0, 0, 0
43501, 5418, 0, 0, 0
43600, 4983, 0, 0, 0
43700, 5478, 0, 0, 0
43800, 5655, 0, 0, 0
43900, 5194, 0, 0, 0
44000, 5104, 0, 0, 0
44100, 5055, 0, 0, 0
44201, 5786, 0, 0, 0
44301, 5704, 0, 0, 0
44400, 4937, 0, 0, 0
44500, 5607, 0, 0, 0
44601, 5764, 0, 0, 0
44700, 4977, 0, 0, 0
44800, 6444, 0, 0, 0
44901, 5780, 0, 0, 0
45002, 6975, 0, 0, 0
45102, 6027, 0, 0, 0
45202, 5726, 0, 0, 0
45300, 6101, 0, 0, 0
45400, 5282, 0, 0, 0
45501, 6655, 0, 0, 0
45600, 5689, 0, 0, 0
45703, 5404, 0, 0, 0
45802, 5653, 0, 0, 0
45900, 4621, 0, 0, 0
46002, 5157, 0, 0, 0
46101, 5912, 0, 0, 0
46200, 5192, 0, 0, 0
46300, 4272, 0, 0, 0
46400, 5501, 0, 0, 0
46501, 5685, 0, 0, 0
46601, 7414, 0, 0, 0
46700, 5413, 0, 0, 0
46801, 6206, 0, 0, 0
46900, 5525, 0, 0, 0
47001, 5594, 0, 0, 0
47101, 6307, 0, 0, 0
47201, 6724, 0, 0, 0
47300, 5750, 0, 0, 0
47402, 5289, 0, 0, 0
47500, 5728, 0, 0, 0
47600, 6198, 0, 0, 0
47700, 5141, 0, 0, 0
47800, 5333, 0, 0, 0
47900, 5760, 0, 0, 0
48001, 5299, 0, 0, 0
48102, 4771, 0, 0, 0
48200, 5834, 0, 0, 0
48300, 6679, 0, 0, 0
48401, 6871, 0, 0, 0
48500, 4862, 0, 0, 0
48602, 5226, 0, 0, 0
48701, 5540, 0, 0, 0
48800, 6355, 0, 0, 0
48900, 5283, 0, 0, 0
49001, 5660, 0, 0, 0
49100, 5617, 0, 0, 0
49200, 4833, 0, 0, 0
49300, 5168, 0, 0, 0
49400, 5643, 0, 0, 0
49500, 5438, 0, 0, 0
49601, 5246, 0, 0, 0
49700, 5511, 0, 0, 0
49801, 5521, 0, 0, 0
49900, 5511, 0, 0, 0
50001, 5357, 0, 0, 0
50101, 5486, 0, 0, 0
50201, 5398, 0, 0, 0
50300, 5480, 0, 0, 0
50401, 5236, 0, 0, 0
50500, 5737, 0, 0, 0
50601, 5392, 0, 0, 0
50701, 5115, 0, 0, 0
50801, 5272, 0, 0, 0
50900, 6236, 0, 0, 0
51002, 6083, 0, 0, 0
51100, 6837, 0, 0, 0
51201, 6452, 0, 0, 0
51302, 6445, 0, 0, 0
51400, 7155, 0, 0, 0
51500, 5958, 0, 0, 0
51600, 5081, 0, 0, 0
51700, 5414, 0, 0, 0
51801, 5283, 0, 0, 0
51900, 6107, 0, 0, 0
52000, 6266, 0, 0, 0
52100, 6264, 0, 0, 0
52200, 5780, 0, 0, 0
52300, 5833, 0, 0, 0
52402, 5069, 0, 0, 0
52500, 5081, 0, 0, 0
52601, 5517, 0, 0, 0
52701, 5246, 0, 0, 0
52801, 5121, 0, 0, 0
52902, 5584, 0, 0, 0
53000, 5753, 0, 0, 0
53100, 5366, 0, 0, 0
53200, 5001, 0, 0, 0
53300, 5998, 0, 0, 0
53401, 6477, 0, 0, 0
53500, 6305, 0, 0, 0
53601, 5598, 0, 0, 0
53701, 6939, 0, 0, 0
53800, 5945, 0, 0, 0
53900, 6142, 0, 0, 0
54000, 5567, 0, 0, 0
54100, 6178, 0, 0, 0
54200, 6083, 0, 0, 0
54300, 6302, 0, 0, 0
54400, 4833, 0, 0, 0
54500, 5451, 0, 0, 0
54601, 5485, 0, 0, 0
54700, 6161, 0, 0, 0
54802, 5576, 0, 0, 0
54900, 5659, 0, 0, 0
55000, 5136, 0, 0, 0
55102, 5715, 0, 0, 0
55200, 5523, 0, 0, 0
55301, 4940, 0, 0, 0
55401, 5163, 0, 0, 0
55501, 5663, 0, 0, 0
55600, 6085, 0, 0, 0
55702, 5443, 0, 0, 0
55800, 5357, 0, 0, 0
55902, 5431, 0, 0, 0
56001, 4829, 0, 0, 0
56100, 6063, 0, 0, 0
56200, 5785, 0, 0, 0
56300, 5885, 0, 0, 0
56400, 5672, 0, 0, 0
56501, 5436, 0, 0, 0
56601, 5977, 0, 0, 0
56701, 6217, 0, 0, 0
56802, 5913, 0, 0, 0
56900, 5666, 0, 0, 0
57000, 6808, 0, 0, 0
57102, 6575, 0, 0, 0
57200, 6239, 0, 0, 0
57300, 5700, 0, 0, 0
57404, 5445, 0, 0, 0
57500, 5287, 0, 0, 0
57601, 5248, 0, 0, 0
57701, 5967, 0, 0, 0
57802, 5517, 0, 0, 0
57900, 5997, 0, 0, 0
58000, 5934, 0, 0, 0
58100, 5503, 0, 0, 0
58200, 5469, 0, 0, 0
58300, 5906, 0, 0, 0
58400, 4665, 0, 0, 0
58501, 4864, 0, 0, 0
58600, 6110, 0, 0, 0
58700, 5559, 0, 0, 0
58802, 5780, 0, 0, 0
58900, 6402, 0, 0, 0
59000, 6937, 0, 0, 0
59100, 6499, 0, 0, 0
59201, 6513, 0, 0, 0
59301, 5909, 0, 0, 0
59400, 6592, 0, 0, 0
59501, 5334, 0, 0, 0
59600, 5276, 0, 0, 0
59700, 6445, 0, 0, 0
59800, 6617, 0, 0, 0
59901, 6323, 0, 0, 0
60001, 6342, 0, 0, 0
60100, 6006, 0, 0, 0
60200, 6125, 0, 0, 0
60300, 5722, 0, 0, 0
60400, 5615, 0, 0, 0
60500, 5946, 0, 0, 0
60601, 6117, 0, 0, 0
60702, 6148, 0, 0, 0
60801, 5897, 0, 0, 0
60902, 5443, 0, 0, 0
61000, 5632, 0, 0, 0
61101, 6324, 0, 0, 0
61201, 5673, 0, 0, 0
61302, 5192, 0, 0, 0
61401, 5802, 0, 0, 0
61501, 5016, 0, 0, 0
61602, 4699, 0, 0, 0
61700, 5619, 0, 0, 0
61800, 5120, 0, 0, 0
61900, 5831, 0, 0, 0
62001, 6031, 0, 0, 0
62102, 6011, 0, 0, 0
62200, 5525, 0, 0, 0
62302, 6523, 0, 0, 0
62400, 5376, 0, 0, 0
62501, 5119, 0, 0, 0
62600, 6223, 0, 0, 0
62701, 5468, 0, 0, 0
62801, 6862, 0, 0, 0
62900, 6272, 0, 0, 0
63000, 6797, 0, 0, 0
63100, 5730, 0, 0, 0
63200, 5783, 0, 0, 0
63301, 6997, 0, 0, 0
63400, 6616, 0, 0, 0
63500, 6013, 0, 0, 0
63601, 5849, 0, 0, 0
63702, 6068, 0, 0, 0
63801, 6455, 0, 0, 0
63900, 6024, 0, 0, 0
64001, 5530, 0, 0, 0
64101, 6315, 0, 0, 0
64201, 6194, 0, 0, 0
64300, 5216, 0, 0, 0
64400, 5492, 0, 0, 0
64500, 6218, 0, 0, 0
64601, 6048, 0, 0, 0
64700, 4985, 0, 0, 0
64800, 5528, 0, 0, 0
64901, 5395, 0, 0, 0
65003, 5247, 0, 0, 0
65101, 6143, 0, 0, 0
65202, 6644, 0, 0, 0
65301, 5935, 0, 0, 0
65401, 5500, 0, 0, 0
65501, 5858, 0, 0, 0
65600, 6442, 0, 0, 0
65700, 6728, 0, 0, 0
65800, 5531, 0, 0, 0
65901, 6780, 0, 0, 0
66001, 6010, 0, 0, 0
66101, 6023, 0, 0, 0
66200, 6027, 0, 0, 0
66300, 5544, 0, 0, 0
66400, 5735, 0, 0, 0
66500, 5674, 0, 0, 0
66600, 6449, 0, 0, 0
66700, 5786, 0, 0, 0
66800, 4877, 0, 0, 0
66900, 5215, 0, 0, 0
67000, 5948, 0, 0, 0
67100, 5490, 0, 0, 0
67201, 5694, 0, 0, 0
67301, 5096, 0, 0, 0
67400, 6154, 0, 0, 0
67500, 5953, 0, 0, 0
67601, 5680, 0, 0, 0
67701, 5421, 0, 0, 0
67801, 6462, 0, 0, 0
67901, 5313, 0, 0, 0
68000, 5731, 0, 0, 0
68102, 5056, 0, 0, 0
68200, 5121, 0, 0, 0
68301, 5513, 0, 0, 0
68400, 6946, 0, 0, 0
68500, 6503, 0, 0, 0
68600, 6106, 0, 0, 0
68700, 6318, 0, 0, 0
68800, 6221, 0, 0, 0
68900, 6159, 0, 0, 0
69000, 6605, 0, 0, 0
69103, 5490, 0, 0, 0
69201, 5982, 0, 0, 0
69301, 6086, 0, 0, 0
69400, 6616, 0, 0, 0
69501, 6307, 0, 0, 0
69601, 6092, 0, 0, 0
69700, 5628, 0, 0, 0
69802, 5926, 0, 0, 0
69900, 6217, 0, 0, 0
70000, 6219, 0, 0, 0
70100, 5807, 0, 0, 0
70200, 4879, 0, 0, 0
70300, 5330, 0, 0, 0
70402, 5338, 0, 0, 0
70500, 5055, 0, 0, 0
70601, 4799, 0, 0, 0
70700, 5709, 0, 0, 0
70800, 5760, 0, 0, 0
70901, 6513, 0, 0, 0
71002, 5908, 0, 0, 0
71100, 6224, 0, 0, 0
71200, 6395, 0, 0, 0
71301, 6170, 0, 0, 0
71400, 5596, 0, 0, 0
71501, 5956, 0, 0, 0
71601, 6935, 0, 0, 0
71700, 6184, 0, 0, 0
71801, 5685, 0, 0, 0
71901, 5449, 0, 0, 0
72000, 4999, 0, 0, 0
72102, 5529, 0, 0, 0
72201, 5703, 0, 0, 0
72300, 5539, 0, 0, 0
72400, 6437, 0, 0, 0
72500, 6260, 0, 0, 0
72601, 6283, 0, 0, 0
72700, 5894, 0, 0, 0
72800, 6588, 0, 0, 0
72900, 5758, 0, 0, 0
73000, 5855, 0, 0, 0
73100, 6572, 0, 0, 0
73200, 5702, 0, 0, 0
73300, 6271, 0, 0, 0
73401, 6153, 0, 0, 0
73500, 5380, 0, 0, 0
73601, 5334, 0, 0, 0
73700, 5183, 0, 0, 0
73802, 6667, 0, 0, 0
73901, 7283, 0, 0, 0
74001, 5499, 0, 0, 0
74101, 6398, 0, 0, 0
74200, 6233, 0, 0, 0
74300, 5844, 0, 0, 0
74401, 5883, 0, 0, 0
74501, 6387, 0, 0, 0
74600, 5795, 0, 0, 0
74701, 5328, 0, 0, 0
74802, 5784, 0, 0, 0
74900, 6207, 0, 0, 0
75000, 7337, 0, 0, 0
75100, 5822, 0, 0, 0
75200, 5238, 0, 0, 0
75300, 6188, 0, 0, 0
75401, 5948, 0, 0, 0
75500, 5267, 0, 0, 0
75603, 6319, 0, 0, 0
75701, 4713, 0, 0, 0
75800, 4049, 0, 0, 0
75901, 4843, 0, 0, 0
76000, 4951, 0, 0, 0
76100, 5598, 0, 0, 0
76200, 5687, 0, 0, 0
76300, 5733, 0, 0, 0
76400, 5833, 0, 0, 0
76502, 5892, 0, 0, 0
76600, 6289, 0, 0, 0
76701, 6226, 0, 0, 0
76801, 6287, 0, 0, 0
76902, 5951, 0, 0, 0
77001, 6222, 0, 0, 0
77101, 6170, 0, 0, 0
77201, 5615, 0, 0, 0
77300, 5907, 0, 0, 0
77401, 5004, 0, 0, 0
77500, 4856, 0, 0, 0
77600, 5290, 0, 0, 0
77700, 4934, 0, 0, 0
77802, 5358, 0, 0, 0
77900, 4795, 0, 0, 0
78001, 6444, 0, 0, 0
78101, 5065, 0, 0, 0
78200, 4705, 0, 0, 0
78300, 5007, 0, 0, 0
78401, 4908, 0, 0, 0
78500, 5040, 0, 0, 0
78600, 5412, 0, 0, 0
78700, 5489, 0, 0, 0
78801, 4800, 0, 0, 0
78902, 5906, 0, 0, 0
79000, 5755, 0, 0, 0
79103, 5267, 0, 0, 0
79201, 5081, 0, 0, 0
79300, 5070, 0, 0, 0
79401, 5111, 0, 0, 0
79500, 4708, 0, 0, 0
79600, 5863, 0, 0, 0
79700, 6559, 0, 0, 0
79801, 6412, 0, 0, 0
79901, 6675, 0, 0, 0
80000, 6716, 0, 0, 0
80100, 5496, 0, 0, 0
80201, 5310, 0, 0, 0
80300, 5219, 0, 0, 0
80401, 5448, 0, 0, 0
80501, 5456, 0, 0, 0
80601, 6542, 0, 0, 0
80701, 7575, 0, 0, 0
80801, 6646, 0, 0, 0
80900, 6722, 0, 0, 0
81000, 5007, 0, 0, 0
81101, 6710, 0, 0, 0
81200, 5805, 0, 0, 0
81300, 5162, 0, 0, 0
81402, 6053, 0, 0, 0
81502, 5002, 0, 0, 0
81600, 5603, 0, 0, 0
81700, 5893, 0, 0, 0
81800, 6914, 0, 0, 0
81900, 5767, 0, 0, 0
82001, 5782, 0, 0, 0
82101, 5138, 0, 0, 0
82200, 5443, 0, 0, 0
82300, 6002, 0, 0, 0
82400, 5952, 0, 0, 0
82500, 6017, 0, 0, 0
82601, 5136, 0, 0, 0
82700, 6093, 0, 0, 0
82800, 6888, 0, 0, 0
82901, 6232, 0, 0, 0
83000, 5596, 0, 0, 0
83100, 5051, 0, 0, 0
83201, 4827, 0, 0, 0
83301, 5477, 0, 0, 0
83400, 5846, 0, 0, 0
83501, 6499, 0, 0, 0
83600, 5568, 0, 0, 0
83701, 5430, 0, 0, 0
83802, 5990, 0, 0, 0
83901, 5795, 0, 0, 0
84002, 5756, 0, 0, 0
84100, 6151, 0, 0, 0
84200, 5936, 0, 0, 0
84300, 6579, 0, 0, 0
84402, 6268, 0, 0, 0
84501, 5919, 0, 0, 0
84600, 5001, 0, 0, 0
84700, 6895, 0, 0, 0
84800, 5719, 0, 0, 0
84901, 6111, 0, 0, 0
85000, 6113, 0, 0, 0
85100, 6338, 0, 0, 0
85200, 5877, 0, 0, 0
85300, 6030, 0, 0, 0
85400, 6020, 0, 0, 0
85500, 5964, 0, 0, 0
85600, 5866, 0, 0, 0
85700, 6152, 0, 0, 0
85800, 5901, 0, 0, 0
85902, 6271, 0, 0, 0
86001, 6622, 0, 0, 0
86100, 4756, 0, 0, 0
86200, 5370, 0, 0, 0
86300, 5393, 0, 0, 0
86400, 5355, 0, 0, 0
86501, 5521, 0, 0, 0
86601, 5934, 0, 0, 0
86701, 6137, 0, 0, 0
86801, 5716, 0, 0, 0
86900, 5397, 0, 0, 0
87001, 5677, 0, 0, 0
87101, 5221, 0, 0, 0
87200, 5255, 0, 0, 0
87301, 5751, 0, 0, 0
87401, 6656, 0, 0, 0
87500, 6220, 0, 0, 0
87600, 6474, 0, 0, 0
87700, 5066, 0, 0, 0
87803, 5492, 0, 0, 0
87900, 5933, 0, 0, 0
88000, 5490, 0, 0, 0
88100, 4921, 0, 0, 0
88200, 5602, 0, 0, 0
88301, 5113, 0, 0, 0
88400, 5700, 0, 0, 0
88500, 6168, 0, 0, 0
88600, 5476, 0, 0, 0
88700, 6485, 0, 0, 0
88801, 4989, 0, 0, 0
88900, 6012, 0, 0, 0
89001, 6562, 0, 0, 0
89100, 5548, 0, 0, 0
89200, 6480, 0, 0, 0
89300, 5927, 0, 0, 0
89400, 5905, 0, 0, 0
89500, 5214, 0, 0, 0
89600, 5701, 0, 0, 0
89700, 6379, 0, 0, 0
89802, 5614, 0, 0, 0
89902, 5535, 0, 0, 0
90001, 6094, 0, 0, 0
