100, 3158819, 1, 0, 0
100, 929865, 0, 0, 0
200, 946319, 0, 0, 0
201, 3031310, 1, 0, 0
300, 3190882, 1, 0, 0
300, 939197, 0, 0, 0
400, 3015789, 1, 0, 0
401, 956926, 0, 0, 0
500, 937122, 0, 0, 0
502, 3192381, 1, 0, 0
600, 984808, 0, 0, 0
601, 3064030, 1, 0, 0
700, 982139, 0, 0, 0
700, 3237373, 1, 0, 0
800, 956798, 0, 0, 0
802, 3102311, 1, 0, 0
900, 942573, 0, 0, 0
900, 3022615, 1, 0, 0
1000, 943560, 0, 0, 0
1000, 2987717, 1, 0, 0
1100, 2944432, 1, 0, 0
1101, 889966, 0, 0, 0
1200, 883207, 0, 0, 0
1201, 3041941, 1, 0, 0
1300, 3049599, 1, 0, 0
1300, 973697, 0, 0, 0
1400, 938526, 0, 0, 0
1400, 3134116, 1, 0, 0
1500, 935056, 0, 0, 0
1502, 3055134, 1, 0, 0
1600, 953481, 0, 0, 0
1602, 3057206, 1, 0, 0
1700, 934203, 0, 0, 0
1701, 2893921, 1, 0, 0
1800, 950542, 0, 0, 0
1802, 3022705, 1, 0, 0
1900, 956942, 0, 0, 0
1901, 3151008, 1, 0, 0
2000, 916325, 0, 0, 0
2001, 2957971, 1, 0, 0
2100, 951723, 0, 0, 0
2100, 2972367, 1, 0, 0
2200, 882263, 0, 0, 0
2200, 3007417, 1, 0, 0
2300, 914443, 0, 0, 0
2301, 2939606, 1, 0, 0
2400, 990800, 0, 0, 0
2405, 3141146, 1, 0, 0
2500, 935742, 0, 0, 0
2502, 3141491, 1, 0, 0
2600, 3009431, 1, 0, 0
2600, 955748, 0, 0, 0
2700, 989311, 0, 0, 0
2701, 3268248, 1, 0, 0
2800, 927903, 0, 0, 0
2802, 3160733, 1, 0, 0
2900, 917903, 0, 0, 0
2900, 2982384, 1, 0, 0
3000, 912360, 0, 0, 0
3002, 3053839, 1, 0, 0
3100, 3204236, 1, 0, 0
3100, 944385, 0, 0, 0
3200, 3192299, 1, 0, 0
3200, 957144, 0, 0, 0
3300, 3092907, 1, 0, 0
3300, 966455, 0, 0, 0
3400, 3079033, 1, 0, 0
3400, 1007194, 0, 0, 0
3500, 913650, 0, 0, 0
3500, 3225754, 1, 0, 0
3600, 944195, 0, 0, 0
3600, 3043942, 1, 0, 0
3700, 973056, 0, 0, 0
3701, 3066874, 1, 0, 0
3800, 3038277, 1, 0, 0
3800, 914325, 0, 0, 0
3900, 948832, 0, 0, 0
3901, 3140614, 1, 0, 0
4000, 3170027, 1, 0, 0
4000, 930244, 0, 0, 0
4100, 3139791, 1, 0, 0
4102, 947207, 0, 0, 0
4200, 3105527, 1, 0, 0
4200, 937969, 0, 0, 0
4300, 923077, 0, 0, 0
4300, 3184521, 1, 0, 0
4400, 924452, 0, 0, 0
4401, 2980433, 1, 0, 0
4500, 942164, 0, 0, 0
4501, 3192923, 1, 0, 0
4600, 940377, 0, 0, 0
4601, 3265297, 1, 0, 0
4700, 925593, 0, 0, 0
4701, 3094778, 1, 0, 0
4800, 914041, 0, 0, 0
4801, 3142281, 1, 0, 0
4900, 1007321, 0, 0, 0
4901, 3542729, 1, 0, 0
5000, 3173922, 1, 0, 0
5000, 916013, 0, 0, 0
5100, 956973, 0, 0, 0
5101, 3043936, 1, 0, 0
5200, 3143056, 1, 0, 0
5200, 971688, 0, 0, 0
5300, 978514, 0, 0, 0
5301, 3271645, 1, 0, 0
5400, 968515, 0, 0, 0
5400, 3091426, 1, 0, 0
5500, 918978, 0, 0, 0
5500, 3118747, 1, 0, 0
5600, 3190390, 1, 0, 0
5600, 966244, 0, 0, 0
5700, 961148, 0, 0, 0
5701, 3115800, 1, 0, 0
5800, 916563, 0, 0, 0
5802, 3153772, 1, 0, 0
5900, 3049159, 1, 0, 0
5900, 941950, 0, 0, 0
6000, 3104446, 1, 0, 0
6000, 983895, 0, 0, 0
6100, 948083, 0, 0, 0
6100, 3245124, 1, 0, 0
6200, 994002, 0, 0, 0
6202, 3056326, 1, 0, 0
6300, 936609, 0, 0, 0
6300, 3038797, 1, 0, 0
6400, 934905, 0, 0, 0
6400, 3170013, 1, 0, 0
6500, 3003716, 1, 0, 0
6500, 928871, 0, 0, 0
6600, 3061955, 1, 0, 0
6600, 951485, 0, 0, 0
6700, 954049, 0, 0, 0
6700, 3058484, 1, 0, 0
6800, 3129150, 1, 0, 0
6800, 944485, 0, 0, 0
6900, 941704, 0, 0, 0
6901, 3247225, 1, 0, 0
7000, 981701, 0, 0, 0
7001, 3074389, 1, 0, 0
7101, 3314629, 1, 0, 0
7103, 932102, 0, 0, 0
7200, 900074, 0, 0, 0
7200, 3072053, 1, 0, 0
7300, 928055, 0, 0, 0
7300, 3318794, 1, 0, 0
7400, 934606, 0, 0, 0
7400, 3003862, 1, 0, 0
7500, 928679, 0, 0, 0
7500, 3107564, 1, 0, 0
7600, 3059864, 1, 0, 0
7601, 889458, 0, 0, 0
7700, 907653, 0, 0, 0
7700, 3086102, 1, 0, 0
7800, 3095560, 1, 0, 0
7800, 926813, 0, 0, 0
7900, 3076400, 1, 0, 0
7900, 889888, 0, 0, 0
8000, 908890, 0, 0, 0
8000, 2962772, 1, 0, 0
8100, 939680, 0, 0, 0
8101, 2999432, 1, 0, 0
8200, 1002513, 0, 0, 0
8201, 3125544, 1, 0, 0
8300, 932108, 0, 0, 0
8300, 3156714, 1, 0, 0
8400, 3211509, 1, 0, 0
8400, 945874, 0, 0, 0
8500, 883415, 0, 0, 0
8502, 3253960, 1, 0, 0
8600, 980058, 0, 0, 0
8601, 3106670, 1, 0, 0
8700, 898917, 0, 0, 0
8701, 3034466, 1, 0, 0
8800, 3063742, 1, 0, 0
8800, 963740, 0, 0, 0
8900, 2951051, 1, 0, 0
8900, 914936, 0, 0, 0
9000, 1000520, 0, 0, 0
9000, 3106162, 1, 0, 0
9100, 3200457, 1, 0, 0
9101, 940625, 0, 0, 0
9200, 953015, 0, 0, 0
9200, 3041596, 1, 0, 0
9300, 968085, 0, 0, 0
9300, 3035184, 1, 0, 0
9400, 3207166, 1, 0, 0
9400, 938274, 0, 0, 0
9500, 3194950, 1, 0, 0
9502, 971509, 0, 0, 0
9600, 923846, 0, 0, 0
9600, 3198819, 1, 0, 0
9700, 3001304, 1, 0, 0
9700, 936511, 0, 0, 0
9800, 914895, 0, 0, 0
9800, 3072462, 1, 0, 0
9900, 889899, 0, 0, 0
9902, 3224164, 1, 0, 0
10000, 928017, 0, 0, 0
10000, 3204804, 1, 0, 0
10100, 917393, 0, 0, 0
10100, 3205672, 1, 0, 0
10200, 3203791, 1, 0, 0
10200, 939295, 0, 0, 0
10300, 3169239, 1, 0, 0
10302, 935919, 0, 0, 0
10400, 914502, 0, 0, 0
10401, 3133485, 1, 0, 0
10500, 3280708, 1, 0, 0
10500, 929830, 0, 0, 0
10600, 989897, 0, 0, 0
10600, 3180738, 1, 0, 0
10700, 963890, 0, 0, 0
10700, 3148363, 1, 0, 0
10800, 3371040, 1, 0, 0
10800, 965486, 0, 0, 0
10900, 978484, 0, 0, 0
10900, 3112608, 1, 0, 0
11000, 3358263, 1, 0, 0
11000, 974836, 0, 0, 0
11100, 3027694, 1, 0, 0
11101, 962344, 0, 0, 0
11200, 3265818, 1, 0, 0
11200, 1001545, 0, 0, 0
11300, 952643, 0, 0, 0
11302, 3396887, 1, 0, 0
11400, 950986, 0, 0, 0
11401, 3159386, 1, 0, 0
11500, 972417, 0, 0, 0
11501, 3035555, 1, 0, 0
11600, 930755, 0, 0, 0
11601, 3193421, 1, 0, 0
11700, 941603, 0, 0, 0
11701, 3086379, 1, 0, 0
11800, 940375, 0, 0, 0
11801, 3141904, 1, 0, 0
11900, 3059464, 1, 0, 0
11901, 912330, 0, 0, 0
12000, 3059003, 1, 0, 0
12000, 954543, 0, 0, 0
12100, 3487605, 1, 0, 0
12101, 956625, 0, 0, 0
12321, 5274455, 1, 0, 0
12322, 945040, 0, 0, 0
12400, 930970, 0, 0, 0
12401, 8819888, 1, 0, 0
12500, 873414, 0, 0, 0
12500, 3193518, 1, 0, 0
12600, 959800, 0, 0, 0
12601, 3298545, 1, 0, 0
12700, 913279, 0, 0, 0
12702, 2971454, 1, 0, 0
12800, 3068091, 1, 0, 0
12800, 940664, 0, 0, 0
12900, 921163, 0, 0, 0
12901, 3048105, 1, 0, 0
13000, 917276, 0, 0, 0
13001, 3143571, 1, 0, 0
13100, 904527, 0, 0, 0
13100, 2897724, 1, 0, 0
13200, 910630, 0, 0, 0
13203, 2906015, 1, 0, 0
13300, 940304, 0, 0, 0
13301, 3201257, 1, 0, 0
13400, 887570, 0, 0, 0
13400, 2979662, 1, 0, 0
13500, 2867763, 1, 0, 0
13503, 900959, 0, 0, 0
13600, 930821, 0, 0, 0
13608, 3370434, 1, 0, 0
13700, 3211412, 1, 0, 0
13701, 912853, 0, 0, 0
13800, 938362, 0, 0, 0
13801, 3102584, 1, 0, 0
13900, 927272, 0, 0, 0
13900, 3153461, 1, 0, 0
14000, 963054, 0, 0, 0
14001, 2913123, 1, 0, 0
14100, 936980, 0, 0, 0
14101, 3079543, 1, 0, 0
14200, 889977, 0, 0, 0
14200, 3019031, 1, 0, 0
14300, 952335, 0, 0, 0
14301, 3395303, 1, 0, 0
14400, 906421, 0, 0, 0
14401, 3164561, 1, 0, 0
14500, 3042498, 1, 0, 0
14501, 953860, 0, 0, 0
14600, 901703, 0, 0, 0
14602, 3016368, 1, 0, 0
14700, 932844, 0, 0, 0
14700, 3018548, 1, 0, 0
14800, 928507, 0, 0, 0
14802, 3025729, 1, 0, 0
14900, 3112748, 1, 0, 0
14900, 949877, 0, 0, 0
15000, 877178, 0, 0, 0
15003, 3141642, 1, 0, 0
15100, 3119186, 1, 0, 0
15100, 910359, 0, 0, 0
15200, 3093359, 1, 0, 0
15202, 945618, 0, 0, 0
15300, 3340752, 1, 0, 0
15300, 980714, 0, 0, 0
15400, 946723, 0, 0, 0
15400, 3271224, 1, 0, 0
15500, 3217795, 1, 0, 0
15500, 908162, 0, 0, 0
15600, 927618, 0, 0, 0
15600, 3039422, 1, 0, 0
15700, 953878, 0, 0, 0
15700, 3076797, 1, 0, 0
15800, 3330327, 1, 0, 0
15800, 895980, 0, 0, 0
15900, 932549, 0, 0, 0
15901, 3179056, 1, 0, 0
16000, 955000, 0, 0, 0
16002, 3006237, 1, 0, 0
16100, 944365, 0, 0, 0
16100, 3042651, 1, 0, 0
16201, 2956760, 1, 0, 0
16201, 919677, 0, 0, 0
16300, 3064929, 1, 0, 0
16300, 904487, 0, 0, 0
16400, 952753, 0, 0, 0
16400, 2928595, 1, 0, 0
16500, 916315, 0, 0, 0
16500, 3042363, 1, 0, 0
16600, 902867, 0, 0, 0
16600, 3177032, 1, 0, 0
16700, 3297590, 1, 0, 0
16700, 959089, 0, 0, 0
16800, 939612, 0, 0, 0
16802, 3209917, 1, 0, 0
16900, 953208, 0, 0, 0
16900, 3243221, 1, 0, 0
17000, 958263, 0, 0, 0
17000, 3196451, 1, 0, 0
17100, 978118, 0, 0, 0
17103, 3091124, 1, 0, 0
17201, 986470, 0, 0, 0
17201, 3029215, 1, 0, 0
17300, 3122721, 1, 0, 0
17300, 939715, 0, 0, 0
17400, 958384, 0, 0, 0
17400, 3124170, 1, 0, 0
17500, 1050119, 0, 0, 0
17501, 3158844, 1, 0, 0
17600, 3251843, 1, 0, 0
17601, 962786, 0, 0, 0
17700, 934980, 0, 0, 0
17700, 3098685, 1, 0, 0
17800, 935995, 0, 0, 0
17800, 3290441, 1, 0, 0
17900, 1008566, 0, 0, 0
17902, 3185600, 1, 0, 0
18000, 938385, 0, 0, 0
18001, 2996804, 1, 0, 0
18100, 961554, 0, 0, 0
18104, 3070712, 1, 0, 0
18200, 3298350, 1, 0, 0
18200, 938585, 0, 0, 0
18300, 910253, 0, 0, 0
18300, 3035198, 1, 0, 0
18401, 3331884, 1, 0, 0
18403, 907887, 0, 0, 0
18500, 3100368, 1, 0, 0
18500, 996400, 0, 0, 0
18600, 941399, 0, 0, 0
18601, 3100336, 1, 0, 0
18700, 960937, 0, 0, 0
18702, 3133211, 1, 0, 0
18800, 939309, 0, 0, 0
18804, 3013872, 1, 0, 0
18900, 907056, 0, 0, 0
18901, 2965318, 1, 0, 0
19001, 3368045, 1, 0, 0
19002, 913037, 0, 0, 0
19100, 3085679, 1, 0, 0
19100, 899966, 0, 0, 0
19200, 936498, 0, 0, 0
19202, 3379241, 1, 0, 0
19300, 897134, 0, 0, 0
19302, 3049437, 1, 0, 0
19400, 948156, 0, 0, 0
19401, 3007944, 1, 0, 0
19500, 953211, 0, 0, 0
19500, 3374762, 1, 0, 0
19600, 3117985, 1, 0, 0
19600, 929725, 0, 0, 0
19700, 942028, 0, 0, 0
19700, 3078367, 1, 0, 0
19800, 921449, 0, 0, 0
19801, 3100887, 1, 0, 0
19900, 930331, 0, 0, 0
19900, 3097546, 1, 0, 0
20000, 941965, 0, 0, 0
20000, 3222621, 1, 0, 0
20100, 3161773, 1, 0, 0
20101, 909101, 0, 0, 0
20200, 2996036, 1, 0, 0
20200, 908548, 0, 0, 0
20300, 3189266, 1, 0, 0
20300, 934311, 0, 0, 0
20400, 3043170, 1, 0, 0
20400, 930549, 0, 0, 0
20500, 934854, 0, 0, 0
20503, 3209140, 1, 0, 0
20600, 944441, 0, 0, 0
20602, 3038785, 1, 0, 0
20700, 935820, 0, 0, 0
20700, 3239611, 1, 0, 0
20800, 945438, 0, 0, 0
20803, 3048181, 1, 0, 0
20900, 2981456, 1, 0, 0
20901, 945693, 0, 0, 0
21000, 974336, 0, 0, 0
21001, 3176794, 1, 0, 0
21100, 922740, 0, 0, 0
21101, 2965347, 1, 0, 0
21201, 2919987, 1, 0, 0
21202, 969099, 0, 0, 0
21300, 3154304, 1, 0, 0
21302, 929602, 0, 0, 0
21400, 3074976, 1, 0, 0
21400, 953924, 0, 0, 0
21500, 909265, 0, 0, 0
21507, 3196949, 1, 0, 0
21600, 3217432, 1, 0, 0
21600, 960848, 0, 0, 0
21700, 947341, 0, 0, 0
21701, 3049920, 1, 0, 0
21800, 969827, 0, 0, 0
21800, 3092049, 1, 0, 0
21900, 952282, 0, 0, 0
21900, 3270761, 1, 0, 0
22000, 937144, 0, 0, 0
22001, 3031580, 1, 0, 0
22100, 910582, 0, 0, 0
22100, 3185743, 1, 0, 0
22200, 925994, 0, 0, 0
22202, 3176873, 1, 0, 0
22300, 2982352, 1, 0, 0
22301, 938064, 0, 0, 0
22400, 946853, 0, 0, 0
22401, 3171113, 1, 0, 0
22500, 955723, 0, 0, 0
22500, 3093862, 1, 0, 0
22600, 905073, 0, 0, 0
22601, 3153579, 1, 0, 0
22700, 932238, 0, 0, 0
22702, 2940930, 1, 0, 0
22800, 3118564, 1, 0, 0
22800, 952030, 0, 0, 0
22900, 904802, 0, 0, 0
22900, 2952099, 1, 0, 0
23000, 904462, 0, 0, 0
23002, 3164419, 1, 0, 0
23100, 933564, 0, 0, 0
23100, 3234345, 1, 0, 0
23200, 3097967, 1, 0, 0
23201, 940331, 0, 0, 0
23300, 950809, 0, 0, 0
23301, 3024544, 1, 0, 0
23400, 900929, 0, 0, 0
23402, 3041753, 1, 0, 0
23500, 916956, 0, 0, 0
23501, 3047544, 1, 0, 0
23600, 951080, 0, 0, 0
23601, 3157425, 1, 0, 0
23700, 3148418, 1, 0, 0
23700, 927905, 0, 0, 0
23800, 914712, 0, 0, 0
23801, 2971825, 1, 0, 0
23900, 3110236, 1, 0, 0
23901, 906860, 0, 0, 0
24000, 898234, 0, 0, 0
24000, 3002715, 1, 0, 0
24100, 955693, 0, 0, 0
24100, 3157817, 1, 0, 0
24200, 916436, 0, 0, 0
24201, 3056569, 1, 0, 0
24300, 932089, 0, 0, 0
24301, 3157064, 1, 0, 0
24400, 946929, 0, 0, 0
24401, 3130414, 1, 0, 0
24501, 2961375, 1, 0, 0
24502, 922533, 0, 0, 0
24600, 3175681, 1, 0, 0
24600, 946837, 0, 0, 0
24700, 890249, 0, 0, 0
24700, 3298667, 1, 0, 0
24800, 929587, 0, 0, 0
24801, 2983036, 1, 0, 0
24900, 943536, 0, 0, 0
24902, 3088784, 1, 0, 0
25000, 956920, 0, 0, 0
25001, 3105287, 1, 0, 0
25100, 932430, 0, 0, 0
25101, 3018362, 1, 0, 0
25200, 928117, 0, 0, 0
25201, 3047830, 1, 0, 0
25300, 959770, 0, 0, 0
25301, 2972412, 1, 0, 0
25400, 944411, 0, 0, 0
25402, 3029918, 1, 0, 0
25500, 961508, 0, 0, 0
25500, 2991036, 1, 0, 0
25600, 928849, 0, 0, 0
25601, 2930321, 1, 0, 0
25722, 9340232, 1, 0, 0
25723, 944197, 0, 0, 0
25800, 886052, 0, 0, 0
25805, 7908894, 1, 0, 0
25900, 3164556, 1, 0, 0
25904, 953609, 0, 0, 0
26000, 948312, 0, 0, 0
26001, 3056886, 1, 0, 0
26100, 912914, 0, 0, 0
26102, 3000815, 1, 0, 0
26201, 2979516, 1, 0, 0
26202, 928506, 0, 0, 0
26300, 968550, 0, 0, 0
26300, 3245902, 1, 0, 0
26400, 893173, 0, 0, 0
26400, 3211180, 1, 0, 0
26500, 958658, 0, 0, 0
26502, 3077582, 1, 0, 0
26600, 894684, 0, 0, 0
26601, 3153582, 1, 0, 0
26700, 963443, 0, 0, 0
26700, 3098738, 1, 0, 0
26800, 3093465, 1, 0, 0
26800, 940066, 0, 0, 0
26900, 930052, 0, 0, 0
26903, 3185988, 1, 0, 0
27000, 3153006, 1, 0, 0
27000, 976048, 0, 0, 0
27100, 962089, 0, 0, 0
27104, 3042008, 1, 0, 0
27200, 909634, 0, 0, 0
27200, 3185667, 1, 0, 0
27300, 902491, 0, 0, 0
27301, 3082653, 1, 0, 0
27400, 3122690, 1, 0, 0
27400, 922086, 0, 0, 0
27500, 977380, 0, 0, 0
27501, 3023106, 1, 0, 0
27600, 927052, 0, 0, 0
27600, 2963284, 1, 0, 0
27700, 936734, 0, 0, 0
27700, 3107454, 1, 0, 0
27800, 3147658, 1, 0, 0
27800, 940106, 0, 0, 0
27900, 987579, 0, 0, 0
27901, 3123264, 1, 0, 0
28000, 930881, 0, 0, 0
28001, 3235913, 1, 0, 0
28100, 940798, 0, 0, 0
28100, 3129114, 1, 0, 0
28200, 947085, 0, 0, 0
28201, 3084594, 1, 0, 0
28300, 3152400, 1, 0, 0
28301, 941236, 0, 0, 0
28400, 3054838, 1, 0, 0
28401, 992105, 0, 0, 0
28500, 976222, 0, 0, 0
28502, 3272210, 1, 0, 0
28600, 931500, 0, 0, 0
28600, 3171260, 1, 0, 0
28700, 963994, 0, 0, 0
28701, 3034147, 1, 0, 0
28800, 926359, 0, 0, 0
28800, 3226841, 1, 0, 0
28900, 936621, 0, 0, 0
28900, 3170079, 1, 0, 0
29000, 959256, 0, 0, 0
29000, 3097060, 1, 0, 0
29100, 961177, 0, 0, 0
29101, 3227702, 1, 0, 0
29201, 3222158, 1, 0, 0
29202, 943599, 0, 0, 0
29300, 955621, 0, 0, 0
29302, 3190664, 1, 0, 0
29400, 954404, 0, 0, 0
29401, 3284906, 1, 0, 0
29500, 3225876, 1, 0, 0
29501, 894987, 0, 0, 0
29600, 3263811, 1, 0, 0
29602, 937120, 0, 0, 0
29700, 3340929, 1, 0, 0
29701, 945487, 0, 0, 0
29800, 919431, 0, 0, 0
29801, 3367116, 1, 0, 0
29900, 954501, 0, 0, 0
29901, 3152268, 1, 0, 0
30000, 3065851, 1, 0, 0
30000, 985800, 0, 0, 0
30100, 954784, 0, 0, 0
30102, 3169346, 1, 0, 0
30200, 914480, 0, 0, 0
30203, 3176185, 1, 0, 0
30300, 3221092, 1, 0, 0
30300, 932977, 0, 0, 0
30400, 3215399, 1, 0, 0
30401, 981054, 0, 0, 0
30500, 933650, 0, 0, 0
30501, 3254566, 1, 0, 0
30600, 938262, 0, 0, 0
30600, 3030943, 1, 0, 0
30700, 3183105, 1, 0, 0
30700, 929339, 0, 0, 0
30800, 929665, 0, 0, 0
30801, 3291472, 1, 0, 0
30900, 904652, 0, 0, 0
30901, 3047812, 1, 0, 0
31000, 942053, 0, 0, 0
31002, 3170105, 1, 0, 0
31100, 3079271, 1, 0, 0
31101, 948002, 0, 0, 0
31200, 3294920, 1, 0, 0
31200, 945484, 0, 0, 0
31301, 1006335, 0, 0, 0
31302, 3170713, 1, 0, 0
31400, 3079879, 1, 0, 0
31400, 919313, 0, 0, 0
31500, 946363, 0, 0, 0
31500, 2991244, 1, 0, 0
31600, 919087, 0, 0, 0
31600, 3274738, 1, 0, 0
31700, 3240132, 1, 0, 0
31700, 986344, 0, 0, 0
31800, 964682, 0, 0, 0
31800, 3405171, 1, 0, 0
31900, 935683, 0, 0, 0
31900, 3182269, 1, 0, 0
32000, 954565, 0, 0, 0
32001, 3160562, 1, 0, 0
32100, 1009382, 0, 0, 0
32101, 3025165, 1, 0, 0
32200, 3173504, 1, 0, 0
32200, 972873, 0, 0, 0
32300, 982976, 0, 0, 0
32301, 3212511, 1, 0, 0
32400, 3151424, 1, 0, 0
32400, 976271, 0, 0, 0
32500, 973022, 0, 0, 0
32503, 3355654, 1, 0, 0
32600, 975065, 0, 0, 0
32602, 3134535, 1, 0, 0
32700, 961787, 0, 0, 0
32700, 3079321, 1, 0, 0
32801, 3323157, 1, 0, 0
32802, 931095, 0, 0, 0
32900, 1007422, 0, 0, 0
32902, 3359761, 1, 0, 0
33000, 1024508, 0, 0, 0
33002, 3537392, 1, 0, 0
33100, 964675, 0, 0, 0
33101, 3349270, 1, 0, 0
33200, 953661, 0, 0, 0
33200, 3137814, 1, 0, 0
33300, 912055, 0, 0, 0
33302, 3096216, 1, 0, 0
33400, 941741, 0, 0, 0
33401, 3247755, 1, 0, 0
33500, 918270, 0, 0, 0
33501, 3139419, 1, 0, 0
33600, 915740, 0, 0, 0
33600, 3066234, 1, 0, 0
33700, 3247961, 1, 0, 0
33700, 983745, 0, 0, 0
33800, 1015188, 0, 0, 0
33801, 3134313, 1, 0, 0
33900, 3380437, 1, 0, 0
33902, 960006, 0, 0, 0
34000, 932855, 0, 0, 0
34001, 3213857, 1, 0, 0
34100, 986118, 0, 0, 0
34100, 3339191, 1, 0, 0
34200, 977838, 0, 0, 0
34200, 3171571, 1, 0, 0
34300, 950428, 0, 0, 0
34301, 3326007, 1, 0, 0
34401, 953468, 0, 0, 0
34401, 3224559, 1, 0, 0
34500, 3219212, 1, 0, 0
34500, 989269, 0, 0, 0
34600, 964598, 0, 0, 0
34601, 3138472, 1, 0, 0
34700, 3349965, 1, 0, 0
34700, 941233, 0, 0, 0
34800, 3205833, 1, 0, 0
34801, 931074, 0, 0, 0
34900, 970789, 0, 0, 0
34903, 3243505, 1, 0, 0
35000, 941737, 0, 0, 0
35000, 3159688, 1, 0, 0
35100, 927641, 0, 0, 0
35102, 3065793, 1, 0, 0
35200, 930632, 0, 0, 0
35200, 3117492, 1, 0, 0
35300, 970041, 0, 0, 0
35300, 3396169, 1, 0, 0
35400, 984702, 0, 0, 0
35401, 3196267, 1, 0, 0
35500, 3324842, 1, 0, 0
35501, 933300, 0, 0, 0
35600, 937486, 0, 0, 0
35601, 3228876, 1, 0, 0
35700, 3135481, 1, 0, 0
35700, 1004026, 0, 0, 0
35800, 3178324, 1, 0, 0
35801, 997029, 0, 0, 0
35901, 3116565, 1, 0, 0
35901, 971151, 0, 0, 0
36000, 965250, 0, 0, 0
36003, 3148031, 1, 0, 0
36100, 1015417, 0, 0, 0
36100, 3218332, 1, 0, 0
36200, 962648, 0, 0, 0
36200, 3257648, 1, 0, 0
36300, 3112748, 1, 0, 0
36300, 916174, 0, 0, 0
36400, 903850, 0, 0, 0
36400, 3103996, 1, 0, 0
36500, 3341151, 1, 0, 0
36500, 950603, 0, 0, 0
36600, 902423, 0, 0, 0
36601, 3288839, 1, 0, 0
36700, 932014, 0, 0, 0
36701, 3276409, 1, 0, 0
36800, 3220755, 1, 0, 0
36802, 982516, 0, 0, 0
36900, 897983, 0, 0, 0
36901, 3164585, 1, 0, 0
37000, 960550, 0, 0, 0
37000, 3179225, 1, 0, 0
37100, 937853, 0, 0, 0
37101, 3133786, 1, 0, 0
37200, 907795, 0, 0, 0
37201, 3065541, 1, 0, 0
37300, 973504, 0, 0, 0
37300, 3001310, 1, 0, 0
37400, 886626, 0, 0, 0
37401, 3126393, 1, 0, 0
37500, 3216701, 1, 0, 0
37501, 945937, 0, 0, 0
37600, 974391, 0, 0, 0
37601, 2976521, 1, 0, 0
37700, 3024412, 1, 0, 0
37701, 876576, 0, 0, 0
37800, 957676, 0, 0, 0
37801, 3467246, 1, 0, 0
37900, 2984369, 1, 0, 0
37900, 909996, 0, 0, 0
38000, 929311, 0, 0, 0
38001, 2997975, 1, 0, 0
38100, 3090003, 1, 0, 0
38101, 915617, 0, 0, 0
38200, 935818, 0, 0, 0
38201, 3122874, 1, 0, 0
38300, 3082710, 1, 0, 0
38301, 915982, 0, 0, 0
38400, 910859, 0, 0, 0
38401, 3009142, 1, 0, 0
38500, 891643, 0, 0, 0
38500, 3189508, 1, 0, 0
38600, 3004763, 1, 0, 0
38602, 931983, 0, 0, 0
38700, 3052867, 1, 0, 0
38700, 932125, 0, 0, 0
38800, 2982075, 1, 0, 0
38800, 922619, 0, 0, 0
38900, 912095, 0, 0, 0
38901, 3144849, 1, 0, 0
39000, 981090, 0, 0, 0
39000, 3095882, 1, 0, 0
39100, 3174110, 1, 0, 0
39100, 969534, 0, 0, 0
39200, 3126967, 1, 0, 0
39200, 943512, 0, 0, 0
39301, 3108777, 1, 0, 0
39303, 949968, 0, 0, 0
39400, 900075, 0, 0, 0
39401, 3107176, 1, 0, 0
39500, 3041163, 1, 0, 0
39501, 945182, 0, 0, 0
39600, 3187733, 1, 0, 0
39601, 924457, 0, 0, 0
39700, 1044297, 0, 0, 0
39700, 3058927, 1, 0, 0
39800, 944744, 0, 0, 0
39801, 3215649, 1, 0, 0
39900, 953402, 0, 0, 0
39901, 3016919, 1, 0, 0
40000, 3135952, 1, 0, 0
40001, 923937, 0, 0, 0
40100, 937529, 0, 0, 0
40100, 3053218, 1, 0, 0
40200, 932005, 0, 0, 0
40200, 3261260, 1, 0, 0
40300, 960822, 0, 0, 0
40301, 3135913, 1, 0, 0
40400, 2846570, 1, 0, 0
40400, 896937, 0, 0, 0
40500, 3228759, 1, 0, 0
40500, 911332, 0, 0, 0
40600, 2994999, 1, 0, 0
40600, 926625, 0, 0, 0
40700, 941457, 0, 0, 0
40701, 3011254, 1, 0, 0
40800, 931031, 0, 0, 0
40803, 3017359, 1, 0, 0
40900, 907578, 0, 0, 0
40900, 2925608, 1, 0, 0
41000, 956007, 0, 0, 0
41002, 3098099, 1, 0, 0
41100, 933954, 0, 0, 0
41102, 2934462, 1, 0, 0
41201, 2953652, 1, 0, 0
41202, 898209, 0, 0, 0
41300, 885740, 0, 0, 0
41301, 3014078, 1, 0, 0
41400, 3200280, 1, 0, 0
41402, 934789, 0, 0, 0
41500, 891638, 0, 0, 0
41500, 3047098, 1, 0, 0
41600, 930338, 0, 0, 0
41604, 3088699, 1, 0, 0
41700, 2956418, 1, 0, 0
41701, 949194, 0, 0, 0
41800, 888764, 0, 0, 0
41800, 2977181, 1, 0, 0
41900, 905690, 0, 0, 0
41901, 3007360, 1, 0, 0
42000, 922288, 0, 0, 0
42002, 2954412, 1, 0, 0
42100, 3034568, 1, 0, 0
42100, 924507, 0, 0, 0
42200, 913374, 0, 0, 0
42201, 2979481, 1, 0, 0
42300, 903249, 0, 0, 0
42301, 2925647, 1, 0, 0
42400, 915567, 0, 0, 0
42401, 3151008, 1, 0, 0
42500, 906441, 0, 0, 0
42501, 2972106, 1, 0, 0
42600, 948237, 0, 0, 0
42601, 2908016, 1, 0, 0
42700, 943889, 0, 0, 0
42700, 3110350, 1, 0, 0
42801, 951678, 0, 0, 0
42802, 3102306, 1, 0, 0
42900, 921900, 0, 0, 0
42902, 3062954, 1, 0, 0
43000, 3078730, 1, 0, 0
43000, 948810, 0, 0, 0
43100, 959683, 0, 0, 0
43102, 2951163, 1, 0, 0
43200, 3066503, 1, 0, 0
43200, 886945, 0, 0, 0
43300, 938814, 0, 0, 0
43302, 3136167, 1, 0, 0
43400, 927782, 0, 0, 0
43403, 3137957, 1, 0, 0
43500, 3146596, 1, 0, 0
43501, 967495, 0, 0, 0
43600, 878596, 0, 0, 0
43600, 3156360, 1, 0, 0
43700, 2960187, 1, 0, 0
43700, 936100, 0, 0, 0
43800, 3096553, 1, 0, 0
43800, 953914, 0, 0, 0
43900, 3100392, 1, 0, 0
43901, 878744, 0, 0, 0
44000, 917001, 0, 0, 0
44001, 3034686, 1, 0, 0
44100, 925689, 0, 0, 0
44101, 3194963, 1, 0, 0
44200, 874071, 0, 0, 0
44200, 3076342, 1, 0, 0
44300, 934698, 0, 0, 0
44301, 2998021, 1, 0, 0
44400, 912945, 0, 0, 0
44401, 3200733, 1, 0, 0
44500, 2967504, 1, 0, 0
44500, 933439, 0, 0, 0
44600, 956660, 0, 0, 0
44602, 2965979, 1, 0, 0
44700, 942544, 0, 0, 0
44702, 2996721, 1, 0, 0
44800, 921651, 0, 0, 0
44801, 3014529, 1, 0, 0
44900, 3085270, 1, 0, 0
44900, 913518, 0, 0, 0
45000, 3039095, 1, 0, 0
45000, 945669, 0, 0, 0
45100, 856171, 0, 0, 0
45100, 3003998, 1, 0, 0
45200, 981374, 0, 0, 0
45200, 3013846, 1, 0, 0
45301, 3051829, 1, 0, 0
45302, 894269, 0, 0, 0
45400, 913396, 0, 0, 0
45400, 3194312, 1, 0, 0
45500, 2999672, 1, 0, 0
45500, 954675, 0, 0, 0
45600, 3100794, 1, 0, 0
45600, 952503, 0, 0, 0
45700, 914079, 0, 0, 0
45701, 3050046, 1, 0, 0
45800, 927145, 0, 0, 0
45802, 3225543, 1, 0, 0
45900, 3047602, 1, 0, 0
45900, 914703, 0, 0, 0
46000, 939406, 0, 0, 0
46000, 2979634, 1, 0, 0
46100, 3330188, 1, 0, 0
46101, 903550, 0, 0, 0
46200, 3212269, 1, 0, 0
46200, 948042, 0, 0, 0
46300, 3026587, 1, 0, 0
46300, 908038, 0, 0, 0
46400, 929493, 0, 0, 0
46402, 2939315, 1, 0, 0
46500, 3018083, 1, 0, 0
46501, 889554, 0, 0, 0
46600, 948308, 0, 0, 0
46600, 2799577, 1, 0, 0
46700, 910777, 0, 0, 0
46701, 2949598, 1, 0, 0
46800, 952717, 0, 0, 0
46800, 2902309, 1, 0, 0
46900, 920252, 0, 0, 0
46900, 3090128, 1, 0, 0
47001, 3103142, 1, 0, 0
47002, 896647, 0, 0, 0
47100, 902482, 0, 0, 0
47101, 3060941, 1, 0, 0
47200, 923628, 0, 0, 0
47200, 3054756, 1, 0, 0
47300, 951561, 0, 0, 0
47300, 2921959, 1, 0, 0
47400, 3307262, 1, 0, 0
47400, 921067, 0, 0, 0
47500, 926898, 0, 0, 0
47501, 2941562, 1, 0, 0
47600, 954408, 0, 0, 0
47601, 3034071, 1, 0, 0
47700, 3101198, 1, 0, 0
47701, 960719, 0, 0, 0
47800, 3266180, 1, 0, 0
47801, 897909, 0, 0, 0
47900, 945708, 0, 0, 0
47900, 3137737, 1, 0, 0
48000, 950609, 0, 0, 0
48001, 3211771, 1, 0, 0
48100, 891387, 0, 0, 0
48103, 2979748, 1, 0, 0
48200, 917022, 0, 0, 0
48201, 3087859, 1, 0, 0
48300, 3040541, 1, 0, 0
48300, 940548, 0, 0, 0
48400, 3012043, 1, 0, 0
48400, 924981, 0, 0, 0
48500, 3099852, 1, 0, 0
48501, 946101, 0, 0, 0
48600, 2927098, 1, 0, 0
48600, 942277, 0, 0, 0
48700, 3027469, 1, 0, 0
48701, 893562, 0, 0, 0
48800, 945416, 0, 0, 0
48800, 3173763, 1, 0, 0
48900, 963103, 0, 0, 0
48900, 3119476, 1, 0, 0
49000, 927744, 0, 0, 0
49001, 3177527, 1, 0, 0
49100, 957326, 0, 0, 0
49100, 3150849, 1, 0, 0
49200, 929815, 0, 0, 0
49200, 3142627, 1, 0, 0
49300, 3164700, 1, 0, 0
49301, 953426, 0, 0, 0
49400, 2974633, 1, 0, 0
49400, 896380, 0, 0, 0
49500, 931851, 0, 0, 0
49502, 3045910, 1, 0, 0
49600, 944913, 0, 0, 0
49601, 3179355, 1, 0, 0
49700, 3216731, 1, 0, 0
49700, 952556, 0, 0, 0
49800, 3052828, 1, 0, 0
49800, 994604, 0, 0, 0
49900, 3110860, 1, 0, 0
49901, 934139, 0, 0, 0
50000, 930599, 0, 0, 0
50003, 3057119, 1, 0, 0
50100, 907749, 0, 0, 0
50101, 2974433, 1, 0, 0
50200, 944835, 0, 0, 0
50200, 3223128, 1, 0, 0
50300, 919022, 0, 0, 0
50302, 3096483, 1, 0, 0
50400, 924599, 0, 0, 0
50402, 3130257, 1, 0, 0
50500, 952538, 0, 0, 0
50500, 3079179, 1, 0, 0
50602, 3014679, 1, 0, 0
50603, 914410, 0, 0, 0
50700, 929023, 0, 0, 0
50701, 3176715, 1, 0, 0
50800, 914218, 0, 0, 0
50800, 3119226, 1, 0, 0
50900, 3102311, 1, 0, 0
50901, 954414, 0, 0, 0
51000, 3159256, 1, 0, 0
51000, 951411, 0, 0, 0
51100, 877935, 0, 0, 0
51100, 3219587, 1, 0, 0
51200, 951765, 0, 0, 0
51202, 3019390, 1, 0, 0
51300, 958047, 0, 0, 0
51301, 2991952, 1, 0, 0
51400, 2992911, 1, 0, 0
51400, 901771, 0, 0, 0
51500, 924945, 0, 0, 0
51500, 2954338, 1, 0, 0
51600, 3096115, 1, 0, 0
51600, 893848, 0, 0, 0
51700, 935029, 0, 0, 0
51702, 3000752, 1, 0, 0
51800, 952120, 0, 0, 0
51802, 3102553, 1, 0, 0
51900, 911922, 0, 0, 0
51900, 3041902, 1, 0, 0
52000, 3093162, 1, 0, 0
52000, 882115, 0, 0, 0
52100, 940411, 0, 0, 0
52100, 3107374, 1, 0, 0
52200, 929871, 0, 0, 0
52200, 3253907, 1, 0, 0
52300, 2899601, 1, 0, 0
52303, 914598, 0, 0, 0
52400, 925505, 0, 0, 0
52402, 3030547, 1, 0, 0
52500, 921937, 0, 0, 0
52501, 2958451, 1, 0, 0
52600, 942165, 0, 0, 0
52601, 2955735, 1, 0, 0
52700, 971654, 0, 0, 0
52701, 2979277, 1, 0, 0
52800, 937308, 0, 0, 0
52800, 2957095, 1, 0, 0
52900, 3193568, 1, 0, 0
52901, 928680, 0, 0, 0
53000, 950351, 0, 0, 0
53000, 2936526, 1, 0, 0
53100, 941680, 0, 0, 0
53101, 2861187, 1, 0, 0
53200, 950062, 0, 0, 0
53205, 3153488, 1, 0, 0
53300, 937757, 0, 0, 0
53302, 2984181, 1, 0, 0
53400, 945749, 0, 0, 0
53401, 3123727, 1, 0, 0
53500, 938430, 0, 0, 0
53501, 3046519, 1, 0, 0
53600, 932503, 0, 0, 0
53600, 3040115, 1, 0, 0
53700, 934078, 0, 0, 0
53701, 3004492, 1, 0, 0
53800, 3104453, 1, 0, 0
53800, 890149, 0, 0, 0
53900, 905134, 0, 0, 0
53900, 3122379, 1, 0, 0
54000, 907145, 0, 0, 0
54001, 3066734, 1, 0, 0
54100, 916387, 0, 0, 0
54101, 3047098, 1, 0, 0
54200, 932803, 0, 0, 0
54202, 2973594, 1, 0, 0
54300, 940099, 0, 0, 0
54300, 3132283, 1, 0, 0
54400, 956541, 0, 0, 0
54402, 3130183, 1, 0, 0
54500, 921682, 0, 0, 0
54501, 3191519, 1, 0, 0
54600, 3052553, 1, 0, 0
54601, 889984, 0, 0, 0
54700, 931108, 0, 0, 0
54701, 3109120, 1, 0, 0
54800, 963946, 0, 0, 0
54802, 3167873, 1, 0, 0
54900, 923055, 0, 0, 0
54902, 2980561, 1, 0, 0
55000, 926873, 0, 0, 0
55000, 3086381, 1, 0, 0
55100, 928690, 0, 0, 0
55100, 3076308, 1, 0, 0
55200, 2960873, 1, 0, 0
55201, 937949, 0, 0, 0
55300, 902962, 0, 0, 0
55300, 2956992, 1, 0, 0
55400, 900345, 0, 0, 0
55400, 3108074, 1, 0, 0
55500, 910896, 0, 0, 0
55502, 3087497, 1, 0, 0
55600, 932798, 0, 0, 0
55600, 3427189, 1, 0, 0
55700, 937076, 0, 0, 0
55701, 3092310, 1, 0, 0
55802, 3137557, 1, 0, 0
55803, 929127, 0, 0, 0
55900, 923874, 0, 0, 0
55902, 3224547, 1, 0, 0
56000, 953730, 0, 0, 0
56001, 3219165, 1, 0, 0
56100, 901813, 0, 0, 0
56101, 3185337, 1, 0, 0
56200, 2993178, 1, 0, 0
56200, 955682, 0, 0, 0
56301, 948098, 0, 0, 0
56301, 3015333, 1, 0, 0
56400, 923102, 0, 0, 0
56400, 3060506, 1, 0, 0
56500, 890239, 0, 0, 0
56500, 3085032, 1, 0, 0
56600, 912611, 0, 0, 0
56602, 3000029, 1, 0, 0
56700, 927316, 0, 0, 0
56701, 3200807, 1, 0, 0
56800, 941170, 0, 0, 0
56800, 3028224, 1, 0, 0
56900, 889874, 0, 0, 0
56901, 2903147, 1, 0, 0
57000, 902025, 0, 0, 0
57001, 3065200, 1, 0, 0
57100, 936613, 0, 0, 0
57100, 3046290, 1, 0, 0
57200, 900124, 0, 0, 0
57202, 3193657, 1, 0, 0
57300, 902161, 0, 0, 0
57301, 3078407, 1, 0, 0
57400, 906406, 0, 0, 0
57401, 3032540, 1, 0, 0
57500, 2979934, 1, 0, 0
57500, 944403, 0, 0, 0
57600, 946520, 0, 0, 0
57602, 3094934, 1, 0, 0
57700, 3083933, 1, 0, 0
57700, 933709, 0, 0, 0
57800, 927052, 0, 0, 0
57801, 3009128, 1, 0, 0
57900, 913853, 0, 0, 0
57901, 3037309, 1, 0, 0
58000, 3021428, 1, 0, 0
58001, 921055, 0, 0, 0
58100, 940292, 0, 0, 0
58102, 3080136, 1, 0, 0
58200, 942720, 0, 0, 0
58200, 2939491, 1, 0, 0
58300, 3016322, 1, 0, 0
58300, 920934, 0, 0, 0
58400, 3199836, 1, 0, 0
58401, 908388, 0, 0, 0
58500, 957204, 0, 0, 0
58501, 3065063, 1, 0, 0
58600, 3227938, 1, 0, 0
58600, 945240, 0, 0, 0
58700, 931986, 0, 0, 0
58700, 3031678, 1, 0, 0
58800, 942177, 0, 0, 0
58800, 2961224, 1, 0, 0
58900, 3165864, 1, 0, 0
58901, 951553, 0, 0, 0
59000, 916560, 0, 0, 0
59001, 3187171, 1, 0, 0
59100, 950325, 0, 0, 0
59101, 2958365, 1, 0, 0
59200, 3295528, 1, 0, 0
59200, 935856, 0, 0, 0
59300, 3066027, 1, 0, 0
59300, 959384, 0, 0, 0
59400, 916995, 0, 0, 0
59400, 3178416, 1, 0, 0
59500, 910095, 0, 0, 0
59500, 3094145, 1, 0, 0
59600, 3062759, 1, 0, 0
59603, 970700, 0, 0, 0
59700, 972656, 0, 0, 0
59700, 3020195, 1, 0, 0
59800, 958796, 0, 0, 0
59800, 3312825, 1, 0, 0
59900, 952139, 0, 0, 0
59901, 3130465, 1, 0, 0
60000, 956791, 0, 0, 0
60004, 3168739, 1, 0, 0
60100, 951882, 0, 0, 0
60102, 3372666, 1, 0, 0
60200, 3193032, 1, 0, 0
60200, 930646, 0, 0, 0
60300, 975791, 0, 0, 0
60301, 3028214, 1, 0, 0
60400, 3167538, 1, 0, 0
60400, 923846, 0, 0, 0
60500, 3207675, 1, 0, 0
60500, 937518, 0, 0, 0
60600, 3048389, 1, 0, 0
60600, 937915, 0, 0, 0
60700, 916588, 0, 0, 0
60702, 3435848, 1, 0, 0
60800, 931983, 0, 0, 0
60801, 3040346, 1, 0, 0
60900, 963731, 0, 0, 0
60903, 3118029, 1, 0, 0
61000, 981002, 0, 0, 0
61001, 3282801, 1, 0, 0
61100, 922316, 0, 0, 0
61101, 3024321, 1, 0, 0
61200, 954117, 0, 0, 0
61201, 3077183, 1, 0, 0
61300, 920488, 0, 0, 0
61300, 3066957, 1, 0, 0
61400, 2972192, 1, 0, 0
61401, 926781, 0, 0, 0
61500, 3146846, 1, 0, 0
61500, 930794, 0, 0, 0
61600, 966216, 0, 0, 0
61602, 3344462, 1, 0, 0
61700, 3199398, 1, 0, 0
61701, 927542, 0, 0, 0
61800, 957262, 0, 0, 0
61801, 3295905, 1, 0, 0
61900, 985232, 0, 0, 0
61900, 3137184, 1, 0, 0
62000, 928102, 0, 0, 0
62001, 3281162, 1, 0, 0
62100, 953094, 0, 0, 0
62100, 3568442, 1, 0, 0
62200, 993599, 0, 0, 0
62200, 3097568, 1, 0, 0
62300, 915155, 0, 0, 0
62301, 3190166, 1, 0, 0
62400, 916344, 0, 0, 0
62401, 2923818, 1, 0, 0
62500, 936786, 0, 0, 0
62502, 3061211, 1, 0, 0
62600, 951056, 0, 0, 0
62600, 3236219, 1, 0, 0
62700, 968742, 0, 0, 0
62701, 3014975, 1, 0, 0
62800, 3084585, 1, 0, 0
62800, 961042, 0, 0, 0
62900, 943824, 0, 0, 0
62900, 3199920, 1, 0, 0
63000, 953876, 0, 0, 0
63000, 3274171, 1, 0, 0
63100, 907856, 0, 0, 0
63101, 3130316, 1, 0, 0
63200, 972316, 0, 0, 0
63200, 3110421, 1, 0, 0
63300, 914273, 0, 0, 0
63300, 3400830, 1, 0, 0
63400, 940686, 0, 0, 0
63405, 3100176, 1, 0, 0
63500, 944393, 0, 0, 0
63501, 3110769, 1, 0, 0
63600, 931896, 0, 0, 0
63601, 3178586, 1, 0, 0
63701, 3241093, 1, 0, 0
63703, 966263, 0, 0, 0
63800, 960119, 0, 0, 0
63801, 3204497, 1, 0, 0
63900, 928510, 0, 0, 0
63900, 3062684, 1, 0, 0
64000, 920780, 0, 0, 0
64001, 3128717, 1, 0, 0
64100, 935467, 0, 0, 0
64102, 2985268, 1, 0, 0
64200, 915573, 0, 0, 0
64204, 3074772, 1, 0, 0
64302, 2988357, 1, 0, 0
64304, 908127, 0, 0, 0
64400, 3204469, 1, 0, 0
64400, 928479, 0, 0, 0
64500, 3223950, 1, 0, 0
64501, 988864, 0, 0, 0
64600, 941811, 0, 0, 0
64600, 3075574, 1, 0, 0
64700, 920151, 0, 0, 0
64703, 3061924, 1, 0, 0
64800, 3168931, 1, 0, 0
64800, 970145, 0, 0, 0
64900, 923664, 0, 0, 0
64901, 3187490, 1, 0, 0
65000, 958430, 0, 0, 0
65002, 3079229, 1, 0, 0
65100, 991431, 0, 0, 0
65101, 3051383, 1, 0, 0
65200, 945963, 0, 0, 0
65202, 3092397, 1, 0, 0
65300, 910313, 0, 0, 0
65301, 3216357, 1, 0, 0
65400, 904535, 0, 0, 0
65403, 2984659, 1, 0, 0
65500, 3119042, 1, 0, 0
65500, 964949, 0, 0, 0
65600, 3190080, 1, 0, 0
65601, 924713, 0, 0, 0
65700, 907875, 0, 0, 0
65700, 3056382, 1, 0, 0
65801, 2968974, 1, 0, 0
65802, 949821, 0, 0, 0
65900, 905499, 0, 0, 0
65900, 3391314, 1, 0, 0
66000, 3217234, 1, 0, 0
66001, 901870, 0, 0, 0
66100, 911571, 0, 0, 0
66100, 2983715, 1, 0, 0
66200, 935718, 0, 0, 0
66202, 3032308, 1, 0, 0
66300, 3017895, 1, 0, 0
66300, 924230, 0, 0, 0
66400, 961397, 0, 0, 0
66400, 2997962, 1, 0, 0
66500, 896145, 0, 0, 0
66502, 3113389, 1, 0, 0
66600, 940120, 0, 0, 0
66600, 3153401, 1, 0, 0
66700, 3020728, 1, 0, 0
66700, 946645, 0, 0, 0
66800, 3090667, 1, 0, 0
66800, 914874, 0, 0, 0
66900, 981009, 0, 0, 0
66901, 3244797, 1, 0, 0
67000, 903192, 0, 0, 0
67001, 3100026, 1, 0, 0
67100, 886618, 0, 0, 0
67102, 3207059, 1, 0, 0
67200, 2950572, 1, 0, 0
67201, 938590, 0, 0, 0
67300, 910114, 0, 0, 0
67301, 3094728, 1, 0, 0
67400, 900351, 0, 0, 0
67402, 3192425, 1, 0, 0
67500, 3020158, 1, 0, 0
67500, 914075, 0, 0, 0
67600, 924691, 0, 0, 0
67601, 3180241, 1, 0, 0
67700, 961358, 0, 0, 0
67702, 3164098, 1, 0, 0
67800, 929729, 0, 0, 0
67800, 2863971, 1, 0, 0
67900, 987602, 0, 0, 0
67902, 3191929, 1, 0, 0
68000, 936369, 0, 0, 0
68001, 3071977, 1, 0, 0
68100, 965586, 0, 0, 0
68100, 2927180, 1, 0, 0
68200, 920856, 0, 0, 0
68202, 3144754, 1, 0, 0
68300, 951998, 0, 0, 0
68302, 2912304, 1, 0, 0
68400, 942852, 0, 0, 0
68401, 3114901, 1, 0, 0
68500, 951115, 0, 0, 0
68500, 3186621, 1, 0, 0
68600, 971561, 0, 0, 0
68602, 3255331, 1, 0, 0
68700, 970357, 0, 0, 0
68700, 3128946, 1, 0, 0
68800, 954690, 0, 0, 0
68801, 3167178, 1, 0, 0
68900, 929517, 0, 0, 0
68902, 3077954, 1, 0, 0
69000, 927315, 0, 0, 0
69002, 3130564, 1, 0, 0
69100, 925230, 0, 0, 0
69100, 3062781, 1, 0, 0
69200, 933355, 0, 0, 0
69200, 3028399, 1, 0, 0
69300, 932278, 0, 0, 0
69300, 3328686, 1, 0, 0
69400, 989363, 0, 0, 0
69401, 2942447, 1, 0, 0
69500, 3034295, 1, 0, 0
69500, 907776, 0, 0, 0
69600, 3133439, 1, 0, 0
69600, 940952, 0, 0, 0
69700, 3164963, 1, 0, 0
69700, 921552, 0, 0, 0
69800, 3234737, 1, 0, 0
69800, 925137, 0, 0, 0
69900, 3177052, 1, 0, 0
69902, 957602, 0, 0, 0
70000, 923515, 0, 0, 0
70002, 3062456, 1, 0, 0
70100, 3291145, 1, 0, 0
70101, 919612, 0, 0, 0
70200, 3106318, 1, 0, 0
70201, 972941, 0, 0, 0
70300, 3039518, 1, 0, 0
70300, 994349, 0, 0, 0
70400, 935550, 0, 0, 0
70400, 3182994, 1, 0, 0
70500, 955837, 0, 0, 0
70501, 3101063, 1, 0, 0
70600, 3343012, 1, 0, 0
70606, 912775, 0, 0, 0
70700, 913143, 0, 0, 0
70701, 3064258, 1, 0, 0
70800, 957664, 0, 0, 0
70801, 3184508, 1, 0, 0
70900, 3058619, 1, 0, 0
70900, 947280, 0, 0, 0
71000, 947917, 0, 0, 0
71001, 3165739, 1, 0, 0
71100, 914155, 0, 0, 0
71105, 3160546, 1, 0, 0
71200, 3190127, 1, 0, 0
71200, 898733, 0, 0, 0
71300, 957957, 0, 0, 0
71300, 3058743, 1, 0, 0
71400, 934792, 0, 0, 0
71401, 3122552, 1, 0, 0
71500, 2945168, 1, 0, 0
71501, 920557, 0, 0, 0
71600, 930141, 0, 0, 0
71602, 3040445, 1, 0, 0
71700, 3147080, 1, 0, 0
71700, 958923, 0, 0, 0
71800, 949778, 0, 0, 0
71800, 3032014, 1, 0, 0
71900, 942472, 0, 0, 0
71902, 3019207, 1, 0, 0
72000, 3052273, 1, 0, 0
72002, 946988, 0, 0, 0
72100, 3067048, 1, 0, 0
72100, 950863, 0, 0, 0
72200, 964111, 0, 0, 0
72202, 3108936, 1, 0, 0
72300, 3120543, 1, 0, 0
72300, 883496, 0, 0, 0
72400, 917001, 0, 0, 0
72401, 3016197, 1, 0, 0
72500, 2917286, 1, 0, 0
72500, 958854, 0, 0, 0
72600, 901412, 0, 0, 0
72600, 3131012, 1, 0, 0
72700, 909691, 0, 0, 0
72701, 3235301, 1, 0, 0
72800, 905474, 0, 0, 0
72801, 3256837, 1, 0, 0
72900, 2967400, 1, 0, 0
72902, 954108, 0, 0, 0
73000, 942525, 0, 0, 0
73001, 3055923, 1, 0, 0
73100, 3014291, 1, 0, 0
73101, 927808, 0, 0, 0
73200, 3186967, 1, 0, 0
73202, 931412, 0, 0, 0
73300, 916875, 0, 0, 0
73300, 3153102, 1, 0, 0
73400, 2988078, 1, 0, 0
73400, 909181, 0, 0, 0
73500, 2988746, 1, 0, 0
73501, 950671, 0, 0, 0
73600, 890724, 0, 0, 0
73601, 3204547, 1, 0, 0
73701, 3055146, 1, 0, 0
73702, 942593, 0, 0, 0
73800, 965985, 0, 0, 0
73800, 3211499, 1, 0, 0
73900, 3059084, 1, 0, 0
73900, 942209, 0, 0, 0
74000, 924497, 0, 0, 0
74000, 3069328, 1, 0, 0
74100, 904272, 0, 0, 0
74102, 2996587, 1, 0, 0
74200, 3023401, 1, 0, 0
74200, 937509, 0, 0, 0
74300, 911409, 0, 0, 0
74302, 3172806, 1, 0, 0
74400, 926717, 0, 0, 0
74401, 3008697, 1, 0, 0
74500, 919886, 0, 0, 0
74500, 3010458, 1, 0, 0
74601, 3162229, 1, 0, 0
74602, 963534, 0, 0, 0
74700, 972286, 0, 0, 0
74702, 3084953, 1, 0, 0
74800, 962130, 0, 0, 0
74801, 3192541, 1, 0, 0
74900, 966514, 0, 0, 0
74903, 2984989, 1, 0, 0
75000, 959263, 0, 0, 0
75004, 3077164, 1, 0, 0
75100, 3222395, 1, 0, 0
75100, 930000, 0, 0, 0
75200, 3228176, 1, 0, 0
75200, 948296, 0, 0, 0
75300, 943261, 0, 0, 0
75302, 3027539, 1, 0, 0
75400, 3071533, 1, 0, 0
75400, 953689, 0, 0, 0
75500, 979824, 0, 0, 0
75500, 3065059, 1, 0, 0
75600, 3073277, 1, 0, 0
75600, 949326, 0, 0, 0
75700, 3166943, 1, 0, 0
75701, 911640, 0, 0, 0
75800, 931629, 0, 0, 0
75804, 3149897, 1, 0, 0
75900, 3111674, 1, 0, 0
75901, 911076, 0, 0, 0
76000, 967015, 0, 0, 0
76005, 3217543, 1, 0, 0
76100, 930383, 0, 0, 0
76100, 3163187, 1, 0, 0
76200, 901182, 0, 0, 0
76201, 3072485, 1, 0, 0
76300, 953714, 0, 0, 0
76300, 3048876, 1, 0, 0
76400, 957992, 0, 0, 0
76401, 3189934, 1, 0, 0
76500, 3095410, 1, 0, 0
76500, 935915, 0, 0, 0
76600, 2969739, 1, 0, 0
76600, 917254, 0, 0, 0
76700, 910990, 0, 0, 0
76701, 3015406, 1, 0, 0
76800, 949694, 0, 0, 0
76801, 3102897, 1, 0, 0
76900, 3076933, 1, 0, 0
76900, 952510, 0, 0, 0
77000, 917727, 0, 0, 0
77001, 2987024, 1, 0, 0
77100, 936677, 0, 0, 0
77100, 3163579, 1, 0, 0
77200, 921959, 0, 0, 0
77201, 3078927, 1, 0, 0
77300, 874477, 0, 0, 0
77300, 2950602, 1, 0, 0
77400, 933513, 0, 0, 0
77400, 2976848, 1, 0, 0
77500, 903719, 0, 0, 0
77500, 3058073, 1, 0, 0
77600, 936921, 0, 0, 0
77604, 3173298, 1, 0, 0
77700, 960305, 0, 0, 0
77700, 3053133, 1, 0, 0
77800, 933895, 0, 0, 0
77800, 3091950, 1, 0, 0
77900, 950279, 0, 0, 0
77900, 3116804, 1, 0, 0
78000, 955969, 0, 0, 0
78001, 3136634, 1, 0, 0
78100, 3059701, 1, 0, 0
78100, 917231, 0, 0, 0
78200, 945266, 0, 0, 0
78202, 2996933, 1, 0, 0
78300, 895706, 0, 0, 0
78300, 3108234, 1, 0, 0
78400, 958980, 0, 0, 0
78401, 3042701, 1, 0, 0
78500, 933478, 0, 0, 0
78501, 3033666, 1, 0, 0
78600, 947212, 0, 0, 0
78601, 3128898, 1, 0, 0
78700, 3269698, 1, 0, 0
78700, 955256, 0, 0, 0
78800, 931653, 0, 0, 0
78801, 3112893, 1, 0, 0
78900, 892952, 0, 0, 0
78900, 3092672, 1, 0, 0
79000, 917944, 0, 0, 0
79001, 3087841, 1, 0, 0
79100, 3067848, 1, 0, 0
79100, 927146, 0, 0, 0
79200, 3125741, 1, 0, 0
79200, 960724, 0, 0, 0
79300, 906305, 0, 0, 0
79300, 3145046, 1, 0, 0
79400, 928870, 0, 0, 0
79402, 3157427, 1, 0, 0
79500, 891176, 0, 0, 0
79500, 3098676, 1, 0, 0
79600, 905076, 0, 0, 0
79600, 3030521, 1, 0, 0
79700, 945534, 0, 0, 0
79701, 3166213, 1, 0, 0
79800, 932530, 0, 0, 0
79800, 3208023, 1, 0, 0
79900, 964832, 0, 0, 0
79900, 2955387, 1, 0, 0
80000, 900802, 0, 0, 0
80003, 3243578, 1, 0, 0
80100, 3255594, 1, 0, 0
80100, 970252, 0, 0, 0
80200, 980154, 0, 0, 0
80202, 3066263, 1, 0, 0
80300, 3191723, 1, 0, 0
80301, 915189, 0, 0, 0
80400, 941098, 0, 0, 0
80400, 3139977, 1, 0, 0
80500, 3283687, 1, 0, 0
80500, 951235, 0, 0, 0
80600, 3166457, 1, 0, 0
80600, 983272, 0, 0, 0
80700, 959188, 0, 0, 0
80700, 3223339, 1, 0, 0
80800, 929344, 0, 0, 0
80800, 3155978, 1, 0, 0
80900, 908609, 0, 0, 0
80900, 2936882, 1, 0, 0
81000, 922653, 0, 0, 0
81001, 3037388, 1, 0, 0
81100, 959719, 0, 0, 0
81103, 3118221, 1, 0, 0
81200, 937845, 0, 0, 0
81200, 3062484, 1, 0, 0
81300, 936628, 0, 0, 0
81300, 3189218, 1, 0, 0
81400, 3282151, 1, 0, 0
81400, 951511, 0, 0, 0
81500, 931682, 0, 0, 0
81502, 2999039, 1, 0, 0
81600, 3000863, 1, 0, 0
81600, 919664, 0, 0, 0
81700, 936766, 0, 0, 0
81700, 3100579, 1, 0, 0
81800, 918896, 0, 0, 0
81801, 2984644, 1, 0, 0
81900, 962260, 0, 0, 0
81901, 3121040, 1, 0, 0
82000, 936633, 0, 0, 0
82002, 3108152, 1, 0, 0
82100, 941046, 0, 0, 0
82102, 3180728, 1, 0, 0
82200, 3101852, 1, 0, 0
82200, 920053, 0, 0, 0
82300, 3194706, 1, 0, 0
82300, 974190, 0, 0, 0
82400, 3108253, 1, 0, 0
82400, 933860, 0, 0, 0
82500, 937024, 0, 0, 0
82503, 3138480, 1, 0, 0
82600, 963959, 0, 0, 0
82600, 3099978, 1, 0, 0
82700, 3187743, 1, 0, 0
82700, 967584, 0, 0, 0
82800, 947881, 0, 0, 0
82802, 3332312, 1, 0, 0
82900, 913211, 0, 0, 0
82903, 3120008, 1, 0, 0
83000, 943064, 0, 0, 0
83001, 3094700, 1, 0, 0
83100, 939117, 0, 0, 0
83101, 3222448, 1, 0, 0
83201, 3171910, 1, 0, 0
83203, 950171, 0, 0, 0
83300, 3049691, 1, 0, 0
83300, 938326, 0, 0, 0
83400, 937172, 0, 0, 0
83400, 3172742, 1, 0, 0
83500, 3069743, 1, 0, 0
83501, 972965, 0, 0, 0
83600, 957390, 0, 0, 0
83602, 3104375, 1, 0, 0
83700, 945725, 0, 0, 0
83701, 3234581, 1, 0, 0
83800, 983838, 0, 0, 0
83801, 3256429, 1, 0, 0
83900, 927984, 0, 0, 0
83900, 3141637, 1, 0, 0
84000, 926595, 0, 0, 0
84002, 3144306, 1, 0, 0
84100, 975148, 0, 0, 0
84103, 3223599, 1, 0, 0
84200, 913377, 0, 0, 0
84203, 3182246, 1, 0, 0
84300, 3150737, 1, 0, 0
84300, 951599, 0, 0, 0
84400, 2997274, 1, 0, 0
84400, 946567, 0, 0, 0
84500, 986983, 0, 0, 0
84500, 3073708, 1, 0, 0
84600, 932853, 0, 0, 0
84601, 3063925, 1, 0, 0
84700, 958690, 0, 0, 0
84701, 3127825, 1, 0, 0
84800, 3268109, 1, 0, 0
84802, 931991, 0, 0, 0
84900, 3065486, 1, 0, 0
84900, 963614, 0, 0, 0
85000, 1017468, 0, 0, 0
85001, 3160209, 1, 0, 0
85100, 938086, 0, 0, 0
85102, 3239491, 1, 0, 0
85200, 3029253, 1, 0, 0
85200, 912791, 0, 0, 0
85300, 952797, 0, 0, 0
85301, 3068733, 1, 0, 0
85400, 950381, 0, 0, 0
85400, 3006209, 1, 0, 0
85500, 949415, 0, 0, 0
85500, 3200512, 1, 0, 0
85600, 938095, 0, 0, 0
85600, 3174456, 1, 0, 0
85700, 947659, 0, 0, 0
85701, 3134027, 1, 0, 0
85800, 908675, 0, 0, 0
85801, 2938103, 1, 0, 0
85900, 1048849, 0, 0, 0
85904, 3048429, 1, 0, 0
86000, 897547, 0, 0, 0
86000, 2954038, 1, 0, 0
86100, 1019528, 0, 0, 0
86100, 3182869, 1, 0, 0
86200, 944217, 0, 0, 0
86200, 3047725, 1, 0, 0
86300, 921322, 0, 0, 0
86300, 3052367, 1, 0, 0
86400, 3180416, 1, 0, 0
86400, 934034, 0, 0, 0
86500, 903272, 0, 0, 0
86500, 3015453, 1, 0, 0
86600, 946964, 0, 0, 0
86601, 3104107, 1, 0, 0
86700, 902538, 0, 0, 0
86700, 3128721, 1, 0, 0
86800, 3037972, 1, 0, 0
86800, 949950, 0, 0, 0
86900, 948219, 0, 0, 0
86903, 3203819, 1, 0, 0
87001, 3400386, 1, 0, 0
87001, 902238, 0, 0, 0
87100, 3670203, 1, 0, 0
87100, 1237320, 0, 0, 0
87200, 906650, 0, 0, 0
87203, 3147557, 1, 0, 0
87300, 3131264, 1, 0, 0
87300, 904202, 0, 0, 0
87400, 956035, 0, 0, 0
87401, 3182870, 1, 0, 0
87500, 3018083, 1, 0, 0
87501, 931262, 0, 0, 0
87602, 3007254, 1, 0, 0
87605, 908375, 0, 0, 0
87700, 3127798, 1, 0, 0
87700, 929859, 0, 0, 0
87800, 970504, 0, 0, 0
87801, 3181809, 1, 0, 0
87900, 940047, 0, 0, 0
87900, 2977789, 1, 0, 0
88000, 912372, 0, 0, 0
88001, 3089094, 1, 0, 0
88100, 931750, 0, 0, 0
88101, 3086201, 1, 0, 0
88200, 908334, 0, 0, 0
88200, 3077882, 1, 0, 0
88300, 935889, 0, 0, 0
88301, 3058596, 1, 0, 0
88400, 956986, 0, 0, 0
88400, 3536208, 1, 0, 0
88500, 980224, 0, 0, 0
88501, 3057475, 1, 0, 0
88600, 3133438, 1, 0, 0
88600, 930854, 0, 0, 0
88700, 3039477, 1, 0, 0
88700, 969986, 0, 0, 0
88800, 3139385, 1, 0, 0
88800, 993458, 0, 0, 0
88900, 930395, 0, 0, 0
88905, 3005502, 1, 0, 0
89000, 959835, 0, 0, 0
89001, 3158278, 1, 0, 0
89100, 968234, 0, 0, 0
89100, 3061312, 1, 0, 0
89201, 931267, 0, 0, 0
89202, 2988467, 1, 0, 0
89300, 964622, 0, 0, 0
89303, 3137839, 1, 0, 0
89400, 916087, 0, 0, 0
89403, 2972181, 1, 0, 0
89500, 949685, 0, 0, 0
89500, 3027421, 1, 0, 0
89600, 3194344, 1, 0, 0
89600, 906508, 0, 0, 0
89700, 949735, 0, 0, 0
89701, 3023905, 1, 0, 0
89800, 946012, 0, 0, 0
89800, 3049146, 1, 0, 0
89900, 966478, 0, 0, 0
89901, 3028633, 1, 0, 0
90000, 2566636, 1, 0, 0
90001, 857126, 0, 0, 0
90001, 1704119, 1, 0, 0
