100, 922525, 0, 0, 0
200, 923048, 0, 0, 0
300, 905087, 0, 0, 0
400, 897313, 0, 0, 0
500, 916761, 0, 0, 0
600, 915174, 0, 0, 0
700, 926625, 0, 0, 0
800, 903508, 0, 0, 0
900, 908442, 0, 0, 0
1000, 921205, 0, 0, 0
1100, 895036, 0, 0, 0
1200, 913778, 0, 0, 0
1300, 913690, 0, 0, 0
1400, 922108, 0, 0, 0
1500, 903936, 0, 0, 0
1600, 935775, 0, 0, 0
1700, 928048, 0, 0, 0
1800, 862740, 0, 0, 0
1900, 842145, 0, 0, 0
2000, 866196, 0, 0, 0
2100, 908514, 0, 0, 0
2200, 925230, 0, 0, 0
2300, 907316, 0, 0, 0
2400, 882915, 0, 0, 0
2500, 878408, 0, 0, 0
2600, 864762, 0, 0, 0
2700, 871929, 0, 0, 0
2800, 890039, 0, 0, 0
2900, 871477, 0, 0, 0
3000, 845431, 0, 0, 0
3100, 860769, 0, 0, 0
3200, 940402, 0, 0, 0
3300, 888919, 0, 0, 0
3400, 910508, 0, 0, 0
3500, 904555, 0, 0, 0
3600, 918346, 0, 0, 0
3700, 929980, 0, 0, 0
3800, 917256, 0, 0, 0
3900, 913416, 0, 0, 0
4000, 851228, 0, 0, 0
4100, 901005, 0, 0, 0
4200, 907806, 0, 0, 0
4300, 931075, 0, 0, 0
4400, 916859, 0, 0, 0
4500, 896341, 0, 0, 0
4600, 892480, 0, 0, 0
4700, 922486, 0, 0, 0
4800, 919664, 0, 0, 0
4900, 916939, 0, 0, 0
5000, 914887, 0, 0, 0
5100, 904060, 0, 0, 0
5200, 938376, 0, 0, 0
5300, 906003, 0, 0, 0
5400, 890382, 0, 0, 0
5500, 899185, 0, 0, 0
5600, 890554, 0, 0, 0
5700, 929298, 0, 0, 0
5800, 909008, 0, 0, 0
5900, 917876, 0, 0, 0
6000, 915877, 0, 0, 0
6100, 898903, 0, 0, 0
6200, 901654, 0, 0, 0
6300, 891457, 0, 0, 0
6400, 917178, 0, 0, 0
6500, 882505, 0, 0, 0
6600, 872742, 0, 0, 0
6700, 898079, 0, 0, 0
6800, 909253, 0, 0, 0
6900, 883966, 0, 0, 0
7000, 923000, 0, 0, 0
7100, 914791, 0, 0, 0
7200, 928719, 0, 0, 0
7300, 940674, 0, 0, 0
7400, 938304, 0, 0, 0
7500, 896768, 0, 0, 0
7600, 910644, 0, 0, 0
7700, 889760, 0, 0, 0
7800, 864349, 0, 0, 0
7900, 862781, 0, 0, 0
8000, 877422, 0, 0, 0
8100, 913404, 0, 0, 0
8200, 920665, 0, 0, 0
8300, 906021, 0, 0, 0
8400, 934560, 0, 0, 0
8500, 939062, 0, 0, 0
8600, 917053, 0, 0, 0
8700, 893645, 0, 0, 0
8800, 885754, 0, 0, 0
8900, 906507, 0, 0, 0
9000, 914367, 0, 0, 0
9100, 896192, 0, 0, 0
9200, 916144, 0, 0, 0
9300, 916450, 0, 0, 0
9400, 872299, 0, 0, 0
9500, 845666, 0, 0, 0
9600, 869942, 0, 0, 0
9700, 879340, 0, 0, 0
9800, 886423, 0, 0, 0
9900, 894491, 0, 0, 0
10000, 935468, 0, 0, 0
10100, 902417, 0, 0, 0
10200, 909539, 0, 0, 0
10300, 908597, 0, 0, 0
10400, 934693, 0, 0, 0
10500, 903574, 0, 0, 0
10600, 918344, 0, 0, 0
10700, 913637, 0, 0, 0
10800, 930131, 0, 0, 0
10900, 937504, 0, 0, 0
11000, 882799, 0, 0, 0
11100, 841884, 0, 0, 0
11200, 900901, 0, 0, 0
11300, 930408, 0, 0, 0
11400, 922220, 0, 0, 0
11500, 911738, 0, 0, 0
11600, 895342, 0, 0, 0
11700, 888595, 0, 0, 0
11800, 926906, 0, 0, 0
11900, 909613, 0, 0, 0
12000, 915968, 0, 0, 0
12100, 895530, 0, 0, 0
12200, 885263, 0, 0, 0
12300, 904784, 0, 0, 0
12400, 934866, 0, 0, 0
12500, 937875, 0, 0, 0
12600, 926266, 0, 0, 0
12700, 902578, 0, 0, 0
12800, 854526, 0, 0, 0
12900, 857794, 0, 0, 0
13000, 887674, 0, 0, 0
13100, 847264, 0, 0, 0
13200, 874646, 0, 0, 0
13300, 904308, 0, 0, 0
13400, 903507, 0, 0, 0
13500, 928129, 0, 0, 0
13600, 923617, 0, 0, 0
13700, 893631, 0, 0, 0
13800, 893612, 0, 0, 0
13900, 878645, 0, 0, 0
14000, 868495, 0, 0, 0
14100, 866270, 0, 0, 0
14200, 867797, 0, 0, 0
14300, 875068, 0, 0, 0
14400, 896626, 0, 0, 0
14500, 856509, 0, 0, 0
14600, 861858, 0, 0, 0
14700, 892314, 0, 0, 0
14800, 908043, 0, 0, 0
14900, 916646, 0, 0, 0
15000, 907651, 0, 0, 0
15100, 913026, 0, 0, 0
15200, 911990, 0, 0, 0
15300, 892921, 0, 0, 0
15400, 899890, 0, 0, 0
15500, 860081, 0, 0, 0
15600, 861066, 0, 0, 0
15700, 865566, 0, 0, 0
15800, 903121, 0, 0, 0
15900, 903165, 0, 0, 0
16000, 908166, 0, 0, 0
16100, 927779, 0, 0, 0
16200, 921399, 0, 0, 0
16300, 907400, 0, 0, 0
16400, 912963, 0, 0, 0
16500, 909918, 0, 0, 0
16600, 867314, 0, 0, 0
16700, 864547, 0, 0, 0
16800, 860772, 0, 0, 0
16900, 887749, 0, 0, 0
17000, 918546, 0, 0, 0
17100, 913697, 0, 0, 0
17200, 869043, 0, 0, 0
17300, 913985, 0, 0, 0
17400, 904077, 0, 0, 0
17500, 902104, 0, 0, 0
17600, 885179, 0, 0, 0
17700, 875343, 0, 0, 0
17800, 870866, 0, 0, 0
17900, 865971, 0, 0, 0
18000, 887284, 0, 0, 0
18100, 904154, 0, 0, 0
18200, 915057, 0, 0, 0
18300, 921119, 0, 0, 0
18400, 899753, 0, 0, 0
18500, 942222, 0, 0, 0
18600, 907242, 0, 0, 0
18700, 940356, 0, 0, 0
18800, 894881, 0, 0, 0
18900, 892246, 0, 0, 0
19000, 907789, 0, 0, 0
19100, 902779, 0, 0, 0
19200, 921651, 0, 0, 0
19300, 918606, 0, 0, 0
19400, 904615, 0, 0, 0
19500, 850351, 0, 0, 0
19600, 895195, 0, 0, 0
19700, 878884, 0, 0, 0
19800, 910638, 0, 0, 0
19900, 891898, 0, 0, 0
20000, 907107, 0, 0, 0
20100, 934553, 0, 0, 0
20200, 887287, 0, 0, 0
20300, 870104, 0, 0, 0
20400, 876044, 0, 0, 0
20500, 899656, 0, 0, 0
20600, 906368, 0, 0, 0
20700, 880709, 0, 0, 0
20800, 898684, 0, 0, 0
20900, 881044, 0, 0, 0
21000, 839038, 0, 0, 0
21100, 876510, 0, 0, 0
21200, 909991, 0, 0, 0
21300, 889204, 0, 0, 0
21400, 883934, 0, 0, 0
21500, 907076, 0, 0, 0
21600, 920675, 0, 0, 0
21700, 914221, 0, 0, 0
21800, 915841, 0, 0, 0
21900, 931648, 0, 0, 0
22000, 955081, 0, 0, 0
22100, 924901, 0, 0, 0
22200, 920161, 0, 0, 0
22300, 909069, 0, 0, 0
22400, 871935, 0, 0, 0
22500, 861880, 0, 0, 0
22600, 850990, 0, 0, 0
22700, 837924, 0, 0, 0
22800, 910828, 0, 0, 0
22900, 901165, 0, 0, 0
23000, 923177, 0, 0, 0
23100, 905189, 0, 0, 0
23200, 890695, 0, 0, 0
23300, 892704, 0, 0, 0
23400, 915362, 0, 0, 0
23500, 855524, 0, 0, 0
23600, 858539, 0, 0, 0
23700, 864612, 0, 0, 0
23800, 907309, 0, 0, 0
23900, 899089, 0, 0, 0
24000, 903693, 0, 0, 0
24100, 882996, 0, 0, 0
24200, 883488, 0, 0, 0
24300, 903556, 0, 0, 0
24400, 923475, 0, 0, 0
24500, 903836, 0, 0, 0
24600, 910396, 0, 0, 0
24700, 882905, 0, 0, 0
24800, 897817, 0, 0, 0
24900, 917984, 0, 0, 0
25000, 919442, 0, 0, 0
25100, 917916, 0, 0, 0
25200, 925720, 0, 0, 0
25300, 925124, 0, 0, 0
25400, 916007, 0, 0, 0
25500, 899621, 0, 0, 0
25600, 898217, 0, 0, 0
25700, 872279, 0, 0, 0
25800, 885089, 0, 0, 0
25900, 904957, 0, 0, 0
26000, 916203, 0, 0, 0
26100, 903227, 0, 0, 0
26200, 907116, 0, 0, 0
26300, 852698, 0, 0, 0
26400, 882240, 0, 0, 0
26500, 910064, 0, 0, 0
26600, 891707, 0, 0, 0
26700, 906598, 0, 0, 0
26800, 902352, 0, 0, 0
26900, 912713, 0, 0, 0
27000, 893765, 0, 0, 0
27100, 876039, 0, 0, 0
27200, 890964, 0, 0, 0
27300, 900681, 0, 0, 0
27400, 926006, 0, 0, 0
27500, 915534, 0, 0, 0
27600, 867213, 0, 0, 0
27700, 873768, 0, 0, 0
27800, 885928, 0, 0, 0
27900, 917675, 0, 0, 0
28000, 912718, 0, 0, 0
28100, 914733, 0, 0, 0
28200, 868779, 0, 0, 0
28300, 901662, 0, 0, 0
28400, 895785, 0, 0, 0
28500, 896787, 0, 0, 0
28600, 893854, 0, 0, 0
28700, 905370, 0, 0, 0
28800, 908599, 0, 0, 0
28900, 905795, 0, 0, 0
29000, 906384, 0, 0, 0
29100, 905531, 0, 0, 0
29200, 896559, 0, 0, 0
29300, 889512, 0, 0, 0
29400, 894195, 0, 0, 0
29500, 927084, 0, 0, 0
29600, 898182, 0, 0, 0
29700, 898008, 0, 0, 0
29800, 919460, 0, 0, 0
29900, 895117, 0, 0, 0
30000, 890591, 0, 0, 0
30100, 872650, 0, 0, 0
30200, 916492, 0, 0, 0
30300, 922038, 0, 0, 0
30400, 882254, 0, 0, 0
30500, 876794, 0, 0, 0
30600, 926849, 0, 0, 0
30700, 899473, 0, 0, 0
30800, 900147, 0, 0, 0
30900, 907328, 0, 0, 0
31000, 900586, 0, 0, 0
31100, 901679, 0, 0, 0
31200, 876575, 0, 0, 0
31300, 886038, 0, 0, 0
31400, 877692, 0, 0, 0
31500, 910318, 0, 0, 0
31600, 899588, 0, 0, 0
31700, 901606, 0, 0, 0
31800, 912693, 0, 0, 0
31900, 915312, 0, 0, 0
32000, 889472, 0, 0, 0
32100, 871119, 0, 0, 0
32200, 853914, 0, 0, 0
32300, 869385, 0, 0, 0
32400, 893708, 0, 0, 0
32500, 904423, 0, 0, 0
32600, 895746, 0, 0, 0
32700, 892985, 0, 0, 0
32800, 888978, 0, 0, 0
32900, 926263, 0, 0, 0
33000, 900902, 0, 0, 0
33100, 910793, 0, 0, 0
33200, 894873, 0, 0, 0
33300, 904519, 0, 0, 0
33400, 924053, 0, 0, 0
33500, 903615, 0, 0, 0
33600, 903173, 0, 0, 0
33700, 884755, 0, 0, 0
33800, 922064, 0, 0, 0
33900, 914080, 0, 0, 0
34000, 927049, 0, 0, 0
34100, 916602, 0, 0, 0
34200, 923213, 0, 0, 0
34300, 904868, 0, 0, 0
34400, 880477, 0, 0, 0
34500, 879119, 0, 0, 0
34600, 923853, 0, 0, 0
34700, 919949, 0, 0, 0
34800, 924330, 0, 0, 0
34900, 922904, 0, 0, 0
35000, 928109, 0, 0, 0
35100, 913489, 0, 0, 0
35200, 919156, 0, 0, 0
35300, 930801, 0, 0, 0
35400, 923914, 0, 0, 0
35500, 929052, 0, 0, 0
35600, 908997, 0, 0, 0
35700, 898651, 0, 0, 0
35800, 895139, 0, 0, 0
35900, 911418, 0, 0, 0
36000, 915240, 0, 0, 0
36100, 918964, 0, 0, 0
36200, 907960, 0, 0, 0
36300, 891544, 0, 0, 0
36400, 915555, 0, 0, 0
36500, 927381, 0, 0, 0
36600, 906834, 0, 0, 0
36700, 922248, 0, 0, 0
36800, 867053, 0, 0, 0
36900, 840051, 0, 0, 0
37000, 850634, 0, 0, 0
37100, 870230, 0, 0, 0
37200, 846867, 0, 0, 0
37300, 851948, 0, 0, 0
37400, 866698, 0, 0, 0
37500, 864631, 0, 0, 0
37600, 855797, 0, 0, 0
37700, 889444, 0, 0, 0
37800, 916772, 0, 0, 0
37900, 922351, 0, 0, 0
38000, 930380, 0, 0, 0
38100, 922042, 0, 0, 0
38200, 897757, 0, 0, 0
38300, 893605, 0, 0, 0
38400, 902281, 0, 0, 0
38500, 934429, 0, 0, 0
38600, 939958, 0, 0, 0
38700, 877164, 0, 0, 0
38800, 888098, 0, 0, 0
38900, 927201, 0, 0, 0
39000, 919730, 0, 0, 0
39100, 945363, 0, 0, 0
39200, 882810, 0, 0, 0
39300, 884869, 0, 0, 0
39400, 922100, 0, 0, 0
39500, 930399, 0, 0, 0
39600, 911096, 0, 0, 0
39700, 940966, 0, 0, 0
39800, 952431, 0, 0, 0
39900, 921852, 0, 0, 0
40000, 898823, 0, 0, 0
40100, 881573, 0, 0, 0
40200, 902637, 0, 0, 0
40300, 924966, 0, 0, 0
40400, 929079, 0, 0, 0
40500, 930964, 0, 0, 0
40600, 912198, 0, 0, 0
40700, 917335, 0, 0, 0
40800, 934683, 0, 0, 0
40900, 936946, 0, 0, 0
41000, 913949, 0, 0, 0
41100, 933593, 0, 0, 0
41200, 917307, 0, 0, 0
41300, 944019, 0, 0, 0
41400, 951294, 0, 0, 0
41500, 948529, 0, 0, 0
41600, 960250, 0, 0, 0
41700, 953699, 0, 0, 0
41800, 925402, 0, 0, 0
41900, 948716, 0, 0, 0
42000, 925176, 0, 0, 0
42100, 968453, 0, 0, 0
42200, 935346, 0, 0, 0
42300, 944849, 0, 0, 0
42400, 950216, 0, 0, 0
42500, 922190, 0, 0, 0
42600, 903454, 0, 0, 0
42700, 954328, 0, 0, 0
42800, 944499, 0, 0, 0
42900, 969859, 0, 0, 0
43000, 936828, 0, 0, 0
43100, 933994, 0, 0, 0
43200, 947207, 0, 0, 0
43300, 944740, 0, 0, 0
43400, 907445, 0, 0, 0
43500, 905096, 0, 0, 0
43600, 900345, 0, 0, 0
43700, 869814, 0, 0, 0
43800, 890559, 0, 0, 0
43900, 924146, 0, 0, 0
44000, 942586, 0, 0, 0
44100, 897866, 0, 0, 0
44200, 941754, 0, 0, 0
44300, 937492, 0, 0, 0
44400, 957267, 0, 0, 0
44500, 946820, 0, 0, 0
44600, 915447, 0, 0, 0
44700, 944108, 0, 0, 0
44800, 950290, 0, 0, 0
44900, 935482, 0, 0, 0
45000, 938423, 0, 0, 0
45100, 923885, 0, 0, 0
45200, 930097, 0, 0, 0
45300, 950199, 0, 0, 0
45400, 936014, 0, 0, 0
45500, 932988, 0, 0, 0
45600, 924064, 0, 0, 0
45700, 935447, 0, 0, 0
45800, 944882, 0, 0, 0
45900, 946710, 0, 0, 0
46000, 945481, 0, 0, 0
46100, 932799, 0, 0, 0
46200, 926405, 0, 0, 0
46300, 915055, 0, 0, 0
46400, 900664, 0, 0, 0
46500, 908537, 0, 0, 0
46600, 911302, 0, 0, 0
46700, 932623, 0, 0, 0
46800, 952406, 0, 0, 0
46900, 935068, 0, 0, 0
47000, 936046, 0, 0, 0
47100, 954288, 0, 0, 0
47200, 933199, 0, 0, 0
47300, 941917, 0, 0, 0
47400, 916664, 0, 0, 0
47500, 886389, 0, 0, 0
47600, 874345, 0, 0, 0
47700, 881817, 0, 0, 0
47800, 893904, 0, 0, 0
47900, 924722, 0, 0, 0
48000, 967048, 0, 0, 0
48100, 935766, 0, 0, 0
48200, 929696, 0, 0, 0
48300, 927218, 0, 0, 0
48400, 910567, 0, 0, 0
48500, 913411, 0, 0, 0
48600, 921470, 0, 0, 0
48700, 921022, 0, 0, 0
48800, 925522, 0, 0, 0
48900, 928238, 0, 0, 0
49000, 934784, 0, 0, 0
49100, 939765, 0, 0, 0
49200, 911845, 0, 0, 0
49300, 882210, 0, 0, 0
49400, 888792, 0, 0, 0
49500, 886185, 0, 0, 0
49600, 953315, 0, 0, 0
49700, 959408, 0, 0, 0
49800, 944349, 0, 0, 0
49900, 938552, 0, 0, 0
50000, 922305, 0, 0, 0
50100, 920277, 0, 0, 0
50200, 949254, 0, 0, 0
50300, 937678, 0, 0, 0
50400, 930682, 0, 0, 0
50500, 919769, 0, 0, 0
50600, 948606, 0, 0, 0
50700, 991076, 0, 0, 0
50800, 965427, 0, 0, 0
50900, 949149, 0, 0, 0
51000, 960845, 0, 0, 0
51100, 895109, 0, 0, 0
51200, 893165, 0, 0, 0
51300, 928817, 0, 0, 0
51400, 929996, 0, 0, 0
51500, 923184, 0, 0, 0
51600, 937550, 0, 0, 0
51700, 942928, 0, 0, 0
51800, 926075, 0, 0, 0
51900, 944640, 0, 0, 0
52000, 893800, 0, 0, 0
52100, 910118, 0, 0, 0
52200, 920053, 0, 0, 0
52300, 916353, 0, 0, 0
52400, 862592, 0, 0, 0
52500, 885070, 0, 0, 0
52600, 883137, 0, 0, 0
52700, 902532, 0, 0, 0
52800, 906553, 0, 0, 0
52900, 949251, 0, 0, 0
53000, 941712, 0, 0, 0
53100, 934004, 0, 0, 0
53200, 934677, 0, 0, 0
53300, 940223, 0, 0, 0
53400, 884869, 0, 0, 0
53500, 882351, 0, 0, 0
53600, 891314, 0, 0, 0
53700, 892021, 0, 0, 0
53800, 877649, 0, 0, 0
53900, 870432, 0, 0, 0
54000, 893675, 0, 0, 0
54100, 876246, 0, 0, 0
54200, 914661, 0, 0, 0
54300, 896772, 0, 0, 0
54400, 909483, 0, 0, 0
54500, 913240, 0, 0, 0
54600, 952273, 0, 0, 0
54700, 941944, 0, 0, 0
54800, 933735, 0, 0, 0
54900, 932168, 0, 0, 0
55000, 942569, 0, 0, 0
55100, 938284, 0, 0, 0
55200, 939169, 0, 0, 0
55300, 939998, 0, 0, 0
55400, 935528, 0, 0, 0
55500, 918200, 0, 0, 0
55600, 932489, 0, 0, 0
55700, 927229, 0, 0, 0
55800, 947676, 0, 0, 0
55900, 914934, 0, 0, 0
56000, 888360, 0, 0, 0
56100, 946487, 0, 0, 0
56200, 948656, 0, 0, 0
56300, 927061, 0, 0, 0
56400, 896264, 0, 0, 0
56500, 907134, 0, 0, 0
56600, 916349, 0, 0, 0
56700, 932320, 0, 0, 0
56800, 971883, 0, 0, 0
56900, 920558, 0, 0, 0
57000, 903877, 0, 0, 0
57100, 863969, 0, 0, 0
57200, 866189, 0, 0, 0
57300, 882968, 0, 0, 0
57400, 930079, 0, 0, 0
57500, 920664, 0, 0, 0
57600, 945779, 0, 0, 0
57700, 912255, 0, 0, 0
57800, 955145, 0, 0, 0
57900, 930769, 0, 0, 0
58000, 936861, 0, 0, 0
58100, 928244, 0, 0, 0
58200, 946091, 0, 0, 0
58300, 970083, 0, 0, 0
58400, 990688, 0, 0, 0
58500, 943784, 0, 0, 0
58600, 941736, 0, 0, 0
58700, 949122, 0, 0, 0
58800, 945305, 0, 0, 0
58900, 932943, 0, 0, 0
59000, 888176, 0, 0, 0
59100, 955316, 0, 0, 0
59200, 941786, 0, 0, 0
59300, 906161, 0, 0, 0
59400, 923034, 0, 0, 0
59500, 949394, 0, 0, 0
59600, 955233, 0, 0, 0
59700, 940027, 0, 0, 0
59800, 953728, 0, 0, 0
59900, 922613, 0, 0, 0
60000, 921011, 0, 0, 0
60100, 884054, 0, 0, 0
60200, 945782, 0, 0, 0
60300, 918180, 0, 0, 0
60400, 912199, 0, 0, 0
60500, 926849, 0, 0, 0
60600, 925032, 0, 0, 0
60700, 946541, 0, 0, 0
60800, 927646, 0, 0, 0
60900, 943004, 0, 0, 0
61000, 919544, 0, 0, 0
61100, 936732, 0, 0, 0
61200, 957552, 0, 0, 0
61300, 954088, 0, 0, 0
61401, 926258, 0, 0, 0
61500, 902988, 0, 0, 0
61600, 889807, 0, 0, 0
61700, 904930, 0, 0, 0
61800, 939580, 0, 0, 0
61900, 940492, 0, 0, 0
62000, 933016, 0, 0, 0
62100, 948872, 0, 0, 0
62200, 925711, 0, 0, 0
62300, 865753, 0, 0, 0
62400, 900032, 0, 0, 0
62500, 907501, 0, 0, 0
62600, 927677, 0, 0, 0
62700, 940388, 0, 0, 0
62800, 921975, 0, 0, 0
62900, 917730, 0, 0, 0
63000, 903744, 0, 0, 0
63100, 956283, 0, 0, 0
63200, 949145, 0, 0, 0
63300, 885029, 0, 0, 0
63400, 911680, 0, 0, 0
63500, 921249, 0, 0, 0
63600, 901534, 0, 0, 0
63700, 933471, 0, 0, 0
63800, 964542, 0, 0, 0
63900, 944999, 0, 0, 0
64000, 954651, 0, 0, 0
64100, 927094, 0, 0, 0
64200, 914957, 0, 0, 0
64300, 943811, 0, 0, 0
64400, 932267, 0, 0, 0
64500, 936268, 0, 0, 0
64600, 931009, 0, 0, 0
64700, 910743, 0, 0, 0
64800, 948572, 0, 0, 0
64900, 942513, 0, 0, 0
65000, 923793, 0, 0, 0
65100, 892517, 0, 0, 0
65200, 873579, 0, 0, 0
65300, 892740, 0, 0, 0
65400, 934942, 0, 0, 0
65500, 913000, 0, 0, 0
65600, 921718, 0, 0, 0
65700, 916731, 0, 0, 0
65800, 927874, 0, 0, 0
65900, 931467, 0, 0, 0
66000, 923981, 0, 0, 0
66100, 922445, 0, 0, 0
66200, 893499, 0, 0, 0
66300, 901092, 0, 0, 0
66400, 881164, 0, 0, 0
66500, 911138, 0, 0, 0
66600, 888798, 0, 0, 0
66700, 897378, 0, 0, 0
66800, 931631, 0, 0, 0
66900, 896782, 0, 0, 0
67000, 896180, 0, 0, 0
67100, 882228, 0, 0, 0
67200, 881992, 0, 0, 0
67300, 948442, 0, 0, 0
67400, 933537, 0, 0, 0
67500, 931996, 0, 0, 0
67600, 923128, 0, 0, 0
67700, 922304, 0, 0, 0
67800, 910353, 0, 0, 0
67900, 945427, 0, 0, 0
68000, 948519, 0, 0, 0
68100, 961815, 0, 0, 0
68200, 952545, 0, 0, 0
68300, 931140, 0, 0, 0
68400, 878793, 0, 0, 0
68500, 902190, 0, 0, 0
68600, 938567, 0, 0, 0
68700, 882102, 0, 0, 0
68800, 864071, 0, 0, 0
68900, 891407, 0, 0, 0
69000, 871164, 0, 0, 0
69100, 873852, 0, 0, 0
69200, 895922, 0, 0, 0
69300, 935998, 0, 0, 0
69400, 934477, 0, 0, 0
69500, 898169, 0, 0, 0
69600, 923738, 0, 0, 0
69700, 905145, 0, 0, 0
69800, 921201, 0, 0, 0
69900, 918495, 0, 0, 0
70000, 878851, 0, 0, 0
70100, 874206, 0, 0, 0
70200, 882865, 0, 0, 0
70300, 887960, 0, 0, 0
70400, 895417, 0, 0, 0
70500, 924377, 0, 0, 0
70600, 925875, 0, 0, 0
70700, 933093, 0, 0, 0
70800, 936706, 0, 0, 0
70900, 938972, 0, 0, 0
71000, 909062, 0, 0, 0
71100, 912996, 0, 0, 0
71200, 941197, 0, 0, 0
71300, 910622, 0, 0, 0
71400, 939057, 0, 0, 0
71500, 964455, 0, 0, 0
71600, 947217, 0, 0, 0
71700, 942758, 0, 0, 0
71800, 909332, 0, 0, 0
71900, 937785, 0, 0, 0
72000, 924134, 0, 0, 0
72100, 945217, 0, 0, 0
72200, 953847, 0, 0, 0
72300, 902279, 0, 0, 0
72400, 912958, 0, 0, 0
72500, 880211, 0, 0, 0
72600, 876359, 0, 0, 0
72700, 921505, 0, 0, 0
72800, 934924, 0, 0, 0
72900, 927599, 0, 0, 0
73000, 946387, 0, 0, 0
73100, 924175, 0, 0, 0
73200, 929172, 0, 0, 0
73300, 898720, 0, 0, 0
73400, 929106, 0, 0, 0
73500, 949845, 0, 0, 0
73600, 945417, 0, 0, 0
73700, 929978, 0, 0, 0
73800, 917019, 0, 0, 0
73900, 916753, 0, 0, 0
74000, 874276, 0, 0, 0
74100, 935957, 0, 0, 0
74200, 904731, 0, 0, 0
74300, 929020, 0, 0, 0
74400, 929432, 0, 0, 0
74500, 944709, 0, 0, 0
74600, 940128, 0, 0, 0
74700, 940119, 0, 0, 0
74800, 905520, 0, 0, 0
74900, 906888, 0, 0, 0
75000, 928137, 0, 0, 0
75100, 941419, 0, 0, 0
75200, 930990, 0, 0, 0
75300, 934743, 0, 0, 0
75400, 885578, 0, 0, 0
75500, 876769, 0, 0, 0
75600, 913980, 0, 0, 0
75700, 945533, 0, 0, 0
75800, 897700, 0, 0, 0
75900, 857055, 0, 0, 0
76000, 874543, 0, 0, 0
76100, 866418, 0, 0, 0
76200, 901576, 0, 0, 0
76300, 882843, 0, 0, 0
76400, 896527, 0, 0, 0
76500, 892527, 0, 0, 0
76600, 875798, 0, 0, 0
76700, 887727, 0, 0, 0
76800, 923392, 0, 0, 0
76900, 911247, 0, 0, 0
77000, 913927, 0, 0, 0
77100, 927851, 0, 0, 0
77200, 917171, 0, 0, 0
77300, 916104, 0, 0, 0
77400, 923491, 0, 0, 0
77500, 908520, 0, 0, 0
77600, 868716, 0, 0, 0
77700, 895520, 0, 0, 0
77800, 911625, 0, 0, 0
77900, 947369, 0, 0, 0
78000, 949273, 0, 0, 0
78100, 903759, 0, 0, 0
78200, 931844, 0, 0, 0
78300, 868263, 0, 0, 0
78400, 892538, 0, 0, 0
78500, 908404, 0, 0, 0
78600, 916813, 0, 0, 0
78700, 943602, 0, 0, 0
78800, 926593, 0, 0, 0
78900, 920167, 0, 0, 0
79000, 912818, 0, 0, 0
79100, 891883, 0, 0, 0
79200, 933502, 0, 0, 0
79300, 915991, 0, 0, 0
79400, 948936, 0, 0, 0
79500, 944610, 0, 0, 0
79600, 911359, 0, 0, 0
79700, 929674, 0, 0, 0
79800, 929671, 0, 0, 0
79900, 929029, 0, 0, 0
80000, 937652, 0, 0, 0
80100, 922193, 0, 0, 0
80200, 900836, 0, 0, 0
80300, 901574, 0, 0, 0
80400, 906201, 0, 0, 0
80500, 865162, 0, 0, 0
80600, 919206, 0, 0, 0
80700, 929020, 0, 0, 0
80800, 939378, 0, 0, 0
80900, 925290, 0, 0, 0
81000, 922383, 0, 0, 0
81100, 925407, 0, 0, 0
81200, 915877, 0, 0, 0
81300, 936818, 0, 0, 0
81400, 918227, 0, 0, 0
81500, 926430, 0, 0, 0
81600, 923908, 0, 0, 0
81700, 893014, 0, 0, 0
81800, 897590, 0, 0, 0
81900, 908808, 0, 0, 0
82000, 888291, 0, 0, 0
82100, 864179, 0, 0, 0
82200, 860888, 0, 0, 0
82300, 857715, 0, 0, 0
82400, 857792, 0, 0, 0
82500, 867346, 0, 0, 0
82600, 860107, 0, 0, 0
82700, 882191, 0, 0, 0
82800, 909077, 0, 0, 0
82900, 915225, 0, 0, 0
83000, 941407, 0, 0, 0
83100, 935023, 0, 0, 0
83200, 944360, 0, 0, 0
83300, 921691, 0, 0, 0
83400, 906182, 0, 0, 0
83500, 945130, 0, 0, 0
83600, 901469, 0, 0, 0
83700, 912573, 0, 0, 0
83800, 878984, 0, 0, 0
83900, 857986, 0, 0, 0
84000, 873876, 0, 0, 0
84100, 902733, 0, 0, 0
84200, 902299, 0, 0, 0
84300, 913023, 0, 0, 0
84400, 973338, 0, 0, 0
84500, 944333, 0, 0, 0
84600, 896212, 0, 0, 0
84700, 942087, 0, 0, 0
84800, 903903, 0, 0, 0
84900, 871287, 0, 0, 0
85000, 883253, 0, 0, 0
85100, 936013, 0, 0, 0
85200, 926385, 0, 0, 0
85300, 943994, 0, 0, 0
85400, 897871, 0, 0, 0
85500, 909302, 0, 0, 0
85600, 912876, 0, 0, 0
85700, 896085, 0, 0, 0
85800, 900891, 0, 0, 0
85900, 900887, 0, 0, 0
86000, 884290, 0, 0, 0
86100, 875387, 0, 0, 0
86200, 866143, 0, 0, 0
86300, 896256, 0, 0, 0
86400, 901591, 0, 0, 0
86500, 917730, 0, 0, 0
86600, 912026, 0, 0, 0
86700, 947826, 0, 0, 0
86800, 918664, 0, 0, 0
86900, 934413, 0, 0, 0
87000, 897878, 0, 0, 0
87100, 911615, 0, 0, 0
87200, 912877, 0, 0, 0
87300, 913116, 0, 0, 0
87400, 902548, 0, 0, 0
87500, 909623, 0, 0, 0
87600, 921002, 0, 0, 0
87700, 928027, 0, 0, 0
87800, 933796, 0, 0, 0
87900, 901701, 0, 0, 0
88000, 918363, 0, 0, 0
88100, 884953, 0, 0, 0
88200, 903010, 0, 0, 0
88300, 920544, 0, 0, 0
88400, 902269, 0, 0, 0
88500, 905598, 0, 0, 0
88600, 905063, 0, 0, 0
88700, 920710, 0, 0, 0
88800, 917590, 0, 0, 0
88900, 911324, 0, 0, 0
89000, 889647, 0, 0, 0
89100, 874319, 0, 0, 0
89200, 866314, 0, 0, 0
89300, 894652, 0, 0, 0
89400, 903717, 0, 0, 0
89500, 915756, 0, 0, 0
89600, 929143, 0, 0, 0
89700, 923137, 0, 0, 0
89800, 875764, 0, 0, 0
89900, 871199, 0, 0, 0
90000, 852810, 0, 0, 0
90000, 868987, 0, 0, 0
