250, 14656, 0, 0, 0
250, 6336, 1, 0, 0
350, 12960, 0, 0, 0
350, 6240, 1, 0, 0
450, 14880, 0, 0, 0
450, 6400, 1, 0, 0
550, 15360, 0, 0, 0
550, 5920, 1, 0, 0
650, 13440, 0, 0, 0
650, 6720, 1, 0, 0
749, 13898, 0, 0, 0
749, 6303, 1, 0, 0
849, 14880, 0, 0, 0
849, 6400, 1, 0, 0
949, 16320, 0, 0, 0
949, 5920, 1, 0, 0
1049, 15040, 0, 0, 0
1049, 6240, 1, 0, 0
1149, 14720, 0, 0, 0
1149, 6240, 1, 0, 0
1249, 16800, 0, 0, 0
1249, 5600, 1, 0, 0
1349, 18400, 0, 0, 0
1349, 5280, 1, 0, 0
1449, 14720, 0, 0, 0
1449, 6240, 1, 0, 0
1549, 15200, 0, 0, 0
1549, 6080, 1, 0, 0
1649, 13440, 0, 0, 0
1649, 6560, 1, 0, 0
1749, 15040, 0, 0, 0
1749, 5920, 1, 0, 0
1849, 13280, 0, 0, 0
1849, 7200, 1, 0, 0
1949, 13760, 0, 0, 0
1949, 6560, 1, 0, 0
2049, 12960, 0, 0, 0
2049, 7040, 1, 0, 0
2149, 9600, 0, 0, 0
2149, 8640, 1, 0, 0
2249, 14400, 0, 0, 0
2249, 6880, 1, 0, 0
2349, 16800, 0, 0, 0
2349, 5440, 1, 0, 0
2449, 14400, 0, 0, 0
2449, 6880, 1, 0, 0
2549, 13440, 0, 0, 0
2549, 7360, 1, 0, 0
2649, 15520, 0, 0, 0
2649, 6240, 1, 0, 0
2750, 14560, 0, 0, 0
2750, 6720, 1, 0, 0
2850, 14240, 0, 0, 0
2850, 6880, 1, 0, 0
2950, 12480, 0, 0, 0
2950, 7840, 1, 0, 0
3050, 15360, 0, 0, 0
3050, 6240, 1, 0, 0
3150, 16000, 0, 0, 0
3150, 6080, 1, 0, 0
3249, 17616, 0, 0, 0
3249, 5494, 1, 0, 0
3349, 14720, 0, 0, 0
3349, 6880, 1, 0, 0
3449, 16800, 0, 0, 0
3449, 5920, 1, 0, 0
3549, 16160, 0, 0, 0
3549, 6240, 1, 0, 0
3649, 15200, 0, 0, 0
3649, 6720, 1, 0, 0
3749, 14080, 0, 0, 0
3749, 6720, 1, 0, 0
3849, 18240, 0, 0, 0
3849, 5120, 1, 0, 0
3949, 12640, 0, 0, 0
3949, 7360, 1, 0, 0
4049, 13760, 0, 0, 0
4049, 6560, 1, 0, 0
4149, 12000, 0, 0, 0
4149, 7520, 1, 0, 0
4249, 15200, 0, 0, 0
4249, 6560, 1, 0, 0
4349, 15840, 0, 0, 0
4349, 5920, 1, 0, 0
4449, 14400, 0, 0, 0
4449, 6560, 1, 0, 0
4549, 15040, 0, 0, 0
4549, 6240, 1, 0, 0
4649, 15680, 0, 0, 0
4649, 5920, 1, 0, 0
4749, 13440, 0, 0, 0
4749, 7200, 1, 0, 0
4849, 15040, 0, 0, 0
4849, 6560, 1, 0, 0
4949, 14880, 0, 0, 0
4949, 6240, 1, 0, 0
5049, 15520, 0, 0, 0
5049, 6240, 1, 0, 0
5150, 14240, 0, 0, 0
5150, 6720, 1, 0, 0
5250, 16640, 0, 0, 0
5250, 5600, 1, 0, 0
5350, 15360, 0, 0, 0
5350, 6080, 1, 0, 0
5450, 13760, 0, 0, 0
5450, 6720, 1, 0, 0
5550, 16800, 0, 0, 0
5550, 5920, 1, 0, 0
5650, 13920, 0, 0, 0
5650, 7040, 1, 0, 0
5749, 15515, 0, 0, 0
5749, 6626, 1, 0, 0
5849, 14720, 0, 0, 0
5849, 6880, 1, 0, 0
5949, 13760, 0, 0, 0
5949, 6720, 1, 0, 0
6049, 15040, 0, 0, 0
6049, 6080, 1, 0, 0
6149, 12640, 0, 0, 0
6149, 7040, 1, 0, 0
6249, 14720, 0, 0, 0
6249, 6560, 1, 0, 0
6349, 16320, 0, 0, 0
6349, 5760, 1, 0, 0
6449, 15040, 0, 0, 0
6449, 6240, 1, 0, 0
6549, 13440, 0, 0, 0
6549, 7200, 1, 0, 0
6649, 14880, 0, 0, 0
6649, 6240, 1, 0, 0
6749, 16640, 0, 0, 0
6749, 6400, 1, 0, 0
6849, 14560, 0, 0, 0
6849, 6560, 1, 0, 0
6949, 14400, 0, 0, 0
6949, 6240, 1, 0, 0
7049, 16000, 0, 0, 0
7049, 5920, 1, 0, 0
7149, 15040, 0, 0, 0
7149, 6240, 1, 0, 0
7249, 13920, 0, 0, 0
7249, 6400, 1, 0, 0
7349, 15360, 0, 0, 0
7349, 6080, 1, 0, 0
7449, 18080, 0, 0, 0
7449, 5600, 1, 0, 0
7549, 15360, 0, 0, 0
7549, 6240, 1, 0, 0
7650, 14720, 0, 0, 0
7650, 6880, 1, 0, 0
7749, 15030, 0, 0, 0
7749, 6141, 1, 0, 0
7849, 15040, 0, 0, 0
7849, 6880, 1, 0, 0
7949, 14560, 0, 0, 0
7949, 6240, 1, 0, 0
8049, 16640, 0, 0, 0
8049, 5120, 1, 0, 0
8149, 13280, 0, 0, 0
8149, 6880, 1, 0, 0
8249, 13920, 0, 0, 0
8249, 7040, 1, 0, 0
8349, 13760, 0, 0, 0
8349, 6880, 1, 0, 0
8449, 13280, 0, 0, 0
8449, 7360, 1, 0, 0
8549, 15520, 0, 0, 0
8549, 6240, 1, 0, 0
8649, 13920, 0, 0, 0
8649, 6880, 1, 0, 0
8749, 15840, 0, 0, 0
8749, 5760, 1, 0, 0
8849, 13120, 0, 0, 0
8849, 7360, 1, 0, 0
8949, 16320, 0, 0, 0
8949, 6080, 1, 0, 0
9049, 16320, 0, 0, 0
9049, 5760, 1, 0, 0
9149, 15520, 0, 0, 0
9149, 5920, 1, 0, 0
9249, 13440, 0, 0, 0
9249, 7040, 1, 0, 0
9349, 14560, 0, 0, 0
9349, 6400, 1, 0, 0
9449, 14240, 0, 0, 0
9449, 6560, 1, 0, 0
9549, 12960, 0, 0, 0
9549, 7040, 1, 0, 0
9649, 15360, 0, 0, 0
9649, 6720, 1, 0, 0
9749, 17280, 0, 0, 0
9749, 5600, 1, 0, 0
9849, 14720, 0, 0, 0
9849, 6560, 1, 0, 0
9949, 14880, 0, 0, 0
9949, 6080, 1, 0, 0
10049, 15040, 0, 0, 0
10049, 5760, 1, 0, 0
10149, 12640, 0, 0, 0
10149, 7200, 1, 0, 0
10250, 12480, 0, 0, 0
10250, 7360, 1, 0, 0
10350, 16480, 0, 0, 0
10350, 5760, 1, 0, 0
10450, 16480, 0, 0, 0
10450, 6080, 1, 0, 0
10550, 13440, 0, 0, 0
10550, 5760, 1, 0, 0
10650, 13760, 0, 0, 0
10650, 6560, 1, 0, 0
10749, 14383, 0, 0, 0
10749, 6303, 1, 0, 0
10849, 15360, 0, 0, 0
10849, 6080, 1, 0, 0
10949, 15680, 0, 0, 0
10949, 5760, 1, 0, 0
11049, 16800, 0, 0, 0
11049, 5600, 1, 0, 0
11149, 16800, 0, 0, 0
11149, 5280, 1, 0, 0
11249, 15040, 0, 0, 0
11249, 6240, 1, 0, 0
11349, 16000, 0, 0, 0
11349, 5920, 1, 0, 0
11449, 16160, 0, 0, 0
11449, 6560, 1, 0, 0
11549, 15040, 0, 0, 0
11549, 6720, 1, 0, 0
11649, 14720, 0, 0, 0
11649, 7040, 1, 0, 0
11749, 18080, 0, 0, 0
11749, 5440, 1, 0, 0
11849, 17600, 0, 0, 0
11849, 5760, 1, 0, 0
11949, 16000, 0, 0, 0
11949, 6240, 1, 0, 0
12049, 13760, 0, 0, 0
12049, 7200, 1, 0, 0
12149, 16320, 0, 0, 0
12149, 5760, 1, 0, 0
12249, 14880, 0, 0, 0
12249, 6240, 1, 0, 0
12349, 15200, 0, 0, 0
12349, 6560, 1, 0, 0
12449, 14080, 0, 0, 0
12449, 7040, 1, 0, 0
12549, 15680, 0, 0, 0
12549, 6560, 1, 0, 0
12649, 16000, 0, 0, 0
12649, 6240, 1, 0, 0
12750, 14880, 0, 0, 0
12750, 6080, 1, 0, 0
12850, 15680, 0, 0, 0
12850, 5920, 1, 0, 0
12950, 12640, 0, 0, 0
12950, 7200, 1, 0, 0
13050, 13440, 0, 0, 0
13050, 6560, 1, 0, 0
13150, 14080, 0, 0, 0
13150, 6880, 1, 0, 0
13249, 14060, 0, 0, 0
13249, 6303, 1, 0, 0
13349, 16160, 0, 0, 0
13349, 5920, 1, 0, 0
13449, 16640, 0, 0, 0
13449, 5920, 1, 0, 0
13549, 13760, 0, 0, 0
13549, 6720, 1, 0, 0
13649, 17920, 0, 0, 0
13649, 5280, 1, 0, 0
13749, 14720, 0, 0, 0
13749, 6880, 1, 0, 0
13849, 15200, 0, 0, 0
13849, 6240, 1, 0, 0
13949, 16480, 0, 0, 0
13949, 5600, 1, 0, 0
14049, 16000, 0, 0, 0
14049, 5920, 1, 0, 0
14149, 11520, 0, 0, 0
14149, 7840, 1, 0, 0
14249, 14240, 0, 0, 0
14249, 6400, 1, 0, 0
14349, 14240, 0, 0, 0
14349, 6880, 1, 0, 0
14449, 15040, 0, 0, 0
14449, 6560, 1, 0, 0
14549, 14880, 0, 0, 0
14549, 6240, 1, 0, 0
14649, 15040, 0, 0, 0
14649, 6720, 1, 0, 0
14749, 14080, 0, 0, 0
14749, 7040, 1, 0, 0
14849, 12320, 0, 0, 0
14849, 7680, 1, 0, 0
14949, 14720, 0, 0, 0
14949, 6400, 1, 0, 0
15049, 12640, 0, 0, 0
15049, 7360, 1, 0, 0
15149, 15520, 0, 0, 0
15149, 6240, 1, 0, 0
15250, 13120, 0, 0, 0
15250, 7200, 1, 0, 0
15350, 13760, 0, 0, 0
15350, 6720, 1, 0, 0
15450, 15840, 0, 0, 0
15450, 6080, 1, 0, 0
15550, 13440, 0, 0, 0
15550, 7040, 1, 0, 0
15650, 14720, 0, 0, 0
15650, 6560, 1, 0, 0
15749, 16323, 0, 0, 0
15749, 5494, 1, 0, 0
15849, 16160, 0, 0, 0
15849, 6240, 1, 0, 0
15949, 12160, 0, 0, 0
15949, 7040, 1, 0, 0
16049, 14880, 0, 0, 0
16049, 6400, 1, 0, 0
16149, 15680, 0, 0, 0
16149, 6400, 1, 0, 0
16249, 17280, 0, 0, 0
16249, 5280, 1, 0, 0
16349, 16800, 0, 0, 0
16349, 5920, 1, 0, 0
16449, 14240, 0, 0, 0
16449, 6880, 1, 0, 0
16549, 14240, 0, 0, 0
16549, 7040, 1, 0, 0
16649, 13600, 0, 0, 0
16649, 6720, 1, 0, 0
16749, 14400, 0, 0, 0
16749, 6880, 1, 0, 0
16849, 13440, 0, 0, 0
16849, 7680, 1, 0, 0
16949, 16000, 0, 0, 0
16949, 6080, 1, 0, 0
17049, 13920, 0, 0, 0
17049, 6720, 1, 0, 0
17149, 16480, 0, 0, 0
17149, 6560, 1, 0, 0
17249, 14240, 0, 0, 0
17249, 6560, 1, 0, 0
17349, 17280, 0, 0, 0
17349, 5600, 1, 0, 0
17449, 14240, 0, 0, 0
17449, 6400, 1, 0, 0
17549, 16160, 0, 0, 0
17549, 6400, 1, 0, 0
17649, 15360, 0, 0, 0
17649, 6400, 1, 0, 0
17749, 13760, 0, 0, 0
17749, 6720, 1, 0, 0
17850, 19200, 0, 0, 0
17850, 4960, 1, 0, 0
17950, 17440, 0, 0, 0
17950, 5760, 1, 0, 0
18050, 13920, 0, 0, 0
18050, 7200, 1, 0, 0
18150, 14240, 0, 0, 0
18150, 7040, 1, 0, 0
18249, 14545, 0, 0, 0
18249, 6949, 1, 0, 0
18349, 14400, 0, 0, 0
18349, 6720, 1, 0, 0
18449, 15360, 0, 0, 0
18449, 6240, 1, 0, 0
18549, 15680, 0, 0, 0
18549, 6080, 1, 0, 0
18649, 14080, 0, 0, 0
18649, 6720, 1, 0, 0
18749, 14880, 0, 0, 0
18749, 6560, 1, 0, 0
18849, 14560, 0, 0, 0
18849, 6400, 1, 0, 0
18949, 12640, 0, 0, 0
18949, 7360, 1, 0, 0
19049, 14080, 0, 0, 0
19049, 6880, 1, 0, 0
19149, 14880, 0, 0, 0
19149, 6240, 1, 0, 0
19249, 15040, 0, 0, 0
19249, 6400, 1, 0, 0
19349, 16960, 0, 0, 0
19349, 5920, 1, 0, 0
19449, 14880, 0, 0, 0
19449, 5600, 1, 0, 0
19549, 14880, 0, 0, 0
19549, 6720, 1, 0, 0
19649, 17280, 0, 0, 0
19649, 5440, 1, 0, 0
19749, 15680, 0, 0, 0
19749, 5760, 1, 0, 0
19849, 15680, 0, 0, 0
19849, 6240, 1, 0, 0
19949, 14880, 0, 0, 0
19949, 6560, 1, 0, 0
20049, 14240, 0, 0, 0
20049, 6880, 1, 0, 0
20149, 15040, 0, 0, 0
20149, 6240, 1, 0, 0
20249, 16160, 0, 0, 0
20249, 6400, 1, 0, 0
20349, 16480, 0, 0, 0
20349, 5920, 1, 0, 0
20449, 14400, 0, 0, 0
20449, 6880, 1, 0, 0
20550, 13760, 0, 0, 0
20550, 7040, 1, 0, 0
20650, 15360, 0, 0, 0
20650, 6080, 1, 0, 0
20749, 16323, 0, 0, 0
20749, 5656, 1, 0, 0
20849, 14720, 0, 0, 0
20849, 5760, 1, 0, 0
20949, 14880, 0, 0, 0
20949, 6400, 1, 0, 0
21049, 14400, 0, 0, 0
21049, 6240, 1, 0, 0
21149, 14880, 0, 0, 0
21149, 6400, 1, 0, 0
21249, 12320, 0, 0, 0
21249, 7200, 1, 0, 0
21349, 14400, 0, 0, 0
21349, 7200, 1, 0, 0
21449, 14400, 0, 0, 0
21449, 6400, 1, 0, 0
21549, 14560, 0, 0, 0
21549, 6880, 1, 0, 0
21649, 16000, 0, 0, 0
21649, 6400, 1, 0, 0
21749, 13440, 0, 0, 0
21749, 7040, 1, 0, 0
21849, 15520, 0, 0, 0
21849, 6080, 1, 0, 0
21949, 15040, 0, 0, 0
21949, 6560, 1, 0, 0
22049, 14080, 0, 0, 0
22049, 6400, 1, 0, 0
22149, 15680, 0, 0, 0
22149, 6080, 1, 0, 0
22249, 16320, 0, 0, 0
22249, 5760, 1, 0, 0
22349, 15040, 0, 0, 0
22349, 5920, 1, 0, 0
22449, 12160, 0, 0, 0
22449, 7520, 1, 0, 0
22549, 14880, 0, 0, 0
22549, 6240, 1, 0, 0
22649, 14400, 0, 0, 0
22649, 6560, 1, 0, 0
22749, 14080, 0, 0, 0
22749, 6400, 1, 0, 0
22849, 17280, 0, 0, 0
22849, 5120, 1, 0, 0
22949, 16320, 0, 0, 0
22949, 6080, 1, 0, 0
23050, 16960, 0, 0, 0
23050, 5280, 1, 0, 0
23150, 13440, 0, 0, 0
23150, 6720, 1, 0, 0
23249, 15515, 0, 0, 0
23249, 5979, 1, 0, 0
23349, 16320, 0, 0, 0
23349, 5760, 1, 0, 0
23449, 13440, 0, 0, 0
23449, 7040, 1, 0, 0
23549, 15360, 0, 0, 0
23549, 6400, 1, 0, 0
23649, 14720, 0, 0, 0
23649, 6400, 1, 0, 0
23749, 15840, 0, 0, 0
23749, 5440, 1, 0, 0
23849, 15040, 0, 0, 0
23849, 5920, 1, 0, 0
23949, 16000, 0, 0, 0
23949, 6080, 1, 0, 0
24049, 15040, 0, 0, 0
24049, 6400, 1, 0, 0
24149, 13920, 0, 0, 0
24149, 6080, 1, 0, 0
24249, 15840, 0, 0, 0
24249, 5920, 1, 0, 0
24349, 14080, 0, 0, 0
24349, 6240, 1, 0, 0
24449, 14240, 0, 0, 0
24449, 6560, 1, 0, 0
24549, 14080, 0, 0, 0
24549, 6240, 1, 0, 0
24649, 14400, 0, 0, 0
24649, 6560, 1, 0, 0
24749, 17440, 0, 0, 0
24749, 5600, 1, 0, 0
24849, 16320, 0, 0, 0
24849, 6240, 1, 0, 0
24949, 13760, 0, 0, 0
24949, 6560, 1, 0, 0
25049, 15360, 0, 0, 0
25049, 5920, 1, 0, 0
25149, 12000, 0, 0, 0
25149, 7040, 1, 0, 0
25249, 14400, 0, 0, 0
25249, 6400, 1, 0, 0
25349, 13600, 0, 0, 0
25349, 6880, 1, 0, 0
25449, 15040, 0, 0, 0
25449, 6400, 1, 0, 0
25550, 17120, 0, 0, 0
25550, 4960, 1, 0, 0
25650, 14080, 0, 0, 0
25650, 6400, 1, 0, 0
25749, 15838, 0, 0, 0
25749, 5979, 1, 0, 0
25849, 16000, 0, 0, 0
25849, 6080, 1, 0, 0
25949, 16320, 0, 0, 0
25949, 5920, 1, 0, 0
26049, 14400, 0, 0, 0
26049, 6400, 1, 0, 0
26149, 14720, 0, 0, 0
26149, 6400, 1, 0, 0
26249, 16800, 0, 0, 0
26249, 5440, 1, 0, 0
26349, 15680, 0, 0, 0
26349, 5920, 1, 0, 0
26449, 15680, 0, 0, 0
26449, 6240, 1, 0, 0
26549, 14560, 0, 0, 0
26549, 6240, 1, 0, 0
26649, 15200, 0, 0, 0
26649, 6400, 1, 0, 0
26749, 12960, 0, 0, 0
26749, 7200, 1, 0, 0
26849, 15040, 0, 0, 0
26849, 6400, 1, 0, 0
26949, 12960, 0, 0, 0
26949, 7200, 1, 0, 0
27049, 15840, 0, 0, 0
27049, 6240, 1, 0, 0
27149, 13920, 0, 0, 0
27149, 6400, 1, 0, 0
27249, 10400, 0, 0, 0
27249, 7840, 1, 0, 0
27349, 17760, 0, 0, 0
27349, 5280, 1, 0, 0
27449, 15040, 0, 0, 0
27449, 5920, 1, 0, 0
27549, 14240, 0, 0, 0
27549, 6560, 1, 0, 0
27649, 12800, 0, 0, 0
27649, 7360, 1, 0, 0
27749, 12000, 0, 0, 0
27749, 7680, 1, 0, 0
27849, 14240, 0, 0, 0
27849, 6720, 1, 0, 0
27949, 16640, 0, 0, 0
27949, 5280, 1, 0, 0
28049, 15680, 0, 0, 0
28049, 6400, 1, 0, 0
28149, 12000, 0, 0, 0
28149, 7040, 1, 0, 0
28250, 16800, 0, 0, 0
28250, 5760, 1, 0, 0
28350, 14400, 0, 0, 0
28350, 6400, 1, 0, 0
28450, 13760, 0, 0, 0
28450, 6720, 1, 0, 0
28550, 12480, 0, 0, 0
28550, 7680, 1, 0, 0
28650, 16800, 0, 0, 0
28650, 5920, 1, 0, 0
28749, 15838, 0, 0, 0
28749, 6141, 1, 0, 0
28849, 16640, 0, 0, 0
28849, 5760, 1, 0, 0
28949, 14560, 0, 0, 0
28949, 6720, 1, 0, 0
29049, 14560, 0, 0, 0
29049, 6240, 1, 0, 0
29149, 16000, 0, 0, 0
29149, 6080, 1, 0, 0
29249, 13120, 0, 0, 0
29249, 6880, 1, 0, 0
29349, 14720, 0, 0, 0
29349, 6720, 1, 0, 0
29449, 16640, 0, 0, 0
29449, 5280, 1, 0, 0
29549, 15200, 0, 0, 0
29549, 6240, 1, 0, 0
29649, 15680, 0, 0, 0
29649, 6400, 1, 0, 0
29749, 13120, 0, 0, 0
29749, 7520, 1, 0, 0
29849, 14560, 0, 0, 0
29849, 6560, 1, 0, 0
29949, 14720, 0, 0, 0
29949, 6880, 1, 0, 0
30049, 15360, 0, 0, 0
30049, 6240, 1, 0, 0
30149, 12960, 0, 0, 0
30149, 7040, 1, 0, 0
30249, 17760, 0, 0, 0
30249, 4960, 1, 0, 0
30349, 13120, 0, 0, 0
30349, 6400, 1, 0, 0
30449, 11840, 0, 0, 0
30449, 7520, 1, 0, 0
30549, 12960, 0, 0, 0
30549, 7520, 1, 0, 0
30649, 16160, 0, 0, 0
30649, 5280, 1, 0, 0
30750, 15840, 0, 0, 0
30750, 6400, 1, 0, 0
30850, 15840, 0, 0, 0
30850, 5920, 1, 0, 0
30950, 13760, 0, 0, 0
30950, 6080, 1, 0, 0
31050, 15680, 0, 0, 0
31050, 5920, 1, 0, 0
31150, 14240, 0, 0, 0
31150, 7040, 1, 0, 0
31249, 16646, 0, 0, 0
31249, 5818, 1, 0, 0
31349, 14560, 0, 0, 0
31349, 6720, 1, 0, 0
31449, 13600, 0, 0, 0
31449, 6400, 1, 0, 0
31549, 15360, 0, 0, 0
31549, 6080, 1, 0, 0
31649, 15200, 0, 0, 0
31649, 6560, 1, 0, 0
31749, 15360, 0, 0, 0
31749, 6720, 1, 0, 0
31849, 14720, 0, 0, 0
31849, 6560, 1, 0, 0
31949, 15840, 0, 0, 0
31949, 6240, 1, 0, 0
32049, 13120, 0, 0, 0
32049, 7200, 1, 0, 0
32149, 13920, 0, 0, 0
32149, 6720, 1, 0, 0
32249, 16800, 0, 0, 0
32249, 5760, 1, 0, 0
32349, 15360, 0, 0, 0
32349, 5760, 1, 0, 0
32449, 14400, 0, 0, 0
32449, 6560, 1, 0, 0
32549, 16800, 0, 0, 0
32549, 5760, 1, 0, 0
32649, 11680, 0, 0, 0
32649, 7520, 1, 0, 0
32749, 15520, 0, 0, 0
32749, 6080, 1, 0, 0
32849, 14080, 0, 0, 0
32849, 6720, 1, 0, 0
32949, 13920, 0, 0, 0
32949, 6880, 1, 0, 0
33049, 15360, 0, 0, 0
33049, 6400, 1, 0, 0
33150, 13600, 0, 0, 0
33150, 7200, 1, 0, 0
33250, 13280, 0, 0, 0
33250, 6880, 1, 0, 0
33350, 14880, 0, 0, 0
33350, 6400, 1, 0, 0
33450, 15200, 0, 0, 0
33450, 5280, 1, 0, 0
33550, 12960, 0, 0, 0
33550, 7040, 1, 0, 0
33650, 14720, 0, 0, 0
33650, 6560, 1, 0, 0
33749, 11636, 0, 0, 0
33749, 7919, 1, 0, 0
33849, 13280, 0, 0, 0
33849, 6880, 1, 0, 0
33949, 15200, 0, 0, 0
33949, 6560, 1, 0, 0
34049, 13760, 0, 0, 0
34049, 6880, 1, 0, 0
34149, 12320, 0, 0, 0
34149, 7360, 1, 0, 0
34249, 16480, 0, 0, 0
34249, 5760, 1, 0, 0
34349, 14400, 0, 0, 0
34349, 6880, 1, 0, 0
34449, 15680, 0, 0, 0
34449, 6080, 1, 0, 0
34549, 17920, 0, 0, 0
34549, 5280, 1, 0, 0
34649, 15840, 0, 0, 0
34649, 5920, 1, 0, 0
34749, 15840, 0, 0, 0
34749, 6240, 1, 0, 0
34849, 14400, 0, 0, 0
34849, 6240, 1, 0, 0
34949, 14240, 0, 0, 0
34949, 7040, 1, 0, 0
35049, 12000, 0, 0, 0
35049, 7520, 1, 0, 0
35149, 15360, 0, 0, 0
35149, 6400, 1, 0, 0
35249, 15040, 0, 0, 0
35249, 6240, 1, 0, 0
35349, 14880, 0, 0, 0
35349, 6880, 1, 0, 0
35449, 16640, 0, 0, 0
35449, 6400, 1, 0, 0
35550, 14240, 0, 0, 0
35550, 7040, 1, 0, 0
35650, 16000, 0, 0, 0
35650, 5920, 1, 0, 0
35749, 16969, 0, 0, 0
35749, 5656, 1, 0, 0
35849, 16800, 0, 0, 0
35849, 5600, 1, 0, 0
35949, 15040, 0, 0, 0
35949, 6400, 1, 0, 0
36049, 17120, 0, 0, 0
36049, 6080, 1, 0, 0
36149, 14240, 0, 0, 0
36149, 6720, 1, 0, 0
36249, 14720, 0, 0, 0
36249, 6400, 1, 0, 0
36349, 13120, 0, 0, 0
36349, 7360, 1, 0, 0
36449, 16480, 0, 0, 0
36449, 5920, 1, 0, 0
36549, 15200, 0, 0, 0
36549, 6560, 1, 0, 0
36649, 14080, 0, 0, 0
36649, 6720, 1, 0, 0
36749, 13600, 0, 0, 0
36749, 6720, 1, 0, 0
36849, 16000, 0, 0, 0
36849, 5920, 1, 0, 0
36949, 16800, 0, 0, 0
36949, 5760, 1, 0, 0
37049, 13440, 0, 0, 0
37049, 7200, 1, 0, 0
37149, 16640, 0, 0, 0
37149, 5760, 1, 0, 0
37249, 14240, 0, 0, 0
37249, 7040, 1, 0, 0
37349, 14560, 0, 0, 0
37349, 6560, 1, 0, 0
37449, 14080, 0, 0, 0
37449, 6720, 1, 0, 0
37549, 17920, 0, 0, 0
37549, 5280, 1, 0, 0
37649, 13760, 0, 0, 0
37649, 6880, 1, 0, 0
37749, 18400, 0, 0, 0
37749, 4640, 1, 0, 0
37849, 14240, 0, 0, 0
37849, 6880, 1, 0, 0
37949, 15360, 0, 0, 0
37949, 5920, 1, 0, 0
38050, 11840, 0, 0, 0
38050, 7840, 1, 0, 0
38150, 14880, 0, 0, 0
38150, 6560, 1, 0, 0
38249, 14545, 0, 0, 0
38249, 6787, 1, 0, 0
38349, 13920, 0, 0, 0
38349, 6880, 1, 0, 0
38449, 14240, 0, 0, 0
38449, 6080, 1, 0, 0
38549, 15680, 0, 0, 0
38549, 6240, 1, 0, 0
38649, 12000, 0, 0, 0
38649, 7360, 1, 0, 0
38749, 14400, 0, 0, 0
38749, 6720, 1, 0, 0
38849, 16960, 0, 0, 0
38849, 5280, 1, 0, 0
38949, 15680, 0, 0, 0
38949, 6080, 1, 0, 0
39049, 15360, 0, 0, 0
39049, 6240, 1, 0, 0
39149, 16480, 0, 0, 0
39149, 5440, 1, 0, 0
39249, 17280, 0, 0, 0
39249, 5440, 1, 0, 0
39349, 12960, 0, 0, 0
39349, 7200, 1, 0, 0
39449, 14560, 0, 0, 0
39449, 6880, 1, 0, 0
39549, 15520, 0, 0, 0
39549, 6720, 1, 0, 0
39649, 14400, 0, 0, 0
39649, 6880, 1, 0, 0
39749, 14560, 0, 0, 0
39749, 6720, 1, 0, 0
39849, 18560, 0, 0, 0
39849, 4960, 1, 0, 0
39949, 16000, 0, 0, 0
39949, 5920, 1, 0, 0
40049, 17120, 0, 0, 0
40049, 5440, 1, 0, 0
40149, 15200, 0, 0, 0
40149, 6560, 1, 0, 0
40249, 15840, 0, 0, 0
40249, 5920, 1, 0, 0
40349, 12320, 0, 0, 0
40349, 7520, 1, 0, 0
40449, 16480, 0, 0, 0
40449, 5920, 1, 0, 0
40550, 15840, 0, 0, 0
40550, 6080, 1, 0, 0
40650, 14880, 0, 0, 0
40650, 6720, 1, 0, 0
40749, 17616, 0, 0, 0
40749, 5333, 1, 0, 0
40849, 14720, 0, 0, 0
40849, 6880, 1, 0, 0
40949, 13920, 0, 0, 0
40949, 7040, 1, 0, 0
41049, 16640, 0, 0, 0
41049, 5600, 1, 0, 0
41149, 16640, 0, 0, 0
41149, 5600, 1, 0, 0
41249, 14240, 0, 0, 0
41249, 6560, 1, 0, 0
41349, 14720, 0, 0, 0
41349, 6240, 1, 0, 0
41449, 17280, 0, 0, 0
41449, 5920, 1, 0, 0
41549, 16960, 0, 0, 0
41549, 5920, 1, 0, 0
41649, 16960, 0, 0, 0
41649, 5600, 1, 0, 0
41749, 15520, 0, 0, 0
41749, 6240, 1, 0, 0
41849, 15520, 0, 0, 0
41849, 6400, 1, 0, 0
41949, 16000, 0, 0, 0
41949, 6240, 1, 0, 0
42049, 15840, 0, 0, 0
42049, 5760, 1, 0, 0
42149, 13280, 0, 0, 0
42149, 7040, 1, 0, 0
42249, 17600, 0, 0, 0
42249, 5920, 1, 0, 0
42349, 14880, 0, 0, 0
42349, 6400, 1, 0, 0
42449, 16960, 0, 0, 0
42449, 5760, 1, 0, 0
42549, 16640, 0, 0, 0
42549, 5600, 1, 0, 0
42649, 16000, 0, 0, 0
42649, 6080, 1, 0, 0
42749, 16480, 0, 0, 0
42749, 5760, 1, 0, 0
42849, 17280, 0, 0, 0
42849, 5440, 1, 0, 0
42949, 14880, 0, 0, 0
42949, 6240, 1, 0, 0
43050, 16800, 0, 0, 0
43050, 5440, 1, 0, 0
43150, 14880, 0, 0, 0
43150, 6240, 1, 0, 0
43249, 13414, 0, 0, 0
43249, 7111, 1, 0, 0
43349, 14240, 0, 0, 0
43349, 7200, 1, 0, 0
43449, 18240, 0, 0, 0
43449, 5120, 1, 0, 0
43549, 14720, 0, 0, 0
43549, 6720, 1, 0, 0
43649, 13280, 0, 0, 0
43649, 7040, 1, 0, 0
43749, 15360, 0, 0, 0
43749, 6080, 1, 0, 0
43849, 15200, 0, 0, 0
43849, 6400, 1, 0, 0
43949, 15040, 0, 0, 0
43949, 6560, 1, 0, 0
44049, 16160, 0, 0, 0
44049, 5760, 1, 0, 0
44149, 16320, 0, 0, 0
44149, 5280, 1, 0, 0
44249, 17440, 0, 0, 0
44249, 5440, 1, 0, 0
44349, 16480, 0, 0, 0
44349, 6240, 1, 0, 0
44449, 12800, 0, 0, 0
44449, 7520, 1, 0, 0
44549, 13760, 0, 0, 0
44549, 7040, 1, 0, 0
44649, 16800, 0, 0, 0
44649, 5600, 1, 0, 0
44749, 15840, 0, 0, 0
44749, 5920, 1, 0, 0
44849, 14720, 0, 0, 0
44849, 6240, 1, 0, 0
44949, 14400, 0, 0, 0
44949, 6240, 1, 0, 0
45049, 15040, 0, 0, 0
45049, 6240, 1, 0, 0
45149, 12640, 0, 0, 0
45149, 7200, 1, 0, 0
45249, 13760, 0, 0, 0
45249, 7200, 1, 0, 0
45349, 15840, 0, 0, 0
45349, 6080, 1, 0, 0
45449, 14720, 0, 0, 0
45449, 6400, 1, 0, 0
45550, 15040, 0, 0, 0
45550, 5760, 1, 0, 0
45650, 14880, 0, 0, 0
45650, 6560, 1, 0, 0
45749, 14707, 0, 0, 0
45749, 6626, 1, 0, 0
45849, 17440, 0, 0, 0
45849, 5440, 1, 0, 0
45949, 15840, 0, 0, 0
45949, 6080, 1, 0, 0
46049, 16800, 0, 0, 0
46049, 5760, 1, 0, 0
46149, 15360, 0, 0, 0
46149, 6080, 1, 0, 0
46249, 13440, 0, 0, 0
46249, 6240, 1, 0, 0
46349, 14880, 0, 0, 0
46349, 6080, 1, 0, 0
46449, 15680, 0, 0, 0
46449, 5760, 1, 0, 0
46549, 14720, 0, 0, 0
46549, 6560, 1, 0, 0
46649, 12000, 0, 0, 0
46649, 7040, 1, 0, 0
46749, 13920, 0, 0, 0
46749, 6400, 1, 0, 0
46849, 14080, 0, 0, 0
46849, 6560, 1, 0, 0
46949, 14080, 0, 0, 0
46949, 6880, 1, 0, 0
47049, 16000, 0, 0, 0
47049, 6080, 1, 0, 0
47149, 11840, 0, 0, 0
47149, 8160, 1, 0, 0
47249, 15040, 0, 0, 0
47249, 6080, 1, 0, 0
47349, 15840, 0, 0, 0
47349, 6080, 1, 0, 0
47449, 15040, 0, 0, 0
47449, 6080, 1, 0, 0
47549, 16480, 0, 0, 0
47549, 5920, 1, 0, 0
47649, 16800, 0, 0, 0
47649, 5760, 1, 0, 0
47749, 15200, 0, 0, 0
47749, 6560, 1, 0, 0
47849, 14560, 0, 0, 0
47849, 6560, 1, 0, 0
47950, 17120, 0, 0, 0
47950, 5440, 1, 0, 0
48050, 14080, 0, 0, 0
48050, 6720, 1, 0, 0
48150, 14720, 0, 0, 0
48150, 6240, 1, 0, 0
48249, 14707, 0, 0, 0
48249, 6626, 1, 0, 0
48349, 15680, 0, 0, 0
48349, 5600, 1, 0, 0
48449, 14880, 0, 0, 0
48449, 6560, 1, 0, 0
48549, 14880, 0, 0, 0
48549, 6400, 1, 0, 0
48649, 14560, 0, 0, 0
48649, 5920, 1, 0, 0
48749, 12960, 0, 0, 0
48749, 6720, 1, 0, 0
48849, 16160, 0, 0, 0
48849, 5760, 1, 0, 0
48949, 15040, 0, 0, 0
48949, 6720, 1, 0, 0
49049, 15840, 0, 0, 0
49049, 5920, 1, 0, 0
49149, 16000, 0, 0, 0
49149, 5440, 1, 0, 0
49249, 15040, 0, 0, 0
49249, 6400, 1, 0, 0
49349, 16640, 0, 0, 0
49349, 5280, 1, 0, 0
49449, 16000, 0, 0, 0
49449, 5760, 1, 0, 0
49549, 13440, 0, 0, 0
49549, 7200, 1, 0, 0
49649, 16320, 0, 0, 0
49649, 5760, 1, 0, 0
49749, 14240, 0, 0, 0
49749, 6880, 1, 0, 0
49849, 17280, 0, 0, 0
49849, 5280, 1, 0, 0
49949, 15040, 0, 0, 0
49949, 6400, 1, 0, 0
50049, 14560, 0, 0, 0
50049, 6880, 1, 0, 0
50149, 17120, 0, 0, 0
50149, 5600, 1, 0, 0
50249, 14880, 0, 0, 0
50249, 6720, 1, 0, 0
50350, 13120, 0, 0, 0
50350, 6880, 1, 0, 0
50450, 14240, 0, 0, 0
50450, 6240, 1, 0, 0
50550, 15040, 0, 0, 0
50550, 5760, 1, 0, 0
50650, 15360, 0, 0, 0
50650, 5760, 1, 0, 0
50749, 13898, 0, 0, 0
50749, 6626, 1, 0, 0
50849, 14560, 0, 0, 0
50849, 6400, 1, 0, 0
50949, 16640, 0, 0, 0
50949, 5440, 1, 0, 0
51049, 12320, 0, 0, 0
51049, 7040, 1, 0, 0
51149, 12960, 0, 0, 0
51149, 7200, 1, 0, 0
51249, 15360, 0, 0, 0
51249, 6240, 1, 0, 0
51349, 14880, 0, 0, 0
51349, 6080, 1, 0, 0
51449, 13280, 0, 0, 0
51449, 6880, 1, 0, 0
51549, 14240, 0, 0, 0
51549, 6720, 1, 0, 0
51649, 15360, 0, 0, 0
51649, 6560, 1, 0, 0
51749, 15040, 0, 0, 0
51749, 6240, 1, 0, 0
51849, 14560, 0, 0, 0
51849, 6400, 1, 0, 0
51949, 13120, 0, 0, 0
51949, 6720, 1, 0, 0
52049, 16000, 0, 0, 0
52049, 6240, 1, 0, 0
52149, 17600, 0, 0, 0
52149, 5600, 1, 0, 0
52249, 11360, 0, 0, 0
52249, 7840, 1, 0, 0
52349, 15520, 0, 0, 0
52349, 6240, 1, 0, 0
52449, 16800, 0, 0, 0
52449, 5760, 1, 0, 0
52549, 13760, 0, 0, 0
52549, 6880, 1, 0, 0
52649, 15680, 0, 0, 0
52649, 6080, 1, 0, 0
52750, 15200, 0, 0, 0
52750, 6400, 1, 0, 0
52850, 12800, 0, 0, 0
52850, 7520, 1, 0, 0
52950, 17280, 0, 0, 0
52950, 5440, 1, 0, 0
53050, 13600, 0, 0, 0
53050, 6880, 1, 0, 0
53150, 17760, 0, 0, 0
53150, 5120, 1, 0, 0
53249, 15676, 0, 0, 0
53249, 6303, 1, 0, 0
53349, 15040, 0, 0, 0
53349, 6880, 1, 0, 0
53449, 14400, 0, 0, 0
53449, 6560, 1, 0, 0
53549, 13920, 0, 0, 0
53549, 6560, 1, 0, 0
53649, 16640, 0, 0, 0
53649, 5760, 1, 0, 0
53749, 14400, 0, 0, 0
53749, 6560, 1, 0, 0
53849, 13280, 0, 0, 0
53849, 7200, 1, 0, 0
53949, 12640, 0, 0, 0
53949, 7680, 1, 0, 0
54049, 14880, 0, 0, 0
54049, 5920, 1, 0, 0
54149, 13600, 0, 0, 0
54149, 6560, 1, 0, 0
54249, 15200, 0, 0, 0
54249, 6080, 1, 0, 0
54349, 15520, 0, 0, 0
54349, 6240, 1, 0, 0
54449, 15040, 0, 0, 0
54449, 6080, 1, 0, 0
54549, 16320, 0, 0, 0
54549, 5760, 1, 0, 0
54649, 14400, 0, 0, 0
54649, 6560, 1, 0, 0
54749, 14720, 0, 0, 0
54749, 7040, 1, 0, 0
54849, 13600, 0, 0, 0
54849, 6560, 1, 0, 0
54949, 13280, 0, 0, 0
54949, 7200, 1, 0, 0
55049, 13600, 0, 0, 0
55049, 6720, 1, 0, 0
55149, 13120, 0, 0, 0
55149, 7200, 1, 0, 0
55250, 12800, 0, 0, 0
55250, 7040, 1, 0, 0
55350, 16800, 0, 0, 0
55350, 5120, 1, 0, 0
55450, 15680, 0, 0, 0
55450, 5920, 1, 0, 0
55550, 15520, 0, 0, 0
55550, 6240, 1, 0, 0
55650, 14720, 0, 0, 0
55650, 6400, 1, 0, 0
55749, 14545, 0, 0, 0
55749, 7272, 1, 0, 0
55849, 12000, 0, 0, 0
55849, 7520, 1, 0, 0
55949, 15040, 0, 0, 0
55949, 6400, 1, 0, 0
56049, 16320, 0, 0, 0
56049, 5760, 1, 0, 0
56149, 14880, 0, 0, 0
56149, 6400, 1, 0, 0
56249, 13600, 0, 0, 0
56249, 7200, 1, 0, 0
56349, 14720, 0, 0, 0
56349, 6560, 1, 0, 0
56449, 13440, 0, 0, 0
56449, 6880, 1, 0, 0
56549, 13760, 0, 0, 0
56549, 7040, 1, 0, 0
56649, 14880, 0, 0, 0
56649, 6400, 1, 0, 0
56749, 12320, 0, 0, 0
56749, 7360, 1, 0, 0
56849, 15520, 0, 0, 0
56849, 6560, 1, 0, 0
56949, 14560, 0, 0, 0
56949, 6880, 1, 0, 0
57049, 13760, 0, 0, 0
57049, 7360, 1, 0, 0
57149, 18400, 0, 0, 0
57149, 4960, 1, 0, 0
57249, 16320, 0, 0, 0
57249, 6080, 1, 0, 0
57349, 15680, 0, 0, 0
57349, 6080, 1, 0, 0
57449, 14400, 0, 0, 0
57449, 6240, 1, 0, 0
57549, 17600, 0, 0, 0
57549, 5440, 1, 0, 0
57649, 14720, 0, 0, 0
57649, 6240, 1, 0, 0
57749, 11840, 0, 0, 0
57749, 7840, 1, 0, 0
57850, 17440, 0, 0, 0
57850, 5280, 1, 0, 0
57950, 14880, 0, 0, 0
57950, 6400, 1, 0, 0
58050, 16480, 0, 0, 0
58050, 5600, 1, 0, 0
58150, 16480, 0, 0, 0
58150, 5600, 1, 0, 0
58249, 12767, 0, 0, 0
58249, 7111, 1, 0, 0
58349, 14400, 0, 0, 0
58349, 6560, 1, 0, 0
58449, 13920, 0, 0, 0
58449, 7040, 1, 0, 0
58549, 11680, 0, 0, 0
58549, 8000, 1, 0, 0
58649, 15520, 0, 0, 0
58649, 6560, 1, 0, 0
58749, 14560, 0, 0, 0
58749, 6080, 1, 0, 0
58849, 15040, 0, 0, 0
58849, 6720, 1, 0, 0
58949, 13920, 0, 0, 0
58949, 7200, 1, 0, 0
59049, 13920, 0, 0, 0
59049, 6720, 1, 0, 0
59149, 13760, 0, 0, 0
59149, 7200, 1, 0, 0
59249, 15200, 0, 0, 0
59249, 6400, 1, 0, 0
59349, 15840, 0, 0, 0
59349, 6240, 1, 0, 0
59449, 14080, 0, 0, 0
59449, 6720, 1, 0, 0
59549, 15040, 0, 0, 0
59549, 6080, 1, 0, 0
59649, 14400, 0, 0, 0
59649, 6560, 1, 0, 0
59749, 16800, 0, 0, 0
59749, 5600, 1, 0, 0
59849, 14400, 0, 0, 0
59849, 6720, 1, 0, 0
59949, 15040, 0, 0, 0
59949, 6720, 1, 0, 0
