100, 4752716, 0, 0, 0
200, 4531437, 0, 0, 0
301, 4816988, 0, 0, 0
403, 5100127, 0, 0, 0
503, 4559816, 0, 0, 0
600, 4607583, 0, 0, 0
702, 4860290, 0, 0, 0
803, 4764476, 0, 0, 0
905, 4639011, 0, 0, 0
1001, 4822876, 0, 0, 0
1100, 4471191, 0, 0, 0
1203, 4667914, 0, 0, 0
1304, 4597337, 0, 0, 0
1400, 4824800, 0, 0, 0
1504, 4695674, 0, 0, 0
1600, 4557256, 0, 0, 0
1703, 4677530, 0, 0, 0
1800, 4399683, 0, 0, 0
1902, 4648210, 0, 0, 0
2002, 4780531, 0, 0, 0
2103, 4769986, 0, 0, 0
2203, 4562022, 0, 0, 0
2302, 4468015, 0, 0, 0
2406, 4728320, 0, 0, 0
2503, 4408728, 0, 0, 0
2604, 4788652, 0, 0, 0
2702, 5150565, 0, 0, 0
2802, 4790270, 0, 0, 0
2903, 4554532, 0, 0, 0
3004, 4597550, 0, 0, 0
3104, 4547405, 0, 0, 0
3201, 4611997, 0, 0, 0
3300, 4495619, 0, 0, 0
3403, 4666529, 0, 0, 0
3502, 4724595, 0, 0, 0
3603, 4368419, 0, 0, 0
3704, 4803403, 0, 0, 0
3803, 4725045, 0, 0, 0
3900, 4837602, 0, 0, 0
4001, 4794134, 0, 0, 0
4100, 4723206, 0, 0, 0
4203, 4274827, 0, 0, 0
4301, 4651722, 0, 0, 0
4400, 4963103, 0, 0, 0
4501, 5029711, 0, 0, 0
4600, 4735380, 0, 0, 0
4701, 4800334, 0, 0, 0
4803, 5058713, 0, 0, 0
4909, 5298141, 0, 0, 0
5001, 4625353, 0, 0, 0
5101, 4730413, 0, 0, 0
5200, 4735178, 0, 0, 0
5301, 4806058, 0, 0, 0
5404, 4862420, 0, 0, 0
5504, 4794934, 0, 0, 0
5602, 4420886, 0, 0, 0
5702, 4781108, 0, 0, 0
5802, 4511240, 0, 0, 0
5900, 4658638, 0, 0, 0
6003, 4479185, 0, 0, 0
6102, 4725735, 0, 0, 0
6205, 4908814, 0, 0, 0
6300, 4963239, 0, 0, 0
6404, 4752498, 0, 0, 0
6503, 4704296, 0, 0, 0
6603, 4995084, 0, 0, 0
6702, 4686724, 0, 0, 0
6803, 4797379, 0, 0, 0
6902, 4723858, 0, 0, 0
7000, 4886670, 0, 0, 0
7100, 4556172, 0, 0, 0
7200, 4751712, 0, 0, 0
7303, 4677602, 0, 0, 0
7404, 4571824, 0, 0, 0
7500, 4578349, 0, 0, 0
7602, 4411157, 0, 0, 0
7701, 4489533, 0, 0, 0
7802, 4622283, 0, 0, 0
7900, 4870592, 0, 0, 0
8000, 4534720, 0, 0, 0
8104, 4736983, 0, 0, 0
8203, 4927032, 0, 0, 0
8302, 4704336, 0, 0, 0
8402, 4361001, 0, 0, 0
8500, 4246160, 0, 0, 0
8604, 4706660, 0, 0, 0
8702, 4667545, 0, 0, 0
8802, 4989446, 0, 0, 0
8902, 5008891, 0, 0, 0
9002, 4766291, 0, 0, 0
9100, 4641185, 0, 0, 0
9200, 5025622, 0, 0, 0
9300, 4744281, 0, 0, 0
9402, 4823877, 0, 0, 0
9502, 4559247, 0, 0, 0
9602, 4552560, 0, 0, 0
9701, 4677256, 0, 0, 0
9802, 4590238, 0, 0, 0
9900, 4683627, 0, 0, 0
10002, 4831186, 0, 0, 0
10101, 4487273, 0, 0, 0
10200, 4332855, 0, 0, 0
10301, 4549584, 0, 0, 0
10403, 4635779, 0, 0, 0
10502, 4493270, 0, 0, 0
10604, 4643118, 0, 0, 0
10705, 5029245, 0, 0, 0
10801, 4393882, 0, 0, 0
10901, 4510997, 0, 0, 0
11000, 4520836, 0, 0, 0
11103, 4462925, 0, 0, 0
11201, 4246083, 0, 0, 0
11304, 4270716, 0, 0, 0
11400, 4568408, 0, 0, 0
11501, 4400535, 0, 0, 0
11603, 4851813, 0, 0, 0
11701, 4899578, 0, 0, 0
11803, 4831758, 0, 0, 0
11904, 4620814, 0, 0, 0
12000, 4765171, 0, 0, 0
12100, 4762243, 0, 0, 0
12200, 4553689, 0, 0, 0
12300, 4518240, 0, 0, 0
12401, 4800366, 0, 0, 0
12502, 4816116, 0, 0, 0
12600, 4680624, 0, 0, 0
12701, 4560520, 0, 0, 0
12803, 4862419, 0, 0, 0
12901, 4650836, 0, 0, 0
13002, 5024452, 0, 0, 0
13101, 4497225, 0, 0, 0
13202, 4617893, 0, 0, 0
13301, 5175663, 0, 0, 0
13403, 4846296, 0, 0, 0
13505, 4851227, 0, 0, 0
13600, 4770507, 0, 0, 0
13701, 4815949, 0, 0, 0
13802, 4795632, 0, 0, 0
13900, 4894109, 0, 0, 0
14003, 4678117, 0, 0, 0
14102, 4722067, 0, 0, 0
14203, 4348674, 0, 0, 0
14303, 4374755, 0, 0, 0
14402, 4675325, 0, 0, 0
14506, 4733273, 0, 0, 0
14604, 4879741, 0, 0, 0
14702, 4482141, 0, 0, 0
14802, 4515742, 0, 0, 0
14900, 4447899, 0, 0, 0
15000, 4990294, 0, 0, 0
15101, 5069192, 0, 0, 0
15202, 4366095, 0, 0, 0
15304, 4442474, 0, 0, 0
15403, 4497300, 0, 0, 0
15503, 4519443, 0, 0, 0
15600, 4635764, 0, 0, 0
15705, 4544940, 0, 0, 0
15801, 4573950, 0, 0, 0
15901, 5003566, 0, 0, 0
16005, 4518760, 0, 0, 0
16102, 4813327, 0, 0, 0
16200, 4903729, 0, 0, 0
16303, 4468347, 0, 0, 0
16402, 4937439, 0, 0, 0
16503, 4836778, 0, 0, 0
16605, 4606126, 0, 0, 0
16702, 5099281, 0, 0, 0
16801, 4743478, 0, 0, 0
16901, 4761445, 0, 0, 0
17000, 4261984, 0, 0, 0
17103, 4932013, 0, 0, 0
17200, 4826500, 0, 0, 0
17303, 4907602, 0, 0, 0
17401, 4642001, 0, 0, 0
17504, 5176704, 0, 0, 0
17600, 5042407, 0, 0, 0
17700, 4730113, 0, 0, 0
17800, 4784299, 0, 0, 0
17901, 4796248, 0, 0, 0
18003, 4825628, 0, 0, 0
18103, 5031194, 0, 0, 0
18202, 4711639, 0, 0, 0
18300, 4886200, 0, 0, 0
18402, 4431056, 0, 0, 0
18503, 4813735, 0, 0, 0
18600, 4597060, 0, 0, 0
18701, 4568476, 0, 0, 0
18801, 4531834, 0, 0, 0
18900, 4329434, 0, 0, 0
19002, 4426096, 0, 0, 0
19107, 5207431, 0, 0, 0
19203, 4821407, 0, 0, 0
19303, 4541302, 0, 0, 0
19403, 4979426, 0, 0, 0
19500, 4633486, 0, 0, 0
19601, 4806114, 0, 0, 0
19700, 4703328, 0, 0, 0
19803, 4648468, 0, 0, 0
19904, 4838261, 0, 0, 0
20003, 4706917, 0, 0, 0
20101, 4890713, 0, 0, 0
20205, 4921905, 0, 0, 0
20300, 4528087, 0, 0, 0
20404, 4961764, 0, 0, 0
20500, 4787573, 0, 0, 0
20602, 4606219, 0, 0, 0
20701, 4736349, 0, 0, 0
20801, 4515869, 0, 0, 0
20901, 4751435, 0, 0, 0
21003, 4848980, 0, 0, 0
21103, 4576828, 0, 0, 0
21203, 4522982, 0, 0, 0
21300, 5127565, 0, 0, 0
21400, 4536900, 0, 0, 0
21500, 4977215, 0, 0, 0
21604, 4707784, 0, 0, 0
21700, 4830126, 0, 0, 0
21801, 4764244, 0, 0, 0
21900, 4940415, 0, 0, 0
22003, 4711649, 0, 0, 0
22102, 4695893, 0, 0, 0
22200, 4649981, 0, 0, 0
22303, 4276793, 0, 0, 0
22400, 4651129, 0, 0, 0
22502, 4812548, 0, 0, 0
22602, 4556929, 0, 0, 0
22704, 4453023, 0, 0, 0
22803, 4684555, 0, 0, 0
22900, 4855805, 0, 0, 0
23001, 4798842, 0, 0, 0
23102, 4602057, 0, 0, 0
23202, 4717609, 0, 0, 0
23303, 4601095, 0, 0, 0
23404, 4580917, 0, 0, 0
23502, 4907316, 0, 0, 0
23603, 4559241, 0, 0, 0
23703, 4772862, 0, 0, 0
23800, 4427229, 0, 0, 0
23904, 4694534, 0, 0, 0
24002, 4675655, 0, 0, 0
24100, 4880566, 0, 0, 0
24201, 4827763, 0, 0, 0
24302, 5050875, 0, 0, 0
24400, 4886455, 0, 0, 0
24502, 4614833, 0, 0, 0
24605, 5123570, 0, 0, 0
24704, 4741697, 0, 0, 0
24802, 4888736, 0, 0, 0
24901, 4953095, 0, 0, 0
25001, 4735962, 0, 0, 0
25103, 4440795, 0, 0, 0
25203, 4754664, 0, 0, 0
25302, 4722957, 0, 0, 0
25400, 4652534, 0, 0, 0
25501, 5016670, 0, 0, 0
25602, 4797979, 0, 0, 0
25701, 4713993, 0, 0, 0
25803, 4874050, 0, 0, 0
25900, 5111195, 0, 0, 0
26002, 4834670, 0, 0, 0
26100, 4663256, 0, 0, 0
26204, 4931916, 0, 0, 0
26303, 4737980, 0, 0, 0
26400, 5106400, 0, 0, 0
26503, 4665042, 0, 0, 0
26604, 4780091, 0, 0, 0
26700, 4590589, 0, 0, 0
26802, 4634225, 0, 0, 0
26901, 4507677, 0, 0, 0
27002, 4550315, 0, 0, 0
27101, 4716022, 0, 0, 0
27203, 4619552, 0, 0, 0
27303, 4753345, 0, 0, 0
27400, 5395490, 0, 0, 0
27504, 4723409, 0, 0, 0
27602, 4467154, 0, 0, 0
27700, 4423816, 0, 0, 0
27802, 4444283, 0, 0, 0
27900, 4465284, 0, 0, 0
28001, 4355621, 0, 0, 0
28101, 4543391, 0, 0, 0
28200, 4334802, 0, 0, 0
28304, 4481204, 0, 0, 0
28404, 4748362, 0, 0, 0
28502, 4705198, 0, 0, 0
28603, 5023668, 0, 0, 0
28703, 4553263, 0, 0, 0
28800, 4826646, 0, 0, 0
28902, 4869481, 0, 0, 0
29002, 4959778, 0, 0, 0
29104, 4868502, 0, 0, 0
29201, 4428089, 0, 0, 0
29303, 4852392, 0, 0, 0
29400, 4803868, 0, 0, 0
29501, 4619461, 0, 0, 0
29602, 4577132, 0, 0, 0
29705, 4892613, 0, 0, 0
29807, 4438027, 0, 0, 0
29900, 4648524, 0, 0, 0
30001, 4772287, 0, 0, 0
30100, 4728958, 0, 0, 0
30200, 4519943, 0, 0, 0
30300, 4783866, 0, 0, 0
30403, 4865625, 0, 0, 0
30501, 5174929, 0, 0, 0
30602, 4600860, 0, 0, 0
30702, 4745237, 0, 0, 0
30803, 4823139, 0, 0, 0
30903, 4316535, 0, 0, 0
31000, 4840264, 0, 0, 0
31102, 4868774, 0, 0, 0
31203, 4378327, 0, 0, 0
31301, 4884541, 0, 0, 0
31403, 4661704, 0, 0, 0
31502, 4678474, 0, 0, 0
31601, 4520063, 0, 0, 0
31702, 4390821, 0, 0, 0
31801, 4944972, 0, 0, 0
31903, 4593071, 0, 0, 0
32001, 4702081, 0, 0, 0
32101, 4714151, 0, 0, 0
32200, 4707297, 0, 0, 0
32301, 4847139, 0, 0, 0
32403, 5063531, 0, 0, 0
32501, 4674270, 0, 0, 0
32603, 4834652, 0, 0, 0
32700, 4613069, 0, 0, 0
32801, 4403097, 0, 0, 0
32900, 4942794, 0, 0, 0
33004, 4950768, 0, 0, 0
33102, 4859695, 0, 0, 0
33201, 4962594, 0, 0, 0
33300, 4711802, 0, 0, 0
33404, 4940306, 0, 0, 0
33501, 4870729, 0, 0, 0
33604, 4449435, 0, 0, 0
33702, 4452708, 0, 0, 0
33803, 4568738, 0, 0, 0
33903, 5002509, 0, 0, 0
34001, 4477774, 0, 0, 0
34103, 4808705, 0, 0, 0
34204, 4837125, 0, 0, 0
34303, 4692058, 0, 0, 0
34400, 4606963, 0, 0, 0
34501, 4611988, 0, 0, 0
34601, 4327085, 0, 0, 0
34702, 4806223, 0, 0, 0
34800, 4254445, 0, 0, 0
34902, 4859730, 0, 0, 0
35001, 4502936, 0, 0, 0
35100, 4499037, 0, 0, 0
35202, 4810489, 0, 0, 0
35300, 4699024, 0, 0, 0
35404, 4707084, 0, 0, 0
35502, 4644033, 0, 0, 0
35601, 5215561, 0, 0, 0
35702, 4572685, 0, 0, 0
35800, 4683143, 0, 0, 0
35901, 4572376, 0, 0, 0
36004, 4926355, 0, 0, 0
36101, 4582012, 0, 0, 0
36202, 4606220, 0, 0, 0
36302, 5238504, 0, 0, 0
36402, 4998626, 0, 0, 0
36500, 4674776, 0, 0, 0
36602, 4639556, 0, 0, 0
36702, 4757018, 0, 0, 0
36805, 4869868, 0, 0, 0
36900, 4538372, 0, 0, 0
37000, 4970741, 0, 0, 0
37101, 4791048, 0, 0, 0
37203, 4434109, 0, 0, 0
37300, 4641700, 0, 0, 0
37402, 4865269, 0, 0, 0
37504, 5089713, 0, 0, 0
37600, 4318302, 0, 0, 0
37702, 4894352, 0, 0, 0
37803, 4587096, 0, 0, 0
37901, 4636735, 0, 0, 0
38007, 4585365, 0, 0, 0
38103, 4832987, 0, 0, 0
38204, 4556617, 0, 0, 0
38300, 4581803, 0, 0, 0
38400, 4535431, 0, 0, 0
38501, 5061321, 0, 0, 0
38603, 4596308, 0, 0, 0
38704, 4600984, 0, 0, 0
38804, 4361617, 0, 0, 0
38906, 4814036, 0, 0, 0
39000, 4732239, 0, 0, 0
39102, 4840979, 0, 0, 0
39202, 4339576, 0, 0, 0
39301, 5225383, 0, 0, 0
39401, 4719067, 0, 0, 0
39500, 4961630, 0, 0, 0
39603, 4659679, 0, 0, 0
39704, 4575627, 0, 0, 0
39802, 4490416, 0, 0, 0
39902, 4524302, 0, 0, 0
40003, 5022815, 0, 0, 0
40100, 4835568, 0, 0, 0
40201, 4822235, 0, 0, 0
40303, 4865397, 0, 0, 0
40401, 4445652, 0, 0, 0
40501, 4519048, 0, 0, 0
40604, 4928696, 0, 0, 0
40700, 4569020, 0, 0, 0
40800, 4756632, 0, 0, 0
40901, 4767743, 0, 0, 0
41000, 4701060, 0, 0, 0
41103, 4689261, 0, 0, 0
41203, 4524490, 0, 0, 0
41300, 4655984, 0, 0, 0
41404, 4697861, 0, 0, 0
41504, 4763315, 0, 0, 0
41604, 4735363, 0, 0, 0
41701, 4434447, 0, 0, 0
41802, 4560823, 0, 0, 0
41903, 4603573, 0, 0, 0
42002, 4926905, 0, 0, 0
42103, 4591528, 0, 0, 0
42201, 4876308, 0, 0, 0
42300, 4991103, 0, 0, 0
42401, 4783727, 0, 0, 0
42503, 4649020, 0, 0, 0
42601, 4861985, 0, 0, 0
42701, 4540168, 0, 0, 0
42802, 4789307, 0, 0, 0
42900, 4703195, 0, 0, 0
43000, 4754603, 0, 0, 0
43101, 4585510, 0, 0, 0
43204, 4875250, 0, 0, 0
43305, 5027385, 0, 0, 0
43404, 4962433, 0, 0, 0
43503, 4699186, 0, 0, 0
43603, 4559462, 0, 0, 0
43700, 4609289, 0, 0, 0
43802, 4427913, 0, 0, 0
43905, 4883264, 0, 0, 0
44004, 4492065, 0, 0, 0
44106, 4621521, 0, 0, 0
44202, 4566054, 0, 0, 0
44302, 5009040, 0, 0, 0
44403, 4805585, 0, 0, 0
44502, 4697979, 0, 0, 0
44603, 4583627, 0, 0, 0
44703, 4786380, 0, 0, 0
44803, 4722492, 0, 0, 0
44902, 4706432, 0, 0, 0
45003, 4618317, 0, 0, 0
45102, 4467622, 0, 0, 0
45201, 4513119, 0, 0, 0
45301, 4523214, 0, 0, 0
45404, 4477322, 0, 0, 0
45500, 4786704, 0, 0, 0
45601, 4403153, 0, 0, 0
45703, 4233409, 0, 0, 0
45801, 4265092, 0, 0, 0
45903, 4420777, 0, 0, 0
46001, 4685715, 0, 0, 0
46100, 4487304, 0, 0, 0
46204, 4727858, 0, 0, 0
46302, 4642138, 0, 0, 0
46403, 4585942, 0, 0, 0
46500, 4389722, 0, 0, 0
46602, 4458815, 0, 0, 0
46703, 4578467, 0, 0, 0
46803, 4526969, 0, 0, 0
46901, 4452967, 0, 0, 0
47001, 4767604, 0, 0, 0
47101, 4772718, 0, 0, 0
47201, 4734229, 0, 0, 0
47304, 4887704, 0, 0, 0
47403, 4933956, 0, 0, 0
47502, 4735077, 0, 0, 0
47605, 4877321, 0, 0, 0
47701, 4828935, 0, 0, 0
47800, 4712385, 0, 0, 0
47903, 4659295, 0, 0, 0
48004, 5020903, 0, 0, 0
48102, 4656404, 0, 0, 0
48202, 4759363, 0, 0, 0
48301, 4516050, 0, 0, 0
48400, 4723774, 0, 0, 0
48504, 4935260, 0, 0, 0
48601, 5112471, 0, 0, 0
48702, 4582992, 0, 0, 0
48805, 4448098, 0, 0, 0
48904, 4520227, 0, 0, 0
49003, 4698526, 0, 0, 0
49100, 4418107, 0, 0, 0
49203, 4676274, 0, 0, 0
49303, 4503120, 0, 0, 0
49403, 4995504, 0, 0, 0
49502, 4707291, 0, 0, 0
49604, 4445371, 0, 0, 0
49702, 4465818, 0, 0, 0
49800, 4650962, 0, 0, 0
49902, 4826712, 0, 0, 0
50000, 4698122, 0, 0, 0
50101, 4363596, 0, 0, 0
50204, 4458627, 0, 0, 0
50303, 4709356, 0, 0, 0
50401, 4926411, 0, 0, 0
50502, 4578239, 0, 0, 0
50601, 4690192, 0, 0, 0
50704, 4669462, 0, 0, 0
50801, 4640720, 0, 0, 0
50903, 4606029, 0, 0, 0
51001, 4447408, 0, 0, 0
51104, 4689523, 0, 0, 0
51204, 4525583, 0, 0, 0
51301, 4867323, 0, 0, 0
51400, 4710905, 0, 0, 0
51501, 5026800, 0, 0, 0
51604, 5159659, 0, 0, 0
51701, 4414838, 0, 0, 0
51803, 4808095, 0, 0, 0
51902, 4301180, 0, 0, 0
52002, 4362486, 0, 0, 0
52105, 4659240, 0, 0, 0
52201, 4391681, 0, 0, 0
52303, 4855001, 0, 0, 0
52401, 4878097, 0, 0, 0
52502, 4380086, 0, 0, 0
52600, 4432552, 0, 0, 0
52703, 4490294, 0, 0, 0
52803, 4522632, 0, 0, 0
52900, 4430908, 0, 0, 0
53002, 4612135, 0, 0, 0
53101, 4511598, 0, 0, 0
53203, 4423133, 0, 0, 0
53302, 4493358, 0, 0, 0
53401, 4513526, 0, 0, 0
53502, 4541088, 0, 0, 0
53600, 4457462, 0, 0, 0
53700, 4776995, 0, 0, 0
53803, 4485875, 0, 0, 0
53904, 4770182, 0, 0, 0
54001, 4636264, 0, 0, 0
54103, 4853886, 0, 0, 0
54200, 4416968, 0, 0, 0
54304, 4504788, 0, 0, 0
54401, 4582723, 0, 0, 0
54503, 4443744, 0, 0, 0
54600, 4233480, 0, 0, 0
54703, 4282547, 0, 0, 0
54802, 4689849, 0, 0, 0
54906, 4709722, 0, 0, 0
55000, 4495526, 0, 0, 0
55102, 4639874, 0, 0, 0
55200, 4631900, 0, 0, 0
55302, 4452532, 0, 0, 0
55400, 4655109, 0, 0, 0
55503, 4660667, 0, 0, 0
55600, 4877837, 0, 0, 0
55705, 4737182, 0, 0, 0
55801, 5050738, 0, 0, 0
55902, 4608743, 0, 0, 0
56000, 4623507, 0, 0, 0
56100, 4360354, 0, 0, 0
56201, 4401223, 0, 0, 0
56300, 4928711, 0, 0, 0
56403, 4700395, 0, 0, 0
56501, 4622629, 0, 0, 0
56603, 4424078, 0, 0, 0
56703, 4552623, 0, 0, 0
56802, 4977901, 0, 0, 0
56901, 4679864, 0, 0, 0
57001, 4562553, 0, 0, 0
57102, 4787772, 0, 0, 0
57203, 4786499, 0, 0, 0
57303, 4576654, 0, 0, 0
57401, 4441979, 0, 0, 0
57500, 4490323, 0, 0, 0
57600, 4540802, 0, 0, 0
57703, 4474953, 0, 0, 0
57800, 4616243, 0, 0, 0
57901, 4359478, 0, 0, 0
58002, 4578614, 0, 0, 0
58105, 4690298, 0, 0, 0
58202, 4622973, 0, 0, 0
58301, 4312167, 0, 0, 0
58400, 4467922, 0, 0, 0
58500, 4991155, 0, 0, 0
58603, 4684113, 0, 0, 0
58700, 4854913, 0, 0, 0
58803, 4288446, 0, 0, 0
58903, 4514872, 0, 0, 0
59000, 4870818, 0, 0, 0
59102, 4415903, 0, 0, 0
59202, 4157713, 0, 0, 0
59303, 4599081, 0, 0, 0
59403, 4522294, 0, 0, 0
59502, 4482175, 0, 0, 0
59600, 4697452, 0, 0, 0
59703, 5114552, 0, 0, 0
59802, 4717112, 0, 0, 0
59900, 4656318, 0, 0, 0
60000, 4544471, 0, 0, 0
60103, 4675463, 0, 0, 0
60203, 4744579, 0, 0, 0
60300, 4874193, 0, 0, 0
60402, 4636607, 0, 0, 0
60500, 4659295, 0, 0, 0
60601, 4796761, 0, 0, 0
60700, 4724292, 0, 0, 0
60803, 4644736, 0, 0, 0
60901, 4442010, 0, 0, 0
61001, 4758890, 0, 0, 0
61103, 4433018, 0, 0, 0
61201, 4699520, 0, 0, 0
61302, 5044225, 0, 0, 0
61403, 4363349, 0, 0, 0
61502, 4494472, 0, 0, 0
61603, 4572806, 0, 0, 0
61705, 4669459, 0, 0, 0
61803, 4850072, 0, 0, 0
61900, 4632549, 0, 0, 0
62002, 4429444, 0, 0, 0
62104, 4425634, 0, 0, 0
62202, 4675337, 0, 0, 0
62302, 4522665, 0, 0, 0
62402, 4548740, 0, 0, 0
62501, 4721421, 0, 0, 0
62601, 4523587, 0, 0, 0
62702, 4392171, 0, 0, 0
62802, 4757452, 0, 0, 0
62902, 4773922, 0, 0, 0
63001, 4679242, 0, 0, 0
63102, 4814914, 0, 0, 0
63203, 4576715, 0, 0, 0
63302, 4728678, 0, 0, 0
63401, 4305063, 0, 0, 0
63504, 4650541, 0, 0, 0
63602, 4440257, 0, 0, 0
63704, 4663671, 0, 0, 0
63804, 4507920, 0, 0, 0
63905, 4597228, 0, 0, 0
64001, 4572645, 0, 0, 0
64100, 4470886, 0, 0, 0
64200, 4777257, 0, 0, 0
64304, 4719807, 0, 0, 0
64402, 4670124, 0, 0, 0
64502, 4759423, 0, 0, 0
64603, 4361837, 0, 0, 0
64703, 4754889, 0, 0, 0
64803, 4784036, 0, 0, 0
64902, 4707307, 0, 0, 0
65002, 5549526, 0, 0, 0
65103, 5016617, 0, 0, 0
65203, 5277030, 0, 0, 0
65303, 4981844, 0, 0, 0
65403, 4556459, 0, 0, 0
65503, 4536915, 0, 0, 0
65600, 5071756, 0, 0, 0
65705, 5004568, 0, 0, 0
65803, 4482306, 0, 0, 0
65903, 4743911, 0, 0, 0
66004, 4782594, 0, 0, 0
66101, 4832869, 0, 0, 0
66203, 4882095, 0, 0, 0
66300, 4600685, 0, 0, 0
66400, 4744830, 0, 0, 0
66500, 4550471, 0, 0, 0
66603, 4680310, 0, 0, 0
66703, 4542077, 0, 0, 0
66802, 4297241, 0, 0, 0
66903, 4380931, 0, 0, 0
67001, 5162262, 0, 0, 0
67103, 4837183, 0, 0, 0
67200, 4428291, 0, 0, 0
67301, 4548875, 0, 0, 0
67404, 4678598, 0, 0, 0
67506, 4874764, 0, 0, 0
67600, 5202067, 0, 0, 0
67702, 4645097, 0, 0, 0
67800, 4894628, 0, 0, 0
67900, 4761680, 0, 0, 0
68000, 4742179, 0, 0, 0
68100, 4539966, 0, 0, 0
68205, 4543574, 0, 0, 0
68302, 4878857, 0, 0, 0
68402, 4513528, 0, 0, 0
68502, 4551113, 0, 0, 0
68603, 4786629, 0, 0, 0
68700, 4656299, 0, 0, 0
68803, 4116619, 0, 0, 0
68903, 4742165, 0, 0, 0
69002, 4481858, 0, 0, 0
69102, 4565375, 0, 0, 0
69200, 4648366, 0, 0, 0
69301, 4364187, 0, 0, 0
69404, 4481949, 0, 0, 0
69500, 4570939, 0, 0, 0
69603, 4302231, 0, 0, 0
69702, 4691309, 0, 0, 0
69800, 4676959, 0, 0, 0
69905, 4734045, 0, 0, 0
70001, 4388745, 0, 0, 0
70101, 4730656, 0, 0, 0
70202, 5338324, 0, 0, 0
70303, 4357857, 0, 0, 0
70402, 4528278, 0, 0, 0
70504, 4398786, 0, 0, 0
70604, 4580357, 0, 0, 0
70703, 4263884, 0, 0, 0
70803, 4572535, 0, 0, 0
70902, 4308344, 0, 0, 0
71003, 4571931, 0, 0, 0
71103, 5230086, 0, 0, 0
71200, 4644180, 0, 0, 0
71301, 4356231, 0, 0, 0
71402, 4583591, 0, 0, 0
71504, 4458909, 0, 0, 0
71601, 4846376, 0, 0, 0
71701, 4736220, 0, 0, 0
71803, 4623834, 0, 0, 0
71905, 5095935, 0, 0, 0
72002, 5119307, 0, 0, 0
72102, 4963418, 0, 0, 0
72200, 4699266, 0, 0, 0
72302, 4619578, 0, 0, 0
72404, 4403443, 0, 0, 0
72500, 4608133, 0, 0, 0
72603, 4882347, 0, 0, 0
72702, 4702796, 0, 0, 0
72802, 4353274, 0, 0, 0
72903, 4589917, 0, 0, 0
73003, 4751790, 0, 0, 0
73101, 4643602, 0, 0, 0
73202, 4388363, 0, 0, 0
73302, 4558059, 0, 0, 0
73403, 4560993, 0, 0, 0
73501, 4470052, 0, 0, 0
73604, 4660837, 0, 0, 0
73701, 4593119, 0, 0, 0
73801, 4575621, 0, 0, 0
73903, 4393546, 0, 0, 0
74001, 4904119, 0, 0, 0
74102, 4821271, 0, 0, 0
74203, 4814226, 0, 0, 0
74302, 4685649, 0, 0, 0
74402, 4539664, 0, 0, 0
74502, 4360928, 0, 0, 0
74604, 4834031, 0, 0, 0
74701, 4642124, 0, 0, 0
74803, 4829506, 0, 0, 0
74904, 4611844, 0, 0, 0
75002, 4655442, 0, 0, 0
75101, 4705522, 0, 0, 0
75202, 4569087, 0, 0, 0
75300, 4449361, 0, 0, 0
75402, 4634100, 0, 0, 0
75503, 4788937, 0, 0, 0
75602, 4973240, 0, 0, 0
75700, 4665724, 0, 0, 0
75802, 4596736, 0, 0, 0
75902, 4566155, 0, 0, 0
76002, 4346676, 0, 0, 0
76102, 4718211, 0, 0, 0
76201, 4736193, 0, 0, 0
76302, 4599782, 0, 0, 0
76400, 4900472, 0, 0, 0
76500, 4501477, 0, 0, 0
76601, 4797915, 0, 0, 0
76703, 4450799, 0, 0, 0
76803, 4745883, 0, 0, 0
76900, 4624774, 0, 0, 0
77004, 4920898, 0, 0, 0
77102, 4679565, 0, 0, 0
77203, 4603362, 0, 0, 0
77302, 4690014, 0, 0, 0
77402, 4777069, 0, 0, 0
77501, 4700885, 0, 0, 0
77601, 4751868, 0, 0, 0
77703, 4867881, 0, 0, 0
77802, 4478340, 0, 0, 0
77900, 4648621, 0, 0, 0
78001, 4605924, 0, 0, 0
78102, 4787159, 0, 0, 0
78201, 4721528, 0, 0, 0
78303, 4851527, 0, 0, 0
78402, 4697298, 0, 0, 0
78502, 4764342, 0, 0, 0
78600, 4883409, 0, 0, 0
78702, 4878036, 0, 0, 0
78800, 4848264, 0, 0, 0
78904, 4731188, 0, 0, 0
79003, 4742548, 0, 0, 0
79100, 4811991, 0, 0, 0
79200, 4979410, 0, 0, 0
79303, 4502511, 0, 0, 0
79404, 4375927, 0, 0, 0
79502, 4647452, 0, 0, 0
79600, 5158317, 0, 0, 0
79700, 4767939, 0, 0, 0
79803, 4476364, 0, 0, 0
79904, 4365063, 0, 0, 0
80001, 4227323, 0, 0, 0
80100, 4710870, 0, 0, 0
80201, 4819168, 0, 0, 0
80300, 4667378, 0, 0, 0
80400, 4768241, 0, 0, 0
80500, 4994570, 0, 0, 0
80605, 4786552, 0, 0, 0
80703, 4443674, 0, 0, 0
80804, 4368356, 0, 0, 0
80903, 4483298, 0, 0, 0
81002, 4515567, 0, 0, 0
81101, 4500917, 0, 0, 0
81201, 4514160, 0, 0, 0
81301, 4780425, 0, 0, 0
81403, 4837924, 0, 0, 0
81502, 4694417, 0, 0, 0
81602, 5010569, 0, 0, 0
81700, 4893234, 0, 0, 0
81805, 4773129, 0, 0, 0
81904, 4681378, 0, 0, 0
82001, 4874480, 0, 0, 0
82102, 5036741, 0, 0, 0
82205, 4676581, 0, 0, 0
82300, 4990419, 0, 0, 0
82403, 4891693, 0, 0, 0
82500, 4832163, 0, 0, 0
82601, 4617645, 0, 0, 0
82701, 4985668, 0, 0, 0
82803, 4445356, 0, 0, 0
82900, 4575236, 0, 0, 0
83001, 4608828, 0, 0, 0
83101, 4346922, 0, 0, 0
83202, 4361451, 0, 0, 0
83304, 4630832, 0, 0, 0
83402, 4482317, 0, 0, 0
83503, 4775650, 0, 0, 0
83601, 4655612, 0, 0, 0
83703, 4636365, 0, 0, 0
83805, 4659573, 0, 0, 0
83903, 5156157, 0, 0, 0
84002, 4693680, 0, 0, 0
84103, 5028635, 0, 0, 0
84203, 4782903, 0, 0, 0
84302, 4955633, 0, 0, 0
84402, 4521390, 0, 0, 0
84500, 4871331, 0, 0, 0
84601, 4816714, 0, 0, 0
84701, 4772192, 0, 0, 0
84802, 4802498, 0, 0, 0
84902, 4988242, 0, 0, 0
85002, 4353347, 0, 0, 0
85101, 4926055, 0, 0, 0
85202, 4798890, 0, 0, 0
85307, 4791155, 0, 0, 0
85403, 4791286, 0, 0, 0
85500, 4813496, 0, 0, 0
85603, 4904029, 0, 0, 0
85701, 4661864, 0, 0, 0
85801, 4774201, 0, 0, 0
85902, 4586982, 0, 0, 0
86003, 4778297, 0, 0, 0
86103, 4553851, 0, 0, 0
86203, 4755878, 0, 0, 0
86304, 5050585, 0, 0, 0
86404, 4750820, 0, 0, 0
86501, 4430972, 0, 0, 0
86602, 4766315, 0, 0, 0
86700, 4692199, 0, 0, 0
86803, 4865894, 0, 0, 0
86902, 4319056, 0, 0, 0
87000, 4647551, 0, 0, 0
87104, 4524167, 0, 0, 0
87202, 4475005, 0, 0, 0
87300, 4651952, 0, 0, 0
87401, 4778425, 0, 0, 0
87501, 4995024, 0, 0, 0
87601, 4546685, 0, 0, 0
87701, 5021377, 0, 0, 0
87802, 4781415, 0, 0, 0
87903, 4600494, 0, 0, 0
88002, 4925970, 0, 0, 0
88103, 4831318, 0, 0, 0
88203, 4955769, 0, 0, 0
88300, 4855006, 0, 0, 0
88400, 4748300, 0, 0, 0
88502, 4850877, 0, 0, 0
88602, 4344589, 0, 0, 0
88703, 4822483, 0, 0, 0
88801, 4646968, 0, 0, 0
88903, 5092255, 0, 0, 0
89003, 4984804, 0, 0, 0
89100, 4846644, 0, 0, 0
89201, 4593497, 0, 0, 0
89300, 4696518, 0, 0, 0
89404, 4973430, 0, 0, 0
89502, 4890764, 0, 0, 0
89600, 4905257, 0, 0, 0
89701, 4578185, 0, 0, 0
89801, 4524566, 0, 0, 0
89904, 4687100, 0, 0, 0
90000, 4168488, 0, 0, 0
