100, 5170, 0, 0, 0
100, 2150, 1, 0, 0
200, 4010, 0, 0, 0
200, 1980, 1, 0, 0
300, 4560, 0, 0, 0
300, 2070, 1, 0, 0
400, 5400, 0, 0, 0
400, 1940, 1, 0, 0
500, 4494, 0, 0, 0
500, 2040, 1, 0, 0
600, 4480, 0, 0, 0
600, 1930, 1, 0, 0
700, 4850, 0, 0, 0
700, 1910, 1, 0, 0
800, 4350, 0, 0, 0
800, 2210, 1, 0, 0
900, 4960, 0, 0, 0
900, 2200, 1, 0, 0
999, 4717, 0, 0, 0
999, 2141, 1, 0, 0
1099, 4910, 0, 0, 0
1099, 2210, 1, 0, 0
1199, 4830, 0, 0, 0
1199, 2040, 1, 0, 0
1299, 4510, 0, 0, 0
1299, 2040, 1, 0, 0
1400, 4590, 0, 0, 0
1400, 2140, 1, 0, 0
1500, 3990, 0, 0, 0
1500, 1910, 1, 0, 0
1600, 5080, 0, 0, 0
1600, 1820, 1, 0, 0
1700, 4550, 0, 0, 0
1700, 2050, 1, 0, 0
1800, 4750, 0, 0, 0
1800, 1950, 1, 0, 0
1900, 4670, 0, 0, 0
1900, 2100, 1, 0, 0
2000, 5151, 0, 0, 0
2000, 2161, 1, 0, 0
2100, 4840, 0, 0, 0
2100, 2050, 1, 0, 0
2200, 4880, 0, 0, 0
2200, 2260, 1, 0, 0
2300, 4640, 0, 0, 0
2300, 1980, 1, 0, 0
2400, 4960, 0, 0, 0
2400, 2040, 1, 0, 0
2499, 4828, 0, 0, 0
2499, 2151, 1, 0, 0
2599, 4220, 0, 0, 0
2599, 2060, 1, 0, 0
2699, 4350, 0, 0, 0
2699, 2070, 1, 0, 0
2800, 4670, 0, 0, 0
2800, 1960, 1, 0, 0
2900, 4590, 0, 0, 0
2900, 2090, 1, 0, 0
2999, 4767, 0, 0, 0
2999, 2010, 1, 0, 0
3099, 5070, 0, 0, 0
3099, 2050, 1, 0, 0
3199, 4690, 0, 0, 0
3199, 2200, 1, 0, 0
3299, 4750, 0, 0, 0
3299, 1800, 1, 0, 0
3399, 5010, 0, 0, 0
3399, 1990, 1, 0, 0
3499, 4500, 0, 0, 0
3499, 2190, 1, 0, 0
3599, 4430, 0, 0, 0
3599, 2120, 1, 0, 0
3700, 4670, 0, 0, 0
3700, 2040, 1, 0, 0
3800, 4670, 0, 0, 0
3800, 1760, 1, 0, 0
3900, 4650, 0, 0, 0
3900, 1970, 1, 0, 0
3999, 4747, 0, 0, 0
3999, 2262, 1, 0, 0
4099, 4900, 0, 0, 0
4099, 2190, 1, 0, 0
4199, 4250, 0, 0, 0
4199, 1920, 1, 0, 0
4299, 4710, 0, 0, 0
4299, 2030, 1, 0, 0
4399, 5070, 0, 0, 0
4399, 2130, 1, 0, 0
4501, 4405, 0, 0, 0
4501, 2425, 1, 0, 0
4601, 4888, 0, 0, 0
4601, 2040, 1, 0, 0
4700, 5151, 0, 0, 0
4700, 2111, 1, 0, 0
4800, 4070, 0, 0, 0
4800, 1960, 1, 0, 0
4900, 4940, 0, 0, 0
4900, 1820, 1, 0, 0
4999, 4858, 0, 0, 0
4999, 1868, 1, 0, 0
5099, 4270, 0, 0, 0
5099, 1700, 1, 0, 0
5199, 4380, 0, 0, 0
5199, 1790, 1, 0, 0
5299, 4210, 0, 0, 0
5299, 1910, 1, 0, 0
5399, 4560, 0, 0, 0
5399, 2230, 1, 0, 0
5500, 4120, 0, 0, 0
5500, 2050, 1, 0, 0
5600, 4740, 0, 0, 0
5600, 2050, 1, 0, 0
5700, 4450, 0, 0, 0
5700, 2050, 1, 0, 0
5800, 4090, 0, 0, 0
5800, 2130, 1, 0, 0
5900, 4870, 0, 0, 0
5900, 1850, 1, 0, 0
5999, 4727, 0, 0, 0
5999, 2050, 1, 0, 0
6099, 4290, 0, 0, 0
6099, 2270, 1, 0, 0
6199, 4800, 0, 0, 0
6199, 2040, 1, 0, 0
6300, 5100, 0, 0, 0
6300, 1890, 1, 0, 0
6400, 4660, 0, 0, 0
6400, 2120, 1, 0, 0
6500, 5240, 0, 0, 0
6500, 2190, 1, 0, 0
6600, 4980, 0, 0, 0
6600, 2220, 1, 0, 0
6700, 4870, 0, 0, 0
6700, 2230, 1, 0, 0
6801, 5430, 0, 0, 0
6801, 2140, 1, 0, 0
6900, 4494, 0, 0, 0
6900, 2090, 1, 0, 0
7000, 4060, 0, 0, 0
7000, 1820, 1, 0, 0
7100, 5070, 0, 0, 0
7100, 1990, 1, 0, 0
7200, 4810, 0, 0, 0
7200, 2020, 1, 0, 0
7300, 4670, 0, 0, 0
7300, 2090, 1, 0, 0
7400, 4660, 0, 0, 0
7400, 2420, 1, 0, 0
7500, 4590, 0, 0, 0
7500, 2130, 1, 0, 0
7600, 4850, 0, 0, 0
7600, 1940, 1, 0, 0
7700, 4690, 0, 0, 0
7700, 2120, 1, 0, 0
7800, 5440, 0, 0, 0
7800, 2400, 1, 0, 0
7900, 4800, 0, 0, 0
7900, 2050, 1, 0, 0
7999, 4878, 0, 0, 0
7999, 2030, 1, 0, 0
8100, 5260, 0, 0, 0
8100, 2130, 1, 0, 0
8200, 5600, 0, 0, 0
8200, 2010, 1, 0, 0
8300, 4730, 0, 0, 0
8300, 2190, 1, 0, 0
8400, 5190, 0, 0, 0
8400, 2070, 1, 0, 0
8500, 5130, 0, 0, 0
8500, 1920, 1, 0, 0
8600, 5200, 0, 0, 0
8600, 2150, 1, 0, 0
8700, 5340, 0, 0, 0
8700, 2070, 1, 0, 0
8800, 5454, 0, 0, 0
8800, 2131, 1, 0, 0
8900, 5000, 0, 0, 0
8900, 2190, 1, 0, 0
9000, 4750, 0, 0, 0
9000, 2090, 1, 0, 0
9100, 4410, 0, 0, 0
9100, 1970, 1, 0, 0
9200, 4350, 0, 0, 0
9200, 2200, 1, 0, 0
9300, 4380, 0, 0, 0
9300, 2170, 1, 0, 0
9400, 4790, 0, 0, 0
9400, 2170, 1, 0, 0
9500, 4860, 0, 0, 0
9500, 1920, 1, 0, 0
9601, 4930, 0, 0, 0
9601, 2270, 1, 0, 0
9700, 4747, 0, 0, 0
9700, 2080, 1, 0, 0
9800, 4760, 0, 0, 0
9800, 2080, 1, 0, 0
9900, 4970, 0, 0, 0
9900, 1970, 1, 0, 0
9999, 4939, 0, 0, 0
9999, 2222, 1, 0, 0
10099, 4810, 0, 0, 0
10099, 2420, 1, 0, 0
10200, 4200, 0, 0, 0
10200, 1970, 1, 0, 0
10300, 4505, 0, 0, 0
10300, 2090, 1, 0, 0
10400, 4820, 0, 0, 0
10400, 2160, 1, 0, 0
10500, 4760, 0, 0, 0
10500, 2210, 1, 0, 0
10600, 4760, 0, 0, 0
10600, 2200, 1, 0, 0
10700, 5190, 0, 0, 0
10700, 2230, 1, 0, 0
10800, 4640, 0, 0, 0
10800, 1970, 1, 0, 0
10900, 4100, 0, 0, 0
10900, 1820, 1, 0, 0
11000, 4606, 0, 0, 0
11000, 1818, 1, 0, 0
11100, 4470, 0, 0, 0
11100, 1860, 1, 0, 0
11200, 4540, 0, 0, 0
11200, 1920, 1, 0, 0
11300, 5150, 0, 0, 0
11300, 2010, 1, 0, 0
11400, 5180, 0, 0, 0
11400, 2380, 1, 0, 0
11500, 4890, 0, 0, 0
11500, 2120, 1, 0, 0
11601, 4970, 0, 0, 0
11601, 2070, 1, 0, 0
11700, 4777, 0, 0, 0
11700, 2030, 1, 0, 0
11800, 4580, 0, 0, 0
11800, 1850, 1, 0, 0
11900, 4180, 0, 0, 0
11900, 2080, 1, 0, 0
11999, 5101, 0, 0, 0
11999, 2111, 1, 0, 0
12100, 4120, 0, 0, 0
12100, 1860, 1, 0, 0
12200, 4210, 0, 0, 0
12200, 2200, 1, 0, 0
12300, 4790, 0, 0, 0
12300, 2140, 1, 0, 0
12400, 4880, 0, 0, 0
12400, 2020, 1, 0, 0
12501, 4910, 0, 0, 0
12501, 1980, 1, 0, 0
12600, 5030, 0, 0, 0
12600, 2161, 1, 0, 0
12700, 4880, 0, 0, 0
12700, 2180, 1, 0, 0
12800, 4600, 0, 0, 0
12800, 2130, 1, 0, 0
12900, 4570, 0, 0, 0
12900, 2040, 1, 0, 0
12999, 5666, 0, 0, 0
12999, 2313, 1, 0, 0
13099, 5240, 0, 0, 0
13099, 2230, 1, 0, 0
13200, 4770, 0, 0, 0
13200, 2040, 1, 0, 0
13301, 4810, 0, 0, 0
13301, 1930, 1, 0, 0
13400, 4484, 0, 0, 0
13400, 2161, 1, 0, 0
13500, 4700, 0, 0, 0
13500, 2060, 1, 0, 0
13600, 4740, 0, 0, 0
13600, 2160, 1, 0, 0
13701, 4740, 0, 0, 0
13701, 2110, 1, 0, 0
13800, 5212, 0, 0, 0
13800, 2141, 1, 0, 0
13900, 4950, 0, 0, 0
13900, 2100, 1, 0, 0
13999, 5575, 0, 0, 0
13999, 2010, 1, 0, 0
14099, 4780, 0, 0, 0
14099, 2150, 1, 0, 0
14199, 5050, 0, 0, 0
14199, 2210, 1, 0, 0
14299, 4600, 0, 0, 0
14299, 2310, 1, 0, 0
14400, 5140, 0, 0, 0
14400, 2010, 1, 0, 0
14500, 5030, 0, 0, 0
14500, 2140, 1, 0, 0
14600, 5000, 0, 0, 0
14600, 2280, 1, 0, 0
14700, 5030, 0, 0, 0
14700, 2100, 1, 0, 0
14800, 4590, 0, 0, 0
14800, 2060, 1, 0, 0
14900, 4610, 0, 0, 0
14900, 2060, 1, 0, 0
15000, 5101, 0, 0, 0
15000, 2080, 1, 0, 0
15100, 4790, 0, 0, 0
15100, 1950, 1, 0, 0
15200, 4730, 0, 0, 0
15200, 2130, 1, 0, 0
15300, 4900, 0, 0, 0
15300, 2090, 1, 0, 0
15400, 5220, 0, 0, 0
15400, 1960, 1, 0, 0
15500, 4600, 0, 0, 0
15500, 2020, 1, 0, 0
15600, 4470, 0, 0, 0
15600, 2040, 1, 0, 0
15700, 5290, 0, 0, 0
15700, 2060, 1, 0, 0
15800, 4989, 0, 0, 0
15800, 2000, 1, 0, 0
15900, 5230, 0, 0, 0
15900, 2060, 1, 0, 0
15999, 4737, 0, 0, 0
15999, 1939, 1, 0, 0
16100, 4760, 0, 0, 0
16100, 2250, 1, 0, 0
16200, 5530, 0, 0, 0
16200, 2240, 1, 0, 0
16300, 4770, 0, 0, 0
16300, 2090, 1, 0, 0
16400, 4960, 0, 0, 0
16400, 2110, 1, 0, 0
16500, 5220, 0, 0, 0
16500, 1940, 1, 0, 0
16600, 5070, 0, 0, 0
16600, 1990, 1, 0, 0
16700, 4880, 0, 0, 0
16700, 1960, 1, 0, 0
16800, 4898, 0, 0, 0
16800, 2181, 1, 0, 0
16900, 5030, 0, 0, 0
16900, 2120, 1, 0, 0
16999, 4909, 0, 0, 0
16999, 1929, 1, 0, 0
17099, 4710, 0, 0, 0
17099, 1900, 1, 0, 0
17200, 4850, 0, 0, 0
17200, 1980, 1, 0, 0
17300, 4990, 0, 0, 0
17300, 2230, 1, 0, 0
17400, 4650, 0, 0, 0
17400, 2030, 1, 0, 0
17501, 4670, 0, 0, 0
17501, 2010, 1, 0, 0
17600, 4424, 0, 0, 0
17600, 1919, 1, 0, 0
17700, 4750, 0, 0, 0
17700, 1970, 1, 0, 0
17800, 4560, 0, 0, 0
17800, 2210, 1, 0, 0
17900, 4670, 0, 0, 0
17900, 2170, 1, 0, 0
17999, 4777, 0, 0, 0
17999, 2010, 1, 0, 0
18099, 4690, 0, 0, 0
18099, 2000, 1, 0, 0
18200, 4360, 0, 0, 0
18200, 1850, 1, 0, 0
18300, 5070, 0, 0, 0
18300, 2050, 1, 0, 0
18400, 4290, 0, 0, 0
18400, 2040, 1, 0, 0
18500, 5130, 0, 0, 0
18500, 2250, 1, 0, 0
18600, 4550, 0, 0, 0
18600, 1870, 1, 0, 0
18700, 4950, 0, 0, 0
18700, 2070, 1, 0, 0
18800, 5230, 0, 0, 0
18800, 2070, 1, 0, 0
18900, 5010, 0, 0, 0
18900, 2180, 1, 0, 0
18999, 5353, 0, 0, 0
18999, 2080, 1, 0, 0
19100, 4770, 0, 0, 0
19100, 2180, 1, 0, 0
19200, 5130, 0, 0, 0
19200, 1950, 1, 0, 0
19300, 5260, 0, 0, 0
19300, 2220, 1, 0, 0
19400, 5350, 0, 0, 0
19400, 1870, 1, 0, 0
19501, 5120, 0, 0, 0
19501, 2100, 1, 0, 0
19600, 4909, 0, 0, 0
19600, 2151, 1, 0, 0
19700, 4590, 0, 0, 0
19700, 2110, 1, 0, 0
19800, 5300, 0, 0, 0
19800, 2110, 1, 0, 0
19900, 4910, 0, 0, 0
19900, 2000, 1, 0, 0
19999, 4848, 0, 0, 0
19999, 2111, 1, 0, 0
20099, 4870, 0, 0, 0
20099, 2440, 1, 0, 0
20199, 4760, 0, 0, 0
20199, 1880, 1, 0, 0
20300, 4720, 0, 0, 0
20300, 2210, 1, 0, 0
20400, 5500, 0, 0, 0
20400, 2180, 1, 0, 0
20500, 4610, 0, 0, 0
20500, 2120, 1, 0, 0
20600, 4870, 0, 0, 0
20600, 1960, 1, 0, 0
20700, 4340, 0, 0, 0
20700, 2060, 1, 0, 0
20800, 5100, 0, 0, 0
20800, 2050, 1, 0, 0
20900, 4570, 0, 0, 0
20900, 2130, 1, 0, 0
20999, 4979, 0, 0, 0
20999, 2141, 1, 0, 0
21099, 5250, 0, 0, 0
21099, 2020, 1, 0, 0
21200, 4970, 0, 0, 0
21200, 2120, 1, 0, 0
21300, 4740, 0, 0, 0
21300, 2040, 1, 0, 0
21400, 4950, 0, 0, 0
21400, 2290, 1, 0, 0
21501, 4590, 0, 0, 0
21501, 2120, 1, 0, 0
21600, 4818, 0, 0, 0
21600, 2060, 1, 0, 0
21700, 5150, 0, 0, 0
21700, 2080, 1, 0, 0
21800, 5070, 0, 0, 0
21800, 2070, 1, 0, 0
21900, 4730, 0, 0, 0
21900, 2310, 1, 0, 0
22000, 4868, 0, 0, 0
22000, 1989, 1, 0, 0
22100, 4520, 0, 0, 0
22100, 2090, 1, 0, 0
22200, 4540, 0, 0, 0
22200, 2360, 1, 0, 0
22300, 4858, 0, 0, 0
22300, 1979, 1, 0, 0
22400, 5280, 0, 0, 0
22400, 2180, 1, 0, 0
22500, 4640, 0, 0, 0
22500, 2270, 1, 0, 0
22600, 4710, 0, 0, 0
22600, 2040, 1, 0, 0
22700, 5010, 0, 0, 0
22700, 2020, 1, 0, 0
22800, 4870, 0, 0, 0
22800, 2210, 1, 0, 0
22900, 4610, 0, 0, 0
22900, 2250, 1, 0, 0
23000, 5191, 0, 0, 0
23000, 2000, 1, 0, 0
23100, 5100, 0, 0, 0
23100, 2000, 1, 0, 0
23200, 4590, 0, 0, 0
23200, 1960, 1, 0, 0
23300, 4620, 0, 0, 0
23300, 2290, 1, 0, 0
23400, 4970, 0, 0, 0
23400, 1840, 1, 0, 0
23500, 4730, 0, 0, 0
23500, 1910, 1, 0, 0
23600, 4820, 0, 0, 0
23600, 2170, 1, 0, 0
23700, 4850, 0, 0, 0
23700, 1860, 1, 0, 0
23800, 4710, 0, 0, 0
23800, 1920, 1, 0, 0
23900, 5080, 0, 0, 0
23900, 2050, 1, 0, 0
24000, 4747, 0, 0, 0
24000, 1888, 1, 0, 0
24100, 4950, 0, 0, 0
24100, 2020, 1, 0, 0
24201, 4950, 0, 0, 0
24201, 1740, 1, 0, 0
24300, 4808, 0, 0, 0
24300, 2161, 1, 0, 0
24400, 4400, 0, 0, 0
24400, 2180, 1, 0, 0
24500, 4690, 0, 0, 0
24500, 2240, 1, 0, 0
24600, 4510, 0, 0, 0
24600, 1970, 1, 0, 0
24700, 4830, 0, 0, 0
24700, 2160, 1, 0, 0
24800, 4610, 0, 0, 0
24800, 2230, 1, 0, 0
24900, 4650, 0, 0, 0
24901, 2190, 1, 0, 0
25000, 4616, 0, 0, 0
25000, 2060, 1, 0, 0
25100, 4730, 0, 0, 0
25100, 2120, 1, 0, 0
25200, 5040, 0, 0, 0
25200, 2140, 1, 0, 0
25300, 4820, 0, 0, 0
25300, 2180, 1, 0, 0
25400, 4740, 0, 0, 0
25400, 1810, 1, 0, 0
25500, 5080, 0, 0, 0
25500, 2260, 1, 0, 0
25600, 5250, 0, 0, 0
25600, 2220, 1, 0, 0
25701, 4770, 0, 0, 0
25701, 1890, 1, 0, 0
25800, 4676, 0, 0, 0
25800, 2191, 1, 0, 0
25900, 4550, 0, 0, 0
25900, 2120, 1, 0, 0
25999, 4737, 0, 0, 0
25999, 1919, 1, 0, 0
26099, 4890, 0, 0, 0
26099, 2150, 1, 0, 0
26200, 4780, 0, 0, 0
26200, 2110, 1, 0, 0
26300, 4880, 0, 0, 0
26300, 2110, 1, 0, 0
26400, 4850, 0, 0, 0
26400, 2170, 1, 0, 0
26500, 4980, 0, 0, 0
26500, 2130, 1, 0, 0
26600, 5180, 0, 0, 0
26600, 2130, 1, 0, 0
26700, 4670, 0, 0, 0
26700, 2300, 1, 0, 0
26800, 4990, 0, 0, 0
26800, 2150, 1, 0, 0
26901, 5070, 0, 0, 0
26901, 2280, 1, 0, 0
27000, 5090, 0, 0, 0
27000, 1979, 1, 0, 0
27101, 4860, 0, 0, 0
27101, 2220, 1, 0, 0
27200, 5383, 0, 0, 0
27200, 1878, 1, 0, 0
27301, 4680, 0, 0, 0
27301, 2120, 1, 0, 0
27400, 4434, 0, 0, 0
27400, 2080, 1, 0, 0
27500, 5230, 0, 0, 0
27500, 2300, 1, 0, 0
27600, 4230, 0, 0, 0
27600, 2000, 1, 0, 0
27700, 4580, 0, 0, 0
27700, 2140, 1, 0, 0
27800, 4580, 0, 0, 0
27800, 2260, 1, 0, 0
27900, 4390, 0, 0, 0
27900, 2240, 1, 0, 0
28000, 5212, 0, 0, 0
28000, 2191, 1, 0, 0
28100, 4530, 0, 0, 0
28100, 2000, 1, 0, 0
28200, 4770, 0, 0, 0
28200, 2160, 1, 0, 0
28300, 4646, 0, 0, 0
28300, 1878, 1, 0, 0
28400, 4540, 0, 0, 0
28400, 1950, 1, 0, 0
28500, 4940, 0, 0, 0
28500, 1860, 1, 0, 0
28600, 4820, 0, 0, 0
28600, 2080, 1, 0, 0
28700, 5010, 0, 0, 0
28700, 1960, 1, 0, 0
28800, 4640, 0, 0, 0
28800, 2070, 1, 0, 0
28900, 4810, 0, 0, 0
28900, 1990, 1, 0, 0
29000, 4898, 0, 0, 0
29000, 2000, 1, 0, 0
29100, 5100, 0, 0, 0
29100, 2110, 1, 0, 0
29200, 4910, 0, 0, 0
29200, 1880, 1, 0, 0
29300, 4860, 0, 0, 0
29300, 1930, 1, 0, 0
29400, 5180, 0, 0, 0
29400, 2070, 1, 0, 0
29500, 4950, 0, 0, 0
29500, 2050, 1, 0, 0
29601, 4500, 0, 0, 0
29601, 2150, 1, 0, 0
29700, 4636, 0, 0, 0
29700, 2171, 1, 0, 0
29800, 5420, 0, 0, 0
29800, 2120, 1, 0, 0
29900, 4580, 0, 0, 0
29900, 1960, 1, 0, 0
30000, 4969, 0, 0, 0
30000, 2000, 1, 0, 0
30100, 4910, 0, 0, 0
30100, 2080, 1, 0, 0
30200, 4780, 0, 0, 0
30200, 2050, 1, 0, 0
30300, 5080, 0, 0, 0
30300, 2160, 1, 0, 0
30400, 5080, 0, 0, 0
30400, 2260, 1, 0, 0
30500, 4330, 0, 0, 0
30500, 2140, 1, 0, 0
30600, 5310, 0, 0, 0
30600, 2160, 1, 0, 0
30700, 4840, 0, 0, 0
30700, 2190, 1, 0, 0
30800, 4989, 0, 0, 0
30800, 1888, 1, 0, 0
30900, 4570, 0, 0, 0
30900, 2050, 1, 0, 0
30999, 4666, 0, 0, 0
30999, 1818, 1, 0, 0
31099, 4460, 0, 0, 0
31099, 1780, 1, 0, 0
31199, 5390, 0, 0, 0
31199, 1970, 1, 0, 0
31299, 4970, 0, 0, 0
31299, 1960, 1, 0, 0
31399, 4620, 0, 0, 0
31399, 2250, 1, 0, 0
31499, 4520, 0, 0, 0
31499, 2100, 1, 0, 0
31600, 5250, 0, 0, 0
31600, 2030, 1, 0, 0
31700, 4820, 0, 0, 0
31700, 1910, 1, 0, 0
31800, 5030, 0, 0, 0
31800, 2210, 1, 0, 0
31900, 4420, 0, 0, 0
31900, 2200, 1, 0, 0
32000, 5323, 0, 0, 0
32000, 2080, 1, 0, 0
32100, 5110, 0, 0, 0
32100, 2110, 1, 0, 0
32200, 4630, 0, 0, 0
32200, 2050, 1, 0, 0
32301, 4920, 0, 0, 0
32301, 2148, 1, 0, 0
32402, 4590, 0, 0, 0
32402, 2260, 1, 0, 0
32502, 4720, 0, 0, 0
32502, 1890, 1, 0, 0
32602, 4550, 0, 0, 0
32602, 2240, 1, 0, 0
32702, 4210, 0, 0, 0
32702, 1730, 1, 0, 0
32802, 4490, 0, 0, 0
32802, 1880, 1, 0, 0
32902, 4450, 0, 0, 0
32902, 1870, 1, 0, 0
33003, 4940, 0, 0, 0
33003, 1870, 1, 0, 0
33103, 4720, 0, 0, 0
33103, 1790, 1, 0, 0
33203, 4960, 0, 0, 0
33203, 2070, 1, 0, 0
33303, 4540, 0, 0, 0
33303, 1990, 1, 0, 0
33404, 4870, 0, 0, 0
33404, 2090, 1, 0, 0
33504, 4790, 0, 0, 0
33504, 1990, 1, 0, 0
33604, 4370, 0, 0, 0
33604, 1690, 1, 0, 0
33704, 4550, 0, 0, 0
33704, 1860, 1, 0, 0
33805, 4730, 0, 0, 0
33805, 2290, 1, 0, 0
33905, 4490, 0, 0, 0
33905, 1940, 1, 0, 0
34005, 4480, 0, 0, 0
34005, 2090, 1, 0, 0
34105, 4760, 0, 0, 0
34105, 2000, 1, 0, 0
34206, 4350, 0, 0, 0
34206, 1880, 1, 0, 0
34307, 4574, 0, 0, 0
34307, 2089, 1, 0, 0
34407, 4970, 0, 0, 0
34407, 2250, 1, 0, 0
34507, 4430, 0, 0, 0
34507, 2090, 1, 0, 0
34607, 4960, 0, 0, 0
34607, 2120, 1, 0, 0
34708, 4760, 0, 0, 0
34708, 2000, 1, 0, 0
34809, 4110, 0, 0, 0
34809, 2020, 1, 0, 0
34909, 5300, 0, 0, 0
34909, 2130, 1, 0, 0
35009, 5680, 0, 0, 0
35009, 2400, 1, 0, 0
35110, 5250, 0, 0, 0
35110, 2100, 1, 0, 0
35210, 4730, 0, 0, 0
35210, 2040, 1, 0, 0
35311, 5230, 0, 0, 0
35311, 2130, 1, 0, 0
35411, 5050, 0, 0, 0
35411, 2190, 1, 0, 0
35511, 5150, 0, 0, 0
35511, 2200, 1, 0, 0
35611, 4970, 0, 0, 0
35611, 2140, 1, 0, 0
35711, 4430, 0, 0, 0
35711, 2230, 1, 0, 0
35811, 5320, 0, 0, 0
35811, 1960, 1, 0, 0
35911, 5230, 0, 0, 0
35911, 2130, 1, 0, 0
36012, 5130, 0, 0, 0
36012, 2120, 1, 0, 0
36112, 5070, 0, 0, 0
36112, 2430, 1, 0, 0
36213, 5280, 0, 0, 0
36213, 2240, 1, 0, 0
36313, 4670, 0, 0, 0
36313, 2060, 1, 0, 0
36414, 5420, 0, 0, 0
36414, 2170, 1, 0, 0
36514, 4570, 0, 0, 0
36514, 1960, 1, 0, 0
36614, 5140, 0, 0, 0
36614, 1770, 1, 0, 0
36714, 4850, 0, 0, 0
36714, 2190, 1, 0, 0
36815, 4650, 0, 0, 0
36815, 2080, 1, 0, 0
36915, 4830, 0, 0, 0
36915, 2260, 1, 0, 0
37015, 4280, 0, 0, 0
37015, 1860, 1, 0, 0
37115, 4530, 0, 0, 0
37115, 1980, 1, 0, 0
37215, 5130, 0, 0, 0
37215, 2270, 1, 0, 0
37316, 4980, 0, 0, 0
37316, 1980, 1, 0, 0
37416, 5310, 0, 0, 0
37416, 2220, 1, 0, 0
37516, 5370, 0, 0, 0
37516, 2240, 1, 0, 0
37616, 4670, 0, 0, 0
37616, 2440, 1, 0, 0
37717, 4670, 0, 0, 0
37717, 2150, 1, 0, 0
37817, 5100, 0, 0, 0
37817, 2280, 1, 0, 0
37917, 4560, 0, 0, 0
37917, 2130, 1, 0, 0
38017, 4640, 0, 0, 0
38017, 2060, 1, 0, 0
38118, 4940, 0, 0, 0
38118, 2200, 1, 0, 0
38218, 5110, 0, 0, 0
38218, 2050, 1, 0, 0
38318, 4810, 0, 0, 0
38318, 2090, 1, 0, 0
38418, 5260, 0, 0, 0
38418, 2150, 1, 0, 0
38518, 4890, 0, 0, 0
38518, 2150, 1, 0, 0
38619, 4720, 0, 0, 0
38619, 2320, 1, 0, 0
38719, 4600, 0, 0, 0
38719, 2100, 1, 0, 0
38820, 4780, 0, 0, 0
38820, 2140, 1, 0, 0
38920, 5170, 0, 0, 0
38920, 2300, 1, 0, 0
39021, 5250, 0, 0, 0
39021, 2100, 1, 0, 0
39121, 4570, 0, 0, 0
39121, 2250, 1, 0, 0
39221, 4460, 0, 0, 0
39221, 2020, 1, 0, 0
39321, 4430, 0, 0, 0
39321, 1800, 1, 0, 0
39421, 4650, 0, 0, 0
39421, 2000, 1, 0, 0
39521, 4290, 0, 0, 0
39521, 2140, 1, 0, 0
39621, 4740, 0, 0, 0
39621, 2010, 1, 0, 0
39722, 4960, 0, 0, 0
39722, 1970, 1, 0, 0
39822, 4040, 0, 0, 0
39822, 1940, 1, 0, 0
39922, 4540, 0, 0, 0
39922, 1900, 1, 0, 0
40023, 4140, 0, 0, 0
40023, 2090, 1, 0, 0
40123, 4680, 0, 0, 0
40123, 2060, 1, 0, 0
40223, 4600, 0, 0, 0
40223, 1880, 1, 0, 0
40324, 5000, 0, 0, 0
40324, 2049, 1, 0, 0
40424, 4550, 0, 0, 0
40424, 2150, 1, 0, 0
40524, 4420, 0, 0, 0
40524, 2190, 1, 0, 0
40625, 5178, 0, 0, 0
40625, 2128, 1, 0, 0
40726, 4870, 0, 0, 0
40726, 2250, 1, 0, 0
40827, 4257, 0, 0, 0
40827, 1970, 1, 0, 0
40927, 5140, 0, 0, 0
40927, 2180, 1, 0, 0
41027, 4470, 0, 0, 0
41027, 1990, 1, 0, 0
41128, 5020, 0, 0, 0
41128, 2030, 1, 0, 0
41228, 4920, 0, 0, 0
41228, 2240, 1, 0, 0
41328, 5240, 0, 0, 0
41328, 1890, 1, 0, 0
41429, 4500, 0, 0, 0
41429, 2340, 1, 0, 0
41529, 4600, 0, 0, 0
41529, 1820, 1, 0, 0
41629, 5210, 0, 0, 0
41629, 2240, 1, 0, 0
41729, 4890, 0, 0, 0
41729, 2310, 1, 0, 0
41829, 5150, 0, 0, 0
41829, 2090, 1, 0, 0
41929, 4630, 0, 0, 0
41929, 1880, 1, 0, 0
42030, 5120, 0, 0, 0
42030, 2000, 1, 0, 0
42130, 5180, 0, 0, 0
42130, 2010, 1, 0, 0
42231, 5080, 0, 0, 0
42231, 2180, 1, 0, 0
42331, 5130, 0, 0, 0
42331, 2180, 1, 0, 0
42431, 4530, 0, 0, 0
42431, 1970, 1, 0, 0
42532, 5420, 0, 0, 0
42532, 2240, 1, 0, 0
42632, 4690, 0, 0, 0
42632, 2040, 1, 0, 0
42732, 4560, 0, 0, 0
42732, 2050, 1, 0, 0
42832, 4740, 0, 0, 0
42832, 2070, 1, 0, 0
42932, 5010, 0, 0, 0
42932, 2230, 1, 0, 0
43033, 4740, 0, 0, 0
43033, 1950, 1, 0, 0
43133, 5090, 0, 0, 0
43133, 2130, 1, 0, 0
43233, 4610, 0, 0, 0
43233, 1850, 1, 0, 0
43334, 4630, 0, 0, 0
43334, 2150, 1, 0, 0
43434, 4940, 0, 0, 0
43434, 2360, 1, 0, 0
43534, 4870, 0, 0, 0
43534, 2050, 1, 0, 0
43634, 4870, 0, 0, 0
43634, 2030, 1, 0, 0
43734, 4740, 0, 0, 0
43734, 2010, 1, 0, 0
43834, 5170, 0, 0, 0
43834, 2160, 1, 0, 0
43935, 5370, 0, 0, 0
43935, 2160, 1, 0, 0
44035, 4800, 0, 0, 0
44035, 2060, 1, 0, 0
44135, 5270, 0, 0, 0
44135, 2170, 1, 0, 0
44235, 5210, 0, 0, 0
44235, 2230, 1, 0, 0
44335, 4870, 0, 0, 0
44335, 2210, 1, 0, 0
44436, 4680, 0, 0, 0
44436, 2030, 1, 0, 0
44536, 5120, 0, 0, 0
44536, 2070, 1, 0, 0
44636, 5160, 0, 0, 0
44636, 2060, 1, 0, 0
44736, 4560, 0, 0, 0
44736, 2200, 1, 0, 0
44837, 4430, 0, 0, 0
44837, 2260, 1, 0, 0
44937, 4900, 0, 0, 0
44937, 2340, 1, 0, 0
45037, 5340, 0, 0, 0
45037, 2110, 1, 0, 0
45137, 5190, 0, 0, 0
45137, 2130, 1, 0, 0
45237, 5030, 0, 0, 0
45237, 2190, 1, 0, 0
45338, 4750, 0, 0, 0
45338, 2160, 1, 0, 0
45438, 4760, 0, 0, 0
45438, 2270, 1, 0, 0
45538, 5620, 0, 0, 0
45538, 2080, 1, 0, 0
45638, 5140, 0, 0, 0
45638, 1960, 1, 0, 0
45739, 5150, 0, 0, 0
45739, 2180, 1, 0, 0
45839, 5350, 0, 0, 0
45839, 2390, 1, 0, 0
45939, 5190, 0, 0, 0
45939, 2390, 1, 0, 0
46039, 4690, 0, 0, 0
46039, 2190, 1, 0, 0
46139, 4680, 0, 0, 0
46139, 2300, 1, 0, 0
46240, 4550, 0, 0, 0
46240, 2240, 1, 0, 0
46340, 4810, 0, 0, 0
46340, 2080, 1, 0, 0
46440, 4890, 0, 0, 0
46440, 2440, 1, 0, 0
46540, 4300, 0, 0, 0
46540, 1870, 1, 0, 0
46640, 4770, 0, 0, 0
46640, 2280, 1, 0, 0
46741, 4670, 0, 0, 0
46741, 2050, 1, 0, 0
46841, 4820, 0, 0, 0
46841, 2050, 1, 0, 0
46941, 5120, 0, 0, 0
46941, 2080, 1, 0, 0
47041, 5810, 0, 0, 0
47041, 1980, 1, 0, 0
47141, 5150, 0, 0, 0
47141, 2060, 1, 0, 0
47241, 5340, 0, 0, 0
47241, 2020, 1, 0, 0
47342, 4830, 0, 0, 0
47342, 1940, 1, 0, 0
47442, 4680, 0, 0, 0
47442, 2190, 1, 0, 0
47542, 5050, 0, 0, 0
47542, 2240, 1, 0, 0
47642, 5160, 0, 0, 0
47642, 2120, 1, 0, 0
47742, 5140, 0, 0, 0
47742, 2120, 1, 0, 0
47842, 4690, 0, 0, 0
47842, 2100, 1, 0, 0
47943, 4810, 0, 0, 0
47943, 2230, 1, 0, 0
48043, 5300, 0, 0, 0
48043, 2070, 1, 0, 0
48143, 5090, 0, 0, 0
48143, 2080, 1, 0, 0
48244, 4700, 0, 0, 0
48244, 2030, 1, 0, 0
48344, 4840, 0, 0, 0
48344, 2160, 1, 0, 0
48444, 5090, 0, 0, 0
48444, 2010, 1, 0, 0
48544, 5140, 0, 0, 0
48544, 2190, 1, 0, 0
48644, 4890, 0, 0, 0
48644, 2180, 1, 0, 0
48744, 4980, 0, 0, 0
48744, 1990, 1, 0, 0
48845, 4940, 0, 0, 0
48845, 1890, 1, 0, 0
48945, 5420, 0, 0, 0
48945, 2110, 1, 0, 0
49046, 4700, 0, 0, 0
49046, 2250, 1, 0, 0
49146, 5580, 0, 0, 0
49146, 1820, 1, 0, 0
49246, 4600, 0, 0, 0
49246, 2010, 1, 0, 0
49347, 5020, 0, 0, 0
49347, 2130, 1, 0, 0
49447, 5070, 0, 0, 0
49447, 2070, 1, 0, 0
49547, 5170, 0, 0, 0
49547, 2050, 1, 0, 0
49648, 5190, 0, 0, 0
49648, 2040, 1, 0, 0
49748, 5450, 0, 0, 0
49748, 2330, 1, 0, 0
49848, 5100, 0, 0, 0
49848, 2000, 1, 0, 0
49948, 4460, 0, 0, 0
49948, 1900, 1, 0, 0
50049, 4990, 0, 0, 0
50049, 2280, 1, 0, 0
50149, 4620, 0, 0, 0
50149, 2200, 1, 0, 0
50249, 5150, 0, 0, 0
50249, 2070, 1, 0, 0
50349, 5020, 0, 0, 0
50349, 1810, 1, 0, 0
50449, 4660, 0, 0, 0
50449, 2000, 1, 0, 0
50549, 5010, 0, 0, 0
50549, 2370, 1, 0, 0
50649, 4950, 0, 0, 0
50649, 2380, 1, 0, 0
50750, 4820, 0, 0, 0
50750, 2170, 1, 0, 0
50850, 4450, 0, 0, 0
50850, 1840, 1, 0, 0
50950, 4740, 0, 0, 0
50950, 2250, 1, 0, 0
51050, 4780, 0, 0, 0
51050, 1980, 1, 0, 0
51150, 5000, 0, 0, 0
51150, 2110, 1, 0, 0
51251, 4500, 0, 0, 0
51251, 2150, 1, 0, 0
51351, 4510, 0, 0, 0
51351, 2160, 1, 0, 0
51452, 5320, 0, 0, 0
51452, 2160, 1, 0, 0
51552, 4950, 0, 0, 0
51552, 1900, 1, 0, 0
51652, 5590, 0, 0, 0
51652, 2270, 1, 0, 0
51753, 5110, 0, 0, 0
51753, 2210, 1, 0, 0
51853, 5020, 0, 0, 0
51853, 2110, 1, 0, 0
51954, 4650, 0, 0, 0
51954, 2160, 1, 0, 0
52054, 4700, 0, 0, 0
52054, 2090, 1, 0, 0
52155, 4980, 0, 0, 0
52155, 2250, 1, 0, 0
52256, 4960, 0, 0, 0
52256, 2100, 1, 0, 0
52356, 5100, 0, 0, 0
52356, 2120, 1, 0, 0
52456, 5250, 0, 0, 0
52456, 2200, 1, 0, 0
52556, 5520, 0, 0, 0
52556, 1950, 1, 0, 0
52656, 4700, 0, 0, 0
52656, 2210, 1, 0, 0
52757, 4810, 0, 0, 0
52757, 1690, 1, 0, 0
52857, 4570, 0, 0, 0
52857, 1960, 1, 0, 0
52957, 4760, 0, 0, 0
52957, 2150, 1, 0, 0
53057, 4820, 0, 0, 0
53057, 1960, 1, 0, 0
53157, 4910, 0, 0, 0
53157, 2040, 1, 0, 0
53257, 4450, 0, 0, 0
53257, 1870, 1, 0, 0
53358, 4690, 0, 0, 0
53358, 1970, 1, 0, 0
53458, 4880, 0, 0, 0
53458, 2160, 1, 0, 0
53558, 5660, 0, 0, 0
53558, 2220, 1, 0, 0
53658, 4650, 0, 0, 0
53658, 2240, 1, 0, 0
53759, 5340, 0, 0, 0
53759, 2050, 1, 0, 0
53859, 4550, 0, 0, 0
53859, 1920, 1, 0, 0
53959, 4570, 0, 0, 0
53959, 2040, 1, 0, 0
54060, 4770, 0, 0, 0
54060, 2210, 1, 0, 0
54160, 4640, 0, 0, 0
54160, 1850, 1, 0, 0
54260, 4560, 0, 0, 0
54260, 2040, 1, 0, 0
54360, 4480, 0, 0, 0
54360, 2030, 1, 0, 0
54460, 4230, 0, 0, 0
54460, 2000, 1, 0, 0
54560, 4040, 0, 0, 0
54560, 1800, 1, 0, 0
54660, 4830, 0, 0, 0
54660, 2000, 1, 0, 0
54761, 4980, 0, 0, 0
54761, 2300, 1, 0, 0
54861, 5220, 0, 0, 0
54861, 2290, 1, 0, 0
54961, 4620, 0, 0, 0
54961, 1980, 1, 0, 0
55061, 4740, 0, 0, 0
55061, 2050, 1, 0, 0
55161, 4680, 0, 0, 0
55161, 2020, 1, 0, 0
55261, 5150, 0, 0, 0
55261, 2350, 1, 0, 0
55362, 4940, 0, 0, 0
55362, 1940, 1, 0, 0
55462, 4750, 0, 0, 0
55462, 1840, 1, 0, 0
55562, 5190, 0, 0, 0
55562, 1950, 1, 0, 0
55662, 4960, 0, 0, 0
55662, 1810, 1, 0, 0
55762, 4700, 0, 0, 0
55762, 2050, 1, 0, 0
55862, 4400, 0, 0, 0
55862, 1960, 1, 0, 0
55962, 5200, 0, 0, 0
55962, 2160, 1, 0, 0
56063, 4650, 0, 0, 0
56063, 2160, 1, 0, 0
56163, 4540, 0, 0, 0
56163, 2260, 1, 0, 0
56263, 4820, 0, 0, 0
56263, 1870, 1, 0, 0
56364, 4970, 0, 0, 0
56364, 1920, 1, 0, 0
56464, 4970, 0, 0, 0
56464, 2200, 1, 0, 0
56564, 4460, 0, 0, 0
56564, 2050, 1, 0, 0
56664, 4920, 0, 0, 0
56664, 2120, 1, 0, 0
56764, 4680, 0, 0, 0
56764, 2000, 1, 0, 0
56865, 5830, 0, 0, 0
56865, 2140, 1, 0, 0
56965, 4990, 0, 0, 0
56965, 1910, 1, 0, 0
57065, 4250, 0, 0, 0
57065, 2010, 1, 0, 0
57165, 4470, 0, 0, 0
57165, 2020, 1, 0, 0
57265, 4560, 0, 0, 0
57265, 1960, 1, 0, 0
57365, 5030, 0, 0, 0
57365, 2130, 1, 0, 0
57466, 4830, 0, 0, 0
57466, 2180, 1, 0, 0
57566, 5150, 0, 0, 0
57566, 2080, 1, 0, 0
57666, 4950, 0, 0, 0
57666, 1970, 1, 0, 0
57767, 4850, 0, 0, 0
57767, 1870, 1, 0, 0
57867, 4590, 0, 0, 0
57867, 2080, 1, 0, 0
57967, 4550, 0, 0, 0
57967, 2190, 1, 0, 0
58067, 5410, 0, 0, 0
58067, 2180, 1, 0, 0
58167, 5480, 0, 0, 0
58167, 2520, 1, 0, 0
58268, 4760, 0, 0, 0
58268, 2030, 1, 0, 0
58368, 5590, 0, 0, 0
58368, 2100, 1, 0, 0
58468, 4690, 0, 0, 0
58468, 2130, 1, 0, 0
58568, 5380, 0, 0, 0
58568, 2100, 1, 0, 0
58668, 5220, 0, 0, 0
58668, 2120, 1, 0, 0
58768, 5110, 0, 0, 0
58768, 2230, 1, 0, 0
58869, 4550, 0, 0, 0
58869, 2040, 1, 0, 0
58969, 4810, 0, 0, 0
58969, 2060, 1, 0, 0
59069, 5270, 0, 0, 0
59069, 1910, 1, 0, 0
59169, 4960, 0, 0, 0
59169, 1960, 1, 0, 0
59270, 4610, 0, 0, 0
59270, 2050, 1, 0, 0
59370, 5420, 0, 0, 0
59370, 2040, 1, 0, 0
59470, 4720, 0, 0, 0
59470, 2090, 1, 0, 0
59570, 5160, 0, 0, 0
59570, 1810, 1, 0, 0
59670, 4830, 0, 0, 0
59670, 1910, 1, 0, 0
59770, 4690, 0, 0, 0
59770, 2150, 1, 0, 0
59870, 4390, 0, 0, 0
59870, 1980, 1, 0, 0
59970, 5220, 0, 0, 0
59970, 2160, 1, 0, 0
60071, 4600, 0, 0, 0
60071, 2130, 1, 0, 0
60171, 4550, 0, 0, 0
60171, 1930, 1, 0, 0
60272, 4770, 0, 0, 0
60272, 2500, 1, 0, 0
60372, 4980, 0, 0, 0
60372, 2140, 1, 0, 0
60472, 5150, 0, 0, 0
60472, 2450, 1, 0, 0
60572, 4980, 0, 0, 0
60572, 2240, 1, 0, 0
60672, 4900, 0, 0, 0
60672, 1950, 1, 0, 0
60773, 4920, 0, 0, 0
60773, 1970, 1, 0, 0
60873, 4780, 0, 0, 0
60873, 1860, 1, 0, 0
60973, 4980, 0, 0, 0
60973, 2340, 1, 0, 0
61073, 4130, 0, 0, 0
61073, 2140, 1, 0, 0
61173, 5420, 0, 0, 0
61173, 2030, 1, 0, 0
61273, 5140, 0, 0, 0
61273, 2280, 1, 0, 0
61374, 5120, 0, 0, 0
61374, 2020, 1, 0, 0
61474, 4610, 0, 0, 0
61474, 2180, 1, 0, 0
61575, 4480, 0, 0, 0
61575, 2090, 1, 0, 0
61675, 4530, 0, 0, 0
61675, 2010, 1, 0, 0
61775, 5000, 0, 0, 0
61775, 2110, 1, 0, 0
61875, 5320, 0, 0, 0
61875, 2180, 1, 0, 0
61976, 5060, 0, 0, 0
61976, 1980, 1, 0, 0
62076, 4410, 0, 0, 0
62076, 1960, 1, 0, 0
62176, 5220, 0, 0, 0
62176, 2260, 1, 0, 0
62276, 5190, 0, 0, 0
62276, 2120, 1, 0, 0
62376, 3840, 0, 0, 0
62376, 1860, 1, 0, 0
62476, 5590, 0, 0, 0
62476, 1930, 1, 0, 0
62576, 5600, 0, 0, 0
62576, 1810, 1, 0, 0
62677, 5100, 0, 0, 0
62677, 1950, 1, 0, 0
62777, 5280, 0, 0, 0
62777, 2170, 1, 0, 0
62877, 4980, 0, 0, 0
62877, 2230, 1, 0, 0
62977, 5190, 0, 0, 0
62977, 2210, 1, 0, 0
63078, 5270, 0, 0, 0
63078, 2340, 1, 0, 0
63178, 4970, 0, 0, 0
63178, 2300, 1, 0, 0
63278, 5140, 0, 0, 0
63278, 2160, 1, 0, 0
63378, 4790, 0, 0, 0
63378, 2070, 1, 0, 0
63478, 5140, 0, 0, 0
63478, 2300, 1, 0, 0
63579, 4920, 0, 0, 0
63579, 1880, 1, 0, 0
63679, 4750, 0, 0, 0
63679, 2120, 1, 0, 0
63780, 5030, 0, 0, 0
63780, 2180, 1, 0, 0
63880, 4570, 0, 0, 0
63880, 2140, 1, 0, 0
63980, 4920, 0, 0, 0
63980, 2030, 1, 0, 0
64080, 5570, 0, 0, 0
64080, 2040, 1, 0, 0
64180, 4920, 0, 0, 0
64180, 2400, 1, 0, 0
64281, 4310, 0, 0, 0
64281, 1770, 1, 0, 0
64381, 5560, 0, 0, 0
64381, 2150, 1, 0, 0
64481, 4680, 0, 0, 0
64481, 1960, 1, 0, 0
64581, 4910, 0, 0, 0
64581, 2010, 1, 0, 0
64681, 4950, 0, 0, 0
64681, 2120, 1, 0, 0
64781, 4890, 0, 0, 0
64781, 2260, 1, 0, 0
64881, 4440, 0, 0, 0
64881, 2220, 1, 0, 0
64982, 5020, 0, 0, 0
64982, 2090, 1, 0, 0
65082, 5050, 0, 0, 0
65082, 1990, 1, 0, 0
65182, 4850, 0, 0, 0
65182, 2060, 1, 0, 0
65283, 4770, 0, 0, 0
65283, 2230, 1, 0, 0
65383, 4130, 0, 0, 0
65383, 2210, 1, 0, 0
65483, 5090, 0, 0, 0
65483, 2180, 1, 0, 0
65583, 4800, 0, 0, 0
65583, 1940, 1, 0, 0
65683, 4800, 0, 0, 0
65683, 2090, 1, 0, 0
65783, 4760, 0, 0, 0
65783, 2000, 1, 0, 0
65884, 4760, 0, 0, 0
65884, 1920, 1, 0, 0
65984, 4500, 0, 0, 0
65984, 2240, 1, 0, 0
66084, 5360, 0, 0, 0
66084, 2190, 1, 0, 0
66185, 5290, 0, 0, 0
66185, 1970, 1, 0, 0
66285, 4250, 0, 0, 0
66285, 2040, 1, 0, 0
66385, 4580, 0, 0, 0
66385, 2000, 1, 0, 0
66485, 5000, 0, 0, 0
66485, 2290, 1, 0, 0
66585, 4890, 0, 0, 0
66585, 1930, 1, 0, 0
66686, 4310, 0, 0, 0
66686, 1790, 1, 0, 0
66786, 5240, 0, 0, 0
66786, 2050, 1, 0, 0
66886, 4640, 0, 0, 0
66886, 2140, 1, 0, 0
66986, 4820, 0, 0, 0
66986, 1990, 1, 0, 0
67087, 5060, 0, 0, 0
67087, 2350, 1, 0, 0
67187, 4920, 0, 0, 0
67187, 2020, 1, 0, 0
67287, 4940, 0, 0, 0
67287, 2190, 1, 0, 0
67387, 3970, 0, 0, 0
67387, 1960, 1, 0, 0
67488, 4900, 0, 0, 0
67488, 1900, 1, 0, 0
67588, 4940, 0, 0, 0
67588, 2080, 1, 0, 0
67688, 4760, 0, 0, 0
67688, 1980, 1, 0, 0
67789, 4860, 0, 0, 0
67789, 2070, 1, 0, 0
67889, 5020, 0, 0, 0
67889, 2160, 1, 0, 0
67989, 5100, 0, 0, 0
67989, 2210, 1, 0, 0
68090, 5050, 0, 0, 0
68090, 2310, 1, 0, 0
68190, 5430, 0, 0, 0
68190, 2220, 1, 0, 0
68290, 5390, 0, 0, 0
68290, 2050, 1, 0, 0
68390, 4830, 0, 0, 0
68390, 2150, 1, 0, 0
68490, 5290, 0, 0, 0
68490, 2170, 1, 0, 0
68591, 5240, 0, 0, 0
68591, 2190, 1, 0, 0
68691, 6140, 0, 0, 0
68691, 2560, 1, 0, 0
68791, 4820, 0, 0, 0
68791, 2080, 1, 0, 0
68892, 4630, 0, 0, 0
68892, 1950, 1, 0, 0
68993, 4841, 0, 0, 0
68993, 2128, 1, 0, 0
69093, 4700, 0, 0, 0
69093, 1830, 1, 0, 0
69193, 4160, 0, 0, 0
69193, 1790, 1, 0, 0
69293, 4770, 0, 0, 0
69293, 2080, 1, 0, 0
69394, 5600, 0, 0, 0
69394, 2250, 1, 0, 0
69494, 4660, 0, 0, 0
69494, 2070, 1, 0, 0
69594, 5550, 0, 0, 0
69594, 2200, 1, 0, 0
69694, 5230, 0, 0, 0
69694, 2420, 1, 0, 0
69795, 4790, 0, 0, 0
69795, 2140, 1, 0, 0
69895, 4670, 0, 0, 0
69895, 1940, 1, 0, 0
69995, 4780, 0, 0, 0
69995, 1860, 1, 0, 0
70095, 5290, 0, 0, 0
70095, 2150, 1, 0, 0
70195, 4340, 0, 0, 0
70195, 2030, 1, 0, 0
70296, 4550, 0, 0, 0
70296, 1800, 1, 0, 0
70397, 4330, 0, 0, 0
70397, 1980, 1, 0, 0
70497, 5190, 0, 0, 0
70497, 2240, 1, 0, 0
70598, 4480, 0, 0, 0
70598, 2000, 1, 0, 0
70698, 4730, 0, 0, 0
70698, 2210, 1, 0, 0
70798, 4290, 0, 0, 0
70798, 1590, 1, 0, 0
70898, 4470, 0, 0, 0
70898, 2040, 1, 0, 0
70998, 4550, 0, 0, 0
70998, 2220, 1, 0, 0
71099, 4330, 0, 0, 0
71099, 1820, 1, 0, 0
71199, 4710, 0, 0, 0
71199, 2160, 1, 0, 0
71299, 4920, 0, 0, 0
71299, 2240, 1, 0, 0
71399, 4810, 0, 0, 0
71399, 2170, 1, 0, 0
71500, 4710, 0, 0, 0
71500, 2110, 1, 0, 0
71600, 4230, 0, 0, 0
71600, 1860, 1, 0, 0
71700, 4820, 0, 0, 0
71700, 2350, 1, 0, 0
71800, 4660, 0, 0, 0
71800, 1780, 1, 0, 0
71900, 5120, 0, 0, 0
71900, 2020, 1, 0, 0
72000, 4454, 0, 0, 0
72000, 1797, 1, 0, 0
72100, 5070, 0, 0, 0
72100, 1690, 1, 0, 0
72200, 4640, 0, 0, 0
72200, 1780, 1, 0, 0
72300, 4140, 0, 0, 0
72300, 2000, 1, 0, 0
72400, 5320, 0, 0, 0
72400, 2260, 1, 0, 0
72500, 4740, 0, 0, 0
72500, 2090, 1, 0, 0
72600, 4820, 0, 0, 0
72600, 1940, 1, 0, 0
72701, 4450, 0, 0, 0
72701, 2500, 1, 0, 0
72800, 4606, 0, 0, 0
72800, 2262, 1, 0, 0
72900, 4240, 0, 0, 0
72900, 2130, 1, 0, 0
72999, 4525, 0, 0, 0
72999, 2212, 1, 0, 0
73099, 5250, 0, 0, 0
73099, 2090, 1, 0, 0
73200, 4760, 0, 0, 0
73200, 2150, 1, 0, 0
73300, 4300, 0, 0, 0
73300, 1900, 1, 0, 0
73400, 5120, 0, 0, 0
73400, 2200, 1, 0, 0
73500, 4530, 0, 0, 0
73500, 2300, 1, 0, 0
73600, 4540, 0, 0, 0
73600, 2030, 1, 0, 0
73700, 5440, 0, 0, 0
73700, 1910, 1, 0, 0
73800, 5000, 0, 0, 0
73800, 1980, 1, 0, 0
73900, 4790, 0, 0, 0
73900, 2010, 1, 0, 0
74000, 4858, 0, 0, 0
74000, 2131, 1, 0, 0
74100, 4200, 0, 0, 0
74100, 2320, 1, 0, 0
74200, 4440, 0, 0, 0
74200, 1870, 1, 0, 0
74300, 3930, 0, 0, 0
74300, 1690, 1, 0, 0
74400, 4360, 0, 0, 0
74400, 2040, 1, 0, 0
74500, 4700, 0, 0, 0
74500, 2230, 1, 0, 0
74600, 4970, 0, 0, 0
74600, 2060, 1, 0, 0
74701, 4640, 0, 0, 0
74701, 1920, 1, 0, 0
74800, 4878, 0, 0, 0
74800, 1989, 1, 0, 0
74900, 4890, 0, 0, 0
74900, 2120, 1, 0, 0
74999, 5080, 0, 0, 0
74999, 1848, 1, 0, 0
75099, 5240, 0, 0, 0
75099, 2030, 1, 0, 0
75199, 5220, 0, 0, 0
75199, 2260, 1, 0, 0
75299, 5230, 0, 0, 0
75299, 2110, 1, 0, 0
75400, 5000, 0, 0, 0
75400, 2320, 1, 0, 0
75500, 4880, 0, 0, 0
75500, 2110, 1, 0, 0
75600, 5170, 0, 0, 0
75600, 2030, 1, 0, 0
75700, 4720, 0, 0, 0
75700, 2100, 1, 0, 0
75800, 4290, 0, 0, 0
75800, 1830, 1, 0, 0
75900, 4960, 0, 0, 0
75900, 2140, 1, 0, 0
75999, 4717, 0, 0, 0
75999, 1969, 1, 0, 0
76099, 5020, 0, 0, 0
76099, 2100, 1, 0, 0
76200, 4550, 0, 0, 0
76200, 2060, 1, 0, 0
76300, 4950, 0, 0, 0
76300, 2190, 1, 0, 0
76400, 4750, 0, 0, 0
76400, 2030, 1, 0, 0
76500, 4470, 0, 0, 0
76500, 1780, 1, 0, 0
76600, 4750, 0, 0, 0
76600, 2310, 1, 0, 0
76700, 4490, 0, 0, 0
76700, 1780, 1, 0, 0
76800, 4820, 0, 0, 0
76800, 2290, 1, 0, 0
76901, 5250, 0, 0, 0
76901, 2110, 1, 0, 0
77000, 4767, 0, 0, 0
77000, 1898, 1, 0, 0
77100, 4430, 0, 0, 0
77100, 1940, 1, 0, 0
77200, 4730, 0, 0, 0
77200, 2050, 1, 0, 0
77301, 5270, 0, 0, 0
77301, 2180, 1, 0, 0
77400, 4858, 0, 0, 0
77400, 2090, 1, 0, 0
77500, 4480, 0, 0, 0
77500, 2240, 1, 0, 0
77600, 4440, 0, 0, 0
77600, 1980, 1, 0, 0
77700, 5200, 0, 0, 0
77700, 2040, 1, 0, 0
77800, 4830, 0, 0, 0
77800, 2010, 1, 0, 0
77900, 5230, 0, 0, 0
77900, 1840, 1, 0, 0
77999, 5050, 0, 0, 0
77999, 2252, 1, 0, 0
78099, 5380, 0, 0, 0
78099, 2140, 1, 0, 0
78199, 4740, 0, 0, 0
78199, 2260, 1, 0, 0
78300, 4780, 0, 0, 0
78300, 2110, 1, 0, 0
78400, 4210, 0, 0, 0
78400, 1800, 1, 0, 0
78500, 4560, 0, 0, 0
78500, 1880, 1, 0, 0
78600, 4850, 0, 0, 0
78600, 2050, 1, 0, 0
78700, 4890, 0, 0, 0
78700, 2020, 1, 0, 0
78800, 5030, 0, 0, 0
78800, 1750, 1, 0, 0
78900, 4680, 0, 0, 0
78900, 2030, 1, 0, 0
78999, 4737, 0, 0, 0
78999, 1959, 1, 0, 0
79099, 4800, 0, 0, 0
79099, 1800, 1, 0, 0
79200, 5170, 0, 0, 0
79200, 2380, 1, 0, 0
79300, 5260, 0, 0, 0
79300, 2000, 1, 0, 0
79400, 4480, 0, 0, 0
79400, 2110, 1, 0, 0
79500, 5350, 0, 0, 0
79500, 2190, 1, 0, 0
79600, 5060, 0, 0, 0
79600, 2140, 1, 0, 0
79700, 4510, 0, 0, 0
79700, 2240, 1, 0, 0
79800, 4750, 0, 0, 0
79800, 2100, 1, 0, 0
79900, 5160, 0, 0, 0
79900, 2010, 1, 0, 0
80000, 4464, 0, 0, 0
80000, 2202, 1, 0, 0
80100, 4920, 0, 0, 0
80100, 2170, 1, 0, 0
80200, 4900, 0, 0, 0
80200, 2240, 1, 0, 0
80300, 4810, 0, 0, 0
80300, 2050, 1, 0, 0
80400, 4810, 0, 0, 0
80400, 2420, 1, 0, 0
80500, 5200, 0, 0, 0
80500, 2110, 1, 0, 0
80600, 4550, 0, 0, 0
80600, 1960, 1, 0, 0
80700, 5200, 0, 0, 0
80700, 2080, 1, 0, 0
80800, 4797, 0, 0, 0
80800, 2272, 1, 0, 0
80900, 5090, 0, 0, 0
80900, 2240, 1, 0, 0
80999, 4666, 0, 0, 0
80999, 2292, 1, 0, 0
81099, 4570, 0, 0, 0
81099, 2130, 1, 0, 0
81199, 4450, 0, 0, 0
81199, 2260, 1, 0, 0
81299, 4330, 0, 0, 0
81299, 1840, 1, 0, 0
81399, 5280, 0, 0, 0
81399, 2300, 1, 0, 0
81499, 3910, 0, 0, 0
81499, 1940, 1, 0, 0
81599, 5310, 0, 0, 0
81599, 2310, 1, 0, 0
81700, 5320, 0, 0, 0
81700, 2270, 1, 0, 0
81800, 4430, 0, 0, 0
81800, 2020, 1, 0, 0
81900, 3830, 0, 0, 0
81900, 2080, 1, 0, 0
82000, 4898, 0, 0, 0
82000, 2262, 1, 0, 0
82100, 4390, 0, 0, 0
82100, 2050, 1, 0, 0
82200, 4800, 0, 0, 0
82200, 2190, 1, 0, 0
82300, 4090, 0, 0, 0
82300, 1840, 1, 0, 0
82400, 4880, 0, 0, 0
82400, 2100, 1, 0, 0
82500, 4650, 0, 0, 0
82500, 2150, 1, 0, 0
82600, 4970, 0, 0, 0
82600, 1990, 1, 0, 0
82700, 5160, 0, 0, 0
82700, 2020, 1, 0, 0
82800, 5333, 0, 0, 0
82800, 2181, 1, 0, 0
82900, 4870, 0, 0, 0
82900, 1940, 1, 0, 0
82999, 5000, 0, 0, 0
82999, 2080, 1, 0, 0
83099, 4970, 0, 0, 0
83099, 1900, 1, 0, 0
83199, 4770, 0, 0, 0
83199, 2240, 1, 0, 0
83299, 5200, 0, 0, 0
83299, 2010, 1, 0, 0
83399, 4250, 0, 0, 0
83399, 2040, 1, 0, 0
83500, 4200, 0, 0, 0
83500, 2010, 1, 0, 0
83600, 3950, 0, 0, 0
83600, 1860, 1, 0, 0
83700, 4920, 0, 0, 0
83700, 2250, 1, 0, 0
83800, 4330, 0, 0, 0
83800, 1860, 1, 0, 0
83900, 4920, 0, 0, 0
83900, 2150, 1, 0, 0
83999, 3949, 0, 0, 0
83999, 1878, 1, 0, 0
84099, 3900, 0, 0, 0
84099, 1760, 1, 0, 0
84199, 4970, 0, 0, 0
84199, 1980, 1, 0, 0
84299, 4900, 0, 0, 0
84299, 2230, 1, 0, 0
84399, 4790, 0, 0, 0
84399, 2160, 1, 0, 0
84500, 4930, 0, 0, 0
84500, 1920, 1, 0, 0
84600, 5210, 0, 0, 0
84600, 2340, 1, 0, 0
84700, 5460, 0, 0, 0
84700, 2270, 1, 0, 0
84800, 4630, 0, 0, 0
84800, 1810, 1, 0, 0
84900, 5200, 0, 0, 0
84900, 2430, 1, 0, 0
84999, 4292, 0, 0, 0
84999, 2090, 1, 0, 0
85099, 4800, 0, 0, 0
85099, 2220, 1, 0, 0
85200, 5020, 0, 0, 0
85200, 1730, 1, 0, 0
85300, 5320, 0, 0, 0
85300, 2000, 1, 0, 0
85400, 4910, 0, 0, 0
85400, 2180, 1, 0, 0
85500, 5230, 0, 0, 0
85500, 2300, 1, 0, 0
85600, 5300, 0, 0, 0
85600, 2140, 1, 0, 0
85700, 5630, 0, 0, 0
85700, 2300, 1, 0, 0
85800, 4870, 0, 0, 0
85800, 2240, 1, 0, 0
85900, 4900, 0, 0, 0
85900, 1960, 1, 0, 0
85999, 4303, 0, 0, 0
85999, 1878, 1, 0, 0
86099, 4380, 0, 0, 0
86099, 1910, 1, 0, 0
86200, 4550, 0, 0, 0
86200, 2020, 1, 0, 0
86300, 4320, 0, 0, 0
86300, 1750, 1, 0, 0
86400, 5500, 0, 0, 0
86400, 2230, 1, 0, 0
86500, 4660, 0, 0, 0
86500, 1970, 1, 0, 0
86600, 4900, 0, 0, 0
86600, 2060, 1, 0, 0
86700, 5050, 0, 0, 0
86700, 2020, 1, 0, 0
86800, 4700, 0, 0, 0
86800, 2050, 1, 0, 0
86901, 4950, 0, 0, 0
86901, 2090, 1, 0, 0
87000, 4434, 0, 0, 0
87000, 1888, 1, 0, 0
87100, 5100, 0, 0, 0
87100, 2030, 1, 0, 0
87200, 4250, 0, 0, 0
87200, 2410, 1, 0, 0
87300, 4870, 0, 0, 0
87300, 2040, 1, 0, 0
87400, 4800, 0, 0, 0
87400, 2360, 1, 0, 0
87500, 5440, 0, 0, 0
87500, 2260, 1, 0, 0
87601, 5270, 0, 0, 0
87601, 2280, 1, 0, 0
87700, 3787, 0, 0, 0
87700, 1868, 1, 0, 0
87800, 5200, 0, 0, 0
87800, 2020, 1, 0, 0
87900, 4820, 0, 0, 0
87900, 2000, 1, 0, 0
87999, 4696, 0, 0, 0
87999, 2303, 1, 0, 0
88099, 4430, 0, 0, 0
88099, 2140, 1, 0, 0
88199, 4850, 0, 0, 0
88199, 2040, 1, 0, 0
88299, 4840, 0, 0, 0
88299, 1970, 1, 0, 0
88400, 4480, 0, 0, 0
88400, 1870, 1, 0, 0
88500, 4710, 0, 0, 0
88500, 1830, 1, 0, 0
88601, 4040, 0, 0, 0
88601, 1940, 1, 0, 0
88700, 4515, 0, 0, 0
88700, 1929, 1, 0, 0
88800, 4690, 0, 0, 0
88800, 2100, 1, 0, 0
88900, 4090, 0, 0, 0
88900, 1790, 1, 0, 0
88999, 4333, 0, 0, 0
88999, 2030, 1, 0, 0
89099, 4520, 0, 0, 0
89099, 2310, 1, 0, 0
89199, 5010, 0, 0, 0
89199, 2290, 1, 0, 0
89299, 4800, 0, 0, 0
89299, 2100, 1, 0, 0
89399, 4750, 0, 0, 0
89399, 1890, 1, 0, 0
89500, 4850, 0, 0, 0
89500, 2150, 1, 0, 0
89600, 4330, 0, 0, 0
89600, 1890, 1, 0, 0
89700, 4550, 0, 0, 0
89700, 1870, 1, 0, 0
89800, 5181, 0, 0, 0
89800, 1979, 1, 0, 0
89900, 4660, 0, 0, 0
89900, 2200, 1, 0, 0
90000, 5930, 0, 0, 0
90000, 2890, 1, 0, 0
