250, 1312, 0, 0, 0
350, 1350, 0, 0, 0
450, 1360, 0, 0, 0
550, 1260, 0, 0, 0
650, 1270, 0, 0, 0
749, 1292, 0, 0, 0
849, 1330, 0, 0, 0
949, 1310, 0, 0, 0
1050, 1310, 0, 0, 0
1150, 1350, 0, 0, 0
1249, 1272, 0, 0, 0
1349, 1310, 0, 0, 0
1449, 1330, 0, 0, 0
1549, 1270, 0, 0, 0
1649, 1340, 0, 0, 0
1749, 1320, 0, 0, 0
1849, 1320, 0, 0, 0
1950, 1340, 0, 0, 0
2050, 1380, 0, 0, 0
2150, 1350, 0, 0, 0
2249, 1292, 0, 0, 0
2349, 1340, 0, 0, 0
2449, 1310, 0, 0, 0
2549, 1340, 0, 0, 0
2649, 1260, 0, 0, 0
2749, 1280, 0, 0, 0
2849, 1320, 0, 0, 0
2949, 1310, 0, 0, 0
3050, 1350, 0, 0, 0
3150, 1360, 0, 0, 0
3249, 1292, 0, 0, 0
3349, 1280, 0, 0, 0
3449, 1300, 0, 0, 0
3549, 1310, 0, 0, 0
3649, 1360, 0, 0, 0
3749, 1400, 0, 0, 0
3849, 1290, 0, 0, 0
3949, 1350, 0, 0, 0
4050, 1280, 0, 0, 0
4150, 1330, 0, 0, 0
4249, 1323, 0, 0, 0
4349, 1330, 0, 0, 0
4449, 1320, 0, 0, 0
4549, 1360, 0, 0, 0
4649, 1330, 0, 0, 0
4749, 1270, 0, 0, 0
4849, 1330, 0, 0, 0
4949, 1340, 0, 0, 0
5050, 1300, 0, 0, 0
5150, 1300, 0, 0, 0
5249, 1292, 0, 0, 0
5349, 1350, 0, 0, 0
5449, 1330, 0, 0, 0
5549, 1340, 0, 0, 0
5649, 1330, 0, 0, 0
5749, 1340, 0, 0, 0
5849, 1330, 0, 0, 0
5949, 1310, 0, 0, 0
6049, 1330, 0, 0, 0
6150, 1290, 0, 0, 0
6250, 1350, 0, 0, 0
6350, 1310, 0, 0, 0
6450, 1350, 0, 0, 0
6550, 1330, 0, 0, 0
6650, 1350, 0, 0, 0
6749, 1343, 0, 0, 0
6849, 1310, 0, 0, 0
6949, 1300, 0, 0, 0
7049, 1290, 0, 0, 0
7150, 1330, 0, 0, 0
7250, 1310, 0, 0, 0
7350, 1360, 0, 0, 0
7450, 1320, 0, 0, 0
7550, 1320, 0, 0, 0
7650, 1300, 0, 0, 0
7749, 1313, 0, 0, 0
7849, 1330, 0, 0, 0
7949, 1340, 0, 0, 0
8049, 1320, 0, 0, 0
8149, 1330, 0, 0, 0
8250, 1290, 0, 0, 0
8350, 1320, 0, 0, 0
8450, 1340, 0, 0, 0
8550, 1340, 0, 0, 0
8650, 1340, 0, 0, 0
8749, 1292, 0, 0, 0
8849, 1300, 0, 0, 0
8949, 1330, 0, 0, 0
9049, 1270, 0, 0, 0
9149, 1310, 0, 0, 0
9249, 1320, 0, 0, 0
9350, 1350, 0, 0, 0
9450, 1340, 0, 0, 0
9550, 1340, 0, 0, 0
9650, 1290, 0, 0, 0
9749, 1313, 0, 0, 0
9849, 1310, 0, 0, 0
9949, 1280, 0, 0, 0
10049, 1290, 0, 0, 0
10149, 1350, 0, 0, 0
10249, 1320, 0, 0, 0
10349, 1350, 0, 0, 0
10450, 1360, 0, 0, 0
10550, 1360, 0, 0, 0
10650, 1340, 0, 0, 0
10749, 1282, 0, 0, 0
10849, 1310, 0, 0, 0
10949, 1330, 0, 0, 0
11049, 1240, 0, 0, 0
11149, 1260, 0, 0, 0
11249, 1310, 0, 0, 0
11349, 1350, 0, 0, 0
11449, 1350, 0, 0, 0
11550, 1360, 0, 0, 0
11650, 1370, 0, 0, 0
11749, 1303, 0, 0, 0
11849, 1360, 0, 0, 0
11949, 1290, 0, 0, 0
12049, 1320, 0, 0, 0
12149, 1290, 0, 0, 0
12249, 1370, 0, 0, 0
12349, 1330, 0, 0, 0
12449, 1310, 0, 0, 0
12549, 1400, 0, 0, 0
12650, 1300, 0, 0, 0
12750, 1360, 0, 0, 0
12850, 1300, 0, 0, 0
12950, 1310, 0, 0, 0
13050, 1310, 0, 0, 0
13150, 1310, 0, 0, 0
13249, 1303, 0, 0, 0
13349, 1290, 0, 0, 0
13449, 1260, 0, 0, 0
13549, 1390, 0, 0, 0
13649, 1360, 0, 0, 0
13750, 1370, 0, 0, 0
13850, 1300, 0, 0, 0
13950, 1310, 0, 0, 0
14050, 1330, 0, 0, 0
14150, 1350, 0, 0, 0
14249, 1303, 0, 0, 0
14349, 1310, 0, 0, 0
14449, 1290, 0, 0, 0
14549, 1320, 0, 0, 0
14649, 1310, 0, 0, 0
14750, 1310, 0, 0, 0
14850, 1360, 0, 0, 0
14950, 1320, 0, 0, 0
15050, 1320, 0, 0, 0
15150, 1310, 0, 0, 0
15249, 1333, 0, 0, 0
15349, 1330, 0, 0, 0
15449, 1320, 0, 0, 0
15549, 1370, 0, 0, 0
15649, 1290, 0, 0, 0
15749, 1300, 0, 0, 0
15850, 1310, 0, 0, 0
15950, 1340, 0, 0, 0
16050, 1360, 0, 0, 0
16150, 1370, 0, 0, 0
16249, 1343, 0, 0, 0
16349, 1260, 0, 0, 0
16449, 1320, 0, 0, 0
16549, 1340, 0, 0, 0
16649, 1330, 0, 0, 0
16749, 1330, 0, 0, 0
16849, 1330, 0, 0, 0
16949, 1270, 0, 0, 0
17050, 1330, 0, 0, 0
17150, 1360, 0, 0, 0
17249, 1292, 0, 0, 0
17349, 1340, 0, 0, 0
17449, 1320, 0, 0, 0
17549, 1330, 0, 0, 0
17649, 1360, 0, 0, 0
17749, 1330, 0, 0, 0
17849, 1320, 0, 0, 0
17950, 1310, 0, 0, 0
18050, 1300, 0, 0, 0
18150, 1330, 0, 0, 0
18249, 1333, 0, 0, 0
18349, 1310, 0, 0, 0
18449, 1310, 0, 0, 0
18549, 1340, 0, 0, 0
18649, 1320, 0, 0, 0
18749, 1290, 0, 0, 0
18849, 1330, 0, 0, 0
18949, 1270, 0, 0, 0
19050, 1350, 0, 0, 0
19150, 1300, 0, 0, 0
19250, 1340, 0, 0, 0
19350, 1340, 0, 0, 0
19450, 1340, 0, 0, 0
19550, 1290, 0, 0, 0
19650, 1340, 0, 0, 0
19749, 1313, 0, 0, 0
19849, 1320, 0, 0, 0
19949, 1330, 0, 0, 0
20049, 1350, 0, 0, 0
20150, 1330, 0, 0, 0
20250, 1370, 0, 0, 0
20350, 1320, 0, 0, 0
20450, 1360, 0, 0, 0
20550, 1300, 0, 0, 0
20650, 1280, 0, 0, 0
20749, 1323, 0, 0, 0
20849, 1300, 0, 0, 0
20949, 1370, 0, 0, 0
21049, 1350, 0, 0, 0
21149, 1320, 0, 0, 0
21250, 1340, 0, 0, 0
21350, 1370, 0, 0, 0
21450, 1320, 0, 0, 0
21550, 1330, 0, 0, 0
21650, 1250, 0, 0, 0
21749, 1323, 0, 0, 0
21849, 1270, 0, 0, 0
21949, 1300, 0, 0, 0
22049, 1310, 0, 0, 0
22149, 1400, 0, 0, 0
22250, 1310, 0, 0, 0
22350, 1350, 0, 0, 0
22450, 1280, 0, 0, 0
22550, 1360, 0, 0, 0
22650, 1290, 0, 0, 0
22749, 1292, 0, 0, 0
22849, 1300, 0, 0, 0
22949, 1360, 0, 0, 0
23049, 1360, 0, 0, 0
23149, 1350, 0, 0, 0
23250, 1320, 0, 0, 0
23350, 1310, 0, 0, 0
23450, 1330, 0, 0, 0
23550, 1270, 0, 0, 0
23650, 1300, 0, 0, 0
23749, 1373, 0, 0, 0
23849, 1350, 0, 0, 0
23949, 1290, 0, 0, 0
24049, 1270, 0, 0, 0
24149, 1300, 0, 0, 0
24249, 1320, 0, 0, 0
24350, 1330, 0, 0, 0
24450, 1310, 0, 0, 0
24550, 1330, 0, 0, 0
24650, 1310, 0, 0, 0
24749, 1303, 0, 0, 0
24849, 1330, 0, 0, 0
24949, 1350, 0, 0, 0
25049, 1360, 0, 0, 0
25149, 1320, 0, 0, 0
25249, 1380, 0, 0, 0
25349, 1330, 0, 0, 0
25449, 1320, 0, 0, 0
25550, 1300, 0, 0, 0
25650, 1330, 0, 0, 0
25749, 1313, 0, 0, 0
25849, 1280, 0, 0, 0
25949, 1300, 0, 0, 0
26049, 1320, 0, 0, 0
26149, 1310, 0, 0, 0
26249, 1300, 0, 0, 0
26349, 1320, 0, 0, 0
26449, 1280, 0, 0, 0
26550, 1370, 0, 0, 0
26650, 1310, 0, 0, 0
26749, 1343, 0, 0, 0
26849, 1330, 0, 0, 0
26949, 1370, 0, 0, 0
27049, 1320, 0, 0, 0
27149, 1300, 0, 0, 0
27249, 1300, 0, 0, 0
27349, 1340, 0, 0, 0
27449, 1330, 0, 0, 0
27550, 1340, 0, 0, 0
27650, 1300, 0, 0, 0
27749, 1373, 0, 0, 0
27849, 1360, 0, 0, 0
27949, 1310, 0, 0, 0
28049, 1350, 0, 0, 0
28149, 1330, 0, 0, 0
28249, 1330, 0, 0, 0
28349, 1340, 0, 0, 0
28449, 1310, 0, 0, 0
28550, 1330, 0, 0, 0
28650, 1310, 0, 0, 0
28750, 1310, 0, 0, 0
28850, 1310, 0, 0, 0
28950, 1280, 0, 0, 0
29050, 1260, 0, 0, 0
29150, 1290, 0, 0, 0
29249, 1333, 0, 0, 0
29349, 1280, 0, 0, 0
29449, 1310, 0, 0, 0
29549, 1280, 0, 0, 0
29649, 1330, 0, 0, 0
29750, 1300, 0, 0, 0
29850, 1310, 0, 0, 0
29950, 1280, 0, 0, 0
30050, 1320, 0, 0, 0
30150, 1330, 0, 0, 0
30249, 1303, 0, 0, 0
30349, 1290, 0, 0, 0
30449, 1360, 0, 0, 0
30549, 1360, 0, 0, 0
30649, 1360, 0, 0, 0
30750, 1300, 0, 0, 0
30850, 1340, 0, 0, 0
30950, 1300, 0, 0, 0
31050, 1310, 0, 0, 0
31150, 1320, 0, 0, 0
31249, 1333, 0, 0, 0
31349, 1290, 0, 0, 0
31449, 1360, 0, 0, 0
31549, 1340, 0, 0, 0
31649, 1230, 0, 0, 0
31749, 1320, 0, 0, 0
31850, 1400, 0, 0, 0
31950, 1280, 0, 0, 0
32050, 1310, 0, 0, 0
32150, 1320, 0, 0, 0
32249, 1313, 0, 0, 0
32349, 1320, 0, 0, 0
32449, 1310, 0, 0, 0
32549, 1300, 0, 0, 0
32649, 1310, 0, 0, 0
32749, 1280, 0, 0, 0
32850, 1310, 0, 0, 0
32950, 1320, 0, 0, 0
33050, 1330, 0, 0, 0
33150, 1320, 0, 0, 0
33249, 1343, 0, 0, 0
33349, 1330, 0, 0, 0
33449, 1300, 0, 0, 0
33549, 1370, 0, 0, 0
33649, 1350, 0, 0, 0
33749, 1340, 0, 0, 0
33849, 1300, 0, 0, 0
33950, 1280, 0, 0, 0
34050, 1330, 0, 0, 0
34150, 1340, 0, 0, 0
34249, 1333, 0, 0, 0
34349, 1290, 0, 0, 0
34449, 1260, 0, 0, 0
34549, 1260, 0, 0, 0
34649, 1360, 0, 0, 0
34749, 1350, 0, 0, 0
34849, 1330, 0, 0, 0
34949, 1380, 0, 0, 0
35049, 1330, 0, 0, 0
35150, 1350, 0, 0, 0
35250, 1310, 0, 0, 0
35350, 1350, 0, 0, 0
35450, 1310, 0, 0, 0
35550, 1350, 0, 0, 0
35650, 1340, 0, 0, 0
35749, 1282, 0, 0, 0
35849, 1310, 0, 0, 0
35949, 1300, 0, 0, 0
36049, 1330, 0, 0, 0
36149, 1340, 0, 0, 0
36250, 1310, 0, 0, 0
36350, 1290, 0, 0, 0
36450, 1330, 0, 0, 0
36550, 1330, 0, 0, 0
36650, 1290, 0, 0, 0
36749, 1323, 0, 0, 0
36849, 1310, 0, 0, 0
36949, 1330, 0, 0, 0
37049, 1330, 0, 0, 0
37149, 1340, 0, 0, 0
37250, 1330, 0, 0, 0
37350, 1350, 0, 0, 0
37450, 1310, 0, 0, 0
37550, 1300, 0, 0, 0
37650, 1290, 0, 0, 0
37749, 1323, 0, 0, 0
37849, 1340, 0, 0, 0
37949, 1290, 0, 0, 0
38049, 1320, 0, 0, 0
38149, 1300, 0, 0, 0
38250, 1290, 0, 0, 0
38350, 1390, 0, 0, 0
38450, 1310, 0, 0, 0
38550, 1320, 0, 0, 0
38650, 1340, 0, 0, 0
38749, 1333, 0, 0, 0
38849, 1270, 0, 0, 0
38949, 1300, 0, 0, 0
39049, 1340, 0, 0, 0
39149, 1310, 0, 0, 0
39249, 1310, 0, 0, 0
39349, 1280, 0, 0, 0
39450, 1340, 0, 0, 0
39550, 1260, 0, 0, 0
39650, 1300, 0, 0, 0
39749, 1323, 0, 0, 0
39849, 1300, 0, 0, 0
39949, 1320, 0, 0, 0
40049, 1310, 0, 0, 0
40149, 1320, 0, 0, 0
40249, 1300, 0, 0, 0
40349, 1300, 0, 0, 0
40449, 1300, 0, 0, 0
40550, 1310, 0, 0, 0
40650, 1250, 0, 0, 0
40749, 1262, 0, 0, 0
40849, 1380, 0, 0, 0
40949, 1310, 0, 0, 0
41049, 1310, 0, 0, 0
41149, 1300, 0, 0, 0
41249, 1340, 0, 0, 0
41349, 1320, 0, 0, 0
41449, 1370, 0, 0, 0
41549, 1280, 0, 0, 0
41650, 1350, 0, 0, 0
41750, 1310, 0, 0, 0
41850, 1360, 0, 0, 0
41950, 1330, 0, 0, 0
42050, 1330, 0, 0, 0
42150, 1260, 0, 0, 0
42249, 1292, 0, 0, 0
42349, 1310, 0, 0, 0
42449, 1310, 0, 0, 0
42550, 1340, 0, 0, 0
42650, 1280, 0, 0, 0
42749, 1323, 0, 0, 0
42849, 1330, 0, 0, 0
42949, 1350, 0, 0, 0
43049, 1320, 0, 0, 0
43149, 1310, 0, 0, 0
43249, 1310, 0, 0, 0
43349, 1320, 0, 0, 0
43449, 1340, 0, 0, 0
43550, 1330, 0, 0, 0
43650, 1310, 0, 0, 0
43750, 1300, 0, 0, 0
43850, 1320, 0, 0, 0
43950, 1290, 0, 0, 0
44050, 1300, 0, 0, 0
44150, 1330, 0, 0, 0
44249, 1292, 0, 0, 0
44349, 1300, 0, 0, 0
44449, 1270, 0, 0, 0
44549, 1300, 0, 0, 0
44650, 1300, 0, 0, 0
44750, 1330, 0, 0, 0
44850, 1400, 0, 0, 0
44950, 1310, 0, 0, 0
45050, 1340, 0, 0, 0
45150, 1350, 0, 0, 0
45249, 1303, 0, 0, 0
45349, 1300, 0, 0, 0
45449, 1310, 0, 0, 0
45550, 1340, 0, 0, 0
45650, 1280, 0, 0, 0
45749, 1343, 0, 0, 0
45849, 1290, 0, 0, 0
45949, 1290, 0, 0, 0
46049, 1270, 0, 0, 0
46149, 1340, 0, 0, 0
46249, 1350, 0, 0, 0
46349, 1270, 0, 0, 0
46449, 1310, 0, 0, 0
46550, 1320, 0, 0, 0
46650, 1330, 0, 0, 0
46750, 1350, 0, 0, 0
46850, 1310, 0, 0, 0
46950, 1270, 0, 0, 0
47050, 1320, 0, 0, 0
47150, 1330, 0, 0, 0
47249, 1313, 0, 0, 0
47349, 1310, 0, 0, 0
47449, 1290, 0, 0, 0
47550, 1290, 0, 0, 0
47650, 1270, 0, 0, 0
47750, 1290, 0, 0, 0
47850, 1320, 0, 0, 0
47950, 1290, 0, 0, 0
48050, 1270, 0, 0, 0
48150, 1280, 0, 0, 0
48249, 1282, 0, 0, 0
48349, 1340, 0, 0, 0
48449, 1290, 0, 0, 0
48549, 1330, 0, 0, 0
48650, 1320, 0, 0, 0
48750, 1290, 0, 0, 0
48850, 1310, 0, 0, 0
48950, 1290, 0, 0, 0
49050, 1300, 0, 0, 0
49150, 1360, 0, 0, 0
49249, 1313, 0, 0, 0
49349, 1330, 0, 0, 0
49449, 1310, 0, 0, 0
49549, 1360, 0, 0, 0
49649, 1230, 0, 0, 0
49750, 1280, 0, 0, 0
49850, 1280, 0, 0, 0
49950, 1340, 0, 0, 0
50050, 1280, 0, 0, 0
50150, 1280, 0, 0, 0
50249, 1353, 0, 0, 0
50349, 1310, 0, 0, 0
50449, 1300, 0, 0, 0
50549, 1330, 0, 0, 0
50649, 1310, 0, 0, 0
50750, 1370, 0, 0, 0
50850, 1370, 0, 0, 0
50950, 1260, 0, 0, 0
51050, 1300, 0, 0, 0
51150, 1320, 0, 0, 0
51249, 1323, 0, 0, 0
51349, 1300, 0, 0, 0
51449, 1310, 0, 0, 0
51549, 1330, 0, 0, 0
51649, 1290, 0, 0, 0
51750, 1320, 0, 0, 0
51850, 1290, 0, 0, 0
51950, 1320, 0, 0, 0
52050, 1320, 0, 0, 0
52150, 1330, 0, 0, 0
52249, 1323, 0, 0, 0
52349, 1240, 0, 0, 0
52449, 1330, 0, 0, 0
52549, 1300, 0, 0, 0
52649, 1300, 0, 0, 0
52749, 1370, 0, 0, 0
52850, 1290, 0, 0, 0
52950, 1300, 0, 0, 0
53050, 1330, 0, 0, 0
53150, 1320, 0, 0, 0
53249, 1272, 0, 0, 0
53349, 1310, 0, 0, 0
53449, 1340, 0, 0, 0
53549, 1280, 0, 0, 0
53649, 1310, 0, 0, 0
53749, 1280, 0, 0, 0
53849, 1280, 0, 0, 0
53949, 1310, 0, 0, 0
54050, 1290, 0, 0, 0
54150, 1340, 0, 0, 0
54249, 1393, 0, 0, 0
54349, 1360, 0, 0, 0
54449, 1340, 0, 0, 0
54549, 1300, 0, 0, 0
54649, 1320, 0, 0, 0
54749, 1320, 0, 0, 0
54849, 1320, 0, 0, 0
54949, 1310, 0, 0, 0
55050, 1350, 0, 0, 0
55150, 1350, 0, 0, 0
55249, 1343, 0, 0, 0
55349, 1290, 0, 0, 0
55449, 1290, 0, 0, 0
55549, 1310, 0, 0, 0
55649, 1300, 0, 0, 0
55749, 1330, 0, 0, 0
55849, 1360, 0, 0, 0
55949, 1310, 0, 0, 0
56050, 1290, 0, 0, 0
56150, 1300, 0, 0, 0
56249, 1272, 0, 0, 0
56349, 1320, 0, 0, 0
56449, 1350, 0, 0, 0
56549, 1310, 0, 0, 0
56649, 1330, 0, 0, 0
56749, 1340, 0, 0, 0
56849, 1290, 0, 0, 0
56949, 1290, 0, 0, 0
57050, 1320, 0, 0, 0
57150, 1230, 0, 0, 0
57249, 1292, 0, 0, 0
57349, 1280, 0, 0, 0
57449, 1380, 0, 0, 0
57549, 1290, 0, 0, 0
57649, 1350, 0, 0, 0
57749, 1320, 0, 0, 0
57849, 1320, 0, 0, 0
57949, 1290, 0, 0, 0
58050, 1300, 0, 0, 0
58150, 1310, 0, 0, 0
58249, 1333, 0, 0, 0
58349, 1230, 0, 0, 0
58449, 1310, 0, 0, 0
58549, 1290, 0, 0, 0
58649, 1250, 0, 0, 0
58749, 1350, 0, 0, 0
58849, 1310, 0, 0, 0
58949, 1300, 0, 0, 0
59050, 1320, 0, 0, 0
59150, 1270, 0, 0, 0
59249, 1373, 0, 0, 0
59349, 1320, 0, 0, 0
59449, 1320, 0, 0, 0
59549, 1300, 0, 0, 0
59649, 1350, 0, 0, 0
59749, 1350, 0, 0, 0
59849, 1320, 0, 0, 0
59949, 1290, 0, 0, 0
60050, 1350, 0, 0, 0
60150, 1260, 0, 0, 0
60250, 1290, 0, 0, 0
60350, 1280, 0, 0, 0
60450, 1310, 0, 0, 0
60550, 1290, 0, 0, 0
60650, 1270, 0, 0, 0
60749, 1292, 0, 0, 0
60849, 1330, 0, 0, 0
60949, 1280, 0, 0, 0
61049, 1350, 0, 0, 0
61150, 1300, 0, 0, 0
61250, 1370, 0, 0, 0
61350, 1360, 0, 0, 0
61450, 1280, 0, 0, 0
61550, 1320, 0, 0, 0
61650, 1330, 0, 0, 0
61749, 1323, 0, 0, 0
61849, 1280, 0, 0, 0
61949, 1290, 0, 0, 0
62049, 1270, 0, 0, 0
62149, 1350, 0, 0, 0
62250, 1350, 0, 0, 0
62350, 1300, 0, 0, 0
62450, 1340, 0, 0, 0
62550, 1250, 0, 0, 0
62650, 1340, 0, 0, 0
62749, 1303, 0, 0, 0
62849, 1300, 0, 0, 0
62949, 1290, 0, 0, 0
63049, 1350, 0, 0, 0
63149, 1350, 0, 0, 0
63250, 1290, 0, 0, 0
63350, 1310, 0, 0, 0
63450, 1370, 0, 0, 0
63550, 1270, 0, 0, 0
63650, 1280, 0, 0, 0
63749, 1292, 0, 0, 0
63849, 1320, 0, 0, 0
63949, 1290, 0, 0, 0
64049, 1340, 0, 0, 0
64149, 1330, 0, 0, 0
64249, 1330, 0, 0, 0
64350, 1300, 0, 0, 0
64450, 1320, 0, 0, 0
64550, 1340, 0, 0, 0
64650, 1310, 0, 0, 0
64749, 1333, 0, 0, 0
64849, 1350, 0, 0, 0
64949, 1320, 0, 0, 0
65049, 1350, 0, 0, 0
65149, 1270, 0, 0, 0
65249, 1320, 0, 0, 0
65349, 1320, 0, 0, 0
65450, 1300, 0, 0, 0
65550, 1270, 0, 0, 0
65650, 1320, 0, 0, 0
65749, 1313, 0, 0, 0
65849, 1320, 0, 0, 0
65949, 1350, 0, 0, 0
66049, 1390, 0, 0, 0
66149, 1320, 0, 0, 0
66249, 1310, 0, 0, 0
66349, 1290, 0, 0, 0
66450, 1290, 0, 0, 0
66550, 1350, 0, 0, 0
66650, 1310, 0, 0, 0
66749, 1323, 0, 0, 0
66849, 1330, 0, 0, 0
66949, 1320, 0, 0, 0
67049, 1300, 0, 0, 0
67149, 1330, 0, 0, 0
67249, 1410, 0, 0, 0
67349, 1290, 0, 0, 0
67450, 1290, 0, 0, 0
67550, 1360, 0, 0, 0
67650, 1300, 0, 0, 0
67749, 1282, 0, 0, 0
67849, 1320, 0, 0, 0
67949, 1340, 0, 0, 0
68049, 1290, 0, 0, 0
68149, 1280, 0, 0, 0
68249, 1320, 0, 0, 0
68349, 1360, 0, 0, 0
68449, 1320, 0, 0, 0
68550, 1300, 0, 0, 0
68650, 1290, 0, 0, 0
68750, 1300, 0, 0, 0
68850, 1350, 0, 0, 0
68950, 1310, 0, 0, 0
69050, 1270, 0, 0, 0
69150, 1360, 0, 0, 0
69249, 1313, 0, 0, 0
69349, 1290, 0, 0, 0
69449, 1320, 0, 0, 0
69549, 1290, 0, 0, 0
69650, 1280, 0, 0, 0
69750, 1310, 0, 0, 0
69850, 1310, 0, 0, 0
69950, 1300, 0, 0, 0
70050, 1330, 0, 0, 0
70150, 1320, 0, 0, 0
70249, 1333, 0, 0, 0
70349, 1310, 0, 0, 0
70449, 1310, 0, 0, 0
70549, 1310, 0, 0, 0
70649, 1280, 0, 0, 0
70750, 1330, 0, 0, 0
70850, 1320, 0, 0, 0
70950, 1330, 0, 0, 0
71050, 1300, 0, 0, 0
71150, 1300, 0, 0, 0
71249, 1303, 0, 0, 0
71349, 1330, 0, 0, 0
71449, 1320, 0, 0, 0
71549, 1310, 0, 0, 0
71649, 1340, 0, 0, 0
71750, 1320, 0, 0, 0
71850, 1320, 0, 0, 0
71950, 1310, 0, 0, 0
72050, 1280, 0, 0, 0
72150, 1280, 0, 0, 0
72249, 1282, 0, 0, 0
72349, 1320, 0, 0, 0
72449, 1300, 0, 0, 0
72549, 1340, 0, 0, 0
72649, 1320, 0, 0, 0
72750, 1320, 0, 0, 0
72850, 1230, 0, 0, 0
72950, 1380, 0, 0, 0
73050, 1270, 0, 0, 0
73150, 1370, 0, 0, 0
73249, 1303, 0, 0, 0
73349, 1360, 0, 0, 0
73449, 1300, 0, 0, 0
73549, 1320, 0, 0, 0
73649, 1310, 0, 0, 0
73750, 1340, 0, 0, 0
73850, 1290, 0, 0, 0
73950, 1340, 0, 0, 0
74050, 1300, 0, 0, 0
74150, 1350, 0, 0, 0
74249, 1333, 0, 0, 0
74349, 1350, 0, 0, 0
74449, 1330, 0, 0, 0
74549, 1290, 0, 0, 0
74649, 1280, 0, 0, 0
74750, 1340, 0, 0, 0
74850, 1280, 0, 0, 0
74950, 1330, 0, 0, 0
75050, 1350, 0, 0, 0
75150, 1320, 0, 0, 0
75249, 1363, 0, 0, 0
75349, 1350, 0, 0, 0
75449, 1330, 0, 0, 0
75549, 1320, 0, 0, 0
75649, 1270, 0, 0, 0
75750, 1290, 0, 0, 0
75850, 1320, 0, 0, 0
75950, 1320, 0, 0, 0
76050, 1300, 0, 0, 0
76150, 1350, 0, 0, 0
76249, 1343, 0, 0, 0
76349, 1360, 0, 0, 0
76449, 1300, 0, 0, 0
76549, 1300, 0, 0, 0
76649, 1340, 0, 0, 0
76749, 1340, 0, 0, 0
76850, 1320, 0, 0, 0
76950, 1300, 0, 0, 0
77050, 1310, 0, 0, 0
77150, 1370, 0, 0, 0
77249, 1313, 0, 0, 0
77349, 1290, 0, 0, 0
77449, 1270, 0, 0, 0
77549, 1320, 0, 0, 0
77649, 1280, 0, 0, 0
77749, 1340, 0, 0, 0
77850, 1320, 0, 0, 0
77950, 1330, 0, 0, 0
78050, 1290, 0, 0, 0
78150, 1270, 0, 0, 0
78249, 1313, 0, 0, 0
78349, 1290, 0, 0, 0
78449, 1310, 0, 0, 0
78549, 1310, 0, 0, 0
78649, 1350, 0, 0, 0
78749, 1310, 0, 0, 0
78849, 1300, 0, 0, 0
78949, 1280, 0, 0, 0
79050, 1320, 0, 0, 0
79150, 1350, 0, 0, 0
79249, 1353, 0, 0, 0
79349, 1280, 0, 0, 0
79449, 1360, 0, 0, 0
79549, 1300, 0, 0, 0
79649, 1320, 0, 0, 0
79749, 1320, 0, 0, 0
79849, 1320, 0, 0, 0
79949, 1320, 0, 0, 0
80050, 1350, 0, 0, 0
80150, 1330, 0, 0, 0
80250, 1290, 0, 0, 0
80350, 1300, 0, 0, 0
80450, 1310, 0, 0, 0
80550, 1320, 0, 0, 0
80650, 1270, 0, 0, 0
80749, 1272, 0, 0, 0
80849, 1280, 0, 0, 0
80949, 1310, 0, 0, 0
81049, 1340, 0, 0, 0
81150, 1330, 0, 0, 0
81250, 1320, 0, 0, 0
81350, 1370, 0, 0, 0
81450, 1340, 0, 0, 0
81550, 1320, 0, 0, 0
81650, 1250, 0, 0, 0
81749, 1262, 0, 0, 0
81849, 1350, 0, 0, 0
81949, 1250, 0, 0, 0
82049, 1240, 0, 0, 0
82149, 1300, 0, 0, 0
82250, 1320, 0, 0, 0
82350, 1260, 0, 0, 0
82450, 1330, 0, 0, 0
82550, 1310, 0, 0, 0
82650, 1290, 0, 0, 0
82749, 1292, 0, 0, 0
82849, 1300, 0, 0, 0
82949, 1310, 0, 0, 0
83049, 1300, 0, 0, 0
83149, 1290, 0, 0, 0
83250, 1280, 0, 0, 0
83350, 1290, 0, 0, 0
83450, 1310, 0, 0, 0
83550, 1340, 0, 0, 0
83650, 1270, 0, 0, 0
83749, 1323, 0, 0, 0
83849, 1330, 0, 0, 0
83949, 1310, 0, 0, 0
84049, 1320, 0, 0, 0
84149, 1290, 0, 0, 0
84250, 1240, 0, 0, 0
84350, 1310, 0, 0, 0
84450, 1320, 0, 0, 0
84550, 1350, 0, 0, 0
84650, 1320, 0, 0, 0
84749, 1292, 0, 0, 0
84849, 1340, 0, 0, 0
84949, 1290, 0, 0, 0
85049, 1250, 0, 0, 0
85149, 1280, 0, 0, 0
85249, 1280, 0, 0, 0
85350, 1310, 0, 0, 0
85450, 1330, 0, 0, 0
85550, 1270, 0, 0, 0
85650, 1350, 0, 0, 0
85749, 1333, 0, 0, 0
85849, 1320, 0, 0, 0
85949, 1300, 0, 0, 0
86049, 1300, 0, 0, 0
86149, 1320, 0, 0, 0
86249, 1330, 0, 0, 0
86349, 1340, 0, 0, 0
86449, 1300, 0, 0, 0
86550, 1320, 0, 0, 0
86650, 1330, 0, 0, 0
86749, 1373, 0, 0, 0
86849, 1320, 0, 0, 0
86949, 1290, 0, 0, 0
87049, 1300, 0, 0, 0
87149, 1300, 0, 0, 0
87249, 1330, 0, 0, 0
87349, 1280, 0, 0, 0
87449, 1350, 0, 0, 0
87550, 1330, 0, 0, 0
87650, 1340, 0, 0, 0
87749, 1313, 0, 0, 0
87849, 1320, 0, 0, 0
87949, 1340, 0, 0, 0
88049, 1290, 0, 0, 0
88149, 1280, 0, 0, 0
88249, 1290, 0, 0, 0
88349, 1330, 0, 0, 0
88449, 1290, 0, 0, 0
88550, 1310, 0, 0, 0
88650, 1330, 0, 0, 0
88749, 1303, 0, 0, 0
88849, 1320, 0, 0, 0
88949, 1320, 0, 0, 0
89049, 1320, 0, 0, 0
89149, 1290, 0, 0, 0
89249, 1310, 0, 0, 0
89349, 1320, 0, 0, 0
89449, 1290, 0, 0, 0
89550, 1310, 0, 0, 0
89650, 1300, 0, 0, 0
89749, 1313, 0, 0, 0
89849, 1270, 0, 0, 0
89949, 1300, 0, 0, 0
