100, 3144566, 0, 0, 0
200, 2578825, 0, 0, 0
302, 2554558, 0, 0, 0
400, 3863696, 0, 0, 0
500, 3071110, 0, 0, 0
600, 3600741, 0, 0, 0
700, 8107918, 0, 0, 0
800, 2889825, 0, 0, 0
900, 3328678, 0, 0, 0
1000, 3350042, 0, 0, 0
1100, 3168977, 0, 0, 0
1200, 2644908, 0, 0, 0
1300, 2511981, 0, 0, 0
1400, 2522412, 0, 0, 0
1500, 3379408, 0, 0, 0
1600, 2373837, 0, 0, 0
1700, 2272519, 0, 0, 0
1800, 2381280, 0, 0, 0
1900, 2772641, 0, 0, 0
2000, 2622943, 0, 0, 0
2100, 2966640, 0, 0, 0
2200, 4275958, 0, 0, 0
2300, 2487830, 0, 0, 0
2400, 2517978, 0, 0, 0
2500, 3178793, 0, 0, 0
2600, 2788578, 0, 0, 0
2700, 2793563, 0, 0, 0
2800, 3968875, 0, 0, 0
2900, 2757382, 0, 0, 0
3000, 3116930, 0, 0, 0
3100, 2714863, 0, 0, 0
3200, 3673954, 0, 0, 0
3300, 4192691, 0, 0, 0
3400, 3130358, 0, 0, 0
3500, 5820509, 0, 0, 0
3600, 2868509, 0, 0, 0
3700, 4330938, 0, 0, 0
3800, 3345581, 0, 0, 0
3900, 2937575, 0, 0, 0
4000, 3000367, 0, 0, 0
4100, 2574410, 0, 0, 0
4200, 3085765, 0, 0, 0
4300, 3192339, 0, 0, 0
4400, 3085996, 0, 0, 0
4500, 2328906, 0, 0, 0
4605, 2837381, 0, 0, 0
4700, 4144648, 0, 0, 0
4800, 3009701, 0, 0, 0
4900, 2886818, 0, 0, 0
5000, 2777607, 0, 0, 0
5100, 3068984, 0, 0, 0
5200, 2754702, 0, 0, 0
5300, 3226001, 0, 0, 0
5400, 3092322, 0, 0, 0
5500, 3869473, 0, 0, 0
5600, 3411600, 0, 0, 0
5700, 3873808, 0, 0, 0
5800, 2734273, 0, 0, 0
5900, 2588029, 0, 0, 0
6000, 3118169, 0, 0, 0
6100, 2981200, 0, 0, 0
6200, 3418470, 0, 0, 0
6300, 2282000, 0, 0, 0
6400, 4472154, 0, 0, 0
6500, 3377027, 0, 0, 0
6600, 3964421, 0, 0, 0
6700, 3673549, 0, 0, 0
6800, 2875736, 0, 0, 0
6900, 2531824, 0, 0, 0
7000, 3380218, 0, 0, 0
7100, 2710069, 0, 0, 0
7200, 2396840, 0, 0, 0
7300, 3499949, 0, 0, 0
7400, 3238549, 0, 0, 0
7500, 4071328, 0, 0, 0
7600, 3126738, 0, 0, 0
7700, 3465953, 0, 0, 0
7800, 2900449, 0, 0, 0
7900, 2518880, 0, 0, 0
8000, 2253117, 0, 0, 0
8100, 2877990, 0, 0, 0
8200, 4684291, 0, 0, 0
8300, 3346567, 0, 0, 0
8400, 2734809, 0, 0, 0
8500, 2475578, 0, 0, 0
8600, 2712597, 0, 0, 0
8702, 3287565, 0, 0, 0
8800, 3266583, 0, 0, 0
8900, 3163921, 0, 0, 0
9000, 3574983, 0, 0, 0
9100, 3196294, 0, 0, 0
9200, 3906858, 0, 0, 0
9300, 2759336, 0, 0, 0
9400, 3253076, 0, 0, 0
9500, 3419254, 0, 0, 0
9600, 4050805, 0, 0, 0
9700, 3135041, 0, 0, 0
9800, 2907050, 0, 0, 0
9900, 3018672, 0, 0, 0
10000, 2750365, 0, 0, 0
10100, 3747961, 0, 0, 0
10200, 3493207, 0, 0, 0
10300, 3577563, 0, 0, 0
10400, 3096302, 0, 0, 0
10500, 3195114, 0, 0, 0
10600, 4123491, 0, 0, 0
10700, 2642121, 0, 0, 0
10800, 2977531, 0, 0, 0
10900, 3820710, 0, 0, 0
11000, 2942365, 0, 0, 0
11100, 4554906, 0, 0, 0
11200, 3384124, 0, 0, 0
11300, 2803878, 0, 0, 0
11400, 3318155, 0, 0, 0
11500, 3974953, 0, 0, 0
11600, 4516406, 0, 0, 0
11700, 2958616, 0, 0, 0
11800, 2873228, 0, 0, 0
11900, 2679137, 0, 0, 0
12000, 2958972, 0, 0, 0
12100, 3313210, 0, 0, 0
12200, 2373069, 0, 0, 0
12300, 3570199, 0, 0, 0
12400, 3197186, 0, 0, 0
12500, 3355009, 0, 0, 0
12600, 4516428, 0, 0, 0
12700, 2670332, 0, 0, 0
12800, 2674767, 0, 0, 0
12900, 2916756, 0, 0, 0
13000, 2531126, 0, 0, 0
13100, 3062311, 0, 0, 0
13200, 2798624, 0, 0, 0
13300, 3602669, 0, 0, 0
13400, 2371709, 0, 0, 0
13500, 3391839, 0, 0, 0
13600, 2944374, 0, 0, 0
13700, 3581837, 0, 0, 0
13800, 3602128, 0, 0, 0
13900, 3603273, 0, 0, 0
14000, 3199889, 0, 0, 0
14100, 3058909, 0, 0, 0
14200, 2861927, 0, 0, 0
14300, 2573514, 0, 0, 0
14400, 3066432, 0, 0, 0
14500, 3639308, 0, 0, 0
14604, 3483266, 0, 0, 0
14700, 5917914, 0, 0, 0
14800, 2763581, 0, 0, 0
14900, 2626702, 0, 0, 0
15000, 2780778, 0, 0, 0
15100, 2737308, 0, 0, 0
15200, 3585301, 0, 0, 0
15300, 2755307, 0, 0, 0
15400, 2623699, 0, 0, 0
15500, 3801350, 0, 0, 0
15600, 2963553, 0, 0, 0
15701, 3783083, 0, 0, 0
15800, 3481009, 0, 0, 0
15900, 3095669, 0, 0, 0
16000, 3137828, 0, 0, 0
16100, 4485477, 0, 0, 0
16200, 2767446, 0, 0, 0
16300, 4180559, 0, 0, 0
16400, 2499002, 0, 0, 0
16500, 2682734, 0, 0, 0
16600, 2675095, 0, 0, 0
16700, 3887661, 0, 0, 0
16800, 2546595, 0, 0, 0
16900, 4177923, 0, 0, 0
17000, 3353538, 0, 0, 0
17100, 3266135, 0, 0, 0
17200, 4079894, 0, 0, 0
17300, 3878690, 0, 0, 0
17400, 3942940, 0, 0, 0
17500, 2784312, 0, 0, 0
17601, 2777921, 0, 0, 0
17700, 3339307, 0, 0, 0
17800, 2940495, 0, 0, 0
17900, 3248451, 0, 0, 0
18000, 3096247, 0, 0, 0
18100, 2443358, 0, 0, 0
18200, 3308319, 0, 0, 0
18300, 2409526, 0, 0, 0
18400, 3247071, 0, 0, 0
18500, 2756984, 0, 0, 0
18600, 2641138, 0, 0, 0
18700, 2536304, 0, 0, 0
18800, 3523474, 0, 0, 0
18900, 3461117, 0, 0, 0
19000, 3206269, 0, 0, 0
19100, 2458532, 0, 0, 0
19200, 2906789, 0, 0, 0
19300, 3089141, 0, 0, 0
19400, 2709182, 0, 0, 0
19500, 3559018, 0, 0, 0
19600, 4209362, 0, 0, 0
19700, 2575134, 0, 0, 0
19800, 3247353, 0, 0, 0
19900, 3283237, 0, 0, 0
20000, 3757221, 0, 0, 0
20100, 2886873, 0, 0, 0
20200, 2921518, 0, 0, 0
20300, 2657890, 0, 0, 0
20400, 2418585, 0, 0, 0
20500, 2486789, 0, 0, 0
20600, 2893991, 0, 0, 0
20700, 2159877, 0, 0, 0
20800, 2930389, 0, 0, 0
20900, 3959745, 0, 0, 0
21000, 3269089, 0, 0, 0
21100, 2703046, 0, 0, 0
21200, 4480859, 0, 0, 0
21300, 3598641, 0, 0, 0
21400, 4841376, 0, 0, 0
21500, 3272608, 0, 0, 0
21600, 2796098, 0, 0, 0
21700, 4099454, 0, 0, 0
21800, 2574331, 0, 0, 0
21900, 3163885, 0, 0, 0
22000, 2916614, 0, 0, 0
22100, 2500008, 0, 0, 0
22200, 4290804, 0, 0, 0
22300, 2659429, 0, 0, 0
22400, 3403076, 0, 0, 0
22500, 3834727, 0, 0, 0
22600, 3153174, 0, 0, 0
22700, 2668319, 0, 0, 0
22800, 3470873, 0, 0, 0
22900, 4349606, 0, 0, 0
23000, 5282662, 0, 0, 0
23100, 3215803, 0, 0, 0
23200, 7013702, 0, 0, 0
23300, 4303962, 0, 0, 0
23400, 3414505, 0, 0, 0
23500, 3066876, 0, 0, 0
23600, 4853027, 0, 0, 0
23700, 3625764, 0, 0, 0
23800, 2861571, 0, 0, 0
23900, 2534679, 0, 0, 0
24000, 4175601, 0, 0, 0
24100, 3183291, 0, 0, 0
24200, 3293638, 0, 0, 0
24300, 2807636, 0, 0, 0
24400, 3918531, 0, 0, 0
24500, 5356969, 0, 0, 0
24600, 3110551, 0, 0, 0
24700, 3044603, 0, 0, 0
24800, 2453464, 0, 0, 0
24900, 2850146, 0, 0, 0
25000, 2502837, 0, 0, 0
25100, 3679789, 0, 0, 0
25200, 3230630, 0, 0, 0
25300, 2663639, 0, 0, 0
25400, 3707844, 0, 0, 0
25500, 3246890, 0, 0, 0
25600, 3851483, 0, 0, 0
25700, 4147414, 0, 0, 0
25800, 3860730, 0, 0, 0
25900, 4335333, 0, 0, 0
26000, 4058589, 0, 0, 0
26100, 3881559, 0, 0, 0
26200, 3045060, 0, 0, 0
26300, 3267028, 0, 0, 0
26400, 2625138, 0, 0, 0
26500, 4478460, 0, 0, 0
26600, 2531855, 0, 0, 0
26700, 3731048, 0, 0, 0
26800, 3358368, 0, 0, 0
26900, 2861403, 0, 0, 0
27000, 2817042, 0, 0, 0
27100, 4173418, 0, 0, 0
27200, 3345309, 0, 0, 0
27300, 6266503, 0, 0, 0
27400, 2796806, 0, 0, 0
27500, 4144310, 0, 0, 0
27600, 3352558, 0, 0, 0
27700, 2699024, 0, 0, 0
27800, 3985325, 0, 0, 0
27900, 2313060, 0, 0, 0
28000, 2516470, 0, 0, 0
28100, 3437046, 0, 0, 0
28200, 5323406, 0, 0, 0
28300, 3306697, 0, 0, 0
28402, 2465963, 0, 0, 0
28500, 3709663, 0, 0, 0
28600, 2402213, 0, 0, 0
28700, 3238264, 0, 0, 0
28800, 2324940, 0, 0, 0
28900, 3768723, 0, 0, 0
29000, 2835136, 0, 0, 0
29100, 3926069, 0, 0, 0
29200, 2554107, 0, 0, 0
29301, 4359398, 0, 0, 0
29400, 5434144, 0, 0, 0
29500, 2863121, 0, 0, 0
29600, 4096545, 0, 0, 0
29700, 2876665, 0, 0, 0
29800, 4413035, 0, 0, 0
29900, 2255671, 0, 0, 0
30000, 3552212, 0, 0, 0
30100, 2312806, 0, 0, 0
30200, 2553309, 0, 0, 0
30300, 2505242, 0, 0, 0
30400, 2516865, 0, 0, 0
30500, 2410272, 0, 0, 0
30600, 3400568, 0, 0, 0
30700, 4256110, 0, 0, 0
30800, 2721503, 0, 0, 0
30900, 4192083, 0, 0, 0
31000, 3994883, 0, 0, 0
31100, 2820627, 0, 0, 0
31200, 3554584, 0, 0, 0
31300, 2759159, 0, 0, 0
31400, 2913234, 0, 0, 0
31500, 3057479, 0, 0, 0
31600, 2796615, 0, 0, 0
31700, 4949511, 0, 0, 0
31800, 2904022, 0, 0, 0
31900, 3000197, 0, 0, 0
32000, 3126704, 0, 0, 0
32100, 3431042, 0, 0, 0
32200, 2846565, 0, 0, 0
32300, 3001673, 0, 0, 0
32400, 2943396, 0, 0, 0
32500, 2610277, 0, 0, 0
32600, 2971158, 0, 0, 0
32700, 2418343, 0, 0, 0
32800, 2815436, 0, 0, 0
32900, 2529032, 0, 0, 0
33000, 2851559, 0, 0, 0
33100, 2645001, 0, 0, 0
33200, 4837533, 0, 0, 0
33300, 4118308, 0, 0, 0
33400, 4210736, 0, 0, 0
33500, 3139439, 0, 0, 0
33600, 2932690, 0, 0, 0
33700, 4751167, 0, 0, 0
33800, 3693053, 0, 0, 0
33900, 2504394, 0, 0, 0
34000, 5287912, 0, 0, 0
34100, 3025421, 0, 0, 0
34200, 3587245, 0, 0, 0
34300, 2644026, 0, 0, 0
34400, 3808960, 0, 0, 0
34500, 2364352, 0, 0, 0
34600, 2234035, 0, 0, 0
34700, 2482866, 0, 0, 0
34800, 3056165, 0, 0, 0
34900, 2897760, 0, 0, 0
35000, 3837005, 0, 0, 0
35100, 2935925, 0, 0, 0
35200, 2968975, 0, 0, 0
35300, 5037853, 0, 0, 0
35400, 2811216, 0, 0, 0
35500, 3465731, 0, 0, 0
35600, 4448778, 0, 0, 0
35700, 3873609, 0, 0, 0
35800, 3075023, 0, 0, 0
35900, 3105134, 0, 0, 0
36000, 2456594, 0, 0, 0
36100, 2794570, 0, 0, 0
36200, 3417486, 0, 0, 0
36300, 2873645, 0, 0, 0
36400, 2668957, 0, 0, 0
36500, 3324410, 0, 0, 0
36600, 2706526, 0, 0, 0
36700, 2578573, 0, 0, 0
36800, 2838396, 0, 0, 0
36900, 3330854, 0, 0, 0
37000, 3117247, 0, 0, 0
37100, 3481702, 0, 0, 0
37200, 2837608, 0, 0, 0
37300, 3581324, 0, 0, 0
37400, 3100949, 0, 0, 0
37500, 2205897, 0, 0, 0
37600, 2473392, 0, 0, 0
37700, 3917687, 0, 0, 0
37800, 3183952, 0, 0, 0
37900, 3405271, 0, 0, 0
38000, 3074809, 0, 0, 0
38100, 4275176, 0, 0, 0
38200, 2728510, 0, 0, 0
38300, 3592790, 0, 0, 0
38400, 4014091, 0, 0, 0
38500, 3231242, 0, 0, 0
38600, 2879946, 0, 0, 0
38700, 4052774, 0, 0, 0
38800, 2990794, 0, 0, 0
38900, 6208504, 0, 0, 0
39000, 3285795, 0, 0, 0
39100, 2906879, 0, 0, 0
39200, 3571949, 0, 0, 0
39300, 3122952, 0, 0, 0
39400, 2913213, 0, 0, 0
39500, 3476078, 0, 0, 0
39600, 3460399, 0, 0, 0
39700, 2628174, 0, 0, 0
39800, 2788479, 0, 0, 0
39900, 3010036, 0, 0, 0
40000, 3864013, 0, 0, 0
40100, 2990165, 0, 0, 0
40201, 2959869, 0, 0, 0
40300, 2847465, 0, 0, 0
40400, 3336916, 0, 0, 0
40500, 3969321, 0, 0, 0
40600, 3801642, 0, 0, 0
40700, 2755140, 0, 0, 0
40800, 3027138, 0, 0, 0
40900, 3438633, 0, 0, 0
41000, 3085284, 0, 0, 0
41100, 2606553, 0, 0, 0
41200, 2254463, 0, 0, 0
41300, 4832566, 0, 0, 0
41400, 2877967, 0, 0, 0
41500, 4543020, 0, 0, 0
41600, 4184024, 0, 0, 0
41700, 3315053, 0, 0, 0
41800, 3235716, 0, 0, 0
41900, 2483913, 0, 0, 0
42000, 2414529, 0, 0, 0
42100, 2709887, 0, 0, 0
42200, 2467228, 0, 0, 0
42300, 3973897, 0, 0, 0
42400, 2833105, 0, 0, 0
42500, 3434762, 0, 0, 0
42600, 2726425, 0, 0, 0
42700, 3103273, 0, 0, 0
42800, 2172536, 0, 0, 0
42900, 3544186, 0, 0, 0
43000, 2829849, 0, 0, 0
43100, 3284364, 0, 0, 0
43200, 2936484, 0, 0, 0
43300, 2917394, 0, 0, 0
43400, 2906566, 0, 0, 0
43500, 3791291, 0, 0, 0
43602, 3708741, 0, 0, 0
43700, 2789099, 0, 0, 0
43800, 3579479, 0, 0, 0
43900, 3531638, 0, 0, 0
44000, 3145613, 0, 0, 0
44100, 2685886, 0, 0, 0
44200, 3802621, 0, 0, 0
44300, 2909053, 0, 0, 0
44400, 2989323, 0, 0, 0
44500, 3406478, 0, 0, 0
44602, 3446243, 0, 0, 0
44700, 4427956, 0, 0, 0
44800, 2390846, 0, 0, 0
44900, 2094042, 0, 0, 0
45000, 2851224, 0, 0, 0
45100, 3305979, 0, 0, 0
45200, 4565764, 0, 0, 0
45300, 3175759, 0, 0, 0
45400, 2584780, 0, 0, 0
45500, 3304508, 0, 0, 0
45600, 3293696, 0, 0, 0
45701, 2970833, 0, 0, 0
45800, 4105368, 0, 0, 0
45900, 2479033, 0, 0, 0
46000, 2928063, 0, 0, 0
46100, 2711565, 0, 0, 0
46200, 2454334, 0, 0, 0
46300, 3453132, 0, 0, 0
46400, 2643876, 0, 0, 0
46500, 2858736, 0, 0, 0
46600, 3161819, 0, 0, 0
46700, 3434053, 0, 0, 0
46800, 2374895, 0, 0, 0
46900, 2339623, 0, 0, 0
47000, 2516437, 0, 0, 0
47100, 2491990, 0, 0, 0
47200, 2825901, 0, 0, 0
47300, 3154667, 0, 0, 0
47400, 3161818, 0, 0, 0
47500, 3332342, 0, 0, 0
47600, 3200623, 0, 0, 0
47702, 3150004, 0, 0, 0
47800, 2709211, 0, 0, 0
47900, 3828100, 0, 0, 0
48000, 4572955, 0, 0, 0
48100, 4811592, 0, 0, 0
48200, 3237356, 0, 0, 0
48300, 3783340, 0, 0, 0
48400, 3441284, 0, 0, 0
48500, 2681640, 0, 0, 0
48600, 2546719, 0, 0, 0
48700, 2588781, 0, 0, 0
48800, 2502566, 0, 0, 0
48900, 2472732, 0, 0, 0
49000, 3111724, 0, 0, 0
49100, 5641526, 0, 0, 0
49200, 5874209, 0, 0, 0
49300, 2686899, 0, 0, 0
49400, 3535280, 0, 0, 0
49500, 3188623, 0, 0, 0
49600, 4125319, 0, 0, 0
49700, 3278312, 0, 0, 0
49800, 6603188, 0, 0, 0
49900, 2606599, 0, 0, 0
50000, 2415210, 0, 0, 0
50100, 2856157, 0, 0, 0
50200, 2771945, 0, 0, 0
50300, 2622992, 0, 0, 0
50400, 3399746, 0, 0, 0
50500, 3995586, 0, 0, 0
50600, 3786153, 0, 0, 0
50700, 4072779, 0, 0, 0
50800, 2782885, 0, 0, 0
50900, 4368890, 0, 0, 0
51000, 2800292, 0, 0, 0
51100, 2287681, 0, 0, 0
51200, 2271132, 0, 0, 0
51300, 2691175, 0, 0, 0
51400, 3685685, 0, 0, 0
51500, 2633986, 0, 0, 0
51600, 3898380, 0, 0, 0
51700, 2418135, 0, 0, 0
51800, 3714714, 0, 0, 0
51900, 2714289, 0, 0, 0
52000, 2935821, 0, 0, 0
52100, 4358928, 0, 0, 0
52200, 3222966, 0, 0, 0
52300, 2810187, 0, 0, 0
52400, 3023422, 0, 0, 0
52500, 2981976, 0, 0, 0
52600, 2963809, 0, 0, 0
52700, 3755849, 0, 0, 0
52800, 2952769, 0, 0, 0
52900, 3410587, 0, 0, 0
53000, 2447324, 0, 0, 0
53100, 3567404, 0, 0, 0
53200, 5177913, 0, 0, 0
53300, 3058706, 0, 0, 0
53400, 2623177, 0, 0, 0
53500, 3710414, 0, 0, 0
53600, 3288258, 0, 0, 0
53700, 3082127, 0, 0, 0
53800, 3014159, 0, 0, 0
53900, 3005855, 0, 0, 0
54000, 2541310, 0, 0, 0
54100, 3400283, 0, 0, 0
54200, 2722900, 0, 0, 0
54300, 2736425, 0, 0, 0
54400, 2540172, 0, 0, 0
54500, 3214477, 0, 0, 0
54600, 2397757, 0, 0, 0
54700, 3468507, 0, 0, 0
54800, 3247492, 0, 0, 0
54900, 2309107, 0, 0, 0
55000, 4287454, 0, 0, 0
55100, 2980872, 0, 0, 0
55200, 3934686, 0, 0, 0
55302, 4771426, 0, 0, 0
55402, 4665248, 0, 0, 0
55500, 3093652, 0, 0, 0
55600, 2375972, 0, 0, 0
55700, 4236816, 0, 0, 0
55800, 3316559, 0, 0, 0
55900, 2504348, 0, 0, 0
56000, 2421384, 0, 0, 0
56100, 2631541, 0, 0, 0
56200, 3179625, 0, 0, 0
56300, 3010497, 0, 0, 0
56400, 2608651, 0, 0, 0
56500, 3381175, 0, 0, 0
56600, 2553090, 0, 0, 0
56700, 3143337, 0, 0, 0
56800, 3173677, 0, 0, 0
56900, 2983454, 0, 0, 0
57000, 3544276, 0, 0, 0
57100, 3301801, 0, 0, 0
57200, 2567034, 0, 0, 0
57300, 3348142, 0, 0, 0
57400, 2569304, 0, 0, 0
57500, 2772209, 0, 0, 0
57601, 2573048, 0, 0, 0
57700, 3704840, 0, 0, 0
57800, 2839561, 0, 0, 0
57900, 3145460, 0, 0, 0
58000, 2902824, 0, 0, 0
58100, 3501623, 0, 0, 0
58200, 4718764, 0, 0, 0
58300, 3325339, 0, 0, 0
58400, 3283473, 0, 0, 0
58500, 3623524, 0, 0, 0
58600, 3034970, 0, 0, 0
58700, 3190565, 0, 0, 0
58800, 4042168, 0, 0, 0
58900, 2781200, 0, 0, 0
59000, 2175912, 0, 0, 0
59100, 2703957, 0, 0, 0
59200, 2898922, 0, 0, 0
59300, 2568559, 0, 0, 0
59400, 4395573, 0, 0, 0
59500, 3471192, 0, 0, 0
59600, 2990448, 0, 0, 0
59700, 4092648, 0, 0, 0
59800, 3095109, 0, 0, 0
59900, 4086671, 0, 0, 0
60002, 3588979, 0, 0, 0
60100, 4841443, 0, 0, 0
60200, 3485527, 0, 0, 0
60300, 2359231, 0, 0, 0
60400, 2623414, 0, 0, 0
60500, 2539218, 0, 0, 0
60600, 3376822, 0, 0, 0
60700, 3526350, 0, 0, 0
60800, 3099297, 0, 0, 0
60903, 2646729, 0, 0, 0
61000, 7096433, 0, 0, 0
61100, 3486997, 0, 0, 0
61200, 3077222, 0, 0, 0
61300, 3587773, 0, 0, 0
61400, 3188975, 0, 0, 0
61500, 4343721, 0, 0, 0
61600, 5464659, 0, 0, 0
61700, 3040704, 0, 0, 0
61800, 2994639, 0, 0, 0
61900, 3033735, 0, 0, 0
62000, 4618034, 0, 0, 0
62100, 4507408, 0, 0, 0
62200, 4536164, 0, 0, 0
62300, 3663023, 0, 0, 0
62400, 3149631, 0, 0, 0
62500, 2638904, 0, 0, 0
62600, 2944996, 0, 0, 0
62700, 4560825, 0, 0, 0
62800, 3391244, 0, 0, 0
62900, 6181596, 0, 0, 0
63000, 4158703, 0, 0, 0
63100, 2999401, 0, 0, 0
63200, 3169784, 0, 0, 0
63300, 3221211, 0, 0, 0
63400, 2935426, 0, 0, 0
63500, 3165777, 0, 0, 0
63600, 2688519, 0, 0, 0
63700, 3753180, 0, 0, 0
63800, 2594948, 0, 0, 0
63900, 4152817, 0, 0, 0
64002, 2761146, 0, 0, 0
64100, 4211496, 0, 0, 0
64200, 2754670, 0, 0, 0
64300, 2447547, 0, 0, 0
64400, 2972685, 0, 0, 0
64500, 4049209, 0, 0, 0
64600, 7230952, 0, 0, 0
64700, 2608193, 0, 0, 0
64800, 2864350, 0, 0, 0
64900, 2417454, 0, 0, 0
65000, 4434236, 0, 0, 0
65100, 4403654, 0, 0, 0
65200, 3389465, 0, 0, 0
65300, 2471996, 0, 0, 0
65400, 4626704, 0, 0, 0
65500, 2715886, 0, 0, 0
65600, 2673313, 0, 0, 0
65702, 3364486, 0, 0, 0
65800, 5689430, 0, 0, 0
65900, 3600957, 0, 0, 0
66000, 2274445, 0, 0, 0
66100, 3045761, 0, 0, 0
66200, 2782192, 0, 0, 0
66300, 2576231, 0, 0, 0
66408, 3408131, 0, 0, 0
66500, 5145895, 0, 0, 0
66601, 3475281, 0, 0, 0
66700, 3916780, 0, 0, 0
66800, 2644145, 0, 0, 0
66900, 3276027, 0, 0, 0
67000, 2557217, 0, 0, 0
67100, 2528073, 0, 0, 0
67200, 2666758, 0, 0, 0
67300, 3428890, 0, 0, 0
67400, 3242260, 0, 0, 0
67500, 3675809, 0, 0, 0
67600, 3105620, 0, 0, 0
67700, 3067283, 0, 0, 0
67800, 3813400, 0, 0, 0
67900, 2778018, 0, 0, 0
68000, 4263072, 0, 0, 0
68100, 2599843, 0, 0, 0
68200, 3147128, 0, 0, 0
68300, 4698404, 0, 0, 0
68400, 3324117, 0, 0, 0
68500, 4027603, 0, 0, 0
68600, 3166504, 0, 0, 0
68700, 3617890, 0, 0, 0
68800, 2361629, 0, 0, 0
68900, 3210653, 0, 0, 0
69000, 2961071, 0, 0, 0
69100, 3675190, 0, 0, 0
69200, 3900471, 0, 0, 0
69300, 3179897, 0, 0, 0
69400, 3321297, 0, 0, 0
69500, 3266174, 0, 0, 0
69600, 2802617, 0, 0, 0
69700, 2814689, 0, 0, 0
69800, 2432081, 0, 0, 0
69900, 6217283, 0, 0, 0
70000, 2733023, 0, 0, 0
70100, 2366807, 0, 0, 0
70200, 3287625, 0, 0, 0
70300, 3291207, 0, 0, 0
70400, 2416692, 0, 0, 0
70500, 3202846, 0, 0, 0
70600, 3936097, 0, 0, 0
70700, 2604905, 0, 0, 0
70800, 2824037, 0, 0, 0
70900, 3210249, 0, 0, 0
71000, 3069156, 0, 0, 0
71100, 2642791, 0, 0, 0
71200, 3687805, 0, 0, 0
71300, 2793288, 0, 0, 0
71400, 2684393, 0, 0, 0
71500, 2275728, 0, 0, 0
71602, 2420225, 0, 0, 0
71700, 3579962, 0, 0, 0
71800, 4237775, 0, 0, 0
71900, 4376494, 0, 0, 0
72000, 2722408, 0, 0, 0
72100, 2352212, 0, 0, 0
72200, 2585792, 0, 0, 0
72300, 3456773, 0, 0, 0
72400, 2640888, 0, 0, 0
72500, 3184720, 0, 0, 0
72600, 2750615, 0, 0, 0
72700, 2499855, 0, 0, 0
72800, 3468222, 0, 0, 0
72900, 3847900, 0, 0, 0
73000, 4325261, 0, 0, 0
73100, 2627827, 0, 0, 0
73200, 3173487, 0, 0, 0
73300, 2610349, 0, 0, 0
73400, 2755821, 0, 0, 0
73500, 5273098, 0, 0, 0
73600, 4039910, 0, 0, 0
73700, 3166108, 0, 0, 0
73800, 3063960, 0, 0, 0
73900, 2569619, 0, 0, 0
74000, 3103299, 0, 0, 0
74100, 3005079, 0, 0, 0
74200, 3143091, 0, 0, 0
74301, 4277011, 0, 0, 0
74400, 2626895, 0, 0, 0
74500, 2811020, 0, 0, 0
74600, 3065172, 0, 0, 0
74700, 2767593, 0, 0, 0
74800, 3028505, 0, 0, 0
74900, 2987647, 0, 0, 0
75000, 2406139, 0, 0, 0
75100, 3869291, 0, 0, 0
75200, 3267646, 0, 0, 0
75300, 4142680, 0, 0, 0
75400, 3693588, 0, 0, 0
75500, 4878728, 0, 0, 0
75600, 2372664, 0, 0, 0
75700, 3375927, 0, 0, 0
75800, 3291905, 0, 0, 0
75900, 3034102, 0, 0, 0
76000, 2338812, 0, 0, 0
76101, 4973595, 0, 0, 0
76200, 2811387, 0, 0, 0
76300, 2779749, 0, 0, 0
76400, 3642107, 0, 0, 0
76500, 2814536, 0, 0, 0
76600, 3037655, 0, 0, 0
76700, 4394200, 0, 0, 0
76800, 3418663, 0, 0, 0
76900, 3745211, 0, 0, 0
77000, 2823969, 0, 0, 0
77100, 3765105, 0, 0, 0
77200, 3687545, 0, 0, 0
77300, 3171453, 0, 0, 0
77400, 4544907, 0, 0, 0
77500, 4104705, 0, 0, 0
77600, 3334085, 0, 0, 0
77700, 2824780, 0, 0, 0
77800, 3957348, 0, 0, 0
77900, 3481635, 0, 0, 0
78000, 2281451, 0, 0, 0
78100, 5044101, 0, 0, 0
78200, 3004875, 0, 0, 0
78300, 2397851, 0, 0, 0
78400, 2783401, 0, 0, 0
78500, 3850150, 0, 0, 0
78600, 2321204, 0, 0, 0
78700, 2823533, 0, 0, 0
78800, 2739087, 0, 0, 0
78900, 3158309, 0, 0, 0
79000, 2595960, 0, 0, 0
79100, 3794805, 0, 0, 0
79200, 4303868, 0, 0, 0
79300, 2676638, 0, 0, 0
79400, 3826603, 0, 0, 0
79500, 4020845, 0, 0, 0
79600, 2786880, 0, 0, 0
79700, 2986512, 0, 0, 0
79800, 2950261, 0, 0, 0
79900, 5491717, 0, 0, 0
80000, 2528580, 0, 0, 0
80100, 3181190, 0, 0, 0
80200, 4050933, 0, 0, 0
80300, 2725327, 0, 0, 0
80400, 2779341, 0, 0, 0
80500, 2321240, 0, 0, 0
80600, 3083051, 0, 0, 0
80700, 2960770, 0, 0, 0
80800, 2830790, 0, 0, 0
80900, 3198704, 0, 0, 0
81000, 3225492, 0, 0, 0
81100, 2485556, 0, 0, 0
81200, 3219823, 0, 0, 0
81300, 2827384, 0, 0, 0
81400, 2660788, 0, 0, 0
81500, 3502514, 0, 0, 0
81600, 3823226, 0, 0, 0
81700, 3917087, 0, 0, 0
81800, 3301367, 0, 0, 0
81900, 3013956, 0, 0, 0
82000, 3342892, 0, 0, 0
82100, 2580468, 0, 0, 0
82200, 3016399, 0, 0, 0
82300, 2812730, 0, 0, 0
82400, 2947741, 0, 0, 0
82500, 2924561, 0, 0, 0
82600, 3225501, 0, 0, 0
82701, 2918829, 0, 0, 0
82800, 3034163, 0, 0, 0
82900, 2197639, 0, 0, 0
83000, 3248034, 0, 0, 0
83100, 2492435, 0, 0, 0
83200, 3059498, 0, 0, 0
83302, 2550994, 0, 0, 0
83402, 4443384, 0, 0, 0
83500, 2770851, 0, 0, 0
83600, 2849718, 0, 0, 0
83700, 2881468, 0, 0, 0
83801, 3863820, 0, 0, 0
83900, 3343358, 0, 0, 0
84000, 3898730, 0, 0, 0
84100, 2764390, 0, 0, 0
84200, 2781511, 0, 0, 0
84300, 3147281, 0, 0, 0
84400, 2469436, 0, 0, 0
84500, 4159928, 0, 0, 0
84600, 3628243, 0, 0, 0
84700, 2313700, 0, 0, 0
84800, 2643056, 0, 0, 0
84900, 2827903, 0, 0, 0
85000, 3299453, 0, 0, 0
85100, 3014019, 0, 0, 0
85200, 2584802, 0, 0, 0
85300, 2813554, 0, 0, 0
85400, 2872564, 0, 0, 0
85500, 2760554, 0, 0, 0
85600, 2739663, 0, 0, 0
85700, 2501533, 0, 0, 0
85800, 3735286, 0, 0, 0
85900, 2902671, 0, 0, 0
86000, 3055582, 0, 0, 0
86100, 3066713, 0, 0, 0
86200, 4685978, 0, 0, 0
86300, 2924018, 0, 0, 0
86400, 2985056, 0, 0, 0
86500, 2876437, 0, 0, 0
86600, 2793984, 0, 0, 0
86700, 3264319, 0, 0, 0
86800, 3802863, 0, 0, 0
86900, 3446562, 0, 0, 0
87000, 4050311, 0, 0, 0
87100, 4166994, 0, 0, 0
87200, 4252240, 0, 0, 0
87300, 7752486, 0, 0, 0
87400, 3946303, 0, 0, 0
87500, 2541616, 0, 0, 0
87601, 3930504, 0, 0, 0
87700, 3303475, 0, 0, 0
87800, 5439716, 0, 0, 0
87900, 2861304, 0, 0, 0
88000, 2759985, 0, 0, 0
88100, 2503758, 0, 0, 0
88200, 4092824, 0, 0, 0
88300, 3526033, 0, 0, 0
88400, 3663213, 0, 0, 0
88500, 2736604, 0, 0, 0
88600, 5484402, 0, 0, 0
88700, 2964718, 0, 0, 0
88800, 3205461, 0, 0, 0
88900, 2921414, 0, 0, 0
89000, 2638439, 0, 0, 0
89100, 3445300, 0, 0, 0
89200, 2881084, 0, 0, 0
89300, 2435824, 0, 0, 0
89400, 2261590, 0, 0, 0
89500, 2937343, 0, 0, 0
89600, 3333347, 0, 0, 0
89700, 2888715, 0, 0, 0
89800, 2750003, 0, 0, 0
89900, 2553169, 0, 0, 0
90000, 3507406, 0, 0, 0
90002, 3141086, 0, 0, 0
