101, 1329484, 0, 0, 0
201, 1328885, 0, 0, 0
300, 1341834, 0, 0, 0
400, 1306097, 0, 0, 0
500, 1350562, 0, 0, 0
600, 1323265, 0, 0, 0
700, 1338964, 0, 0, 0
800, 1324586, 0, 0, 0
901, 1357914, 0, 0, 0
1000, 1362558, 0, 0, 0
1100, 1359138, 0, 0, 0
1200, 1311237, 0, 0, 0
1300, 1326743, 0, 0, 0
1400, 1305264, 0, 0, 0
1500, 1330261, 0, 0, 0
1600, 1355606, 0, 0, 0
1700, 1372897, 0, 0, 0
1800, 1310486, 0, 0, 0
1900, 1295338, 0, 0, 0
2001, 1320741, 0, 0, 0
2100, 1304566, 0, 0, 0
2200, 1313568, 0, 0, 0
2301, 1336948, 0, 0, 0
2401, 1293837, 0, 0, 0
2500, 1326204, 0, 0, 0
2600, 1337892, 0, 0, 0
2700, 1321219, 0, 0, 0
2801, 1300222, 0, 0, 0
2900, 1304544, 0, 0, 0
3001, 1286372, 0, 0, 0
3101, 1277782, 0, 0, 0
3201, 1284468, 0, 0, 0
3300, 1278641, 0, 0, 0
3400, 1367034, 0, 0, 0
3501, 1342656, 0, 0, 0
3600, 1341244, 0, 0, 0
3700, 1306568, 0, 0, 0
3800, 1323817, 0, 0, 0
3900, 1279330, 0, 0, 0
4000, 1292362, 0, 0, 0
4101, 1283852, 0, 0, 0
4200, 1342567, 0, 0, 0
4301, 1321918, 0, 0, 0
4400, 1336583, 0, 0, 0
4501, 1354393, 0, 0, 0
4600, 1323621, 0, 0, 0
4700, 1340558, 0, 0, 0
4801, 1307757, 0, 0, 0
4900, 1334845, 0, 0, 0
5000, 1336408, 0, 0, 0
5100, 1341571, 0, 0, 0
5200, 1329437, 0, 0, 0
5300, 1316577, 0, 0, 0
5401, 1360588, 0, 0, 0
5500, 1335827, 0, 0, 0
5600, 1324370, 0, 0, 0
5700, 1340097, 0, 0, 0
5800, 1330443, 0, 0, 0
5901, 1331894, 0, 0, 0
6000, 1355426, 0, 0, 0
6100, 1319172, 0, 0, 0
6200, 1313782, 0, 0, 0
6301, 1334129, 0, 0, 0
6401, 1329894, 0, 0, 0
6500, 1338745, 0, 0, 0
6600, 1297075, 0, 0, 0
6700, 1359373, 0, 0, 0
6800, 1372335, 0, 0, 0
6900, 1313353, 0, 0, 0
7001, 1318254, 0, 0, 0
7100, 1378329, 0, 0, 0
7201, 1373716, 0, 0, 0
7300, 1372046, 0, 0, 0
7401, 1363974, 0, 0, 0
7500, 1340045, 0, 0, 0
7601, 1372511, 0, 0, 0
7700, 1367567, 0, 0, 0
7800, 1376247, 0, 0, 0
7900, 1342954, 0, 0, 0
8000, 1357916, 0, 0, 0
8100, 1369090, 0, 0, 0
8200, 1388556, 0, 0, 0
8301, 1337100, 0, 0, 0
8401, 1327057, 0, 0, 0
8500, 1298368, 0, 0, 0
8600, 1314870, 0, 0, 0
8700, 1326888, 0, 0, 0
8800, 1369856, 0, 0, 0
8900, 1348652, 0, 0, 0
9000, 1364468, 0, 0, 0
9100, 1311189, 0, 0, 0
9201, 1355347, 0, 0, 0
9300, 1335352, 0, 0, 0
9401, 1358824, 0, 0, 0
9501, 1350409, 0, 0, 0
9600, 1314174, 0, 0, 0
9700, 1338515, 0, 0, 0
9801, 1338899, 0, 0, 0
9900, 1348980, 0, 0, 0
10000, 1329360, 0, 0, 0
10101, 1292452, 0, 0, 0
10200, 1335023, 0, 0, 0
10300, 1348205, 0, 0, 0
10400, 1387372, 0, 0, 0
10501, 1340832, 0, 0, 0
10600, 1340040, 0, 0, 0
10700, 1308399, 0, 0, 0
10801, 1398063, 0, 0, 0
10901, 1328478, 0, 0, 0
11000, 1409214, 0, 0, 0
11100, 1367825, 0, 0, 0
11200, 1352770, 0, 0, 0
11300, 1336816, 0, 0, 0
11400, 1375832, 0, 0, 0
11500, 1399124, 0, 0, 0
11600, 1388667, 0, 0, 0
11700, 1381923, 0, 0, 0
11801, 1371909, 0, 0, 0
11900, 1396669, 0, 0, 0
12001, 1372075, 0, 0, 0
12100, 1376794, 0, 0, 0
12200, 1331071, 0, 0, 0
12301, 1304934, 0, 0, 0
12401, 1326156, 0, 0, 0
12500, 1293134, 0, 0, 0
12600, 1276974, 0, 0, 0
12700, 1377794, 0, 0, 0
12801, 1342226, 0, 0, 0
12900, 1332926, 0, 0, 0
13001, 1342979, 0, 0, 0
13101, 1347736, 0, 0, 0
13200, 1362777, 0, 0, 0
13301, 1390253, 0, 0, 0
13401, 1449580, 0, 0, 0
13500, 1391406, 0, 0, 0
13601, 1350756, 0, 0, 0
13700, 1352702, 0, 0, 0
13800, 1312182, 0, 0, 0
13900, 1293973, 0, 0, 0
14000, 1354640, 0, 0, 0
14100, 1291145, 0, 0, 0
14200, 1327299, 0, 0, 0
14300, 1296261, 0, 0, 0
14400, 1278228, 0, 0, 0
14500, 1293461, 0, 0, 0
14600, 1366237, 0, 0, 0
14700, 1349979, 0, 0, 0
14800, 1330285, 0, 0, 0
14900, 1342645, 0, 0, 0
15000, 1333478, 0, 0, 0
15100, 1323254, 0, 0, 0
15200, 1317009, 0, 0, 0
15300, 1261189, 0, 0, 0
15401, 1284419, 0, 0, 0
15500, 1309102, 0, 0, 0
15600, 1286726, 0, 0, 0
15700, 1319816, 0, 0, 0
15800, 1322320, 0, 0, 0
15900, 1310744, 0, 0, 0
16000, 1318883, 0, 0, 0
16100, 1362165, 0, 0, 0
16200, 1330930, 0, 0, 0
16300, 1341429, 0, 0, 0
16400, 1337900, 0, 0, 0
16500, 1339314, 0, 0, 0
16600, 1329203, 0, 0, 0
16700, 1316808, 0, 0, 0
16801, 1351514, 0, 0, 0
16900, 1336578, 0, 0, 0
17000, 1339318, 0, 0, 0
17100, 1343847, 0, 0, 0
17200, 1333970, 0, 0, 0
17300, 1330429, 0, 0, 0
17400, 1308899, 0, 0, 0
17501, 1337574, 0, 0, 0
17600, 1335828, 0, 0, 0
17700, 1314064, 0, 0, 0
17800, 1305773, 0, 0, 0
17900, 1358384, 0, 0, 0
18000, 1338643, 0, 0, 0
18101, 1291708, 0, 0, 0
18201, 1327430, 0, 0, 0
18300, 1317517, 0, 0, 0
18401, 1275206, 0, 0, 0
18500, 1340894, 0, 0, 0
18600, 1314040, 0, 0, 0
18700, 1325460, 0, 0, 0
18800, 1316457, 0, 0, 0
18900, 1343057, 0, 0, 0
19001, 1355327, 0, 0, 0
19100, 1356009, 0, 0, 0
19201, 1360123, 0, 0, 0
19301, 1383828, 0, 0, 0
19401, 1345016, 0, 0, 0
19500, 1374627, 0, 0, 0
19601, 1322396, 0, 0, 0
19700, 1338379, 0, 0, 0
19800, 1346461, 0, 0, 0
19900, 1325861, 0, 0, 0
20000, 1318197, 0, 0, 0
20100, 1363172, 0, 0, 0
20200, 1352518, 0, 0, 0
20300, 1290351, 0, 0, 0
20400, 1327454, 0, 0, 0
20500, 1319189, 0, 0, 0
20601, 1315667, 0, 0, 0
20700, 1336169, 0, 0, 0
20800, 1370965, 0, 0, 0
20900, 1325222, 0, 0, 0
21001, 1376388, 0, 0, 0
21100, 1318479, 0, 0, 0
21200, 1301973, 0, 0, 0
21300, 1315798, 0, 0, 0
21400, 1329807, 0, 0, 0
21500, 1378309, 0, 0, 0
21600, 1309472, 0, 0, 0
21700, 1300824, 0, 0, 0
21800, 1349333, 0, 0, 0
21900, 1343328, 0, 0, 0
22000, 1284256, 0, 0, 0
22100, 1310762, 0, 0, 0
22200, 1319373, 0, 0, 0
22301, 1261105, 0, 0, 0
22400, 1282753, 0, 0, 0
22500, 1295746, 0, 0, 0
22600, 1327542, 0, 0, 0
22701, 1324678, 0, 0, 0
22801, 1295615, 0, 0, 0
22900, 1274260, 0, 0, 0
23000, 1328233, 0, 0, 0
23100, 1320975, 0, 0, 0
23200, 1305941, 0, 0, 0
23300, 1318693, 0, 0, 0
23401, 1362632, 0, 0, 0
23500, 1335138, 0, 0, 0
23601, 1356958, 0, 0, 0
23700, 1363489, 0, 0, 0
23800, 1349059, 0, 0, 0
23900, 1354268, 0, 0, 0
24001, 1325615, 0, 0, 0
24100, 1326301, 0, 0, 0
24200, 1314410, 0, 0, 0
24300, 1319747, 0, 0, 0
24400, 1297249, 0, 0, 0
24501, 1303504, 0, 0, 0
24601, 1283355, 0, 0, 0
24700, 1307020, 0, 0, 0
24800, 1343585, 0, 0, 0
24900, 1351077, 0, 0, 0
25000, 1328795, 0, 0, 0
25100, 1347751, 0, 0, 0
25200, 1308377, 0, 0, 0
25300, 1350740, 0, 0, 0
25401, 1301296, 0, 0, 0
25500, 1327076, 0, 0, 0
25600, 1354094, 0, 0, 0
25700, 1316902, 0, 0, 0
25800, 1332853, 0, 0, 0
25900, 1330897, 0, 0, 0
26001, 1356427, 0, 0, 0
26100, 1393295, 0, 0, 0
26200, 1349436, 0, 0, 0
26300, 1335337, 0, 0, 0
26401, 1315995, 0, 0, 0
26500, 1283813, 0, 0, 0
26600, 1318957, 0, 0, 0
26700, 1323867, 0, 0, 0
26800, 1350162, 0, 0, 0
26901, 1289259, 0, 0, 0
27000, 1301804, 0, 0, 0
27100, 1323436, 0, 0, 0
27200, 1354055, 0, 0, 0
27300, 1308635, 0, 0, 0
27401, 1359369, 0, 0, 0
27500, 1349992, 0, 0, 0
27600, 1318954, 0, 0, 0
27700, 1318771, 0, 0, 0
27800, 1318554, 0, 0, 0
27900, 1314148, 0, 0, 0
28000, 1354702, 0, 0, 0
28100, 1417944, 0, 0, 0
28200, 1374044, 0, 0, 0
28301, 1333925, 0, 0, 0
28400, 1335956, 0, 0, 0
28500, 1375094, 0, 0, 0
28600, 1403429, 0, 0, 0
28700, 1363551, 0, 0, 0
28800, 1370055, 0, 0, 0
28901, 1350175, 0, 0, 0
29000, 1373622, 0, 0, 0
29100, 1397918, 0, 0, 0
29201, 1353801, 0, 0, 0
29300, 1335783, 0, 0, 0
29400, 1368840, 0, 0, 0
29501, 1353121, 0, 0, 0
29600, 1336477, 0, 0, 0
29700, 1362364, 0, 0, 0
29800, 1356810, 0, 0, 0
29900, 1325861, 0, 0, 0
30000, 1326354, 0, 0, 0
30101, 1325272, 0, 0, 0
30200, 1359885, 0, 0, 0
30300, 1374639, 0, 0, 0
30401, 1343537, 0, 0, 0
30500, 1359281, 0, 0, 0
30600, 1347136, 0, 0, 0
30700, 1298694, 0, 0, 0
30800, 1369147, 0, 0, 0
30900, 1323781, 0, 0, 0
31000, 1408100, 0, 0, 0
31100, 1315428, 0, 0, 0
31200, 1356920, 0, 0, 0
31300, 1357002, 0, 0, 0
31400, 1378975, 0, 0, 0
31500, 1372601, 0, 0, 0
31600, 1364570, 0, 0, 0
31701, 1351986, 0, 0, 0
31800, 1359811, 0, 0, 0
31901, 1318836, 0, 0, 0
32000, 1322294, 0, 0, 0
32100, 1315091, 0, 0, 0
32200, 1309863, 0, 0, 0
32301, 1303577, 0, 0, 0
32400, 1299457, 0, 0, 0
32500, 1316595, 0, 0, 0
32600, 1326431, 0, 0, 0
32701, 1325125, 0, 0, 0
32800, 1326996, 0, 0, 0
32901, 1335853, 0, 0, 0
33000, 1388851, 0, 0, 0
33101, 1361432, 0, 0, 0
33200, 1373871, 0, 0, 0
33300, 1359779, 0, 0, 0
33400, 1363694, 0, 0, 0
33500, 1351149, 0, 0, 0
33601, 1375796, 0, 0, 0
33701, 1392520, 0, 0, 0
33800, 1363935, 0, 0, 0
33900, 1398291, 0, 0, 0
34000, 1396063, 0, 0, 0
34100, 1342514, 0, 0, 0
34200, 1388664, 0, 0, 0
34300, 1432612, 0, 0, 0
34400, 1387102, 0, 0, 0
34500, 1347706, 0, 0, 0
34601, 1346039, 0, 0, 0
34700, 1334415, 0, 0, 0
34800, 1344587, 0, 0, 0
34900, 1305220, 0, 0, 0
35000, 1321915, 0, 0, 0
35100, 1332947, 0, 0, 0
35200, 1328365, 0, 0, 0
35301, 1285754, 0, 0, 0
35401, 1334534, 0, 0, 0
35500, 1318669, 0, 0, 0
35600, 1322063, 0, 0, 0
35700, 1323929, 0, 0, 0
35800, 1304288, 0, 0, 0
35900, 1302002, 0, 0, 0
36000, 1253054, 0, 0, 0
36100, 1298701, 0, 0, 0
36200, 1318359, 0, 0, 0
36300, 1273768, 0, 0, 0
36400, 1330439, 0, 0, 0
36500, 1309226, 0, 0, 0
36600, 1344848, 0, 0, 0
36700, 1274450, 0, 0, 0
36800, 1337637, 0, 0, 0
36900, 1352309, 0, 0, 0
37000, 1326038, 0, 0, 0
37100, 1326454, 0, 0, 0
37200, 1294394, 0, 0, 0
37300, 1285658, 0, 0, 0
37400, 1328187, 0, 0, 0
37500, 1368413, 0, 0, 0
37600, 1317026, 0, 0, 0
37700, 1292701, 0, 0, 0
37801, 1355280, 0, 0, 0
37901, 1346590, 0, 0, 0
38000, 1357990, 0, 0, 0
38101, 1318310, 0, 0, 0
38200, 1383997, 0, 0, 0
38300, 1380905, 0, 0, 0
38401, 1379649, 0, 0, 0
38501, 1363808, 0, 0, 0
38600, 1370548, 0, 0, 0
38701, 1309193, 0, 0, 0
38800, 1344577, 0, 0, 0
38900, 1346121, 0, 0, 0
39000, 1344221, 0, 0, 0
39100, 1278208, 0, 0, 0
39200, 1276239, 0, 0, 0
39300, 1303950, 0, 0, 0
39401, 1316710, 0, 0, 0
39500, 1301655, 0, 0, 0
39600, 1328795, 0, 0, 0
39700, 1294114, 0, 0, 0
39801, 1359829, 0, 0, 0
39901, 1348169, 0, 0, 0
40001, 1351821, 0, 0, 0
40100, 1356477, 0, 0, 0
40200, 1410131, 0, 0, 0
40300, 1325867, 0, 0, 0
40400, 1347419, 0, 0, 0
40500, 1309166, 0, 0, 0
40600, 1350104, 0, 0, 0
40700, 1367937, 0, 0, 0
40800, 1329381, 0, 0, 0
40900, 1339705, 0, 0, 0
41000, 1320187, 0, 0, 0
41100, 1341229, 0, 0, 0
41201, 1322229, 0, 0, 0
41300, 1355872, 0, 0, 0
41400, 1372046, 0, 0, 0
41500, 1405076, 0, 0, 0
41600, 1370465, 0, 0, 0
41701, 1388624, 0, 0, 0
41800, 1377150, 0, 0, 0
41901, 1338879, 0, 0, 0
42000, 1289776, 0, 0, 0
42100, 1322607, 0, 0, 0
42200, 1354163, 0, 0, 0
42300, 1340311, 0, 0, 0
42400, 1369816, 0, 0, 0
42501, 1360745, 0, 0, 0
42600, 1348841, 0, 0, 0
42701, 1340959, 0, 0, 0
42800, 1371238, 0, 0, 0
42900, 1401882, 0, 0, 0
43000, 1366068, 0, 0, 0
43100, 1408495, 0, 0, 0
43200, 1383934, 0, 0, 0
43301, 1377231, 0, 0, 0
43400, 1335265, 0, 0, 0
43501, 1399852, 0, 0, 0
43600, 1378047, 0, 0, 0
43700, 1357455, 0, 0, 0
43800, 1368062, 0, 0, 0
43900, 1333863, 0, 0, 0
44000, 1332948, 0, 0, 0
44100, 1326442, 0, 0, 0
44200, 1314531, 0, 0, 0
44301, 1316089, 0, 0, 0
44400, 1318124, 0, 0, 0
44500, 1316644, 0, 0, 0
44600, 1298404, 0, 0, 0
44701, 1321114, 0, 0, 0
44801, 1310416, 0, 0, 0
44900, 1355383, 0, 0, 0
45000, 1326476, 0, 0, 0
45100, 1336357, 0, 0, 0
45200, 1343446, 0, 0, 0
45301, 1338614, 0, 0, 0
45400, 1347262, 0, 0, 0
45500, 1360428, 0, 0, 0
45601, 1337619, 0, 0, 0
45700, 1306995, 0, 0, 0
45801, 1356273, 0, 0, 0
45900, 1343301, 0, 0, 0
46000, 1328375, 0, 0, 0
46101, 1370580, 0, 0, 0
46200, 1339614, 0, 0, 0
46300, 1300811, 0, 0, 0
46400, 1343200, 0, 0, 0
46501, 1318134, 0, 0, 0
46600, 1344800, 0, 0, 0
46700, 1362840, 0, 0, 0
46800, 1290309, 0, 0, 0
46900, 1350650, 0, 0, 0
47000, 1359622, 0, 0, 0
47100, 1376417, 0, 0, 0
47201, 1319847, 0, 0, 0
47300, 1290287, 0, 0, 0
47400, 1345271, 0, 0, 0
47500, 1293054, 0, 0, 0
47600, 1307177, 0, 0, 0
47701, 1289903, 0, 0, 0
47801, 1300088, 0, 0, 0
47900, 1318663, 0, 0, 0
48000, 1307674, 0, 0, 0
48100, 1276194, 0, 0, 0
48200, 1298915, 0, 0, 0
48300, 1309475, 0, 0, 0
48400, 1350689, 0, 0, 0
48500, 1312774, 0, 0, 0
48600, 1369380, 0, 0, 0
48700, 1322681, 0, 0, 0
48800, 1338272, 0, 0, 0
48901, 1319587, 0, 0, 0
49000, 1327291, 0, 0, 0
49101, 1315068, 0, 0, 0
49200, 1319472, 0, 0, 0
49300, 1325298, 0, 0, 0
49401, 1308170, 0, 0, 0
49500, 1326995, 0, 0, 0
49600, 1318889, 0, 0, 0
49700, 1387978, 0, 0, 0
49800, 1327062, 0, 0, 0
49900, 1354455, 0, 0, 0
50000, 1294890, 0, 0, 0
50100, 1327849, 0, 0, 0
50201, 1341002, 0, 0, 0
50300, 1371534, 0, 0, 0
50401, 1360180, 0, 0, 0
50500, 1321989, 0, 0, 0
50600, 1323361, 0, 0, 0
50700, 1300319, 0, 0, 0
50801, 1302325, 0, 0, 0
50900, 1355024, 0, 0, 0
51000, 1285399, 0, 0, 0
51100, 1292639, 0, 0, 0
51200, 1327276, 0, 0, 0
51300, 1373455, 0, 0, 0
51400, 1376404, 0, 0, 0
51500, 1373607, 0, 0, 0
51600, 1342887, 0, 0, 0
51700, 1333064, 0, 0, 0
51800, 1358325, 0, 0, 0
51900, 1330126, 0, 0, 0
52000, 1339797, 0, 0, 0
52100, 1393801, 0, 0, 0
52200, 1366880, 0, 0, 0
52300, 1321202, 0, 0, 0
52401, 1352349, 0, 0, 0
52500, 1379985, 0, 0, 0
52600, 1385214, 0, 0, 0
52700, 1358032, 0, 0, 0
52800, 1370148, 0, 0, 0
52900, 1330937, 0, 0, 0
53000, 1347151, 0, 0, 0
53100, 1380290, 0, 0, 0
53200, 1365062, 0, 0, 0
53300, 1322063, 0, 0, 0
53400, 1365860, 0, 0, 0
53500, 1365029, 0, 0, 0
53600, 1366478, 0, 0, 0
53700, 1335845, 0, 0, 0
53800, 1349472, 0, 0, 0
53900, 1345235, 0, 0, 0
54000, 1355290, 0, 0, 0
54101, 1335957, 0, 0, 0
54200, 1325587, 0, 0, 0
54300, 1338964, 0, 0, 0
54401, 1303927, 0, 0, 0
54501, 1313292, 0, 0, 0
54600, 1303181, 0, 0, 0
54700, 1301065, 0, 0, 0
54800, 1289501, 0, 0, 0
54900, 1295953, 0, 0, 0
55001, 1285530, 0, 0, 0
55101, 1313358, 0, 0, 0
55201, 1296261, 0, 0, 0
55301, 1326534, 0, 0, 0
55400, 1395927, 0, 0, 0
55500, 1325567, 0, 0, 0
55600, 1317993, 0, 0, 0
55701, 1321655, 0, 0, 0
55800, 1352552, 0, 0, 0
55901, 1360362, 0, 0, 0
56000, 1338825, 0, 0, 0
56100, 1330554, 0, 0, 0
56201, 1353974, 0, 0, 0
56300, 1378016, 0, 0, 0
56400, 1341815, 0, 0, 0
56501, 1359660, 0, 0, 0
56601, 1364688, 0, 0, 0
56700, 1375438, 0, 0, 0
56800, 1384416, 0, 0, 0
56901, 1338485, 0, 0, 0
57000, 1341622, 0, 0, 0
57100, 1371359, 0, 0, 0
57200, 1363833, 0, 0, 0
57300, 1365288, 0, 0, 0
57401, 1369254, 0, 0, 0
57500, 1354371, 0, 0, 0
57600, 1368820, 0, 0, 0
57701, 1392323, 0, 0, 0
57800, 1357217, 0, 0, 0
57901, 1371782, 0, 0, 0
58001, 1370423, 0, 0, 0
58101, 1360772, 0, 0, 0
58200, 1371180, 0, 0, 0
58300, 1356661, 0, 0, 0
58400, 1373992, 0, 0, 0
58500, 1378934, 0, 0, 0
58600, 1334329, 0, 0, 0
58701, 1309777, 0, 0, 0
58800, 1315515, 0, 0, 0
58900, 1356847, 0, 0, 0
59000, 1319814, 0, 0, 0
59100, 1328447, 0, 0, 0
59200, 1318477, 0, 0, 0
59300, 1312956, 0, 0, 0
59400, 1306844, 0, 0, 0
59500, 1385175, 0, 0, 0
59600, 1407827, 0, 0, 0
59701, 1376184, 0, 0, 0
59800, 1374474, 0, 0, 0
59900, 1396570, 0, 0, 0
60000, 1349459, 0, 0, 0
60100, 1384797, 0, 0, 0
60200, 1363687, 0, 0, 0
60300, 1351013, 0, 0, 0
60400, 1382479, 0, 0, 0
60500, 1393312, 0, 0, 0
60600, 1358114, 0, 0, 0
60700, 1363515, 0, 0, 0
60800, 1357979, 0, 0, 0
60901, 1393657, 0, 0, 0
61001, 1343883, 0, 0, 0
61100, 1321999, 0, 0, 0
61200, 1343523, 0, 0, 0
61301, 1325292, 0, 0, 0
61401, 1363962, 0, 0, 0
61500, 1351690, 0, 0, 0
61600, 1351516, 0, 0, 0
61700, 1389148, 0, 0, 0
61800, 1397313, 0, 0, 0
61901, 1345498, 0, 0, 0
62001, 1362917, 0, 0, 0
62100, 1335978, 0, 0, 0
62200, 1316975, 0, 0, 0
62300, 1316678, 0, 0, 0
62400, 1288619, 0, 0, 0
62500, 1291285, 0, 0, 0
62601, 1308288, 0, 0, 0
62700, 1308623, 0, 0, 0
62801, 1300414, 0, 0, 0
62900, 1323921, 0, 0, 0
63000, 1296140, 0, 0, 0
63100, 1303215, 0, 0, 0
63200, 1284327, 0, 0, 0
63300, 1301392, 0, 0, 0
63400, 1326129, 0, 0, 0
63500, 1325721, 0, 0, 0
63600, 1350867, 0, 0, 0
63700, 1352686, 0, 0, 0
63800, 1383008, 0, 0, 0
63900, 1381899, 0, 0, 0
64000, 1353599, 0, 0, 0
64100, 1293189, 0, 0, 0
64200, 1291193, 0, 0, 0
64300, 1306993, 0, 0, 0
64400, 1331493, 0, 0, 0
64500, 1297869, 0, 0, 0
64601, 1307866, 0, 0, 0
64700, 1304625, 0, 0, 0
64801, 1317122, 0, 0, 0
64900, 1298644, 0, 0, 0
65000, 1302065, 0, 0, 0
65100, 1278682, 0, 0, 0
65200, 1274545, 0, 0, 0
65300, 1297741, 0, 0, 0
65400, 1274192, 0, 0, 0
65501, 1310980, 0, 0, 0
65600, 1305788, 0, 0, 0
65700, 1291749, 0, 0, 0
65800, 1292208, 0, 0, 0
65900, 1316135, 0, 0, 0
66000, 1311321, 0, 0, 0
66100, 1314203, 0, 0, 0
66200, 1359915, 0, 0, 0
66300, 1366815, 0, 0, 0
66400, 1366727, 0, 0, 0
66500, 1346372, 0, 0, 0
66600, 1370827, 0, 0, 0
66700, 1316521, 0, 0, 0
66800, 1339849, 0, 0, 0
66901, 1325540, 0, 0, 0
67001, 1331878, 0, 0, 0
67100, 1316193, 0, 0, 0
67200, 1349553, 0, 0, 0
67300, 1366896, 0, 0, 0
67400, 1355828, 0, 0, 0
67500, 1318851, 0, 0, 0
67600, 1334502, 0, 0, 0
67700, 1279743, 0, 0, 0
67800, 1309693, 0, 0, 0
67900, 1294557, 0, 0, 0
68000, 1293964, 0, 0, 0
68100, 1286188, 0, 0, 0
68200, 1311483, 0, 0, 0
68300, 1301772, 0, 0, 0
68400, 1300151, 0, 0, 0
68500, 1352518, 0, 0, 0
68600, 1307382, 0, 0, 0
68700, 1290771, 0, 0, 0
68801, 1314741, 0, 0, 0
68901, 1361834, 0, 0, 0
69000, 1316465, 0, 0, 0
69100, 1317013, 0, 0, 0
69200, 1340445, 0, 0, 0
69300, 1335985, 0, 0, 0
69401, 1337001, 0, 0, 0
69500, 1343002, 0, 0, 0
69600, 1337714, 0, 0, 0
69700, 1353827, 0, 0, 0
69800, 1350866, 0, 0, 0
69900, 1325610, 0, 0, 0
70000, 1329618, 0, 0, 0
70101, 1333914, 0, 0, 0
70200, 1361187, 0, 0, 0
70300, 1316337, 0, 0, 0
70401, 1348961, 0, 0, 0
70500, 1346557, 0, 0, 0
70601, 1331340, 0, 0, 0
70700, 1308028, 0, 0, 0
70800, 1340528, 0, 0, 0
70901, 1272311, 0, 0, 0
71000, 1311459, 0, 0, 0
71101, 1353002, 0, 0, 0
71200, 1332089, 0, 0, 0
71301, 1290670, 0, 0, 0
71400, 1303866, 0, 0, 0
71500, 1312396, 0, 0, 0
71600, 1301603, 0, 0, 0
71700, 1305719, 0, 0, 0
71800, 1284370, 0, 0, 0
71901, 1301979, 0, 0, 0
72000, 1313231, 0, 0, 0
72101, 1329292, 0, 0, 0
72201, 1309424, 0, 0, 0
72300, 1324745, 0, 0, 0
72400, 1331161, 0, 0, 0
72500, 1307960, 0, 0, 0
72601, 1319156, 0, 0, 0
72700, 1324587, 0, 0, 0
72801, 1335471, 0, 0, 0
72900, 1338625, 0, 0, 0
73000, 1330252, 0, 0, 0
73100, 1391682, 0, 0, 0
73200, 1293040, 0, 0, 0
73300, 1330571, 0, 0, 0
73400, 1292014, 0, 0, 0
73501, 1282728, 0, 0, 0
73600, 1417905, 0, 0, 0
73701, 1285048, 0, 0, 0
73800, 1299435, 0, 0, 0
73900, 1290707, 0, 0, 0
74000, 1275522, 0, 0, 0
74101, 1354909, 0, 0, 0
74200, 1320840, 0, 0, 0
74300, 1331882, 0, 0, 0
74400, 1311996, 0, 0, 0
74501, 1319168, 0, 0, 0
74600, 1359207, 0, 0, 0
74700, 1387088, 0, 0, 0
74800, 1325958, 0, 0, 0
74901, 1354208, 0, 0, 0
75001, 1367422, 0, 0, 0
75100, 1342227, 0, 0, 0
75200, 1376587, 0, 0, 0
75300, 1353907, 0, 0, 0
75400, 1361264, 0, 0, 0
75500, 1426775, 0, 0, 0
75601, 1377405, 0, 0, 0
75700, 1409906, 0, 0, 0
75800, 1417877, 0, 0, 0
75900, 1353147, 0, 0, 0
76000, 1388945, 0, 0, 0
76100, 1361542, 0, 0, 0
76201, 1400924, 0, 0, 0
76300, 1376785, 0, 0, 0
76401, 1391046, 0, 0, 0
76501, 1387365, 0, 0, 0
76601, 1421443, 0, 0, 0
76701, 1385780, 0, 0, 0
76800, 1379118, 0, 0, 0
76900, 1382763, 0, 0, 0
77000, 1382580, 0, 0, 0
77100, 1334616, 0, 0, 0
77200, 1304176, 0, 0, 0
77300, 1332558, 0, 0, 0
77401, 1374602, 0, 0, 0
77500, 1341412, 0, 0, 0
77600, 1361274, 0, 0, 0
77700, 1356754, 0, 0, 0
77800, 1347142, 0, 0, 0
77901, 1369647, 0, 0, 0
78001, 1444376, 0, 0, 0
78100, 1354106, 0, 0, 0
78200, 1321989, 0, 0, 0
78300, 1329630, 0, 0, 0
78400, 1340051, 0, 0, 0
78501, 1339252, 0, 0, 0
78601, 1350888, 0, 0, 0
78700, 1332497, 0, 0, 0
78800, 1349290, 0, 0, 0
78900, 1391054, 0, 0, 0
79001, 1351531, 0, 0, 0
79101, 1311924, 0, 0, 0
79200, 1338781, 0, 0, 0
79300, 1326150, 0, 0, 0
79401, 1326305, 0, 0, 0
79501, 1346359, 0, 0, 0
79600, 1343606, 0, 0, 0
79700, 1358049, 0, 0, 0
79801, 1344030, 0, 0, 0
79900, 1312589, 0, 0, 0
80001, 1381010, 0, 0, 0
80100, 1350109, 0, 0, 0
80200, 1333239, 0, 0, 0
80301, 1324653, 0, 0, 0
80400, 1378985, 0, 0, 0
80500, 1386928, 0, 0, 0
80600, 1372672, 0, 0, 0
80700, 1388391, 0, 0, 0
80800, 1330303, 0, 0, 0
80900, 1363585, 0, 0, 0
81000, 1370208, 0, 0, 0
81101, 1339264, 0, 0, 0
81201, 1296612, 0, 0, 0
81300, 1324293, 0, 0, 0
81400, 1321178, 0, 0, 0
81500, 1363695, 0, 0, 0
81600, 1305102, 0, 0, 0
81700, 1325441, 0, 0, 0
81800, 1313443, 0, 0, 0
81900, 1328817, 0, 0, 0
82000, 1343160, 0, 0, 0
82100, 1332720, 0, 0, 0
82200, 1310824, 0, 0, 0
82300, 1315274, 0, 0, 0
82400, 1306626, 0, 0, 0
82501, 1310157, 0, 0, 0
82600, 1353872, 0, 0, 0
82700, 1349924, 0, 0, 0
82801, 1318572, 0, 0, 0
82900, 1342583, 0, 0, 0
83001, 1334860, 0, 0, 0
83100, 1322031, 0, 0, 0
83200, 1342242, 0, 0, 0
83301, 1359240, 0, 0, 0
83404, 1376530, 0, 0, 0
83500, 1332099, 0, 0, 0
83600, 1328554, 0, 0, 0
83700, 1327324, 0, 0, 0
83800, 1318643, 0, 0, 0
83900, 1352784, 0, 0, 0
84001, 1357478, 0, 0, 0
84100, 1353455, 0, 0, 0
84200, 1346780, 0, 0, 0
84300, 1385158, 0, 0, 0
84400, 1323855, 0, 0, 0
84500, 1300722, 0, 0, 0
84600, 1306814, 0, 0, 0
84700, 1329267, 0, 0, 0
84801, 1286001, 0, 0, 0
84900, 1388617, 0, 0, 0
85001, 1379229, 0, 0, 0
85101, 1307202, 0, 0, 0
85201, 1314520, 0, 0, 0
85301, 1309900, 0, 0, 0
85401, 1329098, 0, 0, 0
85500, 1340584, 0, 0, 0
85601, 1355368, 0, 0, 0
85701, 1327343, 0, 0, 0
85800, 1344320, 0, 0, 0
85900, 1347395, 0, 0, 0
86000, 1321290, 0, 0, 0
86100, 1320781, 0, 0, 0
86200, 1283607, 0, 0, 0
86301, 1295860, 0, 0, 0
86400, 1319316, 0, 0, 0
86501, 1299845, 0, 0, 0
86600, 1320336, 0, 0, 0
86700, 1312631, 0, 0, 0
86800, 1295860, 0, 0, 0
86901, 1323239, 0, 0, 0
87001, 1308415, 0, 0, 0
87100, 1337367, 0, 0, 0
87200, 1308402, 0, 0, 0
87301, 1330838, 0, 0, 0
87400, 1355531, 0, 0, 0
87500, 1395533, 0, 0, 0
87601, 1322553, 0, 0, 0
87700, 1365207, 0, 0, 0
87800, 1402723, 0, 0, 0
87900, 1414447, 0, 0, 0
88000, 1369674, 0, 0, 0
88100, 1316429, 0, 0, 0
88200, 1337253, 0, 0, 0
88301, 1343043, 0, 0, 0
88400, 1287871, 0, 0, 0
88500, 1333308, 0, 0, 0
88600, 1295722, 0, 0, 0
88701, 1350379, 0, 0, 0
88800, 1306871, 0, 0, 0
88900, 1363959, 0, 0, 0
89000, 1348643, 0, 0, 0
89100, 1329212, 0, 0, 0
89201, 1316842, 0, 0, 0
89300, 1341787, 0, 0, 0
89400, 1360769, 0, 0, 0
89501, 1343721, 0, 0, 0
89601, 1346805, 0, 0, 0
89700, 1353698, 0, 0, 0
89801, 1340179, 0, 0, 0
89901, 1389107, 0, 0, 0
90000, 1372187, 0, 0, 0
