100, 1168162, 1, 0, 0
102, 860958, 0, 0, 0
200, 1171147, 1, 0, 0
203, 812148, 0, 0, 0
300, 1142068, 1, 0, 0
305, 896756, 0, 0, 0
401, 1169561, 1, 0, 0
401, 880523, 0, 0, 0
500, 1191799, 1, 0, 0
505, 834040, 0, 0, 0
600, 884044, 0, 0, 0
602, 1239297, 1, 0, 0
700, 1152199, 1, 0, 0
705, 861973, 0, 0, 0
801, 1150062, 1, 0, 0
801, 871571, 0, 0, 0
901, 1129784, 1, 0, 0
902, 874324, 0, 0, 0
1000, 1189397, 1, 0, 0
1004, 882689, 0, 0, 0
1101, 1103306, 1, 0, 0
1107, 837443, 0, 0, 0
1200, 1104637, 1, 0, 0
1207, 802326, 0, 0, 0
1300, 1141239, 1, 0, 0
1301, 846513, 0, 0, 0
1400, 1190005, 1, 0, 0
1406, 823112, 0, 0, 0
1500, 1142257, 1, 0, 0
1505, 783939, 0, 0, 0
1600, 862723, 0, 0, 0
1601, 1190188, 1, 0, 0
1700, 893067, 0, 0, 0
1701, 1193255, 1, 0, 0
1800, 1185514, 1, 0, 0
1801, 895160, 0, 0, 0
1900, 872162, 0, 0, 0
1901, 1171170, 1, 0, 0
2001, 1256858, 1, 0, 0
2004, 849774, 0, 0, 0
2100, 843469, 0, 0, 0
2101, 1175045, 1, 0, 0
2200, 1169572, 1, 0, 0
2200, 826438, 0, 0, 0
2300, 1205798, 1, 0, 0
2302, 836380, 0, 0, 0
2400, 1136283, 1, 0, 0
2401, 885625, 0, 0, 0
2501, 1253942, 1, 0, 0
2502, 893073, 0, 0, 0
2600, 876646, 0, 0, 0
2602, 1236015, 1, 0, 0
2700, 1111698, 1, 0, 0
2707, 809418, 0, 0, 0
2800, 847603, 0, 0, 0
2801, 1217956, 1, 0, 0
2900, 1166975, 1, 0, 0
2901, 833965, 0, 0, 0
3000, 812554, 0, 0, 0
3001, 1265357, 1, 0, 0
3100, 1153640, 1, 0, 0
3103, 869718, 0, 0, 0
3201, 1238774, 1, 0, 0
3207, 928596, 0, 0, 0
3300, 1177424, 1, 0, 0
3303, 866609, 0, 0, 0
3400, 1224354, 1, 0, 0
3401, 861585, 0, 0, 0
3500, 1226597, 1, 0, 0
3503, 922976, 0, 0, 0
3600, 1165283, 1, 0, 0
3612, 860913, 0, 0, 0
3700, 859540, 0, 0, 0
3701, 1187788, 1, 0, 0
3800, 1187908, 1, 0, 0
3801, 887606, 0, 0, 0
3901, 1175768, 1, 0, 0
3902, 806697, 0, 0, 0
4000, 829715, 0, 0, 0
4001, 1154255, 1, 0, 0
4100, 813735, 0, 0, 0
4101, 1147757, 1, 0, 0
4200, 1133478, 1, 0, 0
4201, 868567, 0, 0, 0
4300, 1164279, 1, 0, 0
4301, 810706, 0, 0, 0
4400, 1169132, 1, 0, 0
4404, 830644, 0, 0, 0
4500, 859261, 0, 0, 0
4501, 1147600, 1, 0, 0
4600, 1167883, 1, 0, 0
4601, 889280, 0, 0, 0
4700, 801154, 0, 0, 0
4701, 1207416, 1, 0, 0
4800, 1150762, 1, 0, 0
4802, 827258, 0, 0, 0
4900, 1196585, 1, 0, 0
4905, 872188, 0, 0, 0
5000, 1162191, 1, 0, 0
5003, 892607, 0, 0, 0
5100, 1115390, 1, 0, 0
5102, 832088, 0, 0, 0
5200, 1155600, 1, 0, 0
5211, 858261, 0, 0, 0
5300, 1158969, 1, 0, 0
5301, 822804, 0, 0, 0
5400, 1209087, 1, 0, 0
5406, 884076, 0, 0, 0
5500, 1185943, 1, 0, 0
5501, 841919, 0, 0, 0
5600, 1149687, 1, 0, 0
5610, 828282, 0, 0, 0
5700, 1232456, 1, 0, 0
5701, 824967, 0, 0, 0
5800, 1154424, 1, 0, 0
5802, 816230, 0, 0, 0
5900, 788149, 0, 0, 0
5902, 1182023, 1, 0, 0
6000, 1211415, 1, 0, 0
6001, 789217, 0, 0, 0
6100, 1217293, 1, 0, 0
6100, 789544, 0, 0, 0
6201, 1199107, 1, 0, 0
6202, 838004, 0, 0, 0
6300, 865364, 0, 0, 0
6301, 1167027, 1, 0, 0
6400, 1169261, 1, 0, 0
6408, 837570, 0, 0, 0
6500, 1139447, 1, 0, 0
6501, 856709, 0, 0, 0
6600, 1192501, 1, 0, 0
6601, 820264, 0, 0, 0
6701, 1175018, 1, 0, 0
6707, 851845, 0, 0, 0
6800, 1157153, 1, 0, 0
6807, 838687, 0, 0, 0
6900, 850806, 0, 0, 0
6901, 1186397, 1, 0, 0
7000, 807021, 0, 0, 0
7001, 1150071, 1, 0, 0
7100, 1137441, 1, 0, 0
7101, 838409, 0, 0, 0
7200, 1146098, 1, 0, 0
7202, 888463, 0, 0, 0
7300, 1146643, 1, 0, 0
7319, 785494, 0, 0, 0
7400, 809939, 0, 0, 0
7401, 1130127, 1, 0, 0
7500, 1168740, 1, 0, 0
7501, 822137, 0, 0, 0
7600, 893856, 0, 0, 0
7601, 1107258, 1, 0, 0
7700, 1230111, 1, 0, 0
7709, 810048, 0, 0, 0
7800, 838696, 0, 0, 0
7804, 1208666, 1, 0, 0
7900, 1186239, 1, 0, 0
7901, 856892, 0, 0, 0
8000, 1163797, 1, 0, 0
8001, 782135, 0, 0, 0
8100, 1186874, 1, 0, 0
8103, 788388, 0, 0, 0
8200, 1159261, 1, 0, 0
8201, 916764, 0, 0, 0
8300, 888013, 0, 0, 0
8302, 1104192, 1, 0, 0
8400, 825629, 0, 0, 0
8401, 1130491, 1, 0, 0
8501, 1081070, 1, 0, 0
8501, 825879, 0, 0, 0
8600, 855573, 0, 0, 0
8601, 1146659, 1, 0, 0
8700, 842818, 0, 0, 0
8701, 1157888, 1, 0, 0
8800, 1181602, 1, 0, 0
8804, 816429, 0, 0, 0
8901, 1124867, 1, 0, 0
8908, 820463, 0, 0, 0
9000, 826185, 0, 0, 0
9002, 1131305, 1, 0, 0
9100, 1142267, 1, 0, 0
9100, 855028, 0, 0, 0
9200, 1119621, 1, 0, 0
9201, 835076, 0, 0, 0
9300, 1112581, 1, 0, 0
9304, 857985, 0, 0, 0
9400, 1124399, 1, 0, 0
9401, 814751, 0, 0, 0
9500, 1078349, 1, 0, 0
9504, 791578, 0, 0, 0
9600, 1138335, 1, 0, 0
9601, 801081, 0, 0, 0
9700, 800621, 0, 0, 0
9701, 1148181, 1, 0, 0
9800, 1118079, 1, 0, 0
9800, 824088, 0, 0, 0
9900, 1186583, 1, 0, 0
9904, 878899, 0, 0, 0
10001, 1187384, 1, 0, 0
10007, 839044, 0, 0, 0
10100, 1201625, 1, 0, 0
10103, 807852, 0, 0, 0
10200, 1129255, 1, 0, 0
10203, 886634, 0, 0, 0
10300, 1137027, 1, 0, 0
10301, 855520, 0, 0, 0
10400, 842675, 0, 0, 0
10403, 1156103, 1, 0, 0
10501, 1159012, 1, 0, 0
10504, 816073, 0, 0, 0
10600, 1168786, 1, 0, 0
10603, 848229, 0, 0, 0
10700, 1120896, 1, 0, 0
10702, 822367, 0, 0, 0
10800, 824985, 0, 0, 0
10801, 1144254, 1, 0, 0
10900, 846093, 0, 0, 0
10901, 1209474, 1, 0, 0
11000, 1098648, 1, 0, 0
11006, 840082, 0, 0, 0
11100, 792190, 0, 0, 0
11102, 1123704, 1, 0, 0
11201, 1144692, 1, 0, 0
11207, 829169, 0, 0, 0
11300, 1148971, 1, 0, 0
11301, 803215, 0, 0, 0
11400, 1119087, 1, 0, 0
11401, 802449, 0, 0, 0
11500, 1151779, 1, 0, 0
11501, 818755, 0, 0, 0
11600, 1108329, 1, 0, 0
11602, 792108, 0, 0, 0
11701, 1108770, 1, 0, 0
11703, 816409, 0, 0, 0
11800, 1188263, 1, 0, 0
11802, 849018, 0, 0, 0
11900, 1172633, 1, 0, 0
11903, 834316, 0, 0, 0
12000, 860622, 0, 0, 0
12001, 1144526, 1, 0, 0
12100, 812801, 0, 0, 0
12101, 1208111, 1, 0, 0
12200, 1143462, 1, 0, 0
12201, 851786, 0, 0, 0
12300, 1133820, 1, 0, 0
12300, 820481, 0, 0, 0
12400, 849020, 0, 0, 0
12403, 1144901, 1, 0, 0
12500, 1140259, 1, 0, 0
12501, 856364, 0, 0, 0
12600, 1189006, 1, 0, 0
12602, 778209, 0, 0, 0
12701, 1129588, 1, 0, 0
12701, 847513, 0, 0, 0
12800, 1181851, 1, 0, 0
12803, 837001, 0, 0, 0
12900, 1136784, 1, 0, 0
12911, 837962, 0, 0, 0
13000, 1195416, 1, 0, 0
13003, 810248, 0, 0, 0
13100, 1141278, 1, 0, 0
13101, 821747, 0, 0, 0
13200, 1119669, 1, 0, 0
13204, 819660, 0, 0, 0
13300, 1110418, 1, 0, 0
13301, 840243, 0, 0, 0
13400, 1104100, 1, 0, 0
13401, 807524, 0, 0, 0
13501, 1149481, 1, 0, 0
13502, 816381, 0, 0, 0
13600, 1107325, 1, 0, 0
13608, 808487, 0, 0, 0
13700, 877482, 0, 0, 0
13702, 1147063, 1, 0, 0
13800, 829193, 0, 0, 0
13802, 1171325, 1, 0, 0
13901, 1175854, 1, 0, 0
13902, 906152, 0, 0, 0
14000, 1167387, 1, 0, 0
14005, 878737, 0, 0, 0
14100, 843524, 0, 0, 0
14102, 1190441, 1, 0, 0
14200, 819703, 0, 0, 0
14201, 1200109, 1, 0, 0
14300, 1150529, 1, 0, 0
14302, 860116, 0, 0, 0
14400, 1139174, 1, 0, 0
14412, 853529, 0, 0, 0
14500, 1120457, 1, 0, 0
14501, 844470, 0, 0, 0
14600, 1120484, 1, 0, 0
14601, 788493, 0, 0, 0
14700, 1126000, 1, 0, 0
14701, 836251, 0, 0, 0
14800, 1168026, 1, 0, 0
14807, 837248, 0, 0, 0
14900, 1125016, 1, 0, 0
14905, 833166, 0, 0, 0
15000, 1161880, 1, 0, 0
15002, 806039, 0, 0, 0
15100, 1167981, 1, 0, 0
15106, 854890, 0, 0, 0
15200, 1161436, 1, 0, 0
15201, 838061, 0, 0, 0
15300, 1158374, 1, 0, 0
15301, 789560, 0, 0, 0
15400, 1093003, 1, 0, 0
15409, 785574, 0, 0, 0
15500, 802046, 0, 0, 0
15501, 1086952, 1, 0, 0
15600, 828836, 0, 0, 0
15601, 1095694, 1, 0, 0
15700, 1120061, 1, 0, 0
15701, 842138, 0, 0, 0
15800, 1156289, 1, 0, 0
15802, 858088, 0, 0, 0
15901, 1127642, 1, 0, 0
15903, 842595, 0, 0, 0
16000, 1109810, 1, 0, 0
16002, 826015, 0, 0, 0
16100, 801209, 0, 0, 0
16101, 1138708, 1, 0, 0
16200, 1087354, 1, 0, 0
16201, 816367, 0, 0, 0
16300, 1138798, 1, 0, 0
16303, 807158, 0, 0, 0
16400, 810407, 0, 0, 0
16403, 1171876, 1, 0, 0
16500, 1210125, 1, 0, 0
16500, 862625, 0, 0, 0
16600, 1125715, 1, 0, 0
16603, 792391, 0, 0, 0
16700, 1136012, 1, 0, 0
16704, 813776, 0, 0, 0
16800, 1101205, 1, 0, 0
16807, 786226, 0, 0, 0
16900, 794240, 0, 0, 0
16903, 1116612, 1, 0, 0
17000, 821169, 0, 0, 0
17001, 1154742, 1, 0, 0
17101, 1090426, 1, 0, 0
17106, 794522, 0, 0, 0
17200, 1197839, 1, 0, 0
17206, 837228, 0, 0, 0
17300, 1163076, 1, 0, 0
17304, 879154, 0, 0, 0
17400, 797600, 0, 0, 0
17401, 1142552, 1, 0, 0
17500, 1156184, 1, 0, 0
17501, 814325, 0, 0, 0
17600, 791506, 0, 0, 0
17601, 1126146, 1, 0, 0
17700, 1162412, 1, 0, 0
17705, 828999, 0, 0, 0
17800, 1123875, 1, 0, 0
17807, 812781, 0, 0, 0
17900, 1156262, 1, 0, 0
17901, 881647, 0, 0, 0
18000, 1181367, 1, 0, 0
18008, 846968, 0, 0, 0
18100, 1116797, 1, 0, 0
18102, 846432, 0, 0, 0
18200, 841584, 0, 0, 0
18200, 1177849, 1, 0, 0
18300, 766159, 0, 0, 0
18301, 1163892, 1, 0, 0
18400, 1125495, 1, 0, 0
18405, 850034, 0, 0, 0
18500, 1178442, 1, 0, 0
18502, 817429, 0, 0, 0
18600, 1140457, 1, 0, 0
18601, 811541, 0, 0, 0
18700, 1135352, 1, 0, 0
18707, 839307, 0, 0, 0
18800, 1196214, 1, 0, 0
18801, 836738, 0, 0, 0
18900, 807773, 0, 0, 0
18901, 1232264, 1, 0, 0
19000, 1105234, 1, 0, 0
19006, 845617, 0, 0, 0
19101, 1181725, 1, 0, 0
19102, 885741, 0, 0, 0
19200, 1182063, 1, 0, 0
19203, 861828, 0, 0, 0
19300, 1111778, 1, 0, 0
19303, 816901, 0, 0, 0
19400, 1077553, 1, 0, 0
19402, 791471, 0, 0, 0
19500, 1200212, 1, 0, 0
19501, 914864, 0, 0, 0
19600, 1175243, 1, 0, 0
19600, 863182, 0, 0, 0
19700, 822441, 0, 0, 0
19701, 1205660, 1, 0, 0
19800, 1183042, 1, 0, 0
19810, 863134, 0, 0, 0
19900, 833034, 0, 0, 0
19901, 1175472, 1, 0, 0
20000, 1114095, 1, 0, 0
20003, 864969, 0, 0, 0
20100, 1154790, 1, 0, 0
20102, 835620, 0, 0, 0
20200, 1152309, 1, 0, 0
20206, 889464, 0, 0, 0
20300, 1125012, 1, 0, 0
20301, 830985, 0, 0, 0
20400, 1143964, 1, 0, 0
20402, 846994, 0, 0, 0
20500, 1122734, 1, 0, 0
20513, 806831, 0, 0, 0
20600, 1092367, 1, 0, 0
20601, 805777, 0, 0, 0
20700, 789361, 0, 0, 0
20701, 1149805, 1, 0, 0
20800, 826660, 0, 0, 0
20801, 1199786, 1, 0, 0
20900, 881517, 0, 0, 0
20902, 1188197, 1, 0, 0
21000, 1234903, 1, 0, 0
21007, 824382, 0, 0, 0
21100, 1172155, 1, 0, 0
21101, 816507, 0, 0, 0
21200, 1132270, 1, 0, 0
21204, 797650, 0, 0, 0
21300, 1204108, 1, 0, 0
21302, 822820, 0, 0, 0
21400, 1135186, 1, 0, 0
21401, 852040, 0, 0, 0
21500, 1117892, 1, 0, 0
21502, 794335, 0, 0, 0
21600, 1181246, 1, 0, 0
21604, 805831, 0, 0, 0
21700, 1175728, 1, 0, 0
21702, 804501, 0, 0, 0
21800, 824692, 0, 0, 0
21801, 1127897, 1, 0, 0
21900, 1086995, 1, 0, 0
21902, 834169, 0, 0, 0
22001, 1159712, 1, 0, 0
22005, 792769, 0, 0, 0
22100, 1138673, 1, 0, 0
22101, 808875, 0, 0, 0
22200, 1138689, 1, 0, 0
22212, 839345, 0, 0, 0
22300, 1127483, 1, 0, 0
22301, 846955, 0, 0, 0
22400, 822625, 0, 0, 0
22402, 1153626, 1, 0, 0
22500, 1073321, 1, 0, 0
22506, 852064, 0, 0, 0
22600, 1130403, 1, 0, 0
22609, 814732, 0, 0, 0
22700, 1122407, 1, 0, 0
22708, 822308, 0, 0, 0
22800, 854239, 0, 0, 0
22802, 1157432, 1, 0, 0
22900, 818809, 0, 0, 0
22902, 1137674, 1, 0, 0
23000, 1118025, 1, 0, 0
23003, 854898, 0, 0, 0
23100, 1139012, 1, 0, 0
23101, 838250, 0, 0, 0
23201, 1137905, 1, 0, 0
23209, 812773, 0, 0, 0
23300, 813253, 0, 0, 0
23301, 1123096, 1, 0, 0
23400, 806504, 0, 0, 0
23401, 1107997, 1, 0, 0
23500, 831378, 0, 0, 0
23502, 1132075, 1, 0, 0
23600, 870985, 0, 0, 0
23601, 1213386, 1, 0, 0
23700, 1142447, 1, 0, 0
23702, 870418, 0, 0, 0
23800, 867761, 0, 0, 0
23801, 1130959, 1, 0, 0
23900, 1079955, 1, 0, 0
23904, 804598, 0, 0, 0
24000, 1126750, 1, 0, 0
24002, 836731, 0, 0, 0
24101, 814966, 0, 0, 0
24102, 1170696, 1, 0, 0
24200, 1223435, 1, 0, 0
24207, 832116, 0, 0, 0
24300, 1180348, 1, 0, 0
24301, 872192, 0, 0, 0
24400, 1137400, 1, 0, 0
24404, 780893, 0, 0, 0
24500, 1136156, 1, 0, 0
24501, 811989, 0, 0, 0
24600, 1159177, 1, 0, 0
24602, 826924, 0, 0, 0
24700, 1177942, 1, 0, 0
24704, 846995, 0, 0, 0
24800, 784607, 0, 0, 0
24801, 1154092, 1, 0, 0
24900, 895451, 0, 0, 0
24902, 1199386, 1, 0, 0
25001, 1149228, 1, 0, 0
25003, 810231, 0, 0, 0
25100, 1192723, 1, 0, 0
25108, 794300, 0, 0, 0
25200, 916693, 0, 0, 0
25203, 1214099, 1, 0, 0
25300, 1244135, 1, 0, 0
25305, 914206, 0, 0, 0
25400, 820737, 0, 0, 0
25402, 1155456, 1, 0, 0
25500, 864303, 0, 0, 0
25501, 1161164, 1, 0, 0
25601, 1180548, 1, 0, 0
25604, 887358, 0, 0, 0
25700, 852934, 0, 0, 0
25701, 1185651, 1, 0, 0
25800, 1145468, 1, 0, 0
25806, 822934, 0, 0, 0
25900, 1205461, 1, 0, 0
25901, 874951, 0, 0, 0
26000, 1188130, 1, 0, 0
26001, 826127, 0, 0, 0
26100, 878911, 0, 0, 0
26102, 1165226, 1, 0, 0
26200, 1164431, 1, 0, 0
26203, 851864, 0, 0, 0
26300, 1181804, 1, 0, 0
26303, 830450, 0, 0, 0
26400, 1183852, 1, 0, 0
26407, 804735, 0, 0, 0
26500, 1146911, 1, 0, 0
26503, 863103, 0, 0, 0
26600, 836826, 0, 0, 0
26603, 1123803, 1, 0, 0
26700, 1122799, 1, 0, 0
26705, 865965, 0, 0, 0
26800, 1258095, 1, 0, 0
26814, 851838, 0, 0, 0
26900, 1157682, 1, 0, 0
26901, 870199, 0, 0, 0
27000, 1134448, 1, 0, 0
27007, 821758, 0, 0, 0
27100, 863593, 0, 0, 0
27101, 1203366, 1, 0, 0
27200, 1190122, 1, 0, 0
27219, 873116, 0, 0, 0
27300, 870973, 0, 0, 0
27301, 1138279, 1, 0, 0
27401, 1167146, 1, 0, 0
27404, 857879, 0, 0, 0
27500, 1208371, 1, 0, 0
27502, 828247, 0, 0, 0
27600, 839407, 0, 0, 0
27601, 1196972, 1, 0, 0
27700, 815973, 0, 0, 0
27701, 1147723, 1, 0, 0
27800, 1132907, 1, 0, 0
27801, 806580, 0, 0, 0
27900, 1157589, 1, 0, 0
27908, 822727, 0, 0, 0
28000, 1214093, 1, 0, 0
28001, 814138, 0, 0, 0
28100, 1137228, 1, 0, 0
28107, 855132, 0, 0, 0
28200, 1220032, 1, 0, 0
28206, 821177, 0, 0, 0
28300, 1147727, 1, 0, 0
28302, 860930, 0, 0, 0
28400, 857104, 0, 0, 0
28404, 1211037, 1, 0, 0
28500, 1185247, 1, 0, 0
28502, 862894, 0, 0, 0
28600, 1185455, 1, 0, 0
28600, 842066, 0, 0, 0
28700, 1106046, 1, 0, 0
28703, 789021, 0, 0, 0
28800, 1166752, 1, 0, 0
28801, 794721, 0, 0, 0
28900, 1191239, 1, 0, 0
28901, 827471, 0, 0, 0
29000, 1147651, 1, 0, 0
29005, 825249, 0, 0, 0
29100, 863387, 0, 0, 0
29102, 1166283, 1, 0, 0
29200, 1127283, 1, 0, 0
29202, 876431, 0, 0, 0
29300, 1149889, 1, 0, 0
29302, 820805, 0, 0, 0
29400, 1117501, 1, 0, 0
29401, 793315, 0, 0, 0
29501, 1179459, 1, 0, 0
29503, 832020, 0, 0, 0
29600, 1166247, 1, 0, 0
29611, 841584, 0, 0, 0
29700, 1114752, 1, 0, 0
29701, 812182, 0, 0, 0
29800, 1251259, 1, 0, 0
29803, 820516, 0, 0, 0
29900, 1128190, 1, 0, 0
29901, 853060, 0, 0, 0
30000, 876505, 0, 0, 0
30001, 1182758, 1, 0, 0
30100, 1156428, 1, 0, 0
30102, 799816, 0, 0, 0
30200, 1179683, 1, 0, 0
30203, 849811, 0, 0, 0
30300, 883133, 0, 0, 0
30301, 1225747, 1, 0, 0
30400, 1154732, 1, 0, 0
30404, 859486, 0, 0, 0
30500, 1145167, 1, 0, 0
30506, 820459, 0, 0, 0
30600, 1177221, 1, 0, 0
30605, 904963, 0, 0, 0
30700, 795991, 0, 0, 0
30701, 1141480, 1, 0, 0
30800, 1140589, 1, 0, 0
30801, 829651, 0, 0, 0
30900, 1192003, 1, 0, 0
30906, 870037, 0, 0, 0
31000, 1165677, 1, 0, 0
31002, 829273, 0, 0, 0
31101, 1152176, 1, 0, 0
31107, 834568, 0, 0, 0
31200, 775274, 0, 0, 0
31203, 1131777, 1, 0, 0
31300, 868355, 0, 0, 0
31301, 1139130, 1, 0, 0
31400, 811168, 0, 0, 0
31402, 1159997, 1, 0, 0
31500, 1183944, 1, 0, 0
31502, 870129, 0, 0, 0
31600, 1142598, 1, 0, 0
31601, 802394, 0, 0, 0
31700, 1066133, 1, 0, 0
31701, 806304, 0, 0, 0
31800, 1146182, 1, 0, 0
31801, 841056, 0, 0, 0
31900, 1131326, 1, 0, 0
31902, 871977, 0, 0, 0
32000, 1124536, 1, 0, 0
32003, 834283, 0, 0, 0
32100, 828973, 0, 0, 0
32101, 1103351, 1, 0, 0
32201, 1204930, 1, 0, 0
32207, 803240, 0, 0, 0
32300, 1134099, 1, 0, 0
32303, 811857, 0, 0, 0
32400, 799752, 0, 0, 0
32402, 1159257, 1, 0, 0
32500, 1126182, 1, 0, 0
32506, 815648, 0, 0, 0
32600, 1163549, 1, 0, 0
32602, 801410, 0, 0, 0
32700, 1160800, 1, 0, 0
32701, 866942, 0, 0, 0
32800, 903092, 0, 0, 0
32801, 1168099, 1, 0, 0
32900, 1169807, 1, 0, 0
32902, 808075, 0, 0, 0
33000, 1200030, 1, 0, 0
33015, 843185, 0, 0, 0
33100, 1183808, 1, 0, 0
33101, 892306, 0, 0, 0
33200, 830321, 0, 0, 0
33201, 1218715, 1, 0, 0
33300, 862157, 0, 0, 0
33303, 1178572, 1, 0, 0
33400, 857793, 0, 0, 0
33404, 1205774, 1, 0, 0
33500, 1123061, 1, 0, 0
33503, 799248, 0, 0, 0
33601, 1138313, 1, 0, 0
33606, 849906, 0, 0, 0
33700, 1161724, 1, 0, 0
33701, 875761, 0, 0, 0
33800, 904050, 0, 0, 0
33801, 1156833, 1, 0, 0
33900, 846499, 0, 0, 0
33901, 1147625, 1, 0, 0
34000, 1186605, 1, 0, 0
34007, 828007, 0, 0, 0
34100, 1149940, 1, 0, 0
34104, 796391, 0, 0, 0
34200, 1209126, 1, 0, 0
34201, 849682, 0, 0, 0
34300, 1198246, 1, 0, 0
34303, 827079, 0, 0, 0
34401, 1210857, 1, 0, 0
34403, 835349, 0, 0, 0
34500, 826549, 0, 0, 0
34501, 1141421, 1, 0, 0
34600, 869069, 0, 0, 0
34602, 1227711, 1, 0, 0
34701, 1215363, 1, 0, 0
34702, 820349, 0, 0, 0
34800, 1160327, 1, 0, 0
34803, 812437, 0, 0, 0
34901, 1119694, 1, 0, 0
34904, 802514, 0, 0, 0
35000, 1154254, 1, 0, 0
35004, 788440, 0, 0, 0
35101, 1105603, 1, 0, 0
35102, 885423, 0, 0, 0
35200, 1142174, 1, 0, 0
35201, 877001, 0, 0, 0
35301, 1154925, 1, 0, 0
35301, 832987, 0, 0, 0
35400, 1156314, 1, 0, 0
35401, 838877, 0, 0, 0
35500, 1101615, 1, 0, 0
35504, 807818, 0, 0, 0
35600, 1098485, 1, 0, 0
35602, 789839, 0, 0, 0
35700, 1106654, 1, 0, 0
35704, 845099, 0, 0, 0
35800, 1108523, 1, 0, 0
35805, 752991, 0, 0, 0
35900, 1171575, 1, 0, 0
35909, 870533, 0, 0, 0
36000, 1169942, 1, 0, 0
36005, 848813, 0, 0, 0
36100, 813916, 0, 0, 0
36101, 1118755, 1, 0, 0
36200, 788671, 0, 0, 0
36203, 1157308, 1, 0, 0
36300, 1161860, 1, 0, 0
36301, 832003, 0, 0, 0
36400, 1171428, 1, 0, 0
36403, 873520, 0, 0, 0
36500, 784341, 0, 0, 0
36501, 1140159, 1, 0, 0
36600, 1176909, 1, 0, 0
36601, 866552, 0, 0, 0
36700, 796898, 0, 0, 0
36703, 1215035, 1, 0, 0
36800, 833149, 0, 0, 0
36801, 1156925, 1, 0, 0
36900, 1121548, 1, 0, 0
36908, 842796, 0, 0, 0
37000, 1155201, 1, 0, 0
37002, 886801, 0, 0, 0
37101, 1166380, 1, 0, 0
37102, 781907, 0, 0, 0
37200, 1140135, 1, 0, 0
37203, 847992, 0, 0, 0
37300, 870396, 0, 0, 0
37301, 1100858, 1, 0, 0
37400, 1119226, 1, 0, 0
37401, 817558, 0, 0, 0
37500, 853943, 0, 0, 0
37502, 1148230, 1, 0, 0
37600, 820852, 0, 0, 0
37601, 1126974, 1, 0, 0
37700, 754960, 0, 0, 0
37702, 1111069, 1, 0, 0
37800, 1090477, 1, 0, 0
37803, 783437, 0, 0, 0
37900, 1114542, 1, 0, 0
37902, 798182, 0, 0, 0
38000, 1162123, 1, 0, 0
38011, 817947, 0, 0, 0
38100, 1169427, 1, 0, 0
38102, 907898, 0, 0, 0
38200, 1153666, 1, 0, 0
38203, 794173, 0, 0, 0
38301, 1126586, 1, 0, 0
38301, 796557, 0, 0, 0
38401, 1136643, 1, 0, 0
38401, 793658, 0, 0, 0
38500, 1117055, 1, 0, 0
38500, 834657, 0, 0, 0
38600, 1139583, 1, 0, 0
38601, 850374, 0, 0, 0
38700, 1147621, 1, 0, 0
38701, 842473, 0, 0, 0
38800, 1162602, 1, 0, 0
38807, 859722, 0, 0, 0
38900, 854067, 0, 0, 0
38901, 1193891, 1, 0, 0
39000, 830589, 0, 0, 0
39001, 1188407, 1, 0, 0
39100, 1181945, 1, 0, 0
39110, 833793, 0, 0, 0
39200, 1177656, 1, 0, 0
39205, 828013, 0, 0, 0
39301, 1176246, 1, 0, 0
39306, 898426, 0, 0, 0
39400, 821566, 0, 0, 0
39402, 1145742, 1, 0, 0
39500, 839656, 0, 0, 0
39501, 1154047, 1, 0, 0
39600, 804242, 0, 0, 0
39601, 1127723, 1, 0, 0
39700, 1126518, 1, 0, 0
39705, 793100, 0, 0, 0
39800, 1173920, 1, 0, 0
39803, 832927, 0, 0, 0
39900, 1120028, 1, 0, 0
39902, 824621, 0, 0, 0
40000, 810984, 0, 0, 0
40001, 1062267, 1, 0, 0
40100, 1101850, 1, 0, 0
40101, 816346, 0, 0, 0
40201, 1137419, 1, 0, 0
40202, 790824, 0, 0, 0
40301, 1184704, 1, 0, 0
40304, 854511, 0, 0, 0
40400, 1150009, 1, 0, 0
40411, 845542, 0, 0, 0
40500, 1154858, 1, 0, 0
40503, 865580, 0, 0, 0
40600, 890231, 0, 0, 0
40601, 1138141, 1, 0, 0
40700, 1155613, 1, 0, 0
40702, 840231, 0, 0, 0
40800, 1132414, 1, 0, 0
40805, 866530, 0, 0, 0
40900, 1150931, 1, 0, 0
40901, 813846, 0, 0, 0
41000, 1126366, 1, 0, 0
41000, 828468, 0, 0, 0
41101, 1088054, 1, 0, 0
41101, 809856, 0, 0, 0
41200, 1122210, 1, 0, 0
41202, 797149, 0, 0, 0
41301, 1102669, 1, 0, 0
41305, 751433, 0, 0, 0
41400, 814831, 0, 0, 0
41401, 1158558, 1, 0, 0
41500, 1082594, 1, 0, 0
41501, 777035, 0, 0, 0
41600, 860548, 0, 0, 0
41601, 1115285, 1, 0, 0
41700, 838503, 0, 0, 0
41702, 1175394, 1, 0, 0
41800, 1157530, 1, 0, 0
41801, 846426, 0, 0, 0
41900, 1146085, 1, 0, 0
41908, 830496, 0, 0, 0
42000, 1097628, 1, 0, 0
42006, 826860, 0, 0, 0
42100, 1109492, 1, 0, 0
42104, 804243, 0, 0, 0
42200, 1179675, 1, 0, 0
42203, 867205, 0, 0, 0
42300, 1170497, 1, 0, 0
42304, 853216, 0, 0, 0
42400, 1115713, 1, 0, 0
42400, 826917, 0, 0, 0
42500, 1103755, 1, 0, 0
42502, 843816, 0, 0, 0
42600, 1114480, 1, 0, 0
42612, 841403, 0, 0, 0
42700, 1150663, 1, 0, 0
42705, 804524, 0, 0, 0
42801, 1138010, 1, 0, 0
42811, 832589, 0, 0, 0
42900, 1182220, 1, 0, 0
42901, 816700, 0, 0, 0
43000, 813548, 0, 0, 0
43001, 1110908, 1, 0, 0
43100, 1159020, 1, 0, 0
43102, 848003, 0, 0, 0
43200, 843240, 0, 0, 0
43201, 1133354, 1, 0, 0
43301, 1071894, 1, 0, 0
43304, 814559, 0, 0, 0
43400, 801562, 0, 0, 0
43401, 1134368, 1, 0, 0
43500, 1160382, 1, 0, 0
43501, 888200, 0, 0, 0
43600, 1206322, 1, 0, 0
43603, 837184, 0, 0, 0
43700, 1097492, 1, 0, 0
43705, 822027, 0, 0, 0
43800, 1134381, 1, 0, 0
43803, 856262, 0, 0, 0
43901, 1111136, 1, 0, 0
43904, 825948, 0, 0, 0
44000, 1098388, 1, 0, 0
44003, 777530, 0, 0, 0
44101, 1181243, 1, 0, 0
44110, 891444, 0, 0, 0
44200, 839125, 0, 0, 0
44201, 1127102, 1, 0, 0
44300, 1157031, 1, 0, 0
44308, 798857, 0, 0, 0
44401, 1131920, 1, 0, 0
44402, 795400, 0, 0, 0
44500, 1113635, 1, 0, 0
44501, 823176, 0, 0, 0
44601, 1129063, 1, 0, 0
44601, 787551, 0, 0, 0
44701, 1090305, 1, 0, 0
44701, 798046, 0, 0, 0
44800, 1080573, 1, 0, 0
44813, 826228, 0, 0, 0
44900, 1099996, 1, 0, 0
44904, 804996, 0, 0, 0
45000, 1152839, 1, 0, 0
45003, 805766, 0, 0, 0
45100, 869926, 0, 0, 0
45101, 1181999, 1, 0, 0
45200, 820140, 0, 0, 0
45201, 1195023, 1, 0, 0
45301, 1160217, 1, 0, 0
45301, 915871, 0, 0, 0
45400, 1112603, 1, 0, 0
45403, 800132, 0, 0, 0
45500, 1094598, 1, 0, 0
45501, 850754, 0, 0, 0
45600, 1223745, 1, 0, 0
45603, 821346, 0, 0, 0
45700, 1157795, 1, 0, 0
45704, 828017, 0, 0, 0
45800, 861382, 0, 0, 0
45801, 1161556, 1, 0, 0
45901, 1116496, 1, 0, 0
45923, 791802, 0, 0, 0
46000, 832776, 0, 0, 0
46001, 1126924, 1, 0, 0
46100, 1167589, 1, 0, 0
46102, 814205, 0, 0, 0
46200, 1139412, 1, 0, 0
46210, 875456, 0, 0, 0
46300, 1138235, 1, 0, 0
46303, 840218, 0, 0, 0
46400, 1109177, 1, 0, 0
46402, 767833, 0, 0, 0
46500, 1122807, 1, 0, 0
46502, 828647, 0, 0, 0
46600, 1155894, 1, 0, 0
46601, 855932, 0, 0, 0
46700, 1173738, 1, 0, 0
46709, 814810, 0, 0, 0
46800, 1165022, 1, 0, 0
46801, 858698, 0, 0, 0
46900, 837985, 0, 0, 0
46901, 1198949, 1, 0, 0
47000, 1206856, 1, 0, 0
47007, 812091, 0, 0, 0
47100, 837254, 0, 0, 0
47101, 1155201, 1, 0, 0
47200, 881329, 0, 0, 0
47201, 1145778, 1, 0, 0
47301, 1135634, 1, 0, 0
47306, 820509, 0, 0, 0
47400, 1179439, 1, 0, 0
47402, 854672, 0, 0, 0
47500, 1166729, 1, 0, 0
47507, 847849, 0, 0, 0
47600, 1166395, 1, 0, 0
47601, 820683, 0, 0, 0
47700, 1153950, 1, 0, 0
47703, 851874, 0, 0, 0
47800, 824390, 0, 0, 0
47801, 1153999, 1, 0, 0
47900, 827449, 0, 0, 0
47901, 1093592, 1, 0, 0
48000, 1092915, 1, 0, 0
48002, 808502, 0, 0, 0
48101, 1157928, 1, 0, 0
48104, 841052, 0, 0, 0
48201, 1142763, 1, 0, 0
48203, 811535, 0, 0, 0
48300, 1182881, 1, 0, 0
48311, 834416, 0, 0, 0
48400, 1222534, 1, 0, 0
48406, 847954, 0, 0, 0
48502, 1208599, 1, 0, 0
48505, 803044, 0, 0, 0
48600, 902910, 0, 0, 0
48601, 1183366, 1, 0, 0
48700, 1167913, 1, 0, 0
48704, 899648, 0, 0, 0
48800, 830836, 0, 0, 0
48801, 1183062, 1, 0, 0
48900, 1185394, 1, 0, 0
48904, 849660, 0, 0, 0
49000, 1079982, 1, 0, 0
49006, 833326, 0, 0, 0
49100, 1180130, 1, 0, 0
49105, 821481, 0, 0, 0
49200, 1126567, 1, 0, 0
49204, 787241, 0, 0, 0
49300, 1130958, 1, 0, 0
49303, 813794, 0, 0, 0
49401, 1142752, 1, 0, 0
49415, 796215, 0, 0, 0
49500, 773776, 0, 0, 0
49501, 1118235, 1, 0, 0
49600, 1144044, 1, 0, 0
49601, 793870, 0, 0, 0
49700, 1133450, 1, 0, 0
49701, 828638, 0, 0, 0
49800, 853811, 0, 0, 0
49801, 1183315, 1, 0, 0
49901, 1221121, 1, 0, 0
49901, 885594, 0, 0, 0
50000, 1139385, 1, 0, 0
50000, 895253, 0, 0, 0
50100, 1143798, 1, 0, 0
50102, 829428, 0, 0, 0
50201, 1191774, 1, 0, 0
50207, 878885, 0, 0, 0
50300, 1150494, 1, 0, 0
50306, 815871, 0, 0, 0
50400, 1165496, 1, 0, 0
50402, 843228, 0, 0, 0
50500, 1110056, 1, 0, 0
50503, 818650, 0, 0, 0
50600, 1150675, 1, 0, 0
50602, 855155, 0, 0, 0
50700, 1116567, 1, 0, 0
50701, 836318, 0, 0, 0
50800, 1125180, 1, 0, 0
50806, 779041, 0, 0, 0
50901, 1142160, 1, 0, 0
50901, 842404, 0, 0, 0
51000, 1166249, 1, 0, 0
51003, 834101, 0, 0, 0
51100, 1150084, 1, 0, 0
51106, 852819, 0, 0, 0
51200, 1160602, 1, 0, 0
51211, 854697, 0, 0, 0
51300, 1208236, 1, 0, 0
51311, 860764, 0, 0, 0
51400, 836366, 0, 0, 0
51402, 1218682, 1, 0, 0
51500, 1165457, 1, 0, 0
51510, 859252, 0, 0, 0
51600, 1182459, 1, 0, 0
51601, 814500, 0, 0, 0
51700, 1165599, 1, 0, 0
51702, 810704, 0, 0, 0
51800, 1157353, 1, 0, 0
51801, 824665, 0, 0, 0
51900, 822019, 0, 0, 0
51901, 1147628, 1, 0, 0
52000, 1098864, 1, 0, 0
52003, 806297, 0, 0, 0
52100, 868184, 0, 0, 0
52101, 1156768, 1, 0, 0
52200, 871421, 0, 0, 0
52201, 1173218, 1, 0, 0
52300, 862385, 0, 0, 0
52302, 1148013, 1, 0, 0
52400, 1151067, 1, 0, 0
52401, 806464, 0, 0, 0
52501, 1090476, 1, 0, 0
52516, 787135, 0, 0, 0
52600, 1118430, 1, 0, 0
52603, 818189, 0, 0, 0
52700, 1136813, 1, 0, 0
52703, 833028, 0, 0, 0
52800, 839286, 0, 0, 0
52801, 1177917, 1, 0, 0
52901, 1179027, 1, 0, 0
52914, 840373, 0, 0, 0
53000, 1175705, 1, 0, 0
53002, 819699, 0, 0, 0
53100, 1164443, 1, 0, 0
53104, 803223, 0, 0, 0
53200, 1153333, 1, 0, 0
53201, 798762, 0, 0, 0
53300, 1139612, 1, 0, 0
53301, 800508, 0, 0, 0
53400, 1111407, 1, 0, 0
53401, 801742, 0, 0, 0
53500, 846423, 0, 0, 0
53502, 1150835, 1, 0, 0
53600, 1112213, 1, 0, 0
53606, 863332, 0, 0, 0
53700, 1146381, 1, 0, 0
53706, 925879, 0, 0, 0
53800, 845255, 0, 0, 0
53801, 1188471, 1, 0, 0
53900, 868546, 0, 0, 0
53901, 1186822, 1, 0, 0
54000, 1177128, 1, 0, 0
54004, 810477, 0, 0, 0
54100, 1112001, 1, 0, 0
54101, 804750, 0, 0, 0
54200, 1242930, 1, 0, 0
54202, 812893, 0, 0, 0
54301, 1190782, 1, 0, 0
54303, 814883, 0, 0, 0
54400, 816511, 0, 0, 0
54402, 1072208, 1, 0, 0
54501, 1163191, 1, 0, 0
54504, 840524, 0, 0, 0
54600, 1093936, 1, 0, 0
54601, 810290, 0, 0, 0
54701, 1152846, 1, 0, 0
54702, 803226, 0, 0, 0
54800, 1158749, 1, 0, 0
54801, 864797, 0, 0, 0
54901, 1136102, 1, 0, 0
54901, 860109, 0, 0, 0
55000, 1125420, 1, 0, 0
55001, 846742, 0, 0, 0
55100, 1140705, 1, 0, 0
55102, 841486, 0, 0, 0
55200, 1189046, 1, 0, 0
55203, 787255, 0, 0, 0
55300, 822703, 0, 0, 0
55301, 1127269, 1, 0, 0
55400, 1092446, 1, 0, 0
55409, 784257, 0, 0, 0
55500, 1148381, 1, 0, 0
55501, 808544, 0, 0, 0
55600, 818101, 0, 0, 0
55603, 1158108, 1, 0, 0
55700, 1125626, 1, 0, 0
55707, 823763, 0, 0, 0
55800, 1157905, 1, 0, 0
55801, 818768, 0, 0, 0
55900, 1156477, 1, 0, 0
55901, 837695, 0, 0, 0
56000, 803626, 0, 0, 0
56001, 1195668, 1, 0, 0
56100, 781211, 0, 0, 0
56102, 1151194, 1, 0, 0
56200, 1146236, 1, 0, 0
56209, 862690, 0, 0, 0
56300, 1130157, 1, 0, 0
56301, 830614, 0, 0, 0
56400, 1127663, 1, 0, 0
56407, 851062, 0, 0, 0
56500, 1126370, 1, 0, 0
56502, 795126, 0, 0, 0
56600, 825998, 0, 0, 0
56602, 1155243, 1, 0, 0
56700, 1154798, 1, 0, 0
56703, 789805, 0, 0, 0
56800, 1111742, 1, 0, 0
56803, 831955, 0, 0, 0
56901, 1154118, 1, 0, 0
56901, 806241, 0, 0, 0
57000, 832424, 0, 0, 0
57001, 1213818, 1, 0, 0
57101, 1137896, 1, 0, 0
57102, 815121, 0, 0, 0
57201, 1200698, 1, 0, 0
57201, 837291, 0, 0, 0
57300, 1132562, 1, 0, 0
57305, 822557, 0, 0, 0
57400, 795604, 0, 0, 0
57401, 1118584, 1, 0, 0
57500, 1142579, 1, 0, 0
57503, 840912, 0, 0, 0
57600, 1109519, 1, 0, 0
57603, 800559, 0, 0, 0
57700, 1174673, 1, 0, 0
57701, 839758, 0, 0, 0
57800, 1166710, 1, 0, 0
57802, 833302, 0, 0, 0
57900, 1129992, 1, 0, 0
57902, 849290, 0, 0, 0
58000, 831949, 0, 0, 0
58003, 1195195, 1, 0, 0
58100, 1165069, 1, 0, 0
58103, 828333, 0, 0, 0
58200, 1195883, 1, 0, 0
58202, 853152, 0, 0, 0
58300, 1155323, 1, 0, 0
58301, 847230, 0, 0, 0
58400, 1170501, 1, 0, 0
58403, 806216, 0, 0, 0
58500, 1158071, 1, 0, 0
58504, 840209, 0, 0, 0
58600, 1151358, 1, 0, 0
58604, 781964, 0, 0, 0
58700, 1217324, 1, 0, 0
58702, 831814, 0, 0, 0
58800, 1129336, 1, 0, 0
58811, 811640, 0, 0, 0
58900, 782595, 0, 0, 0
58901, 1121718, 1, 0, 0
59000, 865619, 0, 0, 0
59001, 1224874, 1, 0, 0
59100, 847089, 0, 0, 0
59101, 1136240, 1, 0, 0
59200, 824383, 0, 0, 0
59201, 1140459, 1, 0, 0
59300, 1115246, 1, 0, 0
59309, 843776, 0, 0, 0
59400, 1155076, 1, 0, 0
59403, 861379, 0, 0, 0
59500, 1137587, 1, 0, 0
59517, 810576, 0, 0, 0
59600, 1133463, 1, 0, 0
59607, 800971, 0, 0, 0
59700, 1120252, 1, 0, 0
59701, 819771, 0, 0, 0
59800, 832128, 0, 0, 0
59801, 1111522, 1, 0, 0
59900, 1106208, 1, 0, 0
59901, 804119, 0, 0, 0
60000, 1120293, 1, 0, 0
60002, 791293, 0, 0, 0
60100, 1127961, 1, 0, 0
60104, 771901, 0, 0, 0
60200, 1148535, 1, 0, 0
60219, 854864, 0, 0, 0
60300, 1141340, 1, 0, 0
60302, 918791, 0, 0, 0
60401, 1134276, 1, 0, 0
60404, 843904, 0, 0, 0
60500, 1121764, 1, 0, 0
60501, 825763, 0, 0, 0
60600, 843303, 0, 0, 0
60601, 1139951, 1, 0, 0
60700, 795056, 0, 0, 0
60701, 1130753, 1, 0, 0
60800, 1183646, 1, 0, 0
60802, 844197, 0, 0, 0
60900, 841052, 0, 0, 0
60901, 1142798, 1, 0, 0
61000, 1157786, 1, 0, 0
61003, 843679, 0, 0, 0
61100, 1219352, 1, 0, 0
61103, 841191, 0, 0, 0
61200, 1129452, 1, 0, 0
61204, 823037, 0, 0, 0
61300, 831514, 0, 0, 0
61301, 1168531, 1, 0, 0
61401, 872572, 0, 0, 0
61403, 1148463, 1, 0, 0
61500, 805325, 0, 0, 0
61501, 1131734, 1, 0, 0
61600, 1139188, 1, 0, 0
61601, 904854, 0, 0, 0
61700, 1220026, 1, 0, 0
61701, 901523, 0, 0, 0
61800, 1170331, 1, 0, 0
61803, 803976, 0, 0, 0
61900, 826899, 0, 0, 0
61901, 1124680, 1, 0, 0
62000, 797226, 0, 0, 0
62002, 1144678, 1, 0, 0
62100, 1165340, 1, 0, 0
62107, 868542, 0, 0, 0
62200, 1160242, 1, 0, 0
62207, 842188, 0, 0, 0
62300, 859870, 0, 0, 0
62301, 1092780, 1, 0, 0
62400, 1124311, 1, 0, 0
62406, 803853, 0, 0, 0
62501, 1126260, 1, 0, 0
62504, 791203, 0, 0, 0
62600, 1099693, 1, 0, 0
62602, 815038, 0, 0, 0
62700, 833065, 0, 0, 0
62702, 1145695, 1, 0, 0
62802, 1148833, 1, 0, 0
62806, 830382, 0, 0, 0
62900, 1157326, 1, 0, 0
62903, 814433, 0, 0, 0
63000, 1132528, 1, 0, 0
63001, 850396, 0, 0, 0
63100, 1162834, 1, 0, 0
63103, 845401, 0, 0, 0
63200, 1136515, 1, 0, 0
63200, 794609, 0, 0, 0
63300, 883601, 0, 0, 0
63301, 1121041, 1, 0, 0
63400, 1174142, 1, 0, 0
63401, 827641, 0, 0, 0
63500, 1149295, 1, 0, 0
63502, 833294, 0, 0, 0
63600, 1131436, 1, 0, 0
63604, 817603, 0, 0, 0
63700, 1182874, 1, 0, 0
63706, 816338, 0, 0, 0
63800, 1162831, 1, 0, 0
63805, 843704, 0, 0, 0
63900, 1212769, 1, 0, 0
63903, 810369, 0, 0, 0
64000, 839789, 0, 0, 0
64002, 1145288, 1, 0, 0
64100, 1232333, 1, 0, 0
64106, 852011, 0, 0, 0
64200, 1143032, 1, 0, 0
64215, 867882, 0, 0, 0
64300, 832599, 0, 0, 0
64301, 1111182, 1, 0, 0
64400, 1129935, 1, 0, 0
64403, 827408, 0, 0, 0
64500, 1164755, 1, 0, 0
64506, 848373, 0, 0, 0
64600, 1148981, 1, 0, 0
64609, 838764, 0, 0, 0
64700, 824897, 0, 0, 0
64702, 1130864, 1, 0, 0
64800, 1172864, 1, 0, 0
64807, 800550, 0, 0, 0
64902, 1168216, 1, 0, 0
64904, 829094, 0, 0, 0
65000, 834549, 0, 0, 0
65001, 1121313, 1, 0, 0
65100, 1157343, 1, 0, 0
65101, 773117, 0, 0, 0
65200, 1196289, 1, 0, 0
65201, 793502, 0, 0, 0
65300, 1223396, 1, 0, 0
65301, 810416, 0, 0, 0
65400, 1171416, 1, 0, 0
65402, 847382, 0, 0, 0
65500, 1205163, 1, 0, 0
65502, 905523, 0, 0, 0
65600, 1123276, 1, 0, 0
65603, 756810, 0, 0, 0
65700, 805070, 0, 0, 0
65701, 1110506, 1, 0, 0
65800, 836917, 0, 0, 0
65801, 1097322, 1, 0, 0
65900, 1191477, 1, 0, 0
65902, 789133, 0, 0, 0
66000, 800170, 0, 0, 0
66001, 1133825, 1, 0, 0
66101, 1132640, 1, 0, 0
66104, 814970, 0, 0, 0
66200, 1179041, 1, 0, 0
66201, 842757, 0, 0, 0
66300, 1153510, 1, 0, 0
66301, 843652, 0, 0, 0
66400, 1128465, 1, 0, 0
66407, 853385, 0, 0, 0
66500, 1083555, 1, 0, 0
66502, 832069, 0, 0, 0
66600, 1126229, 1, 0, 0
66602, 841216, 0, 0, 0
66700, 1098922, 1, 0, 0
66705, 862203, 0, 0, 0
66800, 1199156, 1, 0, 0
66804, 805072, 0, 0, 0
66900, 1196770, 1, 0, 0
66905, 878508, 0, 0, 0
67000, 834731, 0, 0, 0
67001, 1160424, 1, 0, 0
67100, 1186771, 1, 0, 0
67102, 819190, 0, 0, 0
67201, 1141755, 1, 0, 0
67206, 850747, 0, 0, 0
67300, 859413, 0, 0, 0
67301, 1170092, 1, 0, 0
67400, 894619, 0, 0, 0
67403, 1219767, 1, 0, 0
67500, 806270, 0, 0, 0
67502, 1158115, 1, 0, 0
67600, 856928, 0, 0, 0
67601, 1157622, 1, 0, 0
67700, 1188732, 1, 0, 0
67702, 840684, 0, 0, 0
67800, 1158967, 1, 0, 0
67802, 901673, 0, 0, 0
67900, 1170238, 1, 0, 0
67901, 857543, 0, 0, 0
68000, 1180093, 1, 0, 0
68012, 789551, 0, 0, 0
68100, 1118723, 1, 0, 0
68101, 839517, 0, 0, 0
68200, 1141001, 1, 0, 0
68206, 806621, 0, 0, 0
68300, 1182346, 1, 0, 0
68301, 871137, 0, 0, 0
68400, 1147453, 1, 0, 0
68403, 868324, 0, 0, 0
68500, 1197324, 1, 0, 0
68503, 872227, 0, 0, 0
68600, 856711, 0, 0, 0
68601, 1181930, 1, 0, 0
68700, 1216746, 1, 0, 0
68709, 857883, 0, 0, 0
68800, 1215796, 1, 0, 0
68801, 879131, 0, 0, 0
68900, 1230977, 1, 0, 0
68902, 842034, 0, 0, 0
69000, 1210842, 1, 0, 0
69003, 873526, 0, 0, 0
69100, 1211938, 1, 0, 0
69102, 861791, 0, 0, 0
69200, 1201455, 1, 0, 0
69207, 814619, 0, 0, 0
69301, 1225345, 1, 0, 0
69303, 813687, 0, 0, 0
69400, 787170, 0, 0, 0
69401, 1145993, 1, 0, 0
69500, 794778, 0, 0, 0
69501, 1145816, 1, 0, 0
69600, 1125597, 1, 0, 0
69602, 780850, 0, 0, 0
69700, 1211992, 1, 0, 0
69701, 830986, 0, 0, 0
69800, 1139272, 1, 0, 0
69802, 845455, 0, 0, 0
69900, 1166848, 1, 0, 0
69902, 789360, 0, 0, 0
70000, 1184602, 1, 0, 0
70001, 801014, 0, 0, 0
70100, 1196452, 1, 0, 0
70104, 828941, 0, 0, 0
70200, 1164211, 1, 0, 0
70204, 848380, 0, 0, 0
70300, 1137596, 1, 0, 0
70301, 797408, 0, 0, 0
70400, 1127031, 1, 0, 0
70405, 823018, 0, 0, 0
70500, 1161131, 1, 0, 0
70500, 831168, 0, 0, 0
70601, 906443, 0, 0, 0
70602, 1166482, 1, 0, 0
70700, 1186193, 1, 0, 0
70702, 828883, 0, 0, 0
70801, 1151771, 1, 0, 0
70803, 814205, 0, 0, 0
70900, 1105320, 1, 0, 0
70901, 806920, 0, 0, 0
71000, 1148798, 1, 0, 0
71003, 841324, 0, 0, 0
71100, 1168710, 1, 0, 0
71102, 800148, 0, 0, 0
71200, 1163382, 1, 0, 0
71201, 824716, 0, 0, 0
71300, 815490, 0, 0, 0
71301, 1143482, 1, 0, 0
71400, 1173506, 1, 0, 0
71403, 853451, 0, 0, 0
71501, 1149945, 1, 0, 0
71504, 780981, 0, 0, 0
71600, 1142509, 1, 0, 0
71607, 866509, 0, 0, 0
71700, 819641, 0, 0, 0
71703, 1148109, 1, 0, 0
71800, 862035, 0, 0, 0
71802, 1211143, 1, 0, 0
71900, 1160521, 1, 0, 0
71900, 872889, 0, 0, 0
72000, 840546, 0, 0, 0
72001, 1117653, 1, 0, 0
72100, 859680, 0, 0, 0
72101, 1218866, 1, 0, 0
72200, 818818, 0, 0, 0
72201, 1137126, 1, 0, 0
72300, 802435, 0, 0, 0
72302, 1152601, 1, 0, 0
72400, 1168487, 1, 0, 0
72402, 863883, 0, 0, 0
72500, 1247059, 1, 0, 0
72501, 859512, 0, 0, 0
72600, 1207335, 1, 0, 0
72602, 822529, 0, 0, 0
72700, 1144315, 1, 0, 0
72701, 849847, 0, 0, 0
72800, 1151968, 1, 0, 0
72802, 859151, 0, 0, 0
72900, 1174289, 1, 0, 0
72900, 850187, 0, 0, 0
73000, 858844, 0, 0, 0
73001, 1142692, 1, 0, 0
73100, 1199088, 1, 0, 0
73104, 864359, 0, 0, 0
73200, 1198919, 1, 0, 0
73201, 855821, 0, 0, 0
73300, 841124, 0, 0, 0
73301, 1167213, 1, 0, 0
73401, 1180731, 1, 0, 0
73411, 825393, 0, 0, 0
73500, 1178943, 1, 0, 0
73509, 852051, 0, 0, 0
73601, 1158001, 1, 0, 0
73609, 858056, 0, 0, 0
73700, 1187701, 1, 0, 0
73705, 854546, 0, 0, 0
73801, 1226929, 1, 0, 0
73807, 864439, 0, 0, 0
73900, 1175922, 1, 0, 0
73905, 843161, 0, 0, 0
74000, 1210906, 1, 0, 0
74002, 856861, 0, 0, 0
74100, 1220084, 1, 0, 0
74105, 814622, 0, 0, 0
74200, 1152726, 1, 0, 0
74204, 858426, 0, 0, 0
74300, 1160089, 1, 0, 0
74304, 841192, 0, 0, 0
74402, 1223539, 1, 0, 0
74403, 866378, 0, 0, 0
74500, 1204653, 1, 0, 0
74504, 877889, 0, 0, 0
74601, 1196248, 1, 0, 0
74603, 800361, 0, 0, 0
74700, 896019, 0, 0, 0
74701, 1208334, 1, 0, 0
74800, 1185841, 1, 0, 0
74802, 888219, 0, 0, 0
74900, 1154325, 1, 0, 0
74911, 804602, 0, 0, 0
75000, 1131884, 1, 0, 0
75003, 872265, 0, 0, 0
75100, 1130548, 1, 0, 0
75101, 817277, 0, 0, 0
75200, 1117977, 1, 0, 0
75204, 795453, 0, 0, 0
75300, 1138614, 1, 0, 0
75302, 801686, 0, 0, 0
75400, 1150982, 1, 0, 0
75406, 883396, 0, 0, 0
75500, 1127225, 1, 0, 0
75503, 799056, 0, 0, 0
75600, 1224964, 1, 0, 0
75610, 805158, 0, 0, 0
75700, 1121986, 1, 0, 0
75701, 787876, 0, 0, 0
75800, 791965, 0, 0, 0
75801, 1091545, 1, 0, 0
75900, 1166837, 1, 0, 0
75903, 865522, 0, 0, 0
76000, 1135018, 1, 0, 0
76008, 768287, 0, 0, 0
76100, 1176040, 1, 0, 0
76110, 851265, 0, 0, 0
76200, 1123817, 1, 0, 0
76207, 787205, 0, 0, 0
76300, 1126883, 1, 0, 0
76301, 867716, 0, 0, 0
76400, 793876, 0, 0, 0
76401, 1181977, 1, 0, 0
76500, 1164451, 1, 0, 0
76501, 831572, 0, 0, 0
76600, 1141494, 1, 0, 0
76604, 825957, 0, 0, 0
76700, 855674, 0, 0, 0
76701, 1193442, 1, 0, 0
76800, 1210158, 1, 0, 0
76805, 832861, 0, 0, 0
76900, 1171780, 1, 0, 0
76918, 853820, 0, 0, 0
77000, 1202307, 1, 0, 0
77001, 892337, 0, 0, 0
77100, 1139634, 1, 0, 0
77101, 808396, 0, 0, 0
77200, 1200963, 1, 0, 0
77209, 818658, 0, 0, 0
77300, 1160753, 1, 0, 0
77306, 835476, 0, 0, 0
77400, 1154449, 1, 0, 0
77408, 795623, 0, 0, 0
77500, 1145721, 1, 0, 0
77500, 857569, 0, 0, 0
77600, 1140214, 1, 0, 0
77601, 858689, 0, 0, 0
77701, 1132676, 1, 0, 0
77702, 805592, 0, 0, 0
77800, 1097173, 1, 0, 0
77804, 803593, 0, 0, 0
77900, 1173717, 1, 0, 0
77903, 849408, 0, 0, 0
78000, 826156, 0, 0, 0
78001, 1146124, 1, 0, 0
78100, 1217677, 1, 0, 0
78103, 849632, 0, 0, 0
78200, 1137753, 1, 0, 0
78205, 864695, 0, 0, 0
78301, 1110308, 1, 0, 0
78301, 784235, 0, 0, 0
78400, 772639, 0, 0, 0
78405, 1089702, 1, 0, 0
78500, 853028, 0, 0, 0
78501, 1139538, 1, 0, 0
78600, 1155520, 1, 0, 0
78604, 841092, 0, 0, 0
78700, 1149618, 1, 0, 0
78709, 825517, 0, 0, 0
78800, 867399, 0, 0, 0
78802, 1219914, 1, 0, 0
78900, 1188282, 1, 0, 0
78905, 896439, 0, 0, 0
79000, 1199994, 1, 0, 0
79004, 826578, 0, 0, 0
79100, 1195305, 1, 0, 0
79103, 840536, 0, 0, 0
79200, 833103, 0, 0, 0
79201, 1136906, 1, 0, 0
79300, 1193459, 1, 0, 0
79302, 795892, 0, 0, 0
79400, 1170741, 1, 0, 0
79401, 869117, 0, 0, 0
79500, 1086689, 1, 0, 0
79504, 814088, 0, 0, 0
79600, 1106526, 1, 0, 0
79601, 825204, 0, 0, 0
79700, 822195, 0, 0, 0
79702, 1100465, 1, 0, 0
79800, 1139930, 1, 0, 0
79801, 812292, 0, 0, 0
79900, 1112796, 1, 0, 0
79904, 814689, 0, 0, 0
80000, 1124485, 1, 0, 0
80001, 814332, 0, 0, 0
80100, 1106399, 1, 0, 0
80101, 838117, 0, 0, 0
80200, 1114919, 1, 0, 0
80200, 844030, 0, 0, 0
80300, 1125464, 1, 0, 0
80301, 820211, 0, 0, 0
80400, 1173731, 1, 0, 0
80401, 851231, 0, 0, 0
80500, 820284, 0, 0, 0
80501, 1133368, 1, 0, 0
80600, 1165297, 1, 0, 0
80603, 814127, 0, 0, 0
80700, 1166751, 1, 0, 0
80701, 838339, 0, 0, 0
80800, 1127768, 1, 0, 0
80802, 846360, 0, 0, 0
80900, 1125195, 1, 0, 0
80902, 773806, 0, 0, 0
81000, 1135071, 1, 0, 0
81008, 915331, 0, 0, 0
81100, 1173853, 1, 0, 0
81101, 802500, 0, 0, 0
81201, 1113596, 1, 0, 0
81201, 821950, 0, 0, 0
81300, 1159163, 1, 0, 0
81301, 836041, 0, 0, 0
81401, 1127568, 1, 0, 0
81402, 820490, 0, 0, 0
81500, 1122789, 1, 0, 0
81501, 871818, 0, 0, 0
81600, 1136206, 1, 0, 0
81601, 783383, 0, 0, 0
81700, 1123275, 1, 0, 0
81708, 787545, 0, 0, 0
81800, 1192472, 1, 0, 0
81805, 833491, 0, 0, 0
81900, 1156907, 1, 0, 0
81905, 811889, 0, 0, 0
82000, 820824, 0, 0, 0
82001, 1217568, 1, 0, 0
82100, 1149832, 1, 0, 0
82107, 874821, 0, 0, 0
82200, 1133493, 1, 0, 0
82203, 791003, 0, 0, 0
82300, 1188977, 1, 0, 0
82307, 879845, 0, 0, 0
82400, 1138322, 1, 0, 0
82409, 856512, 0, 0, 0
82500, 1144299, 1, 0, 0
82504, 827728, 0, 0, 0
82600, 1179654, 1, 0, 0
82602, 839508, 0, 0, 0
82700, 1149816, 1, 0, 0
82702, 788973, 0, 0, 0
82800, 1183688, 1, 0, 0
82801, 853828, 0, 0, 0
82900, 841572, 0, 0, 0
82901, 1196084, 1, 0, 0
83000, 780850, 0, 0, 0
83001, 1167845, 1, 0, 0
83100, 828708, 0, 0, 0
83101, 1168332, 1, 0, 0
83200, 828083, 0, 0, 0
83201, 1170973, 1, 0, 0
83300, 1178219, 1, 0, 0
83306, 923778, 0, 0, 0
83400, 1239303, 1, 0, 0
83400, 890564, 0, 0, 0
83501, 1246355, 1, 0, 0
83501, 870229, 0, 0, 0
83600, 1240692, 1, 0, 0
83602, 879673, 0, 0, 0
83700, 1195345, 1, 0, 0
83703, 840227, 0, 0, 0
83800, 1175158, 1, 0, 0
83803, 811277, 0, 0, 0
83900, 830956, 0, 0, 0
83901, 1201365, 1, 0, 0
84000, 1166060, 1, 0, 0
84001, 818788, 0, 0, 0
84100, 1154835, 1, 0, 0
84111, 826080, 0, 0, 0
84200, 1143509, 1, 0, 0
84209, 816098, 0, 0, 0
84300, 1154654, 1, 0, 0
84304, 811362, 0, 0, 0
84400, 1145520, 1, 0, 0
84402, 829590, 0, 0, 0
84500, 1164065, 1, 0, 0
84505, 843642, 0, 0, 0
84600, 1081366, 1, 0, 0
84601, 854695, 0, 0, 0
84700, 1116937, 1, 0, 0
84703, 846644, 0, 0, 0
84800, 1147669, 1, 0, 0
84808, 853098, 0, 0, 0
84900, 1171652, 1, 0, 0
84902, 839059, 0, 0, 0
85000, 1136207, 1, 0, 0
85000, 819760, 0, 0, 0
85100, 1147550, 1, 0, 0
85105, 840887, 0, 0, 0
85200, 1129868, 1, 0, 0
85210, 777660, 0, 0, 0
85300, 1143189, 1, 0, 0
85301, 797404, 0, 0, 0
85400, 857260, 0, 0, 0
85402, 1155200, 1, 0, 0
85500, 848949, 0, 0, 0
85501, 1196752, 1, 0, 0
85600, 1115877, 1, 0, 0
85602, 837394, 0, 0, 0
85700, 1175845, 1, 0, 0
85705, 842580, 0, 0, 0
85800, 1140233, 1, 0, 0
85807, 840193, 0, 0, 0
85900, 1155863, 1, 0, 0
85901, 846463, 0, 0, 0
86000, 1102471, 1, 0, 0
86002, 830379, 0, 0, 0
86100, 1180670, 1, 0, 0
86102, 837988, 0, 0, 0
86201, 1215116, 1, 0, 0
86203, 821627, 0, 0, 0
86300, 1158370, 1, 0, 0
86306, 853693, 0, 0, 0
86400, 1109553, 1, 0, 0
86401, 836987, 0, 0, 0
86500, 1131056, 1, 0, 0
86512, 837356, 0, 0, 0
86601, 1144636, 1, 0, 0
86602, 845109, 0, 0, 0
86700, 1152326, 1, 0, 0
86705, 794302, 0, 0, 0
86800, 1146868, 1, 0, 0
86805, 841557, 0, 0, 0
86900, 1143378, 1, 0, 0
86901, 829009, 0, 0, 0
87000, 809530, 0, 0, 0
87001, 1089283, 1, 0, 0
87100, 1130103, 1, 0, 0
87109, 831525, 0, 0, 0
87200, 1147211, 1, 0, 0
87202, 766850, 0, 0, 0
87300, 1185333, 1, 0, 0
87301, 833411, 0, 0, 0
87400, 1090219, 1, 0, 0
87402, 798350, 0, 0, 0
87500, 1197108, 1, 0, 0
87502, 845121, 0, 0, 0
87600, 1140334, 1, 0, 0
87601, 834375, 0, 0, 0
87700, 1169020, 1, 0, 0
87702, 805861, 0, 0, 0
87800, 1202093, 1, 0, 0
87802, 881080, 0, 0, 0
87900, 1186074, 1, 0, 0
87901, 796551, 0, 0, 0
88000, 1103424, 1, 0, 0
88001, 788317, 0, 0, 0
88100, 1147002, 1, 0, 0
88105, 830182, 0, 0, 0
88200, 839208, 0, 0, 0
88202, 1170423, 1, 0, 0
88300, 1130056, 1, 0, 0
88301, 883480, 0, 0, 0
88400, 1113195, 1, 0, 0
88401, 802116, 0, 0, 0
88500, 1147667, 1, 0, 0
88506, 869049, 0, 0, 0
88600, 1161035, 1, 0, 0
88605, 850879, 0, 0, 0
88700, 1155757, 1, 0, 0
88702, 872978, 0, 0, 0
88800, 1180083, 1, 0, 0
88801, 862676, 0, 0, 0
88900, 1148391, 1, 0, 0
88904, 810010, 0, 0, 0
89000, 1127731, 1, 0, 0
89007, 857856, 0, 0, 0
89100, 1192805, 1, 0, 0
89104, 826440, 0, 0, 0
89200, 1090678, 1, 0, 0
89201, 808054, 0, 0, 0
89300, 799864, 0, 0, 0
89301, 1133242, 1, 0, 0
89400, 1165372, 1, 0, 0
89404, 956865, 0, 0, 0
89500, 1119792, 1, 0, 0
89503, 843055, 0, 0, 0
89600, 814409, 0, 0, 0
89601, 1141968, 1, 0, 0
89700, 1093181, 1, 0, 0
89701, 850384, 0, 0, 0
89800, 857965, 0, 0, 0
89801, 1147916, 1, 0, 0
89900, 1222299, 1, 0, 0
89902, 804945, 0, 0, 0
90001, 1158958, 1, 0, 0
90001, 910385, 0, 0, 0
