250, 7364, 0, 0, 0
350, 8530, 0, 0, 0
450, 9460, 0, 0, 0
550, 9210, 0, 0, 0
650, 9030, 0, 0, 0
749, 8101, 0, 0, 0
849, 9420, 0, 0, 0
949, 9240, 0, 0, 0
1049, 9460, 0, 0, 0
1149, 9570, 0, 0, 0
1249, 5810, 0, 0, 0
1349, 5740, 0, 0, 0
1449, 9400, 0, 0, 0
1549, 9580, 0, 0, 0
1649, 9070, 0, 0, 0
1750, 7240, 0, 0, 0
1850, 9420, 0, 0, 0
1950, 9410, 0, 0, 0
2050, 9490, 0, 0, 0
2150, 8930, 0, 0, 0
2249, 7666, 0, 0, 0
2349, 9780, 0, 0, 0
2449, 8690, 0, 0, 0
2549, 8330, 0, 0, 0
2649, 7720, 0, 0, 0
2749, 9340, 0, 0, 0
2849, 8950, 0, 0, 0
2949, 8500, 0, 0, 0
3049, 6590, 0, 0, 0
3149, 9500, 0, 0, 0
3249, 8230, 0, 0, 0
3349, 5460, 0, 0, 0
3449, 8610, 0, 0, 0
3550, 6580, 0, 0, 0
3650, 9760, 0, 0, 0
3750, 9890, 0, 0, 0
3850, 7060, 0, 0, 0
3950, 9800, 0, 0, 0
4050, 6450, 0, 0, 0
4150, 8760, 0, 0, 0
4249, 9070, 0, 0, 0
4349, 9390, 0, 0, 0
4449, 9740, 0, 0, 0
4549, 8220, 0, 0, 0
4649, 9610, 0, 0, 0
4749, 10310, 0, 0, 0
4849, 6900, 0, 0, 0
4949, 9180, 0, 0, 0
5049, 9410, 0, 0, 0
5149, 7750, 0, 0, 0
5250, 9800, 0, 0, 0
5350, 9940, 0, 0, 0
5450, 9390, 0, 0, 0
5550, 9550, 0, 0, 0
5650, 9570, 0, 0, 0
5749, 9515, 0, 0, 0
5849, 9800, 0, 0, 0
5949, 9780, 0, 0, 0
6049, 7370, 0, 0, 0
6149, 9140, 0, 0, 0
6249, 10100, 0, 0, 0
6349, 9910, 0, 0, 0
6449, 9560, 0, 0, 0
6549, 9960, 0, 0, 0
6649, 8480, 0, 0, 0
6749, 7800, 0, 0, 0
6849, 8750, 0, 0, 0
6949, 9490, 0, 0, 0
7050, 8290, 0, 0, 0
7150, 7350, 0, 0, 0
7250, 9210, 0, 0, 0
7350, 6830, 0, 0, 0
7450, 9900, 0, 0, 0
7550, 6480, 0, 0, 0
7650, 9180, 0, 0, 0
7749, 9363, 0, 0, 0
7849, 5960, 0, 0, 0
7949, 9210, 0, 0, 0
8049, 9720, 0, 0, 0
8149, 9550, 0, 0, 0
8249, 9650, 0, 0, 0
8349, 9480, 0, 0, 0
8449, 9430, 0, 0, 0
8549, 9330, 0, 0, 0
8649, 9400, 0, 0, 0
8749, 9850, 0, 0, 0
8849, 9380, 0, 0, 0
8950, 9640, 0, 0, 0
9050, 9290, 0, 0, 0
9150, 8060, 0, 0, 0
9249, 10111, 0, 0, 0
9349, 9460, 0, 0, 0
9449, 9700, 0, 0, 0
9549, 9390, 0, 0, 0
9649, 7670, 0, 0, 0
9749, 7600, 0, 0, 0
9849, 9590, 0, 0, 0
9949, 9840, 0, 0, 0
10049, 8780, 0, 0, 0
10149, 9890, 0, 0, 0
10249, 10050, 0, 0, 0
10349, 6040, 0, 0, 0
10449, 8800, 0, 0, 0
10549, 9880, 0, 0, 0
10649, 9480, 0, 0, 0
10750, 8010, 0, 0, 0
10850, 9350, 0, 0, 0
10950, 9410, 0, 0, 0
11050, 6200, 0, 0, 0
11150, 9110, 0, 0, 0
11249, 5737, 0, 0, 0
11349, 8010, 0, 0, 0
11449, 9910, 0, 0, 0
11549, 9290, 0, 0, 0
11649, 9520, 0, 0, 0
11749, 9880, 0, 0, 0
11849, 7830, 0, 0, 0
11949, 9980, 0, 0, 0
12049, 9340, 0, 0, 0
12149, 9520, 0, 0, 0
12249, 9400, 0, 0, 0
12349, 5850, 0, 0, 0
12449, 9900, 0, 0, 0
12549, 9830, 0, 0, 0
12650, 8000, 0, 0, 0
12750, 9050, 0, 0, 0
12850, 9520, 0, 0, 0
12950, 9630, 0, 0, 0
13050, 5560, 0, 0, 0
13150, 9520, 0, 0, 0
13249, 9838, 0, 0, 0
13349, 6350, 0, 0, 0
13449, 9410, 0, 0, 0
13549, 9830, 0, 0, 0
13649, 9810, 0, 0, 0
13749, 8750, 0, 0, 0
13849, 7590, 0, 0, 0
13949, 7420, 0, 0, 0
14049, 9890, 0, 0, 0
14149, 9400, 0, 0, 0
14249, 10180, 0, 0, 0
14349, 7420, 0, 0, 0
14450, 9850, 0, 0, 0
14550, 8140, 0, 0, 0
14650, 9500, 0, 0, 0
14749, 9787, 0, 0, 0
14849, 9500, 0, 0, 0
14949, 9790, 0, 0, 0
15049, 9330, 0, 0, 0
15149, 9370, 0, 0, 0
15249, 9720, 0, 0, 0
15349, 9540, 0, 0, 0
15449, 4800, 0, 0, 0
15549, 9190, 0, 0, 0
15649, 9880, 0, 0, 0
15749, 9560, 0, 0, 0
15849, 9860, 0, 0, 0
15949, 6650, 0, 0, 0
16049, 8270, 0, 0, 0
16149, 6890, 0, 0, 0
16250, 5330, 0, 0, 0
16350, 8400, 0, 0, 0
16450, 9840, 0, 0, 0
16550, 8740, 0, 0, 0
16650, 8670, 0, 0, 0
16749, 9333, 0, 0, 0
16849, 6850, 0, 0, 0
16949, 9100, 0, 0, 0
17049, 6440, 0, 0, 0
17149, 9930, 0, 0, 0
17249, 9310, 0, 0, 0
17349, 6960, 0, 0, 0
17449, 7210, 0, 0, 0
17549, 9010, 0, 0, 0
17649, 9900, 0, 0, 0
17749, 9970, 0, 0, 0
17849, 9980, 0, 0, 0
17949, 9450, 0, 0, 0
18050, 9480, 0, 0, 0
18150, 9750, 0, 0, 0
18250, 9790, 0, 0, 0
18350, 9680, 0, 0, 0
18450, 8280, 0, 0, 0
18550, 9560, 0, 0, 0
18650, 8760, 0, 0, 0
18749, 6424, 0, 0, 0
18849, 8430, 0, 0, 0
18949, 9160, 0, 0, 0
19049, 6360, 0, 0, 0
19149, 7420, 0, 0, 0
19249, 7230, 0, 0, 0
19349, 3500, 0, 0, 0
19449, 9260, 0, 0, 0
19549, 9360, 0, 0, 0
19649, 9770, 0, 0, 0
19749, 9720, 0, 0, 0
19849, 9560, 0, 0, 0
19950, 9300, 0, 0, 0
20050, 10310, 0, 0, 0
20150, 10050, 0, 0, 0
20249, 10090, 0, 0, 0
20349, 9250, 0, 0, 0
20449, 8600, 0, 0, 0
20549, 8080, 0, 0, 0
20649, 9770, 0, 0, 0
20749, 9880, 0, 0, 0
20849, 6010, 0, 0, 0
20949, 7660, 0, 0, 0
21049, 9820, 0, 0, 0
21149, 8550, 0, 0, 0
21249, 4050, 0, 0, 0
21349, 7570, 0, 0, 0
21449, 6250, 0, 0, 0
21549, 9480, 0, 0, 0
21649, 5150, 0, 0, 0
21750, 5720, 0, 0, 0
21850, 8310, 0, 0, 0
21950, 6730, 0, 0, 0
22050, 9110, 0, 0, 0
22150, 8700, 0, 0, 0
22249, 9383, 0, 0, 0
22349, 10320, 0, 0, 0
22449, 9370, 0, 0, 0
22549, 9850, 0, 0, 0
22649, 7890, 0, 0, 0
22749, 6270, 0, 0, 0
22849, 9000, 0, 0, 0
22949, 6870, 0, 0, 0
23049, 6960, 0, 0, 0
23149, 9380, 0, 0, 0
23249, 9080, 0, 0, 0
23349, 6880, 0, 0, 0
23449, 8940, 0, 0, 0
23549, 10200, 0, 0, 0
23650, 9780, 0, 0, 0
23750, 8700, 0, 0, 0
23850, 9230, 0, 0, 0
23950, 8960, 0, 0, 0
24050, 9190, 0, 0, 0
24150, 9310, 0, 0, 0
24249, 9818, 0, 0, 0
24349, 9730, 0, 0, 0
24449, 9220, 0, 0, 0
24549, 8440, 0, 0, 0
24649, 7840, 0, 0, 0
24749, 9250, 0, 0, 0
24849, 8560, 0, 0, 0
24949, 9630, 0, 0, 0
25049, 9460, 0, 0, 0
25149, 6490, 0, 0, 0
25249, 9710, 0, 0, 0
25349, 8580, 0, 0, 0
25449, 7200, 0, 0, 0
25550, 9040, 0, 0, 0
25650, 6860, 0, 0, 0
25750, 9430, 0, 0, 0
25850, 9960, 0, 0, 0
25950, 8660, 0, 0, 0
26050, 9410, 0, 0, 0
26150, 6570, 0, 0, 0
26249, 5868, 0, 0, 0
26349, 8910, 0, 0, 0
26449, 7240, 0, 0, 0
26549, 9870, 0, 0, 0
26649, 8720, 0, 0, 0
26749, 7400, 0, 0, 0
26849, 8480, 0, 0, 0
26949, 7780, 0, 0, 0
27049, 7240, 0, 0, 0
27149, 8690, 0, 0, 0
27250, 9410, 0, 0, 0
27350, 9060, 0, 0, 0
27450, 10320, 0, 0, 0
27550, 9900, 0, 0, 0
27650, 9750, 0, 0, 0
27749, 9828, 0, 0, 0
27849, 9300, 0, 0, 0
27949, 10250, 0, 0, 0
28049, 9180, 0, 0, 0
28149, 9620, 0, 0, 0
28249, 9880, 0, 0, 0
28349, 9590, 0, 0, 0
28449, 6540, 0, 0, 0
28549, 9160, 0, 0, 0
28649, 9740, 0, 0, 0
28749, 9460, 0, 0, 0
28849, 10010, 0, 0, 0
28949, 9560, 0, 0, 0
29049, 9160, 0, 0, 0
29150, 8170, 0, 0, 0
29250, 9970, 0, 0, 0
29350, 9420, 0, 0, 0
29450, 9770, 0, 0, 0
29550, 9600, 0, 0, 0
29650, 9250, 0, 0, 0
29749, 8101, 0, 0, 0
29849, 9710, 0, 0, 0
29949, 8810, 0, 0, 0
30049, 9160, 0, 0, 0
30149, 7910, 0, 0, 0
30249, 6180, 0, 0, 0
30349, 5900, 0, 0, 0
30449, 8940, 0, 0, 0
30549, 9410, 0, 0, 0
30649, 9870, 0, 0, 0
30749, 7280, 0, 0, 0
30849, 9380, 0, 0, 0
30949, 9470, 0, 0, 0
31050, 8820, 0, 0, 0
31150, 3530, 0, 0, 0
31250, 9130, 0, 0, 0
31350, 10070, 0, 0, 0
31450, 9820, 0, 0, 0
31550, 9470, 0, 0, 0
31650, 9020, 0, 0, 0
31749, 9898, 0, 0, 0
31849, 9500, 0, 0, 0
31949, 9180, 0, 0, 0
32049, 8850, 0, 0, 0
32149, 9750, 0, 0, 0
32249, 8440, 0, 0, 0
32349, 5760, 0, 0, 0
32449, 9660, 0, 0, 0
32549, 9800, 0, 0, 0
32649, 9450, 0, 0, 0
32749, 9290, 0, 0, 0
32849, 8310, 0, 0, 0
32950, 8850, 0, 0, 0
33050, 8830, 0, 0, 0
33150, 8050, 0, 0, 0
33249, 9252, 0, 0, 0
33349, 7710, 0, 0, 0
33449, 8790, 0, 0, 0
33549, 10150, 0, 0, 0
33649, 9100, 0, 0, 0
33749, 8560, 0, 0, 0
33849, 8860, 0, 0, 0
33949, 9430, 0, 0, 0
34049, 9870, 0, 0, 0
34149, 9810, 0, 0, 0
34249, 9280, 0, 0, 0
34349, 9810, 0, 0, 0
34449, 9730, 0, 0, 0
34549, 9290, 0, 0, 0
34649, 9870, 0, 0, 0
34750, 9770, 0, 0, 0
34850, 8720, 0, 0, 0
34950, 8000, 0, 0, 0
35050, 9450, 0, 0, 0
35150, 9970, 0, 0, 0
35249, 10010, 0, 0, 0
35349, 9180, 0, 0, 0
35449, 9660, 0, 0, 0
35549, 9740, 0, 0, 0
35649, 8140, 0, 0, 0
35749, 9470, 0, 0, 0
35849, 9270, 0, 0, 0
35949, 6560, 0, 0, 0
36049, 6960, 0, 0, 0
36149, 8860, 0, 0, 0
36249, 9860, 0, 0, 0
36349, 9480, 0, 0, 0
36449, 9440, 0, 0, 0
36549, 9330, 0, 0, 0
36650, 9480, 0, 0, 0
36750, 9670, 0, 0, 0
36850, 8510, 0, 0, 0
36950, 8790, 0, 0, 0
37050, 6010, 0, 0, 0
37150, 9920, 0, 0, 0
37249, 9383, 0, 0, 0
37349, 10020, 0, 0, 0
37449, 6590, 0, 0, 0
37549, 9710, 0, 0, 0
37649, 9610, 0, 0, 0
37749, 7010, 0, 0, 0
37849, 9780, 0, 0, 0
37949, 9610, 0, 0, 0
38049, 9990, 0, 0, 0
38149, 8410, 0, 0, 0
38249, 7160, 0, 0, 0
38349, 5900, 0, 0, 0
38449, 4590, 0, 0, 0
38550, 8510, 0, 0, 0
38650, 7340, 0, 0, 0
38750, 7850, 0, 0, 0
38850, 9690, 0, 0, 0
38950, 8860, 0, 0, 0
39050, 10030, 0, 0, 0
39150, 8680, 0, 0, 0
39249, 9141, 0, 0, 0
39349, 9070, 0, 0, 0
39449, 8920, 0, 0, 0
39549, 9740, 0, 0, 0
39649, 8840, 0, 0, 0
39749, 5920, 0, 0, 0
39849, 9020, 0, 0, 0
39949, 5610, 0, 0, 0
40049, 9700, 0, 0, 0
40149, 9140, 0, 0, 0
40249, 7710, 0, 0, 0
40350, 9680, 0, 0, 0
40450, 7870, 0, 0, 0
40550, 8930, 0, 0, 0
40650, 9840, 0, 0, 0
40749, 9373, 0, 0, 0
40849, 9790, 0, 0, 0
40949, 7170, 0, 0, 0
41049, 9950, 0, 0, 0
41149, 9770, 0, 0, 0
41249, 9620, 0, 0, 0
41349, 8240, 0, 0, 0
41449, 5640, 0, 0, 0
41549, 5210, 0, 0, 0
41649, 6800, 0, 0, 0
41749, 8180, 0, 0, 0
41849, 5020, 0, 0, 0
41949, 5780, 0, 0, 0
42049, 5580, 0, 0, 0
42150, 6380, 0, 0, 0
42250, 7740, 0, 0, 0
42350, 9120, 0, 0, 0
42450, 8840, 0, 0, 0
42550, 9210, 0, 0, 0
42650, 9660, 0, 0, 0
42749, 9767, 0, 0, 0
42849, 9170, 0, 0, 0
42949, 10040, 0, 0, 0
43049, 8950, 0, 0, 0
43149, 8190, 0, 0, 0
43249, 9720, 0, 0, 0
43349, 9590, 0, 0, 0
43449, 9700, 0, 0, 0
43549, 9410, 0, 0, 0
43649, 9140, 0, 0, 0
43749, 10140, 0, 0, 0
43849, 9360, 0, 0, 0
43949, 9520, 0, 0, 0
44050, 6190, 0, 0, 0
44150, 9260, 0, 0, 0
44249, 9797, 0, 0, 0
44349, 9870, 0, 0, 0
44449, 8070, 0, 0, 0
44549, 7450, 0, 0, 0
44649, 9220, 0, 0, 0
44749, 6360, 0, 0, 0
44849, 8560, 0, 0, 0
44949, 7940, 0, 0, 0
45049, 8310, 0, 0, 0
45149, 9250, 0, 0, 0
45249, 9710, 0, 0, 0
45349, 9870, 0, 0, 0
45449, 7480, 0, 0, 0
45549, 7110, 0, 0, 0
45649, 9410, 0, 0, 0
45750, 9510, 0, 0, 0
45850, 9460, 0, 0, 0
45950, 9650, 0, 0, 0
46050, 6480, 0, 0, 0
46150, 8500, 0, 0, 0
46249, 9404, 0, 0, 0
46349, 9110, 0, 0, 0
46449, 8750, 0, 0, 0
46549, 9700, 0, 0, 0
46649, 5290, 0, 0, 0
46749, 5730, 0, 0, 0
46849, 9620, 0, 0, 0
46949, 6120, 0, 0, 0
47049, 7600, 0, 0, 0
47149, 8050, 0, 0, 0
47249, 9600, 0, 0, 0
47349, 5610, 0, 0, 0
47449, 9310, 0, 0, 0
47550, 8970, 0, 0, 0
47650, 9750, 0, 0, 0
47750, 8820, 0, 0, 0
47850, 8450, 0, 0, 0
47950, 9140, 0, 0, 0
48050, 9480, 0, 0, 0
48150, 9670, 0, 0, 0
48249, 9242, 0, 0, 0
48349, 9110, 0, 0, 0
48449, 9250, 0, 0, 0
48549, 9550, 0, 0, 0
48649, 9710, 0, 0, 0
48749, 8450, 0, 0, 0
48849, 9870, 0, 0, 0
48949, 9380, 0, 0, 0
49049, 9810, 0, 0, 0
49149, 7940, 0, 0, 0
49250, 8840, 0, 0, 0
49350, 9800, 0, 0, 0
49450, 9730, 0, 0, 0
49550, 9290, 0, 0, 0
49650, 8700, 0, 0, 0
49749, 9000, 0, 0, 0
49849, 9620, 0, 0, 0
49949, 9860, 0, 0, 0
50049, 7630, 0, 0, 0
50149, 9540, 0, 0, 0
50249, 9240, 0, 0, 0
50349, 9530, 0, 0, 0
50449, 9770, 0, 0, 0
50549, 9630, 0, 0, 0
50649, 9430, 0, 0, 0
50749, 9330, 0, 0, 0
50849, 9470, 0, 0, 0
50949, 9660, 0, 0, 0
51050, 10030, 0, 0, 0
51150, 10230, 0, 0, 0
51250, 9310, 0, 0, 0
51350, 3500, 0, 0, 0
51450, 7730, 0, 0, 0
51550, 9860, 0, 0, 0
51650, 9370, 0, 0, 0
51749, 9595, 0, 0, 0
51849, 8000, 0, 0, 0
51949, 7950, 0, 0, 0
52049, 8020, 0, 0, 0
52149, 9450, 0, 0, 0
52249, 9370, 0, 0, 0
52349, 7690, 0, 0, 0
52449, 8520, 0, 0, 0
52549, 8780, 0, 0, 0
52649, 6540, 0, 0, 0
52749, 9040, 0, 0, 0
52850, 9530, 0, 0, 0
52950, 9540, 0, 0, 0
53050, 9640, 0, 0, 0
53150, 8130, 0, 0, 0
53249, 7202, 0, 0, 0
53349, 9960, 0, 0, 0
53449, 9760, 0, 0, 0
53549, 10120, 0, 0, 0
53649, 9620, 0, 0, 0
53749, 10150, 0, 0, 0
53849, 9150, 0, 0, 0
53949, 9120, 0, 0, 0
54049, 9750, 0, 0, 0
54149, 9390, 0, 0, 0
54249, 8120, 0, 0, 0
54349, 6830, 0, 0, 0
54449, 8450, 0, 0, 0
54549, 9590, 0, 0, 0
54649, 9120, 0, 0, 0
54750, 8870, 0, 0, 0
54850, 8040, 0, 0, 0
54950, 9420, 0, 0, 0
55050, 8870, 0, 0, 0
55150, 9460, 0, 0, 0
55249, 9353, 0, 0, 0
55349, 9960, 0, 0, 0
55449, 10020, 0, 0, 0
55549, 9860, 0, 0, 0
55649, 8540, 0, 0, 0
55749, 10110, 0, 0, 0
55849, 9790, 0, 0, 0
55949, 6950, 0, 0, 0
56049, 8520, 0, 0, 0
56149, 9190, 0, 0, 0
56249, 5360, 0, 0, 0
56349, 7750, 0, 0, 0
56449, 8810, 0, 0, 0
56550, 9150, 0, 0, 0
56650, 6160, 0, 0, 0
56749, 7565, 0, 0, 0
56849, 6850, 0, 0, 0
56949, 9610, 0, 0, 0
57049, 9590, 0, 0, 0
57149, 10160, 0, 0, 0
57249, 9640, 0, 0, 0
57349, 9430, 0, 0, 0
57449, 6350, 0, 0, 0
57549, 10300, 0, 0, 0
57649, 9660, 0, 0, 0
57749, 9020, 0, 0, 0
57849, 7560, 0, 0, 0
57949, 8410, 0, 0, 0
58049, 9870, 0, 0, 0
58149, 9670, 0, 0, 0
58249, 9730, 0, 0, 0
58349, 9610, 0, 0, 0
58450, 6640, 0, 0, 0
58550, 8910, 0, 0, 0
58650, 9880, 0, 0, 0
58749, 9151, 0, 0, 0
58849, 9920, 0, 0, 0
58949, 9960, 0, 0, 0
59049, 10010, 0, 0, 0
59149, 9190, 0, 0, 0
59249, 9400, 0, 0, 0
59349, 10240, 0, 0, 0
59449, 9290, 0, 0, 0
59549, 9890, 0, 0, 0
59649, 7810, 0, 0, 0
59749, 9110, 0, 0, 0
59849, 5800, 0, 0, 0
59949, 9150, 0, 0, 0
60049, 9380, 0, 0, 0
60149, 10010, 0, 0, 0
60250, 5420, 0, 0, 0
60350, 7440, 0, 0, 0
60450, 9030, 0, 0, 0
60550, 9550, 0, 0, 0
60650, 7610, 0, 0, 0
60749, 9535, 0, 0, 0
60849, 6810, 0, 0, 0
60949, 6970, 0, 0, 0
61049, 6000, 0, 0, 0
61149, 7120, 0, 0, 0
61249, 9610, 0, 0, 0
61349, 8520, 0, 0, 0
61449, 6480, 0, 0, 0
61549, 9610, 0, 0, 0
61649, 9610, 0, 0, 0
61749, 9420, 0, 0, 0
61849, 9010, 0, 0, 0
61949, 4680, 0, 0, 0
62050, 7660, 0, 0, 0
62150, 6380, 0, 0, 0
62250, 10110, 0, 0, 0
62350, 8720, 0, 0, 0
62450, 9660, 0, 0, 0
62550, 9800, 0, 0, 0
62650, 8230, 0, 0, 0
62749, 8777, 0, 0, 0
62849, 9890, 0, 0, 0
62949, 9920, 0, 0, 0
63049, 9240, 0, 0, 0
63149, 9950, 0, 0, 0
63249, 8450, 0, 0, 0
63349, 6840, 0, 0, 0
63449, 9070, 0, 0, 0
63549, 8630, 0, 0, 0
63649, 8200, 0, 0, 0
63749, 9790, 0, 0, 0
63850, 7680, 0, 0, 0
63950, 9470, 0, 0, 0
64050, 9730, 0, 0, 0
64150, 9440, 0, 0, 0
64249, 9040, 0, 0, 0
64349, 8510, 0, 0, 0
64449, 8140, 0, 0, 0
64549, 8340, 0, 0, 0
64649, 8330, 0, 0, 0
64749, 9730, 0, 0, 0
64849, 9580, 0, 0, 0
64949, 9630, 0, 0, 0
65049, 9850, 0, 0, 0
65149, 9030, 0, 0, 0
65249, 6540, 0, 0, 0
65349, 9570, 0, 0, 0
65449, 6280, 0, 0, 0
65549, 7250, 0, 0, 0
65650, 9900, 0, 0, 0
65750, 9250, 0, 0, 0
65850, 9880, 0, 0, 0
65950, 9380, 0, 0, 0
66050, 9320, 0, 0, 0
66150, 9090, 0, 0, 0
66249, 9323, 0, 0, 0
66349, 9450, 0, 0, 0
66449, 10080, 0, 0, 0
66549, 6810, 0, 0, 0
66649, 9420, 0, 0, 0
66749, 9860, 0, 0, 0
66849, 7560, 0, 0, 0
66949, 5040, 0, 0, 0
67049, 4080, 0, 0, 0
67149, 3360, 0, 0, 0
67249, 8680, 0, 0, 0
67349, 6800, 0, 0, 0
67449, 9760, 0, 0, 0
67550, 7700, 0, 0, 0
67650, 3480, 0, 0, 0
67749, 8737, 0, 0, 0
67849, 9410, 0, 0, 0
67949, 10020, 0, 0, 0
68049, 9690, 0, 0, 0
68149, 8130, 0, 0, 0
68249, 9710, 0, 0, 0
68349, 9290, 0, 0, 0
68449, 8280, 0, 0, 0
68549, 7210, 0, 0, 0
68649, 7840, 0, 0, 0
68749, 7380, 0, 0, 0
68849, 9700, 0, 0, 0
68949, 4570, 0, 0, 0
69049, 5150, 0, 0, 0
69149, 9330, 0, 0, 0
69250, 10020, 0, 0, 0
69350, 9470, 0, 0, 0
69450, 10310, 0, 0, 0
69550, 9290, 0, 0, 0
69650, 9960, 0, 0, 0
69749, 9050, 0, 0, 0
69849, 8610, 0, 0, 0
69949, 9180, 0, 0, 0
70049, 9540, 0, 0, 0
70149, 9910, 0, 0, 0
70249, 9370, 0, 0, 0
70349, 8360, 0, 0, 0
70449, 6750, 0, 0, 0
70549, 9600, 0, 0, 0
70649, 9320, 0, 0, 0
70749, 9700, 0, 0, 0
70849, 9780, 0, 0, 0
70949, 9650, 0, 0, 0
71050, 7430, 0, 0, 0
71150, 8980, 0, 0, 0
71250, 9320, 0, 0, 0
71350, 8150, 0, 0, 0
71450, 7840, 0, 0, 0
71550, 9400, 0, 0, 0
71650, 8960, 0, 0, 0
71749, 10121, 0, 0, 0
71849, 9590, 0, 0, 0
71949, 9170, 0, 0, 0
72049, 7030, 0, 0, 0
72149, 5400, 0, 0, 0
72249, 9150, 0, 0, 0
72349, 9120, 0, 0, 0
72449, 9320, 0, 0, 0
72549, 9430, 0, 0, 0
72649, 9770, 0, 0, 0
72749, 9900, 0, 0, 0
72850, 6000, 0, 0, 0
72950, 7280, 0, 0, 0
73050, 7840, 0, 0, 0
73150, 9550, 0, 0, 0
73249, 9505, 0, 0, 0
73349, 8930, 0, 0, 0
73449, 9620, 0, 0, 0
73549, 9700, 0, 0, 0
73649, 9610, 0, 0, 0
73749, 9650, 0, 0, 0
73849, 9310, 0, 0, 0
73949, 8920, 0, 0, 0
74049, 8580, 0, 0, 0
74149, 6330, 0, 0, 0
74249, 9270, 0, 0, 0
74349, 9180, 0, 0, 0
74449, 9110, 0, 0, 0
74549, 7810, 0, 0, 0
74650, 7520, 0, 0, 0
74750, 9570, 0, 0, 0
74850, 9470, 0, 0, 0
74950, 9320, 0, 0, 0
75050, 9900, 0, 0, 0
75150, 9690, 0, 0, 0
75249, 9090, 0, 0, 0
75349, 9330, 0, 0, 0
75449, 9560, 0, 0, 0
75549, 9490, 0, 0, 0
75649, 9530, 0, 0, 0
75749, 7340, 0, 0, 0
75849, 9790, 0, 0, 0
75949, 9670, 0, 0, 0
76049, 9840, 0, 0, 0
76149, 8570, 0, 0, 0
76249, 9590, 0, 0, 0
76349, 7830, 0, 0, 0
76450, 8660, 0, 0, 0
76550, 6800, 0, 0, 0
76650, 9620, 0, 0, 0
76749, 9888, 0, 0, 0
76849, 9580, 0, 0, 0
76949, 6690, 0, 0, 0
77049, 8370, 0, 0, 0
77149, 7320, 0, 0, 0
77249, 8020, 0, 0, 0
77349, 9290, 0, 0, 0
77449, 6810, 0, 0, 0
77549, 6720, 0, 0, 0
77649, 9260, 0, 0, 0
77749, 9150, 0, 0, 0
77849, 6970, 0, 0, 0
77949, 9160, 0, 0, 0
78049, 9990, 0, 0, 0
78149, 6130, 0, 0, 0
78250, 7660, 0, 0, 0
78350, 9710, 0, 0, 0
78450, 9760, 0, 0, 0
78550, 7980, 0, 0, 0
78650, 9690, 0, 0, 0
78749, 9525, 0, 0, 0
78849, 6780, 0, 0, 0
78949, 10030, 0, 0, 0
79049, 9930, 0, 0, 0
79149, 9860, 0, 0, 0
79249, 10050, 0, 0, 0
79349, 8770, 0, 0, 0
79449, 9880, 0, 0, 0
79549, 9350, 0, 0, 0
79649, 9770, 0, 0, 0
79749, 8510, 0, 0, 0
79849, 9290, 0, 0, 0
79949, 6200, 0, 0, 0
80050, 4320, 0, 0, 0
80150, 5380, 0, 0, 0
80249, 9252, 0, 0, 0
80349, 9390, 0, 0, 0
80449, 9930, 0, 0, 0
80549, 7730, 0, 0, 0
80649, 6930, 0, 0, 0
80749, 10220, 0, 0, 0
80849, 9420, 0, 0, 0
80949, 9370, 0, 0, 0
81049, 8980, 0, 0, 0
81149, 8470, 0, 0, 0
81249, 10230, 0, 0, 0
81349, 9780, 0, 0, 0
81449, 9620, 0, 0, 0
81549, 8140, 0, 0, 0
81649, 7030, 0, 0, 0
81750, 9140, 0, 0, 0
81850, 9790, 0, 0, 0
81950, 10050, 0, 0, 0
82050, 9490, 0, 0, 0
82150, 7890, 0, 0, 0
82249, 8919, 0, 0, 0
82349, 6920, 0, 0, 0
82449, 6070, 0, 0, 0
82549, 9960, 0, 0, 0
82649, 10300, 0, 0, 0
82749, 9590, 0, 0, 0
82849, 5890, 0, 0, 0
82949, 8540, 0, 0, 0
83049, 9410, 0, 0, 0
83149, 9380, 0, 0, 0
83249, 8890, 0, 0, 0
83349, 5670, 0, 0, 0
83449, 5520, 0, 0, 0
83550, 10150, 0, 0, 0
83650, 9840, 0, 0, 0
83750, 9840, 0, 0, 0
83850, 9930, 0, 0, 0
83950, 7680, 0, 0, 0
84050, 8840, 0, 0, 0
84150, 9890, 0, 0, 0
84249, 9363, 0, 0, 0
84349, 9790, 0, 0, 0
84449, 7120, 0, 0, 0
84549, 5930, 0, 0, 0
84649, 7280, 0, 0, 0
84749, 9210, 0, 0, 0
84849, 8950, 0, 0, 0
84949, 7280, 0, 0, 0
85049, 10000, 0, 0, 0
85149, 9790, 0, 0, 0
85249, 8390, 0, 0, 0
85349, 9430, 0, 0, 0
85450, 7340, 0, 0, 0
85550, 8380, 0, 0, 0
85650, 7280, 0, 0, 0
85749, 7333, 0, 0, 0
85849, 9300, 0, 0, 0
85949, 9830, 0, 0, 0
86049, 9970, 0, 0, 0
86149, 9930, 0, 0, 0
86249, 9770, 0, 0, 0
86349, 6020, 0, 0, 0
86449, 7200, 0, 0, 0
86549, 9550, 0, 0, 0
86649, 8830, 0, 0, 0
86749, 9260, 0, 0, 0
86849, 9490, 0, 0, 0
86949, 7320, 0, 0, 0
87049, 9140, 0, 0, 0
87149, 9340, 0, 0, 0
87250, 7480, 0, 0, 0
87350, 9710, 0, 0, 0
87450, 8830, 0, 0, 0
87550, 9350, 0, 0, 0
87650, 9450, 0, 0, 0
87749, 9818, 0, 0, 0
87849, 7760, 0, 0, 0
87949, 9720, 0, 0, 0
88049, 9290, 0, 0, 0
88149, 9640, 0, 0, 0
88249, 4210, 0, 0, 0
88349, 8540, 0, 0, 0
88449, 9330, 0, 0, 0
88549, 9590, 0, 0, 0
88649, 9140, 0, 0, 0
88749, 5680, 0, 0, 0
88849, 8110, 0, 0, 0
88949, 9750, 0, 0, 0
89050, 6670, 0, 0, 0
89150, 9450, 0, 0, 0
89249, 5767, 0, 0, 0
89349, 9550, 0, 0, 0
89449, 6040, 0, 0, 0
89549, 9450, 0, 0, 0
89649, 9670, 0, 0, 0
89749, 9670, 0, 0, 0
89849, 9810, 0, 0, 0
89949, 9780, 0, 0, 0
