100, 2829, 0, 0, 0
200, 2953, 0, 0, 0
300, 2429, 0, 0, 0
400, 2972, 0, 0, 0
500, 3091, 0, 0, 0
600, 3412, 0, 0, 0
700, 3119, 0, 0, 0
800, 3205, 0, 0, 0
900, 3467, 0, 0, 0
1000, 3514, 0, 0, 0
1100, 3117, 0, 0, 0
1200, 2900, 0, 0, 0
1300, 3295, 0, 0, 0
1400, 3273, 0, 0, 0
1500, 3227, 0, 0, 0
1600, 4559, 0, 0, 0
1700, 3141, 0, 0, 0
1800, 3007, 0, 0, 0
1900, 3102, 0, 0, 0
2000, 2937, 0, 0, 0
2100, 2936, 0, 0, 0
2200, 3037, 0, 0, 0
2300, 3027, 0, 0, 0
2400, 3156, 0, 0, 0
2500, 3180, 0, 0, 0
2600, 3252, 0, 0, 0
2700, 3191, 0, 0, 0
2800, 3122, 0, 0, 0
2900, 3268, 0, 0, 0
3000, 3384, 0, 0, 0
3100, 4026, 0, 0, 0
3200, 3746, 0, 0, 0
3300, 3662, 0, 0, 0
3400, 3130, 0, 0, 0
3500, 2878, 0, 0, 0
3600, 3441, 0, 0, 0
3700, 3753, 0, 0, 0
3800, 4235, 0, 0, 0
3900, 3770, 0, 0, 0
4000, 3389, 0, 0, 0
4100, 3407, 0, 0, 0
4200, 3440, 0, 0, 0
4300, 2964, 0, 0, 0
4400, 3442, 0, 0, 0
4500, 4228, 0, 0, 0
4600, 4536, 0, 0, 0
4700, 4223, 0, 0, 0
4800, 4398, 0, 0, 0
4900, 4197, 0, 0, 0
5000, 3419, 0, 0, 0
5100, 3595, 0, 0, 0
5200, 3692, 0, 0, 0
5300, 4307, 0, 0, 0
5400, 3372, 0, 0, 0
5500, 4121, 0, 0, 0
5600, 3378, 0, 0, 0
5700, 2612, 0, 0, 0
5800, 3122, 0, 0, 0
5900, 3411, 0, 0, 0
6000, 2553, 0, 0, 0
6100, 3991, 0, 0, 0
6200, 4568, 0, 0, 0
6300, 4032, 0, 0, 0
6400, 3059, 0, 0, 0
6500, 3454, 0, 0, 0
6600, 3828, 0, 0, 0
6700, 3605, 0, 0, 0
6800, 3855, 0, 0, 0
6900, 2615, 0, 0, 0
7000, 2615, 0, 0, 0
7100, 3010, 0, 0, 0
7200, 2682, 0, 0, 0
7300, 3106, 0, 0, 0
7400, 2535, 0, 0, 0
7500, 3014, 0, 0, 0
7600, 3328, 0, 0, 0
7700, 3103, 0, 0, 0
7800, 3973, 0, 0, 0
7900, 3052, 0, 0, 0
8000, 3037, 0, 0, 0
8100, 3070, 0, 0, 0
8200, 2356, 0, 0, 0
8300, 3147, 0, 0, 0
8400, 3039, 0, 0, 0
8500, 2575, 0, 0, 0
8600, 2436, 0, 0, 0
8700, 2211, 0, 0, 0
8800, 2376, 0, 0, 0
8900, 2581, 0, 0, 0
9000, 2759, 0, 0, 0
9100, 2823, 0, 0, 0
9200, 3011, 0, 0, 0
9300, 2891, 0, 0, 0
9400, 3025, 0, 0, 0
9500, 2972, 0, 0, 0
9600, 2640, 0, 0, 0
9700, 2991, 0, 0, 0
9800, 3009, 0, 0, 0
9900, 2858, 0, 0, 0
10000, 3490, 0, 0, 0
10100, 2735, 0, 0, 0
10200, 3404, 0, 0, 0
10300, 3948, 0, 0, 0
10400, 3113, 0, 0, 0
10500, 2963, 0, 0, 0
10600, 2990, 0, 0, 0
10700, 3656, 0, 0, 0
10800, 2825, 0, 0, 0
10900, 2991, 0, 0, 0
11000, 3520, 0, 0, 0
11100, 3110, 0, 0, 0
11200, 2637, 0, 0, 0
11300, 2809, 0, 0, 0
11400, 2836, 0, 0, 0
11500, 2871, 0, 0, 0
11600, 3029, 0, 0, 0
11700, 3351, 0, 0, 0
11800, 3769, 0, 0, 0
11900, 3610, 0, 0, 0
12000, 2879, 0, 0, 0
12100, 2430, 0, 0, 0
12200, 3235, 0, 0, 0
12300, 3737, 0, 0, 0
12400, 3214, 0, 0, 0
12500, 2886, 0, 0, 0
12600, 2518, 0, 0, 0
12700, 2964, 0, 0, 0
12800, 3089, 0, 0, 0
12900, 3044, 0, 0, 0
13000, 2850, 0, 0, 0
13100, 2683, 0, 0, 0
13200, 2968, 0, 0, 0
13300, 3040, 0, 0, 0
13400, 2985, 0, 0, 0
13500, 2804, 0, 0, 0
13600, 3176, 0, 0, 0
13700, 3124, 0, 0, 0
13800, 3613, 0, 0, 0
13900, 3694, 0, 0, 0
14000, 4585, 0, 0, 0
14100, 3981, 0, 0, 0
14200, 4233, 0, 0, 0
14300, 4247, 0, 0, 0
14400, 3658, 0, 0, 0
14500, 3878, 0, 0, 0
14600, 4070, 0, 0, 0
14700, 4166, 0, 0, 0
14800, 4617, 0, 0, 0
14900, 3918, 0, 0, 0
15000, 3355, 0, 0, 0
15100, 3676, 0, 0, 0
15200, 2941, 0, 0, 0
15300, 4216, 0, 0, 0
15400, 4697, 0, 0, 0
15500, 4208, 0, 0, 0
15600, 3719, 0, 0, 0
15700, 3735, 0, 0, 0
15800, 3777, 0, 0, 0
15900, 3867, 0, 0, 0
16000, 3966, 0, 0, 0
16100, 4559, 0, 0, 0
16200, 3703, 0, 0, 0
16300, 3135, 0, 0, 0
16400, 3173, 0, 0, 0
16500, 3048, 0, 0, 0
16600, 2998, 0, 0, 0
16700, 3242, 0, 0, 0
16800, 3223, 0, 0, 0
16900, 3907, 0, 0, 0
17000, 4001, 0, 0, 0
17100, 3057, 0, 0, 0
17200, 3294, 0, 0, 0
17300, 3640, 0, 0, 0
17400, 2964, 0, 0, 0
17500, 3421, 0, 0, 0
17600, 3175, 0, 0, 0
17700, 2974, 0, 0, 0
17800, 2986, 0, 0, 0
17900, 2877, 0, 0, 0
18000, 3105, 0, 0, 0
18100, 3081, 0, 0, 0
18200, 3768, 0, 0, 0
18300, 3736, 0, 0, 0
18400, 3432, 0, 0, 0
18500, 3287, 0, 0, 0
18600, 3456, 0, 0, 0
18700, 3368, 0, 0, 0
18800, 3097, 0, 0, 0
18900, 2969, 0, 0, 0
19000, 3319, 0, 0, 0
19100, 3882, 0, 0, 0
19200, 3506, 0, 0, 0
19300, 3603, 0, 0, 0
19400, 2982, 0, 0, 0
19500, 3196, 0, 0, 0
19600, 3302, 0, 0, 0
19700, 3053, 0, 0, 0
19800, 2906, 0, 0, 0
19900, 3297, 0, 0, 0
20000, 2884, 0, 0, 0
20100, 3337, 0, 0, 0
20200, 3845, 0, 0, 0
20300, 2702, 0, 0, 0
20400, 3419, 0, 0, 0
20500, 3015, 0, 0, 0
20600, 2918, 0, 0, 0
20700, 3123, 0, 0, 0
20800, 2844, 0, 0, 0
20900, 3076, 0, 0, 0
21000, 2923, 0, 0, 0
21100, 2842, 0, 0, 0
21200, 3222, 0, 0, 0
21300, 2981, 0, 0, 0
21400, 2882, 0, 0, 0
21500, 3357, 0, 0, 0
21600, 3532, 0, 0, 0
21700, 2958, 0, 0, 0
21800, 3242, 0, 0, 0
21900, 3375, 0, 0, 0
22000, 3452, 0, 0, 0
22100, 3413, 0, 0, 0
22200, 3810, 0, 0, 0
22300, 2646, 0, 0, 0
22400, 2795, 0, 0, 0
22500, 2905, 0, 0, 0
22600, 3374, 0, 0, 0
22700, 3684, 0, 0, 0
22800, 3370, 0, 0, 0
22900, 3158, 0, 0, 0
23000, 3039, 0, 0, 0
23100, 2740, 0, 0, 0
23200, 3357, 0, 0, 0
23300, 3266, 0, 0, 0
23400, 2953, 0, 0, 0
23500, 3255, 0, 0, 0
23600, 3987, 0, 0, 0
23700, 3822, 0, 0, 0
23800, 2961, 0, 0, 0
23900, 3077, 0, 0, 0
24000, 2522, 0, 0, 0
24100, 2741, 0, 0, 0
24200, 2887, 0, 0, 0
24300, 2643, 0, 0, 0
24400, 3323, 0, 0, 0
24500, 3334, 0, 0, 0
24600, 2817, 0, 0, 0
24700, 3323, 0, 0, 0
24800, 3071, 0, 0, 0
24900, 3560, 0, 0, 0
25000, 3050, 0, 0, 0
25100, 3315, 0, 0, 0
25200, 2835, 0, 0, 0
25300, 2641, 0, 0, 0
25400, 2966, 0, 0, 0
25500, 3432, 0, 0, 0
25600, 2900, 0, 0, 0
25700, 3270, 0, 0, 0
25800, 3024, 0, 0, 0
25900, 2593, 0, 0, 0
26000, 2670, 0, 0, 0
26100, 2663, 0, 0, 0
26200, 3182, 0, 0, 0
26300, 3193, 0, 0, 0
26400, 3053, 0, 0, 0
26500, 3207, 0, 0, 0
26600, 3202, 0, 0, 0
26700, 3791, 0, 0, 0
26800, 3205, 0, 0, 0
26900, 3600, 0, 0, 0
27000, 3579, 0, 0, 0
27100, 3592, 0, 0, 0
27200, 3363, 0, 0, 0
27300, 3574, 0, 0, 0
27400, 3989, 0, 0, 0
27500, 3818, 0, 0, 0
27600, 3782, 0, 0, 0
27700, 3415, 0, 0, 0
27800, 3040, 0, 0, 0
27900, 3123, 0, 0, 0
28000, 3069, 0, 0, 0
28100, 3672, 0, 0, 0
28200, 3207, 0, 0, 0
28300, 2818, 0, 0, 0
28400, 2535, 0, 0, 0
28500, 2811, 0, 0, 0
28600, 2875, 0, 0, 0
28700, 3058, 0, 0, 0
28800, 2758, 0, 0, 0
28900, 3053, 0, 0, 0
29000, 3578, 0, 0, 0
29100, 3520, 0, 0, 0
29200, 4381, 0, 0, 0
29300, 4607, 0, 0, 0
29400, 4282, 0, 0, 0
29500, 3870, 0, 0, 0
29600, 3586, 0, 0, 0
29700, 2729, 0, 0, 0
29800, 3052, 0, 0, 0
29900, 2962, 0, 0, 0
30000, 3210, 0, 0, 0
30100, 2597, 0, 0, 0
30200, 2503, 0, 0, 0
30300, 2986, 0, 0, 0
30400, 3690, 0, 0, 0
30500, 4181, 0, 0, 0
30600, 3694, 0, 0, 0
30700, 2802, 0, 0, 0
30800, 3410, 0, 0, 0
30900, 3361, 0, 0, 0
31000, 3020, 0, 0, 0
31100, 3078, 0, 0, 0
31200, 2954, 0, 0, 0
31300, 3693, 0, 0, 0
31400, 3332, 0, 0, 0
31500, 3531, 0, 0, 0
31600, 3202, 0, 0, 0
31700, 3295, 0, 0, 0
31800, 3608, 0, 0, 0
31900, 2991, 0, 0, 0
32000, 2954, 0, 0, 0
32100, 2755, 0, 0, 0
32200, 2938, 0, 0, 0
32300, 2906, 0, 0, 0
32400, 2839, 0, 0, 0
32500, 2715, 0, 0, 0
32600, 3128, 0, 0, 0
32700, 3235, 0, 0, 0
32800, 3109, 0, 0, 0
32900, 3021, 0, 0, 0
33000, 2765, 0, 0, 0
33100, 3375, 0, 0, 0
33200, 3002, 0, 0, 0
33300, 3045, 0, 0, 0
33400, 3769, 0, 0, 0
33500, 4163, 0, 0, 0
33600, 3665, 0, 0, 0
33700, 3194, 0, 0, 0
33800, 3604, 0, 0, 0
33900, 3558, 0, 0, 0
34000, 3223, 0, 0, 0
34100, 3012, 0, 0, 0
34200, 3298, 0, 0, 0
34300, 3852, 0, 0, 0
34400, 3490, 0, 0, 0
34500, 3532, 0, 0, 0
34600, 3450, 0, 0, 0
34700, 3133, 0, 0, 0
34800, 2991, 0, 0, 0
34900, 3415, 0, 0, 0
35000, 3620, 0, 0, 0
35100, 3124, 0, 0, 0
35200, 3331, 0, 0, 0
35300, 3265, 0, 0, 0
35400, 2959, 0, 0, 0
35500, 2971, 0, 0, 0
35600, 3111, 0, 0, 0
35700, 2690, 0, 0, 0
35800, 3298, 0, 0, 0
35900, 3804, 0, 0, 0
36000, 3565, 0, 0, 0
36100, 3209, 0, 0, 0
36200, 3711, 0, 0, 0
36300, 3480, 0, 0, 0
36400, 3146, 0, 0, 0
36500, 3039, 0, 0, 0
36600, 3114, 0, 0, 0
36700, 3431, 0, 0, 0
36800, 3193, 0, 0, 0
36900, 2915, 0, 0, 0
37000, 3303, 0, 0, 0
37100, 3913, 0, 0, 0
37200, 4325, 0, 0, 0
37300, 2935, 0, 0, 0
37400, 3136, 0, 0, 0
37500, 3059, 0, 0, 0
37600, 3543, 0, 0, 0
37700, 3199, 0, 0, 0
37800, 2778, 0, 0, 0
37900, 3017, 0, 0, 0
38000, 2983, 0, 0, 0
38100, 3491, 0, 0, 0
38200, 3103, 0, 0, 0
38300, 3191, 0, 0, 0
38400, 2901, 0, 0, 0
38500, 2813, 0, 0, 0
38600, 2940, 0, 0, 0
38700, 2854, 0, 0, 0
38800, 2773, 0, 0, 0
38900, 3669, 0, 0, 0
39000, 2989, 0, 0, 0
39100, 2641, 0, 0, 0
39200, 2511, 0, 0, 0
39300, 2648, 0, 0, 0
39400, 3240, 0, 0, 0
39500, 3219, 0, 0, 0
39600, 3208, 0, 0, 0
39700, 3353, 0, 0, 0
39800, 2579, 0, 0, 0
39900, 2817, 0, 0, 0
40000, 2599, 0, 0, 0
40100, 3820, 0, 0, 0
40200, 4537, 0, 0, 0
40300, 3675, 0, 0, 0
40400, 3924, 0, 0, 0
40500, 4789, 0, 0, 0
40600, 3001, 0, 0, 0
40700, 3461, 0, 0, 0
40800, 3275, 0, 0, 0
40900, 3468, 0, 0, 0
41000, 3411, 0, 0, 0
41100, 3189, 0, 0, 0
41200, 3202, 0, 0, 0
41300, 3329, 0, 0, 0
41400, 2846, 0, 0, 0
41500, 2677, 0, 0, 0
41600, 3350, 0, 0, 0
41700, 3081, 0, 0, 0
41800, 2771, 0, 0, 0
41900, 2867, 0, 0, 0
42000, 2644, 0, 0, 0
42100, 3244, 0, 0, 0
42200, 2633, 0, 0, 0
42300, 2846, 0, 0, 0
42400, 2936, 0, 0, 0
42500, 3188, 0, 0, 0
42600, 2735, 0, 0, 0
42700, 3288, 0, 0, 0
42800, 3366, 0, 0, 0
42900, 3502, 0, 0, 0
43000, 3105, 0, 0, 0
43100, 2995, 0, 0, 0
43200, 3402, 0, 0, 0
43300, 2791, 0, 0, 0
43400, 2698, 0, 0, 0
43500, 3147, 0, 0, 0
43600, 2915, 0, 0, 0
43700, 2651, 0, 0, 0
43800, 2713, 0, 0, 0
43900, 3296, 0, 0, 0
44000, 3158, 0, 0, 0
44100, 3289, 0, 0, 0
44200, 3114, 0, 0, 0
44300, 3465, 0, 0, 0
44400, 3379, 0, 0, 0
44500, 3024, 0, 0, 0
44600, 3022, 0, 0, 0
44700, 3182, 0, 0, 0
44800, 3249, 0, 0, 0
44900, 3024, 0, 0, 0
45000, 3054, 0, 0, 0
45100, 3431, 0, 0, 0
45200, 3203, 0, 0, 0
45300, 3136, 0, 0, 0
45400, 3057, 0, 0, 0
45500, 3653, 0, 0, 0
45600, 4463, 0, 0, 0
45700, 3388, 0, 0, 0
45800, 3500, 0, 0, 0
45900, 3383, 0, 0, 0
46000, 3388, 0, 0, 0
46100, 3278, 0, 0, 0
46200, 3299, 0, 0, 0
46300, 4091, 0, 0, 0
46400, 4057, 0, 0, 0
46500, 4119, 0, 0, 0
46600, 3207, 0, 0, 0
46700, 3075, 0, 0, 0
46800, 3330, 0, 0, 0
46900, 2953, 0, 0, 0
47000, 3663, 0, 0, 0
47100, 3724, 0, 0, 0
47200, 3970, 0, 0, 0
47300, 3871, 0, 0, 0
47400, 3771, 0, 0, 0
47500, 3290, 0, 0, 0
47600, 3290, 0, 0, 0
47700, 3215, 0, 0, 0
47800, 3196, 0, 0, 0
47900, 3108, 0, 0, 0
48000, 3409, 0, 0, 0
48100, 4150, 0, 0, 0
48200, 4090, 0, 0, 0
48300, 3096, 0, 0, 0
48400, 3606, 0, 0, 0
48500, 3161, 0, 0, 0
48600, 3673, 0, 0, 0
48700, 2716, 0, 0, 0
48800, 3018, 0, 0, 0
48900, 2859, 0, 0, 0
49000, 3152, 0, 0, 0
49100, 3003, 0, 0, 0
49200, 2785, 0, 0, 0
49300, 3053, 0, 0, 0
49400, 2921, 0, 0, 0
49500, 3316, 0, 0, 0
49600, 2986, 0, 0, 0
49700, 3058, 0, 0, 0
49800, 2909, 0, 0, 0
49900, 3109, 0, 0, 0
50000, 3098, 0, 0, 0
50100, 2841, 0, 0, 0
50200, 2773, 0, 0, 0
50300, 2806, 0, 0, 0
50400, 3198, 0, 0, 0
50500, 3053, 0, 0, 0
50600, 2912, 0, 0, 0
50700, 3157, 0, 0, 0
50800, 2966, 0, 0, 0
50900, 2711, 0, 0, 0
51000, 2911, 0, 0, 0
51100, 2987, 0, 0, 0
51200, 3233, 0, 0, 0
51300, 3315, 0, 0, 0
51400, 3208, 0, 0, 0
51500, 2691, 0, 0, 0
51600, 2998, 0, 0, 0
51700, 3468, 0, 0, 0
51800, 3679, 0, 0, 0
51900, 2730, 0, 0, 0
52000, 2914, 0, 0, 0
52100, 2765, 0, 0, 0
52200, 3306, 0, 0, 0
52300, 4360, 0, 0, 0
52400, 4695, 0, 0, 0
52500, 3519, 0, 0, 0
52600, 3090, 0, 0, 0
52700, 2811, 0, 0, 0
52800, 2950, 0, 0, 0
52900, 2838, 0, 0, 0
53000, 3201, 0, 0, 0
53100, 2756, 0, 0, 0
53200, 2776, 0, 0, 0
53300, 3098, 0, 0, 0
53400, 2921, 0, 0, 0
53500, 2946, 0, 0, 0
53600, 3197, 0, 0, 0
53700, 3543, 0, 0, 0
53800, 3747, 0, 0, 0
53900, 3249, 0, 0, 0
54000, 3416, 0, 0, 0
54100, 3237, 0, 0, 0
54200, 3135, 0, 0, 0
54300, 3082, 0, 0, 0
54400, 3855, 0, 0, 0
54500, 3021, 0, 0, 0
54600, 2995, 0, 0, 0
54700, 3108, 0, 0, 0
54800, 3369, 0, 0, 0
54900, 2796, 0, 0, 0
55000, 2815, 0, 0, 0
55100, 3111, 0, 0, 0
55200, 3493, 0, 0, 0
55300, 3500, 0, 0, 0
55400, 3233, 0, 0, 0
55500, 3198, 0, 0, 0
55600, 3143, 0, 0, 0
55700, 3442, 0, 0, 0
55800, 3384, 0, 0, 0
55900, 2950, 0, 0, 0
56000, 3085, 0, 0, 0
56100, 2872, 0, 0, 0
56200, 2818, 0, 0, 0
56300, 3407, 0, 0, 0
56400, 3536, 0, 0, 0
56500, 2779, 0, 0, 0
56600, 2881, 0, 0, 0
56700, 2491, 0, 0, 0
56800, 2307, 0, 0, 0
56900, 2764, 0, 0, 0
57000, 2889, 0, 0, 0
57100, 3289, 0, 0, 0
57200, 3085, 0, 0, 0
57300, 3182, 0, 0, 0
57400, 2900, 0, 0, 0
57500, 3357, 0, 0, 0
57600, 2752, 0, 0, 0
57700, 3018, 0, 0, 0
57800, 2609, 0, 0, 0
57900, 3501, 0, 0, 0
58000, 2953, 0, 0, 0
58100, 3266, 0, 0, 0
58200, 3286, 0, 0, 0
58300, 3191, 0, 0, 0
58400, 3341, 0, 0, 0
58500, 3325, 0, 0, 0
58600, 3388, 0, 0, 0
58700, 3031, 0, 0, 0
58800, 2679, 0, 0, 0
58900, 2858, 0, 0, 0
59000, 3009, 0, 0, 0
59100, 3095, 0, 0, 0
59200, 2787, 0, 0, 0
59300, 2852, 0, 0, 0
59400, 3444, 0, 0, 0
59500, 4076, 0, 0, 0
59600, 3580, 0, 0, 0
59700, 2953, 0, 0, 0
59800, 3620, 0, 0, 0
59900, 3836, 0, 0, 0
60000, 4053, 0, 0, 0
60100, 2735, 0, 0, 0
60200, 3059, 0, 0, 0
60300, 2872, 0, 0, 0
60400, 3343, 0, 0, 0
60500, 3207, 0, 0, 0
60600, 3901, 0, 0, 0
60700, 3090, 0, 0, 0
60800, 3155, 0, 0, 0
60900, 3285, 0, 0, 0
61000, 3699, 0, 0, 0
61100, 4139, 0, 0, 0
61200, 3750, 0, 0, 0
61300, 4046, 0, 0, 0
61400, 2895, 0, 0, 0
61500, 2919, 0, 0, 0
61600, 3234, 0, 0, 0
61700, 2675, 0, 0, 0
61800, 2829, 0, 0, 0
61900, 3626, 0, 0, 0
62000, 3594, 0, 0, 0
62100, 3551, 0, 0, 0
62200, 2843, 0, 0, 0
62300, 2707, 0, 0, 0
62400, 3059, 0, 0, 0
62500, 3157, 0, 0, 0
62600, 3372, 0, 0, 0
62700, 2940, 0, 0, 0
62800, 3215, 0, 0, 0
62900, 3450, 0, 0, 0
63000, 3226, 0, 0, 0
63100, 2954, 0, 0, 0
63200, 3094, 0, 0, 0
63300, 2818, 0, 0, 0
63400, 2954, 0, 0, 0
63500, 3614, 0, 0, 0
63600, 2670, 0, 0, 0
63700, 2622, 0, 0, 0
63800, 2922, 0, 0, 0
63900, 3103, 0, 0, 0
64000, 2772, 0, 0, 0
64100, 3207, 0, 0, 0
64200, 3146, 0, 0, 0
64300, 3060, 0, 0, 0
64400, 2848, 0, 0, 0
64500, 2683, 0, 0, 0
64600, 2907, 0, 0, 0
64700, 3613, 0, 0, 0
64800, 3438, 0, 0, 0
64900, 2973, 0, 0, 0
65000, 3034, 0, 0, 0
65100, 3315, 0, 0, 0
65200, 3830, 0, 0, 0
65300, 3145, 0, 0, 0
65400, 2717, 0, 0, 0
65500, 3195, 0, 0, 0
65600, 3586, 0, 0, 0
65700, 3557, 0, 0, 0
65800, 2981, 0, 0, 0
65900, 2717, 0, 0, 0
66000, 2992, 0, 0, 0
66100, 3114, 0, 0, 0
66200, 2822, 0, 0, 0
66300, 2960, 0, 0, 0
66400, 2987, 0, 0, 0
66500, 2939, 0, 0, 0
66600, 2534, 0, 0, 0
66700, 2831, 0, 0, 0
66800, 2874, 0, 0, 0
66900, 2793, 0, 0, 0
67000, 3097, 0, 0, 0
67100, 2776, 0, 0, 0
67200, 3225, 0, 0, 0
67300, 3429, 0, 0, 0
67400, 3381, 0, 0, 0
67500, 2872, 0, 0, 0
67600, 3075, 0, 0, 0
67700, 3711, 0, 0, 0
67800, 3676, 0, 0, 0
67900, 3133, 0, 0, 0
68000, 3179, 0, 0, 0
68100, 2483, 0, 0, 0
68200, 2411, 0, 0, 0
68300, 2941, 0, 0, 0
68400, 2773, 0, 0, 0
68500, 2991, 0, 0, 0
68600, 3320, 0, 0, 0
68700, 3060, 0, 0, 0
68800, 2978, 0, 0, 0
68900, 2932, 0, 0, 0
69000, 3034, 0, 0, 0
69100, 2992, 0, 0, 0
69200, 2684, 0, 0, 0
69300, 2910, 0, 0, 0
69400, 2660, 0, 0, 0
69500, 2787, 0, 0, 0
69600, 2676, 0, 0, 0
69700, 3331, 0, 0, 0
69800, 4053, 0, 0, 0
69900, 3387, 0, 0, 0
70000, 3380, 0, 0, 0
70100, 3727, 0, 0, 0
70200, 3180, 0, 0, 0
70300, 3172, 0, 0, 0
70400, 2814, 0, 0, 0
70500, 2941, 0, 0, 0
70600, 3125, 0, 0, 0
70700, 3219, 0, 0, 0
70800, 3280, 0, 0, 0
70900, 3203, 0, 0, 0
71000, 3196, 0, 0, 0
71100, 2845, 0, 0, 0
71200, 2704, 0, 0, 0
71300, 3093, 0, 0, 0
71400, 2713, 0, 0, 0
71500, 3603, 0, 0, 0
71600, 3334, 0, 0, 0
71700, 3076, 0, 0, 0
71800, 2977, 0, 0, 0
71900, 2900, 0, 0, 0
72000, 3036, 0, 0, 0
72100, 3321, 0, 0, 0
72200, 3278, 0, 0, 0
72300, 3464, 0, 0, 0
72400, 3246, 0, 0, 0
72500, 3037, 0, 0, 0
72600, 2849, 0, 0, 0
72700, 3424, 0, 0, 0
72800, 3152, 0, 0, 0
72900, 3082, 0, 0, 0
73000, 3500, 0, 0, 0
73100, 3501, 0, 0, 0
73200, 3400, 0, 0, 0
73300, 3232, 0, 0, 0
73400, 2354, 0, 0, 0
73500, 2694, 0, 0, 0
73600, 3298, 0, 0, 0
73700, 3605, 0, 0, 0
73800, 3568, 0, 0, 0
73900, 3058, 0, 0, 0
74000, 2303, 0, 0, 0
74100, 2241, 0, 0, 0
74200, 2536, 0, 0, 0
74300, 2901, 0, 0, 0
74400, 3270, 0, 0, 0
74500, 3348, 0, 0, 0
74600, 3357, 0, 0, 0
74700, 2912, 0, 0, 0
74800, 3063, 0, 0, 0
74900, 2968, 0, 0, 0
75000, 3078, 0, 0, 0
75100, 3166, 0, 0, 0
75200, 2962, 0, 0, 0
75300, 3484, 0, 0, 0
75400, 3087, 0, 0, 0
75500, 2937, 0, 0, 0
75600, 3061, 0, 0, 0
75700, 4287, 0, 0, 0
75800, 4220, 0, 0, 0
75900, 4069, 0, 0, 0
76000, 3847, 0, 0, 0
76100, 3424, 0, 0, 0
76200, 3209, 0, 0, 0
76300, 3858, 0, 0, 0
76400, 4006, 0, 0, 0
76500, 3299, 0, 0, 0
76600, 3103, 0, 0, 0
76700, 3644, 0, 0, 0
76800, 3367, 0, 0, 0
76900, 3306, 0, 0, 0
77000, 3337, 0, 0, 0
77100, 2809, 0, 0, 0
77200, 3378, 0, 0, 0
77300, 3422, 0, 0, 0
77400, 2913, 0, 0, 0
77500, 2742, 0, 0, 0
77600, 2866, 0, 0, 0
77700, 3184, 0, 0, 0
77800, 3009, 0, 0, 0
77900, 2685, 0, 0, 0
78000, 3021, 0, 0, 0
78100, 2932, 0, 0, 0
78200, 2761, 0, 0, 0
78300, 2957, 0, 0, 0
78400, 2589, 0, 0, 0
78500, 3335, 0, 0, 0
78600, 3858, 0, 0, 0
78700, 3688, 0, 0, 0
78800, 3230, 0, 0, 0
78900, 2502, 0, 0, 0
79000, 2688, 0, 0, 0
79100, 2867, 0, 0, 0
79200, 2551, 0, 0, 0
79300, 4201, 0, 0, 0
79400, 3720, 0, 0, 0
79500, 3410, 0, 0, 0
79600, 2985, 0, 0, 0
79700, 3245, 0, 0, 0
79800, 2882, 0, 0, 0
79900, 2825, 0, 0, 0
80000, 3125, 0, 0, 0
80100, 4167, 0, 0, 0
80200, 3767, 0, 0, 0
80300, 2613, 0, 0, 0
80400, 2931, 0, 0, 0
80500, 2514, 0, 0, 0
80600, 2878, 0, 0, 0
80700, 3376, 0, 0, 0
80800, 2802, 0, 0, 0
80900, 2793, 0, 0, 0
81000, 2306, 0, 0, 0
81100, 3225, 0, 0, 0
81200, 3272, 0, 0, 0
81300, 3542, 0, 0, 0
81400, 2992, 0, 0, 0
81500, 3190, 0, 0, 0
81600, 3407, 0, 0, 0
81700, 2832, 0, 0, 0
81800, 2854, 0, 0, 0
81900, 3362, 0, 0, 0
82000, 3217, 0, 0, 0
82100, 2899, 0, 0, 0
82200, 3348, 0, 0, 0
82300, 3009, 0, 0, 0
82400, 3756, 0, 0, 0
82500, 3652, 0, 0, 0
82600, 3023, 0, 0, 0
82700, 3762, 0, 0, 0
82800, 3516, 0, 0, 0
82900, 3063, 0, 0, 0
83000, 3879, 0, 0, 0
83100, 4360, 0, 0, 0
83200, 4303, 0, 0, 0
83300, 4388, 0, 0, 0
83400, 4123, 0, 0, 0
83500, 4313, 0, 0, 0
83600, 3700, 0, 0, 0
83700, 3149, 0, 0, 0
83800, 3052, 0, 0, 0
83900, 2946, 0, 0, 0
84000, 3123, 0, 0, 0
84100, 2984, 0, 0, 0
84200, 2724, 0, 0, 0
84300, 3068, 0, 0, 0
84400, 2675, 0, 0, 0
84500, 2884, 0, 0, 0
84600, 3116, 0, 0, 0
84700, 3309, 0, 0, 0
84800, 3026, 0, 0, 0
84900, 3367, 0, 0, 0
85000, 3213, 0, 0, 0
85100, 2768, 0, 0, 0
85200, 3375, 0, 0, 0
85300, 3217, 0, 0, 0
85400, 3067, 0, 0, 0
85500, 3388, 0, 0, 0
85600, 3431, 0, 0, 0
85700, 2447, 0, 0, 0
85800, 2641, 0, 0, 0
85900, 2818, 0, 0, 0
86000, 2810, 0, 0, 0
86100, 3262, 0, 0, 0
86200, 3244, 0, 0, 0
86300, 3431, 0, 0, 0
86400, 3574, 0, 0, 0
86500, 3848, 0, 0, 0
86600, 4315, 0, 0, 0
86700, 3905, 0, 0, 0
86800, 3085, 0, 0, 0
86900, 2391, 0, 0, 0
87000, 2754, 0, 0, 0
87100, 3285, 0, 0, 0
87200, 3716, 0, 0, 0
87300, 2821, 0, 0, 0
87400, 3445, 0, 0, 0
87500, 3022, 0, 0, 0
87600, 3233, 0, 0, 0
87700, 3380, 0, 0, 0
87800, 3590, 0, 0, 0
87900, 3450, 0, 0, 0
88000, 3683, 0, 0, 0
88100, 4013, 0, 0, 0
88200, 4021, 0, 0, 0
88300, 3357, 0, 0, 0
88400, 3019, 0, 0, 0
88500, 3600, 0, 0, 0
88600, 3746, 0, 0, 0
88700, 3245, 0, 0, 0
88800, 3422, 0, 0, 0
88900, 3081, 0, 0, 0
89000, 3734, 0, 0, 0
89100, 3171, 0, 0, 0
89200, 2799, 0, 0, 0
89300, 3451, 0, 0, 0
89400, 3421, 0, 0, 0
89500, 2872, 0, 0, 0
89600, 3496, 0, 0, 0
89700, 3694, 0, 0, 0
89800, 3685, 0, 0, 0
89900, 3385, 0, 0, 0
90000, 2940, 0, 0, 0
