100, 837273, 0, 0, 0
200, 777228, 0, 0, 0
300, 853606, 0, 0, 0
400, 818041, 0, 0, 0
500, 860884, 0, 0, 0
600, 800434, 0, 0, 0
700, 794712, 0, 0, 0
800, 826521, 0, 0, 0
900, 824100, 0, 0, 0
1000, 803431, 0, 0, 0
1100, 780837, 0, 0, 0
1200, 852328, 0, 0, 0
1300, 808408, 0, 0, 0
1400, 868313, 0, 0, 0
1500, 896594, 0, 0, 0
1600, 863523, 0, 0, 0
1700, 777940, 0, 0, 0
1800, 837638, 0, 0, 0
1900, 774437, 0, 0, 0
2000, 794395, 0, 0, 0
2100, 798023, 0, 0, 0
2200, 787307, 0, 0, 0
2300, 836120, 0, 0, 0
2401, 835273, 0, 0, 0
2500, 834543, 0, 0, 0
2600, 865038, 0, 0, 0
2700, 819562, 0, 0, 0
2800, 805989, 0, 0, 0
2900, 810366, 0, 0, 0
3000, 809840, 0, 0, 0
3100, 820742, 0, 0, 0
3200, 840184, 0, 0, 0
3300, 819670, 0, 0, 0
3400, 832111, 0, 0, 0
3500, 855615, 0, 0, 0
3600, 781260, 0, 0, 0
3700, 820996, 0, 0, 0
3800, 818434, 0, 0, 0
3900, 772210, 0, 0, 0
4000, 798552, 0, 0, 0
4100, 863404, 0, 0, 0
4200, 796120, 0, 0, 0
4300, 794239, 0, 0, 0
4400, 828419, 0, 0, 0
4500, 909339, 0, 0, 0
4600, 816145, 0, 0, 0
4700, 819825, 0, 0, 0
4800, 821345, 0, 0, 0
4900, 794386, 0, 0, 0
5000, 846687, 0, 0, 0
5100, 813723, 0, 0, 0
5200, 780461, 0, 0, 0
5300, 864940, 0, 0, 0
5400, 788558, 0, 0, 0
5500, 788843, 0, 0, 0
5600, 804584, 0, 0, 0
5700, 749978, 0, 0, 0
5800, 848694, 0, 0, 0
5900, 834509, 0, 0, 0
6000, 802910, 0, 0, 0
6100, 819306, 0, 0, 0
6200, 821212, 0, 0, 0
6300, 812610, 0, 0, 0
6400, 819518, 0, 0, 0
6500, 802386, 0, 0, 0
6600, 866992, 0, 0, 0
6700, 816038, 0, 0, 0
6800, 827287, 0, 0, 0
6900, 786404, 0, 0, 0
7000, 843404, 0, 0, 0
7100, 794939, 0, 0, 0
7200, 870504, 0, 0, 0
7300, 854181, 0, 0, 0
7400, 861534, 0, 0, 0
7500, 789344, 0, 0, 0
7600, 851941, 0, 0, 0
7700, 888210, 0, 0, 0
7800, 797420, 0, 0, 0
7900, 777072, 0, 0, 0
8000, 815497, 0, 0, 0
8100, 862240, 0, 0, 0
8200, 802045, 0, 0, 0
8300, 808451, 0, 0, 0
8400, 881675, 0, 0, 0
8500, 808638, 0, 0, 0
8600, 853501, 0, 0, 0
8700, 879925, 0, 0, 0
8800, 870445, 0, 0, 0
8900, 815160, 0, 0, 0
9000, 772821, 0, 0, 0
9100, 816168, 0, 0, 0
9200, 756181, 0, 0, 0
9300, 753454, 0, 0, 0
9400, 825571, 0, 0, 0
9500, 803564, 0, 0, 0
9600, 809250, 0, 0, 0
9700, 789980, 0, 0, 0
9800, 878380, 0, 0, 0
9900, 814463, 0, 0, 0
10000, 803224, 0, 0, 0
10100, 787044, 0, 0, 0
10200, 823602, 0, 0, 0
10300, 798052, 0, 0, 0
10400, 834633, 0, 0, 0
10500, 827360, 0, 0, 0
10600, 819665, 0, 0, 0
10700, 805323, 0, 0, 0
10800, 852314, 0, 0, 0
10900, 820149, 0, 0, 0
11000, 818750, 0, 0, 0
11100, 798348, 0, 0, 0
11200, 813693, 0, 0, 0
11300, 897125, 0, 0, 0
11400, 869603, 0, 0, 0
11500, 800213, 0, 0, 0
11600, 855230, 0, 0, 0
11700, 806571, 0, 0, 0
11800, 815881, 0, 0, 0
11900, 835291, 0, 0, 0
12000, 881599, 0, 0, 0
12100, 819790, 0, 0, 0
12200, 836131, 0, 0, 0
12300, 812225, 0, 0, 0
12400, 815201, 0, 0, 0
12500, 809105, 0, 0, 0
12600, 805159, 0, 0, 0
12700, 803996, 0, 0, 0
12800, 860163, 0, 0, 0
12900, 833114, 0, 0, 0
13000, 823499, 0, 0, 0
13100, 806491, 0, 0, 0
13200, 843399, 0, 0, 0
13300, 869490, 0, 0, 0
13400, 835465, 0, 0, 0
13500, 826917, 0, 0, 0
13600, 851550, 0, 0, 0
13700, 816354, 0, 0, 0
13800, 825280, 0, 0, 0
13900, 809274, 0, 0, 0
14000, 796243, 0, 0, 0
14100, 863953, 0, 0, 0
14200, 800544, 0, 0, 0
14300, 797889, 0, 0, 0
14400, 873835, 0, 0, 0
14500, 836056, 0, 0, 0
14600, 827496, 0, 0, 0
14700, 812850, 0, 0, 0
14800, 797750, 0, 0, 0
14900, 804381, 0, 0, 0
15000, 798117, 0, 0, 0
15100, 794093, 0, 0, 0
15200, 862907, 0, 0, 0
15300, 810005, 0, 0, 0
15400, 845523, 0, 0, 0
15500, 790321, 0, 0, 0
15600, 807037, 0, 0, 0
15700, 808837, 0, 0, 0
15800, 796975, 0, 0, 0
15900, 819974, 0, 0, 0
16000, 779385, 0, 0, 0
16100, 826114, 0, 0, 0
16200, 807542, 0, 0, 0
16300, 795346, 0, 0, 0
16400, 812628, 0, 0, 0
16500, 864309, 0, 0, 0
16600, 753405, 0, 0, 0
16700, 785767, 0, 0, 0
16800, 804610, 0, 0, 0
16900, 853201, 0, 0, 0
17000, 830627, 0, 0, 0
17100, 795241, 0, 0, 0
17200, 821584, 0, 0, 0
17300, 812409, 0, 0, 0
17400, 842223, 0, 0, 0
17500, 799750, 0, 0, 0
17600, 823009, 0, 0, 0
17700, 832725, 0, 0, 0
17800, 821600, 0, 0, 0
17900, 823884, 0, 0, 0
18000, 786778, 0, 0, 0
18100, 812250, 0, 0, 0
18200, 836597, 0, 0, 0
18300, 795830, 0, 0, 0
18400, 814522, 0, 0, 0
18500, 785075, 0, 0, 0
18600, 826853, 0, 0, 0
18700, 792096, 0, 0, 0
18800, 771550, 0, 0, 0
18900, 850433, 0, 0, 0
19000, 842972, 0, 0, 0
19100, 814949, 0, 0, 0
19200, 817948, 0, 0, 0
19300, 858527, 0, 0, 0
19400, 847290, 0, 0, 0
19500, 807758, 0, 0, 0
19600, 827334, 0, 0, 0
19700, 816265, 0, 0, 0
19800, 828196, 0, 0, 0
19900, 807143, 0, 0, 0
20000, 855809, 0, 0, 0
20100, 831760, 0, 0, 0
20200, 834225, 0, 0, 0
20300, 794841, 0, 0, 0
20400, 834478, 0, 0, 0
20500, 844657, 0, 0, 0
20600, 842936, 0, 0, 0
20700, 833136, 0, 0, 0
20800, 781042, 0, 0, 0
20900, 806825, 0, 0, 0
21000, 774688, 0, 0, 0
21100, 852062, 0, 0, 0
21200, 772145, 0, 0, 0
21300, 812396, 0, 0, 0
21400, 851291, 0, 0, 0
21500, 830164, 0, 0, 0
21600, 818306, 0, 0, 0
21700, 802277, 0, 0, 0
21800, 772006, 0, 0, 0
21900, 786268, 0, 0, 0
22000, 831881, 0, 0, 0
22100, 838558, 0, 0, 0
22200, 811330, 0, 0, 0
22300, 798104, 0, 0, 0
22400, 795349, 0, 0, 0
22500, 824163, 0, 0, 0
22600, 835862, 0, 0, 0
22700, 846704, 0, 0, 0
22800, 844431, 0, 0, 0
22900, 843459, 0, 0, 0
23000, 797655, 0, 0, 0
23100, 822206, 0, 0, 0
23200, 797320, 0, 0, 0
23300, 831979, 0, 0, 0
23400, 870187, 0, 0, 0
23500, 813744, 0, 0, 0
23600, 829932, 0, 0, 0
23700, 823273, 0, 0, 0
23800, 797377, 0, 0, 0
23900, 843474, 0, 0, 0
24000, 850536, 0, 0, 0
24100, 870691, 0, 0, 0
24200, 833218, 0, 0, 0
24300, 839569, 0, 0, 0
24400, 785867, 0, 0, 0
24500, 811397, 0, 0, 0
24600, 803831, 0, 0, 0
24700, 841538, 0, 0, 0
24800, 783497, 0, 0, 0
24900, 799154, 0, 0, 0
25000, 857720, 0, 0, 0
25100, 787108, 0, 0, 0
25200, 811395, 0, 0, 0
25300, 775578, 0, 0, 0
25400, 821965, 0, 0, 0
25500, 787670, 0, 0, 0
25600, 832554, 0, 0, 0
25700, 809540, 0, 0, 0
25800, 779012, 0, 0, 0
25900, 873251, 0, 0, 0
26000, 801565, 0, 0, 0
26100, 832615, 0, 0, 0
26200, 807808, 0, 0, 0
26300, 796634, 0, 0, 0
26400, 811474, 0, 0, 0
26500, 797773, 0, 0, 0
26600, 809943, 0, 0, 0
26700, 801051, 0, 0, 0
26800, 794627, 0, 0, 0
26900, 792560, 0, 0, 0
27000, 804158, 0, 0, 0
27100, 818582, 0, 0, 0
27200, 805891, 0, 0, 0
27300, 845243, 0, 0, 0
27400, 801277, 0, 0, 0
27500, 848822, 0, 0, 0
27600, 844700, 0, 0, 0
27700, 809671, 0, 0, 0
27800, 826319, 0, 0, 0
27900, 800914, 0, 0, 0
28000, 801746, 0, 0, 0
28100, 789170, 0, 0, 0
28200, 793648, 0, 0, 0
28300, 857728, 0, 0, 0
28400, 795525, 0, 0, 0
28500, 873261, 0, 0, 0
28600, 774149, 0, 0, 0
28700, 791351, 0, 0, 0
28800, 791412, 0, 0, 0
28900, 804076, 0, 0, 0
29000, 827161, 0, 0, 0
29100, 802015, 0, 0, 0
29200, 815326, 0, 0, 0
29300, 851196, 0, 0, 0
29400, 839787, 0, 0, 0
29500, 829080, 0, 0, 0
29600, 789340, 0, 0, 0
29700, 780410, 0, 0, 0
29800, 798859, 0, 0, 0
29900, 829103, 0, 0, 0
30000, 831135, 0, 0, 0
30100, 834449, 0, 0, 0
30200, 806808, 0, 0, 0
30300, 800675, 0, 0, 0
30400, 926507, 0, 0, 0
30500, 806257, 0, 0, 0
30600, 781994, 0, 0, 0
30700, 798189, 0, 0, 0
30800, 779069, 0, 0, 0
30901, 868057, 0, 0, 0
31000, 814481, 0, 0, 0
31100, 805497, 0, 0, 0
31200, 785165, 0, 0, 0
31300, 813061, 0, 0, 0
31400, 798213, 0, 0, 0
31500, 802012, 0, 0, 0
31600, 829740, 0, 0, 0
31700, 812041, 0, 0, 0
31800, 802647, 0, 0, 0
31900, 797093, 0, 0, 0
32000, 784456, 0, 0, 0
32100, 839339, 0, 0, 0
32200, 757586, 0, 0, 0
32300, 799753, 0, 0, 0
32400, 830208, 0, 0, 0
32500, 786721, 0, 0, 0
32600, 760288, 0, 0, 0
32700, 832964, 0, 0, 0
32800, 791112, 0, 0, 0
32900, 832266, 0, 0, 0
33000, 809489, 0, 0, 0
33100, 806170, 0, 0, 0
33200, 800940, 0, 0, 0
33300, 800600, 0, 0, 0
33400, 843434, 0, 0, 0
33500, 830290, 0, 0, 0
33600, 778992, 0, 0, 0
33701, 834830, 0, 0, 0
33800, 797565, 0, 0, 0
33900, 801625, 0, 0, 0
34000, 800210, 0, 0, 0
34100, 800765, 0, 0, 0
34200, 863500, 0, 0, 0
34300, 810605, 0, 0, 0
34400, 770287, 0, 0, 0
34500, 805651, 0, 0, 0
34600, 857393, 0, 0, 0
34700, 883520, 0, 0, 0
34800, 866288, 0, 0, 0
34900, 909996, 0, 0, 0
35000, 825587, 0, 0, 0
35100, 837978, 0, 0, 0
35200, 878653, 0, 0, 0
35300, 832742, 0, 0, 0
35400, 821892, 0, 0, 0
35500, 773735, 0, 0, 0
35600, 861915, 0, 0, 0
35700, 853657, 0, 0, 0
35800, 812596, 0, 0, 0
35900, 775982, 0, 0, 0
36000, 840817, 0, 0, 0
36100, 767433, 0, 0, 0
36200, 805377, 0, 0, 0
36300, 782363, 0, 0, 0
36400, 777260, 0, 0, 0
36500, 793006, 0, 0, 0
36600, 815648, 0, 0, 0
36700, 794845, 0, 0, 0
36800, 800487, 0, 0, 0
36900, 819262, 0, 0, 0
37000, 798471, 0, 0, 0
37100, 832944, 0, 0, 0
37200, 821060, 0, 0, 0
37300, 805276, 0, 0, 0
37400, 788406, 0, 0, 0
37500, 796439, 0, 0, 0
37601, 841621, 0, 0, 0
37700, 798670, 0, 0, 0
37800, 754181, 0, 0, 0
37900, 810334, 0, 0, 0
38000, 831958, 0, 0, 0
38100, 815966, 0, 0, 0
38200, 828021, 0, 0, 0
38300, 812891, 0, 0, 0
38400, 793332, 0, 0, 0
38500, 792794, 0, 0, 0
38600, 796894, 0, 0, 0
38700, 806973, 0, 0, 0
38800, 825892, 0, 0, 0
38900, 768840, 0, 0, 0
39000, 793973, 0, 0, 0
39100, 771474, 0, 0, 0
39200, 785914, 0, 0, 0
39300, 786250, 0, 0, 0
39400, 769773, 0, 0, 0
39500, 786543, 0, 0, 0
39600, 800888, 0, 0, 0
39700, 817567, 0, 0, 0
39800, 797203, 0, 0, 0
39900, 805862, 0, 0, 0
40000, 791196, 0, 0, 0
40100, 773017, 0, 0, 0
40200, 780851, 0, 0, 0
40300, 774702, 0, 0, 0
40400, 835779, 0, 0, 0
40500, 805100, 0, 0, 0
40600, 783718, 0, 0, 0
40700, 848441, 0, 0, 0
40800, 795298, 0, 0, 0
40900, 805596, 0, 0, 0
41000, 828928, 0, 0, 0
41100, 777229, 0, 0, 0
41200, 802326, 0, 0, 0
41300, 799770, 0, 0, 0
41400, 803370, 0, 0, 0
41500, 772210, 0, 0, 0
41600, 831428, 0, 0, 0
41700, 827493, 0, 0, 0
41800, 852033, 0, 0, 0
41900, 813240, 0, 0, 0
42000, 790556, 0, 0, 0
42100, 828799, 0, 0, 0
42200, 798433, 0, 0, 0
42300, 853138, 0, 0, 0
42400, 827618, 0, 0, 0
42500, 848280, 0, 0, 0
42600, 829252, 0, 0, 0
42700, 778862, 0, 0, 0
42800, 901966, 0, 0, 0
42900, 823332, 0, 0, 0
43000, 824135, 0, 0, 0
43100, 806427, 0, 0, 0
43200, 836400, 0, 0, 0
43300, 835058, 0, 0, 0
43400, 862940, 0, 0, 0
43500, 855419, 0, 0, 0
43600, 782237, 0, 0, 0
43700, 788977, 0, 0, 0
43800, 809429, 0, 0, 0
43900, 774404, 0, 0, 0
44000, 804711, 0, 0, 0
44100, 798678, 0, 0, 0
44200, 865288, 0, 0, 0
44300, 841869, 0, 0, 0
44400, 822063, 0, 0, 0
44500, 853388, 0, 0, 0
44600, 847932, 0, 0, 0
44700, 827526, 0, 0, 0
44800, 791303, 0, 0, 0
44900, 822090, 0, 0, 0
45000, 832400, 0, 0, 0
45100, 790180, 0, 0, 0
45200, 845216, 0, 0, 0
45300, 778940, 0, 0, 0
45400, 800146, 0, 0, 0
45500, 842156, 0, 0, 0
45600, 792165, 0, 0, 0
45700, 785638, 0, 0, 0
45800, 813650, 0, 0, 0
45900, 822654, 0, 0, 0
46000, 873242, 0, 0, 0
46100, 868212, 0, 0, 0
46200, 810879, 0, 0, 0
46300, 845892, 0, 0, 0
46400, 851850, 0, 0, 0
46500, 823501, 0, 0, 0
46600, 809226, 0, 0, 0
46700, 779067, 0, 0, 0
46800, 751476, 0, 0, 0
46901, 809410, 0, 0, 0
47000, 835290, 0, 0, 0
47100, 778345, 0, 0, 0
47200, 817188, 0, 0, 0
47300, 839838, 0, 0, 0
47400, 805015, 0, 0, 0
47500, 809428, 0, 0, 0
47600, 841030, 0, 0, 0
47700, 811543, 0, 0, 0
47800, 852989, 0, 0, 0
47900, 762963, 0, 0, 0
48000, 791901, 0, 0, 0
48100, 826990, 0, 0, 0
48200, 827195, 0, 0, 0
48300, 817342, 0, 0, 0
48400, 814218, 0, 0, 0
48500, 786439, 0, 0, 0
48600, 869774, 0, 0, 0
48700, 804831, 0, 0, 0
48800, 837083, 0, 0, 0
48900, 796832, 0, 0, 0
49000, 783023, 0, 0, 0
49100, 869273, 0, 0, 0
49200, 824024, 0, 0, 0
49300, 779038, 0, 0, 0
49400, 780919, 0, 0, 0
49500, 794581, 0, 0, 0
49600, 806899, 0, 0, 0
49700, 859644, 0, 0, 0
49800, 806417, 0, 0, 0
49900, 824441, 0, 0, 0
50000, 786603, 0, 0, 0
50100, 811268, 0, 0, 0
50201, 810678, 0, 0, 0
50300, 826933, 0, 0, 0
50400, 772543, 0, 0, 0
50500, 790155, 0, 0, 0
50600, 789426, 0, 0, 0
50700, 800668, 0, 0, 0
50800, 774641, 0, 0, 0
50900, 821227, 0, 0, 0
51000, 815593, 0, 0, 0
51100, 831332, 0, 0, 0
51200, 834429, 0, 0, 0
51300, 798413, 0, 0, 0
51400, 828072, 0, 0, 0
51500, 798509, 0, 0, 0
51600, 831468, 0, 0, 0
51700, 796178, 0, 0, 0
51800, 795969, 0, 0, 0
51900, 786539, 0, 0, 0
52000, 786232, 0, 0, 0
52100, 819181, 0, 0, 0
52200, 780716, 0, 0, 0
52301, 809630, 0, 0, 0
52400, 798279, 0, 0, 0
52500, 818743, 0, 0, 0
52600, 806944, 0, 0, 0
52700, 792918, 0, 0, 0
52800, 843449, 0, 0, 0
52900, 787664, 0, 0, 0
53000, 778049, 0, 0, 0
53100, 811640, 0, 0, 0
53200, 845680, 0, 0, 0
53300, 807633, 0, 0, 0
53400, 864648, 0, 0, 0
53500, 808823, 0, 0, 0
53600, 821707, 0, 0, 0
53700, 777179, 0, 0, 0
53800, 899874, 0, 0, 0
53900, 818221, 0, 0, 0
54000, 817763, 0, 0, 0
54100, 820232, 0, 0, 0
54200, 841493, 0, 0, 0
54300, 821829, 0, 0, 0
54400, 784206, 0, 0, 0
54500, 781538, 0, 0, 0
54600, 800225, 0, 0, 0
54700, 812960, 0, 0, 0
54800, 796647, 0, 0, 0
54900, 831404, 0, 0, 0
55000, 828982, 0, 0, 0
55100, 781808, 0, 0, 0
55200, 783731, 0, 0, 0
55300, 845443, 0, 0, 0
55400, 778533, 0, 0, 0
55500, 800485, 0, 0, 0
55600, 814862, 0, 0, 0
55700, 794263, 0, 0, 0
55800, 828589, 0, 0, 0
55900, 842200, 0, 0, 0
56000, 855338, 0, 0, 0
56100, 818703, 0, 0, 0
56200, 774945, 0, 0, 0
56300, 802709, 0, 0, 0
56400, 810361, 0, 0, 0
56500, 849193, 0, 0, 0
56600, 820815, 0, 0, 0
56700, 825028, 0, 0, 0
56800, 855781, 0, 0, 0
56900, 850467, 0, 0, 0
57000, 809570, 0, 0, 0
57100, 827027, 0, 0, 0
57200, 767371, 0, 0, 0
57300, 808211, 0, 0, 0
57400, 818174, 0, 0, 0
57500, 797882, 0, 0, 0
57600, 774761, 0, 0, 0
57700, 841248, 0, 0, 0
57800, 858209, 0, 0, 0
57900, 768284, 0, 0, 0
58000, 823857, 0, 0, 0
58100, 801476, 0, 0, 0
58200, 827370, 0, 0, 0
58300, 813681, 0, 0, 0
58400, 816533, 0, 0, 0
58500, 785614, 0, 0, 0
58600, 841380, 0, 0, 0
58700, 822078, 0, 0, 0
58800, 831382, 0, 0, 0
58900, 858968, 0, 0, 0
59000, 789373, 0, 0, 0
59100, 816053, 0, 0, 0
59200, 813249, 0, 0, 0
59300, 830023, 0, 0, 0
59400, 764373, 0, 0, 0
59500, 823843, 0, 0, 0
59600, 887975, 0, 0, 0
59700, 837322, 0, 0, 0
59800, 828901, 0, 0, 0
59900, 839904, 0, 0, 0
60000, 746323, 0, 0, 0
