100, 916839, 1, 0, 0
114, 631121, 0, 0, 0
200, 919679, 1, 0, 0
202, 635613, 0, 0, 0
300, 949665, 1, 0, 0
302, 647120, 0, 0, 0
400, 911349, 1, 0, 0
401, 649037, 0, 0, 0
500, 598365, 0, 0, 0
501, 957525, 1, 0, 0
600, 610395, 0, 0, 0
601, 884278, 1, 0, 0
700, 919441, 1, 0, 0
703, 651013, 0, 0, 0
800, 904648, 1, 0, 0
802, 600523, 0, 0, 0
900, 890572, 1, 0, 0
902, 608090, 0, 0, 0
1000, 949962, 1, 0, 0
1001, 634696, 0, 0, 0
1100, 640508, 0, 0, 0
1101, 925175, 1, 0, 0
1200, 941673, 1, 0, 0
1211, 622898, 0, 0, 0
1300, 876736, 1, 0, 0
1302, 598902, 0, 0, 0
1400, 917041, 1, 0, 0
1402, 594318, 0, 0, 0
1500, 920816, 1, 0, 0
1500, 612751, 0, 0, 0
1600, 620892, 0, 0, 0
1601, 907310, 1, 0, 0
1700, 940324, 1, 0, 0
1700, 601158, 0, 0, 0
1800, 630175, 0, 0, 0
1802, 915034, 1, 0, 0
1900, 855714, 1, 0, 0
1903, 610460, 0, 0, 0
2000, 886349, 1, 0, 0
2003, 637033, 0, 0, 0
2100, 629065, 0, 0, 0
2101, 887176, 1, 0, 0
2200, 627293, 0, 0, 0
2201, 942461, 1, 0, 0
2300, 949575, 1, 0, 0
2303, 607387, 0, 0, 0
2400, 937632, 1, 0, 0
2402, 636320, 0, 0, 0
2500, 882189, 1, 0, 0
2502, 656030, 0, 0, 0
2600, 595958, 0, 0, 0
2601, 888945, 1, 0, 0
2700, 878001, 1, 0, 0
2704, 597237, 0, 0, 0
2800, 885641, 1, 0, 0
2802, 585896, 0, 0, 0
2900, 905334, 1, 0, 0
2901, 607586, 0, 0, 0
3000, 896634, 1, 0, 0
3003, 631320, 0, 0, 0
3100, 614234, 0, 0, 0
3101, 895299, 1, 0, 0
3201, 959325, 1, 0, 0
3202, 625282, 0, 0, 0
3300, 907720, 1, 0, 0
3301, 613854, 0, 0, 0
3400, 871440, 1, 0, 0
3400, 582484, 0, 0, 0
3500, 628637, 0, 0, 0
3501, 876619, 1, 0, 0
3600, 895724, 1, 0, 0
3610, 671146, 0, 0, 0
3700, 951428, 1, 0, 0
3704, 613909, 0, 0, 0
3800, 924043, 1, 0, 0
3801, 612193, 0, 0, 0
3900, 633170, 0, 0, 0
3901, 942212, 1, 0, 0
4000, 915731, 1, 0, 0
4001, 622783, 0, 0, 0
4100, 878961, 1, 0, 0
4102, 603841, 0, 0, 0
4200, 634383, 0, 0, 0
4201, 870472, 1, 0, 0
4300, 911469, 1, 0, 0
4301, 622195, 0, 0, 0
4401, 881694, 1, 0, 0
4403, 590251, 0, 0, 0
4500, 889907, 1, 0, 0
4501, 592455, 0, 0, 0
4600, 882734, 1, 0, 0
4612, 676351, 0, 0, 0
4700, 619808, 0, 0, 0
4701, 914130, 1, 0, 0
4800, 945840, 1, 0, 0
4800, 592427, 0, 0, 0
4901, 924021, 1, 0, 0
4903, 633125, 0, 0, 0
5000, 942609, 1, 0, 0
5004, 636405, 0, 0, 0
5100, 917329, 1, 0, 0
5101, 622626, 0, 0, 0
5200, 888478, 1, 0, 0
5208, 621929, 0, 0, 0
5300, 947673, 1, 0, 0
5301, 659480, 0, 0, 0
5400, 864828, 1, 0, 0
5407, 619951, 0, 0, 0
5500, 879550, 1, 0, 0
5501, 648845, 0, 0, 0
5600, 623417, 0, 0, 0
5601, 868070, 1, 0, 0
5700, 889352, 1, 0, 0
5705, 616443, 0, 0, 0
5800, 892124, 1, 0, 0
5800, 608165, 0, 0, 0
5900, 896765, 1, 0, 0
5903, 580889, 0, 0, 0
6000, 895047, 1, 0, 0
6001, 637754, 0, 0, 0
6100, 892374, 1, 0, 0
6100, 640145, 0, 0, 0
6200, 914821, 1, 0, 0
6201, 612297, 0, 0, 0
6300, 924854, 1, 0, 0
6300, 610037, 0, 0, 0
6400, 888831, 1, 0, 0
6404, 618543, 0, 0, 0
6500, 958951, 1, 0, 0
6507, 645605, 0, 0, 0
6600, 899702, 1, 0, 0
6600, 637017, 0, 0, 0
6700, 956076, 1, 0, 0
6704, 630294, 0, 0, 0
6800, 924309, 1, 0, 0
6804, 641426, 0, 0, 0
6900, 949432, 1, 0, 0
6900, 631262, 0, 0, 0
7000, 975094, 1, 0, 0
7003, 633886, 0, 0, 0
7100, 950761, 1, 0, 0
7100, 645200, 0, 0, 0
7200, 925972, 1, 0, 0
7202, 620439, 0, 0, 0
7300, 882633, 1, 0, 0
7301, 615411, 0, 0, 0
7400, 606722, 0, 0, 0
7401, 881548, 1, 0, 0
7500, 610099, 0, 0, 0
7501, 905398, 1, 0, 0
7600, 904156, 1, 0, 0
7601, 609173, 0, 0, 0
7700, 971484, 1, 0, 0
7701, 640864, 0, 0, 0
7800, 919629, 1, 0, 0
7804, 644965, 0, 0, 0
7901, 922122, 1, 0, 0
7901, 617776, 0, 0, 0
8000, 907401, 1, 0, 0
8001, 648851, 0, 0, 0
8100, 944289, 1, 0, 0
8102, 609330, 0, 0, 0
8200, 908122, 1, 0, 0
8206, 642226, 0, 0, 0
8300, 999641, 1, 0, 0
8301, 625319, 0, 0, 0
8400, 892331, 1, 0, 0
8406, 629373, 0, 0, 0
8500, 618177, 0, 0, 0
8501, 979941, 1, 0, 0
8600, 929656, 1, 0, 0
8607, 576833, 0, 0, 0
8700, 928526, 1, 0, 0
8702, 641348, 0, 0, 0
8800, 931786, 1, 0, 0
8801, 639286, 0, 0, 0
8900, 884225, 1, 0, 0
8900, 608610, 0, 0, 0
9000, 906221, 1, 0, 0
9001, 615136, 0, 0, 0
9100, 927998, 1, 0, 0
9103, 629743, 0, 0, 0
9200, 938916, 1, 0, 0
9205, 634600, 0, 0, 0
9300, 966970, 1, 0, 0
9307, 617584, 0, 0, 0
9400, 643886, 0, 0, 0
9401, 950476, 1, 0, 0
9500, 930331, 1, 0, 0
9501, 647427, 0, 0, 0
9600, 879538, 1, 0, 0
9603, 621569, 0, 0, 0
9700, 950307, 1, 0, 0
9701, 638544, 0, 0, 0
9800, 962876, 1, 0, 0
9803, 614528, 0, 0, 0
9900, 915507, 1, 0, 0
9905, 608337, 0, 0, 0
10000, 628715, 0, 0, 0
10001, 914736, 1, 0, 0
10101, 905754, 1, 0, 0
10103, 621304, 0, 0, 0
10200, 929653, 1, 0, 0
10204, 604540, 0, 0, 0
10300, 903961, 1, 0, 0
10303, 615170, 0, 0, 0
10401, 940702, 1, 0, 0
10402, 616670, 0, 0, 0
10500, 643804, 0, 0, 0
10501, 924449, 1, 0, 0
10601, 896938, 1, 0, 0
10601, 645141, 0, 0, 0
10700, 884166, 1, 0, 0
10702, 644260, 0, 0, 0
10800, 972385, 1, 0, 0
10802, 628684, 0, 0, 0
10900, 633533, 0, 0, 0
10900, 904481, 1, 0, 0
11000, 626395, 0, 0, 0
11000, 927445, 1, 0, 0
11100, 966403, 1, 0, 0
11102, 598745, 0, 0, 0
11200, 616720, 0, 0, 0
11201, 929758, 1, 0, 0
11300, 608563, 0, 0, 0
11301, 908746, 1, 0, 0
11400, 921832, 1, 0, 0
11405, 655489, 0, 0, 0
11500, 614974, 0, 0, 0
11501, 956704, 1, 0, 0
11600, 950806, 1, 0, 0
11605, 645860, 0, 0, 0
11700, 611217, 0, 0, 0
11702, 940585, 1, 0, 0
11800, 910043, 1, 0, 0
11802, 611046, 0, 0, 0
11900, 912652, 1, 0, 0
11905, 685714, 0, 0, 0
12000, 625917, 0, 0, 0
12000, 963057, 1, 0, 0
12100, 948815, 1, 0, 0
12102, 615573, 0, 0, 0
12200, 916318, 1, 0, 0
12206, 655481, 0, 0, 0
12300, 899504, 1, 0, 0
12300, 593467, 0, 0, 0
12400, 639903, 0, 0, 0
12401, 918541, 1, 0, 0
12500, 925653, 1, 0, 0
12503, 621138, 0, 0, 0
12600, 599605, 0, 0, 0
12601, 903552, 1, 0, 0
12700, 643662, 0, 0, 0
12701, 889574, 1, 0, 0
12800, 903686, 1, 0, 0
12801, 601253, 0, 0, 0
12900, 906369, 1, 0, 0
12902, 630852, 0, 0, 0
13000, 914010, 1, 0, 0
13007, 637926, 0, 0, 0
13100, 929998, 1, 0, 0
13104, 668512, 0, 0, 0
13200, 890127, 1, 0, 0
13206, 588910, 0, 0, 0
13300, 914247, 1, 0, 0
13301, 624151, 0, 0, 0
13400, 945582, 1, 0, 0
13401, 676931, 0, 0, 0
13500, 958711, 1, 0, 0
13501, 639810, 0, 0, 0
13600, 642693, 0, 0, 0
13602, 980148, 1, 0, 0
13700, 916670, 1, 0, 0
13701, 602521, 0, 0, 0
13800, 921717, 1, 0, 0
13814, 633505, 0, 0, 0
13900, 934933, 1, 0, 0
13901, 640136, 0, 0, 0
14000, 926715, 1, 0, 0
14001, 688628, 0, 0, 0
14100, 910766, 1, 0, 0
14104, 612823, 0, 0, 0
14200, 616054, 0, 0, 0
14201, 944468, 1, 0, 0
14300, 637910, 0, 0, 0
14301, 923798, 1, 0, 0
14400, 947518, 1, 0, 0
14401, 642658, 0, 0, 0
14500, 928526, 1, 0, 0
14501, 599879, 0, 0, 0
14600, 627327, 0, 0, 0
14601, 895908, 1, 0, 0
14700, 947784, 1, 0, 0
14701, 621886, 0, 0, 0
14800, 639358, 0, 0, 0
14801, 913476, 1, 0, 0
14900, 897567, 1, 0, 0
14901, 654990, 0, 0, 0
15000, 875517, 1, 0, 0
15001, 628331, 0, 0, 0
15100, 917925, 1, 0, 0
15102, 598763, 0, 0, 0
15200, 938988, 1, 0, 0
15203, 671210, 0, 0, 0
15300, 646350, 0, 0, 0
15301, 898588, 1, 0, 0
15400, 588220, 0, 0, 0
15402, 899623, 1, 0, 0
15500, 896188, 1, 0, 0
15503, 619979, 0, 0, 0
15600, 923349, 1, 0, 0
15601, 686618, 0, 0, 0
15700, 962940, 1, 0, 0
15704, 667220, 0, 0, 0
15800, 1001572, 1, 0, 0
15800, 672135, 0, 0, 0
15900, 940818, 1, 0, 0
15903, 653361, 0, 0, 0
16000, 937747, 1, 0, 0
16004, 609900, 0, 0, 0
16100, 901286, 1, 0, 0
16103, 583917, 0, 0, 0
16200, 893261, 1, 0, 0
16204, 617008, 0, 0, 0
16300, 917140, 1, 0, 0
16306, 621532, 0, 0, 0
16400, 860716, 1, 0, 0
16401, 609014, 0, 0, 0
16500, 888177, 1, 0, 0
16502, 571918, 0, 0, 0
16600, 873842, 1, 0, 0
16607, 604535, 0, 0, 0
16700, 593967, 0, 0, 0
16701, 868570, 1, 0, 0
16800, 898799, 1, 0, 0
16807, 650982, 0, 0, 0
16900, 904644, 1, 0, 0
16910, 669720, 0, 0, 0
17000, 909294, 1, 0, 0
17001, 652685, 0, 0, 0
17100, 969976, 1, 0, 0
17103, 613015, 0, 0, 0
17200, 879397, 1, 0, 0
17200, 602880, 0, 0, 0
17300, 935815, 1, 0, 0
17302, 628705, 0, 0, 0
17400, 964655, 1, 0, 0
17401, 645365, 0, 0, 0
17500, 680738, 0, 0, 0
17501, 906879, 1, 0, 0
17600, 888421, 1, 0, 0
17600, 623511, 0, 0, 0
17700, 876626, 1, 0, 0
17700, 659427, 0, 0, 0
17800, 904940, 1, 0, 0
17803, 625041, 0, 0, 0
17901, 911289, 1, 0, 0
17902, 637432, 0, 0, 0
18000, 911513, 1, 0, 0
18002, 614306, 0, 0, 0
18100, 903768, 1, 0, 0
18103, 641268, 0, 0, 0
18200, 574811, 0, 0, 0
18201, 914073, 1, 0, 0
18300, 909721, 1, 0, 0
18301, 629550, 0, 0, 0
18400, 892616, 1, 0, 0
18401, 609196, 0, 0, 0
18500, 891269, 1, 0, 0
18501, 577612, 0, 0, 0
18600, 879826, 1, 0, 0
18602, 599115, 0, 0, 0
18700, 594776, 0, 0, 0
18701, 872302, 1, 0, 0
18801, 942285, 1, 0, 0
18801, 626529, 0, 0, 0
18900, 908112, 1, 0, 0
18903, 624065, 0, 0, 0
19000, 900214, 1, 0, 0
19004, 613983, 0, 0, 0
19100, 898212, 1, 0, 0
19100, 618433, 0, 0, 0
19200, 924927, 1, 0, 0
19200, 605104, 0, 0, 0
19300, 906325, 1, 0, 0
19302, 624431, 0, 0, 0
19400, 923669, 1, 0, 0
19407, 638956, 0, 0, 0
19500, 865355, 1, 0, 0
19500, 627342, 0, 0, 0
19600, 881113, 1, 0, 0
19612, 640378, 0, 0, 0
19700, 902290, 1, 0, 0
19703, 628395, 0, 0, 0
19800, 909942, 1, 0, 0
19802, 647118, 0, 0, 0
19900, 852360, 1, 0, 0
19904, 635732, 0, 0, 0
20000, 890750, 1, 0, 0
20005, 625029, 0, 0, 0
20100, 899902, 1, 0, 0
20103, 610538, 0, 0, 0
20200, 936439, 1, 0, 0
20204, 631710, 0, 0, 0
20300, 672549, 0, 0, 0
20300, 878559, 1, 0, 0
20400, 602306, 0, 0, 0
20401, 858266, 1, 0, 0
20500, 921217, 1, 0, 0
20505, 634651, 0, 0, 0
20600, 874397, 1, 0, 0
20601, 656901, 0, 0, 0
20700, 682481, 0, 0, 0
20701, 914646, 1, 0, 0
20800, 913564, 1, 0, 0
20800, 626373, 0, 0, 0
20900, 921163, 1, 0, 0
20903, 610293, 0, 0, 0
21000, 885372, 1, 0, 0
21005, 620531, 0, 0, 0
21100, 916233, 1, 0, 0
21102, 628746, 0, 0, 0
21200, 627014, 0, 0, 0
21201, 918267, 1, 0, 0
21300, 933678, 1, 0, 0
21300, 623635, 0, 0, 0
21400, 900700, 1, 0, 0
21405, 616076, 0, 0, 0
21500, 907379, 1, 0, 0
21503, 600115, 0, 0, 0
21600, 832946, 1, 0, 0
21600, 631035, 0, 0, 0
21700, 902300, 1, 0, 0
21700, 635924, 0, 0, 0
21800, 920666, 1, 0, 0
21801, 560982, 0, 0, 0
21900, 864378, 1, 0, 0
21904, 613362, 0, 0, 0
22000, 901157, 1, 0, 0
22001, 637700, 0, 0, 0
22100, 896987, 1, 0, 0
22107, 602356, 0, 0, 0
22200, 876447, 1, 0, 0
22201, 621826, 0, 0, 0
22300, 921702, 1, 0, 0
22303, 644636, 0, 0, 0
22400, 942141, 1, 0, 0
22404, 652373, 0, 0, 0
22500, 632182, 0, 0, 0
22501, 942745, 1, 0, 0
22600, 912512, 1, 0, 0
22601, 650641, 0, 0, 0
22701, 892729, 1, 0, 0
22703, 637558, 0, 0, 0
22800, 975980, 1, 0, 0
22801, 701683, 0, 0, 0
22900, 931098, 1, 0, 0
22904, 641184, 0, 0, 0
23000, 612272, 0, 0, 0
23003, 908127, 1, 0, 0
23100, 912167, 1, 0, 0
23101, 595373, 0, 0, 0
23200, 924276, 1, 0, 0
23200, 633799, 0, 0, 0
23300, 919988, 1, 0, 0
23301, 646056, 0, 0, 0
23400, 881500, 1, 0, 0
23400, 635336, 0, 0, 0
23500, 683509, 0, 0, 0
23501, 885639, 1, 0, 0
23600, 886462, 1, 0, 0
23601, 608810, 0, 0, 0
23700, 630150, 0, 0, 0
23700, 883849, 1, 0, 0
23801, 909352, 1, 0, 0
23804, 668057, 0, 0, 0
23900, 854728, 1, 0, 0
23901, 679055, 0, 0, 0
24000, 942305, 1, 0, 0
24002, 606279, 0, 0, 0
24100, 863745, 1, 0, 0
24101, 674098, 0, 0, 0
24200, 897612, 1, 0, 0
24200, 638466, 0, 0, 0
24300, 626939, 0, 0, 0
24301, 892402, 1, 0, 0
24400, 880509, 1, 0, 0
24401, 624018, 0, 0, 0
24500, 890428, 1, 0, 0
24500, 620146, 0, 0, 0
24600, 875312, 1, 0, 0
24602, 675368, 0, 0, 0
24700, 637991, 0, 0, 0
24701, 906203, 1, 0, 0
24800, 651563, 0, 0, 0
24802, 879266, 1, 0, 0
24900, 881123, 1, 0, 0
24901, 651866, 0, 0, 0
25000, 879077, 1, 0, 0
25000, 634411, 0, 0, 0
25100, 922507, 1, 0, 0
25102, 620724, 0, 0, 0
25200, 891858, 1, 0, 0
25204, 609740, 0, 0, 0
25300, 610623, 0, 0, 0
25301, 878811, 1, 0, 0
25400, 905690, 1, 0, 0
25405, 660483, 0, 0, 0
25500, 917625, 1, 0, 0
25503, 645142, 0, 0, 0
25600, 911907, 1, 0, 0
25604, 671482, 0, 0, 0
25700, 624785, 0, 0, 0
25702, 890802, 1, 0, 0
25800, 884616, 1, 0, 0
25802, 648633, 0, 0, 0
25900, 912334, 1, 0, 0
25900, 619743, 0, 0, 0
26000, 898252, 1, 0, 0
26001, 622344, 0, 0, 0
26100, 851807, 1, 0, 0
26103, 642340, 0, 0, 0
26200, 860666, 1, 0, 0
26200, 647335, 0, 0, 0
26300, 886225, 1, 0, 0
26302, 658226, 0, 0, 0
26401, 897551, 1, 0, 0
26401, 623170, 0, 0, 0
26500, 940710, 1, 0, 0
26501, 634047, 0, 0, 0
26600, 911489, 1, 0, 0
26605, 644061, 0, 0, 0
26700, 894235, 1, 0, 0
26702, 653987, 0, 0, 0
26800, 950013, 1, 0, 0
26802, 645737, 0, 0, 0
26900, 888890, 1, 0, 0
26905, 605507, 0, 0, 0
27000, 921564, 1, 0, 0
27001, 623792, 0, 0, 0
27100, 881628, 1, 0, 0
27100, 619350, 0, 0, 0
27200, 870643, 1, 0, 0
27203, 643861, 0, 0, 0
27300, 875909, 1, 0, 0
27304, 643431, 0, 0, 0
27400, 909957, 1, 0, 0
27401, 607259, 0, 0, 0
27500, 859711, 1, 0, 0
27500, 593125, 0, 0, 0
27600, 851887, 1, 0, 0
27601, 597030, 0, 0, 0
27700, 853568, 1, 0, 0
27701, 626468, 0, 0, 0
27800, 649321, 0, 0, 0
27801, 865137, 1, 0, 0
27900, 885093, 1, 0, 0
27901, 627161, 0, 0, 0
28000, 865239, 1, 0, 0
28001, 639916, 0, 0, 0
28100, 910437, 1, 0, 0
28107, 622596, 0, 0, 0
28200, 840308, 1, 0, 0
28203, 636227, 0, 0, 0
28300, 899654, 1, 0, 0
28303, 623327, 0, 0, 0
28400, 617812, 0, 0, 0
28401, 864505, 1, 0, 0
28500, 894902, 1, 0, 0
28501, 659678, 0, 0, 0
28600, 843133, 1, 0, 0
28603, 604707, 0, 0, 0
28700, 882838, 1, 0, 0
28703, 613070, 0, 0, 0
28800, 613433, 0, 0, 0
28802, 862349, 1, 0, 0
28900, 849152, 1, 0, 0
28900, 581021, 0, 0, 0
29000, 825006, 1, 0, 0
29001, 615603, 0, 0, 0
29100, 873103, 1, 0, 0
29101, 617509, 0, 0, 0
29200, 857898, 1, 0, 0
29203, 579457, 0, 0, 0
29300, 592154, 0, 0, 0
29301, 940332, 1, 0, 0
29400, 888569, 1, 0, 0
29400, 620418, 0, 0, 0
29500, 633175, 0, 0, 0
29501, 886319, 1, 0, 0
29600, 907740, 1, 0, 0
29605, 587341, 0, 0, 0
29700, 896155, 1, 0, 0
29700, 627964, 0, 0, 0
29800, 920904, 1, 0, 0
29802, 630287, 0, 0, 0
29900, 900935, 1, 0, 0
29900, 629432, 0, 0, 0
30000, 945727, 1, 0, 0
30001, 651120, 0, 0, 0
30101, 895297, 1, 0, 0
30102, 644070, 0, 0, 0
30200, 949834, 1, 0, 0
30200, 645961, 0, 0, 0
30300, 957736, 1, 0, 0
30300, 668251, 0, 0, 0
30400, 879934, 1, 0, 0
30401, 626834, 0, 0, 0
30500, 867957, 1, 0, 0
30501, 592932, 0, 0, 0
30600, 904782, 1, 0, 0
30602, 611917, 0, 0, 0
30700, 895675, 1, 0, 0
30702, 621998, 0, 0, 0
30800, 936135, 1, 0, 0
30802, 639500, 0, 0, 0
30900, 909144, 1, 0, 0
30901, 639349, 0, 0, 0
31000, 879242, 1, 0, 0
31003, 632573, 0, 0, 0
31100, 896427, 1, 0, 0
31100, 619875, 0, 0, 0
31200, 883286, 1, 0, 0
31201, 641038, 0, 0, 0
31300, 624167, 0, 0, 0
31302, 956929, 1, 0, 0
31400, 657967, 0, 0, 0
31400, 878367, 1, 0, 0
31500, 867458, 1, 0, 0
31501, 635391, 0, 0, 0
31600, 868418, 1, 0, 0
31604, 605844, 0, 0, 0
31700, 628417, 0, 0, 0
31701, 868786, 1, 0, 0
31800, 909818, 1, 0, 0
31802, 627500, 0, 0, 0
31900, 936512, 1, 0, 0
31904, 601143, 0, 0, 0
32000, 663890, 0, 0, 0
32001, 908878, 1, 0, 0
32100, 614164, 0, 0, 0
32100, 856697, 1, 0, 0
32200, 881493, 1, 0, 0
32201, 615246, 0, 0, 0
32300, 609863, 0, 0, 0
32302, 846629, 1, 0, 0
32400, 858843, 1, 0, 0
32403, 634678, 0, 0, 0
32500, 867651, 1, 0, 0
32500, 637675, 0, 0, 0
32600, 624023, 0, 0, 0
32601, 836613, 1, 0, 0
32700, 615515, 0, 0, 0
32701, 893611, 1, 0, 0
32800, 603176, 0, 0, 0
32800, 866694, 1, 0, 0
32900, 926459, 1, 0, 0
32901, 621805, 0, 0, 0
33000, 889853, 1, 0, 0
33004, 617730, 0, 0, 0
33100, 870501, 1, 0, 0
33100, 632331, 0, 0, 0
33200, 900069, 1, 0, 0
33201, 638722, 0, 0, 0
33300, 879837, 1, 0, 0
33301, 632687, 0, 0, 0
33400, 862500, 1, 0, 0
33402, 615510, 0, 0, 0
33500, 857064, 1, 0, 0
33501, 601961, 0, 0, 0
33600, 581496, 0, 0, 0
33601, 880421, 1, 0, 0
33700, 871290, 1, 0, 0
33704, 552847, 0, 0, 0
33800, 621097, 0, 0, 0
33800, 852047, 1, 0, 0
33900, 877160, 1, 0, 0
33900, 593700, 0, 0, 0
34000, 650049, 0, 0, 0
34001, 883437, 1, 0, 0
34100, 969637, 1, 0, 0
34102, 644043, 0, 0, 0
34200, 919736, 1, 0, 0
34200, 626680, 0, 0, 0
34300, 926361, 1, 0, 0
34301, 607814, 0, 0, 0
34400, 868285, 1, 0, 0
34402, 600362, 0, 0, 0
34500, 628030, 0, 0, 0
34501, 877553, 1, 0, 0
34600, 864841, 1, 0, 0
34602, 623442, 0, 0, 0
34700, 863013, 1, 0, 0
34706, 613788, 0, 0, 0
34800, 611241, 0, 0, 0
34801, 878397, 1, 0, 0
34900, 879576, 1, 0, 0
34900, 648862, 0, 0, 0
35000, 593603, 0, 0, 0
35000, 894131, 1, 0, 0
35100, 602138, 0, 0, 0
35101, 852434, 1, 0, 0
35200, 859672, 1, 0, 0
35202, 596541, 0, 0, 0
35302, 884141, 1, 0, 0
35304, 580947, 0, 0, 0
35400, 609455, 0, 0, 0
35401, 810360, 1, 0, 0
35500, 592099, 0, 0, 0
35501, 844460, 1, 0, 0
35600, 827320, 1, 0, 0
35601, 625278, 0, 0, 0
35700, 852493, 1, 0, 0
35701, 684465, 0, 0, 0
35800, 845853, 1, 0, 0
35801, 611978, 0, 0, 0
35900, 867503, 1, 0, 0
35902, 627428, 0, 0, 0
36000, 855980, 1, 0, 0
36003, 647492, 0, 0, 0
36100, 602176, 0, 0, 0
36101, 855803, 1, 0, 0
36200, 876015, 1, 0, 0
36201, 610164, 0, 0, 0
36300, 871425, 1, 0, 0
36301, 610476, 0, 0, 0
36400, 899584, 1, 0, 0
36404, 618962, 0, 0, 0
36500, 641338, 0, 0, 0
36500, 898721, 1, 0, 0
36600, 856652, 1, 0, 0
36601, 604586, 0, 0, 0
36700, 883740, 1, 0, 0
36701, 640687, 0, 0, 0
36800, 615990, 0, 0, 0
36801, 859189, 1, 0, 0
36900, 844658, 1, 0, 0
36902, 595422, 0, 0, 0
37000, 914319, 1, 0, 0
37001, 634955, 0, 0, 0
37100, 842715, 1, 0, 0
37101, 651449, 0, 0, 0
37200, 906084, 1, 0, 0
37201, 643880, 0, 0, 0
37300, 896759, 1, 0, 0
37303, 622962, 0, 0, 0
37400, 861204, 1, 0, 0
37404, 673630, 0, 0, 0
37500, 890004, 1, 0, 0
37501, 670244, 0, 0, 0
37600, 923724, 1, 0, 0
37600, 583902, 0, 0, 0
37700, 853476, 1, 0, 0
37700, 575376, 0, 0, 0
37800, 857649, 1, 0, 0
37801, 638616, 0, 0, 0
37900, 885929, 1, 0, 0
37901, 559252, 0, 0, 0
38000, 925203, 1, 0, 0
38001, 595780, 0, 0, 0
38100, 891032, 1, 0, 0
38104, 614881, 0, 0, 0
38200, 650799, 0, 0, 0
38200, 927726, 1, 0, 0
38300, 868661, 1, 0, 0
38303, 630757, 0, 0, 0
38400, 855667, 1, 0, 0
38408, 569605, 0, 0, 0
38500, 861216, 1, 0, 0
38501, 586802, 0, 0, 0
38600, 859394, 1, 0, 0
38600, 630120, 0, 0, 0
38700, 857979, 1, 0, 0
38700, 606313, 0, 0, 0
38800, 897961, 1, 0, 0
38800, 610308, 0, 0, 0
38900, 858665, 1, 0, 0
38903, 566324, 0, 0, 0
39000, 879957, 1, 0, 0
39004, 622084, 0, 0, 0
39100, 846667, 1, 0, 0
39100, 635809, 0, 0, 0
39200, 849659, 1, 0, 0
39206, 577314, 0, 0, 0
39300, 858836, 1, 0, 0
39303, 592758, 0, 0, 0
39400, 848193, 1, 0, 0
39404, 574715, 0, 0, 0
39500, 875735, 1, 0, 0
39506, 577793, 0, 0, 0
39600, 859361, 1, 0, 0
39600, 599530, 0, 0, 0
39700, 599972, 0, 0, 0
39702, 883303, 1, 0, 0
39800, 578488, 0, 0, 0
39801, 813863, 1, 0, 0
39900, 829963, 1, 0, 0
39903, 619757, 0, 0, 0
40000, 869617, 1, 0, 0
40002, 602521, 0, 0, 0
40100, 870108, 1, 0, 0
40100, 598977, 0, 0, 0
40200, 603769, 0, 0, 0
40201, 867203, 1, 0, 0
40300, 915111, 1, 0, 0
40301, 629269, 0, 0, 0
40400, 868833, 1, 0, 0
40400, 618693, 0, 0, 0
40500, 874803, 1, 0, 0
40504, 610043, 0, 0, 0
40600, 868570, 1, 0, 0
40602, 623571, 0, 0, 0
40700, 827580, 1, 0, 0
40702, 591279, 0, 0, 0
40800, 623988, 0, 0, 0
40801, 879962, 1, 0, 0
40900, 589268, 0, 0, 0
40900, 856691, 1, 0, 0
41000, 587754, 0, 0, 0
41001, 830846, 1, 0, 0
41100, 880459, 1, 0, 0
41101, 607081, 0, 0, 0
41200, 905049, 1, 0, 0
41208, 603948, 0, 0, 0
41300, 604767, 0, 0, 0
41301, 853653, 1, 0, 0
41400, 854260, 1, 0, 0
41402, 657744, 0, 0, 0
41500, 942895, 1, 0, 0
41507, 627797, 0, 0, 0
41600, 891410, 1, 0, 0
41602, 606340, 0, 0, 0
41700, 885362, 1, 0, 0
41704, 628735, 0, 0, 0
41800, 931941, 1, 0, 0
41800, 623863, 0, 0, 0
41900, 849365, 1, 0, 0
41910, 632483, 0, 0, 0
42000, 862587, 1, 0, 0
42005, 619763, 0, 0, 0
42100, 931212, 1, 0, 0
42102, 679766, 0, 0, 0
42200, 878337, 1, 0, 0
42201, 625552, 0, 0, 0
42300, 859838, 1, 0, 0
42301, 610625, 0, 0, 0
42400, 851632, 1, 0, 0
42405, 596247, 0, 0, 0
42500, 873936, 1, 0, 0
42503, 593543, 0, 0, 0
42600, 638095, 0, 0, 0
42601, 882604, 1, 0, 0
42700, 878323, 1, 0, 0
42708, 607612, 0, 0, 0
42800, 613892, 0, 0, 0
42801, 883408, 1, 0, 0
42900, 876294, 1, 0, 0
42901, 596808, 0, 0, 0
43000, 883467, 1, 0, 0
43001, 605445, 0, 0, 0
43100, 877968, 1, 0, 0
43100, 629134, 0, 0, 0
43200, 862351, 1, 0, 0
43201, 609237, 0, 0, 0
43300, 845717, 1, 0, 0
43301, 640912, 0, 0, 0
43400, 825711, 1, 0, 0
43409, 621970, 0, 0, 0
43500, 899939, 1, 0, 0
43503, 597245, 0, 0, 0
43600, 874158, 1, 0, 0
43603, 603222, 0, 0, 0
43700, 860306, 1, 0, 0
43700, 602904, 0, 0, 0
43800, 873695, 1, 0, 0
43802, 612754, 0, 0, 0
43900, 877747, 1, 0, 0
43906, 601873, 0, 0, 0
44000, 877087, 1, 0, 0
44001, 612927, 0, 0, 0
44100, 880669, 1, 0, 0
44101, 637080, 0, 0, 0
44200, 590113, 0, 0, 0
44200, 871186, 1, 0, 0
44300, 627566, 0, 0, 0
44301, 860239, 1, 0, 0
44400, 627444, 0, 0, 0
44402, 878779, 1, 0, 0
44500, 618814, 0, 0, 0
44501, 928040, 1, 0, 0
44600, 878746, 1, 0, 0
44607, 608354, 0, 0, 0
44700, 908975, 1, 0, 0
44702, 635984, 0, 0, 0
44801, 929113, 1, 0, 0
44807, 627248, 0, 0, 0
44900, 855587, 1, 0, 0
44902, 619882, 0, 0, 0
45000, 636560, 0, 0, 0
45000, 851451, 1, 0, 0
45100, 899660, 1, 0, 0
45102, 590328, 0, 0, 0
45200, 890231, 1, 0, 0
45202, 615939, 0, 0, 0
45300, 936152, 1, 0, 0
45301, 618932, 0, 0, 0
45400, 864282, 1, 0, 0
45403, 640429, 0, 0, 0
45500, 879352, 1, 0, 0
45504, 665394, 0, 0, 0
45600, 899089, 1, 0, 0
45601, 646812, 0, 0, 0
45700, 878754, 1, 0, 0
45701, 622734, 0, 0, 0
45800, 872046, 1, 0, 0
45801, 613502, 0, 0, 0
45901, 890352, 1, 0, 0
45902, 611037, 0, 0, 0
46000, 861348, 1, 0, 0
46002, 598279, 0, 0, 0
46100, 870707, 1, 0, 0
46102, 595165, 0, 0, 0
46200, 882553, 1, 0, 0
46203, 656384, 0, 0, 0
46300, 883155, 1, 0, 0
46301, 619483, 0, 0, 0
46400, 885662, 1, 0, 0
46405, 619363, 0, 0, 0
46500, 925268, 1, 0, 0
46515, 631037, 0, 0, 0
46600, 880000, 1, 0, 0
46600, 604679, 0, 0, 0
46700, 918964, 1, 0, 0
46702, 650900, 0, 0, 0
46800, 892164, 1, 0, 0
46804, 635560, 0, 0, 0
46900, 901644, 1, 0, 0
46901, 614430, 0, 0, 0
47000, 881728, 1, 0, 0
47003, 621777, 0, 0, 0
47100, 878386, 1, 0, 0
47100, 592183, 0, 0, 0
47200, 925308, 1, 0, 0
47210, 643000, 0, 0, 0
47300, 886901, 1, 0, 0
47300, 633599, 0, 0, 0
47400, 858232, 1, 0, 0
47401, 584217, 0, 0, 0
47500, 896590, 1, 0, 0
47506, 640538, 0, 0, 0
47600, 899868, 1, 0, 0
47601, 633110, 0, 0, 0
47700, 912628, 1, 0, 0
47700, 606517, 0, 0, 0
47800, 884207, 1, 0, 0
47802, 594948, 0, 0, 0
47900, 896125, 1, 0, 0
47902, 631933, 0, 0, 0
48000, 906233, 1, 0, 0
48000, 635218, 0, 0, 0
48100, 876986, 1, 0, 0
48102, 633112, 0, 0, 0
48200, 621848, 0, 0, 0
48200, 906569, 1, 0, 0
48300, 887304, 1, 0, 0
48315, 635285, 0, 0, 0
48400, 893401, 1, 0, 0
48404, 614738, 0, 0, 0
48500, 868664, 1, 0, 0
48500, 613365, 0, 0, 0
48600, 648273, 0, 0, 0
48601, 891982, 1, 0, 0
48700, 877302, 1, 0, 0
48701, 613899, 0, 0, 0
48800, 902599, 1, 0, 0
48801, 634235, 0, 0, 0
48900, 914024, 1, 0, 0
48901, 611965, 0, 0, 0
49000, 611084, 0, 0, 0
49001, 923808, 1, 0, 0
49100, 903133, 1, 0, 0
49102, 677122, 0, 0, 0
49200, 873612, 1, 0, 0
49205, 648211, 0, 0, 0
49300, 882661, 1, 0, 0
49301, 618010, 0, 0, 0
49400, 886313, 1, 0, 0
49401, 598964, 0, 0, 0
49500, 848667, 1, 0, 0
49501, 597772, 0, 0, 0
49600, 883780, 1, 0, 0
49603, 650514, 0, 0, 0
49700, 602757, 0, 0, 0
49701, 877811, 1, 0, 0
49800, 897195, 1, 0, 0
49800, 610737, 0, 0, 0
49900, 923335, 1, 0, 0
49901, 634656, 0, 0, 0
50000, 933914, 1, 0, 0
50003, 646534, 0, 0, 0
50100, 652774, 0, 0, 0
50101, 874576, 1, 0, 0
50200, 880758, 1, 0, 0
50205, 628360, 0, 0, 0
50300, 607544, 0, 0, 0
50301, 881971, 1, 0, 0
50400, 857152, 1, 0, 0
50405, 609329, 0, 0, 0
50500, 605641, 0, 0, 0
50501, 862449, 1, 0, 0
50600, 603312, 0, 0, 0
50602, 838912, 1, 0, 0
50700, 873283, 1, 0, 0
50701, 604710, 0, 0, 0
50800, 584629, 0, 0, 0
50801, 899567, 1, 0, 0
50900, 864049, 1, 0, 0
50900, 610426, 0, 0, 0
51000, 599216, 0, 0, 0
51001, 854496, 1, 0, 0
51100, 637259, 0, 0, 0
51101, 870049, 1, 0, 0
51200, 866728, 1, 0, 0
51200, 601587, 0, 0, 0
51300, 873023, 1, 0, 0
51300, 616177, 0, 0, 0
51400, 623076, 0, 0, 0
51401, 882668, 1, 0, 0
51500, 876397, 1, 0, 0
51506, 611344, 0, 0, 0
51600, 873418, 1, 0, 0
51602, 635382, 0, 0, 0
51700, 865580, 1, 0, 0
51704, 606411, 0, 0, 0
51800, 875864, 1, 0, 0
51802, 604676, 0, 0, 0
51900, 872665, 1, 0, 0
51902, 591854, 0, 0, 0
52000, 638951, 0, 0, 0
52001, 869778, 1, 0, 0
52100, 899678, 1, 0, 0
52108, 644702, 0, 0, 0
52200, 905110, 1, 0, 0
52206, 614593, 0, 0, 0
52300, 655901, 0, 0, 0
52301, 883702, 1, 0, 0
52400, 638934, 0, 0, 0
52402, 919644, 1, 0, 0
52500, 843265, 1, 0, 0
52504, 631985, 0, 0, 0
52600, 854284, 1, 0, 0
52608, 622338, 0, 0, 0
52700, 863396, 1, 0, 0
52700, 574416, 0, 0, 0
52800, 646302, 0, 0, 0
52801, 835737, 1, 0, 0
52900, 841953, 1, 0, 0
52902, 591682, 0, 0, 0
53000, 892751, 1, 0, 0
53007, 605893, 0, 0, 0
53100, 882687, 1, 0, 0
53101, 598132, 0, 0, 0
53200, 840199, 1, 0, 0
53202, 622889, 0, 0, 0
53300, 864993, 1, 0, 0
53305, 597345, 0, 0, 0
53400, 859759, 1, 0, 0
53401, 565132, 0, 0, 0
53500, 855473, 1, 0, 0
53502, 601655, 0, 0, 0
53600, 847461, 1, 0, 0
53600, 598519, 0, 0, 0
53700, 826767, 1, 0, 0
53701, 601164, 0, 0, 0
53800, 842110, 1, 0, 0
53803, 610519, 0, 0, 0
53900, 857756, 1, 0, 0
53901, 626096, 0, 0, 0
54000, 856525, 1, 0, 0
54004, 615634, 0, 0, 0
54100, 598376, 0, 0, 0
54101, 860309, 1, 0, 0
54200, 861409, 1, 0, 0
54205, 603256, 0, 0, 0
54300, 589084, 0, 0, 0
54301, 882461, 1, 0, 0
54400, 893844, 1, 0, 0
54406, 616984, 0, 0, 0
54500, 618485, 0, 0, 0
54501, 876948, 1, 0, 0
54600, 873327, 1, 0, 0
54607, 641696, 0, 0, 0
54700, 876120, 1, 0, 0
54701, 613850, 0, 0, 0
54800, 877606, 1, 0, 0
54800, 648938, 0, 0, 0
54900, 597347, 0, 0, 0
54901, 855065, 1, 0, 0
55000, 889071, 1, 0, 0
55002, 590447, 0, 0, 0
55100, 904052, 1, 0, 0
55104, 620661, 0, 0, 0
55200, 857900, 1, 0, 0
55200, 637099, 0, 0, 0
55300, 894021, 1, 0, 0
55302, 609843, 0, 0, 0
55400, 849716, 1, 0, 0
55406, 622772, 0, 0, 0
55500, 887380, 1, 0, 0
55501, 617530, 0, 0, 0
55600, 923858, 1, 0, 0
55601, 597067, 0, 0, 0
55700, 848163, 1, 0, 0
55704, 607314, 0, 0, 0
55800, 602766, 0, 0, 0
55800, 879682, 1, 0, 0
55900, 882608, 1, 0, 0
55901, 595316, 0, 0, 0
56000, 879664, 1, 0, 0
56001, 673056, 0, 0, 0
56100, 824307, 1, 0, 0
56103, 629380, 0, 0, 0
56200, 870347, 1, 0, 0
56201, 587277, 0, 0, 0
56300, 849541, 1, 0, 0
56302, 601731, 0, 0, 0
56400, 665709, 0, 0, 0
56401, 887216, 1, 0, 0
56500, 866700, 1, 0, 0
56500, 647925, 0, 0, 0
56600, 611858, 0, 0, 0
56602, 837169, 1, 0, 0
56700, 887178, 1, 0, 0
56701, 602767, 0, 0, 0
56800, 891644, 1, 0, 0
56805, 591015, 0, 0, 0
56900, 610791, 0, 0, 0
56902, 852947, 1, 0, 0
57000, 844302, 1, 0, 0
57003, 622401, 0, 0, 0
57100, 868657, 1, 0, 0
57101, 601445, 0, 0, 0
57200, 850036, 1, 0, 0
57201, 623006, 0, 0, 0
57300, 618285, 0, 0, 0
57301, 850578, 1, 0, 0
57400, 907101, 1, 0, 0
57401, 586951, 0, 0, 0
57500, 832266, 1, 0, 0
57503, 627285, 0, 0, 0
57601, 866872, 1, 0, 0
57602, 615967, 0, 0, 0
57700, 886204, 1, 0, 0
57714, 620445, 0, 0, 0
57800, 855873, 1, 0, 0
57804, 641854, 0, 0, 0
57900, 877611, 1, 0, 0
57905, 644518, 0, 0, 0
58000, 605928, 0, 0, 0
58001, 867414, 1, 0, 0
58100, 862655, 1, 0, 0
58101, 617558, 0, 0, 0
58200, 865744, 1, 0, 0
58203, 611200, 0, 0, 0
58300, 949233, 1, 0, 0
58301, 651018, 0, 0, 0
58400, 895328, 1, 0, 0
58402, 615743, 0, 0, 0
58500, 916593, 1, 0, 0
58501, 659141, 0, 0, 0
58600, 836860, 1, 0, 0
58611, 597846, 0, 0, 0
58700, 856946, 1, 0, 0
58701, 629661, 0, 0, 0
58800, 868543, 1, 0, 0
58804, 576208, 0, 0, 0
58900, 862722, 1, 0, 0
58905, 650579, 0, 0, 0
59000, 899910, 1, 0, 0
59002, 632688, 0, 0, 0
59100, 624729, 0, 0, 0
59100, 842060, 1, 0, 0
59200, 889794, 1, 0, 0
59201, 594711, 0, 0, 0
59301, 890326, 1, 0, 0
59303, 634854, 0, 0, 0
59400, 909826, 1, 0, 0
59405, 616758, 0, 0, 0
59500, 898272, 1, 0, 0
59501, 642840, 0, 0, 0
59600, 619034, 0, 0, 0
59601, 915623, 1, 0, 0
59700, 885254, 1, 0, 0
59700, 585940, 0, 0, 0
59800, 887369, 1, 0, 0
59804, 624977, 0, 0, 0
59900, 869495, 1, 0, 0
59901, 609357, 0, 0, 0
60000, 921478, 1, 0, 0
60001, 657833, 0, 0, 0
60100, 626887, 0, 0, 0
60101, 879858, 1, 0, 0
60200, 609914, 0, 0, 0
60201, 875675, 1, 0, 0
60300, 894613, 1, 0, 0
60307, 621586, 0, 0, 0
60400, 591219, 0, 0, 0
60402, 836735, 1, 0, 0
60500, 846492, 1, 0, 0
60503, 616550, 0, 0, 0
60600, 865614, 1, 0, 0
60601, 596897, 0, 0, 0
60700, 565357, 0, 0, 0
60701, 864107, 1, 0, 0
60800, 831816, 1, 0, 0
60800, 561292, 0, 0, 0
60900, 827148, 1, 0, 0
60901, 630951, 0, 0, 0
61000, 651995, 0, 0, 0
61001, 889168, 1, 0, 0
61100, 870767, 1, 0, 0
61106, 621352, 0, 0, 0
61200, 626255, 0, 0, 0
61201, 882838, 1, 0, 0
61300, 863646, 1, 0, 0
61303, 625591, 0, 0, 0
61400, 872657, 1, 0, 0
61405, 602550, 0, 0, 0
61500, 890913, 1, 0, 0
61507, 601185, 0, 0, 0
61600, 951298, 1, 0, 0
61603, 632093, 0, 0, 0
61700, 633307, 0, 0, 0
61701, 906954, 1, 0, 0
61800, 888379, 1, 0, 0
61801, 637569, 0, 0, 0
61900, 873785, 1, 0, 0
61902, 621132, 0, 0, 0
62000, 861629, 1, 0, 0
62002, 565849, 0, 0, 0
62100, 920469, 1, 0, 0
62104, 598861, 0, 0, 0
62200, 594728, 0, 0, 0
62201, 850645, 1, 0, 0
62300, 606235, 0, 0, 0
62300, 872131, 1, 0, 0
62400, 640285, 0, 0, 0
62400, 827011, 1, 0, 0
62500, 872608, 1, 0, 0
62501, 588157, 0, 0, 0
62600, 612617, 0, 0, 0
62601, 828456, 1, 0, 0
62700, 584376, 0, 0, 0
62701, 850519, 1, 0, 0
62800, 870210, 1, 0, 0
62803, 606659, 0, 0, 0
62900, 817352, 1, 0, 0
62904, 600979, 0, 0, 0
63000, 814319, 1, 0, 0
63001, 561660, 0, 0, 0
63101, 926383, 1, 0, 0
63104, 584314, 0, 0, 0
63200, 596651, 0, 0, 0
63201, 875711, 1, 0, 0
63300, 887490, 1, 0, 0
63302, 612498, 0, 0, 0
63400, 893268, 1, 0, 0
63401, 606996, 0, 0, 0
63500, 849536, 1, 0, 0
63501, 601443, 0, 0, 0
63600, 858598, 1, 0, 0
63601, 650272, 0, 0, 0
63700, 837455, 1, 0, 0
63700, 651873, 0, 0, 0
63800, 874066, 1, 0, 0
63802, 619252, 0, 0, 0
63900, 603328, 0, 0, 0
63901, 847299, 1, 0, 0
64000, 874646, 1, 0, 0
64000, 606757, 0, 0, 0
64100, 877952, 1, 0, 0
64107, 582515, 0, 0, 0
64200, 631999, 0, 0, 0
64201, 886314, 1, 0, 0
64300, 597896, 0, 0, 0
64301, 879604, 1, 0, 0
64400, 623829, 0, 0, 0
64401, 849415, 1, 0, 0
64500, 826906, 1, 0, 0
64500, 618482, 0, 0, 0
64600, 589472, 0, 0, 0
64601, 850114, 1, 0, 0
64700, 586506, 0, 0, 0
64701, 851284, 1, 0, 0
64800, 883374, 1, 0, 0
64807, 593791, 0, 0, 0
64900, 881042, 1, 0, 0
64900, 590871, 0, 0, 0
65000, 870335, 1, 0, 0
65000, 602559, 0, 0, 0
65100, 894929, 1, 0, 0
65104, 645296, 0, 0, 0
65200, 862774, 1, 0, 0
65200, 610953, 0, 0, 0
65300, 873015, 1, 0, 0
65302, 607913, 0, 0, 0
65400, 905439, 1, 0, 0
65401, 620718, 0, 0, 0
65500, 874561, 1, 0, 0
65506, 614589, 0, 0, 0
65600, 880894, 1, 0, 0
65604, 593922, 0, 0, 0
65700, 872011, 1, 0, 0
65701, 613233, 0, 0, 0
65800, 638412, 0, 0, 0
65801, 870153, 1, 0, 0
65900, 856575, 1, 0, 0
65903, 639754, 0, 0, 0
66000, 866332, 1, 0, 0
66004, 635926, 0, 0, 0
66100, 891938, 1, 0, 0
66103, 601760, 0, 0, 0
66200, 889512, 1, 0, 0
66206, 640900, 0, 0, 0
66300, 904082, 1, 0, 0
66300, 633586, 0, 0, 0
66400, 661874, 0, 0, 0
66401, 865953, 1, 0, 0
66500, 605133, 0, 0, 0
66501, 924745, 1, 0, 0
66600, 891976, 1, 0, 0
66601, 625912, 0, 0, 0
66700, 867975, 1, 0, 0
66702, 620912, 0, 0, 0
66800, 934252, 1, 0, 0
66800, 595211, 0, 0, 0
66900, 639103, 0, 0, 0
66901, 870107, 1, 0, 0
67000, 616134, 0, 0, 0
67000, 868698, 1, 0, 0
67100, 878987, 1, 0, 0
67102, 615049, 0, 0, 0
67200, 621444, 0, 0, 0
67201, 908107, 1, 0, 0
67301, 878983, 1, 0, 0
67302, 637226, 0, 0, 0
67401, 930907, 1, 0, 0
67403, 584990, 0, 0, 0
67500, 824830, 1, 0, 0
67504, 613550, 0, 0, 0
67600, 855381, 1, 0, 0
67608, 633121, 0, 0, 0
67700, 865518, 1, 0, 0
67703, 642380, 0, 0, 0
67800, 890102, 1, 0, 0
67803, 598530, 0, 0, 0
67900, 901895, 1, 0, 0
67902, 616528, 0, 0, 0
68000, 886195, 1, 0, 0
68003, 631457, 0, 0, 0
68100, 849837, 1, 0, 0
68101, 612269, 0, 0, 0
68200, 587161, 0, 0, 0
68201, 889751, 1, 0, 0
68300, 900351, 1, 0, 0
68303, 599195, 0, 0, 0
68400, 852761, 1, 0, 0
68401, 570069, 0, 0, 0
68501, 834792, 1, 0, 0
68502, 617267, 0, 0, 0
68600, 873089, 1, 0, 0
68600, 633643, 0, 0, 0
68700, 833746, 1, 0, 0
68701, 590661, 0, 0, 0
68800, 557381, 0, 0, 0
68800, 861804, 1, 0, 0
68900, 607886, 0, 0, 0
68901, 830410, 1, 0, 0
69000, 871790, 1, 0, 0
69002, 645242, 0, 0, 0
69100, 638935, 0, 0, 0
69101, 887210, 1, 0, 0
69200, 625523, 0, 0, 0
69201, 856975, 1, 0, 0
69300, 862483, 1, 0, 0
69301, 607144, 0, 0, 0
69400, 892102, 1, 0, 0
69404, 633986, 0, 0, 0
69500, 872515, 1, 0, 0
69501, 604075, 0, 0, 0
69600, 605113, 0, 0, 0
69601, 880546, 1, 0, 0
69700, 605577, 0, 0, 0
69701, 860475, 1, 0, 0
69800, 895130, 1, 0, 0
69802, 589232, 0, 0, 0
69900, 628608, 0, 0, 0
69902, 903687, 1, 0, 0
70000, 877964, 1, 0, 0
70002, 584881, 0, 0, 0
70100, 874104, 1, 0, 0
70101, 602561, 0, 0, 0
70200, 926015, 1, 0, 0
70202, 618639, 0, 0, 0
70300, 607363, 0, 0, 0
70301, 865595, 1, 0, 0
70400, 853180, 1, 0, 0
70409, 610737, 0, 0, 0
70500, 592276, 0, 0, 0
70502, 835011, 1, 0, 0
70600, 841672, 1, 0, 0
70606, 591040, 0, 0, 0
70700, 891145, 1, 0, 0
70700, 626136, 0, 0, 0
70800, 922608, 1, 0, 0
70803, 616093, 0, 0, 0
70900, 617462, 0, 0, 0
70902, 880384, 1, 0, 0
71000, 922316, 1, 0, 0
71007, 622092, 0, 0, 0
71100, 904387, 1, 0, 0
71102, 626417, 0, 0, 0
71200, 890344, 1, 0, 0
71200, 606066, 0, 0, 0
71300, 871405, 1, 0, 0
71303, 635655, 0, 0, 0
71400, 625329, 0, 0, 0
71401, 867907, 1, 0, 0
71500, 900807, 1, 0, 0
71504, 612718, 0, 0, 0
71600, 905279, 1, 0, 0
71601, 626185, 0, 0, 0
71700, 873743, 1, 0, 0
71700, 625963, 0, 0, 0
71800, 622632, 0, 0, 0
71800, 877826, 1, 0, 0
71900, 932695, 1, 0, 0
71904, 616709, 0, 0, 0
72000, 857482, 1, 0, 0
72000, 610463, 0, 0, 0
72100, 885259, 1, 0, 0
72101, 635003, 0, 0, 0
72200, 617468, 0, 0, 0
72201, 939403, 1, 0, 0
72300, 898590, 1, 0, 0
72301, 624250, 0, 0, 0
72400, 872854, 1, 0, 0
72402, 619527, 0, 0, 0
72500, 895817, 1, 0, 0
72501, 602955, 0, 0, 0
72600, 635988, 0, 0, 0
72601, 872288, 1, 0, 0
72700, 867121, 1, 0, 0
72701, 588733, 0, 0, 0
72800, 880180, 1, 0, 0
72808, 587357, 0, 0, 0
72900, 886624, 1, 0, 0
72900, 626514, 0, 0, 0
73000, 916948, 1, 0, 0
73002, 637787, 0, 0, 0
73100, 922629, 1, 0, 0
73109, 607278, 0, 0, 0
73200, 915757, 1, 0, 0
73205, 615661, 0, 0, 0
73300, 639344, 0, 0, 0
73301, 873200, 1, 0, 0
73400, 889802, 1, 0, 0
73401, 614599, 0, 0, 0
73500, 900542, 1, 0, 0
73500, 647077, 0, 0, 0
73600, 604065, 0, 0, 0
73601, 856321, 1, 0, 0
73700, 835517, 1, 0, 0
73706, 616611, 0, 0, 0
73800, 920371, 1, 0, 0
73801, 588980, 0, 0, 0
73900, 878036, 1, 0, 0
73902, 604109, 0, 0, 0
74000, 848146, 1, 0, 0
74002, 606810, 0, 0, 0
74100, 893307, 1, 0, 0
74101, 605636, 0, 0, 0
74200, 920625, 1, 0, 0
74202, 620104, 0, 0, 0
74302, 878173, 1, 0, 0
74305, 600747, 0, 0, 0
74400, 851149, 1, 0, 0
74403, 623946, 0, 0, 0
74500, 864467, 1, 0, 0
74502, 614747, 0, 0, 0
74600, 875036, 1, 0, 0
74601, 625227, 0, 0, 0
74700, 931697, 1, 0, 0
74703, 627547, 0, 0, 0
74800, 591891, 0, 0, 0
74801, 858683, 1, 0, 0
74900, 583032, 0, 0, 0
74901, 865661, 1, 0, 0
75000, 902384, 1, 0, 0
75008, 622895, 0, 0, 0
75100, 890911, 1, 0, 0
75100, 618416, 0, 0, 0
75200, 893466, 1, 0, 0
75203, 627563, 0, 0, 0
75300, 838609, 1, 0, 0
75305, 579869, 0, 0, 0
75400, 840326, 1, 0, 0
75401, 559093, 0, 0, 0
75500, 865176, 1, 0, 0
75502, 633182, 0, 0, 0
75600, 860601, 1, 0, 0
75600, 603529, 0, 0, 0
75700, 844114, 1, 0, 0
75701, 598402, 0, 0, 0
75800, 858015, 1, 0, 0
75803, 587034, 0, 0, 0
75900, 594515, 0, 0, 0
75901, 850786, 1, 0, 0
76001, 882841, 1, 0, 0
76002, 621647, 0, 0, 0
76100, 869551, 1, 0, 0
76102, 572369, 0, 0, 0
76200, 897039, 1, 0, 0
76204, 631159, 0, 0, 0
76300, 877718, 1, 0, 0
76300, 599921, 0, 0, 0
76400, 605487, 0, 0, 0
76402, 926538, 1, 0, 0
76500, 626225, 0, 0, 0
76502, 883676, 1, 0, 0
76600, 881586, 1, 0, 0
76608, 671325, 0, 0, 0
76700, 870052, 1, 0, 0
76702, 605705, 0, 0, 0
76800, 841836, 1, 0, 0
76808, 589491, 0, 0, 0
76900, 613406, 0, 0, 0
76902, 855820, 1, 0, 0
77000, 608868, 0, 0, 0
77000, 829423, 1, 0, 0
77100, 857992, 1, 0, 0
77103, 630720, 0, 0, 0
77200, 907344, 1, 0, 0
77204, 589619, 0, 0, 0
77300, 894835, 1, 0, 0
77302, 638308, 0, 0, 0
77400, 887060, 1, 0, 0
77403, 603546, 0, 0, 0
77500, 892694, 1, 0, 0
77504, 657708, 0, 0, 0
77600, 876537, 1, 0, 0
77601, 591648, 0, 0, 0
77700, 837974, 1, 0, 0
77703, 607357, 0, 0, 0
77800, 852596, 1, 0, 0
77801, 645386, 0, 0, 0
77900, 861459, 1, 0, 0
77901, 585460, 0, 0, 0
78000, 847938, 1, 0, 0
78004, 597627, 0, 0, 0
78100, 827642, 1, 0, 0
78101, 642154, 0, 0, 0
78200, 866686, 1, 0, 0
78201, 592740, 0, 0, 0
78300, 815661, 1, 0, 0
78302, 625255, 0, 0, 0
78400, 874353, 1, 0, 0
78401, 596110, 0, 0, 0
78500, 645964, 0, 0, 0
78500, 883517, 1, 0, 0
78600, 874966, 1, 0, 0
78603, 595441, 0, 0, 0
78700, 884873, 1, 0, 0
78702, 618394, 0, 0, 0
78800, 909193, 1, 0, 0
78801, 617030, 0, 0, 0
78900, 878484, 1, 0, 0
78901, 613711, 0, 0, 0
79000, 576573, 0, 0, 0
79001, 968002, 1, 0, 0
79100, 875210, 1, 0, 0
79102, 632253, 0, 0, 0
79200, 861162, 1, 0, 0
79201, 629165, 0, 0, 0
79300, 852611, 1, 0, 0
79302, 605222, 0, 0, 0
79400, 880441, 1, 0, 0
79401, 631999, 0, 0, 0
79500, 635179, 0, 0, 0
79502, 869390, 1, 0, 0
79600, 615923, 0, 0, 0
79601, 874598, 1, 0, 0
79700, 882622, 1, 0, 0
79706, 656072, 0, 0, 0
79800, 594282, 0, 0, 0
79801, 853797, 1, 0, 0
79900, 899716, 1, 0, 0
79904, 628018, 0, 0, 0
80000, 871997, 1, 0, 0
80003, 624873, 0, 0, 0
80100, 863731, 1, 0, 0
80104, 605865, 0, 0, 0
80200, 868665, 1, 0, 0
80202, 592520, 0, 0, 0
80300, 894027, 1, 0, 0
80301, 656179, 0, 0, 0
80400, 639603, 0, 0, 0
80401, 898757, 1, 0, 0
80500, 889310, 1, 0, 0
80504, 626819, 0, 0, 0
80600, 870088, 1, 0, 0
80601, 580261, 0, 0, 0
80700, 904091, 1, 0, 0
80700, 602177, 0, 0, 0
80800, 879738, 1, 0, 0
80801, 636396, 0, 0, 0
80900, 899584, 1, 0, 0
80904, 631086, 0, 0, 0
81000, 835131, 1, 0, 0
81006, 612964, 0, 0, 0
81100, 869171, 1, 0, 0
81103, 597415, 0, 0, 0
81200, 881908, 1, 0, 0
81201, 580449, 0, 0, 0
81300, 884515, 1, 0, 0
81303, 588317, 0, 0, 0
81400, 878809, 1, 0, 0
81403, 613813, 0, 0, 0
81500, 863982, 1, 0, 0
81507, 609337, 0, 0, 0
81600, 866894, 1, 0, 0
81605, 607782, 0, 0, 0
81700, 617202, 0, 0, 0
81700, 871659, 1, 0, 0
81800, 941996, 1, 0, 0
81803, 617939, 0, 0, 0
81900, 903843, 1, 0, 0
81903, 610868, 0, 0, 0
82000, 868220, 1, 0, 0
82002, 594956, 0, 0, 0
82100, 912866, 1, 0, 0
82102, 614526, 0, 0, 0
82201, 877334, 1, 0, 0
82202, 585819, 0, 0, 0
82300, 611870, 0, 0, 0
82301, 841418, 1, 0, 0
82401, 666510, 0, 0, 0
82403, 920884, 1, 0, 0
82501, 951589, 1, 0, 0
82501, 657954, 0, 0, 0
82600, 899204, 1, 0, 0
82601, 632560, 0, 0, 0
82700, 890230, 1, 0, 0
82700, 608936, 0, 0, 0
82800, 938203, 1, 0, 0
82801, 647665, 0, 0, 0
82900, 891508, 1, 0, 0
82905, 629295, 0, 0, 0
83000, 1004886, 1, 0, 0
83002, 663531, 0, 0, 0
83100, 898394, 1, 0, 0
83103, 600889, 0, 0, 0
83200, 863384, 1, 0, 0
83200, 608383, 0, 0, 0
83300, 934672, 1, 0, 0
83302, 642818, 0, 0, 0
83400, 912899, 1, 0, 0
83401, 637656, 0, 0, 0
83500, 890572, 1, 0, 0
83501, 614998, 0, 0, 0
83600, 915413, 1, 0, 0
83600, 640316, 0, 0, 0
83700, 902431, 1, 0, 0
83700, 638077, 0, 0, 0
83800, 938383, 1, 0, 0
83813, 603329, 0, 0, 0
83902, 912658, 1, 0, 0
83903, 625825, 0, 0, 0
84000, 877012, 1, 0, 0
84001, 592206, 0, 0, 0
84100, 864777, 1, 0, 0
84101, 649800, 0, 0, 0
84200, 633002, 0, 0, 0
84201, 890734, 1, 0, 0
84300, 909942, 1, 0, 0
84301, 601342, 0, 0, 0
84400, 882932, 1, 0, 0
84403, 596841, 0, 0, 0
84500, 866047, 1, 0, 0
84501, 604736, 0, 0, 0
84600, 819504, 1, 0, 0
84603, 605505, 0, 0, 0
84701, 840189, 1, 0, 0
84702, 618962, 0, 0, 0
84800, 856456, 1, 0, 0
84813, 622554, 0, 0, 0
84900, 889855, 1, 0, 0
84905, 615066, 0, 0, 0
85000, 865300, 1, 0, 0
85004, 624266, 0, 0, 0
85100, 587078, 0, 0, 0
85101, 896466, 1, 0, 0
85200, 600406, 0, 0, 0
85201, 882820, 1, 0, 0
85300, 902338, 1, 0, 0
85301, 657757, 0, 0, 0
85400, 875478, 1, 0, 0
85401, 627959, 0, 0, 0
85500, 851441, 1, 0, 0
85501, 617132, 0, 0, 0
85600, 884077, 1, 0, 0
85605, 620559, 0, 0, 0
85700, 854652, 1, 0, 0
85704, 571299, 0, 0, 0
85800, 866133, 1, 0, 0
85805, 580223, 0, 0, 0
85900, 897845, 1, 0, 0
85901, 609108, 0, 0, 0
86000, 904808, 1, 0, 0
86002, 579872, 0, 0, 0
86100, 628931, 0, 0, 0
86101, 881473, 1, 0, 0
86200, 899223, 1, 0, 0
86201, 663332, 0, 0, 0
86300, 872787, 1, 0, 0
86301, 617755, 0, 0, 0
86400, 651744, 0, 0, 0
86401, 859258, 1, 0, 0
86500, 858243, 1, 0, 0
86502, 590114, 0, 0, 0
86600, 955792, 1, 0, 0
86602, 617012, 0, 0, 0
86700, 937147, 1, 0, 0
86703, 621289, 0, 0, 0
86800, 909551, 1, 0, 0
86801, 604473, 0, 0, 0
86900, 906561, 1, 0, 0
86901, 623478, 0, 0, 0
87000, 875863, 1, 0, 0
87001, 602382, 0, 0, 0
87101, 938933, 1, 0, 0
87104, 582644, 0, 0, 0
87200, 903469, 1, 0, 0
87201, 630830, 0, 0, 0
87300, 913269, 1, 0, 0
87309, 637151, 0, 0, 0
87400, 874495, 1, 0, 0
87401, 666019, 0, 0, 0
87500, 877835, 1, 0, 0
87502, 612017, 0, 0, 0
87600, 594101, 0, 0, 0
87602, 869762, 1, 0, 0
87700, 905932, 1, 0, 0
87704, 594497, 0, 0, 0
87800, 904999, 1, 0, 0
87800, 615166, 0, 0, 0
87900, 909254, 1, 0, 0
87904, 605303, 0, 0, 0
88000, 886607, 1, 0, 0
88004, 604443, 0, 0, 0
88100, 614718, 0, 0, 0
88100, 944195, 1, 0, 0
88200, 613807, 0, 0, 0
88201, 874047, 1, 0, 0
88300, 866615, 1, 0, 0
88301, 629665, 0, 0, 0
88400, 860620, 1, 0, 0
88401, 586184, 0, 0, 0
88500, 621788, 0, 0, 0
88500, 878449, 1, 0, 0
88600, 905983, 1, 0, 0
88603, 596342, 0, 0, 0
88700, 916373, 1, 0, 0
88706, 606708, 0, 0, 0
88800, 930966, 1, 0, 0
88800, 614349, 0, 0, 0
88900, 884530, 1, 0, 0
88901, 586672, 0, 0, 0
89000, 601520, 0, 0, 0
89000, 871704, 1, 0, 0
89100, 873661, 1, 0, 0
89101, 593523, 0, 0, 0
89200, 854514, 1, 0, 0
89202, 595922, 0, 0, 0
89300, 587188, 0, 0, 0
89301, 864043, 1, 0, 0
89400, 893612, 1, 0, 0
89400, 624330, 0, 0, 0
89500, 862110, 1, 0, 0
89502, 589485, 0, 0, 0
89600, 919764, 1, 0, 0
89611, 611509, 0, 0, 0
89700, 934285, 1, 0, 0
89701, 630495, 0, 0, 0
89800, 901601, 1, 0, 0
89801, 619302, 0, 0, 0
89900, 844873, 1, 0, 0
89902, 632905, 0, 0, 0
90000, 834033, 1, 0, 0
90000, 608038, 0, 0, 0
