100, 1733930, 0, 0, 0
201, 1704066, 0, 0, 0
301, 1879050, 0, 0, 0
400, 1806823, 0, 0, 0
501, 1760428, 0, 0, 0
600, 1800570, 0, 0, 0
700, 1872834, 0, 0, 0
801, 1776199, 0, 0, 0
901, 1879679, 0, 0, 0
1000, 1864309, 0, 0, 0
1101, 1739428, 0, 0, 0
1200, 1730747, 0, 0, 0
1300, 1783734, 0, 0, 0
1400, 1876395, 0, 0, 0
1500, 1789008, 0, 0, 0
1600, 1757707, 0, 0, 0
1701, 1782493, 0, 0, 0
1800, 1737669, 0, 0, 0
1901, 1809857, 0, 0, 0
2000, 1725486, 0, 0, 0
2100, 1846700, 0, 0, 0
2200, 1763059, 0, 0, 0
2301, 1736563, 0, 0, 0
2401, 1805119, 0, 0, 0
2500, 1740236, 0, 0, 0
2601, 1866997, 0, 0, 0
2700, 1753430, 0, 0, 0
2801, 1742654, 0, 0, 0
2901, 1777263, 0, 0, 0
3000, 1808977, 0, 0, 0
3100, 1864787, 0, 0, 0
3200, 1701298, 0, 0, 0
3300, 1775007, 0, 0, 0
3401, 1805525, 0, 0, 0
3500, 1796435, 0, 0, 0
3600, 1803983, 0, 0, 0
3701, 1808130, 0, 0, 0
3801, 1742996, 0, 0, 0
3900, 1766169, 0, 0, 0
4000, 1784357, 0, 0, 0
4100, 1783253, 0, 0, 0
4201, 1797576, 0, 0, 0
4300, 1760667, 0, 0, 0
4400, 1765304, 0, 0, 0
4500, 1781120, 0, 0, 0
4600, 1879507, 0, 0, 0
4701, 1761068, 0, 0, 0
4801, 1782536, 0, 0, 0
4900, 1701391, 0, 0, 0
5000, 1758041, 0, 0, 0
5101, 1765185, 0, 0, 0
5201, 1726259, 0, 0, 0
5300, 1851033, 0, 0, 0
5401, 1749794, 0, 0, 0
5501, 1774046, 0, 0, 0
5601, 1721339, 0, 0, 0
5701, 1761434, 0, 0, 0
5800, 1851381, 0, 0, 0
5901, 1745116, 0, 0, 0
6000, 1901624, 0, 0, 0
6100, 1805588, 0, 0, 0
6200, 1786542, 0, 0, 0
6300, 1786752, 0, 0, 0
6400, 1783547, 0, 0, 0
6501, 1889255, 0, 0, 0
6601, 1812003, 0, 0, 0
6701, 1846397, 0, 0, 0
6801, 1751764, 0, 0, 0
6900, 1795559, 0, 0, 0
7001, 1800710, 0, 0, 0
7101, 1818649, 0, 0, 0
7201, 1746325, 0, 0, 0
7300, 1765567, 0, 0, 0
7401, 1802709, 0, 0, 0
7500, 1899906, 0, 0, 0
7600, 1789946, 0, 0, 0
7700, 1947318, 0, 0, 0
7801, 1744151, 0, 0, 0
7900, 1737764, 0, 0, 0
8001, 1827210, 0, 0, 0
8100, 1730662, 0, 0, 0
8201, 1905820, 0, 0, 0
8301, 1711797, 0, 0, 0
8401, 1793486, 0, 0, 0
8501, 1711337, 0, 0, 0
8600, 1765588, 0, 0, 0
8700, 1752057, 0, 0, 0
8800, 1851112, 0, 0, 0
8900, 1802060, 0, 0, 0
9000, 1765752, 0, 0, 0
9101, 1732199, 0, 0, 0
9200, 1694318, 0, 0, 0
9300, 1797358, 0, 0, 0
9401, 1733563, 0, 0, 0
9500, 1799574, 0, 0, 0
9601, 1764394, 0, 0, 0
9701, 1806111, 0, 0, 0
9800, 1805267, 0, 0, 0
9900, 1777735, 0, 0, 0
10000, 1852350, 0, 0, 0
10100, 1718722, 0, 0, 0
10200, 1746754, 0, 0, 0
10301, 1907572, 0, 0, 0
10400, 1856818, 0, 0, 0
10500, 1750125, 0, 0, 0
10601, 1715602, 0, 0, 0
10700, 1796660, 0, 0, 0
10801, 1829586, 0, 0, 0
10900, 1859158, 0, 0, 0
11000, 1731496, 0, 0, 0
11101, 1705521, 0, 0, 0
11200, 1895190, 0, 0, 0
11300, 1714233, 0, 0, 0
11400, 1813084, 0, 0, 0
11501, 1686702, 0, 0, 0
11601, 1684970, 0, 0, 0
11701, 1730500, 0, 0, 0
11800, 1763703, 0, 0, 0
11900, 1783836, 0, 0, 0
12000, 1815594, 0, 0, 0
12100, 1772109, 0, 0, 0
12201, 1661085, 0, 0, 0
12300, 1866823, 0, 0, 0
12401, 1829248, 0, 0, 0
12501, 1839668, 0, 0, 0
12601, 1780754, 0, 0, 0
12700, 1865934, 0, 0, 0
12800, 1751066, 0, 0, 0
12900, 1696927, 0, 0, 0
13000, 1755336, 0, 0, 0
13101, 1757674, 0, 0, 0
13200, 1831363, 0, 0, 0
13300, 1746486, 0, 0, 0
13400, 1676468, 0, 0, 0
13500, 1815912, 0, 0, 0
13600, 1845523, 0, 0, 0
13700, 1786125, 0, 0, 0
13800, 1750994, 0, 0, 0
13901, 1849837, 0, 0, 0
14000, 1844382, 0, 0, 0
14101, 1784531, 0, 0, 0
14201, 1755219, 0, 0, 0
14300, 1774987, 0, 0, 0
14401, 1699387, 0, 0, 0
14501, 1666507, 0, 0, 0
14600, 1786210, 0, 0, 0
14700, 1732219, 0, 0, 0
14801, 1824863, 0, 0, 0
14901, 1812991, 0, 0, 0
15000, 1740033, 0, 0, 0
15100, 1809058, 0, 0, 0
15201, 1801491, 0, 0, 0
15300, 1739990, 0, 0, 0
15400, 1779750, 0, 0, 0
15501, 1709514, 0, 0, 0
15600, 1704311, 0, 0, 0
15700, 1849414, 0, 0, 0
15800, 1872476, 0, 0, 0
15901, 1763053, 0, 0, 0
16000, 1804926, 0, 0, 0
16101, 1933503, 0, 0, 0
16200, 1704438, 0, 0, 0
16300, 1786824, 0, 0, 0
16400, 1719821, 0, 0, 0
16501, 1758404, 0, 0, 0
16600, 1738931, 0, 0, 0
16700, 1849322, 0, 0, 0
16800, 1845491, 0, 0, 0
16900, 1783606, 0, 0, 0
17001, 1736435, 0, 0, 0
17100, 1734538, 0, 0, 0
17200, 1786797, 0, 0, 0
17300, 1772989, 0, 0, 0
17401, 1775372, 0, 0, 0
17501, 1839786, 0, 0, 0
17600, 1803328, 0, 0, 0
17700, 1818234, 0, 0, 0
17800, 1838032, 0, 0, 0
17902, 1882766, 0, 0, 0
18000, 1851830, 0, 0, 0
18100, 1777468, 0, 0, 0
18200, 1764387, 0, 0, 0
18300, 1752086, 0, 0, 0
18400, 1767649, 0, 0, 0
18500, 1814015, 0, 0, 0
18601, 1737010, 0, 0, 0
18701, 1697823, 0, 0, 0
18801, 1856118, 0, 0, 0
18901, 1771953, 0, 0, 0
19001, 1783573, 0, 0, 0
19100, 1805236, 0, 0, 0
19201, 1755370, 0, 0, 0
19300, 1831375, 0, 0, 0
19400, 1722356, 0, 0, 0
19500, 1667084, 0, 0, 0
19600, 1776717, 0, 0, 0
19701, 1841857, 0, 0, 0
19800, 1816410, 0, 0, 0
19900, 1815228, 0, 0, 0
20001, 1683516, 0, 0, 0
20100, 1791413, 0, 0, 0
20200, 1814963, 0, 0, 0
20300, 1750695, 0, 0, 0
20400, 1765217, 0, 0, 0
20501, 1816983, 0, 0, 0
20601, 1820899, 0, 0, 0
20701, 1815463, 0, 0, 0
20802, 1829641, 0, 0, 0
20900, 1776139, 0, 0, 0
21001, 1744197, 0, 0, 0
21101, 1809456, 0, 0, 0
21201, 1755198, 0, 0, 0
21300, 1889575, 0, 0, 0
21400, 1760864, 0, 0, 0
21501, 1763555, 0, 0, 0
21600, 1894149, 0, 0, 0
21700, 1933297, 0, 0, 0
21800, 1840376, 0, 0, 0
21901, 1830558, 0, 0, 0
22001, 1754626, 0, 0, 0
22100, 1766706, 0, 0, 0
22201, 1853923, 0, 0, 0
22301, 1700444, 0, 0, 0
22400, 1818806, 0, 0, 0
22500, 1880765, 0, 0, 0
22600, 1705255, 0, 0, 0
22700, 1771033, 0, 0, 0
22800, 1778368, 0, 0, 0
22900, 1732330, 0, 0, 0
23000, 1773614, 0, 0, 0
23101, 1714531, 0, 0, 0
23200, 1908382, 0, 0, 0
23301, 1665514, 0, 0, 0
23401, 1848064, 0, 0, 0
23500, 1905637, 0, 0, 0
23600, 1744529, 0, 0, 0
23700, 1731287, 0, 0, 0
23801, 1828310, 0, 0, 0
23900, 1707947, 0, 0, 0
24001, 1832702, 0, 0, 0
24101, 1814309, 0, 0, 0
24201, 1778007, 0, 0, 0
24300, 1789884, 0, 0, 0
24401, 1718117, 0, 0, 0
24501, 1688390, 0, 0, 0
24600, 1709293, 0, 0, 0
24700, 1665936, 0, 0, 0
24800, 1869952, 0, 0, 0
24900, 1759601, 0, 0, 0
25000, 1661206, 0, 0, 0
25100, 1808023, 0, 0, 0
25202, 1755028, 0, 0, 0
25301, 1831546, 0, 0, 0
25401, 1782944, 0, 0, 0
25500, 1796418, 0, 0, 0
25601, 1801781, 0, 0, 0
25701, 1820649, 0, 0, 0
25800, 1731513, 0, 0, 0
25900, 1838726, 0, 0, 0
26000, 1730297, 0, 0, 0
26100, 1875740, 0, 0, 0
26200, 1732027, 0, 0, 0
26301, 1698614, 0, 0, 0
26400, 1761003, 0, 0, 0
26501, 1771326, 0, 0, 0
26601, 1760912, 0, 0, 0
26701, 1839202, 0, 0, 0
26800, 1774313, 0, 0, 0
26901, 1788663, 0, 0, 0
27001, 1852401, 0, 0, 0
27101, 1777050, 0, 0, 0
27202, 1735621, 0, 0, 0
27301, 1775798, 0, 0, 0
27400, 1722279, 0, 0, 0
27501, 1810651, 0, 0, 0
27600, 1798009, 0, 0, 0
27700, 1769684, 0, 0, 0
27800, 1751709, 0, 0, 0
27901, 1803253, 0, 0, 0
28001, 1847423, 0, 0, 0
28101, 1664147, 0, 0, 0
28201, 1839868, 0, 0, 0
28300, 1905902, 0, 0, 0
28400, 1874287, 0, 0, 0
28500, 1820363, 0, 0, 0
28601, 1712017, 0, 0, 0
28701, 1842238, 0, 0, 0
28800, 1746023, 0, 0, 0
28900, 1870097, 0, 0, 0
29000, 1746708, 0, 0, 0
29100, 1964831, 0, 0, 0
29201, 1870053, 0, 0, 0
29300, 1786728, 0, 0, 0
29400, 1674088, 0, 0, 0
29501, 1798932, 0, 0, 0
29600, 1666569, 0, 0, 0
29700, 1844276, 0, 0, 0
29800, 1829754, 0, 0, 0
29900, 1685623, 0, 0, 0
30001, 1834061, 0, 0, 0
30101, 1875676, 0, 0, 0
30201, 1780098, 0, 0, 0
30301, 1844781, 0, 0, 0
30401, 1882761, 0, 0, 0
30500, 1776978, 0, 0, 0
30600, 1872981, 0, 0, 0
30700, 1879499, 0, 0, 0
30800, 1750189, 0, 0, 0
30900, 1668969, 0, 0, 0
31001, 1804346, 0, 0, 0
31100, 1822687, 0, 0, 0
31200, 1777838, 0, 0, 0
31300, 1763308, 0, 0, 0
31401, 1857331, 0, 0, 0
31501, 1755218, 0, 0, 0
31601, 1813560, 0, 0, 0
31700, 1827615, 0, 0, 0
31801, 1798667, 0, 0, 0
31901, 1850265, 0, 0, 0
32001, 1925695, 0, 0, 0
32102, 1850598, 0, 0, 0
32200, 1695855, 0, 0, 0
32302, 1776534, 0, 0, 0
32400, 1789865, 0, 0, 0
32501, 1706498, 0, 0, 0
32600, 1860445, 0, 0, 0
32701, 1792211, 0, 0, 0
32801, 1965348, 0, 0, 0
32901, 1837937, 0, 0, 0
33000, 1868916, 0, 0, 0
33100, 1719464, 0, 0, 0
33200, 1811079, 0, 0, 0
33301, 1769965, 0, 0, 0
33400, 1836267, 0, 0, 0
33500, 1775658, 0, 0, 0
33601, 1711811, 0, 0, 0
33701, 1811989, 0, 0, 0
33801, 1883100, 0, 0, 0
33901, 1809022, 0, 0, 0
34000, 1736792, 0, 0, 0
34100, 1823784, 0, 0, 0
34202, 1870529, 0, 0, 0
34300, 1721038, 0, 0, 0
34401, 1766059, 0, 0, 0
34500, 1796885, 0, 0, 0
34601, 1831266, 0, 0, 0
34700, 1772294, 0, 0, 0
34801, 1732938, 0, 0, 0
34901, 1883242, 0, 0, 0
35001, 1822196, 0, 0, 0
35100, 1787759, 0, 0, 0
35201, 1837968, 0, 0, 0
35300, 1828525, 0, 0, 0
35400, 1810095, 0, 0, 0
35500, 1756264, 0, 0, 0
35600, 1805559, 0, 0, 0
35700, 1850471, 0, 0, 0
35800, 1797248, 0, 0, 0
35900, 1801949, 0, 0, 0
36000, 1820437, 0, 0, 0
36100, 1715309, 0, 0, 0
36201, 1828173, 0, 0, 0
36301, 1792279, 0, 0, 0
36400, 1870661, 0, 0, 0
36500, 1780113, 0, 0, 0
36601, 1885153, 0, 0, 0
36700, 1742733, 0, 0, 0
36800, 1777296, 0, 0, 0
36900, 1750891, 0, 0, 0
37000, 1853579, 0, 0, 0
37101, 1827540, 0, 0, 0
37200, 1762136, 0, 0, 0
37300, 1793473, 0, 0, 0
37400, 1774350, 0, 0, 0
37500, 1788863, 0, 0, 0
37601, 1854833, 0, 0, 0
37700, 1710358, 0, 0, 0
37801, 1825940, 0, 0, 0
37900, 1739418, 0, 0, 0
38000, 1776082, 0, 0, 0
38100, 1725086, 0, 0, 0
38201, 1872236, 0, 0, 0
38301, 1774222, 0, 0, 0
38400, 1766657, 0, 0, 0
38500, 1845209, 0, 0, 0
38600, 1724106, 0, 0, 0
38700, 1844590, 0, 0, 0
38801, 1772241, 0, 0, 0
38900, 1803136, 0, 0, 0
39001, 1821725, 0, 0, 0
39100, 1790573, 0, 0, 0
39200, 1754243, 0, 0, 0
39300, 1882021, 0, 0, 0
39400, 1718525, 0, 0, 0
39501, 1865697, 0, 0, 0
39601, 1796167, 0, 0, 0
39701, 1769176, 0, 0, 0
39800, 1845950, 0, 0, 0
39902, 1684903, 0, 0, 0
40001, 1796067, 0, 0, 0
40101, 1717622, 0, 0, 0
40201, 1819720, 0, 0, 0
40300, 1766950, 0, 0, 0
40400, 1842196, 0, 0, 0
40500, 1811713, 0, 0, 0
40600, 1785197, 0, 0, 0
40700, 1760573, 0, 0, 0
40800, 1773702, 0, 0, 0
40900, 1821702, 0, 0, 0
41000, 1724201, 0, 0, 0
41100, 1739642, 0, 0, 0
41200, 1692117, 0, 0, 0
41300, 1750371, 0, 0, 0
41401, 1769819, 0, 0, 0
41500, 1704780, 0, 0, 0
41601, 1796896, 0, 0, 0
41701, 1810991, 0, 0, 0
41800, 1747663, 0, 0, 0
41900, 1721763, 0, 0, 0
42001, 1697376, 0, 0, 0
42101, 1815557, 0, 0, 0
42200, 1760816, 0, 0, 0
42301, 1750899, 0, 0, 0
42400, 1895958, 0, 0, 0
42500, 1745343, 0, 0, 0
42600, 1843417, 0, 0, 0
42701, 1833824, 0, 0, 0
42801, 1823792, 0, 0, 0
42901, 1809809, 0, 0, 0
43001, 1875476, 0, 0, 0
43100, 1731331, 0, 0, 0
43200, 1827783, 0, 0, 0
43301, 1820860, 0, 0, 0
43400, 1676818, 0, 0, 0
43501, 1804484, 0, 0, 0
43601, 1878792, 0, 0, 0
43700, 1732898, 0, 0, 0
43800, 1825331, 0, 0, 0
43900, 1837546, 0, 0, 0
44001, 1741812, 0, 0, 0
44100, 1674488, 0, 0, 0
44201, 1706219, 0, 0, 0
44300, 1757935, 0, 0, 0
44400, 1890665, 0, 0, 0
44501, 1804395, 0, 0, 0
44600, 1795418, 0, 0, 0
44700, 1751172, 0, 0, 0
44800, 1725275, 0, 0, 0
44900, 1772684, 0, 0, 0
45001, 1825385, 0, 0, 0
45100, 1807268, 0, 0, 0
45200, 1685359, 0, 0, 0
45301, 1802485, 0, 0, 0
45400, 1824761, 0, 0, 0
45500, 1782839, 0, 0, 0
45600, 1819946, 0, 0, 0
45700, 1845986, 0, 0, 0
45801, 1836304, 0, 0, 0
45901, 1775233, 0, 0, 0
46001, 1823863, 0, 0, 0
46101, 1884499, 0, 0, 0
46200, 1884758, 0, 0, 0
46300, 1720845, 0, 0, 0
46401, 1803986, 0, 0, 0
46501, 1774789, 0, 0, 0
46600, 1655883, 0, 0, 0
46700, 1747433, 0, 0, 0
46800, 1749569, 0, 0, 0
46901, 1768452, 0, 0, 0
47000, 1687428, 0, 0, 0
47101, 1787041, 0, 0, 0
47200, 1772029, 0, 0, 0
47301, 1826418, 0, 0, 0
47401, 1853440, 0, 0, 0
47501, 1715015, 0, 0, 0
47601, 1777987, 0, 0, 0
47700, 1769003, 0, 0, 0
47800, 1755571, 0, 0, 0
47900, 1959863, 0, 0, 0
48000, 1737415, 0, 0, 0
48101, 1836107, 0, 0, 0
48200, 1734173, 0, 0, 0
48300, 1794096, 0, 0, 0
48400, 1778103, 0, 0, 0
48501, 1766790, 0, 0, 0
48600, 1785724, 0, 0, 0
48700, 1790500, 0, 0, 0
48800, 1816042, 0, 0, 0
48902, 1844103, 0, 0, 0
49000, 1723331, 0, 0, 0
49100, 1778086, 0, 0, 0
49200, 1813834, 0, 0, 0
49300, 1728651, 0, 0, 0
49400, 1738645, 0, 0, 0
49500, 1792446, 0, 0, 0
49600, 1769336, 0, 0, 0
49701, 1777230, 0, 0, 0
49802, 1826509, 0, 0, 0
49900, 1726837, 0, 0, 0
50001, 1854292, 0, 0, 0
50100, 1658980, 0, 0, 0
50200, 1688755, 0, 0, 0
50300, 1694901, 0, 0, 0
50401, 1733681, 0, 0, 0
50500, 1693118, 0, 0, 0
50601, 1710698, 0, 0, 0
50700, 1674547, 0, 0, 0
50800, 1793728, 0, 0, 0
50900, 1742464, 0, 0, 0
51000, 1716507, 0, 0, 0
51101, 1778123, 0, 0, 0
51200, 1865923, 0, 0, 0
51300, 1749041, 0, 0, 0
51400, 1718657, 0, 0, 0
51501, 1733653, 0, 0, 0
51600, 1734598, 0, 0, 0
51701, 1731859, 0, 0, 0
51800, 1762885, 0, 0, 0
51900, 1766660, 0, 0, 0
52000, 1846560, 0, 0, 0
52101, 1888792, 0, 0, 0
52200, 1802891, 0, 0, 0
52300, 1784461, 0, 0, 0
52401, 1791099, 0, 0, 0
52500, 1738383, 0, 0, 0
52600, 1684928, 0, 0, 0
52700, 1750350, 0, 0, 0
52800, 1855372, 0, 0, 0
52900, 1683628, 0, 0, 0
53000, 1768262, 0, 0, 0
53100, 1869538, 0, 0, 0
53201, 1837611, 0, 0, 0
53301, 1742599, 0, 0, 0
53400, 1838973, 0, 0, 0
53500, 1748770, 0, 0, 0
53600, 1849687, 0, 0, 0
53701, 1758699, 0, 0, 0
53800, 1708833, 0, 0, 0
53900, 1757413, 0, 0, 0
54000, 1710140, 0, 0, 0
54101, 1805732, 0, 0, 0
54200, 1739249, 0, 0, 0
54301, 1759355, 0, 0, 0
54400, 1842562, 0, 0, 0
54501, 1850284, 0, 0, 0
54601, 1847004, 0, 0, 0
54700, 1870108, 0, 0, 0
54800, 1776057, 0, 0, 0
54901, 1769413, 0, 0, 0
55000, 1835359, 0, 0, 0
55100, 1751712, 0, 0, 0
55200, 1820571, 0, 0, 0
55301, 1802360, 0, 0, 0
55401, 1809946, 0, 0, 0
55500, 1768112, 0, 0, 0
55600, 1779913, 0, 0, 0
55700, 1768120, 0, 0, 0
55801, 1843073, 0, 0, 0
55900, 1821011, 0, 0, 0
56000, 1754553, 0, 0, 0
56101, 1796113, 0, 0, 0
56201, 1920750, 0, 0, 0
56300, 1728871, 0, 0, 0
56400, 1763776, 0, 0, 0
56500, 1774015, 0, 0, 0
56600, 1822419, 0, 0, 0
56701, 1767290, 0, 0, 0
56801, 1782555, 0, 0, 0
56900, 1783083, 0, 0, 0
57001, 1847361, 0, 0, 0
57100, 1753855, 0, 0, 0
57201, 1797559, 0, 0, 0
57301, 1761935, 0, 0, 0
57400, 1726676, 0, 0, 0
57500, 1783861, 0, 0, 0
57600, 1815353, 0, 0, 0
57700, 1718923, 0, 0, 0
57800, 1779689, 0, 0, 0
57901, 1763459, 0, 0, 0
58001, 1760580, 0, 0, 0
58100, 1797375, 0, 0, 0
58201, 1828572, 0, 0, 0
58301, 1779598, 0, 0, 0
58400, 1794490, 0, 0, 0
58501, 1802010, 0, 0, 0
58601, 1720742, 0, 0, 0
58700, 1709021, 0, 0, 0
58800, 1748184, 0, 0, 0
58900, 1883591, 0, 0, 0
59000, 1696809, 0, 0, 0
59100, 1847816, 0, 0, 0
59200, 1681360, 0, 0, 0
59300, 1747900, 0, 0, 0
59401, 1737021, 0, 0, 0
59501, 1788075, 0, 0, 0
59600, 1804286, 0, 0, 0
59701, 1764659, 0, 0, 0
59801, 1777306, 0, 0, 0
59901, 1694781, 0, 0, 0
60000, 1728253, 0, 0, 0
60100, 1781069, 0, 0, 0
60200, 1827454, 0, 0, 0
60300, 1735425, 0, 0, 0
60400, 1750673, 0, 0, 0
60500, 1726208, 0, 0, 0
60600, 1781788, 0, 0, 0
60700, 1731229, 0, 0, 0
60800, 1802134, 0, 0, 0
60901, 1682310, 0, 0, 0
61001, 1818871, 0, 0, 0
61100, 1795432, 0, 0, 0
61200, 1721201, 0, 0, 0
61301, 1771580, 0, 0, 0
61400, 1727727, 0, 0, 0
61500, 1753693, 0, 0, 0
61600, 1741847, 0, 0, 0
61701, 1774347, 0, 0, 0
61801, 1842925, 0, 0, 0
61900, 1766323, 0, 0, 0
62001, 1790826, 0, 0, 0
62101, 1785499, 0, 0, 0
62201, 1718961, 0, 0, 0
62300, 1804837, 0, 0, 0
62401, 1831076, 0, 0, 0
62501, 1873770, 0, 0, 0
62600, 1774153, 0, 0, 0
62700, 1845564, 0, 0, 0
62800, 1780190, 0, 0, 0
62901, 1705656, 0, 0, 0
63000, 1828643, 0, 0, 0
63100, 1797671, 0, 0, 0
63200, 1804810, 0, 0, 0
63300, 1758945, 0, 0, 0
63401, 1821408, 0, 0, 0
63500, 1714261, 0, 0, 0
63600, 1746270, 0, 0, 0
63700, 1807300, 0, 0, 0
63801, 1908373, 0, 0, 0
63900, 1796812, 0, 0, 0
64000, 1753425, 0, 0, 0
64100, 1719396, 0, 0, 0
64200, 1806764, 0, 0, 0
64300, 1786599, 0, 0, 0
64400, 1806930, 0, 0, 0
64500, 1828457, 0, 0, 0
64600, 1810013, 0, 0, 0
64701, 1758448, 0, 0, 0
64800, 1745741, 0, 0, 0
64900, 1690436, 0, 0, 0
65001, 1853907, 0, 0, 0
65100, 1797373, 0, 0, 0
65200, 1793190, 0, 0, 0
65301, 1729234, 0, 0, 0
65400, 1831915, 0, 0, 0
65500, 1812772, 0, 0, 0
65601, 1766076, 0, 0, 0
65701, 1757397, 0, 0, 0
65801, 1771989, 0, 0, 0
65900, 1807039, 0, 0, 0
66000, 1812626, 0, 0, 0
66100, 1822542, 0, 0, 0
66201, 1762698, 0, 0, 0
66301, 1806872, 0, 0, 0
66400, 1875895, 0, 0, 0
66501, 1851750, 0, 0, 0
66600, 1780314, 0, 0, 0
66701, 1798420, 0, 0, 0
66801, 1803131, 0, 0, 0
66901, 1853753, 0, 0, 0
67001, 1806670, 0, 0, 0
67100, 1898722, 0, 0, 0
67201, 1771225, 0, 0, 0
67300, 1801984, 0, 0, 0
67401, 1835670, 0, 0, 0
67501, 1836540, 0, 0, 0
67601, 1798649, 0, 0, 0
67700, 1816300, 0, 0, 0
67800, 1764488, 0, 0, 0
67901, 1830436, 0, 0, 0
68002, 1790709, 0, 0, 0
68101, 1730680, 0, 0, 0
68200, 1702162, 0, 0, 0
68301, 1712363, 0, 0, 0
68400, 1734832, 0, 0, 0
68500, 1713452, 0, 0, 0
68600, 1784039, 0, 0, 0
68701, 1771975, 0, 0, 0
68800, 1789448, 0, 0, 0
68901, 1775322, 0, 0, 0
69000, 1894920, 0, 0, 0
69100, 1824900, 0, 0, 0
69200, 1694283, 0, 0, 0
69300, 1873042, 0, 0, 0
69401, 1907810, 0, 0, 0
69502, 1822350, 0, 0, 0
69601, 1741418, 0, 0, 0
69702, 1789812, 0, 0, 0
69800, 1810930, 0, 0, 0
69900, 1830154, 0, 0, 0
70000, 1838100, 0, 0, 0
70101, 1830092, 0, 0, 0
70201, 1720675, 0, 0, 0
70300, 1709633, 0, 0, 0
70400, 1720745, 0, 0, 0
70501, 1868033, 0, 0, 0
70601, 1776476, 0, 0, 0
70701, 1725048, 0, 0, 0
70800, 1833244, 0, 0, 0
70900, 1777593, 0, 0, 0
71000, 1784972, 0, 0, 0
71101, 1672435, 0, 0, 0
71201, 1789307, 0, 0, 0
71300, 1934003, 0, 0, 0
71400, 1822491, 0, 0, 0
71500, 1739295, 0, 0, 0
71601, 1740046, 0, 0, 0
71701, 1778917, 0, 0, 0
71800, 1764971, 0, 0, 0
71900, 1730576, 0, 0, 0
72000, 1753541, 0, 0, 0
72100, 1747579, 0, 0, 0
72200, 1784625, 0, 0, 0
72302, 1836301, 0, 0, 0
72401, 1769727, 0, 0, 0
72501, 1848561, 0, 0, 0
72600, 1731522, 0, 0, 0
72700, 1824250, 0, 0, 0
72801, 1755384, 0, 0, 0
72901, 1759747, 0, 0, 0
73000, 1786589, 0, 0, 0
73100, 1856736, 0, 0, 0
73200, 1782876, 0, 0, 0
73300, 1808475, 0, 0, 0
73400, 1693732, 0, 0, 0
73501, 1792262, 0, 0, 0
73601, 1747844, 0, 0, 0
73700, 1840708, 0, 0, 0
73801, 1740396, 0, 0, 0
73900, 1816761, 0, 0, 0
74001, 1744210, 0, 0, 0
74100, 1794916, 0, 0, 0
74200, 1886701, 0, 0, 0
74301, 1764872, 0, 0, 0
74400, 1827554, 0, 0, 0
74501, 1769085, 0, 0, 0
74601, 1724719, 0, 0, 0
74701, 1873201, 0, 0, 0
74801, 1785899, 0, 0, 0
74900, 1736790, 0, 0, 0
75000, 1817959, 0, 0, 0
75100, 1872747, 0, 0, 0
75200, 1813831, 0, 0, 0
75301, 1770028, 0, 0, 0
75401, 1815756, 0, 0, 0
75501, 1842289, 0, 0, 0
75601, 1894888, 0, 0, 0
75700, 1819532, 0, 0, 0
75801, 1735688, 0, 0, 0
75900, 1777573, 0, 0, 0
76000, 1815146, 0, 0, 0
76101, 1728178, 0, 0, 0
76201, 1786176, 0, 0, 0
76300, 1828825, 0, 0, 0
76400, 1711289, 0, 0, 0
76500, 1846263, 0, 0, 0
76600, 1885738, 0, 0, 0
76701, 1677961, 0, 0, 0
76800, 1743791, 0, 0, 0
76900, 1773333, 0, 0, 0
77001, 1718055, 0, 0, 0
77101, 1769381, 0, 0, 0
77201, 1752449, 0, 0, 0
77300, 1732935, 0, 0, 0
77400, 1860368, 0, 0, 0
77501, 1820067, 0, 0, 0
77601, 1780428, 0, 0, 0
77700, 1735181, 0, 0, 0
77800, 1857159, 0, 0, 0
77900, 1844727, 0, 0, 0
78000, 1846771, 0, 0, 0
78100, 1780606, 0, 0, 0
78201, 1657171, 0, 0, 0
78301, 1771911, 0, 0, 0
78401, 1648569, 0, 0, 0
78500, 1866751, 0, 0, 0
78601, 1930409, 0, 0, 0
78701, 1712566, 0, 0, 0
78801, 1695705, 0, 0, 0
78900, 1824727, 0, 0, 0
79000, 1721341, 0, 0, 0
79101, 1836342, 0, 0, 0
79200, 1730803, 0, 0, 0
79301, 1774391, 0, 0, 0
79400, 1764127, 0, 0, 0
79501, 1737145, 0, 0, 0
79600, 1822976, 0, 0, 0
79700, 1788620, 0, 0, 0
79801, 1828888, 0, 0, 0
79901, 1847761, 0, 0, 0
80000, 1858230, 0, 0, 0
80101, 1771447, 0, 0, 0
80200, 1735004, 0, 0, 0
80301, 1708029, 0, 0, 0
80401, 1746660, 0, 0, 0
80500, 1733517, 0, 0, 0
80601, 1806861, 0, 0, 0
80700, 1754050, 0, 0, 0
80801, 1660824, 0, 0, 0
80900, 1870930, 0, 0, 0
81001, 1827983, 0, 0, 0
81101, 1742674, 0, 0, 0
81200, 1809424, 0, 0, 0
81300, 1804594, 0, 0, 0
81400, 1748396, 0, 0, 0
81500, 1815013, 0, 0, 0
81600, 1776762, 0, 0, 0
81700, 1721399, 0, 0, 0
81800, 1825722, 0, 0, 0
81900, 1687754, 0, 0, 0
82000, 1774480, 0, 0, 0
82100, 1860134, 0, 0, 0
82200, 1817731, 0, 0, 0
82301, 1766131, 0, 0, 0
82401, 1833684, 0, 0, 0
82502, 1839344, 0, 0, 0
82600, 1847161, 0, 0, 0
82701, 1825038, 0, 0, 0
82800, 1747303, 0, 0, 0
82901, 1725094, 0, 0, 0
83000, 1748896, 0, 0, 0
83100, 1774062, 0, 0, 0
83201, 1791999, 0, 0, 0
83300, 1749536, 0, 0, 0
83402, 1681075, 0, 0, 0
83501, 1834368, 0, 0, 0
83600, 1766252, 0, 0, 0
83700, 1807031, 0, 0, 0
83801, 1738768, 0, 0, 0
83901, 1719535, 0, 0, 0
84001, 1860363, 0, 0, 0
84100, 1728281, 0, 0, 0
84200, 1731030, 0, 0, 0
84301, 1816858, 0, 0, 0
84401, 1757096, 0, 0, 0
84500, 1739568, 0, 0, 0
84600, 1748030, 0, 0, 0
84700, 1813942, 0, 0, 0
84800, 1712932, 0, 0, 0
84901, 1717880, 0, 0, 0
85001, 1804122, 0, 0, 0
85100, 1869599, 0, 0, 0
85200, 1719168, 0, 0, 0
85302, 1817798, 0, 0, 0
85400, 1683406, 0, 0, 0
85500, 1751868, 0, 0, 0
85600, 1781039, 0, 0, 0
85700, 1825839, 0, 0, 0
85802, 1750925, 0, 0, 0
85900, 1769259, 0, 0, 0
86001, 1828580, 0, 0, 0
86101, 1781799, 0, 0, 0
86200, 1805401, 0, 0, 0
86301, 1859974, 0, 0, 0
86402, 1832309, 0, 0, 0
86500, 1791297, 0, 0, 0
86600, 1720018, 0, 0, 0
86701, 1791067, 0, 0, 0
86801, 1753140, 0, 0, 0
86900, 1735377, 0, 0, 0
87000, 1787598, 0, 0, 0
87101, 1695639, 0, 0, 0
87201, 1673299, 0, 0, 0
87301, 1707844, 0, 0, 0
87400, 1747128, 0, 0, 0
87500, 1801543, 0, 0, 0
87600, 1777172, 0, 0, 0
87700, 1794022, 0, 0, 0
87801, 1856492, 0, 0, 0
87901, 1783734, 0, 0, 0
88001, 1779616, 0, 0, 0
88101, 1761754, 0, 0, 0
88201, 1772849, 0, 0, 0
88300, 1740910, 0, 0, 0
88400, 1774705, 0, 0, 0
88500, 1788097, 0, 0, 0
88601, 1728024, 0, 0, 0
88700, 1812969, 0, 0, 0
88801, 1817441, 0, 0, 0
88900, 1774412, 0, 0, 0
89001, 1795967, 0, 0, 0
89100, 1709280, 0, 0, 0
89200, 1806875, 0, 0, 0
89300, 1812948, 0, 0, 0
89401, 1793727, 0, 0, 0
89500, 1776781, 0, 0, 0
89600, 1811668, 0, 0, 0
89700, 1772923, 0, 0, 0
89801, 1803115, 0, 0, 0
89900, 1792942, 0, 0, 0
90000, 1666677, 0, 0, 0
