250, 15680, 0, 0, 0
350, 15920, 0, 0, 0
450, 15680, 0, 0, 0
550, 15840, 0, 0, 0
650, 16320, 0, 0, 0
749, 15434, 0, 0, 0
849, 15440, 0, 0, 0
949, 15520, 0, 0, 0
1049, 15440, 0, 0, 0
1149, 15360, 0, 0, 0
1249, 15600, 0, 0, 0
1349, 15840, 0, 0, 0
1449, 15680, 0, 0, 0
1550, 15920, 0, 0, 0
1650, 16080, 0, 0, 0
1749, 15676, 0, 0, 0
1849, 15280, 0, 0, 0
1949, 15440, 0, 0, 0
2049, 15680, 0, 0, 0
2149, 15840, 0, 0, 0
2249, 15520, 0, 0, 0
2349, 15680, 0, 0, 0
2449, 15360, 0, 0, 0
2549, 15600, 0, 0, 0
2649, 16400, 0, 0, 0
2749, 15600, 0, 0, 0
2849, 16080, 0, 0, 0
2949, 15840, 0, 0, 0
3050, 15840, 0, 0, 0
3150, 15920, 0, 0, 0
3249, 16080, 0, 0, 0
3349, 15680, 0, 0, 0
3449, 15680, 0, 0, 0
3549, 15760, 0, 0, 0
3649, 15920, 0, 0, 0
3749, 15600, 0, 0, 0
3849, 16000, 0, 0, 0
3949, 15680, 0, 0, 0
4049, 15840, 0, 0, 0
4149, 15520, 0, 0, 0
4249, 15520, 0, 0, 0
4349, 15600, 0, 0, 0
4449, 15600, 0, 0, 0
4549, 16080, 0, 0, 0
4650, 15360, 0, 0, 0
4750, 15920, 0, 0, 0
4850, 15760, 0, 0, 0
4950, 15360, 0, 0, 0
5050, 15520, 0, 0, 0
5150, 15680, 0, 0, 0
5249, 15676, 0, 0, 0
5349, 15840, 0, 0, 0
5449, 16160, 0, 0, 0
5549, 16160, 0, 0, 0
5649, 15360, 0, 0, 0
5749, 15600, 0, 0, 0
5849, 15760, 0, 0, 0
5949, 15760, 0, 0, 0
6049, 16160, 0, 0, 0
6149, 15680, 0, 0, 0
6250, 15680, 0, 0, 0
6350, 15680, 0, 0, 0
6450, 15840, 0, 0, 0
6550, 15840, 0, 0, 0
6650, 15680, 0, 0, 0
6749, 15676, 0, 0, 0
6849, 15920, 0, 0, 0
6949, 15920, 0, 0, 0
7049, 15280, 0, 0, 0
7149, 15440, 0, 0, 0
7249, 15920, 0, 0, 0
7349, 15680, 0, 0, 0
7449, 16160, 0, 0, 0
7549, 15840, 0, 0, 0
7649, 15840, 0, 0, 0
7750, 16000, 0, 0, 0
7850, 15920, 0, 0, 0
7950, 15680, 0, 0, 0
8050, 16160, 0, 0, 0
8150, 15680, 0, 0, 0
8249, 15838, 0, 0, 0
8349, 16160, 0, 0, 0
8449, 15840, 0, 0, 0
8549, 16000, 0, 0, 0
8649, 16000, 0, 0, 0
8749, 15520, 0, 0, 0
8849, 15600, 0, 0, 0
8949, 16080, 0, 0, 0
9049, 15600, 0, 0, 0
9149, 15840, 0, 0, 0
9249, 16080, 0, 0, 0
9349, 15760, 0, 0, 0
9450, 15760, 0, 0, 0
9550, 15760, 0, 0, 0
9650, 16000, 0, 0, 0
9749, 15595, 0, 0, 0
9849, 15840, 0, 0, 0
9949, 15600, 0, 0, 0
10049, 15840, 0, 0, 0
10149, 15520, 0, 0, 0
10249, 16080, 0, 0, 0
10349, 16000, 0, 0, 0
10449, 15680, 0, 0, 0
10549, 15200, 0, 0, 0
10649, 15280, 0, 0, 0
10749, 15280, 0, 0, 0
10849, 15040, 0, 0, 0
10949, 15040, 0, 0, 0
11050, 15600, 0, 0, 0
11150, 15600, 0, 0, 0
11249, 15272, 0, 0, 0
11349, 15440, 0, 0, 0
11449, 15680, 0, 0, 0
11549, 15440, 0, 0, 0
11649, 15920, 0, 0, 0
11749, 15520, 0, 0, 0
11849, 15520, 0, 0, 0
11949, 16080, 0, 0, 0
12049, 15760, 0, 0, 0
12149, 15360, 0, 0, 0
12249, 14880, 0, 0, 0
12349, 15200, 0, 0, 0
12449, 15600, 0, 0, 0
12550, 15280, 0, 0, 0
12650, 15760, 0, 0, 0
12749, 15838, 0, 0, 0
12849, 15680, 0, 0, 0
12949, 15520, 0, 0, 0
13049, 15600, 0, 0, 0
13149, 15440, 0, 0, 0
13249, 15600, 0, 0, 0
13349, 15760, 0, 0, 0
13449, 15840, 0, 0, 0
13549, 16000, 0, 0, 0
13649, 15840, 0, 0, 0
13749, 15360, 0, 0, 0
13849, 15680, 0, 0, 0
13949, 15360, 0, 0, 0
14050, 15840, 0, 0, 0
14150, 15920, 0, 0, 0
14249, 15757, 0, 0, 0
14349, 15440, 0, 0, 0
14449, 15440, 0, 0, 0
14549, 15520, 0, 0, 0
14649, 15920, 0, 0, 0
14749, 15760, 0, 0, 0
14849, 15760, 0, 0, 0
14949, 15920, 0, 0, 0
15049, 15920, 0, 0, 0
15149, 15520, 0, 0, 0
15249, 15520, 0, 0, 0
15349, 16000, 0, 0, 0
15449, 15920, 0, 0, 0
15550, 15680, 0, 0, 0
15650, 15920, 0, 0, 0
15749, 16080, 0, 0, 0
15849, 16080, 0, 0, 0
15949, 15440, 0, 0, 0
16049, 15840, 0, 0, 0
16149, 15520, 0, 0, 0
16249, 15600, 0, 0, 0
16349, 16160, 0, 0, 0
16449, 15680, 0, 0, 0
16549, 15680, 0, 0, 0
16649, 15920, 0, 0, 0
16749, 15840, 0, 0, 0
16849, 15360, 0, 0, 0
16949, 15760, 0, 0, 0
17050, 15840, 0, 0, 0
17150, 16000, 0, 0, 0
17249, 15676, 0, 0, 0
17349, 15600, 0, 0, 0
17449, 15680, 0, 0, 0
17549, 15760, 0, 0, 0
17649, 15520, 0, 0, 0
17749, 15680, 0, 0, 0
17849, 15920, 0, 0, 0
17949, 15440, 0, 0, 0
18049, 15600, 0, 0, 0
18149, 15760, 0, 0, 0
18249, 15360, 0, 0, 0
18349, 15680, 0, 0, 0
18449, 16000, 0, 0, 0
18550, 15600, 0, 0, 0
18650, 15520, 0, 0, 0
18749, 15838, 0, 0, 0
18849, 15040, 0, 0, 0
18949, 15440, 0, 0, 0
19049, 15360, 0, 0, 0
19149, 15840, 0, 0, 0
19249, 15920, 0, 0, 0
19349, 15600, 0, 0, 0
19449, 16080, 0, 0, 0
19549, 15200, 0, 0, 0
19649, 15760, 0, 0, 0
19749, 15680, 0, 0, 0
19849, 14800, 0, 0, 0
19950, 15760, 0, 0, 0
20050, 15760, 0, 0, 0
20150, 15920, 0, 0, 0
20249, 15515, 0, 0, 0
20349, 15760, 0, 0, 0
20449, 15600, 0, 0, 0
20549, 15920, 0, 0, 0
20649, 15760, 0, 0, 0
20749, 15600, 0, 0, 0
20849, 15760, 0, 0, 0
20949, 16080, 0, 0, 0
21049, 16160, 0, 0, 0
21149, 15520, 0, 0, 0
21249, 15680, 0, 0, 0
21350, 15440, 0, 0, 0
21450, 15760, 0, 0, 0
21550, 15600, 0, 0, 0
21650, 15760, 0, 0, 0
21749, 15757, 0, 0, 0
21849, 15920, 0, 0, 0
21949, 15760, 0, 0, 0
22049, 16000, 0, 0, 0
22149, 15760, 0, 0, 0
22249, 15600, 0, 0, 0
22349, 15760, 0, 0, 0
22449, 15760, 0, 0, 0
22549, 16080, 0, 0, 0
22649, 16000, 0, 0, 0
22750, 15920, 0, 0, 0
22850, 15920, 0, 0, 0
22950, 16080, 0, 0, 0
23050, 16080, 0, 0, 0
23150, 15760, 0, 0, 0
23249, 15676, 0, 0, 0
23349, 15760, 0, 0, 0
23449, 15760, 0, 0, 0
23549, 15520, 0, 0, 0
23649, 15600, 0, 0, 0
23749, 15440, 0, 0, 0
23849, 15920, 0, 0, 0
23949, 15840, 0, 0, 0
24049, 15360, 0, 0, 0
24149, 15760, 0, 0, 0
24250, 15840, 0, 0, 0
24350, 15680, 0, 0, 0
24450, 16400, 0, 0, 0
24550, 15840, 0, 0, 0
24650, 15920, 0, 0, 0
24749, 15676, 0, 0, 0
24849, 15760, 0, 0, 0
24949, 15440, 0, 0, 0
25049, 15760, 0, 0, 0
25149, 15840, 0, 0, 0
25249, 15440, 0, 0, 0
25349, 15760, 0, 0, 0
25449, 15840, 0, 0, 0
25549, 15840, 0, 0, 0
25650, 15840, 0, 0, 0
25750, 15920, 0, 0, 0
25850, 15840, 0, 0, 0
25950, 15600, 0, 0, 0
26050, 15680, 0, 0, 0
26150, 15280, 0, 0, 0
26249, 15515, 0, 0, 0
26349, 15440, 0, 0, 0
26449, 16000, 0, 0, 0
26549, 15920, 0, 0, 0
26649, 15600, 0, 0, 0
26749, 15840, 0, 0, 0
26849, 15680, 0, 0, 0
26949, 15840, 0, 0, 0
27050, 15440, 0, 0, 0
27150, 15840, 0, 0, 0
27249, 15595, 0, 0, 0
27349, 16000, 0, 0, 0
27449, 15280, 0, 0, 0
27549, 16000, 0, 0, 0
27649, 15680, 0, 0, 0
27749, 15680, 0, 0, 0
27849, 15920, 0, 0, 0
27949, 15840, 0, 0, 0
28049, 15920, 0, 0, 0
28149, 15440, 0, 0, 0
28249, 15920, 0, 0, 0
28350, 15760, 0, 0, 0
28450, 16080, 0, 0, 0
28550, 15680, 0, 0, 0
28650, 15760, 0, 0, 0
28749, 15757, 0, 0, 0
28849, 15600, 0, 0, 0
28949, 15200, 0, 0, 0
29049, 15920, 0, 0, 0
29149, 15920, 0, 0, 0
29249, 15920, 0, 0, 0
29349, 16160, 0, 0, 0
29449, 16240, 0, 0, 0
29549, 15840, 0, 0, 0
29649, 15840, 0, 0, 0
29750, 15920, 0, 0, 0
29850, 15840, 0, 0, 0
29950, 16000, 0, 0, 0
30050, 15680, 0, 0, 0
30150, 15600, 0, 0, 0
30249, 15919, 0, 0, 0
30349, 15760, 0, 0, 0
30449, 15920, 0, 0, 0
30549, 15760, 0, 0, 0
30649, 15600, 0, 0, 0
30749, 15600, 0, 0, 0
30849, 15920, 0, 0, 0
30949, 16000, 0, 0, 0
31049, 15920, 0, 0, 0
31149, 15440, 0, 0, 0
31250, 15600, 0, 0, 0
31350, 15600, 0, 0, 0
31450, 15840, 0, 0, 0
31550, 15760, 0, 0, 0
31650, 15600, 0, 0, 0
31749, 15838, 0, 0, 0
31849, 15840, 0, 0, 0
31949, 15680, 0, 0, 0
32049, 16240, 0, 0, 0
32149, 15840, 0, 0, 0
32249, 16000, 0, 0, 0
32349, 15840, 0, 0, 0
32449, 15360, 0, 0, 0
32549, 15680, 0, 0, 0
32649, 15680, 0, 0, 0
32750, 15600, 0, 0, 0
32850, 15520, 0, 0, 0
32950, 16000, 0, 0, 0
33050, 15920, 0, 0, 0
33150, 15760, 0, 0, 0
33249, 15838, 0, 0, 0
33349, 15280, 0, 0, 0
33449, 15600, 0, 0, 0
33549, 16080, 0, 0, 0
33649, 15680, 0, 0, 0
33749, 16400, 0, 0, 0
33849, 15360, 0, 0, 0
33949, 16240, 0, 0, 0
34049, 15920, 0, 0, 0
34150, 15520, 0, 0, 0
34250, 15920, 0, 0, 0
34350, 15760, 0, 0, 0
34450, 15600, 0, 0, 0
34550, 15920, 0, 0, 0
34650, 15920, 0, 0, 0
34749, 15515, 0, 0, 0
34849, 15920, 0, 0, 0
34949, 15600, 0, 0, 0
35049, 15440, 0, 0, 0
35149, 16240, 0, 0, 0
35249, 16240, 0, 0, 0
35349, 16240, 0, 0, 0
35449, 15600, 0, 0, 0
35550, 15600, 0, 0, 0
35650, 16000, 0, 0, 0
35749, 15676, 0, 0, 0
35849, 15760, 0, 0, 0
35949, 15440, 0, 0, 0
36049, 15840, 0, 0, 0
36149, 15840, 0, 0, 0
36249, 15920, 0, 0, 0
36349, 15520, 0, 0, 0
36449, 15680, 0, 0, 0
36549, 15840, 0, 0, 0
36649, 15600, 0, 0, 0
36749, 15680, 0, 0, 0
36849, 15840, 0, 0, 0
36949, 15280, 0, 0, 0
37050, 16000, 0, 0, 0
37150, 15840, 0, 0, 0
37249, 15757, 0, 0, 0
37349, 15600, 0, 0, 0
37449, 15760, 0, 0, 0
37549, 15360, 0, 0, 0
37649, 15680, 0, 0, 0
37749, 15760, 0, 0, 0
37849, 15760, 0, 0, 0
37949, 15360, 0, 0, 0
38049, 15440, 0, 0, 0
38149, 15360, 0, 0, 0
38249, 15760, 0, 0, 0
38349, 15440, 0, 0, 0
38449, 15840, 0, 0, 0
38550, 15600, 0, 0, 0
38650, 15680, 0, 0, 0
38749, 15515, 0, 0, 0
38849, 15440, 0, 0, 0
38949, 15920, 0, 0, 0
39049, 15680, 0, 0, 0
39149, 15600, 0, 0, 0
39249, 15840, 0, 0, 0
39349, 15600, 0, 0, 0
39449, 15840, 0, 0, 0
39549, 15920, 0, 0, 0
39649, 15520, 0, 0, 0
39749, 15760, 0, 0, 0
39849, 16320, 0, 0, 0
39949, 15840, 0, 0, 0
40050, 16000, 0, 0, 0
40150, 15840, 0, 0, 0
40249, 15757, 0, 0, 0
40349, 15440, 0, 0, 0
40449, 15680, 0, 0, 0
40549, 15440, 0, 0, 0
40649, 15440, 0, 0, 0
40749, 15280, 0, 0, 0
40849, 15840, 0, 0, 0
40949, 15680, 0, 0, 0
41049, 15920, 0, 0, 0
41149, 15760, 0, 0, 0
41249, 16320, 0, 0, 0
41349, 16000, 0, 0, 0
41449, 15440, 0, 0, 0
41550, 15760, 0, 0, 0
41650, 15840, 0, 0, 0
41749, 15676, 0, 0, 0
41849, 15440, 0, 0, 0
41949, 16000, 0, 0, 0
42049, 15760, 0, 0, 0
42149, 15600, 0, 0, 0
42249, 15440, 0, 0, 0
42349, 15760, 0, 0, 0
42449, 15200, 0, 0, 0
42549, 15680, 0, 0, 0
42649, 15520, 0, 0, 0
42749, 15440, 0, 0, 0
42849, 15680, 0, 0, 0
42950, 15680, 0, 0, 0
43050, 15760, 0, 0, 0
43150, 15760, 0, 0, 0
43249, 15272, 0, 0, 0
43349, 15520, 0, 0, 0
43449, 15680, 0, 0, 0
43549, 15120, 0, 0, 0
43649, 15600, 0, 0, 0
43749, 15440, 0, 0, 0
43849, 15760, 0, 0, 0
43949, 15520, 0, 0, 0
44049, 15600, 0, 0, 0
44149, 15280, 0, 0, 0
44250, 15520, 0, 0, 0
44350, 15680, 0, 0, 0
44450, 15600, 0, 0, 0
44550, 15360, 0, 0, 0
44650, 15600, 0, 0, 0
44749, 15676, 0, 0, 0
44849, 15840, 0, 0, 0
44949, 15680, 0, 0, 0
45049, 15520, 0, 0, 0
45149, 15520, 0, 0, 0
45249, 15280, 0, 0, 0
45349, 15440, 0, 0, 0
45449, 15520, 0, 0, 0
45549, 15440, 0, 0, 0
45649, 15680, 0, 0, 0
45750, 15840, 0, 0, 0
45850, 15840, 0, 0, 0
45950, 16080, 0, 0, 0
46050, 15440, 0, 0, 0
46150, 15680, 0, 0, 0
46249, 15353, 0, 0, 0
46349, 15520, 0, 0, 0
46449, 15680, 0, 0, 0
46549, 15600, 0, 0, 0
46649, 16080, 0, 0, 0
46749, 15920, 0, 0, 0
46849, 15200, 0, 0, 0
46949, 15680, 0, 0, 0
47049, 15760, 0, 0, 0
47149, 15440, 0, 0, 0
47250, 15280, 0, 0, 0
47350, 15360, 0, 0, 0
47450, 15520, 0, 0, 0
47550, 15360, 0, 0, 0
47650, 15520, 0, 0, 0
47749, 15676, 0, 0, 0
47849, 15760, 0, 0, 0
47949, 15600, 0, 0, 0
48049, 15280, 0, 0, 0
48149, 15680, 0, 0, 0
48249, 15680, 0, 0, 0
48349, 15840, 0, 0, 0
48449, 15520, 0, 0, 0
48550, 15840, 0, 0, 0
48650, 15920, 0, 0, 0
48749, 15757, 0, 0, 0
48849, 15840, 0, 0, 0
48949, 15280, 0, 0, 0
49049, 15520, 0, 0, 0
49149, 15440, 0, 0, 0
49249, 14720, 0, 0, 0
49349, 15280, 0, 0, 0
49449, 15520, 0, 0, 0
49549, 15360, 0, 0, 0
49649, 15520, 0, 0, 0
49749, 15600, 0, 0, 0
49849, 15920, 0, 0, 0
49949, 15600, 0, 0, 0
50050, 15440, 0, 0, 0
50150, 15680, 0, 0, 0
50249, 15757, 0, 0, 0
50349, 15360, 0, 0, 0
50449, 15840, 0, 0, 0
50549, 15520, 0, 0, 0
50649, 15600, 0, 0, 0
50749, 15600, 0, 0, 0
50849, 15440, 0, 0, 0
50949, 15360, 0, 0, 0
51049, 15840, 0, 0, 0
51149, 15200, 0, 0, 0
51249, 15840, 0, 0, 0
51349, 16080, 0, 0, 0
51449, 15520, 0, 0, 0
51550, 15520, 0, 0, 0
51650, 15120, 0, 0, 0
51749, 15434, 0, 0, 0
51849, 15360, 0, 0, 0
51949, 15920, 0, 0, 0
52049, 15680, 0, 0, 0
52149, 15680, 0, 0, 0
52249, 16080, 0, 0, 0
52349, 15680, 0, 0, 0
52449, 16080, 0, 0, 0
52549, 15920, 0, 0, 0
52649, 15840, 0, 0, 0
52749, 15520, 0, 0, 0
52849, 15600, 0, 0, 0
52949, 15680, 0, 0, 0
53050, 15280, 0, 0, 0
53150, 15840, 0, 0, 0
53249, 15191, 0, 0, 0
53349, 15680, 0, 0, 0
53449, 15600, 0, 0, 0
53549, 15680, 0, 0, 0
53649, 15360, 0, 0, 0
53749, 15680, 0, 0, 0
53849, 16000, 0, 0, 0
53949, 15840, 0, 0, 0
54049, 15200, 0, 0, 0
54149, 15840, 0, 0, 0
54249, 15440, 0, 0, 0
54350, 15600, 0, 0, 0
54450, 15520, 0, 0, 0
54550, 15760, 0, 0, 0
54650, 15760, 0, 0, 0
54749, 15191, 0, 0, 0
54849, 15120, 0, 0, 0
54949, 15200, 0, 0, 0
55049, 15280, 0, 0, 0
55149, 15120, 0, 0, 0
55249, 15440, 0, 0, 0
55349, 15680, 0, 0, 0
55449, 15600, 0, 0, 0
55549, 15520, 0, 0, 0
55649, 15360, 0, 0, 0
55749, 15680, 0, 0, 0
55849, 15280, 0, 0, 0
55950, 15520, 0, 0, 0
56050, 15440, 0, 0, 0
56150, 15360, 0, 0, 0
56249, 15353, 0, 0, 0
56349, 15760, 0, 0, 0
56449, 16000, 0, 0, 0
56549, 15600, 0, 0, 0
56649, 15600, 0, 0, 0
56749, 15040, 0, 0, 0
56849, 14800, 0, 0, 0
56949, 15760, 0, 0, 0
57049, 15600, 0, 0, 0
57149, 15520, 0, 0, 0
57249, 15520, 0, 0, 0
57349, 15600, 0, 0, 0
57450, 15280, 0, 0, 0
57550, 15280, 0, 0, 0
57650, 15440, 0, 0, 0
57749, 15757, 0, 0, 0
57849, 15600, 0, 0, 0
57949, 15280, 0, 0, 0
58049, 15520, 0, 0, 0
58149, 15440, 0, 0, 0
58249, 15760, 0, 0, 0
58349, 15440, 0, 0, 0
58449, 15600, 0, 0, 0
58549, 15520, 0, 0, 0
58649, 15280, 0, 0, 0
58749, 15600, 0, 0, 0
58849, 15200, 0, 0, 0
58950, 15760, 0, 0, 0
59050, 15440, 0, 0, 0
59150, 15680, 0, 0, 0
59249, 15757, 0, 0, 0
59349, 15200, 0, 0, 0
59449, 15920, 0, 0, 0
59549, 15680, 0, 0, 0
59649, 15440, 0, 0, 0
59749, 15520, 0, 0, 0
59849, 15680, 0, 0, 0
59949, 15200, 0, 0, 0
60049, 15440, 0, 0, 0
60149, 15600, 0, 0, 0
60249, 15600, 0, 0, 0
60350, 15280, 0, 0, 0
60450, 15520, 0, 0, 0
60550, 15360, 0, 0, 0
60650, 15440, 0, 0, 0
60749, 15434, 0, 0, 0
60849, 15600, 0, 0, 0
60949, 15360, 0, 0, 0
61049, 15120, 0, 0, 0
61149, 15760, 0, 0, 0
61249, 15600, 0, 0, 0
61349, 15440, 0, 0, 0
61449, 15200, 0, 0, 0
61549, 15600, 0, 0, 0
61649, 15520, 0, 0, 0
61750, 15440, 0, 0, 0
61850, 15120, 0, 0, 0
61950, 15520, 0, 0, 0
62050, 15520, 0, 0, 0
62150, 15200, 0, 0, 0
62249, 15191, 0, 0, 0
62349, 15360, 0, 0, 0
62449, 15360, 0, 0, 0
62549, 15360, 0, 0, 0
62649, 15840, 0, 0, 0
62749, 15120, 0, 0, 0
62849, 15440, 0, 0, 0
62949, 15600, 0, 0, 0
63049, 15200, 0, 0, 0
63149, 15680, 0, 0, 0
63250, 15680, 0, 0, 0
63350, 15280, 0, 0, 0
63450, 15280, 0, 0, 0
63550, 15280, 0, 0, 0
63650, 15280, 0, 0, 0
63749, 15272, 0, 0, 0
63849, 15200, 0, 0, 0
63949, 14960, 0, 0, 0
64049, 15440, 0, 0, 0
64149, 15280, 0, 0, 0
64249, 15840, 0, 0, 0
64349, 15280, 0, 0, 0
64449, 15760, 0, 0, 0
64549, 15520, 0, 0, 0
64649, 15280, 0, 0, 0
64750, 14320, 0, 0, 0
64850, 15360, 0, 0, 0
64950, 15280, 0, 0, 0
65050, 14960, 0, 0, 0
65150, 15200, 0, 0, 0
65249, 14868, 0, 0, 0
65349, 15440, 0, 0, 0
65449, 15440, 0, 0, 0
65549, 14960, 0, 0, 0
65649, 15680, 0, 0, 0
65749, 15280, 0, 0, 0
65849, 15680, 0, 0, 0
65949, 15440, 0, 0, 0
66049, 15200, 0, 0, 0
66149, 15440, 0, 0, 0
66250, 15520, 0, 0, 0
66350, 15280, 0, 0, 0
66450, 15440, 0, 0, 0
66550, 15600, 0, 0, 0
66650, 15200, 0, 0, 0
66749, 15434, 0, 0, 0
66849, 15760, 0, 0, 0
66949, 15440, 0, 0, 0
67049, 15840, 0, 0, 0
67149, 15600, 0, 0, 0
67249, 15520, 0, 0, 0
67349, 15520, 0, 0, 0
67449, 15280, 0, 0, 0
67549, 15520, 0, 0, 0
67649, 15280, 0, 0, 0
67750, 15600, 0, 0, 0
67850, 15360, 0, 0, 0
67950, 15520, 0, 0, 0
68050, 15520, 0, 0, 0
68150, 15280, 0, 0, 0
68249, 15111, 0, 0, 0
68349, 15280, 0, 0, 0
68449, 15360, 0, 0, 0
68549, 15280, 0, 0, 0
68649, 15360, 0, 0, 0
68749, 15280, 0, 0, 0
68849, 15360, 0, 0, 0
68949, 15680, 0, 0, 0
69049, 15440, 0, 0, 0
69149, 15120, 0, 0, 0
69250, 15280, 0, 0, 0
69350, 15600, 0, 0, 0
69450, 14960, 0, 0, 0
69550, 15440, 0, 0, 0
69650, 15360, 0, 0, 0
69749, 15757, 0, 0, 0
69849, 15520, 0, 0, 0
69949, 15120, 0, 0, 0
70049, 14800, 0, 0, 0
70149, 15280, 0, 0, 0
70249, 15440, 0, 0, 0
70349, 15200, 0, 0, 0
70449, 15360, 0, 0, 0
70549, 15280, 0, 0, 0
70649, 15040, 0, 0, 0
70750, 15440, 0, 0, 0
70850, 15200, 0, 0, 0
70950, 14880, 0, 0, 0
71050, 15200, 0, 0, 0
71150, 15040, 0, 0, 0
71249, 15030, 0, 0, 0
71349, 15520, 0, 0, 0
71449, 15440, 0, 0, 0
71549, 15520, 0, 0, 0
71649, 15760, 0, 0, 0
71749, 15200, 0, 0, 0
71849, 15280, 0, 0, 0
71949, 15280, 0, 0, 0
72049, 15120, 0, 0, 0
72150, 15840, 0, 0, 0
72250, 15040, 0, 0, 0
72350, 14800, 0, 0, 0
72450, 15280, 0, 0, 0
72550, 14960, 0, 0, 0
72650, 15280, 0, 0, 0
72749, 15434, 0, 0, 0
72849, 15440, 0, 0, 0
72949, 15280, 0, 0, 0
73049, 15680, 0, 0, 0
73149, 14880, 0, 0, 0
73249, 15120, 0, 0, 0
73349, 15200, 0, 0, 0
73449, 15680, 0, 0, 0
73550, 15440, 0, 0, 0
73650, 15840, 0, 0, 0
73749, 14949, 0, 0, 0
73849, 14880, 0, 0, 0
73949, 15360, 0, 0, 0
74049, 15120, 0, 0, 0
74149, 15520, 0, 0, 0
74249, 15760, 0, 0, 0
74349, 15040, 0, 0, 0
74449, 14800, 0, 0, 0
74549, 15440, 0, 0, 0
74649, 15600, 0, 0, 0
74749, 14640, 0, 0, 0
74849, 15360, 0, 0, 0
74949, 15200, 0, 0, 0
75050, 15840, 0, 0, 0
75150, 15520, 0, 0, 0
75249, 15515, 0, 0, 0
75349, 15360, 0, 0, 0
75449, 15520, 0, 0, 0
75549, 15360, 0, 0, 0
75649, 15600, 0, 0, 0
75749, 15600, 0, 0, 0
75849, 15600, 0, 0, 0
75949, 15280, 0, 0, 0
76049, 15600, 0, 0, 0
76149, 15600, 0, 0, 0
76249, 15440, 0, 0, 0
76349, 15280, 0, 0, 0
76449, 15520, 0, 0, 0
76550, 15440, 0, 0, 0
76650, 15120, 0, 0, 0
76749, 15757, 0, 0, 0
76849, 14960, 0, 0, 0
76949, 15040, 0, 0, 0
77049, 15360, 0, 0, 0
77149, 15360, 0, 0, 0
77249, 15280, 0, 0, 0
77349, 15440, 0, 0, 0
77449, 15280, 0, 0, 0
77549, 15280, 0, 0, 0
77649, 15200, 0, 0, 0
77749, 14640, 0, 0, 0
77849, 15120, 0, 0, 0
77950, 15280, 0, 0, 0
78050, 14960, 0, 0, 0
78150, 15440, 0, 0, 0
78249, 15272, 0, 0, 0
78349, 15440, 0, 0, 0
78449, 15600, 0, 0, 0
78549, 15760, 0, 0, 0
78649, 15440, 0, 0, 0
78749, 15200, 0, 0, 0
78849, 14720, 0, 0, 0
78949, 15360, 0, 0, 0
79049, 15360, 0, 0, 0
79149, 15040, 0, 0, 0
79249, 15040, 0, 0, 0
79349, 15280, 0, 0, 0
79450, 15360, 0, 0, 0
79550, 15520, 0, 0, 0
79650, 15520, 0, 0, 0
79749, 14949, 0, 0, 0
79849, 15120, 0, 0, 0
79949, 15280, 0, 0, 0
80049, 15120, 0, 0, 0
80149, 15360, 0, 0, 0
80249, 15280, 0, 0, 0
80349, 15520, 0, 0, 0
80449, 15360, 0, 0, 0
80549, 15760, 0, 0, 0
80649, 15760, 0, 0, 0
80749, 15440, 0, 0, 0
80849, 15600, 0, 0, 0
80950, 15280, 0, 0, 0
81050, 15680, 0, 0, 0
81150, 15520, 0, 0, 0
81249, 15434, 0, 0, 0
81349, 15440, 0, 0, 0
81449, 15600, 0, 0, 0
81549, 15040, 0, 0, 0
81649, 15120, 0, 0, 0
81749, 15040, 0, 0, 0
81849, 15280, 0, 0, 0
81949, 15280, 0, 0, 0
82049, 15600, 0, 0, 0
82149, 14960, 0, 0, 0
82250, 14880, 0, 0, 0
82350, 14960, 0, 0, 0
82450, 15280, 0, 0, 0
82550, 15600, 0, 0, 0
82650, 15440, 0, 0, 0
82749, 15676, 0, 0, 0
82849, 15360, 0, 0, 0
82949, 15280, 0, 0, 0
83049, 15600, 0, 0, 0
83149, 15760, 0, 0, 0
83249, 15200, 0, 0, 0
83349, 15920, 0, 0, 0
83449, 15520, 0, 0, 0
83549, 15120, 0, 0, 0
83649, 15600, 0, 0, 0
83750, 15120, 0, 0, 0
83850, 15280, 0, 0, 0
83950, 15280, 0, 0, 0
84050, 15600, 0, 0, 0
84150, 15120, 0, 0, 0
84249, 15272, 0, 0, 0
84349, 15280, 0, 0, 0
84449, 15840, 0, 0, 0
84549, 15040, 0, 0, 0
84649, 15760, 0, 0, 0
84749, 15440, 0, 0, 0
84849, 15280, 0, 0, 0
84949, 15440, 0, 0, 0
85049, 15120, 0, 0, 0
85150, 15200, 0, 0, 0
85250, 15440, 0, 0, 0
85350, 15440, 0, 0, 0
85450, 15520, 0, 0, 0
85550, 15600, 0, 0, 0
85650, 14560, 0, 0, 0
85749, 15434, 0, 0, 0
85849, 14880, 0, 0, 0
85949, 15360, 0, 0, 0
86049, 15360, 0, 0, 0
86149, 15520, 0, 0, 0
86249, 15120, 0, 0, 0
86349, 15760, 0, 0, 0
86449, 16000, 0, 0, 0
86550, 15440, 0, 0, 0
86650, 15360, 0, 0, 0
86749, 15595, 0, 0, 0
86849, 15600, 0, 0, 0
86949, 15360, 0, 0, 0
87049, 15680, 0, 0, 0
87149, 15520, 0, 0, 0
87249, 15760, 0, 0, 0
87349, 15840, 0, 0, 0
87449, 15360, 0, 0, 0
87549, 15440, 0, 0, 0
87649, 15120, 0, 0, 0
87749, 15440, 0, 0, 0
87849, 15280, 0, 0, 0
87949, 15440, 0, 0, 0
88050, 15280, 0, 0, 0
88150, 15280, 0, 0, 0
88249, 15111, 0, 0, 0
88349, 15440, 0, 0, 0
88449, 15440, 0, 0, 0
88549, 15760, 0, 0, 0
88649, 15200, 0, 0, 0
88749, 15760, 0, 0, 0
88849, 15600, 0, 0, 0
88949, 14960, 0, 0, 0
89049, 15600, 0, 0, 0
89149, 15600, 0, 0, 0
89249, 15280, 0, 0, 0
89349, 15520, 0, 0, 0
89450, 14960, 0, 0, 0
89550, 15600, 0, 0, 0
89650, 15200, 0, 0, 0
89749, 15676, 0, 0, 0
89849, 15520, 0, 0, 0
89949, 15120, 0, 0, 0
