100, 1005263, 0, 0, 0
200, 970477, 0, 0, 0
300, 957539, 0, 0, 0
400, 977788, 0, 0, 0
500, 940446, 0, 0, 0
600, 953584, 0, 0, 0
700, 930524, 0, 0, 0
800, 949209, 0, 0, 0
900, 974202, 0, 0, 0
1000, 958646, 0, 0, 0
1100, 956621, 0, 0, 0
1200, 942789, 0, 0, 0
1300, 946765, 0, 0, 0
1400, 941618, 0, 0, 0
1500, 961050, 0, 0, 0
1600, 947445, 0, 0, 0
1700, 962125, 0, 0, 0
1800, 937975, 0, 0, 0
1900, 970361, 0, 0, 0
2000, 970013, 0, 0, 0
2100, 933612, 0, 0, 0
2200, 932534, 0, 0, 0
2300, 968379, 0, 0, 0
2400, 954517, 0, 0, 0
2500, 950608, 0, 0, 0
2600, 947916, 0, 0, 0
2700, 927377, 0, 0, 0
2800, 964685, 0, 0, 0
2900, 931725, 0, 0, 0
3000, 912267, 0, 0, 0
3100, 929539, 0, 0, 0
3200, 916610, 0, 0, 0
3300, 941777, 0, 0, 0
3400, 939798, 0, 0, 0
3500, 942332, 0, 0, 0
3600, 922828, 0, 0, 0
3700, 931807, 0, 0, 0
3800, 938407, 0, 0, 0
3900, 968452, 0, 0, 0
4000, 953391, 0, 0, 0
4100, 941197, 0, 0, 0
4200, 964585, 0, 0, 0
4300, 944043, 0, 0, 0
4400, 919961, 0, 0, 0
4500, 920482, 0, 0, 0
4600, 948033, 0, 0, 0
4700, 948911, 0, 0, 0
4800, 895510, 0, 0, 0
4900, 930932, 0, 0, 0
5000, 964984, 0, 0, 0
5100, 999426, 0, 0, 0
5200, 980313, 0, 0, 0
5300, 979241, 0, 0, 0
5400, 950825, 0, 0, 0
5500, 946146, 0, 0, 0
5600, 951212, 0, 0, 0
5700, 997108, 0, 0, 0
5800, 973617, 0, 0, 0
5900, 971363, 0, 0, 0
6000, 959317, 0, 0, 0
6100, 948146, 0, 0, 0
6200, 973488, 0, 0, 0
6300, 943132, 0, 0, 0
6400, 917689, 0, 0, 0
6500, 912388, 0, 0, 0
6600, 916448, 0, 0, 0
6700, 891406, 0, 0, 0
6800, 877417, 0, 0, 0
6900, 930171, 0, 0, 0
7000, 950120, 0, 0, 0
7100, 974647, 0, 0, 0
7200, 944750, 0, 0, 0
7300, 957836, 0, 0, 0
7400, 956499, 0, 0, 0
7500, 932565, 0, 0, 0
7600, 935118, 0, 0, 0
7700, 906378, 0, 0, 0
7800, 911018, 0, 0, 0
7900, 930269, 0, 0, 0
8000, 942140, 0, 0, 0
8100, 943619, 0, 0, 0
8200, 910813, 0, 0, 0
8300, 892920, 0, 0, 0
8400, 902247, 0, 0, 0
8500, 922600, 0, 0, 0
8600, 923488, 0, 0, 0
8700, 938564, 0, 0, 0
8800, 937103, 0, 0, 0
8900, 976471, 0, 0, 0
9000, 991243, 0, 0, 0
9100, 985414, 0, 0, 0
9200, 934011, 0, 0, 0
9300, 948101, 0, 0, 0
9400, 988251, 0, 0, 0
9500, 942301, 0, 0, 0
9600, 931795, 0, 0, 0
9700, 876690, 0, 0, 0
9800, 897451, 0, 0, 0
9900, 878117, 0, 0, 0
10000, 901614, 0, 0, 0
10100, 950753, 0, 0, 0
10200, 951066, 0, 0, 0
10300, 954435, 0, 0, 0
10400, 898148, 0, 0, 0
10500, 931781, 0, 0, 0
10600, 929361, 0, 0, 0
10700, 943902, 0, 0, 0
10800, 970446, 0, 0, 0
10900, 903721, 0, 0, 0
11000, 913377, 0, 0, 0
11100, 903941, 0, 0, 0
11200, 928164, 0, 0, 0
11300, 938429, 0, 0, 0
11400, 936941, 0, 0, 0
11500, 961185, 0, 0, 0
11600, 945823, 0, 0, 0
11700, 946845, 0, 0, 0
11800, 958344, 0, 0, 0
11900, 957566, 0, 0, 0
12000, 949268, 0, 0, 0
12100, 981793, 0, 0, 0
12200, 984616, 0, 0, 0
12300, 968545, 0, 0, 0
12400, 983962, 0, 0, 0
12500, 975225, 0, 0, 0
12600, 971117, 0, 0, 0
12700, 936028, 0, 0, 0
12800, 902413, 0, 0, 0
12900, 916233, 0, 0, 0
13000, 899586, 0, 0, 0
13100, 928100, 0, 0, 0
13200, 942151, 0, 0, 0
13300, 959829, 0, 0, 0
13400, 970415, 0, 0, 0
13500, 927683, 0, 0, 0
13600, 941221, 0, 0, 0
13700, 900632, 0, 0, 0
13800, 887828, 0, 0, 0
13900, 898950, 0, 0, 0
14000, 911744, 0, 0, 0
14100, 888096, 0, 0, 0
14200, 896088, 0, 0, 0
14300, 889027, 0, 0, 0
14400, 889919, 0, 0, 0
14500, 880388, 0, 0, 0
14600, 864704, 0, 0, 0
14700, 879605, 0, 0, 0
14800, 893835, 0, 0, 0
14900, 888093, 0, 0, 0
15000, 947351, 0, 0, 0
15100, 947496, 0, 0, 0
15200, 941252, 0, 0, 0
15300, 959168, 0, 0, 0
15400, 942147, 0, 0, 0
15500, 944921, 0, 0, 0
15600, 954455, 0, 0, 0
15700, 933320, 0, 0, 0
15800, 947988, 0, 0, 0
15900, 975754, 0, 0, 0
16000, 941826, 0, 0, 0
16100, 933653, 0, 0, 0
16200, 913343, 0, 0, 0
16300, 932410, 0, 0, 0
16400, 908809, 0, 0, 0
16500, 870515, 0, 0, 0
16600, 881774, 0, 0, 0
16700, 912936, 0, 0, 0
16800, 930426, 0, 0, 0
16900, 926242, 0, 0, 0
17000, 948097, 0, 0, 0
17100, 920278, 0, 0, 0
17200, 970550, 0, 0, 0
17300, 920468, 0, 0, 0
17400, 903773, 0, 0, 0
17500, 915919, 0, 0, 0
17600, 920897, 0, 0, 0
17700, 942108, 0, 0, 0
17800, 968906, 0, 0, 0
17900, 935767, 0, 0, 0
18000, 930043, 0, 0, 0
18100, 919831, 0, 0, 0
18200, 906756, 0, 0, 0
18300, 881488, 0, 0, 0
18400, 900342, 0, 0, 0
18500, 890462, 0, 0, 0
18600, 909657, 0, 0, 0
18700, 930603, 0, 0, 0
18800, 960746, 0, 0, 0
18900, 920251, 0, 0, 0
19000, 913405, 0, 0, 0
19100, 929590, 0, 0, 0
19200, 946292, 0, 0, 0
19300, 960254, 0, 0, 0
19400, 947892, 0, 0, 0
19500, 913587, 0, 0, 0
19600, 933657, 0, 0, 0
19700, 963945, 0, 0, 0
19800, 932105, 0, 0, 0
19900, 959585, 0, 0, 0
20000, 997234, 0, 0, 0
20100, 956296, 0, 0, 0
20200, 957260, 0, 0, 0
20300, 951155, 0, 0, 0
20400, 935501, 0, 0, 0
20500, 925801, 0, 0, 0
20600, 933927, 0, 0, 0
20700, 908630, 0, 0, 0
20800, 946737, 0, 0, 0
20900, 916669, 0, 0, 0
21000, 908889, 0, 0, 0
21100, 920612, 0, 0, 0
21200, 914544, 0, 0, 0
21300, 917946, 0, 0, 0
21400, 931413, 0, 0, 0
21500, 958776, 0, 0, 0
21600, 921132, 0, 0, 0
21700, 925617, 0, 0, 0
21800, 980103, 0, 0, 0
21900, 965421, 0, 0, 0
22000, 949171, 0, 0, 0
22100, 968153, 0, 0, 0
22200, 944538, 0, 0, 0
22300, 954244, 0, 0, 0
22400, 973743, 0, 0, 0
22500, 981932, 0, 0, 0
22600, 961008, 0, 0, 0
22700, 966827, 0, 0, 0
22800, 986601, 0, 0, 0
22900, 976152, 0, 0, 0
23000, 967221, 0, 0, 0
23100, 956155, 0, 0, 0
23200, 934269, 0, 0, 0
23300, 988507, 0, 0, 0
23400, 966445, 0, 0, 0
23500, 973582, 0, 0, 0
23600, 971828, 0, 0, 0
23700, 953598, 0, 0, 0
23800, 948376, 0, 0, 0
23900, 962424, 0, 0, 0
24000, 933521, 0, 0, 0
24100, 964891, 0, 0, 0
24200, 939439, 0, 0, 0
24300, 932392, 0, 0, 0
24400, 915264, 0, 0, 0
24500, 925436, 0, 0, 0
24600, 919345, 0, 0, 0
24700, 927179, 0, 0, 0
24800, 941002, 0, 0, 0
24900, 936186, 0, 0, 0
25000, 939319, 0, 0, 0
25100, 943065, 0, 0, 0
25200, 955367, 0, 0, 0
25300, 945803, 0, 0, 0
25400, 935931, 0, 0, 0
25500, 940982, 0, 0, 0
25600, 962721, 0, 0, 0
25700, 931905, 0, 0, 0
25800, 939455, 0, 0, 0
25900, 925557, 0, 0, 0
26000, 906211, 0, 0, 0
26100, 896092, 0, 0, 0
26200, 894443, 0, 0, 0
26300, 897208, 0, 0, 0
26400, 937200, 0, 0, 0
26500, 1005591, 0, 0, 0
26600, 942258, 0, 0, 0
26700, 947608, 0, 0, 0
26800, 922357, 0, 0, 0
26900, 909716, 0, 0, 0
27000, 910363, 0, 0, 0
27100, 929529, 0, 0, 0
27200, 930531, 0, 0, 0
27300, 947955, 0, 0, 0
27400, 961398, 0, 0, 0
27500, 961828, 0, 0, 0
27600, 963295, 0, 0, 0
27700, 994308, 0, 0, 0
27800, 967414, 0, 0, 0
27900, 935534, 0, 0, 0
28000, 955259, 0, 0, 0
28100, 962623, 0, 0, 0
28200, 932946, 0, 0, 0
28300, 956590, 0, 0, 0
28400, 955637, 0, 0, 0
28500, 950656, 0, 0, 0
28600, 945575, 0, 0, 0
28700, 967211, 0, 0, 0
28800, 938990, 0, 0, 0
28900, 952138, 0, 0, 0
29000, 925135, 0, 0, 0
29100, 942574, 0, 0, 0
29200, 948653, 0, 0, 0
29300, 941550, 0, 0, 0
29400, 922652, 0, 0, 0
29500, 919375, 0, 0, 0
29600, 912361, 0, 0, 0
29700, 915182, 0, 0, 0
29800, 908352, 0, 0, 0
29900, 905389, 0, 0, 0
30000, 919536, 0, 0, 0
30100, 937945, 0, 0, 0
30200, 923854, 0, 0, 0
30300, 940632, 0, 0, 0
30400, 928042, 0, 0, 0
30500, 918696, 0, 0, 0
30600, 972698, 0, 0, 0
30700, 941325, 0, 0, 0
30800, 978419, 0, 0, 0
30900, 942799, 0, 0, 0
31000, 912265, 0, 0, 0
31100, 904276, 0, 0, 0
31200, 908100, 0, 0, 0
31300, 891348, 0, 0, 0
31400, 949154, 0, 0, 0
31500, 955252, 0, 0, 0
31600, 952521, 0, 0, 0
31700, 952043, 0, 0, 0
31800, 962916, 0, 0, 0
31900, 945615, 0, 0, 0
32000, 937884, 0, 0, 0
32100, 958828, 0, 0, 0
32200, 978452, 0, 0, 0
32300, 974534, 0, 0, 0
32400, 950591, 0, 0, 0
32500, 970053, 0, 0, 0
32600, 939562, 0, 0, 0
32700, 934937, 0, 0, 0
32800, 945007, 0, 0, 0
32900, 953926, 0, 0, 0
33000, 947755, 0, 0, 0
33100, 942650, 0, 0, 0
33200, 941676, 0, 0, 0
33300, 957345, 0, 0, 0
33400, 939246, 0, 0, 0
33500, 967537, 0, 0, 0
33600, 969961, 0, 0, 0
33700, 986605, 0, 0, 0
33800, 938490, 0, 0, 0
33900, 945561, 0, 0, 0
34000, 937759, 0, 0, 0
34100, 964320, 0, 0, 0
34200, 961240, 0, 0, 0
34300, 927494, 0, 0, 0
34400, 942799, 0, 0, 0
34500, 951616, 0, 0, 0
34600, 941914, 0, 0, 0
34700, 952059, 0, 0, 0
34800, 1004980, 0, 0, 0
34900, 1002345, 0, 0, 0
35000, 946319, 0, 0, 0
35100, 939666, 0, 0, 0
35200, 951402, 0, 0, 0
35300, 950251, 0, 0, 0
35400, 950365, 0, 0, 0
35500, 974611, 0, 0, 0
35600, 993405, 0, 0, 0
35700, 988950, 0, 0, 0
35800, 990565, 0, 0, 0
35900, 1038403, 0, 0, 0
36000, 1043751, 0, 0, 0
36100, 1004544, 0, 0, 0
36200, 1020213, 0, 0, 0
36300, 990027, 0, 0, 0
36400, 955412, 0, 0, 0
36500, 948891, 0, 0, 0
36600, 990681, 0, 0, 0
36700, 1044062, 0, 0, 0
36800, 1066296, 0, 0, 0
36900, 1023474, 0, 0, 0
37000, 1027386, 0, 0, 0
37100, 1056140, 0, 0, 0
37200, 1018807, 0, 0, 0
37300, 1004252, 0, 0, 0
37400, 1003039, 0, 0, 0
37500, 985571, 0, 0, 0
37600, 1008652, 0, 0, 0
37700, 1005492, 0, 0, 0
37800, 1015106, 0, 0, 0
37900, 989908, 0, 0, 0
38000, 964208, 0, 0, 0
38100, 982164, 0, 0, 0
38200, 1038150, 0, 0, 0
38300, 993938, 0, 0, 0
38400, 977588, 0, 0, 0
38500, 982218, 0, 0, 0
38600, 1002309, 0, 0, 0
38700, 999255, 0, 0, 0
38800, 1002447, 0, 0, 0
38900, 953436, 0, 0, 0
39000, 1010997, 0, 0, 0
39100, 1012353, 0, 0, 0
39200, 974862, 0, 0, 0
39300, 949728, 0, 0, 0
39400, 1026681, 0, 0, 0
39500, 1033529, 0, 0, 0
39600, 996948, 0, 0, 0
39700, 1003595, 0, 0, 0
39800, 976033, 0, 0, 0
39900, 996042, 0, 0, 0
40000, 998330, 0, 0, 0
40100, 1009453, 0, 0, 0
40200, 991290, 0, 0, 0
40300, 997794, 0, 0, 0
40400, 1014690, 0, 0, 0
40500, 1005679, 0, 0, 0
40600, 1028021, 0, 0, 0
40700, 1049133, 0, 0, 0
40800, 1056836, 0, 0, 0
40900, 1011410, 0, 0, 0
41000, 1007980, 0, 0, 0
41100, 997718, 0, 0, 0
41200, 1031596, 0, 0, 0
41300, 1021012, 0, 0, 0
41400, 1013120, 0, 0, 0
41500, 982182, 0, 0, 0
41600, 1001188, 0, 0, 0
41700, 982618, 0, 0, 0
41800, 1004485, 0, 0, 0
41900, 980950, 0, 0, 0
42000, 996723, 0, 0, 0
42100, 995784, 0, 0, 0
42200, 979006, 0, 0, 0
42300, 983090, 0, 0, 0
42400, 965087, 0, 0, 0
42500, 1019148, 0, 0, 0
42600, 1021927, 0, 0, 0
42700, 1017696, 0, 0, 0
42800, 981245, 0, 0, 0
42900, 982649, 0, 0, 0
43000, 1010056, 0, 0, 0
43100, 1002273, 0, 0, 0
43200, 1026979, 0, 0, 0
43300, 1023854, 0, 0, 0
43401, 1018464, 0, 0, 0
43500, 1048055, 0, 0, 0
43600, 1040805, 0, 0, 0
43700, 1026027, 0, 0, 0
43800, 1017173, 0, 0, 0
43900, 1054000, 0, 0, 0
44000, 1033534, 0, 0, 0
44100, 1033490, 0, 0, 0
44200, 1028930, 0, 0, 0
44300, 1076420, 0, 0, 0
44400, 1039565, 0, 0, 0
44500, 1064340, 0, 0, 0
44600, 1091623, 0, 0, 0
44700, 1080168, 0, 0, 0
44800, 1094191, 0, 0, 0
44900, 1058602, 0, 0, 0
45000, 1070529, 0, 0, 0
45100, 1108849, 0, 0, 0
45200, 1075009, 0, 0, 0
45300, 1068720, 0, 0, 0
45400, 1025667, 0, 0, 0
45500, 1072399, 0, 0, 0
45600, 1060499, 0, 0, 0
45700, 1016418, 0, 0, 0
45800, 1042626, 0, 0, 0
45901, 1031466, 0, 0, 0
46000, 1021533, 0, 0, 0
46100, 1026044, 0, 0, 0
46200, 1057525, 0, 0, 0
46300, 1043956, 0, 0, 0
46400, 1044392, 0, 0, 0
46500, 1055494, 0, 0, 0
46600, 1032661, 0, 0, 0
46700, 990710, 0, 0, 0
46800, 1019305, 0, 0, 0
46901, 1060189, 0, 0, 0
47000, 1042501, 0, 0, 0
47100, 1052370, 0, 0, 0
47200, 1054253, 0, 0, 0
47300, 1052933, 0, 0, 0
47400, 1036267, 0, 0, 0
47500, 1068164, 0, 0, 0
47600, 1090333, 0, 0, 0
47700, 1064111, 0, 0, 0
47800, 1021402, 0, 0, 0
47900, 1023755, 0, 0, 0
48000, 1022452, 0, 0, 0
48100, 1072741, 0, 0, 0
48200, 1053271, 0, 0, 0
48300, 1046445, 0, 0, 0
48400, 1044637, 0, 0, 0
48500, 1049169, 0, 0, 0
48600, 1005801, 0, 0, 0
48700, 1065916, 0, 0, 0
48800, 1030989, 0, 0, 0
48900, 1052173, 0, 0, 0
49000, 1007248, 0, 0, 0
49100, 1023816, 0, 0, 0
49200, 1017808, 0, 0, 0
49300, 1059863, 0, 0, 0
49400, 1004729, 0, 0, 0
49500, 1026901, 0, 0, 0
49600, 1057833, 0, 0, 0
49700, 1071331, 0, 0, 0
49800, 1030488, 0, 0, 0
49900, 959066, 0, 0, 0
50000, 1044530, 0, 0, 0
50100, 1050680, 0, 0, 0
50200, 1036202, 0, 0, 0
50300, 1020881, 0, 0, 0
50400, 1051372, 0, 0, 0
50500, 1052431, 0, 0, 0
50600, 1020389, 0, 0, 0
50700, 1015811, 0, 0, 0
50800, 1007148, 0, 0, 0
50900, 1011647, 0, 0, 0
51000, 1007582, 0, 0, 0
51100, 999806, 0, 0, 0
51200, 1031543, 0, 0, 0
51300, 1024219, 0, 0, 0
51400, 1014646, 0, 0, 0
51500, 1001692, 0, 0, 0
51600, 1010474, 0, 0, 0
51700, 1025607, 0, 0, 0
51800, 1028684, 0, 0, 0
51900, 1044458, 0, 0, 0
52000, 1054759, 0, 0, 0
52100, 1066905, 0, 0, 0
52200, 1069074, 0, 0, 0
52300, 1100741, 0, 0, 0
52400, 1067285, 0, 0, 0
52500, 1053590, 0, 0, 0
52600, 1062032, 0, 0, 0
52700, 1055033, 0, 0, 0
52800, 1013913, 0, 0, 0
52900, 995662, 0, 0, 0
53000, 982243, 0, 0, 0
53100, 993945, 0, 0, 0
53200, 1017113, 0, 0, 0
53300, 1012226, 0, 0, 0
53400, 1018057, 0, 0, 0
53500, 1001799, 0, 0, 0
53600, 1040044, 0, 0, 0
53700, 1026528, 0, 0, 0
53800, 1028729, 0, 0, 0
53900, 1041720, 0, 0, 0
54000, 1036921, 0, 0, 0
54100, 1044902, 0, 0, 0
54200, 1027557, 0, 0, 0
54300, 1020117, 0, 0, 0
54400, 995018, 0, 0, 0
54500, 1006714, 0, 0, 0
54600, 1011988, 0, 0, 0
54700, 1026627, 0, 0, 0
54800, 1047494, 0, 0, 0
54900, 1017645, 0, 0, 0
55000, 1026981, 0, 0, 0
55100, 1031433, 0, 0, 0
55200, 1050909, 0, 0, 0
55300, 1017567, 0, 0, 0
55400, 1021009, 0, 0, 0
55500, 1037162, 0, 0, 0
55600, 1043202, 0, 0, 0
55700, 1030572, 0, 0, 0
55800, 1003682, 0, 0, 0
55900, 1003318, 0, 0, 0
56000, 1066370, 0, 0, 0
56100, 1038021, 0, 0, 0
56200, 985689, 0, 0, 0
56300, 960308, 0, 0, 0
56400, 983518, 0, 0, 0
56500, 991699, 0, 0, 0
56600, 1031998, 0, 0, 0
56700, 1015873, 0, 0, 0
56800, 1015780, 0, 0, 0
56900, 1002559, 0, 0, 0
57000, 1028913, 0, 0, 0
57100, 1009152, 0, 0, 0
57200, 1054029, 0, 0, 0
57300, 1058860, 0, 0, 0
57400, 1032907, 0, 0, 0
57500, 1084954, 0, 0, 0
57600, 1083761, 0, 0, 0
57700, 1071561, 0, 0, 0
57800, 1069623, 0, 0, 0
57900, 1066521, 0, 0, 0
58000, 1040439, 0, 0, 0
58100, 1018994, 0, 0, 0
58200, 1040235, 0, 0, 0
58300, 998366, 0, 0, 0
58400, 1021964, 0, 0, 0
58500, 1001950, 0, 0, 0
58600, 990330, 0, 0, 0
58700, 1009566, 0, 0, 0
58800, 1011846, 0, 0, 0
58900, 1028930, 0, 0, 0
59000, 1009061, 0, 0, 0
59100, 1007880, 0, 0, 0
59200, 1019238, 0, 0, 0
59300, 1022024, 0, 0, 0
59400, 1033195, 0, 0, 0
59500, 1034481, 0, 0, 0
59600, 1027678, 0, 0, 0
59700, 1004534, 0, 0, 0
59800, 982063, 0, 0, 0
59900, 989998, 0, 0, 0
60000, 993341, 0, 0, 0
60100, 1000624, 0, 0, 0
60200, 1009211, 0, 0, 0
60300, 1037320, 0, 0, 0
60400, 1011105, 0, 0, 0
60500, 1005742, 0, 0, 0
60600, 1025780, 0, 0, 0
60700, 1037836, 0, 0, 0
60800, 1018241, 0, 0, 0
60900, 1029620, 0, 0, 0
61000, 1055331, 0, 0, 0
61100, 1057871, 0, 0, 0
61200, 1020751, 0, 0, 0
61300, 1018935, 0, 0, 0
61400, 1041039, 0, 0, 0
61500, 1052229, 0, 0, 0
61600, 1055553, 0, 0, 0
61700, 1021713, 0, 0, 0
61801, 1043709, 0, 0, 0
61900, 1054834, 0, 0, 0
62000, 1068564, 0, 0, 0
62100, 1030553, 0, 0, 0
62200, 1067953, 0, 0, 0
62300, 1065044, 0, 0, 0
62400, 1021809, 0, 0, 0
62500, 1060689, 0, 0, 0
62600, 1025690, 0, 0, 0
62700, 1018591, 0, 0, 0
62800, 984184, 0, 0, 0
62900, 988318, 0, 0, 0
63000, 994230, 0, 0, 0
63100, 1042447, 0, 0, 0
63200, 1008274, 0, 0, 0
63300, 1052364, 0, 0, 0
63400, 1020467, 0, 0, 0
63500, 1078025, 0, 0, 0
63600, 1039991, 0, 0, 0
63700, 1037621, 0, 0, 0
63800, 1040536, 0, 0, 0
63900, 1038737, 0, 0, 0
64000, 1032807, 0, 0, 0
64100, 1017538, 0, 0, 0
64200, 1004281, 0, 0, 0
64300, 1005634, 0, 0, 0
64400, 1026233, 0, 0, 0
64500, 1018765, 0, 0, 0
64600, 976742, 0, 0, 0
64700, 983174, 0, 0, 0
64800, 992859, 0, 0, 0
64900, 970064, 0, 0, 0
65000, 990205, 0, 0, 0
65100, 994718, 0, 0, 0
65200, 987027, 0, 0, 0
65300, 978834, 0, 0, 0
65400, 986393, 0, 0, 0
65500, 1028755, 0, 0, 0
65600, 1019484, 0, 0, 0
65700, 1044733, 0, 0, 0
65800, 1054752, 0, 0, 0
65900, 1056077, 0, 0, 0
66000, 1016570, 0, 0, 0
66100, 1066657, 0, 0, 0
66200, 1058107, 0, 0, 0
66300, 1063285, 0, 0, 0
66400, 1056344, 0, 0, 0
66500, 1003159, 0, 0, 0
66600, 1024397, 0, 0, 0
66700, 1020398, 0, 0, 0
66800, 1002380, 0, 0, 0
66900, 1014326, 0, 0, 0
67000, 1026291, 0, 0, 0
67100, 1044411, 0, 0, 0
67200, 1047067, 0, 0, 0
67300, 1040807, 0, 0, 0
67400, 1053032, 0, 0, 0
67500, 1049615, 0, 0, 0
67600, 1031593, 0, 0, 0
67700, 977306, 0, 0, 0
67800, 984179, 0, 0, 0
67900, 986627, 0, 0, 0
68000, 1005714, 0, 0, 0
68100, 1014554, 0, 0, 0
68200, 1064163, 0, 0, 0
68300, 1070123, 0, 0, 0
68400, 1085353, 0, 0, 0
68500, 1079327, 0, 0, 0
68600, 1047737, 0, 0, 0
68700, 1034903, 0, 0, 0
68800, 1064779, 0, 0, 0
68900, 1102204, 0, 0, 0
69000, 1052525, 0, 0, 0
69100, 988366, 0, 0, 0
69200, 967399, 0, 0, 0
69300, 988643, 0, 0, 0
69400, 1032313, 0, 0, 0
69500, 1016770, 0, 0, 0
69600, 1056936, 0, 0, 0
69700, 1059809, 0, 0, 0
69800, 1044444, 0, 0, 0
69900, 1010753, 0, 0, 0
70000, 1003468, 0, 0, 0
70100, 1039428, 0, 0, 0
70200, 1003358, 0, 0, 0
70300, 1003153, 0, 0, 0
70400, 1019328, 0, 0, 0
70500, 993220, 0, 0, 0
70600, 1005279, 0, 0, 0
70700, 1011765, 0, 0, 0
70800, 1022550, 0, 0, 0
70900, 1029059, 0, 0, 0
71000, 999311, 0, 0, 0
71100, 1021871, 0, 0, 0
71200, 1011450, 0, 0, 0
71300, 1010955, 0, 0, 0
71400, 1040563, 0, 0, 0
71500, 992353, 0, 0, 0
71600, 1033123, 0, 0, 0
71700, 1047811, 0, 0, 0
71800, 1076418, 0, 0, 0
71900, 1065180, 0, 0, 0
72000, 1016046, 0, 0, 0
72100, 1005442, 0, 0, 0
72200, 1032057, 0, 0, 0
72300, 1069478, 0, 0, 0
72400, 1041393, 0, 0, 0
72500, 1033765, 0, 0, 0
72600, 1050162, 0, 0, 0
72700, 1051068, 0, 0, 0
72800, 1045008, 0, 0, 0
72900, 1046615, 0, 0, 0
73000, 1045856, 0, 0, 0
73100, 1055444, 0, 0, 0
73200, 1019669, 0, 0, 0
73300, 1040473, 0, 0, 0
73400, 1014013, 0, 0, 0
73500, 999699, 0, 0, 0
73600, 998375, 0, 0, 0
73700, 1028924, 0, 0, 0
73800, 1050095, 0, 0, 0
73900, 1023906, 0, 0, 0
74000, 1037996, 0, 0, 0
74100, 1062542, 0, 0, 0
74200, 1032301, 0, 0, 0
74300, 1031812, 0, 0, 0
74400, 1017331, 0, 0, 0
74500, 1030755, 0, 0, 0
74600, 1028892, 0, 0, 0
74700, 1057310, 0, 0, 0
74800, 1045513, 0, 0, 0
74900, 1022342, 0, 0, 0
75000, 1023285, 0, 0, 0
75100, 1037324, 0, 0, 0
75200, 1026966, 0, 0, 0
75300, 1025348, 0, 0, 0
75400, 1043407, 0, 0, 0
75500, 1086882, 0, 0, 0
75600, 1076475, 0, 0, 0
75700, 1043755, 0, 0, 0
75800, 1040878, 0, 0, 0
75900, 1018112, 0, 0, 0
76000, 1013909, 0, 0, 0
76100, 1019642, 0, 0, 0
76200, 1010751, 0, 0, 0
76300, 1020130, 0, 0, 0
76400, 1022842, 0, 0, 0
76500, 1032396, 0, 0, 0
76600, 977319, 0, 0, 0
76700, 979986, 0, 0, 0
76800, 977220, 0, 0, 0
76900, 981472, 0, 0, 0
77001, 1009177, 0, 0, 0
77100, 1010352, 0, 0, 0
77200, 993834, 0, 0, 0
77300, 988852, 0, 0, 0
77400, 985231, 0, 0, 0
77500, 974221, 0, 0, 0
77600, 968404, 0, 0, 0
77700, 1005838, 0, 0, 0
77800, 993413, 0, 0, 0
77900, 986633, 0, 0, 0
78000, 1010877, 0, 0, 0
78100, 1030035, 0, 0, 0
78200, 1004374, 0, 0, 0
78300, 1020015, 0, 0, 0
78400, 1022229, 0, 0, 0
78500, 1049795, 0, 0, 0
78600, 1083035, 0, 0, 0
78700, 1067340, 0, 0, 0
78800, 1039969, 0, 0, 0
78900, 986522, 0, 0, 0
79000, 1042666, 0, 0, 0
79100, 1040261, 0, 0, 0
79200, 1027500, 0, 0, 0
79300, 1032730, 0, 0, 0
79400, 1037374, 0, 0, 0
79500, 1037357, 0, 0, 0
79600, 1007160, 0, 0, 0
79700, 1013562, 0, 0, 0
79800, 1029666, 0, 0, 0
79900, 1029591, 0, 0, 0
80000, 1050800, 0, 0, 0
80100, 1073119, 0, 0, 0
80200, 1044514, 0, 0, 0
80300, 999994, 0, 0, 0
80400, 1035055, 0, 0, 0
80500, 1033584, 0, 0, 0
80600, 1048836, 0, 0, 0
80700, 1038666, 0, 0, 0
80800, 1046806, 0, 0, 0
80900, 1045611, 0, 0, 0
81000, 1062441, 0, 0, 0
81100, 1040641, 0, 0, 0
81200, 1043481, 0, 0, 0
81300, 1004938, 0, 0, 0
81400, 1020795, 0, 0, 0
81500, 1068683, 0, 0, 0
81600, 1079521, 0, 0, 0
81700, 1061120, 0, 0, 0
81800, 1052179, 0, 0, 0
81900, 1023345, 0, 0, 0
82000, 1037289, 0, 0, 0
82100, 1029008, 0, 0, 0
82200, 1064724, 0, 0, 0
82300, 1055233, 0, 0, 0
82400, 1066525, 0, 0, 0
82500, 1052666, 0, 0, 0
82600, 1041758, 0, 0, 0
82700, 1072833, 0, 0, 0
82800, 995503, 0, 0, 0
82900, 1020569, 0, 0, 0
83000, 996751, 0, 0, 0
83100, 967695, 0, 0, 0
83200, 976859, 0, 0, 0
83300, 997253, 0, 0, 0
83400, 979202, 0, 0, 0
83500, 1035687, 0, 0, 0
83600, 1034053, 0, 0, 0
83700, 1001304, 0, 0, 0
83800, 1016347, 0, 0, 0
83900, 1006975, 0, 0, 0
84000, 1020834, 0, 0, 0
84100, 1026131, 0, 0, 0
84200, 1034399, 0, 0, 0
84300, 1025322, 0, 0, 0
84400, 1030786, 0, 0, 0
84500, 1025295, 0, 0, 0
84600, 1072553, 0, 0, 0
84700, 1030696, 0, 0, 0
84800, 978661, 0, 0, 0
84900, 1005013, 0, 0, 0
85000, 1042961, 0, 0, 0
85100, 1025967, 0, 0, 0
85200, 1010575, 0, 0, 0
85300, 1060441, 0, 0, 0
85400, 1008176, 0, 0, 0
85500, 1041784, 0, 0, 0
85600, 1041264, 0, 0, 0
85700, 1007409, 0, 0, 0
85800, 1005785, 0, 0, 0
85900, 983320, 0, 0, 0
86000, 982006, 0, 0, 0
86100, 1005533, 0, 0, 0
86200, 1018586, 0, 0, 0
86300, 1042917, 0, 0, 0
86400, 1013788, 0, 0, 0
86500, 1010592, 0, 0, 0
86600, 975478, 0, 0, 0
86700, 1012092, 0, 0, 0
86800, 1042665, 0, 0, 0
86900, 1028181, 0, 0, 0
87000, 1034078, 0, 0, 0
87100, 1050256, 0, 0, 0
87200, 1075787, 0, 0, 0
87300, 1049082, 0, 0, 0
87400, 1012432, 0, 0, 0
87500, 1013963, 0, 0, 0
87600, 1090725, 0, 0, 0
87700, 1050854, 0, 0, 0
87800, 1044539, 0, 0, 0
87900, 1048494, 0, 0, 0
88000, 1053043, 0, 0, 0
88100, 994319, 0, 0, 0
88200, 1025376, 0, 0, 0
88300, 999023, 0, 0, 0
88400, 1014310, 0, 0, 0
88500, 1024775, 0, 0, 0
88600, 1009485, 0, 0, 0
88700, 1000329, 0, 0, 0
88800, 1017044, 0, 0, 0
88900, 1045834, 0, 0, 0
89000, 1024379, 0, 0, 0
89100, 1016407, 0, 0, 0
89200, 1006348, 0, 0, 0
89300, 1020960, 0, 0, 0
89400, 1014510, 0, 0, 0
89500, 1051205, 0, 0, 0
89600, 1035635, 0, 0, 0
89700, 1030668, 0, 0, 0
89800, 1017956, 0, 0, 0
89900, 1014348, 0, 0, 0
90000, 975801, 0, 0, 0
90000, 1021156, 0, 0, 0
