100, 608351, 0, 0, 0
103, 1575660, 1, 0, 0
201, 1581691, 1, 0, 0
202, 607780, 0, 0, 0
300, 636656, 0, 0, 0
306, 1614813, 1, 0, 0
400, 635076, 0, 0, 0
402, 1564171, 1, 0, 0
500, 1621719, 1, 0, 0
500, 622646, 0, 0, 0
600, 620809, 0, 0, 0
603, 1607387, 1, 0, 0
700, 617347, 0, 0, 0
704, 1603986, 1, 0, 0
800, 1623722, 1, 0, 0
802, 621122, 0, 0, 0
901, 1571572, 1, 0, 0
904, 630581, 0, 0, 0
1001, 1578423, 1, 0, 0
1001, 618355, 0, 0, 0
1100, 625465, 0, 0, 0
1104, 1512710, 1, 0, 0
1201, 1584528, 1, 0, 0
1203, 629372, 0, 0, 0
1300, 635137, 0, 0, 0
1305, 1569902, 1, 0, 0
1400, 619911, 0, 0, 0
1402, 1600791, 1, 0, 0
1500, 629336, 0, 0, 0
1507, 1702908, 1, 0, 0
1600, 632696, 0, 0, 0
1602, 1598825, 1, 0, 0
1701, 1716666, 1, 0, 0
1701, 603924, 0, 0, 0
1800, 620938, 0, 0, 0
1803, 1646496, 1, 0, 0
1901, 1670553, 1, 0, 0
1903, 652111, 0, 0, 0
2001, 1588468, 1, 0, 0
2001, 603397, 0, 0, 0
2101, 1541010, 1, 0, 0
2102, 620222, 0, 0, 0
2200, 633099, 0, 0, 0
2201, 1611947, 1, 0, 0
2300, 607363, 0, 0, 0
2302, 1635274, 1, 0, 0
2400, 610932, 0, 0, 0
2402, 1699765, 1, 0, 0
2500, 621825, 0, 0, 0
2504, 1586966, 1, 0, 0
2600, 612349, 0, 0, 0
2602, 1602242, 1, 0, 0
2701, 1585479, 1, 0, 0
2702, 628707, 0, 0, 0
2800, 624221, 0, 0, 0
2806, 1554743, 1, 0, 0
2900, 1616920, 1, 0, 0
2901, 612603, 0, 0, 0
3001, 1624017, 1, 0, 0
3002, 603989, 0, 0, 0
3100, 1584666, 1, 0, 0
3102, 634562, 0, 0, 0
3200, 1536175, 1, 0, 0
3200, 618251, 0, 0, 0
3300, 1557147, 1, 0, 0
3300, 599251, 0, 0, 0
3400, 1591100, 1, 0, 0
3401, 587945, 0, 0, 0
3500, 601125, 0, 0, 0
3505, 1538826, 1, 0, 0
3600, 587555, 0, 0, 0
3602, 1519930, 1, 0, 0
3700, 1658560, 1, 0, 0
3700, 591483, 0, 0, 0
3800, 610446, 0, 0, 0
3803, 1539026, 1, 0, 0
3900, 1600659, 1, 0, 0
3904, 608817, 0, 0, 0
4001, 1533443, 1, 0, 0
4003, 596887, 0, 0, 0
4100, 1547784, 1, 0, 0
4107, 596433, 0, 0, 0
4200, 589243, 0, 0, 0
4203, 1695618, 1, 0, 0
4300, 602550, 0, 0, 0
4302, 1594282, 1, 0, 0
4400, 1542312, 1, 0, 0
4400, 595462, 0, 0, 0
4501, 1521130, 1, 0, 0
4502, 600742, 0, 0, 0
4601, 1559068, 1, 0, 0
4602, 602239, 0, 0, 0
4700, 601655, 0, 0, 0
4704, 1597975, 1, 0, 0
4800, 612924, 0, 0, 0
4803, 1513391, 1, 0, 0
4900, 601132, 0, 0, 0
4902, 1577373, 1, 0, 0
5001, 1556380, 1, 0, 0
5005, 594824, 0, 0, 0
5100, 604493, 0, 0, 0
5104, 1563495, 1, 0, 0
5200, 604039, 0, 0, 0
5204, 1648371, 1, 0, 0
5300, 1497149, 1, 0, 0
5302, 555386, 0, 0, 0
5400, 1516339, 1, 0, 0
5401, 574461, 0, 0, 0
5500, 1506692, 1, 0, 0
5501, 572426, 0, 0, 0
5600, 580057, 0, 0, 0
5601, 1603591, 1, 0, 0
5700, 589083, 0, 0, 0
5701, 1562662, 1, 0, 0
5800, 600154, 0, 0, 0
5801, 1597139, 1, 0, 0
5900, 586928, 0, 0, 0
5906, 1629142, 1, 0, 0
6001, 1571259, 1, 0, 0
6005, 566879, 0, 0, 0
6100, 1591400, 1, 0, 0
6101, 600292, 0, 0, 0
6201, 1566500, 1, 0, 0
6205, 579617, 0, 0, 0
6300, 1584755, 1, 0, 0
6300, 569128, 0, 0, 0
6400, 581909, 0, 0, 0
6402, 1561515, 1, 0, 0
6500, 605341, 0, 0, 0
6504, 1530674, 1, 0, 0
6600, 573228, 0, 0, 0
6602, 1718588, 1, 0, 0
6701, 1500090, 1, 0, 0
6702, 589078, 0, 0, 0
6800, 578305, 0, 0, 0
6804, 1573865, 1, 0, 0
6901, 1525938, 1, 0, 0
6901, 577348, 0, 0, 0
7000, 567316, 0, 0, 0
7004, 1571598, 1, 0, 0
7101, 1648409, 1, 0, 0
7106, 594358, 0, 0, 0
7200, 1631640, 1, 0, 0
7200, 631389, 0, 0, 0
7300, 579370, 0, 0, 0
7301, 1556747, 1, 0, 0
7401, 1618022, 1, 0, 0
7401, 599702, 0, 0, 0
7501, 1600882, 1, 0, 0
7502, 596770, 0, 0, 0
7600, 1699174, 1, 0, 0
7603, 600663, 0, 0, 0
7700, 1650518, 1, 0, 0
7700, 617267, 0, 0, 0
7800, 623632, 0, 0, 0
7804, 1608330, 1, 0, 0
7901, 1562390, 1, 0, 0
7902, 642974, 0, 0, 0
8001, 1612913, 1, 0, 0
8001, 624050, 0, 0, 0
8100, 1552315, 1, 0, 0
8101, 604507, 0, 0, 0
8200, 600661, 0, 0, 0
8202, 1594873, 1, 0, 0
8300, 606384, 0, 0, 0
8303, 1724349, 1, 0, 0
8401, 1548206, 1, 0, 0
8401, 611107, 0, 0, 0
8500, 591952, 0, 0, 0
8502, 1591600, 1, 0, 0
8600, 1611841, 1, 0, 0
8600, 621576, 0, 0, 0
8700, 606519, 0, 0, 0
8702, 1577367, 1, 0, 0
8800, 603078, 0, 0, 0
8802, 1578588, 1, 0, 0
8900, 579657, 0, 0, 0
8902, 1580926, 1, 0, 0
9000, 602352, 0, 0, 0
9001, 1624729, 1, 0, 0
9101, 1625475, 1, 0, 0
9101, 615092, 0, 0, 0
9201, 1642520, 1, 0, 0
9203, 606020, 0, 0, 0
9300, 601598, 0, 0, 0
9302, 1573179, 1, 0, 0
9400, 1574895, 1, 0, 0
9403, 601626, 0, 0, 0
9500, 1567137, 1, 0, 0
9502, 610116, 0, 0, 0
9601, 1631741, 1, 0, 0
9601, 640621, 0, 0, 0
9700, 1574779, 1, 0, 0
9701, 632093, 0, 0, 0
9800, 666247, 0, 0, 0
9803, 1654204, 1, 0, 0
9900, 633348, 0, 0, 0
9903, 1619701, 1, 0, 0
10001, 1765673, 1, 0, 0
10002, 642203, 0, 0, 0
10100, 646986, 0, 0, 0
10101, 1703599, 1, 0, 0
10201, 1646671, 1, 0, 0
10201, 659631, 0, 0, 0
10300, 659357, 0, 0, 0
10301, 1639784, 1, 0, 0
10400, 658901, 0, 0, 0
10402, 1603958, 1, 0, 0
10501, 1588535, 1, 0, 0
10504, 626529, 0, 0, 0
10600, 626561, 0, 0, 0
10602, 1655861, 1, 0, 0
10700, 623396, 0, 0, 0
10705, 1598298, 1, 0, 0
10800, 609582, 0, 0, 0
10802, 1669949, 1, 0, 0
10900, 620813, 0, 0, 0
10903, 1573357, 1, 0, 0
11000, 621993, 0, 0, 0
11001, 1555294, 1, 0, 0
11100, 625953, 0, 0, 0
11101, 1563128, 1, 0, 0
11200, 612360, 0, 0, 0
11202, 1593422, 1, 0, 0
11301, 1550695, 1, 0, 0
11301, 599294, 0, 0, 0
11400, 1570569, 1, 0, 0
11401, 617648, 0, 0, 0
11500, 1611852, 1, 0, 0
11501, 615434, 0, 0, 0
11600, 601699, 0, 0, 0
11601, 1574158, 1, 0, 0
11700, 636730, 0, 0, 0
11703, 1555257, 1, 0, 0
11800, 1602434, 1, 0, 0
11802, 613639, 0, 0, 0
11901, 1625970, 1, 0, 0
11901, 615230, 0, 0, 0
12000, 1606188, 1, 0, 0
12001, 622189, 0, 0, 0
12101, 1614596, 1, 0, 0
12102, 616445, 0, 0, 0
12200, 1535906, 1, 0, 0
12200, 635547, 0, 0, 0
12300, 1623010, 1, 0, 0
12301, 647767, 0, 0, 0
12401, 1613935, 1, 0, 0
12405, 623134, 0, 0, 0
12500, 611230, 0, 0, 0
12503, 1591399, 1, 0, 0
12600, 623168, 0, 0, 0
12602, 1577512, 1, 0, 0
12700, 1669318, 1, 0, 0
12701, 631990, 0, 0, 0
12800, 1599192, 1, 0, 0
12801, 633834, 0, 0, 0
12901, 1629180, 1, 0, 0
12903, 631288, 0, 0, 0
13000, 635710, 0, 0, 0
13002, 1551521, 1, 0, 0
13100, 617191, 0, 0, 0
13106, 1498855, 1, 0, 0
13200, 626206, 0, 0, 0
13206, 1635933, 1, 0, 0
13301, 1624505, 1, 0, 0
13302, 645968, 0, 0, 0
13400, 624218, 0, 0, 0
13401, 1630178, 1, 0, 0
13500, 1683688, 1, 0, 0
13501, 618433, 0, 0, 0
13600, 1621050, 1, 0, 0
13601, 624617, 0, 0, 0
13700, 619801, 0, 0, 0
13702, 1511166, 1, 0, 0
13800, 628492, 0, 0, 0
13804, 1583023, 1, 0, 0
13901, 1564013, 1, 0, 0
13903, 623110, 0, 0, 0
14000, 1581277, 1, 0, 0
14003, 581180, 0, 0, 0
14100, 1520943, 1, 0, 0
14101, 573190, 0, 0, 0
14200, 581505, 0, 0, 0
14203, 1623890, 1, 0, 0
14300, 594010, 0, 0, 0
14302, 1616158, 1, 0, 0
14400, 606722, 0, 0, 0
14401, 1627569, 1, 0, 0
14500, 1624721, 1, 0, 0
14505, 600333, 0, 0, 0
14600, 605419, 0, 0, 0
14603, 1735875, 1, 0, 0
14701, 1569268, 1, 0, 0
14702, 583894, 0, 0, 0
14800, 589932, 0, 0, 0
14803, 1550475, 1, 0, 0
14901, 1605122, 1, 0, 0
14901, 615239, 0, 0, 0
15000, 1573615, 1, 0, 0
15001, 574716, 0, 0, 0
15100, 1565063, 1, 0, 0
15101, 601462, 0, 0, 0
15200, 569531, 0, 0, 0
15202, 1552128, 1, 0, 0
15301, 1495455, 1, 0, 0
15301, 581060, 0, 0, 0
15400, 560254, 0, 0, 0
15402, 1486759, 1, 0, 0
15500, 1515934, 1, 0, 0
15501, 592777, 0, 0, 0
15600, 1492816, 1, 0, 0
15600, 602209, 0, 0, 0
15700, 564559, 0, 0, 0
15702, 1555896, 1, 0, 0
15800, 567572, 0, 0, 0
15801, 1546504, 1, 0, 0
15900, 1619094, 1, 0, 0
15902, 586380, 0, 0, 0
16000, 583356, 0, 0, 0
16004, 1557561, 1, 0, 0
16100, 1584463, 1, 0, 0
16101, 598002, 0, 0, 0
16200, 577788, 0, 0, 0
16202, 1546864, 1, 0, 0
16300, 1531032, 1, 0, 0
16305, 577288, 0, 0, 0
16400, 570602, 0, 0, 0
16401, 1621699, 1, 0, 0
16501, 1539202, 1, 0, 0
16501, 585353, 0, 0, 0
16600, 588044, 0, 0, 0
16603, 1531417, 1, 0, 0
16700, 1623790, 1, 0, 0
16700, 566426, 0, 0, 0
16801, 1560094, 1, 0, 0
16801, 563574, 0, 0, 0
16900, 568105, 0, 0, 0
16902, 1533457, 1, 0, 0
17000, 1565524, 1, 0, 0
17000, 580434, 0, 0, 0
17100, 581700, 0, 0, 0
17102, 1592625, 1, 0, 0
17200, 1576780, 1, 0, 0
17201, 586560, 0, 0, 0
17301, 1546107, 1, 0, 0
17301, 559965, 0, 0, 0
17400, 560460, 0, 0, 0
17404, 1581532, 1, 0, 0
17500, 552928, 0, 0, 0
17502, 1512870, 1, 0, 0
17600, 1600063, 1, 0, 0
17602, 554341, 0, 0, 0
17701, 1609703, 1, 0, 0
17702, 559675, 0, 0, 0
17801, 1576398, 1, 0, 0
17803, 584700, 0, 0, 0
17900, 554415, 0, 0, 0
17902, 1631840, 1, 0, 0
18000, 560744, 0, 0, 0
18001, 1558156, 1, 0, 0
18101, 1577155, 1, 0, 0
18103, 567659, 0, 0, 0
18200, 1603614, 1, 0, 0
18200, 587014, 0, 0, 0
18301, 1628293, 1, 0, 0
18303, 584100, 0, 0, 0
18400, 567790, 0, 0, 0
18404, 1599142, 1, 0, 0
18500, 600132, 0, 0, 0
18501, 1594678, 1, 0, 0
18600, 580305, 0, 0, 0
18602, 1533411, 1, 0, 0
18701, 1590991, 1, 0, 0
18702, 563994, 0, 0, 0
18800, 555065, 0, 0, 0
18802, 1497282, 1, 0, 0
18900, 1505471, 1, 0, 0
18901, 595038, 0, 0, 0
19000, 1622410, 1, 0, 0
19001, 607730, 0, 0, 0
19100, 1584690, 1, 0, 0
19100, 624446, 0, 0, 0
19200, 617396, 0, 0, 0
19204, 1583630, 1, 0, 0
19300, 621527, 0, 0, 0
19302, 1557580, 1, 0, 0
19400, 623291, 0, 0, 0
19403, 1570828, 1, 0, 0
19500, 613438, 0, 0, 0
19502, 1526798, 1, 0, 0
19600, 1509490, 1, 0, 0
19601, 601124, 0, 0, 0
19700, 619931, 0, 0, 0
19703, 1571109, 1, 0, 0
19800, 601175, 0, 0, 0
19802, 1587992, 1, 0, 0
19901, 1610429, 1, 0, 0
19901, 610542, 0, 0, 0
20001, 1585883, 1, 0, 0
20008, 613326, 0, 0, 0
20101, 1534935, 1, 0, 0
20101, 577490, 0, 0, 0
20200, 587692, 0, 0, 0
20203, 1525873, 1, 0, 0
20301, 1554711, 1, 0, 0
20301, 602352, 0, 0, 0
20400, 1612749, 1, 0, 0
20400, 619525, 0, 0, 0
20500, 614757, 0, 0, 0
20503, 1647212, 1, 0, 0
20600, 628584, 0, 0, 0
20603, 1643010, 1, 0, 0
20700, 1524430, 1, 0, 0
20700, 609598, 0, 0, 0
20800, 1579338, 1, 0, 0
20801, 617399, 0, 0, 0
20900, 599955, 0, 0, 0
20902, 1619152, 1, 0, 0
21001, 1593824, 1, 0, 0
21004, 612369, 0, 0, 0
21100, 635522, 0, 0, 0
21103, 1606107, 1, 0, 0
21201, 1644462, 1, 0, 0
21201, 610225, 0, 0, 0
21300, 605170, 0, 0, 0
21302, 1596064, 1, 0, 0
21400, 614241, 0, 0, 0
21402, 1572762, 1, 0, 0
21500, 607123, 0, 0, 0
21507, 1635006, 1, 0, 0
21600, 623013, 0, 0, 0
21603, 1608453, 1, 0, 0
21700, 611799, 0, 0, 0
21701, 1596294, 1, 0, 0
21801, 1664473, 1, 0, 0
21803, 628959, 0, 0, 0
21900, 1534841, 1, 0, 0
21903, 604973, 0, 0, 0
22000, 597003, 0, 0, 0
22002, 1609735, 1, 0, 0
22100, 595812, 0, 0, 0
22105, 1562773, 1, 0, 0
22200, 616345, 0, 0, 0
22202, 1679228, 1, 0, 0
22301, 1594236, 1, 0, 0
22302, 607808, 0, 0, 0
22401, 1606728, 1, 0, 0
22401, 618087, 0, 0, 0
22500, 626815, 0, 0, 0
22505, 1596601, 1, 0, 0
22601, 1595130, 1, 0, 0
22602, 608411, 0, 0, 0
22700, 1596037, 1, 0, 0
22705, 616052, 0, 0, 0
22800, 625440, 0, 0, 0
22802, 1588470, 1, 0, 0
22900, 1706653, 1, 0, 0
22900, 614984, 0, 0, 0
23000, 609593, 0, 0, 0
23002, 1614694, 1, 0, 0
23100, 589462, 0, 0, 0
23105, 1578782, 1, 0, 0
23200, 611840, 0, 0, 0
23202, 1521787, 1, 0, 0
23301, 1528628, 1, 0, 0
23305, 582688, 0, 0, 0
23400, 1588679, 1, 0, 0
23400, 598085, 0, 0, 0
23500, 588824, 0, 0, 0
23502, 1568356, 1, 0, 0
23600, 599115, 0, 0, 0
23605, 1603206, 1, 0, 0
23700, 602995, 0, 0, 0
23702, 1556740, 1, 0, 0
23800, 603222, 0, 0, 0
23804, 1567020, 1, 0, 0
23901, 1598924, 1, 0, 0
23902, 631742, 0, 0, 0
24000, 1610678, 1, 0, 0
24000, 618052, 0, 0, 0
24100, 1607382, 1, 0, 0
24102, 656840, 0, 0, 0
24201, 1624028, 1, 0, 0
24202, 614515, 0, 0, 0
24301, 1550511, 1, 0, 0
24302, 611006, 0, 0, 0
24400, 1652478, 1, 0, 0
24400, 600058, 0, 0, 0
24500, 1553777, 1, 0, 0
24502, 616328, 0, 0, 0
24601, 1580363, 1, 0, 0
24602, 601094, 0, 0, 0
24700, 641899, 0, 0, 0
24707, 1614013, 1, 0, 0
24800, 1590185, 1, 0, 0
24800, 608689, 0, 0, 0
24900, 616242, 0, 0, 0
24904, 1551003, 1, 0, 0
25000, 1673376, 1, 0, 0
25002, 598557, 0, 0, 0
25100, 1619484, 1, 0, 0
25100, 607112, 0, 0, 0
25200, 627463, 0, 0, 0
25206, 1621898, 1, 0, 0
25300, 1539448, 1, 0, 0
25300, 602917, 0, 0, 0
25400, 596952, 0, 0, 0
25404, 1609701, 1, 0, 0
25500, 609992, 0, 0, 0
25502, 1621082, 1, 0, 0
25600, 1651670, 1, 0, 0
25600, 624933, 0, 0, 0
25700, 586459, 0, 0, 0
25701, 1601184, 1, 0, 0
25800, 1686312, 1, 0, 0
25801, 605189, 0, 0, 0
25900, 603742, 0, 0, 0
25901, 1592422, 1, 0, 0
26001, 1649565, 1, 0, 0
26001, 617995, 0, 0, 0
26100, 1566733, 1, 0, 0
26101, 631666, 0, 0, 0
26200, 1624523, 1, 0, 0
26203, 597660, 0, 0, 0
26300, 600360, 0, 0, 0
26302, 1575487, 1, 0, 0
26400, 636827, 0, 0, 0
26403, 1700189, 1, 0, 0
26500, 617957, 0, 0, 0
26501, 1571780, 1, 0, 0
26600, 596904, 0, 0, 0
26601, 1583170, 1, 0, 0
26700, 1632423, 1, 0, 0
26700, 604102, 0, 0, 0
26800, 1559291, 1, 0, 0
26801, 596677, 0, 0, 0
26901, 1608620, 1, 0, 0
26901, 605449, 0, 0, 0
27000, 1638110, 1, 0, 0
27001, 583744, 0, 0, 0
27100, 629429, 0, 0, 0
27102, 1629127, 1, 0, 0
27200, 584171, 0, 0, 0
27202, 1548212, 1, 0, 0
27301, 1494742, 1, 0, 0
27302, 596281, 0, 0, 0
27400, 1558946, 1, 0, 0
27400, 607063, 0, 0, 0
27500, 571930, 0, 0, 0
27504, 1571082, 1, 0, 0
27600, 1613281, 1, 0, 0
27604, 584859, 0, 0, 0
27701, 1567364, 1, 0, 0
27701, 586862, 0, 0, 0
27800, 550406, 0, 0, 0
27802, 1547633, 1, 0, 0
27902, 1567275, 1, 0, 0
27902, 590605, 0, 0, 0
28000, 613288, 0, 0, 0
28003, 1601509, 1, 0, 0
28101, 1602353, 1, 0, 0
28101, 595608, 0, 0, 0
28200, 585498, 0, 0, 0
28207, 1503192, 1, 0, 0
28301, 1524998, 1, 0, 0
28303, 575722, 0, 0, 0
28400, 572818, 0, 0, 0
28401, 1473446, 1, 0, 0
28500, 1548370, 1, 0, 0
28502, 560278, 0, 0, 0
28600, 566219, 0, 0, 0
28601, 1494279, 1, 0, 0
28700, 570246, 0, 0, 0
28701, 1534231, 1, 0, 0
28800, 580249, 0, 0, 0
28802, 1597136, 1, 0, 0
28900, 585184, 0, 0, 0
28905, 1540343, 1, 0, 0
29001, 1700494, 1, 0, 0
29003, 578034, 0, 0, 0
29100, 590848, 0, 0, 0
29103, 1492694, 1, 0, 0
29201, 1536794, 1, 0, 0
29202, 584384, 0, 0, 0
29300, 562750, 0, 0, 0
29302, 1556050, 1, 0, 0
29400, 580755, 0, 0, 0
29402, 1505263, 1, 0, 0
29500, 1560731, 1, 0, 0
29500, 579020, 0, 0, 0
29600, 562632, 0, 0, 0
29601, 1565329, 1, 0, 0
29700, 594577, 0, 0, 0
29704, 1488956, 1, 0, 0
29800, 1546446, 1, 0, 0
29801, 606346, 0, 0, 0
29900, 1527107, 1, 0, 0
29902, 592508, 0, 0, 0
30000, 573964, 0, 0, 0
30002, 1563330, 1, 0, 0
30100, 610059, 0, 0, 0
30101, 1619626, 1, 0, 0
30200, 584369, 0, 0, 0
30201, 1589421, 1, 0, 0
30300, 583157, 0, 0, 0
30301, 1552787, 1, 0, 0
30401, 1585193, 1, 0, 0
30401, 574733, 0, 0, 0
30500, 596299, 0, 0, 0
30502, 1558666, 1, 0, 0
30600, 609358, 0, 0, 0
30603, 1617555, 1, 0, 0
30700, 574198, 0, 0, 0
30703, 1632992, 1, 0, 0
30801, 1587263, 1, 0, 0
30801, 591623, 0, 0, 0
30901, 1576836, 1, 0, 0
30901, 589415, 0, 0, 0
31001, 1576879, 1, 0, 0
31001, 580981, 0, 0, 0
31101, 1621294, 1, 0, 0
31101, 590601, 0, 0, 0
31200, 1525218, 1, 0, 0
31202, 559891, 0, 0, 0
31301, 1507588, 1, 0, 0
31301, 571182, 0, 0, 0
31400, 1599492, 1, 0, 0
31401, 569722, 0, 0, 0
31500, 583138, 0, 0, 0
31502, 1644593, 1, 0, 0
31600, 1523418, 1, 0, 0
31600, 614281, 0, 0, 0
31700, 572346, 0, 0, 0
31702, 1538960, 1, 0, 0
31800, 1591429, 1, 0, 0
31800, 574370, 0, 0, 0
31901, 1671953, 1, 0, 0
31901, 603726, 0, 0, 0
32000, 564776, 0, 0, 0
32001, 1556842, 1, 0, 0
32100, 577965, 0, 0, 0
32105, 1670671, 1, 0, 0
32200, 1535590, 1, 0, 0
32200, 579717, 0, 0, 0
32300, 1538950, 1, 0, 0
32301, 562788, 0, 0, 0
32400, 1582013, 1, 0, 0
32400, 593046, 0, 0, 0
32500, 1593210, 1, 0, 0
32501, 579245, 0, 0, 0
32600, 582587, 0, 0, 0
32601, 1595318, 1, 0, 0
32700, 589104, 0, 0, 0
32706, 1600611, 1, 0, 0
32800, 582614, 0, 0, 0
32802, 1577386, 1, 0, 0
32900, 1592899, 1, 0, 0
32906, 595126, 0, 0, 0
33000, 604301, 0, 0, 0
33003, 1544539, 1, 0, 0
33100, 562491, 0, 0, 0
33102, 1553369, 1, 0, 0
33201, 1577267, 1, 0, 0
33202, 610824, 0, 0, 0
33300, 589056, 0, 0, 0
33303, 1622379, 1, 0, 0
33400, 1567698, 1, 0, 0
33401, 584564, 0, 0, 0
33501, 1543843, 1, 0, 0
33501, 582407, 0, 0, 0
33600, 1598164, 1, 0, 0
33601, 582858, 0, 0, 0
33701, 1537739, 1, 0, 0
33703, 591712, 0, 0, 0
33801, 1567583, 1, 0, 0
33801, 601780, 0, 0, 0
33900, 589451, 0, 0, 0
33901, 1579772, 1, 0, 0
34000, 1519887, 1, 0, 0
34002, 578224, 0, 0, 0
34100, 599223, 0, 0, 0
34102, 1579463, 1, 0, 0
34200, 612123, 0, 0, 0
34202, 1572074, 1, 0, 0
34300, 594914, 0, 0, 0
34301, 1569529, 1, 0, 0
34401, 1614237, 1, 0, 0
34402, 598810, 0, 0, 0
34500, 1549021, 1, 0, 0
34501, 588987, 0, 0, 0
34600, 1645427, 1, 0, 0
34600, 608420, 0, 0, 0
34700, 1622191, 1, 0, 0
34702, 618941, 0, 0, 0
34800, 1577619, 1, 0, 0
34801, 578792, 0, 0, 0
34900, 596640, 0, 0, 0
34902, 1544203, 1, 0, 0
35000, 619817, 0, 0, 0
35002, 1604353, 1, 0, 0
35101, 1594220, 1, 0, 0
35101, 603566, 0, 0, 0
35200, 578055, 0, 0, 0
35201, 1597391, 1, 0, 0
35300, 580092, 0, 0, 0
35301, 1543335, 1, 0, 0
35400, 1531103, 1, 0, 0
35401, 598482, 0, 0, 0
35501, 1576726, 1, 0, 0
35503, 591473, 0, 0, 0
35600, 1490174, 1, 0, 0
35601, 556008, 0, 0, 0
35700, 1574298, 1, 0, 0
35700, 610345, 0, 0, 0
35801, 1690376, 1, 0, 0
35801, 587417, 0, 0, 0
35900, 1558160, 1, 0, 0
35901, 592838, 0, 0, 0
36000, 1606708, 1, 0, 0
36002, 615970, 0, 0, 0
36100, 575940, 0, 0, 0
36103, 1562939, 1, 0, 0
36201, 1607746, 1, 0, 0
36201, 613099, 0, 0, 0
36301, 1547759, 1, 0, 0
36305, 597220, 0, 0, 0
36400, 1574689, 1, 0, 0
36402, 607392, 0, 0, 0
36500, 1552041, 1, 0, 0
36501, 594584, 0, 0, 0
36600, 1571480, 1, 0, 0
36600, 626321, 0, 0, 0
36700, 1555022, 1, 0, 0
36702, 576897, 0, 0, 0
36800, 579559, 0, 0, 0
36803, 1529319, 1, 0, 0
36900, 1568050, 1, 0, 0
36901, 604718, 0, 0, 0
37000, 1551844, 1, 0, 0
37000, 616635, 0, 0, 0
37100, 1428534, 1, 0, 0
37101, 576156, 0, 0, 0
37200, 1559759, 1, 0, 0
37202, 600567, 0, 0, 0
37300, 1572532, 1, 0, 0
37301, 579166, 0, 0, 0
37400, 1564956, 1, 0, 0
37401, 590010, 0, 0, 0
37500, 580396, 0, 0, 0
37503, 1532253, 1, 0, 0
37600, 1536172, 1, 0, 0
37600, 579144, 0, 0, 0
37700, 562534, 0, 0, 0
37706, 1558455, 1, 0, 0
37800, 583646, 0, 0, 0
37802, 1589125, 1, 0, 0
37900, 563156, 0, 0, 0
37902, 1548049, 1, 0, 0
38000, 589521, 0, 0, 0
38002, 1494038, 1, 0, 0
38100, 1555168, 1, 0, 0
38101, 620665, 0, 0, 0
38201, 1636335, 1, 0, 0
38201, 626740, 0, 0, 0
38300, 1624591, 1, 0, 0
38301, 607064, 0, 0, 0
38400, 1577029, 1, 0, 0
38402, 597951, 0, 0, 0
38501, 1599427, 1, 0, 0
38501, 606158, 0, 0, 0
38600, 1589495, 1, 0, 0
38600, 609432, 0, 0, 0
38700, 615158, 0, 0, 0
38702, 1592322, 1, 0, 0
38800, 601824, 0, 0, 0
38804, 1561743, 1, 0, 0
38901, 1583402, 1, 0, 0
38901, 611165, 0, 0, 0
39000, 1622192, 1, 0, 0
39001, 605857, 0, 0, 0
39101, 1590340, 1, 0, 0
39101, 599700, 0, 0, 0
39200, 601860, 0, 0, 0
39202, 1593003, 1, 0, 0
39301, 1619352, 1, 0, 0
39302, 619689, 0, 0, 0
39401, 1538518, 1, 0, 0
39401, 603405, 0, 0, 0
39500, 612790, 0, 0, 0
39504, 1613093, 1, 0, 0
39600, 1607848, 1, 0, 0
39602, 626533, 0, 0, 0
39700, 598175, 0, 0, 0
39703, 1631136, 1, 0, 0
39800, 1571616, 1, 0, 0
39801, 588673, 0, 0, 0
39900, 1623516, 1, 0, 0
39904, 602545, 0, 0, 0
40000, 1624435, 1, 0, 0
40002, 616311, 0, 0, 0
40100, 1562496, 1, 0, 0
40101, 602938, 0, 0, 0
40200, 605443, 0, 0, 0
40202, 1606166, 1, 0, 0
40301, 1558379, 1, 0, 0
40301, 621284, 0, 0, 0
40400, 617978, 0, 0, 0
40403, 1636369, 1, 0, 0
40501, 1567375, 1, 0, 0
40501, 594543, 0, 0, 0
40600, 623795, 0, 0, 0
40602, 1635135, 1, 0, 0
40700, 600095, 0, 0, 0
40702, 1680099, 1, 0, 0
40801, 1610593, 1, 0, 0
40801, 613667, 0, 0, 0
40900, 1596782, 1, 0, 0
40904, 620156, 0, 0, 0
41000, 1546326, 1, 0, 0
41001, 625761, 0, 0, 0
41100, 600564, 0, 0, 0
41102, 1587776, 1, 0, 0
41200, 1552679, 1, 0, 0
41200, 593915, 0, 0, 0
41300, 1579035, 1, 0, 0
41301, 584093, 0, 0, 0
41400, 1559535, 1, 0, 0
41401, 571790, 0, 0, 0
41500, 619233, 0, 0, 0
41503, 1589543, 1, 0, 0
41600, 605229, 0, 0, 0
41601, 1565726, 1, 0, 0
41700, 592828, 0, 0, 0
41705, 1582610, 1, 0, 0
41800, 1562382, 1, 0, 0
41800, 586854, 0, 0, 0
41900, 609036, 0, 0, 0
41905, 1547528, 1, 0, 0
42001, 1586373, 1, 0, 0
42001, 617413, 0, 0, 0
42100, 600121, 0, 0, 0
42103, 1554463, 1, 0, 0
42200, 592373, 0, 0, 0
42205, 1576812, 1, 0, 0
42300, 614599, 0, 0, 0
42303, 1560927, 1, 0, 0
42401, 1573193, 1, 0, 0
42402, 605384, 0, 0, 0
42501, 1594129, 1, 0, 0
42501, 578873, 0, 0, 0
42600, 618465, 0, 0, 0
42606, 1663033, 1, 0, 0
42701, 1636985, 1, 0, 0
42701, 600603, 0, 0, 0
42800, 1544646, 1, 0, 0
42801, 594094, 0, 0, 0
42900, 1601942, 1, 0, 0
42902, 613021, 0, 0, 0
43000, 602603, 0, 0, 0
43001, 1541129, 1, 0, 0
43100, 1601288, 1, 0, 0
43101, 602713, 0, 0, 0
43200, 606321, 0, 0, 0
43201, 1533705, 1, 0, 0
43300, 585695, 0, 0, 0
43304, 1529786, 1, 0, 0
43400, 1528678, 1, 0, 0
43400, 578802, 0, 0, 0
43500, 595931, 0, 0, 0
43502, 1591898, 1, 0, 0
43600, 1671990, 1, 0, 0
43601, 611777, 0, 0, 0
43700, 610207, 0, 0, 0
43702, 1573236, 1, 0, 0
43800, 610036, 0, 0, 0
43802, 1540921, 1, 0, 0
43900, 1533912, 1, 0, 0
43900, 607173, 0, 0, 0
44000, 599986, 0, 0, 0
44002, 1628969, 1, 0, 0
44100, 1632212, 1, 0, 0
44101, 615871, 0, 0, 0
44201, 1594331, 1, 0, 0
44202, 620278, 0, 0, 0
44301, 1636945, 1, 0, 0
44302, 616899, 0, 0, 0
44400, 580260, 0, 0, 0
44402, 1577365, 1, 0, 0
44500, 586947, 0, 0, 0
44502, 1612215, 1, 0, 0
44600, 626793, 0, 0, 0
44601, 1524911, 1, 0, 0
44700, 613459, 0, 0, 0
44702, 1601158, 1, 0, 0
44801, 1545815, 1, 0, 0
44803, 595606, 0, 0, 0
44900, 606354, 0, 0, 0
44902, 1544464, 1, 0, 0
45000, 578109, 0, 0, 0
45002, 1635941, 1, 0, 0
45100, 1604134, 1, 0, 0
45100, 590579, 0, 0, 0
45200, 604903, 0, 0, 0
45204, 1566526, 1, 0, 0
45300, 1619666, 1, 0, 0
45301, 609096, 0, 0, 0
45401, 1513010, 1, 0, 0
45401, 599882, 0, 0, 0
45500, 583731, 0, 0, 0
45505, 1586169, 1, 0, 0
45600, 588510, 0, 0, 0
45604, 1602733, 1, 0, 0
45701, 1566466, 1, 0, 0
45701, 596798, 0, 0, 0
45800, 590235, 0, 0, 0
45802, 1555977, 1, 0, 0
45900, 1518731, 1, 0, 0
45903, 590956, 0, 0, 0
46000, 1558615, 1, 0, 0
46000, 608351, 0, 0, 0
46100, 611176, 0, 0, 0
46102, 1554468, 1, 0, 0
46200, 600194, 0, 0, 0
46203, 1564431, 1, 0, 0
46300, 1543986, 1, 0, 0
46300, 592410, 0, 0, 0
46400, 594988, 0, 0, 0
46401, 1560554, 1, 0, 0
46500, 603933, 0, 0, 0
46502, 1590600, 1, 0, 0
46600, 587463, 0, 0, 0
46602, 1566839, 1, 0, 0
46700, 589179, 0, 0, 0
46702, 1706358, 1, 0, 0
46800, 618296, 0, 0, 0
46806, 1530150, 1, 0, 0
46900, 1619880, 1, 0, 0
46901, 622258, 0, 0, 0
47000, 1625747, 1, 0, 0
47002, 643327, 0, 0, 0
47100, 1623486, 1, 0, 0
47101, 612695, 0, 0, 0
47200, 1601125, 1, 0, 0
47202, 603743, 0, 0, 0
47300, 1616126, 1, 0, 0
47301, 627713, 0, 0, 0
47400, 618252, 0, 0, 0
47403, 1631044, 1, 0, 0
47500, 1625330, 1, 0, 0
47502, 634360, 0, 0, 0
47600, 1576072, 1, 0, 0
47602, 630762, 0, 0, 0
47700, 1618383, 1, 0, 0
47701, 646070, 0, 0, 0
47800, 1582128, 1, 0, 0
47801, 642225, 0, 0, 0
47900, 1630931, 1, 0, 0
47901, 633601, 0, 0, 0
48000, 628524, 0, 0, 0
48005, 1654590, 1, 0, 0
48100, 1680545, 1, 0, 0
48101, 656703, 0, 0, 0
48200, 628452, 0, 0, 0
48202, 1662691, 1, 0, 0
48300, 1568479, 1, 0, 0
48304, 620483, 0, 0, 0
48401, 1594072, 1, 0, 0
48401, 605767, 0, 0, 0
48500, 621599, 0, 0, 0
48504, 1578616, 1, 0, 0
48600, 1546779, 1, 0, 0
48601, 615867, 0, 0, 0
48700, 612996, 0, 0, 0
48704, 1592784, 1, 0, 0
48800, 1577684, 1, 0, 0
48801, 622077, 0, 0, 0
48900, 596676, 0, 0, 0
48902, 1591037, 1, 0, 0
49000, 605772, 0, 0, 0
49002, 1577951, 1, 0, 0
49100, 634791, 0, 0, 0
49102, 1652610, 1, 0, 0
49200, 624769, 0, 0, 0
49201, 1639733, 1, 0, 0
49300, 604733, 0, 0, 0
49302, 1627944, 1, 0, 0
49400, 1640872, 1, 0, 0
49401, 612960, 0, 0, 0
49500, 589636, 0, 0, 0
49501, 1579863, 1, 0, 0
49600, 1605102, 1, 0, 0
49601, 631560, 0, 0, 0
49700, 1530967, 1, 0, 0
49700, 624921, 0, 0, 0
49800, 611853, 0, 0, 0
49804, 1647339, 1, 0, 0
49900, 1539655, 1, 0, 0
49900, 618790, 0, 0, 0
50000, 616529, 0, 0, 0
50002, 1624015, 1, 0, 0
50100, 672309, 0, 0, 0
50103, 1605200, 1, 0, 0
50200, 1655307, 1, 0, 0
50201, 643440, 0, 0, 0
50301, 1598041, 1, 0, 0
50302, 634393, 0, 0, 0
50400, 648001, 0, 0, 0
50408, 1601864, 1, 0, 0
50500, 1622108, 1, 0, 0
50500, 645769, 0, 0, 0
50601, 1532524, 1, 0, 0
50602, 625656, 0, 0, 0
50700, 613756, 0, 0, 0
50704, 1541613, 1, 0, 0
50800, 1606751, 1, 0, 0
50800, 641697, 0, 0, 0
50900, 1596276, 1, 0, 0
50902, 628759, 0, 0, 0
51000, 1584102, 1, 0, 0
51003, 634012, 0, 0, 0
51100, 1568564, 1, 0, 0
51102, 649354, 0, 0, 0
51200, 1620158, 1, 0, 0
51201, 626049, 0, 0, 0
51300, 603742, 0, 0, 0
51302, 1579753, 1, 0, 0
51401, 1667235, 1, 0, 0
51402, 616308, 0, 0, 0
51500, 650645, 0, 0, 0
51502, 1585762, 1, 0, 0
51600, 1607645, 1, 0, 0
51602, 652385, 0, 0, 0
51701, 1662884, 1, 0, 0
51701, 646696, 0, 0, 0
51801, 1609493, 1, 0, 0
51802, 643475, 0, 0, 0
51900, 1683641, 1, 0, 0
51900, 641375, 0, 0, 0
52000, 620611, 0, 0, 0
52002, 1652222, 1, 0, 0
52100, 632698, 0, 0, 0
52107, 1675058, 1, 0, 0
52200, 635061, 0, 0, 0
52204, 1649288, 1, 0, 0
52300, 663317, 0, 0, 0
52302, 1705289, 1, 0, 0
52400, 1681092, 1, 0, 0
52401, 643053, 0, 0, 0
52500, 608609, 0, 0, 0
52501, 1609548, 1, 0, 0
52600, 1693379, 1, 0, 0
52600, 639587, 0, 0, 0
52700, 1607120, 1, 0, 0
52701, 600361, 0, 0, 0
52800, 659546, 0, 0, 0
52802, 1658444, 1, 0, 0
52900, 614976, 0, 0, 0
52904, 1625961, 1, 0, 0
53000, 603232, 0, 0, 0
53006, 1631149, 1, 0, 0
53101, 1585217, 1, 0, 0
53101, 609868, 0, 0, 0
53200, 1619103, 1, 0, 0
53200, 628987, 0, 0, 0
53300, 1625967, 1, 0, 0
53301, 645384, 0, 0, 0
53400, 614725, 0, 0, 0
53403, 1692361, 1, 0, 0
53500, 596872, 0, 0, 0
53501, 1544725, 1, 0, 0
53600, 613863, 0, 0, 0
53603, 1647094, 1, 0, 0
53700, 606718, 0, 0, 0
53701, 1589049, 1, 0, 0
53800, 630308, 0, 0, 0
53801, 1617983, 1, 0, 0
53900, 617216, 0, 0, 0
53903, 1646015, 1, 0, 0
54000, 595309, 0, 0, 0
54004, 1741247, 1, 0, 0
54100, 1611029, 1, 0, 0
54107, 623366, 0, 0, 0
54200, 625121, 0, 0, 0
54202, 1677584, 1, 0, 0
54300, 1614215, 1, 0, 0
54301, 634863, 0, 0, 0
54400, 1652471, 1, 0, 0
54402, 637450, 0, 0, 0
54500, 631002, 0, 0, 0
54502, 1584525, 1, 0, 0
54600, 604820, 0, 0, 0
54603, 1634721, 1, 0, 0
54700, 1528231, 1, 0, 0
54701, 609784, 0, 0, 0
54800, 601714, 0, 0, 0
54802, 1654443, 1, 0, 0
54900, 626828, 0, 0, 0
54906, 1693637, 1, 0, 0
55001, 1771856, 1, 0, 0
55003, 620756, 0, 0, 0
55101, 1612671, 1, 0, 0
55101, 609277, 0, 0, 0
55200, 628785, 0, 0, 0
55201, 1607113, 1, 0, 0
55300, 656301, 0, 0, 0
55302, 1594745, 1, 0, 0
55400, 639889, 0, 0, 0
55405, 1698721, 1, 0, 0
55501, 1630330, 1, 0, 0
55501, 637111, 0, 0, 0
55600, 625487, 0, 0, 0
55602, 1686583, 1, 0, 0
55701, 1631744, 1, 0, 0
55701, 630823, 0, 0, 0
55800, 1596734, 1, 0, 0
55800, 597197, 0, 0, 0
55900, 591537, 0, 0, 0
55902, 1582300, 1, 0, 0
56000, 1639248, 1, 0, 0
56001, 602409, 0, 0, 0
56100, 600128, 0, 0, 0
56102, 1570056, 1, 0, 0
56200, 1646150, 1, 0, 0
56202, 619615, 0, 0, 0
56300, 1584122, 1, 0, 0
56303, 602231, 0, 0, 0
56401, 1596802, 1, 0, 0
56401, 607119, 0, 0, 0
56500, 588301, 0, 0, 0
56503, 1563281, 1, 0, 0
56601, 1570124, 1, 0, 0
56604, 600671, 0, 0, 0
56700, 1606403, 1, 0, 0
56703, 587422, 0, 0, 0
56800, 622289, 0, 0, 0
56801, 1694493, 1, 0, 0
56901, 1578873, 1, 0, 0
56902, 591939, 0, 0, 0
57000, 1639341, 1, 0, 0
57002, 588009, 0, 0, 0
57100, 1682597, 1, 0, 0
57100, 639282, 0, 0, 0
57200, 1632134, 1, 0, 0
57201, 619708, 0, 0, 0
57300, 615787, 0, 0, 0
57301, 1600265, 1, 0, 0
57400, 1642259, 1, 0, 0
57404, 625080, 0, 0, 0
57501, 1627961, 1, 0, 0
57501, 619401, 0, 0, 0
57600, 634624, 0, 0, 0
57603, 1617184, 1, 0, 0
57700, 1592456, 1, 0, 0
57705, 610943, 0, 0, 0
57801, 1618313, 1, 0, 0
57801, 606905, 0, 0, 0
57900, 1544271, 1, 0, 0
57900, 619755, 0, 0, 0
58001, 1626353, 1, 0, 0
58003, 647170, 0, 0, 0
58101, 1587742, 1, 0, 0
58102, 621965, 0, 0, 0
58201, 1726906, 1, 0, 0
58201, 647870, 0, 0, 0
58300, 619829, 0, 0, 0
58304, 1617666, 1, 0, 0
58400, 630075, 0, 0, 0
58404, 1573989, 1, 0, 0
58500, 1649452, 1, 0, 0
58501, 660214, 0, 0, 0
58600, 645821, 0, 0, 0
58603, 1615375, 1, 0, 0
58701, 1691213, 1, 0, 0
58701, 631359, 0, 0, 0
58800, 632511, 0, 0, 0
58802, 1631525, 1, 0, 0
58900, 628505, 0, 0, 0
58902, 1724560, 1, 0, 0
59000, 607427, 0, 0, 0
59002, 1618934, 1, 0, 0
59100, 642700, 0, 0, 0
59102, 1571382, 1, 0, 0
59200, 615934, 0, 0, 0
59205, 1718225, 1, 0, 0
59300, 1605746, 1, 0, 0
59301, 649551, 0, 0, 0
59400, 1578963, 1, 0, 0
59401, 612762, 0, 0, 0
59501, 1589068, 1, 0, 0
59505, 621171, 0, 0, 0
59601, 1554089, 1, 0, 0
59601, 642733, 0, 0, 0
59700, 1616881, 1, 0, 0
59701, 638694, 0, 0, 0
59800, 606621, 0, 0, 0
59802, 1613503, 1, 0, 0
59901, 1588386, 1, 0, 0
59903, 630273, 0, 0, 0
60000, 634484, 0, 0, 0
60002, 1644440, 1, 0, 0
60100, 1579107, 1, 0, 0
60101, 626714, 0, 0, 0
60200, 1577964, 1, 0, 0
60201, 612885, 0, 0, 0
60300, 646569, 0, 0, 0
60301, 1568123, 1, 0, 0
60400, 634093, 0, 0, 0
60403, 1633360, 1, 0, 0
60501, 1579749, 1, 0, 0
60508, 615188, 0, 0, 0
60600, 1553233, 1, 0, 0
60600, 622421, 0, 0, 0
60700, 1690572, 1, 0, 0
60703, 643072, 0, 0, 0
60800, 616910, 0, 0, 0
60802, 1578314, 1, 0, 0
60900, 1638872, 1, 0, 0
60900, 617117, 0, 0, 0
61001, 1557817, 1, 0, 0
61001, 586524, 0, 0, 0
61100, 600357, 0, 0, 0
61102, 1594329, 1, 0, 0
61200, 575181, 0, 0, 0
61203, 1591634, 1, 0, 0
61300, 564821, 0, 0, 0
61301, 1539105, 1, 0, 0
61401, 1602458, 1, 0, 0
61401, 554744, 0, 0, 0
61500, 566498, 0, 0, 0
61502, 1548690, 1, 0, 0
61600, 595412, 0, 0, 0
61604, 1557888, 1, 0, 0
61700, 608538, 0, 0, 0
61703, 1613889, 1, 0, 0
61800, 591106, 0, 0, 0
61802, 1553925, 1, 0, 0
61901, 1599059, 1, 0, 0
61901, 598762, 0, 0, 0
62000, 620557, 0, 0, 0
62002, 1565891, 1, 0, 0
62100, 616207, 0, 0, 0
62106, 1642459, 1, 0, 0
62201, 1622267, 1, 0, 0
62203, 637591, 0, 0, 0
62300, 602854, 0, 0, 0
62302, 1588028, 1, 0, 0
62400, 637981, 0, 0, 0
62401, 1636954, 1, 0, 0
62500, 622257, 0, 0, 0
62501, 1612929, 1, 0, 0
62600, 1617514, 1, 0, 0
62601, 636858, 0, 0, 0
62700, 1754530, 1, 0, 0
62702, 612051, 0, 0, 0
62800, 627829, 0, 0, 0
62802, 1671831, 1, 0, 0
62900, 634262, 0, 0, 0
62903, 1631985, 1, 0, 0
63000, 1625788, 1, 0, 0
63001, 604342, 0, 0, 0
63100, 573158, 0, 0, 0
63103, 1522731, 1, 0, 0
63201, 1504990, 1, 0, 0
63201, 607661, 0, 0, 0
63300, 1576036, 1, 0, 0
63302, 631587, 0, 0, 0
63400, 612712, 0, 0, 0
63404, 1579915, 1, 0, 0
63501, 1584349, 1, 0, 0
63501, 611641, 0, 0, 0
63601, 1599511, 1, 0, 0
63601, 612052, 0, 0, 0
63700, 620814, 0, 0, 0
63702, 1599993, 1, 0, 0
63800, 1586891, 1, 0, 0
63804, 614592, 0, 0, 0
63900, 1576741, 1, 0, 0
63900, 645006, 0, 0, 0
64001, 1719311, 1, 0, 0
64006, 619314, 0, 0, 0
64100, 632555, 0, 0, 0
64103, 1616070, 1, 0, 0
64200, 600003, 0, 0, 0
64201, 1560971, 1, 0, 0
64300, 601619, 0, 0, 0
64303, 1583699, 1, 0, 0
64400, 606860, 0, 0, 0
64402, 1652443, 1, 0, 0
64501, 1556349, 1, 0, 0
64501, 616010, 0, 0, 0
64600, 614009, 0, 0, 0
64602, 1596718, 1, 0, 0
64700, 1600565, 1, 0, 0
64700, 606225, 0, 0, 0
64800, 609775, 0, 0, 0
64802, 1620338, 1, 0, 0
64900, 621011, 0, 0, 0
64903, 1576466, 1, 0, 0
65000, 600358, 0, 0, 0
65001, 1538605, 1, 0, 0
65101, 1533268, 1, 0, 0
65103, 599947, 0, 0, 0
65200, 625675, 0, 0, 0
65205, 1522382, 1, 0, 0
65300, 646488, 0, 0, 0
65302, 1668328, 1, 0, 0
65400, 643967, 0, 0, 0
65401, 1613517, 1, 0, 0
65501, 1598276, 1, 0, 0
65503, 598684, 0, 0, 0
65601, 1554363, 1, 0, 0
65604, 571128, 0, 0, 0
65700, 1569031, 1, 0, 0
65701, 583214, 0, 0, 0
65800, 583433, 0, 0, 0
65801, 1598291, 1, 0, 0
65900, 576904, 0, 0, 0
65901, 1604975, 1, 0, 0
66001, 1610482, 1, 0, 0
66007, 597722, 0, 0, 0
66100, 577519, 0, 0, 0
66102, 1567871, 1, 0, 0
66200, 1605816, 1, 0, 0
66201, 597857, 0, 0, 0
66301, 1583991, 1, 0, 0
66301, 612019, 0, 0, 0
66400, 1555813, 1, 0, 0
66401, 596639, 0, 0, 0
66500, 1624063, 1, 0, 0
66503, 611220, 0, 0, 0
66600, 1651023, 1, 0, 0
66600, 608785, 0, 0, 0
66700, 614457, 0, 0, 0
66702, 1659414, 1, 0, 0
66800, 611936, 0, 0, 0
66808, 1668223, 1, 0, 0
66901, 1650154, 1, 0, 0
66902, 598318, 0, 0, 0
67000, 1727303, 1, 0, 0
67001, 624529, 0, 0, 0
67101, 1620768, 1, 0, 0
67101, 599326, 0, 0, 0
67201, 1683901, 1, 0, 0
67201, 591389, 0, 0, 0
67301, 1651973, 1, 0, 0
67302, 588958, 0, 0, 0
67401, 1585575, 1, 0, 0
67401, 559802, 0, 0, 0
67500, 586702, 0, 0, 0
67512, 1586408, 1, 0, 0
67600, 601389, 0, 0, 0
67601, 1511962, 1, 0, 0
67700, 591691, 0, 0, 0
67704, 1616737, 1, 0, 0
67800, 1515930, 1, 0, 0
67801, 585034, 0, 0, 0
67901, 1611046, 1, 0, 0
67901, 589768, 0, 0, 0
68000, 581751, 0, 0, 0
68004, 1649506, 1, 0, 0
68101, 1564928, 1, 0, 0
68101, 572868, 0, 0, 0
68201, 1538597, 1, 0, 0
68202, 586974, 0, 0, 0
68300, 1564877, 1, 0, 0
68300, 580312, 0, 0, 0
68400, 588194, 0, 0, 0
68403, 1577922, 1, 0, 0
68500, 1523544, 1, 0, 0
68501, 586630, 0, 0, 0
68600, 1592080, 1, 0, 0
68601, 615080, 0, 0, 0
68700, 1601647, 1, 0, 0
68701, 614667, 0, 0, 0
68800, 616322, 0, 0, 0
68802, 1595243, 1, 0, 0
68900, 1589404, 1, 0, 0
68902, 623651, 0, 0, 0
69000, 596584, 0, 0, 0
69004, 1536391, 1, 0, 0
69100, 606312, 0, 0, 0
69106, 1607627, 1, 0, 0
69200, 1548705, 1, 0, 0
69201, 592003, 0, 0, 0
69300, 609932, 0, 0, 0
69301, 1619533, 1, 0, 0
69400, 1524593, 1, 0, 0
69402, 587404, 0, 0, 0
69500, 1662927, 1, 0, 0
69503, 619971, 0, 0, 0
69600, 615335, 0, 0, 0
69602, 1574623, 1, 0, 0
69700, 1619000, 1, 0, 0
69701, 604989, 0, 0, 0
69800, 1627804, 1, 0, 0
69802, 624935, 0, 0, 0
69900, 607538, 0, 0, 0
69904, 1561433, 1, 0, 0
70000, 1701098, 1, 0, 0
70001, 605556, 0, 0, 0
70100, 1642681, 1, 0, 0
70100, 631518, 0, 0, 0
70200, 617672, 0, 0, 0
70202, 1601649, 1, 0, 0
70300, 628825, 0, 0, 0
70303, 1649315, 1, 0, 0
70401, 1642748, 1, 0, 0
70402, 608042, 0, 0, 0
70501, 1654797, 1, 0, 0
70505, 612502, 0, 0, 0
70601, 1643578, 1, 0, 0
70604, 640197, 0, 0, 0
70700, 1649578, 1, 0, 0
70701, 628448, 0, 0, 0
70801, 1641506, 1, 0, 0
70801, 620294, 0, 0, 0
70900, 614557, 0, 0, 0
70901, 1596968, 1, 0, 0
71000, 614109, 0, 0, 0
71002, 1561475, 1, 0, 0
71100, 1544082, 1, 0, 0
71101, 627224, 0, 0, 0
71200, 1579023, 1, 0, 0
71202, 622610, 0, 0, 0
71300, 606424, 0, 0, 0
71302, 1579284, 1, 0, 0
71400, 1631481, 1, 0, 0
71401, 624384, 0, 0, 0
71500, 634681, 0, 0, 0
71502, 1595216, 1, 0, 0
71600, 1631690, 1, 0, 0
71601, 605756, 0, 0, 0
71700, 1582226, 1, 0, 0
71701, 602233, 0, 0, 0
71800, 660508, 0, 0, 0
71805, 1667228, 1, 0, 0
71901, 1619663, 1, 0, 0
71904, 646215, 0, 0, 0
72000, 1649218, 1, 0, 0
72003, 610796, 0, 0, 0
72100, 1566758, 1, 0, 0
72101, 610872, 0, 0, 0
72200, 589436, 0, 0, 0
72201, 1599717, 1, 0, 0
72301, 1621068, 1, 0, 0
72302, 609067, 0, 0, 0
72401, 1567765, 1, 0, 0
72402, 593430, 0, 0, 0
72501, 1619645, 1, 0, 0
72505, 616708, 0, 0, 0
72600, 610668, 0, 0, 0
72602, 1557532, 1, 0, 0
72701, 1561031, 1, 0, 0
72702, 603345, 0, 0, 0
72800, 1606392, 1, 0, 0
72801, 639379, 0, 0, 0
72900, 1591945, 1, 0, 0
72903, 619787, 0, 0, 0
73001, 1579430, 1, 0, 0
73006, 607715, 0, 0, 0
73100, 1670820, 1, 0, 0
73102, 599408, 0, 0, 0
73200, 1618504, 1, 0, 0
73201, 625178, 0, 0, 0
73300, 1607254, 1, 0, 0
73300, 610137, 0, 0, 0
73400, 1609536, 1, 0, 0
73402, 618634, 0, 0, 0
73500, 1622712, 1, 0, 0
73501, 634160, 0, 0, 0
73600, 1677209, 1, 0, 0
73600, 608810, 0, 0, 0
73701, 1600664, 1, 0, 0
73701, 607237, 0, 0, 0
73800, 575204, 0, 0, 0
73802, 1623582, 1, 0, 0
73900, 1627006, 1, 0, 0
73900, 576961, 0, 0, 0
74000, 611997, 0, 0, 0
74003, 1695653, 1, 0, 0
74100, 592874, 0, 0, 0
74103, 1667734, 1, 0, 0
74200, 605763, 0, 0, 0
74202, 1585974, 1, 0, 0
74300, 1566926, 1, 0, 0
74302, 618050, 0, 0, 0
74400, 1592486, 1, 0, 0
74402, 639248, 0, 0, 0
74500, 612631, 0, 0, 0
74501, 1682970, 1, 0, 0
74601, 1684853, 1, 0, 0
74601, 638770, 0, 0, 0
74700, 1612943, 1, 0, 0
74701, 646785, 0, 0, 0
74800, 1605005, 1, 0, 0
74800, 641506, 0, 0, 0
74900, 1689944, 1, 0, 0
74901, 638154, 0, 0, 0
75001, 1701151, 1, 0, 0
75005, 628410, 0, 0, 0
75101, 1615950, 1, 0, 0
75104, 638889, 0, 0, 0
75200, 1676701, 1, 0, 0
75201, 636940, 0, 0, 0
75300, 655251, 0, 0, 0
75302, 1677935, 1, 0, 0
75400, 1646204, 1, 0, 0
75400, 623865, 0, 0, 0
75500, 1694390, 1, 0, 0
75501, 640066, 0, 0, 0
75601, 1642956, 1, 0, 0
75602, 626003, 0, 0, 0
75701, 1652134, 1, 0, 0
75703, 621968, 0, 0, 0
75801, 1602097, 1, 0, 0
75801, 623014, 0, 0, 0
75901, 1584485, 1, 0, 0
75901, 609162, 0, 0, 0
76000, 614322, 0, 0, 0
76004, 1589656, 1, 0, 0
76100, 618381, 0, 0, 0
76105, 1636159, 1, 0, 0
76201, 1571202, 1, 0, 0
76205, 610380, 0, 0, 0
76300, 1624649, 1, 0, 0
76301, 615213, 0, 0, 0
76400, 618237, 0, 0, 0
76401, 1646060, 1, 0, 0
76500, 1651391, 1, 0, 0
76501, 611744, 0, 0, 0
76600, 625425, 0, 0, 0
76601, 1649744, 1, 0, 0
76700, 1664087, 1, 0, 0
76702, 612337, 0, 0, 0
76800, 635206, 0, 0, 0
76801, 1639588, 1, 0, 0
76900, 625940, 0, 0, 0
76901, 1680373, 1, 0, 0
77001, 1570050, 1, 0, 0
77004, 630059, 0, 0, 0
77100, 622006, 0, 0, 0
77101, 1673053, 1, 0, 0
77200, 1599582, 1, 0, 0
77201, 622212, 0, 0, 0
77300, 1591914, 1, 0, 0
77301, 600014, 0, 0, 0
77400, 611944, 0, 0, 0
77405, 1848549, 1, 0, 0
77500, 623336, 0, 0, 0
77503, 1605525, 1, 0, 0
77600, 1690319, 1, 0, 0
77601, 624976, 0, 0, 0
77700, 626400, 0, 0, 0
77703, 1697779, 1, 0, 0
77801, 1689268, 1, 0, 0
77805, 646125, 0, 0, 0
77901, 1713910, 1, 0, 0
77901, 622995, 0, 0, 0
78000, 638948, 0, 0, 0
78001, 1608632, 1, 0, 0
78100, 627507, 0, 0, 0
78105, 1648986, 1, 0, 0
78200, 630955, 0, 0, 0
78215, 1607644, 1, 0, 0
78300, 639328, 0, 0, 0
78303, 1647280, 1, 0, 0
78400, 605558, 0, 0, 0
78401, 1621032, 1, 0, 0
78500, 1692426, 1, 0, 0
78502, 621680, 0, 0, 0
78601, 1614915, 1, 0, 0
78601, 634686, 0, 0, 0
78701, 1601813, 1, 0, 0
78701, 657977, 0, 0, 0
78800, 645600, 0, 0, 0
78803, 1786846, 1, 0, 0
78900, 635247, 0, 0, 0
78902, 1723111, 1, 0, 0
79000, 602403, 0, 0, 0
79001, 1700818, 1, 0, 0
79100, 1627847, 1, 0, 0
79101, 611590, 0, 0, 0
79200, 1707841, 1, 0, 0
79201, 631287, 0, 0, 0
79300, 1681656, 1, 0, 0
79301, 637316, 0, 0, 0
79400, 1712549, 1, 0, 0
79401, 660611, 0, 0, 0
79500, 634635, 0, 0, 0
79502, 1609742, 1, 0, 0
79600, 635407, 0, 0, 0
79603, 1663796, 1, 0, 0
79700, 1685654, 1, 0, 0
79701, 630532, 0, 0, 0
79801, 1708786, 1, 0, 0
79802, 624216, 0, 0, 0
79900, 1701407, 1, 0, 0
79900, 615802, 0, 0, 0
80000, 1589813, 1, 0, 0
80001, 613896, 0, 0, 0
80101, 1639617, 1, 0, 0
80102, 634759, 0, 0, 0
80201, 1618505, 1, 0, 0
80201, 635342, 0, 0, 0
80300, 633392, 0, 0, 0
80302, 1636602, 1, 0, 0
80400, 648435, 0, 0, 0
80402, 1672807, 1, 0, 0
80500, 637725, 0, 0, 0
80502, 1706184, 1, 0, 0
80600, 1657013, 1, 0, 0
80604, 631834, 0, 0, 0
80700, 1637363, 1, 0, 0
80705, 635252, 0, 0, 0
80800, 638041, 0, 0, 0
80803, 1766357, 1, 0, 0
80901, 1736849, 1, 0, 0
80903, 640405, 0, 0, 0
81000, 636127, 0, 0, 0
81002, 1617230, 1, 0, 0
81101, 1641403, 1, 0, 0
81102, 637652, 0, 0, 0
81200, 1654073, 1, 0, 0
81201, 676453, 0, 0, 0
81300, 1687715, 1, 0, 0
81305, 648634, 0, 0, 0
81400, 642708, 0, 0, 0
81403, 1644113, 1, 0, 0
81501, 1678289, 1, 0, 0
81505, 625360, 0, 0, 0
81601, 1665099, 1, 0, 0
81605, 639480, 0, 0, 0
81700, 601713, 0, 0, 0
81703, 1594828, 1, 0, 0
81800, 1627050, 1, 0, 0
81803, 616802, 0, 0, 0
81901, 1604452, 1, 0, 0
81901, 611190, 0, 0, 0
82000, 1595443, 1, 0, 0
82000, 612503, 0, 0, 0
82100, 1615018, 1, 0, 0
82101, 610144, 0, 0, 0
82200, 614543, 0, 0, 0
82204, 1604272, 1, 0, 0
82300, 1645211, 1, 0, 0
82301, 587894, 0, 0, 0
82400, 599785, 0, 0, 0
82403, 1548665, 1, 0, 0
82500, 1587907, 1, 0, 0
82502, 600309, 0, 0, 0
82601, 1646191, 1, 0, 0
82602, 606836, 0, 0, 0
82700, 614828, 0, 0, 0
82702, 1574425, 1, 0, 0
82801, 1607242, 1, 0, 0
82805, 616841, 0, 0, 0
82900, 1661742, 1, 0, 0
82900, 606139, 0, 0, 0
83000, 1624756, 1, 0, 0
83001, 621647, 0, 0, 0
83100, 1605976, 1, 0, 0
83100, 597554, 0, 0, 0
83201, 1652790, 1, 0, 0
83202, 629420, 0, 0, 0
83301, 1656446, 1, 0, 0
83302, 656747, 0, 0, 0
83400, 1675266, 1, 0, 0
83402, 592076, 0, 0, 0
83500, 617736, 0, 0, 0
83502, 1686045, 1, 0, 0
83600, 1646605, 1, 0, 0
83602, 617715, 0, 0, 0
83700, 609415, 0, 0, 0
83702, 1695420, 1, 0, 0
83801, 1593192, 1, 0, 0
83805, 636391, 0, 0, 0
83900, 1640634, 1, 0, 0
83900, 619640, 0, 0, 0
84000, 635629, 0, 0, 0
84004, 1664714, 1, 0, 0
84100, 614426, 0, 0, 0
84103, 1575845, 1, 0, 0
84201, 1642500, 1, 0, 0
84203, 629242, 0, 0, 0
84300, 622647, 0, 0, 0
84302, 1669412, 1, 0, 0
84400, 638185, 0, 0, 0
84403, 1643112, 1, 0, 0
84500, 1656107, 1, 0, 0
84501, 613913, 0, 0, 0
84600, 626700, 0, 0, 0
84603, 1678210, 1, 0, 0
84700, 1659616, 1, 0, 0
84702, 614871, 0, 0, 0
84800, 652050, 0, 0, 0
84805, 1722708, 1, 0, 0
84900, 613856, 0, 0, 0
84902, 1595347, 1, 0, 0
85000, 645355, 0, 0, 0
85002, 1618806, 1, 0, 0
85100, 1654304, 1, 0, 0
85103, 646501, 0, 0, 0
85200, 635925, 0, 0, 0
85203, 1675793, 1, 0, 0
85300, 1712940, 1, 0, 0
85304, 627515, 0, 0, 0
85400, 625969, 0, 0, 0
85402, 1625503, 1, 0, 0
85500, 1659908, 1, 0, 0
85500, 645715, 0, 0, 0
85601, 1600197, 1, 0, 0
85602, 646442, 0, 0, 0
85700, 605904, 0, 0, 0
85705, 1608994, 1, 0, 0
85800, 1634633, 1, 0, 0
85800, 610168, 0, 0, 0
85900, 623955, 0, 0, 0
85903, 1619677, 1, 0, 0
86001, 1605011, 1, 0, 0
86007, 604122, 0, 0, 0
86100, 1651377, 1, 0, 0
86100, 626299, 0, 0, 0
86200, 607565, 0, 0, 0
86205, 1627610, 1, 0, 0
86300, 625445, 0, 0, 0
86302, 1627264, 1, 0, 0
86400, 598064, 0, 0, 0
86401, 1669987, 1, 0, 0
86501, 1608724, 1, 0, 0
86502, 624618, 0, 0, 0
86600, 603343, 0, 0, 0
86602, 1706776, 1, 0, 0
86700, 1599682, 1, 0, 0
86700, 597345, 0, 0, 0
86800, 599062, 0, 0, 0
86803, 1660863, 1, 0, 0
86901, 1610778, 1, 0, 0
86901, 607043, 0, 0, 0
87000, 1587415, 1, 0, 0
87002, 618155, 0, 0, 0
87100, 626164, 0, 0, 0
87105, 1673547, 1, 0, 0
87201, 1587322, 1, 0, 0
87201, 620063, 0, 0, 0
87301, 1616973, 1, 0, 0
87301, 639029, 0, 0, 0
87400, 1630036, 1, 0, 0
87402, 618793, 0, 0, 0
87500, 594230, 0, 0, 0
87511, 1645863, 1, 0, 0
87600, 591925, 0, 0, 0
87603, 1570330, 1, 0, 0
87700, 1613632, 1, 0, 0
87701, 610450, 0, 0, 0
87800, 1598871, 1, 0, 0
87802, 597466, 0, 0, 0
87900, 1666064, 1, 0, 0
87901, 612560, 0, 0, 0
88000, 615360, 0, 0, 0
88003, 1634840, 1, 0, 0
88101, 1595735, 1, 0, 0
88101, 621600, 0, 0, 0
88200, 621700, 0, 0, 0
88204, 1698644, 1, 0, 0
88300, 1635698, 1, 0, 0
88302, 633907, 0, 0, 0
88400, 634182, 0, 0, 0
88402, 1719413, 1, 0, 0
88500, 1682618, 1, 0, 0
88502, 612900, 0, 0, 0
88600, 1620191, 1, 0, 0
88600, 623159, 0, 0, 0
88700, 1642325, 1, 0, 0
88701, 567742, 0, 0, 0
88800, 620680, 0, 0, 0
88804, 1574609, 1, 0, 0
88900, 1566916, 1, 0, 0
88901, 605209, 0, 0, 0
89000, 1656681, 1, 0, 0
89001, 615809, 0, 0, 0
89100, 1631812, 1, 0, 0
89101, 614826, 0, 0, 0
89201, 1610149, 1, 0, 0
89202, 622728, 0, 0, 0
89300, 643455, 0, 0, 0
89301, 1626940, 1, 0, 0
89400, 636881, 0, 0, 0
89404, 1607505, 1, 0, 0
89501, 1635645, 1, 0, 0
89501, 658279, 0, 0, 0
89601, 1722482, 1, 0, 0
89604, 633372, 0, 0, 0
89700, 610055, 0, 0, 0
89704, 1701127, 1, 0, 0
89801, 1613516, 1, 0, 0
89807, 609462, 0, 0, 0
89900, 602253, 0, 0, 0
89902, 1642482, 1, 0, 0
90001, 1686388, 1, 0, 0
90001, 618709, 0, 0, 0
