250, 396, 0, 0, 0
350, 370, 0, 0, 0
450, 420, 0, 0, 0
550, 390, 0, 0, 0
650, 430, 0, 0, 0
749, 414, 0, 0, 0
849, 420, 0, 0, 0
949, 410, 0, 0, 0
1049, 390, 0, 0, 0
1149, 370, 0, 0, 0
1250, 420, 0, 0, 0
1350, 390, 0, 0, 0
1450, 410, 0, 0, 0
1550, 420, 0, 0, 0
1650, 450, 0, 0, 0
1749, 404, 0, 0, 0
1849, 390, 0, 0, 0
1949, 410, 0, 0, 0
2049, 430, 0, 0, 0
2149, 420, 0, 0, 0
2249, 390, 0, 0, 0
2349, 390, 0, 0, 0
2450, 410, 0, 0, 0
2550, 390, 0, 0, 0
2650, 400, 0, 0, 0
2749, 434, 0, 0, 0
2849, 380, 0, 0, 0
2949, 390, 0, 0, 0
3049, 410, 0, 0, 0
3149, 430, 0, 0, 0
3249, 400, 0, 0, 0
3349, 390, 0, 0, 0
3449, 370, 0, 0, 0
3550, 400, 0, 0, 0
3650, 390, 0, 0, 0
3749, 373, 0, 0, 0
3849, 410, 0, 0, 0
3949, 370, 0, 0, 0
4049, 400, 0, 0, 0
4149, 400, 0, 0, 0
4249, 390, 0, 0, 0
4349, 390, 0, 0, 0
4449, 370, 0, 0, 0
4549, 390, 0, 0, 0
4649, 420, 0, 0, 0
4750, 380, 0, 0, 0
4850, 430, 0, 0, 0
4950, 380, 0, 0, 0
5050, 390, 0, 0, 0
5150, 380, 0, 0, 0
5249, 404, 0, 0, 0
5349, 400, 0, 0, 0
5449, 380, 0, 0, 0
5549, 410, 0, 0, 0
5649, 380, 0, 0, 0
5749, 390, 0, 0, 0
5849, 380, 0, 0, 0
5950, 410, 0, 0, 0
6050, 380, 0, 0, 0
6150, 370, 0, 0, 0
6249, 393, 0, 0, 0
6349, 380, 0, 0, 0
6449, 380, 0, 0, 0
6549, 420, 0, 0, 0
6649, 390, 0, 0, 0
6749, 400, 0, 0, 0
6849, 370, 0, 0, 0
6949, 370, 0, 0, 0
7049, 400, 0, 0, 0
7150, 400, 0, 0, 0
7249, 414, 0, 0, 0
7349, 420, 0, 0, 0
7449, 370, 0, 0, 0
7549, 400, 0, 0, 0
7649, 370, 0, 0, 0
7749, 410, 0, 0, 0
7849, 420, 0, 0, 0
7949, 420, 0, 0, 0
8049, 390, 0, 0, 0
8149, 390, 0, 0, 0
8249, 390, 0, 0, 0
8349, 390, 0, 0, 0
8450, 390, 0, 0, 0
8550, 410, 0, 0, 0
8650, 390, 0, 0, 0
8749, 393, 0, 0, 0
8849, 400, 0, 0, 0
8949, 400, 0, 0, 0
9049, 450, 0, 0, 0
9149, 390, 0, 0, 0
9249, 400, 0, 0, 0
9349, 390, 0, 0, 0
9449, 380, 0, 0, 0
9550, 380, 0, 0, 0
9650, 390, 0, 0, 0
9749, 383, 0, 0, 0
9849, 370, 0, 0, 0
9949, 380, 0, 0, 0
10049, 360, 0, 0, 0
10149, 380, 0, 0, 0
10249, 390, 0, 0, 0
10349, 420, 0, 0, 0
10449, 380, 0, 0, 0
10549, 390, 0, 0, 0
10649, 400, 0, 0, 0
10750, 420, 0, 0, 0
10850, 390, 0, 0, 0
10950, 400, 0, 0, 0
11050, 420, 0, 0, 0
11150, 420, 0, 0, 0
11249, 414, 0, 0, 0
11349, 400, 0, 0, 0
11449, 400, 0, 0, 0
11549, 440, 0, 0, 0
11649, 430, 0, 0, 0
11749, 390, 0, 0, 0
11849, 380, 0, 0, 0
11950, 400, 0, 0, 0
12050, 390, 0, 0, 0
12150, 380, 0, 0, 0
12249, 383, 0, 0, 0
12349, 420, 0, 0, 0
12449, 410, 0, 0, 0
12549, 370, 0, 0, 0
12649, 400, 0, 0, 0
12749, 370, 0, 0, 0
12849, 390, 0, 0, 0
12949, 390, 0, 0, 0
13050, 420, 0, 0, 0
13150, 380, 0, 0, 0
13249, 404, 0, 0, 0
13349, 400, 0, 0, 0
13449, 400, 0, 0, 0
13549, 400, 0, 0, 0
13649, 380, 0, 0, 0
13749, 400, 0, 0, 0
13849, 370, 0, 0, 0
13949, 380, 0, 0, 0
14049, 400, 0, 0, 0
14149, 380, 0, 0, 0
14250, 400, 0, 0, 0
14350, 370, 0, 0, 0
14450, 380, 0, 0, 0
14550, 380, 0, 0, 0
14650, 440, 0, 0, 0
14749, 404, 0, 0, 0
14849, 400, 0, 0, 0
14949, 400, 0, 0, 0
15049, 440, 0, 0, 0
15149, 400, 0, 0, 0
15249, 400, 0, 0, 0
15349, 390, 0, 0, 0
15449, 390, 0, 0, 0
15550, 380, 0, 0, 0
15650, 370, 0, 0, 0
15749, 404, 0, 0, 0
15849, 390, 0, 0, 0
15949, 380, 0, 0, 0
16049, 390, 0, 0, 0
16149, 380, 0, 0, 0
16249, 390, 0, 0, 0
16349, 440, 0, 0, 0
16449, 410, 0, 0, 0
16549, 410, 0, 0, 0
16649, 390, 0, 0, 0
16750, 390, 0, 0, 0
16850, 410, 0, 0, 0
16950, 370, 0, 0, 0
17050, 400, 0, 0, 0
17150, 420, 0, 0, 0
17249, 414, 0, 0, 0
17349, 390, 0, 0, 0
17449, 430, 0, 0, 0
17549, 400, 0, 0, 0
17649, 410, 0, 0, 0
17749, 380, 0, 0, 0
17849, 450, 0, 0, 0
17950, 410, 0, 0, 0
18050, 390, 0, 0, 0
18150, 420, 0, 0, 0
18249, 393, 0, 0, 0
18349, 390, 0, 0, 0
18449, 380, 0, 0, 0
18549, 420, 0, 0, 0
18649, 420, 0, 0, 0
18749, 380, 0, 0, 0
18849, 370, 0, 0, 0
18949, 410, 0, 0, 0
19050, 400, 0, 0, 0
19150, 380, 0, 0, 0
19249, 434, 0, 0, 0
19349, 410, 0, 0, 0
19449, 390, 0, 0, 0
19549, 390, 0, 0, 0
19649, 400, 0, 0, 0
19749, 380, 0, 0, 0
19849, 370, 0, 0, 0
19949, 380, 0, 0, 0
20049, 390, 0, 0, 0
20149, 430, 0, 0, 0
20250, 370, 0, 0, 0
20350, 400, 0, 0, 0
20450, 400, 0, 0, 0
20550, 400, 0, 0, 0
20650, 410, 0, 0, 0
20749, 393, 0, 0, 0
20849, 380, 0, 0, 0
20949, 430, 0, 0, 0
21049, 410, 0, 0, 0
21149, 410, 0, 0, 0
21249, 400, 0, 0, 0
21350, 360, 0, 0, 0
21450, 380, 0, 0, 0
21550, 410, 0, 0, 0
21650, 400, 0, 0, 0
21749, 393, 0, 0, 0
21849, 450, 0, 0, 0
21949, 400, 0, 0, 0
22049, 430, 0, 0, 0
22149, 390, 0, 0, 0
22249, 400, 0, 0, 0
22349, 380, 0, 0, 0
22449, 380, 0, 0, 0
22550, 420, 0, 0, 0
22650, 380, 0, 0, 0
22749, 373, 0, 0, 0
22849, 380, 0, 0, 0
22949, 390, 0, 0, 0
23049, 410, 0, 0, 0
23149, 390, 0, 0, 0
23249, 410, 0, 0, 0
23349, 390, 0, 0, 0
23449, 380, 0, 0, 0
23549, 390, 0, 0, 0
23650, 400, 0, 0, 0
23750, 440, 0, 0, 0
23850, 420, 0, 0, 0
23950, 410, 0, 0, 0
24050, 400, 0, 0, 0
24150, 430, 0, 0, 0
24249, 393, 0, 0, 0
24349, 390, 0, 0, 0
24449, 380, 0, 0, 0
24549, 380, 0, 0, 0
24649, 410, 0, 0, 0
24749, 410, 0, 0, 0
24850, 400, 0, 0, 0
24950, 390, 0, 0, 0
25050, 390, 0, 0, 0
25150, 400, 0, 0, 0
25249, 393, 0, 0, 0
25349, 380, 0, 0, 0
25449, 390, 0, 0, 0
25549, 390, 0, 0, 0
25649, 420, 0, 0, 0
25749, 390, 0, 0, 0
25849, 380, 0, 0, 0
25949, 390, 0, 0, 0
26050, 390, 0, 0, 0
26150, 400, 0, 0, 0
26249, 383, 0, 0, 0
26349, 370, 0, 0, 0
26449, 410, 0, 0, 0
26549, 390, 0, 0, 0
26649, 410, 0, 0, 0
26749, 400, 0, 0, 0
26849, 430, 0, 0, 0
26949, 380, 0, 0, 0
27049, 420, 0, 0, 0
27149, 400, 0, 0, 0
27250, 400, 0, 0, 0
27350, 380, 0, 0, 0
27450, 390, 0, 0, 0
27550, 430, 0, 0, 0
27650, 410, 0, 0, 0
27749, 393, 0, 0, 0
27849, 380, 0, 0, 0
27949, 390, 0, 0, 0
28049, 370, 0, 0, 0
28149, 390, 0, 0, 0
28249, 400, 0, 0, 0
28349, 390, 0, 0, 0
28450, 370, 0, 0, 0
28550, 390, 0, 0, 0
28650, 400, 0, 0, 0
28749, 383, 0, 0, 0
28849, 380, 0, 0, 0
28949, 390, 0, 0, 0
29049, 410, 0, 0, 0
29149, 440, 0, 0, 0
29249, 380, 0, 0, 0
29349, 400, 0, 0, 0
29449, 410, 0, 0, 0
29550, 400, 0, 0, 0
29650, 390, 0, 0, 0
29749, 363, 0, 0, 0
29849, 380, 0, 0, 0
29949, 400, 0, 0, 0
30049, 390, 0, 0, 0
30149, 390, 0, 0, 0
30249, 400, 0, 0, 0
30349, 400, 0, 0, 0
30449, 370, 0, 0, 0
30549, 400, 0, 0, 0
30649, 380, 0, 0, 0
30750, 390, 0, 0, 0
30850, 390, 0, 0, 0
30950, 420, 0, 0, 0
31050, 420, 0, 0, 0
31150, 390, 0, 0, 0
31249, 383, 0, 0, 0
31349, 420, 0, 0, 0
31449, 440, 0, 0, 0
31549, 430, 0, 0, 0
31649, 390, 0, 0, 0
31749, 400, 0, 0, 0
31849, 390, 0, 0, 0
31949, 400, 0, 0, 0
32050, 400, 0, 0, 0
32150, 420, 0, 0, 0
32249, 383, 0, 0, 0
32349, 410, 0, 0, 0
32449, 400, 0, 0, 0
32549, 370, 0, 0, 0
32649, 380, 0, 0, 0
32749, 400, 0, 0, 0
32849, 400, 0, 0, 0
32949, 390, 0, 0, 0
33049, 400, 0, 0, 0
33150, 410, 0, 0, 0
33249, 383, 0, 0, 0
33349, 380, 0, 0, 0
33449, 380, 0, 0, 0
33549, 400, 0, 0, 0
33649, 420, 0, 0, 0
33749, 380, 0, 0, 0
33849, 400, 0, 0, 0
33949, 400, 0, 0, 0
34049, 420, 0, 0, 0
34149, 440, 0, 0, 0
34249, 400, 0, 0, 0
34350, 370, 0, 0, 0
34450, 380, 0, 0, 0
34550, 380, 0, 0, 0
34650, 380, 0, 0, 0
34749, 414, 0, 0, 0
34849, 390, 0, 0, 0
34949, 370, 0, 0, 0
35049, 400, 0, 0, 0
35149, 390, 0, 0, 0
35249, 390, 0, 0, 0
35349, 390, 0, 0, 0
35449, 400, 0, 0, 0
35550, 380, 0, 0, 0
35650, 390, 0, 0, 0
35749, 363, 0, 0, 0
35849, 400, 0, 0, 0
35949, 380, 0, 0, 0
36049, 410, 0, 0, 0
36149, 420, 0, 0, 0
36249, 420, 0, 0, 0
36349, 400, 0, 0, 0
36449, 410, 0, 0, 0
36549, 400, 0, 0, 0
36649, 420, 0, 0, 0
36750, 410, 0, 0, 0
36850, 400, 0, 0, 0
36950, 390, 0, 0, 0
37050, 380, 0, 0, 0
37150, 410, 0, 0, 0
37249, 383, 0, 0, 0
37349, 400, 0, 0, 0
37449, 400, 0, 0, 0
37549, 390, 0, 0, 0
37649, 430, 0, 0, 0
37749, 430, 0, 0, 0
37849, 440, 0, 0, 0
37949, 400, 0, 0, 0
38050, 380, 0, 0, 0
38150, 430, 0, 0, 0
38249, 393, 0, 0, 0
38349, 420, 0, 0, 0
38449, 380, 0, 0, 0
38549, 390, 0, 0, 0
38649, 380, 0, 0, 0
38749, 400, 0, 0, 0
38849, 390, 0, 0, 0
38949, 390, 0, 0, 0
39049, 380, 0, 0, 0
39149, 380, 0, 0, 0
39250, 380, 0, 0, 0
39350, 400, 0, 0, 0
39450, 380, 0, 0, 0
39550, 390, 0, 0, 0
39650, 400, 0, 0, 0
39749, 383, 0, 0, 0
39849, 380, 0, 0, 0
39949, 400, 0, 0, 0
40049, 440, 0, 0, 0
40149, 420, 0, 0, 0
40250, 390, 0, 0, 0
40350, 380, 0, 0, 0
40450, 360, 0, 0, 0
40550, 390, 0, 0, 0
40650, 380, 0, 0, 0
40749, 373, 0, 0, 0
40849, 390, 0, 0, 0
40949, 390, 0, 0, 0
41049, 390, 0, 0, 0
41149, 380, 0, 0, 0
41249, 400, 0, 0, 0
41349, 430, 0, 0, 0
41449, 400, 0, 0, 0
41550, 390, 0, 0, 0
41650, 400, 0, 0, 0
41749, 414, 0, 0, 0
41849, 410, 0, 0, 0
41949, 380, 0, 0, 0
42049, 390, 0, 0, 0
42149, 390, 0, 0, 0
42249, 380, 0, 0, 0
42349, 390, 0, 0, 0
42449, 390, 0, 0, 0
42549, 380, 0, 0, 0
42649, 390, 0, 0, 0
42750, 390, 0, 0, 0
42850, 390, 0, 0, 0
42950, 400, 0, 0, 0
43050, 390, 0, 0, 0
43150, 380, 0, 0, 0
43249, 393, 0, 0, 0
43349, 380, 0, 0, 0
43449, 400, 0, 0, 0
43549, 370, 0, 0, 0
43649, 420, 0, 0, 0
43749, 380, 0, 0, 0
43849, 380, 0, 0, 0
43949, 390, 0, 0, 0
44050, 380, 0, 0, 0
44150, 380, 0, 0, 0
44249, 373, 0, 0, 0
44349, 390, 0, 0, 0
44449, 380, 0, 0, 0
44549, 420, 0, 0, 0
44649, 380, 0, 0, 0
44749, 420, 0, 0, 0
44849, 380, 0, 0, 0
44949, 400, 0, 0, 0
45049, 380, 0, 0, 0
45149, 360, 0, 0, 0
45250, 380, 0, 0, 0
45350, 390, 0, 0, 0
45450, 420, 0, 0, 0
45550, 400, 0, 0, 0
45650, 390, 0, 0, 0
45749, 383, 0, 0, 0
45849, 390, 0, 0, 0
45949, 380, 0, 0, 0
46049, 390, 0, 0, 0
46149, 410, 0, 0, 0
46249, 420, 0, 0, 0
46350, 370, 0, 0, 0
46450, 380, 0, 0, 0
46550, 430, 0, 0, 0
46650, 430, 0, 0, 0
46749, 373, 0, 0, 0
46849, 380, 0, 0, 0
46949, 380, 0, 0, 0
47049, 400, 0, 0, 0
47149, 400, 0, 0, 0
47249, 400, 0, 0, 0
47349, 430, 0, 0, 0
47449, 380, 0, 0, 0
47550, 400, 0, 0, 0
47650, 390, 0, 0, 0
47749, 383, 0, 0, 0
47849, 420, 0, 0, 0
47949, 410, 0, 0, 0
48049, 430, 0, 0, 0
48149, 380, 0, 0, 0
48249, 400, 0, 0, 0
48349, 440, 0, 0, 0
48449, 410, 0, 0, 0
48549, 430, 0, 0, 0
48649, 430, 0, 0, 0
48750, 390, 0, 0, 0
48850, 390, 0, 0, 0
48950, 390, 0, 0, 0
49050, 400, 0, 0, 0
49150, 360, 0, 0, 0
49249, 393, 0, 0, 0
49349, 370, 0, 0, 0
49449, 400, 0, 0, 0
49549, 420, 0, 0, 0
49649, 400, 0, 0, 0
49749, 380, 0, 0, 0
49849, 380, 0, 0, 0
49949, 390, 0, 0, 0
50050, 390, 0, 0, 0
50150, 380, 0, 0, 0
50249, 393, 0, 0, 0
50349, 390, 0, 0, 0
50449, 380, 0, 0, 0
50549, 380, 0, 0, 0
50649, 400, 0, 0, 0
50749, 440, 0, 0, 0
50849, 410, 0, 0, 0
50949, 390, 0, 0, 0
51049, 400, 0, 0, 0
51150, 430, 0, 0, 0
51249, 434, 0, 0, 0
51349, 380, 0, 0, 0
51449, 390, 0, 0, 0
51549, 390, 0, 0, 0
51649, 370, 0, 0, 0
51749, 410, 0, 0, 0
51849, 390, 0, 0, 0
51949, 400, 0, 0, 0
52049, 380, 0, 0, 0
52149, 380, 0, 0, 0
52250, 410, 0, 0, 0
52350, 360, 0, 0, 0
52450, 400, 0, 0, 0
52550, 390, 0, 0, 0
52650, 410, 0, 0, 0
52749, 393, 0, 0, 0
52849, 370, 0, 0, 0
52949, 400, 0, 0, 0
53049, 390, 0, 0, 0
53149, 390, 0, 0, 0
53249, 390, 0, 0, 0
53350, 400, 0, 0, 0
53450, 380, 0, 0, 0
53550, 410, 0, 0, 0
53650, 440, 0, 0, 0
53749, 383, 0, 0, 0
53849, 400, 0, 0, 0
53949, 400, 0, 0, 0
54049, 400, 0, 0, 0
54149, 390, 0, 0, 0
54249, 400, 0, 0, 0
54349, 380, 0, 0, 0
54449, 390, 0, 0, 0
54550, 410, 0, 0, 0
54650, 370, 0, 0, 0
54749, 373, 0, 0, 0
54849, 390, 0, 0, 0
54949, 370, 0, 0, 0
55049, 380, 0, 0, 0
55149, 380, 0, 0, 0
55249, 380, 0, 0, 0
55349, 400, 0, 0, 0
55449, 430, 0, 0, 0
55549, 390, 0, 0, 0
55649, 380, 0, 0, 0
55750, 390, 0, 0, 0
55850, 370, 0, 0, 0
55950, 390, 0, 0, 0
56050, 370, 0, 0, 0
56150, 390, 0, 0, 0
56249, 393, 0, 0, 0
56349, 390, 0, 0, 0
56449, 380, 0, 0, 0
56549, 390, 0, 0, 0
56649, 390, 0, 0, 0
56749, 390, 0, 0, 0
56849, 390, 0, 0, 0
56949, 390, 0, 0, 0
57050, 390, 0, 0, 0
57150, 390, 0, 0, 0
57249, 363, 0, 0, 0
57349, 390, 0, 0, 0
57449, 410, 0, 0, 0
57549, 400, 0, 0, 0
57649, 370, 0, 0, 0
57749, 380, 0, 0, 0
57849, 400, 0, 0, 0
57949, 410, 0, 0, 0
58049, 410, 0, 0, 0
58150, 410, 0, 0, 0
58249, 393, 0, 0, 0
58349, 370, 0, 0, 0
58449, 380, 0, 0, 0
58549, 390, 0, 0, 0
58649, 380, 0, 0, 0
58749, 400, 0, 0, 0
58849, 420, 0, 0, 0
58949, 380, 0, 0, 0
59049, 380, 0, 0, 0
59149, 430, 0, 0, 0
59249, 400, 0, 0, 0
59350, 420, 0, 0, 0
59450, 400, 0, 0, 0
59550, 380, 0, 0, 0
59650, 370, 0, 0, 0
59749, 393, 0, 0, 0
59849, 400, 0, 0, 0
59949, 420, 0, 0, 0
60049, 400, 0, 0, 0
60149, 390, 0, 0, 0
60249, 400, 0, 0, 0
60349, 430, 0, 0, 0
60449, 400, 0, 0, 0
60550, 440, 0, 0, 0
60650, 400, 0, 0, 0
60749, 383, 0, 0, 0
60849, 410, 0, 0, 0
60949, 400, 0, 0, 0
61049, 360, 0, 0, 0
61149, 390, 0, 0, 0
61249, 390, 0, 0, 0
61349, 390, 0, 0, 0
61449, 390, 0, 0, 0
61549, 390, 0, 0, 0
61649, 400, 0, 0, 0
61750, 400, 0, 0, 0
61850, 390, 0, 0, 0
61950, 440, 0, 0, 0
62050, 400, 0, 0, 0
62150, 380, 0, 0, 0
62249, 383, 0, 0, 0
62349, 380, 0, 0, 0
62449, 390, 0, 0, 0
62549, 420, 0, 0, 0
62649, 390, 0, 0, 0
62749, 420, 0, 0, 0
62849, 410, 0, 0, 0
62949, 390, 0, 0, 0
63050, 420, 0, 0, 0
63150, 380, 0, 0, 0
63249, 373, 0, 0, 0
63349, 390, 0, 0, 0
63449, 380, 0, 0, 0
63549, 380, 0, 0, 0
63649, 400, 0, 0, 0
63749, 390, 0, 0, 0
63849, 410, 0, 0, 0
63949, 380, 0, 0, 0
64049, 390, 0, 0, 0
64149, 380, 0, 0, 0
64250, 390, 0, 0, 0
64350, 370, 0, 0, 0
64450, 380, 0, 0, 0
64550, 390, 0, 0, 0
64650, 380, 0, 0, 0
64749, 383, 0, 0, 0
64849, 390, 0, 0, 0
64949, 380, 0, 0, 0
65049, 400, 0, 0, 0
65149, 370, 0, 0, 0
65249, 390, 0, 0, 0
65350, 390, 0, 0, 0
65450, 420, 0, 0, 0
65550, 400, 0, 0, 0
65650, 420, 0, 0, 0
65749, 373, 0, 0, 0
65849, 390, 0, 0, 0
65949, 410, 0, 0, 0
66049, 390, 0, 0, 0
66149, 390, 0, 0, 0
66249, 380, 0, 0, 0
66349, 380, 0, 0, 0
66450, 370, 0, 0, 0
66550, 420, 0, 0, 0
66650, 430, 0, 0, 0
66749, 373, 0, 0, 0
66849, 420, 0, 0, 0
66949, 440, 0, 0, 0
67049, 430, 0, 0, 0
67149, 380, 0, 0, 0
67249, 390, 0, 0, 0
67349, 400, 0, 0, 0
67449, 400, 0, 0, 0
67550, 370, 0, 0, 0
67650, 400, 0, 0, 0
67749, 383, 0, 0, 0
67849, 390, 0, 0, 0
67949, 390, 0, 0, 0
68049, 430, 0, 0, 0
68149, 390, 0, 0, 0
68249, 380, 0, 0, 0
68349, 400, 0, 0, 0
68449, 440, 0, 0, 0
68549, 420, 0, 0, 0
68649, 380, 0, 0, 0
68750, 380, 0, 0, 0
68850, 410, 0, 0, 0
68950, 410, 0, 0, 0
69050, 400, 0, 0, 0
69150, 410, 0, 0, 0
69249, 363, 0, 0, 0
69349, 370, 0, 0, 0
69449, 400, 0, 0, 0
69549, 400, 0, 0, 0
69649, 380, 0, 0, 0
69749, 410, 0, 0, 0
69849, 380, 0, 0, 0
69949, 390, 0, 0, 0
70050, 380, 0, 0, 0
70150, 390, 0, 0, 0
70249, 383, 0, 0, 0
70349, 390, 0, 0, 0
70449, 380, 0, 0, 0
70549, 420, 0, 0, 0
70649, 400, 0, 0, 0
70749, 370, 0, 0, 0
70849, 380, 0, 0, 0
70949, 390, 0, 0, 0
71049, 380, 0, 0, 0
71149, 390, 0, 0, 0
71250, 410, 0, 0, 0
71350, 420, 0, 0, 0
71450, 390, 0, 0, 0
71550, 410, 0, 0, 0
71650, 390, 0, 0, 0
71749, 393, 0, 0, 0
71849, 410, 0, 0, 0
71949, 390, 0, 0, 0
72049, 380, 0, 0, 0
72149, 390, 0, 0, 0
72249, 380, 0, 0, 0
72349, 400, 0, 0, 0
72450, 390, 0, 0, 0
72550, 420, 0, 0, 0
72650, 410, 0, 0, 0
72749, 404, 0, 0, 0
72849, 400, 0, 0, 0
72949, 380, 0, 0, 0
73049, 410, 0, 0, 0
73149, 430, 0, 0, 0
73249, 380, 0, 0, 0
73349, 400, 0, 0, 0
73449, 390, 0, 0, 0
73550, 380, 0, 0, 0
73650, 390, 0, 0, 0
73749, 404, 0, 0, 0
73849, 390, 0, 0, 0
73949, 390, 0, 0, 0
74049, 380, 0, 0, 0
74149, 390, 0, 0, 0
74249, 400, 0, 0, 0
74349, 400, 0, 0, 0
74449, 380, 0, 0, 0
74549, 400, 0, 0, 0
74649, 380, 0, 0, 0
74750, 400, 0, 0, 0
74850, 380, 0, 0, 0
74950, 390, 0, 0, 0
75050, 380, 0, 0, 0
75150, 390, 0, 0, 0
75249, 404, 0, 0, 0
75349, 420, 0, 0, 0
75449, 420, 0, 0, 0
75549, 390, 0, 0, 0
75649, 380, 0, 0, 0
75749, 380, 0, 0, 0
75849, 390, 0, 0, 0
75949, 410, 0, 0, 0
76050, 410, 0, 0, 0
76150, 390, 0, 0, 0
76249, 434, 0, 0, 0
76349, 390, 0, 0, 0
76449, 410, 0, 0, 0
76549, 430, 0, 0, 0
76649, 380, 0, 0, 0
76749, 410, 0, 0, 0
76849, 430, 0, 0, 0
76949, 430, 0, 0, 0
77049, 410, 0, 0, 0
77149, 420, 0, 0, 0
77250, 380, 0, 0, 0
77350, 390, 0, 0, 0
77450, 390, 0, 0, 0
77550, 380, 0, 0, 0
77650, 390, 0, 0, 0
77749, 373, 0, 0, 0
77849, 410, 0, 0, 0
77949, 380, 0, 0, 0
78049, 390, 0, 0, 0
78149, 400, 0, 0, 0
78249, 390, 0, 0, 0
78349, 380, 0, 0, 0
78450, 400, 0, 0, 0
78550, 380, 0, 0, 0
78650, 380, 0, 0, 0
78749, 404, 0, 0, 0
78849, 390, 0, 0, 0
78949, 400, 0, 0, 0
79049, 410, 0, 0, 0
79149, 410, 0, 0, 0
79249, 420, 0, 0, 0
79349, 400, 0, 0, 0
79449, 380, 0, 0, 0
79549, 380, 0, 0, 0
79650, 390, 0, 0, 0
79749, 414, 0, 0, 0
79849, 430, 0, 0, 0
79949, 430, 0, 0, 0
80049, 430, 0, 0, 0
80149, 390, 0, 0, 0
80249, 380, 0, 0, 0
80349, 390, 0, 0, 0
80449, 390, 0, 0, 0
80549, 380, 0, 0, 0
80649, 400, 0, 0, 0
80749, 400, 0, 0, 0
80850, 420, 0, 0, 0
80950, 380, 0, 0, 0
81050, 380, 0, 0, 0
81150, 400, 0, 0, 0
81249, 393, 0, 0, 0
81349, 400, 0, 0, 0
81449, 430, 0, 0, 0
81549, 440, 0, 0, 0
81649, 420, 0, 0, 0
81749, 380, 0, 0, 0
81849, 380, 0, 0, 0
81949, 380, 0, 0, 0
82050, 360, 0, 0, 0
82150, 370, 0, 0, 0
82249, 393, 0, 0, 0
82349, 420, 0, 0, 0
82449, 380, 0, 0, 0
82549, 380, 0, 0, 0
82649, 370, 0, 0, 0
82749, 370, 0, 0, 0
82849, 390, 0, 0, 0
82949, 390, 0, 0, 0
83049, 420, 0, 0, 0
83149, 370, 0, 0, 0
83250, 390, 0, 0, 0
83350, 400, 0, 0, 0
83450, 410, 0, 0, 0
83550, 390, 0, 0, 0
83650, 400, 0, 0, 0
83749, 393, 0, 0, 0
83849, 420, 0, 0, 0
83949, 420, 0, 0, 0
84049, 390, 0, 0, 0
84149, 370, 0, 0, 0
84249, 390, 0, 0, 0
84349, 400, 0, 0, 0
84449, 370, 0, 0, 0
84550, 380, 0, 0, 0
84650, 400, 0, 0, 0
84749, 414, 0, 0, 0
84849, 430, 0, 0, 0
84949, 420, 0, 0, 0
85049, 440, 0, 0, 0
85149, 380, 0, 0, 0
85249, 400, 0, 0, 0
85349, 410, 0, 0, 0
85449, 390, 0, 0, 0
85549, 400, 0, 0, 0
85649, 400, 0, 0, 0
85750, 390, 0, 0, 0
85850, 400, 0, 0, 0
85950, 390, 0, 0, 0
86050, 420, 0, 0, 0
86150, 430, 0, 0, 0
86249, 434, 0, 0, 0
86349, 410, 0, 0, 0
86449, 420, 0, 0, 0
86549, 390, 0, 0, 0
86649, 410, 0, 0, 0
86749, 430, 0, 0, 0
86850, 420, 0, 0, 0
86950, 370, 0, 0, 0
87050, 390, 0, 0, 0
87150, 370, 0, 0, 0
87249, 393, 0, 0, 0
87349, 390, 0, 0, 0
87449, 390, 0, 0, 0
87549, 380, 0, 0, 0
87649, 400, 0, 0, 0
87749, 420, 0, 0, 0
87849, 380, 0, 0, 0
87949, 380, 0, 0, 0
88050, 390, 0, 0, 0
88150, 390, 0, 0, 0
88249, 383, 0, 0, 0
88349, 430, 0, 0, 0
88449, 440, 0, 0, 0
88549, 380, 0, 0, 0
88649, 370, 0, 0, 0
88749, 390, 0, 0, 0
88849, 390, 0, 0, 0
88949, 390, 0, 0, 0
89050, 440, 0, 0, 0
89150, 410, 0, 0, 0
89249, 383, 0, 0, 0
89349, 390, 0, 0, 0
89449, 380, 0, 0, 0
89549, 430, 0, 0, 0
89649, 450, 0, 0, 0
89749, 440, 0, 0, 0
89849, 410, 0, 0, 0
89949, 390, 0, 0, 0
