250, 2644, 0, 0, 0
350, 2620, 0, 0, 0
450, 2590, 0, 0, 0
550, 2680, 0, 0, 0
650, 2690, 0, 0, 0
749, 2676, 0, 0, 0
849, 2630, 0, 0, 0
949, 2650, 0, 0, 0
1049, 2610, 0, 0, 0
1149, 2750, 0, 0, 0
1249, 2670, 0, 0, 0
1350, 2640, 0, 0, 0
1450, 2650, 0, 0, 0
1550, 2700, 0, 0, 0
1650, 2700, 0, 0, 0
1749, 2626, 0, 0, 0
1849, 2630, 0, 0, 0
1949, 2670, 0, 0, 0
2049, 2660, 0, 0, 0
2149, 2630, 0, 0, 0
2249, 2650, 0, 0, 0
2349, 2640, 0, 0, 0
2449, 2730, 0, 0, 0
2549, 2710, 0, 0, 0
2649, 2700, 0, 0, 0
2750, 2720, 0, 0, 0
2850, 2590, 0, 0, 0
2950, 2690, 0, 0, 0
3050, 2700, 0, 0, 0
3150, 2620, 0, 0, 0
3249, 2646, 0, 0, 0
3349, 2690, 0, 0, 0
3449, 2700, 0, 0, 0
3549, 2690, 0, 0, 0
3649, 2700, 0, 0, 0
3749, 2620, 0, 0, 0
3849, 2630, 0, 0, 0
3949, 2730, 0, 0, 0
4050, 2620, 0, 0, 0
4150, 2680, 0, 0, 0
4249, 2707, 0, 0, 0
4349, 2720, 0, 0, 0
4449, 2680, 0, 0, 0
4549, 2600, 0, 0, 0
4649, 2710, 0, 0, 0
4749, 2630, 0, 0, 0
4849, 2780, 0, 0, 0
4949, 2620, 0, 0, 0
5049, 2700, 0, 0, 0
5149, 2590, 0, 0, 0
5249, 2670, 0, 0, 0
5350, 2590, 0, 0, 0
5450, 2710, 0, 0, 0
5550, 2710, 0, 0, 0
5650, 2660, 0, 0, 0
5749, 2737, 0, 0, 0
5849, 2570, 0, 0, 0
5949, 2650, 0, 0, 0
6049, 2720, 0, 0, 0
6149, 2670, 0, 0, 0
6249, 2680, 0, 0, 0
6349, 2680, 0, 0, 0
6449, 2630, 0, 0, 0
6549, 2640, 0, 0, 0
6650, 2710, 0, 0, 0
6750, 2710, 0, 0, 0
6850, 2780, 0, 0, 0
6950, 2600, 0, 0, 0
7050, 2680, 0, 0, 0
7150, 2610, 0, 0, 0
7249, 2767, 0, 0, 0
7349, 2730, 0, 0, 0
7449, 2600, 0, 0, 0
7549, 2650, 0, 0, 0
7649, 2630, 0, 0, 0
7749, 2560, 0, 0, 0
7850, 2740, 0, 0, 0
7950, 2610, 0, 0, 0
8050, 2750, 0, 0, 0
8150, 2720, 0, 0, 0
8249, 2666, 0, 0, 0
8349, 2720, 0, 0, 0
8449, 2660, 0, 0, 0
8549, 2750, 0, 0, 0
8649, 2720, 0, 0, 0
8749, 2740, 0, 0, 0
8849, 2710, 0, 0, 0
8949, 2660, 0, 0, 0
9049, 2660, 0, 0, 0
9150, 2740, 0, 0, 0
9250, 2610, 0, 0, 0
9350, 2540, 0, 0, 0
9450, 2740, 0, 0, 0
9550, 2690, 0, 0, 0
9650, 2570, 0, 0, 0
9749, 2616, 0, 0, 0
9849, 2650, 0, 0, 0
9949, 2670, 0, 0, 0
10049, 2660, 0, 0, 0
10149, 2660, 0, 0, 0
10249, 2660, 0, 0, 0
10349, 2750, 0, 0, 0
10450, 2780, 0, 0, 0
10550, 2750, 0, 0, 0
10650, 2700, 0, 0, 0
10749, 2646, 0, 0, 0
10849, 2700, 0, 0, 0
10949, 2720, 0, 0, 0
11049, 2680, 0, 0, 0
11149, 2680, 0, 0, 0
11249, 2630, 0, 0, 0
11349, 2560, 0, 0, 0
11449, 2720, 0, 0, 0
11549, 2750, 0, 0, 0
11650, 2730, 0, 0, 0
11750, 2680, 0, 0, 0
11850, 2670, 0, 0, 0
11950, 2750, 0, 0, 0
12050, 2750, 0, 0, 0
12150, 2680, 0, 0, 0
12249, 2676, 0, 0, 0
12349, 2630, 0, 0, 0
12449, 2570, 0, 0, 0
12549, 2660, 0, 0, 0
12649, 2750, 0, 0, 0
12749, 2740, 0, 0, 0
12849, 2650, 0, 0, 0
12950, 2530, 0, 0, 0
13050, 2630, 0, 0, 0
13150, 2730, 0, 0, 0
13249, 2656, 0, 0, 0
13349, 2660, 0, 0, 0
13449, 2660, 0, 0, 0
13549, 2790, 0, 0, 0
13649, 2580, 0, 0, 0
13749, 2660, 0, 0, 0
13849, 2680, 0, 0, 0
13949, 2620, 0, 0, 0
14049, 2720, 0, 0, 0
14149, 2730, 0, 0, 0
14250, 2820, 0, 0, 0
14350, 2730, 0, 0, 0
14450, 2650, 0, 0, 0
14550, 2710, 0, 0, 0
14650, 2730, 0, 0, 0
14749, 2686, 0, 0, 0
14849, 2680, 0, 0, 0
14949, 2640, 0, 0, 0
15049, 2700, 0, 0, 0
15149, 2680, 0, 0, 0
15249, 2620, 0, 0, 0
15349, 2600, 0, 0, 0
15449, 2640, 0, 0, 0
15550, 2740, 0, 0, 0
15650, 2660, 0, 0, 0
15749, 2707, 0, 0, 0
15849, 2560, 0, 0, 0
15949, 2630, 0, 0, 0
16049, 2590, 0, 0, 0
16149, 2670, 0, 0, 0
16249, 2740, 0, 0, 0
16349, 2670, 0, 0, 0
16449, 2690, 0, 0, 0
16549, 2690, 0, 0, 0
16649, 2740, 0, 0, 0
16750, 2750, 0, 0, 0
16850, 2750, 0, 0, 0
16950, 2650, 0, 0, 0
17050, 2680, 0, 0, 0
17150, 2660, 0, 0, 0
17249, 2707, 0, 0, 0
17349, 2660, 0, 0, 0
17449, 2710, 0, 0, 0
17549, 2790, 0, 0, 0
17649, 2590, 0, 0, 0
17749, 2620, 0, 0, 0
17849, 2700, 0, 0, 0
17949, 2660, 0, 0, 0
18050, 2680, 0, 0, 0
18150, 2640, 0, 0, 0
18249, 2737, 0, 0, 0
18349, 2760, 0, 0, 0
18449, 2690, 0, 0, 0
18549, 2670, 0, 0, 0
18649, 2640, 0, 0, 0
18749, 2690, 0, 0, 0
18849, 2590, 0, 0, 0
18949, 2670, 0, 0, 0
19049, 2720, 0, 0, 0
19149, 2630, 0, 0, 0
19250, 2630, 0, 0, 0
19350, 2750, 0, 0, 0
19450, 2730, 0, 0, 0
19550, 2680, 0, 0, 0
19650, 2660, 0, 0, 0
19749, 2666, 0, 0, 0
19849, 2770, 0, 0, 0
19949, 2710, 0, 0, 0
20049, 2720, 0, 0, 0
20149, 2690, 0, 0, 0
20249, 2700, 0, 0, 0
20349, 2760, 0, 0, 0
20449, 2740, 0, 0, 0
20550, 2750, 0, 0, 0
20650, 2750, 0, 0, 0
20749, 2737, 0, 0, 0
20849, 2640, 0, 0, 0
20949, 2680, 0, 0, 0
21049, 2610, 0, 0, 0
21149, 2690, 0, 0, 0
21249, 2750, 0, 0, 0
21349, 2670, 0, 0, 0
21449, 2700, 0, 0, 0
21549, 2630, 0, 0, 0
21649, 2650, 0, 0, 0
21750, 2710, 0, 0, 0
21850, 2630, 0, 0, 0
21950, 2720, 0, 0, 0
22050, 2750, 0, 0, 0
22150, 2650, 0, 0, 0
22249, 2707, 0, 0, 0
22349, 2690, 0, 0, 0
22449, 2690, 0, 0, 0
22549, 2690, 0, 0, 0
22649, 2790, 0, 0, 0
22749, 2780, 0, 0, 0
22849, 2640, 0, 0, 0
22949, 2670, 0, 0, 0
23050, 2750, 0, 0, 0
23150, 2730, 0, 0, 0
23249, 2696, 0, 0, 0
23349, 2620, 0, 0, 0
23449, 2710, 0, 0, 0
23549, 2720, 0, 0, 0
23649, 2700, 0, 0, 0
23749, 2720, 0, 0, 0
23849, 2660, 0, 0, 0
23949, 2700, 0, 0, 0
24049, 2720, 0, 0, 0
24149, 2670, 0, 0, 0
24249, 2680, 0, 0, 0
24350, 2670, 0, 0, 0
24450, 2670, 0, 0, 0
24550, 2760, 0, 0, 0
24650, 2790, 0, 0, 0
24749, 2666, 0, 0, 0
24849, 2720, 0, 0, 0
24949, 2710, 0, 0, 0
25049, 2640, 0, 0, 0
25149, 2640, 0, 0, 0
25249, 2590, 0, 0, 0
25349, 2800, 0, 0, 0
25449, 2670, 0, 0, 0
25549, 2740, 0, 0, 0
25650, 2710, 0, 0, 0
25750, 2650, 0, 0, 0
25850, 2600, 0, 0, 0
25950, 2650, 0, 0, 0
26050, 2790, 0, 0, 0
26150, 2740, 0, 0, 0
26249, 2737, 0, 0, 0
26349, 2690, 0, 0, 0
26449, 2760, 0, 0, 0
26549, 2700, 0, 0, 0
26649, 2670, 0, 0, 0
26749, 2790, 0, 0, 0
26849, 2750, 0, 0, 0
26950, 2750, 0, 0, 0
27050, 2630, 0, 0, 0
27150, 2670, 0, 0, 0
27249, 2787, 0, 0, 0
27349, 2730, 0, 0, 0
27449, 2690, 0, 0, 0
27549, 2740, 0, 0, 0
27649, 2670, 0, 0, 0
27749, 2790, 0, 0, 0
27849, 2760, 0, 0, 0
27949, 2720, 0, 0, 0
28049, 2640, 0, 0, 0
28149, 2750, 0, 0, 0
28250, 2670, 0, 0, 0
28350, 2640, 0, 0, 0
28450, 2680, 0, 0, 0
28550, 2660, 0, 0, 0
28650, 2750, 0, 0, 0
28749, 2707, 0, 0, 0
28849, 2740, 0, 0, 0
28949, 2620, 0, 0, 0
29049, 2660, 0, 0, 0
29149, 2730, 0, 0, 0
29249, 2770, 0, 0, 0
29349, 2700, 0, 0, 0
29449, 2660, 0, 0, 0
29550, 2670, 0, 0, 0
29650, 2770, 0, 0, 0
29750, 2690, 0, 0, 0
29850, 2720, 0, 0, 0
29950, 2580, 0, 0, 0
30050, 2670, 0, 0, 0
30150, 2730, 0, 0, 0
30249, 2737, 0, 0, 0
30349, 2700, 0, 0, 0
30449, 2710, 0, 0, 0
30549, 2720, 0, 0, 0
30649, 2700, 0, 0, 0
30749, 2710, 0, 0, 0
30850, 2820, 0, 0, 0
30950, 2710, 0, 0, 0
31050, 2600, 0, 0, 0
31150, 2780, 0, 0, 0
31249, 2727, 0, 0, 0
31349, 2700, 0, 0, 0
31449, 2700, 0, 0, 0
31549, 2650, 0, 0, 0
31649, 2710, 0, 0, 0
31749, 2770, 0, 0, 0
31849, 2710, 0, 0, 0
31949, 2710, 0, 0, 0
32049, 2640, 0, 0, 0
32149, 2750, 0, 0, 0
32250, 2710, 0, 0, 0
32350, 2720, 0, 0, 0
32450, 2690, 0, 0, 0
32550, 2610, 0, 0, 0
32650, 2650, 0, 0, 0
32749, 2626, 0, 0, 0
32849, 2660, 0, 0, 0
32949, 2700, 0, 0, 0
33049, 2690, 0, 0, 0
33149, 2720, 0, 0, 0
33249, 2530, 0, 0, 0
33349, 2640, 0, 0, 0
33449, 2690, 0, 0, 0
33550, 2610, 0, 0, 0
33650, 2600, 0, 0, 0
33749, 2656, 0, 0, 0
33849, 2710, 0, 0, 0
33949, 2700, 0, 0, 0
34049, 2720, 0, 0, 0
34149, 2600, 0, 0, 0
34249, 2700, 0, 0, 0
34349, 2700, 0, 0, 0
34449, 2610, 0, 0, 0
34549, 2620, 0, 0, 0
34649, 2670, 0, 0, 0
34750, 2730, 0, 0, 0
34850, 2700, 0, 0, 0
34950, 2640, 0, 0, 0
35050, 2640, 0, 0, 0
35150, 2710, 0, 0, 0
35249, 2696, 0, 0, 0
35349, 2630, 0, 0, 0
35449, 2750, 0, 0, 0
35549, 2580, 0, 0, 0
35649, 2690, 0, 0, 0
35749, 2630, 0, 0, 0
35849, 2670, 0, 0, 0
35949, 2660, 0, 0, 0
36050, 2670, 0, 0, 0
36150, 2550, 0, 0, 0
36249, 2626, 0, 0, 0
36349, 2650, 0, 0, 0
36449, 2720, 0, 0, 0
36549, 2690, 0, 0, 0
36649, 2720, 0, 0, 0
36749, 2650, 0, 0, 0
36849, 2560, 0, 0, 0
36949, 2660, 0, 0, 0
37049, 2610, 0, 0, 0
37149, 2640, 0, 0, 0
37250, 2680, 0, 0, 0
37350, 2650, 0, 0, 0
37450, 2690, 0, 0, 0
37550, 2670, 0, 0, 0
37650, 2640, 0, 0, 0
37749, 2616, 0, 0, 0
37849, 2620, 0, 0, 0
37949, 2590, 0, 0, 0
38049, 2580, 0, 0, 0
38149, 2600, 0, 0, 0
38249, 2660, 0, 0, 0
38349, 2600, 0, 0, 0
38449, 2670, 0, 0, 0
38550, 2680, 0, 0, 0
38650, 2670, 0, 0, 0
38749, 2686, 0, 0, 0
38849, 2710, 0, 0, 0
38949, 2660, 0, 0, 0
39049, 2620, 0, 0, 0
39149, 2780, 0, 0, 0
39249, 2730, 0, 0, 0
39349, 2710, 0, 0, 0
39449, 2610, 0, 0, 0
39549, 2640, 0, 0, 0
39649, 2570, 0, 0, 0
39750, 2600, 0, 0, 0
39850, 2590, 0, 0, 0
39950, 2640, 0, 0, 0
40050, 2670, 0, 0, 0
40150, 2620, 0, 0, 0
40249, 2595, 0, 0, 0
40349, 2660, 0, 0, 0
40449, 2610, 0, 0, 0
40549, 2520, 0, 0, 0
40649, 2550, 0, 0, 0
40749, 2680, 0, 0, 0
40849, 2610, 0, 0, 0
40949, 2670, 0, 0, 0
41050, 2660, 0, 0, 0
41150, 2740, 0, 0, 0
41249, 2616, 0, 0, 0
41349, 2730, 0, 0, 0
41449, 2620, 0, 0, 0
41549, 2600, 0, 0, 0
41649, 2660, 0, 0, 0
41749, 2650, 0, 0, 0
41849, 2700, 0, 0, 0
41949, 2620, 0, 0, 0
42049, 2660, 0, 0, 0
42149, 2640, 0, 0, 0
42250, 2540, 0, 0, 0
42350, 2600, 0, 0, 0
42450, 2750, 0, 0, 0
42550, 2580, 0, 0, 0
42650, 2580, 0, 0, 0
42749, 2585, 0, 0, 0
42849, 2600, 0, 0, 0
42949, 2700, 0, 0, 0
43049, 2600, 0, 0, 0
43149, 2540, 0, 0, 0
43249, 2630, 0, 0, 0
43349, 2590, 0, 0, 0
43449, 2670, 0, 0, 0
43549, 2630, 0, 0, 0
43650, 2670, 0, 0, 0
43750, 2590, 0, 0, 0
43850, 2610, 0, 0, 0
43950, 2650, 0, 0, 0
44050, 2620, 0, 0, 0
44150, 2640, 0, 0, 0
44249, 2686, 0, 0, 0
44349, 2480, 0, 0, 0
44449, 2600, 0, 0, 0
44549, 2580, 0, 0, 0
44649, 2510, 0, 0, 0
44749, 2550, 0, 0, 0
44850, 2610, 0, 0, 0
44950, 2620, 0, 0, 0
45050, 2640, 0, 0, 0
45150, 2560, 0, 0, 0
45249, 2646, 0, 0, 0
45349, 2660, 0, 0, 0
45449, 2640, 0, 0, 0
45549, 2550, 0, 0, 0
45649, 2600, 0, 0, 0
45749, 2550, 0, 0, 0
45849, 2590, 0, 0, 0
45949, 2670, 0, 0, 0
46049, 2650, 0, 0, 0
46150, 2540, 0, 0, 0
46250, 2620, 0, 0, 0
46350, 2650, 0, 0, 0
46450, 2730, 0, 0, 0
46550, 2650, 0, 0, 0
46650, 2630, 0, 0, 0
46749, 2666, 0, 0, 0
46849, 2410, 0, 0, 0
46949, 2680, 0, 0, 0
47049, 2600, 0, 0, 0
47149, 2670, 0, 0, 0
47250, 2620, 0, 0, 0
47350, 2630, 0, 0, 0
47450, 2690, 0, 0, 0
47550, 2650, 0, 0, 0
47650, 2760, 0, 0, 0
47749, 2646, 0, 0, 0
47849, 2620, 0, 0, 0
47949, 2510, 0, 0, 0
48049, 2560, 0, 0, 0
48149, 2640, 0, 0, 0
48249, 2710, 0, 0, 0
48349, 2670, 0, 0, 0
48449, 2560, 0, 0, 0
48550, 2520, 0, 0, 0
48650, 2570, 0, 0, 0
48749, 2646, 0, 0, 0
48849, 2550, 0, 0, 0
48949, 2550, 0, 0, 0
49049, 2590, 0, 0, 0
49149, 2640, 0, 0, 0
49249, 2610, 0, 0, 0
49349, 2640, 0, 0, 0
49449, 2660, 0, 0, 0
49549, 2680, 0, 0, 0
49649, 2590, 0, 0, 0
49749, 2670, 0, 0, 0
49850, 2620, 0, 0, 0
49950, 2600, 0, 0, 0
50050, 2600, 0, 0, 0
50150, 2590, 0, 0, 0
50249, 2525, 0, 0, 0
50349, 2570, 0, 0, 0
50449, 2590, 0, 0, 0
50549, 2650, 0, 0, 0
50649, 2590, 0, 0, 0
50749, 2590, 0, 0, 0
50849, 2640, 0, 0, 0
50949, 2610, 0, 0, 0
51049, 2640, 0, 0, 0
51149, 2650, 0, 0, 0
51250, 2550, 0, 0, 0
51350, 2550, 0, 0, 0
51450, 2710, 0, 0, 0
51550, 2710, 0, 0, 0
51650, 2630, 0, 0, 0
51749, 2555, 0, 0, 0
51849, 2560, 0, 0, 0
51949, 2650, 0, 0, 0
52049, 2680, 0, 0, 0
52149, 2710, 0, 0, 0
52249, 2630, 0, 0, 0
52349, 2610, 0, 0, 0
52450, 2640, 0, 0, 0
52550, 2680, 0, 0, 0
52650, 2650, 0, 0, 0
52749, 2686, 0, 0, 0
52849, 2620, 0, 0, 0
52949, 2660, 0, 0, 0
53049, 2640, 0, 0, 0
53149, 2560, 0, 0, 0
53249, 2530, 0, 0, 0
53349, 2600, 0, 0, 0
53449, 2660, 0, 0, 0
53549, 2540, 0, 0, 0
53649, 2660, 0, 0, 0
53750, 2620, 0, 0, 0
53850, 2560, 0, 0, 0
53950, 2690, 0, 0, 0
54050, 2720, 0, 0, 0
54150, 2590, 0, 0, 0
54249, 2565, 0, 0, 0
54349, 2660, 0, 0, 0
54449, 2630, 0, 0, 0
54549, 2740, 0, 0, 0
54649, 2650, 0, 0, 0
54749, 2560, 0, 0, 0
54849, 2630, 0, 0, 0
54950, 2550, 0, 0, 0
55050, 2590, 0, 0, 0
55150, 2640, 0, 0, 0
55249, 2686, 0, 0, 0
55349, 2640, 0, 0, 0
55449, 2630, 0, 0, 0
55549, 2610, 0, 0, 0
55649, 2680, 0, 0, 0
55749, 2580, 0, 0, 0
55849, 2620, 0, 0, 0
55949, 2610, 0, 0, 0
56049, 2540, 0, 0, 0
56150, 2670, 0, 0, 0
56250, 2660, 0, 0, 0
56350, 2690, 0, 0, 0
56450, 2670, 0, 0, 0
56550, 2640, 0, 0, 0
56650, 2550, 0, 0, 0
56749, 2606, 0, 0, 0
56849, 2640, 0, 0, 0
56949, 2550, 0, 0, 0
57049, 2730, 0, 0, 0
57149, 2610, 0, 0, 0
57249, 2660, 0, 0, 0
57350, 2550, 0, 0, 0
57450, 2660, 0, 0, 0
57550, 2680, 0, 0, 0
57650, 2670, 0, 0, 0
57749, 2656, 0, 0, 0
57849, 2650, 0, 0, 0
57949, 2680, 0, 0, 0
58049, 2660, 0, 0, 0
58149, 2590, 0, 0, 0
58249, 2650, 0, 0, 0
58349, 2720, 0, 0, 0
58449, 2610, 0, 0, 0
58549, 2620, 0, 0, 0
58649, 2600, 0, 0, 0
58750, 2710, 0, 0, 0
58850, 2710, 0, 0, 0
58950, 2560, 0, 0, 0
59050, 2620, 0, 0, 0
59150, 2640, 0, 0, 0
59249, 2696, 0, 0, 0
59349, 2650, 0, 0, 0
59449, 2680, 0, 0, 0
59549, 2650, 0, 0, 0
59649, 2560, 0, 0, 0
59749, 2640, 0, 0, 0
59849, 2660, 0, 0, 0
59949, 2550, 0, 0, 0
60050, 2590, 0, 0, 0
60150, 2590, 0, 0, 0
60250, 2630, 0, 0, 0
60350, 2680, 0, 0, 0
60450, 2680, 0, 0, 0
60550, 2580, 0, 0, 0
60650, 2640, 0, 0, 0
60749, 2666, 0, 0, 0
60849, 2600, 0, 0, 0
60949, 2580, 0, 0, 0
61049, 2570, 0, 0, 0
61149, 2710, 0, 0, 0
61249, 2620, 0, 0, 0
61349, 2600, 0, 0, 0
61450, 2560, 0, 0, 0
61550, 2560, 0, 0, 0
61650, 2490, 0, 0, 0
61749, 2636, 0, 0, 0
61849, 2620, 0, 0, 0
61949, 2670, 0, 0, 0
62049, 2620, 0, 0, 0
62149, 2540, 0, 0, 0
62249, 2580, 0, 0, 0
62349, 2630, 0, 0, 0
62449, 2620, 0, 0, 0
62549, 2690, 0, 0, 0
62649, 2560, 0, 0, 0
62750, 2580, 0, 0, 0
62850, 2620, 0, 0, 0
62950, 2670, 0, 0, 0
63050, 2610, 0, 0, 0
63150, 2620, 0, 0, 0
63249, 2676, 0, 0, 0
63349, 2550, 0, 0, 0
63449, 2520, 0, 0, 0
63549, 2690, 0, 0, 0
63649, 2610, 0, 0, 0
63749, 2600, 0, 0, 0
63849, 2710, 0, 0, 0
63949, 2620, 0, 0, 0
64050, 2660, 0, 0, 0
64150, 2640, 0, 0, 0
64249, 2666, 0, 0, 0
64349, 2570, 0, 0, 0
64449, 2570, 0, 0, 0
64549, 2610, 0, 0, 0
64649, 2610, 0, 0, 0
64749, 2670, 0, 0, 0
64849, 2680, 0, 0, 0
64949, 2620, 0, 0, 0
65049, 2550, 0, 0, 0
65149, 2650, 0, 0, 0
65250, 2580, 0, 0, 0
65350, 2660, 0, 0, 0
65450, 2620, 0, 0, 0
65550, 2640, 0, 0, 0
65650, 2650, 0, 0, 0
65749, 2636, 0, 0, 0
65849, 2760, 0, 0, 0
65949, 2750, 0, 0, 0
66049, 2660, 0, 0, 0
66149, 2610, 0, 0, 0
66249, 2690, 0, 0, 0
66349, 2610, 0, 0, 0
66449, 2680, 0, 0, 0
66550, 2580, 0, 0, 0
66650, 2630, 0, 0, 0
66750, 2710, 0, 0, 0
66850, 2740, 0, 0, 0
66950, 2630, 0, 0, 0
67050, 2580, 0, 0, 0
67150, 2670, 0, 0, 0
67249, 2606, 0, 0, 0
67349, 2690, 0, 0, 0
67449, 2640, 0, 0, 0
67549, 2480, 0, 0, 0
67649, 2650, 0, 0, 0
67749, 2620, 0, 0, 0
67849, 2610, 0, 0, 0
67950, 2670, 0, 0, 0
68050, 2650, 0, 0, 0
68150, 2640, 0, 0, 0
68249, 2646, 0, 0, 0
68349, 2630, 0, 0, 0
68449, 2540, 0, 0, 0
68549, 2630, 0, 0, 0
68649, 2620, 0, 0, 0
68749, 2650, 0, 0, 0
68849, 2530, 0, 0, 0
68949, 2680, 0, 0, 0
69049, 2590, 0, 0, 0
69149, 2630, 0, 0, 0
69250, 2590, 0, 0, 0
69350, 2660, 0, 0, 0
69450, 2550, 0, 0, 0
69550, 2680, 0, 0, 0
69650, 2710, 0, 0, 0
69749, 2666, 0, 0, 0
69849, 2680, 0, 0, 0
69949, 2680, 0, 0, 0
70049, 2700, 0, 0, 0
70149, 2670, 0, 0, 0
70249, 2730, 0, 0, 0
70349, 2650, 0, 0, 0
70449, 2610, 0, 0, 0
70550, 2650, 0, 0, 0
70650, 2670, 0, 0, 0
70749, 2696, 0, 0, 0
70849, 2610, 0, 0, 0
70949, 2660, 0, 0, 0
71049, 2670, 0, 0, 0
71149, 2710, 0, 0, 0
71249, 2720, 0, 0, 0
71349, 2780, 0, 0, 0
71449, 2660, 0, 0, 0
71549, 2670, 0, 0, 0
71649, 2650, 0, 0, 0
71750, 2650, 0, 0, 0
71850, 2630, 0, 0, 0
71950, 2680, 0, 0, 0
72050, 2590, 0, 0, 0
72150, 2640, 0, 0, 0
72249, 2696, 0, 0, 0
72349, 2650, 0, 0, 0
72449, 2590, 0, 0, 0
72549, 2580, 0, 0, 0
72649, 2590, 0, 0, 0
72749, 2600, 0, 0, 0
72849, 2620, 0, 0, 0
72949, 2670, 0, 0, 0
73049, 2670, 0, 0, 0
73150, 2730, 0, 0, 0
73250, 2510, 0, 0, 0
73350, 2570, 0, 0, 0
73450, 2700, 0, 0, 0
73550, 2670, 0, 0, 0
73650, 2720, 0, 0, 0
73749, 2686, 0, 0, 0
73849, 2650, 0, 0, 0
73949, 2660, 0, 0, 0
74049, 2730, 0, 0, 0
74149, 2680, 0, 0, 0
74249, 2670, 0, 0, 0
74350, 2640, 0, 0, 0
74450, 2550, 0, 0, 0
74550, 2720, 0, 0, 0
74650, 2740, 0, 0, 0
74749, 2666, 0, 0, 0
74849, 2670, 0, 0, 0
74949, 2570, 0, 0, 0
75049, 2680, 0, 0, 0
75149, 2580, 0, 0, 0
75249, 2660, 0, 0, 0
75349, 2590, 0, 0, 0
75449, 2640, 0, 0, 0
75549, 2770, 0, 0, 0
75650, 2650, 0, 0, 0
75750, 2580, 0, 0, 0
75850, 2620, 0, 0, 0
75950, 2700, 0, 0, 0
76050, 2670, 0, 0, 0
76150, 2700, 0, 0, 0
76249, 2686, 0, 0, 0
76349, 2650, 0, 0, 0
76449, 2620, 0, 0, 0
76549, 2560, 0, 0, 0
76649, 2650, 0, 0, 0
76749, 2700, 0, 0, 0
76849, 2690, 0, 0, 0
76950, 2620, 0, 0, 0
77050, 2640, 0, 0, 0
77150, 2600, 0, 0, 0
77249, 2606, 0, 0, 0
77349, 2650, 0, 0, 0
77449, 2600, 0, 0, 0
77549, 2650, 0, 0, 0
77649, 2550, 0, 0, 0
77749, 2680, 0, 0, 0
77849, 2750, 0, 0, 0
77949, 2650, 0, 0, 0
78049, 2660, 0, 0, 0
78149, 2670, 0, 0, 0
78250, 2640, 0, 0, 0
78350, 2620, 0, 0, 0
78450, 2760, 0, 0, 0
78550, 2720, 0, 0, 0
78650, 2730, 0, 0, 0
78749, 2686, 0, 0, 0
78849, 2720, 0, 0, 0
78949, 2640, 0, 0, 0
79049, 2590, 0, 0, 0
79149, 2610, 0, 0, 0
79249, 2770, 0, 0, 0
79349, 2740, 0, 0, 0
79449, 2730, 0, 0, 0
79550, 2660, 0, 0, 0
79650, 2660, 0, 0, 0
79749, 2666, 0, 0, 0
79849, 2590, 0, 0, 0
79949, 2670, 0, 0, 0
80049, 2560, 0, 0, 0
80149, 2650, 0, 0, 0
80249, 2620, 0, 0, 0
80349, 2580, 0, 0, 0
80449, 2700, 0, 0, 0
80549, 2530, 0, 0, 0
80649, 2580, 0, 0, 0
80750, 2630, 0, 0, 0
80850, 2610, 0, 0, 0
80950, 2710, 0, 0, 0
81050, 2630, 0, 0, 0
81150, 2710, 0, 0, 0
81249, 2595, 0, 0, 0
81349, 2690, 0, 0, 0
81449, 2590, 0, 0, 0
81549, 2740, 0, 0, 0
81649, 2720, 0, 0, 0
81749, 2770, 0, 0, 0
81849, 2600, 0, 0, 0
81949, 2700, 0, 0, 0
82050, 2680, 0, 0, 0
82150, 2690, 0, 0, 0
82249, 2686, 0, 0, 0
82349, 2700, 0, 0, 0
82449, 2660, 0, 0, 0
82549, 2660, 0, 0, 0
82649, 2700, 0, 0, 0
82749, 2570, 0, 0, 0
82849, 2600, 0, 0, 0
82949, 2700, 0, 0, 0
83049, 2690, 0, 0, 0
83149, 2730, 0, 0, 0
83250, 2760, 0, 0, 0
83350, 2630, 0, 0, 0
83450, 2690, 0, 0, 0
83550, 2710, 0, 0, 0
83650, 2700, 0, 0, 0
83749, 2737, 0, 0, 0
83849, 2680, 0, 0, 0
83949, 2720, 0, 0, 0
84049, 2640, 0, 0, 0
84149, 2690, 0, 0, 0
84249, 2750, 0, 0, 0
84349, 2670, 0, 0, 0
84449, 2690, 0, 0, 0
84550, 2720, 0, 0, 0
84650, 2680, 0, 0, 0
84750, 2670, 0, 0, 0
84850, 2640, 0, 0, 0
84950, 2730, 0, 0, 0
85050, 2600, 0, 0, 0
85150, 2710, 0, 0, 0
85249, 2646, 0, 0, 0
85349, 2700, 0, 0, 0
85449, 2630, 0, 0, 0
85549, 2620, 0, 0, 0
85649, 2690, 0, 0, 0
85749, 2630, 0, 0, 0
85850, 2560, 0, 0, 0
85950, 2680, 0, 0, 0
86050, 2760, 0, 0, 0
86150, 2660, 0, 0, 0
86249, 2626, 0, 0, 0
86349, 2710, 0, 0, 0
86449, 2670, 0, 0, 0
86549, 2620, 0, 0, 0
86649, 2680, 0, 0, 0
86749, 2710, 0, 0, 0
86849, 2690, 0, 0, 0
86949, 2680, 0, 0, 0
87049, 2750, 0, 0, 0
87150, 2740, 0, 0, 0
87250, 2650, 0, 0, 0
87350, 2640, 0, 0, 0
87450, 2610, 0, 0, 0
87550, 2620, 0, 0, 0
87650, 2740, 0, 0, 0
87749, 2606, 0, 0, 0
87849, 2680, 0, 0, 0
87949, 2760, 0, 0, 0
88049, 2640, 0, 0, 0
88149, 2670, 0, 0, 0
88249, 2730, 0, 0, 0
88349, 2740, 0, 0, 0
88449, 2710, 0, 0, 0
88550, 2630, 0, 0, 0
88650, 2710, 0, 0, 0
88749, 2797, 0, 0, 0
88849, 2770, 0, 0, 0
88949, 2630, 0, 0, 0
89049, 2670, 0, 0, 0
89149, 2660, 0, 0, 0
89249, 2720, 0, 0, 0
89349, 2610, 0, 0, 0
89449, 2670, 0, 0, 0
89549, 2650, 0, 0, 0
89649, 2650, 0, 0, 0
89750, 2570, 0, 0, 0
89850, 2600, 0, 0, 0
89950, 2610, 0, 0, 0
