103, 32038053, 0, 0, 0
200, 34908600, 0, 0, 0
300, 25943569, 0, 0, 0
400, 24848099, 0, 0, 0
501, 27393771, 0, 0, 0
603, 24444284, 0, 0, 0
701, 20457190, 0, 0, 0
801, 23834849, 0, 0, 0
901, 25209825, 0, 0, 0
1004, 24597731, 0, 0, 0
1100, 32389364, 0, 0, 0
1201, 31101434, 0, 0, 0
1301, 24129917, 0, 0, 0
1400, 19561377, 0, 0, 0
1502, 21422258, 0, 0, 0
1600, 20165244, 0, 0, 0
1700, 22383789, 0, 0, 0
1802, 25074634, 0, 0, 0
1904, 23358441, 0, 0, 0
2000, 20785071, 0, 0, 0
2104, 24493889, 0, 0, 0
2200, 20588168, 0, 0, 0
2301, 21221687, 0, 0, 0
2400, 24218992, 0, 0, 0
2505, 31998461, 0, 0, 0
2602, 40337756, 0, 0, 0
2703, 29494556, 0, 0, 0
2800, 24947156, 0, 0, 0
2906, 31127553, 0, 0, 0
3006, 24220029, 0, 0, 0
3101, 43408040, 0, 0, 0
3200, 34725670, 0, 0, 0
3300, 26841284, 0, 0, 0
3400, 28916140, 0, 0, 0
3508, 27875588, 0, 0, 0
3601, 34308426, 0, 0, 0
3700, 30662551, 0, 0, 0
3801, 37132185, 0, 0, 0
3900, 20514713, 0, 0, 0
4001, 28870813, 0, 0, 0
4101, 36119228, 0, 0, 0
4200, 27000432, 0, 0, 0
4300, 39353277, 0, 0, 0
4409, 28559020, 0, 0, 0
4503, 29142734, 0, 0, 0
4600, 28487585, 0, 0, 0
4702, 22061048, 0, 0, 0
4800, 24628361, 0, 0, 0
4900, 25633704, 0, 0, 0
5000, 22440941, 0, 0, 0
5102, 21243782, 0, 0, 0
5200, 20142800, 0, 0, 0
5300, 21492335, 0, 0, 0
5407, 21925369, 0, 0, 0
5503, 24146414, 0, 0, 0
5602, 21314051, 0, 0, 0
5703, 23114956, 0, 0, 0
5802, 22172419, 0, 0, 0
5901, 24799686, 0, 0, 0
6000, 24924563, 0, 0, 0
6104, 28844521, 0, 0, 0
6203, 35398116, 0, 0, 0
6300, 34556110, 0, 0, 0
6400, 36354617, 0, 0, 0
6502, 34107533, 0, 0, 0
6600, 30988255, 0, 0, 0
6700, 32252336, 0, 0, 0
6800, 27774857, 0, 0, 0
6901, 25160731, 0, 0, 0
7001, 23288871, 0, 0, 0
7102, 19775503, 0, 0, 0
7200, 20899836, 0, 0, 0
7301, 16471405, 0, 0, 0
7400, 20310198, 0, 0, 0
7508, 19031808, 0, 0, 0
7600, 28000998, 0, 0, 0
7702, 23579649, 0, 0, 0
7800, 25682127, 0, 0, 0
7901, 24324853, 0, 0, 0
8001, 29128094, 0, 0, 0
8102, 24785299, 0, 0, 0
8200, 33090949, 0, 0, 0
8301, 29826552, 0, 0, 0
8402, 25189609, 0, 0, 0
8502, 23349526, 0, 0, 0
8604, 21075365, 0, 0, 0
8702, 23516080, 0, 0, 0
8802, 23921690, 0, 0, 0
8900, 31727071, 0, 0, 0
9000, 23825679, 0, 0, 0
9100, 33711028, 0, 0, 0
9201, 29273598, 0, 0, 0
9301, 33558200, 0, 0, 0
9401, 19427991, 0, 0, 0
9501, 33007420, 0, 0, 0
9602, 29055715, 0, 0, 0
9705, 28022934, 0, 0, 0
9800, 33197951, 0, 0, 0
9910, 28358389, 0, 0, 0
10002, 37458588, 0, 0, 0
10101, 26907885, 0, 0, 0
10205, 23095201, 0, 0, 0
10301, 29031622, 0, 0, 0
10400, 19922046, 0, 0, 0
10501, 24101367, 0, 0, 0
10600, 21461223, 0, 0, 0
10700, 21168289, 0, 0, 0
10803, 22301469, 0, 0, 0
10902, 26671407, 0, 0, 0
11003, 23927728, 0, 0, 0
11100, 32745907, 0, 0, 0
11200, 28477709, 0, 0, 0
11303, 23238996, 0, 0, 0
11400, 28625703, 0, 0, 0
11503, 23318834, 0, 0, 0
11600, 26347907, 0, 0, 0
11702, 27804593, 0, 0, 0
11800, 23562153, 0, 0, 0
11900, 26785613, 0, 0, 0
12000, 34060771, 0, 0, 0
12102, 27619196, 0, 0, 0
12202, 42972986, 0, 0, 0
12301, 23230426, 0, 0, 0
12403, 24687105, 0, 0, 0
12500, 25621002, 0, 0, 0
12600, 32724778, 0, 0, 0
12700, 31335801, 0, 0, 0
12800, 28299073, 0, 0, 0
12905, 21732558, 0, 0, 0
13006, 33719808, 0, 0, 0
13101, 27513035, 0, 0, 0
13200, 24587863, 0, 0, 0
13302, 21993578, 0, 0, 0
13405, 26568920, 0, 0, 0
13501, 25125432, 0, 0, 0
13600, 30243428, 0, 0, 0
13700, 28695297, 0, 0, 0
13801, 20024660, 0, 0, 0
13902, 28727153, 0, 0, 0
14000, 31385873, 0, 0, 0
14106, 26696772, 0, 0, 0
14200, 34362058, 0, 0, 0
14300, 26033565, 0, 0, 0
14401, 27460412, 0, 0, 0
14502, 27891741, 0, 0, 0
14600, 22156799, 0, 0, 0
14701, 30648512, 0, 0, 0
14800, 24512330, 0, 0, 0
14900, 25700049, 0, 0, 0
15001, 31519563, 0, 0, 0
15101, 27229510, 0, 0, 0
15200, 22053288, 0, 0, 0
15303, 23276333, 0, 0, 0
15400, 23765412, 0, 0, 0
15500, 26542518, 0, 0, 0
15605, 23083522, 0, 0, 0
15701, 21854729, 0, 0, 0
15800, 21815295, 0, 0, 0
15900, 22244153, 0, 0, 0
16000, 25704083, 0, 0, 0
16101, 22494126, 0, 0, 0
16200, 21025801, 0, 0, 0
16301, 18991172, 0, 0, 0
16402, 29222261, 0, 0, 0
16500, 29036925, 0, 0, 0
16602, 26639349, 0, 0, 0
16703, 33103049, 0, 0, 0
16803, 32604967, 0, 0, 0
16902, 27907412, 0, 0, 0
17010, 29710834, 0, 0, 0
17101, 47442450, 0, 0, 0
17211, 30427531, 0, 0, 0
17305, 43414525, 0, 0, 0
17400, 30774466, 0, 0, 0
17500, 38047486, 0, 0, 0
17600, 27352458, 0, 0, 0
17700, 24116960, 0, 0, 0
17803, 25182242, 0, 0, 0
17902, 27369080, 0, 0, 0
18001, 26461877, 0, 0, 0
18102, 28481239, 0, 0, 0
18200, 25979527, 0, 0, 0
18305, 20309911, 0, 0, 0
18400, 27503046, 0, 0, 0
18502, 21703310, 0, 0, 0
18600, 25814911, 0, 0, 0
18702, 22806129, 0, 0, 0
18800, 40338998, 0, 0, 0
18901, 24893419, 0, 0, 0
19003, 28491669, 0, 0, 0
19100, 34557860, 0, 0, 0
19201, 28639347, 0, 0, 0
19305, 31525645, 0, 0, 0
19401, 25513017, 0, 0, 0
19500, 20173521, 0, 0, 0
19601, 23150256, 0, 0, 0
19700, 23613761, 0, 0, 0
19803, 22419341, 0, 0, 0
19900, 24767069, 0, 0, 0
20004, 21303963, 0, 0, 0
20103, 30426536, 0, 0, 0
20200, 31356979, 0, 0, 0
20300, 24926465, 0, 0, 0
20400, 21711439, 0, 0, 0
20500, 25621223, 0, 0, 0
20600, 22734719, 0, 0, 0
20704, 23585742, 0, 0, 0
20802, 24448130, 0, 0, 0
20900, 27587541, 0, 0, 0
21000, 21136104, 0, 0, 0
21103, 24476159, 0, 0, 0
21200, 29039406, 0, 0, 0
21300, 29203014, 0, 0, 0
21403, 28506270, 0, 0, 0
21500, 28406540, 0, 0, 0
21602, 26931013, 0, 0, 0
21700, 25246769, 0, 0, 0
21800, 22789882, 0, 0, 0
21901, 24201178, 0, 0, 0
22000, 23041559, 0, 0, 0
22100, 24088684, 0, 0, 0
22200, 18581365, 0, 0, 0
22300, 16600040, 0, 0, 0
22401, 23510033, 0, 0, 0
22500, 24941312, 0, 0, 0
22600, 22809685, 0, 0, 0
22702, 25887478, 0, 0, 0
22800, 22730003, 0, 0, 0
22901, 27476231, 0, 0, 0
23006, 24582376, 0, 0, 0
23100, 25025026, 0, 0, 0
23200, 29300030, 0, 0, 0
23304, 25431880, 0, 0, 0
23404, 32754983, 0, 0, 0
23505, 34494385, 0, 0, 0
23602, 31413110, 0, 0, 0
23702, 38582277, 0, 0, 0
23807, 34953922, 0, 0, 0
23901, 25348124, 0, 0, 0
24000, 26595750, 0, 0, 0
24100, 28587720, 0, 0, 0
24202, 28415989, 0, 0, 0
24302, 28623367, 0, 0, 0
24400, 25263266, 0, 0, 0
24500, 28885222, 0, 0, 0
24600, 31528924, 0, 0, 0
24701, 34652945, 0, 0, 0
24803, 29749796, 0, 0, 0
24900, 35950558, 0, 0, 0
25001, 30377490, 0, 0, 0
25101, 33614163, 0, 0, 0
25200, 28490346, 0, 0, 0
25303, 22515415, 0, 0, 0
25400, 22501168, 0, 0, 0
25500, 24053201, 0, 0, 0
25602, 19680934, 0, 0, 0
25701, 21330816, 0, 0, 0
25800, 22366407, 0, 0, 0
25901, 21620586, 0, 0, 0
26001, 24792499, 0, 0, 0
26102, 23554484, 0, 0, 0
26200, 18916843, 0, 0, 0
26301, 20100932, 0, 0, 0
26401, 22648174, 0, 0, 0
26503, 15639005, 0, 0, 0
26602, 25563876, 0, 0, 0
26702, 23746352, 0, 0, 0
26800, 21516048, 0, 0, 0
26900, 20206702, 0, 0, 0
27000, 22089773, 0, 0, 0
27100, 24521014, 0, 0, 0
27201, 25224865, 0, 0, 0
27304, 22580039, 0, 0, 0
27400, 23437800, 0, 0, 0
27501, 20182192, 0, 0, 0
27600, 21025795, 0, 0, 0
27700, 20861309, 0, 0, 0
27801, 18613947, 0, 0, 0
27902, 22413068, 0, 0, 0
28001, 31673492, 0, 0, 0
28101, 26291572, 0, 0, 0
28211, 33102822, 0, 0, 0
28301, 38198839, 0, 0, 0
28400, 26415541, 0, 0, 0
28503, 19954627, 0, 0, 0
28600, 23562470, 0, 0, 0
28700, 23089113, 0, 0, 0
28800, 24365166, 0, 0, 0
28901, 30477920, 0, 0, 0
29008, 29154890, 0, 0, 0
29100, 35029154, 0, 0, 0
29201, 35328379, 0, 0, 0
29300, 36586513, 0, 0, 0
29400, 29238518, 0, 0, 0
29505, 37851629, 0, 0, 0
29600, 35878892, 0, 0, 0
29700, 37696476, 0, 0, 0
29800, 46330782, 0, 0, 0
29902, 23727889, 0, 0, 0
30002, 30952915, 0, 0, 0
30101, 29446345, 0, 0, 0
30200, 22556491, 0, 0, 0
30300, 21697613, 0, 0, 0
30404, 22417042, 0, 0, 0
30503, 33033459, 0, 0, 0
30602, 27652328, 0, 0, 0
30708, 34540364, 0, 0, 0
30801, 35042410, 0, 0, 0
30900, 29010375, 0, 0, 0
31000, 28448309, 0, 0, 0
31101, 32107997, 0, 0, 0
31201, 19134898, 0, 0, 0
31300, 28885367, 0, 0, 0
31401, 23658304, 0, 0, 0
31505, 24855717, 0, 0, 0
31602, 22776816, 0, 0, 0
31700, 20117044, 0, 0, 0
31800, 24879550, 0, 0, 0
31900, 25668722, 0, 0, 0
32002, 25077470, 0, 0, 0
32102, 23306243, 0, 0, 0
32200, 21802267, 0, 0, 0
32300, 21608793, 0, 0, 0
32400, 21491119, 0, 0, 0
32500, 19773650, 0, 0, 0
32600, 22314170, 0, 0, 0
32701, 22334270, 0, 0, 0
32800, 20114012, 0, 0, 0
32901, 25191530, 0, 0, 0
33001, 27069793, 0, 0, 0
33100, 28933737, 0, 0, 0
33205, 30402301, 0, 0, 0
33301, 33528015, 0, 0, 0
33403, 28193536, 0, 0, 0
33502, 31603334, 0, 0, 0
33601, 27991239, 0, 0, 0
33701, 25537450, 0, 0, 0
33800, 20946045, 0, 0, 0
33902, 20745526, 0, 0, 0
34007, 21860830, 0, 0, 0
34100, 41206086, 0, 0, 0
34202, 31170680, 0, 0, 0
34301, 24459649, 0, 0, 0
34402, 25169584, 0, 0, 0
34501, 28159376, 0, 0, 0
34602, 24590020, 0, 0, 0
34700, 26933578, 0, 0, 0
34801, 24685059, 0, 0, 0
34901, 26549256, 0, 0, 0
35004, 33753711, 0, 0, 0
35100, 31382254, 0, 0, 0
35201, 23525228, 0, 0, 0
35300, 25007738, 0, 0, 0
35402, 23640049, 0, 0, 0
35502, 23969042, 0, 0, 0
35601, 26333940, 0, 0, 0
35701, 26087255, 0, 0, 0
35800, 27902637, 0, 0, 0
35900, 24361548, 0, 0, 0
36005, 25828835, 0, 0, 0
36100, 25140243, 0, 0, 0
36200, 24722542, 0, 0, 0
36300, 31220949, 0, 0, 0
36406, 25457593, 0, 0, 0
36501, 26912390, 0, 0, 0
36604, 26753385, 0, 0, 0
36702, 24822260, 0, 0, 0
36800, 29085278, 0, 0, 0
36900, 20695113, 0, 0, 0
37000, 29248109, 0, 0, 0
37104, 31827180, 0, 0, 0
37200, 26146118, 0, 0, 0
37300, 21734930, 0, 0, 0
37402, 23070592, 0, 0, 0
37500, 19769207, 0, 0, 0
37604, 21901245, 0, 0, 0
37700, 27397571, 0, 0, 0
37800, 24606324, 0, 0, 0
37900, 21034216, 0, 0, 0
38003, 21023581, 0, 0, 0
38101, 22443299, 0, 0, 0
38200, 26830927, 0, 0, 0
38302, 25730989, 0, 0, 0
38401, 27602337, 0, 0, 0
38500, 27402672, 0, 0, 0
38605, 22657731, 0, 0, 0
38701, 29801439, 0, 0, 0
38800, 28922648, 0, 0, 0
38901, 28277435, 0, 0, 0
39000, 28273369, 0, 0, 0
39100, 24995146, 0, 0, 0
39200, 21303880, 0, 0, 0
39300, 23102176, 0, 0, 0
39402, 45915153, 0, 0, 0
39500, 24653501, 0, 0, 0
39600, 26003557, 0, 0, 0
39704, 21017703, 0, 0, 0
39800, 26808566, 0, 0, 0
39900, 19822273, 0, 0, 0
40000, 21216439, 0, 0, 0
40100, 28968617, 0, 0, 0
40201, 29465455, 0, 0, 0
40304, 43552973, 0, 0, 0
40404, 24177510, 0, 0, 0
40500, 27134036, 0, 0, 0
40600, 26808297, 0, 0, 0
40700, 25682982, 0, 0, 0
40803, 21743945, 0, 0, 0
40900, 25157776, 0, 0, 0
41000, 22447143, 0, 0, 0
41101, 21117453, 0, 0, 0
41200, 24667467, 0, 0, 0
41300, 19070398, 0, 0, 0
41400, 22739737, 0, 0, 0
41501, 20148125, 0, 0, 0
41601, 21242668, 0, 0, 0
41701, 26408035, 0, 0, 0
41800, 27506001, 0, 0, 0
41900, 24318160, 0, 0, 0
42001, 26599387, 0, 0, 0
42102, 23710292, 0, 0, 0
42203, 22386048, 0, 0, 0
42306, 23130568, 0, 0, 0
42402, 20667657, 0, 0, 0
42501, 21601366, 0, 0, 0
42601, 19908093, 0, 0, 0
42700, 25667110, 0, 0, 0
42800, 24418224, 0, 0, 0
42901, 28691839, 0, 0, 0
43003, 20327052, 0, 0, 0
43101, 28979666, 0, 0, 0
43201, 25775532, 0, 0, 0
43300, 29509204, 0, 0, 0
43402, 31449720, 0, 0, 0
43501, 24696965, 0, 0, 0
43601, 28910497, 0, 0, 0
43700, 32853289, 0, 0, 0
43802, 24973039, 0, 0, 0
43900, 20453454, 0, 0, 0
44001, 16412979, 0, 0, 0
44101, 18293042, 0, 0, 0
44200, 22310817, 0, 0, 0
44300, 26499610, 0, 0, 0
44403, 27803856, 0, 0, 0
44501, 32267856, 0, 0, 0
44602, 37009057, 0, 0, 0
44703, 36846117, 0, 0, 0
44800, 21401336, 0, 0, 0
44900, 41512512, 0, 0, 0
45000, 29849820, 0, 0, 0
45100, 26828862, 0, 0, 0
45200, 37456432, 0, 0, 0
45300, 25483685, 0, 0, 0
45400, 31596090, 0, 0, 0
45503, 29882381, 0, 0, 0
45602, 26118066, 0, 0, 0
45700, 27700649, 0, 0, 0
45800, 27117001, 0, 0, 0
45900, 25000877, 0, 0, 0
46000, 24509583, 0, 0, 0
46100, 29131305, 0, 0, 0
46200, 26103907, 0, 0, 0
46300, 20162768, 0, 0, 0
46401, 20840101, 0, 0, 0
46502, 25359870, 0, 0, 0
46605, 24613031, 0, 0, 0
46701, 25469140, 0, 0, 0
46801, 26570780, 0, 0, 0
46906, 28544636, 0, 0, 0
47000, 24802427, 0, 0, 0
47100, 27997789, 0, 0, 0
47202, 26957654, 0, 0, 0
47300, 28243492, 0, 0, 0
47400, 35537405, 0, 0, 0
47501, 22235405, 0, 0, 0
47601, 34849683, 0, 0, 0
47700, 27513902, 0, 0, 0
47804, 29063480, 0, 0, 0
47901, 26307453, 0, 0, 0
48000, 24958727, 0, 0, 0
48101, 33779807, 0, 0, 0
48201, 21833066, 0, 0, 0
48300, 23252375, 0, 0, 0
48400, 21717830, 0, 0, 0
48503, 24298615, 0, 0, 0
48600, 23393395, 0, 0, 0
48700, 24419469, 0, 0, 0
48800, 20824517, 0, 0, 0
48900, 30861373, 0, 0, 0
49001, 23839844, 0, 0, 0
49100, 21762553, 0, 0, 0
49203, 20591669, 0, 0, 0
49300, 21960635, 0, 0, 0
49403, 24854405, 0, 0, 0
49501, 29235198, 0, 0, 0
49602, 30823146, 0, 0, 0
49700, 26508038, 0, 0, 0
49800, 21600333, 0, 0, 0
49900, 26755802, 0, 0, 0
50000, 29006592, 0, 0, 0
50102, 25850522, 0, 0, 0
50202, 32949010, 0, 0, 0
50300, 32051201, 0, 0, 0
50402, 25196597, 0, 0, 0
50500, 31849678, 0, 0, 0
50600, 29313997, 0, 0, 0
50700, 24049416, 0, 0, 0
50801, 23335673, 0, 0, 0
50901, 25522049, 0, 0, 0
51000, 19892988, 0, 0, 0
51100, 19475087, 0, 0, 0
51200, 18933158, 0, 0, 0
51301, 21818503, 0, 0, 0
51401, 25727359, 0, 0, 0
51500, 21824240, 0, 0, 0
51600, 25012088, 0, 0, 0
51700, 24173260, 0, 0, 0
51802, 23081794, 0, 0, 0
51900, 29494271, 0, 0, 0
52001, 29018032, 0, 0, 0
52100, 27039033, 0, 0, 0
52200, 33004559, 0, 0, 0
52300, 29311967, 0, 0, 0
52403, 25653779, 0, 0, 0
52501, 30922949, 0, 0, 0
52607, 31607720, 0, 0, 0
52702, 27034565, 0, 0, 0
52800, 29546616, 0, 0, 0
52900, 24620589, 0, 0, 0
53000, 20092430, 0, 0, 0
53101, 16930651, 0, 0, 0
53200, 25528432, 0, 0, 0
53300, 25473546, 0, 0, 0
53406, 22405159, 0, 0, 0
53500, 25667282, 0, 0, 0
53602, 20622159, 0, 0, 0
53700, 23487761, 0, 0, 0
53801, 29940463, 0, 0, 0
53900, 24530438, 0, 0, 0
54008, 28361994, 0, 0, 0
54100, 33002904, 0, 0, 0
54204, 37732802, 0, 0, 0
54301, 32145802, 0, 0, 0
54400, 26853151, 0, 0, 0
54500, 27776651, 0, 0, 0
54603, 28671872, 0, 0, 0
54701, 22089636, 0, 0, 0
54802, 35619097, 0, 0, 0
54901, 35870245, 0, 0, 0
55000, 27387736, 0, 0, 0
55100, 21282824, 0, 0, 0
55204, 20038230, 0, 0, 0
55300, 20277189, 0, 0, 0
55400, 24149663, 0, 0, 0
55500, 28428744, 0, 0, 0
55600, 22649152, 0, 0, 0
55702, 33319308, 0, 0, 0
55802, 23138802, 0, 0, 0
55901, 22908608, 0, 0, 0
56000, 24388952, 0, 0, 0
56103, 17704128, 0, 0, 0
56200, 24406580, 0, 0, 0
56300, 22486809, 0, 0, 0
56400, 28506161, 0, 0, 0
56501, 23691401, 0, 0, 0
56600, 21592413, 0, 0, 0
56700, 24441123, 0, 0, 0
56800, 23726134, 0, 0, 0
56901, 24143016, 0, 0, 0
57000, 24873063, 0, 0, 0
57101, 20931398, 0, 0, 0
57200, 20676109, 0, 0, 0
57300, 27319625, 0, 0, 0
57401, 24280691, 0, 0, 0
57501, 26414681, 0, 0, 0
57600, 27784507, 0, 0, 0
57704, 27021408, 0, 0, 0
57805, 35555680, 0, 0, 0
57900, 42997570, 0, 0, 0
58000, 28480758, 0, 0, 0
58101, 27740910, 0, 0, 0
58200, 24494005, 0, 0, 0
58300, 26321104, 0, 0, 0
58400, 22906701, 0, 0, 0
58500, 20929816, 0, 0, 0
58601, 20891544, 0, 0, 0
58700, 23502705, 0, 0, 0
58800, 18911797, 0, 0, 0
58901, 22746251, 0, 0, 0
59002, 23488602, 0, 0, 0
59100, 30905791, 0, 0, 0
59202, 24875418, 0, 0, 0
59303, 23740983, 0, 0, 0
59400, 22074696, 0, 0, 0
59501, 22140960, 0, 0, 0
59600, 23435034, 0, 0, 0
59700, 20792142, 0, 0, 0
59802, 21015184, 0, 0, 0
59900, 24822017, 0, 0, 0
60000, 25647439, 0, 0, 0
60101, 28302620, 0, 0, 0
60200, 26225825, 0, 0, 0
60303, 22960118, 0, 0, 0
60400, 24913292, 0, 0, 0
60500, 26382960, 0, 0, 0
60602, 26965345, 0, 0, 0
60700, 22287802, 0, 0, 0
60801, 22266183, 0, 0, 0
60900, 26071710, 0, 0, 0
61000, 23960904, 0, 0, 0
61100, 22000592, 0, 0, 0
61201, 29438177, 0, 0, 0
61300, 23408199, 0, 0, 0
61400, 22002776, 0, 0, 0
61500, 28140925, 0, 0, 0
61608, 33352550, 0, 0, 0
61702, 27612730, 0, 0, 0
61800, 35340535, 0, 0, 0
61900, 22304896, 0, 0, 0
62002, 25144125, 0, 0, 0
62101, 27986665, 0, 0, 0
62201, 25940684, 0, 0, 0
62305, 24714668, 0, 0, 0
62400, 25447665, 0, 0, 0
62500, 25740332, 0, 0, 0
62601, 27591814, 0, 0, 0
62703, 21703290, 0, 0, 0
62800, 21986331, 0, 0, 0
62901, 22826567, 0, 0, 0
63000, 27091124, 0, 0, 0
63102, 28579046, 0, 0, 0
63204, 35320453, 0, 0, 0
63300, 31801795, 0, 0, 0
63401, 34956923, 0, 0, 0
63500, 23659465, 0, 0, 0
63600, 21558641, 0, 0, 0
63702, 19189499, 0, 0, 0
63800, 19973960, 0, 0, 0
63901, 20407391, 0, 0, 0
64000, 23168464, 0, 0, 0
64102, 26035107, 0, 0, 0
64200, 23025912, 0, 0, 0
64300, 22665448, 0, 0, 0
64400, 20914552, 0, 0, 0
64500, 23055735, 0, 0, 0
64601, 20119595, 0, 0, 0
64701, 21403519, 0, 0, 0
64800, 32257361, 0, 0, 0
64904, 25711183, 0, 0, 0
65002, 28163547, 0, 0, 0
65100, 30189098, 0, 0, 0
65200, 27733625, 0, 0, 0
65300, 26683613, 0, 0, 0
65401, 26406128, 0, 0, 0
65500, 26948775, 0, 0, 0
65603, 26113624, 0, 0, 0
65700, 28673109, 0, 0, 0
65802, 24002266, 0, 0, 0
65901, 31329283, 0, 0, 0
66001, 41016772, 0, 0, 0
66101, 31099881, 0, 0, 0
66200, 20005693, 0, 0, 0
66300, 18386982, 0, 0, 0
66400, 21012190, 0, 0, 0
66500, 23858466, 0, 0, 0
66601, 26296932, 0, 0, 0
66701, 26648902, 0, 0, 0
66800, 30226543, 0, 0, 0
66902, 27865789, 0, 0, 0
67000, 31488353, 0, 0, 0
67104, 30889888, 0, 0, 0
67200, 23460984, 0, 0, 0
67302, 31989541, 0, 0, 0
67400, 33427225, 0, 0, 0
67500, 27114603, 0, 0, 0
67606, 24372242, 0, 0, 0
67704, 27132478, 0, 0, 0
67804, 27273951, 0, 0, 0
67900, 22765552, 0, 0, 0
68000, 21412619, 0, 0, 0
68101, 22966754, 0, 0, 0
68200, 20979068, 0, 0, 0
68301, 22605890, 0, 0, 0
68400, 24672469, 0, 0, 0
68500, 24352331, 0, 0, 0
68603, 21028338, 0, 0, 0
68701, 19115376, 0, 0, 0
68801, 25090272, 0, 0, 0
68902, 21676573, 0, 0, 0
69000, 23888825, 0, 0, 0
69106, 24221300, 0, 0, 0
69207, 25134392, 0, 0, 0
69302, 24413885, 0, 0, 0
69402, 24555740, 0, 0, 0
69500, 23999342, 0, 0, 0
69601, 21452701, 0, 0, 0
69702, 20672684, 0, 0, 0
69801, 26666325, 0, 0, 0
69900, 22643255, 0, 0, 0
70000, 22299738, 0, 0, 0
70102, 23803146, 0, 0, 0
70202, 23790138, 0, 0, 0
70305, 35651521, 0, 0, 0
70400, 29841146, 0, 0, 0
70503, 41529314, 0, 0, 0
70603, 21554592, 0, 0, 0
70701, 28560011, 0, 0, 0
70801, 26811840, 0, 0, 0
70900, 30538504, 0, 0, 0
71002, 26648667, 0, 0, 0
71101, 25568214, 0, 0, 0
71200, 24706595, 0, 0, 0
71302, 33383889, 0, 0, 0
71400, 26452244, 0, 0, 0
71503, 34498655, 0, 0, 0
71600, 31577259, 0, 0, 0
71701, 32807780, 0, 0, 0
71801, 29317444, 0, 0, 0
71902, 26144795, 0, 0, 0
72000, 26354207, 0, 0, 0
72103, 24270406, 0, 0, 0
72201, 24416065, 0, 0, 0
72301, 23662442, 0, 0, 0
72403, 24531552, 0, 0, 0
72500, 20346854, 0, 0, 0
72602, 18126351, 0, 0, 0
72700, 22615549, 0, 0, 0
72802, 26263111, 0, 0, 0
72901, 24860311, 0, 0, 0
73002, 23633131, 0, 0, 0
73100, 21162814, 0, 0, 0
73201, 30426029, 0, 0, 0
73300, 22787661, 0, 0, 0
73400, 22350837, 0, 0, 0
73500, 21983511, 0, 0, 0
73601, 21136384, 0, 0, 0
73701, 22510608, 0, 0, 0
73800, 17966890, 0, 0, 0
73901, 19862584, 0, 0, 0
74001, 24773162, 0, 0, 0
74101, 20314367, 0, 0, 0
74200, 24608980, 0, 0, 0
74300, 28282299, 0, 0, 0
74400, 26068339, 0, 0, 0
74500, 24001469, 0, 0, 0
74600, 25256800, 0, 0, 0
74701, 22960064, 0, 0, 0
74802, 26668543, 0, 0, 0
74901, 22839519, 0, 0, 0
75000, 25431238, 0, 0, 0
75100, 25765493, 0, 0, 0
75200, 31383019, 0, 0, 0
75300, 24921131, 0, 0, 0
75401, 26969283, 0, 0, 0
75500, 22280580, 0, 0, 0
75602, 21400372, 0, 0, 0
75700, 29217998, 0, 0, 0
75800, 29596632, 0, 0, 0
75901, 25109642, 0, 0, 0
76004, 26817960, 0, 0, 0
76100, 32163530, 0, 0, 0
76202, 23515372, 0, 0, 0
76302, 26155547, 0, 0, 0
76401, 22870539, 0, 0, 0
76504, 32774078, 0, 0, 0
76600, 21977281, 0, 0, 0
76700, 21293906, 0, 0, 0
76800, 26741890, 0, 0, 0
76902, 20174920, 0, 0, 0
77000, 24852771, 0, 0, 0
77100, 23134807, 0, 0, 0
77200, 24119343, 0, 0, 0
77300, 24353266, 0, 0, 0
77400, 20386578, 0, 0, 0
77500, 19784250, 0, 0, 0
77600, 22523562, 0, 0, 0
77700, 30726965, 0, 0, 0
77800, 24551772, 0, 0, 0
77906, 22652479, 0, 0, 0
78003, 25790506, 0, 0, 0
78103, 23559002, 0, 0, 0
78200, 26083837, 0, 0, 0
78300, 25175094, 0, 0, 0
78401, 22463472, 0, 0, 0
78502, 29835675, 0, 0, 0
78601, 21853037, 0, 0, 0
78700, 31028308, 0, 0, 0
78800, 27935319, 0, 0, 0
78900, 24674981, 0, 0, 0
79000, 29340529, 0, 0, 0
79102, 26862992, 0, 0, 0
79200, 29129137, 0, 0, 0
79300, 30533179, 0, 0, 0
79407, 18936795, 0, 0, 0
79500, 38506982, 0, 0, 0
79604, 26580691, 0, 0, 0
79700, 23681791, 0, 0, 0
79805, 26324402, 0, 0, 0
79900, 30181880, 0, 0, 0
80000, 24712735, 0, 0, 0
80100, 25206097, 0, 0, 0
80200, 24229051, 0, 0, 0
80300, 20744529, 0, 0, 0
80400, 21699095, 0, 0, 0
80504, 19218461, 0, 0, 0
80600, 18406426, 0, 0, 0
80701, 21414596, 0, 0, 0
80800, 18422877, 0, 0, 0
80901, 19582662, 0, 0, 0
81000, 21324230, 0, 0, 0
81100, 24139107, 0, 0, 0
81200, 25430843, 0, 0, 0
81301, 21587062, 0, 0, 0
81400, 17282016, 0, 0, 0
81500, 22818471, 0, 0, 0
81604, 21437278, 0, 0, 0
81700, 22636829, 0, 0, 0
81801, 24396628, 0, 0, 0
81901, 25663990, 0, 0, 0
82000, 22077279, 0, 0, 0
82101, 24074962, 0, 0, 0
82200, 45733847, 0, 0, 0
82300, 29329351, 0, 0, 0
82406, 29758314, 0, 0, 0
82501, 37176668, 0, 0, 0
82600, 32479407, 0, 0, 0
82702, 25067326, 0, 0, 0
82804, 26506113, 0, 0, 0
82900, 23926196, 0, 0, 0
83002, 27846422, 0, 0, 0
83105, 28424872, 0, 0, 0
83200, 38801202, 0, 0, 0
83300, 31392100, 0, 0, 0
83400, 25357361, 0, 0, 0
83503, 26398836, 0, 0, 0
83604, 25770670, 0, 0, 0
83700, 25538579, 0, 0, 0
83801, 26301004, 0, 0, 0
83900, 18075000, 0, 0, 0
84000, 27663774, 0, 0, 0
84101, 29298661, 0, 0, 0
84204, 30746055, 0, 0, 0
84301, 21216661, 0, 0, 0
84403, 26487441, 0, 0, 0
84501, 29762797, 0, 0, 0
84600, 23594437, 0, 0, 0
84700, 30010572, 0, 0, 0
84800, 20952079, 0, 0, 0
84900, 25799035, 0, 0, 0
85001, 26798286, 0, 0, 0
85106, 22900407, 0, 0, 0
85201, 28717781, 0, 0, 0
85303, 21540553, 0, 0, 0
85400, 24273396, 0, 0, 0
85502, 26289474, 0, 0, 0
85600, 22751183, 0, 0, 0
85706, 24896672, 0, 0, 0
85800, 24495427, 0, 0, 0
85900, 22008973, 0, 0, 0
86000, 22796047, 0, 0, 0
86101, 19252485, 0, 0, 0
86202, 21215983, 0, 0, 0
86300, 25267960, 0, 0, 0
86402, 22037030, 0, 0, 0
86500, 21765808, 0, 0, 0
86600, 25225863, 0, 0, 0
86703, 27203100, 0, 0, 0
86803, 27820811, 0, 0, 0
86900, 27146789, 0, 0, 0
87000, 22504492, 0, 0, 0
87102, 27678629, 0, 0, 0
87201, 33251624, 0, 0, 0
87303, 27953076, 0, 0, 0
87406, 25943302, 0, 0, 0
87510, 31197273, 0, 0, 0
87600, 29264480, 0, 0, 0
87702, 29855984, 0, 0, 0
87800, 29321250, 0, 0, 0
87902, 34092757, 0, 0, 0
88000, 28147796, 0, 0, 0
88106, 21491064, 0, 0, 0
88200, 21161094, 0, 0, 0
88300, 25378311, 0, 0, 0
88405, 25315097, 0, 0, 0
88500, 26332095, 0, 0, 0
88601, 23590435, 0, 0, 0
88700, 27561883, 0, 0, 0
88800, 26984873, 0, 0, 0
88900, 30233836, 0, 0, 0
89000, 32577099, 0, 0, 0
89102, 24069369, 0, 0, 0
89201, 31152847, 0, 0, 0
89300, 23697612, 0, 0, 0
89403, 31662583, 0, 0, 0
89500, 22251418, 0, 0, 0
89600, 22103795, 0, 0, 0
89700, 23415889, 0, 0, 0
89801, 24928564, 0, 0, 0
89900, 29339972, 0, 0, 0
90000, 34393432, 0, 0, 0
90027, 33141908, 0, 0, 0
