100, 502247, 0, 0, 0
200, 443836, 0, 0, 0
300, 465278, 0, 0, 0
400, 468487, 0, 0, 0
500, 456756, 0, 0, 0
600, 498970, 0, 0, 0
700, 444998, 0, 0, 0
800, 431781, 0, 0, 0
900, 423816, 0, 0, 0
1000, 492249, 0, 0, 0
1100, 529946, 0, 0, 0
1200, 484880, 0, 0, 0
1300, 456164, 0, 0, 0
1400, 469248, 0, 0, 0
1500, 490319, 0, 0, 0
1600, 461283, 0, 0, 0
1700, 450967, 0, 0, 0
1800, 482608, 0, 0, 0
1900, 518379, 0, 0, 0
2000, 480406, 0, 0, 0
2100, 480514, 0, 0, 0
2200, 516047, 0, 0, 0
2300, 486902, 0, 0, 0
2400, 466912, 0, 0, 0
2500, 460913, 0, 0, 0
2600, 439138, 0, 0, 0
2700, 460687, 0, 0, 0
2800, 429170, 0, 0, 0
2900, 495630, 0, 0, 0
3000, 478946, 0, 0, 0
3100, 501024, 0, 0, 0
3200, 471112, 0, 0, 0
3300, 449580, 0, 0, 0
3400, 460963, 0, 0, 0
3500, 416736, 0, 0, 0
3600, 434836, 0, 0, 0
3700, 505674, 0, 0, 0
3800, 436426, 0, 0, 0
3900, 440003, 0, 0, 0
4000, 467557, 0, 0, 0
4100, 491459, 0, 0, 0
4200, 536076, 0, 0, 0
4300, 470155, 0, 0, 0
4400, 464194, 0, 0, 0
4500, 475593, 0, 0, 0
4600, 541252, 0, 0, 0
4700, 501634, 0, 0, 0
4800, 462803, 0, 0, 0
4900, 469738, 0, 0, 0
5000, 463720, 0, 0, 0
5100, 457382, 0, 0, 0
5200, 468819, 0, 0, 0
5300, 533834, 0, 0, 0
5400, 496751, 0, 0, 0
5500, 525408, 0, 0, 0
5600, 481369, 0, 0, 0
5700, 475056, 0, 0, 0
5800, 495196, 0, 0, 0
5900, 494205, 0, 0, 0
6000, 498431, 0, 0, 0
6100, 484501, 0, 0, 0
6200, 485437, 0, 0, 0
6300, 484457, 0, 0, 0
6400, 510513, 0, 0, 0
6500, 512832, 0, 0, 0
6600, 487887, 0, 0, 0
6700, 495754, 0, 0, 0
6800, 511441, 0, 0, 0
6900, 467149, 0, 0, 0
7000, 452676, 0, 0, 0
7100, 476495, 0, 0, 0
7200, 488665, 0, 0, 0
7300, 479984, 0, 0, 0
7400, 481797, 0, 0, 0
7500, 474088, 0, 0, 0
7600, 468090, 0, 0, 0
7700, 444617, 0, 0, 0
7800, 490964, 0, 0, 0
7900, 462276, 0, 0, 0
8000, 502908, 0, 0, 0
8100, 422275, 0, 0, 0
8200, 488156, 0, 0, 0
8300, 526998, 0, 0, 0
8400, 472920, 0, 0, 0
8500, 500962, 0, 0, 0
8600, 446915, 0, 0, 0
8700, 478579, 0, 0, 0
8800, 462492, 0, 0, 0
8900, 499875, 0, 0, 0
9000, 464998, 0, 0, 0
9100, 426389, 0, 0, 0
9200, 417290, 0, 0, 0
9300, 468878, 0, 0, 0
9400, 474479, 0, 0, 0
9500, 448451, 0, 0, 0
9600, 476367, 0, 0, 0
9700, 462911, 0, 0, 0
9800, 463340, 0, 0, 0
9900, 492534, 0, 0, 0
10000, 487127, 0, 0, 0
10100, 455491, 0, 0, 0
10200, 472599, 0, 0, 0
10300, 467068, 0, 0, 0
10400, 472551, 0, 0, 0
10500, 511176, 0, 0, 0
10600, 471152, 0, 0, 0
10700, 475509, 0, 0, 0
10800, 509671, 0, 0, 0
10900, 481236, 0, 0, 0
11000, 475951, 0, 0, 0
11100, 484455, 0, 0, 0
11200, 444684, 0, 0, 0
11300, 427694, 0, 0, 0
11400, 479138, 0, 0, 0
11500, 459230, 0, 0, 0
11600, 465157, 0, 0, 0
11700, 467646, 0, 0, 0
11800, 419041, 0, 0, 0
11900, 444374, 0, 0, 0
12000, 472667, 0, 0, 0
12100, 443594, 0, 0, 0
12200, 496557, 0, 0, 0
12300, 454777, 0, 0, 0
12400, 431160, 0, 0, 0
12500, 460722, 0, 0, 0
12600, 465945, 0, 0, 0
12700, 426174, 0, 0, 0
12800, 465653, 0, 0, 0
12900, 447637, 0, 0, 0
13000, 407572, 0, 0, 0
13100, 451294, 0, 0, 0
13200, 454588, 0, 0, 0
13300, 436439, 0, 0, 0
13400, 469435, 0, 0, 0
13500, 444701, 0, 0, 0
13600, 452202, 0, 0, 0
13700, 468491, 0, 0, 0
13800, 463721, 0, 0, 0
13900, 442551, 0, 0, 0
14000, 525937, 0, 0, 0
14100, 514965, 0, 0, 0
14200, 442331, 0, 0, 0
14300, 448256, 0, 0, 0
14400, 470044, 0, 0, 0
14500, 473491, 0, 0, 0
14600, 464363, 0, 0, 0
14700, 438813, 0, 0, 0
14800, 445146, 0, 0, 0
14900, 441190, 0, 0, 0
15000, 471549, 0, 0, 0
15100, 475124, 0, 0, 0
15200, 480925, 0, 0, 0
15300, 440873, 0, 0, 0
15400, 488608, 0, 0, 0
15500, 465316, 0, 0, 0
15600, 458417, 0, 0, 0
15700, 429501, 0, 0, 0
15800, 425385, 0, 0, 0
15900, 433211, 0, 0, 0
16000, 488923, 0, 0, 0
16100, 460747, 0, 0, 0
16200, 476536, 0, 0, 0
16300, 439657, 0, 0, 0
16400, 469397, 0, 0, 0
16500, 485721, 0, 0, 0
16600, 453127, 0, 0, 0
16700, 456979, 0, 0, 0
16800, 451303, 0, 0, 0
16900, 442141, 0, 0, 0
17000, 458552, 0, 0, 0
17100, 462459, 0, 0, 0
17200, 416279, 0, 0, 0
17300, 484743, 0, 0, 0
17400, 447426, 0, 0, 0
17500, 462936, 0, 0, 0
17600, 477795, 0, 0, 0
17700, 444281, 0, 0, 0
17800, 462469, 0, 0, 0
17900, 471077, 0, 0, 0
18000, 458933, 0, 0, 0
18100, 470047, 0, 0, 0
18200, 475226, 0, 0, 0
18301, 455377, 0, 0, 0
18400, 451557, 0, 0, 0
18500, 467206, 0, 0, 0
18600, 488964, 0, 0, 0
18700, 421173, 0, 0, 0
18800, 433324, 0, 0, 0
18900, 456784, 0, 0, 0
19000, 443319, 0, 0, 0
19100, 457840, 0, 0, 0
19200, 457806, 0, 0, 0
19300, 433774, 0, 0, 0
19400, 457784, 0, 0, 0
19500, 439807, 0, 0, 0
19600, 480796, 0, 0, 0
19700, 449585, 0, 0, 0
19800, 484616, 0, 0, 0
19900, 442920, 0, 0, 0
20000, 474739, 0, 0, 0
20100, 474163, 0, 0, 0
20200, 462916, 0, 0, 0
20300, 456881, 0, 0, 0
20400, 515155, 0, 0, 0
20500, 499260, 0, 0, 0
20600, 419625, 0, 0, 0
20700, 478620, 0, 0, 0
20800, 493814, 0, 0, 0
20900, 419772, 0, 0, 0
21000, 461589, 0, 0, 0
21100, 471496, 0, 0, 0
21200, 475045, 0, 0, 0
21300, 546713, 0, 0, 0
21400, 514720, 0, 0, 0
21500, 464938, 0, 0, 0
21600, 502618, 0, 0, 0
21700, 438641, 0, 0, 0
21800, 472563, 0, 0, 0
21900, 454033, 0, 0, 0
22000, 463098, 0, 0, 0
22100, 472827, 0, 0, 0
22200, 452398, 0, 0, 0
22300, 447674, 0, 0, 0
22400, 505402, 0, 0, 0
22500, 426479, 0, 0, 0
22600, 462745, 0, 0, 0
22700, 443178, 0, 0, 0
22800, 431453, 0, 0, 0
22900, 447273, 0, 0, 0
23000, 486532, 0, 0, 0
23100, 457461, 0, 0, 0
23200, 456914, 0, 0, 0
23300, 493242, 0, 0, 0
23400, 447671, 0, 0, 0
23500, 481357, 0, 0, 0
23600, 480064, 0, 0, 0
23700, 455855, 0, 0, 0
23800, 448920, 0, 0, 0
23900, 511476, 0, 0, 0
24000, 457122, 0, 0, 0
24100, 423698, 0, 0, 0
24200, 458400, 0, 0, 0
24300, 451078, 0, 0, 0
24400, 443170, 0, 0, 0
24500, 488989, 0, 0, 0
24600, 482256, 0, 0, 0
24700, 466917, 0, 0, 0
24800, 541876, 0, 0, 0
24900, 468852, 0, 0, 0
25000, 490854, 0, 0, 0
25100, 481533, 0, 0, 0
25200, 466440, 0, 0, 0
25300, 454532, 0, 0, 0
25400, 467149, 0, 0, 0
25500, 474983, 0, 0, 0
25600, 465207, 0, 0, 0
25700, 461083, 0, 0, 0
25800, 466499, 0, 0, 0
25900, 521251, 0, 0, 0
26000, 477063, 0, 0, 0
26100, 455645, 0, 0, 0
26200, 453217, 0, 0, 0
26300, 406769, 0, 0, 0
26400, 464008, 0, 0, 0
26500, 466212, 0, 0, 0
26600, 445942, 0, 0, 0
26700, 428060, 0, 0, 0
26800, 464398, 0, 0, 0
26900, 472788, 0, 0, 0
27000, 490280, 0, 0, 0
27100, 432782, 0, 0, 0
27200, 463453, 0, 0, 0
27300, 504309, 0, 0, 0
27400, 464785, 0, 0, 0
27500, 486917, 0, 0, 0
27600, 465010, 0, 0, 0
27700, 465940, 0, 0, 0
27800, 478166, 0, 0, 0
27900, 450393, 0, 0, 0
28000, 446540, 0, 0, 0
28100, 474599, 0, 0, 0
28200, 460668, 0, 0, 0
28300, 471819, 0, 0, 0
28400, 461945, 0, 0, 0
28500, 495000, 0, 0, 0
28600, 427529, 0, 0, 0
28700, 416233, 0, 0, 0
28800, 469675, 0, 0, 0
28900, 446933, 0, 0, 0
29000, 429468, 0, 0, 0
29100, 477905, 0, 0, 0
29200, 479999, 0, 0, 0
29300, 465767, 0, 0, 0
29400, 421427, 0, 0, 0
29500, 447527, 0, 0, 0
29600, 507038, 0, 0, 0
29700, 430613, 0, 0, 0
29800, 420497, 0, 0, 0
29900, 453270, 0, 0, 0
30000, 487208, 0, 0, 0
30100, 475482, 0, 0, 0
30200, 436557, 0, 0, 0
30300, 468316, 0, 0, 0
30400, 421817, 0, 0, 0
30500, 427947, 0, 0, 0
30600, 465227, 0, 0, 0
30700, 487850, 0, 0, 0
30800, 456936, 0, 0, 0
30900, 448419, 0, 0, 0
31000, 446403, 0, 0, 0
31100, 455251, 0, 0, 0
31200, 479380, 0, 0, 0
31300, 426230, 0, 0, 0
31400, 442169, 0, 0, 0
31500, 533935, 0, 0, 0
31600, 489602, 0, 0, 0
31700, 448345, 0, 0, 0
31800, 485942, 0, 0, 0
31900, 452793, 0, 0, 0
32000, 430021, 0, 0, 0
32100, 454312, 0, 0, 0
32200, 435889, 0, 0, 0
32300, 475097, 0, 0, 0
32400, 468427, 0, 0, 0
32500, 482165, 0, 0, 0
32600, 486398, 0, 0, 0
32700, 451968, 0, 0, 0
32800, 474727, 0, 0, 0
32900, 465071, 0, 0, 0
33000, 472559, 0, 0, 0
33100, 476379, 0, 0, 0
33200, 445986, 0, 0, 0
33300, 465658, 0, 0, 0
33400, 491908, 0, 0, 0
33500, 485984, 0, 0, 0
33600, 433861, 0, 0, 0
33700, 471687, 0, 0, 0
33800, 436365, 0, 0, 0
33900, 503702, 0, 0, 0
34000, 473935, 0, 0, 0
34100, 489765, 0, 0, 0
34200, 427434, 0, 0, 0
34300, 469853, 0, 0, 0
34400, 454907, 0, 0, 0
34500, 476348, 0, 0, 0
34600, 495815, 0, 0, 0
34700, 478062, 0, 0, 0
34800, 451599, 0, 0, 0
34900, 480724, 0, 0, 0
35000, 432178, 0, 0, 0
35100, 418394, 0, 0, 0
35200, 419503, 0, 0, 0
35300, 457791, 0, 0, 0
35400, 473965, 0, 0, 0
35500, 478660, 0, 0, 0
35600, 433977, 0, 0, 0
35700, 471268, 0, 0, 0
35800, 487128, 0, 0, 0
35900, 450455, 0, 0, 0
36000, 492886, 0, 0, 0
36100, 519624, 0, 0, 0
36200, 482527, 0, 0, 0
36300, 486328, 0, 0, 0
36400, 447157, 0, 0, 0
36500, 484664, 0, 0, 0
36600, 453191, 0, 0, 0
36700, 464954, 0, 0, 0
36800, 446188, 0, 0, 0
36900, 515481, 0, 0, 0
37000, 504582, 0, 0, 0
37100, 461581, 0, 0, 0
37200, 439663, 0, 0, 0
37300, 448353, 0, 0, 0
37400, 449796, 0, 0, 0
37500, 445362, 0, 0, 0
37600, 485394, 0, 0, 0
37700, 434053, 0, 0, 0
37800, 452899, 0, 0, 0
37900, 469436, 0, 0, 0
38000, 435460, 0, 0, 0
38100, 456973, 0, 0, 0
38200, 452446, 0, 0, 0
38300, 509780, 0, 0, 0
38400, 463520, 0, 0, 0
38500, 504616, 0, 0, 0
38600, 465832, 0, 0, 0
38700, 436097, 0, 0, 0
38800, 454011, 0, 0, 0
38900, 457205, 0, 0, 0
39000, 450187, 0, 0, 0
39100, 415037, 0, 0, 0
39200, 473630, 0, 0, 0
39300, 473566, 0, 0, 0
39400, 441158, 0, 0, 0
39500, 441148, 0, 0, 0
39600, 489636, 0, 0, 0
39700, 405974, 0, 0, 0
39800, 431558, 0, 0, 0
39900, 459967, 0, 0, 0
40000, 490232, 0, 0, 0
40100, 451501, 0, 0, 0
40200, 448369, 0, 0, 0
40300, 447344, 0, 0, 0
40400, 470458, 0, 0, 0
40500, 469276, 0, 0, 0
40600, 438895, 0, 0, 0
40700, 464923, 0, 0, 0
40800, 428322, 0, 0, 0
40900, 445355, 0, 0, 0
41000, 466360, 0, 0, 0
41100, 461067, 0, 0, 0
41200, 463300, 0, 0, 0
41300, 456592, 0, 0, 0
41400, 457855, 0, 0, 0
41500, 433898, 0, 0, 0
41600, 477585, 0, 0, 0
41700, 425381, 0, 0, 0
41800, 462620, 0, 0, 0
41900, 458269, 0, 0, 0
42000, 420579, 0, 0, 0
42100, 444781, 0, 0, 0
42200, 443187, 0, 0, 0
42300, 463810, 0, 0, 0
42400, 489903, 0, 0, 0
42500, 466788, 0, 0, 0
42600, 436231, 0, 0, 0
42700, 462758, 0, 0, 0
42800, 494026, 0, 0, 0
42900, 460262, 0, 0, 0
43000, 472244, 0, 0, 0
43100, 433151, 0, 0, 0
43200, 482597, 0, 0, 0
43300, 428701, 0, 0, 0
43400, 465838, 0, 0, 0
43500, 469535, 0, 0, 0
43600, 475577, 0, 0, 0
43700, 471041, 0, 0, 0
43800, 469085, 0, 0, 0
43900, 442845, 0, 0, 0
44000, 433802, 0, 0, 0
44100, 474877, 0, 0, 0
44200, 437888, 0, 0, 0
44300, 450039, 0, 0, 0
44400, 474581, 0, 0, 0
44500, 432746, 0, 0, 0
44600, 453584, 0, 0, 0
44700, 438291, 0, 0, 0
44800, 442144, 0, 0, 0
44900, 395696, 0, 0, 0
45000, 431465, 0, 0, 0
45100, 434714, 0, 0, 0
45200, 458425, 0, 0, 0
45300, 469136, 0, 0, 0
45400, 461588, 0, 0, 0
45500, 427006, 0, 0, 0
45600, 452020, 0, 0, 0
45700, 431117, 0, 0, 0
45800, 410937, 0, 0, 0
45900, 424381, 0, 0, 0
46000, 458461, 0, 0, 0
46100, 484749, 0, 0, 0
46200, 442261, 0, 0, 0
46300, 447376, 0, 0, 0
46400, 477166, 0, 0, 0
46500, 488874, 0, 0, 0
46600, 420152, 0, 0, 0
46700, 440214, 0, 0, 0
46800, 453558, 0, 0, 0
46900, 413152, 0, 0, 0
47000, 480890, 0, 0, 0
47100, 502558, 0, 0, 0
47200, 399860, 0, 0, 0
47300, 413454, 0, 0, 0
47400, 480948, 0, 0, 0
47500, 462974, 0, 0, 0
47600, 474013, 0, 0, 0
47700, 454936, 0, 0, 0
47800, 444844, 0, 0, 0
47900, 453581, 0, 0, 0
48000, 432709, 0, 0, 0
48100, 412803, 0, 0, 0
48200, 471188, 0, 0, 0
48300, 459885, 0, 0, 0
48400, 420482, 0, 0, 0
48500, 423089, 0, 0, 0
48600, 471190, 0, 0, 0
48700, 438485, 0, 0, 0
48800, 444705, 0, 0, 0
48900, 428549, 0, 0, 0
49000, 462224, 0, 0, 0
49100, 457389, 0, 0, 0
49200, 409590, 0, 0, 0
49300, 440255, 0, 0, 0
49400, 460983, 0, 0, 0
49500, 397256, 0, 0, 0
49600, 463293, 0, 0, 0
49700, 483878, 0, 0, 0
49800, 444531, 0, 0, 0
49900, 469285, 0, 0, 0
50000, 460676, 0, 0, 0
50100, 470502, 0, 0, 0
50200, 453174, 0, 0, 0
50300, 478672, 0, 0, 0
50400, 420834, 0, 0, 0
50500, 438997, 0, 0, 0
50600, 430624, 0, 0, 0
50700, 469516, 0, 0, 0
50800, 424953, 0, 0, 0
50900, 431808, 0, 0, 0
51000, 423637, 0, 0, 0
51100, 449957, 0, 0, 0
51200, 450518, 0, 0, 0
51300, 433819, 0, 0, 0
51400, 453122, 0, 0, 0
51500, 535515, 0, 0, 0
51600, 420506, 0, 0, 0
51700, 403375, 0, 0, 0
51800, 491636, 0, 0, 0
51900, 502589, 0, 0, 0
52000, 446082, 0, 0, 0
52100, 496451, 0, 0, 0
52200, 437520, 0, 0, 0
52300, 484674, 0, 0, 0
52400, 435367, 0, 0, 0
52500, 440890, 0, 0, 0
52600, 432768, 0, 0, 0
52700, 463634, 0, 0, 0
52800, 433444, 0, 0, 0
52900, 438353, 0, 0, 0
53000, 434543, 0, 0, 0
53100, 532794, 0, 0, 0
53200, 489123, 0, 0, 0
53300, 475865, 0, 0, 0
53400, 453785, 0, 0, 0
53500, 445628, 0, 0, 0
53600, 469887, 0, 0, 0
53700, 452712, 0, 0, 0
53800, 414004, 0, 0, 0
53900, 487792, 0, 0, 0
54000, 425419, 0, 0, 0
54100, 446755, 0, 0, 0
54200, 435393, 0, 0, 0
54300, 457988, 0, 0, 0
54400, 447601, 0, 0, 0
54500, 421213, 0, 0, 0
54600, 433034, 0, 0, 0
54700, 424180, 0, 0, 0
54800, 446577, 0, 0, 0
54900, 449366, 0, 0, 0
55000, 435338, 0, 0, 0
55100, 511603, 0, 0, 0
55200, 494493, 0, 0, 0
55300, 467151, 0, 0, 0
55400, 446473, 0, 0, 0
55500, 440843, 0, 0, 0
55600, 452854, 0, 0, 0
55700, 437269, 0, 0, 0
55800, 440841, 0, 0, 0
55900, 493300, 0, 0, 0
56000, 500538, 0, 0, 0
56100, 423874, 0, 0, 0
56200, 423965, 0, 0, 0
56300, 477852, 0, 0, 0
56400, 399264, 0, 0, 0
56500, 399908, 0, 0, 0
56600, 431195, 0, 0, 0
56700, 480107, 0, 0, 0
56800, 407050, 0, 0, 0
56900, 395829, 0, 0, 0
57000, 420570, 0, 0, 0
57100, 415572, 0, 0, 0
57200, 436930, 0, 0, 0
57300, 428330, 0, 0, 0
57400, 452749, 0, 0, 0
57500, 491665, 0, 0, 0
57600, 469915, 0, 0, 0
57700, 443474, 0, 0, 0
57800, 438965, 0, 0, 0
57900, 443030, 0, 0, 0
58000, 429843, 0, 0, 0
58100, 437213, 0, 0, 0
58200, 402090, 0, 0, 0
58300, 489520, 0, 0, 0
58400, 464784, 0, 0, 0
58500, 446947, 0, 0, 0
58600, 474138, 0, 0, 0
58700, 513177, 0, 0, 0
58800, 468481, 0, 0, 0
58900, 487805, 0, 0, 0
59000, 430672, 0, 0, 0
59100, 445994, 0, 0, 0
59200, 420386, 0, 0, 0
59300, 406997, 0, 0, 0
59400, 435146, 0, 0, 0
59500, 403350, 0, 0, 0
59600, 430918, 0, 0, 0
59700, 446258, 0, 0, 0
59800, 429226, 0, 0, 0
59900, 457228, 0, 0, 0
60000, 450996, 0, 0, 0
60100, 475961, 0, 0, 0
60200, 449922, 0, 0, 0
60300, 461406, 0, 0, 0
60400, 422659, 0, 0, 0
60500, 439758, 0, 0, 0
60600, 446397, 0, 0, 0
60700, 450006, 0, 0, 0
60800, 436273, 0, 0, 0
60900, 446359, 0, 0, 0
61000, 486681, 0, 0, 0
61100, 455109, 0, 0, 0
61200, 411734, 0, 0, 0
61300, 451441, 0, 0, 0
61400, 459272, 0, 0, 0
61500, 520995, 0, 0, 0
61600, 474521, 0, 0, 0
61700, 401544, 0, 0, 0
61800, 486090, 0, 0, 0
61900, 451482, 0, 0, 0
62000, 430836, 0, 0, 0
62100, 419391, 0, 0, 0
62200, 438906, 0, 0, 0
62300, 434878, 0, 0, 0
62400, 438125, 0, 0, 0
62500, 454983, 0, 0, 0
62600, 414647, 0, 0, 0
62700, 459054, 0, 0, 0
62800, 483369, 0, 0, 0
62900, 475528, 0, 0, 0
63000, 489895, 0, 0, 0
63100, 444700, 0, 0, 0
63200, 442936, 0, 0, 0
63300, 409339, 0, 0, 0
63400, 421876, 0, 0, 0
63500, 451530, 0, 0, 0
63600, 403095, 0, 0, 0
63700, 434136, 0, 0, 0
63800, 454766, 0, 0, 0
63900, 464024, 0, 0, 0
64000, 453427, 0, 0, 0
64100, 452944, 0, 0, 0
64200, 427193, 0, 0, 0
64300, 473669, 0, 0, 0
64400, 446153, 0, 0, 0
64500, 457561, 0, 0, 0
64600, 436473, 0, 0, 0
64700, 439321, 0, 0, 0
64800, 435676, 0, 0, 0
64900, 440834, 0, 0, 0
65000, 519938, 0, 0, 0
65100, 451874, 0, 0, 0
65200, 408908, 0, 0, 0
65300, 429132, 0, 0, 0
65400, 438926, 0, 0, 0
65500, 499428, 0, 0, 0
65600, 423772, 0, 0, 0
65700, 399373, 0, 0, 0
65800, 449877, 0, 0, 0
65900, 425120, 0, 0, 0
66000, 425206, 0, 0, 0
66100, 424423, 0, 0, 0
66200, 403004, 0, 0, 0
66300, 449158, 0, 0, 0
66400, 390485, 0, 0, 0
66500, 423350, 0, 0, 0
66600, 473318, 0, 0, 0
66700, 439177, 0, 0, 0
66800, 440612, 0, 0, 0
66900, 419009, 0, 0, 0
67000, 433575, 0, 0, 0
67100, 433758, 0, 0, 0
67200, 426647, 0, 0, 0
67300, 416036, 0, 0, 0
67400, 471162, 0, 0, 0
67500, 430291, 0, 0, 0
67600, 462864, 0, 0, 0
67700, 419598, 0, 0, 0
67800, 461273, 0, 0, 0
67900, 440216, 0, 0, 0
68000, 448876, 0, 0, 0
68100, 471982, 0, 0, 0
68200, 445769, 0, 0, 0
68300, 435547, 0, 0, 0
68400, 431957, 0, 0, 0
68500, 442245, 0, 0, 0
68600, 430265, 0, 0, 0
68700, 430146, 0, 0, 0
68800, 391921, 0, 0, 0
68900, 444683, 0, 0, 0
69000, 489196, 0, 0, 0
69100, 409205, 0, 0, 0
69200, 436547, 0, 0, 0
69300, 466130, 0, 0, 0
69400, 431295, 0, 0, 0
69500, 506060, 0, 0, 0
69600, 414007, 0, 0, 0
69700, 468856, 0, 0, 0
69800, 395174, 0, 0, 0
69900, 447874, 0, 0, 0
70000, 458373, 0, 0, 0
70100, 421927, 0, 0, 0
70200, 447718, 0, 0, 0
70300, 458692, 0, 0, 0
70400, 449373, 0, 0, 0
70500, 453276, 0, 0, 0
70600, 430379, 0, 0, 0
70700, 428905, 0, 0, 0
70800, 441282, 0, 0, 0
70900, 471354, 0, 0, 0
71000, 465821, 0, 0, 0
71100, 483809, 0, 0, 0
71200, 413619, 0, 0, 0
71300, 459550, 0, 0, 0
71400, 460028, 0, 0, 0
71500, 448841, 0, 0, 0
71600, 431423, 0, 0, 0
71700, 412874, 0, 0, 0
71800, 413276, 0, 0, 0
71900, 464150, 0, 0, 0
72000, 434274, 0, 0, 0
72100, 441425, 0, 0, 0
72200, 465899, 0, 0, 0
72300, 404538, 0, 0, 0
72400, 457959, 0, 0, 0
72500, 458444, 0, 0, 0
72600, 483688, 0, 0, 0
72700, 506290, 0, 0, 0
72800, 477099, 0, 0, 0
72900, 482323, 0, 0, 0
73000, 460222, 0, 0, 0
73100, 462204, 0, 0, 0
73200, 445830, 0, 0, 0
73300, 391637, 0, 0, 0
73400, 451487, 0, 0, 0
73500, 442993, 0, 0, 0
73600, 450854, 0, 0, 0
73700, 446963, 0, 0, 0
73800, 429898, 0, 0, 0
73900, 433948, 0, 0, 0
74000, 418133, 0, 0, 0
74100, 440818, 0, 0, 0
74200, 454813, 0, 0, 0
74300, 494684, 0, 0, 0
74400, 405254, 0, 0, 0
74500, 480772, 0, 0, 0
74600, 473012, 0, 0, 0
74700, 465434, 0, 0, 0
74800, 430303, 0, 0, 0
74900, 513097, 0, 0, 0
75000, 499926, 0, 0, 0
75100, 454716, 0, 0, 0
75200, 423086, 0, 0, 0
75300, 441880, 0, 0, 0
75400, 476162, 0, 0, 0
75500, 459857, 0, 0, 0
75600, 450563, 0, 0, 0
75700, 490253, 0, 0, 0
75800, 538847, 0, 0, 0
75900, 416760, 0, 0, 0
76000, 501656, 0, 0, 0
76100, 464467, 0, 0, 0
76200, 437071, 0, 0, 0
76300, 429458, 0, 0, 0
76400, 479739, 0, 0, 0
76500, 432608, 0, 0, 0
76600, 430625, 0, 0, 0
76700, 443633, 0, 0, 0
76800, 500152, 0, 0, 0
76900, 447064, 0, 0, 0
77000, 420708, 0, 0, 0
77100, 444610, 0, 0, 0
77200, 425719, 0, 0, 0
77300, 403775, 0, 0, 0
77400, 444402, 0, 0, 0
77500, 445530, 0, 0, 0
77600, 447603, 0, 0, 0
77700, 458537, 0, 0, 0
77800, 468684, 0, 0, 0
77900, 437269, 0, 0, 0
78000, 433096, 0, 0, 0
78100, 439341, 0, 0, 0
78200, 419651, 0, 0, 0
78300, 409185, 0, 0, 0
78400, 464571, 0, 0, 0
78500, 427327, 0, 0, 0
78600, 419388, 0, 0, 0
78700, 444470, 0, 0, 0
78800, 423950, 0, 0, 0
78900, 418955, 0, 0, 0
79000, 392363, 0, 0, 0
79100, 440878, 0, 0, 0
79200, 462776, 0, 0, 0
79300, 423994, 0, 0, 0
79400, 461651, 0, 0, 0
79500, 405708, 0, 0, 0
79600, 410847, 0, 0, 0
79700, 418803, 0, 0, 0
79800, 485674, 0, 0, 0
79900, 484351, 0, 0, 0
80000, 424862, 0, 0, 0
80100, 441134, 0, 0, 0
80200, 424300, 0, 0, 0
80300, 435003, 0, 0, 0
80400, 411221, 0, 0, 0
80500, 437777, 0, 0, 0
80600, 457720, 0, 0, 0
80700, 441313, 0, 0, 0
80800, 427936, 0, 0, 0
80900, 446369, 0, 0, 0
81000, 446233, 0, 0, 0
81100, 438408, 0, 0, 0
81200, 466142, 0, 0, 0
81300, 447751, 0, 0, 0
81400, 424062, 0, 0, 0
81500, 438371, 0, 0, 0
81600, 472763, 0, 0, 0
81700, 452995, 0, 0, 0
81800, 423349, 0, 0, 0
81900, 466254, 0, 0, 0
82000, 431895, 0, 0, 0
82100, 435586, 0, 0, 0
82200, 431738, 0, 0, 0
82300, 448718, 0, 0, 0
82400, 545714, 0, 0, 0
82500, 427208, 0, 0, 0
82600, 438435, 0, 0, 0
82700, 413139, 0, 0, 0
82800, 415181, 0, 0, 0
82900, 406778, 0, 0, 0
83000, 442287, 0, 0, 0
83100, 436106, 0, 0, 0
83200, 436880, 0, 0, 0
83300, 450046, 0, 0, 0
83400, 483693, 0, 0, 0
83500, 487194, 0, 0, 0
83600, 406264, 0, 0, 0
83700, 418776, 0, 0, 0
83800, 451363, 0, 0, 0
83900, 467570, 0, 0, 0
84000, 439752, 0, 0, 0
84100, 428925, 0, 0, 0
84200, 419515, 0, 0, 0
84300, 429022, 0, 0, 0
84400, 463028, 0, 0, 0
84500, 399015, 0, 0, 0
84600, 476005, 0, 0, 0
84700, 409517, 0, 0, 0
84800, 420631, 0, 0, 0
84900, 466918, 0, 0, 0
85000, 456561, 0, 0, 0
85100, 435825, 0, 0, 0
85200, 461166, 0, 0, 0
85300, 423300, 0, 0, 0
85400, 431152, 0, 0, 0
85500, 423132, 0, 0, 0
85600, 452772, 0, 0, 0
85700, 453858, 0, 0, 0
85800, 426923, 0, 0, 0
85900, 432429, 0, 0, 0
86000, 447908, 0, 0, 0
86100, 432074, 0, 0, 0
86200, 440100, 0, 0, 0
86300, 458534, 0, 0, 0
86400, 415247, 0, 0, 0
86500, 440149, 0, 0, 0
86600, 435427, 0, 0, 0
86700, 405098, 0, 0, 0
86800, 452462, 0, 0, 0
86900, 451026, 0, 0, 0
87000, 446142, 0, 0, 0
87100, 450685, 0, 0, 0
87200, 444544, 0, 0, 0
87300, 416482, 0, 0, 0
87400, 442375, 0, 0, 0
87500, 471972, 0, 0, 0
87600, 441327, 0, 0, 0
87700, 465173, 0, 0, 0
87800, 452399, 0, 0, 0
87900, 463068, 0, 0, 0
88000, 469782, 0, 0, 0
88100, 469582, 0, 0, 0
88200, 476414, 0, 0, 0
88300, 502500, 0, 0, 0
88400, 455793, 0, 0, 0
88500, 442597, 0, 0, 0
88600, 436910, 0, 0, 0
88700, 524128, 0, 0, 0
88800, 472081, 0, 0, 0
88900, 437006, 0, 0, 0
89000, 425973, 0, 0, 0
89100, 451524, 0, 0, 0
89200, 501247, 0, 0, 0
89300, 489343, 0, 0, 0
89400, 469302, 0, 0, 0
89500, 433784, 0, 0, 0
89600, 484900, 0, 0, 0
89700, 506736, 0, 0, 0
89800, 449386, 0, 0, 0
89900, 403204, 0, 0, 0
90000, 436463, 0, 0, 0
