100, 1365573, 0, 0, 0
200, 1374495, 0, 0, 0
300, 1383514, 0, 0, 0
400, 1355898, 0, 0, 0
500, 1348635, 0, 0, 0
600, 1362699, 0, 0, 0
700, 1327224, 0, 0, 0
800, 1382679, 0, 0, 0
900, 1321196, 0, 0, 0
1000, 1350174, 0, 0, 0
1100, 1319331, 0, 0, 0
1200, 1365714, 0, 0, 0
1300, 1369993, 0, 0, 0
1400, 1344065, 0, 0, 0
1500, 1382241, 0, 0, 0
1600, 1346705, 0, 0, 0
1700, 1392649, 0, 0, 0
1800, 1350935, 0, 0, 0
1900, 1357447, 0, 0, 0
2000, 1376072, 0, 0, 0
2100, 1328584, 0, 0, 0
2200, 1315246, 0, 0, 0
2300, 1396455, 0, 0, 0
2400, 1351146, 0, 0, 0
2500, 1357256, 0, 0, 0
2600, 1308333, 0, 0, 0
2700, 1313486, 0, 0, 0
2800, 1300573, 0, 0, 0
2900, 1406515, 0, 0, 0
3000, 1317861, 0, 0, 0
3100, 1347775, 0, 0, 0
3200, 1349238, 0, 0, 0
3301, 1346831, 0, 0, 0
3400, 1328268, 0, 0, 0
3500, 1384804, 0, 0, 0
3600, 1375117, 0, 0, 0
3700, 1341517, 0, 0, 0
3800, 1332106, 0, 0, 0
3900, 1330025, 0, 0, 0
4000, 1346899, 0, 0, 0
4100, 1359623, 0, 0, 0
4200, 1323771, 0, 0, 0
4300, 1303846, 0, 0, 0
4400, 1361358, 0, 0, 0
4500, 1323729, 0, 0, 0
4600, 1355832, 0, 0, 0
4700, 1362776, 0, 0, 0
4800, 1345662, 0, 0, 0
4901, 1339866, 0, 0, 0
5000, 1303648, 0, 0, 0
5100, 1395988, 0, 0, 0
5200, 1359860, 0, 0, 0
5300, 1360437, 0, 0, 0
5400, 1333406, 0, 0, 0
5500, 1390732, 0, 0, 0
5600, 1349596, 0, 0, 0
5700, 1352563, 0, 0, 0
5800, 1324234, 0, 0, 0
5900, 1324882, 0, 0, 0
6000, 1267014, 0, 0, 0
6101, 1368594, 0, 0, 0
6200, 1359567, 0, 0, 0
6300, 1376159, 0, 0, 0
6400, 1349801, 0, 0, 0
6500, 1336408, 0, 0, 0
6600, 1317937, 0, 0, 0
6700, 1349159, 0, 0, 0
6800, 1336022, 0, 0, 0
6900, 1384335, 0, 0, 0
7000, 1368681, 0, 0, 0
7100, 1397785, 0, 0, 0
7200, 1340526, 0, 0, 0
7300, 1348465, 0, 0, 0
7400, 1412427, 0, 0, 0
7500, 1375818, 0, 0, 0
7600, 1312500, 0, 0, 0
7700, 1386968, 0, 0, 0
7800, 1424212, 0, 0, 0
7900, 1347896, 0, 0, 0
8000, 1338163, 0, 0, 0
8100, 1349569, 0, 0, 0
8200, 1317968, 0, 0, 0
8300, 1341453, 0, 0, 0
8401, 1368038, 0, 0, 0
8500, 1347421, 0, 0, 0
8600, 1351560, 0, 0, 0
8700, 1313888, 0, 0, 0
8800, 1329891, 0, 0, 0
8900, 1316353, 0, 0, 0
9000, 1313762, 0, 0, 0
9100, 1361338, 0, 0, 0
9200, 1308930, 0, 0, 0
9300, 1346027, 0, 0, 0
9400, 1339327, 0, 0, 0
9500, 1334758, 0, 0, 0
9600, 1352418, 0, 0, 0
9700, 1392817, 0, 0, 0
9801, 1341462, 0, 0, 0
9901, 1412701, 0, 0, 0
10000, 1380318, 0, 0, 0
10100, 1362470, 0, 0, 0
10200, 1335343, 0, 0, 0
10300, 1344165, 0, 0, 0
10400, 1376231, 0, 0, 0
10500, 1373470, 0, 0, 0
10600, 1373312, 0, 0, 0
10700, 1365087, 0, 0, 0
10800, 1384121, 0, 0, 0
10900, 1368958, 0, 0, 0
11000, 1367284, 0, 0, 0
11100, 1314424, 0, 0, 0
11200, 1369185, 0, 0, 0
11300, 1342768, 0, 0, 0
11400, 1397976, 0, 0, 0
11500, 1387825, 0, 0, 0
11600, 1379558, 0, 0, 0
11700, 1373018, 0, 0, 0
11800, 1369527, 0, 0, 0
11900, 1323579, 0, 0, 0
12000, 1353601, 0, 0, 0
12100, 1378815, 0, 0, 0
12200, 1335213, 0, 0, 0
12300, 1354469, 0, 0, 0
12400, 1360945, 0, 0, 0
12500, 1372861, 0, 0, 0
12600, 1358373, 0, 0, 0
12700, 1347608, 0, 0, 0
12800, 1383664, 0, 0, 0
12900, 1347366, 0, 0, 0
13000, 1364740, 0, 0, 0
13100, 1323695, 0, 0, 0
13201, 1362995, 0, 0, 0
13301, 1356728, 0, 0, 0
13400, 1373578, 0, 0, 0
13500, 1276608, 0, 0, 0
13600, 1278130, 0, 0, 0
13700, 1313513, 0, 0, 0
13800, 1288645, 0, 0, 0
13900, 1323597, 0, 0, 0
14000, 1359169, 0, 0, 0
14100, 1314972, 0, 0, 0
14200, 1343332, 0, 0, 0
14300, 1314318, 0, 0, 0
14400, 1283246, 0, 0, 0
14500, 1328223, 0, 0, 0
14600, 1337259, 0, 0, 0
14701, 1315687, 0, 0, 0
14800, 1295708, 0, 0, 0
14900, 1392968, 0, 0, 0
15001, 1398760, 0, 0, 0
15100, 1349221, 0, 0, 0
15200, 1336746, 0, 0, 0
15300, 1334502, 0, 0, 0
15400, 1375057, 0, 0, 0
15500, 1350117, 0, 0, 0
15600, 1312212, 0, 0, 0
15700, 1331502, 0, 0, 0
15800, 1345246, 0, 0, 0
15900, 1336646, 0, 0, 0
16000, 1352531, 0, 0, 0
16100, 1295439, 0, 0, 0
16201, 1338893, 0, 0, 0
16300, 1368875, 0, 0, 0
16400, 1333481, 0, 0, 0
16500, 1359224, 0, 0, 0
16600, 1328686, 0, 0, 0
16700, 1342160, 0, 0, 0
16800, 1305934, 0, 0, 0
16900, 1328181, 0, 0, 0
17000, 1354215, 0, 0, 0
17100, 1345054, 0, 0, 0
17200, 1295451, 0, 0, 0
17301, 1349625, 0, 0, 0
17400, 1335201, 0, 0, 0
17500, 1392038, 0, 0, 0
17600, 1381084, 0, 0, 0
17700, 1331496, 0, 0, 0
17801, 1347080, 0, 0, 0
17900, 1339402, 0, 0, 0
18000, 1310995, 0, 0, 0
18100, 1360768, 0, 0, 0
18200, 1340533, 0, 0, 0
18300, 1355521, 0, 0, 0
18400, 1336929, 0, 0, 0
18500, 1396933, 0, 0, 0
18600, 1309261, 0, 0, 0
18700, 1337949, 0, 0, 0
18800, 1344095, 0, 0, 0
18900, 1330881, 0, 0, 0
19000, 1312852, 0, 0, 0
19100, 1400020, 0, 0, 0
19200, 1370810, 0, 0, 0
19300, 1313730, 0, 0, 0
19400, 1352583, 0, 0, 0
19501, 1359137, 0, 0, 0
19600, 1358574, 0, 0, 0
19700, 1339823, 0, 0, 0
19800, 1322786, 0, 0, 0
19900, 1327169, 0, 0, 0
20000, 1328306, 0, 0, 0
20100, 1355602, 0, 0, 0
20200, 1363607, 0, 0, 0
20300, 1336290, 0, 0, 0
20401, 1308561, 0, 0, 0
20501, 1342069, 0, 0, 0
20600, 1368891, 0, 0, 0
20700, 1363684, 0, 0, 0
20800, 1325165, 0, 0, 0
20900, 1343409, 0, 0, 0
21000, 1384619, 0, 0, 0
21100, 1328255, 0, 0, 0
21200, 1360868, 0, 0, 0
21300, 1369124, 0, 0, 0
21400, 1400510, 0, 0, 0
21500, 1354212, 0, 0, 0
21600, 1369857, 0, 0, 0
21700, 1279294, 0, 0, 0
21801, 1327562, 0, 0, 0
21901, 1324875, 0, 0, 0
22000, 1375023, 0, 0, 0
22100, 1296203, 0, 0, 0
22200, 1345068, 0, 0, 0
22300, 1334509, 0, 0, 0
22400, 1312191, 0, 0, 0
22501, 1302175, 0, 0, 0
22600, 1308091, 0, 0, 0
22700, 1336450, 0, 0, 0
22800, 1305756, 0, 0, 0
22900, 1307495, 0, 0, 0
23000, 1342717, 0, 0, 0
23100, 1305663, 0, 0, 0
23200, 1342429, 0, 0, 0
23300, 1323320, 0, 0, 0
23400, 1295674, 0, 0, 0
23500, 1329992, 0, 0, 0
23600, 1353508, 0, 0, 0
23700, 1328778, 0, 0, 0
23800, 1360479, 0, 0, 0
23900, 1378756, 0, 0, 0
24000, 1398023, 0, 0, 0
24100, 1383007, 0, 0, 0
24200, 1401905, 0, 0, 0
24300, 1370241, 0, 0, 0
24400, 1391505, 0, 0, 0
24500, 1335425, 0, 0, 0
24600, 1359833, 0, 0, 0
24700, 1304289, 0, 0, 0
24801, 1327343, 0, 0, 0
24900, 1367568, 0, 0, 0
25000, 1406842, 0, 0, 0
25100, 1337791, 0, 0, 0
25200, 1311207, 0, 0, 0
25300, 1305993, 0, 0, 0
25400, 1306841, 0, 0, 0
25500, 1333732, 0, 0, 0
25600, 1342090, 0, 0, 0
25700, 1334142, 0, 0, 0
25800, 1335531, 0, 0, 0
25900, 1410003, 0, 0, 0
26000, 1353628, 0, 0, 0
26100, 1397308, 0, 0, 0
26200, 1356595, 0, 0, 0
26300, 1352026, 0, 0, 0
26400, 1354878, 0, 0, 0
26500, 1335884, 0, 0, 0
26600, 1326022, 0, 0, 0
26700, 1378006, 0, 0, 0
26800, 1376589, 0, 0, 0
26900, 1343889, 0, 0, 0
27000, 1311953, 0, 0, 0
27100, 1335383, 0, 0, 0
27200, 1314431, 0, 0, 0
27300, 1325774, 0, 0, 0
27400, 1316603, 0, 0, 0
27500, 1363128, 0, 0, 0
27600, 1337154, 0, 0, 0
27700, 1361461, 0, 0, 0
27800, 1343976, 0, 0, 0
27900, 1360945, 0, 0, 0
28000, 1391497, 0, 0, 0
28100, 1340636, 0, 0, 0
28200, 1379127, 0, 0, 0
28300, 1409914, 0, 0, 0
28400, 1387843, 0, 0, 0
28500, 1344659, 0, 0, 0
28601, 1320068, 0, 0, 0
28700, 1321617, 0, 0, 0
28800, 1377451, 0, 0, 0
28900, 1345574, 0, 0, 0
29000, 1385073, 0, 0, 0
29100, 1364773, 0, 0, 0
29201, 1339030, 0, 0, 0
29301, 1416057, 0, 0, 0
29400, 1379844, 0, 0, 0
29500, 1388014, 0, 0, 0
29600, 1364856, 0, 0, 0
29700, 1399454, 0, 0, 0
29800, 1394692, 0, 0, 0
29900, 1355686, 0, 0, 0
30000, 1366003, 0, 0, 0
30100, 1395691, 0, 0, 0
30200, 1408885, 0, 0, 0
30300, 1366263, 0, 0, 0
30400, 1387500, 0, 0, 0
30501, 1373142, 0, 0, 0
30600, 1363134, 0, 0, 0
30700, 1298814, 0, 0, 0
30800, 1321880, 0, 0, 0
30900, 1357568, 0, 0, 0
31000, 1301139, 0, 0, 0
31101, 1292803, 0, 0, 0
31200, 1335884, 0, 0, 0
31300, 1363947, 0, 0, 0
31400, 1332738, 0, 0, 0
31500, 1397887, 0, 0, 0
31600, 1333144, 0, 0, 0
31700, 1372740, 0, 0, 0
31800, 1333573, 0, 0, 0
31900, 1366935, 0, 0, 0
32000, 1337842, 0, 0, 0
32100, 1352588, 0, 0, 0
32200, 1315226, 0, 0, 0
32300, 1352499, 0, 0, 0
32400, 1302344, 0, 0, 0
32500, 1345952, 0, 0, 0
32600, 1317269, 0, 0, 0
32700, 1371347, 0, 0, 0
32800, 1330694, 0, 0, 0
32900, 1341722, 0, 0, 0
33001, 1358085, 0, 0, 0
33100, 1383153, 0, 0, 0
33200, 1372953, 0, 0, 0
33301, 1319840, 0, 0, 0
33400, 1347826, 0, 0, 0
33500, 1351457, 0, 0, 0
33600, 1412113, 0, 0, 0
33700, 1409282, 0, 0, 0
33800, 1373162, 0, 0, 0
33900, 1325656, 0, 0, 0
34000, 1325197, 0, 0, 0
34100, 1399626, 0, 0, 0
34200, 1370949, 0, 0, 0
34300, 1332272, 0, 0, 0
34400, 1328276, 0, 0, 0
34500, 1272777, 0, 0, 0
34600, 1348357, 0, 0, 0
34700, 1341620, 0, 0, 0
34800, 1374364, 0, 0, 0
34900, 1417062, 0, 0, 0
35000, 1344988, 0, 0, 0
35100, 1331101, 0, 0, 0
35200, 1344382, 0, 0, 0
35300, 1295839, 0, 0, 0
35400, 1343587, 0, 0, 0
35500, 1372311, 0, 0, 0
35600, 1313246, 0, 0, 0
35700, 1354097, 0, 0, 0
35800, 1339599, 0, 0, 0
35900, 1410396, 0, 0, 0
36000, 1406162, 0, 0, 0
36100, 1394047, 0, 0, 0
36200, 1407569, 0, 0, 0
36300, 1375768, 0, 0, 0
36400, 1325288, 0, 0, 0
36500, 1344840, 0, 0, 0
36600, 1364895, 0, 0, 0
36701, 1389028, 0, 0, 0
36801, 1328272, 0, 0, 0
36900, 1397453, 0, 0, 0
37000, 1316515, 0, 0, 0
37100, 1329183, 0, 0, 0
37200, 1402193, 0, 0, 0
37300, 1348117, 0, 0, 0
37400, 1386420, 0, 0, 0
37500, 1402693, 0, 0, 0
37600, 1354887, 0, 0, 0
37700, 1329853, 0, 0, 0
37800, 1325153, 0, 0, 0
37900, 1368224, 0, 0, 0
38000, 1365935, 0, 0, 0
38100, 1360370, 0, 0, 0
38200, 1320010, 0, 0, 0
38300, 1381813, 0, 0, 0
38400, 1322994, 0, 0, 0
38501, 1338073, 0, 0, 0
38600, 1317552, 0, 0, 0
38700, 1367752, 0, 0, 0
38800, 1364670, 0, 0, 0
38900, 1324279, 0, 0, 0
39000, 1423852, 0, 0, 0
39100, 1404318, 0, 0, 0
39200, 1349115, 0, 0, 0
39300, 1353815, 0, 0, 0
39400, 1331826, 0, 0, 0
39500, 1334153, 0, 0, 0
39600, 1317962, 0, 0, 0
39700, 1361924, 0, 0, 0
39800, 1316410, 0, 0, 0
39900, 1303044, 0, 0, 0
40000, 1351261, 0, 0, 0
40100, 1340984, 0, 0, 0
40200, 1371806, 0, 0, 0
40300, 1330610, 0, 0, 0
40400, 1360543, 0, 0, 0
40500, 1325884, 0, 0, 0
40600, 1430760, 0, 0, 0
40700, 1413574, 0, 0, 0
40801, 1376610, 0, 0, 0
40900, 1328039, 0, 0, 0
41000, 1335729, 0, 0, 0
41100, 1347846, 0, 0, 0
41200, 1351241, 0, 0, 0
41300, 1257332, 0, 0, 0
41400, 1337329, 0, 0, 0
41500, 1337915, 0, 0, 0
41600, 1334580, 0, 0, 0
41700, 1414559, 0, 0, 0
41800, 1380366, 0, 0, 0
41900, 1375933, 0, 0, 0
42000, 1332972, 0, 0, 0
42100, 1358399, 0, 0, 0
42200, 1334165, 0, 0, 0
42300, 1376875, 0, 0, 0
42400, 1348786, 0, 0, 0
42500, 1307051, 0, 0, 0
42600, 1330297, 0, 0, 0
42700, 1371950, 0, 0, 0
42800, 1344419, 0, 0, 0
42900, 1356037, 0, 0, 0
43000, 1392998, 0, 0, 0
43100, 1348781, 0, 0, 0
43200, 1354648, 0, 0, 0
43300, 1361795, 0, 0, 0
43400, 1348252, 0, 0, 0
43500, 1370033, 0, 0, 0
43600, 1414297, 0, 0, 0
43700, 1389008, 0, 0, 0
43800, 1367915, 0, 0, 0
43900, 1364126, 0, 0, 0
44000, 1368087, 0, 0, 0
44100, 1336625, 0, 0, 0
44201, 1302187, 0, 0, 0
44301, 1352056, 0, 0, 0
44400, 1368877, 0, 0, 0
44500, 1339376, 0, 0, 0
44600, 1394783, 0, 0, 0
44700, 1323381, 0, 0, 0
44800, 1320324, 0, 0, 0
44900, 1321396, 0, 0, 0
45000, 1380518, 0, 0, 0
45100, 1326132, 0, 0, 0
45200, 1353362, 0, 0, 0
45300, 1383623, 0, 0, 0
45400, 1369561, 0, 0, 0
45501, 1325493, 0, 0, 0
45600, 1329224, 0, 0, 0
45700, 1386997, 0, 0, 0
45800, 1363035, 0, 0, 0
45900, 1358202, 0, 0, 0
46000, 1385482, 0, 0, 0
46100, 1361039, 0, 0, 0
46200, 1330441, 0, 0, 0
46300, 1368596, 0, 0, 0
46400, 1379593, 0, 0, 0
46500, 1403509, 0, 0, 0
46601, 1314750, 0, 0, 0
46701, 1327373, 0, 0, 0
46800, 1382492, 0, 0, 0
46900, 1325531, 0, 0, 0
47000, 1362897, 0, 0, 0
47100, 1351918, 0, 0, 0
47200, 1338666, 0, 0, 0
47300, 1323705, 0, 0, 0
47400, 1288047, 0, 0, 0
47500, 1339836, 0, 0, 0
47600, 1299113, 0, 0, 0
47700, 1373802, 0, 0, 0
47801, 1380637, 0, 0, 0
47900, 1363469, 0, 0, 0
48000, 1374381, 0, 0, 0
48100, 1376554, 0, 0, 0
48200, 1377574, 0, 0, 0
48300, 1384355, 0, 0, 0
48400, 1387812, 0, 0, 0
48500, 1386218, 0, 0, 0
48600, 1351614, 0, 0, 0
48700, 1374935, 0, 0, 0
48800, 1387448, 0, 0, 0
48900, 1339743, 0, 0, 0
49000, 1385147, 0, 0, 0
49100, 1350368, 0, 0, 0
49200, 1325494, 0, 0, 0
49300, 1347690, 0, 0, 0
49400, 1393363, 0, 0, 0
49500, 1358519, 0, 0, 0
49600, 1398937, 0, 0, 0
49700, 1348813, 0, 0, 0
49800, 1326884, 0, 0, 0
49900, 1320198, 0, 0, 0
50000, 1373898, 0, 0, 0
50100, 1367129, 0, 0, 0
50200, 1412551, 0, 0, 0
50300, 1395273, 0, 0, 0
50400, 1344230, 0, 0, 0
50500, 1283059, 0, 0, 0
50600, 1359459, 0, 0, 0
50700, 1339693, 0, 0, 0
50800, 1299699, 0, 0, 0
50901, 1321070, 0, 0, 0
51000, 1338138, 0, 0, 0
51100, 1352559, 0, 0, 0
51200, 1343782, 0, 0, 0
51300, 1378220, 0, 0, 0
51400, 1349796, 0, 0, 0
51500, 1360697, 0, 0, 0
51601, 1341078, 0, 0, 0
51700, 1370541, 0, 0, 0
51800, 1316656, 0, 0, 0
51900, 1335123, 0, 0, 0
52000, 1346203, 0, 0, 0
52100, 1380548, 0, 0, 0
52200, 1411404, 0, 0, 0
52300, 1405593, 0, 0, 0
52400, 1366479, 0, 0, 0
52500, 1364960, 0, 0, 0
52600, 1363297, 0, 0, 0
52700, 1346978, 0, 0, 0
52800, 1350824, 0, 0, 0
52900, 1370576, 0, 0, 0
53000, 1383648, 0, 0, 0
53100, 1335296, 0, 0, 0
53200, 1347910, 0, 0, 0
53300, 1408299, 0, 0, 0
53400, 1351249, 0, 0, 0
53500, 1332864, 0, 0, 0
53600, 1347364, 0, 0, 0
53700, 1347010, 0, 0, 0
53800, 1288315, 0, 0, 0
53900, 1311952, 0, 0, 0
54000, 1328312, 0, 0, 0
54100, 1284654, 0, 0, 0
54200, 1332443, 0, 0, 0
54300, 1350921, 0, 0, 0
54400, 1324689, 0, 0, 0
54500, 1331309, 0, 0, 0
54600, 1340214, 0, 0, 0
54700, 1388529, 0, 0, 0
54800, 1334043, 0, 0, 0
54900, 1373869, 0, 0, 0
55000, 1392612, 0, 0, 0
55100, 1426624, 0, 0, 0
55200, 1354712, 0, 0, 0
55301, 1375287, 0, 0, 0
55400, 1322984, 0, 0, 0
55500, 1349851, 0, 0, 0
55600, 1363989, 0, 0, 0
55700, 1393133, 0, 0, 0
55800, 1329787, 0, 0, 0
55900, 1376863, 0, 0, 0
56000, 1331556, 0, 0, 0
56100, 1324506, 0, 0, 0
56200, 1350115, 0, 0, 0
56300, 1290411, 0, 0, 0
56401, 1428640, 0, 0, 0
56500, 1376076, 0, 0, 0
56600, 1313699, 0, 0, 0
56700, 1365903, 0, 0, 0
56800, 1348945, 0, 0, 0
56900, 1327688, 0, 0, 0
57000, 1363133, 0, 0, 0
57100, 1376911, 0, 0, 0
57200, 1325706, 0, 0, 0
57300, 1351156, 0, 0, 0
57400, 1356885, 0, 0, 0
57500, 1322832, 0, 0, 0
57601, 1368947, 0, 0, 0
57700, 1310060, 0, 0, 0
57800, 1329533, 0, 0, 0
57900, 1352953, 0, 0, 0
58000, 1412833, 0, 0, 0
58100, 1336704, 0, 0, 0
58200, 1375664, 0, 0, 0
58300, 1344095, 0, 0, 0
58400, 1344950, 0, 0, 0
58500, 1339638, 0, 0, 0
58600, 1283347, 0, 0, 0
58700, 1308799, 0, 0, 0
58800, 1323869, 0, 0, 0
58900, 1354988, 0, 0, 0
59000, 1384514, 0, 0, 0
59100, 1321830, 0, 0, 0
59201, 1348411, 0, 0, 0
59300, 1356303, 0, 0, 0
59400, 1334059, 0, 0, 0
59501, 1364478, 0, 0, 0
59600, 1425969, 0, 0, 0
59700, 1368940, 0, 0, 0
59800, 1364148, 0, 0, 0
59901, 1339420, 0, 0, 0
60000, 1370253, 0, 0, 0
60100, 1387666, 0, 0, 0
60200, 1350494, 0, 0, 0
60300, 1429110, 0, 0, 0
60401, 1341161, 0, 0, 0
60500, 1337358, 0, 0, 0
60600, 1359121, 0, 0, 0
60700, 1381843, 0, 0, 0
60800, 1364419, 0, 0, 0
60900, 1344151, 0, 0, 0
61000, 1366296, 0, 0, 0
61100, 1388792, 0, 0, 0
61200, 1316360, 0, 0, 0
61300, 1333635, 0, 0, 0
61400, 1357027, 0, 0, 0
61500, 1388251, 0, 0, 0
61600, 1345494, 0, 0, 0
61700, 1334439, 0, 0, 0
61800, 1322467, 0, 0, 0
61900, 1420635, 0, 0, 0
62001, 1341677, 0, 0, 0
62100, 1347292, 0, 0, 0
62200, 1347147, 0, 0, 0
62300, 1358160, 0, 0, 0
62400, 1359807, 0, 0, 0
62500, 1348429, 0, 0, 0
62600, 1434757, 0, 0, 0
62700, 1375176, 0, 0, 0
62800, 1295916, 0, 0, 0
62900, 1354777, 0, 0, 0
63000, 1350461, 0, 0, 0
63100, 1346131, 0, 0, 0
63200, 1337238, 0, 0, 0
63300, 1365024, 0, 0, 0
63400, 1363532, 0, 0, 0
63500, 1376493, 0, 0, 0
63600, 1307720, 0, 0, 0
63700, 1347403, 0, 0, 0
63801, 1397117, 0, 0, 0
63900, 1334709, 0, 0, 0
64000, 1366254, 0, 0, 0
64100, 1347721, 0, 0, 0
64200, 1361038, 0, 0, 0
64300, 1388060, 0, 0, 0
64401, 1356253, 0, 0, 0
64500, 1407150, 0, 0, 0
64600, 1372513, 0, 0, 0
64700, 1296775, 0, 0, 0
64801, 1348184, 0, 0, 0
64900, 1364847, 0, 0, 0
65000, 1401437, 0, 0, 0
65100, 1388212, 0, 0, 0
65200, 1369296, 0, 0, 0
65300, 1323123, 0, 0, 0
65400, 1394078, 0, 0, 0
65500, 1312293, 0, 0, 0
65600, 1373727, 0, 0, 0
65700, 1340382, 0, 0, 0
65800, 1357630, 0, 0, 0
65901, 1374601, 0, 0, 0
66000, 1359331, 0, 0, 0
66100, 1347721, 0, 0, 0
66200, 1334594, 0, 0, 0
66300, 1333621, 0, 0, 0
66400, 1343725, 0, 0, 0
66500, 1326720, 0, 0, 0
66600, 1359549, 0, 0, 0
66700, 1326072, 0, 0, 0
66800, 1323165, 0, 0, 0
66900, 1308579, 0, 0, 0
67000, 1308954, 0, 0, 0
67100, 1362775, 0, 0, 0
67200, 1331257, 0, 0, 0
67300, 1386884, 0, 0, 0
67400, 1366749, 0, 0, 0
67500, 1328465, 0, 0, 0
67600, 1328031, 0, 0, 0
67700, 1276181, 0, 0, 0
67800, 1355771, 0, 0, 0
67900, 1328962, 0, 0, 0
68000, 1381558, 0, 0, 0
68100, 1283464, 0, 0, 0
68200, 1336465, 0, 0, 0
68300, 1312895, 0, 0, 0
68400, 1353616, 0, 0, 0
68500, 1380252, 0, 0, 0
68600, 1382446, 0, 0, 0
68700, 1353136, 0, 0, 0
68800, 1375205, 0, 0, 0
68900, 1363074, 0, 0, 0
69000, 1334537, 0, 0, 0
69100, 1351211, 0, 0, 0
69201, 1320128, 0, 0, 0
69300, 1304723, 0, 0, 0
69400, 1400133, 0, 0, 0
69500, 1377958, 0, 0, 0
69600, 1336447, 0, 0, 0
69700, 1383252, 0, 0, 0
69800, 1337726, 0, 0, 0
69901, 1349503, 0, 0, 0
70000, 1306402, 0, 0, 0
70100, 1351993, 0, 0, 0
70200, 1308491, 0, 0, 0
70300, 1353980, 0, 0, 0
70400, 1362083, 0, 0, 0
70500, 1340548, 0, 0, 0
70600, 1412494, 0, 0, 0
70700, 1308702, 0, 0, 0
70800, 1304403, 0, 0, 0
70900, 1329377, 0, 0, 0
71000, 1305527, 0, 0, 0
71100, 1348531, 0, 0, 0
71200, 1328664, 0, 0, 0
71300, 1340795, 0, 0, 0
71400, 1351868, 0, 0, 0
71500, 1348097, 0, 0, 0
71600, 1388322, 0, 0, 0
71700, 1370682, 0, 0, 0
71800, 1373075, 0, 0, 0
71901, 1350849, 0, 0, 0
72000, 1308331, 0, 0, 0
72100, 1370708, 0, 0, 0
72200, 1340997, 0, 0, 0
72300, 1367621, 0, 0, 0
72400, 1340076, 0, 0, 0
72500, 1404440, 0, 0, 0
72600, 1326215, 0, 0, 0
72700, 1369187, 0, 0, 0
72800, 1313224, 0, 0, 0
72900, 1358531, 0, 0, 0
73000, 1363963, 0, 0, 0
73100, 1355130, 0, 0, 0
73201, 1409750, 0, 0, 0
73300, 1318975, 0, 0, 0
73400, 1338815, 0, 0, 0
73500, 1314127, 0, 0, 0
73600, 1364024, 0, 0, 0
73700, 1353066, 0, 0, 0
73800, 1327635, 0, 0, 0
73900, 1335406, 0, 0, 0
74000, 1354377, 0, 0, 0
74100, 1407222, 0, 0, 0
74200, 1355858, 0, 0, 0
74300, 1319361, 0, 0, 0
74400, 1313854, 0, 0, 0
74500, 1297496, 0, 0, 0
74600, 1309645, 0, 0, 0
74700, 1299071, 0, 0, 0
74800, 1333498, 0, 0, 0
74900, 1343840, 0, 0, 0
75000, 1329327, 0, 0, 0
75100, 1336892, 0, 0, 0
75200, 1288646, 0, 0, 0
75300, 1342372, 0, 0, 0
75400, 1362000, 0, 0, 0
75500, 1343028, 0, 0, 0
75600, 1330504, 0, 0, 0
75700, 1346706, 0, 0, 0
75800, 1324011, 0, 0, 0
75900, 1358109, 0, 0, 0
76000, 1353965, 0, 0, 0
76100, 1380096, 0, 0, 0
76200, 1316862, 0, 0, 0
76300, 1340633, 0, 0, 0
76400, 1376044, 0, 0, 0
76501, 1392827, 0, 0, 0
76600, 1351300, 0, 0, 0
76701, 1411814, 0, 0, 0
76800, 1335243, 0, 0, 0
76901, 1282178, 0, 0, 0
77000, 1307185, 0, 0, 0
77100, 1364050, 0, 0, 0
77200, 1382076, 0, 0, 0
77300, 1317135, 0, 0, 0
77400, 1370024, 0, 0, 0
77500, 1375978, 0, 0, 0
77600, 1384696, 0, 0, 0
77700, 1316683, 0, 0, 0
77800, 1326470, 0, 0, 0
77900, 1323775, 0, 0, 0
78000, 1380939, 0, 0, 0
78100, 1310220, 0, 0, 0
78200, 1299072, 0, 0, 0
78300, 1335986, 0, 0, 0
78400, 1318438, 0, 0, 0
78500, 1361819, 0, 0, 0
78600, 1365167, 0, 0, 0
78700, 1342721, 0, 0, 0
78800, 1401912, 0, 0, 0
78900, 1328394, 0, 0, 0
79000, 1354568, 0, 0, 0
79100, 1316540, 0, 0, 0
79200, 1339634, 0, 0, 0
79300, 1377667, 0, 0, 0
79400, 1326360, 0, 0, 0
79500, 1338732, 0, 0, 0
79600, 1319499, 0, 0, 0
79700, 1347910, 0, 0, 0
79800, 1337697, 0, 0, 0
79900, 1360355, 0, 0, 0
80000, 1304166, 0, 0, 0
80100, 1287315, 0, 0, 0
80200, 1374900, 0, 0, 0
80300, 1366407, 0, 0, 0
80400, 1373921, 0, 0, 0
80500, 1388264, 0, 0, 0
80601, 1359471, 0, 0, 0
80700, 1301317, 0, 0, 0
80800, 1358505, 0, 0, 0
80900, 1354332, 0, 0, 0
81000, 1368964, 0, 0, 0
81100, 1316332, 0, 0, 0
81200, 1350488, 0, 0, 0
81300, 1374730, 0, 0, 0
81400, 1301532, 0, 0, 0
81501, 1445524, 0, 0, 0
81600, 1324438, 0, 0, 0
81700, 1307153, 0, 0, 0
81800, 1327908, 0, 0, 0
81901, 1305678, 0, 0, 0
82000, 1326221, 0, 0, 0
82100, 1300636, 0, 0, 0
82200, 1357221, 0, 0, 0
82301, 1344733, 0, 0, 0
82401, 1334436, 0, 0, 0
82500, 1379140, 0, 0, 0
82600, 1387126, 0, 0, 0
82700, 1317264, 0, 0, 0
82800, 1351483, 0, 0, 0
82900, 1316794, 0, 0, 0
83000, 1366667, 0, 0, 0
83100, 1347849, 0, 0, 0
83200, 1334875, 0, 0, 0
83300, 1402383, 0, 0, 0
83400, 1304634, 0, 0, 0
83500, 1336313, 0, 0, 0
83600, 1369976, 0, 0, 0
83700, 1349863, 0, 0, 0
83800, 1366981, 0, 0, 0
83900, 1372203, 0, 0, 0
84000, 1394371, 0, 0, 0
84100, 1334602, 0, 0, 0
84200, 1315726, 0, 0, 0
84300, 1343691, 0, 0, 0
84400, 1383033, 0, 0, 0
84500, 1337386, 0, 0, 0
84600, 1297404, 0, 0, 0
84700, 1334570, 0, 0, 0
84800, 1341595, 0, 0, 0
84900, 1302092, 0, 0, 0
85000, 1346502, 0, 0, 0
85100, 1317988, 0, 0, 0
85200, 1383707, 0, 0, 0
85300, 1343510, 0, 0, 0
85400, 1302462, 0, 0, 0
85500, 1335617, 0, 0, 0
85601, 1308721, 0, 0, 0
85700, 1370596, 0, 0, 0
85800, 1368223, 0, 0, 0
85900, 1367483, 0, 0, 0
86000, 1368014, 0, 0, 0
86100, 1366372, 0, 0, 0
86200, 1282875, 0, 0, 0
86300, 1387757, 0, 0, 0
86400, 1292379, 0, 0, 0
86500, 1349966, 0, 0, 0
86600, 1347450, 0, 0, 0
86700, 1364043, 0, 0, 0
86800, 1345450, 0, 0, 0
86901, 1328387, 0, 0, 0
87000, 1330853, 0, 0, 0
87100, 1332573, 0, 0, 0
87200, 1363687, 0, 0, 0
87300, 1332350, 0, 0, 0
87400, 1330211, 0, 0, 0
87500, 1391400, 0, 0, 0
87600, 1319119, 0, 0, 0
87700, 1333532, 0, 0, 0
87800, 1339015, 0, 0, 0
87900, 1336106, 0, 0, 0
88000, 1349979, 0, 0, 0
88100, 1338460, 0, 0, 0
88200, 1382509, 0, 0, 0
88300, 1354859, 0, 0, 0
88400, 1355729, 0, 0, 0
88500, 1349096, 0, 0, 0
88600, 1334586, 0, 0, 0
88700, 1388565, 0, 0, 0
88800, 1356715, 0, 0, 0
88900, 1367174, 0, 0, 0
89000, 1332309, 0, 0, 0
89100, 1319666, 0, 0, 0
89200, 1339065, 0, 0, 0
89300, 1375597, 0, 0, 0
89400, 1327633, 0, 0, 0
89500, 1397370, 0, 0, 0
89600, 1333709, 0, 0, 0
89700, 1360877, 0, 0, 0
89800, 1357516, 0, 0, 0
89900, 1336481, 0, 0, 0
90000, 1311256, 0, 0, 0
90000, 1078074, 0, 0, 0
