101, 9487147, 0, 0, 0
200, 8892394, 0, 0, 0
300, 9910517, 0, 0, 0
400, 11548269, 0, 0, 0
500, 10330686, 0, 0, 0
602, 9764284, 0, 0, 0
700, 10203925, 0, 0, 0
800, 10662108, 0, 0, 0
900, 9807116, 0, 0, 0
1000, 8966843, 0, 0, 0
1100, 10077465, 0, 0, 0
1200, 9633852, 0, 0, 0
1300, 10139818, 0, 0, 0
1400, 9842565, 0, 0, 0
1500, 8690284, 0, 0, 0
1600, 9507216, 0, 0, 0
1700, 8786244, 0, 0, 0
1800, 9501549, 0, 0, 0
1900, 9929845, 0, 0, 0
2000, 9297642, 0, 0, 0
2101, 10182965, 0, 0, 0
2200, 10549382, 0, 0, 0
2300, 10082039, 0, 0, 0
2400, 10903398, 0, 0, 0
2500, 9224284, 0, 0, 0
2600, 9413476, 0, 0, 0
2702, 9699027, 0, 0, 0
2800, 10433201, 0, 0, 0
2900, 8757999, 0, 0, 0
3000, 10251750, 0, 0, 0
3100, 10271395, 0, 0, 0
3200, 10076518, 0, 0, 0
3300, 10086751, 0, 0, 0
3401, 9329955, 0, 0, 0
3500, 9613831, 0, 0, 0
3600, 9439257, 0, 0, 0
3700, 10143509, 0, 0, 0
3801, 10001650, 0, 0, 0
3900, 9216501, 0, 0, 0
4001, 10382654, 0, 0, 0
4100, 9524754, 0, 0, 0
4200, 9140829, 0, 0, 0
4300, 9955277, 0, 0, 0
4400, 9586818, 0, 0, 0
4500, 8836246, 0, 0, 0
4600, 9455040, 0, 0, 0
4700, 9499447, 0, 0, 0
4800, 9502453, 0, 0, 0
4900, 10710535, 0, 0, 0
5000, 9632593, 0, 0, 0
5102, 9318038, 0, 0, 0
5201, 9855781, 0, 0, 0
5300, 9504004, 0, 0, 0
5400, 10449545, 0, 0, 0
5500, 9323764, 0, 0, 0
5600, 9973629, 0, 0, 0
5701, 10117179, 0, 0, 0
5800, 9718315, 0, 0, 0
5900, 9732833, 0, 0, 0
6001, 9702048, 0, 0, 0
6100, 8635123, 0, 0, 0
6200, 9538415, 0, 0, 0
6300, 10302436, 0, 0, 0
6400, 8682329, 0, 0, 0
6500, 10080559, 0, 0, 0
6600, 9173853, 0, 0, 0
6700, 9628510, 0, 0, 0
6800, 8767921, 0, 0, 0
6900, 9177962, 0, 0, 0
7000, 8919954, 0, 0, 0
7100, 10076934, 0, 0, 0
7200, 10481661, 0, 0, 0
7300, 9886423, 0, 0, 0
7400, 10496895, 0, 0, 0
7500, 9027273, 0, 0, 0
7600, 10499403, 0, 0, 0
7700, 10261012, 0, 0, 0
7800, 9843617, 0, 0, 0
7900, 10206294, 0, 0, 0
8000, 10471516, 0, 0, 0
8101, 9236898, 0, 0, 0
8200, 9520553, 0, 0, 0
8300, 9126382, 0, 0, 0
8400, 9227695, 0, 0, 0
8500, 10444166, 0, 0, 0
8600, 9695275, 0, 0, 0
8700, 10780869, 0, 0, 0
8802, 10410951, 0, 0, 0
8900, 9284055, 0, 0, 0
9001, 8885531, 0, 0, 0
9101, 10253731, 0, 0, 0
9200, 10249302, 0, 0, 0
9300, 9928861, 0, 0, 0
9400, 10651037, 0, 0, 0
9500, 10484433, 0, 0, 0
9601, 9469292, 0, 0, 0
9700, 9332684, 0, 0, 0
9800, 10421667, 0, 0, 0
9900, 9709529, 0, 0, 0
10000, 8963470, 0, 0, 0
10100, 9718807, 0, 0, 0
10200, 10365169, 0, 0, 0
10300, 9561547, 0, 0, 0
10400, 9872700, 0, 0, 0
10500, 10187716, 0, 0, 0
10601, 9564338, 0, 0, 0
10700, 9844601, 0, 0, 0
10801, 9427136, 0, 0, 0
10900, 9898203, 0, 0, 0
11000, 10443365, 0, 0, 0
11100, 9556812, 0, 0, 0
11200, 10160754, 0, 0, 0
11301, 10207069, 0, 0, 0
11400, 9882492, 0, 0, 0
11501, 10106708, 0, 0, 0
11601, 9310138, 0, 0, 0
11700, 9587396, 0, 0, 0
11800, 9345839, 0, 0, 0
11900, 10000968, 0, 0, 0
12000, 10533235, 0, 0, 0
12102, 9843138, 0, 0, 0
12200, 10278046, 0, 0, 0
12300, 9791045, 0, 0, 0
12400, 9379717, 0, 0, 0
12500, 10406275, 0, 0, 0
12600, 11035302, 0, 0, 0
12700, 9844109, 0, 0, 0
12800, 9954714, 0, 0, 0
12900, 10006985, 0, 0, 0
13001, 8651615, 0, 0, 0
13100, 8828489, 0, 0, 0
13200, 9238102, 0, 0, 0
13300, 9335127, 0, 0, 0
13401, 9033684, 0, 0, 0
13502, 8651096, 0, 0, 0
13601, 8918642, 0, 0, 0
13700, 9145796, 0, 0, 0
13800, 9953136, 0, 0, 0
13900, 10530076, 0, 0, 0
14000, 9604724, 0, 0, 0
14101, 9767273, 0, 0, 0
14200, 10000110, 0, 0, 0
14300, 8785840, 0, 0, 0
14401, 8904407, 0, 0, 0
14500, 8909962, 0, 0, 0
14600, 9373618, 0, 0, 0
14700, 9790603, 0, 0, 0
14801, 9405258, 0, 0, 0
14900, 9866447, 0, 0, 0
15000, 9715922, 0, 0, 0
15100, 9659535, 0, 0, 0
15201, 8818281, 0, 0, 0
15303, 8748089, 0, 0, 0
15400, 10506793, 0, 0, 0
15500, 9476397, 0, 0, 0
15600, 9241330, 0, 0, 0
15700, 9836238, 0, 0, 0
15800, 9636735, 0, 0, 0
15903, 9593706, 0, 0, 0
16001, 9175842, 0, 0, 0
16100, 9136924, 0, 0, 0
16200, 10054485, 0, 0, 0
16301, 9966252, 0, 0, 0
16400, 9237787, 0, 0, 0
16500, 9958192, 0, 0, 0
16600, 9218712, 0, 0, 0
16700, 9488487, 0, 0, 0
16800, 10021616, 0, 0, 0
16900, 9720768, 0, 0, 0
17002, 9043128, 0, 0, 0
17100, 9936350, 0, 0, 0
17200, 9867723, 0, 0, 0
17302, 9187276, 0, 0, 0
17400, 9009056, 0, 0, 0
17500, 9642635, 0, 0, 0
17600, 9384983, 0, 0, 0
17700, 9545139, 0, 0, 0
17800, 9060505, 0, 0, 0
17900, 10277083, 0, 0, 0
18000, 9783735, 0, 0, 0
18102, 9155416, 0, 0, 0
18200, 9035166, 0, 0, 0
18300, 8752669, 0, 0, 0
18402, 9474773, 0, 0, 0
18500, 9074339, 0, 0, 0
18601, 9379368, 0, 0, 0
18700, 9017912, 0, 0, 0
18800, 9428034, 0, 0, 0
18900, 10294230, 0, 0, 0
19000, 8829122, 0, 0, 0
19100, 9318442, 0, 0, 0
19201, 9946492, 0, 0, 0
19300, 9546931, 0, 0, 0
19400, 8626216, 0, 0, 0
19500, 10017539, 0, 0, 0
19600, 9889757, 0, 0, 0
19700, 9576142, 0, 0, 0
19800, 9834864, 0, 0, 0
19900, 9291163, 0, 0, 0
20000, 9700050, 0, 0, 0
20100, 9219764, 0, 0, 0
20200, 9528783, 0, 0, 0
20301, 9101776, 0, 0, 0
20400, 10156602, 0, 0, 0
20500, 9576744, 0, 0, 0
20601, 9073006, 0, 0, 0
20701, 8979801, 0, 0, 0
20800, 9322391, 0, 0, 0
20900, 9679016, 0, 0, 0
21004, 8622417, 0, 0, 0
21100, 9979773, 0, 0, 0
21200, 9629491, 0, 0, 0
21300, 10427449, 0, 0, 0
21400, 9169240, 0, 0, 0
21500, 9358621, 0, 0, 0
21600, 11168482, 0, 0, 0
21700, 9572423, 0, 0, 0
21800, 10045717, 0, 0, 0
21901, 9894264, 0, 0, 0
22001, 10030462, 0, 0, 0
22100, 9000642, 0, 0, 0
22200, 9852017, 0, 0, 0
22300, 9689088, 0, 0, 0
22401, 9175788, 0, 0, 0
22501, 10101449, 0, 0, 0
22601, 8400944, 0, 0, 0
22700, 9112856, 0, 0, 0
22800, 9885186, 0, 0, 0
22900, 8654102, 0, 0, 0
23001, 9509531, 0, 0, 0
23101, 10403473, 0, 0, 0
23201, 9043654, 0, 0, 0
23300, 9150484, 0, 0, 0
23400, 9253531, 0, 0, 0
23501, 10418865, 0, 0, 0
23600, 10444177, 0, 0, 0
23700, 9398341, 0, 0, 0
23800, 9370090, 0, 0, 0
23901, 10043420, 0, 0, 0
24000, 10998420, 0, 0, 0
24100, 9199184, 0, 0, 0
24200, 9364136, 0, 0, 0
24300, 10709368, 0, 0, 0
24400, 9670345, 0, 0, 0
24501, 10086313, 0, 0, 0
24600, 9983128, 0, 0, 0
24700, 10155264, 0, 0, 0
24800, 10128755, 0, 0, 0
24900, 9078403, 0, 0, 0
25001, 10093441, 0, 0, 0
25101, 9944560, 0, 0, 0
25200, 9942137, 0, 0, 0
25301, 9607196, 0, 0, 0
25401, 9580395, 0, 0, 0
25500, 10829404, 0, 0, 0
25600, 9666434, 0, 0, 0
25700, 10382540, 0, 0, 0
25800, 9122882, 0, 0, 0
25900, 9812633, 0, 0, 0
26001, 9732355, 0, 0, 0
26100, 9775463, 0, 0, 0
26200, 10702726, 0, 0, 0
26300, 9639822, 0, 0, 0
26400, 9862087, 0, 0, 0
26501, 10377996, 0, 0, 0
26600, 9909891, 0, 0, 0
26701, 9905777, 0, 0, 0
26800, 10047061, 0, 0, 0
26902, 9850726, 0, 0, 0
27003, 9869357, 0, 0, 0
27102, 9090534, 0, 0, 0
27200, 9112741, 0, 0, 0
27300, 9744704, 0, 0, 0
27400, 9470081, 0, 0, 0
27500, 9648687, 0, 0, 0
27600, 10080409, 0, 0, 0
27701, 9414240, 0, 0, 0
27800, 9510648, 0, 0, 0
27900, 9323203, 0, 0, 0
28000, 9744479, 0, 0, 0
28100, 9372178, 0, 0, 0
28200, 10525773, 0, 0, 0
28301, 9399388, 0, 0, 0
28400, 9824235, 0, 0, 0
28500, 10406641, 0, 0, 0
28600, 10055473, 0, 0, 0
28701, 9963921, 0, 0, 0
28801, 9557344, 0, 0, 0
28900, 9594697, 0, 0, 0
29001, 10216280, 0, 0, 0
29100, 9768116, 0, 0, 0
29200, 9319358, 0, 0, 0
29300, 10795775, 0, 0, 0
29400, 9736749, 0, 0, 0
29501, 9232007, 0, 0, 0
29600, 10243773, 0, 0, 0
29700, 9876373, 0, 0, 0
29800, 10741403, 0, 0, 0
29900, 9377515, 0, 0, 0
30000, 9353943, 0, 0, 0
30100, 9664790, 0, 0, 0
30201, 8736303, 0, 0, 0
30300, 9014332, 0, 0, 0
30400, 9343223, 0, 0, 0
30500, 9633262, 0, 0, 0
30600, 9669667, 0, 0, 0
30701, 9682703, 0, 0, 0
30800, 9265240, 0, 0, 0
30900, 9413210, 0, 0, 0
31000, 10342521, 0, 0, 0
31100, 9389888, 0, 0, 0
31201, 9699727, 0, 0, 0
31300, 9036631, 0, 0, 0
31400, 9319031, 0, 0, 0
31500, 9665549, 0, 0, 0
31600, 10410841, 0, 0, 0
31700, 9848009, 0, 0, 0
31800, 8742090, 0, 0, 0
31900, 9367814, 0, 0, 0
32000, 9539669, 0, 0, 0
32100, 11041216, 0, 0, 0
32201, 11986281, 0, 0, 0
32300, 9840993, 0, 0, 0
32400, 10525695, 0, 0, 0
32501, 10203399, 0, 0, 0
32601, 8472417, 0, 0, 0
32702, 10916999, 0, 0, 0
32800, 10543202, 0, 0, 0
32901, 9452534, 0, 0, 0
33000, 9015884, 0, 0, 0
33100, 9250679, 0, 0, 0
33201, 8927161, 0, 0, 0
33300, 9339396, 0, 0, 0
33401, 9994115, 0, 0, 0
33500, 10561671, 0, 0, 0
33600, 9272192, 0, 0, 0
33700, 10824777, 0, 0, 0
33801, 9574271, 0, 0, 0
33900, 9010394, 0, 0, 0
34000, 8812727, 0, 0, 0
34100, 9741631, 0, 0, 0
34200, 9795673, 0, 0, 0
34300, 9681516, 0, 0, 0
34400, 9350867, 0, 0, 0
34501, 9604658, 0, 0, 0
34601, 9192490, 0, 0, 0
34700, 9363894, 0, 0, 0
34800, 10065070, 0, 0, 0
34900, 9383423, 0, 0, 0
35000, 10462974, 0, 0, 0
35100, 9623741, 0, 0, 0
35200, 10129925, 0, 0, 0
35300, 9833213, 0, 0, 0
35401, 8983491, 0, 0, 0
35500, 9408434, 0, 0, 0
35600, 9740239, 0, 0, 0
35700, 8827212, 0, 0, 0
35800, 9215877, 0, 0, 0
35900, 9545707, 0, 0, 0
36000, 9973770, 0, 0, 0
36100, 10197923, 0, 0, 0
36200, 10110259, 0, 0, 0
36300, 9868733, 0, 0, 0
36400, 10335976, 0, 0, 0
36500, 8785845, 0, 0, 0
36600, 10174424, 0, 0, 0
36700, 9180361, 0, 0, 0
36800, 10751195, 0, 0, 0
36900, 9937115, 0, 0, 0
37000, 10197316, 0, 0, 0
37101, 9405146, 0, 0, 0
37201, 10199114, 0, 0, 0
37300, 10295885, 0, 0, 0
37401, 10251556, 0, 0, 0
37501, 9741038, 0, 0, 0
37600, 8996113, 0, 0, 0
37700, 9441086, 0, 0, 0
37801, 10588462, 0, 0, 0
37900, 9381699, 0, 0, 0
38000, 9235227, 0, 0, 0
38100, 10019545, 0, 0, 0
38200, 9448469, 0, 0, 0
38301, 9525928, 0, 0, 0
38401, 9807399, 0, 0, 0
38500, 9991496, 0, 0, 0
38600, 9228253, 0, 0, 0
38701, 8467894, 0, 0, 0
38800, 10403851, 0, 0, 0
38900, 10175519, 0, 0, 0
39000, 9871162, 0, 0, 0
39100, 9517679, 0, 0, 0
39200, 8940971, 0, 0, 0
39300, 9285606, 0, 0, 0
39400, 9282966, 0, 0, 0
39500, 9080773, 0, 0, 0
39601, 9851615, 0, 0, 0
39700, 9505790, 0, 0, 0
39800, 9582947, 0, 0, 0
39900, 9497921, 0, 0, 0
40000, 9152091, 0, 0, 0
40100, 9417831, 0, 0, 0
40200, 10202859, 0, 0, 0
40302, 9514616, 0, 0, 0
40400, 10240914, 0, 0, 0
40500, 10074236, 0, 0, 0
40600, 10588122, 0, 0, 0
40700, 9310098, 0, 0, 0
40800, 9698395, 0, 0, 0
40903, 10434940, 0, 0, 0
41000, 8793368, 0, 0, 0
41100, 8958235, 0, 0, 0
41200, 8904607, 0, 0, 0
41300, 9153255, 0, 0, 0
41400, 8797820, 0, 0, 0
41502, 9062482, 0, 0, 0
41602, 9918662, 0, 0, 0
41700, 10222027, 0, 0, 0
41800, 8873741, 0, 0, 0
41900, 10069805, 0, 0, 0
42000, 9758553, 0, 0, 0
42100, 9481935, 0, 0, 0
42200, 9815857, 0, 0, 0
42302, 9021696, 0, 0, 0
42400, 11926621, 0, 0, 0
42500, 9467102, 0, 0, 0
42600, 9295374, 0, 0, 0
42701, 9808841, 0, 0, 0
42803, 9627238, 0, 0, 0
42901, 9775994, 0, 0, 0
43000, 8607608, 0, 0, 0
43101, 9590932, 0, 0, 0
43201, 10119445, 0, 0, 0
43300, 9433873, 0, 0, 0
43400, 9809065, 0, 0, 0
43500, 9868330, 0, 0, 0
43603, 9480090, 0, 0, 0
43700, 9932964, 0, 0, 0
43800, 9720416, 0, 0, 0
43900, 10323448, 0, 0, 0
44000, 9231743, 0, 0, 0
44100, 9023434, 0, 0, 0
44201, 9426724, 0, 0, 0
44300, 10325886, 0, 0, 0
44400, 9781420, 0, 0, 0
44500, 9525150, 0, 0, 0
44600, 9478083, 0, 0, 0
44701, 9639869, 0, 0, 0
44800, 10304142, 0, 0, 0
44900, 10401675, 0, 0, 0
45000, 9759626, 0, 0, 0
45100, 10153641, 0, 0, 0
45200, 11452991, 0, 0, 0
45301, 10139340, 0, 0, 0
45400, 9462104, 0, 0, 0
45500, 10074005, 0, 0, 0
45600, 10410354, 0, 0, 0
45701, 9616682, 0, 0, 0
45800, 9943059, 0, 0, 0
45900, 10012007, 0, 0, 0
46000, 10276633, 0, 0, 0
46100, 9223323, 0, 0, 0
46200, 8802452, 0, 0, 0
46300, 9837734, 0, 0, 0
46400, 9218014, 0, 0, 0
46500, 8820216, 0, 0, 0
46600, 9167170, 0, 0, 0
46700, 10096491, 0, 0, 0
46800, 9236770, 0, 0, 0
46900, 8359918, 0, 0, 0
47002, 9625950, 0, 0, 0
47100, 10141226, 0, 0, 0
47200, 10068914, 0, 0, 0
47300, 9685242, 0, 0, 0
47400, 10714264, 0, 0, 0
47500, 10253842, 0, 0, 0
47600, 10218479, 0, 0, 0
47701, 9213647, 0, 0, 0
47800, 9327867, 0, 0, 0
47901, 10444150, 0, 0, 0
48001, 8858780, 0, 0, 0
48100, 9125811, 0, 0, 0
48200, 9520791, 0, 0, 0
48300, 9283051, 0, 0, 0
48400, 9781919, 0, 0, 0
48500, 10532395, 0, 0, 0
48601, 8753254, 0, 0, 0
48701, 10120455, 0, 0, 0
48800, 9646129, 0, 0, 0
48902, 9761624, 0, 0, 0
49000, 9677748, 0, 0, 0
49102, 9801461, 0, 0, 0
49200, 9848564, 0, 0, 0
49300, 9855388, 0, 0, 0
49400, 9702401, 0, 0, 0
49500, 9352081, 0, 0, 0
49601, 9098610, 0, 0, 0
49700, 10043553, 0, 0, 0
49800, 9843631, 0, 0, 0
49901, 10131858, 0, 0, 0
50002, 9054963, 0, 0, 0
50101, 9807084, 0, 0, 0
50200, 9381855, 0, 0, 0
50301, 9170459, 0, 0, 0
50400, 9833828, 0, 0, 0
50500, 10019859, 0, 0, 0
50600, 9914809, 0, 0, 0
50700, 9470988, 0, 0, 0
50800, 8767898, 0, 0, 0
50902, 9416227, 0, 0, 0
51000, 9850573, 0, 0, 0
51102, 8788970, 0, 0, 0
51200, 10095674, 0, 0, 0
51301, 9089169, 0, 0, 0
51400, 9108822, 0, 0, 0
51500, 9053409, 0, 0, 0
51600, 10569294, 0, 0, 0
51700, 9177467, 0, 0, 0
51800, 10141498, 0, 0, 0
51900, 9338608, 0, 0, 0
52003, 10017988, 0, 0, 0
52100, 9912534, 0, 0, 0
52200, 9380469, 0, 0, 0
52300, 9474286, 0, 0, 0
52400, 9684493, 0, 0, 0
52501, 8975355, 0, 0, 0
52602, 9768160, 0, 0, 0
52700, 9706720, 0, 0, 0
52800, 9213721, 0, 0, 0
52900, 9664993, 0, 0, 0
53000, 9379731, 0, 0, 0
53100, 10118145, 0, 0, 0
53200, 9608641, 0, 0, 0
53300, 10353477, 0, 0, 0
53400, 9685905, 0, 0, 0
53500, 8559122, 0, 0, 0
53600, 9929261, 0, 0, 0
53701, 9873167, 0, 0, 0
53800, 9157827, 0, 0, 0
53900, 9942775, 0, 0, 0
54001, 9725846, 0, 0, 0
54100, 9660417, 0, 0, 0
54200, 9862966, 0, 0, 0
54300, 9628405, 0, 0, 0
54400, 10302224, 0, 0, 0
54500, 9077193, 0, 0, 0
54601, 9686209, 0, 0, 0
54700, 9276941, 0, 0, 0
54800, 9811118, 0, 0, 0
54900, 9552803, 0, 0, 0
55002, 8829469, 0, 0, 0
55100, 9726307, 0, 0, 0
55201, 9505917, 0, 0, 0
55301, 9069126, 0, 0, 0
55400, 9294452, 0, 0, 0
55501, 9924060, 0, 0, 0
55601, 9331735, 0, 0, 0
55700, 9549014, 0, 0, 0
55801, 10307834, 0, 0, 0
55900, 9065131, 0, 0, 0
56001, 9144515, 0, 0, 0
56100, 10061664, 0, 0, 0
56200, 8132206, 0, 0, 0
56300, 9334713, 0, 0, 0
56400, 10611010, 0, 0, 0
56500, 9561128, 0, 0, 0
56600, 10464796, 0, 0, 0
56700, 10220988, 0, 0, 0
56802, 9544083, 0, 0, 0
56900, 9538039, 0, 0, 0
57000, 9168987, 0, 0, 0
57102, 9144733, 0, 0, 0
57200, 9042140, 0, 0, 0
57301, 9376101, 0, 0, 0
57400, 9679075, 0, 0, 0
57500, 9413451, 0, 0, 0
57600, 9943458, 0, 0, 0
57700, 9032942, 0, 0, 0
57800, 9579731, 0, 0, 0
57900, 9063136, 0, 0, 0
58002, 9742376, 0, 0, 0
58102, 10022618, 0, 0, 0
58200, 10536080, 0, 0, 0
58300, 9478086, 0, 0, 0
58400, 10397033, 0, 0, 0
58500, 9722476, 0, 0, 0
58600, 9729587, 0, 0, 0
58700, 9512949, 0, 0, 0
58800, 9870332, 0, 0, 0
58901, 9343776, 0, 0, 0
59000, 9686316, 0, 0, 0
59101, 9648348, 0, 0, 0
59200, 10163177, 0, 0, 0
59302, 9548025, 0, 0, 0
59400, 10046309, 0, 0, 0
59500, 9413418, 0, 0, 0
59600, 10646447, 0, 0, 0
59700, 10052949, 0, 0, 0
59800, 8994704, 0, 0, 0
59900, 9912169, 0, 0, 0
60000, 9288398, 0, 0, 0
60100, 8840341, 0, 0, 0
60200, 10197429, 0, 0, 0
60301, 9756967, 0, 0, 0
60401, 9387607, 0, 0, 0
60500, 9750280, 0, 0, 0
60600, 9601242, 0, 0, 0
60700, 9104766, 0, 0, 0
60800, 10279694, 0, 0, 0
60900, 9454933, 0, 0, 0
61000, 9525888, 0, 0, 0
61100, 9431364, 0, 0, 0
61202, 9436782, 0, 0, 0
61300, 9786808, 0, 0, 0
61400, 9868244, 0, 0, 0
61500, 10062736, 0, 0, 0
61601, 10534186, 0, 0, 0
61700, 10041392, 0, 0, 0
61802, 9447530, 0, 0, 0
61900, 9073915, 0, 0, 0
62000, 8849056, 0, 0, 0
62100, 10107222, 0, 0, 0
62200, 9750341, 0, 0, 0
62300, 9753955, 0, 0, 0
62400, 10012172, 0, 0, 0
62500, 10127431, 0, 0, 0
62600, 8593833, 0, 0, 0
62700, 9517565, 0, 0, 0
62800, 9393222, 0, 0, 0
62900, 9422030, 0, 0, 0
63000, 8901937, 0, 0, 0
63100, 9952763, 0, 0, 0
63202, 8923330, 0, 0, 0
63301, 9171642, 0, 0, 0
63400, 10100086, 0, 0, 0
63501, 9876651, 0, 0, 0
63600, 9856944, 0, 0, 0
63701, 9619549, 0, 0, 0
63801, 9256135, 0, 0, 0
63901, 9305147, 0, 0, 0
64001, 9509128, 0, 0, 0
64100, 9533651, 0, 0, 0
64201, 10376147, 0, 0, 0
64301, 9472007, 0, 0, 0
64401, 9380827, 0, 0, 0
64501, 9559012, 0, 0, 0
64600, 9449893, 0, 0, 0
64700, 9723382, 0, 0, 0
64800, 9388067, 0, 0, 0
64901, 9444326, 0, 0, 0
65000, 9416361, 0, 0, 0
65100, 9539029, 0, 0, 0
65200, 10203119, 0, 0, 0
65301, 9802192, 0, 0, 0
65400, 9800414, 0, 0, 0
65500, 8526198, 0, 0, 0
65600, 9864025, 0, 0, 0
65700, 9102718, 0, 0, 0
65800, 9214379, 0, 0, 0
65901, 9877059, 0, 0, 0
66002, 9278447, 0, 0, 0
66100, 9654298, 0, 0, 0
66200, 9193997, 0, 0, 0
66302, 9049062, 0, 0, 0
66400, 9304634, 0, 0, 0
66500, 9847233, 0, 0, 0
66600, 9947506, 0, 0, 0
66700, 9342635, 0, 0, 0
66800, 8210350, 0, 0, 0
66902, 9148093, 0, 0, 0
67000, 9125496, 0, 0, 0
67100, 9479334, 0, 0, 0
67200, 9269164, 0, 0, 0
67301, 8741103, 0, 0, 0
67400, 8668884, 0, 0, 0
67500, 9878458, 0, 0, 0
67600, 10344522, 0, 0, 0
67700, 8675458, 0, 0, 0
67800, 9102697, 0, 0, 0
67900, 10047500, 0, 0, 0
68001, 9579494, 0, 0, 0
68100, 10464569, 0, 0, 0
68200, 9764046, 0, 0, 0
68301, 9816860, 0, 0, 0
68400, 8776182, 0, 0, 0
68500, 11105241, 0, 0, 0
68600, 8912601, 0, 0, 0
68701, 9172323, 0, 0, 0
68800, 9260625, 0, 0, 0
68900, 9203737, 0, 0, 0
69000, 8888955, 0, 0, 0
69100, 9734443, 0, 0, 0
69200, 9700187, 0, 0, 0
69301, 9325663, 0, 0, 0
69400, 9090415, 0, 0, 0
69500, 9409293, 0, 0, 0
69601, 9174939, 0, 0, 0
69700, 9307206, 0, 0, 0
69800, 9288736, 0, 0, 0
69902, 8914410, 0, 0, 0
70000, 8309366, 0, 0, 0
70100, 8873074, 0, 0, 0
70200, 9080673, 0, 0, 0
70300, 8425393, 0, 0, 0
70400, 9613693, 0, 0, 0
70500, 9906111, 0, 0, 0
70600, 9199599, 0, 0, 0
70700, 10548626, 0, 0, 0
70800, 9760325, 0, 0, 0
70900, 9795855, 0, 0, 0
71000, 10296799, 0, 0, 0
71101, 8832958, 0, 0, 0
71200, 9307766, 0, 0, 0
71300, 8665369, 0, 0, 0
71400, 9180103, 0, 0, 0
71501, 8103544, 0, 0, 0
71600, 9228970, 0, 0, 0
71700, 9012289, 0, 0, 0
71800, 9537280, 0, 0, 0
71900, 8829650, 0, 0, 0
72000, 9484893, 0, 0, 0
72101, 9252986, 0, 0, 0
72200, 9861169, 0, 0, 0
72300, 9870797, 0, 0, 0
72401, 8858039, 0, 0, 0
72500, 8794558, 0, 0, 0
72600, 8512535, 0, 0, 0
72700, 8726915, 0, 0, 0
72800, 9462156, 0, 0, 0
72900, 9849210, 0, 0, 0
73000, 8845990, 0, 0, 0
73102, 9512861, 0, 0, 0
73200, 8651452, 0, 0, 0
73300, 9507730, 0, 0, 0
73400, 9079534, 0, 0, 0
73500, 9747759, 0, 0, 0
73601, 9288277, 0, 0, 0
73700, 8973911, 0, 0, 0
73800, 8522665, 0, 0, 0
73900, 9120836, 0, 0, 0
74002, 8394193, 0, 0, 0
74100, 8275160, 0, 0, 0
74201, 9011684, 0, 0, 0
74300, 8737204, 0, 0, 0
74402, 8466383, 0, 0, 0
74501, 8409874, 0, 0, 0
74600, 9075653, 0, 0, 0
74700, 8945643, 0, 0, 0
74803, 8473045, 0, 0, 0
74901, 10159110, 0, 0, 0
75000, 9749355, 0, 0, 0
75100, 10028361, 0, 0, 0
75200, 10255275, 0, 0, 0
75300, 9290301, 0, 0, 0
75400, 9813652, 0, 0, 0
75500, 9471174, 0, 0, 0
75600, 8488478, 0, 0, 0
75700, 9778878, 0, 0, 0
75800, 10156640, 0, 0, 0
75902, 9624886, 0, 0, 0
76000, 9907976, 0, 0, 0
76100, 8467457, 0, 0, 0
76201, 9445519, 0, 0, 0
76300, 8586926, 0, 0, 0
76400, 9519713, 0, 0, 0
76500, 8873964, 0, 0, 0
76600, 9669870, 0, 0, 0
76700, 10057370, 0, 0, 0
76800, 9419683, 0, 0, 0
76900, 9573178, 0, 0, 0
77001, 8426929, 0, 0, 0
77101, 9410817, 0, 0, 0
77200, 9614828, 0, 0, 0
77300, 9886362, 0, 0, 0
77400, 10375096, 0, 0, 0
77501, 8428668, 0, 0, 0
77600, 8565864, 0, 0, 0
77700, 8837966, 0, 0, 0
77800, 9578217, 0, 0, 0
77900, 9176727, 0, 0, 0
78000, 8347569, 0, 0, 0
78101, 9913869, 0, 0, 0
78200, 8849386, 0, 0, 0
78300, 10186346, 0, 0, 0
78401, 9421247, 0, 0, 0
78501, 9327217, 0, 0, 0
78600, 8707097, 0, 0, 0
78700, 9285748, 0, 0, 0
78800, 8167340, 0, 0, 0
78900, 9251033, 0, 0, 0
79000, 8548407, 0, 0, 0
79100, 9559249, 0, 0, 0
79200, 9031825, 0, 0, 0
79300, 9318939, 0, 0, 0
79401, 9257260, 0, 0, 0
79500, 8793463, 0, 0, 0
79602, 9353404, 0, 0, 0
79700, 8579386, 0, 0, 0
79800, 8715113, 0, 0, 0
79901, 8756098, 0, 0, 0
80001, 9895038, 0, 0, 0
80101, 9138928, 0, 0, 0
80202, 9371086, 0, 0, 0
80302, 8937867, 0, 0, 0
80400, 9563778, 0, 0, 0
80500, 9445217, 0, 0, 0
80601, 8415105, 0, 0, 0
80700, 8507598, 0, 0, 0
80800, 9075943, 0, 0, 0
80900, 9241651, 0, 0, 0
81000, 9399931, 0, 0, 0
81100, 8772346, 0, 0, 0
81201, 9147018, 0, 0, 0
81300, 9527681, 0, 0, 0
81400, 9089527, 0, 0, 0
81501, 9368122, 0, 0, 0
81600, 9677361, 0, 0, 0
81700, 9430039, 0, 0, 0
81801, 9086227, 0, 0, 0
81900, 8923655, 0, 0, 0
82000, 9461525, 0, 0, 0
82100, 9465498, 0, 0, 0
82200, 9704339, 0, 0, 0
82300, 9259767, 0, 0, 0
82401, 9965578, 0, 0, 0
82501, 9674274, 0, 0, 0
82600, 9840764, 0, 0, 0
82700, 10325526, 0, 0, 0
82800, 9524054, 0, 0, 0
82900, 9355724, 0, 0, 0
83000, 8652891, 0, 0, 0
83100, 9606278, 0, 0, 0
83202, 9058854, 0, 0, 0
83302, 9452284, 0, 0, 0
83400, 8723910, 0, 0, 0
83500, 9750295, 0, 0, 0
83602, 9897996, 0, 0, 0
83700, 9928579, 0, 0, 0
83800, 10025558, 0, 0, 0
83900, 9600742, 0, 0, 0
84000, 10401709, 0, 0, 0
84101, 9836401, 0, 0, 0
84200, 9944224, 0, 0, 0
84300, 9121799, 0, 0, 0
84402, 10030797, 0, 0, 0
84500, 10219327, 0, 0, 0
84600, 10039998, 0, 0, 0
84700, 10174630, 0, 0, 0
84801, 9680578, 0, 0, 0
84901, 9838795, 0, 0, 0
85000, 11358207, 0, 0, 0
85101, 9772363, 0, 0, 0
85200, 9856312, 0, 0, 0
85301, 8695307, 0, 0, 0
85401, 9354863, 0, 0, 0
85501, 10185524, 0, 0, 0
85600, 10109727, 0, 0, 0
85702, 9933900, 0, 0, 0
85800, 10037340, 0, 0, 0
85900, 9247142, 0, 0, 0
86001, 10629215, 0, 0, 0
86100, 9676986, 0, 0, 0
86200, 9742348, 0, 0, 0
86300, 9787917, 0, 0, 0
86401, 9642935, 0, 0, 0
86502, 9909855, 0, 0, 0
86600, 10106510, 0, 0, 0
86700, 10343966, 0, 0, 0
86801, 8854639, 0, 0, 0
86900, 9318180, 0, 0, 0
87002, 10373048, 0, 0, 0
87100, 10914375, 0, 0, 0
87200, 10391837, 0, 0, 0
87300, 9642018, 0, 0, 0
87400, 10515308, 0, 0, 0
87501, 10392303, 0, 0, 0
87600, 9765168, 0, 0, 0
87700, 9733721, 0, 0, 0
87800, 10023574, 0, 0, 0
87900, 9686658, 0, 0, 0
88000, 10638597, 0, 0, 0
88103, 10011937, 0, 0, 0
88200, 9192113, 0, 0, 0
88301, 11077620, 0, 0, 0
88400, 9905249, 0, 0, 0
88501, 10117511, 0, 0, 0
88600, 9233628, 0, 0, 0
88700, 10706088, 0, 0, 0
88800, 8484253, 0, 0, 0
88900, 9151712, 0, 0, 0
89001, 9968177, 0, 0, 0
89100, 9088911, 0, 0, 0
89200, 10360461, 0, 0, 0
89301, 9447129, 0, 0, 0
89400, 9957259, 0, 0, 0
89500, 9008057, 0, 0, 0
89601, 9521145, 0, 0, 0
89700, 10155473, 0, 0, 0
89800, 10518086, 0, 0, 0
89901, 10273755, 0, 0, 0
90000, 10702990, 0, 0, 0
90009, 14916424, 0, 0, 0
