100, 1939718, 0, 0, 0
200, 2235929, 0, 0, 0
300, 1959040, 0, 0, 0
400, 2177453, 0, 0, 0
500, 2478381, 0, 0, 0
600, 2245281, 0, 0, 0
700, 2043309, 0, 0, 0
800, 2430978, 0, 0, 0
900, 2354763, 0, 0, 0
1000, 2371938, 0, 0, 0
1100, 2428367, 0, 0, 0
1200, 2381451, 0, 0, 0
1300, 2560897, 0, 0, 0
1400, 2374259, 0, 0, 0
1500, 2378649, 0, 0, 0
1600, 2282869, 0, 0, 0
1700, 2191648, 0, 0, 0
1800, 2262565, 0, 0, 0
1900, 2434566, 0, 0, 0
2000, 2372334, 0, 0, 0
2100, 2606561, 0, 0, 0
2200, 2500360, 0, 0, 0
2300, 2424004, 0, 0, 0
2400, 2608859, 0, 0, 0
2500, 2510519, 0, 0, 0
2600, 2346021, 0, 0, 0
2700, 2088955, 0, 0, 0
2800, 2005550, 0, 0, 0
2900, 2403166, 0, 0, 0
3000, 2396930, 0, 0, 0
3100, 2506353, 0, 0, 0
3200, 2310943, 0, 0, 0
3300, 2383534, 0, 0, 0
3400, 2393177, 0, 0, 0
3500, 2300981, 0, 0, 0
3600, 2352137, 0, 0, 0
3700, 2442719, 0, 0, 0
3800, 2449507, 0, 0, 0
3900, 2385636, 0, 0, 0
4000, 2399627, 0, 0, 0
4100, 2357890, 0, 0, 0
4200, 2387627, 0, 0, 0
4300, 1803137, 0, 0, 0
4400, 2061420, 0, 0, 0
4500, 2331833, 0, 0, 0
4600, 2341302, 0, 0, 0
4700, 2220893, 0, 0, 0
4800, 2135602, 0, 0, 0
4900, 2430418, 0, 0, 0
5000, 2406386, 0, 0, 0
5100, 2354539, 0, 0, 0
5200, 2380572, 0, 0, 0
5300, 2318356, 0, 0, 0
5400, 2149960, 0, 0, 0
5500, 1862145, 0, 0, 0
5600, 2067650, 0, 0, 0
5700, 2350616, 0, 0, 0
5800, 3021809, 0, 0, 0
5900, 2520525, 0, 0, 0
6000, 2251531, 0, 0, 0
6100, 2228148, 0, 0, 0
6200, 2311684, 0, 0, 0
6300, 1969553, 0, 0, 0
6400, 2380468, 0, 0, 0
6500, 1845433, 0, 0, 0
6600, 2890200, 0, 0, 0
6700, 2372557, 0, 0, 0
6800, 2305798, 0, 0, 0
6900, 2424358, 0, 0, 0
7000, 2425638, 0, 0, 0
7100, 2385966, 0, 0, 0
7200, 2161598, 0, 0, 0
7300, 2172891, 0, 0, 0
7400, 2528667, 0, 0, 0
7500, 2430001, 0, 0, 0
7600, 2483157, 0, 0, 0
7700, 1897928, 0, 0, 0
7800, 1767380, 0, 0, 0
7900, 2386723, 0, 0, 0
8000, 2406739, 0, 0, 0
8100, 2339064, 0, 0, 0
8200, 2363353, 0, 0, 0
8300, 2422714, 0, 0, 0
8400, 2496180, 0, 0, 0
8500, 2437739, 0, 0, 0
8600, 2335350, 0, 0, 0
8700, 2321761, 0, 0, 0
8800, 2170712, 0, 0, 0
8900, 1858824, 0, 0, 0
9000, 2104861, 0, 0, 0
9100, 2452874, 0, 0, 0
9200, 2020386, 0, 0, 0
9300, 2483390, 0, 0, 0
9400, 2000393, 0, 0, 0
9500, 2354818, 0, 0, 0
9600, 2101223, 0, 0, 0
9700, 2050566, 0, 0, 0
9800, 2142641, 0, 0, 0
9900, 2402141, 0, 0, 0
10000, 2358973, 0, 0, 0
10100, 1835724, 0, 0, 0
10200, 2027795, 0, 0, 0
10300, 2487796, 0, 0, 0
10400, 2306504, 0, 0, 0
10500, 2351526, 0, 0, 0
10600, 2053736, 0, 0, 0
10700, 2064082, 0, 0, 0
10800, 2391445, 0, 0, 0
10900, 2422143, 0, 0, 0
11000, 2351636, 0, 0, 0
11100, 2431852, 0, 0, 0
11200, 1958813, 0, 0, 0
11300, 1729022, 0, 0, 0
11400, 2253065, 0, 0, 0
11500, 2128552, 0, 0, 0
11600, 1874576, 0, 0, 0
11700, 2247557, 0, 0, 0
11800, 2407744, 0, 0, 0
11900, 2309557, 0, 0, 0
12000, 1997782, 0, 0, 0
12100, 1989175, 0, 0, 0
12200, 2347499, 0, 0, 0
12300, 2451167, 0, 0, 0
12400, 2485680, 0, 0, 0
12500, 2320138, 0, 0, 0
12600, 2369055, 0, 0, 0
12700, 1999123, 0, 0, 0
12800, 2404861, 0, 0, 0
12900, 2246209, 0, 0, 0
13000, 2331803, 0, 0, 0
13100, 2427720, 0, 0, 0
13200, 2312954, 0, 0, 0
13300, 2308639, 0, 0, 0
13400, 2401169, 0, 0, 0
13500, 2421028, 0, 0, 0
13600, 2425546, 0, 0, 0
13700, 2050993, 0, 0, 0
13800, 2381662, 0, 0, 0
13900, 2904813, 0, 0, 0
14000, 2183424, 0, 0, 0
14100, 2673775, 0, 0, 0
14200, 2801172, 0, 0, 0
14300, 2419104, 0, 0, 0
14400, 2504242, 0, 0, 0
14500, 2067448, 0, 0, 0
14600, 1866029, 0, 0, 0
14700, 2379342, 0, 0, 0
14800, 2383523, 0, 0, 0
14900, 2316841, 0, 0, 0
15000, 2372900, 0, 0, 0
15100, 2377625, 0, 0, 0
15200, 2704819, 0, 0, 0
15300, 2535108, 0, 0, 0
15400, 2265381, 0, 0, 0
15500, 2260605, 0, 0, 0
15600, 2287844, 0, 0, 0
15700, 1840830, 0, 0, 0
15800, 2065008, 0, 0, 0
15900, 1827957, 0, 0, 0
16000, 1820378, 0, 0, 0
16100, 1821399, 0, 0, 0
16200, 2325833, 0, 0, 0
16300, 3124926, 0, 0, 0
16400, 2043045, 0, 0, 0
16500, 1865186, 0, 0, 0
16600, 2255223, 0, 0, 0
16700, 2046803, 0, 0, 0
16800, 2268919, 0, 0, 0
16900, 2183213, 0, 0, 0
17000, 1956872, 0, 0, 0
17100, 2870673, 0, 0, 0
17200, 1881896, 0, 0, 0
17300, 2409228, 0, 0, 0
17400, 1928194, 0, 0, 0
17500, 2293961, 0, 0, 0
17600, 2514362, 0, 0, 0
17700, 2308746, 0, 0, 0
17800, 2369525, 0, 0, 0
17900, 2337629, 0, 0, 0
18000, 2410069, 0, 0, 0
18100, 2454269, 0, 0, 0
18200, 2693667, 0, 0, 0
18300, 2487937, 0, 0, 0
18400, 2421185, 0, 0, 0
18500, 2539249, 0, 0, 0
18600, 2481129, 0, 0, 0
18700, 2365122, 0, 0, 0
18800, 2361187, 0, 0, 0
18900, 2422606, 0, 0, 0
19000, 2473790, 0, 0, 0
19100, 2083637, 0, 0, 0
19200, 2157666, 0, 0, 0
19300, 2395243, 0, 0, 0
19400, 2439515, 0, 0, 0
19500, 2365053, 0, 0, 0
19600, 2447902, 0, 0, 0
19700, 2394625, 0, 0, 0
19800, 2119940, 0, 0, 0
19900, 2080121, 0, 0, 0
20000, 2408580, 0, 0, 0
20100, 1954131, 0, 0, 0
20200, 3052686, 0, 0, 0
20300, 2562721, 0, 0, 0
20400, 2452491, 0, 0, 0
20500, 2455408, 0, 0, 0
20600, 2442040, 0, 0, 0
20700, 2463701, 0, 0, 0
20800, 2516850, 0, 0, 0
20900, 2402592, 0, 0, 0
21000, 2399723, 0, 0, 0
21100, 2436154, 0, 0, 0
21200, 2158835, 0, 0, 0
21300, 2325857, 0, 0, 0
21400, 2065853, 0, 0, 0
21500, 1827408, 0, 0, 0
21600, 2185934, 0, 0, 0
21700, 2393646, 0, 0, 0
21800, 2438033, 0, 0, 0
21900, 2393529, 0, 0, 0
22000, 2520156, 0, 0, 0
22100, 2477360, 0, 0, 0
22200, 2144217, 0, 0, 0
22300, 2428152, 0, 0, 0
22400, 2361790, 0, 0, 0
22500, 2349700, 0, 0, 0
22600, 2360097, 0, 0, 0
22700, 2364303, 0, 0, 0
22800, 2389746, 0, 0, 0
22900, 2315109, 0, 0, 0
23000, 2396157, 0, 0, 0
23100, 1872084, 0, 0, 0
23200, 2419592, 0, 0, 0
23300, 1859115, 0, 0, 0
23400, 2427380, 0, 0, 0
23500, 2328108, 0, 0, 0
23600, 2303587, 0, 0, 0
23700, 2196549, 0, 0, 0
23800, 2070072, 0, 0, 0
23900, 2428189, 0, 0, 0
24000, 1869385, 0, 0, 0
24100, 1829456, 0, 0, 0
24200, 2028661, 0, 0, 0
24300, 2411426, 0, 0, 0
24400, 2454378, 0, 0, 0
24500, 2309779, 0, 0, 0
24600, 2448721, 0, 0, 0
24700, 2214236, 0, 0, 0
24800, 3044614, 0, 0, 0
24900, 1897911, 0, 0, 0
25000, 2437755, 0, 0, 0
25100, 2271538, 0, 0, 0
25200, 2236987, 0, 0, 0
25300, 2139996, 0, 0, 0
25400, 2627925, 0, 0, 0
25500, 2663663, 0, 0, 0
25600, 2462951, 0, 0, 0
25700, 2373031, 0, 0, 0
25800, 2436032, 0, 0, 0
25900, 2427595, 0, 0, 0
26000, 2549470, 0, 0, 0
26100, 1843133, 0, 0, 0
26200, 2393548, 0, 0, 0
26300, 2336037, 0, 0, 0
26400, 2185880, 0, 0, 0
26500, 2136275, 0, 0, 0
26600, 1944670, 0, 0, 0
26700, 2059185, 0, 0, 0
26800, 2354818, 0, 0, 0
26900, 2416218, 0, 0, 0
27000, 1841168, 0, 0, 0
27100, 2507335, 0, 0, 0
27200, 2354134, 0, 0, 0
27300, 2168804, 0, 0, 0
27400, 2071895, 0, 0, 0
27500, 2543658, 0, 0, 0
27600, 2366100, 0, 0, 0
27700, 2376430, 0, 0, 0
27800, 2428401, 0, 0, 0
27900, 2029494, 0, 0, 0
28000, 2151186, 0, 0, 0
28100, 2223662, 0, 0, 0
28200, 1982641, 0, 0, 0
28300, 2273182, 0, 0, 0
28400, 1951518, 0, 0, 0
28500, 2404032, 0, 0, 0
28600, 2382473, 0, 0, 0
28700, 2147771, 0, 0, 0
28800, 2442821, 0, 0, 0
28900, 2703629, 0, 0, 0
29000, 2412596, 0, 0, 0
29100, 2451768, 0, 0, 0
29200, 2439612, 0, 0, 0
29300, 2076770, 0, 0, 0
29400, 2169252, 0, 0, 0
29500, 2367263, 0, 0, 0
29600, 2107519, 0, 0, 0
29700, 2341969, 0, 0, 0
29800, 2058016, 0, 0, 0
29900, 2433204, 0, 0, 0
30000, 1968342, 0, 0, 0
30100, 2302396, 0, 0, 0
30200, 2411855, 0, 0, 0
30300, 2572514, 0, 0, 0
30400, 2839071, 0, 0, 0
30500, 1909032, 0, 0, 0
30600, 2304563, 0, 0, 0
30700, 2426222, 0, 0, 0
30800, 2236254, 0, 0, 0
30900, 2072797, 0, 0, 0
31000, 2301593, 0, 0, 0
31100, 2428875, 0, 0, 0
31200, 2474925, 0, 0, 0
31300, 1967940, 0, 0, 0
31400, 2228419, 0, 0, 0
31500, 2468654, 0, 0, 0
31600, 2431739, 0, 0, 0
31700, 2396645, 0, 0, 0
31800, 1961435, 0, 0, 0
31900, 2382351, 0, 0, 0
32000, 2410150, 0, 0, 0
32100, 2388215, 0, 0, 0
32200, 2432276, 0, 0, 0
32300, 2390620, 0, 0, 0
32400, 2398332, 0, 0, 0
32500, 1905848, 0, 0, 0
32600, 2324863, 0, 0, 0
32700, 1922698, 0, 0, 0
32800, 2394676, 0, 0, 0
32900, 2403597, 0, 0, 0
33000, 2255250, 0, 0, 0
33100, 1837377, 0, 0, 0
33200, 2027952, 0, 0, 0
33300, 2452378, 0, 0, 0
33400, 1907988, 0, 0, 0
33500, 2392363, 0, 0, 0
33600, 2393171, 0, 0, 0
33700, 2168364, 0, 0, 0
33800, 2493382, 0, 0, 0
33900, 2445159, 0, 0, 0
34000, 2281928, 0, 0, 0
34100, 2444577, 0, 0, 0
34200, 2076195, 0, 0, 0
34300, 1976408, 0, 0, 0
34400, 1809400, 0, 0, 0
34500, 2495916, 0, 0, 0
34600, 2343783, 0, 0, 0
34700, 2240533, 0, 0, 0
34800, 2084192, 0, 0, 0
34900, 2472181, 0, 0, 0
35000, 2361355, 0, 0, 0
35100, 2181722, 0, 0, 0
35200, 1923550, 0, 0, 0
35300, 1891853, 0, 0, 0
35400, 1897094, 0, 0, 0
35500, 2355667, 0, 0, 0
35600, 2375021, 0, 0, 0
35700, 2404610, 0, 0, 0
35800, 2402820, 0, 0, 0
35900, 2427451, 0, 0, 0
36000, 2224448, 0, 0, 0
36100, 2391136, 0, 0, 0
36200, 2023103, 0, 0, 0
36300, 1847950, 0, 0, 0
36400, 1967007, 0, 0, 0
36500, 1928579, 0, 0, 0
36600, 1891414, 0, 0, 0
36700, 2076436, 0, 0, 0
36800, 2007418, 0, 0, 0
36900, 1824660, 0, 0, 0
37000, 2267216, 0, 0, 0
37100, 2123741, 0, 0, 0
37200, 2032722, 0, 0, 0
37300, 2344268, 0, 0, 0
37400, 2401245, 0, 0, 0
37500, 2491289, 0, 0, 0
37600, 2034654, 0, 0, 0
37700, 2320366, 0, 0, 0
37800, 2548332, 0, 0, 0
37900, 2415219, 0, 0, 0
38000, 2396103, 0, 0, 0
38100, 2395036, 0, 0, 0
38200, 2596326, 0, 0, 0
38300, 2506525, 0, 0, 0
38400, 2375050, 0, 0, 0
38500, 2417927, 0, 0, 0
38600, 1880004, 0, 0, 0
38700, 2047799, 0, 0, 0
38800, 2407138, 0, 0, 0
38900, 2387629, 0, 0, 0
39000, 2514080, 0, 0, 0
39100, 2296388, 0, 0, 0
39200, 2431899, 0, 0, 0
39300, 2368581, 0, 0, 0
39400, 2401912, 0, 0, 0
39500, 2363912, 0, 0, 0
39600, 2498366, 0, 0, 0
39700, 2701227, 0, 0, 0
39800, 1856499, 0, 0, 0
39900, 2434968, 0, 0, 0
40000, 2393572, 0, 0, 0
40100, 2486903, 0, 0, 0
40200, 2431501, 0, 0, 0
40300, 2418351, 0, 0, 0
40400, 2534318, 0, 0, 0
40500, 2060911, 0, 0, 0
40600, 1816688, 0, 0, 0
40700, 2331502, 0, 0, 0
40800, 2013585, 0, 0, 0
40900, 2107653, 0, 0, 0
41000, 2399910, 0, 0, 0
41100, 2270042, 0, 0, 0
41200, 1990581, 0, 0, 0
41300, 2820632, 0, 0, 0
41400, 2165757, 0, 0, 0
41500, 2330736, 0, 0, 0
41600, 2373411, 0, 0, 0
41700, 2355712, 0, 0, 0
41800, 2374888, 0, 0, 0
41900, 2508062, 0, 0, 0
42000, 2455675, 0, 0, 0
42100, 2453654, 0, 0, 0
42200, 2446234, 0, 0, 0
42300, 2394469, 0, 0, 0
42400, 2520533, 0, 0, 0
42500, 2416175, 0, 0, 0
42600, 2474195, 0, 0, 0
42700, 2477876, 0, 0, 0
42800, 2489247, 0, 0, 0
42900, 2053414, 0, 0, 0
43000, 2378543, 0, 0, 0
43100, 1924381, 0, 0, 0
43200, 2195487, 0, 0, 0
43300, 2290839, 0, 0, 0
43400, 2167799, 0, 0, 0
43500, 2031589, 0, 0, 0
43600, 2381305, 0, 0, 0
43700, 2245038, 0, 0, 0
43800, 1785604, 0, 0, 0
43900, 1862218, 0, 0, 0
44000, 2171718, 0, 0, 0
44100, 2313145, 0, 0, 0
44200, 2430641, 0, 0, 0
44300, 2026136, 0, 0, 0
44400, 2253679, 0, 0, 0
44500, 2052704, 0, 0, 0
44600, 2371093, 0, 0, 0
44700, 2274259, 0, 0, 0
44800, 2290740, 0, 0, 0
44900, 2084010, 0, 0, 0
45000, 2483220, 0, 0, 0
45100, 2578283, 0, 0, 0
45200, 2487527, 0, 0, 0
45300, 2464211, 0, 0, 0
45400, 1936222, 0, 0, 0
45500, 2342660, 0, 0, 0
45600, 2224714, 0, 0, 0
45700, 2337277, 0, 0, 0
45800, 2404216, 0, 0, 0
45900, 2269517, 0, 0, 0
46000, 1975553, 0, 0, 0
46100, 2394121, 0, 0, 0
46200, 2435426, 0, 0, 0
46300, 2498283, 0, 0, 0
46400, 2352293, 0, 0, 0
46500, 2461480, 0, 0, 0
46600, 2449051, 0, 0, 0
46700, 2432011, 0, 0, 0
46800, 2420595, 0, 0, 0
46900, 2686161, 0, 0, 0
47000, 3131135, 0, 0, 0
47100, 2478970, 0, 0, 0
47200, 2305830, 0, 0, 0
47300, 2379528, 0, 0, 0
47400, 2354523, 0, 0, 0
47500, 2416858, 0, 0, 0
47600, 2369320, 0, 0, 0
47700, 2335273, 0, 0, 0
47800, 2215632, 0, 0, 0
47900, 2075399, 0, 0, 0
48000, 1814920, 0, 0, 0
48100, 1713941, 0, 0, 0
48200, 1916986, 0, 0, 0
48300, 2255037, 0, 0, 0
48400, 1974877, 0, 0, 0
48500, 1910986, 0, 0, 0
48600, 2471772, 0, 0, 0
48700, 2310467, 0, 0, 0
48800, 2038511, 0, 0, 0
48900, 2588909, 0, 0, 0
49000, 2393256, 0, 0, 0
49100, 2458722, 0, 0, 0
49200, 2255089, 0, 0, 0
49300, 2231916, 0, 0, 0
49400, 2189827, 0, 0, 0
49500, 2046897, 0, 0, 0
49600, 2513910, 0, 0, 0
49700, 1921879, 0, 0, 0
49800, 1869051, 0, 0, 0
49900, 2403654, 0, 0, 0
50000, 2455940, 0, 0, 0
50100, 2458670, 0, 0, 0
50200, 2243236, 0, 0, 0
50300, 1981580, 0, 0, 0
50400, 2450060, 0, 0, 0
50500, 2409516, 0, 0, 0
50600, 1894980, 0, 0, 0
50700, 1810739, 0, 0, 0
50800, 2519726, 0, 0, 0
50900, 2493847, 0, 0, 0
51000, 2434267, 0, 0, 0
51100, 2085170, 0, 0, 0
51200, 1952931, 0, 0, 0
51300, 2344775, 0, 0, 0
51400, 2413243, 0, 0, 0
51500, 3062620, 0, 0, 0
51600, 2769943, 0, 0, 0
51700, 2433763, 0, 0, 0
51800, 2499766, 0, 0, 0
51900, 2546440, 0, 0, 0
52000, 2506070, 0, 0, 0
52100, 2206088, 0, 0, 0
52200, 2050066, 0, 0, 0
52300, 2561295, 0, 0, 0
52400, 2421940, 0, 0, 0
52500, 1975179, 0, 0, 0
52600, 2481819, 0, 0, 0
52700, 2100098, 0, 0, 0
52800, 1953264, 0, 0, 0
52900, 2078590, 0, 0, 0
53000, 2446411, 0, 0, 0
53100, 2386674, 0, 0, 0
53200, 2419811, 0, 0, 0
53300, 2424726, 0, 0, 0
53400, 2451308, 0, 0, 0
53500, 2362730, 0, 0, 0
53600, 2398079, 0, 0, 0
53700, 2376064, 0, 0, 0
53800, 1959900, 0, 0, 0
53900, 1733477, 0, 0, 0
54000, 2370917, 0, 0, 0
54100, 2377963, 0, 0, 0
54200, 2156800, 0, 0, 0
54300, 1870965, 0, 0, 0
54400, 1891659, 0, 0, 0
54500, 2408416, 0, 0, 0
54600, 2425070, 0, 0, 0
54700, 2518664, 0, 0, 0
54800, 2411521, 0, 0, 0
54900, 1944012, 0, 0, 0
55000, 2546695, 0, 0, 0
55100, 2369397, 0, 0, 0
55200, 2099777, 0, 0, 0
55300, 2416002, 0, 0, 0
55400, 2300489, 0, 0, 0
55500, 2408149, 0, 0, 0
55600, 2318990, 0, 0, 0
55700, 2131954, 0, 0, 0
55800, 2216097, 0, 0, 0
55900, 2125484, 0, 0, 0
56000, 2289499, 0, 0, 0
56100, 2401563, 0, 0, 0
56200, 2436011, 0, 0, 0
56300, 2639425, 0, 0, 0
56400, 2134724, 0, 0, 0
56500, 1987445, 0, 0, 0
56600, 2184406, 0, 0, 0
56700, 2533485, 0, 0, 0
56800, 2421368, 0, 0, 0
56900, 1827118, 0, 0, 0
57000, 2556553, 0, 0, 0
57100, 1925803, 0, 0, 0
57200, 2289869, 0, 0, 0
57300, 2066019, 0, 0, 0
57400, 1995662, 0, 0, 0
57500, 2153469, 0, 0, 0
57600, 2377889, 0, 0, 0
57700, 2517059, 0, 0, 0
57800, 2409496, 0, 0, 0
57900, 2457096, 0, 0, 0
58000, 2337729, 0, 0, 0
58100, 2475856, 0, 0, 0
58200, 2505949, 0, 0, 0
58300, 2452905, 0, 0, 0
58400, 2482989, 0, 0, 0
58500, 2102893, 0, 0, 0
58600, 2264451, 0, 0, 0
58700, 2466562, 0, 0, 0
58800, 2504449, 0, 0, 0
58900, 2438386, 0, 0, 0
59000, 2457064, 0, 0, 0
59100, 2335956, 0, 0, 0
59200, 2314940, 0, 0, 0
59300, 2235582, 0, 0, 0
59400, 2359589, 0, 0, 0
59500, 2582153, 0, 0, 0
59600, 2461691, 0, 0, 0
59700, 2328325, 0, 0, 0
59800, 2305713, 0, 0, 0
59900, 1819850, 0, 0, 0
60000, 1976465, 0, 0, 0
60100, 2033879, 0, 0, 0
60200, 2538679, 0, 0, 0
60300, 2323472, 0, 0, 0
60400, 2408024, 0, 0, 0
60500, 2387453, 0, 0, 0
60600, 2242471, 0, 0, 0
60700, 1765548, 0, 0, 0
60800, 1854526, 0, 0, 0
60900, 1858709, 0, 0, 0
61000, 1874678, 0, 0, 0
61100, 2022059, 0, 0, 0
61200, 1921502, 0, 0, 0
61300, 2092580, 0, 0, 0
61400, 2518857, 0, 0, 0
61500, 2385624, 0, 0, 0
61600, 1837534, 0, 0, 0
61700, 2421973, 0, 0, 0
61800, 2482280, 0, 0, 0
61900, 2090156, 0, 0, 0
62000, 2354896, 0, 0, 0
62100, 2489362, 0, 0, 0
62200, 1932899, 0, 0, 0
62300, 2527735, 0, 0, 0
62400, 2528933, 0, 0, 0
62500, 2457195, 0, 0, 0
62600, 2397693, 0, 0, 0
62700, 2249588, 0, 0, 0
62800, 1952092, 0, 0, 0
62900, 2497522, 0, 0, 0
63000, 1944120, 0, 0, 0
63100, 2417451, 0, 0, 0
63200, 2364343, 0, 0, 0
63300, 2487601, 0, 0, 0
63400, 2392116, 0, 0, 0
63500, 2367189, 0, 0, 0
63600, 1841938, 0, 0, 0
63700, 2447132, 0, 0, 0
63800, 1808938, 0, 0, 0
63900, 1845002, 0, 0, 0
64000, 1727712, 0, 0, 0
64100, 1968807, 0, 0, 0
64200, 2480283, 0, 0, 0
64300, 2520715, 0, 0, 0
64400, 2654888, 0, 0, 0
64500, 2620493, 0, 0, 0
64600, 2388136, 0, 0, 0
64700, 1777884, 0, 0, 0
64800, 1782349, 0, 0, 0
64900, 1913126, 0, 0, 0
65000, 1850226, 0, 0, 0
65100, 2035759, 0, 0, 0
65200, 2534213, 0, 0, 0
65300, 2424806, 0, 0, 0
65400, 1982044, 0, 0, 0
65500, 2252910, 0, 0, 0
65600, 2498368, 0, 0, 0
65700, 2204402, 0, 0, 0
65800, 1895684, 0, 0, 0
65900, 2028530, 0, 0, 0
66000, 1719312, 0, 0, 0
66100, 2100140, 0, 0, 0
66200, 2384561, 0, 0, 0
66300, 2262809, 0, 0, 0
66400, 1878576, 0, 0, 0
66500, 3200504, 0, 0, 0
66600, 2321417, 0, 0, 0
66700, 2416783, 0, 0, 0
66800, 2401079, 0, 0, 0
66900, 2420377, 0, 0, 0
67000, 2425569, 0, 0, 0
67100, 2336718, 0, 0, 0
67200, 2472147, 0, 0, 0
67300, 2240917, 0, 0, 0
67400, 2226036, 0, 0, 0
67500, 1809842, 0, 0, 0
67600, 1920308, 0, 0, 0
67700, 2389723, 0, 0, 0
67800, 2441510, 0, 0, 0
67900, 2346927, 0, 0, 0
68000, 2313416, 0, 0, 0
68100, 2417202, 0, 0, 0
68200, 2391306, 0, 0, 0
68300, 1941830, 0, 0, 0
68400, 2614479, 0, 0, 0
68500, 2578921, 0, 0, 0
68600, 2353168, 0, 0, 0
68700, 2239229, 0, 0, 0
68800, 2388804, 0, 0, 0
68900, 2376510, 0, 0, 0
69000, 2399123, 0, 0, 0
69100, 2324314, 0, 0, 0
69200, 2098518, 0, 0, 0
69300, 1802302, 0, 0, 0
69400, 2157221, 0, 0, 0
69500, 2405411, 0, 0, 0
69600, 2385878, 0, 0, 0
69700, 2444698, 0, 0, 0
69800, 1958928, 0, 0, 0
69900, 1857736, 0, 0, 0
70000, 2337831, 0, 0, 0
70100, 2489323, 0, 0, 0
70200, 2317673, 0, 0, 0
70300, 2231446, 0, 0, 0
70400, 1783937, 0, 0, 0
70500, 1965271, 0, 0, 0
70600, 2386490, 0, 0, 0
70700, 2376752, 0, 0, 0
70800, 2490244, 0, 0, 0
70900, 2477586, 0, 0, 0
71000, 2039109, 0, 0, 0
71100, 2062551, 0, 0, 0
71200, 2433888, 0, 0, 0
71300, 2416545, 0, 0, 0
71400, 2405879, 0, 0, 0
71500, 2017430, 0, 0, 0
71600, 2278280, 0, 0, 0
71700, 2056032, 0, 0, 0
71800, 2273234, 0, 0, 0
71900, 2671887, 0, 0, 0
72000, 2352053, 0, 0, 0
72100, 1972386, 0, 0, 0
72200, 1877091, 0, 0, 0
72300, 1922849, 0, 0, 0
72400, 2385091, 0, 0, 0
72500, 2299142, 0, 0, 0
72600, 2024817, 0, 0, 0
72700, 2226325, 0, 0, 0
72800, 2199733, 0, 0, 0
72900, 1957529, 0, 0, 0
73000, 1881001, 0, 0, 0
73100, 2070916, 0, 0, 0
73200, 2404870, 0, 0, 0
73300, 2359869, 0, 0, 0
73400, 2375245, 0, 0, 0
73500, 2554704, 0, 0, 0
73600, 2420264, 0, 0, 0
73700, 2091049, 0, 0, 0
73800, 1995296, 0, 0, 0
73900, 2107269, 0, 0, 0
74000, 2034408, 0, 0, 0
74100, 2334444, 0, 0, 0
74200, 2575834, 0, 0, 0
74300, 2554902, 0, 0, 0
74400, 2426572, 0, 0, 0
74500, 2362288, 0, 0, 0
74600, 2380212, 0, 0, 0
74700, 2181579, 0, 0, 0
74800, 2379420, 0, 0, 0
74900, 2496785, 0, 0, 0
75000, 2316430, 0, 0, 0
75100, 2286954, 0, 0, 0
75200, 1931437, 0, 0, 0
75300, 2417808, 0, 0, 0
75400, 1883689, 0, 0, 0
75500, 1913744, 0, 0, 0
75600, 2308606, 0, 0, 0
75700, 1810102, 0, 0, 0
75800, 2407737, 0, 0, 0
75900, 2395147, 0, 0, 0
76000, 2155783, 0, 0, 0
76100, 2191755, 0, 0, 0
76200, 2568807, 0, 0, 0
76300, 2380442, 0, 0, 0
76400, 2499780, 0, 0, 0
76500, 2444546, 0, 0, 0
76600, 2101073, 0, 0, 0
76700, 2043179, 0, 0, 0
76800, 2374846, 0, 0, 0
76900, 2512324, 0, 0, 0
77000, 2285446, 0, 0, 0
77100, 1877735, 0, 0, 0
77200, 2100595, 0, 0, 0
77300, 2397849, 0, 0, 0
77400, 2463242, 0, 0, 0
77500, 2782734, 0, 0, 0
77600, 2522500, 0, 0, 0
77700, 2483071, 0, 0, 0
77800, 2261247, 0, 0, 0
77900, 2150482, 0, 0, 0
78000, 2456434, 0, 0, 0
78100, 2387476, 0, 0, 0
78200, 2420917, 0, 0, 0
78300, 2449098, 0, 0, 0
78400, 1936799, 0, 0, 0
78500, 2043723, 0, 0, 0
78600, 2234142, 0, 0, 0
78700, 2376646, 0, 0, 0
78800, 2258325, 0, 0, 0
78900, 2093528, 0, 0, 0
79000, 2467368, 0, 0, 0
79100, 2284406, 0, 0, 0
79200, 1990519, 0, 0, 0
79300, 2355080, 0, 0, 0
79400, 2337078, 0, 0, 0
79500, 2416213, 0, 0, 0
79600, 2404616, 0, 0, 0
79700, 1828192, 0, 0, 0
79800, 2385115, 0, 0, 0
79900, 2266050, 0, 0, 0
80000, 2523416, 0, 0, 0
80100, 2187155, 0, 0, 0
80200, 2491585, 0, 0, 0
80300, 1858131, 0, 0, 0
80400, 1730268, 0, 0, 0
80500, 2003232, 0, 0, 0
80600, 2525732, 0, 0, 0
80700, 2404454, 0, 0, 0
80800, 1896014, 0, 0, 0
80900, 2372686, 0, 0, 0
81000, 1963012, 0, 0, 0
81100, 2227398, 0, 0, 0
81200, 2122106, 0, 0, 0
81300, 2205816, 0, 0, 0
81400, 2158753, 0, 0, 0
81500, 2058356, 0, 0, 0
81600, 1989496, 0, 0, 0
81700, 1926146, 0, 0, 0
81800, 2400524, 0, 0, 0
81900, 2329429, 0, 0, 0
82000, 2395155, 0, 0, 0
82100, 2414208, 0, 0, 0
82200, 2578424, 0, 0, 0
82300, 2320815, 0, 0, 0
82400, 2438414, 0, 0, 0
82500, 2398837, 0, 0, 0
82600, 2387243, 0, 0, 0
82700, 2521730, 0, 0, 0
82800, 2395763, 0, 0, 0
82900, 1699436, 0, 0, 0
83000, 1998571, 0, 0, 0
83100, 2467068, 0, 0, 0
83200, 2497555, 0, 0, 0
83300, 2422673, 0, 0, 0
83400, 2476341, 0, 0, 0
83500, 2285988, 0, 0, 0
83600, 2136521, 0, 0, 0
83700, 2364964, 0, 0, 0
83800, 2384688, 0, 0, 0
83900, 2353049, 0, 0, 0
84000, 2530390, 0, 0, 0
84100, 2511017, 0, 0, 0
84200, 2446932, 0, 0, 0
84300, 2393866, 0, 0, 0
84400, 1888216, 0, 0, 0
84500, 2380801, 0, 0, 0
84600, 2408317, 0, 0, 0
84700, 2385531, 0, 0, 0
84800, 2345891, 0, 0, 0
84900, 2466085, 0, 0, 0
85000, 1769239, 0, 0, 0
85100, 2009311, 0, 0, 0
85200, 2427936, 0, 0, 0
85300, 2409172, 0, 0, 0
85400, 2028817, 0, 0, 0
85500, 1864588, 0, 0, 0
85600, 2169538, 0, 0, 0
85700, 2667339, 0, 0, 0
85800, 2489676, 0, 0, 0
85900, 1992484, 0, 0, 0
86000, 2121482, 0, 0, 0
86100, 2530768, 0, 0, 0
86200, 2398454, 0, 0, 0
86300, 2526580, 0, 0, 0
86400, 2711587, 0, 0, 0
86500, 2352182, 0, 0, 0
86600, 2453116, 0, 0, 0
86700, 2417799, 0, 0, 0
86800, 2465842, 0, 0, 0
86900, 2314811, 0, 0, 0
87000, 2351206, 0, 0, 0
87100, 1929169, 0, 0, 0
87200, 2313916, 0, 0, 0
87300, 2407367, 0, 0, 0
87400, 2330856, 0, 0, 0
87500, 2495796, 0, 0, 0
87600, 2354235, 0, 0, 0
87700, 2961318, 0, 0, 0
87800, 1927659, 0, 0, 0
87900, 1893745, 0, 0, 0
88000, 1859844, 0, 0, 0
88100, 1773070, 0, 0, 0
88200, 2603757, 0, 0, 0
88300, 2304791, 0, 0, 0
88400, 1886930, 0, 0, 0
88500, 2101586, 0, 0, 0
88600, 2464301, 0, 0, 0
88700, 2328200, 0, 0, 0
88800, 1959171, 0, 0, 0
88900, 1870561, 0, 0, 0
89000, 2373828, 0, 0, 0
89100, 2314380, 0, 0, 0
89200, 2331245, 0, 0, 0
89300, 2375518, 0, 0, 0
89400, 2400899, 0, 0, 0
89500, 2562401, 0, 0, 0
89600, 2354896, 0, 0, 0
89700, 1987219, 0, 0, 0
89800, 2256827, 0, 0, 0
89900, 2436239, 0, 0, 0
90000, 2507662, 0, 0, 0
90001, 3439451, 0, 0, 0
