100, 37984, 1, 0, 0
101, 9237, 0, 0, 0
200, 7549, 0, 0, 0
202, 31136, 1, 0, 0
300, 8177, 0, 0, 0
301, 37786, 1, 0, 0
400, 7320, 0, 0, 0
409, 30874, 1, 0, 0
501, 35995, 1, 0, 0
502, 8437, 0, 0, 0
600, 9867, 0, 0, 0
605, 43005, 1, 0, 0
700, 8454, 0, 0, 0
706, 36474, 1, 0, 0
800, 8452, 0, 0, 0
802, 35296, 1, 0, 0
901, 7887, 0, 0, 0
901, 34327, 1, 0, 0
1000, 9312, 0, 0, 0
1002, 40131, 1, 0, 0
1100, 9080, 0, 0, 0
1109, 43237, 1, 0, 0
1201, 37571, 1, 0, 0
1202, 8425, 0, 0, 0
1301, 8612, 0, 0, 0
1302, 36044, 1, 0, 0
1403, 7750, 0, 0, 0
1408, 33873, 1, 0, 0
1500, 8647, 0, 0, 0
1500, 40724, 1, 0, 0
1600, 7968, 0, 0, 0
1608, 34242, 1, 0, 0
1700, 8433, 0, 0, 0
1710, 36159, 1, 0, 0
1800, 9022, 0, 0, 0
1802, 44171, 1, 0, 0
1900, 8976, 0, 0, 0
1902, 39051, 1, 0, 0
2003, 8513, 0, 0, 0
2008, 39076, 1, 0, 0
2100, 44517, 1, 0, 0
2104, 9839, 0, 0, 0
2200, 8985, 0, 0, 0
2203, 38537, 1, 0, 0
2300, 9778, 0, 0, 0
2318, 41864, 1, 0, 0
2400, 9115, 0, 0, 0
2401, 41266, 1, 0, 0
2500, 9343, 0, 0, 0
2510, 40426, 1, 0, 0
2600, 8152, 0, 0, 0
2606, 36900, 1, 0, 0
2701, 7866, 0, 0, 0
2706, 34627, 1, 0, 0
2800, 42514, 1, 0, 0
2800, 9564, 0, 0, 0
2900, 8949, 0, 0, 0
2904, 35864, 1, 0, 0
3004, 7480, 0, 0, 0
3009, 32300, 1, 0, 0
3101, 28198, 1, 0, 0
3101, 6996, 0, 0, 0
3201, 7938, 0, 0, 0
3202, 32426, 1, 0, 0
3301, 7386, 0, 0, 0
3309, 31535, 1, 0, 0
3400, 7365, 0, 0, 0
3412, 32143, 1, 0, 0
3500, 8300, 0, 0, 0
3508, 36675, 1, 0, 0
3600, 7648, 0, 0, 0
3602, 32106, 1, 0, 0
3700, 8694, 0, 0, 0
3704, 30258, 1, 0, 0
3801, 8317, 0, 0, 0
3802, 38353, 1, 0, 0
3902, 8644, 0, 0, 0
3904, 39893, 1, 0, 0
4000, 9646, 0, 0, 0
4002, 41370, 1, 0, 0
4100, 8355, 0, 0, 0
4100, 31695, 1, 0, 0
4201, 9852, 0, 0, 0
4208, 43518, 1, 0, 0
4301, 8744, 0, 0, 0
4306, 40078, 1, 0, 0
4402, 7648, 0, 0, 0
4403, 41777, 1, 0, 0
4500, 38210, 1, 0, 0
4502, 9681, 0, 0, 0
4600, 41877, 1, 0, 0
4600, 8941, 0, 0, 0
4700, 9498, 0, 0, 0
4703, 40744, 1, 0, 0
4801, 9382, 0, 0, 0
4805, 42419, 1, 0, 0
4900, 8714, 0, 0, 0
4903, 41756, 1, 0, 0
5001, 8296, 0, 0, 0
5001, 43396, 1, 0, 0
5100, 38731, 1, 0, 0
5100, 10820, 0, 0, 0
5201, 9463, 0, 0, 0
5201, 39717, 1, 0, 0
5300, 8838, 0, 0, 0
5307, 41856, 1, 0, 0
5401, 9771, 0, 0, 0
5402, 38849, 1, 0, 0
5500, 8348, 0, 0, 0
5501, 42463, 1, 0, 0
5600, 44565, 1, 0, 0
5601, 8427, 0, 0, 0
5700, 44990, 1, 0, 0
5702, 8444, 0, 0, 0
5800, 9121, 0, 0, 0
5801, 38853, 1, 0, 0
5900, 9774, 0, 0, 0
5905, 37617, 1, 0, 0
6000, 7561, 0, 0, 0
6001, 40586, 1, 0, 0
6103, 8985, 0, 0, 0
6117, 45898, 1, 0, 0
6200, 39750, 1, 0, 0
6202, 8230, 0, 0, 0
6300, 8263, 0, 0, 0
6303, 38131, 1, 0, 0
6400, 9922, 0, 0, 0
6405, 39982, 1, 0, 0
6501, 9429, 0, 0, 0
6506, 36596, 1, 0, 0
6600, 44393, 1, 0, 0
6603, 9769, 0, 0, 0
6701, 38460, 1, 0, 0
6702, 8573, 0, 0, 0
6800, 8839, 0, 0, 0
6806, 38538, 1, 0, 0
6900, 39734, 1, 0, 0
6900, 7207, 0, 0, 0
7001, 8386, 0, 0, 0
7002, 40722, 1, 0, 0
7100, 9592, 0, 0, 0
7103, 42834, 1, 0, 0
7201, 8197, 0, 0, 0
7202, 40614, 1, 0, 0
7302, 8759, 0, 0, 0
7305, 39999, 1, 0, 0
7400, 41726, 1, 0, 0
7401, 8058, 0, 0, 0
7500, 8704, 0, 0, 0
7508, 41161, 1, 0, 0
7600, 8869, 0, 0, 0
7603, 40013, 1, 0, 0
7702, 37517, 1, 0, 0
7705, 8832, 0, 0, 0
7800, 9698, 0, 0, 0
7805, 35900, 1, 0, 0
7901, 9472, 0, 0, 0
7909, 42153, 1, 0, 0
8000, 38217, 1, 0, 0
8001, 8711, 0, 0, 0
8101, 39891, 1, 0, 0
8102, 10290, 0, 0, 0
8201, 9128, 0, 0, 0
8205, 35684, 1, 0, 0
8300, 8218, 0, 0, 0
8301, 39579, 1, 0, 0
8402, 11126, 0, 0, 0
8404, 36514, 1, 0, 0
8501, 10071, 0, 0, 0
8501, 39720, 1, 0, 0
8600, 39094, 1, 0, 0
8602, 8876, 0, 0, 0
8701, 10009, 0, 0, 0
8705, 42053, 1, 0, 0
8800, 41556, 1, 0, 0
8801, 9037, 0, 0, 0
8901, 7875, 0, 0, 0
8911, 42079, 1, 0, 0
9001, 8379, 0, 0, 0
9002, 40699, 1, 0, 0
9101, 8557, 0, 0, 0
9105, 38081, 1, 0, 0
9200, 8376, 0, 0, 0
9202, 40891, 1, 0, 0
9301, 41784, 1, 0, 0
9302, 8892, 0, 0, 0
9402, 38753, 1, 0, 0
9403, 8684, 0, 0, 0
9500, 9424, 0, 0, 0
9507, 36398, 1, 0, 0
9600, 8977, 0, 0, 0
9602, 41404, 1, 0, 0
9701, 9661, 0, 0, 0
9704, 42729, 1, 0, 0
9801, 10092, 0, 0, 0
9803, 38866, 1, 0, 0
9902, 40362, 1, 0, 0
9902, 7870, 0, 0, 0
10000, 8561, 0, 0, 0
10001, 40891, 1, 0, 0
10100, 43499, 1, 0, 0
10100, 8079, 0, 0, 0
10200, 9084, 0, 0, 0
10202, 40996, 1, 0, 0
10300, 38626, 1, 0, 0
10301, 7465, 0, 0, 0
10400, 8429, 0, 0, 0
10407, 39376, 1, 0, 0
10501, 9702, 0, 0, 0
10506, 41577, 1, 0, 0
10601, 41712, 1, 0, 0
10601, 7737, 0, 0, 0
10700, 7504, 0, 0, 0
10702, 39839, 1, 0, 0
10800, 43717, 1, 0, 0
10803, 8763, 0, 0, 0
10902, 8673, 0, 0, 0
10906, 42561, 1, 0, 0
11000, 9284, 0, 0, 0
11001, 42859, 1, 0, 0
11101, 7631, 0, 0, 0
11104, 41775, 1, 0, 0
11200, 7783, 0, 0, 0
11201, 41077, 1, 0, 0
11300, 41097, 1, 0, 0
11302, 8345, 0, 0, 0
11400, 7976, 0, 0, 0
11401, 40384, 1, 0, 0
11500, 43306, 1, 0, 0
11500, 8076, 0, 0, 0
11600, 9502, 0, 0, 0
11610, 38219, 1, 0, 0
11700, 9493, 0, 0, 0
11703, 38601, 1, 0, 0
11800, 8725, 0, 0, 0
11816, 40824, 1, 0, 0
11900, 8545, 0, 0, 0
11901, 42758, 1, 0, 0
12000, 8530, 0, 0, 0
12005, 43245, 1, 0, 0
12102, 41347, 1, 0, 0
12103, 8858, 0, 0, 0
12200, 9412, 0, 0, 0
12206, 40872, 1, 0, 0
12300, 41618, 1, 0, 0
12302, 8167, 0, 0, 0
12402, 9251, 0, 0, 0
12404, 43510, 1, 0, 0
12501, 8447, 0, 0, 0
12501, 40533, 1, 0, 0
12600, 40000, 1, 0, 0
12601, 8499, 0, 0, 0
12700, 6984, 0, 0, 0
12703, 40877, 1, 0, 0
12800, 8253, 0, 0, 0
12807, 38672, 1, 0, 0
12901, 40338, 1, 0, 0
12902, 7555, 0, 0, 0
13003, 8924, 0, 0, 0
13004, 43887, 1, 0, 0
13103, 36050, 1, 0, 0
13104, 8473, 0, 0, 0
13200, 40375, 1, 0, 0
13204, 8667, 0, 0, 0
13300, 8433, 0, 0, 0
13301, 38536, 1, 0, 0
13402, 8202, 0, 0, 0
13408, 39055, 1, 0, 0
13501, 39690, 1, 0, 0
13501, 7876, 0, 0, 0
13602, 7650, 0, 0, 0
13606, 42371, 1, 0, 0
13700, 44361, 1, 0, 0
13700, 8953, 0, 0, 0
13800, 41051, 1, 0, 0
13801, 7916, 0, 0, 0
13900, 8309, 0, 0, 0
13904, 40502, 1, 0, 0
14002, 7688, 0, 0, 0
14008, 38667, 1, 0, 0
14100, 8386, 0, 0, 0
14100, 40029, 1, 0, 0
14200, 8826, 0, 0, 0
14200, 44250, 1, 0, 0
14302, 42819, 1, 0, 0
14304, 7686, 0, 0, 0
14400, 38830, 1, 0, 0
14400, 8469, 0, 0, 0
14500, 7072, 0, 0, 0
14504, 37629, 1, 0, 0
14602, 7866, 0, 0, 0
14609, 38304, 1, 0, 0
14700, 7976, 0, 0, 0
14701, 40072, 1, 0, 0
14800, 7976, 0, 0, 0
14805, 41294, 1, 0, 0
14902, 9166, 0, 0, 0
14903, 40568, 1, 0, 0
15000, 38408, 1, 0, 0
15001, 8353, 0, 0, 0
15100, 9000, 0, 0, 0
15107, 37886, 1, 0, 0
15202, 8266, 0, 0, 0
15206, 43376, 1, 0, 0
15300, 9162, 0, 0, 0
15302, 37010, 1, 0, 0
15401, 42768, 1, 0, 0
15402, 9495, 0, 0, 0
15500, 8404, 0, 0, 0
15503, 41028, 1, 0, 0
15601, 8505, 0, 0, 0
15603, 41149, 1, 0, 0
15701, 40239, 1, 0, 0
15703, 8021, 0, 0, 0
15802, 8080, 0, 0, 0
15804, 40273, 1, 0, 0
15900, 7838, 0, 0, 0
15900, 39724, 1, 0, 0
16000, 9007, 0, 0, 0
16002, 41813, 1, 0, 0
16100, 8452, 0, 0, 0
16107, 40310, 1, 0, 0
16200, 41337, 1, 0, 0
16202, 9404, 0, 0, 0
16300, 8297, 0, 0, 0
16300, 39719, 1, 0, 0
16400, 7211, 0, 0, 0
16401, 37236, 1, 0, 0
16501, 7797, 0, 0, 0
16505, 41883, 1, 0, 0
16600, 8086, 0, 0, 0
16600, 39545, 1, 0, 0
16700, 7756, 0, 0, 0
16701, 38869, 1, 0, 0
16802, 39802, 1, 0, 0
16803, 7661, 0, 0, 0
16900, 41286, 1, 0, 0
16901, 7582, 0, 0, 0
17000, 9093, 0, 0, 0
17001, 38048, 1, 0, 0
17102, 42981, 1, 0, 0
17104, 8702, 0, 0, 0
17204, 7917, 0, 0, 0
17204, 39354, 1, 0, 0
17300, 8324, 0, 0, 0
17300, 38068, 1, 0, 0
17400, 40691, 1, 0, 0
17400, 9986, 0, 0, 0
17500, 7067, 0, 0, 0
17510, 35886, 1, 0, 0
17600, 7088, 0, 0, 0
17606, 42094, 1, 0, 0
17701, 10000, 0, 0, 0
17703, 39638, 1, 0, 0
17800, 41054, 1, 0, 0
17800, 7933, 0, 0, 0
17900, 39171, 1, 0, 0
17902, 8551, 0, 0, 0
18000, 8079, 0, 0, 0
18005, 42269, 1, 0, 0
18102, 10125, 0, 0, 0
18106, 40521, 1, 0, 0
18201, 7982, 0, 0, 0
18202, 42818, 1, 0, 0
18303, 9170, 0, 0, 0
18304, 39990, 1, 0, 0
18401, 7746, 0, 0, 0
18402, 40122, 1, 0, 0
18503, 8584, 0, 0, 0
18505, 41188, 1, 0, 0
18605, 39121, 1, 0, 0
18606, 9150, 0, 0, 0
18700, 9233, 0, 0, 0
18702, 38436, 1, 0, 0
18801, 8006, 0, 0, 0
18804, 39641, 1, 0, 0
18900, 40733, 1, 0, 0
18900, 9065, 0, 0, 0
19000, 7901, 0, 0, 0
19004, 42280, 1, 0, 0
19101, 40125, 1, 0, 0
19101, 7950, 0, 0, 0
19200, 8784, 0, 0, 0
19201, 40050, 1, 0, 0
19301, 9440, 0, 0, 0
19305, 38375, 1, 0, 0
19400, 8328, 0, 0, 0
19409, 42474, 1, 0, 0
19501, 8101, 0, 0, 0
19502, 41178, 1, 0, 0
19600, 8687, 0, 0, 0
19603, 39574, 1, 0, 0
19700, 9645, 0, 0, 0
19703, 40953, 1, 0, 0
19802, 7939, 0, 0, 0
19806, 39724, 1, 0, 0
19900, 38338, 1, 0, 0
19902, 8540, 0, 0, 0
20000, 9315, 0, 0, 0
20001, 40743, 1, 0, 0
20100, 7999, 0, 0, 0
20107, 41334, 1, 0, 0
20202, 40423, 1, 0, 0
20202, 9370, 0, 0, 0
20302, 8461, 0, 0, 0
20311, 41252, 1, 0, 0
20401, 9034, 0, 0, 0
20404, 38915, 1, 0, 0
20501, 7654, 0, 0, 0
20507, 40384, 1, 0, 0
20605, 8183, 0, 0, 0
20606, 39561, 1, 0, 0
20700, 8000, 0, 0, 0
20700, 38463, 1, 0, 0
20800, 9637, 0, 0, 0
20806, 38792, 1, 0, 0
20901, 7684, 0, 0, 0
20902, 39747, 1, 0, 0
21000, 8030, 0, 0, 0
21001, 38424, 1, 0, 0
21100, 8459, 0, 0, 0
21101, 42391, 1, 0, 0
21200, 8794, 0, 0, 0
21200, 43985, 1, 0, 0
21301, 8644, 0, 0, 0
21301, 39931, 1, 0, 0
21400, 8116, 0, 0, 0
21404, 42195, 1, 0, 0
21500, 40393, 1, 0, 0
21500, 7837, 0, 0, 0
21600, 7860, 0, 0, 0
21602, 38787, 1, 0, 0
21700, 7075, 0, 0, 0
21707, 38364, 1, 0, 0
21800, 8696, 0, 0, 0
21803, 40014, 1, 0, 0
21900, 8525, 0, 0, 0
21900, 39598, 1, 0, 0
22002, 38104, 1, 0, 0
22003, 9530, 0, 0, 0
22100, 40674, 1, 0, 0
22108, 9597, 0, 0, 0
22200, 8526, 0, 0, 0
22200, 42277, 1, 0, 0
22301, 9349, 0, 0, 0
22302, 41552, 1, 0, 0
22400, 8598, 0, 0, 0
22402, 39800, 1, 0, 0
22501, 8896, 0, 0, 0
22506, 39152, 1, 0, 0
22600, 7843, 0, 0, 0
22600, 37219, 1, 0, 0
22700, 8718, 0, 0, 0
22706, 40911, 1, 0, 0
22800, 8295, 0, 0, 0
22806, 37273, 1, 0, 0
22900, 8907, 0, 0, 0
22906, 39346, 1, 0, 0
23000, 42980, 1, 0, 0
23000, 9979, 0, 0, 0
23100, 7905, 0, 0, 0
23113, 34869, 1, 0, 0
23200, 8745, 0, 0, 0
23205, 39567, 1, 0, 0
23302, 7267, 0, 0, 0
23308, 33181, 1, 0, 0
23400, 8085, 0, 0, 0
23406, 37086, 1, 0, 0
23503, 31997, 1, 0, 0
23510, 7495, 0, 0, 0
23600, 7488, 0, 0, 0
23606, 32610, 1, 0, 0
23701, 7474, 0, 0, 0
23711, 31764, 1, 0, 0
23801, 9915, 0, 0, 0
23805, 33910, 1, 0, 0
23900, 8761, 0, 0, 0
23900, 38414, 1, 0, 0
24000, 9490, 0, 0, 0
24004, 39211, 1, 0, 0
24100, 9532, 0, 0, 0
24101, 39897, 1, 0, 0
24200, 9481, 0, 0, 0
24200, 39530, 1, 0, 0
24300, 8435, 0, 0, 0
24313, 37278, 1, 0, 0
24400, 10150, 0, 0, 0
24403, 40324, 1, 0, 0
24501, 9275, 0, 0, 0
24502, 34747, 1, 0, 0
24600, 7578, 0, 0, 0
24603, 34189, 1, 0, 0
24700, 9286, 0, 0, 0
24707, 42208, 1, 0, 0
24803, 7472, 0, 0, 0
24806, 34135, 1, 0, 0
24900, 9806, 0, 0, 0
24901, 46204, 1, 0, 0
25000, 38695, 1, 0, 0
25000, 9007, 0, 0, 0
25103, 9183, 0, 0, 0
25105, 41864, 1, 0, 0
25201, 37857, 1, 0, 0
25201, 9071, 0, 0, 0
25300, 34650, 1, 0, 0
25300, 8052, 0, 0, 0
25401, 10573, 0, 0, 0
25403, 41817, 1, 0, 0
25500, 7146, 0, 0, 0
25505, 33583, 1, 0, 0
25600, 36425, 1, 0, 0
25600, 7306, 0, 0, 0
25700, 33664, 1, 0, 0
25701, 7717, 0, 0, 0
25800, 9572, 0, 0, 0
25811, 37627, 1, 0, 0
25900, 8368, 0, 0, 0
25901, 39425, 1, 0, 0
26000, 35403, 1, 0, 0
26002, 9128, 0, 0, 0
26101, 31885, 1, 0, 0
26102, 7871, 0, 0, 0
26201, 8101, 0, 0, 0
26204, 34153, 1, 0, 0
26301, 8266, 0, 0, 0
26304, 36996, 1, 0, 0
26400, 8199, 0, 0, 0
26404, 36512, 1, 0, 0
26500, 8333, 0, 0, 0
26509, 37389, 1, 0, 0
26600, 7929, 0, 0, 0
26606, 34053, 1, 0, 0
26702, 37175, 1, 0, 0
26705, 8941, 0, 0, 0
26803, 7989, 0, 0, 0
26805, 35575, 1, 0, 0
26901, 39248, 1, 0, 0
26902, 8639, 0, 0, 0
27000, 8086, 0, 0, 0
27000, 34020, 1, 0, 0
27100, 9671, 0, 0, 0
27103, 37324, 1, 0, 0
27200, 8501, 0, 0, 0
27207, 37707, 1, 0, 0
27302, 35298, 1, 0, 0
27303, 8514, 0, 0, 0
27400, 33193, 1, 0, 0
27401, 7447, 0, 0, 0
27500, 7333, 0, 0, 0
27502, 42126, 1, 0, 0
27600, 35838, 1, 0, 0
27603, 8863, 0, 0, 0
27700, 10379, 0, 0, 0
27702, 41437, 1, 0, 0
27800, 38075, 1, 0, 0
27800, 8704, 0, 0, 0
27901, 9678, 0, 0, 0
27906, 42927, 1, 0, 0
28000, 45756, 1, 0, 0
28003, 10217, 0, 0, 0
28100, 35720, 1, 0, 0
28101, 8306, 0, 0, 0
28200, 8350, 0, 0, 0
28201, 35760, 1, 0, 0
28302, 7774, 0, 0, 0
28303, 34304, 1, 0, 0
28404, 8887, 0, 0, 0
28405, 41093, 1, 0, 0
28500, 7868, 0, 0, 0
28500, 34009, 1, 0, 0
28600, 7586, 0, 0, 0
28600, 33328, 1, 0, 0
28700, 7236, 0, 0, 0
28701, 31447, 1, 0, 0
28800, 38495, 1, 0, 0
28802, 9006, 0, 0, 0
28900, 40118, 1, 0, 0
28900, 9173, 0, 0, 0
29000, 37018, 1, 0, 0
29000, 8809, 0, 0, 0
29101, 8004, 0, 0, 0
29104, 33012, 1, 0, 0
29201, 8481, 0, 0, 0
29204, 37607, 1, 0, 0
29300, 33865, 1, 0, 0
29301, 8715, 0, 0, 0
29400, 10333, 0, 0, 0
29408, 44797, 1, 0, 0
29500, 9353, 0, 0, 0
29505, 41510, 1, 0, 0
29600, 7210, 0, 0, 0
29600, 34172, 1, 0, 0
29702, 7927, 0, 0, 0
29704, 31104, 1, 0, 0
29800, 28725, 1, 0, 0
29801, 6515, 0, 0, 0
29901, 8681, 0, 0, 0
29913, 34637, 1, 0, 0
30000, 9866, 0, 0, 0
30001, 41274, 1, 0, 0
30100, 8488, 0, 0, 0
30100, 39833, 1, 0, 0
30201, 35664, 1, 0, 0
30201, 8374, 0, 0, 0
30301, 8378, 0, 0, 0
30301, 35411, 1, 0, 0
30400, 9082, 0, 0, 0
30402, 42054, 1, 0, 0
30500, 8380, 0, 0, 0
30506, 36106, 1, 0, 0
30600, 7584, 0, 0, 0
30612, 32081, 1, 0, 0
30700, 8424, 0, 0, 0
30700, 40239, 1, 0, 0
30800, 7115, 0, 0, 0
30801, 36276, 1, 0, 0
30900, 6778, 0, 0, 0
30901, 31448, 1, 0, 0
31001, 7736, 0, 0, 0
31005, 35132, 1, 0, 0
31101, 8368, 0, 0, 0
31105, 33673, 1, 0, 0
31202, 8357, 0, 0, 0
31205, 32208, 1, 0, 0
31300, 9266, 0, 0, 0
31323, 44208, 1, 0, 0
31400, 9125, 0, 0, 0
31401, 39223, 1, 0, 0
31500, 35292, 1, 0, 0
31501, 8989, 0, 0, 0
31601, 8730, 0, 0, 0
31602, 39207, 1, 0, 0
31700, 35821, 1, 0, 0
31701, 9067, 0, 0, 0
31800, 10261, 0, 0, 0
31802, 43262, 1, 0, 0
31900, 37499, 1, 0, 0
31903, 7937, 0, 0, 0
32001, 8139, 0, 0, 0
32002, 35056, 1, 0, 0
32100, 39283, 1, 0, 0
32100, 8338, 0, 0, 0
32201, 8408, 0, 0, 0
32203, 36421, 1, 0, 0
32302, 35827, 1, 0, 0
32303, 8749, 0, 0, 0
32400, 9917, 0, 0, 0
32412, 45882, 1, 0, 0
32501, 8823, 0, 0, 0
32503, 34772, 1, 0, 0
32602, 7915, 0, 0, 0
32609, 34787, 1, 0, 0
32701, 7926, 0, 0, 0
32702, 32227, 1, 0, 0
32800, 34953, 1, 0, 0
32801, 8706, 0, 0, 0
32900, 35975, 1, 0, 0
32901, 9799, 0, 0, 0
33001, 34530, 1, 0, 0
33001, 8155, 0, 0, 0
33100, 9767, 0, 0, 0
33102, 43020, 1, 0, 0
33200, 36381, 1, 0, 0
33203, 9729, 0, 0, 0
33301, 7741, 0, 0, 0
33302, 37874, 1, 0, 0
33400, 8075, 0, 0, 0
33408, 34806, 1, 0, 0
33502, 9384, 0, 0, 0
33505, 43350, 1, 0, 0
33600, 8554, 0, 0, 0
33602, 34006, 1, 0, 0
33700, 8753, 0, 0, 0
33705, 36860, 1, 0, 0
33800, 37897, 1, 0, 0
33806, 8981, 0, 0, 0
33900, 7134, 0, 0, 0
33901, 33794, 1, 0, 0
34001, 38963, 1, 0, 0
34002, 8624, 0, 0, 0
34104, 8991, 0, 0, 0
34108, 39384, 1, 0, 0
34200, 8692, 0, 0, 0
34200, 33703, 1, 0, 0
34300, 7139, 0, 0, 0
34301, 32077, 1, 0, 0
34401, 9061, 0, 0, 0
34405, 41612, 1, 0, 0
34500, 6641, 0, 0, 0
34501, 36940, 1, 0, 0
34600, 8842, 0, 0, 0
34614, 39759, 1, 0, 0
34702, 9205, 0, 0, 0
34703, 33437, 1, 0, 0
34801, 8971, 0, 0, 0
34802, 37526, 1, 0, 0
34900, 36774, 1, 0, 0
34901, 8699, 0, 0, 0
35000, 9344, 0, 0, 0
35004, 43016, 1, 0, 0
35101, 43844, 1, 0, 0
35101, 8468, 0, 0, 0
35202, 8599, 0, 0, 0
35209, 41315, 1, 0, 0
35302, 9084, 0, 0, 0
35310, 39277, 1, 0, 0
35400, 40556, 1, 0, 0
35400, 8320, 0, 0, 0
35500, 8025, 0, 0, 0
35501, 35423, 1, 0, 0
35600, 38510, 1, 0, 0
35601, 7715, 0, 0, 0
35701, 7443, 0, 0, 0
35704, 38542, 1, 0, 0
35800, 8443, 0, 0, 0
35812, 42319, 1, 0, 0
35900, 10181, 0, 0, 0
35900, 41920, 1, 0, 0
36000, 8216, 0, 0, 0
36002, 40139, 1, 0, 0
36100, 44201, 1, 0, 0
36103, 8746, 0, 0, 0
36200, 42649, 1, 0, 0
36203, 9502, 0, 0, 0
36301, 39266, 1, 0, 0
36302, 8097, 0, 0, 0
36400, 8080, 0, 0, 0
36403, 39602, 1, 0, 0
36501, 39699, 1, 0, 0
36503, 7436, 0, 0, 0
36601, 8995, 0, 0, 0
36604, 40873, 1, 0, 0
36700, 9348, 0, 0, 0
36710, 39704, 1, 0, 0
36800, 40155, 1, 0, 0
36801, 8240, 0, 0, 0
36902, 41719, 1, 0, 0
36904, 8198, 0, 0, 0
37000, 8833, 0, 0, 0
37001, 43154, 1, 0, 0
37101, 8392, 0, 0, 0
37102, 42267, 1, 0, 0
37200, 9612, 0, 0, 0
37201, 39434, 1, 0, 0
37300, 7710, 0, 0, 0
37302, 39957, 1, 0, 0
37402, 9370, 0, 0, 0
37407, 43046, 1, 0, 0
37500, 42735, 1, 0, 0
37503, 9607, 0, 0, 0
37600, 40627, 1, 0, 0
37600, 8890, 0, 0, 0
37702, 9592, 0, 0, 0
37703, 40321, 1, 0, 0
37800, 9372, 0, 0, 0
37804, 37961, 1, 0, 0
37900, 8882, 0, 0, 0
37905, 36642, 1, 0, 0
38001, 7060, 0, 0, 0
38001, 39101, 1, 0, 0
38102, 8592, 0, 0, 0
38111, 40962, 1, 0, 0
38200, 41824, 1, 0, 0
38206, 8530, 0, 0, 0
38302, 40248, 1, 0, 0
38302, 9354, 0, 0, 0
38401, 7570, 0, 0, 0
38407, 40885, 1, 0, 0
38500, 8331, 0, 0, 0
38501, 41373, 1, 0, 0
38600, 8313, 0, 0, 0
38601, 40680, 1, 0, 0
38700, 7845, 0, 0, 0
38701, 40678, 1, 0, 0
38801, 8933, 0, 0, 0
38807, 38508, 1, 0, 0
38900, 8721, 0, 0, 0
38903, 39687, 1, 0, 0
39000, 7674, 0, 0, 0
39004, 38491, 1, 0, 0
39103, 9741, 0, 0, 0
39107, 45594, 1, 0, 0
39200, 35364, 1, 0, 0
39200, 9148, 0, 0, 0
39300, 9616, 0, 0, 0
39300, 37552, 1, 0, 0
39400, 9147, 0, 0, 0
39400, 39987, 1, 0, 0
39501, 37576, 1, 0, 0
39501, 7775, 0, 0, 0
39600, 9178, 0, 0, 0
39600, 42070, 1, 0, 0
39701, 7986, 0, 0, 0
39707, 39755, 1, 0, 0
39802, 41241, 1, 0, 0
39805, 8063, 0, 0, 0
39902, 7752, 0, 0, 0
39903, 42447, 1, 0, 0
40002, 8581, 0, 0, 0
40004, 43206, 1, 0, 0
40101, 39294, 1, 0, 0
40107, 8384, 0, 0, 0
40201, 42329, 1, 0, 0
40202, 7494, 0, 0, 0
40300, 8742, 0, 0, 0
40303, 46426, 1, 0, 0
40400, 42408, 1, 0, 0
40403, 8877, 0, 0, 0
40500, 9696, 0, 0, 0
40500, 41486, 1, 0, 0
40601, 37901, 1, 0, 0
40601, 9886, 0, 0, 0
40704, 40564, 1, 0, 0
40705, 7618, 0, 0, 0
40800, 41617, 1, 0, 0
40801, 8581, 0, 0, 0
40900, 38413, 1, 0, 0
40900, 7275, 0, 0, 0
41000, 39131, 1, 0, 0
41001, 9258, 0, 0, 0
41102, 9366, 0, 0, 0
41102, 40768, 1, 0, 0
41201, 40325, 1, 0, 0
41201, 8474, 0, 0, 0
41301, 40730, 1, 0, 0
41301, 9267, 0, 0, 0
41404, 10064, 0, 0, 0
41406, 39657, 1, 0, 0
41501, 8234, 0, 0, 0
41501, 42681, 1, 0, 0
41600, 8268, 0, 0, 0
41608, 38986, 1, 0, 0
41700, 40790, 1, 0, 0
41705, 7727, 0, 0, 0
41800, 9605, 0, 0, 0
41804, 40091, 1, 0, 0
41901, 6993, 0, 0, 0
41909, 37385, 1, 0, 0
42000, 7359, 0, 0, 0
42001, 39680, 1, 0, 0
42100, 8247, 0, 0, 0
42102, 41164, 1, 0, 0
42200, 10675, 0, 0, 0
42203, 42153, 1, 0, 0
42301, 38353, 1, 0, 0
42302, 9313, 0, 0, 0
42400, 9142, 0, 0, 0
42403, 38148, 1, 0, 0
42500, 7742, 0, 0, 0
42501, 39354, 1, 0, 0
42601, 9891, 0, 0, 0
42609, 41428, 1, 0, 0
42701, 40874, 1, 0, 0
42704, 8045, 0, 0, 0
42800, 41120, 1, 0, 0
42801, 7873, 0, 0, 0
42900, 8721, 0, 0, 0
42900, 37712, 1, 0, 0
43002, 40878, 1, 0, 0
43002, 8147, 0, 0, 0
43102, 8713, 0, 0, 0
43120, 43115, 1, 0, 0
43200, 8165, 0, 0, 0
43201, 41132, 1, 0, 0
43300, 41797, 1, 0, 0
43301, 8544, 0, 0, 0
43401, 39675, 1, 0, 0
43404, 8077, 0, 0, 0
43502, 39629, 1, 0, 0
43509, 9011, 0, 0, 0
43600, 41192, 1, 0, 0
43603, 8732, 0, 0, 0
43700, 7976, 0, 0, 0
43700, 38876, 1, 0, 0
43800, 10003, 0, 0, 0
43805, 41337, 1, 0, 0
43900, 39208, 1, 0, 0
43900, 9143, 0, 0, 0
44000, 9128, 0, 0, 0
44015, 44536, 1, 0, 0
44102, 38639, 1, 0, 0
44102, 7560, 0, 0, 0
44204, 9780, 0, 0, 0
44205, 41278, 1, 0, 0
44300, 8403, 0, 0, 0
44303, 43875, 1, 0, 0
44401, 8275, 0, 0, 0
44408, 41496, 1, 0, 0
44502, 36155, 1, 0, 0
44503, 8805, 0, 0, 0
44602, 8684, 0, 0, 0
44604, 41419, 1, 0, 0
44702, 8218, 0, 0, 0
44703, 44570, 1, 0, 0
44804, 9428, 0, 0, 0
44806, 38004, 1, 0, 0
44900, 8908, 0, 0, 0
44902, 41153, 1, 0, 0
45000, 7910, 0, 0, 0
45000, 40423, 1, 0, 0
45103, 8051, 0, 0, 0
45109, 43494, 1, 0, 0
45201, 9393, 0, 0, 0
45205, 42050, 1, 0, 0
45300, 37563, 1, 0, 0
45301, 9556, 0, 0, 0
45401, 7948, 0, 0, 0
45403, 39393, 1, 0, 0
45500, 8286, 0, 0, 0
45501, 38224, 1, 0, 0
45600, 8071, 0, 0, 0
45604, 42570, 1, 0, 0
45702, 41494, 1, 0, 0
45704, 8441, 0, 0, 0
45802, 9218, 0, 0, 0
45804, 38671, 1, 0, 0
45900, 8377, 0, 0, 0
45907, 40635, 1, 0, 0
46001, 39863, 1, 0, 0
46001, 7937, 0, 0, 0
46101, 40393, 1, 0, 0
46106, 8811, 0, 0, 0
46201, 9658, 0, 0, 0
46202, 43976, 1, 0, 0
46300, 39541, 1, 0, 0
46301, 7311, 0, 0, 0
46400, 7793, 0, 0, 0
46406, 39104, 1, 0, 0
46501, 39209, 1, 0, 0
46501, 9047, 0, 0, 0
46600, 8677, 0, 0, 0
46601, 40733, 1, 0, 0
46702, 7072, 0, 0, 0
46722, 38712, 1, 0, 0
46800, 39028, 1, 0, 0
46801, 8332, 0, 0, 0
46903, 8845, 0, 0, 0
46903, 39466, 1, 0, 0
47001, 38328, 1, 0, 0
47001, 7906, 0, 0, 0
47100, 8068, 0, 0, 0
47107, 38768, 1, 0, 0
47202, 7938, 0, 0, 0
47203, 38264, 1, 0, 0
47300, 39175, 1, 0, 0
47300, 7832, 0, 0, 0
47400, 7396, 0, 0, 0
47405, 39583, 1, 0, 0
47500, 43508, 1, 0, 0
47505, 8908, 0, 0, 0
47601, 39105, 1, 0, 0
47603, 8295, 0, 0, 0
47700, 6992, 0, 0, 0
47707, 37417, 1, 0, 0
47800, 9597, 0, 0, 0
47804, 38002, 1, 0, 0
47900, 9098, 0, 0, 0
47904, 40495, 1, 0, 0
48000, 36336, 1, 0, 0
48003, 8997, 0, 0, 0
48100, 42785, 1, 0, 0
48101, 10186, 0, 0, 0
48201, 7882, 0, 0, 0
48201, 39566, 1, 0, 0
48300, 9450, 0, 0, 0
48305, 42528, 1, 0, 0
48402, 40862, 1, 0, 0
48405, 8048, 0, 0, 0
48500, 8814, 0, 0, 0
48502, 44013, 1, 0, 0
48600, 41905, 1, 0, 0
48603, 8976, 0, 0, 0
48700, 38487, 1, 0, 0
48700, 9071, 0, 0, 0
48801, 8694, 0, 0, 0
48808, 38902, 1, 0, 0
48900, 43756, 1, 0, 0
48900, 9582, 0, 0, 0
49001, 7655, 0, 0, 0
49008, 41174, 1, 0, 0
49101, 8073, 0, 0, 0
49112, 38508, 1, 0, 0
49200, 8907, 0, 0, 0
49204, 36968, 1, 0, 0
49301, 41865, 1, 0, 0
49302, 8897, 0, 0, 0
49400, 8624, 0, 0, 0
49401, 38050, 1, 0, 0
49500, 40815, 1, 0, 0
49502, 9077, 0, 0, 0
49600, 8870, 0, 0, 0
49609, 39168, 1, 0, 0
49700, 7779, 0, 0, 0
49702, 36413, 1, 0, 0
49800, 9205, 0, 0, 0
49802, 41575, 1, 0, 0
49900, 9740, 0, 0, 0
49904, 41594, 1, 0, 0
50001, 38607, 1, 0, 0
50001, 8415, 0, 0, 0
50100, 41472, 1, 0, 0
50100, 9002, 0, 0, 0
50202, 41079, 1, 0, 0
50206, 8278, 0, 0, 0
50301, 9417, 0, 0, 0
50303, 38878, 1, 0, 0
50401, 10267, 0, 0, 0
50409, 38884, 1, 0, 0
50502, 9025, 0, 0, 0
50506, 41155, 1, 0, 0
50604, 7091, 0, 0, 0
50609, 37879, 1, 0, 0
50701, 37836, 1, 0, 0
50701, 7043, 0, 0, 0
50800, 9141, 0, 0, 0
50810, 40487, 1, 0, 0
50901, 7792, 0, 0, 0
50901, 38586, 1, 0, 0
51000, 8751, 0, 0, 0
51007, 40913, 1, 0, 0
51100, 38460, 1, 0, 0
51100, 7691, 0, 0, 0
51200, 8215, 0, 0, 0
51202, 39344, 1, 0, 0
51301, 8393, 0, 0, 0
51302, 39477, 1, 0, 0
51400, 8528, 0, 0, 0
51406, 40150, 1, 0, 0
51500, 7941, 0, 0, 0
51503, 38408, 1, 0, 0
51600, 7913, 0, 0, 0
51601, 37687, 1, 0, 0
51700, 9742, 0, 0, 0
51700, 38677, 1, 0, 0
51800, 7722, 0, 0, 0
51805, 40510, 1, 0, 0
51901, 39368, 1, 0, 0
51902, 8758, 0, 0, 0
52000, 39227, 1, 0, 0
52000, 8389, 0, 0, 0
52100, 39409, 1, 0, 0
52103, 7862, 0, 0, 0
52200, 8205, 0, 0, 0
52200, 42412, 1, 0, 0
52300, 7672, 0, 0, 0
52301, 40994, 1, 0, 0
52400, 39902, 1, 0, 0
52401, 7714, 0, 0, 0
52500, 8287, 0, 0, 0
52502, 40019, 1, 0, 0
52600, 8189, 0, 0, 0
52601, 38916, 1, 0, 0
52700, 8273, 0, 0, 0
52704, 38142, 1, 0, 0
52800, 8202, 0, 0, 0
52801, 41009, 1, 0, 0
52900, 9819, 0, 0, 0
52905, 39543, 1, 0, 0
53000, 8364, 0, 0, 0
53001, 39788, 1, 0, 0
53100, 41925, 1, 0, 0
53101, 8094, 0, 0, 0
53200, 43702, 1, 0, 0
53201, 7851, 0, 0, 0
53303, 8550, 0, 0, 0
53303, 40842, 1, 0, 0
53400, 8241, 0, 0, 0
53401, 39814, 1, 0, 0
53501, 8759, 0, 0, 0
53502, 41957, 1, 0, 0
53600, 8036, 0, 0, 0
53602, 40080, 1, 0, 0
53700, 7420, 0, 0, 0
53701, 39742, 1, 0, 0
53802, 8802, 0, 0, 0
53805, 38629, 1, 0, 0
53900, 39684, 1, 0, 0
53906, 8524, 0, 0, 0
54000, 8869, 0, 0, 0
54014, 40055, 1, 0, 0
54105, 40905, 1, 0, 0
54105, 8613, 0, 0, 0
54201, 9023, 0, 0, 0
54203, 41524, 1, 0, 0
54300, 9132, 0, 0, 0
54303, 38123, 1, 0, 0
54402, 8507, 0, 0, 0
54403, 37066, 1, 0, 0
54500, 42673, 1, 0, 0
54500, 9354, 0, 0, 0
54601, 39715, 1, 0, 0
54601, 7710, 0, 0, 0
54700, 35338, 1, 0, 0
54700, 7767, 0, 0, 0
54800, 9349, 0, 0, 0
54803, 42379, 1, 0, 0
54900, 39525, 1, 0, 0
54900, 7492, 0, 0, 0
55000, 39009, 1, 0, 0
55003, 8344, 0, 0, 0
55102, 8415, 0, 0, 0
55103, 41677, 1, 0, 0
55202, 42914, 1, 0, 0
55205, 8850, 0, 0, 0
55301, 8991, 0, 0, 0
55302, 38330, 1, 0, 0
55400, 10012, 0, 0, 0
55405, 39808, 1, 0, 0
55500, 9354, 0, 0, 0
55505, 40394, 1, 0, 0
55600, 38455, 1, 0, 0
55600, 7800, 0, 0, 0
55701, 8494, 0, 0, 0
55709, 40929, 1, 0, 0
55802, 9667, 0, 0, 0
55804, 38585, 1, 0, 0
55900, 7870, 0, 0, 0
55905, 40560, 1, 0, 0
56000, 7646, 0, 0, 0
56009, 39454, 1, 0, 0
56103, 9426, 0, 0, 0
56104, 39365, 1, 0, 0
56200, 42020, 1, 0, 0
56201, 8956, 0, 0, 0
56300, 9737, 0, 0, 0
56301, 42033, 1, 0, 0
56401, 38904, 1, 0, 0
56402, 9420, 0, 0, 0
56502, 8469, 0, 0, 0
56502, 41310, 1, 0, 0
56600, 41472, 1, 0, 0
56601, 9196, 0, 0, 0
56700, 8838, 0, 0, 0
56701, 36427, 1, 0, 0
56801, 9735, 0, 0, 0
56803, 40574, 1, 0, 0
56900, 8292, 0, 0, 0
56909, 39333, 1, 0, 0
57000, 8561, 0, 0, 0
57013, 42383, 1, 0, 0
57100, 8092, 0, 0, 0
57100, 38517, 1, 0, 0
57201, 9588, 0, 0, 0
57218, 41482, 1, 0, 0
57300, 8863, 0, 0, 0
57309, 37813, 1, 0, 0
57400, 9477, 0, 0, 0
57400, 40358, 1, 0, 0
57501, 39211, 1, 0, 0
57503, 8790, 0, 0, 0
57600, 6320, 0, 0, 0
57603, 38286, 1, 0, 0
57701, 7760, 0, 0, 0
57704, 40565, 1, 0, 0
57800, 8271, 0, 0, 0
57801, 40703, 1, 0, 0
57900, 8230, 0, 0, 0
57902, 38904, 1, 0, 0
58002, 40984, 1, 0, 0
58003, 8544, 0, 0, 0
58101, 9538, 0, 0, 0
58102, 40995, 1, 0, 0
58200, 9800, 0, 0, 0
58202, 41957, 1, 0, 0
58300, 10218, 0, 0, 0
58301, 38757, 1, 0, 0
58403, 40706, 1, 0, 0
58403, 8497, 0, 0, 0
58500, 37871, 1, 0, 0
58500, 9192, 0, 0, 0
58601, 7967, 0, 0, 0
58604, 38744, 1, 0, 0
58701, 8343, 0, 0, 0
58707, 41028, 1, 0, 0
58804, 7863, 0, 0, 0
58805, 37973, 1, 0, 0
58902, 7449, 0, 0, 0
58908, 39066, 1, 0, 0
59004, 8292, 0, 0, 0
59014, 37441, 1, 0, 0
59100, 9054, 0, 0, 0
59106, 40491, 1, 0, 0
59201, 8134, 0, 0, 0
59201, 40235, 1, 0, 0
59301, 8362, 0, 0, 0
59304, 37859, 1, 0, 0
59400, 40602, 1, 0, 0
59401, 9474, 0, 0, 0
59500, 8102, 0, 0, 0
59501, 38727, 1, 0, 0
59601, 38672, 1, 0, 0
59601, 8594, 0, 0, 0
59700, 7501, 0, 0, 0
59706, 38210, 1, 0, 0
59802, 7663, 0, 0, 0
59811, 36509, 1, 0, 0
59900, 7843, 0, 0, 0
59902, 38599, 1, 0, 0
60000, 8752, 0, 0, 0
60002, 39202, 1, 0, 0
60100, 9138, 0, 0, 0
60102, 41079, 1, 0, 0
60203, 39249, 1, 0, 0
60208, 8208, 0, 0, 0
60300, 38810, 1, 0, 0
60302, 8797, 0, 0, 0
60400, 8458, 0, 0, 0
60400, 41002, 1, 0, 0
60501, 40542, 1, 0, 0
60503, 8022, 0, 0, 0
60602, 8888, 0, 0, 0
60602, 41209, 1, 0, 0
60701, 36495, 1, 0, 0
60703, 8718, 0, 0, 0
60800, 7493, 0, 0, 0
60809, 40621, 1, 0, 0
60900, 7067, 0, 0, 0
60901, 37649, 1, 0, 0
61000, 7955, 0, 0, 0
61017, 44216, 1, 0, 0
61100, 8870, 0, 0, 0
61104, 39518, 1, 0, 0
61201, 7736, 0, 0, 0
61201, 41265, 1, 0, 0
61303, 9075, 0, 0, 0
61307, 41613, 1, 0, 0
61407, 8918, 0, 0, 0
61409, 42738, 1, 0, 0
61503, 8765, 0, 0, 0
61504, 42472, 1, 0, 0
61600, 7422, 0, 0, 0
61606, 39716, 1, 0, 0
61700, 38623, 1, 0, 0
61701, 7299, 0, 0, 0
61801, 38001, 1, 0, 0
61802, 7847, 0, 0, 0
61901, 8489, 0, 0, 0
61902, 36551, 1, 0, 0
62000, 38882, 1, 0, 0
62004, 7452, 0, 0, 0
62100, 38937, 1, 0, 0
62102, 8530, 0, 0, 0
62200, 8294, 0, 0, 0
62203, 44767, 1, 0, 0
62301, 9405, 0, 0, 0
62301, 41590, 1, 0, 0
62400, 8909, 0, 0, 0
62402, 42629, 1, 0, 0
62500, 9614, 0, 0, 0
62502, 40813, 1, 0, 0
62600, 8046, 0, 0, 0
62608, 38155, 1, 0, 0
62701, 8238, 0, 0, 0
62702, 39663, 1, 0, 0
62800, 8313, 0, 0, 0
62801, 40699, 1, 0, 0
62901, 39478, 1, 0, 0
62902, 7497, 0, 0, 0
63000, 8453, 0, 0, 0
63002, 39759, 1, 0, 0
63100, 9412, 0, 0, 0
63107, 38891, 1, 0, 0
63205, 41528, 1, 0, 0
63205, 8797, 0, 0, 0
63300, 9251, 0, 0, 0
63300, 37609, 1, 0, 0
63400, 7616, 0, 0, 0
63403, 41453, 1, 0, 0
63501, 9081, 0, 0, 0
63503, 38455, 1, 0, 0
63600, 8666, 0, 0, 0
63600, 40122, 1, 0, 0
63700, 8568, 0, 0, 0
63700, 39389, 1, 0, 0
63801, 7727, 0, 0, 0
63803, 41415, 1, 0, 0
63900, 8160, 0, 0, 0
63902, 40365, 1, 0, 0
64000, 9566, 0, 0, 0
64002, 45830, 1, 0, 0
64101, 9754, 0, 0, 0
64113, 38231, 1, 0, 0
64202, 8483, 0, 0, 0
64212, 42277, 1, 0, 0
64303, 42665, 1, 0, 0
64307, 9804, 0, 0, 0
64401, 9288, 0, 0, 0
64403, 44294, 1, 0, 0
64504, 43289, 1, 0, 0
64506, 9027, 0, 0, 0
64600, 9334, 0, 0, 0
64600, 40923, 1, 0, 0
64700, 38369, 1, 0, 0
64700, 8647, 0, 0, 0
64801, 9371, 0, 0, 0
64808, 38601, 1, 0, 0
64900, 9367, 0, 0, 0
64902, 40764, 1, 0, 0
65001, 39043, 1, 0, 0
65002, 7612, 0, 0, 0
65100, 7895, 0, 0, 0
65110, 39538, 1, 0, 0
65200, 9117, 0, 0, 0
65202, 40165, 1, 0, 0
65300, 8231, 0, 0, 0
65303, 39993, 1, 0, 0
65400, 8494, 0, 0, 0
65400, 42766, 1, 0, 0
65500, 42763, 1, 0, 0
65504, 7931, 0, 0, 0
65600, 9061, 0, 0, 0
65604, 44656, 1, 0, 0
65702, 8137, 0, 0, 0
65703, 39816, 1, 0, 0
65800, 8957, 0, 0, 0
65800, 39167, 1, 0, 0
65900, 8008, 0, 0, 0
65903, 39882, 1, 0, 0
66002, 9723, 0, 0, 0
66005, 41816, 1, 0, 0
66101, 9192, 0, 0, 0
66106, 41666, 1, 0, 0
66200, 7752, 0, 0, 0
66202, 43436, 1, 0, 0
66300, 42824, 1, 0, 0
66301, 9760, 0, 0, 0
66400, 9104, 0, 0, 0
66400, 37458, 1, 0, 0
66500, 9116, 0, 0, 0
66501, 42820, 1, 0, 0
66603, 7477, 0, 0, 0
66605, 40588, 1, 0, 0
66700, 8321, 0, 0, 0
66707, 39771, 1, 0, 0
66801, 7125, 0, 0, 0
66804, 36056, 1, 0, 0
66900, 9635, 0, 0, 0
66900, 44649, 1, 0, 0
67001, 41657, 1, 0, 0
67002, 8327, 0, 0, 0
67100, 9058, 0, 0, 0
67105, 42457, 1, 0, 0
67200, 9677, 0, 0, 0
67201, 42473, 1, 0, 0
67301, 9681, 0, 0, 0
67305, 37077, 1, 0, 0
67400, 8197, 0, 0, 0
67403, 38930, 1, 0, 0
67500, 42233, 1, 0, 0
67500, 8461, 0, 0, 0
67601, 8724, 0, 0, 0
67605, 43308, 1, 0, 0
67701, 7828, 0, 0, 0
67703, 38017, 1, 0, 0
67801, 39951, 1, 0, 0
67801, 7781, 0, 0, 0
67901, 38971, 1, 0, 0
67901, 8533, 0, 0, 0
68001, 42492, 1, 0, 0
68003, 8779, 0, 0, 0
68100, 39328, 1, 0, 0
68102, 9714, 0, 0, 0
68201, 7869, 0, 0, 0
68204, 40404, 1, 0, 0
68302, 8119, 0, 0, 0
68303, 45080, 1, 0, 0
68400, 8197, 0, 0, 0
68402, 39125, 1, 0, 0
68500, 8205, 0, 0, 0
68501, 40337, 1, 0, 0
68602, 8270, 0, 0, 0
68604, 38856, 1, 0, 0
68700, 43442, 1, 0, 0
68700, 9056, 0, 0, 0
68801, 10081, 0, 0, 0
68803, 38499, 1, 0, 0
68901, 39994, 1, 0, 0
68902, 8161, 0, 0, 0
69000, 8998, 0, 0, 0
69001, 42554, 1, 0, 0
69104, 10199, 0, 0, 0
69105, 41256, 1, 0, 0
69200, 7713, 0, 0, 0
69203, 39622, 1, 0, 0
69302, 9662, 0, 0, 0
69302, 38299, 1, 0, 0
69402, 9514, 0, 0, 0
69405, 40624, 1, 0, 0
69501, 7862, 0, 0, 0
69504, 38023, 1, 0, 0
69601, 37964, 1, 0, 0
69601, 9172, 0, 0, 0
69700, 7732, 0, 0, 0
69706, 37262, 1, 0, 0
69801, 8582, 0, 0, 0
69804, 39173, 1, 0, 0
69903, 39291, 1, 0, 0
69906, 9495, 0, 0, 0
70000, 9205, 0, 0, 0
70003, 38860, 1, 0, 0
70101, 9478, 0, 0, 0
70105, 39663, 1, 0, 0
70202, 8574, 0, 0, 0
70209, 37928, 1, 0, 0
70301, 8452, 0, 0, 0
70305, 36004, 1, 0, 0
70401, 11538, 0, 0, 0
70403, 41248, 1, 0, 0
70504, 7652, 0, 0, 0
70509, 35673, 1, 0, 0
70601, 9247, 0, 0, 0
70604, 36846, 1, 0, 0
70700, 10139, 0, 0, 0
70700, 43705, 1, 0, 0
70800, 9071, 0, 0, 0
70807, 41166, 1, 0, 0
70903, 7495, 0, 0, 0
70903, 35328, 1, 0, 0
71003, 8900, 0, 0, 0
71004, 34782, 1, 0, 0
71101, 32400, 1, 0, 0
71103, 7981, 0, 0, 0
71200, 41862, 1, 0, 0
71202, 8647, 0, 0, 0
71301, 10382, 0, 0, 0
71303, 43405, 1, 0, 0
71400, 9673, 0, 0, 0
71400, 42482, 1, 0, 0
71500, 7916, 0, 0, 0
71502, 37105, 1, 0, 0
71602, 7938, 0, 0, 0
71603, 39743, 1, 0, 0
71700, 39328, 1, 0, 0
71701, 9565, 0, 0, 0
71801, 8766, 0, 0, 0
71804, 41642, 1, 0, 0
71900, 9117, 0, 0, 0
71902, 40642, 1, 0, 0
72000, 36068, 1, 0, 0
72001, 8049, 0, 0, 0
72100, 37004, 1, 0, 0
72100, 8897, 0, 0, 0
72201, 7962, 0, 0, 0
72204, 38752, 1, 0, 0
72300, 42380, 1, 0, 0
72300, 9687, 0, 0, 0
72402, 9534, 0, 0, 0
72404, 42791, 1, 0, 0
72500, 41591, 1, 0, 0
72500, 10515, 0, 0, 0
72600, 9678, 0, 0, 0
72610, 40566, 1, 0, 0
72705, 38814, 1, 0, 0
72705, 8628, 0, 0, 0
72800, 8084, 0, 0, 0
72802, 36803, 1, 0, 0
72900, 38263, 1, 0, 0
72903, 9638, 0, 0, 0
73000, 7951, 0, 0, 0
73003, 32874, 1, 0, 0
73100, 9708, 0, 0, 0
73103, 36682, 1, 0, 0
73201, 31872, 1, 0, 0
73201, 6929, 0, 0, 0
73301, 8888, 0, 0, 0
73303, 37662, 1, 0, 0
73402, 8533, 0, 0, 0
73410, 43954, 1, 0, 0
73500, 9735, 0, 0, 0
73501, 42385, 1, 0, 0
73600, 8706, 0, 0, 0
73611, 39579, 1, 0, 0
73700, 9821, 0, 0, 0
73718, 42970, 1, 0, 0
73800, 7650, 0, 0, 0
73804, 32782, 1, 0, 0
73902, 39987, 1, 0, 0
73902, 7997, 0, 0, 0
74003, 39571, 1, 0, 0
74003, 9383, 0, 0, 0
74102, 8980, 0, 0, 0
74102, 37417, 1, 0, 0
74200, 39480, 1, 0, 0
74202, 10011, 0, 0, 0
74300, 8282, 0, 0, 0
74301, 34976, 1, 0, 0
74402, 9303, 0, 0, 0
74404, 36276, 1, 0, 0
74501, 8161, 0, 0, 0
74503, 41273, 1, 0, 0
74600, 9296, 0, 0, 0
74602, 40955, 1, 0, 0
74700, 38421, 1, 0, 0
74701, 7368, 0, 0, 0
74802, 9882, 0, 0, 0
74803, 42364, 1, 0, 0
74901, 8840, 0, 0, 0
74904, 34483, 1, 0, 0
75000, 9898, 0, 0, 0
75004, 40886, 1, 0, 0
75101, 8941, 0, 0, 0
75107, 39663, 1, 0, 0
75200, 8680, 0, 0, 0
75202, 36976, 1, 0, 0
75301, 8638, 0, 0, 0
75303, 37267, 1, 0, 0
75400, 36928, 1, 0, 0
75402, 8695, 0, 0, 0
75502, 35770, 1, 0, 0
75502, 8372, 0, 0, 0
75600, 8685, 0, 0, 0
75602, 37906, 1, 0, 0
75701, 9951, 0, 0, 0
75704, 41907, 1, 0, 0
75801, 35011, 1, 0, 0
75801, 7917, 0, 0, 0
75903, 9892, 0, 0, 0
75905, 42419, 1, 0, 0
76000, 42094, 1, 0, 0
76001, 8928, 0, 0, 0
76100, 8800, 0, 0, 0
76101, 38571, 1, 0, 0
76200, 8066, 0, 0, 0
76205, 39575, 1, 0, 0
76303, 8575, 0, 0, 0
76303, 39341, 1, 0, 0
76402, 8362, 0, 0, 0
76403, 35825, 1, 0, 0
76500, 9247, 0, 0, 0
76507, 39202, 1, 0, 0
76600, 35492, 1, 0, 0
76601, 7376, 0, 0, 0
76700, 8793, 0, 0, 0
76713, 40826, 1, 0, 0
76800, 40649, 1, 0, 0
76803, 8485, 0, 0, 0
76900, 41165, 1, 0, 0
76901, 8601, 0, 0, 0
77000, 39397, 1, 0, 0
77003, 8297, 0, 0, 0
77102, 35532, 1, 0, 0
77102, 7936, 0, 0, 0
77200, 9447, 0, 0, 0
77201, 41441, 1, 0, 0
77300, 37465, 1, 0, 0
77301, 9134, 0, 0, 0
77402, 39374, 1, 0, 0
77406, 9223, 0, 0, 0
77501, 8655, 0, 0, 0
77503, 36769, 1, 0, 0
77600, 41436, 1, 0, 0
77603, 9223, 0, 0, 0
77701, 8614, 0, 0, 0
77702, 41710, 1, 0, 0
77800, 7574, 0, 0, 0
77805, 35870, 1, 0, 0
77900, 34147, 1, 0, 0
77901, 7349, 0, 0, 0
78000, 34341, 1, 0, 0
78002, 8897, 0, 0, 0
78100, 38088, 1, 0, 0
78100, 8402, 0, 0, 0
78205, 8778, 0, 0, 0
78206, 33305, 1, 0, 0
78301, 32611, 1, 0, 0
78304, 7981, 0, 0, 0
78400, 10283, 0, 0, 0
78407, 44283, 1, 0, 0
78500, 9864, 0, 0, 0
78500, 45721, 1, 0, 0
78600, 38801, 1, 0, 0
78602, 8954, 0, 0, 0
78700, 10616, 0, 0, 0
78701, 43177, 1, 0, 0
78801, 9157, 0, 0, 0
78804, 42605, 1, 0, 0
78901, 9114, 0, 0, 0
78903, 38194, 1, 0, 0
79000, 37138, 1, 0, 0
79003, 8731, 0, 0, 0
79100, 7869, 0, 0, 0
79106, 33848, 1, 0, 0
79200, 8501, 0, 0, 0
79201, 34995, 1, 0, 0
79302, 8286, 0, 0, 0
79310, 35751, 1, 0, 0
79402, 8502, 0, 0, 0
79402, 39091, 1, 0, 0
79501, 8119, 0, 0, 0
79506, 35895, 1, 0, 0
79600, 8717, 0, 0, 0
79602, 34169, 1, 0, 0
79702, 8597, 0, 0, 0
79704, 40500, 1, 0, 0
79800, 8554, 0, 0, 0
79808, 36674, 1, 0, 0
79901, 8540, 0, 0, 0
79907, 33678, 1, 0, 0
80000, 34311, 1, 0, 0
80011, 8869, 0, 0, 0
80100, 9854, 0, 0, 0
80101, 41995, 1, 0, 0
80200, 40456, 1, 0, 0
80201, 8961, 0, 0, 0
80301, 8589, 0, 0, 0
80304, 38302, 1, 0, 0
80400, 8019, 0, 0, 0
80402, 38102, 1, 0, 0
80501, 8082, 0, 0, 0
80503, 36325, 1, 0, 0
80600, 35853, 1, 0, 0
80601, 8394, 0, 0, 0
80700, 8841, 0, 0, 0
80703, 35564, 1, 0, 0
80801, 8072, 0, 0, 0
80808, 35809, 1, 0, 0
80900, 8915, 0, 0, 0
80902, 36646, 1, 0, 0
81002, 7839, 0, 0, 0
81006, 36914, 1, 0, 0
81100, 10038, 0, 0, 0
81102, 37821, 1, 0, 0
81202, 8749, 0, 0, 0
81203, 36183, 1, 0, 0
81300, 8411, 0, 0, 0
81309, 36271, 1, 0, 0
81400, 7715, 0, 0, 0
81407, 31996, 1, 0, 0
81500, 8499, 0, 0, 0
81508, 36273, 1, 0, 0
81600, 10189, 0, 0, 0
81611, 41931, 1, 0, 0
81700, 8430, 0, 0, 0
81709, 34874, 1, 0, 0
81801, 9200, 0, 0, 0
81805, 36589, 1, 0, 0
81900, 8316, 0, 0, 0
81903, 40185, 1, 0, 0
82001, 9454, 0, 0, 0
82007, 36419, 1, 0, 0
82100, 36753, 1, 0, 0
82102, 8840, 0, 0, 0
82200, 42161, 1, 0, 0
82201, 9243, 0, 0, 0
82301, 8926, 0, 0, 0
82301, 38887, 1, 0, 0
82400, 35361, 1, 0, 0
82401, 7429, 0, 0, 0
82500, 8849, 0, 0, 0
82508, 35724, 1, 0, 0
82600, 8285, 0, 0, 0
82604, 34091, 1, 0, 0
82700, 7872, 0, 0, 0
82702, 36217, 1, 0, 0
82800, 8694, 0, 0, 0
82804, 36560, 1, 0, 0
82900, 8238, 0, 0, 0
82904, 36492, 1, 0, 0
83005, 9128, 0, 0, 0
83008, 39562, 1, 0, 0
83100, 9080, 0, 0, 0
83105, 35446, 1, 0, 0
83200, 41907, 1, 0, 0
83202, 10132, 0, 0, 0
83300, 9300, 0, 0, 0
83300, 45122, 1, 0, 0
83400, 35959, 1, 0, 0
83400, 8554, 0, 0, 0
83500, 37277, 1, 0, 0
83504, 8721, 0, 0, 0
83600, 8004, 0, 0, 0
83601, 37327, 1, 0, 0
83700, 41602, 1, 0, 0
83700, 9533, 0, 0, 0
83800, 34949, 1, 0, 0
83800, 8442, 0, 0, 0
83902, 7371, 0, 0, 0
83908, 33934, 1, 0, 0
84001, 9235, 0, 0, 0
84004, 39234, 1, 0, 0
84100, 8177, 0, 0, 0
84102, 35195, 1, 0, 0
84201, 7996, 0, 0, 0
84203, 37702, 1, 0, 0
84300, 8798, 0, 0, 0
84305, 38007, 1, 0, 0
84400, 9253, 0, 0, 0
84402, 43248, 1, 0, 0
84501, 33778, 1, 0, 0
84502, 7224, 0, 0, 0
84602, 9879, 0, 0, 0
84604, 36083, 1, 0, 0
84700, 9200, 0, 0, 0
84703, 40020, 1, 0, 0
84800, 37825, 1, 0, 0
84800, 10171, 0, 0, 0
84901, 31367, 1, 0, 0
84903, 7643, 0, 0, 0
85000, 9462, 0, 0, 0
85019, 45621, 1, 0, 0
85102, 8587, 0, 0, 0
85109, 34307, 1, 0, 0
85201, 9631, 0, 0, 0
85204, 45634, 1, 0, 0
85300, 38120, 1, 0, 0
85301, 9005, 0, 0, 0
85400, 9353, 0, 0, 0
85403, 44907, 1, 0, 0
85500, 33609, 1, 0, 0
85501, 8322, 0, 0, 0
85600, 7571, 0, 0, 0
85610, 33107, 1, 0, 0
85700, 8207, 0, 0, 0
85700, 32794, 1, 0, 0
85800, 8868, 0, 0, 0
85802, 37631, 1, 0, 0
85900, 7486, 0, 0, 0
85907, 35332, 1, 0, 0
86001, 37928, 1, 0, 0
86002, 9530, 0, 0, 0
86100, 39882, 1, 0, 0
86100, 8408, 0, 0, 0
86201, 31985, 1, 0, 0
86202, 7463, 0, 0, 0
86300, 8986, 0, 0, 0
86302, 36796, 1, 0, 0
86400, 35400, 1, 0, 0
86401, 8306, 0, 0, 0
86500, 8223, 0, 0, 0
86502, 37800, 1, 0, 0
86600, 8143, 0, 0, 0
86611, 37637, 1, 0, 0
86701, 36966, 1, 0, 0
86701, 8264, 0, 0, 0
86804, 33028, 1, 0, 0
86804, 7414, 0, 0, 0
86901, 8340, 0, 0, 0
86903, 34426, 1, 0, 0
87001, 8049, 0, 0, 0
87013, 36981, 1, 0, 0
87100, 32017, 1, 0, 0
87101, 7456, 0, 0, 0
87200, 32778, 1, 0, 0
87200, 8131, 0, 0, 0
87300, 37630, 1, 0, 0
87303, 8003, 0, 0, 0
87402, 36654, 1, 0, 0
87406, 8121, 0, 0, 0
87500, 38675, 1, 0, 0
87503, 9554, 0, 0, 0
87600, 39674, 1, 0, 0
87601, 9117, 0, 0, 0
87700, 9102, 0, 0, 0
87700, 35244, 1, 0, 0
87801, 34322, 1, 0, 0
87801, 8066, 0, 0, 0
87901, 8124, 0, 0, 0
87903, 36719, 1, 0, 0
88002, 7959, 0, 0, 0
88008, 31537, 1, 0, 0
88102, 8529, 0, 0, 0
88104, 35916, 1, 0, 0
88200, 7919, 0, 0, 0
88203, 34567, 1, 0, 0
88300, 9281, 0, 0, 0
88300, 42120, 1, 0, 0
88401, 8682, 0, 0, 0
88402, 38092, 1, 0, 0
88500, 8429, 0, 0, 0
88503, 37106, 1, 0, 0
88600, 9025, 0, 0, 0
88603, 43771, 1, 0, 0
88700, 9001, 0, 0, 0
88701, 35057, 1, 0, 0
88801, 8075, 0, 0, 0
88801, 35986, 1, 0, 0
88900, 7350, 0, 0, 0
88905, 33398, 1, 0, 0
89003, 7636, 0, 0, 0
89004, 33778, 1, 0, 0
89100, 8509, 0, 0, 0
89105, 43643, 1, 0, 0
89202, 8393, 0, 0, 0
89203, 33251, 1, 0, 0
89300, 8891, 0, 0, 0
89308, 41015, 1, 0, 0
89400, 9475, 0, 0, 0
89400, 41232, 1, 0, 0
89500, 10016, 0, 0, 0
89501, 40875, 1, 0, 0
89601, 38614, 1, 0, 0
89603, 9257, 0, 0, 0
89702, 9498, 0, 0, 0
89705, 39142, 1, 0, 0
89802, 39921, 1, 0, 0
89804, 8576, 0, 0, 0
89900, 8043, 0, 0, 0
89900, 32265, 1, 0, 0
90022, 8085, 0, 0, 0
90022, 34653, 1, 0, 0
