250, 2064, 0, 0, 0
350, 2020, 0, 0, 0
450, 1930, 0, 0, 0
550, 1830, 0, 0, 0
651, 2030, 0, 0, 0
750, 1828, 0, 0, 0
850, 1860, 0, 0, 0
950, 2140, 0, 0, 0
1050, 1630, 0, 0, 0
1150, 2040, 0, 0, 0
1249, 1737, 0, 0, 0
1349, 1990, 0, 0, 0
1450, 2110, 0, 0, 0
1550, 1950, 0, 0, 0
1650, 2030, 0, 0, 0
1749, 1606, 0, 0, 0
1849, 1870, 0, 0, 0
1949, 1780, 0, 0, 0
2049, 1830, 0, 0, 0
2150, 1840, 0, 0, 0
2250, 1780, 0, 0, 0
2350, 2180, 0, 0, 0
2450, 2050, 0, 0, 0
2550, 2060, 0, 0, 0
2650, 2030, 0, 0, 0
2750, 1939, 0, 0, 0
2850, 1850, 0, 0, 0
2950, 1930, 0, 0, 0
3050, 1900, 0, 0, 0
3150, 2070, 0, 0, 0
3249, 1858, 0, 0, 0
3350, 1760, 0, 0, 0
3450, 1950, 0, 0, 0
3550, 1740, 0, 0, 0
3650, 1990, 0, 0, 0
3749, 1888, 0, 0, 0
3849, 1690, 0, 0, 0
3949, 1690, 0, 0, 0
4050, 1980, 0, 0, 0
4150, 1780, 0, 0, 0
4249, 1959, 0, 0, 0
4349, 1970, 0, 0, 0
4449, 1760, 0, 0, 0
4549, 2090, 0, 0, 0
4650, 1930, 0, 0, 0
4750, 2040, 0, 0, 0
4850, 2020, 0, 0, 0
4950, 2160, 0, 0, 0
5050, 1920, 0, 0, 0
5150, 1720, 0, 0, 0
5249, 1666, 0, 0, 0
5350, 1970, 0, 0, 0
5450, 1990, 0, 0, 0
5550, 1850, 0, 0, 0
5650, 2060, 0, 0, 0
5749, 2060, 0, 0, 0
5849, 1890, 0, 0, 0
5949, 1720, 0, 0, 0
6050, 1830, 0, 0, 0
6150, 1700, 0, 0, 0
6249, 1838, 0, 0, 0
6349, 1780, 0, 0, 0
6449, 2120, 0, 0, 0
6549, 2280, 0, 0, 0
6650, 2200, 0, 0, 0
6750, 1780, 0, 0, 0
6850, 2180, 0, 0, 0
6950, 2080, 0, 0, 0
7050, 1930, 0, 0, 0
7150, 1880, 0, 0, 0
7249, 1848, 0, 0, 0
7350, 2000, 0, 0, 0
7450, 1780, 0, 0, 0
7550, 2000, 0, 0, 0
7650, 1890, 0, 0, 0
7749, 1818, 0, 0, 0
7849, 1840, 0, 0, 0
7949, 1890, 0, 0, 0
8049, 1810, 0, 0, 0
8150, 1910, 0, 0, 0
8250, 1990, 0, 0, 0
8350, 1980, 0, 0, 0
8450, 1970, 0, 0, 0
8550, 1830, 0, 0, 0
8650, 1930, 0, 0, 0
8749, 2262, 0, 0, 0
8849, 2070, 0, 0, 0
8949, 1890, 0, 0, 0
9050, 1890, 0, 0, 0
9150, 1790, 0, 0, 0
9249, 1959, 0, 0, 0
9349, 1770, 0, 0, 0
9449, 1890, 0, 0, 0
9550, 1980, 0, 0, 0
9650, 2020, 0, 0, 0
9749, 1969, 0, 0, 0
9849, 1980, 0, 0, 0
9949, 1800, 0, 0, 0
10049, 1760, 0, 0, 0
10149, 1870, 0, 0, 0
10249, 1830, 0, 0, 0
10350, 1630, 0, 0, 0
10450, 1990, 0, 0, 0
10550, 2060, 0, 0, 0
10650, 1770, 0, 0, 0
10749, 1898, 0, 0, 0
10849, 1980, 0, 0, 0
10949, 1770, 0, 0, 0
11050, 1720, 0, 0, 0
11150, 1760, 0, 0, 0
11249, 2010, 0, 0, 0
11349, 1900, 0, 0, 0
11449, 1870, 0, 0, 0
11549, 1800, 0, 0, 0
11649, 1830, 0, 0, 0
11750, 2120, 0, 0, 0
11850, 2000, 0, 0, 0
11950, 1920, 0, 0, 0
12050, 1970, 0, 0, 0
12150, 2070, 0, 0, 0
12249, 2414, 0, 0, 0
12349, 1960, 0, 0, 0
12450, 2050, 0, 0, 0
12551, 1870, 0, 0, 0
12651, 1770, 0, 0, 0
12750, 1868, 0, 0, 0
12850, 1780, 0, 0, 0
12950, 1930, 0, 0, 0
13050, 2110, 0, 0, 0
13150, 1960, 0, 0, 0
13250, 1888, 0, 0, 0
13350, 1670, 0, 0, 0
13450, 1930, 0, 0, 0
13550, 2070, 0, 0, 0
13650, 1630, 0, 0, 0
13749, 1878, 0, 0, 0
13850, 1840, 0, 0, 0
13950, 1930, 0, 0, 0
14050, 1890, 0, 0, 0
14150, 1990, 0, 0, 0
14249, 1989, 0, 0, 0
14350, 1810, 0, 0, 0
14450, 2180, 0, 0, 0
14550, 1960, 0, 0, 0
14650, 1960, 0, 0, 0
14749, 1828, 0, 0, 0
14849, 1840, 0, 0, 0
14949, 1910, 0, 0, 0
15050, 1970, 0, 0, 0
15150, 1970, 0, 0, 0
15250, 2160, 0, 0, 0
15350, 1920, 0, 0, 0
15450, 1950, 0, 0, 0
15550, 1920, 0, 0, 0
15650, 2040, 0, 0, 0
15750, 2000, 0, 0, 0
15850, 1960, 0, 0, 0
15950, 1800, 0, 0, 0
16050, 1950, 0, 0, 0
16150, 2110, 0, 0, 0
16250, 1818, 0, 0, 0
16350, 1870, 0, 0, 0
16450, 1700, 0, 0, 0
16550, 1980, 0, 0, 0
16650, 2130, 0, 0, 0
16749, 1888, 0, 0, 0
16849, 2040, 0, 0, 0
16949, 2010, 0, 0, 0
17050, 1740, 0, 0, 0
17150, 1790, 0, 0, 0
17249, 1989, 0, 0, 0
17349, 1950, 0, 0, 0
17449, 1810, 0, 0, 0
17550, 1820, 0, 0, 0
17650, 2090, 0, 0, 0
17749, 1909, 0, 0, 0
17849, 1880, 0, 0, 0
17949, 1850, 0, 0, 0
18049, 2130, 0, 0, 0
18150, 1820, 0, 0, 0
18250, 1750, 0, 0, 0
18350, 2030, 0, 0, 0
18450, 1850, 0, 0, 0
18550, 2020, 0, 0, 0
18650, 1810, 0, 0, 0
18749, 2080, 0, 0, 0
18850, 1800, 0, 0, 0
18950, 2070, 0, 0, 0
19050, 1970, 0, 0, 0
19150, 2070, 0, 0, 0
19249, 1828, 0, 0, 0
19349, 2020, 0, 0, 0
19449, 1810, 0, 0, 0
19550, 1960, 0, 0, 0
19650, 2050, 0, 0, 0
19749, 1949, 0, 0, 0
19849, 1840, 0, 0, 0
19949, 1820, 0, 0, 0
20050, 1900, 0, 0, 0
20150, 1790, 0, 0, 0
20249, 2020, 0, 0, 0
20349, 1870, 0, 0, 0
20449, 1750, 0, 0, 0
20549, 2110, 0, 0, 0
20649, 1920, 0, 0, 0
20750, 1750, 0, 0, 0
20850, 2040, 0, 0, 0
20950, 2000, 0, 0, 0
21050, 2050, 0, 0, 0
21150, 1990, 0, 0, 0
21249, 1949, 0, 0, 0
21350, 1870, 0, 0, 0
21450, 1820, 0, 0, 0
21550, 2200, 0, 0, 0
21650, 1990, 0, 0, 0
21749, 1808, 0, 0, 0
21849, 1970, 0, 0, 0
21949, 1970, 0, 0, 0
22050, 1900, 0, 0, 0
22150, 1950, 0, 0, 0
22249, 1707, 0, 0, 0
22349, 1740, 0, 0, 0
22449, 1660, 0, 0, 0
22549, 1940, 0, 0, 0
22650, 1890, 0, 0, 0
22750, 2020, 0, 0, 0
22850, 2080, 0, 0, 0
22950, 1780, 0, 0, 0
23050, 1750, 0, 0, 0
23150, 2000, 0, 0, 0
23249, 1838, 0, 0, 0
23349, 1930, 0, 0, 0
23450, 2010, 0, 0, 0
23550, 2110, 0, 0, 0
23650, 1820, 0, 0, 0
23749, 1929, 0, 0, 0
23849, 1770, 0, 0, 0
23949, 1780, 0, 0, 0
24050, 2160, 0, 0, 0
24150, 1880, 0, 0, 0
24250, 1720, 0, 0, 0
24350, 1900, 0, 0, 0
24450, 1930, 0, 0, 0
24550, 2300, 0, 0, 0
24651, 2130, 0, 0, 0
24750, 2050, 0, 0, 0
24850, 1730, 0, 0, 0
24950, 1640, 0, 0, 0
25050, 1930, 0, 0, 0
25150, 1870, 0, 0, 0
25250, 1868, 0, 0, 0
25350, 2080, 0, 0, 0
25450, 2040, 0, 0, 0
25550, 1850, 0, 0, 0
25650, 1980, 0, 0, 0
25749, 1757, 0, 0, 0
25849, 1810, 0, 0, 0
25950, 1780, 0, 0, 0
26050, 2020, 0, 0, 0
26150, 2000, 0, 0, 0
26249, 1717, 0, 0, 0
26349, 2170, 0, 0, 0
26449, 1800, 0, 0, 0
26549, 1920, 0, 0, 0
26650, 2050, 0, 0, 0
26750, 1870, 0, 0, 0
26850, 1960, 0, 0, 0
26950, 1880, 0, 0, 0
27050, 1800, 0, 0, 0
27150, 1900, 0, 0, 0
27250, 1808, 0, 0, 0
27350, 1810, 0, 0, 0
27450, 1860, 0, 0, 0
27550, 1970, 0, 0, 0
27650, 2390, 0, 0, 0
27750, 2000, 0, 0, 0
27850, 1760, 0, 0, 0
27950, 2030, 0, 0, 0
28050, 2010, 0, 0, 0
28150, 1880, 0, 0, 0
28249, 1929, 0, 0, 0
28349, 1970, 0, 0, 0
28449, 2120, 0, 0, 0
28550, 2140, 0, 0, 0
28650, 1980, 0, 0, 0
28749, 2020, 0, 0, 0
28849, 2040, 0, 0, 0
28949, 1930, 0, 0, 0
29050, 2040, 0, 0, 0
29150, 1850, 0, 0, 0
29250, 1800, 0, 0, 0
29350, 2210, 0, 0, 0
29450, 2160, 0, 0, 0
29550, 2040, 0, 0, 0
29650, 1850, 0, 0, 0
29750, 1989, 0, 0, 0
29850, 1970, 0, 0, 0
29950, 1860, 0, 0, 0
30050, 2030, 0, 0, 0
30150, 1960, 0, 0, 0
30249, 1909, 0, 0, 0
30349, 1650, 0, 0, 0
30449, 1800, 0, 0, 0
30550, 1680, 0, 0, 0
30650, 1870, 0, 0, 0
30749, 1878, 0, 0, 0
30849, 1920, 0, 0, 0
30949, 1990, 0, 0, 0
31049, 2090, 0, 0, 0
31150, 2090, 0, 0, 0
31250, 2060, 0, 0, 0
31350, 1670, 0, 0, 0
31450, 1890, 0, 0, 0
31550, 1860, 0, 0, 0
31650, 1950, 0, 0, 0
31750, 2060, 0, 0, 0
31850, 1990, 0, 0, 0
31950, 2330, 0, 0, 0
32050, 2070, 0, 0, 0
32150, 1870, 0, 0, 0
32249, 1797, 0, 0, 0
32350, 1750, 0, 0, 0
32450, 1870, 0, 0, 0
32550, 2160, 0, 0, 0
32650, 1830, 0, 0, 0
32749, 2040, 0, 0, 0
32849, 1840, 0, 0, 0
32950, 1870, 0, 0, 0
33050, 2070, 0, 0, 0
33150, 2230, 0, 0, 0
33249, 1727, 0, 0, 0
33349, 1830, 0, 0, 0
33449, 1740, 0, 0, 0
33549, 2180, 0, 0, 0
33650, 2070, 0, 0, 0
33749, 2020, 0, 0, 0
33849, 1840, 0, 0, 0
33949, 1870, 0, 0, 0
34049, 1770, 0, 0, 0
34149, 2010, 0, 0, 0
34250, 1910, 0, 0, 0
34350, 1920, 0, 0, 0
34450, 1820, 0, 0, 0
34550, 1800, 0, 0, 0
34650, 1930, 0, 0, 0
34749, 1888, 0, 0, 0
34849, 1860, 0, 0, 0
34950, 1890, 0, 0, 0
35050, 1890, 0, 0, 0
35150, 1800, 0, 0, 0
35249, 2050, 0, 0, 0
35349, 2120, 0, 0, 0
35449, 2060, 0, 0, 0
35550, 1940, 0, 0, 0
35650, 2100, 0, 0, 0
35750, 1950, 0, 0, 0
35850, 1890, 0, 0, 0
35950, 2040, 0, 0, 0
36050, 1920, 0, 0, 0
36150, 1860, 0, 0, 0
36250, 2141, 0, 0, 0
36350, 1870, 0, 0, 0
36450, 2200, 0, 0, 0
36550, 1930, 0, 0, 0
36650, 2040, 0, 0, 0
36749, 2151, 0, 0, 0
36850, 1760, 0, 0, 0
36950, 2040, 0, 0, 0
37050, 2110, 0, 0, 0
37150, 1860, 0, 0, 0
37249, 1787, 0, 0, 0
37349, 2050, 0, 0, 0
37449, 2030, 0, 0, 0
37550, 1690, 0, 0, 0
37650, 2200, 0, 0, 0
37749, 2121, 0, 0, 0
37849, 2150, 0, 0, 0
37949, 1980, 0, 0, 0
38049, 1940, 0, 0, 0
38150, 2140, 0, 0, 0
38249, 1747, 0, 0, 0
38349, 2090, 0, 0, 0
38449, 2100, 0, 0, 0
38550, 1840, 0, 0, 0
38650, 2390, 0, 0, 0
38750, 1940, 0, 0, 0
38850, 1960, 0, 0, 0
38950, 1760, 0, 0, 0
39050, 1940, 0, 0, 0
39151, 1860, 0, 0, 0
39250, 1777, 0, 0, 0
39350, 2090, 0, 0, 0
39450, 2030, 0, 0, 0
39550, 2050, 0, 0, 0
39650, 1850, 0, 0, 0
39749, 2000, 0, 0, 0
39849, 1930, 0, 0, 0
39950, 1850, 0, 0, 0
40050, 1980, 0, 0, 0
40150, 2030, 0, 0, 0
40249, 2191, 0, 0, 0
40349, 1870, 0, 0, 0
40449, 2050, 0, 0, 0
40550, 1820, 0, 0, 0
40650, 2030, 0, 0, 0
40749, 1606, 0, 0, 0
40849, 1640, 0, 0, 0
40949, 1980, 0, 0, 0
41050, 1940, 0, 0, 0
41150, 1870, 0, 0, 0
41249, 2010, 0, 0, 0
41349, 1790, 0, 0, 0
41449, 1970, 0, 0, 0
41549, 1910, 0, 0, 0
41649, 2080, 0, 0, 0
41750, 1900, 0, 0, 0
41850, 1890, 0, 0, 0
41950, 2010, 0, 0, 0
42050, 2170, 0, 0, 0
42150, 1830, 0, 0, 0
42249, 2141, 0, 0, 0
42349, 1940, 0, 0, 0
42449, 1900, 0, 0, 0
42550, 2080, 0, 0, 0
42650, 2200, 0, 0, 0
42749, 1959, 0, 0, 0
42849, 1990, 0, 0, 0
42949, 1760, 0, 0, 0
43049, 1910, 0, 0, 0
43149, 1940, 0, 0, 0
43250, 2080, 0, 0, 0
43350, 1940, 0, 0, 0
43450, 2050, 0, 0, 0
43550, 2060, 0, 0, 0
43650, 1940, 0, 0, 0
43749, 1919, 0, 0, 0
43849, 2060, 0, 0, 0
43950, 1720, 0, 0, 0
44050, 2220, 0, 0, 0
44150, 1930, 0, 0, 0
44249, 1969, 0, 0, 0
44349, 1960, 0, 0, 0
44450, 1820, 0, 0, 0
44550, 1920, 0, 0, 0
44650, 2070, 0, 0, 0
44749, 2252, 0, 0, 0
44849, 2040, 0, 0, 0
44949, 2010, 0, 0, 0
45050, 1950, 0, 0, 0
45150, 2060, 0, 0, 0
45250, 1840, 0, 0, 0
45350, 1890, 0, 0, 0
45450, 2040, 0, 0, 0
45550, 2130, 0, 0, 0
45650, 1880, 0, 0, 0
45750, 1696, 0, 0, 0
45850, 1840, 0, 0, 0
45950, 2110, 0, 0, 0
46050, 1980, 0, 0, 0
46150, 1770, 0, 0, 0
46249, 1939, 0, 0, 0
46349, 1930, 0, 0, 0
46449, 2160, 0, 0, 0
46550, 1890, 0, 0, 0
46650, 2170, 0, 0, 0
46749, 2040, 0, 0, 0
46849, 1890, 0, 0, 0
46949, 2050, 0, 0, 0
47049, 1850, 0, 0, 0
47150, 1750, 0, 0, 0
47250, 1960, 0, 0, 0
47350, 1990, 0, 0, 0
47450, 1960, 0, 0, 0
47550, 2170, 0, 0, 0
47650, 1670, 0, 0, 0
47750, 2101, 0, 0, 0
47850, 2290, 0, 0, 0
47950, 2010, 0, 0, 0
48050, 1820, 0, 0, 0
48150, 2100, 0, 0, 0
48249, 1848, 0, 0, 0
48349, 2040, 0, 0, 0
48449, 2040, 0, 0, 0
48550, 2000, 0, 0, 0
48650, 1880, 0, 0, 0
48749, 1949, 0, 0, 0
48849, 1970, 0, 0, 0
48949, 1670, 0, 0, 0
49049, 1780, 0, 0, 0
49149, 2000, 0, 0, 0
49250, 2020, 0, 0, 0
49350, 2080, 0, 0, 0
49450, 2170, 0, 0, 0
49550, 1790, 0, 0, 0
49651, 2040, 0, 0, 0
49750, 2050, 0, 0, 0
49850, 1890, 0, 0, 0
49950, 2010, 0, 0, 0
50050, 2040, 0, 0, 0
50150, 1970, 0, 0, 0
50250, 1949, 0, 0, 0
50350, 1860, 0, 0, 0
50450, 1730, 0, 0, 0
50550, 2050, 0, 0, 0
50650, 1930, 0, 0, 0
50749, 1969, 0, 0, 0
50849, 1950, 0, 0, 0
50950, 1940, 0, 0, 0
51050, 1900, 0, 0, 0
51150, 1850, 0, 0, 0
51249, 1909, 0, 0, 0
51349, 1640, 0, 0, 0
51450, 1820, 0, 0, 0
51550, 1860, 0, 0, 0
51650, 1840, 0, 0, 0
51750, 1959, 0, 0, 0
51850, 2220, 0, 0, 0
51950, 1990, 0, 0, 0
52050, 1830, 0, 0, 0
52150, 1700, 0, 0, 0
52249, 1868, 0, 0, 0
52350, 1830, 0, 0, 0
52450, 1950, 0, 0, 0
52550, 2120, 0, 0, 0
52650, 1700, 0, 0, 0
52749, 1878, 0, 0, 0
52849, 2020, 0, 0, 0
52949, 2150, 0, 0, 0
53050, 2020, 0, 0, 0
53150, 1840, 0, 0, 0
53249, 2040, 0, 0, 0
53349, 1790, 0, 0, 0
53449, 1870, 0, 0, 0
53549, 2040, 0, 0, 0
53649, 1980, 0, 0, 0
53750, 2130, 0, 0, 0
53850, 1780, 0, 0, 0
53950, 1850, 0, 0, 0
54050, 1990, 0, 0, 0
54150, 1950, 0, 0, 0
54250, 2080, 0, 0, 0
54350, 1870, 0, 0, 0
54450, 1900, 0, 0, 0
54550, 1820, 0, 0, 0
54650, 1940, 0, 0, 0
54750, 2080, 0, 0, 0
54850, 1760, 0, 0, 0
54950, 2050, 0, 0, 0
55050, 1790, 0, 0, 0
55150, 1900, 0, 0, 0
55249, 1868, 0, 0, 0
55350, 2240, 0, 0, 0
55450, 2260, 0, 0, 0
55550, 2020, 0, 0, 0
55650, 2110, 0, 0, 0
55749, 2060, 0, 0, 0
55849, 1830, 0, 0, 0
55949, 1810, 0, 0, 0
56049, 1860, 0, 0, 0
56149, 2000, 0, 0, 0
56250, 1960, 0, 0, 0
56350, 1710, 0, 0, 0
56450, 1850, 0, 0, 0
56551, 1950, 0, 0, 0
56651, 1760, 0, 0, 0
56750, 1909, 0, 0, 0
56850, 1680, 0, 0, 0
56950, 2060, 0, 0, 0
57050, 1670, 0, 0, 0
57150, 1830, 0, 0, 0
57250, 2000, 0, 0, 0
57350, 1940, 0, 0, 0
57450, 1930, 0, 0, 0
57550, 1800, 0, 0, 0
57650, 1940, 0, 0, 0
57749, 1868, 0, 0, 0
57849, 1910, 0, 0, 0
57949, 2140, 0, 0, 0
58050, 2000, 0, 0, 0
58150, 1870, 0, 0, 0
58249, 1989, 0, 0, 0
58349, 1850, 0, 0, 0
58449, 1750, 0, 0, 0
58549, 2010, 0, 0, 0
58649, 1980, 0, 0, 0
58750, 2020, 0, 0, 0
58850, 1970, 0, 0, 0
58950, 1830, 0, 0, 0
59050, 1850, 0, 0, 0
59150, 1870, 0, 0, 0
59249, 2040, 0, 0, 0
59349, 1460, 0, 0, 0
59449, 1690, 0, 0, 0
59550, 2110, 0, 0, 0
59650, 1970, 0, 0, 0
59750, 1840, 0, 0, 0
59850, 1790, 0, 0, 0
59950, 1770, 0, 0, 0
60050, 1840, 0, 0, 0
60150, 1920, 0, 0, 0
60249, 2111, 0, 0, 0
60350, 2000, 0, 0, 0
60450, 1840, 0, 0, 0
60550, 2050, 0, 0, 0
60650, 1940, 0, 0, 0
60749, 1838, 0, 0, 0
60849, 1890, 0, 0, 0
60950, 1830, 0, 0, 0
61050, 2010, 0, 0, 0
61150, 1900, 0, 0, 0
61249, 1969, 0, 0, 0
61349, 1950, 0, 0, 0
61449, 1880, 0, 0, 0
61550, 1990, 0, 0, 0
61650, 1790, 0, 0, 0
61749, 2040, 0, 0, 0
61849, 2180, 0, 0, 0
61949, 2040, 0, 0, 0
62050, 2190, 0, 0, 0
62150, 2060, 0, 0, 0
62249, 1919, 0, 0, 0
62349, 2030, 0, 0, 0
62449, 1930, 0, 0, 0
62550, 2340, 0, 0, 0
62650, 1910, 0, 0, 0
62749, 1898, 0, 0, 0
62849, 1860, 0, 0, 0
62949, 2180, 0, 0, 0
63049, 1770, 0, 0, 0
63149, 2050, 0, 0, 0
63250, 2040, 0, 0, 0
63350, 1950, 0, 0, 0
63450, 1870, 0, 0, 0
63550, 1780, 0, 0, 0
63650, 2090, 0, 0, 0
63749, 1929, 0, 0, 0
63849, 1970, 0, 0, 0
63949, 1850, 0, 0, 0
64050, 2140, 0, 0, 0
64150, 2120, 0, 0, 0
64249, 1949, 0, 0, 0
64349, 1890, 0, 0, 0
64449, 1890, 0, 0, 0
64549, 1930, 0, 0, 0
64649, 1880, 0, 0, 0
64750, 1950, 0, 0, 0
64850, 1830, 0, 0, 0
64950, 1910, 0, 0, 0
65050, 1840, 0, 0, 0
65150, 2010, 0, 0, 0
65249, 1939, 0, 0, 0
65349, 2070, 0, 0, 0
65449, 1790, 0, 0, 0
65550, 2050, 0, 0, 0
65650, 2060, 0, 0, 0
65749, 1969, 0, 0, 0
65849, 1920, 0, 0, 0
65949, 2000, 0, 0, 0
66049, 1910, 0, 0, 0
66150, 2050, 0, 0, 0
66250, 2050, 0, 0, 0
66350, 1930, 0, 0, 0
66450, 1710, 0, 0, 0
66550, 1990, 0, 0, 0
66650, 1910, 0, 0, 0
66749, 1969, 0, 0, 0
66849, 1880, 0, 0, 0
66949, 1840, 0, 0, 0
67050, 2090, 0, 0, 0
67150, 1950, 0, 0, 0
67249, 1868, 0, 0, 0
67349, 1840, 0, 0, 0
67449, 1760, 0, 0, 0
67549, 1950, 0, 0, 0
67649, 1890, 0, 0, 0
67750, 1960, 0, 0, 0
67850, 1970, 0, 0, 0
67950, 2070, 0, 0, 0
68050, 2000, 0, 0, 0
68150, 1960, 0, 0, 0
68249, 1929, 0, 0, 0
68349, 1910, 0, 0, 0
68449, 1850, 0, 0, 0
68550, 1980, 0, 0, 0
68650, 2150, 0, 0, 0
68749, 1979, 0, 0, 0
68849, 1930, 0, 0, 0
68949, 1870, 0, 0, 0
69049, 1970, 0, 0, 0
69149, 1760, 0, 0, 0
69250, 1870, 0, 0, 0
69350, 1840, 0, 0, 0
69450, 1720, 0, 0, 0
69550, 1860, 0, 0, 0
69650, 1770, 0, 0, 0
69749, 1848, 0, 0, 0
69849, 2120, 0, 0, 0
69950, 2060, 0, 0, 0
70050, 1830, 0, 0, 0
70150, 1980, 0, 0, 0
70249, 1939, 0, 0, 0
70349, 1910, 0, 0, 0
70449, 1830, 0, 0, 0
70549, 1930, 0, 0, 0
70649, 1970, 0, 0, 0
70750, 1880, 0, 0, 0
70850, 1850, 0, 0, 0
70950, 2300, 0, 0, 0
71050, 2060, 0, 0, 0
71150, 2040, 0, 0, 0
71250, 1929, 0, 0, 0
71350, 1770, 0, 0, 0
71450, 1810, 0, 0, 0
71550, 1680, 0, 0, 0
71650, 1920, 0, 0, 0
71749, 1959, 0, 0, 0
71849, 2070, 0, 0, 0
71949, 2010, 0, 0, 0
72050, 1960, 0, 0, 0
72150, 2060, 0, 0, 0
72249, 1808, 0, 0, 0
72349, 1990, 0, 0, 0
72449, 1920, 0, 0, 0
72550, 2010, 0, 0, 0
72650, 1930, 0, 0, 0
72750, 1930, 0, 0, 0
72850, 1840, 0, 0, 0
72950, 2150, 0, 0, 0
73050, 1960, 0, 0, 0
73150, 2030, 0, 0, 0
73250, 1969, 0, 0, 0
73350, 1860, 0, 0, 0
73450, 2000, 0, 0, 0
73550, 2020, 0, 0, 0
73650, 1880, 0, 0, 0
73749, 1717, 0, 0, 0
73849, 2050, 0, 0, 0
73949, 1950, 0, 0, 0
74050, 1890, 0, 0, 0
74150, 1940, 0, 0, 0
74250, 1970, 0, 0, 0
74350, 1970, 0, 0, 0
74450, 1920, 0, 0, 0
74550, 1960, 0, 0, 0
74650, 2030, 0, 0, 0
74750, 2070, 0, 0, 0
74850, 1890, 0, 0, 0
74950, 1970, 0, 0, 0
75050, 1930, 0, 0, 0
75150, 1900, 0, 0, 0
75249, 1979, 0, 0, 0
75350, 2090, 0, 0, 0
75450, 2040, 0, 0, 0
75550, 2170, 0, 0, 0
75650, 1780, 0, 0, 0
75749, 1868, 0, 0, 0
75849, 2070, 0, 0, 0
75949, 2010, 0, 0, 0
76050, 1970, 0, 0, 0
76150, 2020, 0, 0, 0
76250, 1940, 0, 0, 0
76350, 2000, 0, 0, 0
76450, 2140, 0, 0, 0
76550, 2040, 0, 0, 0
76650, 1900, 0, 0, 0
76750, 2020, 0, 0, 0
76850, 2080, 0, 0, 0
76950, 1900, 0, 0, 0
77050, 1790, 0, 0, 0
77150, 2120, 0, 0, 0
77249, 2030, 0, 0, 0
77349, 1860, 0, 0, 0
77449, 1940, 0, 0, 0
77550, 1980, 0, 0, 0
77650, 1820, 0, 0, 0
77749, 1858, 0, 0, 0
77849, 1890, 0, 0, 0
77949, 2190, 0, 0, 0
78049, 1770, 0, 0, 0
78149, 1790, 0, 0, 0
78249, 2060, 0, 0, 0
78349, 2200, 0, 0, 0
78450, 2040, 0, 0, 0
78550, 1870, 0, 0, 0
78650, 1930, 0, 0, 0
78749, 1919, 0, 0, 0
78849, 2020, 0, 0, 0
78949, 1930, 0, 0, 0
79049, 1970, 0, 0, 0
79150, 2090, 0, 0, 0
79250, 2120, 0, 0, 0
79350, 1920, 0, 0, 0
79450, 1900, 0, 0, 0
79550, 1910, 0, 0, 0
79650, 1940, 0, 0, 0
79749, 1939, 0, 0, 0
79850, 1760, 0, 0, 0
79950, 1880, 0, 0, 0
80050, 1840, 0, 0, 0
80150, 2180, 0, 0, 0
80249, 1959, 0, 0, 0
80350, 1890, 0, 0, 0
80450, 1940, 0, 0, 0
80550, 1920, 0, 0, 0
80650, 2060, 0, 0, 0
80749, 1848, 0, 0, 0
80849, 1910, 0, 0, 0
80949, 2020, 0, 0, 0
81050, 1960, 0, 0, 0
81150, 1980, 0, 0, 0
81249, 1858, 0, 0, 0
81349, 1920, 0, 0, 0
81449, 2040, 0, 0, 0
81550, 2090, 0, 0, 0
81650, 1930, 0, 0, 0
81749, 1929, 0, 0, 0
81849, 1910, 0, 0, 0
81949, 1990, 0, 0, 0
82049, 1720, 0, 0, 0
82150, 2020, 0, 0, 0
82250, 2280, 0, 0, 0
82350, 2180, 0, 0, 0
82450, 2180, 0, 0, 0
82550, 2050, 0, 0, 0
82650, 1980, 0, 0, 0
82749, 1919, 0, 0, 0
82849, 1990, 0, 0, 0
82950, 1940, 0, 0, 0
83050, 1800, 0, 0, 0
83150, 2160, 0, 0, 0
83249, 2373, 0, 0, 0
83349, 1890, 0, 0, 0
83450, 1880, 0, 0, 0
83550, 2050, 0, 0, 0
83650, 1970, 0, 0, 0
83749, 2020, 0, 0, 0
83849, 1930, 0, 0, 0
83949, 1840, 0, 0, 0
84049, 1530, 0, 0, 0
84149, 1890, 0, 0, 0
84250, 1930, 0, 0, 0
84350, 2110, 0, 0, 0
84450, 1910, 0, 0, 0
84550, 1910, 0, 0, 0
84650, 1880, 0, 0, 0
84750, 1818, 0, 0, 0
84850, 2020, 0, 0, 0
84950, 1820, 0, 0, 0
85050, 1990, 0, 0, 0
85150, 1850, 0, 0, 0
85249, 1686, 0, 0, 0
85349, 1800, 0, 0, 0
85450, 1880, 0, 0, 0
85550, 1920, 0, 0, 0
85650, 1680, 0, 0, 0
85749, 1818, 0, 0, 0
85849, 2270, 0, 0, 0
85949, 2020, 0, 0, 0
86050, 1980, 0, 0, 0
86150, 1740, 0, 0, 0
86249, 2060, 0, 0, 0
86349, 1660, 0, 0, 0
86449, 2030, 0, 0, 0
86549, 1870, 0, 0, 0
86649, 2020, 0, 0, 0
86750, 2060, 0, 0, 0
86850, 2000, 0, 0, 0
86950, 2080, 0, 0, 0
87050, 1860, 0, 0, 0
87150, 1940, 0, 0, 0
87250, 1949, 0, 0, 0
87350, 2020, 0, 0, 0
87450, 1970, 0, 0, 0
87550, 1850, 0, 0, 0
87650, 2190, 0, 0, 0
87749, 1949, 0, 0, 0
87850, 2000, 0, 0, 0
87950, 1750, 0, 0, 0
88050, 1950, 0, 0, 0
88150, 1900, 0, 0, 0
88249, 1848, 0, 0, 0
88349, 1860, 0, 0, 0
88449, 2050, 0, 0, 0
88550, 1900, 0, 0, 0
88650, 1910, 0, 0, 0
88749, 1989, 0, 0, 0
88849, 1890, 0, 0, 0
88950, 1840, 0, 0, 0
89050, 2020, 0, 0, 0
89150, 2130, 0, 0, 0
89249, 2000, 0, 0, 0
89349, 2250, 0, 0, 0
89449, 1920, 0, 0, 0
89550, 1970, 0, 0, 0
89650, 2250, 0, 0, 0
89749, 2060, 0, 0, 0
89849, 1840, 0, 0, 0
89949, 2190, 0, 0, 0
