250, 622592, 0, 0, 0
350, 624640, 0, 0, 0
450, 583680, 0, 0, 0
550, 430080, 0, 0, 0
650, 665600, 0, 0, 0
749, 558545, 0, 0, 0
849, 675840, 0, 0, 0
950, 593920, 0, 0, 0
1050, 604160, 0, 0, 0
1150, 614400, 0, 0, 0
1249, 537858, 0, 0, 0
1349, 563200, 0, 0, 0
1449, 593920, 0, 0, 0
1549, 696320, 0, 0, 0
1649, 634880, 0, 0, 0
1749, 542720, 0, 0, 0
1850, 706560, 0, 0, 0
1950, 655360, 0, 0, 0
2050, 614400, 0, 0, 0
2150, 757760, 0, 0, 0
2249, 682666, 0, 0, 0
2349, 696320, 0, 0, 0
2449, 512000, 0, 0, 0
2549, 706560, 0, 0, 0
2649, 552960, 0, 0, 0
2750, 430080, 0, 0, 0
2850, 563200, 0, 0, 0
2950, 471040, 0, 0, 0
3050, 573440, 0, 0, 0
3150, 624640, 0, 0, 0
3249, 682666, 0, 0, 0
3349, 655360, 0, 0, 0
3449, 573440, 0, 0, 0
3550, 634880, 0, 0, 0
3650, 614400, 0, 0, 0
3749, 630949, 0, 0, 0
3849, 634880, 0, 0, 0
3949, 634880, 0, 0, 0
4049, 696320, 0, 0, 0
4149, 573440, 0, 0, 0
4249, 716800, 0, 0, 0
4349, 573440, 0, 0, 0
4449, 655360, 0, 0, 0
4550, 573440, 0, 0, 0
4650, 532480, 0, 0, 0
4749, 455111, 0, 0, 0
4849, 573440, 0, 0, 0
4949, 491520, 0, 0, 0
5049, 542720, 0, 0, 0
5149, 645120, 0, 0, 0
5249, 655360, 0, 0, 0
5349, 491520, 0, 0, 0
5450, 593920, 0, 0, 0
5550, 593920, 0, 0, 0
5650, 481280, 0, 0, 0
5749, 537858, 0, 0, 0
5849, 696320, 0, 0, 0
5949, 583680, 0, 0, 0
6049, 573440, 0, 0, 0
6149, 624640, 0, 0, 0
6250, 604160, 0, 0, 0
6350, 614400, 0, 0, 0
6450, 634880, 0, 0, 0
6550, 665600, 0, 0, 0
6650, 583680, 0, 0, 0
6749, 661979, 0, 0, 0
6849, 593920, 0, 0, 0
6949, 512000, 0, 0, 0
7049, 686080, 0, 0, 0
7150, 552960, 0, 0, 0
7250, 686080, 0, 0, 0
7350, 727040, 0, 0, 0
7450, 573440, 0, 0, 0
7550, 686080, 0, 0, 0
7650, 593920, 0, 0, 0
7749, 568888, 0, 0, 0
7849, 460800, 0, 0, 0
7949, 583680, 0, 0, 0
8050, 563200, 0, 0, 0
8150, 614400, 0, 0, 0
8249, 620606, 0, 0, 0
8349, 583680, 0, 0, 0
8449, 665600, 0, 0, 0
8549, 512000, 0, 0, 0
8649, 696320, 0, 0, 0
8750, 491520, 0, 0, 0
8850, 563200, 0, 0, 0
8950, 532480, 0, 0, 0
9050, 624640, 0, 0, 0
9150, 552960, 0, 0, 0
9249, 599919, 0, 0, 0
9349, 563200, 0, 0, 0
9449, 645120, 0, 0, 0
9550, 583680, 0, 0, 0
9650, 593920, 0, 0, 0
9749, 713696, 0, 0, 0
9849, 573440, 0, 0, 0
9949, 593920, 0, 0, 0
10049, 501760, 0, 0, 0
10149, 532480, 0, 0, 0
10249, 563200, 0, 0, 0
10350, 696320, 0, 0, 0
10450, 532480, 0, 0, 0
10550, 532480, 0, 0, 0
10650, 706560, 0, 0, 0
10749, 589575, 0, 0, 0
10849, 552960, 0, 0, 0
10949, 573440, 0, 0, 0
11049, 542720, 0, 0, 0
11149, 563200, 0, 0, 0
11250, 532480, 0, 0, 0
11350, 645120, 0, 0, 0
11450, 634880, 0, 0, 0
11550, 645120, 0, 0, 0
11650, 768000, 0, 0, 0
11749, 672323, 0, 0, 0
11849, 696320, 0, 0, 0
11949, 532480, 0, 0, 0
12050, 573440, 0, 0, 0
12150, 737280, 0, 0, 0
12249, 630949, 0, 0, 0
12349, 747520, 0, 0, 0
12449, 675840, 0, 0, 0
12549, 593920, 0, 0, 0
12649, 686080, 0, 0, 0
12749, 634880, 0, 0, 0
12849, 706560, 0, 0, 0
12949, 655360, 0, 0, 0
13050, 716800, 0, 0, 0
13150, 614400, 0, 0, 0
13249, 558545, 0, 0, 0
13349, 665600, 0, 0, 0
13449, 645120, 0, 0, 0
13549, 593920, 0, 0, 0
13649, 675840, 0, 0, 0
13750, 542720, 0, 0, 0
13850, 512000, 0, 0, 0
13950, 583680, 0, 0, 0
14050, 686080, 0, 0, 0
14150, 624640, 0, 0, 0
14249, 713696, 0, 0, 0
14349, 604160, 0, 0, 0
14449, 450560, 0, 0, 0
14550, 604160, 0, 0, 0
14650, 706560, 0, 0, 0
14749, 620606, 0, 0, 0
14849, 522240, 0, 0, 0
14949, 583680, 0, 0, 0
15049, 737280, 0, 0, 0
15149, 696320, 0, 0, 0
15249, 624640, 0, 0, 0
15349, 563200, 0, 0, 0
15450, 655360, 0, 0, 0
15550, 696320, 0, 0, 0
15650, 532480, 0, 0, 0
15749, 558545, 0, 0, 0
15849, 522240, 0, 0, 0
15949, 686080, 0, 0, 0
16049, 614400, 0, 0, 0
16150, 614400, 0, 0, 0
16250, 655360, 0, 0, 0
16350, 573440, 0, 0, 0
16450, 573440, 0, 0, 0
16550, 665600, 0, 0, 0
16650, 737280, 0, 0, 0
16749, 610262, 0, 0, 0
16849, 573440, 0, 0, 0
16949, 573440, 0, 0, 0
17050, 645120, 0, 0, 0
17150, 665600, 0, 0, 0
17249, 599919, 0, 0, 0
17349, 634880, 0, 0, 0
17449, 634880, 0, 0, 0
17549, 645120, 0, 0, 0
17649, 604160, 0, 0, 0
17749, 634880, 0, 0, 0
17849, 634880, 0, 0, 0
17950, 512000, 0, 0, 0
18050, 552960, 0, 0, 0
18150, 450560, 0, 0, 0
18249, 630949, 0, 0, 0
18349, 522240, 0, 0, 0
18449, 491520, 0, 0, 0
18549, 501760, 0, 0, 0
18649, 532480, 0, 0, 0
18750, 624640, 0, 0, 0
18850, 552960, 0, 0, 0
18950, 450560, 0, 0, 0
19050, 614400, 0, 0, 0
19150, 665600, 0, 0, 0
19249, 724040, 0, 0, 0
19349, 460800, 0, 0, 0
19449, 604160, 0, 0, 0
19550, 460800, 0, 0, 0
19650, 634880, 0, 0, 0
19750, 471040, 0, 0, 0
19850, 460800, 0, 0, 0
19950, 532480, 0, 0, 0
20050, 512000, 0, 0, 0
20150, 552960, 0, 0, 0
20249, 589575, 0, 0, 0
20349, 634880, 0, 0, 0
20450, 491520, 0, 0, 0
20550, 532480, 0, 0, 0
20650, 593920, 0, 0, 0
20749, 610262, 0, 0, 0
20849, 563200, 0, 0, 0
20949, 614400, 0, 0, 0
21049, 604160, 0, 0, 0
21149, 665600, 0, 0, 0
21250, 460800, 0, 0, 0
21350, 645120, 0, 0, 0
21450, 655360, 0, 0, 0
21550, 675840, 0, 0, 0
21650, 675840, 0, 0, 0
21749, 517171, 0, 0, 0
21849, 675840, 0, 0, 0
21949, 348160, 0, 0, 0
22050, 604160, 0, 0, 0
22150, 819200, 0, 0, 0
22249, 527515, 0, 0, 0
22349, 532480, 0, 0, 0
22449, 532480, 0, 0, 0
22549, 655360, 0, 0, 0
22649, 593920, 0, 0, 0
22749, 532480, 0, 0, 0
22850, 583680, 0, 0, 0
22950, 778240, 0, 0, 0
23050, 583680, 0, 0, 0
23150, 450560, 0, 0, 0
23249, 496484, 0, 0, 0
23349, 604160, 0, 0, 0
23449, 655360, 0, 0, 0
23549, 563200, 0, 0, 0
23649, 532480, 0, 0, 0
23750, 512000, 0, 0, 0
23850, 645120, 0, 0, 0
23950, 532480, 0, 0, 0
24050, 542720, 0, 0, 0
24150, 614400, 0, 0, 0
24249, 599919, 0, 0, 0
24349, 665600, 0, 0, 0
24449, 624640, 0, 0, 0
24550, 532480, 0, 0, 0
24650, 532480, 0, 0, 0
24749, 537858, 0, 0, 0
24849, 573440, 0, 0, 0
24949, 727040, 0, 0, 0
25049, 604160, 0, 0, 0
25149, 604160, 0, 0, 0
25249, 522240, 0, 0, 0
25349, 491520, 0, 0, 0
25449, 491520, 0, 0, 0
25550, 532480, 0, 0, 0
25650, 512000, 0, 0, 0
25749, 672323, 0, 0, 0
25849, 501760, 0, 0, 0
25949, 583680, 0, 0, 0
26049, 532480, 0, 0, 0
26149, 645120, 0, 0, 0
26250, 532480, 0, 0, 0
26350, 552960, 0, 0, 0
26450, 634880, 0, 0, 0
26550, 655360, 0, 0, 0
26650, 655360, 0, 0, 0
26749, 817131, 0, 0, 0
26849, 501760, 0, 0, 0
26949, 491520, 0, 0, 0
27050, 706560, 0, 0, 0
27150, 665600, 0, 0, 0
27249, 558545, 0, 0, 0
27349, 491520, 0, 0, 0
27449, 604160, 0, 0, 0
27549, 624640, 0, 0, 0
27649, 604160, 0, 0, 0
27749, 798720, 0, 0, 0
27850, 645120, 0, 0, 0
27950, 727040, 0, 0, 0
28050, 583680, 0, 0, 0
28150, 655360, 0, 0, 0
28249, 620606, 0, 0, 0
28349, 563200, 0, 0, 0
28449, 665600, 0, 0, 0
28549, 491520, 0, 0, 0
28649, 665600, 0, 0, 0
28750, 501760, 0, 0, 0
28850, 696320, 0, 0, 0
28950, 552960, 0, 0, 0
29050, 583680, 0, 0, 0
29150, 399360, 0, 0, 0
29249, 465454, 0, 0, 0
29349, 481280, 0, 0, 0
29449, 645120, 0, 0, 0
29550, 634880, 0, 0, 0
29650, 665600, 0, 0, 0
29749, 848161, 0, 0, 0
29849, 696320, 0, 0, 0
29949, 604160, 0, 0, 0
30049, 645120, 0, 0, 0
30149, 604160, 0, 0, 0
30249, 573440, 0, 0, 0
30350, 686080, 0, 0, 0
30450, 696320, 0, 0, 0
30550, 481280, 0, 0, 0
30650, 675840, 0, 0, 0
30749, 579232, 0, 0, 0
30849, 573440, 0, 0, 0
30949, 522240, 0, 0, 0
31049, 552960, 0, 0, 0
31150, 593920, 0, 0, 0
31250, 552960, 0, 0, 0
31350, 634880, 0, 0, 0
31450, 491520, 0, 0, 0
31550, 481280, 0, 0, 0
31650, 419840, 0, 0, 0
31749, 579232, 0, 0, 0
31849, 491520, 0, 0, 0
31949, 491520, 0, 0, 0
32050, 522240, 0, 0, 0
32150, 573440, 0, 0, 0
32249, 579232, 0, 0, 0
32349, 512000, 0, 0, 0
32449, 696320, 0, 0, 0
32549, 686080, 0, 0, 0
32649, 501760, 0, 0, 0
32749, 563200, 0, 0, 0
32850, 573440, 0, 0, 0
32950, 655360, 0, 0, 0
33050, 409600, 0, 0, 0
33150, 491520, 0, 0, 0
33249, 537858, 0, 0, 0
33349, 491520, 0, 0, 0
33449, 481280, 0, 0, 0
33549, 583680, 0, 0, 0
33649, 655360, 0, 0, 0
33750, 552960, 0, 0, 0
33850, 491520, 0, 0, 0
33950, 624640, 0, 0, 0
34050, 624640, 0, 0, 0
34150, 727040, 0, 0, 0
34249, 589575, 0, 0, 0
34349, 655360, 0, 0, 0
34449, 696320, 0, 0, 0
34549, 491520, 0, 0, 0
34649, 501760, 0, 0, 0
34750, 471040, 0, 0, 0
34850, 583680, 0, 0, 0
34950, 542720, 0, 0, 0
35050, 419840, 0, 0, 0
35150, 624640, 0, 0, 0
35249, 548202, 0, 0, 0
35349, 634880, 0, 0, 0
35449, 634880, 0, 0, 0
35549, 614400, 0, 0, 0
35649, 573440, 0, 0, 0
35750, 563200, 0, 0, 0
35850, 552960, 0, 0, 0
35950, 481280, 0, 0, 0
36050, 614400, 0, 0, 0
36150, 614400, 0, 0, 0
36249, 744727, 0, 0, 0
36349, 614400, 0, 0, 0
36449, 573440, 0, 0, 0
36550, 655360, 0, 0, 0
36650, 512000, 0, 0, 0
36749, 537858, 0, 0, 0
36849, 512000, 0, 0, 0
36949, 645120, 0, 0, 0
37049, 542720, 0, 0, 0
37149, 491520, 0, 0, 0
37249, 563200, 0, 0, 0
37349, 450560, 0, 0, 0
37449, 481280, 0, 0, 0
37550, 552960, 0, 0, 0
37650, 419840, 0, 0, 0
37749, 548202, 0, 0, 0
37849, 716800, 0, 0, 0
37949, 491520, 0, 0, 0
38049, 696320, 0, 0, 0
38149, 696320, 0, 0, 0
38250, 501760, 0, 0, 0
38350, 624640, 0, 0, 0
38450, 624640, 0, 0, 0
38550, 655360, 0, 0, 0
38650, 604160, 0, 0, 0
38749, 558545, 0, 0, 0
38849, 460800, 0, 0, 0
38949, 512000, 0, 0, 0
39049, 522240, 0, 0, 0
39149, 593920, 0, 0, 0
39250, 665600, 0, 0, 0
39350, 542720, 0, 0, 0
39450, 593920, 0, 0, 0
39550, 665600, 0, 0, 0
39650, 481280, 0, 0, 0
39749, 589575, 0, 0, 0
39849, 645120, 0, 0, 0
39949, 604160, 0, 0, 0
40049, 624640, 0, 0, 0
40150, 716800, 0, 0, 0
40250, 624640, 0, 0, 0
40350, 501760, 0, 0, 0
40450, 716800, 0, 0, 0
40550, 552960, 0, 0, 0
40650, 614400, 0, 0, 0
40749, 579232, 0, 0, 0
40849, 573440, 0, 0, 0
40949, 614400, 0, 0, 0
41050, 624640, 0, 0, 0
41150, 686080, 0, 0, 0
41249, 713696, 0, 0, 0
41349, 624640, 0, 0, 0
41449, 655360, 0, 0, 0
41549, 655360, 0, 0, 0
41649, 614400, 0, 0, 0
41749, 593920, 0, 0, 0
41850, 532480, 0, 0, 0
41950, 645120, 0, 0, 0
42050, 788480, 0, 0, 0
42150, 542720, 0, 0, 0
42249, 610262, 0, 0, 0
42349, 409600, 0, 0, 0
42449, 481280, 0, 0, 0
42549, 624640, 0, 0, 0
42649, 614400, 0, 0, 0
42750, 573440, 0, 0, 0
42850, 399360, 0, 0, 0
42950, 634880, 0, 0, 0
43050, 481280, 0, 0, 0
43150, 593920, 0, 0, 0
43249, 475797, 0, 0, 0
43349, 532480, 0, 0, 0
43449, 552960, 0, 0, 0
43550, 450560, 0, 0, 0
43650, 675840, 0, 0, 0
43749, 620606, 0, 0, 0
43849, 614400, 0, 0, 0
43949, 532480, 0, 0, 0
44049, 737280, 0, 0, 0
44149, 614400, 0, 0, 0
44249, 614400, 0, 0, 0
44350, 655360, 0, 0, 0
44450, 645120, 0, 0, 0
44550, 645120, 0, 0, 0
44650, 583680, 0, 0, 0
44749, 630949, 0, 0, 0
44849, 624640, 0, 0, 0
44949, 665600, 0, 0, 0
45049, 624640, 0, 0, 0
45149, 624640, 0, 0, 0
45250, 645120, 0, 0, 0
45350, 583680, 0, 0, 0
45450, 768000, 0, 0, 0
45550, 624640, 0, 0, 0
45650, 645120, 0, 0, 0
45749, 672323, 0, 0, 0
45849, 552960, 0, 0, 0
45949, 593920, 0, 0, 0
46050, 655360, 0, 0, 0
46150, 604160, 0, 0, 0
46249, 506828, 0, 0, 0
46349, 645120, 0, 0, 0
46449, 645120, 0, 0, 0
46549, 716800, 0, 0, 0
46649, 624640, 0, 0, 0
46749, 532480, 0, 0, 0
46849, 583680, 0, 0, 0
46950, 409600, 0, 0, 0
47050, 512000, 0, 0, 0
47150, 614400, 0, 0, 0
47249, 475797, 0, 0, 0
47349, 552960, 0, 0, 0
47449, 460800, 0, 0, 0
47549, 706560, 0, 0, 0
47649, 552960, 0, 0, 0
47750, 614400, 0, 0, 0
47850, 532480, 0, 0, 0
47950, 522240, 0, 0, 0
48050, 614400, 0, 0, 0
48150, 583680, 0, 0, 0
48249, 651636, 0, 0, 0
48349, 634880, 0, 0, 0
48449, 563200, 0, 0, 0
48549, 430080, 0, 0, 0
48650, 675840, 0, 0, 0
48750, 686080, 0, 0, 0
48850, 593920, 0, 0, 0
48950, 563200, 0, 0, 0
49050, 512000, 0, 0, 0
49150, 573440, 0, 0, 0
49249, 548202, 0, 0, 0
49349, 604160, 0, 0, 0
49449, 604160, 0, 0, 0
49550, 481280, 0, 0, 0
49650, 696320, 0, 0, 0
49749, 579232, 0, 0, 0
49849, 522240, 0, 0, 0
49949, 501760, 0, 0, 0
50049, 583680, 0, 0, 0
50149, 583680, 0, 0, 0
50249, 716800, 0, 0, 0
50349, 737280, 0, 0, 0
50449, 778240, 0, 0, 0
50550, 593920, 0, 0, 0
50650, 593920, 0, 0, 0
50749, 548202, 0, 0, 0
50849, 686080, 0, 0, 0
50949, 532480, 0, 0, 0
51049, 450560, 0, 0, 0
51149, 675840, 0, 0, 0
51250, 655360, 0, 0, 0
51350, 655360, 0, 0, 0
51450, 614400, 0, 0, 0
51550, 634880, 0, 0, 0
51650, 716800, 0, 0, 0
51749, 620606, 0, 0, 0
51849, 552960, 0, 0, 0
51949, 573440, 0, 0, 0
52049, 716800, 0, 0, 0
52150, 573440, 0, 0, 0
52250, 593920, 0, 0, 0
52350, 522240, 0, 0, 0
52450, 706560, 0, 0, 0
52550, 696320, 0, 0, 0
52650, 512000, 0, 0, 0
52749, 599919, 0, 0, 0
52849, 583680, 0, 0, 0
52950, 440320, 0, 0, 0
53050, 696320, 0, 0, 0
53150, 778240, 0, 0, 0
53249, 537858, 0, 0, 0
53349, 614400, 0, 0, 0
53449, 552960, 0, 0, 0
53549, 430080, 0, 0, 0
53649, 696320, 0, 0, 0
53750, 542720, 0, 0, 0
53850, 686080, 0, 0, 0
53950, 512000, 0, 0, 0
54050, 593920, 0, 0, 0
54150, 491520, 0, 0, 0
54249, 620606, 0, 0, 0
54349, 491520, 0, 0, 0
54449, 696320, 0, 0, 0
54550, 512000, 0, 0, 0
54650, 522240, 0, 0, 0
54750, 512000, 0, 0, 0
54850, 583680, 0, 0, 0
54950, 512000, 0, 0, 0
55050, 522240, 0, 0, 0
55150, 645120, 0, 0, 0
55249, 372363, 0, 0, 0
55349, 634880, 0, 0, 0
55449, 624640, 0, 0, 0
55550, 583680, 0, 0, 0
55650, 501760, 0, 0, 0
55749, 527515, 0, 0, 0
55849, 778240, 0, 0, 0
55949, 512000, 0, 0, 0
56049, 552960, 0, 0, 0
56149, 583680, 0, 0, 0
56250, 573440, 0, 0, 0
56350, 604160, 0, 0, 0
56450, 747520, 0, 0, 0
56550, 563200, 0, 0, 0
56650, 532480, 0, 0, 0
56749, 568888, 0, 0, 0
56849, 522240, 0, 0, 0
56949, 430080, 0, 0, 0
57049, 532480, 0, 0, 0
57149, 614400, 0, 0, 0
57250, 768000, 0, 0, 0
57350, 481280, 0, 0, 0
57450, 716800, 0, 0, 0
57550, 604160, 0, 0, 0
57650, 552960, 0, 0, 0
57749, 620606, 0, 0, 0
57849, 655360, 0, 0, 0
57949, 532480, 0, 0, 0
58050, 552960, 0, 0, 0
58150, 593920, 0, 0, 0
58249, 630949, 0, 0, 0
58349, 563200, 0, 0, 0
58449, 645120, 0, 0, 0
58549, 563200, 0, 0, 0
58649, 634880, 0, 0, 0
58749, 593920, 0, 0, 0
58850, 624640, 0, 0, 0
58950, 706560, 0, 0, 0
59050, 727040, 0, 0, 0
59150, 532480, 0, 0, 0
59249, 661979, 0, 0, 0
59349, 614400, 0, 0, 0
59449, 655360, 0, 0, 0
59549, 737280, 0, 0, 0
59649, 778240, 0, 0, 0
59750, 501760, 0, 0, 0
59850, 552960, 0, 0, 0
59950, 634880, 0, 0, 0
60050, 696320, 0, 0, 0
60150, 645120, 0, 0, 0
60249, 620606, 0, 0, 0
60349, 542720, 0, 0, 0
60449, 614400, 0, 0, 0
60549, 706560, 0, 0, 0
60650, 655360, 0, 0, 0
60750, 696320, 0, 0, 0
60850, 583680, 0, 0, 0
60950, 563200, 0, 0, 0
61050, 471040, 0, 0, 0
61150, 768000, 0, 0, 0
61249, 589575, 0, 0, 0
61349, 665600, 0, 0, 0
61449, 542720, 0, 0, 0
61550, 645120, 0, 0, 0
61650, 532480, 0, 0, 0
61749, 672323, 0, 0, 0
61849, 665600, 0, 0, 0
61949, 788480, 0, 0, 0
62049, 696320, 0, 0, 0
62149, 573440, 0, 0, 0
62249, 634880, 0, 0, 0
62350, 522240, 0, 0, 0
62450, 512000, 0, 0, 0
62550, 696320, 0, 0, 0
62650, 583680, 0, 0, 0
62749, 537858, 0, 0, 0
62849, 614400, 0, 0, 0
62949, 614400, 0, 0, 0
63049, 624640, 0, 0, 0
63149, 563200, 0, 0, 0
63250, 614400, 0, 0, 0
63350, 491520, 0, 0, 0
63450, 573440, 0, 0, 0
63550, 583680, 0, 0, 0
63650, 645120, 0, 0, 0
63749, 537858, 0, 0, 0
63849, 409600, 0, 0, 0
63949, 655360, 0, 0, 0
64049, 471040, 0, 0, 0
64149, 552960, 0, 0, 0
64250, 706560, 0, 0, 0
64350, 624640, 0, 0, 0
64450, 593920, 0, 0, 0
64550, 655360, 0, 0, 0
64650, 696320, 0, 0, 0
64749, 599919, 0, 0, 0
64849, 737280, 0, 0, 0
64949, 593920, 0, 0, 0
65050, 645120, 0, 0, 0
65150, 788480, 0, 0, 0
65249, 527515, 0, 0, 0
65349, 624640, 0, 0, 0
65449, 573440, 0, 0, 0
65549, 614400, 0, 0, 0
65649, 655360, 0, 0, 0
65749, 593920, 0, 0, 0
65850, 552960, 0, 0, 0
65950, 645120, 0, 0, 0
66050, 665600, 0, 0, 0
66150, 552960, 0, 0, 0
66249, 693010, 0, 0, 0
66349, 481280, 0, 0, 0
66449, 532480, 0, 0, 0
66549, 645120, 0, 0, 0
66649, 757760, 0, 0, 0
66750, 573440, 0, 0, 0
66850, 645120, 0, 0, 0
66950, 552960, 0, 0, 0
67050, 552960, 0, 0, 0
67150, 614400, 0, 0, 0
67249, 630949, 0, 0, 0
67349, 829440, 0, 0, 0
67449, 675840, 0, 0, 0
67550, 614400, 0, 0, 0
67650, 624640, 0, 0, 0
67750, 675840, 0, 0, 0
67850, 624640, 0, 0, 0
67950, 573440, 0, 0, 0
68050, 583680, 0, 0, 0
68150, 593920, 0, 0, 0
68249, 527515, 0, 0, 0
68349, 757760, 0, 0, 0
68449, 655360, 0, 0, 0
68550, 665600, 0, 0, 0
68650, 440320, 0, 0, 0
68749, 568888, 0, 0, 0
68849, 706560, 0, 0, 0
68949, 696320, 0, 0, 0
69049, 573440, 0, 0, 0
69149, 522240, 0, 0, 0
69250, 583680, 0, 0, 0
69350, 573440, 0, 0, 0
69450, 706560, 0, 0, 0
69550, 481280, 0, 0, 0
69650, 563200, 0, 0, 0
69749, 806787, 0, 0, 0
69849, 634880, 0, 0, 0
69949, 604160, 0, 0, 0
70049, 634880, 0, 0, 0
70150, 491520, 0, 0, 0
70250, 522240, 0, 0, 0
70350, 512000, 0, 0, 0
70450, 491520, 0, 0, 0
70550, 460800, 0, 0, 0
70650, 593920, 0, 0, 0
70749, 475797, 0, 0, 0
70849, 624640, 0, 0, 0
70949, 634880, 0, 0, 0
71050, 645120, 0, 0, 0
71150, 552960, 0, 0, 0
71249, 620606, 0, 0, 0
71349, 552960, 0, 0, 0
71449, 573440, 0, 0, 0
71549, 727040, 0, 0, 0
71649, 675840, 0, 0, 0
71749, 491520, 0, 0, 0
71849, 604160, 0, 0, 0
71950, 645120, 0, 0, 0
72050, 593920, 0, 0, 0
72150, 573440, 0, 0, 0
72249, 713696, 0, 0, 0
72349, 655360, 0, 0, 0
72449, 624640, 0, 0, 0
72549, 665600, 0, 0, 0
72649, 604160, 0, 0, 0
72750, 665600, 0, 0, 0
72850, 614400, 0, 0, 0
72950, 747520, 0, 0, 0
73050, 563200, 0, 0, 0
73150, 552960, 0, 0, 0
73249, 703353, 0, 0, 0
73349, 542720, 0, 0, 0
73449, 624640, 0, 0, 0
73550, 655360, 0, 0, 0
73650, 593920, 0, 0, 0
73750, 512000, 0, 0, 0
73850, 655360, 0, 0, 0
73950, 583680, 0, 0, 0
74050, 727040, 0, 0, 0
74150, 665600, 0, 0, 0
74249, 548202, 0, 0, 0
74349, 696320, 0, 0, 0
74449, 491520, 0, 0, 0
74550, 655360, 0, 0, 0
74650, 665600, 0, 0, 0
74750, 583680, 0, 0, 0
74850, 583680, 0, 0, 0
74950, 645120, 0, 0, 0
75050, 573440, 0, 0, 0
75150, 512000, 0, 0, 0
75249, 641292, 0, 0, 0
75349, 583680, 0, 0, 0
75449, 706560, 0, 0, 0
75550, 552960, 0, 0, 0
75650, 634880, 0, 0, 0
75749, 517171, 0, 0, 0
75849, 471040, 0, 0, 0
75949, 757760, 0, 0, 0
76049, 696320, 0, 0, 0
76149, 624640, 0, 0, 0
76249, 522240, 0, 0, 0
76350, 512000, 0, 0, 0
76450, 512000, 0, 0, 0
76550, 593920, 0, 0, 0
76650, 440320, 0, 0, 0
76749, 496484, 0, 0, 0
76849, 491520, 0, 0, 0
76949, 747520, 0, 0, 0
77049, 522240, 0, 0, 0
77149, 593920, 0, 0, 0
77250, 696320, 0, 0, 0
77350, 747520, 0, 0, 0
77450, 614400, 0, 0, 0
77550, 532480, 0, 0, 0
77650, 645120, 0, 0, 0
77749, 506828, 0, 0, 0
77849, 573440, 0, 0, 0
77949, 614400, 0, 0, 0
78050, 552960, 0, 0, 0
78150, 634880, 0, 0, 0
78249, 517171, 0, 0, 0
78349, 686080, 0, 0, 0
78449, 522240, 0, 0, 0
78549, 542720, 0, 0, 0
78649, 481280, 0, 0, 0
78749, 870400, 0, 0, 0
78849, 593920, 0, 0, 0
78950, 583680, 0, 0, 0
79050, 624640, 0, 0, 0
79150, 655360, 0, 0, 0
79249, 765414, 0, 0, 0
79349, 593920, 0, 0, 0
79449, 624640, 0, 0, 0
79549, 747520, 0, 0, 0
79649, 573440, 0, 0, 0
79750, 614400, 0, 0, 0
79850, 686080, 0, 0, 0
79950, 593920, 0, 0, 0
80050, 573440, 0, 0, 0
80150, 737280, 0, 0, 0
80249, 755070, 0, 0, 0
80349, 604160, 0, 0, 0
80449, 532480, 0, 0, 0
80549, 634880, 0, 0, 0
80650, 512000, 0, 0, 0
80750, 604160, 0, 0, 0
80850, 471040, 0, 0, 0
80950, 768000, 0, 0, 0
81050, 604160, 0, 0, 0
81150, 501760, 0, 0, 0
81249, 620606, 0, 0, 0
81350, 655360, 0, 0, 0
81450, 583680, 0, 0, 0
81550, 604160, 0, 0, 0
81650, 614400, 0, 0, 0
81749, 558545, 0, 0, 0
81849, 440320, 0, 0, 0
81949, 593920, 0, 0, 0
82049, 624640, 0, 0, 0
82149, 716800, 0, 0, 0
82250, 593920, 0, 0, 0
82350, 532480, 0, 0, 0
82450, 675840, 0, 0, 0
82550, 593920, 0, 0, 0
82650, 573440, 0, 0, 0
82749, 620606, 0, 0, 0
82849, 583680, 0, 0, 0
82949, 645120, 0, 0, 0
83049, 542720, 0, 0, 0
83149, 614400, 0, 0, 0
83250, 645120, 0, 0, 0
83350, 737280, 0, 0, 0
83450, 573440, 0, 0, 0
83550, 583680, 0, 0, 0
83650, 563200, 0, 0, 0
83749, 517171, 0, 0, 0
83849, 593920, 0, 0, 0
83949, 522240, 0, 0, 0
84050, 604160, 0, 0, 0
84150, 634880, 0, 0, 0
84249, 620606, 0, 0, 0
84349, 655360, 0, 0, 0
84449, 532480, 0, 0, 0
84549, 757760, 0, 0, 0
84649, 716800, 0, 0, 0
84750, 471040, 0, 0, 0
84850, 716800, 0, 0, 0
84950, 634880, 0, 0, 0
85050, 675840, 0, 0, 0
85150, 696320, 0, 0, 0
85249, 693010, 0, 0, 0
85349, 614400, 0, 0, 0
85449, 675840, 0, 0, 0
85549, 604160, 0, 0, 0
85649, 655360, 0, 0, 0
85750, 542720, 0, 0, 0
85850, 440320, 0, 0, 0
85950, 532480, 0, 0, 0
86050, 573440, 0, 0, 0
86150, 573440, 0, 0, 0
86249, 455111, 0, 0, 0
86349, 471040, 0, 0, 0
86449, 430080, 0, 0, 0
86549, 604160, 0, 0, 0
86650, 665600, 0, 0, 0
86750, 655360, 0, 0, 0
86850, 583680, 0, 0, 0
86950, 686080, 0, 0, 0
87050, 675840, 0, 0, 0
87150, 757760, 0, 0, 0
87249, 620606, 0, 0, 0
87349, 665600, 0, 0, 0
87449, 614400, 0, 0, 0
87550, 522240, 0, 0, 0
87650, 696320, 0, 0, 0
87749, 537858, 0, 0, 0
87849, 645120, 0, 0, 0
87949, 655360, 0, 0, 0
88049, 624640, 0, 0, 0
88149, 583680, 0, 0, 0
88250, 563200, 0, 0, 0
88350, 614400, 0, 0, 0
88450, 614400, 0, 0, 0
88550, 532480, 0, 0, 0
88650, 552960, 0, 0, 0
88749, 682666, 0, 0, 0
88849, 604160, 0, 0, 0
88949, 645120, 0, 0, 0
89049, 563200, 0, 0, 0
89149, 481280, 0, 0, 0
89250, 317440, 0, 0, 0
89350, 624640, 0, 0, 0
89450, 573440, 0, 0, 0
89550, 573440, 0, 0, 0
89650, 512000, 0, 0, 0
89749, 393050, 0, 0, 0
89849, 573440, 0, 0, 0
89949, 481280, 0, 0, 0
