107, 23770, 0, 0, 0
200, 22977, 0, 0, 0
300, 17248, 0, 0, 0
402, 16306, 0, 0, 0
500, 16401, 0, 0, 0
600, 16858, 0, 0, 0
704, 15851, 0, 0, 0
806, 21480, 0, 0, 0
906, 21765, 0, 0, 0
1004, 21282, 0, 0, 0
1104, 22117, 0, 0, 0
1204, 20328, 0, 0, 0
1301, 20870, 0, 0, 0
1401, 24575, 0, 0, 0
1501, 22712, 0, 0, 0
1605, 19881, 0, 0, 0
1700, 25734, 0, 0, 0
1803, 18743, 0, 0, 0
1900, 19081, 0, 0, 0
2001, 19421, 0, 0, 0
2108, 22085, 0, 0, 0
2204, 20144, 0, 0, 0
2302, 18686, 0, 0, 0
2401, 22159, 0, 0, 0
2504, 24398, 0, 0, 0
2601, 20770, 0, 0, 0
2702, 26939, 0, 0, 0
2803, 22858, 0, 0, 0
2901, 18177, 0, 0, 0
3001, 21994, 0, 0, 0
3104, 21666, 0, 0, 0
3201, 18407, 0, 0, 0
3309, 25254, 0, 0, 0
3405, 17460, 0, 0, 0
3503, 20807, 0, 0, 0
3606, 20250, 0, 0, 0
3700, 19948, 0, 0, 0
3800, 20988, 0, 0, 0
3908, 23111, 0, 0, 0
4008, 20974, 0, 0, 0
4103, 20819, 0, 0, 0
4204, 29642, 0, 0, 0
4305, 23976, 0, 0, 0
4400, 19837, 0, 0, 0
4500, 15954, 0, 0, 0
4603, 16128, 0, 0, 0
4701, 20070, 0, 0, 0
4806, 15677, 0, 0, 0
4903, 17671, 0, 0, 0
5007, 16467, 0, 0, 0
5108, 17755, 0, 0, 0
5201, 20018, 0, 0, 0
5307, 23088, 0, 0, 0
5402, 19192, 0, 0, 0
5502, 21044, 0, 0, 0
5600, 19381, 0, 0, 0
5704, 19591, 0, 0, 0
5804, 24760, 0, 0, 0
5901, 16061, 0, 0, 0
6000, 17685, 0, 0, 0
6101, 16608, 0, 0, 0
6204, 18509, 0, 0, 0
6300, 22817, 0, 0, 0
6403, 23804, 0, 0, 0
6502, 21537, 0, 0, 0
6601, 18256, 0, 0, 0
6705, 20814, 0, 0, 0
6804, 23445, 0, 0, 0
6905, 21657, 0, 0, 0
7001, 18465, 0, 0, 0
7109, 16996, 0, 0, 0
7200, 23210, 0, 0, 0
7303, 21885, 0, 0, 0
7406, 21103, 0, 0, 0
7501, 19760, 0, 0, 0
7605, 20535, 0, 0, 0
7702, 16980, 0, 0, 0
7804, 16691, 0, 0, 0
7907, 13339, 0, 0, 0
8002, 17515, 0, 0, 0
8107, 17876, 0, 0, 0
8202, 24134, 0, 0, 0
8302, 22463, 0, 0, 0
8400, 21623, 0, 0, 0
8501, 20618, 0, 0, 0
8607, 26958, 0, 0, 0
8700, 23996, 0, 0, 0
8802, 18206, 0, 0, 0
8902, 24004, 0, 0, 0
9009, 24812, 0, 0, 0
9104, 22446, 0, 0, 0
9207, 25083, 0, 0, 0
9308, 18123, 0, 0, 0
9402, 25836, 0, 0, 0
9504, 23319, 0, 0, 0
9606, 21139, 0, 0, 0
9700, 24821, 0, 0, 0
9803, 18146, 0, 0, 0
9902, 21928, 0, 0, 0
10001, 20075, 0, 0, 0
10102, 21931, 0, 0, 0
10204, 19464, 0, 0, 0
10306, 21687, 0, 0, 0
10405, 26678, 0, 0, 0
10503, 20800, 0, 0, 0
10600, 21150, 0, 0, 0
10710, 19346, 0, 0, 0
10806, 22641, 0, 0, 0
10906, 23227, 0, 0, 0
11003, 28621, 0, 0, 0
11110, 17964, 0, 0, 0
11201, 19336, 0, 0, 0
11303, 23545, 0, 0, 0
11405, 22149, 0, 0, 0
11501, 20936, 0, 0, 0
11602, 19320, 0, 0, 0
11706, 22542, 0, 0, 0
11803, 28512, 0, 0, 0
11905, 21711, 0, 0, 0
12008, 19154, 0, 0, 0
12100, 15903, 0, 0, 0
12201, 22114, 0, 0, 0
12301, 20190, 0, 0, 0
12402, 21725, 0, 0, 0
12502, 22756, 0, 0, 0
12605, 17558, 0, 0, 0
12701, 21334, 0, 0, 0
12800, 20772, 0, 0, 0
12905, 22326, 0, 0, 0
13003, 22524, 0, 0, 0
13107, 20078, 0, 0, 0
13206, 19676, 0, 0, 0
13306, 20502, 0, 0, 0
13406, 17459, 0, 0, 0
13508, 16303, 0, 0, 0
13605, 18669, 0, 0, 0
13705, 15454, 0, 0, 0
13800, 15236, 0, 0, 0
13902, 20567, 0, 0, 0
14005, 17160, 0, 0, 0
14107, 14715, 0, 0, 0
14201, 17902, 0, 0, 0
14301, 16837, 0, 0, 0
14401, 17232, 0, 0, 0
14503, 15303, 0, 0, 0
14600, 16765, 0, 0, 0
14700, 19181, 0, 0, 0
14803, 20199, 0, 0, 0
14901, 19723, 0, 0, 0
15002, 20784, 0, 0, 0
15105, 20604, 0, 0, 0
15204, 17354, 0, 0, 0
15303, 18741, 0, 0, 0
15400, 17571, 0, 0, 0
15509, 20108, 0, 0, 0
15604, 19566, 0, 0, 0
15703, 15997, 0, 0, 0
15803, 15734, 0, 0, 0
15900, 16183, 0, 0, 0
16000, 17895, 0, 0, 0
16105, 17488, 0, 0, 0
16208, 22922, 0, 0, 0
16304, 19813, 0, 0, 0
16402, 21202, 0, 0, 0
16505, 20200, 0, 0, 0
16600, 20564, 0, 0, 0
16704, 23891, 0, 0, 0
16801, 19062, 0, 0, 0
16906, 16514, 0, 0, 0
17007, 23288, 0, 0, 0
17102, 24274, 0, 0, 0
17204, 21076, 0, 0, 0
17308, 23021, 0, 0, 0
17404, 24753, 0, 0, 0
17507, 21740, 0, 0, 0
17604, 21016, 0, 0, 0
17702, 23458, 0, 0, 0
17804, 20735, 0, 0, 0
17900, 22797, 0, 0, 0
18001, 22659, 0, 0, 0
18100, 28073, 0, 0, 0
18203, 19982, 0, 0, 0
18301, 18376, 0, 0, 0
18408, 21830, 0, 0, 0
18500, 21671, 0, 0, 0
18605, 24066, 0, 0, 0
18701, 24392, 0, 0, 0
18800, 24367, 0, 0, 0
18906, 18620, 0, 0, 0
19003, 18829, 0, 0, 0
19110, 26754, 0, 0, 0
19207, 21090, 0, 0, 0
19301, 21577, 0, 0, 0
19405, 18517, 0, 0, 0
19509, 22155, 0, 0, 0
19609, 19023, 0, 0, 0
19707, 19905, 0, 0, 0
19800, 17085, 0, 0, 0
19907, 23014, 0, 0, 0
20003, 19812, 0, 0, 0
20104, 23346, 0, 0, 0
20203, 21590, 0, 0, 0
20306, 23797, 0, 0, 0
20405, 22346, 0, 0, 0
20506, 22084, 0, 0, 0
20600, 25025, 0, 0, 0
20703, 24234, 0, 0, 0
20801, 22939, 0, 0, 0
20903, 19603, 0, 0, 0
21001, 22963, 0, 0, 0
21102, 20345, 0, 0, 0
21208, 18436, 0, 0, 0
21300, 17324, 0, 0, 0
21400, 21798, 0, 0, 0
21504, 24649, 0, 0, 0
21607, 22656, 0, 0, 0
21706, 19098, 0, 0, 0
21801, 18085, 0, 0, 0
21904, 18366, 0, 0, 0
22004, 20696, 0, 0, 0
22104, 23653, 0, 0, 0
22210, 22098, 0, 0, 0
22303, 21674, 0, 0, 0
22401, 23803, 0, 0, 0
22505, 23739, 0, 0, 0
22602, 22579, 0, 0, 0
22700, 16594, 0, 0, 0
22802, 19152, 0, 0, 0
22903, 22396, 0, 0, 0
23007, 28996, 0, 0, 0
23107, 17713, 0, 0, 0
23202, 15296, 0, 0, 0
23302, 22193, 0, 0, 0
23400, 21253, 0, 0, 0
23502, 22566, 0, 0, 0
23601, 24385, 0, 0, 0
23706, 19075, 0, 0, 0
23810, 17136, 0, 0, 0
23900, 19690, 0, 0, 0
24000, 21720, 0, 0, 0
24104, 21659, 0, 0, 0
24203, 16571, 0, 0, 0
24303, 20173, 0, 0, 0
24401, 21035, 0, 0, 0
24500, 22945, 0, 0, 0
24609, 22595, 0, 0, 0
24705, 22528, 0, 0, 0
24807, 23599, 0, 0, 0
24907, 22602, 0, 0, 0
25007, 24669, 0, 0, 0
25104, 23621, 0, 0, 0
25202, 21197, 0, 0, 0
25305, 17529, 0, 0, 0
25403, 20509, 0, 0, 0
25502, 22343, 0, 0, 0
25602, 23947, 0, 0, 0
25700, 25605, 0, 0, 0
25806, 24222, 0, 0, 0
25904, 24079, 0, 0, 0
26000, 24189, 0, 0, 0
26105, 23706, 0, 0, 0
26203, 21535, 0, 0, 0
26307, 23429, 0, 0, 0
26405, 20633, 0, 0, 0
26500, 16724, 0, 0, 0
26603, 22856, 0, 0, 0
26702, 29484, 0, 0, 0
26808, 23586, 0, 0, 0
26900, 25372, 0, 0, 0
27000, 19001, 0, 0, 0
27108, 21965, 0, 0, 0
27204, 25071, 0, 0, 0
27306, 22220, 0, 0, 0
27406, 18161, 0, 0, 0
27505, 21835, 0, 0, 0
27607, 19700, 0, 0, 0
27707, 24224, 0, 0, 0
27801, 24742, 0, 0, 0
27908, 20203, 0, 0, 0
28008, 17575, 0, 0, 0
28104, 15370, 0, 0, 0
28204, 16981, 0, 0, 0
28305, 23714, 0, 0, 0
28404, 24085, 0, 0, 0
28502, 20763, 0, 0, 0
28602, 21148, 0, 0, 0
28700, 22354, 0, 0, 0
28804, 22086, 0, 0, 0
28901, 18909, 0, 0, 0
29002, 19367, 0, 0, 0
29102, 19151, 0, 0, 0
29206, 16562, 0, 0, 0
29302, 21829, 0, 0, 0
29405, 26965, 0, 0, 0
29505, 24865, 0, 0, 0
29602, 21283, 0, 0, 0
29701, 18347, 0, 0, 0
29804, 19464, 0, 0, 0
29902, 20878, 0, 0, 0
30001, 17119, 0, 0, 0
30100, 24161, 0, 0, 0
30200, 20624, 0, 0, 0
30301, 18904, 0, 0, 0
30400, 21188, 0, 0, 0
30507, 20208, 0, 0, 0
30603, 21500, 0, 0, 0
30703, 22477, 0, 0, 0
30801, 26184, 0, 0, 0
30901, 19159, 0, 0, 0
31002, 18492, 0, 0, 0
31100, 18200, 0, 0, 0
31200, 19001, 0, 0, 0
31303, 18963, 0, 0, 0
31404, 21427, 0, 0, 0
31503, 21013, 0, 0, 0
31606, 21543, 0, 0, 0
31704, 20089, 0, 0, 0
31804, 23112, 0, 0, 0
31900, 24955, 0, 0, 0
32003, 23628, 0, 0, 0
32105, 21227, 0, 0, 0
32208, 24010, 0, 0, 0
32309, 21243, 0, 0, 0
32405, 24101, 0, 0, 0
32504, 22088, 0, 0, 0
32603, 23778, 0, 0, 0
32708, 22805, 0, 0, 0
32804, 22327, 0, 0, 0
32905, 19788, 0, 0, 0
33005, 19727, 0, 0, 0
33100, 24737, 0, 0, 0
33207, 22220, 0, 0, 0
33304, 20302, 0, 0, 0
33406, 21438, 0, 0, 0
33501, 21847, 0, 0, 0
33604, 21213, 0, 0, 0
33709, 23685, 0, 0, 0
33801, 20501, 0, 0, 0
33900, 21842, 0, 0, 0
34000, 21134, 0, 0, 0
34106, 39295, 0, 0, 0
34201, 26032, 0, 0, 0
34302, 22262, 0, 0, 0
34410, 19661, 0, 0, 0
34503, 17167, 0, 0, 0
34601, 20432, 0, 0, 0
34708, 18955, 0, 0, 0
34806, 21399, 0, 0, 0
34906, 26816, 0, 0, 0
35000, 23303, 0, 0, 0
35100, 18040, 0, 0, 0
35205, 15969, 0, 0, 0
35302, 17452, 0, 0, 0
35402, 17797, 0, 0, 0
35502, 15224, 0, 0, 0
35605, 12541, 0, 0, 0
35702, 14140, 0, 0, 0
35807, 15205, 0, 0, 0
35902, 15839, 0, 0, 0
36003, 16596, 0, 0, 0
36102, 18565, 0, 0, 0
36201, 14844, 0, 0, 0
36306, 22609, 0, 0, 0
36407, 15984, 0, 0, 0
36500, 18547, 0, 0, 0
36600, 18189, 0, 0, 0
36700, 20648, 0, 0, 0
36805, 21725, 0, 0, 0
36904, 20486, 0, 0, 0
37004, 22132, 0, 0, 0
37106, 18530, 0, 0, 0
37202, 21192, 0, 0, 0
37302, 21738, 0, 0, 0
37400, 24125, 0, 0, 0
37501, 20596, 0, 0, 0
37602, 23356, 0, 0, 0
37700, 24039, 0, 0, 0
37807, 21331, 0, 0, 0
37900, 22491, 0, 0, 0
38004, 21636, 0, 0, 0
38102, 17686, 0, 0, 0
38205, 20594, 0, 0, 0
38300, 18161, 0, 0, 0
38401, 21568, 0, 0, 0
38501, 29531, 0, 0, 0
38603, 27096, 0, 0, 0
38701, 18441, 0, 0, 0
38801, 20799, 0, 0, 0
38904, 17197, 0, 0, 0
39005, 23394, 0, 0, 0
39103, 21359, 0, 0, 0
39203, 24766, 0, 0, 0
39302, 21236, 0, 0, 0
39405, 23834, 0, 0, 0
39503, 16851, 0, 0, 0
39605, 15236, 0, 0, 0
39700, 16004, 0, 0, 0
39802, 22193, 0, 0, 0
39906, 17139, 0, 0, 0
40001, 15361, 0, 0, 0
40101, 18740, 0, 0, 0
40201, 18467, 0, 0, 0
40300, 15110, 0, 0, 0
40401, 15827, 0, 0, 0
40509, 13707, 0, 0, 0
40604, 15581, 0, 0, 0
40703, 20319, 0, 0, 0
40802, 20937, 0, 0, 0
40900, 21053, 0, 0, 0
41001, 16662, 0, 0, 0
41100, 16611, 0, 0, 0
41206, 15116, 0, 0, 0
41300, 14403, 0, 0, 0
41408, 15438, 0, 0, 0
41500, 13945, 0, 0, 0
41606, 16511, 0, 0, 0
41708, 13917, 0, 0, 0
41808, 19706, 0, 0, 0
41908, 24229, 0, 0, 0
42001, 17068, 0, 0, 0
42107, 22315, 0, 0, 0
42202, 21328, 0, 0, 0
42301, 18332, 0, 0, 0
42402, 22290, 0, 0, 0
42504, 25282, 0, 0, 0
42602, 23287, 0, 0, 0
42702, 24332, 0, 0, 0
42809, 20364, 0, 0, 0
42905, 27537, 0, 0, 0
43009, 21932, 0, 0, 0
43102, 20547, 0, 0, 0
43200, 16628, 0, 0, 0
43306, 19722, 0, 0, 0
43400, 19713, 0, 0, 0
43507, 24430, 0, 0, 0
43606, 20055, 0, 0, 0
43702, 17695, 0, 0, 0
43802, 23713, 0, 0, 0
43908, 23133, 0, 0, 0
44008, 18632, 0, 0, 0
44103, 20159, 0, 0, 0
44203, 18259, 0, 0, 0
44307, 20698, 0, 0, 0
44405, 17039, 0, 0, 0
44503, 19663, 0, 0, 0
44601, 20976, 0, 0, 0
44702, 20304, 0, 0, 0
44800, 23488, 0, 0, 0
44901, 19636, 0, 0, 0
45002, 18766, 0, 0, 0
45106, 21961, 0, 0, 0
45200, 29092, 0, 0, 0
45309, 20745, 0, 0, 0
45407, 24506, 0, 0, 0
45500, 21930, 0, 0, 0
45600, 23427, 0, 0, 0
45701, 16844, 0, 0, 0
45805, 22207, 0, 0, 0
45904, 21733, 0, 0, 0
46000, 23947, 0, 0, 0
46100, 29006, 0, 0, 0
46200, 19108, 0, 0, 0
46301, 18689, 0, 0, 0
46402, 17067, 0, 0, 0
46504, 16969, 0, 0, 0
46601, 17163, 0, 0, 0
46701, 24314, 0, 0, 0
46808, 16683, 0, 0, 0
46901, 21185, 0, 0, 0
47003, 24392, 0, 0, 0
47103, 22043, 0, 0, 0
47205, 24792, 0, 0, 0
47303, 24794, 0, 0, 0
47402, 17052, 0, 0, 0
47508, 23380, 0, 0, 0
47601, 20081, 0, 0, 0
47701, 26789, 0, 0, 0
47801, 30582, 0, 0, 0
47908, 20887, 0, 0, 0
48000, 20369, 0, 0, 0
48107, 19763, 0, 0, 0
48203, 19671, 0, 0, 0
48302, 20654, 0, 0, 0
48410, 22259, 0, 0, 0
48501, 18741, 0, 0, 0
48606, 19737, 0, 0, 0
48700, 20180, 0, 0, 0
48802, 20521, 0, 0, 0
48900, 16655, 0, 0, 0
49002, 17071, 0, 0, 0
49104, 16385, 0, 0, 0
49208, 13114, 0, 0, 0
49301, 18463, 0, 0, 0
49401, 15255, 0, 0, 0
49509, 18712, 0, 0, 0
49607, 19505, 0, 0, 0
49707, 27783, 0, 0, 0
49808, 19790, 0, 0, 0
49901, 22603, 0, 0, 0
50002, 20630, 0, 0, 0
50106, 25073, 0, 0, 0
50208, 21091, 0, 0, 0
50308, 22052, 0, 0, 0
50406, 23990, 0, 0, 0
50502, 20082, 0, 0, 0
50607, 25071, 0, 0, 0
50707, 29928, 0, 0, 0
50810, 23730, 0, 0, 0
50906, 18408, 0, 0, 0
51004, 19885, 0, 0, 0
51105, 19694, 0, 0, 0
51201, 22263, 0, 0, 0
51303, 25005, 0, 0, 0
51400, 26251, 0, 0, 0
51504, 18363, 0, 0, 0
51601, 22563, 0, 0, 0
51701, 19675, 0, 0, 0
51800, 20926, 0, 0, 0
51905, 17573, 0, 0, 0
52005, 23051, 0, 0, 0
52100, 24746, 0, 0, 0
52203, 22913, 0, 0, 0
52305, 20850, 0, 0, 0
52406, 24195, 0, 0, 0
52508, 22005, 0, 0, 0
52607, 24601, 0, 0, 0
52709, 21259, 0, 0, 0
52801, 19936, 0, 0, 0
52900, 17915, 0, 0, 0
53006, 20349, 0, 0, 0
53101, 17291, 0, 0, 0
53203, 19374, 0, 0, 0
53300, 13440, 0, 0, 0
53401, 16289, 0, 0, 0
53505, 21491, 0, 0, 0
53600, 23319, 0, 0, 0
53704, 18656, 0, 0, 0
53803, 20509, 0, 0, 0
53901, 19213, 0, 0, 0
54001, 19951, 0, 0, 0
54102, 17360, 0, 0, 0
54203, 14843, 0, 0, 0
54306, 20134, 0, 0, 0
54401, 16698, 0, 0, 0
54503, 13736, 0, 0, 0
54601, 18205, 0, 0, 0
54701, 16070, 0, 0, 0
54804, 13381, 0, 0, 0
54900, 13413, 0, 0, 0
55003, 14472, 0, 0, 0
55105, 17836, 0, 0, 0
55200, 18411, 0, 0, 0
55302, 15026, 0, 0, 0
55403, 18475, 0, 0, 0
55501, 15501, 0, 0, 0
55602, 15211, 0, 0, 0
55705, 18215, 0, 0, 0
55800, 20739, 0, 0, 0
55905, 25063, 0, 0, 0
56001, 18744, 0, 0, 0
56107, 23149, 0, 0, 0
56204, 21799, 0, 0, 0
56304, 17418, 0, 0, 0
56400, 15882, 0, 0, 0
56504, 14643, 0, 0, 0
56601, 16200, 0, 0, 0
56704, 17476, 0, 0, 0
56801, 18989, 0, 0, 0
56906, 20951, 0, 0, 0
57003, 21198, 0, 0, 0
57102, 23437, 0, 0, 0
57207, 19685, 0, 0, 0
57300, 19068, 0, 0, 0
57404, 19011, 0, 0, 0
57502, 21952, 0, 0, 0
57607, 21417, 0, 0, 0
57707, 17477, 0, 0, 0
57801, 25917, 0, 0, 0
57903, 25956, 0, 0, 0
58001, 26829, 0, 0, 0
58100, 18222, 0, 0, 0
58204, 20768, 0, 0, 0
58300, 23462, 0, 0, 0
58401, 19299, 0, 0, 0
58504, 23157, 0, 0, 0
58603, 25588, 0, 0, 0
58701, 23783, 0, 0, 0
58800, 24009, 0, 0, 0
58906, 21680, 0, 0, 0
59004, 25059, 0, 0, 0
59109, 30260, 0, 0, 0
59203, 20659, 0, 0, 0
59300, 23990, 0, 0, 0
59411, 21292, 0, 0, 0
59503, 21327, 0, 0, 0
59606, 20087, 0, 0, 0
59710, 25866, 0, 0, 0
59803, 20156, 0, 0, 0
59903, 22983, 0, 0, 0
60001, 18292, 0, 0, 0
60102, 20743, 0, 0, 0
60201, 20217, 0, 0, 0
60300, 17555, 0, 0, 0
60402, 19941, 0, 0, 0
60504, 20478, 0, 0, 0
60600, 21661, 0, 0, 0
60702, 16918, 0, 0, 0
60801, 21263, 0, 0, 0
60907, 16958, 0, 0, 0
61000, 16398, 0, 0, 0
61108, 15966, 0, 0, 0
61205, 17031, 0, 0, 0
61300, 18383, 0, 0, 0
61403, 19327, 0, 0, 0
61501, 16064, 0, 0, 0
61607, 19398, 0, 0, 0
61700, 15310, 0, 0, 0
61800, 18075, 0, 0, 0
61900, 16952, 0, 0, 0
62005, 23226, 0, 0, 0
62101, 25333, 0, 0, 0
62208, 20858, 0, 0, 0
62304, 22001, 0, 0, 0
62406, 18279, 0, 0, 0
62502, 22436, 0, 0, 0
62604, 20048, 0, 0, 0
62700, 15459, 0, 0, 0
62801, 15707, 0, 0, 0
62901, 15422, 0, 0, 0
63001, 15171, 0, 0, 0
63102, 15957, 0, 0, 0
63200, 16711, 0, 0, 0
63308, 18962, 0, 0, 0
63402, 16438, 0, 0, 0
63504, 19064, 0, 0, 0
63601, 19149, 0, 0, 0
63703, 21920, 0, 0, 0
63808, 25636, 0, 0, 0
63900, 17131, 0, 0, 0
64001, 24502, 0, 0, 0
64102, 23302, 0, 0, 0
64210, 17722, 0, 0, 0
64303, 21081, 0, 0, 0
64407, 23587, 0, 0, 0
64500, 15678, 0, 0, 0
64608, 23600, 0, 0, 0
64702, 22021, 0, 0, 0
64807, 29704, 0, 0, 0
64901, 20918, 0, 0, 0
65006, 15770, 0, 0, 0
65105, 28284, 0, 0, 0
65207, 21193, 0, 0, 0
65303, 24605, 0, 0, 0
65407, 18723, 0, 0, 0
65502, 24915, 0, 0, 0
65603, 21407, 0, 0, 0
65702, 19431, 0, 0, 0
65800, 23598, 0, 0, 0
65905, 20297, 0, 0, 0
66001, 22950, 0, 0, 0
66100, 23248, 0, 0, 0
66201, 23377, 0, 0, 0
66302, 19935, 0, 0, 0
66403, 22055, 0, 0, 0
66500, 24762, 0, 0, 0
66608, 27886, 0, 0, 0
66706, 22828, 0, 0, 0
66803, 20665, 0, 0, 0
66904, 21674, 0, 0, 0
67000, 17353, 0, 0, 0
67101, 24065, 0, 0, 0
67202, 24623, 0, 0, 0
67301, 31798, 0, 0, 0
67405, 26482, 0, 0, 0
67507, 23161, 0, 0, 0
67606, 20969, 0, 0, 0
67710, 21954, 0, 0, 0
67804, 23891, 0, 0, 0
67908, 19927, 0, 0, 0
68001, 25666, 0, 0, 0
68106, 23597, 0, 0, 0
68200, 21411, 0, 0, 0
68305, 21858, 0, 0, 0
68404, 17960, 0, 0, 0
68502, 21147, 0, 0, 0
68601, 21954, 0, 0, 0
68705, 17172, 0, 0, 0
68802, 13385, 0, 0, 0
68902, 17599, 0, 0, 0
69005, 16966, 0, 0, 0
69107, 13080, 0, 0, 0
69202, 14060, 0, 0, 0
69301, 14436, 0, 0, 0
69401, 14881, 0, 0, 0
69506, 18590, 0, 0, 0
69601, 15409, 0, 0, 0
69705, 22900, 0, 0, 0
69802, 22543, 0, 0, 0
69906, 24132, 0, 0, 0
70002, 28373, 0, 0, 0
70100, 19382, 0, 0, 0
70203, 22514, 0, 0, 0
70301, 24634, 0, 0, 0
70401, 25867, 0, 0, 0
70500, 24722, 0, 0, 0
70601, 23637, 0, 0, 0
70701, 23390, 0, 0, 0
70807, 24646, 0, 0, 0
70901, 16622, 0, 0, 0
71008, 23751, 0, 0, 0
71101, 19323, 0, 0, 0
71205, 18203, 0, 0, 0
71303, 20956, 0, 0, 0
71404, 18863, 0, 0, 0
71504, 17718, 0, 0, 0
71602, 17217, 0, 0, 0
71700, 24678, 0, 0, 0
71803, 21163, 0, 0, 0
71900, 23370, 0, 0, 0
72007, 24036, 0, 0, 0
72107, 24554, 0, 0, 0
72200, 25438, 0, 0, 0
72300, 26498, 0, 0, 0
72407, 22328, 0, 0, 0
72501, 16062, 0, 0, 0
72601, 17103, 0, 0, 0
72705, 14535, 0, 0, 0
72802, 16725, 0, 0, 0
72901, 16324, 0, 0, 0
73007, 16170, 0, 0, 0
73100, 15562, 0, 0, 0
73201, 19380, 0, 0, 0
73300, 21275, 0, 0, 0
73406, 16349, 0, 0, 0
73501, 16128, 0, 0, 0
73603, 17577, 0, 0, 0
73700, 17331, 0, 0, 0
73800, 13298, 0, 0, 0
73900, 15211, 0, 0, 0
74004, 14939, 0, 0, 0
74101, 18522, 0, 0, 0
74201, 14803, 0, 0, 0
74307, 18239, 0, 0, 0
74402, 15908, 0, 0, 0
74500, 14814, 0, 0, 0
74604, 20402, 0, 0, 0
74700, 22366, 0, 0, 0
74801, 19700, 0, 0, 0
74905, 20022, 0, 0, 0
75008, 20367, 0, 0, 0
75101, 21661, 0, 0, 0
75205, 27105, 0, 0, 0
75300, 20290, 0, 0, 0
75406, 22505, 0, 0, 0
75500, 21260, 0, 0, 0
75601, 17690, 0, 0, 0
75702, 17219, 0, 0, 0
75800, 15880, 0, 0, 0
75902, 14001, 0, 0, 0
76001, 17103, 0, 0, 0
76101, 18199, 0, 0, 0
76201, 18782, 0, 0, 0
76300, 16333, 0, 0, 0
76400, 13658, 0, 0, 0
76503, 15797, 0, 0, 0
76609, 13008, 0, 0, 0
76700, 19046, 0, 0, 0
76806, 19186, 0, 0, 0
76904, 15676, 0, 0, 0
77001, 18770, 0, 0, 0
77102, 21592, 0, 0, 0
77200, 20836, 0, 0, 0
77300, 18689, 0, 0, 0
77402, 18855, 0, 0, 0
77503, 15994, 0, 0, 0
77602, 22634, 0, 0, 0
77704, 18931, 0, 0, 0
77802, 15425, 0, 0, 0
77902, 20001, 0, 0, 0
78001, 19039, 0, 0, 0
78100, 19664, 0, 0, 0
78203, 17573, 0, 0, 0
78304, 18754, 0, 0, 0
78402, 16580, 0, 0, 0
78507, 16275, 0, 0, 0
78602, 20650, 0, 0, 0
78700, 13082, 0, 0, 0
78801, 16158, 0, 0, 0
78906, 12902, 0, 0, 0
79003, 15408, 0, 0, 0
79103, 17370, 0, 0, 0
79207, 13859, 0, 0, 0
79308, 16919, 0, 0, 0
79403, 20868, 0, 0, 0
79503, 19586, 0, 0, 0
79604, 25336, 0, 0, 0
79707, 20216, 0, 0, 0
79801, 18465, 0, 0, 0
79902, 24938, 0, 0, 0
80002, 22663, 0, 0, 0
80106, 22228, 0, 0, 0
80201, 23503, 0, 0, 0
80304, 27144, 0, 0, 0
80403, 24754, 0, 0, 0
80501, 18201, 0, 0, 0
80604, 23346, 0, 0, 0
80706, 21765, 0, 0, 0
80800, 24764, 0, 0, 0
80900, 29510, 0, 0, 0
81006, 23453, 0, 0, 0
81107, 21270, 0, 0, 0
81210, 23320, 0, 0, 0
81301, 25227, 0, 0, 0
81404, 17174, 0, 0, 0
81504, 15614, 0, 0, 0
81600, 17913, 0, 0, 0
81703, 13353, 0, 0, 0
81806, 16548, 0, 0, 0
81904, 14620, 0, 0, 0
82003, 16841, 0, 0, 0
82102, 15367, 0, 0, 0
82202, 18162, 0, 0, 0
82301, 17107, 0, 0, 0
82405, 15768, 0, 0, 0
82502, 17522, 0, 0, 0
82600, 19217, 0, 0, 0
82705, 15142, 0, 0, 0
82800, 17379, 0, 0, 0
82907, 16919, 0, 0, 0
83004, 15979, 0, 0, 0
83104, 14706, 0, 0, 0
83210, 17289, 0, 0, 0
83301, 15659, 0, 0, 0
83401, 16003, 0, 0, 0
83500, 18982, 0, 0, 0
83602, 25459, 0, 0, 0
83709, 20228, 0, 0, 0
83802, 21530, 0, 0, 0
83908, 21860, 0, 0, 0
84003, 20509, 0, 0, 0
84109, 20869, 0, 0, 0
84209, 19113, 0, 0, 0
84302, 25545, 0, 0, 0
84400, 23616, 0, 0, 0
84500, 18572, 0, 0, 0
84602, 17361, 0, 0, 0
84704, 19312, 0, 0, 0
84802, 18938, 0, 0, 0
84906, 20435, 0, 0, 0
85007, 18407, 0, 0, 0
85104, 13966, 0, 0, 0
85203, 18319, 0, 0, 0
85302, 18242, 0, 0, 0
85401, 19043, 0, 0, 0
85503, 17255, 0, 0, 0
85600, 17489, 0, 0, 0
85703, 17649, 0, 0, 0
85807, 16628, 0, 0, 0
85900, 17216, 0, 0, 0
86001, 16139, 0, 0, 0
86102, 19254, 0, 0, 0
86200, 19585, 0, 0, 0
86304, 17506, 0, 0, 0
86400, 17501, 0, 0, 0
86509, 25214, 0, 0, 0
86600, 21670, 0, 0, 0
86707, 19749, 0, 0, 0
86800, 21266, 0, 0, 0
86905, 19563, 0, 0, 0
87003, 22862, 0, 0, 0
87101, 24513, 0, 0, 0
87207, 23368, 0, 0, 0
87302, 27262, 0, 0, 0
87404, 24760, 0, 0, 0
87509, 22655, 0, 0, 0
87605, 19523, 0, 0, 0
87704, 18594, 0, 0, 0
87801, 23906, 0, 0, 0
87903, 20127, 0, 0, 0
88002, 16910, 0, 0, 0
88102, 18412, 0, 0, 0
88205, 19434, 0, 0, 0
88306, 17686, 0, 0, 0
88401, 18709, 0, 0, 0
88507, 17023, 0, 0, 0
88603, 20050, 0, 0, 0
88702, 16675, 0, 0, 0
88803, 16980, 0, 0, 0
88906, 15442, 0, 0, 0
89008, 13349, 0, 0, 0
89101, 13312, 0, 0, 0
89200, 15839, 0, 0, 0
89306, 14636, 0, 0, 0
89405, 15384, 0, 0, 0
89500, 16916, 0, 0, 0
89600, 18718, 0, 0, 0
89704, 18012, 0, 0, 0
89804, 15801, 0, 0, 0
89900, 14656, 0, 0, 0
90008, 17780, 0, 0, 0
