250, 764928, 0, 0, 0
350, 783360, 0, 0, 0
450, 629760, 0, 0, 0
551, 806400, 0, 0, 0
651, 737280, 0, 0, 0
752, 975360, 0, 0, 0
852, 921600, 0, 0, 0
952, 514560, 0, 0, 0
1052, 721920, 0, 0, 0
1152, 814080, 0, 0, 0
1253, 898560, 0, 0, 0
1353, 798720, 0, 0, 0
1453, 913920, 0, 0, 0
1554, 890880, 0, 0, 0
1654, 691200, 0, 0, 0
1754, 775680, 0, 0, 0
1854, 806400, 0, 0, 0
1954, 652800, 0, 0, 0
2055, 952320, 0, 0, 0
2155, 936960, 0, 0, 0
2255, 698880, 0, 0, 0
2355, 706560, 0, 0, 0
2455, 844800, 0, 0, 0
2556, 837120, 0, 0, 0
2656, 860160, 0, 0, 0
2756, 913920, 0, 0, 0
2856, 1013760, 0, 0, 0
2957, 983040, 0, 0, 0
3057, 775680, 0, 0, 0
3157, 668160, 0, 0, 0
3257, 1105920, 0, 0, 0
3358, 883200, 0, 0, 0
3458, 814080, 0, 0, 0
3558, 744960, 0, 0, 0
3658, 883200, 0, 0, 0
3758, 721920, 0, 0, 0
3859, 768000, 0, 0, 0
3959, 967680, 0, 0, 0
4059, 867840, 0, 0, 0
4159, 913920, 0, 0, 0
4260, 875520, 0, 0, 0
4360, 683520, 0, 0, 0
4460, 506880, 0, 0, 0
4560, 737280, 0, 0, 0
4660, 952320, 0, 0, 0
4761, 629760, 0, 0, 0
4861, 852480, 0, 0, 0
4961, 791040, 0, 0, 0
5061, 875520, 0, 0, 0
5161, 721920, 0, 0, 0
5262, 814080, 0, 0, 0
5362, 906240, 0, 0, 0
5462, 1029120, 0, 0, 0
5562, 875520, 0, 0, 0
5663, 837120, 0, 0, 0
5763, 1036800, 0, 0, 0
5863, 614400, 0, 0, 0
5963, 952320, 0, 0, 0
6063, 837120, 0, 0, 0
6164, 990720, 0, 0, 0
6264, 1128960, 0, 0, 0
6364, 829440, 0, 0, 0
6464, 1082880, 0, 0, 0
6565, 1021440, 0, 0, 0
6665, 775680, 0, 0, 0
6765, 760320, 0, 0, 0
6865, 1029120, 0, 0, 0
6965, 998400, 0, 0, 0
7066, 967680, 0, 0, 0
7166, 821760, 0, 0, 0
7266, 821760, 0, 0, 0
7366, 645120, 0, 0, 0
7466, 929280, 0, 0, 0
7567, 768000, 0, 0, 0
7667, 645120, 0, 0, 0
7767, 768000, 0, 0, 0
7867, 660480, 0, 0, 0
7967, 883200, 0, 0, 0
8068, 1013760, 0, 0, 0
8168, 906240, 0, 0, 0
8268, 998400, 0, 0, 0
8369, 883200, 0, 0, 0
8469, 898560, 0, 0, 0
8570, 936960, 0, 0, 0
8670, 867840, 0, 0, 0
8770, 929280, 0, 0, 0
8870, 821760, 0, 0, 0
8970, 821760, 0, 0, 0
9071, 729600, 0, 0, 0
9171, 737280, 0, 0, 0
9271, 829440, 0, 0, 0
9371, 683520, 0, 0, 0
9472, 829440, 0, 0, 0
9573, 927683, 0, 0, 0
9673, 936960, 0, 0, 0
9774, 706560, 0, 0, 0
9874, 1006080, 0, 0, 0
9974, 791040, 0, 0, 0
10074, 913920, 0, 0, 0
10174, 967680, 0, 0, 0
10275, 737280, 0, 0, 0
10375, 491520, 0, 0, 0
10475, 844800, 0, 0, 0
10576, 829440, 0, 0, 0
10676, 837120, 0, 0, 0
10776, 875520, 0, 0, 0
10876, 760320, 0, 0, 0
10976, 883200, 0, 0, 0
11077, 875520, 0, 0, 0
11177, 967680, 0, 0, 0
11277, 898560, 0, 0, 0
11377, 852480, 0, 0, 0
11477, 875520, 0, 0, 0
11578, 721920, 0, 0, 0
11678, 660480, 0, 0, 0
11778, 760320, 0, 0, 0
11878, 737280, 0, 0, 0
11978, 775680, 0, 0, 0
12079, 721920, 0, 0, 0
12179, 706560, 0, 0, 0
12279, 752640, 0, 0, 0
12379, 814080, 0, 0, 0
12480, 898560, 0, 0, 0
12580, 752640, 0, 0, 0
12680, 814080, 0, 0, 0
12780, 714240, 0, 0, 0
12881, 775680, 0, 0, 0
12981, 983040, 0, 0, 0
13081, 883200, 0, 0, 0
13181, 791040, 0, 0, 0
13282, 768000, 0, 0, 0
13382, 744960, 0, 0, 0
13482, 1013760, 0, 0, 0
13582, 752640, 0, 0, 0
13682, 852480, 0, 0, 0
13783, 921600, 0, 0, 0
13883, 906240, 0, 0, 0
13983, 890880, 0, 0, 0
14084, 752640, 0, 0, 0
14184, 729600, 0, 0, 0
14284, 721920, 0, 0, 0
14384, 660480, 0, 0, 0
14484, 1082880, 0, 0, 0
14585, 829440, 0, 0, 0
14685, 944640, 0, 0, 0
14785, 883200, 0, 0, 0
14885, 760320, 0, 0, 0
14986, 829440, 0, 0, 0
15086, 814080, 0, 0, 0
15186, 960000, 0, 0, 0
15287, 714240, 0, 0, 0
15387, 890880, 0, 0, 0
15487, 737280, 0, 0, 0
15587, 814080, 0, 0, 0
15688, 898560, 0, 0, 0
15788, 944640, 0, 0, 0
15888, 867840, 0, 0, 0
15988, 645120, 0, 0, 0
16089, 806400, 0, 0, 0
16189, 844800, 0, 0, 0
16289, 913920, 0, 0, 0
16389, 691200, 0, 0, 0
16489, 990720, 0, 0, 0
16590, 936960, 0, 0, 0
16690, 737280, 0, 0, 0
16790, 960000, 0, 0, 0
16890, 898560, 0, 0, 0
16991, 668160, 0, 0, 0
17091, 721920, 0, 0, 0
17191, 952320, 0, 0, 0
17291, 875520, 0, 0, 0
17392, 944640, 0, 0, 0
17492, 599040, 0, 0, 0
17592, 837120, 0, 0, 0
17692, 883200, 0, 0, 0
17793, 983040, 0, 0, 0
17893, 698880, 0, 0, 0
17993, 844800, 0, 0, 0
18093, 890880, 0, 0, 0
18193, 775680, 0, 0, 0
18294, 921600, 0, 0, 0
18394, 783360, 0, 0, 0
18494, 867840, 0, 0, 0
18594, 1036800, 0, 0, 0
18695, 929280, 0, 0, 0
18795, 729600, 0, 0, 0
18895, 668160, 0, 0, 0
18995, 906240, 0, 0, 0
19096, 875520, 0, 0, 0
19196, 837120, 0, 0, 0
19296, 852480, 0, 0, 0
19396, 760320, 0, 0, 0
19497, 645120, 0, 0, 0
19597, 844800, 0, 0, 0
19697, 975360, 0, 0, 0
19797, 852480, 0, 0, 0
19897, 775680, 0, 0, 0
19998, 791040, 0, 0, 0
20098, 906240, 0, 0, 0
20198, 998400, 0, 0, 0
20298, 875520, 0, 0, 0
20399, 921600, 0, 0, 0
20499, 860160, 0, 0, 0
20599, 883200, 0, 0, 0
20699, 967680, 0, 0, 0
20800, 829440, 0, 0, 0
20900, 683520, 0, 0, 0
21000, 683520, 0, 0, 0
21100, 852480, 0, 0, 0
21200, 929280, 0, 0, 0
21300, 829440, 0, 0, 0
21400, 860160, 0, 0, 0
21500, 667151, 0, 0, 0
21600, 783360, 0, 0, 0
21700, 990720, 0, 0, 0
21800, 683520, 0, 0, 0
21900, 652800, 0, 0, 0
22000, 721454, 0, 0, 0
22100, 852480, 0, 0, 0
22200, 660480, 0, 0, 0
22300, 791040, 0, 0, 0
22400, 814080, 0, 0, 0
22499, 892121, 0, 0, 0
22599, 852480, 0, 0, 0
22700, 744960, 0, 0, 0
22800, 1036800, 0, 0, 0
22900, 1021440, 0, 0, 0
22999, 752484, 0, 0, 0
23099, 837120, 0, 0, 0
23199, 721920, 0, 0, 0
23300, 952320, 0, 0, 0
23400, 929280, 0, 0, 0
23499, 1008484, 0, 0, 0
23599, 921600, 0, 0, 0
23700, 691200, 0, 0, 0
23800, 975360, 0, 0, 0
23900, 798720, 0, 0, 0
23999, 667151, 0, 0, 0
24099, 683520, 0, 0, 0
24199, 783360, 0, 0, 0
24300, 1059840, 0, 0, 0
24400, 898560, 0, 0, 0
24499, 876606, 0, 0, 0
24599, 844800, 0, 0, 0
24699, 806400, 0, 0, 0
24800, 875520, 0, 0, 0
24900, 622080, 0, 0, 0
25000, 675840, 0, 0, 0
25100, 890880, 0, 0, 0
25200, 860160, 0, 0, 0
25301, 867840, 0, 0, 0
25400, 721454, 0, 0, 0
25500, 860160, 0, 0, 0
25600, 913920, 0, 0, 0
25700, 768000, 0, 0, 0
25800, 875520, 0, 0, 0
25900, 1067520, 0, 0, 0
26000, 853333, 0, 0, 0
26100, 798720, 0, 0, 0
26200, 714240, 0, 0, 0
26300, 883200, 0, 0, 0
26400, 852480, 0, 0, 0
26500, 736969, 0, 0, 0
26600, 967680, 0, 0, 0
26700, 668160, 0, 0, 0
26800, 798720, 0, 0, 0
26900, 1029120, 0, 0, 0
26999, 915393, 0, 0, 0
27099, 821760, 0, 0, 0
27199, 821760, 0, 0, 0
27300, 975360, 0, 0, 0
27400, 906240, 0, 0, 0
27499, 760242, 0, 0, 0
27599, 906240, 0, 0, 0
27699, 1013760, 0, 0, 0
27800, 714240, 0, 0, 0
27900, 844800, 0, 0, 0
28000, 814080, 0, 0, 0
28100, 768000, 0, 0, 0
28200, 867840, 0, 0, 0
28300, 768000, 0, 0, 0
28400, 844800, 0, 0, 0
28500, 898560, 0, 0, 0
28600, 860160, 0, 0, 0
28700, 936960, 0, 0, 0
28800, 612848, 0, 0, 0
28900, 706560, 0, 0, 0
29000, 837120, 0, 0, 0
29100, 890880, 0, 0, 0
29200, 645120, 0, 0, 0
29300, 960000, 0, 0, 0
29400, 821760, 0, 0, 0
29500, 806787, 0, 0, 0
29600, 768000, 0, 0, 0
29700, 821760, 0, 0, 0
29800, 752640, 0, 0, 0
29900, 875520, 0, 0, 0
30000, 985212, 0, 0, 0
30100, 829440, 0, 0, 0
30200, 814080, 0, 0, 0
30300, 867840, 0, 0, 0
30400, 837120, 0, 0, 0
30499, 899878, 0, 0, 0
30600, 768000, 0, 0, 0
30700, 898560, 0, 0, 0
30800, 698880, 0, 0, 0
30900, 944640, 0, 0, 0
31000, 1000727, 0, 0, 0
31100, 906240, 0, 0, 0
31200, 906240, 0, 0, 0
31300, 913920, 0, 0, 0
31400, 867840, 0, 0, 0
31500, 930909, 0, 0, 0
31600, 783360, 0, 0, 0
31700, 898560, 0, 0, 0
31800, 668160, 0, 0, 0
31900, 875520, 0, 0, 0
31999, 892121, 0, 0, 0
32100, 821760, 0, 0, 0
32200, 890880, 0, 0, 0
32300, 944640, 0, 0, 0
32400, 852480, 0, 0, 0
32499, 954181, 0, 0, 0
32599, 852480, 0, 0, 0
32700, 921600, 0, 0, 0
32800, 1029120, 0, 0, 0
32900, 675840, 0, 0, 0
32999, 736969, 0, 0, 0
33099, 898560, 0, 0, 0
33199, 760320, 0, 0, 0
33300, 768000, 0, 0, 0
33400, 683520, 0, 0, 0
33500, 890880, 0, 0, 0
33600, 1029120, 0, 0, 0
33700, 844800, 0, 0, 0
33800, 721920, 0, 0, 0
33900, 1021440, 0, 0, 0
34000, 861090, 0, 0, 0
34100, 883200, 0, 0, 0
34200, 837120, 0, 0, 0
34300, 760320, 0, 0, 0
34400, 760320, 0, 0, 0
34499, 659393, 0, 0, 0
34600, 775680, 0, 0, 0
34700, 844800, 0, 0, 0
34800, 867840, 0, 0, 0
34900, 844800, 0, 0, 0
34999, 830060, 0, 0, 0
35100, 668160, 0, 0, 0
35200, 898560, 0, 0, 0
35300, 936960, 0, 0, 0
35400, 906240, 0, 0, 0
35499, 946424, 0, 0, 0
35600, 867840, 0, 0, 0
35700, 806400, 0, 0, 0
35800, 729600, 0, 0, 0
35900, 821760, 0, 0, 0
35999, 992969, 0, 0, 0
36099, 821760, 0, 0, 0
36199, 798720, 0, 0, 0
36300, 783360, 0, 0, 0
36400, 1021440, 0, 0, 0
36499, 868848, 0, 0, 0
36599, 883200, 0, 0, 0
36699, 744960, 0, 0, 0
36800, 929280, 0, 0, 0
36900, 775680, 0, 0, 0
37000, 698880, 0, 0, 0
37100, 752640, 0, 0, 0
37200, 675840, 0, 0, 0
37301, 990720, 0, 0, 0
37400, 1031757, 0, 0, 0
37500, 752640, 0, 0, 0
37600, 660480, 0, 0, 0
37700, 821760, 0, 0, 0
37801, 783360, 0, 0, 0
37900, 768000, 0, 0, 0
38000, 844800, 0, 0, 0
38100, 752640, 0, 0, 0
38200, 975360, 0, 0, 0
38300, 652800, 0, 0, 0
38400, 906240, 0, 0, 0
38500, 651636, 0, 0, 0
38600, 775680, 0, 0, 0
38700, 760320, 0, 0, 0
38800, 837120, 0, 0, 0
38900, 906240, 0, 0, 0
38999, 768000, 0, 0, 0
39100, 721920, 0, 0, 0
39200, 867840, 0, 0, 0
39300, 883200, 0, 0, 0
39400, 998400, 0, 0, 0
39499, 698181, 0, 0, 0
39600, 814080, 0, 0, 0
39700, 844800, 0, 0, 0
39800, 629760, 0, 0, 0
39900, 744960, 0, 0, 0
39999, 775757, 0, 0, 0
40099, 829440, 0, 0, 0
40199, 821760, 0, 0, 0
40300, 1006080, 0, 0, 0
40400, 829440, 0, 0, 0
40500, 852480, 0, 0, 0
40600, 906240, 0, 0, 0
40700, 883200, 0, 0, 0
40800, 783515, 0, 0, 0
40900, 929280, 0, 0, 0
41000, 752640, 0, 0, 0
41100, 576000, 0, 0, 0
41200, 967680, 0, 0, 0
41300, 977454, 0, 0, 0
41400, 890880, 0, 0, 0
41500, 944640, 0, 0, 0
41600, 821760, 0, 0, 0
41700, 1021440, 0, 0, 0
41800, 875520, 0, 0, 0
41900, 760320, 0, 0, 0
42000, 930909, 0, 0, 0
42100, 844800, 0, 0, 0
42200, 768000, 0, 0, 0
42301, 752640, 0, 0, 0
42400, 783515, 0, 0, 0
42500, 906240, 0, 0, 0
42600, 606720, 0, 0, 0
42700, 837120, 0, 0, 0
42800, 906240, 0, 0, 0
42900, 714240, 0, 0, 0
43000, 861090, 0, 0, 0
43100, 852480, 0, 0, 0
43200, 921600, 0, 0, 0
43300, 806400, 0, 0, 0
43400, 775680, 0, 0, 0
43500, 791040, 0, 0, 0
43600, 1036800, 0, 0, 0
43701, 1013760, 0, 0, 0
43800, 884363, 0, 0, 0
43900, 791040, 0, 0, 0
44000, 660480, 0, 0, 0
44100, 768000, 0, 0, 0
44200, 645120, 0, 0, 0
44300, 906240, 0, 0, 0
44401, 675840, 0, 0, 0
44500, 752484, 0, 0, 0
44600, 1013760, 0, 0, 0
44700, 721920, 0, 0, 0
44800, 898560, 0, 0, 0
44900, 867840, 0, 0, 0
45000, 721454, 0, 0, 0
45100, 752640, 0, 0, 0
45200, 599040, 0, 0, 0
45300, 560640, 0, 0, 0
45401, 652800, 0, 0, 0
45500, 775757, 0, 0, 0
45600, 760320, 0, 0, 0
45700, 798720, 0, 0, 0
45800, 522240, 0, 0, 0
45900, 698880, 0, 0, 0
46000, 985212, 0, 0, 0
46100, 936960, 0, 0, 0
46200, 791040, 0, 0, 0
46300, 760320, 0, 0, 0
46400, 783360, 0, 0, 0
46499, 868848, 0, 0, 0
46600, 990720, 0, 0, 0
46700, 791040, 0, 0, 0
46800, 768000, 0, 0, 0
46900, 775680, 0, 0, 0
46999, 612848, 0, 0, 0
47099, 875520, 0, 0, 0
47199, 652800, 0, 0, 0
47300, 890880, 0, 0, 0
47400, 867840, 0, 0, 0
47499, 806787, 0, 0, 0
47599, 706560, 0, 0, 0
47699, 798720, 0, 0, 0
47800, 1052160, 0, 0, 0
47900, 829440, 0, 0, 0
48000, 890880, 0, 0, 0
48100, 775680, 0, 0, 0
48200, 760320, 0, 0, 0
48301, 975360, 0, 0, 0
48400, 721454, 0, 0, 0
48500, 1044480, 0, 0, 0
48600, 852480, 0, 0, 0
48700, 1067520, 0, 0, 0
48800, 1059840, 0, 0, 0
48900, 744960, 0, 0, 0
49000, 915393, 0, 0, 0
49100, 890880, 0, 0, 0
49200, 1098240, 0, 0, 0
49300, 798720, 0, 0, 0
49400, 944640, 0, 0, 0
49500, 930909, 0, 0, 0
49600, 691200, 0, 0, 0
49700, 729600, 0, 0, 0
49800, 898560, 0, 0, 0
49900, 898560, 0, 0, 0
49999, 775757, 0, 0, 0
50099, 698880, 0, 0, 0
50199, 814080, 0, 0, 0
50300, 875520, 0, 0, 0
50400, 729600, 0, 0, 0
50499, 822303, 0, 0, 0
50599, 814080, 0, 0, 0
50699, 852480, 0, 0, 0
50800, 913920, 0, 0, 0
50900, 806400, 0, 0, 0
50999, 799030, 0, 0, 0
51099, 867840, 0, 0, 0
51200, 837120, 0, 0, 0
51300, 936960, 0, 0, 0
51400, 906240, 0, 0, 0
51499, 923151, 0, 0, 0
51599, 675840, 0, 0, 0
51700, 721920, 0, 0, 0
51800, 844800, 0, 0, 0
51900, 944640, 0, 0, 0
51999, 923151, 0, 0, 0
52099, 637440, 0, 0, 0
52200, 821760, 0, 0, 0
52300, 906240, 0, 0, 0
52400, 975360, 0, 0, 0
52499, 923151, 0, 0, 0
52599, 821760, 0, 0, 0
52699, 814080, 0, 0, 0
52800, 906240, 0, 0, 0
52900, 913920, 0, 0, 0
52999, 946424, 0, 0, 0
53099, 883200, 0, 0, 0
53199, 967680, 0, 0, 0
53300, 898560, 0, 0, 0
53400, 852480, 0, 0, 0
53499, 923151, 0, 0, 0
53599, 936960, 0, 0, 0
53700, 829440, 0, 0, 0
53800, 721920, 0, 0, 0
53900, 890880, 0, 0, 0
53999, 938666, 0, 0, 0
54100, 791040, 0, 0, 0
54200, 783360, 0, 0, 0
54300, 760320, 0, 0, 0
54400, 752640, 0, 0, 0
54499, 791272, 0, 0, 0
54599, 921600, 0, 0, 0
54700, 691200, 0, 0, 0
54800, 783360, 0, 0, 0
54900, 829440, 0, 0, 0
54999, 581818, 0, 0, 0
55099, 791040, 0, 0, 0
55199, 721920, 0, 0, 0
55300, 1006080, 0, 0, 0
55400, 975360, 0, 0, 0
55500, 814080, 0, 0, 0
55600, 998400, 0, 0, 0
55700, 683520, 0, 0, 0
55801, 875520, 0, 0, 0
55900, 1055030, 0, 0, 0
56000, 668160, 0, 0, 0
56100, 1052160, 0, 0, 0
56200, 821760, 0, 0, 0
56300, 936960, 0, 0, 0
56400, 714240, 0, 0, 0
56500, 752484, 0, 0, 0
56600, 798720, 0, 0, 0
56700, 698880, 0, 0, 0
56800, 729600, 0, 0, 0
56900, 837120, 0, 0, 0
56999, 752484, 0, 0, 0
57100, 990720, 0, 0, 0
57200, 629760, 0, 0, 0
57300, 936960, 0, 0, 0
57400, 913920, 0, 0, 0
57499, 814545, 0, 0, 0
57599, 706560, 0, 0, 0
57700, 798720, 0, 0, 0
57800, 890880, 0, 0, 0
57900, 1059840, 0, 0, 0
57999, 822303, 0, 0, 0
58099, 952320, 0, 0, 0
58199, 967680, 0, 0, 0
58300, 775680, 0, 0, 0
58400, 883200, 0, 0, 0
58500, 837120, 0, 0, 0
58600, 844800, 0, 0, 0
58700, 890880, 0, 0, 0
58800, 628363, 0, 0, 0
58900, 975360, 0, 0, 0
59000, 791040, 0, 0, 0
59100, 852480, 0, 0, 0
59200, 568320, 0, 0, 0
59300, 898560, 0, 0, 0
59401, 791040, 0, 0, 0
59500, 729212, 0, 0, 0
59600, 929280, 0, 0, 0
59700, 829440, 0, 0, 0
59800, 913920, 0, 0, 0
59900, 898560, 0, 0, 0
60000, 954181, 0, 0, 0
60100, 645120, 0, 0, 0
60200, 714240, 0, 0, 0
60300, 737280, 0, 0, 0
60400, 852480, 0, 0, 0
60499, 643878, 0, 0, 0
60599, 768000, 0, 0, 0
60700, 867840, 0, 0, 0
60800, 860160, 0, 0, 0
60900, 706560, 0, 0, 0
60999, 791272, 0, 0, 0
61099, 806400, 0, 0, 0
61199, 798720, 0, 0, 0
61300, 867840, 0, 0, 0
61400, 821760, 0, 0, 0
61499, 1000727, 0, 0, 0
61599, 844800, 0, 0, 0
61699, 706560, 0, 0, 0
61800, 668160, 0, 0, 0
61900, 883200, 0, 0, 0
61999, 892121, 0, 0, 0
62099, 906240, 0, 0, 0
62200, 1036800, 0, 0, 0
62300, 768000, 0, 0, 0
62400, 752640, 0, 0, 0
62500, 837818, 0, 0, 0
62600, 936960, 0, 0, 0
62700, 852480, 0, 0, 0
62800, 852480, 0, 0, 0
62900, 760320, 0, 0, 0
63000, 969696, 0, 0, 0
63100, 668160, 0, 0, 0
63200, 1059840, 0, 0, 0
63300, 921600, 0, 0, 0
63400, 814080, 0, 0, 0
63499, 868848, 0, 0, 0
63599, 675840, 0, 0, 0
63700, 775680, 0, 0, 0
63800, 798720, 0, 0, 0
63900, 867840, 0, 0, 0
63999, 961939, 0, 0, 0
64099, 852480, 0, 0, 0
64199, 883200, 0, 0, 0
64300, 737280, 0, 0, 0
64400, 867840, 0, 0, 0
64500, 752640, 0, 0, 0
64600, 783360, 0, 0, 0
64700, 1082880, 0, 0, 0
64800, 915393, 0, 0, 0
64900, 844800, 0, 0, 0
65000, 775680, 0, 0, 0
65100, 698880, 0, 0, 0
65200, 1144320, 0, 0, 0
65300, 985212, 0, 0, 0
65400, 975360, 0, 0, 0
65500, 814080, 0, 0, 0
65600, 806400, 0, 0, 0
65700, 768000, 0, 0, 0
65800, 806400, 0, 0, 0
65900, 852480, 0, 0, 0
66000, 915393, 0, 0, 0
66100, 875520, 0, 0, 0
66200, 660480, 0, 0, 0
66300, 821760, 0, 0, 0
66400, 768000, 0, 0, 0
66499, 868848, 0, 0, 0
66600, 913920, 0, 0, 0
66700, 806400, 0, 0, 0
66800, 875520, 0, 0, 0
66900, 706560, 0, 0, 0
67000, 799030, 0, 0, 0
67100, 814080, 0, 0, 0
67200, 844800, 0, 0, 0
67300, 698880, 0, 0, 0
67400, 875520, 0, 0, 0
67499, 822303, 0, 0, 0
67599, 691200, 0, 0, 0
67700, 890880, 0, 0, 0
67800, 852480, 0, 0, 0
67900, 698880, 0, 0, 0
67999, 907636, 0, 0, 0
68099, 752640, 0, 0, 0
68199, 983040, 0, 0, 0
68300, 975360, 0, 0, 0
68400, 898560, 0, 0, 0
68499, 884363, 0, 0, 0
68599, 737280, 0, 0, 0
68699, 906240, 0, 0, 0
68800, 921600, 0, 0, 0
68900, 983040, 0, 0, 0
69000, 954181, 0, 0, 0
69100, 883200, 0, 0, 0
69200, 875520, 0, 0, 0
69300, 890880, 0, 0, 0
69400, 867840, 0, 0, 0
69499, 977454, 0, 0, 0
69600, 890880, 0, 0, 0
69700, 622080, 0, 0, 0
69800, 675840, 0, 0, 0
69900, 783360, 0, 0, 0
69999, 744727, 0, 0, 0
70099, 860160, 0, 0, 0
70199, 929280, 0, 0, 0
70300, 929280, 0, 0, 0
70400, 814080, 0, 0, 0
70500, 560640, 0, 0, 0
70600, 698880, 0, 0, 0
70700, 752640, 0, 0, 0
70800, 960000, 0, 0, 0
70901, 860160, 0, 0, 0
71000, 814545, 0, 0, 0
71100, 783360, 0, 0, 0
71200, 883200, 0, 0, 0
71300, 760320, 0, 0, 0
71400, 913920, 0, 0, 0
71500, 791272, 0, 0, 0
71600, 890880, 0, 0, 0
71700, 936960, 0, 0, 0
71800, 829440, 0, 0, 0
71900, 744960, 0, 0, 0
72000, 698181, 0, 0, 0
72100, 967680, 0, 0, 0
72200, 744960, 0, 0, 0
72300, 798720, 0, 0, 0
72400, 936960, 0, 0, 0
72499, 868848, 0, 0, 0
72599, 744960, 0, 0, 0
72700, 675840, 0, 0, 0
72800, 875520, 0, 0, 0
72900, 852480, 0, 0, 0
72999, 845575, 0, 0, 0
73100, 852480, 0, 0, 0
73200, 775680, 0, 0, 0
73300, 852480, 0, 0, 0
73400, 867840, 0, 0, 0
73499, 667151, 0, 0, 0
73599, 867840, 0, 0, 0
73700, 637440, 0, 0, 0
73800, 936960, 0, 0, 0
73900, 752640, 0, 0, 0
73999, 651636, 0, 0, 0
74099, 798720, 0, 0, 0
74199, 890880, 0, 0, 0
74300, 645120, 0, 0, 0
74400, 683520, 0, 0, 0
74499, 620606, 0, 0, 0
74599, 929280, 0, 0, 0
74699, 837120, 0, 0, 0
74800, 913920, 0, 0, 0
74900, 814080, 0, 0, 0
74999, 853333, 0, 0, 0
75099, 906240, 0, 0, 0
75199, 760320, 0, 0, 0
75300, 744960, 0, 0, 0
75400, 783360, 0, 0, 0
75500, 852480, 0, 0, 0
75600, 737280, 0, 0, 0
75700, 1029120, 0, 0, 0
75800, 954181, 0, 0, 0
75900, 952320, 0, 0, 0
76000, 975360, 0, 0, 0
76100, 898560, 0, 0, 0
76200, 906240, 0, 0, 0
76300, 906240, 0, 0, 0
76401, 645120, 0, 0, 0
76500, 961939, 0, 0, 0
76600, 852480, 0, 0, 0
76700, 691200, 0, 0, 0
76800, 683520, 0, 0, 0
76900, 752640, 0, 0, 0
77000, 791272, 0, 0, 0
77100, 975360, 0, 0, 0
77200, 629760, 0, 0, 0
77300, 760320, 0, 0, 0
77400, 737280, 0, 0, 0
77500, 822303, 0, 0, 0
77600, 806400, 0, 0, 0
77700, 867840, 0, 0, 0
77800, 768000, 0, 0, 0
77900, 967680, 0, 0, 0
78000, 799030, 0, 0, 0
78100, 936960, 0, 0, 0
78200, 798720, 0, 0, 0
78300, 998400, 0, 0, 0
78400, 714240, 0, 0, 0
78499, 760242, 0, 0, 0
78600, 890880, 0, 0, 0
78700, 883200, 0, 0, 0
78800, 883200, 0, 0, 0
78900, 883200, 0, 0, 0
78999, 775757, 0, 0, 0
79100, 1052160, 0, 0, 0
79200, 975360, 0, 0, 0
79300, 706560, 0, 0, 0
79400, 752640, 0, 0, 0
79500, 690424, 0, 0, 0
79600, 721920, 0, 0, 0
79700, 660480, 0, 0, 0
79800, 837120, 0, 0, 0
79900, 952320, 0, 0, 0
80000, 845575, 0, 0, 0
80100, 744960, 0, 0, 0
80200, 744960, 0, 0, 0
80300, 906240, 0, 0, 0
80400, 913920, 0, 0, 0
80499, 899878, 0, 0, 0
80600, 906240, 0, 0, 0
80700, 814080, 0, 0, 0
80800, 875520, 0, 0, 0
80900, 798720, 0, 0, 0
81000, 961939, 0, 0, 0
81100, 1029120, 0, 0, 0
81200, 952320, 0, 0, 0
81300, 860160, 0, 0, 0
81400, 821760, 0, 0, 0
81499, 736969, 0, 0, 0
81600, 768000, 0, 0, 0
81700, 921600, 0, 0, 0
81800, 829440, 0, 0, 0
81900, 821760, 0, 0, 0
82000, 775757, 0, 0, 0
82100, 867840, 0, 0, 0
82200, 768000, 0, 0, 0
82300, 760320, 0, 0, 0
82400, 760320, 0, 0, 0
82500, 736969, 0, 0, 0
82600, 837120, 0, 0, 0
82700, 821760, 0, 0, 0
82800, 944640, 0, 0, 0
82900, 706560, 0, 0, 0
82999, 659393, 0, 0, 0
83099, 675840, 0, 0, 0
83200, 844800, 0, 0, 0
83300, 952320, 0, 0, 0
83400, 698880, 0, 0, 0
83499, 682666, 0, 0, 0
83599, 721920, 0, 0, 0
83700, 936960, 0, 0, 0
83800, 760320, 0, 0, 0
83900, 929280, 0, 0, 0
83999, 892121, 0, 0, 0
84099, 706560, 0, 0, 0
84199, 752640, 0, 0, 0
84300, 798720, 0, 0, 0
84400, 691200, 0, 0, 0
84500, 883200, 0, 0, 0
84600, 829440, 0, 0, 0
84700, 714240, 0, 0, 0
84800, 729212, 0, 0, 0
84900, 821760, 0, 0, 0
85000, 637440, 0, 0, 0
85100, 852480, 0, 0, 0
85200, 691200, 0, 0, 0
85300, 643878, 0, 0, 0
85400, 583680, 0, 0, 0
85500, 791040, 0, 0, 0
85600, 798720, 0, 0, 0
85700, 791040, 0, 0, 0
85800, 713696, 0, 0, 0
85900, 775680, 0, 0, 0
86000, 860160, 0, 0, 0
86100, 576000, 0, 0, 0
86200, 936960, 0, 0, 0
86300, 837120, 0, 0, 0
86401, 714240, 0, 0, 0
86500, 736969, 0, 0, 0
86600, 714240, 0, 0, 0
86700, 814080, 0, 0, 0
86800, 791040, 0, 0, 0
86901, 852480, 0, 0, 0
87000, 620606, 0, 0, 0
87100, 929280, 0, 0, 0
87200, 1021440, 0, 0, 0
87300, 721920, 0, 0, 0
87400, 890880, 0, 0, 0
87500, 1008484, 0, 0, 0
87600, 890880, 0, 0, 0
87700, 806400, 0, 0, 0
87800, 983040, 0, 0, 0
87900, 806400, 0, 0, 0
88000, 954181, 0, 0, 0
88100, 775680, 0, 0, 0
88200, 867840, 0, 0, 0
88300, 791040, 0, 0, 0
88400, 806400, 0, 0, 0
88500, 799030, 0, 0, 0
88600, 844800, 0, 0, 0
88700, 883200, 0, 0, 0
88800, 675840, 0, 0, 0
88900, 814080, 0, 0, 0
89000, 1008484, 0, 0, 0
89100, 1021440, 0, 0, 0
89200, 860160, 0, 0, 0
89300, 798720, 0, 0, 0
89400, 898560, 0, 0, 0
89499, 985212, 0, 0, 0
89600, 768000, 0, 0, 0
89700, 714240, 0, 0, 0
89800, 898560, 0, 0, 0
89900, 913920, 0, 0, 0
89999, 1784242, 0, 0, 0
