100, 4632176, 0, 0, 0
200, 4621859, 0, 0, 0
300, 4602853, 0, 0, 0
400, 4380355, 0, 0, 0
500, 4503795, 0, 0, 0
600, 4446370, 0, 0, 0
700, 4782061, 0, 0, 0
800, 4215489, 0, 0, 0
900, 4638047, 0, 0, 0
1000, 4643846, 0, 0, 0
1100, 4523030, 0, 0, 0
1200, 4362834, 0, 0, 0
1300, 4564474, 0, 0, 0
1400, 4738291, 0, 0, 0
1500, 4401630, 0, 0, 0
1600, 4607787, 0, 0, 0
1700, 4458510, 0, 0, 0
1800, 4711820, 0, 0, 0
1900, 4343531, 0, 0, 0
2000, 4343547, 0, 0, 0
2100, 4557410, 0, 0, 0
2200, 4295827, 0, 0, 0
2300, 4570547, 0, 0, 0
2400, 4040110, 0, 0, 0
2500, 4311360, 0, 0, 0
2600, 4400943, 0, 0, 0
2701, 4558990, 0, 0, 0
2800, 4425147, 0, 0, 0
2900, 4484294, 0, 0, 0
3000, 4884947, 0, 0, 0
3100, 4475432, 0, 0, 0
3200, 4547062, 0, 0, 0
3300, 4257058, 0, 0, 0
3400, 4554721, 0, 0, 0
3500, 4747235, 0, 0, 0
3600, 4252315, 0, 0, 0
3700, 4242379, 0, 0, 0
3800, 4452554, 0, 0, 0
3900, 4295620, 0, 0, 0
4000, 4098564, 0, 0, 0
4101, 4647831, 0, 0, 0
4200, 4633036, 0, 0, 0
4300, 4420980, 0, 0, 0
4400, 4458830, 0, 0, 0
4500, 4460190, 0, 0, 0
4600, 4357275, 0, 0, 0
4700, 4266770, 0, 0, 0
4800, 4251980, 0, 0, 0
4900, 4589747, 0, 0, 0
5000, 4557430, 0, 0, 0
5100, 4054907, 0, 0, 0
5200, 4352305, 0, 0, 0
5300, 4388149, 0, 0, 0
5400, 4518077, 0, 0, 0
5500, 4345273, 0, 0, 0
5602, 4671399, 0, 0, 0
5700, 4661640, 0, 0, 0
5800, 4425688, 0, 0, 0
5900, 4448876, 0, 0, 0
6000, 4296273, 0, 0, 0
6100, 4141913, 0, 0, 0
6200, 4373729, 0, 0, 0
6300, 4324890, 0, 0, 0
6400, 4319948, 0, 0, 0
6500, 4318759, 0, 0, 0
6600, 4531580, 0, 0, 0
6701, 4668919, 0, 0, 0
6800, 4453066, 0, 0, 0
6900, 4615997, 0, 0, 0
7000, 4290689, 0, 0, 0
7100, 4568172, 0, 0, 0
7200, 4279513, 0, 0, 0
7300, 4086572, 0, 0, 0
7400, 4317898, 0, 0, 0
7500, 4361518, 0, 0, 0
7600, 4635727, 0, 0, 0
7700, 4444129, 0, 0, 0
7800, 4759741, 0, 0, 0
7900, 4443671, 0, 0, 0
8000, 4605460, 0, 0, 0
8100, 4292579, 0, 0, 0
8200, 4741794, 0, 0, 0
8300, 4292624, 0, 0, 0
8400, 4491779, 0, 0, 0
8500, 4704457, 0, 0, 0
8600, 4144590, 0, 0, 0
8700, 4285459, 0, 0, 0
8800, 4367647, 0, 0, 0
8900, 4488186, 0, 0, 0
9000, 4434875, 0, 0, 0
9100, 4423090, 0, 0, 0
9200, 4432560, 0, 0, 0
9300, 4345428, 0, 0, 0
9401, 4079676, 0, 0, 0
9500, 4536159, 0, 0, 0
9600, 4529066, 0, 0, 0
9700, 4505994, 0, 0, 0
9800, 4447093, 0, 0, 0
9900, 4298033, 0, 0, 0
10000, 4323147, 0, 0, 0
10100, 4608395, 0, 0, 0
10201, 4420537, 0, 0, 0
10300, 4619814, 0, 0, 0
10400, 4513226, 0, 0, 0
10500, 4489960, 0, 0, 0
10600, 4381257, 0, 0, 0
10700, 4178096, 0, 0, 0
10800, 4387198, 0, 0, 0
10901, 4348477, 0, 0, 0
11000, 4416031, 0, 0, 0
11100, 4315959, 0, 0, 0
11200, 4389958, 0, 0, 0
11300, 4368675, 0, 0, 0
11400, 4239833, 0, 0, 0
11500, 4553597, 0, 0, 0
11600, 4566882, 0, 0, 0
11700, 4602446, 0, 0, 0
11800, 4829899, 0, 0, 0
11900, 4958102, 0, 0, 0
12001, 4538833, 0, 0, 0
12100, 4520561, 0, 0, 0
12200, 4255301, 0, 0, 0
12300, 4512435, 0, 0, 0
12400, 4353863, 0, 0, 0
12500, 4579103, 0, 0, 0
12600, 4551271, 0, 0, 0
12700, 4464229, 0, 0, 0
12800, 4324160, 0, 0, 0
12900, 4409765, 0, 0, 0
13000, 4615472, 0, 0, 0
13100, 4475646, 0, 0, 0
13200, 4295337, 0, 0, 0
13300, 4366323, 0, 0, 0
13400, 4378987, 0, 0, 0
13500, 4597298, 0, 0, 0
13600, 4314448, 0, 0, 0
13700, 4423092, 0, 0, 0
13800, 4746685, 0, 0, 0
13900, 4528767, 0, 0, 0
14000, 4123162, 0, 0, 0
14102, 4518724, 0, 0, 0
14200, 4211097, 0, 0, 0
14300, 4590313, 0, 0, 0
14400, 4277407, 0, 0, 0
14500, 4085811, 0, 0, 0
14600, 4433113, 0, 0, 0
14700, 4460371, 0, 0, 0
14800, 4777122, 0, 0, 0
14900, 4356628, 0, 0, 0
15000, 4397373, 0, 0, 0
15100, 4281744, 0, 0, 0
15201, 4307464, 0, 0, 0
15300, 4335303, 0, 0, 0
15400, 4458162, 0, 0, 0
15500, 4478773, 0, 0, 0
15600, 4529762, 0, 0, 0
15700, 4365230, 0, 0, 0
15801, 4414560, 0, 0, 0
15900, 4388090, 0, 0, 0
16001, 4554478, 0, 0, 0
16100, 4484035, 0, 0, 0
16200, 4277018, 0, 0, 0
16300, 4441596, 0, 0, 0
16400, 4245583, 0, 0, 0
16500, 4275879, 0, 0, 0
16601, 4516358, 0, 0, 0
16700, 4157881, 0, 0, 0
16800, 4104339, 0, 0, 0
16900, 4228941, 0, 0, 0
17000, 4344731, 0, 0, 0
17100, 4463974, 0, 0, 0
17200, 3929532, 0, 0, 0
17300, 4137808, 0, 0, 0
17400, 4495107, 0, 0, 0
17500, 4382867, 0, 0, 0
17600, 4104317, 0, 0, 0
17700, 4438023, 0, 0, 0
17800, 4294067, 0, 0, 0
17900, 4251656, 0, 0, 0
18000, 4359659, 0, 0, 0
18100, 4494860, 0, 0, 0
18200, 4388732, 0, 0, 0
18301, 4490986, 0, 0, 0
18400, 4470866, 0, 0, 0
18500, 4681508, 0, 0, 0
18600, 4296303, 0, 0, 0
18700, 4235917, 0, 0, 0
18800, 4622275, 0, 0, 0
18900, 4699312, 0, 0, 0
19000, 4213506, 0, 0, 0
19100, 4462442, 0, 0, 0
19200, 4634339, 0, 0, 0
19300, 4490635, 0, 0, 0
19400, 4218434, 0, 0, 0
19500, 4531765, 0, 0, 0
19600, 4442871, 0, 0, 0
19700, 4373750, 0, 0, 0
19800, 4353697, 0, 0, 0
19900, 4114354, 0, 0, 0
20000, 4152205, 0, 0, 0
20100, 4649097, 0, 0, 0
20200, 4538705, 0, 0, 0
20300, 4371533, 0, 0, 0
20400, 4518139, 0, 0, 0
20500, 4519584, 0, 0, 0
20601, 4608047, 0, 0, 0
20700, 4226740, 0, 0, 0
20800, 4742786, 0, 0, 0
20900, 4384888, 0, 0, 0
21000, 4434333, 0, 0, 0
21100, 4319857, 0, 0, 0
21200, 4505634, 0, 0, 0
21300, 4522002, 0, 0, 0
21400, 4513818, 0, 0, 0
21500, 4751036, 0, 0, 0
21600, 4429172, 0, 0, 0
21700, 4563518, 0, 0, 0
21800, 4393632, 0, 0, 0
21900, 4838102, 0, 0, 0
22000, 4772453, 0, 0, 0
22100, 4585475, 0, 0, 0
22200, 4531607, 0, 0, 0
22300, 4565036, 0, 0, 0
22400, 4519410, 0, 0, 0
22500, 4250023, 0, 0, 0
22600, 4518214, 0, 0, 0
22700, 4417256, 0, 0, 0
22800, 4437322, 0, 0, 0
22900, 4251302, 0, 0, 0
23000, 4105341, 0, 0, 0
23100, 4637287, 0, 0, 0
23200, 4532084, 0, 0, 0
23300, 4415305, 0, 0, 0
23400, 4386433, 0, 0, 0
23500, 4664971, 0, 0, 0
23600, 4390445, 0, 0, 0
23700, 4546224, 0, 0, 0
23800, 4377617, 0, 0, 0
23900, 4600108, 0, 0, 0
24000, 4770181, 0, 0, 0
24100, 4368395, 0, 0, 0
24201, 4466326, 0, 0, 0
24300, 4190840, 0, 0, 0
24401, 4266073, 0, 0, 0
24500, 4158206, 0, 0, 0
24600, 4509406, 0, 0, 0
24700, 4418038, 0, 0, 0
24800, 4590736, 0, 0, 0
24900, 4286508, 0, 0, 0
25000, 4667842, 0, 0, 0
25100, 4379910, 0, 0, 0
25200, 4488403, 0, 0, 0
25300, 4371482, 0, 0, 0
25400, 4660676, 0, 0, 0
25500, 4456406, 0, 0, 0
25600, 4368358, 0, 0, 0
25700, 4452882, 0, 0, 0
25800, 4272791, 0, 0, 0
25901, 4470060, 0, 0, 0
26000, 4774330, 0, 0, 0
26100, 4572696, 0, 0, 0
26200, 4785177, 0, 0, 0
26300, 4581516, 0, 0, 0
26400, 4235002, 0, 0, 0
26500, 4445926, 0, 0, 0
26600, 4543837, 0, 0, 0
26700, 4492415, 0, 0, 0
26800, 4727557, 0, 0, 0
26900, 4467741, 0, 0, 0
27000, 4547839, 0, 0, 0
27101, 4434496, 0, 0, 0
27200, 4413124, 0, 0, 0
27300, 4721654, 0, 0, 0
27400, 4425641, 0, 0, 0
27500, 4509386, 0, 0, 0
27600, 4369180, 0, 0, 0
27700, 4439190, 0, 0, 0
27800, 4496104, 0, 0, 0
27900, 4367614, 0, 0, 0
28000, 4539882, 0, 0, 0
28100, 4502354, 0, 0, 0
28200, 4415935, 0, 0, 0
28300, 4339075, 0, 0, 0
28400, 4409455, 0, 0, 0
28500, 4136720, 0, 0, 0
28600, 4345725, 0, 0, 0
28700, 4513119, 0, 0, 0
28800, 4464792, 0, 0, 0
28900, 4533491, 0, 0, 0
29000, 4591219, 0, 0, 0
29100, 4472529, 0, 0, 0
29200, 4313765, 0, 0, 0
29300, 4377433, 0, 0, 0
29400, 4699029, 0, 0, 0
29500, 4521227, 0, 0, 0
29600, 4774266, 0, 0, 0
29700, 4788993, 0, 0, 0
29800, 4343184, 0, 0, 0
29900, 4498637, 0, 0, 0
30000, 4524773, 0, 0, 0
30100, 4582638, 0, 0, 0
30200, 4520045, 0, 0, 0
30300, 4672360, 0, 0, 0
30400, 4355561, 0, 0, 0
30500, 4650037, 0, 0, 0
30600, 4439379, 0, 0, 0
30701, 4441528, 0, 0, 0
30800, 4679613, 0, 0, 0
30900, 4300099, 0, 0, 0
31000, 4533141, 0, 0, 0
31100, 4534631, 0, 0, 0
31200, 4348692, 0, 0, 0
31300, 4082916, 0, 0, 0
31400, 4403523, 0, 0, 0
31500, 4612626, 0, 0, 0
31600, 4544507, 0, 0, 0
31700, 4505635, 0, 0, 0
31802, 4461044, 0, 0, 0
31900, 4405883, 0, 0, 0
32000, 4539212, 0, 0, 0
32100, 4641273, 0, 0, 0
32200, 4494848, 0, 0, 0
32300, 4232549, 0, 0, 0
32401, 4405322, 0, 0, 0
32500, 4559394, 0, 0, 0
32600, 4659530, 0, 0, 0
32700, 4225899, 0, 0, 0
32800, 4347974, 0, 0, 0
32900, 4450403, 0, 0, 0
33000, 4289874, 0, 0, 0
33100, 4597069, 0, 0, 0
33200, 4252652, 0, 0, 0
33300, 4088666, 0, 0, 0
33400, 4242131, 0, 0, 0
33500, 4343087, 0, 0, 0
33600, 4451373, 0, 0, 0
33700, 4326293, 0, 0, 0
33800, 4478197, 0, 0, 0
33900, 4517534, 0, 0, 0
34000, 4395954, 0, 0, 0
34101, 4382559, 0, 0, 0
34200, 4214879, 0, 0, 0
34300, 4395467, 0, 0, 0
34400, 4130849, 0, 0, 0
34500, 4214387, 0, 0, 0
34600, 4286623, 0, 0, 0
34700, 4525633, 0, 0, 0
34800, 4229863, 0, 0, 0
34900, 4424275, 0, 0, 0
35000, 4457311, 0, 0, 0
35100, 4276381, 0, 0, 0
35200, 4466497, 0, 0, 0
35300, 4412929, 0, 0, 0
35400, 4625680, 0, 0, 0
35500, 4242042, 0, 0, 0
35600, 4647865, 0, 0, 0
35700, 4467765, 0, 0, 0
35800, 4311210, 0, 0, 0
35900, 4201876, 0, 0, 0
36000, 4471362, 0, 0, 0
36100, 4609314, 0, 0, 0
36201, 4466611, 0, 0, 0
36300, 4508776, 0, 0, 0
36400, 4647105, 0, 0, 0
36500, 4379350, 0, 0, 0
36600, 4614030, 0, 0, 0
36701, 4571278, 0, 0, 0
36800, 4380267, 0, 0, 0
36900, 4683912, 0, 0, 0
37000, 4220370, 0, 0, 0
37100, 4498518, 0, 0, 0
37200, 4285525, 0, 0, 0
37300, 4305118, 0, 0, 0
37400, 4377561, 0, 0, 0
37500, 4407941, 0, 0, 0
37600, 4342459, 0, 0, 0
37700, 4656630, 0, 0, 0
37800, 4472580, 0, 0, 0
37900, 4452954, 0, 0, 0
38000, 4551379, 0, 0, 0
38100, 4426736, 0, 0, 0
38200, 4587619, 0, 0, 0
38300, 4373196, 0, 0, 0
38400, 4603814, 0, 0, 0
38501, 4384270, 0, 0, 0
38600, 4553761, 0, 0, 0
38700, 4478928, 0, 0, 0
38800, 4511152, 0, 0, 0
38900, 4338836, 0, 0, 0
39000, 4258628, 0, 0, 0
39100, 4563970, 0, 0, 0
39200, 4262539, 0, 0, 0
39300, 4310053, 0, 0, 0
39400, 4400238, 0, 0, 0
39500, 4438262, 0, 0, 0
39600, 3882162, 0, 0, 0
39700, 4290290, 0, 0, 0
39800, 4422287, 0, 0, 0
39900, 4605353, 0, 0, 0
40000, 4449758, 0, 0, 0
40100, 4500370, 0, 0, 0
40200, 4257257, 0, 0, 0
40300, 4200631, 0, 0, 0
40400, 4601846, 0, 0, 0
40500, 4221089, 0, 0, 0
40600, 4378076, 0, 0, 0
40700, 4701276, 0, 0, 0
40800, 4147191, 0, 0, 0
40900, 4328503, 0, 0, 0
41000, 4187392, 0, 0, 0
41100, 4417199, 0, 0, 0
41200, 4630169, 0, 0, 0
41300, 4751661, 0, 0, 0
41400, 4593964, 0, 0, 0
41500, 4288237, 0, 0, 0
41600, 4433407, 0, 0, 0
41700, 4487762, 0, 0, 0
41800, 4540594, 0, 0, 0
41900, 4616672, 0, 0, 0
42000, 4434817, 0, 0, 0
42100, 4363249, 0, 0, 0
42200, 4475944, 0, 0, 0
42300, 4222503, 0, 0, 0
42400, 3993180, 0, 0, 0
42500, 4284685, 0, 0, 0
42601, 4487932, 0, 0, 0
42700, 4599753, 0, 0, 0
42800, 4166404, 0, 0, 0
42900, 4383495, 0, 0, 0
43000, 4274674, 0, 0, 0
43100, 4669890, 0, 0, 0
43200, 4131266, 0, 0, 0
43300, 4474485, 0, 0, 0
43400, 4478996, 0, 0, 0
43500, 4395507, 0, 0, 0
43600, 4057820, 0, 0, 0
43700, 4578527, 0, 0, 0
43800, 4406606, 0, 0, 0
43901, 4404110, 0, 0, 0
44000, 4463793, 0, 0, 0
44101, 4093445, 0, 0, 0
44200, 4598198, 0, 0, 0
44300, 4204339, 0, 0, 0
44400, 4132061, 0, 0, 0
44500, 4382246, 0, 0, 0
44600, 4367834, 0, 0, 0
44700, 4426795, 0, 0, 0
44800, 4340389, 0, 0, 0
44900, 4617266, 0, 0, 0
45000, 4542803, 0, 0, 0
45100, 4675320, 0, 0, 0
45200, 4660251, 0, 0, 0
45301, 4475307, 0, 0, 0
45400, 4471855, 0, 0, 0
45500, 4334899, 0, 0, 0
45600, 4502702, 0, 0, 0
45700, 4472702, 0, 0, 0
45800, 4285281, 0, 0, 0
45900, 4500157, 0, 0, 0
46000, 4270004, 0, 0, 0
46100, 4302489, 0, 0, 0
46201, 4221813, 0, 0, 0
46300, 4485404, 0, 0, 0
46400, 4678233, 0, 0, 0
46501, 4205054, 0, 0, 0
46600, 4853980, 0, 0, 0
46700, 4625632, 0, 0, 0
46800, 4647516, 0, 0, 0
46900, 4508143, 0, 0, 0
47001, 4039972, 0, 0, 0
47100, 4465248, 0, 0, 0
47200, 4496085, 0, 0, 0
47300, 4533404, 0, 0, 0
47400, 4450306, 0, 0, 0
47500, 4496188, 0, 0, 0
47600, 4467595, 0, 0, 0
47700, 4096758, 0, 0, 0
47800, 4282733, 0, 0, 0
47900, 4600889, 0, 0, 0
48000, 4301628, 0, 0, 0
48100, 4248719, 0, 0, 0
48200, 4206295, 0, 0, 0
48300, 4380230, 0, 0, 0
48400, 4409371, 0, 0, 0
48500, 4070604, 0, 0, 0
48601, 4299754, 0, 0, 0
48700, 4429593, 0, 0, 0
48800, 4354788, 0, 0, 0
48900, 4546591, 0, 0, 0
49000, 4511961, 0, 0, 0
49100, 4284839, 0, 0, 0
49201, 4183971, 0, 0, 0
49300, 4462019, 0, 0, 0
49400, 4472264, 0, 0, 0
49501, 4552081, 0, 0, 0
49601, 4288826, 0, 0, 0
49700, 4473112, 0, 0, 0
49800, 4696657, 0, 0, 0
49900, 4242492, 0, 0, 0
50000, 4378692, 0, 0, 0
50100, 4442930, 0, 0, 0
50200, 4360416, 0, 0, 0
50300, 4245929, 0, 0, 0
50401, 4602799, 0, 0, 0
50500, 4335509, 0, 0, 0
50600, 4553560, 0, 0, 0
50700, 4446538, 0, 0, 0
50800, 4180913, 0, 0, 0
50900, 4087265, 0, 0, 0
51001, 4171401, 0, 0, 0
51100, 4360879, 0, 0, 0
51200, 4708052, 0, 0, 0
51300, 4369893, 0, 0, 0
51400, 4271573, 0, 0, 0
51500, 4382565, 0, 0, 0
51602, 4426741, 0, 0, 0
51700, 4233505, 0, 0, 0
51800, 4278095, 0, 0, 0
51901, 4390458, 0, 0, 0
52000, 4380846, 0, 0, 0
52100, 4434744, 0, 0, 0
52200, 4423593, 0, 0, 0
52300, 4385810, 0, 0, 0
52400, 4034931, 0, 0, 0
52500, 4619553, 0, 0, 0
52600, 4437834, 0, 0, 0
52700, 4325752, 0, 0, 0
52801, 4215132, 0, 0, 0
52900, 4299155, 0, 0, 0
53000, 4353143, 0, 0, 0
53100, 4625932, 0, 0, 0
53200, 4530236, 0, 0, 0
53300, 4499484, 0, 0, 0
53400, 4531845, 0, 0, 0
53500, 4458712, 0, 0, 0
53601, 4565578, 0, 0, 0
53700, 4668040, 0, 0, 0
53800, 4190954, 0, 0, 0
53900, 4542124, 0, 0, 0
54000, 4676717, 0, 0, 0
54100, 4669464, 0, 0, 0
54200, 4228641, 0, 0, 0
54301, 4295928, 0, 0, 0
54400, 4258066, 0, 0, 0
54500, 4531635, 0, 0, 0
54600, 4465366, 0, 0, 0
54700, 4643049, 0, 0, 0
54800, 4493612, 0, 0, 0
54900, 4197813, 0, 0, 0
55000, 4761598, 0, 0, 0
55100, 4452868, 0, 0, 0
55200, 4595146, 0, 0, 0
55300, 4547937, 0, 0, 0
55400, 4403787, 0, 0, 0
55500, 4273519, 0, 0, 0
55600, 4615264, 0, 0, 0
55700, 4605518, 0, 0, 0
55800, 4198458, 0, 0, 0
55900, 4540240, 0, 0, 0
56000, 4565984, 0, 0, 0
56100, 4387622, 0, 0, 0
56200, 4545109, 0, 0, 0
56300, 4161134, 0, 0, 0
56400, 4469494, 0, 0, 0
56500, 4300233, 0, 0, 0
56600, 4695661, 0, 0, 0
56700, 4306185, 0, 0, 0
56800, 4214802, 0, 0, 0
56900, 4431329, 0, 0, 0
57000, 4400334, 0, 0, 0
57100, 4700145, 0, 0, 0
57200, 4396561, 0, 0, 0
57300, 4514082, 0, 0, 0
57400, 4767232, 0, 0, 0
57500, 4209562, 0, 0, 0
57600, 4599910, 0, 0, 0
57700, 4196990, 0, 0, 0
57800, 4339326, 0, 0, 0
57900, 4390299, 0, 0, 0
58000, 4506089, 0, 0, 0
58100, 4607252, 0, 0, 0
58200, 4383528, 0, 0, 0
58300, 4405524, 0, 0, 0
58400, 4349836, 0, 0, 0
58500, 4249030, 0, 0, 0
58600, 4386400, 0, 0, 0
58700, 4349454, 0, 0, 0
58800, 4371525, 0, 0, 0
58900, 4263952, 0, 0, 0
59000, 4162471, 0, 0, 0
59100, 4359664, 0, 0, 0
59200, 4355233, 0, 0, 0
59300, 4616571, 0, 0, 0
59400, 4275901, 0, 0, 0
59500, 4342640, 0, 0, 0
59600, 4443284, 0, 0, 0
59700, 4491181, 0, 0, 0
59801, 4305554, 0, 0, 0
59900, 4453641, 0, 0, 0
60000, 4512535, 0, 0, 0
60100, 4267100, 0, 0, 0
60200, 4607370, 0, 0, 0
60300, 4216888, 0, 0, 0
60400, 4131567, 0, 0, 0
60500, 4578926, 0, 0, 0
60600, 4285580, 0, 0, 0
60700, 4268104, 0, 0, 0
60800, 4530427, 0, 0, 0
60900, 4561406, 0, 0, 0
61000, 4478254, 0, 0, 0
61100, 4272932, 0, 0, 0
61200, 4360186, 0, 0, 0
61300, 4225072, 0, 0, 0
61400, 4118077, 0, 0, 0
61500, 4631171, 0, 0, 0
61600, 4509207, 0, 0, 0
61700, 4328341, 0, 0, 0
61800, 4507349, 0, 0, 0
61900, 4507966, 0, 0, 0
62000, 4649184, 0, 0, 0
62100, 4531878, 0, 0, 0
62200, 4496324, 0, 0, 0
62300, 4283202, 0, 0, 0
62400, 4344896, 0, 0, 0
62500, 4719993, 0, 0, 0
62600, 4563257, 0, 0, 0
62700, 4388558, 0, 0, 0
62800, 4578931, 0, 0, 0
62900, 4490433, 0, 0, 0
63000, 4371033, 0, 0, 0
63100, 4293589, 0, 0, 0
63200, 4458165, 0, 0, 0
63300, 4123893, 0, 0, 0
63400, 4347991, 0, 0, 0
63500, 4286472, 0, 0, 0
63600, 4619514, 0, 0, 0
63700, 4391981, 0, 0, 0
63800, 4204191, 0, 0, 0
63900, 4560372, 0, 0, 0
64000, 4262327, 0, 0, 0
64100, 4524228, 0, 0, 0
64201, 4221901, 0, 0, 0
64300, 4446766, 0, 0, 0
64400, 4385899, 0, 0, 0
64500, 4029176, 0, 0, 0
64600, 4399762, 0, 0, 0
64700, 4585587, 0, 0, 0
64800, 4426041, 0, 0, 0
64900, 4370163, 0, 0, 0
65000, 4386738, 0, 0, 0
65100, 4532034, 0, 0, 0
65200, 4494642, 0, 0, 0
65300, 4330064, 0, 0, 0
65400, 4423902, 0, 0, 0
65501, 4611717, 0, 0, 0
65600, 4809554, 0, 0, 0
65700, 4292939, 0, 0, 0
65800, 4496584, 0, 0, 0
65900, 4313052, 0, 0, 0
66000, 4566852, 0, 0, 0
66100, 4448959, 0, 0, 0
66200, 4097917, 0, 0, 0
66300, 4595415, 0, 0, 0
66400, 4045578, 0, 0, 0
66500, 4343537, 0, 0, 0
66600, 4084428, 0, 0, 0
66700, 4396962, 0, 0, 0
66800, 4347950, 0, 0, 0
66900, 4623836, 0, 0, 0
67000, 4520119, 0, 0, 0
67100, 4422221, 0, 0, 0
67200, 4712129, 0, 0, 0
67300, 4366442, 0, 0, 0
67401, 4313380, 0, 0, 0
67500, 4543618, 0, 0, 0
67600, 4264460, 0, 0, 0
67700, 4288112, 0, 0, 0
67801, 4494848, 0, 0, 0
67900, 4618026, 0, 0, 0
68000, 4472826, 0, 0, 0
68100, 4250899, 0, 0, 0
68200, 4306567, 0, 0, 0
68300, 4014354, 0, 0, 0
68400, 4568917, 0, 0, 0
68500, 4188042, 0, 0, 0
68600, 4498483, 0, 0, 0
68700, 4474513, 0, 0, 0
68800, 4545337, 0, 0, 0
68900, 4331402, 0, 0, 0
69000, 4377906, 0, 0, 0
69101, 4248691, 0, 0, 0
69200, 4443195, 0, 0, 0
69300, 4435577, 0, 0, 0
69400, 4395424, 0, 0, 0
69500, 4437432, 0, 0, 0
69600, 4609819, 0, 0, 0
69700, 4636963, 0, 0, 0
69800, 4379541, 0, 0, 0
69900, 4541345, 0, 0, 0
70000, 4129394, 0, 0, 0
70100, 4453682, 0, 0, 0
70200, 4257311, 0, 0, 0
70300, 4197814, 0, 0, 0
70400, 4505892, 0, 0, 0
70500, 4499992, 0, 0, 0
70600, 4588730, 0, 0, 0
70700, 4771925, 0, 0, 0
70800, 4660428, 0, 0, 0
70900, 4480403, 0, 0, 0
71000, 4334591, 0, 0, 0
71100, 4314417, 0, 0, 0
71200, 4472215, 0, 0, 0
71300, 4332205, 0, 0, 0
71400, 4484805, 0, 0, 0
71500, 4835610, 0, 0, 0
71600, 4539534, 0, 0, 0
71700, 4644709, 0, 0, 0
71800, 4479229, 0, 0, 0
71900, 4360859, 0, 0, 0
72000, 4518660, 0, 0, 0
72100, 4356188, 0, 0, 0
72201, 4445976, 0, 0, 0
72300, 4452473, 0, 0, 0
72400, 4443441, 0, 0, 0
72500, 4547235, 0, 0, 0
72600, 4382891, 0, 0, 0
72701, 4481050, 0, 0, 0
72800, 4650106, 0, 0, 0
72900, 4341383, 0, 0, 0
73000, 4636030, 0, 0, 0
73100, 4298286, 0, 0, 0
73200, 4350971, 0, 0, 0
73300, 4485229, 0, 0, 0
73400, 4211038, 0, 0, 0
73500, 4434128, 0, 0, 0
73600, 4323882, 0, 0, 0
73700, 4322197, 0, 0, 0
73800, 4466600, 0, 0, 0
73900, 4268178, 0, 0, 0
74000, 4211498, 0, 0, 0
74100, 4268314, 0, 0, 0
74200, 4168588, 0, 0, 0
74300, 4289797, 0, 0, 0
74400, 4513199, 0, 0, 0
74500, 4427464, 0, 0, 0
74600, 4199154, 0, 0, 0
74701, 4183780, 0, 0, 0
74800, 4221207, 0, 0, 0
74900, 4551506, 0, 0, 0
75001, 4687420, 0, 0, 0
75100, 4438348, 0, 0, 0
75200, 4549892, 0, 0, 0
75300, 4242907, 0, 0, 0
75400, 4394764, 0, 0, 0
75500, 4778264, 0, 0, 0
75600, 4544375, 0, 0, 0
75700, 4363729, 0, 0, 0
75801, 4358234, 0, 0, 0
75900, 4510802, 0, 0, 0
76000, 4592973, 0, 0, 0
76100, 4707641, 0, 0, 0
76200, 4340535, 0, 0, 0
76300, 4179474, 0, 0, 0
76400, 4469195, 0, 0, 0
76500, 4236509, 0, 0, 0
76600, 4323451, 0, 0, 0
76700, 4532197, 0, 0, 0
76800, 4539469, 0, 0, 0
76900, 4469109, 0, 0, 0
77000, 4566079, 0, 0, 0
77100, 4585113, 0, 0, 0
77200, 4109628, 0, 0, 0
77300, 4525209, 0, 0, 0
77400, 4528617, 0, 0, 0
77500, 4608424, 0, 0, 0
77600, 4396239, 0, 0, 0
77700, 4335796, 0, 0, 0
77800, 4441171, 0, 0, 0
77900, 4028362, 0, 0, 0
78000, 4501899, 0, 0, 0
78101, 4526727, 0, 0, 0
78201, 4592654, 0, 0, 0
78300, 4173735, 0, 0, 0
78400, 4453038, 0, 0, 0
78500, 4513246, 0, 0, 0
78600, 4431207, 0, 0, 0
78700, 4479935, 0, 0, 0
78800, 4453229, 0, 0, 0
78900, 4459755, 0, 0, 0
79000, 4314740, 0, 0, 0
79100, 4489319, 0, 0, 0
79200, 4173630, 0, 0, 0
79300, 4321705, 0, 0, 0
79400, 4567068, 0, 0, 0
79500, 4267163, 0, 0, 0
79600, 4269867, 0, 0, 0
79700, 4230672, 0, 0, 0
79800, 4322492, 0, 0, 0
79900, 4427352, 0, 0, 0
80000, 4451561, 0, 0, 0
80100, 4526256, 0, 0, 0
80200, 4335810, 0, 0, 0
80300, 4154458, 0, 0, 0
80400, 4655913, 0, 0, 0
80500, 4349396, 0, 0, 0
80601, 4307878, 0, 0, 0
80701, 4749063, 0, 0, 0
80800, 4356978, 0, 0, 0
80900, 4284963, 0, 0, 0
81000, 4394101, 0, 0, 0
81100, 4434595, 0, 0, 0
81200, 4407053, 0, 0, 0
81300, 4133450, 0, 0, 0
81400, 4653850, 0, 0, 0
81500, 4541066, 0, 0, 0
81600, 4341702, 0, 0, 0
81700, 4439998, 0, 0, 0
81800, 4231312, 0, 0, 0
81901, 4365635, 0, 0, 0
82000, 4375097, 0, 0, 0
82100, 4292093, 0, 0, 0
82200, 4161565, 0, 0, 0
82301, 4455392, 0, 0, 0
82401, 4636934, 0, 0, 0
82500, 4376726, 0, 0, 0
82600, 4346397, 0, 0, 0
82700, 4466241, 0, 0, 0
82800, 4311243, 0, 0, 0
82900, 4428586, 0, 0, 0
83000, 4496680, 0, 0, 0
83100, 4519081, 0, 0, 0
83200, 4221874, 0, 0, 0
83301, 4550555, 0, 0, 0
83400, 4253606, 0, 0, 0
83500, 4649465, 0, 0, 0
83600, 4136299, 0, 0, 0
83700, 4641202, 0, 0, 0
83800, 4540541, 0, 0, 0
83900, 4551632, 0, 0, 0
84000, 4587089, 0, 0, 0
84100, 4171961, 0, 0, 0
84200, 4571080, 0, 0, 0
84300, 4351371, 0, 0, 0
84400, 4341838, 0, 0, 0
84501, 4314044, 0, 0, 0
84600, 4563824, 0, 0, 0
84700, 4236487, 0, 0, 0
84800, 4352764, 0, 0, 0
84900, 4433209, 0, 0, 0
85000, 4562756, 0, 0, 0
85100, 4377242, 0, 0, 0
85201, 4429040, 0, 0, 0
85300, 4438002, 0, 0, 0
85400, 4560022, 0, 0, 0
85500, 4510899, 0, 0, 0
85600, 4532735, 0, 0, 0
85700, 4558851, 0, 0, 0
85800, 4298947, 0, 0, 0
85900, 4535169, 0, 0, 0
86000, 4570865, 0, 0, 0
86100, 4529897, 0, 0, 0
86200, 4195437, 0, 0, 0
86300, 4279410, 0, 0, 0
86400, 4603968, 0, 0, 0
86500, 4327204, 0, 0, 0
86600, 4379270, 0, 0, 0
86700, 4582472, 0, 0, 0
86800, 4369853, 0, 0, 0
86900, 4477176, 0, 0, 0
87001, 4220821, 0, 0, 0
87100, 4567580, 0, 0, 0
87200, 4629044, 0, 0, 0
87300, 4205253, 0, 0, 0
87400, 4489870, 0, 0, 0
87501, 4394586, 0, 0, 0
87600, 4618275, 0, 0, 0
87700, 4806526, 0, 0, 0
87800, 4477008, 0, 0, 0
87900, 4318637, 0, 0, 0
88000, 4386302, 0, 0, 0
88100, 4272405, 0, 0, 0
88200, 4518816, 0, 0, 0
88300, 4440143, 0, 0, 0
88400, 4129402, 0, 0, 0
88500, 4301848, 0, 0, 0
88600, 4586373, 0, 0, 0
88700, 4393695, 0, 0, 0
88800, 4544996, 0, 0, 0
88900, 4592104, 0, 0, 0
89000, 4541680, 0, 0, 0
89100, 4452207, 0, 0, 0
89200, 4332555, 0, 0, 0
89300, 4399252, 0, 0, 0
89400, 4489810, 0, 0, 0
89500, 4155531, 0, 0, 0
89600, 4575723, 0, 0, 0
89700, 4364485, 0, 0, 0
89800, 4584054, 0, 0, 0
89901, 4409463, 0, 0, 0
90000, 4116652, 0, 0, 0
90003, 6578473, 0, 0, 0
