250, 2160, 0, 0, 0
350, 3980, 0, 0, 0
450, 2370, 0, 0, 0
550, 4250, 0, 0, 0
650, 3280, 0, 0, 0
749, 3797, 0, 0, 0
849, 4010, 0, 0, 0
949, 1760, 0, 0, 0
1049, 3010, 0, 0, 0
1149, 2850, 0, 0, 0
1250, 3670, 0, 0, 0
1350, 3370, 0, 0, 0
1450, 4420, 0, 0, 0
1550, 4230, 0, 0, 0
1650, 3560, 0, 0, 0
1749, 1656, 0, 0, 0
1849, 4210, 0, 0, 0
1949, 4450, 0, 0, 0
2049, 4060, 0, 0, 0
2149, 3880, 0, 0, 0
2249, 3630, 0, 0, 0
2350, 3450, 0, 0, 0
2450, 3200, 0, 0, 0
2550, 2000, 0, 0, 0
2650, 3660, 0, 0, 0
2749, 3181, 0, 0, 0
2849, 3790, 0, 0, 0
2949, 2960, 0, 0, 0
3049, 2560, 0, 0, 0
3149, 3290, 0, 0, 0
3249, 4190, 0, 0, 0
3349, 3320, 0, 0, 0
3449, 3390, 0, 0, 0
3550, 2940, 0, 0, 0
3650, 2710, 0, 0, 0
3749, 3222, 0, 0, 0
3849, 3970, 0, 0, 0
3949, 4340, 0, 0, 0
4049, 4560, 0, 0, 0
4149, 2890, 0, 0, 0
4249, 2850, 0, 0, 0
4349, 3980, 0, 0, 0
4449, 3140, 0, 0, 0
4550, 2320, 0, 0, 0
4650, 3380, 0, 0, 0
4749, 3767, 0, 0, 0
4849, 3370, 0, 0, 0
4949, 3750, 0, 0, 0
5049, 3850, 0, 0, 0
5149, 2980, 0, 0, 0
5249, 2180, 0, 0, 0
5349, 2880, 0, 0, 0
5449, 3730, 0, 0, 0
5549, 3110, 0, 0, 0
5649, 3690, 0, 0, 0
5750, 3450, 0, 0, 0
5850, 3400, 0, 0, 0
5950, 2840, 0, 0, 0
6050, 3070, 0, 0, 0
6150, 2470, 0, 0, 0
6249, 3464, 0, 0, 0
6349, 2940, 0, 0, 0
6449, 3250, 0, 0, 0
6549, 2500, 0, 0, 0
6649, 3080, 0, 0, 0
6749, 4390, 0, 0, 0
6849, 2280, 0, 0, 0
6950, 2730, 0, 0, 0
7050, 2120, 0, 0, 0
7150, 1990, 0, 0, 0
7249, 3030, 0, 0, 0
7349, 2940, 0, 0, 0
7449, 2850, 0, 0, 0
7549, 2140, 0, 0, 0
7649, 4400, 0, 0, 0
7749, 2820, 0, 0, 0
7849, 3150, 0, 0, 0
7949, 2330, 0, 0, 0
8050, 4100, 0, 0, 0
8150, 3020, 0, 0, 0
8249, 1777, 0, 0, 0
8349, 2270, 0, 0, 0
8449, 3670, 0, 0, 0
8549, 2670, 0, 0, 0
8649, 2640, 0, 0, 0
8749, 2280, 0, 0, 0
8849, 3550, 0, 0, 0
8949, 3120, 0, 0, 0
9049, 3390, 0, 0, 0
9149, 3880, 0, 0, 0
9250, 4030, 0, 0, 0
9350, 3880, 0, 0, 0
9450, 4140, 0, 0, 0
9550, 2620, 0, 0, 0
9650, 2540, 0, 0, 0
9749, 2767, 0, 0, 0
9849, 3150, 0, 0, 0
9949, 2210, 0, 0, 0
10049, 3920, 0, 0, 0
10149, 2550, 0, 0, 0
10249, 3300, 0, 0, 0
10350, 3330, 0, 0, 0
10450, 3600, 0, 0, 0
10550, 3960, 0, 0, 0
10650, 3400, 0, 0, 0
10749, 3404, 0, 0, 0
10849, 3390, 0, 0, 0
10949, 3190, 0, 0, 0
11049, 3900, 0, 0, 0
11149, 3500, 0, 0, 0
11249, 2870, 0, 0, 0
11349, 3700, 0, 0, 0
11450, 4730, 0, 0, 0
11550, 4630, 0, 0, 0
11650, 2320, 0, 0, 0
11749, 3525, 0, 0, 0
11849, 3410, 0, 0, 0
11949, 2890, 0, 0, 0
12049, 2540, 0, 0, 0
12149, 3860, 0, 0, 0
12249, 4130, 0, 0, 0
12349, 1960, 0, 0, 0
12449, 3410, 0, 0, 0
12550, 3150, 0, 0, 0
12650, 3890, 0, 0, 0
12749, 2646, 0, 0, 0
12849, 3790, 0, 0, 0
12949, 2370, 0, 0, 0
13049, 2480, 0, 0, 0
13149, 2990, 0, 0, 0
13249, 2720, 0, 0, 0
13349, 3050, 0, 0, 0
13449, 3000, 0, 0, 0
13550, 3610, 0, 0, 0
13650, 1700, 0, 0, 0
13749, 2474, 0, 0, 0
13849, 3580, 0, 0, 0
13949, 3090, 0, 0, 0
14049, 4020, 0, 0, 0
14149, 2530, 0, 0, 0
14249, 3500, 0, 0, 0
14349, 3670, 0, 0, 0
14449, 2360, 0, 0, 0
14549, 2080, 0, 0, 0
14649, 3040, 0, 0, 0
14750, 3980, 0, 0, 0
14850, 3490, 0, 0, 0
14950, 2200, 0, 0, 0
15050, 2540, 0, 0, 0
15150, 2980, 0, 0, 0
15249, 4080, 0, 0, 0
15349, 4210, 0, 0, 0
15449, 1240, 0, 0, 0
15549, 3810, 0, 0, 0
15649, 2590, 0, 0, 0
15750, 2380, 0, 0, 0
15850, 3050, 0, 0, 0
15950, 3220, 0, 0, 0
16050, 3160, 0, 0, 0
16150, 2060, 0, 0, 0
16249, 2060, 0, 0, 0
16349, 3780, 0, 0, 0
16449, 4630, 0, 0, 0
16549, 3650, 0, 0, 0
16649, 2960, 0, 0, 0
16749, 3270, 0, 0, 0
16850, 2230, 0, 0, 0
16950, 2610, 0, 0, 0
17050, 3310, 0, 0, 0
17150, 2950, 0, 0, 0
17249, 3525, 0, 0, 0
17349, 4060, 0, 0, 0
17449, 3980, 0, 0, 0
17549, 3680, 0, 0, 0
17649, 1340, 0, 0, 0
17749, 4180, 0, 0, 0
17849, 3770, 0, 0, 0
17950, 1590, 0, 0, 0
18050, 2810, 0, 0, 0
18150, 3010, 0, 0, 0
18249, 2323, 0, 0, 0
18349, 1940, 0, 0, 0
18449, 3470, 0, 0, 0
18549, 3270, 0, 0, 0
18649, 4270, 0, 0, 0
18749, 3030, 0, 0, 0
18849, 3200, 0, 0, 0
18949, 3810, 0, 0, 0
19050, 3500, 0, 0, 0
19150, 4390, 0, 0, 0
19249, 2373, 0, 0, 0
19349, 2180, 0, 0, 0
19449, 3900, 0, 0, 0
19549, 3870, 0, 0, 0
19649, 2840, 0, 0, 0
19749, 3720, 0, 0, 0
19849, 3520, 0, 0, 0
19949, 3140, 0, 0, 0
20050, 3890, 0, 0, 0
20150, 3780, 0, 0, 0
20249, 3575, 0, 0, 0
20349, 3310, 0, 0, 0
20449, 2340, 0, 0, 0
20549, 1920, 0, 0, 0
20649, 1640, 0, 0, 0
20749, 2050, 0, 0, 0
20849, 3870, 0, 0, 0
20949, 2870, 0, 0, 0
21050, 4100, 0, 0, 0
21150, 4870, 0, 0, 0
21249, 3545, 0, 0, 0
21349, 4130, 0, 0, 0
21449, 2030, 0, 0, 0
21549, 3350, 0, 0, 0
21649, 3060, 0, 0, 0
21749, 2930, 0, 0, 0
21849, 3210, 0, 0, 0
21949, 2480, 0, 0, 0
22050, 4200, 0, 0, 0
22150, 3590, 0, 0, 0
22249, 3272, 0, 0, 0
22349, 3440, 0, 0, 0
22449, 3150, 0, 0, 0
22549, 2690, 0, 0, 0
22649, 4310, 0, 0, 0
22749, 3060, 0, 0, 0
22849, 3570, 0, 0, 0
22949, 4340, 0, 0, 0
23049, 3220, 0, 0, 0
23149, 4010, 0, 0, 0
23250, 2570, 0, 0, 0
23350, 3180, 0, 0, 0
23450, 3100, 0, 0, 0
23550, 3270, 0, 0, 0
23650, 3060, 0, 0, 0
23749, 2939, 0, 0, 0
23849, 3110, 0, 0, 0
23949, 3680, 0, 0, 0
24049, 3840, 0, 0, 0
24149, 3570, 0, 0, 0
24250, 4140, 0, 0, 0
24350, 2740, 0, 0, 0
24450, 2780, 0, 0, 0
24550, 2970, 0, 0, 0
24650, 3430, 0, 0, 0
24749, 2545, 0, 0, 0
24849, 3120, 0, 0, 0
24949, 3330, 0, 0, 0
25049, 3430, 0, 0, 0
25149, 2450, 0, 0, 0
25249, 3320, 0, 0, 0
25350, 3160, 0, 0, 0
25450, 2990, 0, 0, 0
25550, 2510, 0, 0, 0
25650, 3340, 0, 0, 0
25749, 2959, 0, 0, 0
25849, 2470, 0, 0, 0
25949, 2920, 0, 0, 0
26049, 2060, 0, 0, 0
26149, 2810, 0, 0, 0
26249, 2700, 0, 0, 0
26349, 3760, 0, 0, 0
26449, 4500, 0, 0, 0
26550, 2120, 0, 0, 0
26650, 3440, 0, 0, 0
26749, 2767, 0, 0, 0
26849, 3290, 0, 0, 0
26949, 2910, 0, 0, 0
27049, 4180, 0, 0, 0
27149, 2760, 0, 0, 0
27249, 2700, 0, 0, 0
27349, 3200, 0, 0, 0
27449, 4180, 0, 0, 0
27550, 3760, 0, 0, 0
27650, 1640, 0, 0, 0
27749, 2323, 0, 0, 0
27849, 3250, 0, 0, 0
27949, 3610, 0, 0, 0
28049, 3390, 0, 0, 0
28149, 3520, 0, 0, 0
28249, 3000, 0, 0, 0
28349, 3380, 0, 0, 0
28449, 2380, 0, 0, 0
28549, 2940, 0, 0, 0
28650, 2770, 0, 0, 0
28750, 3170, 0, 0, 0
28850, 2430, 0, 0, 0
28950, 2440, 0, 0, 0
29050, 2920, 0, 0, 0
29150, 3760, 0, 0, 0
29249, 3959, 0, 0, 0
29349, 3430, 0, 0, 0
29449, 3510, 0, 0, 0
29549, 3750, 0, 0, 0
29649, 2090, 0, 0, 0
29750, 2150, 0, 0, 0
29850, 3090, 0, 0, 0
29950, 4560, 0, 0, 0
30050, 3520, 0, 0, 0
30150, 3050, 0, 0, 0
30249, 3646, 0, 0, 0
30349, 3140, 0, 0, 0
30449, 2540, 0, 0, 0
30549, 4650, 0, 0, 0
30649, 3680, 0, 0, 0
30750, 2910, 0, 0, 0
30850, 3840, 0, 0, 0
30950, 4070, 0, 0, 0
31050, 2480, 0, 0, 0
31150, 3630, 0, 0, 0
31249, 4070, 0, 0, 0
31349, 3230, 0, 0, 0
31449, 3920, 0, 0, 0
31549, 4290, 0, 0, 0
31649, 3420, 0, 0, 0
31750, 2870, 0, 0, 0
31850, 3330, 0, 0, 0
31950, 2820, 0, 0, 0
32050, 1830, 0, 0, 0
32150, 3910, 0, 0, 0
32249, 3454, 0, 0, 0
32349, 3530, 0, 0, 0
32449, 2300, 0, 0, 0
32549, 2550, 0, 0, 0
32649, 2030, 0, 0, 0
32749, 2760, 0, 0, 0
32850, 3740, 0, 0, 0
32950, 2100, 0, 0, 0
33050, 2270, 0, 0, 0
33150, 2780, 0, 0, 0
33249, 2575, 0, 0, 0
33349, 4100, 0, 0, 0
33449, 3310, 0, 0, 0
33549, 3620, 0, 0, 0
33649, 3520, 0, 0, 0
33749, 3860, 0, 0, 0
33849, 3230, 0, 0, 0
33949, 3130, 0, 0, 0
34050, 3110, 0, 0, 0
34150, 4180, 0, 0, 0
34249, 4303, 0, 0, 0
34349, 3430, 0, 0, 0
34449, 2410, 0, 0, 0
34549, 3020, 0, 0, 0
34649, 3390, 0, 0, 0
34749, 2600, 0, 0, 0
34849, 2760, 0, 0, 0
34949, 3400, 0, 0, 0
35050, 3830, 0, 0, 0
35150, 2690, 0, 0, 0
35249, 2191, 0, 0, 0
35349, 4090, 0, 0, 0
35449, 2680, 0, 0, 0
35549, 2500, 0, 0, 0
35649, 2140, 0, 0, 0
35749, 3440, 0, 0, 0
35849, 2920, 0, 0, 0
35949, 4090, 0, 0, 0
36049, 2190, 0, 0, 0
36149, 2610, 0, 0, 0
36250, 2630, 0, 0, 0
36350, 3930, 0, 0, 0
36450, 3050, 0, 0, 0
36550, 3400, 0, 0, 0
36650, 3460, 0, 0, 0
36749, 3484, 0, 0, 0
36849, 3030, 0, 0, 0
36949, 3510, 0, 0, 0
37049, 3350, 0, 0, 0
37149, 3090, 0, 0, 0
37250, 4060, 0, 0, 0
37350, 2280, 0, 0, 0
37450, 1980, 0, 0, 0
37550, 4060, 0, 0, 0
37650, 3420, 0, 0, 0
37749, 2414, 0, 0, 0
37849, 2540, 0, 0, 0
37949, 2570, 0, 0, 0
38049, 3860, 0, 0, 0
38149, 2370, 0, 0, 0
38249, 2420, 0, 0, 0
38349, 3930, 0, 0, 0
38450, 1720, 0, 0, 0
38550, 3180, 0, 0, 0
38650, 3780, 0, 0, 0
38749, 3676, 0, 0, 0
38849, 3860, 0, 0, 0
38949, 3710, 0, 0, 0
39049, 2960, 0, 0, 0
39149, 3430, 0, 0, 0
39249, 2640, 0, 0, 0
39349, 3510, 0, 0, 0
39449, 3090, 0, 0, 0
39550, 3700, 0, 0, 0
39650, 2780, 0, 0, 0
39749, 3848, 0, 0, 0
39849, 3930, 0, 0, 0
39949, 3220, 0, 0, 0
40049, 3130, 0, 0, 0
40149, 2120, 0, 0, 0
40249, 2880, 0, 0, 0
40349, 3680, 0, 0, 0
40449, 3860, 0, 0, 0
40549, 1950, 0, 0, 0
40649, 1680, 0, 0, 0
40750, 3820, 0, 0, 0
40850, 3460, 0, 0, 0
40950, 3180, 0, 0, 0
41050, 3370, 0, 0, 0
41150, 3430, 0, 0, 0
41249, 3747, 0, 0, 0
41349, 2930, 0, 0, 0
41449, 3530, 0, 0, 0
41549, 3370, 0, 0, 0
41649, 3290, 0, 0, 0
41750, 3650, 0, 0, 0
41850, 3650, 0, 0, 0
41950, 2670, 0, 0, 0
42050, 3130, 0, 0, 0
42150, 3160, 0, 0, 0
42249, 2595, 0, 0, 0
42349, 3740, 0, 0, 0
42449, 2700, 0, 0, 0
42549, 2320, 0, 0, 0
42649, 3460, 0, 0, 0
42749, 2640, 0, 0, 0
42850, 4770, 0, 0, 0
42950, 1560, 0, 0, 0
43050, 3670, 0, 0, 0
43150, 3540, 0, 0, 0
43249, 3949, 0, 0, 0
43349, 3820, 0, 0, 0
43449, 4510, 0, 0, 0
43549, 2980, 0, 0, 0
43649, 1230, 0, 0, 0
43749, 3520, 0, 0, 0
43849, 1010, 0, 0, 0
43949, 2770, 0, 0, 0
44050, 1990, 0, 0, 0
44150, 2820, 0, 0, 0
44249, 3232, 0, 0, 0
44349, 3230, 0, 0, 0
44449, 3680, 0, 0, 0
44549, 2940, 0, 0, 0
44649, 2410, 0, 0, 0
44749, 3260, 0, 0, 0
44849, 1560, 0, 0, 0
44949, 2380, 0, 0, 0
45050, 3080, 0, 0, 0
45150, 3160, 0, 0, 0
45249, 3848, 0, 0, 0
45349, 3320, 0, 0, 0
45449, 1870, 0, 0, 0
45549, 3020, 0, 0, 0
45649, 2370, 0, 0, 0
45749, 2110, 0, 0, 0
45849, 2450, 0, 0, 0
45949, 3530, 0, 0, 0
46049, 4180, 0, 0, 0
46150, 3340, 0, 0, 0
46249, 3888, 0, 0, 0
46349, 3530, 0, 0, 0
46449, 2430, 0, 0, 0
46549, 2130, 0, 0, 0
46649, 2720, 0, 0, 0
46749, 3780, 0, 0, 0
46849, 3350, 0, 0, 0
46949, 3120, 0, 0, 0
47049, 3240, 0, 0, 0
47149, 3410, 0, 0, 0
47250, 2560, 0, 0, 0
47350, 3320, 0, 0, 0
47450, 4310, 0, 0, 0
47550, 2680, 0, 0, 0
47650, 3180, 0, 0, 0
47749, 3282, 0, 0, 0
47849, 3250, 0, 0, 0
47949, 3850, 0, 0, 0
48049, 3150, 0, 0, 0
48149, 3820, 0, 0, 0
48250, 3050, 0, 0, 0
48350, 2610, 0, 0, 0
48450, 2570, 0, 0, 0
48550, 3210, 0, 0, 0
48650, 3820, 0, 0, 0
48749, 2414, 0, 0, 0
48849, 3830, 0, 0, 0
48949, 3640, 0, 0, 0
49049, 3780, 0, 0, 0
49149, 1830, 0, 0, 0
49250, 4630, 0, 0, 0
49350, 4540, 0, 0, 0
49450, 3480, 0, 0, 0
49550, 3840, 0, 0, 0
49650, 4380, 0, 0, 0
49749, 3151, 0, 0, 0
49849, 3050, 0, 0, 0
49949, 4090, 0, 0, 0
50049, 3190, 0, 0, 0
50149, 3720, 0, 0, 0
50249, 3120, 0, 0, 0
50349, 3790, 0, 0, 0
50450, 3320, 0, 0, 0
50550, 3150, 0, 0, 0
50650, 3000, 0, 0, 0
50749, 2898, 0, 0, 0
50849, 3100, 0, 0, 0
50949, 3520, 0, 0, 0
51049, 2600, 0, 0, 0
51149, 3880, 0, 0, 0
51249, 3320, 0, 0, 0
51349, 2260, 0, 0, 0
51449, 2970, 0, 0, 0
51550, 2690, 0, 0, 0
51650, 3080, 0, 0, 0
51749, 3080, 0, 0, 0
51849, 4620, 0, 0, 0
51949, 3340, 0, 0, 0
52049, 2990, 0, 0, 0
52149, 3310, 0, 0, 0
52249, 4340, 0, 0, 0
52349, 3200, 0, 0, 0
52449, 4030, 0, 0, 0
52550, 3660, 0, 0, 0
52650, 2900, 0, 0, 0
52749, 4050, 0, 0, 0
52849, 4110, 0, 0, 0
52949, 4060, 0, 0, 0
53049, 2710, 0, 0, 0
53149, 2730, 0, 0, 0
53249, 2590, 0, 0, 0
53349, 4090, 0, 0, 0
53449, 3870, 0, 0, 0
53550, 3630, 0, 0, 0
53650, 3380, 0, 0, 0
53749, 3646, 0, 0, 0
53849, 4180, 0, 0, 0
53949, 3730, 0, 0, 0
54049, 3850, 0, 0, 0
54149, 2920, 0, 0, 0
54249, 2620, 0, 0, 0
54349, 2380, 0, 0, 0
54449, 2930, 0, 0, 0
54549, 1980, 0, 0, 0
54650, 3690, 0, 0, 0
54749, 3606, 0, 0, 0
54849, 2900, 0, 0, 0
54949, 2880, 0, 0, 0
55049, 3370, 0, 0, 0
55149, 4020, 0, 0, 0
55249, 3520, 0, 0, 0
55349, 3100, 0, 0, 0
55449, 3410, 0, 0, 0
55549, 3180, 0, 0, 0
55649, 2810, 0, 0, 0
55750, 3150, 0, 0, 0
55850, 3410, 0, 0, 0
55950, 3710, 0, 0, 0
56050, 3220, 0, 0, 0
56150, 3180, 0, 0, 0
56249, 2838, 0, 0, 0
56349, 3860, 0, 0, 0
56449, 2930, 0, 0, 0
56549, 3470, 0, 0, 0
56649, 2940, 0, 0, 0
56749, 3280, 0, 0, 0
56850, 3760, 0, 0, 0
56950, 2220, 0, 0, 0
57050, 2970, 0, 0, 0
57150, 4550, 0, 0, 0
57249, 4050, 0, 0, 0
57349, 3410, 0, 0, 0
57449, 2150, 0, 0, 0
57549, 3300, 0, 0, 0
57649, 3890, 0, 0, 0
57749, 3560, 0, 0, 0
57849, 4230, 0, 0, 0
57949, 2660, 0, 0, 0
58050, 3450, 0, 0, 0
58150, 3490, 0, 0, 0
58249, 1545, 0, 0, 0
58349, 3510, 0, 0, 0
58449, 2700, 0, 0, 0
58549, 4170, 0, 0, 0
58649, 3980, 0, 0, 0
58749, 2560, 0, 0, 0
58849, 1360, 0, 0, 0
58949, 1690, 0, 0, 0
59050, 3360, 0, 0, 0
59150, 3750, 0, 0, 0
59249, 3848, 0, 0, 0
59349, 2910, 0, 0, 0
59449, 3330, 0, 0, 0
59549, 2900, 0, 0, 0
59649, 2550, 0, 0, 0
59749, 3330, 0, 0, 0
59849, 3370, 0, 0, 0
59949, 4060, 0, 0, 0
60049, 3130, 0, 0, 0
60150, 3540, 0, 0, 0
60250, 3030, 0, 0, 0
60350, 4150, 0, 0, 0
60450, 2900, 0, 0, 0
60550, 3830, 0, 0, 0
60650, 2230, 0, 0, 0
60749, 3666, 0, 0, 0
60849, 1470, 0, 0, 0
60949, 3520, 0, 0, 0
61049, 2510, 0, 0, 0
61149, 2570, 0, 0, 0
61250, 4030, 0, 0, 0
61350, 2840, 0, 0, 0
61450, 3820, 0, 0, 0
61550, 4740, 0, 0, 0
61650, 3880, 0, 0, 0
61749, 4050, 0, 0, 0
61849, 2660, 0, 0, 0
61949, 4310, 0, 0, 0
62049, 3230, 0, 0, 0
62149, 3190, 0, 0, 0
62250, 3640, 0, 0, 0
62350, 2890, 0, 0, 0
62450, 3150, 0, 0, 0
62550, 3040, 0, 0, 0
62650, 3270, 0, 0, 0
62749, 4080, 0, 0, 0
62849, 2160, 0, 0, 0
62949, 1820, 0, 0, 0
63049, 4280, 0, 0, 0
63149, 3030, 0, 0, 0
63250, 3710, 0, 0, 0
63350, 2880, 0, 0, 0
63450, 4010, 0, 0, 0
63550, 3080, 0, 0, 0
63650, 3580, 0, 0, 0
63749, 2161, 0, 0, 0
63849, 3340, 0, 0, 0
63949, 2120, 0, 0, 0
64049, 3560, 0, 0, 0
64149, 3740, 0, 0, 0
64250, 3970, 0, 0, 0
64350, 2960, 0, 0, 0
64450, 2980, 0, 0, 0
64550, 3540, 0, 0, 0
64650, 4000, 0, 0, 0
64749, 2545, 0, 0, 0
64849, 2670, 0, 0, 0
64949, 3130, 0, 0, 0
65049, 3350, 0, 0, 0
65149, 2780, 0, 0, 0
65249, 2680, 0, 0, 0
65349, 3070, 0, 0, 0
65449, 2930, 0, 0, 0
65550, 3430, 0, 0, 0
65650, 3960, 0, 0, 0
65749, 3505, 0, 0, 0
65849, 3450, 0, 0, 0
65949, 2620, 0, 0, 0
66049, 3720, 0, 0, 0
66149, 2700, 0, 0, 0
66249, 3650, 0, 0, 0
66349, 3800, 0, 0, 0
66449, 1960, 0, 0, 0
66550, 3100, 0, 0, 0
66650, 2730, 0, 0, 0
66749, 4393, 0, 0, 0
66849, 2280, 0, 0, 0
66949, 1910, 0, 0, 0
67049, 3760, 0, 0, 0
67149, 3610, 0, 0, 0
67249, 3420, 0, 0, 0
67349, 3670, 0, 0, 0
67449, 3720, 0, 0, 0
67550, 3000, 0, 0, 0
67650, 2880, 0, 0, 0
67749, 2333, 0, 0, 0
67849, 3270, 0, 0, 0
67949, 3050, 0, 0, 0
68049, 3440, 0, 0, 0
68149, 2940, 0, 0, 0
68249, 3550, 0, 0, 0
68349, 3270, 0, 0, 0
68449, 2440, 0, 0, 0
68550, 3530, 0, 0, 0
68650, 2610, 0, 0, 0
68749, 3050, 0, 0, 0
68849, 1180, 0, 0, 0
68949, 3100, 0, 0, 0
69049, 2910, 0, 0, 0
69149, 1930, 0, 0, 0
69249, 2920, 0, 0, 0
69349, 3420, 0, 0, 0
69449, 2420, 0, 0, 0
69549, 3760, 0, 0, 0
69650, 2740, 0, 0, 0
69749, 3858, 0, 0, 0
69849, 3200, 0, 0, 0
69949, 3420, 0, 0, 0
70049, 4100, 0, 0, 0
70149, 3670, 0, 0, 0
70249, 3690, 0, 0, 0
70349, 2540, 0, 0, 0
70449, 3590, 0, 0, 0
70549, 2690, 0, 0, 0
70649, 2830, 0, 0, 0
70750, 2980, 0, 0, 0
70850, 3210, 0, 0, 0
70950, 3720, 0, 0, 0
71050, 4670, 0, 0, 0
71150, 3630, 0, 0, 0
71249, 2525, 0, 0, 0
71349, 3610, 0, 0, 0
71449, 4250, 0, 0, 0
71549, 4250, 0, 0, 0
71649, 4190, 0, 0, 0
71749, 4280, 0, 0, 0
71850, 2530, 0, 0, 0
71950, 3250, 0, 0, 0
72050, 3160, 0, 0, 0
72150, 3340, 0, 0, 0
72249, 3868, 0, 0, 0
72349, 3660, 0, 0, 0
72449, 2520, 0, 0, 0
72549, 2780, 0, 0, 0
72649, 2880, 0, 0, 0
72749, 4240, 0, 0, 0
72849, 3810, 0, 0, 0
72950, 3400, 0, 0, 0
73050, 3530, 0, 0, 0
73150, 4160, 0, 0, 0
73249, 2181, 0, 0, 0
73349, 2470, 0, 0, 0
73449, 2660, 0, 0, 0
73549, 3610, 0, 0, 0
73649, 3870, 0, 0, 0
73749, 2510, 0, 0, 0
73849, 4790, 0, 0, 0
73949, 3100, 0, 0, 0
74050, 3260, 0, 0, 0
74150, 2930, 0, 0, 0
74249, 4040, 0, 0, 0
74349, 3830, 0, 0, 0
74449, 4040, 0, 0, 0
74549, 3800, 0, 0, 0
74649, 3010, 0, 0, 0
74749, 3660, 0, 0, 0
74849, 3100, 0, 0, 0
74949, 3660, 0, 0, 0
75050, 3590, 0, 0, 0
75150, 2610, 0, 0, 0
75249, 2959, 0, 0, 0
75349, 4580, 0, 0, 0
75449, 3600, 0, 0, 0
75549, 2800, 0, 0, 0
75649, 3340, 0, 0, 0
75749, 2240, 0, 0, 0
75849, 3330, 0, 0, 0
75949, 4110, 0, 0, 0
76050, 3950, 0, 0, 0
76150, 3990, 0, 0, 0
76249, 3797, 0, 0, 0
76349, 3810, 0, 0, 0
76449, 3110, 0, 0, 0
76549, 1960, 0, 0, 0
76649, 2690, 0, 0, 0
76749, 3750, 0, 0, 0
76849, 3280, 0, 0, 0
76949, 3500, 0, 0, 0
77050, 4750, 0, 0, 0
77150, 3420, 0, 0, 0
77249, 3727, 0, 0, 0
77349, 3710, 0, 0, 0
77449, 3800, 0, 0, 0
77549, 3320, 0, 0, 0
77649, 3760, 0, 0, 0
77749, 2760, 0, 0, 0
77849, 3470, 0, 0, 0
77949, 3350, 0, 0, 0
78049, 3800, 0, 0, 0
78150, 2850, 0, 0, 0
78249, 3575, 0, 0, 0
78349, 3280, 0, 0, 0
78449, 3550, 0, 0, 0
78549, 2620, 0, 0, 0
78649, 2970, 0, 0, 0
78749, 3250, 0, 0, 0
78849, 3960, 0, 0, 0
78949, 3070, 0, 0, 0
79049, 2690, 0, 0, 0
79149, 3540, 0, 0, 0
79250, 4360, 0, 0, 0
79350, 2900, 0, 0, 0
79450, 2470, 0, 0, 0
79550, 3820, 0, 0, 0
79650, 3020, 0, 0, 0
79749, 4323, 0, 0, 0
79849, 3680, 0, 0, 0
79949, 3000, 0, 0, 0
80049, 3480, 0, 0, 0
80149, 2240, 0, 0, 0
80249, 3880, 0, 0, 0
80350, 3380, 0, 0, 0
80450, 3580, 0, 0, 0
80550, 3630, 0, 0, 0
80650, 3820, 0, 0, 0
80749, 3838, 0, 0, 0
80849, 3450, 0, 0, 0
80949, 3990, 0, 0, 0
81049, 4040, 0, 0, 0
81149, 3870, 0, 0, 0
81249, 2930, 0, 0, 0
81349, 2900, 0, 0, 0
81450, 2200, 0, 0, 0
81550, 3590, 0, 0, 0
81650, 2370, 0, 0, 0
81749, 2161, 0, 0, 0
81849, 3590, 0, 0, 0
81949, 3070, 0, 0, 0
82049, 3770, 0, 0, 0
82149, 3210, 0, 0, 0
82249, 3460, 0, 0, 0
82349, 3690, 0, 0, 0
82449, 2180, 0, 0, 0
82550, 2890, 0, 0, 0
82650, 3050, 0, 0, 0
82749, 4090, 0, 0, 0
82849, 2750, 0, 0, 0
82949, 2740, 0, 0, 0
83049, 2930, 0, 0, 0
83149, 4050, 0, 0, 0
83249, 3420, 0, 0, 0
83349, 2690, 0, 0, 0
83450, 3460, 0, 0, 0
83550, 3020, 0, 0, 0
83650, 3070, 0, 0, 0
83749, 3030, 0, 0, 0
83849, 2800, 0, 0, 0
83949, 3510, 0, 0, 0
84049, 2650, 0, 0, 0
84149, 2540, 0, 0, 0
84249, 3940, 0, 0, 0
84349, 3530, 0, 0, 0
84449, 2980, 0, 0, 0
84550, 3130, 0, 0, 0
84650, 1980, 0, 0, 0
84749, 4242, 0, 0, 0
84849, 3850, 0, 0, 0
84949, 2190, 0, 0, 0
85049, 2700, 0, 0, 0
85149, 3620, 0, 0, 0
85249, 2430, 0, 0, 0
85349, 3200, 0, 0, 0
85449, 2860, 0, 0, 0
85549, 4260, 0, 0, 0
85649, 2960, 0, 0, 0
85750, 3420, 0, 0, 0
85850, 3910, 0, 0, 0
85950, 2970, 0, 0, 0
86050, 2900, 0, 0, 0
86150, 2220, 0, 0, 0
86249, 3565, 0, 0, 0
86349, 4410, 0, 0, 0
86449, 3010, 0, 0, 0
86549, 1690, 0, 0, 0
86649, 3200, 0, 0, 0
86750, 2470, 0, 0, 0
86850, 2790, 0, 0, 0
86950, 2880, 0, 0, 0
87050, 4340, 0, 0, 0
87150, 3600, 0, 0, 0
87249, 3282, 0, 0, 0
87349, 3220, 0, 0, 0
87449, 4310, 0, 0, 0
87549, 2480, 0, 0, 0
87649, 4410, 0, 0, 0
87749, 2720, 0, 0, 0
87849, 3000, 0, 0, 0
87950, 2420, 0, 0, 0
88050, 2900, 0, 0, 0
88150, 2540, 0, 0, 0
88249, 4666, 0, 0, 0
88349, 4180, 0, 0, 0
88449, 4410, 0, 0, 0
88549, 2880, 0, 0, 0
88649, 3120, 0, 0, 0
88749, 3260, 0, 0, 0
88849, 3460, 0, 0, 0
88949, 3280, 0, 0, 0
89050, 3160, 0, 0, 0
89150, 3340, 0, 0, 0
89249, 2666, 0, 0, 0
89349, 3250, 0, 0, 0
89449, 1940, 0, 0, 0
89549, 4110, 0, 0, 0
89649, 4170, 0, 0, 0
89749, 1820, 0, 0, 0
89849, 4270, 0, 0, 0
89949, 3070, 0, 0, 0
